[0.003s][info][gc] Using Parallel
[0.004s][info][gc,init] Version: 17.0.10+7-LTS (release)
[0.004s][info][gc,init] CPUs: 4 total, 4 available
[0.004s][info][gc,init] Memory: 15991M
[0.004s][info][gc,init] Large Page Support: Disabled
[0.004s][info][gc,init] NUMA Support: Disabled
[0.004s][info][gc,init] Compressed Oops: Enabled (Zero based)
[0.004s][info][gc,init] Alignments: Space 512K, Generation 512K, Heap 2M
[0.004s][info][gc,init] Heap Min Capacity: 2054M
[0.004s][info][gc,init] Heap Initial Capacity: 2054M
[0.004s][info][gc,init] Heap Max Capacity: 5G
[0.004s][info][gc,init] Pre-touch: Disabled
[0.004s][info][gc,init] Parallel Workers: 4
[0.013s][info][gc,metaspace] CDS archive(s) mapped at: [0x00007fa779000000-0x00007fa779bc6000-0x00007fa779bc6000), size 12345344, SharedBaseAddress: 0x00007fa779000000, ArchiveRelocationMode: 1.
[0.013s][info][gc,metaspace] Compressed class space mapped at: 0x00007fa77a000000-0x00007fa7ba000000, reserved size: 1073741824
[0.013s][info][gc,metaspace] Narrow klass base: 0x00007fa779000000, Narrow klass shift: 0, Narrow klass range: 0x100000000
[0.395s][info][safepoint   ] Safepoint "ICBufferFull", Time since last: 375974848 ns, Reaching safepoint: 2700 ns, Cleanup: 117902 ns, At safepoint: 2100 ns, Total: 122702 ns
[0.572s][info][safepoint   ] Safepoint "RedefineClasses", Time since last: 171142035 ns, Reaching safepoint: 3100 ns, Cleanup: 113701 ns, At safepoint: 5742982 ns, Total: 5859783 ns
[0.727s][info][safepoint   ] Safepoint "JFRCheckpoint", Time since last: 154663700 ns, Reaching safepoint: 3400 ns, Cleanup: 144602 ns, At safepoint: 8500 ns, Total: 156502 ns
[1.247s][info][safepoint   ] Safepoint "ICBufferFull", Time since last: 519816195 ns, Reaching safepoint: 2500 ns, Cleanup: 236703 ns, At safepoint: 6000 ns, Total: 245203 ns
[1.659s][info][safepoint   ] Safepoint "ICBufferFull", Time since last: 411751457 ns, Reaching safepoint: 79801 ns, Cleanup: 148302 ns, At safepoint: 9800 ns, Total: 237903 ns
[1.945s][info][gc,start    ] GC(0) Pause Young (Metadata GC Threshold)
[1.969s][debug][gc,phases   ] GC(0) Scavenge 23.433ms
[1.969s][debug][gc,ref      ] GC(0) Skipped phase 1 of Reference Processing: no references
[1.969s][debug][gc,ref      ] GC(0) ReferenceProcessor::execute queues: 2, RefProcThreadModel::Multi, marks_oops_alive: false
[1.969s][debug][gc,ref      ] GC(0) Skipped phase 3 of Reference Processing: no references
[1.969s][debug][gc,ref      ] GC(0) ReferenceProcessor::execute queues: 1, RefProcThreadModel::Single, marks_oops_alive: false
[1.969s][debug][gc,phases   ] GC(0) Reference Processing 0.295ms
[1.969s][debug][gc,phases   ] GC(0)   VM Weak                        Min:  0.0, Avg:  0.0, Max:  0.0, Diff:  0.0, Sum:  0.0, Workers: 4
[1.969s][debug][gc,phases   ] GC(0)     Dead                           Min: 0, Avg:  0.0, Max: 0, Diff: 0, Sum: 0, Workers: 4
[1.970s][debug][gc,phases   ] GC(0)     Total                          Min: 0, Avg: 61.2, Max: 181, Diff: 181, Sum: 245, Workers: 4
[1.970s][debug][gc,phases   ] GC(0)   ObjectSynchronizer Weak        Min:  0.0, Avg:  0.0, Max:  0.0, Diff:  0.0, Sum:  0.0, Workers: 4
[1.970s][debug][gc,phases   ] GC(0)     Dead                           Min: 0, Avg:  0.8, Max: 3, Diff: 3, Sum: 3, Workers: 4
[1.970s][debug][gc,phases   ] GC(0)     Total                          Min: 0, Avg:  3.2, Max: 13, Diff: 13, Sum: 13, Workers: 4
[1.970s][debug][gc,phases   ] GC(0)   JVMTI Tag Weak OopStorage      Min:  0.0, Avg:  0.0, Max:  0.0, Diff:  0.0, Sum:  0.0, Workers: 4
[1.970s][debug][gc,phases   ] GC(0)     Dead                           Min: 0, Avg:  0.0, Max: 0, Diff: 0, Sum: 0, Workers: 4
[1.970s][debug][gc,phases   ] GC(0)     Total                          Min: 0, Avg:  0.0, Max: 0, Diff: 0, Sum: 0, Workers: 4
[1.970s][debug][gc,phases   ] GC(0)   StringTable Weak               Min:  0.0, Avg:  0.1, Max:  0.1, Diff:  0.1, Sum:  0.3, Workers: 4
[1.970s][debug][gc,phases   ] GC(0)     Dead                           Min: 0, Avg:  7.0, Max: 25, Diff: 25, Sum: 28, Workers: 4
[1.970s][debug][gc,phases   ] GC(0)     Total                          Min: 0, Avg: 2962.2, Max: 6080, Diff: 6080, Sum: 11849, Workers: 4
[1.970s][debug][gc,phases   ] GC(0)   ResolvedMethodTable Weak       Min:  0.0, Avg:  0.0, Max:  0.0, Diff:  0.0, Sum:  0.0, Workers: 4
[1.970s][debug][gc,phases   ] GC(0)     Dead                           Min: 0, Avg: 18.2, Max: 38, Diff: 38, Sum: 73, Workers: 4
[1.970s][debug][gc,phases   ] GC(0)     Total                          Min: 0, Avg: 326.2, Max: 665, Diff: 665, Sum: 1305, Workers: 4
[1.970s][debug][gc,phases   ] GC(0)   JNI Weak                       Min:  0.0, Avg:  0.0, Max:  0.0, Diff:  0.0, Sum:  0.0, Workers: 4
[1.970s][debug][gc,phases   ] GC(0)     Dead                           Min: 0, Avg:  0.0, Max: 0, Diff: 0, Sum: 0, Workers: 4
[1.970s][debug][gc,phases   ] GC(0)     Total                          Min: 0, Avg: 12.0, Max: 48, Diff: 48, Sum: 48, Workers: 4
[1.970s][debug][gc,phases   ] GC(0)   StringDedup Table Weak         Min:  0.0, Avg:  0.0, Max:  0.0, Diff:  0.0, Sum:  0.0, Workers: 4
[1.970s][debug][gc,phases   ] GC(0)     Dead                           Min: 0, Avg:  0.0, Max: 0, Diff: 0, Sum: 0, Workers: 4
[1.970s][debug][gc,phases   ] GC(0)     Total                          Min: 0, Avg:  0.0, Max: 0, Diff: 0, Sum: 0, Workers: 4
[1.970s][debug][gc,phases   ] GC(0)   StringDedup Requests0 Weak     Min:  0.0, Avg:  0.0, Max:  0.0, Diff:  0.0, Sum:  0.0, Workers: 4
[1.970s][debug][gc,phases   ] GC(0)     Dead                           Min: 0, Avg:  0.0, Max: 0, Diff: 0, Sum: 0, Workers: 4
[1.970s][debug][gc,phases   ] GC(0)     Total                          Min: 0, Avg:  0.0, Max: 0, Diff: 0, Sum: 0, Workers: 4
[1.970s][debug][gc,phases   ] GC(0)   StringDedup Requests1 Weak     Min:  0.0, Avg:  0.0, Max:  0.0, Diff:  0.0, Sum:  0.0, Workers: 4
[1.970s][debug][gc,phases   ] GC(0)     Dead                           Min: 0, Avg:  0.0, Max: 0, Diff: 0, Sum: 0, Workers: 4
[1.970s][debug][gc,phases   ] GC(0)     Total                          Min: 0, Avg:  0.0, Max: 0, Diff: 0, Sum: 0, Workers: 4
[1.970s][debug][gc,phases   ] GC(0)   Weak JFR Old Object Samples    Min:  0.0, Avg:  0.0, Max:  0.0, Diff:  0.0, Sum:  0.0, Workers: 4
[1.970s][debug][gc,phases   ] GC(0)     Dead                           Min: 0, Avg:  0.0, Max: 0, Diff: 0, Sum: 0, Workers: 4
[1.970s][debug][gc,phases   ] GC(0)     Total                          Min: 0, Avg:  0.0, Max: 0, Diff: 0, Sum: 0, Workers: 4
[1.970s][debug][gc,phases   ] GC(0) Weak Processing 0.433ms
[1.970s][debug][gc,age      ] GC(0) Desired survivor size 536870912 bytes, new threshold 7 (max threshold 15)
[1.970s][info ][gc,heap     ] GC(0) PSYoungGen: 282886K(1572864K)->34850K(1572864K) Eden: 282886K(1048576K)->0K(1048576K) From: 0K(524288K)->34850K(524288K)
[1.970s][info ][gc,heap     ] GC(0) ParOldGen: 0K(6144K)->88K(6144K)
[1.970s][info ][gc,metaspace] GC(0) Metaspace: 21152K(21504K)->21152K(21504K) NonClass: 18712K(18880K)->18712K(18880K) Class: 2440K(2624K)->2440K(2624K)
[1.970s][info ][gc          ] GC(0) Pause Young (Metadata GC Threshold) 276M->34M(1542M) 24.551ms
[1.970s][info ][gc,cpu      ] GC(0) User=0.07s Sys=0.00s Real=0.02s
[1.970s][debug][gc,phases   ] GC(1) Pre Compact 0.016ms
[1.970s][info ][gc,start    ] GC(1) Pause Full (Metadata GC Threshold)
[1.970s][info ][gc,phases,start] GC(1) Marking Phase
[1.986s][debug][gc,phases      ] GC(1) Par Mark 16.551ms
[1.986s][debug][gc,ref         ] GC(1) Skipped phase 1 of Reference Processing: no references
[1.986s][debug][gc,ref         ] GC(1) ReferenceProcessor::execute queues: 1, RefProcThreadModel::Single, marks_oops_alive: false
[1.986s][debug][gc,ref         ] GC(1) Skipped phase 3 of Reference Processing: no references
[1.986s][debug][gc,ref         ] GC(1) ReferenceProcessor::execute queues: 1, RefProcThreadModel::Single, marks_oops_alive: false
[1.986s][debug][gc,phases      ] GC(1) Reference Processing 0.074ms
[1.987s][debug][gc,phases      ] GC(1)   VM Weak                        Min:  0.0, Avg:  0.0, Max:  0.0, Diff:  0.0, Sum:  0.0, Workers: 4
[1.987s][debug][gc,phases      ] GC(1)     Dead                           Min: 0, Avg:  0.0, Max: 0, Diff: 0, Sum: 0, Workers: 4
[1.987s][debug][gc,phases      ] GC(1)     Total                          Min: 0, Avg: 61.2, Max: 181, Diff: 181, Sum: 245, Workers: 4
[1.987s][debug][gc,phases      ] GC(1)   ObjectSynchronizer Weak        Min:  0.0, Avg:  0.0, Max:  0.0, Diff:  0.0, Sum:  0.0, Workers: 4
[1.987s][debug][gc,phases      ] GC(1)     Dead                           Min: 0, Avg:  0.0, Max: 0, Diff: 0, Sum: 0, Workers: 4
[1.987s][debug][gc,phases      ] GC(1)     Total                          Min: 0, Avg:  3.2, Max: 13, Diff: 13, Sum: 13, Workers: 4
[1.987s][debug][gc,phases      ] GC(1)   JVMTI Tag Weak OopStorage      Min:  0.0, Avg:  0.0, Max:  0.0, Diff:  0.0, Sum:  0.0, Workers: 4
[1.987s][debug][gc,phases      ] GC(1)     Dead                           Min: 0, Avg:  0.0, Max: 0, Diff: 0, Sum: 0, Workers: 4
[1.987s][debug][gc,phases      ] GC(1)     Total                          Min: 0, Avg:  0.0, Max: 0, Diff: 0, Sum: 0, Workers: 4
[1.987s][debug][gc,phases      ] GC(1)   StringTable Weak               Min:  0.0, Avg:  0.0, Max:  0.1, Diff:  0.1, Sum:  0.1, Workers: 4
[1.987s][debug][gc,phases      ] GC(1)     Dead                           Min: 0, Avg:  0.0, Max: 0, Diff: 0, Sum: 0, Workers: 4
[1.987s][debug][gc,phases      ] GC(1)     Total                          Min: 0, Avg: 2962.2, Max: 6208, Diff: 6208, Sum: 11849, Workers: 4
[1.987s][debug][gc,phases      ] GC(1)   ResolvedMethodTable Weak       Min:  0.0, Avg:  0.0, Max:  0.0, Diff:  0.0, Sum:  0.0, Workers: 4
[1.987s][debug][gc,phases      ] GC(1)     Dead                           Min: 0, Avg:  0.0, Max: 0, Diff: 0, Sum: 0, Workers: 4
[1.987s][debug][gc,phases      ] GC(1)     Total                          Min: 0, Avg: 326.2, Max: 665, Diff: 665, Sum: 1305, Workers: 4
[1.987s][debug][gc,phases      ] GC(1)   JNI Weak                       Min:  0.0, Avg:  0.0, Max:  0.0, Diff:  0.0, Sum:  0.0, Workers: 4
[1.987s][debug][gc,phases      ] GC(1)     Dead                           Min: 0, Avg:  0.0, Max: 0, Diff: 0, Sum: 0, Workers: 4
[1.987s][debug][gc,phases      ] GC(1)     Total                          Min: 0, Avg: 12.0, Max: 48, Diff: 48, Sum: 48, Workers: 4
[1.987s][debug][gc,phases      ] GC(1)   StringDedup Table Weak         Min:  0.0, Avg:  0.0, Max:  0.0, Diff:  0.0, Sum:  0.0, Workers: 4
[1.987s][debug][gc,phases      ] GC(1)     Dead                           Min: 0, Avg:  0.0, Max: 0, Diff: 0, Sum: 0, Workers: 4
[1.987s][debug][gc,phases      ] GC(1)     Total                          Min: 0, Avg:  0.0, Max: 0, Diff: 0, Sum: 0, Workers: 4
[1.987s][debug][gc,phases      ] GC(1)   StringDedup Requests0 Weak     Min:  0.0, Avg:  0.0, Max:  0.0, Diff:  0.0, Sum:  0.0, Workers: 4
[1.987s][debug][gc,phases      ] GC(1)     Dead                           Min: 0, Avg:  0.0, Max: 0, Diff: 0, Sum: 0, Workers: 4
[1.987s][debug][gc,phases      ] GC(1)     Total                          Min: 0, Avg:  0.0, Max: 0, Diff: 0, Sum: 0, Workers: 4
[1.987s][debug][gc,phases      ] GC(1)   StringDedup Requests1 Weak     Min:  0.0, Avg:  0.0, Max:  0.0, Diff:  0.0, Sum:  0.0, Workers: 4
[1.987s][debug][gc,phases      ] GC(1)     Dead                           Min: 0, Avg:  0.0, Max: 0, Diff: 0, Sum: 0, Workers: 4
[1.987s][debug][gc,phases      ] GC(1)     Total                          Min: 0, Avg:  0.0, Max: 0, Diff: 0, Sum: 0, Workers: 4
[1.987s][debug][gc,phases      ] GC(1)   Weak JFR Old Object Samples    Min:  0.0, Avg:  0.0, Max:  0.0, Diff:  0.0, Sum:  0.0, Workers: 4
[1.987s][debug][gc,phases      ] GC(1)     Dead                           Min: 0, Avg:  0.0, Max: 0, Diff: 0, Sum: 0, Workers: 4
[1.987s][debug][gc,phases      ] GC(1)     Total                          Min: 0, Avg:  0.0, Max: 0, Diff: 0, Sum: 0, Workers: 4
[1.987s][debug][gc,phases      ] GC(1) Weak Processing 0.327ms
[1.987s][debug][gc,phases      ] GC(1) ClassLoaderData 0.021ms
[1.987s][debug][gc,phases      ] GC(1) Trigger cleanups 0.000ms
[1.992s][debug][gc,phases      ] GC(1) Class Unloading 5.299ms
[1.992s][debug][gc,phases      ] GC(1) Report Object Count 0.001ms
[1.992s][info ][gc,phases      ] GC(1) Marking Phase 22.364ms
[1.992s][info ][gc,phases,start] GC(1) Summary Phase
[1.992s][info ][gc,phases      ] GC(1) Summary Phase 0.010ms
[1.992s][info ][gc,phases,start] GC(1) Adjust Roots
[1.997s][info ][gc,phases      ] GC(1) Adjust Roots 5.117ms
[1.997s][info ][gc,phases,start] GC(1) Compaction Phase
[2.035s][info ][gc,phases      ] GC(1) Compaction Phase 37.769ms
[2.035s][info ][gc,phases,start] GC(1) Post Compact
[2.037s][info ][gc,phases      ] GC(1) Post Compact 1.812ms
[2.037s][info ][gc,heap        ] GC(1) PSYoungGen: 34850K(1572864K)->28975K(1572864K) Eden: 0K(1048576K)->0K(1048576K) From: 34850K(524288K)->28975K(524288K)
[2.037s][info ][gc,heap        ] GC(1) ParOldGen: 88K(6144K)->5825K(6144K)
[2.037s][info ][gc,metaspace   ] GC(1) Metaspace: 21152K(21504K)->21152K(21504K) NonClass: 18712K(18880K)->18712K(18880K) Class: 2440K(2624K)->2440K(2624K)
[2.037s][info ][gc             ] GC(1) Pause Full (Metadata GC Threshold) 34M->33M(1542M) 67.209ms
[2.037s][info ][gc,cpu         ] GC(1) User=0.17s Sys=0.00s Real=0.07s
[2.037s][info ][safepoint      ] Safepoint "CollectForMetadataAllocation", Time since last: 286268273 ns, Reaching safepoint: 3100 ns, Cleanup: 91701 ns, At safepoint: 91914807 ns, Total: 92009608 ns
[2.328s][info ][safepoint      ] Safepoint "ICBufferFull", Time since last: 290856038 ns, Reaching safepoint: 77101 ns, Cleanup: 110101 ns, At safepoint: 8901 ns, Total: 196103 ns
[2.401s][info ][safepoint      ] Safepoint "ICBufferFull", Time since last: 72674133 ns, Reaching safepoint: 74501 ns, Cleanup: 106702 ns, At safepoint: 7100 ns, Total: 188303 ns
[2.520s][info ][safepoint      ] Safepoint "ICBufferFull", Time since last: 119279697 ns, Reaching safepoint: 3100 ns, Cleanup: 121301 ns, At safepoint: 5101 ns, Total: 129502 ns
[2.712s][info ][safepoint      ] Safepoint "ICBufferFull", Time since last: 191652926 ns, Reaching safepoint: 3100 ns, Cleanup: 108501 ns, At safepoint: 5800 ns, Total: 117401 ns
[2.951s][info ][safepoint      ] Safepoint "ICBufferFull", Time since last: 238687796 ns, Reaching safepoint: 2800 ns, Cleanup: 155402 ns, At safepoint: 1400 ns, Total: 159602 ns
[3.362s][info ][safepoint      ] Safepoint "ICBufferFull", Time since last: 411203849 ns, Reaching safepoint: 74401 ns, Cleanup: 138102 ns, At safepoint: 7000 ns, Total: 219503 ns
[3.454s][info ][safepoint      ] Safepoint "ICBufferFull", Time since last: 91342600 ns, Reaching safepoint: 3000 ns, Cleanup: 102301 ns, At safepoint: 1200 ns, Total: 106501 ns
[3.694s][info ][safepoint      ] Safepoint "ICBufferFull", Time since last: 239588508 ns, Reaching safepoint: 3100 ns, Cleanup: 128102 ns, At safepoint: 4300 ns, Total: 135502 ns
[3.829s][info ][safepoint      ] Safepoint "ICBufferFull", Time since last: 135718131 ns, Reaching safepoint: 3000 ns, Cleanup: 126402 ns, At safepoint: 4700 ns, Total: 134102 ns
[3.990s][info ][gc,start       ] GC(2) Pause Young (Metadata GC Threshold)
[4.043s][debug][gc,phases      ] GC(2) Scavenge 53.256ms
[4.043s][debug][gc,ref         ] GC(2) Skipped phase 1 of Reference Processing: no references
[4.044s][debug][gc,ref         ] GC(2) ReferenceProcessor::execute queues: 4, RefProcThreadModel::Multi, marks_oops_alive: false
[4.044s][debug][gc,ref         ] GC(2) Skipped phase 3 of Reference Processing: no references
[4.044s][debug][gc,ref         ] GC(2) ReferenceProcessor::execute queues: 1, RefProcThreadModel::Single, marks_oops_alive: false
[4.044s][debug][gc,phases      ] GC(2) Reference Processing 0.384ms
[4.044s][debug][gc,phases      ] GC(2)   VM Weak                        Min:  0.0, Avg:  0.0, Max:  0.0, Diff:  0.0, Sum:  0.0, Workers: 4
[4.044s][debug][gc,phases      ] GC(2)     Dead                           Min: 0, Avg:  0.0, Max: 0, Diff: 0, Sum: 0, Workers: 4
[4.044s][debug][gc,phases      ] GC(2)     Total                          Min: 0, Avg: 78.5, Max: 314, Diff: 314, Sum: 314, Workers: 4
[4.044s][debug][gc,phases      ] GC(2)   ObjectSynchronizer Weak        Min:  0.0, Avg:  0.0, Max:  0.0, Diff:  0.0, Sum:  0.0, Workers: 4
[4.044s][debug][gc,phases      ] GC(2)     Dead                           Min: 0, Avg:  0.0, Max: 0, Diff: 0, Sum: 0, Workers: 4
[4.044s][debug][gc,phases      ] GC(2)     Total                          Min: 0, Avg:  3.5, Max: 14, Diff: 14, Sum: 14, Workers: 4
[4.044s][debug][gc,phases      ] GC(2)   JVMTI Tag Weak OopStorage      Min:  0.0, Avg:  0.0, Max:  0.0, Diff:  0.0, Sum:  0.0, Workers: 4
[4.044s][debug][gc,phases      ] GC(2)     Dead                           Min: 0, Avg:  0.0, Max: 0, Diff: 0, Sum: 0, Workers: 4
[4.044s][debug][gc,phases      ] GC(2)     Total                          Min: 0, Avg:  0.0, Max: 0, Diff: 0, Sum: 0, Workers: 4
[4.044s][debug][gc,phases      ] GC(2)   StringTable Weak               Min:  0.0, Avg:  0.1, Max:  0.1, Diff:  0.1, Sum:  0.4, Workers: 4
[4.044s][debug][gc,phases      ] GC(2)     Dead                           Min: 0, Avg:  2.2, Max: 4, Diff: 4, Sum: 9, Workers: 4
[4.044s][debug][gc,phases      ] GC(2)     Total                          Min: 0, Avg: 4359.2, Max: 6080, Diff: 6080, Sum: 17437, Workers: 4
[4.044s][debug][gc,phases      ] GC(2)   ResolvedMethodTable Weak       Min:  0.0, Avg:  0.0, Max:  0.0, Diff:  0.0, Sum:  0.1, Workers: 4
[4.044s][debug][gc,phases      ] GC(2)     Dead                           Min: 0, Avg: 12.2, Max: 19, Diff: 19, Sum: 49, Workers: 4
[4.044s][debug][gc,phases      ] GC(2)     Total                          Min: 0, Avg: 590.0, Max: 832, Diff: 832, Sum: 2360, Workers: 4
[4.044s][debug][gc,phases      ] GC(2)   JNI Weak                       Min:  0.0, Avg:  0.0, Max:  0.0, Diff:  0.0, Sum:  0.0, Workers: 4
[4.044s][debug][gc,phases      ] GC(2)     Dead                           Min: 0, Avg:  0.0, Max: 0, Diff: 0, Sum: 0, Workers: 4
[4.044s][debug][gc,phases      ] GC(2)     Total                          Min: 0, Avg: 18.2, Max: 49, Diff: 49, Sum: 73, Workers: 4
[4.044s][debug][gc,phases      ] GC(2)   StringDedup Table Weak         Min:  0.0, Avg:  0.0, Max:  0.0, Diff:  0.0, Sum:  0.0, Workers: 4
[4.044s][debug][gc,phases      ] GC(2)     Dead                           Min: 0, Avg:  0.0, Max: 0, Diff: 0, Sum: 0, Workers: 4
[4.044s][debug][gc,phases      ] GC(2)     Total                          Min: 0, Avg:  0.0, Max: 0, Diff: 0, Sum: 0, Workers: 4
[4.044s][debug][gc,phases      ] GC(2)   StringDedup Requests0 Weak     Min:  0.0, Avg:  0.0, Max:  0.0, Diff:  0.0, Sum:  0.0, Workers: 4
[4.044s][debug][gc,phases      ] GC(2)     Dead                           Min: 0, Avg:  0.0, Max: 0, Diff: 0, Sum: 0, Workers: 4
[4.044s][debug][gc,phases      ] GC(2)     Total                          Min: 0, Avg:  0.0, Max: 0, Diff: 0, Sum: 0, Workers: 4
[4.044s][debug][gc,phases      ] GC(2)   StringDedup Requests1 Weak     Min:  0.0, Avg:  0.0, Max:  0.0, Diff:  0.0, Sum:  0.0, Workers: 4
[4.044s][debug][gc,phases      ] GC(2)     Dead                           Min: 0, Avg:  0.0, Max: 0, Diff: 0, Sum: 0, Workers: 4
[4.044s][debug][gc,phases      ] GC(2)     Total                          Min: 0, Avg:  0.0, Max: 0, Diff: 0, Sum: 0, Workers: 4
[4.044s][debug][gc,phases      ] GC(2)   Weak JFR Old Object Samples    Min:  0.0, Avg:  0.0, Max:  0.0, Diff:  0.0, Sum:  0.0, Workers: 4
[4.044s][debug][gc,phases      ] GC(2)     Dead                           Min: 0, Avg:  0.0, Max: 0, Diff: 0, Sum: 0, Workers: 4
[4.044s][debug][gc,phases      ] GC(2)     Total                          Min: 0, Avg:  0.0, Max: 0, Diff: 0, Sum: 0, Workers: 4
[4.044s][debug][gc,phases      ] GC(2) Weak Processing 0.310ms
[4.044s][debug][gc,age         ] GC(2) Desired survivor size 536870912 bytes, new threshold 7 (max threshold 15)
[4.044s][info ][gc,heap        ] GC(2) PSYoungGen: 637166K(1572864K)->76813K(1572864K) Eden: 608190K(1048576K)->0K(1048576K) From: 28975K(524288K)->76813K(524288K)
[4.044s][info ][gc,heap        ] GC(2) ParOldGen: 5825K(6144K)->5833K(6144K)
[4.044s][info ][gc,metaspace   ] GC(2) Metaspace: 35382K(35840K)->35382K(35840K) NonClass: 30957K(31168K)->30957K(31168K) Class: 4425K(4672K)->4425K(4672K)
[4.044s][info ][gc             ] GC(2) Pause Young (Metadata GC Threshold) 627M->80M(1542M) 54.046ms
[4.044s][info ][gc,cpu         ] GC(2) User=0.12s Sys=0.04s Real=0.06s
[4.044s][debug][gc,phases      ] GC(3) Pre Compact 0.007ms
[4.044s][info ][gc,start       ] GC(3) Pause Full (Metadata GC Threshold)
[4.044s][info ][gc,phases,start] GC(3) Marking Phase
[4.080s][debug][gc,phases      ] GC(3) Par Mark 35.994ms
[4.080s][debug][gc,ref         ] GC(3) Skipped phase 1 of Reference Processing: no references
[4.080s][debug][gc,ref         ] GC(3) ReferenceProcessor::execute queues: 2, RefProcThreadModel::Multi, marks_oops_alive: false
[4.080s][debug][gc,ref         ] GC(3) Skipped phase 3 of Reference Processing: no references
[4.080s][debug][gc,ref         ] GC(3) ReferenceProcessor::execute queues: 1, RefProcThreadModel::Single, marks_oops_alive: false
[4.080s][debug][gc,phases      ] GC(3) Reference Processing 0.171ms
[4.081s][debug][gc,phases      ] GC(3)   VM Weak                        Min:  0.0, Avg:  0.0, Max:  0.0, Diff:  0.0, Sum:  0.0, Workers: 4
[4.081s][debug][gc,phases      ] GC(3)     Dead                           Min: 0, Avg:  0.0, Max: 0, Diff: 0, Sum: 0, Workers: 4
[4.081s][debug][gc,phases      ] GC(3)     Total                          Min: 0, Avg: 78.5, Max: 186, Diff: 186, Sum: 314, Workers: 4
[4.081s][debug][gc,phases      ] GC(3)   ObjectSynchronizer Weak        Min:  0.0, Avg:  0.0, Max:  0.0, Diff:  0.0, Sum:  0.0, Workers: 4
[4.081s][debug][gc,phases      ] GC(3)     Dead                           Min: 0, Avg:  0.0, Max: 0, Diff: 0, Sum: 0, Workers: 4
[4.081s][debug][gc,phases      ] GC(3)     Total                          Min: 0, Avg:  3.5, Max: 14, Diff: 14, Sum: 14, Workers: 4
[4.081s][debug][gc,phases      ] GC(3)   JVMTI Tag Weak OopStorage      Min:  0.0, Avg:  0.0, Max:  0.0, Diff:  0.0, Sum:  0.0, Workers: 4
[4.081s][debug][gc,phases      ] GC(3)     Dead                           Min: 0, Avg:  0.0, Max: 0, Diff: 0, Sum: 0, Workers: 4
[4.081s][debug][gc,phases      ] GC(3)     Total                          Min: 0, Avg:  0.0, Max: 0, Diff: 0, Sum: 0, Workers: 4
[4.081s][debug][gc,phases      ] GC(3)   StringTable Weak               Min:  0.0, Avg:  0.1, Max:  0.1, Diff:  0.1, Sum:  0.2, Workers: 4
[4.081s][debug][gc,phases      ] GC(3)     Dead                           Min: 0, Avg:  0.0, Max: 0, Diff: 0, Sum: 0, Workers: 4
[4.081s][debug][gc,phases      ] GC(3)     Total                          Min: 0, Avg: 4359.2, Max: 6016, Diff: 6016, Sum: 17437, Workers: 4
[4.081s][debug][gc,phases      ] GC(3)   ResolvedMethodTable Weak       Min:  0.0, Avg:  0.0, Max:  0.0, Diff:  0.0, Sum:  0.0, Workers: 4
[4.081s][debug][gc,phases      ] GC(3)     Dead                           Min: 0, Avg:  0.0, Max: 0, Diff: 0, Sum: 0, Workers: 4
[4.081s][debug][gc,phases      ] GC(3)     Total                          Min: 0, Avg: 590.0, Max: 832, Diff: 832, Sum: 2360, Workers: 4
[4.081s][debug][gc,phases      ] GC(3)   JNI Weak                       Min:  0.0, Avg:  0.0, Max:  0.0, Diff:  0.0, Sum:  0.0, Workers: 4
[4.081s][debug][gc,phases      ] GC(3)     Dead                           Min: 0, Avg:  0.0, Max: 0, Diff: 0, Sum: 0, Workers: 4
[4.081s][debug][gc,phases      ] GC(3)     Total                          Min: 0, Avg: 18.2, Max: 49, Diff: 49, Sum: 73, Workers: 4
[4.081s][debug][gc,phases      ] GC(3)   StringDedup Table Weak         Min:  0.0, Avg:  0.0, Max:  0.0, Diff:  0.0, Sum:  0.0, Workers: 4
[4.081s][debug][gc,phases      ] GC(3)     Dead                           Min: 0, Avg:  0.0, Max: 0, Diff: 0, Sum: 0, Workers: 4
[4.081s][debug][gc,phases      ] GC(3)     Total                          Min: 0, Avg:  0.0, Max: 0, Diff: 0, Sum: 0, Workers: 4
[4.081s][debug][gc,phases      ] GC(3)   StringDedup Requests0 Weak     Min:  0.0, Avg:  0.0, Max:  0.0, Diff:  0.0, Sum:  0.0, Workers: 4
[4.081s][debug][gc,phases      ] GC(3)     Dead                           Min: 0, Avg:  0.0, Max: 0, Diff: 0, Sum: 0, Workers: 4
[4.081s][debug][gc,phases      ] GC(3)     Total                          Min: 0, Avg:  0.0, Max: 0, Diff: 0, Sum: 0, Workers: 4
[4.081s][debug][gc,phases      ] GC(3)   StringDedup Requests1 Weak     Min:  0.0, Avg:  0.0, Max:  0.0, Diff:  0.0, Sum:  0.0, Workers: 4
[4.081s][debug][gc,phases      ] GC(3)     Dead                           Min: 0, Avg:  0.0, Max: 0, Diff: 0, Sum: 0, Workers: 4
[4.081s][debug][gc,phases      ] GC(3)     Total                          Min: 0, Avg:  0.0, Max: 0, Diff: 0, Sum: 0, Workers: 4
[4.081s][debug][gc,phases      ] GC(3)   Weak JFR Old Object Samples    Min:  0.0, Avg:  0.0, Max:  0.0, Diff:  0.0, Sum:  0.0, Workers: 4
[4.081s][debug][gc,phases      ] GC(3)     Dead                           Min: 0, Avg:  0.0, Max: 0, Diff: 0, Sum: 0, Workers: 4
[4.081s][debug][gc,phases      ] GC(3)     Total                          Min: 0, Avg:  0.0, Max: 0, Diff: 0, Sum: 0, Workers: 4
[4.081s][debug][gc,phases      ] GC(3) Weak Processing 0.245ms
[4.081s][debug][gc,phases      ] GC(3) ClassLoaderData 0.060ms
[4.081s][debug][gc,phases      ] GC(3) Trigger cleanups 0.000ms
[4.085s][debug][gc,phases      ] GC(3) Class Unloading 4.450ms
[4.085s][debug][gc,phases      ] GC(3) Report Object Count 0.001ms
[4.085s][info ][gc,phases      ] GC(3) Marking Phase 40.961ms
[4.085s][info ][gc,phases,start] GC(3) Summary Phase
[4.085s][info ][gc,phases      ] GC(3) Summary Phase 0.006ms
[4.085s][info ][gc,phases,start] GC(3) Adjust Roots
[4.091s][info ][gc,phases      ] GC(3) Adjust Roots 5.504ms
[4.091s][info ][gc,phases,start] GC(3) Compaction Phase
[4.475s][info ][gc,phases      ] GC(3) Compaction Phase 384.504ms
[4.475s][info ][gc,phases,start] GC(3) Post Compact
[4.477s][info ][gc,phases      ] GC(3) Post Compact 1.821ms
[4.477s][info ][gc,heap        ] GC(3) PSYoungGen: 76813K(1572864K)->76598K(1572864K) Eden: 0K(1048576K)->0K(1048576K) From: 76813K(524288K)->76598K(524288K)
[4.477s][info ][gc,heap        ] GC(3) ParOldGen: 5833K(6144K)->5759K(6144K)
[4.477s][info ][gc,metaspace   ] GC(3) Metaspace: 35382K(35840K)->35382K(35840K) NonClass: 30957K(31168K)->30957K(31168K) Class: 4425K(4672K)->4425K(4672K)
[4.477s][info ][gc             ] GC(3) Pause Full (Metadata GC Threshold) 80M->80M(1542M) 432.906ms
[4.477s][info ][gc,cpu         ] GC(3) User=0.89s Sys=0.00s Real=0.43s
[4.477s][info ][safepoint      ] Safepoint "CollectForMetadataAllocation", Time since last: 160512183 ns, Reaching safepoint: 72101 ns, Cleanup: 69001 ns, At safepoint: 487051528 ns, Total: 487192630 ns
[4.633s][info ][safepoint      ] Safepoint "ICBufferFull", Time since last: 155685515 ns, Reaching safepoint: 3700 ns, Cleanup: 123302 ns, At safepoint: 10200 ns, Total: 137202 ns
[4.839s][info ][safepoint      ] Safepoint "ICBufferFull", Time since last: 206144132 ns, Reaching safepoint: 82101 ns, Cleanup: 129202 ns, At safepoint: 8900 ns, Total: 220203 ns
[5.053s][info ][safepoint      ] Safepoint "ICBufferFull", Time since last: 213706840 ns, Reaching safepoint: 3300 ns, Cleanup: 152802 ns, At safepoint: 2600 ns, Total: 158702 ns
[5.257s][info ][safepoint      ] Safepoint "ICBufferFull", Time since last: 203894284 ns, Reaching safepoint: 3700 ns, Cleanup: 160702 ns, At safepoint: 8800 ns, Total: 173202 ns
[5.638s][info ][safepoint      ] Safepoint "ICBufferFull", Time since last: 380437775 ns, Reaching safepoint: 2900 ns, Cleanup: 143402 ns, At safepoint: 1600 ns, Total: 147902 ns
[6.287s][info ][safepoint      ] Safepoint "ICBufferFull", Time since last: 648507062 ns, Reaching safepoint: 3300 ns, Cleanup: 137602 ns, At safepoint: 9800 ns, Total: 150702 ns
[6.516s][info ][safepoint      ] Safepoint "ICBufferFull", Time since last: 229446842 ns, Reaching safepoint: 222603 ns, Cleanup: 126202 ns, At safepoint: 7300 ns, Total: 356105 ns
[6.583s][info ][gc,start       ] GC(4) Pause Young (Metadata GC Threshold)
[6.649s][debug][gc,phases      ] GC(4) Scavenge 66.319ms
[6.649s][debug][gc,ref         ] GC(4) Skipped phase 1 of Reference Processing: no references
[6.649s][debug][gc,ref         ] GC(4) ReferenceProcessor::execute queues: 4, RefProcThreadModel::Multi, marks_oops_alive: false
[6.650s][debug][gc,ref         ] GC(4) Skipped phase 3 of Reference Processing: no references
[6.650s][debug][gc,ref         ] GC(4) ReferenceProcessor::execute queues: 4, RefProcThreadModel::Multi, marks_oops_alive: false
[6.650s][debug][gc,phases      ] GC(4) Reference Processing 0.818ms
[6.650s][debug][gc,phases      ] GC(4)   VM Weak                        Min:  0.0, Avg:  0.0, Max:  0.0, Diff:  0.0, Sum:  0.0, Workers: 4
[6.650s][debug][gc,phases      ] GC(4)     Dead                           Min: 0, Avg:  0.0, Max: 0, Diff: 0, Sum: 0, Workers: 4
[6.650s][debug][gc,phases      ] GC(4)     Total                          Min: 0, Avg: 132.5, Max: 338, Diff: 338, Sum: 530, Workers: 4
[6.650s][debug][gc,phases      ] GC(4)   ObjectSynchronizer Weak        Min:  0.0, Avg:  0.0, Max:  0.0, Diff:  0.0, Sum:  0.0, Workers: 4
[6.650s][debug][gc,phases      ] GC(4)     Dead                           Min: 0, Avg:  0.0, Max: 0, Diff: 0, Sum: 0, Workers: 4
[6.650s][debug][gc,phases      ] GC(4)     Total                          Min: 0, Avg:  3.5, Max: 14, Diff: 14, Sum: 14, Workers: 4
[6.650s][debug][gc,phases      ] GC(4)   JVMTI Tag Weak OopStorage      Min:  0.0, Avg:  0.0, Max:  0.0, Diff:  0.0, Sum:  0.0, Workers: 4
[6.650s][debug][gc,phases      ] GC(4)     Dead                           Min: 0, Avg:  0.0, Max: 0, Diff: 0, Sum: 0, Workers: 4
[6.650s][debug][gc,phases      ] GC(4)     Total                          Min: 0, Avg:  0.0, Max: 0, Diff: 0, Sum: 0, Workers: 4
[6.650s][debug][gc,phases      ] GC(4)   StringTable Weak               Min:  0.0, Avg:  0.2, Max:  0.3, Diff:  0.3, Sum:  0.9, Workers: 4
[6.650s][debug][gc,phases      ] GC(4)     Dead                           Min: 0, Avg:  4.0, Max: 10, Diff: 10, Sum: 16, Workers: 4
[6.650s][debug][gc,phases      ] GC(4)     Total                          Min: 0, Avg: 9047.5, Max: 12672, Diff: 12672, Sum: 36190, Workers: 4
[6.650s][debug][gc,phases      ] GC(4)   ResolvedMethodTable Weak       Min:  0.0, Avg:  0.1, Max:  0.1, Diff:  0.1, Sum:  0.2, Workers: 4
[6.650s][debug][gc,phases      ] GC(4)     Dead                           Min: 0, Avg: 45.2, Max: 83, Diff: 83, Sum: 181, Workers: 4
[6.650s][debug][gc,phases      ] GC(4)     Total                          Min: 0, Avg: 1580.2, Max: 2240, Diff: 2240, Sum: 6321, Workers: 4
[6.650s][debug][gc,phases      ] GC(4)   JNI Weak                       Min:  0.0, Avg:  0.0, Max:  0.0, Diff:  0.0, Sum:  0.0, Workers: 4
[6.650s][debug][gc,phases      ] GC(4)     Dead                           Min: 0, Avg:  0.0, Max: 0, Diff: 0, Sum: 0, Workers: 4
[6.650s][debug][gc,phases      ] GC(4)     Total                          Min: 0, Avg: 13.5, Max: 54, Diff: 54, Sum: 54, Workers: 4
[6.650s][debug][gc,phases      ] GC(4)   StringDedup Table Weak         Min:  0.0, Avg:  0.0, Max:  0.0, Diff:  0.0, Sum:  0.0, Workers: 4
[6.650s][debug][gc,phases      ] GC(4)     Dead                           Min: 0, Avg:  0.0, Max: 0, Diff: 0, Sum: 0, Workers: 4
[6.650s][debug][gc,phases      ] GC(4)     Total                          Min: 0, Avg:  0.0, Max: 0, Diff: 0, Sum: 0, Workers: 4
[6.650s][debug][gc,phases      ] GC(4)   StringDedup Requests0 Weak     Min:  0.0, Avg:  0.0, Max:  0.0, Diff:  0.0, Sum:  0.0, Workers: 4
[6.650s][debug][gc,phases      ] GC(4)     Dead                           Min: 0, Avg:  0.0, Max: 0, Diff: 0, Sum: 0, Workers: 4
[6.650s][debug][gc,phases      ] GC(4)     Total                          Min: 0, Avg:  0.0, Max: 0, Diff: 0, Sum: 0, Workers: 4
[6.650s][debug][gc,phases      ] GC(4)   StringDedup Requests1 Weak     Min:  0.0, Avg:  0.0, Max:  0.0, Diff:  0.0, Sum:  0.0, Workers: 4
[6.650s][debug][gc,phases      ] GC(4)     Dead                           Min: 0, Avg:  0.0, Max: 0, Diff: 0, Sum: 0, Workers: 4
[6.650s][debug][gc,phases      ] GC(4)     Total                          Min: 0, Avg:  0.0, Max: 0, Diff: 0, Sum: 0, Workers: 4
[6.650s][debug][gc,phases      ] GC(4)   Weak JFR Old Object Samples    Min:  0.0, Avg:  0.0, Max:  0.0, Diff:  0.0, Sum:  0.0, Workers: 4
[6.650s][debug][gc,phases      ] GC(4)     Dead                           Min: 0, Avg:  0.0, Max: 0, Diff: 0, Sum: 0, Workers: 4
[6.650s][debug][gc,phases      ] GC(4)     Total                          Min: 0, Avg:  0.0, Max: 0, Diff: 0, Sum: 0, Workers: 4
[6.650s][debug][gc,phases      ] GC(4) Weak Processing 0.661ms
[6.650s][debug][gc,age         ] GC(4) Desired survivor size 536870912 bytes, new threshold 7 (max threshold 15)
[6.650s][info ][gc,heap        ] GC(4) PSYoungGen: 393043K(1572864K)->114210K(1572864K) Eden: 316444K(1048576K)->0K(1048576K) From: 76598K(524288K)->114210K(524288K)
[6.650s][info ][gc,heap        ] GC(4) ParOldGen: 5759K(6144K)->5775K(6144K)
[6.650s][info ][gc,metaspace   ] GC(4) Metaspace: 59118K(59776K)->59118K(59776K) NonClass: 50200K(50560K)->50200K(50560K) Class: 8918K(9216K)->8918K(9216K)
[6.650s][info ][gc             ] GC(4) Pause Young (Metadata GC Threshold) 389M->117M(1542M) 67.933ms
[6.650s][info ][gc,cpu         ] GC(4) User=0.17s Sys=0.02s Real=0.07s
[6.651s][debug][gc,phases      ] GC(5) Pre Compact 0.013ms
[6.651s][info ][gc,start       ] GC(5) Pause Full (Metadata GC Threshold)
[6.651s][info ][gc,phases,start] GC(5) Marking Phase
[6.702s][debug][gc,phases      ] GC(5) Par Mark 51.850ms
[6.702s][debug][gc,ref         ] GC(5) Skipped phase 1 of Reference Processing: no references
[6.703s][debug][gc,ref         ] GC(5) ReferenceProcessor::execute queues: 4, RefProcThreadModel::Multi, marks_oops_alive: false
[6.703s][debug][gc,ref         ] GC(5) Skipped phase 3 of Reference Processing: no references
[6.703s][debug][gc,ref         ] GC(5) ReferenceProcessor::execute queues: 1, RefProcThreadModel::Single, marks_oops_alive: false
[6.703s][debug][gc,phases      ] GC(5) Reference Processing 0.584ms
[6.703s][debug][gc,phases      ] GC(5)   VM Weak                        Min:  0.0, Avg:  0.0, Max:  0.0, Diff:  0.0, Sum:  0.0, Workers: 4
[6.703s][debug][gc,phases      ] GC(5)     Dead                           Min: 0, Avg:  0.0, Max: 0, Diff: 0, Sum: 0, Workers: 4
[6.703s][debug][gc,phases      ] GC(5)     Total                          Min: 0, Avg: 132.5, Max: 192, Diff: 192, Sum: 530, Workers: 4
[6.703s][debug][gc,phases      ] GC(5)   ObjectSynchronizer Weak        Min:  0.0, Avg:  0.0, Max:  0.0, Diff:  0.0, Sum:  0.0, Workers: 4
[6.703s][debug][gc,phases      ] GC(5)     Dead                           Min: 0, Avg:  0.0, Max: 0, Diff: 0, Sum: 0, Workers: 4
[6.703s][debug][gc,phases      ] GC(5)     Total                          Min: 0, Avg:  3.5, Max: 14, Diff: 14, Sum: 14, Workers: 4
[6.703s][debug][gc,phases      ] GC(5)   JVMTI Tag Weak OopStorage      Min:  0.0, Avg:  0.0, Max:  0.0, Diff:  0.0, Sum:  0.0, Workers: 4
[6.703s][debug][gc,phases      ] GC(5)     Dead                           Min: 0, Avg:  0.0, Max: 0, Diff: 0, Sum: 0, Workers: 4
[6.703s][debug][gc,phases      ] GC(5)     Total                          Min: 0, Avg:  0.0, Max: 0, Diff: 0, Sum: 0, Workers: 4
[6.703s][debug][gc,phases      ] GC(5)   StringTable Weak               Min:  0.0, Avg:  0.1, Max:  0.1, Diff:  0.1, Sum:  0.4, Workers: 4
[6.703s][debug][gc,phases      ] GC(5)     Dead                           Min: 0, Avg:  0.0, Max: 0, Diff: 0, Sum: 0, Workers: 4
[6.703s][debug][gc,phases      ] GC(5)     Total                          Min: 0, Avg: 9047.5, Max: 12446, Diff: 12446, Sum: 36190, Workers: 4
[6.703s][debug][gc,phases      ] GC(5)   ResolvedMethodTable Weak       Min:  0.0, Avg:  0.0, Max:  0.0, Diff:  0.0, Sum:  0.1, Workers: 4
[6.703s][debug][gc,phases      ] GC(5)     Dead                           Min: 0, Avg:  0.0, Max: 0, Diff: 0, Sum: 0, Workers: 4
[6.703s][debug][gc,phases      ] GC(5)     Total                          Min: 0, Avg: 1580.2, Max: 2176, Diff: 2176, Sum: 6321, Workers: 4
[6.703s][debug][gc,phases      ] GC(5)   JNI Weak                       Min:  0.0, Avg:  0.0, Max:  0.0, Diff:  0.0, Sum:  0.0, Workers: 4
[6.703s][debug][gc,phases      ] GC(5)     Dead                           Min: 0, Avg:  0.0, Max: 0, Diff: 0, Sum: 0, Workers: 4
[6.703s][debug][gc,phases      ] GC(5)     Total                          Min: 0, Avg: 13.5, Max: 54, Diff: 54, Sum: 54, Workers: 4
[6.703s][debug][gc,phases      ] GC(5)   StringDedup Table Weak         Min:  0.0, Avg:  0.0, Max:  0.0, Diff:  0.0, Sum:  0.0, Workers: 4
[6.703s][debug][gc,phases      ] GC(5)     Dead                           Min: 0, Avg:  0.0, Max: 0, Diff: 0, Sum: 0, Workers: 4
[6.703s][debug][gc,phases      ] GC(5)     Total                          Min: 0, Avg:  0.0, Max: 0, Diff: 0, Sum: 0, Workers: 4
[6.703s][debug][gc,phases      ] GC(5)   StringDedup Requests0 Weak     Min:  0.0, Avg:  0.0, Max:  0.0, Diff:  0.0, Sum:  0.0, Workers: 4
[6.703s][debug][gc,phases      ] GC(5)     Dead                           Min: 0, Avg:  0.0, Max: 0, Diff: 0, Sum: 0, Workers: 4
[6.703s][debug][gc,phases      ] GC(5)     Total                          Min: 0, Avg:  0.0, Max: 0, Diff: 0, Sum: 0, Workers: 4
[6.703s][debug][gc,phases      ] GC(5)   StringDedup Requests1 Weak     Min:  0.0, Avg:  0.0, Max:  0.0, Diff:  0.0, Sum:  0.0, Workers: 4
[6.703s][debug][gc,phases      ] GC(5)     Dead                           Min: 0, Avg:  0.0, Max: 0, Diff: 0, Sum: 0, Workers: 4
[6.703s][debug][gc,phases      ] GC(5)     Total                          Min: 0, Avg:  0.0, Max: 0, Diff: 0, Sum: 0, Workers: 4
[6.703s][debug][gc,phases      ] GC(5)   Weak JFR Old Object Samples    Min:  0.0, Avg:  0.0, Max:  0.0, Diff:  0.0, Sum:  0.0, Workers: 4
[6.703s][debug][gc,phases      ] GC(5)     Dead                           Min: 0, Avg:  0.0, Max: 0, Diff: 0, Sum: 0, Workers: 4
[6.703s][debug][gc,phases      ] GC(5)     Total                          Min: 0, Avg:  0.0, Max: 0, Diff: 0, Sum: 0, Workers: 4
[6.703s][debug][gc,phases      ] GC(5) Weak Processing 0.421ms
[6.704s][debug][gc,phases      ] GC(5) ClassLoaderData 0.064ms
[6.704s][debug][gc,phases      ] GC(5) Trigger cleanups 0.000ms
[6.711s][debug][gc,phases      ] GC(5) Class Unloading 7.780ms
[6.711s][debug][gc,phases      ] GC(5) Report Object Count 0.001ms
[6.711s][info ][gc,phases      ] GC(5) Marking Phase 60.782ms
[6.711s][info ][gc,phases,start] GC(5) Summary Phase
[6.711s][info ][gc,phases      ] GC(5) Summary Phase 0.009ms
[6.711s][info ][gc,phases,start] GC(5) Adjust Roots
[6.722s][info ][gc,phases      ] GC(5) Adjust Roots 10.184ms
[6.722s][info ][gc,phases,start] GC(5) Compaction Phase
[7.278s][info ][gc,phases      ] GC(5) Compaction Phase 556.545ms
[7.278s][info ][gc,phases,start] GC(5) Post Compact
[7.281s][info ][gc,phases      ] GC(5) Post Compact 2.378ms
[7.281s][info ][gc,heap        ] GC(5) PSYoungGen: 114210K(1572864K)->113906K(1572864K) Eden: 0K(1048576K)->0K(1048576K) From: 114210K(524288K)->113906K(524288K)
[7.281s][info ][gc,heap        ] GC(5) ParOldGen: 5775K(6144K)->5735K(6144K)
[7.281s][info ][gc,metaspace   ] GC(5) Metaspace: 59118K(59776K)->59118K(59776K) NonClass: 50200K(50560K)->50200K(50560K) Class: 8918K(9216K)->8918K(9216K)
[7.281s][info ][gc             ] GC(5) Pause Full (Metadata GC Threshold) 117M->116M(1542M) 630.043ms
[7.281s][info ][gc,cpu         ] GC(5) User=1.30s Sys=0.01s Real=0.62s
[7.281s][info ][safepoint      ] Safepoint "CollectForMetadataAllocation", Time since last: 66042733 ns, Reaching safepoint: 3600 ns, Cleanup: 119102 ns, At safepoint: 698822073 ns, Total: 698944775 ns
[7.284s][info ][safepoint      ] Safepoint "CollectForMetadataAllocation", Time since last: 2101029 ns, Reaching safepoint: 876113 ns, Cleanup: 6600 ns, At safepoint: 12600 ns, Total: 895313 ns
[7.441s][info ][safepoint      ] Safepoint "ICBufferFull", Time since last: 156556812 ns, Reaching safepoint: 3100 ns, Cleanup: 142802 ns, At safepoint: 7700 ns, Total: 153602 ns
[7.620s][info ][safepoint      ] Safepoint "ICBufferFull", Time since last: 178913728 ns, Reaching safepoint: 3500 ns, Cleanup: 137302 ns, At safepoint: 1800 ns, Total: 142602 ns
[7.759s][info ][safepoint      ] Safepoint "ICBufferFull", Time since last: 138984963 ns, Reaching safepoint: 4300 ns, Cleanup: 132002 ns, At safepoint: 8100 ns, Total: 144402 ns
[8.068s][info ][safepoint      ] Safepoint "ICBufferFull", Time since last: 308744862 ns, Reaching safepoint: 78501 ns, Cleanup: 119002 ns, At safepoint: 6600 ns, Total: 204103 ns
[8.353s][info ][safepoint      ] Safepoint "ICBufferFull", Time since last: 284345918 ns, Reaching safepoint: 3700 ns, Cleanup: 141302 ns, At safepoint: 12300 ns, Total: 157302 ns
[8.480s][info ][safepoint      ] Safepoint "ICBufferFull", Time since last: 127195997 ns, Reaching safepoint: 3200 ns, Cleanup: 128302 ns, At safepoint: 11100 ns, Total: 142602 ns
[8.640s][info ][safepoint      ] Safepoint "ICBufferFull", Time since last: 160050961 ns, Reaching safepoint: 74701 ns, Cleanup: 156302 ns, At safepoint: 6700 ns, Total: 237703 ns
[9.206s][info ][safepoint      ] Safepoint "ICBufferFull", Time since last: 565649492 ns, Reaching safepoint: 3100 ns, Cleanup: 157202 ns, At safepoint: 1400 ns, Total: 161702 ns
[9.575s][info ][safepoint      ] Safepoint "ICBufferFull", Time since last: 366465378 ns, Reaching safepoint: 2126030 ns, Cleanup: 136402 ns, At safepoint: 12300 ns, Total: 2274732 ns
[9.575s][info ][safepoint      ] Safepoint "ICBufferFull", Time since last: 126001 ns, Reaching safepoint: 72201 ns, Cleanup: 2801 ns, At safepoint: 11400 ns, Total: 86402 ns
[9.580s][info ][safepoint      ] Safepoint "ICBufferFull", Time since last: 5102272 ns, Reaching safepoint: 73501 ns, Cleanup: 1900 ns, At safepoint: 11600 ns, Total: 87001 ns
[10.583s][info ][safepoint      ] Safepoint "Cleanup", Time since last: 1002116858 ns, Reaching safepoint: 78601 ns, Cleanup: 84101 ns, At safepoint: 10400 ns, Total: 173102 ns
[11.583s][info ][safepoint      ] Safepoint "Cleanup", Time since last: 1000106130 ns, Reaching safepoint: 79201 ns, Cleanup: 8700 ns, At safepoint: 9900 ns, Total: 97801 ns
[12.583s][info ][safepoint      ] Safepoint "Cleanup", Time since last: 1000109030 ns, Reaching safepoint: 78701 ns, Cleanup: 10400 ns, At safepoint: 11300 ns, Total: 100401 ns
[13.238s][info ][gc,start       ] GC(6) Pause Young (Allocation Failure)
[13.420s][debug][gc,phases      ] GC(6) Scavenge 181.685ms
[13.420s][debug][gc,ref         ] GC(6) Skipped phase 1 of Reference Processing: no references
[13.420s][debug][gc,ref         ] GC(6) ReferenceProcessor::execute queues: 3, RefProcThreadModel::Multi, marks_oops_alive: false
[13.420s][debug][gc,ref         ] GC(6) Skipped phase 3 of Reference Processing: no references
[13.420s][debug][gc,ref         ] GC(6) ReferenceProcessor::execute queues: 2, RefProcThreadModel::Multi, marks_oops_alive: false
[13.420s][debug][gc,phases      ] GC(6) Reference Processing 0.405ms
[13.421s][debug][gc,phases      ] GC(6)   VM Weak                        Min:  0.0, Avg:  0.0, Max:  0.0, Diff:  0.0, Sum:  0.0, Workers: 4
[13.421s][debug][gc,phases      ] GC(6)     Dead                           Min: 0, Avg:  0.0, Max: 0, Diff: 0, Sum: 0, Workers: 4
[13.421s][debug][gc,phases      ] GC(6)     Total                          Min: 0, Avg: 160.2, Max: 320, Diff: 320, Sum: 641, Workers: 4
[13.421s][debug][gc,phases      ] GC(6)   ObjectSynchronizer Weak        Min:  0.0, Avg:  0.0, Max:  0.0, Diff:  0.0, Sum:  0.0, Workers: 4
[13.421s][debug][gc,phases      ] GC(6)     Dead                           Min: 0, Avg:  1.8, Max: 7, Diff: 7, Sum: 7, Workers: 4
[13.421s][debug][gc,phases      ] GC(6)     Total                          Min: 0, Avg:  8.5, Max: 34, Diff: 34, Sum: 34, Workers: 4
[13.421s][debug][gc,phases      ] GC(6)   JVMTI Tag Weak OopStorage      Min:  0.0, Avg:  0.0, Max:  0.0, Diff:  0.0, Sum:  0.0, Workers: 4
[13.421s][debug][gc,phases      ] GC(6)     Dead                           Min: 0, Avg:  0.0, Max: 0, Diff: 0, Sum: 0, Workers: 4
[13.421s][debug][gc,phases      ] GC(6)     Total                          Min: 0, Avg:  0.0, Max: 0, Diff: 0, Sum: 0, Workers: 4
[13.421s][debug][gc,phases      ] GC(6)   StringTable Weak               Min:  0.0, Avg:  0.3, Max:  0.3, Diff:  0.3, Sum:  1.0, Workers: 4
[13.421s][debug][gc,phases      ] GC(6)     Dead                           Min: 0, Avg:  4.2, Max: 10, Diff: 10, Sum: 17, Workers: 4
[13.421s][debug][gc,phases      ] GC(6)     Total                          Min: 0, Avg: 10004.2, Max: 13777, Diff: 13777, Sum: 40017, Workers: 4
[13.421s][debug][gc,phases      ] GC(6)   ResolvedMethodTable Weak       Min:  0.0, Avg:  0.1, Max:  0.1, Diff:  0.1, Sum:  0.3, Workers: 4
[13.421s][debug][gc,phases      ] GC(6)     Dead                           Min: 0, Avg: 58.0, Max: 168, Diff: 168, Sum: 232, Workers: 4
[13.421s][debug][gc,phases      ] GC(6)     Total                          Min: 0, Avg: 2130.2, Max: 2953, Diff: 2953, Sum: 8521, Workers: 4
[13.421s][debug][gc,phases      ] GC(6)   JNI Weak                       Min:  0.0, Avg:  0.0, Max:  0.0, Diff:  0.0, Sum:  0.0, Workers: 4
[13.421s][debug][gc,phases      ] GC(6)     Dead                           Min: 0, Avg:  0.0, Max: 0, Diff: 0, Sum: 0, Workers: 4
[13.421s][debug][gc,phases      ] GC(6)     Total                          Min: 0, Avg: 17.8, Max: 55, Diff: 55, Sum: 71, Workers: 4
[13.421s][debug][gc,phases      ] GC(6)   StringDedup Table Weak         Min:  0.0, Avg:  0.0, Max:  0.0, Diff:  0.0, Sum:  0.0, Workers: 4
[13.421s][debug][gc,phases      ] GC(6)     Dead                           Min: 0, Avg:  0.0, Max: 0, Diff: 0, Sum: 0, Workers: 4
[13.421s][debug][gc,phases      ] GC(6)     Total                          Min: 0, Avg:  0.0, Max: 0, Diff: 0, Sum: 0, Workers: 4
[13.421s][debug][gc,phases      ] GC(6)   StringDedup Requests0 Weak     Min:  0.0, Avg:  0.0, Max:  0.0, Diff:  0.0, Sum:  0.0, Workers: 4
[13.421s][debug][gc,phases      ] GC(6)     Dead                           Min: 0, Avg:  0.0, Max: 0, Diff: 0, Sum: 0, Workers: 4
[13.421s][debug][gc,phases      ] GC(6)     Total                          Min: 0, Avg:  0.0, Max: 0, Diff: 0, Sum: 0, Workers: 4
[13.421s][debug][gc,phases      ] GC(6)   StringDedup Requests1 Weak     Min:  0.0, Avg:  0.0, Max:  0.0, Diff:  0.0, Sum:  0.0, Workers: 4
[13.421s][debug][gc,phases      ] GC(6)     Dead                           Min: 0, Avg:  0.0, Max: 0, Diff: 0, Sum: 0, Workers: 4
[13.421s][debug][gc,phases      ] GC(6)     Total                          Min: 0, Avg:  0.0, Max: 0, Diff: 0, Sum: 0, Workers: 4
[13.421s][debug][gc,phases      ] GC(6)   Weak JFR Old Object Samples    Min:  0.0, Avg:  0.0, Max:  0.0, Diff:  0.0, Sum:  0.0, Workers: 4
[13.421s][debug][gc,phases      ] GC(6)     Dead                           Min: 0, Avg:  0.0, Max: 0, Diff: 0, Sum: 0, Workers: 4
[13.421s][debug][gc,phases      ] GC(6)     Total                          Min: 0, Avg:  0.0, Max: 0, Diff: 0, Sum: 0, Workers: 4
[13.421s][debug][gc,phases      ] GC(6) Weak Processing 0.595ms
[13.421s][debug][gc,age         ] GC(6) Desired survivor size 536870912 bytes, new threshold 7 (max threshold 15)
[13.421s][info ][gc,heap        ] GC(6) PSYoungGen: 1162482K(1572864K)->283329K(1572864K) Eden: 1048576K(1048576K)->0K(1048576K) From: 113906K(524288K)->283329K(524288K)
[13.421s][info ][gc,heap        ] GC(6) ParOldGen: 5735K(6144K)->5776K(6144K)
[13.421s][info ][gc,metaspace   ] GC(6) Metaspace: 72474K(73280K)->72474K(73280K) NonClass: 61528K(61952K)->61528K(61952K) Class: 10946K(11328K)->10946K(11328K)
[13.421s][info ][gc             ] GC(6) Pause Young (Allocation Failure) 1140M->282M(1542M) 182.805ms
[13.421s][info ][gc,cpu         ] GC(6) User=0.44s Sys=0.09s Real=0.18s
[13.421s][info ][safepoint      ] Safepoint "ParallelGCFailedAllocation", Time since last: 655124467 ns, Reaching safepoint: 74001 ns, Cleanup: 103002 ns, At safepoint: 182876698 ns, Total: 183053701 ns
[13.944s][info ][safepoint      ] Safepoint "ICBufferFull", Time since last: 522166918 ns, Reaching safepoint: 76601 ns, Cleanup: 145202 ns, At safepoint: 7300 ns, Total: 229103 ns
[14.096s][info ][safepoint      ] Safepoint "ICBufferFull", Time since last: 152417665 ns, Reaching safepoint: 4200 ns, Cleanup: 84801 ns, At safepoint: 4800 ns, Total: 93801 ns
[14.457s][info ][safepoint      ] Safepoint "ICBufferFull", Time since last: 360788526 ns, Reaching safepoint: 3000 ns, Cleanup: 133301 ns, At safepoint: 1301 ns, Total: 137602 ns
[14.773s][info ][safepoint      ] Safepoint "ICBufferFull", Time since last: 315666784 ns, Reaching safepoint: 3700 ns, Cleanup: 137402 ns, At safepoint: 7700 ns, Total: 148802 ns
[15.279s][info ][gc,start       ] GC(7) Pause Young (Allocation Failure)
[15.666s][debug][gc,phases      ] GC(7) Scavenge 387.641ms
[15.666s][debug][gc,ref         ] GC(7) Skipped phase 1 of Reference Processing: no references
[15.666s][debug][gc,ref         ] GC(7) ReferenceProcessor::execute queues: 4, RefProcThreadModel::Multi, marks_oops_alive: false
[15.670s][debug][gc,ref         ] GC(7) Skipped phase 3 of Reference Processing: no references
[15.670s][debug][gc,ref         ] GC(7) ReferenceProcessor::execute queues: 1, RefProcThreadModel::Single, marks_oops_alive: false
[15.670s][debug][gc,phases      ] GC(7) Reference Processing 3.403ms
[15.670s][debug][gc,phases      ] GC(7)   VM Weak                        Min:  0.0, Avg:  0.0, Max:  0.0, Diff:  0.0, Sum:  0.0, Workers: 4
[15.670s][debug][gc,phases      ] GC(7)     Dead                           Min: 0, Avg:  0.0, Max: 0, Diff: 0, Sum: 0, Workers: 4
[15.670s][debug][gc,phases      ] GC(7)     Total                          Min: 0, Avg: 164.2, Max: 448, Diff: 448, Sum: 657, Workers: 4
[15.670s][debug][gc,phases      ] GC(7)   ObjectSynchronizer Weak        Min:  0.0, Avg:  0.0, Max:  0.0, Diff:  0.0, Sum:  0.0, Workers: 4
[15.670s][debug][gc,phases      ] GC(7)     Dead                           Min: 0, Avg:  0.0, Max: 0, Diff: 0, Sum: 0, Workers: 4
[15.670s][debug][gc,phases      ] GC(7)     Total                          Min: 0, Avg:  8.5, Max: 34, Diff: 34, Sum: 34, Workers: 4
[15.670s][debug][gc,phases      ] GC(7)   JVMTI Tag Weak OopStorage      Min:  0.0, Avg:  0.0, Max:  0.0, Diff:  0.0, Sum:  0.0, Workers: 4
[15.670s][debug][gc,phases      ] GC(7)     Dead                           Min: 0, Avg:  0.0, Max: 0, Diff: 0, Sum: 0, Workers: 4
[15.670s][debug][gc,phases      ] GC(7)     Total                          Min: 0, Avg:  0.0, Max: 0, Diff: 0, Sum: 0, Workers: 4
[15.670s][debug][gc,phases      ] GC(7)   StringTable Weak               Min:  0.0, Avg:  0.2, Max:  0.3, Diff:  0.3, Sum:  1.0, Workers: 4
[15.670s][debug][gc,phases      ] GC(7)     Dead                           Min: 0, Avg:  1.5, Max: 3, Diff: 3, Sum: 6, Workers: 4
[15.670s][debug][gc,phases      ] GC(7)     Total                          Min: 0, Avg: 10090.5, Max: 14016, Diff: 14016, Sum: 40362, Workers: 4
[15.670s][debug][gc,phases      ] GC(7)   ResolvedMethodTable Weak       Min:  0.0, Avg:  0.1, Max:  0.1, Diff:  0.1, Sum:  0.3, Workers: 4
[15.670s][debug][gc,phases      ] GC(7)     Dead                           Min: 0, Avg: 11.8, Max: 28, Diff: 28, Sum: 47, Workers: 4
[15.670s][debug][gc,phases      ] GC(7)     Total                          Min: 0, Avg: 2131.8, Max: 2938, Diff: 2938, Sum: 8527, Workers: 4
[15.670s][debug][gc,phases      ] GC(7)   JNI Weak                       Min:  0.0, Avg:  0.0, Max:  0.0, Diff:  0.0, Sum:  0.0, Workers: 4
[15.670s][debug][gc,phases      ] GC(7)     Dead                           Min: 0, Avg:  0.0, Max: 0, Diff: 0, Sum: 0, Workers: 4
[15.670s][debug][gc,phases      ] GC(7)     Total                          Min: 0, Avg: 13.5, Max: 48, Diff: 48, Sum: 54, Workers: 4
[15.670s][debug][gc,phases      ] GC(7)   StringDedup Table Weak         Min:  0.0, Avg:  0.0, Max:  0.0, Diff:  0.0, Sum:  0.0, Workers: 4
[15.670s][debug][gc,phases      ] GC(7)     Dead                           Min: 0, Avg:  0.0, Max: 0, Diff: 0, Sum: 0, Workers: 4
[15.670s][debug][gc,phases      ] GC(7)     Total                          Min: 0, Avg:  0.0, Max: 0, Diff: 0, Sum: 0, Workers: 4
[15.670s][debug][gc,phases      ] GC(7)   StringDedup Requests0 Weak     Min:  0.0, Avg:  0.0, Max:  0.0, Diff:  0.0, Sum:  0.0, Workers: 4
[15.670s][debug][gc,phases      ] GC(7)     Dead                           Min: 0, Avg:  0.0, Max: 0, Diff: 0, Sum: 0, Workers: 4
[15.670s][debug][gc,phases      ] GC(7)     Total                          Min: 0, Avg:  0.0, Max: 0, Diff: 0, Sum: 0, Workers: 4
[15.670s][debug][gc,phases      ] GC(7)   StringDedup Requests1 Weak     Min:  0.0, Avg:  0.0, Max:  0.0, Diff:  0.0, Sum:  0.0, Workers: 4
[15.670s][debug][gc,phases      ] GC(7)     Dead                           Min: 0, Avg:  0.0, Max: 0, Diff: 0, Sum: 0, Workers: 4
[15.670s][debug][gc,phases      ] GC(7)     Total                          Min: 0, Avg:  0.0, Max: 0, Diff: 0, Sum: 0, Workers: 4
[15.670s][debug][gc,phases      ] GC(7)   Weak JFR Old Object Samples    Min:  0.0, Avg:  0.0, Max:  0.0, Diff:  0.0, Sum:  0.0, Workers: 4
[15.670s][debug][gc,phases      ] GC(7)     Dead                           Min: 0, Avg:  0.0, Max: 0, Diff: 0, Sum: 0, Workers: 4
[15.670s][debug][gc,phases      ] GC(7)     Total                          Min: 0, Avg:  0.0, Max: 0, Diff: 0, Sum: 0, Workers: 4
[15.670s][debug][gc,phases      ] GC(7) Weak Processing 0.579ms
[15.670s][debug][gc,age         ] GC(7) Desired survivor size 536870912 bytes, new threshold 6 (max threshold 15)
[15.670s][info ][gc,heap        ] GC(7) PSYoungGen: 1331905K(1572864K)->524262K(1572864K) Eden: 1048576K(1048576K)->0K(1048576K) From: 283329K(524288K)->524262K(524288K)
[15.670s][info ][gc,heap        ] GC(7) ParOldGen: 5776K(6144K)->79974K(80384K)
[15.670s][info ][gc,metaspace   ] GC(7) Metaspace: 74012K(74816K)->74012K(74816K) NonClass: 62907K(63360K)->62907K(63360K) Class: 11104K(11456K)->11104K(11456K)
[15.670s][info ][gc             ] GC(7) Pause Young (Allocation Failure) 1306M->590M(1614M) 391.751ms
[15.670s][info ][gc,cpu         ] GC(7) User=0.96s Sys=0.14s Real=0.39s
[15.670s][debug][gc,phases      ] GC(8) Pre Compact 0.012ms
[15.670s][info ][gc,start       ] GC(8) Pause Full (Ergonomics)
[15.670s][info ][gc,phases,start] GC(8) Marking Phase
[15.951s][debug][gc,phases      ] GC(8) Par Mark 280.528ms
[15.951s][debug][gc,ref         ] GC(8) Skipped phase 1 of Reference Processing: no references
[15.951s][debug][gc,ref         ] GC(8) ReferenceProcessor::execute queues: 1, RefProcThreadModel::Single, marks_oops_alive: false
[15.951s][debug][gc,ref         ] GC(8) Skipped phase 3 of Reference Processing: no references
[15.951s][debug][gc,ref         ] GC(8) ReferenceProcessor::execute queues: 1, RefProcThreadModel::Single, marks_oops_alive: false
[15.951s][debug][gc,phases      ] GC(8) Reference Processing 0.129ms
[15.951s][debug][gc,phases      ] GC(8)   VM Weak                        Min:  0.0, Avg:  0.0, Max:  0.0, Diff:  0.0, Sum:  0.0, Workers: 4
[15.951s][debug][gc,phases      ] GC(8)     Dead                           Min: 0, Avg:  0.0, Max: 0, Diff: 0, Sum: 0, Workers: 4
[15.951s][debug][gc,phases      ] GC(8)     Total                          Min: 0, Avg: 164.2, Max: 273, Diff: 273, Sum: 657, Workers: 4
[15.951s][debug][gc,phases      ] GC(8)   ObjectSynchronizer Weak        Min:  0.0, Avg:  0.0, Max:  0.0, Diff:  0.0, Sum:  0.0, Workers: 4
[15.951s][debug][gc,phases      ] GC(8)     Dead                           Min: 0, Avg:  0.0, Max: 0, Diff: 0, Sum: 0, Workers: 4
[15.951s][debug][gc,phases      ] GC(8)     Total                          Min: 0, Avg:  8.5, Max: 34, Diff: 34, Sum: 34, Workers: 4
[15.951s][debug][gc,phases      ] GC(8)   JVMTI Tag Weak OopStorage      Min:  0.0, Avg:  0.0, Max:  0.0, Diff:  0.0, Sum:  0.0, Workers: 4
[15.951s][debug][gc,phases      ] GC(8)     Dead                           Min: 0, Avg:  0.0, Max: 0, Diff: 0, Sum: 0, Workers: 4
[15.951s][debug][gc,phases      ] GC(8)     Total                          Min: 0, Avg:  0.0, Max: 0, Diff: 0, Sum: 0, Workers: 4
[15.951s][debug][gc,phases      ] GC(8)   StringTable Weak               Min:  0.0, Avg:  0.1, Max:  0.2, Diff:  0.2, Sum:  0.6, Workers: 4
[15.951s][debug][gc,phases      ] GC(8)     Dead                           Min: 0, Avg:  0.0, Max: 0, Diff: 0, Sum: 0, Workers: 4
[15.951s][debug][gc,phases      ] GC(8)     Total                          Min: 0, Avg: 10090.5, Max: 14016, Diff: 14016, Sum: 40362, Workers: 4
[15.951s][debug][gc,phases      ] GC(8)   ResolvedMethodTable Weak       Min:  0.0, Avg:  0.0, Max:  0.0, Diff:  0.0, Sum:  0.1, Workers: 4
[15.952s][debug][gc,phases      ] GC(8)     Dead                           Min: 0, Avg:  0.2, Max: 1, Diff: 1, Sum: 1, Workers: 4
[15.952s][debug][gc,phases      ] GC(8)     Total                          Min: 0, Avg: 2131.8, Max: 3066, Diff: 3066, Sum: 8527, Workers: 4
[15.952s][debug][gc,phases      ] GC(8)   JNI Weak                       Min:  0.0, Avg:  0.0, Max:  0.0, Diff:  0.0, Sum:  0.0, Workers: 4
[15.952s][debug][gc,phases      ] GC(8)     Dead                           Min: 0, Avg:  0.0, Max: 0, Diff: 0, Sum: 0, Workers: 4
[15.952s][debug][gc,phases      ] GC(8)     Total                          Min: 0, Avg: 13.5, Max: 48, Diff: 48, Sum: 54, Workers: 4
[15.952s][debug][gc,phases      ] GC(8)   StringDedup Table Weak         Min:  0.0, Avg:  0.0, Max:  0.0, Diff:  0.0, Sum:  0.0, Workers: 4
[15.952s][debug][gc,phases      ] GC(8)     Dead                           Min: 0, Avg:  0.0, Max: 0, Diff: 0, Sum: 0, Workers: 4
[15.952s][debug][gc,phases      ] GC(8)     Total                          Min: 0, Avg:  0.0, Max: 0, Diff: 0, Sum: 0, Workers: 4
[15.952s][debug][gc,phases      ] GC(8)   StringDedup Requests0 Weak     Min:  0.0, Avg:  0.0, Max:  0.0, Diff:  0.0, Sum:  0.0, Workers: 4
[15.952s][debug][gc,phases      ] GC(8)     Dead                           Min: 0, Avg:  0.0, Max: 0, Diff: 0, Sum: 0, Workers: 4
[15.952s][debug][gc,phases      ] GC(8)     Total                          Min: 0, Avg:  0.0, Max: 0, Diff: 0, Sum: 0, Workers: 4
[15.952s][debug][gc,phases      ] GC(8)   StringDedup Requests1 Weak     Min:  0.0, Avg:  0.0, Max:  0.0, Diff:  0.0, Sum:  0.0, Workers: 4
[15.952s][debug][gc,phases      ] GC(8)     Dead                           Min: 0, Avg:  0.0, Max: 0, Diff: 0, Sum: 0, Workers: 4
[15.952s][debug][gc,phases      ] GC(8)     Total                          Min: 0, Avg:  0.0, Max: 0, Diff: 0, Sum: 0, Workers: 4
[15.952s][debug][gc,phases      ] GC(8)   Weak JFR Old Object Samples    Min:  0.0, Avg:  0.0, Max:  0.0, Diff:  0.0, Sum:  0.0, Workers: 4
[15.952s][debug][gc,phases      ] GC(8)     Dead                           Min: 0, Avg:  0.0, Max: 0, Diff: 0, Sum: 0, Workers: 4
[15.952s][debug][gc,phases      ] GC(8)     Total                          Min: 0, Avg:  0.0, Max: 0, Diff: 0, Sum: 0, Workers: 4
[15.952s][debug][gc,phases      ] GC(8) Weak Processing 0.396ms
[15.952s][debug][gc,phases      ] GC(8) ClassLoaderData 0.077ms
[15.952s][debug][gc,phases      ] GC(8) Trigger cleanups 0.000ms
[15.960s][debug][gc,phases      ] GC(8) Class Unloading 8.856ms
[15.960s][debug][gc,phases      ] GC(8) Report Object Count 0.001ms
[15.960s][info ][gc,phases      ] GC(8) Marking Phase 290.053ms
[15.960s][info ][gc,phases,start] GC(8) Summary Phase
[15.960s][info ][gc,phases      ] GC(8) Summary Phase 0.012ms
[15.960s][info ][gc,phases,start] GC(8) Adjust Roots
[15.974s][info ][gc,phases      ] GC(8) Adjust Roots 13.784ms
[15.974s][info ][gc,phases,start] GC(8) Compaction Phase
[16.963s][info ][gc,phases      ] GC(8) Compaction Phase 988.977ms
[16.963s][info ][gc,phases,start] GC(8) Post Compact
[16.968s][info ][gc,phases      ] GC(8) Post Compact 4.406ms
[16.968s][info ][gc,heap        ] GC(8) PSYoungGen: 524262K(1572864K)->518310K(1572864K) Eden: 0K(1048576K)->0K(1048576K) From: 524262K(524288K)->518310K(524288K)
[16.968s][info ][gc,heap        ] GC(8) ParOldGen: 79974K(80384K)->80316K(141824K)
[16.968s][info ][gc,metaspace   ] GC(8) Metaspace: 74012K(74816K)->74012K(74816K) NonClass: 62907K(63360K)->62907K(63360K) Class: 11104K(11456K)->11104K(11456K)
[16.968s][info ][gc             ] GC(8) Pause Full (Ergonomics) 590M->584M(1674M) 1297.503ms
[16.968s][info ][gc,cpu         ] GC(8) User=3.91s Sys=0.02s Real=1.29s
[16.969s][info ][safepoint      ] Safepoint "ParallelGCFailedAllocation", Time since last: 505625783 ns, Reaching safepoint: 3900 ns, Cleanup: 125801 ns, At safepoint: 1690168411 ns, Total: 1690298112 ns
[17.672s][info ][safepoint      ] Safepoint "ICBufferFull", Time since last: 702976186 ns, Reaching safepoint: 81401 ns, Cleanup: 138702 ns, At safepoint: 7900 ns, Total: 228003 ns
[18.340s][info ][safepoint      ] Safepoint "ICBufferFull", Time since last: 667942389 ns, Reaching safepoint: 78801 ns, Cleanup: 121901 ns, At safepoint: 4801 ns, Total: 205503 ns
[18.852s][info ][safepoint      ] Safepoint "ICBufferFull", Time since last: 511559267 ns, Reaching safepoint: 4900 ns, Cleanup: 132702 ns, At safepoint: 2400 ns, Total: 140002 ns
[19.038s][info ][safepoint      ] Safepoint "ICBufferFull", Time since last: 185726438 ns, Reaching safepoint: 4200 ns, Cleanup: 147702 ns, At safepoint: 8100 ns, Total: 160002 ns
[19.200s][info ][safepoint      ] Safepoint "ICBufferFull", Time since last: 162213505 ns, Reaching safepoint: 4600 ns, Cleanup: 130602 ns, At safepoint: 7600 ns, Total: 142802 ns
[19.324s][info ][safepoint      ] Safepoint "ICBufferFull", Time since last: 122629142 ns, Reaching safepoint: 767911 ns, Cleanup: 151102 ns, At safepoint: 11600 ns, Total: 930613 ns
[19.348s][info ][gc,start       ] GC(9) Pause Young (Allocation Failure)
[19.455s][debug][gc,phases      ] GC(9) Scavenge 106.445ms
[19.455s][debug][gc,ref         ] GC(9) Skipped phase 1 of Reference Processing: no references
[19.455s][debug][gc,ref         ] GC(9) ReferenceProcessor::execute queues: 4, RefProcThreadModel::Multi, marks_oops_alive: false
[19.456s][debug][gc,ref         ] GC(9) ReferenceProcessor::execute queues: 4, RefProcThreadModel::Multi, marks_oops_alive: true
[19.456s][debug][gc,ref         ] GC(9) ReferenceProcessor::execute queues: 1, RefProcThreadModel::Single, marks_oops_alive: false
[19.456s][debug][gc,phases      ] GC(9) Reference Processing 0.997ms
[19.456s][debug][gc,phases      ] GC(9)   VM Weak                        Min:  0.0, Avg:  0.0, Max:  0.0, Diff:  0.0, Sum:  0.0, Workers: 4
[19.456s][debug][gc,phases      ] GC(9)     Dead                           Min: 0, Avg:  0.0, Max: 0, Diff: 0, Sum: 0, Workers: 4
[19.456s][debug][gc,phases      ] GC(9)     Total                          Min: 0, Avg: 167.8, Max: 384, Diff: 384, Sum: 671, Workers: 4
[19.456s][debug][gc,phases      ] GC(9)   ObjectSynchronizer Weak        Min:  0.0, Avg:  0.0, Max:  0.0, Diff:  0.0, Sum:  0.0, Workers: 4
[19.456s][debug][gc,phases      ] GC(9)     Dead                           Min: 0, Avg:  0.0, Max: 0, Diff: 0, Sum: 0, Workers: 4
[19.456s][debug][gc,phases      ] GC(9)     Total                          Min: 0, Avg:  8.5, Max: 34, Diff: 34, Sum: 34, Workers: 4
[19.456s][debug][gc,phases      ] GC(9)   JVMTI Tag Weak OopStorage      Min:  0.0, Avg:  0.0, Max:  0.0, Diff:  0.0, Sum:  0.0, Workers: 4
[19.456s][debug][gc,phases      ] GC(9)     Dead                           Min: 0, Avg:  0.0, Max: 0, Diff: 0, Sum: 0, Workers: 4
[19.456s][debug][gc,phases      ] GC(9)     Total                          Min: 0, Avg:  0.0, Max: 0, Diff: 0, Sum: 0, Workers: 4
[19.456s][debug][gc,phases      ] GC(9)   StringTable Weak               Min:  0.0, Avg:  0.2, Max:  0.3, Diff:  0.3, Sum:  1.0, Workers: 4
[19.457s][debug][gc,phases      ] GC(9)     Dead                           Min: 0, Avg:  1.5, Max: 4, Diff: 4, Sum: 6, Workers: 4
[19.457s][debug][gc,phases      ] GC(9)     Total                          Min: 0, Avg: 10289.5, Max: 14144, Diff: 14144, Sum: 41158, Workers: 4
[19.457s][debug][gc,phases      ] GC(9)   ResolvedMethodTable Weak       Min:  0.0, Avg:  0.1, Max:  0.1, Diff:  0.1, Sum:  0.3, Workers: 4
[19.457s][debug][gc,phases      ] GC(9)     Dead                           Min: 0, Avg: 15.5, Max: 43, Diff: 43, Sum: 62, Workers: 4
[19.457s][debug][gc,phases      ] GC(9)     Total                          Min: 0, Avg: 2224.2, Max: 3137, Diff: 3137, Sum: 8897, Workers: 4
[19.457s][debug][gc,phases      ] GC(9)   JNI Weak                       Min:  0.0, Avg:  0.0, Max:  0.0, Diff:  0.0, Sum:  0.0, Workers: 4
[19.457s][debug][gc,phases      ] GC(9)     Dead                           Min: 0, Avg:  0.0, Max: 0, Diff: 0, Sum: 0, Workers: 4
[19.457s][debug][gc,phases      ] GC(9)     Total                          Min: 0, Avg: 14.5, Max: 48, Diff: 48, Sum: 58, Workers: 4
[19.457s][debug][gc,phases      ] GC(9)   StringDedup Table Weak         Min:  0.0, Avg:  0.0, Max:  0.0, Diff:  0.0, Sum:  0.0, Workers: 4
[19.457s][debug][gc,phases      ] GC(9)     Dead                           Min: 0, Avg:  0.0, Max: 0, Diff: 0, Sum: 0, Workers: 4
[19.457s][debug][gc,phases      ] GC(9)     Total                          Min: 0, Avg:  0.0, Max: 0, Diff: 0, Sum: 0, Workers: 4
[19.457s][debug][gc,phases      ] GC(9)   StringDedup Requests0 Weak     Min:  0.0, Avg:  0.0, Max:  0.0, Diff:  0.0, Sum:  0.0, Workers: 4
[19.457s][debug][gc,phases      ] GC(9)     Dead                           Min: 0, Avg:  0.0, Max: 0, Diff: 0, Sum: 0, Workers: 4
[19.457s][debug][gc,phases      ] GC(9)     Total                          Min: 0, Avg:  0.0, Max: 0, Diff: 0, Sum: 0, Workers: 4
[19.457s][debug][gc,phases      ] GC(9)   StringDedup Requests1 Weak     Min:  0.0, Avg:  0.0, Max:  0.0, Diff:  0.0, Sum:  0.0, Workers: 4
[19.457s][debug][gc,phases      ] GC(9)     Dead                           Min: 0, Avg:  0.0, Max: 0, Diff: 0, Sum: 0, Workers: 4
[19.457s][debug][gc,phases      ] GC(9)     Total                          Min: 0, Avg:  0.0, Max: 0, Diff: 0, Sum: 0, Workers: 4
[19.457s][debug][gc,phases      ] GC(9)   Weak JFR Old Object Samples    Min:  0.0, Avg:  0.0, Max:  0.0, Diff:  0.0, Sum:  0.0, Workers: 4
[19.457s][debug][gc,phases      ] GC(9)     Dead                           Min: 0, Avg:  0.0, Max: 0, Diff: 0, Sum: 0, Workers: 4
[19.457s][debug][gc,phases      ] GC(9)     Total                          Min: 0, Avg:  0.0, Max: 0, Diff: 0, Sum: 0, Workers: 4
[19.457s][debug][gc,phases      ] GC(9) Weak Processing 0.621ms
[19.457s][debug][gc,age         ] GC(9) Desired survivor size 533725184 bytes, new threshold 7 (max threshold 15)
[19.457s][info ][gc,heap        ] GC(9) PSYoungGen: 1566886K(1572864K)->219624K(1575936K) Eden: 1048576K(1048576K)->0K(1051648K) From: 518310K(524288K)->219624K(524288K)
[19.457s][info ][gc,heap        ] GC(9) ParOldGen: 80316K(141824K)->80324K(141824K)
[19.457s][info ][gc,metaspace   ] GC(9) Metaspace: 76035K(76864K)->76035K(76864K) NonClass: 64657K(65088K)->64657K(65088K) Class: 11378K(11776K)->11378K(11776K)
[19.457s][info ][gc             ] GC(9) Pause Young (Allocation Failure) 1608M->292M(1677M) 108.184ms
[19.457s][info ][gc,cpu         ] GC(9) User=0.30s Sys=0.00s Real=0.11s
[19.457s][info ][safepoint      ] Safepoint "ParallelGCFailedAllocation", Time since last: 24768852 ns, Reaching safepoint: 4200 ns, Cleanup: 89601 ns, At safepoint: 108253538 ns, Total: 108347339 ns
[19.900s][info ][safepoint      ] Safepoint "ICBufferFull", Time since last: 443082394 ns, Reaching safepoint: 76601 ns, Cleanup: 142702 ns, At safepoint: 9100 ns, Total: 228403 ns
[20.238s][info ][safepoint      ] Safepoint "ICBufferFull", Time since last: 338048303 ns, Reaching safepoint: 80201 ns, Cleanup: 147302 ns, At safepoint: 9100 ns, Total: 236603 ns
[20.761s][info ][safepoint      ] Safepoint "ICBufferFull", Time since last: 522158418 ns, Reaching safepoint: 4500 ns, Cleanup: 154002 ns, At safepoint: 3400 ns, Total: 161902 ns
[21.404s][info ][safepoint      ] Safepoint "ICBufferFull", Time since last: 643069159 ns, Reaching safepoint: 4200 ns, Cleanup: 193703 ns, At safepoint: 12000 ns, Total: 209903 ns
[21.583s][info ][safepoint      ] Safepoint "ICBufferFull", Time since last: 178871938 ns, Reaching safepoint: 3700 ns, Cleanup: 136702 ns, At safepoint: 6800 ns, Total: 147202 ns
[21.754s][info ][safepoint      ] Safepoint "ICBufferFull", Time since last: 170936629 ns, Reaching safepoint: 74201 ns, Cleanup: 163203 ns, At safepoint: 11200 ns, Total: 248604 ns
[21.877s][info ][safepoint      ] Safepoint "ICBufferFull", Time since last: 122481769 ns, Reaching safepoint: 81401 ns, Cleanup: 111602 ns, At safepoint: 16500 ns, Total: 209503 ns
[22.635s][info ][gc,start       ] GC(10) Pause Young (Allocation Failure)
[22.779s][debug][gc,phases      ] GC(10) Scavenge 143.385ms
[22.779s][debug][gc,ref         ] GC(10) Skipped phase 1 of Reference Processing: no references
[22.779s][debug][gc,ref         ] GC(10) ReferenceProcessor::execute queues: 4, RefProcThreadModel::Multi, marks_oops_alive: false
[22.779s][debug][gc,ref         ] GC(10) Skipped phase 3 of Reference Processing: no references
[22.779s][debug][gc,ref         ] GC(10) ReferenceProcessor::execute queues: 1, RefProcThreadModel::Single, marks_oops_alive: false
[22.779s][debug][gc,phases      ] GC(10) Reference Processing 0.400ms
[22.780s][debug][gc,phases      ] GC(10)   VM Weak                        Min:  0.0, Avg:  0.0, Max:  0.0, Diff:  0.0, Sum:  0.0, Workers: 4
[22.780s][debug][gc,phases      ] GC(10)     Dead                           Min: 0, Avg:  0.0, Max: 0, Diff: 0, Sum: 0, Workers: 4
[22.780s][debug][gc,phases      ] GC(10)     Total                          Min: 0, Avg: 177.8, Max: 448, Diff: 448, Sum: 711, Workers: 4
[22.780s][debug][gc,phases      ] GC(10)   ObjectSynchronizer Weak        Min:  0.0, Avg:  0.0, Max:  0.0, Diff:  0.0, Sum:  0.0, Workers: 4
[22.780s][debug][gc,phases      ] GC(10)     Dead                           Min: 0, Avg:  0.2, Max: 1, Diff: 1, Sum: 1, Workers: 4
[22.780s][debug][gc,phases      ] GC(10)     Total                          Min: 0, Avg:  9.0, Max: 36, Diff: 36, Sum: 36, Workers: 4
[22.780s][debug][gc,phases      ] GC(10)   JVMTI Tag Weak OopStorage      Min:  0.0, Avg:  0.0, Max:  0.0, Diff:  0.0, Sum:  0.0, Workers: 4
[22.780s][debug][gc,phases      ] GC(10)     Dead                           Min: 0, Avg:  0.0, Max: 0, Diff: 0, Sum: 0, Workers: 4
[22.780s][debug][gc,phases      ] GC(10)     Total                          Min: 0, Avg:  0.0, Max: 0, Diff: 0, Sum: 0, Workers: 4
[22.780s][debug][gc,phases      ] GC(10)   StringTable Weak               Min:  0.0, Avg:  0.3, Max:  0.3, Diff:  0.3, Sum:  1.0, Workers: 4
[22.780s][debug][gc,phases      ] GC(10)     Dead                           Min: 0, Avg:  2.5, Max: 6, Diff: 6, Sum: 10, Workers: 4
[22.780s][debug][gc,phases      ] GC(10)     Total                          Min: 0, Avg: 10582.0, Max: 14552, Diff: 14552, Sum: 42328, Workers: 4
[22.780s][debug][gc,phases      ] GC(10)   ResolvedMethodTable Weak       Min:  0.0, Avg:  0.1, Max:  0.1, Diff:  0.1, Sum:  0.3, Workers: 4
[22.780s][debug][gc,phases      ] GC(10)     Dead                           Min: 0, Avg: 28.8, Max: 55, Diff: 55, Sum: 115, Workers: 4
[22.780s][debug][gc,phases      ] GC(10)     Total                          Min: 0, Avg: 2380.0, Max: 3261, Diff: 3261, Sum: 9520, Workers: 4
[22.780s][debug][gc,phases      ] GC(10)   JNI Weak                       Min:  0.0, Avg:  0.0, Max:  0.0, Diff:  0.0, Sum:  0.0, Workers: 4
[22.780s][debug][gc,phases      ] GC(10)     Dead                           Min: 0, Avg:  0.0, Max: 0, Diff: 0, Sum: 0, Workers: 4
[22.780s][debug][gc,phases      ] GC(10)     Total                          Min: 0, Avg: 16.2, Max: 65, Diff: 65, Sum: 65, Workers: 4
[22.780s][debug][gc,phases      ] GC(10)   StringDedup Table Weak         Min:  0.0, Avg:  0.0, Max:  0.0, Diff:  0.0, Sum:  0.0, Workers: 4
[22.780s][debug][gc,phases      ] GC(10)     Dead                           Min: 0, Avg:  0.0, Max: 0, Diff: 0, Sum: 0, Workers: 4
[22.780s][debug][gc,phases      ] GC(10)     Total                          Min: 0, Avg:  0.0, Max: 0, Diff: 0, Sum: 0, Workers: 4
[22.780s][debug][gc,phases      ] GC(10)   StringDedup Requests0 Weak     Min:  0.0, Avg:  0.0, Max:  0.0, Diff:  0.0, Sum:  0.0, Workers: 4
[22.780s][debug][gc,phases      ] GC(10)     Dead                           Min: 0, Avg:  0.0, Max: 0, Diff: 0, Sum: 0, Workers: 4
[22.780s][debug][gc,phases      ] GC(10)     Total                          Min: 0, Avg:  0.0, Max: 0, Diff: 0, Sum: 0, Workers: 4
[22.780s][debug][gc,phases      ] GC(10)   StringDedup Requests1 Weak     Min:  0.0, Avg:  0.0, Max:  0.0, Diff:  0.0, Sum:  0.0, Workers: 4
[22.780s][debug][gc,phases      ] GC(10)     Dead                           Min: 0, Avg:  0.0, Max: 0, Diff: 0, Sum: 0, Workers: 4
[22.780s][debug][gc,phases      ] GC(10)     Total                          Min: 0, Avg:  0.0, Max: 0, Diff: 0, Sum: 0, Workers: 4
[22.780s][debug][gc,phases      ] GC(10)   Weak JFR Old Object Samples    Min:  0.0, Avg:  0.0, Max:  0.0, Diff:  0.0, Sum:  0.0, Workers: 4
[22.780s][debug][gc,phases      ] GC(10)     Dead                           Min: 0, Avg:  0.0, Max: 0, Diff: 0, Sum: 0, Workers: 4
[22.780s][debug][gc,phases      ] GC(10)     Total                          Min: 0, Avg:  0.0, Max: 0, Diff: 0, Sum: 0, Workers: 4
[22.780s][debug][gc,phases      ] GC(10) Weak Processing 0.598ms
[22.780s][debug][gc,age         ] GC(10) Desired survivor size 536870912 bytes, new threshold 6 (max threshold 15)
[22.780s][info ][gc,heap        ] GC(10) PSYoungGen: 1271272K(1575936K)->338230K(1572864K) Eden: 1051648K(1051648K)->0K(1051648K) From: 219624K(524288K)->338230K(521216K)
[22.780s][info ][gc,heap        ] GC(10) ParOldGen: 80324K(141824K)->80340K(141824K)
[22.780s][info ][gc,metaspace   ] GC(10) Metaspace: 80639K(81472K)->80639K(81472K) NonClass: 68597K(69056K)->68597K(69056K) Class: 12042K(12416K)->12042K(12416K)
[22.780s][info ][gc             ] GC(10) Pause Young (Allocation Failure) 1319M->408M(1674M) 144.516ms
[22.780s][info ][gc,cpu         ] GC(10) User=0.43s Sys=0.00s Real=0.14s
[22.780s][info ][safepoint      ] Safepoint "ParallelGCFailedAllocation", Time since last: 758431636 ns, Reaching safepoint: 75801 ns, Cleanup: 63701 ns, At safepoint: 144586070 ns, Total: 144725572 ns
[23.064s][info ][safepoint      ] Safepoint "ICBufferFull", Time since last: 284398776 ns, Reaching safepoint: 4200 ns, Cleanup: 150402 ns, At safepoint: 4900 ns, Total: 159502 ns
[23.264s][info ][safepoint      ] Safepoint "ICBufferFull", Time since last: 199556120 ns, Reaching safepoint: 216703 ns, Cleanup: 129902 ns, At safepoint: 7200 ns, Total: 353805 ns
[23.406s][info ][safepoint      ] Safepoint "ICBufferFull", Time since last: 141609430 ns, Reaching safepoint: 4600 ns, Cleanup: 144802 ns, At safepoint: 6600 ns, Total: 156002 ns
[23.610s][info ][safepoint      ] Safepoint "ICBufferFull", Time since last: 203494873 ns, Reaching safepoint: 3200 ns, Cleanup: 158002 ns, At safepoint: 1800 ns, Total: 163002 ns
[23.789s][info ][safepoint      ] Safepoint "ICBufferFull", Time since last: 179143742 ns, Reaching safepoint: 5100 ns, Cleanup: 158802 ns, At safepoint: 8500 ns, Total: 172402 ns
[23.990s][info ][safepoint      ] Safepoint "ICBufferFull", Time since last: 201061540 ns, Reaching safepoint: 5100 ns, Cleanup: 188103 ns, At safepoint: 8500 ns, Total: 201703 ns
[24.219s][info ][safepoint      ] Safepoint "ICBufferFull", Time since last: 228250210 ns, Reaching safepoint: 79202 ns, Cleanup: 135001 ns, At safepoint: 9901 ns, Total: 224104 ns
[24.404s][info ][safepoint      ] Safepoint "ICBufferFull", Time since last: 184793518 ns, Reaching safepoint: 4600 ns, Cleanup: 123602 ns, At safepoint: 1500 ns, Total: 129702 ns
[24.576s][info ][safepoint      ] Safepoint "ICBufferFull", Time since last: 171933443 ns, Reaching safepoint: 90301 ns, Cleanup: 136102 ns, At safepoint: 8700 ns, Total: 235103 ns
[25.050s][info ][safepoint      ] Safepoint "ICBufferFull", Time since last: 473762757 ns, Reaching safepoint: 3600 ns, Cleanup: 136602 ns, At safepoint: 1300 ns, Total: 141502 ns
[25.584s][info ][safepoint      ] Safepoint "ICBufferFull", Time since last: 534198380 ns, Reaching safepoint: 5700 ns, Cleanup: 149502 ns, At safepoint: 7200 ns, Total: 162402 ns
[26.120s][info ][safepoint      ] Safepoint "ICBufferFull", Time since last: 535331596 ns, Reaching safepoint: 3500 ns, Cleanup: 132201 ns, At safepoint: 7701 ns, Total: 143402 ns
[26.220s][info ][safepoint      ] Safepoint "ICBufferFull", Time since last: 99951262 ns, Reaching safepoint: 78901 ns, Cleanup: 156602 ns, At safepoint: 7000 ns, Total: 242503 ns
[26.551s][info ][safepoint      ] Safepoint "ICBufferFull", Time since last: 330860909 ns, Reaching safepoint: 5800 ns, Cleanup: 133802 ns, At safepoint: 5300 ns, Total: 144902 ns
[27.337s][info ][safepoint      ] Safepoint "ICBufferFull", Time since last: 786000112 ns, Reaching safepoint: 77801 ns, Cleanup: 182602 ns, At safepoint: 7601 ns, Total: 268004 ns
[27.685s][info ][gc,start       ] GC(11) Pause Young (Allocation Failure)
[27.830s][debug][gc,phases      ] GC(11) Scavenge 145.157ms
[27.830s][debug][gc,ref         ] GC(11) Skipped phase 1 of Reference Processing: no references
[27.831s][debug][gc,ref         ] GC(11) ReferenceProcessor::execute queues: 4, RefProcThreadModel::Multi, marks_oops_alive: false
[27.831s][debug][gc,ref         ] GC(11) Skipped phase 3 of Reference Processing: no references
[27.831s][debug][gc,ref         ] GC(11) ReferenceProcessor::execute queues: 1, RefProcThreadModel::Single, marks_oops_alive: false
[27.831s][debug][gc,phases      ] GC(11) Reference Processing 0.664ms
[27.832s][debug][gc,phases      ] GC(11)   VM Weak                        Min:  0.0, Avg:  0.0, Max:  0.0, Diff:  0.0, Sum:  0.0, Workers: 4
[27.832s][debug][gc,phases      ] GC(11)     Dead                           Min: 0, Avg:  0.0, Max: 0, Diff: 0, Sum: 0, Workers: 4
[27.832s][debug][gc,phases      ] GC(11)     Total                          Min: 0, Avg: 216.5, Max: 482, Diff: 482, Sum: 866, Workers: 4
[27.832s][debug][gc,phases      ] GC(11)   ObjectSynchronizer Weak        Min:  0.0, Avg:  0.0, Max:  0.0, Diff:  0.0, Sum:  0.0, Workers: 4
[27.832s][debug][gc,phases      ] GC(11)     Dead                           Min: 0, Avg:  0.0, Max: 0, Diff: 0, Sum: 0, Workers: 4
[27.832s][debug][gc,phases      ] GC(11)     Total                          Min: 0, Avg:  9.0, Max: 36, Diff: 36, Sum: 36, Workers: 4
[27.832s][debug][gc,phases      ] GC(11)   JVMTI Tag Weak OopStorage      Min:  0.0, Avg:  0.0, Max:  0.0, Diff:  0.0, Sum:  0.0, Workers: 4
[27.832s][debug][gc,phases      ] GC(11)     Dead                           Min: 0, Avg:  0.0, Max: 0, Diff: 0, Sum: 0, Workers: 4
[27.832s][debug][gc,phases      ] GC(11)     Total                          Min: 0, Avg:  0.0, Max: 0, Diff: 0, Sum: 0, Workers: 4
[27.832s][debug][gc,phases      ] GC(11)   StringTable Weak               Min:  0.0, Avg:  0.3, Max:  0.4, Diff:  0.4, Sum:  1.1, Workers: 4
[27.832s][debug][gc,phases      ] GC(11)     Dead                           Min: 0, Avg:  2.2, Max: 5, Diff: 5, Sum: 9, Workers: 4
[27.832s][debug][gc,phases      ] GC(11)     Total                          Min: 0, Avg: 10805.8, Max: 15040, Diff: 15040, Sum: 43223, Workers: 4
[27.832s][debug][gc,phases      ] GC(11)   ResolvedMethodTable Weak       Min:  0.0, Avg:  0.1, Max:  0.1, Diff:  0.1, Sum:  0.3, Workers: 4
[27.832s][debug][gc,phases      ] GC(11)     Dead                           Min: 0, Avg: 14.8, Max: 34, Diff: 34, Sum: 59, Workers: 4
[27.832s][debug][gc,phases      ] GC(11)     Total                          Min: 0, Avg: 2616.5, Max: 3519, Diff: 3519, Sum: 10466, Workers: 4
[27.832s][debug][gc,phases      ] GC(11)   JNI Weak                       Min:  0.0, Avg:  0.0, Max:  0.0, Diff:  0.0, Sum:  0.0, Workers: 4
[27.832s][debug][gc,phases      ] GC(11)     Dead                           Min: 0, Avg:  0.0, Max: 0, Diff: 0, Sum: 0, Workers: 4
[27.832s][debug][gc,phases      ] GC(11)     Total                          Min: 0, Avg: 22.2, Max: 88, Diff: 88, Sum: 89, Workers: 4
[27.832s][debug][gc,phases      ] GC(11)   StringDedup Table Weak         Min:  0.0, Avg:  0.0, Max:  0.0, Diff:  0.0, Sum:  0.0, Workers: 4
[27.832s][debug][gc,phases      ] GC(11)     Dead                           Min: 0, Avg:  0.0, Max: 0, Diff: 0, Sum: 0, Workers: 4
[27.832s][debug][gc,phases      ] GC(11)     Total                          Min: 0, Avg:  0.0, Max: 0, Diff: 0, Sum: 0, Workers: 4
[27.832s][debug][gc,phases      ] GC(11)   StringDedup Requests0 Weak     Min:  0.0, Avg:  0.0, Max:  0.0, Diff:  0.0, Sum:  0.0, Workers: 4
[27.832s][debug][gc,phases      ] GC(11)     Dead                           Min: 0, Avg:  0.0, Max: 0, Diff: 0, Sum: 0, Workers: 4
[27.832s][debug][gc,phases      ] GC(11)     Total                          Min: 0, Avg:  0.0, Max: 0, Diff: 0, Sum: 0, Workers: 4
[27.832s][debug][gc,phases      ] GC(11)   StringDedup Requests1 Weak     Min:  0.0, Avg:  0.0, Max:  0.0, Diff:  0.0, Sum:  0.0, Workers: 4
[27.832s][debug][gc,phases      ] GC(11)     Dead                           Min: 0, Avg:  0.0, Max: 0, Diff: 0, Sum: 0, Workers: 4
[27.832s][debug][gc,phases      ] GC(11)     Total                          Min: 0, Avg:  0.0, Max: 0, Diff: 0, Sum: 0, Workers: 4
[27.832s][debug][gc,phases      ] GC(11)   Weak JFR Old Object Samples    Min:  0.0, Avg:  0.0, Max:  0.0, Diff:  0.0, Sum:  0.0, Workers: 4
[27.832s][debug][gc,phases      ] GC(11)     Dead                           Min: 0, Avg:  0.0, Max: 0, Diff: 0, Sum: 0, Workers: 4
[27.832s][debug][gc,phases      ] GC(11)     Total                          Min: 0, Avg:  0.0, Max: 0, Diff: 0, Sum: 0, Workers: 4
[27.832s][debug][gc,phases      ] GC(11) Weak Processing 0.738ms
[27.832s][debug][gc,age         ] GC(11) Desired survivor size 523763712 bytes, new threshold 7 (max threshold 15)
[27.832s][info ][gc,heap        ] GC(11) PSYoungGen: 1389878K(1572864K)->259906K(1585664K) Eden: 1051648K(1051648K)->0K(1061376K) From: 338230K(521216K)->259906K(524288K)
[27.832s][info ][gc,heap        ] GC(11) ParOldGen: 80340K(141824K)->151277K(151552K)
[27.832s][info ][gc,metaspace   ] GC(11) Metaspace: 84594K(85632K)->84594K(85632K) NonClass: 72057K(72640K)->72057K(72640K) Class: 12537K(12992K)->12537K(12992K)
[27.832s][info ][gc             ] GC(11) Pause Young (Allocation Failure) 1435M->401M(1696M) 146.734ms
[27.832s][info ][gc,cpu         ] GC(11) User=0.40s Sys=0.01s Real=0.15s
[27.832s][debug][gc,phases      ] GC(12) Pre Compact 0.013ms
[27.832s][info ][gc,start       ] GC(12) Pause Full (Ergonomics)
[27.832s][info ][gc,phases,start] GC(12) Marking Phase
[27.962s][debug][gc,phases      ] GC(12) Par Mark 130.166ms
[27.962s][debug][gc,ref         ] GC(12) Skipped phase 1 of Reference Processing: no references
[27.962s][debug][gc,ref         ] GC(12) ReferenceProcessor::execute queues: 4, RefProcThreadModel::Multi, marks_oops_alive: false
[27.963s][debug][gc,ref         ] GC(12) Skipped phase 3 of Reference Processing: no references
[27.963s][debug][gc,ref         ] GC(12) ReferenceProcessor::execute queues: 1, RefProcThreadModel::Single, marks_oops_alive: false
[27.963s][debug][gc,phases      ] GC(12) Reference Processing 0.457ms
[27.963s][debug][gc,phases      ] GC(12)   VM Weak                        Min:  0.0, Avg:  0.0, Max:  0.0, Diff:  0.0, Sum:  0.0, Workers: 4
[27.963s][debug][gc,phases      ] GC(12)     Dead                           Min: 0, Avg:  0.0, Max: 0, Diff: 0, Sum: 0, Workers: 4
[27.963s][debug][gc,phases      ] GC(12)     Total                          Min: 0, Avg: 216.5, Max: 384, Diff: 384, Sum: 866, Workers: 4
[27.963s][debug][gc,phases      ] GC(12)   ObjectSynchronizer Weak        Min:  0.0, Avg:  0.0, Max:  0.0, Diff:  0.0, Sum:  0.0, Workers: 4
[27.963s][debug][gc,phases      ] GC(12)     Dead                           Min: 0, Avg:  0.0, Max: 0, Diff: 0, Sum: 0, Workers: 4
[27.963s][debug][gc,phases      ] GC(12)     Total                          Min: 0, Avg:  9.0, Max: 36, Diff: 36, Sum: 36, Workers: 4
[27.963s][debug][gc,phases      ] GC(12)   JVMTI Tag Weak OopStorage      Min:  0.0, Avg:  0.0, Max:  0.0, Diff:  0.0, Sum:  0.0, Workers: 4
[27.963s][debug][gc,phases      ] GC(12)     Dead                           Min: 0, Avg:  0.0, Max: 0, Diff: 0, Sum: 0, Workers: 4
[27.963s][debug][gc,phases      ] GC(12)     Total                          Min: 0, Avg:  0.0, Max: 0, Diff: 0, Sum: 0, Workers: 4
[27.963s][debug][gc,phases      ] GC(12)   StringTable Weak               Min:  0.0, Avg:  0.2, Max:  0.3, Diff:  0.3, Sum:  0.9, Workers: 4
[27.963s][debug][gc,phases      ] GC(12)     Dead                           Min: 0, Avg:  0.0, Max: 0, Diff: 0, Sum: 0, Workers: 4
[27.963s][debug][gc,phases      ] GC(12)     Total                          Min: 0, Avg: 10805.8, Max: 21440, Diff: 21440, Sum: 43223, Workers: 4
[27.963s][debug][gc,phases      ] GC(12)   ResolvedMethodTable Weak       Min:  0.0, Avg:  0.0, Max:  0.1, Diff:  0.1, Sum:  0.1, Workers: 4
[27.963s][debug][gc,phases      ] GC(12)     Dead                           Min: 0, Avg:  0.0, Max: 0, Diff: 0, Sum: 0, Workers: 4
[27.963s][debug][gc,phases      ] GC(12)     Total                          Min: 0, Avg: 2616.5, Max: 5858, Diff: 5858, Sum: 10466, Workers: 4
[27.963s][debug][gc,phases      ] GC(12)   JNI Weak                       Min:  0.0, Avg:  0.0, Max:  0.0, Diff:  0.0, Sum:  0.0, Workers: 4
[27.963s][debug][gc,phases      ] GC(12)     Dead                           Min: 0, Avg:  0.0, Max: 0, Diff: 0, Sum: 0, Workers: 4
[27.963s][debug][gc,phases      ] GC(12)     Total                          Min: 0, Avg: 22.2, Max: 48, Diff: 48, Sum: 89, Workers: 4
[27.963s][debug][gc,phases      ] GC(12)   StringDedup Table Weak         Min:  0.0, Avg:  0.0, Max:  0.0, Diff:  0.0, Sum:  0.0, Workers: 4
[27.963s][debug][gc,phases      ] GC(12)     Dead                           Min: 0, Avg:  0.0, Max: 0, Diff: 0, Sum: 0, Workers: 4
[27.963s][debug][gc,phases      ] GC(12)     Total                          Min: 0, Avg:  0.0, Max: 0, Diff: 0, Sum: 0, Workers: 4
[27.963s][debug][gc,phases      ] GC(12)   StringDedup Requests0 Weak     Min:  0.0, Avg:  0.0, Max:  0.0, Diff:  0.0, Sum:  0.0, Workers: 4
[27.963s][debug][gc,phases      ] GC(12)     Dead                           Min: 0, Avg:  0.0, Max: 0, Diff: 0, Sum: 0, Workers: 4
[27.963s][debug][gc,phases      ] GC(12)     Total                          Min: 0, Avg:  0.0, Max: 0, Diff: 0, Sum: 0, Workers: 4
[27.963s][debug][gc,phases      ] GC(12)   StringDedup Requests1 Weak     Min:  0.0, Avg:  0.0, Max:  0.0, Diff:  0.0, Sum:  0.0, Workers: 4
[27.963s][debug][gc,phases      ] GC(12)     Dead                           Min: 0, Avg:  0.0, Max: 0, Diff: 0, Sum: 0, Workers: 4
[27.963s][debug][gc,phases      ] GC(12)     Total                          Min: 0, Avg:  0.0, Max: 0, Diff: 0, Sum: 0, Workers: 4
[27.963s][debug][gc,phases      ] GC(12)   Weak JFR Old Object Samples    Min:  0.0, Avg:  0.0, Max:  0.0, Diff:  0.0, Sum:  0.0, Workers: 4
[27.963s][debug][gc,phases      ] GC(12)     Dead                           Min: 0, Avg:  0.0, Max: 0, Diff: 0, Sum: 0, Workers: 4
[27.963s][debug][gc,phases      ] GC(12)     Total                          Min: 0, Avg:  0.0, Max: 0, Diff: 0, Sum: 0, Workers: 4
[27.963s][debug][gc,phases      ] GC(12) Weak Processing 0.514ms
[27.963s][debug][gc,phases      ] GC(12) ClassLoaderData 0.100ms
[27.963s][debug][gc,phases      ] GC(12) Trigger cleanups 0.000ms
[27.983s][debug][gc,phases      ] GC(12) Class Unloading 20.226ms
[27.983s][debug][gc,phases      ] GC(12) Report Object Count 0.002ms
[27.983s][info ][gc,phases      ] GC(12) Marking Phase 151.573ms
[27.983s][info ][gc,phases,start] GC(12) Summary Phase
[27.984s][info ][gc,phases      ] GC(12) Summary Phase 0.014ms
[27.984s][info ][gc,phases,start] GC(12) Adjust Roots
[28.008s][info ][gc,phases      ] GC(12) Adjust Roots 24.868ms
[28.008s][info ][gc,phases,start] GC(12) Compaction Phase
[28.461s][info ][gc,phases      ] GC(12) Compaction Phase 452.544ms
[28.461s][info ][gc,phases,start] GC(12) Post Compact
[28.466s][info ][gc,phases      ] GC(12) Post Compact 4.843ms
[28.466s][info ][gc,heap        ] GC(12) PSYoungGen: 259906K(1585664K)->236980K(1585664K) Eden: 0K(1061376K)->0K(1061376K) From: 259906K(524288K)->236980K(524288K)
[28.466s][info ][gc,heap        ] GC(12) ParOldGen: 151277K(151552K)->151478K(238592K)
[28.466s][info ][gc,metaspace   ] GC(12) Metaspace: 84594K(85632K)->84594K(85632K) NonClass: 72057K(72640K)->72057K(72640K) Class: 12537K(12992K)->12537K(12992K)
[28.466s][info ][gc             ] GC(12) Pause Full (Ergonomics) 401M->379M(1781M) 634.192ms
[28.466s][info ][gc,cpu         ] GC(12) User=1.82s Sys=0.01s Real=0.63s
[28.468s][info ][safepoint      ] Safepoint "ParallelGCFailedAllocation", Time since last: 347772639 ns, Reaching safepoint: 81001 ns, Cleanup: 53401 ns, At safepoint: 782564265 ns, Total: 782698667 ns
[29.262s][info ][safepoint      ] Safepoint "ICBufferFull", Time since last: 794438344 ns, Reaching safepoint: 75801 ns, Cleanup: 153203 ns, At safepoint: 4000 ns, Total: 233004 ns
[30.263s][info ][safepoint      ] Safepoint "Cleanup", Time since last: 1000090740 ns, Reaching safepoint: 71701 ns, Cleanup: 135002 ns, At safepoint: 5800 ns, Total: 212503 ns
[30.956s][info ][safepoint      ] Safepoint "ICBufferFull", Time since last: 692646933 ns, Reaching safepoint: 75401 ns, Cleanup: 164202 ns, At safepoint: 6900 ns, Total: 246503 ns
[31.618s][info ][safepoint      ] Safepoint "ICBufferFull", Time since last: 662594301 ns, Reaching safepoint: 4600 ns, Cleanup: 166703 ns, At safepoint: 2200 ns, Total: 173503 ns
[32.229s][info ][safepoint      ] Safepoint "ICBufferFull", Time since last: 610271151 ns, Reaching safepoint: 4700 ns, Cleanup: 142802 ns, At safepoint: 2500 ns, Total: 150002 ns
[32.747s][info ][gc,start       ] GC(13) Pause Young (Allocation Failure)
[32.851s][debug][gc,phases      ] GC(13) Scavenge 104.410ms
[32.851s][debug][gc,ref         ] GC(13) Skipped phase 1 of Reference Processing: no references
[32.852s][debug][gc,ref         ] GC(13) ReferenceProcessor::execute queues: 4, RefProcThreadModel::Multi, marks_oops_alive: false
[32.852s][debug][gc,ref         ] GC(13) Skipped phase 3 of Reference Processing: no references
[32.852s][debug][gc,ref         ] GC(13) ReferenceProcessor::execute queues: 1, RefProcThreadModel::Single, marks_oops_alive: false
[32.852s][debug][gc,phases      ] GC(13) Reference Processing 0.669ms
[32.853s][debug][gc,phases      ] GC(13)   VM Weak                        Min:  0.0, Avg:  0.0, Max:  0.0, Diff:  0.0, Sum:  0.0, Workers: 4
[32.853s][debug][gc,phases      ] GC(13)     Dead                           Min: 0, Avg:  0.0, Max: 0, Diff: 0, Sum: 0, Workers: 4
[32.853s][debug][gc,phases      ] GC(13)     Total                          Min: 0, Avg: 218.5, Max: 512, Diff: 512, Sum: 874, Workers: 4
[32.853s][debug][gc,phases      ] GC(13)   ObjectSynchronizer Weak        Min:  0.0, Avg:  0.0, Max:  0.0, Diff:  0.0, Sum:  0.0, Workers: 4
[32.853s][debug][gc,phases      ] GC(13)     Dead                           Min: 0, Avg:  0.0, Max: 0, Diff: 0, Sum: 0, Workers: 4
[32.853s][debug][gc,phases      ] GC(13)     Total                          Min: 0, Avg:  9.2, Max: 37, Diff: 37, Sum: 37, Workers: 4
[32.853s][debug][gc,phases      ] GC(13)   JVMTI Tag Weak OopStorage      Min:  0.0, Avg:  0.0, Max:  0.0, Diff:  0.0, Sum:  0.0, Workers: 4
[32.853s][debug][gc,phases      ] GC(13)     Dead                           Min: 0, Avg:  0.0, Max: 0, Diff: 0, Sum: 0, Workers: 4
[32.853s][debug][gc,phases      ] GC(13)     Total                          Min: 0, Avg:  0.0, Max: 0, Diff: 0, Sum: 0, Workers: 4
[32.853s][debug][gc,phases      ] GC(13)   StringTable Weak               Min:  0.0, Avg:  0.2, Max:  0.3, Diff:  0.3, Sum:  0.8, Workers: 4
[32.853s][debug][gc,phases      ] GC(13)     Dead                           Min: 0, Avg:  1.0, Max: 3, Diff: 3, Sum: 4, Workers: 4
[32.853s][debug][gc,phases      ] GC(13)     Total                          Min: 0, Avg: 10837.8, Max: 14912, Diff: 14912, Sum: 43351, Workers: 4
[32.853s][debug][gc,phases      ] GC(13)   ResolvedMethodTable Weak       Min:  0.0, Avg:  0.1, Max:  0.1, Diff:  0.1, Sum:  0.3, Workers: 4
[32.853s][debug][gc,phases      ] GC(13)     Dead                           Min: 0, Avg:  4.2, Max: 17, Diff: 17, Sum: 17, Workers: 4
[32.853s][debug][gc,phases      ] GC(13)     Total                          Min: 0, Avg: 2638.8, Max: 3710, Diff: 3710, Sum: 10555, Workers: 4
[32.853s][debug][gc,phases      ] GC(13)   JNI Weak                       Min:  0.0, Avg:  0.0, Max:  0.0, Diff:  0.0, Sum:  0.0, Workers: 4
[32.853s][debug][gc,phases      ] GC(13)     Dead                           Min: 0, Avg:  0.0, Max: 0, Diff: 0, Sum: 0, Workers: 4
[32.853s][debug][gc,phases      ] GC(13)     Total                          Min: 0, Avg: 20.0, Max: 80, Diff: 80, Sum: 80, Workers: 4
[32.853s][debug][gc,phases      ] GC(13)   StringDedup Table Weak         Min:  0.0, Avg:  0.0, Max:  0.0, Diff:  0.0, Sum:  0.0, Workers: 4
[32.853s][debug][gc,phases      ] GC(13)     Dead                           Min: 0, Avg:  0.0, Max: 0, Diff: 0, Sum: 0, Workers: 4
[32.853s][debug][gc,phases      ] GC(13)     Total                          Min: 0, Avg:  0.0, Max: 0, Diff: 0, Sum: 0, Workers: 4
[32.853s][debug][gc,phases      ] GC(13)   StringDedup Requests0 Weak     Min:  0.0, Avg:  0.0, Max:  0.0, Diff:  0.0, Sum:  0.0, Workers: 4
[32.853s][debug][gc,phases      ] GC(13)     Dead                           Min: 0, Avg:  0.0, Max: 0, Diff: 0, Sum: 0, Workers: 4
[32.853s][debug][gc,phases      ] GC(13)     Total                          Min: 0, Avg:  0.0, Max: 0, Diff: 0, Sum: 0, Workers: 4
[32.853s][debug][gc,phases      ] GC(13)   StringDedup Requests1 Weak     Min:  0.0, Avg:  0.0, Max:  0.0, Diff:  0.0, Sum:  0.0, Workers: 4
[32.853s][debug][gc,phases      ] GC(13)     Dead                           Min: 0, Avg:  0.0, Max: 0, Diff: 0, Sum: 0, Workers: 4
[32.853s][debug][gc,phases      ] GC(13)     Total                          Min: 0, Avg:  0.0, Max: 0, Diff: 0, Sum: 0, Workers: 4
[32.853s][debug][gc,phases      ] GC(13)   Weak JFR Old Object Samples    Min:  0.0, Avg:  0.0, Max:  0.0, Diff:  0.0, Sum:  0.0, Workers: 4
[32.853s][debug][gc,phases      ] GC(13)     Dead                           Min: 0, Avg:  0.0, Max: 0, Diff: 0, Sum: 0, Workers: 4
[32.853s][debug][gc,phases      ] GC(13)     Total                          Min: 0, Avg:  0.0, Max: 0, Diff: 0, Sum: 0, Workers: 4
[32.853s][debug][gc,phases      ] GC(13) Weak Processing 0.521ms
[32.853s][debug][gc,age         ] GC(13) Desired survivor size 501219328 bytes, new threshold 8 (max threshold 15)
[32.853s][info ][gc,heap        ] GC(13) PSYoungGen: 1298356K(1585664K)->259525K(1572864K) Eden: 1061376K(1061376K)->0K(1061376K) From: 236980K(524288K)->259525K(511488K)
[32.853s][info ][gc,heap        ] GC(13) ParOldGen: 151478K(238592K)->151486K(238592K)
[32.853s][info ][gc,metaspace   ] GC(13) Metaspace: 85158K(86144K)->85158K(86144K) NonClass: 72575K(73088K)->72575K(73088K) Class: 12583K(13056K)->12583K(13056K)
[32.853s][info ][gc             ] GC(13) Pause Young (Allocation Failure) 1415M->401M(1769M) 106.243ms
[32.853s][info ][gc,cpu         ] GC(13) User=0.31s Sys=0.00s Real=0.11s
[32.853s][info ][safepoint      ] Safepoint "ParallelGCFailedAllocation", Time since last: 518130230 ns, Reaching safepoint: 4800 ns, Cleanup: 131301 ns, At safepoint: 106320525 ns, Total: 106456626 ns
[33.508s][info ][safepoint      ] Safepoint "ICBufferFull", Time since last: 654323083 ns, Reaching safepoint: 5200 ns, Cleanup: 170302 ns, At safepoint: 2400 ns, Total: 177902 ns
[34.585s][info ][safepoint      ] Safepoint "ICBufferFull", Time since last: 1076923843 ns, Reaching safepoint: 5400 ns, Cleanup: 159202 ns, At safepoint: 1500 ns, Total: 166102 ns
[35.477s][info ][safepoint      ] Safepoint "ICBufferFull", Time since last: 891967090 ns, Reaching safepoint: 4100 ns, Cleanup: 146202 ns, At safepoint: 8401 ns, Total: 158703 ns
[36.477s][info ][safepoint      ] Safepoint "Cleanup", Time since last: 1000110340 ns, Reaching safepoint: 76502 ns, Cleanup: 118601 ns, At safepoint: 9500 ns, Total: 204603 ns
[36.975s][info ][safepoint      ] Safepoint "ICBufferFull", Time since last: 497465734 ns, Reaching safepoint: 5300 ns, Cleanup: 188603 ns, At safepoint: 2600 ns, Total: 196503 ns
[38.051s][info ][safepoint      ] Safepoint "Cleanup", Time since last: 1076352514 ns, Reaching safepoint: 3900 ns, Cleanup: 116402 ns, At safepoint: 5600 ns, Total: 125902 ns
[39.052s][info ][safepoint      ] Safepoint "Cleanup", Time since last: 1000093298 ns, Reaching safepoint: 4200 ns, Cleanup: 44601 ns, At safepoint: 5200 ns, Total: 54001 ns
[40.052s][info ][safepoint      ] Safepoint "Cleanup", Time since last: 1000096898 ns, Reaching safepoint: 4300 ns, Cleanup: 28701 ns, At safepoint: 1600 ns, Total: 34601 ns
[41.052s][info ][safepoint      ] Safepoint "Cleanup", Time since last: 1000051698 ns, Reaching safepoint: 3600 ns, Cleanup: 59301 ns, At safepoint: 6400 ns, Total: 69301 ns
[41.062s][info ][gc,start       ] GC(14) Pause Young (Allocation Failure)
[41.144s][debug][gc,phases      ] GC(14) Scavenge 81.476ms
[41.144s][debug][gc,ref         ] GC(14) Skipped phase 1 of Reference Processing: no references
[41.144s][debug][gc,ref         ] GC(14) ReferenceProcessor::execute queues: 4, RefProcThreadModel::Multi, marks_oops_alive: false
[41.144s][debug][gc,ref         ] GC(14) Skipped phase 3 of Reference Processing: no references
[41.144s][debug][gc,ref         ] GC(14) ReferenceProcessor::execute queues: 1, RefProcThreadModel::Single, marks_oops_alive: false
[41.144s][debug][gc,phases      ] GC(14) Reference Processing 0.592ms
[41.145s][debug][gc,phases      ] GC(14)   VM Weak                        Min:  0.0, Avg:  0.0, Max:  0.0, Diff:  0.0, Sum:  0.0, Workers: 4
[41.145s][debug][gc,phases      ] GC(14)     Dead                           Min: 0, Avg:  0.0, Max: 0, Diff: 0, Sum: 0, Workers: 4
[41.145s][debug][gc,phases      ] GC(14)     Total                          Min: 0, Avg: 220.5, Max: 512, Diff: 512, Sum: 882, Workers: 4
[41.145s][debug][gc,phases      ] GC(14)   ObjectSynchronizer Weak        Min:  0.0, Avg:  0.0, Max:  0.0, Diff:  0.0, Sum:  0.0, Workers: 4
[41.145s][debug][gc,phases      ] GC(14)     Dead                           Min: 0, Avg:  0.0, Max: 0, Diff: 0, Sum: 0, Workers: 4
[41.145s][debug][gc,phases      ] GC(14)     Total                          Min: 0, Avg:  9.2, Max: 37, Diff: 37, Sum: 37, Workers: 4
[41.145s][debug][gc,phases      ] GC(14)   JVMTI Tag Weak OopStorage      Min:  0.0, Avg:  0.0, Max:  0.0, Diff:  0.0, Sum:  0.0, Workers: 4
[41.145s][debug][gc,phases      ] GC(14)     Dead                           Min: 0, Avg:  0.0, Max: 0, Diff: 0, Sum: 0, Workers: 4
[41.145s][debug][gc,phases      ] GC(14)     Total                          Min: 0, Avg:  0.0, Max: 0, Diff: 0, Sum: 0, Workers: 4
[41.145s][debug][gc,phases      ] GC(14)   StringTable Weak               Min:  0.0, Avg:  0.2, Max:  0.2, Diff:  0.2, Sum:  0.7, Workers: 4
[41.145s][debug][gc,phases      ] GC(14)     Dead                           Min: 0, Avg:  0.2, Max: 1, Diff: 1, Sum: 1, Workers: 4
[41.145s][debug][gc,phases      ] GC(14)     Total                          Min: 0, Avg: 10904.8, Max: 14947, Diff: 14947, Sum: 43619, Workers: 4
[41.145s][debug][gc,phases      ] GC(14)   ResolvedMethodTable Weak       Min:  0.0, Avg:  0.1, Max:  0.1, Diff:  0.1, Sum:  0.3, Workers: 4
[41.145s][debug][gc,phases      ] GC(14)     Dead                           Min: 0, Avg:  0.0, Max: 0, Diff: 0, Sum: 0, Workers: 4
[41.145s][debug][gc,phases      ] GC(14)     Total                          Min: 0, Avg: 2649.0, Max: 3684, Diff: 3684, Sum: 10596, Workers: 4
[41.145s][debug][gc,phases      ] GC(14)   JNI Weak                       Min:  0.0, Avg:  0.0, Max:  0.0, Diff:  0.0, Sum:  0.0, Workers: 4
[41.145s][debug][gc,phases      ] GC(14)     Dead                           Min: 0, Avg:  0.0, Max: 0, Diff: 0, Sum: 0, Workers: 4
[41.145s][debug][gc,phases      ] GC(14)     Total                          Min: 0, Avg: 12.0, Max: 48, Diff: 48, Sum: 48, Workers: 4
[41.145s][debug][gc,phases      ] GC(14)   StringDedup Table Weak         Min:  0.0, Avg:  0.0, Max:  0.0, Diff:  0.0, Sum:  0.0, Workers: 4
[41.145s][debug][gc,phases      ] GC(14)     Dead                           Min: 0, Avg:  0.0, Max: 0, Diff: 0, Sum: 0, Workers: 4
[41.145s][debug][gc,phases      ] GC(14)     Total                          Min: 0, Avg:  0.0, Max: 0, Diff: 0, Sum: 0, Workers: 4
[41.145s][debug][gc,phases      ] GC(14)   StringDedup Requests0 Weak     Min:  0.0, Avg:  0.0, Max:  0.0, Diff:  0.0, Sum:  0.0, Workers: 4
[41.145s][debug][gc,phases      ] GC(14)     Dead                           Min: 0, Avg:  0.0, Max: 0, Diff: 0, Sum: 0, Workers: 4
[41.145s][debug][gc,phases      ] GC(14)     Total                          Min: 0, Avg:  0.0, Max: 0, Diff: 0, Sum: 0, Workers: 4
[41.145s][debug][gc,phases      ] GC(14)   StringDedup Requests1 Weak     Min:  0.0, Avg:  0.0, Max:  0.0, Diff:  0.0, Sum:  0.0, Workers: 4
[41.145s][debug][gc,phases      ] GC(14)     Dead                           Min: 0, Avg:  0.0, Max: 0, Diff: 0, Sum: 0, Workers: 4
[41.145s][debug][gc,phases      ] GC(14)     Total                          Min: 0, Avg:  0.0, Max: 0, Diff: 0, Sum: 0, Workers: 4
[41.145s][debug][gc,phases      ] GC(14)   Weak JFR Old Object Samples    Min:  0.0, Avg:  0.0, Max:  0.0, Diff:  0.0, Sum:  0.0, Workers: 4
[41.145s][debug][gc,phases      ] GC(14)     Dead                           Min: 0, Avg:  0.0, Max: 0, Diff: 0, Sum: 0, Workers: 4
[41.145s][debug][gc,phases      ] GC(14)     Total                          Min: 0, Avg:  0.0, Max: 0, Diff: 0, Sum: 0, Workers: 4
[41.145s][debug][gc,phases      ] GC(14) Weak Processing 0.540ms
[41.145s][debug][gc,age         ] GC(14) Desired survivor size 482344960 bytes, new threshold 9 (max threshold 15)
[41.145s][info ][gc,heap        ] GC(14) PSYoungGen: 1320901K(1572864K)->259827K(1626112K) Eden: 1061376K(1061376K)->0K(1136640K) From: 259525K(511488K)->259827K(489472K)
[41.145s][info ][gc,heap        ] GC(14) ParOldGen: 151486K(238592K)->151494K(238592K)
[41.145s][info ][gc,metaspace   ] GC(14) Metaspace: 85596K(86656K)->85596K(86656K) NonClass: 72996K(73600K)->72996K(73600K) Class: 12599K(13056K)->12599K(13056K)
[41.145s][info ][gc             ] GC(14) Pause Young (Allocation Failure) 1437M->401M(1821M) 82.732ms
[41.145s][info ][gc,cpu         ] GC(14) User=0.26s Sys=0.00s Real=0.09s
[41.145s][info ][safepoint      ] Safepoint "ParallelGCFailedAllocation", Time since last: 10369045 ns, Reaching safepoint: 3400 ns, Cleanup: 4800 ns, At safepoint: 82807959 ns, Total: 82816159 ns
[42.145s][info ][safepoint      ] Safepoint "Cleanup", Time since last: 1000087098 ns, Reaching safepoint: 4101 ns, Cleanup: 36400 ns, At safepoint: 2300 ns, Total: 42801 ns
[43.722s][info ][safepoint      ] Safepoint "Cleanup", Time since last: 1576651569 ns, Reaching safepoint: 78401 ns, Cleanup: 119001 ns, At safepoint: 7301 ns, Total: 204703 ns
[44.722s][info ][safepoint      ] Safepoint "Cleanup", Time since last: 1000106198 ns, Reaching safepoint: 76301 ns, Cleanup: 36901 ns, At safepoint: 6600 ns, Total: 119802 ns
[45.723s][info ][safepoint      ] Safepoint "Cleanup", Time since last: 1000118838 ns, Reaching safepoint: 78601 ns, Cleanup: 48601 ns, At safepoint: 7600 ns, Total: 134802 ns
[46.723s][info ][safepoint      ] Safepoint "Cleanup", Time since last: 1000102564 ns, Reaching safepoint: 4100 ns, Cleanup: 47300 ns, At safepoint: 1800 ns, Total: 53200 ns
[47.723s][info ][safepoint      ] Safepoint "Cleanup", Time since last: 1000061864 ns, Reaching safepoint: 5400 ns, Cleanup: 22300 ns, At safepoint: 1400 ns, Total: 29100 ns
[48.723s][info ][safepoint      ] Safepoint "Cleanup", Time since last: 1000099764 ns, Reaching safepoint: 4701 ns, Cleanup: 13800 ns, At safepoint: 4000 ns, Total: 22501 ns
[49.723s][info ][safepoint      ] Safepoint "Cleanup", Time since last: 1000102564 ns, Reaching safepoint: 76601 ns, Cleanup: 22400 ns, At safepoint: 6800 ns, Total: 105801 ns
[50.723s][info ][safepoint      ] Safepoint "Cleanup", Time since last: 1000117065 ns, Reaching safepoint: 76601 ns, Cleanup: 28600 ns, At safepoint: 5700 ns, Total: 110901 ns
[52.359s][info ][safepoint      ] Safepoint "ICBufferFull", Time since last: 1635975406 ns, Reaching safepoint: 5100 ns, Cleanup: 163803 ns, At safepoint: 3700 ns, Total: 172603 ns
[53.701s][info ][safepoint      ] Safepoint "Cleanup", Time since last: 1341099400 ns, Reaching safepoint: 4600 ns, Cleanup: 53601 ns, At safepoint: 1700 ns, Total: 59901 ns
[54.212s][info ][gc,start       ] GC(15) Pause Young (Allocation Failure)
[54.294s][debug][gc,phases      ] GC(15) Scavenge 81.388ms
[54.294s][debug][gc,ref         ] GC(15) Skipped phase 1 of Reference Processing: no references
[54.294s][debug][gc,ref         ] GC(15) ReferenceProcessor::execute queues: 4, RefProcThreadModel::Multi, marks_oops_alive: false
[54.294s][debug][gc,ref         ] GC(15) Skipped phase 3 of Reference Processing: no references
[54.294s][debug][gc,ref         ] GC(15) ReferenceProcessor::execute queues: 1, RefProcThreadModel::Single, marks_oops_alive: false
[54.294s][debug][gc,phases      ] GC(15) Reference Processing 0.632ms
[54.295s][debug][gc,phases      ] GC(15)   VM Weak                        Min:  0.0, Avg:  0.0, Max:  0.0, Diff:  0.0, Sum:  0.0, Workers: 4
[54.295s][debug][gc,phases      ] GC(15)     Dead                           Min: 0, Avg:  0.0, Max: 0, Diff: 0, Sum: 0, Workers: 4
[54.295s][debug][gc,phases      ] GC(15)     Total                          Min: 0, Avg: 220.5, Max: 448, Diff: 448, Sum: 882, Workers: 4
[54.295s][debug][gc,phases      ] GC(15)   ObjectSynchronizer Weak        Min:  0.0, Avg:  0.0, Max:  0.0, Diff:  0.0, Sum:  0.0, Workers: 4
[54.295s][debug][gc,phases      ] GC(15)     Dead                           Min: 0, Avg:  0.0, Max: 0, Diff: 0, Sum: 0, Workers: 4
[54.295s][debug][gc,phases      ] GC(15)     Total                          Min: 0, Avg:  9.2, Max: 37, Diff: 37, Sum: 37, Workers: 4
[54.295s][debug][gc,phases      ] GC(15)   JVMTI Tag Weak OopStorage      Min:  0.0, Avg:  0.0, Max:  0.0, Diff:  0.0, Sum:  0.0, Workers: 4
[54.295s][debug][gc,phases      ] GC(15)     Dead                           Min: 0, Avg:  0.0, Max: 0, Diff: 0, Sum: 0, Workers: 4
[54.295s][debug][gc,phases      ] GC(15)     Total                          Min: 0, Avg:  0.0, Max: 0, Diff: 0, Sum: 0, Workers: 4
[54.295s][debug][gc,phases      ] GC(15)   StringTable Weak               Min:  0.0, Avg:  0.2, Max:  0.3, Diff:  0.3, Sum:  0.8, Workers: 4
[54.295s][debug][gc,phases      ] GC(15)     Dead                           Min: 0, Avg:  0.2, Max: 1, Diff: 1, Sum: 1, Workers: 4
[54.295s][debug][gc,phases      ] GC(15)     Total                          Min: 0, Avg: 10937.2, Max: 15141, Diff: 15141, Sum: 43749, Workers: 4
[54.295s][debug][gc,phases      ] GC(15)   ResolvedMethodTable Weak       Min:  0.0, Avg:  0.1, Max:  0.1, Diff:  0.1, Sum:  0.3, Workers: 4
[54.295s][debug][gc,phases      ] GC(15)     Dead                           Min: 0, Avg:  0.0, Max: 0, Diff: 0, Sum: 0, Workers: 4
[54.295s][debug][gc,phases      ] GC(15)     Total                          Min: 0, Avg: 2655.8, Max: 3648, Diff: 3648, Sum: 10623, Workers: 4
[54.295s][debug][gc,phases      ] GC(15)   JNI Weak                       Min:  0.0, Avg:  0.0, Max:  0.0, Diff:  0.0, Sum:  0.0, Workers: 4
[54.295s][debug][gc,phases      ] GC(15)     Dead                           Min: 0, Avg:  0.0, Max: 0, Diff: 0, Sum: 0, Workers: 4
[54.295s][debug][gc,phases      ] GC(15)     Total                          Min: 0, Avg: 12.0, Max: 48, Diff: 48, Sum: 48, Workers: 4
[54.295s][debug][gc,phases      ] GC(15)   StringDedup Table Weak         Min:  0.0, Avg:  0.0, Max:  0.0, Diff:  0.0, Sum:  0.0, Workers: 4
[54.295s][debug][gc,phases      ] GC(15)     Dead                           Min: 0, Avg:  0.0, Max: 0, Diff: 0, Sum: 0, Workers: 4
[54.295s][debug][gc,phases      ] GC(15)     Total                          Min: 0, Avg:  0.0, Max: 0, Diff: 0, Sum: 0, Workers: 4
[54.295s][debug][gc,phases      ] GC(15)   StringDedup Requests0 Weak     Min:  0.0, Avg:  0.0, Max:  0.0, Diff:  0.0, Sum:  0.0, Workers: 4
[54.295s][debug][gc,phases      ] GC(15)     Dead                           Min: 0, Avg:  0.0, Max: 0, Diff: 0, Sum: 0, Workers: 4
[54.295s][debug][gc,phases      ] GC(15)     Total                          Min: 0, Avg:  0.0, Max: 0, Diff: 0, Sum: 0, Workers: 4
[54.295s][debug][gc,phases      ] GC(15)   StringDedup Requests1 Weak     Min:  0.0, Avg:  0.0, Max:  0.0, Diff:  0.0, Sum:  0.0, Workers: 4
[54.295s][debug][gc,phases      ] GC(15)     Dead                           Min: 0, Avg:  0.0, Max: 0, Diff: 0, Sum: 0, Workers: 4
[54.295s][debug][gc,phases      ] GC(15)     Total                          Min: 0, Avg:  0.0, Max: 0, Diff: 0, Sum: 0, Workers: 4
[54.295s][debug][gc,phases      ] GC(15)   Weak JFR Old Object Samples    Min:  0.0, Avg:  0.0, Max:  0.0, Diff:  0.0, Sum:  0.0, Workers: 4
[54.295s][debug][gc,phases      ] GC(15)     Dead                           Min: 0, Avg:  0.0, Max: 0, Diff: 0, Sum: 0, Workers: 4
[54.295s][debug][gc,phases      ] GC(15)     Total                          Min: 0, Avg:  0.0, Max: 0, Diff: 0, Sum: 0, Workers: 4
[54.295s][debug][gc,phases      ] GC(15) Weak Processing 0.647ms
[54.295s][debug][gc,age         ] GC(15) Desired survivor size 465567744 bytes, new threshold 10 (max threshold 15)
[54.295s][info ][gc,heap        ] GC(15) PSYoungGen: 1396467K(1626112K)->260259K(1607680K) Eden: 1136640K(1136640K)->0K(1136640K) From: 259827K(489472K)->260259K(471040K)
[54.295s][info ][gc,heap        ] GC(15) ParOldGen: 151494K(238592K)->151502K(238592K)
[54.295s][info ][gc,metaspace   ] GC(15) Metaspace: 85962K(86976K)->85962K(86976K) NonClass: 73338K(73920K)->73338K(73920K) Class: 12624K(13056K)->12624K(13056K)
[54.295s][info ][gc             ] GC(15) Pause Young (Allocation Failure) 1511M->402M(1803M) 82.817ms
[54.295s][info ][gc,cpu         ] GC(15) User=0.24s Sys=0.00s Real=0.08s
[54.295s][info ][safepoint      ] Safepoint "ParallelGCFailedAllocation", Time since last: 511623331 ns, Reaching safepoint: 80701 ns, Cleanup: 13500 ns, At safepoint: 82898972 ns, Total: 82993173 ns
[55.295s][info ][safepoint      ] Safepoint "Cleanup", Time since last: 1000083935 ns, Reaching safepoint: 75101 ns, Cleanup: 51101 ns, At safepoint: 5500 ns, Total: 131702 ns
[56.296s][info ][safepoint      ] Safepoint "Cleanup", Time since last: 1000108436 ns, Reaching safepoint: 4800 ns, Cleanup: 18700 ns, At safepoint: 1800 ns, Total: 25300 ns
[57.296s][info ][safepoint      ] Safepoint "Cleanup", Time since last: 1000096435 ns, Reaching safepoint: 4400 ns, Cleanup: 27801 ns, At safepoint: 5200 ns, Total: 37401 ns
[58.296s][info ][safepoint      ] Safepoint "Cleanup", Time since last: 1000115236 ns, Reaching safepoint: 5100 ns, Cleanup: 64301 ns, At safepoint: 2000 ns, Total: 71401 ns
[59.296s][info ][safepoint      ] Safepoint "Cleanup", Time since last: 1000110535 ns, Reaching safepoint: 5500 ns, Cleanup: 16801 ns, At safepoint: 2100 ns, Total: 24401 ns
[61.093s][info ][safepoint      ] Safepoint "Cleanup", Time since last: 1796902097 ns, Reaching safepoint: 5500 ns, Cleanup: 78101 ns, At safepoint: 2300 ns, Total: 85901 ns
[62.093s][info ][safepoint      ] Safepoint "Cleanup", Time since last: 1000096319 ns, Reaching safepoint: 3800 ns, Cleanup: 21300 ns, At safepoint: 1700 ns, Total: 26800 ns
[63.093s][info ][safepoint      ] Safepoint "Cleanup", Time since last: 1000106172 ns, Reaching safepoint: 4800 ns, Cleanup: 59601 ns, At safepoint: 2500 ns, Total: 66901 ns
[64.093s][info ][safepoint      ] Safepoint "Cleanup", Time since last: 1000126872 ns, Reaching safepoint: 5600 ns, Cleanup: 28400 ns, At safepoint: 2200 ns, Total: 36200 ns
[65.094s][info ][safepoint      ] Safepoint "Cleanup", Time since last: 1000119172 ns, Reaching safepoint: 6100 ns, Cleanup: 25000 ns, At safepoint: 2200 ns, Total: 33300 ns
[67.018s][info ][safepoint      ] Safepoint "Cleanup", Time since last: 1924205243 ns, Reaching safepoint: 80801 ns, Cleanup: 214703 ns, At safepoint: 8200 ns, Total: 303704 ns
[68.018s][info ][safepoint      ] Safepoint "Cleanup", Time since last: 1000136862 ns, Reaching safepoint: 82401 ns, Cleanup: 24301 ns, At safepoint: 5600 ns, Total: 112302 ns
[68.720s][info ][gc,start       ] GC(16) Pause Young (Allocation Failure)
[68.813s][debug][gc,phases      ] GC(16) Scavenge 93.005ms
[68.813s][debug][gc,ref         ] GC(16) Skipped phase 1 of Reference Processing: no references
[68.813s][debug][gc,ref         ] GC(16) ReferenceProcessor::execute queues: 4, RefProcThreadModel::Multi, marks_oops_alive: false
[68.813s][debug][gc,ref         ] GC(16) Skipped phase 3 of Reference Processing: no references
[68.813s][debug][gc,ref         ] GC(16) ReferenceProcessor::execute queues: 1, RefProcThreadModel::Single, marks_oops_alive: false
[68.813s][debug][gc,phases      ] GC(16) Reference Processing 0.635ms
[68.814s][debug][gc,phases      ] GC(16)   VM Weak                        Min:  0.0, Avg:  0.0, Max:  0.0, Diff:  0.0, Sum:  0.0, Workers: 4
[68.814s][debug][gc,phases      ] GC(16)     Dead                           Min: 0, Avg:  0.0, Max: 0, Diff: 0, Sum: 0, Workers: 4
[68.814s][debug][gc,phases      ] GC(16)     Total                          Min: 0, Avg: 221.5, Max: 640, Diff: 640, Sum: 886, Workers: 4
[68.814s][debug][gc,phases      ] GC(16)   ObjectSynchronizer Weak        Min:  0.0, Avg:  0.0, Max:  0.0, Diff:  0.0, Sum:  0.0, Workers: 4
[68.814s][debug][gc,phases      ] GC(16)     Dead                           Min: 0, Avg:  0.0, Max: 0, Diff: 0, Sum: 0, Workers: 4
[68.814s][debug][gc,phases      ] GC(16)     Total                          Min: 0, Avg:  1.5, Max: 6, Diff: 6, Sum: 6, Workers: 4
[68.814s][debug][gc,phases      ] GC(16)   JVMTI Tag Weak OopStorage      Min:  0.0, Avg:  0.0, Max:  0.0, Diff:  0.0, Sum:  0.0, Workers: 4
[68.814s][debug][gc,phases      ] GC(16)     Dead                           Min: 0, Avg:  0.0, Max: 0, Diff: 0, Sum: 0, Workers: 4
[68.814s][debug][gc,phases      ] GC(16)     Total                          Min: 0, Avg:  0.0, Max: 0, Diff: 0, Sum: 0, Workers: 4
[68.814s][debug][gc,phases      ] GC(16)   StringTable Weak               Min:  0.0, Avg:  0.2, Max:  0.3, Diff:  0.3, Sum:  0.6, Workers: 4
[68.814s][debug][gc,phases      ] GC(16)     Dead                           Min: 0, Avg:  0.2, Max: 1, Diff: 1, Sum: 1, Workers: 4
[68.814s][debug][gc,phases      ] GC(16)     Total                          Min: 0, Avg: 10950.5, Max: 26496, Diff: 26496, Sum: 43802, Workers: 4
[68.814s][debug][gc,phases      ] GC(16)   ResolvedMethodTable Weak       Min:  0.0, Avg:  0.1, Max:  0.1, Diff:  0.1, Sum:  0.2, Workers: 4
[68.814s][debug][gc,phases      ] GC(16)     Dead                           Min: 0, Avg:  0.0, Max: 0, Diff: 0, Sum: 0, Workers: 4
[68.814s][debug][gc,phases      ] GC(16)     Total                          Min: 0, Avg: 2662.8, Max: 6592, Diff: 6592, Sum: 10651, Workers: 4
[68.814s][debug][gc,phases      ] GC(16)   JNI Weak                       Min:  0.0, Avg:  0.0, Max:  0.0, Diff:  0.0, Sum:  0.0, Workers: 4
[68.814s][debug][gc,phases      ] GC(16)     Dead                           Min: 0, Avg:  0.0, Max: 0, Diff: 0, Sum: 0, Workers: 4
[68.814s][debug][gc,phases      ] GC(16)     Total                          Min: 0, Avg: 12.0, Max: 48, Diff: 48, Sum: 48, Workers: 4
[68.814s][debug][gc,phases      ] GC(16)   StringDedup Table Weak         Min:  0.0, Avg:  0.0, Max:  0.0, Diff:  0.0, Sum:  0.0, Workers: 4
[68.814s][debug][gc,phases      ] GC(16)     Dead                           Min: 0, Avg:  0.0, Max: 0, Diff: 0, Sum: 0, Workers: 4
[68.814s][debug][gc,phases      ] GC(16)     Total                          Min: 0, Avg:  0.0, Max: 0, Diff: 0, Sum: 0, Workers: 4
[68.814s][debug][gc,phases      ] GC(16)   StringDedup Requests0 Weak     Min:  0.0, Avg:  0.0, Max:  0.0, Diff:  0.0, Sum:  0.0, Workers: 4
[68.814s][debug][gc,phases      ] GC(16)     Dead                           Min: 0, Avg:  0.0, Max: 0, Diff: 0, Sum: 0, Workers: 4
[68.814s][debug][gc,phases      ] GC(16)     Total                          Min: 0, Avg:  0.0, Max: 0, Diff: 0, Sum: 0, Workers: 4
[68.814s][debug][gc,phases      ] GC(16)   StringDedup Requests1 Weak     Min:  0.0, Avg:  0.0, Max:  0.0, Diff:  0.0, Sum:  0.0, Workers: 4
[68.814s][debug][gc,phases      ] GC(16)     Dead                           Min: 0, Avg:  0.0, Max: 0, Diff: 0, Sum: 0, Workers: 4
[68.814s][debug][gc,phases      ] GC(16)     Total                          Min: 0, Avg:  0.0, Max: 0, Diff: 0, Sum: 0, Workers: 4
[68.814s][debug][gc,phases      ] GC(16)   Weak JFR Old Object Samples    Min:  0.0, Avg:  0.0, Max:  0.0, Diff:  0.0, Sum:  0.0, Workers: 4
[68.814s][debug][gc,phases      ] GC(16)     Dead                           Min: 0, Avg:  0.0, Max: 0, Diff: 0, Sum: 0, Workers: 4
[68.814s][debug][gc,phases      ] GC(16)     Total                          Min: 0, Avg:  0.0, Max: 0, Diff: 0, Sum: 0, Workers: 4
[68.814s][debug][gc,phases      ] GC(16) Weak Processing 0.589ms
[68.814s][debug][gc,age         ] GC(16) Desired survivor size 449839104 bytes, new threshold 11 (max threshold 15)
[68.814s][info ][gc,heap        ] GC(16) PSYoungGen: 1396899K(1607680K)->260429K(1657856K) Eden: 1136640K(1136640K)->0K(1203200K) From: 260259K(471040K)->260429K(454656K)
[68.814s][info ][gc,heap        ] GC(16) ParOldGen: 151502K(238592K)->151510K(238592K)
[68.814s][info ][gc,metaspace   ] GC(16) Metaspace: 86196K(87232K)->86196K(87232K) NonClass: 73553K(74112K)->73553K(74112K) Class: 12643K(13120K)->12643K(13120K)
[68.814s][info ][gc             ] GC(16) Pause Young (Allocation Failure) 1512M->402M(1852M) 94.350ms
[68.814s][info ][gc,cpu         ] GC(16) User=0.26s Sys=0.01s Real=0.10s
[68.814s][info ][safepoint      ] Safepoint "ParallelGCFailedAllocation", Time since last: 701255705 ns, Reaching safepoint: 4200 ns, Cleanup: 18701 ns, At safepoint: 94411833 ns, Total: 94434734 ns
[69.814s][info ][safepoint      ] Safepoint "Cleanup", Time since last: 1000081809 ns, Reaching safepoint: 73601 ns, Cleanup: 15700 ns, At safepoint: 4800 ns, Total: 94101 ns
[70.814s][info ][safepoint      ] Safepoint "Cleanup", Time since last: 1000107700 ns, Reaching safepoint: 72301 ns, Cleanup: 20600 ns, At safepoint: 5500 ns, Total: 98401 ns
[71.815s][info ][safepoint      ] Safepoint "Cleanup", Time since last: 1000089500 ns, Reaching safepoint: 79901 ns, Cleanup: 17400 ns, At safepoint: 7300 ns, Total: 104601 ns
[72.815s][info ][safepoint      ] Safepoint "Cleanup", Time since last: 1000096900 ns, Reaching safepoint: 72301 ns, Cleanup: 22300 ns, At safepoint: 6900 ns, Total: 101501 ns
[73.815s][info ][safepoint      ] Safepoint "Cleanup", Time since last: 1000117600 ns, Reaching safepoint: 75601 ns, Cleanup: 26500 ns, At safepoint: 5100 ns, Total: 107201 ns
[74.815s][info ][safepoint      ] Safepoint "Cleanup", Time since last: 1000103300 ns, Reaching safepoint: 72701 ns, Cleanup: 24500 ns, At safepoint: 5300 ns, Total: 102501 ns
[75.816s][info ][safepoint      ] Safepoint "Cleanup", Time since last: 1000115000 ns, Reaching safepoint: 78301 ns, Cleanup: 22401 ns, At safepoint: 6400 ns, Total: 107102 ns
[76.816s][info ][safepoint      ] Safepoint "Cleanup", Time since last: 1000116700 ns, Reaching safepoint: 76301 ns, Cleanup: 19500 ns, At safepoint: 8600 ns, Total: 104401 ns
[78.816s][info ][safepoint      ] Safepoint "Cleanup", Time since last: 2000173679 ns, Reaching safepoint: 73901 ns, Cleanup: 15700 ns, At safepoint: 6800 ns, Total: 96401 ns
[79.816s][info ][safepoint      ] Safepoint "Cleanup", Time since last: 1000111968 ns, Reaching safepoint: 74101 ns, Cleanup: 16400 ns, At safepoint: 5600 ns, Total: 96101 ns
[80.816s][info ][safepoint      ] Safepoint "Cleanup", Time since last: 1000108467 ns, Reaching safepoint: 80802 ns, Cleanup: 19400 ns, At safepoint: 6100 ns, Total: 106302 ns
[81.817s][info ][safepoint      ] Safepoint "Cleanup", Time since last: 1000109467 ns, Reaching safepoint: 75501 ns, Cleanup: 18300 ns, At safepoint: 6201 ns, Total: 100002 ns
[82.817s][info ][safepoint      ] Safepoint "Cleanup", Time since last: 1000112167 ns, Reaching safepoint: 78501 ns, Cleanup: 8000 ns, At safepoint: 7500 ns, Total: 94001 ns
[83.817s][info ][safepoint      ] Safepoint "Cleanup", Time since last: 1000111368 ns, Reaching safepoint: 79801 ns, Cleanup: 26100 ns, At safepoint: 8300 ns, Total: 114201 ns
[84.314s][info ][gc,start       ] GC(17) Pause Young (Allocation Failure)
[84.396s][debug][gc,phases      ] GC(17) Scavenge 82.233ms
[84.396s][debug][gc,ref         ] GC(17) Skipped phase 1 of Reference Processing: no references
[84.396s][debug][gc,ref         ] GC(17) ReferenceProcessor::execute queues: 4, RefProcThreadModel::Multi, marks_oops_alive: false
[84.397s][debug][gc,ref         ] GC(17) Skipped phase 3 of Reference Processing: no references
[84.397s][debug][gc,ref         ] GC(17) ReferenceProcessor::execute queues: 1, RefProcThreadModel::Single, marks_oops_alive: false
[84.397s][debug][gc,phases      ] GC(17) Reference Processing 0.603ms
[84.397s][debug][gc,phases      ] GC(17)   VM Weak                        Min:  0.0, Avg:  0.0, Max:  0.0, Diff:  0.0, Sum:  0.0, Workers: 4
[84.397s][debug][gc,phases      ] GC(17)     Dead                           Min: 0, Avg:  0.0, Max: 0, Diff: 0, Sum: 0, Workers: 4
[84.397s][debug][gc,phases      ] GC(17)     Total                          Min: 0, Avg: 224.5, Max: 386, Diff: 386, Sum: 898, Workers: 4
[84.397s][debug][gc,phases      ] GC(17)   ObjectSynchronizer Weak        Min:  0.0, Avg:  0.0, Max:  0.0, Diff:  0.0, Sum:  0.0, Workers: 4
[84.397s][debug][gc,phases      ] GC(17)     Dead                           Min: 0, Avg:  0.0, Max: 0, Diff: 0, Sum: 0, Workers: 4
[84.397s][debug][gc,phases      ] GC(17)     Total                          Min: 0, Avg:  1.5, Max: 6, Diff: 6, Sum: 6, Workers: 4
[84.397s][debug][gc,phases      ] GC(17)   JVMTI Tag Weak OopStorage      Min:  0.0, Avg:  0.0, Max:  0.0, Diff:  0.0, Sum:  0.0, Workers: 4
[84.397s][debug][gc,phases      ] GC(17)     Dead                           Min: 0, Avg:  0.0, Max: 0, Diff: 0, Sum: 0, Workers: 4
[84.397s][debug][gc,phases      ] GC(17)     Total                          Min: 0, Avg:  0.0, Max: 0, Diff: 0, Sum: 0, Workers: 4
[84.397s][debug][gc,phases      ] GC(17)   StringTable Weak               Min:  0.0, Avg:  0.2, Max:  0.3, Diff:  0.3, Sum:  0.8, Workers: 4
[84.397s][debug][gc,phases      ] GC(17)     Dead                           Min: 0, Avg:  0.2, Max: 1, Diff: 1, Sum: 1, Workers: 4
[84.397s][debug][gc,phases      ] GC(17)     Total                          Min: 0, Avg: 10954.8, Max: 15040, Diff: 15040, Sum: 43819, Workers: 4
[84.397s][debug][gc,phases      ] GC(17)   ResolvedMethodTable Weak       Min:  0.0, Avg:  0.1, Max:  0.1, Diff:  0.1, Sum:  0.3, Workers: 4
[84.397s][debug][gc,phases      ] GC(17)     Dead                           Min: 0, Avg:  0.0, Max: 0, Diff: 0, Sum: 0, Workers: 4
[84.397s][debug][gc,phases      ] GC(17)     Total                          Min: 0, Avg: 2670.5, Max: 3710, Diff: 3710, Sum: 10682, Workers: 4
[84.397s][debug][gc,phases      ] GC(17)   JNI Weak                       Min:  0.0, Avg:  0.0, Max:  0.0, Diff:  0.0, Sum:  0.0, Workers: 4
[84.397s][debug][gc,phases      ] GC(17)     Dead                           Min: 0, Avg:  0.0, Max: 0, Diff: 0, Sum: 0, Workers: 4
[84.397s][debug][gc,phases      ] GC(17)     Total                          Min: 0, Avg: 12.0, Max: 48, Diff: 48, Sum: 48, Workers: 4
[84.397s][debug][gc,phases      ] GC(17)   StringDedup Table Weak         Min:  0.0, Avg:  0.0, Max:  0.0, Diff:  0.0, Sum:  0.0, Workers: 4
[84.397s][debug][gc,phases      ] GC(17)     Dead                           Min: 0, Avg:  0.0, Max: 0, Diff: 0, Sum: 0, Workers: 4
[84.397s][debug][gc,phases      ] GC(17)     Total                          Min: 0, Avg:  0.0, Max: 0, Diff: 0, Sum: 0, Workers: 4
[84.397s][debug][gc,phases      ] GC(17)   StringDedup Requests0 Weak     Min:  0.0, Avg:  0.0, Max:  0.0, Diff:  0.0, Sum:  0.0, Workers: 4
[84.397s][debug][gc,phases      ] GC(17)     Dead                           Min: 0, Avg:  0.0, Max: 0, Diff: 0, Sum: 0, Workers: 4
[84.397s][debug][gc,phases      ] GC(17)     Total                          Min: 0, Avg:  0.0, Max: 0, Diff: 0, Sum: 0, Workers: 4
[84.397s][debug][gc,phases      ] GC(17)   StringDedup Requests1 Weak     Min:  0.0, Avg:  0.0, Max:  0.0, Diff:  0.0, Sum:  0.0, Workers: 4
[84.397s][debug][gc,phases      ] GC(17)     Dead                           Min: 0, Avg:  0.0, Max: 0, Diff: 0, Sum: 0, Workers: 4
[84.397s][debug][gc,phases      ] GC(17)     Total                          Min: 0, Avg:  0.0, Max: 0, Diff: 0, Sum: 0, Workers: 4
[84.397s][debug][gc,phases      ] GC(17)   Weak JFR Old Object Samples    Min:  0.0, Avg:  0.0, Max:  0.0, Diff:  0.0, Sum:  0.0, Workers: 4
[84.397s][debug][gc,phases      ] GC(17)     Dead                           Min: 0, Avg:  0.0, Max: 0, Diff: 0, Sum: 0, Workers: 4
[84.397s][debug][gc,phases      ] GC(17)     Total                          Min: 0, Avg:  0.0, Max: 0, Diff: 0, Sum: 0, Workers: 4
[84.397s][debug][gc,phases      ] GC(17) Weak Processing 0.625ms
[84.397s][debug][gc,age         ] GC(17) Desired survivor size 435159040 bytes, new threshold 12 (max threshold 15)
[84.397s][info ][gc,heap        ] GC(17) PSYoungGen: 1463629K(1657856K)->260667K(1642496K) Eden: 1203200K(1203200K)->0K(1203200K) From: 260429K(454656K)->260667K(439296K)
[84.397s][info ][gc,heap        ] GC(17) ParOldGen: 151510K(238592K)->151518K(238592K)
[84.397s][info ][gc,metaspace   ] GC(17) Metaspace: 86304K(87360K)->86304K(87360K) NonClass: 73651K(74240K)->73651K(74240K) Class: 12652K(13120K)->12652K(13120K)
[84.397s][info ][gc             ] GC(17) Pause Young (Allocation Failure) 1577M->402M(1837M) 83.612ms
[84.397s][info ][gc,cpu         ] GC(17) User=0.24s Sys=0.00s Real=0.08s
[84.397s][info ][safepoint      ] Safepoint "ParallelGCFailedAllocation", Time since last: 496506934 ns, Reaching safepoint: 6100 ns, Cleanup: 13401 ns, At safepoint: 83685968 ns, Total: 83705469 ns
[86.397s][info ][safepoint      ] Safepoint "Cleanup", Time since last: 2000145513 ns, Reaching safepoint: 4600 ns, Cleanup: 35201 ns, At safepoint: 1700 ns, Total: 41501 ns
[87.398s][info ][safepoint      ] Safepoint "Cleanup", Time since last: 1000122126 ns, Reaching safepoint: 5700 ns, Cleanup: 10901 ns, At safepoint: 1600 ns, Total: 18201 ns
[88.398s][info ][safepoint      ] Safepoint "Cleanup", Time since last: 1000095826 ns, Reaching safepoint: 4100 ns, Cleanup: 18900 ns, At safepoint: 1700 ns, Total: 24700 ns
[89.398s][info ][safepoint      ] Safepoint "Cleanup", Time since last: 1000108827 ns, Reaching safepoint: 6000 ns, Cleanup: 10900 ns, At safepoint: 2600 ns, Total: 19500 ns
[90.398s][info ][safepoint      ] Safepoint "Cleanup", Time since last: 1000102526 ns, Reaching safepoint: 4700 ns, Cleanup: 17001 ns, At safepoint: 5200 ns, Total: 26901 ns
[91.398s][info ][safepoint      ] Safepoint "Cleanup", Time since last: 1000111526 ns, Reaching safepoint: 5000 ns, Cleanup: 9700 ns, At safepoint: 2000 ns, Total: 16700 ns
[92.398s][info ][safepoint      ] Safepoint "Cleanup", Time since last: 1000094627 ns, Reaching safepoint: 73001 ns, Cleanup: 28500 ns, At safepoint: 5100 ns, Total: 106601 ns
[93.398s][info ][safepoint      ] Safepoint "Cleanup", Time since last: 1000092622 ns, Reaching safepoint: 4200 ns, Cleanup: 10900 ns, At safepoint: 2000 ns, Total: 17100 ns
[95.179s][info ][safepoint      ] Safepoint "Cleanup", Time since last: 1780961615 ns, Reaching safepoint: 5200 ns, Cleanup: 72501 ns, At safepoint: 2100 ns, Total: 79801 ns
[96.180s][info ][safepoint      ] Safepoint "Cleanup", Time since last: 1000114847 ns, Reaching safepoint: 6100 ns, Cleanup: 13701 ns, At safepoint: 2100 ns, Total: 21901 ns
[97.180s][info ][safepoint      ] Safepoint "Cleanup", Time since last: 1000067246 ns, Reaching safepoint: 4300 ns, Cleanup: 10100 ns, At safepoint: 1300 ns, Total: 15700 ns
[98.310s][info ][safepoint      ] Safepoint "Cleanup", Time since last: 1129804669 ns, Reaching safepoint: 76001 ns, Cleanup: 6600 ns, At safepoint: 7601 ns, Total: 90202 ns
[99.310s][info ][safepoint      ] Safepoint "Cleanup", Time since last: 1000103147 ns, Reaching safepoint: 63601 ns, Cleanup: 9400 ns, At safepoint: 8900 ns, Total: 81901 ns
[100.310s][info ][safepoint      ] Safepoint "Cleanup", Time since last: 1000108847 ns, Reaching safepoint: 75601 ns, Cleanup: 13000 ns, At safepoint: 4800 ns, Total: 93401 ns
[100.412s][info ][gc,start       ] GC(18) Pause Young (Allocation Failure)
[100.495s][debug][gc,phases      ] GC(18) Scavenge 82.513ms
[100.495s][debug][gc,ref         ] GC(18) Skipped phase 1 of Reference Processing: no references
[100.495s][debug][gc,ref         ] GC(18) ReferenceProcessor::execute queues: 4, RefProcThreadModel::Multi, marks_oops_alive: false
[100.495s][debug][gc,ref         ] GC(18) Skipped phase 3 of Reference Processing: no references
[100.495s][debug][gc,ref         ] GC(18) ReferenceProcessor::execute queues: 1, RefProcThreadModel::Single, marks_oops_alive: false
[100.495s][debug][gc,phases      ] GC(18) Reference Processing 0.563ms
[100.496s][debug][gc,phases      ] GC(18)   VM Weak                        Min:  0.0, Avg:  0.0, Max:  0.0, Diff:  0.0, Sum:  0.0, Workers: 4
[100.496s][debug][gc,phases      ] GC(18)     Dead                           Min: 0, Avg:  0.0, Max: 0, Diff: 0, Sum: 0, Workers: 4
[100.496s][debug][gc,phases      ] GC(18)     Total                          Min: 0, Avg: 224.8, Max: 451, Diff: 451, Sum: 899, Workers: 4
[100.496s][debug][gc,phases      ] GC(18)   ObjectSynchronizer Weak        Min:  0.0, Avg:  0.0, Max:  0.0, Diff:  0.0, Sum:  0.0, Workers: 4
[100.496s][debug][gc,phases      ] GC(18)     Dead                           Min: 0, Avg:  0.0, Max: 0, Diff: 0, Sum: 0, Workers: 4
[100.496s][debug][gc,phases      ] GC(18)     Total                          Min: 0, Avg:  2.0, Max: 8, Diff: 8, Sum: 8, Workers: 4
[100.496s][debug][gc,phases      ] GC(18)   JVMTI Tag Weak OopStorage      Min:  0.0, Avg:  0.0, Max:  0.0, Diff:  0.0, Sum:  0.0, Workers: 4
[100.496s][debug][gc,phases      ] GC(18)     Dead                           Min: 0, Avg:  0.0, Max: 0, Diff: 0, Sum: 0, Workers: 4
[100.496s][debug][gc,phases      ] GC(18)     Total                          Min: 0, Avg:  0.0, Max: 0, Diff: 0, Sum: 0, Workers: 4
[100.496s][debug][gc,phases      ] GC(18)   StringTable Weak               Min:  0.0, Avg:  0.2, Max:  0.3, Diff:  0.3, Sum:  0.8, Workers: 4
[100.496s][debug][gc,phases      ] GC(18)     Dead                           Min: 0, Avg:  0.2, Max: 1, Diff: 1, Sum: 1, Workers: 4
[100.496s][debug][gc,phases      ] GC(18)     Total                          Min: 0, Avg: 10962.0, Max: 14920, Diff: 14920, Sum: 43848, Workers: 4
[100.496s][debug][gc,phases      ] GC(18)   ResolvedMethodTable Weak       Min:  0.0, Avg:  0.1, Max:  0.1, Diff:  0.1, Sum:  0.3, Workers: 4
[100.496s][debug][gc,phases      ] GC(18)     Dead                           Min: 0, Avg:  0.2, Max: 1, Diff: 1, Sum: 1, Workers: 4
[100.496s][debug][gc,phases      ] GC(18)     Total                          Min: 0, Avg: 2676.5, Max: 3730, Diff: 3730, Sum: 10706, Workers: 4
[100.496s][debug][gc,phases      ] GC(18)   JNI Weak                       Min:  0.0, Avg:  0.0, Max:  0.0, Diff:  0.0, Sum:  0.0, Workers: 4
[100.496s][debug][gc,phases      ] GC(18)     Dead                           Min: 0, Avg:  0.0, Max: 0, Diff: 0, Sum: 0, Workers: 4
[100.496s][debug][gc,phases      ] GC(18)     Total                          Min: 0, Avg: 12.0, Max: 48, Diff: 48, Sum: 48, Workers: 4
[100.496s][debug][gc,phases      ] GC(18)   StringDedup Table Weak         Min:  0.0, Avg:  0.0, Max:  0.0, Diff:  0.0, Sum:  0.0, Workers: 4
[100.496s][debug][gc,phases      ] GC(18)     Dead                           Min: 0, Avg:  0.0, Max: 0, Diff: 0, Sum: 0, Workers: 4
[100.496s][debug][gc,phases      ] GC(18)     Total                          Min: 0, Avg:  0.0, Max: 0, Diff: 0, Sum: 0, Workers: 4
[100.496s][debug][gc,phases      ] GC(18)   StringDedup Requests0 Weak     Min:  0.0, Avg:  0.0, Max:  0.0, Diff:  0.0, Sum:  0.0, Workers: 4
[100.496s][debug][gc,phases      ] GC(18)     Dead                           Min: 0, Avg:  0.0, Max: 0, Diff: 0, Sum: 0, Workers: 4
[100.496s][debug][gc,phases      ] GC(18)     Total                          Min: 0, Avg:  0.0, Max: 0, Diff: 0, Sum: 0, Workers: 4
[100.496s][debug][gc,phases      ] GC(18)   StringDedup Requests1 Weak     Min:  0.0, Avg:  0.0, Max:  0.0, Diff:  0.0, Sum:  0.0, Workers: 4
[100.496s][debug][gc,phases      ] GC(18)     Dead                           Min: 0, Avg:  0.0, Max: 0, Diff: 0, Sum: 0, Workers: 4
[100.496s][debug][gc,phases      ] GC(18)     Total                          Min: 0, Avg:  0.0, Max: 0, Diff: 0, Sum: 0, Workers: 4
[100.496s][debug][gc,phases      ] GC(18)   Weak JFR Old Object Samples    Min:  0.0, Avg:  0.0, Max:  0.0, Diff:  0.0, Sum:  0.0, Workers: 4
[100.496s][debug][gc,phases      ] GC(18)     Dead                           Min: 0, Avg:  0.0, Max: 0, Diff: 0, Sum: 0, Workers: 4
[100.496s][debug][gc,phases      ] GC(18)     Total                          Min: 0, Avg:  0.0, Max: 0, Diff: 0, Sum: 0, Workers: 4
[100.496s][debug][gc,phases      ] GC(18) Weak Processing 0.552ms
[100.496s][debug][gc,age         ] GC(18) Desired survivor size 421527552 bytes, new threshold 13 (max threshold 15)
[100.496s][info ][gc,heap        ] GC(18) PSYoungGen: 1463867K(1642496K)->260727K(1685504K) Eden: 1203200K(1203200K)->0K(1260544K) From: 260667K(439296K)->260727K(424960K)
[100.496s][info ][gc,heap        ] GC(18) ParOldGen: 151518K(238592K)->151526K(238592K)
[100.496s][info ][gc,metaspace   ] GC(18) Metaspace: 86413K(87488K)->86413K(87488K) NonClass: 73748K(74368K)->73748K(74368K) Class: 12664K(13120K)->12664K(13120K)
[100.496s][info ][gc             ] GC(18) Pause Young (Allocation Failure) 1577M->402M(1879M) 83.745ms
[100.496s][info ][gc,cpu         ] GC(18) User=0.26s Sys=0.01s Real=0.08s
[100.496s][info ][safepoint      ] Safepoint "ParallelGCFailedAllocation", Time since last: 101952032 ns, Reaching safepoint: 73001 ns, Cleanup: 3700 ns, At safepoint: 83815778 ns, Total: 83892479 ns
[101.496s][info ][safepoint      ] Safepoint "Cleanup", Time since last: 1000081916 ns, Reaching safepoint: 4100 ns, Cleanup: 11901 ns, At safepoint: 1600 ns, Total: 17601 ns
[102.496s][info ][safepoint      ] Safepoint "Cleanup", Time since last: 1000080826 ns, Reaching safepoint: 4100 ns, Cleanup: 32200 ns, At safepoint: 1800 ns, Total: 38100 ns
[103.496s][info ][safepoint      ] Safepoint "Cleanup", Time since last: 1000097026 ns, Reaching safepoint: 4700 ns, Cleanup: 19200 ns, At safepoint: 1700 ns, Total: 25600 ns
[104.496s][info ][safepoint      ] Safepoint "Cleanup", Time since last: 1000096027 ns, Reaching safepoint: 4500 ns, Cleanup: 19000 ns, At safepoint: 1500 ns, Total: 25000 ns
[105.496s][info ][safepoint      ] Safepoint "Cleanup", Time since last: 1000119800 ns, Reaching safepoint: 5700 ns, Cleanup: 11400 ns, At safepoint: 1800 ns, Total: 18900 ns
[106.497s][info ][safepoint      ] Safepoint "Cleanup", Time since last: 1000109964 ns, Reaching safepoint: 5800 ns, Cleanup: 12700 ns, At safepoint: 1500 ns, Total: 20000 ns
[107.497s][info ][safepoint      ] Safepoint "Cleanup", Time since last: 1000069664 ns, Reaching safepoint: 4100 ns, Cleanup: 12900 ns, At safepoint: 1800 ns, Total: 18800 ns
[108.497s][info ][safepoint      ] Safepoint "Cleanup", Time since last: 1000096564 ns, Reaching safepoint: 4800 ns, Cleanup: 17201 ns, At safepoint: 7200 ns, Total: 29201 ns
[109.497s][info ][safepoint      ] Safepoint "Cleanup", Time since last: 1000124458 ns, Reaching safepoint: 5400 ns, Cleanup: 24900 ns, At safepoint: 2300 ns, Total: 32600 ns
[110.497s][info ][safepoint      ] Safepoint "Cleanup", Time since last: 1000106045 ns, Reaching safepoint: 4400 ns, Cleanup: 13900 ns, At safepoint: 1500 ns, Total: 19800 ns
[111.497s][info ][safepoint      ] Safepoint "Cleanup", Time since last: 1000113744 ns, Reaching safepoint: 6100 ns, Cleanup: 21800 ns, At safepoint: 1700 ns, Total: 29600 ns
[112.497s][info ][safepoint      ] Safepoint "Cleanup", Time since last: 1000098344 ns, Reaching safepoint: 4401 ns, Cleanup: 12300 ns, At safepoint: 1400 ns, Total: 18101 ns
[113.497s][info ][safepoint      ] Safepoint "Cleanup", Time since last: 1000104644 ns, Reaching safepoint: 5000 ns, Cleanup: 17600 ns, At safepoint: 2300 ns, Total: 24900 ns
[114.498s][info ][safepoint      ] Safepoint "Cleanup", Time since last: 1000098044 ns, Reaching safepoint: 4200 ns, Cleanup: 12700 ns, At safepoint: 2300 ns, Total: 19200 ns
[115.498s][info ][safepoint      ] Safepoint "Cleanup", Time since last: 1000114245 ns, Reaching safepoint: 5400 ns, Cleanup: 17200 ns, At safepoint: 1900 ns, Total: 24500 ns
[116.498s][info ][safepoint      ] Safepoint "Cleanup", Time since last: 1000111544 ns, Reaching safepoint: 4400 ns, Cleanup: 8200 ns, At safepoint: 1600 ns, Total: 14200 ns
[117.498s][info ][safepoint      ] Safepoint "Cleanup", Time since last: 1000118543 ns, Reaching safepoint: 5600 ns, Cleanup: 13501 ns, At safepoint: 1900 ns, Total: 21001 ns
[117.543s][info ][gc,start       ] GC(19) Pause Young (Allocation Failure)
[117.616s][debug][gc,phases      ] GC(19) Scavenge 73.025ms
[117.616s][debug][gc,ref         ] GC(19) Skipped phase 1 of Reference Processing: no references
[117.616s][debug][gc,ref         ] GC(19) ReferenceProcessor::execute queues: 4, RefProcThreadModel::Multi, marks_oops_alive: false
[117.617s][debug][gc,ref         ] GC(19) Skipped phase 3 of Reference Processing: no references
[117.617s][debug][gc,ref         ] GC(19) ReferenceProcessor::execute queues: 1, RefProcThreadModel::Single, marks_oops_alive: false
[117.617s][debug][gc,phases      ] GC(19) Reference Processing 0.831ms
[117.617s][debug][gc,phases      ] GC(19)   VM Weak                        Min:  0.0, Avg:  0.0, Max:  0.0, Diff:  0.0, Sum:  0.0, Workers: 4
[117.617s][debug][gc,phases      ] GC(19)     Dead                           Min: 0, Avg:  0.0, Max: 0, Diff: 0, Sum: 0, Workers: 4
[117.617s][debug][gc,phases      ] GC(19)     Total                          Min: 0, Avg: 224.8, Max: 579, Diff: 579, Sum: 899, Workers: 4
[117.617s][debug][gc,phases      ] GC(19)   ObjectSynchronizer Weak        Min:  0.0, Avg:  0.0, Max:  0.0, Diff:  0.0, Sum:  0.0, Workers: 4
[117.617s][debug][gc,phases      ] GC(19)     Dead                           Min: 0, Avg:  0.0, Max: 0, Diff: 0, Sum: 0, Workers: 4
[117.617s][debug][gc,phases      ] GC(19)     Total                          Min: 0, Avg:  2.0, Max: 8, Diff: 8, Sum: 8, Workers: 4
[117.617s][debug][gc,phases      ] GC(19)   JVMTI Tag Weak OopStorage      Min:  0.0, Avg:  0.0, Max:  0.0, Diff:  0.0, Sum:  0.0, Workers: 4
[117.617s][debug][gc,phases      ] GC(19)     Dead                           Min: 0, Avg:  0.0, Max: 0, Diff: 0, Sum: 0, Workers: 4
[117.617s][debug][gc,phases      ] GC(19)     Total                          Min: 0, Avg:  0.0, Max: 0, Diff: 0, Sum: 0, Workers: 4
[117.617s][debug][gc,phases      ] GC(19)   StringTable Weak               Min:  0.0, Avg:  0.2, Max:  0.3, Diff:  0.3, Sum:  0.6, Workers: 4
[117.617s][debug][gc,phases      ] GC(19)     Dead                           Min: 0, Avg:  0.0, Max: 0, Diff: 0, Sum: 0, Workers: 4
[117.617s][debug][gc,phases      ] GC(19)     Total                          Min: 0, Avg: 10967.0, Max: 26560, Diff: 26560, Sum: 43868, Workers: 4
[117.617s][debug][gc,phases      ] GC(19)   ResolvedMethodTable Weak       Min:  0.0, Avg:  0.1, Max:  0.1, Diff:  0.1, Sum:  0.2, Workers: 4
[117.617s][debug][gc,phases      ] GC(19)     Dead                           Min: 0, Avg:  0.0, Max: 0, Diff: 0, Sum: 0, Workers: 4
[117.617s][debug][gc,phases      ] GC(19)     Total                          Min: 0, Avg: 2677.0, Max: 6612, Diff: 6612, Sum: 10708, Workers: 4
[117.617s][debug][gc,phases      ] GC(19)   JNI Weak                       Min:  0.0, Avg:  0.0, Max:  0.0, Diff:  0.0, Sum:  0.0, Workers: 4
[117.617s][debug][gc,phases      ] GC(19)     Dead                           Min: 0, Avg:  0.0, Max: 0, Diff: 0, Sum: 0, Workers: 4
[117.617s][debug][gc,phases      ] GC(19)     Total                          Min: 0, Avg: 12.0, Max: 48, Diff: 48, Sum: 48, Workers: 4
[117.617s][debug][gc,phases      ] GC(19)   StringDedup Table Weak         Min:  0.0, Avg:  0.0, Max:  0.0, Diff:  0.0, Sum:  0.0, Workers: 4
[117.617s][debug][gc,phases      ] GC(19)     Dead                           Min: 0, Avg:  0.0, Max: 0, Diff: 0, Sum: 0, Workers: 4
[117.617s][debug][gc,phases      ] GC(19)     Total                          Min: 0, Avg:  0.0, Max: 0, Diff: 0, Sum: 0, Workers: 4
[117.617s][debug][gc,phases      ] GC(19)   StringDedup Requests0 Weak     Min:  0.0, Avg:  0.0, Max:  0.0, Diff:  0.0, Sum:  0.0, Workers: 4
[117.617s][debug][gc,phases      ] GC(19)     Dead                           Min: 0, Avg:  0.0, Max: 0, Diff: 0, Sum: 0, Workers: 4
[117.617s][debug][gc,phases      ] GC(19)     Total                          Min: 0, Avg:  0.0, Max: 0, Diff: 0, Sum: 0, Workers: 4
[117.617s][debug][gc,phases      ] GC(19)   StringDedup Requests1 Weak     Min:  0.0, Avg:  0.0, Max:  0.0, Diff:  0.0, Sum:  0.0, Workers: 4
[117.617s][debug][gc,phases      ] GC(19)     Dead                           Min: 0, Avg:  0.0, Max: 0, Diff: 0, Sum: 0, Workers: 4
[117.617s][debug][gc,phases      ] GC(19)     Total                          Min: 0, Avg:  0.0, Max: 0, Diff: 0, Sum: 0, Workers: 4
[117.617s][debug][gc,phases      ] GC(19)   Weak JFR Old Object Samples    Min:  0.0, Avg:  0.0, Max:  0.0, Diff:  0.0, Sum:  0.0, Workers: 4
[117.617s][debug][gc,phases      ] GC(19)     Dead                           Min: 0, Avg:  0.0, Max: 0, Diff: 0, Sum: 0, Workers: 4
[117.617s][debug][gc,phases      ] GC(19)     Total                          Min: 0, Avg:  0.0, Max: 0, Diff: 0, Sum: 0, Workers: 4
[117.617s][debug][gc,phases      ] GC(19) Weak Processing 0.591ms
[117.617s][debug][gc,age         ] GC(19) Desired survivor size 409468928 bytes, new threshold 14 (max threshold 15)
[117.617s][info ][gc,heap        ] GC(19) PSYoungGen: 1521271K(1685504K)->260819K(1672192K) Eden: 1260544K(1260544K)->0K(1260544K) From: 260727K(424960K)->260819K(411648K)
[117.617s][info ][gc,heap        ] GC(19) ParOldGen: 151526K(238592K)->151534K(238592K)
[117.617s][info ][gc,metaspace   ] GC(19) Metaspace: 86457K(87488K)->86457K(87488K) NonClass: 73792K(74368K)->73792K(74368K) Class: 12665K(13120K)->12665K(13120K)
[117.617s][info ][gc             ] GC(19) Pause Young (Allocation Failure) 1633M->402M(1866M) 74.573ms
[117.617s][info ][gc,cpu         ] GC(19) User=0.24s Sys=0.00s Real=0.07s
[117.617s][info ][safepoint      ] Safepoint "ParallelGCFailedAllocation", Time since last: 44654893 ns, Reaching safepoint: 4800 ns, Cleanup: 3800 ns, At safepoint: 74644391 ns, Total: 74652991 ns
[118.618s][info ][safepoint      ] Safepoint "Cleanup", Time since last: 1000096482 ns, Reaching safepoint: 80601 ns, Cleanup: 207502 ns, At safepoint: 7701 ns, Total: 295804 ns
[119.618s][info ][safepoint      ] Safepoint "Cleanup", Time since last: 1000119281 ns, Reaching safepoint: 77101 ns, Cleanup: 34401 ns, At safepoint: 6200 ns, Total: 117702 ns
[121.113s][info ][safepoint      ] Safepoint "Cleanup", Time since last: 1495442960 ns, Reaching safepoint: 75201 ns, Cleanup: 21900 ns, At safepoint: 6800 ns, Total: 103901 ns
[122.886s][info ][safepoint      ] Safepoint "Cleanup", Time since last: 1772038733 ns, Reaching safepoint: 5300 ns, Cleanup: 145102 ns, At safepoint: 6000 ns, Total: 156402 ns
[123.886s][info ][safepoint      ] Safepoint "Cleanup", Time since last: 1000106582 ns, Reaching safepoint: 73101 ns, Cleanup: 21200 ns, At safepoint: 4000 ns, Total: 98301 ns
[124.886s][info ][safepoint      ] Safepoint "Cleanup", Time since last: 1000102882 ns, Reaching safepoint: 72201 ns, Cleanup: 18300 ns, At safepoint: 3900 ns, Total: 94401 ns
[125.886s][info ][safepoint      ] Safepoint "Cleanup", Time since last: 1000102522 ns, Reaching safepoint: 6500 ns, Cleanup: 29201 ns, At safepoint: 2300 ns, Total: 38001 ns
[126.886s][info ][safepoint      ] Safepoint "Cleanup", Time since last: 1000104872 ns, Reaching safepoint: 4100 ns, Cleanup: 15600 ns, At safepoint: 1500 ns, Total: 21200 ns
[127.886s][info ][safepoint      ] Safepoint "Cleanup", Time since last: 1000091073 ns, Reaching safepoint: 4400 ns, Cleanup: 11900 ns, At safepoint: 1700 ns, Total: 18000 ns
[128.887s][info ][safepoint      ] Safepoint "Cleanup", Time since last: 1000106973 ns, Reaching safepoint: 5000 ns, Cleanup: 21400 ns, At safepoint: 2000 ns, Total: 28400 ns
[130.831s][info ][safepoint      ] Safepoint "Cleanup", Time since last: 1944141983 ns, Reaching safepoint: 5600 ns, Cleanup: 135102 ns, At safepoint: 2500 ns, Total: 143202 ns
[131.831s][info ][safepoint      ] Safepoint "Cleanup", Time since last: 1000110518 ns, Reaching safepoint: 5100 ns, Cleanup: 18400 ns, At safepoint: 2200 ns, Total: 25700 ns
[132.831s][info ][safepoint      ] Safepoint "Cleanup", Time since last: 1000113419 ns, Reaching safepoint: 5900 ns, Cleanup: 9400 ns, At safepoint: 1900 ns, Total: 17200 ns
[133.831s][info ][safepoint      ] Safepoint "Cleanup", Time since last: 1000096837 ns, Reaching safepoint: 4900 ns, Cleanup: 15100 ns, At safepoint: 1500 ns, Total: 21500 ns
[134.060s][info ][gc,start       ] GC(20) Pause Young (Allocation Failure)
[134.185s][debug][gc,phases      ] GC(20) Scavenge 125.447ms
[134.185s][debug][gc,ref         ] GC(20) Skipped phase 1 of Reference Processing: no references
[134.185s][debug][gc,ref         ] GC(20) ReferenceProcessor::execute queues: 4, RefProcThreadModel::Multi, marks_oops_alive: false
[134.186s][debug][gc,ref         ] GC(20) Skipped phase 3 of Reference Processing: no references
[134.186s][debug][gc,ref         ] GC(20) ReferenceProcessor::execute queues: 1, RefProcThreadModel::Single, marks_oops_alive: false
[134.186s][debug][gc,phases      ] GC(20) Reference Processing 0.838ms
[134.187s][debug][gc,phases      ] GC(20)   VM Weak                        Min:  0.0, Avg:  0.0, Max:  0.0, Diff:  0.0, Sum:  0.0, Workers: 4
[134.187s][debug][gc,phases      ] GC(20)     Dead                           Min: 0, Avg:  0.0, Max: 0, Diff: 0, Sum: 0, Workers: 4
[134.187s][debug][gc,phases      ] GC(20)     Total                          Min: 0, Avg: 225.0, Max: 768, Diff: 768, Sum: 900, Workers: 4
[134.187s][debug][gc,phases      ] GC(20)   ObjectSynchronizer Weak        Min:  0.0, Avg:  0.0, Max:  0.0, Diff:  0.0, Sum:  0.0, Workers: 4
[134.187s][debug][gc,phases      ] GC(20)     Dead                           Min: 0, Avg:  0.0, Max: 0, Diff: 0, Sum: 0, Workers: 4
[134.187s][debug][gc,phases      ] GC(20)     Total                          Min: 0, Avg:  1.2, Max: 5, Diff: 5, Sum: 5, Workers: 4
[134.187s][debug][gc,phases      ] GC(20)   JVMTI Tag Weak OopStorage      Min:  0.0, Avg:  0.0, Max:  0.0, Diff:  0.0, Sum:  0.0, Workers: 4
[134.187s][debug][gc,phases      ] GC(20)     Dead                           Min: 0, Avg:  0.0, Max: 0, Diff: 0, Sum: 0, Workers: 4
[134.187s][debug][gc,phases      ] GC(20)     Total                          Min: 0, Avg:  0.0, Max: 0, Diff: 0, Sum: 0, Workers: 4
[134.187s][debug][gc,phases      ] GC(20)   StringTable Weak               Min:  0.0, Avg:  0.2, Max:  0.4, Diff:  0.4, Sum:  0.8, Workers: 4
[134.187s][debug][gc,phases      ] GC(20)     Dead                           Min: 0, Avg:  0.5, Max: 1, Diff: 1, Sum: 2, Workers: 4
[134.187s][debug][gc,phases      ] GC(20)     Total                          Min: 0, Avg: 10980.2, Max: 22464, Diff: 22464, Sum: 43921, Workers: 4
[134.187s][debug][gc,phases      ] GC(20)   ResolvedMethodTable Weak       Min:  0.0, Avg:  0.1, Max:  0.1, Diff:  0.1, Sum:  0.3, Workers: 4
[134.187s][debug][gc,phases      ] GC(20)     Dead                           Min: 0, Avg:  0.0, Max: 0, Diff: 0, Sum: 0, Workers: 4
[134.187s][debug][gc,phases      ] GC(20)     Total                          Min: 0, Avg: 2681.8, Max: 5480, Diff: 5480, Sum: 10727, Workers: 4
[134.187s][debug][gc,phases      ] GC(20)   JNI Weak                       Min:  0.0, Avg:  0.0, Max:  0.0, Diff:  0.0, Sum:  0.0, Workers: 4
[134.187s][debug][gc,phases      ] GC(20)     Dead                           Min: 0, Avg:  0.0, Max: 0, Diff: 0, Sum: 0, Workers: 4
[134.187s][debug][gc,phases      ] GC(20)     Total                          Min: 0, Avg: 12.0, Max: 48, Diff: 48, Sum: 48, Workers: 4
[134.187s][debug][gc,phases      ] GC(20)   StringDedup Table Weak         Min:  0.0, Avg:  0.0, Max:  0.0, Diff:  0.0, Sum:  0.0, Workers: 4
[134.187s][debug][gc,phases      ] GC(20)     Dead                           Min: 0, Avg:  0.0, Max: 0, Diff: 0, Sum: 0, Workers: 4
[134.187s][debug][gc,phases      ] GC(20)     Total                          Min: 0, Avg:  0.0, Max: 0, Diff: 0, Sum: 0, Workers: 4
[134.187s][debug][gc,phases      ] GC(20)   StringDedup Requests0 Weak     Min:  0.0, Avg:  0.0, Max:  0.0, Diff:  0.0, Sum:  0.0, Workers: 4
[134.187s][debug][gc,phases      ] GC(20)     Dead                           Min: 0, Avg:  0.0, Max: 0, Diff: 0, Sum: 0, Workers: 4
[134.187s][debug][gc,phases      ] GC(20)     Total                          Min: 0, Avg:  0.0, Max: 0, Diff: 0, Sum: 0, Workers: 4
[134.187s][debug][gc,phases      ] GC(20)   StringDedup Requests1 Weak     Min:  0.0, Avg:  0.0, Max:  0.0, Diff:  0.0, Sum:  0.0, Workers: 4
[134.187s][debug][gc,phases      ] GC(20)     Dead                           Min: 0, Avg:  0.0, Max: 0, Diff: 0, Sum: 0, Workers: 4
[134.187s][debug][gc,phases      ] GC(20)     Total                          Min: 0, Avg:  0.0, Max: 0, Diff: 0, Sum: 0, Workers: 4
[134.187s][debug][gc,phases      ] GC(20)   Weak JFR Old Object Samples    Min:  0.0, Avg:  0.0, Max:  0.0, Diff:  0.0, Sum:  0.0, Workers: 4
[134.187s][debug][gc,phases      ] GC(20)     Dead                           Min: 0, Avg:  0.0, Max: 0, Diff: 0, Sum: 0, Workers: 4
[134.187s][debug][gc,phases      ] GC(20)     Total                          Min: 0, Avg:  0.0, Max: 0, Diff: 0, Sum: 0, Workers: 4
[134.187s][debug][gc,phases      ] GC(20) Weak Processing 0.825ms
[134.187s][debug][gc,age         ] GC(20) Desired survivor size 397934592 bytes, new threshold 15 (max threshold 15)
[134.187s][info ][gc,heap        ] GC(20) PSYoungGen: 1521363K(1672192K)->260609K(1708544K) Eden: 1260544K(1260544K)->0K(1308672K) From: 260819K(411648K)->260609K(399872K)
[134.187s][info ][gc,heap        ] GC(20) ParOldGen: 151534K(238592K)->151542K(238592K)
[134.187s][info ][gc,metaspace   ] GC(20) Metaspace: 86584K(87616K)->86584K(87616K) NonClass: 73906K(74496K)->73906K(74496K) Class: 12678K(13120K)->12678K(13120K)
[134.187s][info ][gc             ] GC(20) Pause Young (Allocation Failure) 1633M->402M(1901M) 127.265ms
[134.187s][info ][gc,cpu         ] GC(20) User=0.26s Sys=0.00s Real=0.13s
[134.187s][info ][safepoint      ] Safepoint "ParallelGCFailedAllocation", Time since last: 228320289 ns, Reaching safepoint: 75401 ns, Cleanup: 10900 ns, At safepoint: 127342622 ns, Total: 127428923 ns
[135.187s][info ][safepoint      ] Safepoint "Cleanup", Time since last: 1000103227 ns, Reaching safepoint: 5700 ns, Cleanup: 19501 ns, At safepoint: 2300 ns, Total: 27501 ns
[136.187s][info ][safepoint      ] Safepoint "Cleanup", Time since last: 1000112227 ns, Reaching safepoint: 5600 ns, Cleanup: 16800 ns, At safepoint: 2200 ns, Total: 24600 ns
[137.187s][info ][safepoint      ] Safepoint "Cleanup", Time since last: 1000088627 ns, Reaching safepoint: 4200 ns, Cleanup: 15000 ns, At safepoint: 1801 ns, Total: 21001 ns
[138.187s][info ][safepoint      ] Safepoint "Cleanup", Time since last: 1000105227 ns, Reaching safepoint: 4200 ns, Cleanup: 22700 ns, At safepoint: 5000 ns, Total: 31900 ns
[139.258s][info ][safepoint      ] Safepoint "Cleanup", Time since last: 1070617981 ns, Reaching safepoint: 73101 ns, Cleanup: 29700 ns, At safepoint: 5600 ns, Total: 108401 ns
[140.726s][info ][safepoint      ] Safepoint "Cleanup", Time since last: 1468096158 ns, Reaching safepoint: 2700 ns, Cleanup: 7200 ns, At safepoint: 4500 ns, Total: 14400 ns
[141.726s][info ][safepoint      ] Safepoint "Cleanup", Time since last: 1000127221 ns, Reaching safepoint: 5400 ns, Cleanup: 23200 ns, At safepoint: 7500 ns, Total: 36100 ns
[142.727s][info ][safepoint      ] Safepoint "Cleanup", Time since last: 1000111215 ns, Reaching safepoint: 5600 ns, Cleanup: 20200 ns, At safepoint: 2000 ns, Total: 27800 ns
[143.727s][info ][safepoint      ] Safepoint "Cleanup", Time since last: 1000104315 ns, Reaching safepoint: 4400 ns, Cleanup: 7800 ns, At safepoint: 1600 ns, Total: 13800 ns
[144.727s][info ][safepoint      ] Safepoint "Cleanup", Time since last: 1000114114 ns, Reaching safepoint: 5401 ns, Cleanup: 14000 ns, At safepoint: 2600 ns, Total: 22001 ns
[145.727s][info ][safepoint      ] Safepoint "Cleanup", Time since last: 1000101114 ns, Reaching safepoint: 4100 ns, Cleanup: 8400 ns, At safepoint: 1700 ns, Total: 14200 ns
[147.081s][info ][safepoint      ] Safepoint "Cleanup", Time since last: 1354013697 ns, Reaching safepoint: 4700 ns, Cleanup: 54001 ns, At safepoint: 5100 ns, Total: 63801 ns
[148.081s][info ][safepoint      ] Safepoint "Cleanup", Time since last: 1000114915 ns, Reaching safepoint: 6000 ns, Cleanup: 14500 ns, At safepoint: 1800 ns, Total: 22300 ns
[149.081s][info ][safepoint      ] Safepoint "Cleanup", Time since last: 1000099914 ns, Reaching safepoint: 4500 ns, Cleanup: 25601 ns, At safepoint: 2600 ns, Total: 32701 ns
[150.713s][info ][gc,start       ] GC(21) Pause Young (Allocation Failure)
[150.784s][debug][gc,phases      ] GC(21) Scavenge 71.212ms
[150.784s][debug][gc,ref         ] GC(21) Skipped phase 1 of Reference Processing: no references
[150.784s][debug][gc,ref         ] GC(21) ReferenceProcessor::execute queues: 4, RefProcThreadModel::Multi, marks_oops_alive: false
[150.784s][debug][gc,ref         ] GC(21) Skipped phase 3 of Reference Processing: no references
[150.784s][debug][gc,ref         ] GC(21) ReferenceProcessor::execute queues: 1, RefProcThreadModel::Single, marks_oops_alive: false
[150.785s][debug][gc,phases      ] GC(21) Reference Processing 0.573ms
[150.785s][debug][gc,phases      ] GC(21)   VM Weak                        Min:  0.0, Avg:  0.0, Max:  0.0, Diff:  0.0, Sum:  0.0, Workers: 4
[150.785s][debug][gc,phases      ] GC(21)     Dead                           Min: 0, Avg:  0.0, Max: 0, Diff: 0, Sum: 0, Workers: 4
[150.785s][debug][gc,phases      ] GC(21)     Total                          Min: 0, Avg: 225.0, Max: 644, Diff: 644, Sum: 900, Workers: 4
[150.785s][debug][gc,phases      ] GC(21)   ObjectSynchronizer Weak        Min:  0.0, Avg:  0.0, Max:  0.0, Diff:  0.0, Sum:  0.0, Workers: 4
[150.785s][debug][gc,phases      ] GC(21)     Dead                           Min: 0, Avg:  0.0, Max: 0, Diff: 0, Sum: 0, Workers: 4
[150.785s][debug][gc,phases      ] GC(21)     Total                          Min: 0, Avg:  1.5, Max: 6, Diff: 6, Sum: 6, Workers: 4
[150.785s][debug][gc,phases      ] GC(21)   JVMTI Tag Weak OopStorage      Min:  0.0, Avg:  0.0, Max:  0.0, Diff:  0.0, Sum:  0.0, Workers: 4
[150.785s][debug][gc,phases      ] GC(21)     Dead                           Min: 0, Avg:  0.0, Max: 0, Diff: 0, Sum: 0, Workers: 4
[150.785s][debug][gc,phases      ] GC(21)     Total                          Min: 0, Avg:  0.0, Max: 0, Diff: 0, Sum: 0, Workers: 4
[150.785s][debug][gc,phases      ] GC(21)   StringTable Weak               Min:  0.0, Avg:  0.2, Max:  0.3, Diff:  0.3, Sum:  0.6, Workers: 4
[150.785s][debug][gc,phases      ] GC(21)     Dead                           Min: 0, Avg:  0.0, Max: 0, Diff: 0, Sum: 0, Workers: 4
[150.785s][debug][gc,phases      ] GC(21)     Total                          Min: 0, Avg: 10987.2, Max: 27310, Diff: 27310, Sum: 43949, Workers: 4
[150.785s][debug][gc,phases      ] GC(21)   ResolvedMethodTable Weak       Min:  0.0, Avg:  0.1, Max:  0.1, Diff:  0.1, Sum:  0.2, Workers: 4
[150.785s][debug][gc,phases      ] GC(21)     Dead                           Min: 0, Avg:  0.0, Max: 0, Diff: 0, Sum: 0, Workers: 4
[150.785s][debug][gc,phases      ] GC(21)     Total                          Min: 0, Avg: 2681.8, Max: 6464, Diff: 6464, Sum: 10727, Workers: 4
[150.785s][debug][gc,phases      ] GC(21)   JNI Weak                       Min:  0.0, Avg:  0.0, Max:  0.0, Diff:  0.0, Sum:  0.0, Workers: 4
[150.785s][debug][gc,phases      ] GC(21)     Dead                           Min: 0, Avg:  0.0, Max: 0, Diff: 0, Sum: 0, Workers: 4
[150.785s][debug][gc,phases      ] GC(21)     Total                          Min: 0, Avg: 12.0, Max: 48, Diff: 48, Sum: 48, Workers: 4
[150.785s][debug][gc,phases      ] GC(21)   StringDedup Table Weak         Min:  0.0, Avg:  0.0, Max:  0.0, Diff:  0.0, Sum:  0.0, Workers: 4
[150.785s][debug][gc,phases      ] GC(21)     Dead                           Min: 0, Avg:  0.0, Max: 0, Diff: 0, Sum: 0, Workers: 4
[150.785s][debug][gc,phases      ] GC(21)     Total                          Min: 0, Avg:  0.0, Max: 0, Diff: 0, Sum: 0, Workers: 4
[150.785s][debug][gc,phases      ] GC(21)   StringDedup Requests0 Weak     Min:  0.0, Avg:  0.0, Max:  0.0, Diff:  0.0, Sum:  0.0, Workers: 4
[150.785s][debug][gc,phases      ] GC(21)     Dead                           Min: 0, Avg:  0.0, Max: 0, Diff: 0, Sum: 0, Workers: 4
[150.785s][debug][gc,phases      ] GC(21)     Total                          Min: 0, Avg:  0.0, Max: 0, Diff: 0, Sum: 0, Workers: 4
[150.785s][debug][gc,phases      ] GC(21)   StringDedup Requests1 Weak     Min:  0.0, Avg:  0.0, Max:  0.0, Diff:  0.0, Sum:  0.0, Workers: 4
[150.785s][debug][gc,phases      ] GC(21)     Dead                           Min: 0, Avg:  0.0, Max: 0, Diff: 0, Sum: 0, Workers: 4
[150.785s][debug][gc,phases      ] GC(21)     Total                          Min: 0, Avg:  0.0, Max: 0, Diff: 0, Sum: 0, Workers: 4
[150.785s][debug][gc,phases      ] GC(21)   Weak JFR Old Object Samples    Min:  0.0, Avg:  0.0, Max:  0.0, Diff:  0.0, Sum:  0.0, Workers: 4
[150.785s][debug][gc,phases      ] GC(21)     Dead                           Min: 0, Avg:  0.0, Max: 0, Diff: 0, Sum: 0, Workers: 4
[150.785s][debug][gc,phases      ] GC(21)     Total                          Min: 0, Avg:  0.0, Max: 0, Diff: 0, Sum: 0, Workers: 4
[150.785s][debug][gc,phases      ] GC(21) Weak Processing 0.591ms
[150.785s][debug][gc,age         ] GC(21) Desired survivor size 387448832 bytes, new threshold 15 (max threshold 15)
[150.785s][info ][gc,heap        ] GC(21) PSYoungGen: 1569281K(1708544K)->260770K(1697280K) Eden: 1308672K(1308672K)->0K(1308672K) From: 260609K(399872K)->260770K(388608K)
[150.785s][info ][gc,heap        ] GC(21) ParOldGen: 151542K(238592K)->151542K(238592K)
[150.785s][info ][gc,metaspace   ] GC(21) Metaspace: 86665K(87680K)->86665K(87680K) NonClass: 73986K(74560K)->73986K(74560K) Class: 12678K(13120K)->12678K(13120K)
[150.785s][info ][gc             ] GC(21) Pause Young (Allocation Failure) 1680M->402M(1890M) 72.505ms
[150.785s][info ][gc,cpu         ] GC(21) User=0.24s Sys=0.00s Real=0.07s
[150.785s][info ][safepoint      ] Safepoint "ParallelGCFailedAllocation", Time since last: 1631258326 ns, Reaching safepoint: 4800 ns, Cleanup: 4100 ns, At safepoint: 72568926 ns, Total: 72577826 ns
[151.785s][info ][safepoint      ] Safepoint "Cleanup", Time since last: 1000085521 ns, Reaching safepoint: 4500 ns, Cleanup: 12300 ns, At safepoint: 1600 ns, Total: 18400 ns
[152.785s][info ][safepoint      ] Safepoint "Cleanup", Time since last: 1000111422 ns, Reaching safepoint: 4800 ns, Cleanup: 18600 ns, At safepoint: 2000 ns, Total: 25400 ns
[154.786s][info ][safepoint      ] Safepoint "Cleanup", Time since last: 2000174042 ns, Reaching safepoint: 4700 ns, Cleanup: 8800 ns, At safepoint: 1700 ns, Total: 15200 ns
[155.786s][info ][safepoint      ] Safepoint "Cleanup", Time since last: 1000102819 ns, Reaching safepoint: 3900 ns, Cleanup: 11000 ns, At safepoint: 1600 ns, Total: 16500 ns
[156.786s][info ][safepoint      ] Safepoint "Cleanup", Time since last: 1000101891 ns, Reaching safepoint: 4600 ns, Cleanup: 13701 ns, At safepoint: 1500 ns, Total: 19801 ns
[157.786s][info ][safepoint      ] Safepoint "Cleanup", Time since last: 1000099215 ns, Reaching safepoint: 4400 ns, Cleanup: 8900 ns, At safepoint: 1700 ns, Total: 15000 ns
[158.786s][info ][safepoint      ] Safepoint "Cleanup", Time since last: 1000102935 ns, Reaching safepoint: 4800 ns, Cleanup: 9900 ns, At safepoint: 1900 ns, Total: 16600 ns
[160.786s][info ][safepoint      ] Safepoint "Cleanup", Time since last: 2000170670 ns, Reaching safepoint: 4800 ns, Cleanup: 84601 ns, At safepoint: 2500 ns, Total: 91901 ns
[161.787s][info ][safepoint      ] Safepoint "Cleanup", Time since last: 1000117536 ns, Reaching safepoint: 3900 ns, Cleanup: 81501 ns, At safepoint: 5000 ns, Total: 90401 ns
[162.787s][info ][safepoint      ] Safepoint "Cleanup", Time since last: 1000103735 ns, Reaching safepoint: 4200 ns, Cleanup: 13300 ns, At safepoint: 1800 ns, Total: 19300 ns
[163.787s][info ][safepoint      ] Safepoint "Cleanup", Time since last: 1000110335 ns, Reaching safepoint: 4100 ns, Cleanup: 31601 ns, At safepoint: 1900 ns, Total: 37601 ns
[164.787s][info ][safepoint      ] Safepoint "Cleanup", Time since last: 1000106435 ns, Reaching safepoint: 4200 ns, Cleanup: 26300 ns, At safepoint: 1700 ns, Total: 32200 ns
[165.787s][info ][safepoint      ] Safepoint "Cleanup", Time since last: 1000093553 ns, Reaching safepoint: 4800 ns, Cleanup: 19200 ns, At safepoint: 1700 ns, Total: 25700 ns
[166.787s][info ][safepoint      ] Safepoint "Cleanup", Time since last: 1000097851 ns, Reaching safepoint: 4100 ns, Cleanup: 28000 ns, At safepoint: 6300 ns, Total: 38400 ns
[167.787s][info ][safepoint      ] Safepoint "Cleanup", Time since last: 1000114151 ns, Reaching safepoint: 5101 ns, Cleanup: 20200 ns, At safepoint: 2500 ns, Total: 27801 ns
[168.767s][info ][gc,start       ] GC(22) Pause Young (Allocation Failure)
[168.853s][debug][gc,phases      ] GC(22) Scavenge 86.710ms
[168.853s][debug][gc,ref         ] GC(22) Skipped phase 1 of Reference Processing: no references
[168.853s][debug][gc,ref         ] GC(22) ReferenceProcessor::execute queues: 4, RefProcThreadModel::Multi, marks_oops_alive: false
[168.854s][debug][gc,ref         ] GC(22) Skipped phase 3 of Reference Processing: no references
[168.854s][debug][gc,ref         ] GC(22) ReferenceProcessor::execute queues: 1, RefProcThreadModel::Single, marks_oops_alive: false
[168.854s][debug][gc,phases      ] GC(22) Reference Processing 0.403ms
[168.854s][debug][gc,phases      ] GC(22)   VM Weak                        Min:  0.0, Avg:  0.0, Max:  0.0, Diff:  0.0, Sum:  0.0, Workers: 4
[168.854s][debug][gc,phases      ] GC(22)     Dead                           Min: 0, Avg:  0.0, Max: 0, Diff: 0, Sum: 0, Workers: 4
[168.854s][debug][gc,phases      ] GC(22)     Total                          Min: 0, Avg: 226.0, Max: 512, Diff: 512, Sum: 904, Workers: 4
[168.854s][debug][gc,phases      ] GC(22)   ObjectSynchronizer Weak        Min:  0.0, Avg:  0.0, Max:  0.0, Diff:  0.0, Sum:  0.0, Workers: 4
[168.854s][debug][gc,phases      ] GC(22)     Dead                           Min: 0, Avg:  0.0, Max: 0, Diff: 0, Sum: 0, Workers: 4
[168.854s][debug][gc,phases      ] GC(22)     Total                          Min: 0, Avg:  1.5, Max: 6, Diff: 6, Sum: 6, Workers: 4
[168.854s][debug][gc,phases      ] GC(22)   JVMTI Tag Weak OopStorage      Min:  0.0, Avg:  0.0, Max:  0.0, Diff:  0.0, Sum:  0.0, Workers: 4
[168.854s][debug][gc,phases      ] GC(22)     Dead                           Min: 0, Avg:  0.0, Max: 0, Diff: 0, Sum: 0, Workers: 4
[168.854s][debug][gc,phases      ] GC(22)     Total                          Min: 0, Avg:  0.0, Max: 0, Diff: 0, Sum: 0, Workers: 4
[168.854s][debug][gc,phases      ] GC(22)   StringTable Weak               Min:  0.0, Avg:  0.2, Max:  0.3, Diff:  0.3, Sum:  0.8, Workers: 4
[168.854s][debug][gc,phases      ] GC(22)     Dead                           Min: 0, Avg:  0.2, Max: 1, Diff: 1, Sum: 1, Workers: 4
[168.854s][debug][gc,phases      ] GC(22)     Total                          Min: 0, Avg: 11001.2, Max: 15104, Diff: 15104, Sum: 44005, Workers: 4
[168.854s][debug][gc,phases      ] GC(22)   ResolvedMethodTable Weak       Min:  0.0, Avg:  0.1, Max:  0.1, Diff:  0.1, Sum:  0.3, Workers: 4
[168.854s][debug][gc,phases      ] GC(22)     Dead                           Min: 0, Avg:  0.0, Max: 0, Diff: 0, Sum: 0, Workers: 4
[168.854s][debug][gc,phases      ] GC(22)     Total                          Min: 0, Avg: 2685.8, Max: 3712, Diff: 3712, Sum: 10743, Workers: 4
[168.854s][debug][gc,phases      ] GC(22)   JNI Weak                       Min:  0.0, Avg:  0.0, Max:  0.0, Diff:  0.0, Sum:  0.0, Workers: 4
[168.854s][debug][gc,phases      ] GC(22)     Dead                           Min: 0, Avg:  0.0, Max: 0, Diff: 0, Sum: 0, Workers: 4
[168.854s][debug][gc,phases      ] GC(22)     Total                          Min: 0, Avg: 12.0, Max: 48, Diff: 48, Sum: 48, Workers: 4
[168.854s][debug][gc,phases      ] GC(22)   StringDedup Table Weak         Min:  0.0, Avg:  0.0, Max:  0.0, Diff:  0.0, Sum:  0.0, Workers: 4
[168.854s][debug][gc,phases      ] GC(22)     Dead                           Min: 0, Avg:  0.0, Max: 0, Diff: 0, Sum: 0, Workers: 4
[168.854s][debug][gc,phases      ] GC(22)     Total                          Min: 0, Avg:  0.0, Max: 0, Diff: 0, Sum: 0, Workers: 4
[168.854s][debug][gc,phases      ] GC(22)   StringDedup Requests0 Weak     Min:  0.0, Avg:  0.0, Max:  0.0, Diff:  0.0, Sum:  0.0, Workers: 4
[168.854s][debug][gc,phases      ] GC(22)     Dead                           Min: 0, Avg:  0.0, Max: 0, Diff: 0, Sum: 0, Workers: 4
[168.854s][debug][gc,phases      ] GC(22)     Total                          Min: 0, Avg:  0.0, Max: 0, Diff: 0, Sum: 0, Workers: 4
[168.854s][debug][gc,phases      ] GC(22)   StringDedup Requests1 Weak     Min:  0.0, Avg:  0.0, Max:  0.0, Diff:  0.0, Sum:  0.0, Workers: 4
[168.854s][debug][gc,phases      ] GC(22)     Dead                           Min: 0, Avg:  0.0, Max: 0, Diff: 0, Sum: 0, Workers: 4
[168.854s][debug][gc,phases      ] GC(22)     Total                          Min: 0, Avg:  0.0, Max: 0, Diff: 0, Sum: 0, Workers: 4
[168.854s][debug][gc,phases      ] GC(22)   Weak JFR Old Object Samples    Min:  0.0, Avg:  0.0, Max:  0.0, Diff:  0.0, Sum:  0.0, Workers: 4
[168.854s][debug][gc,phases      ] GC(22)     Dead                           Min: 0, Avg:  0.0, Max: 0, Diff: 0, Sum: 0, Workers: 4
[168.854s][debug][gc,phases      ] GC(22)     Total                          Min: 0, Avg:  0.0, Max: 0, Diff: 0, Sum: 0, Workers: 4
[168.854s][debug][gc,phases      ] GC(22) Weak Processing 0.670ms
[168.854s][debug][gc,age         ] GC(22) Desired survivor size 376438784 bytes, new threshold 15 (max threshold 15)
[168.854s][info ][gc,heap        ] GC(22) PSYoungGen: 1569442K(1697280K)->240380K(1729536K) Eden: 1308672K(1308672K)->0K(1351168K) From: 260770K(388608K)->240380K(378368K)
[168.854s][info ][gc,heap        ] GC(22) ParOldGen: 151542K(238592K)->172134K(238592K)
[168.854s][info ][gc,metaspace   ] GC(22) Metaspace: 86744K(87744K)->86744K(87744K) NonClass: 74059K(74624K)->74059K(74624K) Class: 12684K(13120K)->12684K(13120K)
[168.854s][info ][gc             ] GC(22) Pause Young (Allocation Failure) 1680M->402M(1922M) 87.940ms
[168.854s][info ][gc,cpu         ] GC(22) User=0.26s Sys=0.01s Real=0.09s
[168.855s][info ][safepoint      ] Safepoint "ParallelGCFailedAllocation", Time since last: 979118958 ns, Reaching safepoint: 4600 ns, Cleanup: 11700 ns, At safepoint: 88021728 ns, Total: 88038028 ns
[169.855s][info ][safepoint      ] Safepoint "Cleanup", Time since last: 1000080251 ns, Reaching safepoint: 4500 ns, Cleanup: 12000 ns, At safepoint: 1300 ns, Total: 17800 ns
[170.855s][info ][safepoint      ] Safepoint "Cleanup", Time since last: 1000086951 ns, Reaching safepoint: 5100 ns, Cleanup: 17500 ns, At safepoint: 1800 ns, Total: 24400 ns
[171.855s][info ][safepoint      ] Safepoint "Cleanup", Time since last: 1000068350 ns, Reaching safepoint: 4701 ns, Cleanup: 10300 ns, At safepoint: 1400 ns, Total: 16401 ns
[172.855s][info ][safepoint      ] Safepoint "Cleanup", Time since last: 1000101151 ns, Reaching safepoint: 5700 ns, Cleanup: 14500 ns, At safepoint: 1800 ns, Total: 22000 ns
[173.855s][info ][safepoint      ] Safepoint "Cleanup", Time since last: 1000107805 ns, Reaching safepoint: 5100 ns, Cleanup: 19101 ns, At safepoint: 1700 ns, Total: 25901 ns
[174.855s][info ][safepoint      ] Safepoint "Cleanup", Time since last: 1000105575 ns, Reaching safepoint: 5700 ns, Cleanup: 20101 ns, At safepoint: 2100 ns, Total: 27901 ns
[175.855s][info ][safepoint      ] Safepoint "Cleanup", Time since last: 1000065275 ns, Reaching safepoint: 4300 ns, Cleanup: 10300 ns, At safepoint: 1300 ns, Total: 15900 ns
[176.855s][info ][safepoint      ] Safepoint "Cleanup", Time since last: 1000097075 ns, Reaching safepoint: 5000 ns, Cleanup: 12300 ns, At safepoint: 1900 ns, Total: 19200 ns
[178.856s][info ][safepoint      ] Safepoint "Cleanup", Time since last: 2000172551 ns, Reaching safepoint: 5000 ns, Cleanup: 12700 ns, At safepoint: 1600 ns, Total: 19300 ns
[179.856s][info ][safepoint      ] Safepoint "Cleanup", Time since last: 1000109276 ns, Reaching safepoint: 4500 ns, Cleanup: 39101 ns, At safepoint: 1700 ns, Total: 45301 ns
[181.449s][info ][safepoint      ] Safepoint "Cleanup", Time since last: 1592729882 ns, Reaching safepoint: 4700 ns, Cleanup: 93101 ns, At safepoint: 6100 ns, Total: 103901 ns
[184.449s][info ][safepoint      ] Safepoint "Cleanup", Time since last: 3000216381 ns, Reaching safepoint: 4301 ns, Cleanup: 13000 ns, At safepoint: 2000 ns, Total: 19301 ns
[185.449s][info ][safepoint      ] Safepoint "Cleanup", Time since last: 1000106494 ns, Reaching safepoint: 4400 ns, Cleanup: 20400 ns, At safepoint: 1700 ns, Total: 26500 ns
[186.959s][info ][gc,start       ] GC(23) Pause Young (Allocation Failure)
[187.028s][debug][gc,phases      ] GC(23) Scavenge 68.348ms
[187.028s][debug][gc,ref         ] GC(23) Skipped phase 1 of Reference Processing: no references
[187.028s][debug][gc,ref         ] GC(23) ReferenceProcessor::execute queues: 1, RefProcThreadModel::Single, marks_oops_alive: false
[187.028s][debug][gc,ref         ] GC(23) Skipped phase 3 of Reference Processing: no references
[187.028s][debug][gc,ref         ] GC(23) ReferenceProcessor::execute queues: 1, RefProcThreadModel::Single, marks_oops_alive: false
[187.028s][debug][gc,phases      ] GC(23) Reference Processing 0.128ms
[187.028s][debug][gc,phases      ] GC(23)   VM Weak                        Min:  0.0, Avg:  0.0, Max:  0.0, Diff:  0.0, Sum:  0.0, Workers: 4
[187.028s][debug][gc,phases      ] GC(23)     Dead                           Min: 0, Avg:  0.0, Max: 0, Diff: 0, Sum: 0, Workers: 4
[187.028s][debug][gc,phases      ] GC(23)     Total                          Min: 0, Avg: 226.2, Max: 457, Diff: 457, Sum: 905, Workers: 4
[187.028s][debug][gc,phases      ] GC(23)   ObjectSynchronizer Weak        Min:  0.0, Avg:  0.0, Max:  0.0, Diff:  0.0, Sum:  0.0, Workers: 4
[187.028s][debug][gc,phases      ] GC(23)     Dead                           Min: 0, Avg:  0.0, Max: 0, Diff: 0, Sum: 0, Workers: 4
[187.028s][debug][gc,phases      ] GC(23)     Total                          Min: 0, Avg:  1.5, Max: 6, Diff: 6, Sum: 6, Workers: 4
[187.028s][debug][gc,phases      ] GC(23)   JVMTI Tag Weak OopStorage      Min:  0.0, Avg:  0.0, Max:  0.0, Diff:  0.0, Sum:  0.0, Workers: 4
[187.028s][debug][gc,phases      ] GC(23)     Dead                           Min: 0, Avg:  0.0, Max: 0, Diff: 0, Sum: 0, Workers: 4
[187.028s][debug][gc,phases      ] GC(23)     Total                          Min: 0, Avg:  0.0, Max: 0, Diff: 0, Sum: 0, Workers: 4
[187.028s][debug][gc,phases      ] GC(23)   StringTable Weak               Min:  0.0, Avg:  0.2, Max:  0.4, Diff:  0.4, Sum:  0.8, Workers: 4
[187.028s][debug][gc,phases      ] GC(23)     Dead                           Min: 0, Avg:  0.2, Max: 1, Diff: 1, Sum: 1, Workers: 4
[187.028s][debug][gc,phases      ] GC(23)     Total                          Min: 0, Avg: 11006.2, Max: 16122, Diff: 16122, Sum: 44025, Workers: 4
[187.028s][debug][gc,phases      ] GC(23)   ResolvedMethodTable Weak       Min:  0.0, Avg:  0.1, Max:  0.1, Diff:  0.1, Sum:  0.2, Workers: 4
[187.028s][debug][gc,phases      ] GC(23)     Dead                           Min: 0, Avg:  0.0, Max: 0, Diff: 0, Sum: 0, Workers: 4
[187.028s][debug][gc,phases      ] GC(23)     Total                          Min: 0, Avg: 2687.5, Max: 5568, Diff: 5568, Sum: 10750, Workers: 4
[187.028s][debug][gc,phases      ] GC(23)   JNI Weak                       Min:  0.0, Avg:  0.0, Max:  0.0, Diff:  0.0, Sum:  0.0, Workers: 4
[187.028s][debug][gc,phases      ] GC(23)     Dead                           Min: 0, Avg:  0.0, Max: 0, Diff: 0, Sum: 0, Workers: 4
[187.028s][debug][gc,phases      ] GC(23)     Total                          Min: 0, Avg: 12.0, Max: 48, Diff: 48, Sum: 48, Workers: 4
[187.028s][debug][gc,phases      ] GC(23)   StringDedup Table Weak         Min:  0.0, Avg:  0.0, Max:  0.0, Diff:  0.0, Sum:  0.0, Workers: 4
[187.028s][debug][gc,phases      ] GC(23)     Dead                           Min: 0, Avg:  0.0, Max: 0, Diff: 0, Sum: 0, Workers: 4
[187.028s][debug][gc,phases      ] GC(23)     Total                          Min: 0, Avg:  0.0, Max: 0, Diff: 0, Sum: 0, Workers: 4
[187.028s][debug][gc,phases      ] GC(23)   StringDedup Requests0 Weak     Min:  0.0, Avg:  0.0, Max:  0.0, Diff:  0.0, Sum:  0.0, Workers: 4
[187.028s][debug][gc,phases      ] GC(23)     Dead                           Min: 0, Avg:  0.0, Max: 0, Diff: 0, Sum: 0, Workers: 4
[187.028s][debug][gc,phases      ] GC(23)     Total                          Min: 0, Avg:  0.0, Max: 0, Diff: 0, Sum: 0, Workers: 4
[187.028s][debug][gc,phases      ] GC(23)   StringDedup Requests1 Weak     Min:  0.0, Avg:  0.0, Max:  0.0, Diff:  0.0, Sum:  0.0, Workers: 4
[187.028s][debug][gc,phases      ] GC(23)     Dead                           Min: 0, Avg:  0.0, Max: 0, Diff: 0, Sum: 0, Workers: 4
[187.028s][debug][gc,phases      ] GC(23)     Total                          Min: 0, Avg:  0.0, Max: 0, Diff: 0, Sum: 0, Workers: 4
[187.028s][debug][gc,phases      ] GC(23)   Weak JFR Old Object Samples    Min:  0.0, Avg:  0.0, Max:  0.0, Diff:  0.0, Sum:  0.0, Workers: 4
[187.028s][debug][gc,phases      ] GC(23)     Dead                           Min: 0, Avg:  0.0, Max: 0, Diff: 0, Sum: 0, Workers: 4
[187.028s][debug][gc,phases      ] GC(23)     Total                          Min: 0, Avg:  0.0, Max: 0, Diff: 0, Sum: 0, Workers: 4
[187.028s][debug][gc,phases      ] GC(23) Weak Processing 0.545ms
[187.028s][debug][gc,age         ] GC(23) Desired survivor size 371720192 bytes, new threshold 15 (max threshold 15)
[187.028s][info ][gc,heap        ] GC(23) PSYoungGen: 1591548K(1729536K)->211804K(1718784K) Eden: 1351168K(1351168K)->0K(1351168K) From: 240380K(378368K)->211804K(367616K)
[187.028s][info ][gc,heap        ] GC(23) ParOldGen: 172134K(238592K)->203061K(238592K)
[187.028s][info ][gc,metaspace   ] GC(23) Metaspace: 86846K(87872K)->86846K(87872K) NonClass: 74154K(74688K)->74154K(74688K) Class: 12691K(13184K)->12691K(13184K)
[187.028s][info ][gc             ] GC(23) Pause Young (Allocation Failure) 1722M->405M(1911M) 69.145ms
[187.028s][info ][gc,cpu         ] GC(23) User=0.23s Sys=0.00s Real=0.07s
[187.028s][debug][gc,phases      ] GC(24) Pre Compact 0.008ms
[187.028s][info ][gc,start       ] GC(24) Pause Full (Ergonomics)
[187.028s][info ][gc,phases,start] GC(24) Marking Phase
[187.168s][debug][gc,phases      ] GC(24) Par Mark 139.759ms
[187.168s][debug][gc,ref         ] GC(24) Skipped phase 1 of Reference Processing: no references
[187.168s][debug][gc,ref         ] GC(24) ReferenceProcessor::execute queues: 2, RefProcThreadModel::Multi, marks_oops_alive: false
[187.168s][debug][gc,ref         ] GC(24) ReferenceProcessor::execute queues: 4, RefProcThreadModel::Multi, marks_oops_alive: true
[187.169s][debug][gc,ref         ] GC(24) ReferenceProcessor::execute queues: 1, RefProcThreadModel::Single, marks_oops_alive: false
[187.169s][debug][gc,phases      ] GC(24) Reference Processing 0.321ms
[187.169s][debug][gc,phases      ] GC(24)   VM Weak                        Min:  0.0, Avg:  0.0, Max:  0.0, Diff:  0.0, Sum:  0.0, Workers: 4
[187.169s][debug][gc,phases      ] GC(24)     Dead                           Min: 0, Avg:  0.0, Max: 0, Diff: 0, Sum: 0, Workers: 4
[187.169s][debug][gc,phases      ] GC(24)     Total                          Min: 0, Avg: 226.2, Max: 521, Diff: 521, Sum: 905, Workers: 4
[187.169s][debug][gc,phases      ] GC(24)   ObjectSynchronizer Weak        Min:  0.0, Avg:  0.0, Max:  0.0, Diff:  0.0, Sum:  0.0, Workers: 4
[187.169s][debug][gc,phases      ] GC(24)     Dead                           Min: 0, Avg:  0.0, Max: 0, Diff: 0, Sum: 0, Workers: 4
[187.169s][debug][gc,phases      ] GC(24)     Total                          Min: 0, Avg:  1.5, Max: 6, Diff: 6, Sum: 6, Workers: 4
[187.169s][debug][gc,phases      ] GC(24)   JVMTI Tag Weak OopStorage      Min:  0.0, Avg:  0.0, Max:  0.0, Diff:  0.0, Sum:  0.0, Workers: 4
[187.169s][debug][gc,phases      ] GC(24)     Dead                           Min: 0, Avg:  0.0, Max: 0, Diff: 0, Sum: 0, Workers: 4
[187.169s][debug][gc,phases      ] GC(24)     Total                          Min: 0, Avg:  0.0, Max: 0, Diff: 0, Sum: 0, Workers: 4
[187.169s][debug][gc,phases      ] GC(24)   StringTable Weak               Min:  0.0, Avg:  0.2, Max:  0.3, Diff:  0.3, Sum:  0.6, Workers: 4
[187.169s][debug][gc,phases      ] GC(24)     Dead                           Min: 0, Avg:  0.0, Max: 0, Diff: 0, Sum: 0, Workers: 4
[187.169s][debug][gc,phases      ] GC(24)     Total                          Min: 0, Avg: 11006.2, Max: 22080, Diff: 22080, Sum: 44025, Workers: 4
[187.169s][debug][gc,phases      ] GC(24)   ResolvedMethodTable Weak       Min:  0.0, Avg:  0.0, Max:  0.1, Diff:  0.1, Sum:  0.2, Workers: 4
[187.169s][debug][gc,phases      ] GC(24)     Dead                           Min: 0, Avg:  0.0, Max: 0, Diff: 0, Sum: 0, Workers: 4
[187.169s][debug][gc,phases      ] GC(24)     Total                          Min: 0, Avg: 2687.5, Max: 6270, Diff: 6270, Sum: 10750, Workers: 4
[187.169s][debug][gc,phases      ] GC(24)   JNI Weak                       Min:  0.0, Avg:  0.0, Max:  0.0, Diff:  0.0, Sum:  0.0, Workers: 4
[187.169s][debug][gc,phases      ] GC(24)     Dead                           Min: 0, Avg:  0.0, Max: 0, Diff: 0, Sum: 0, Workers: 4
[187.169s][debug][gc,phases      ] GC(24)     Total                          Min: 0, Avg: 12.0, Max: 48, Diff: 48, Sum: 48, Workers: 4
[187.169s][debug][gc,phases      ] GC(24)   StringDedup Table Weak         Min:  0.0, Avg:  0.0, Max:  0.0, Diff:  0.0, Sum:  0.0, Workers: 4
[187.169s][debug][gc,phases      ] GC(24)     Dead                           Min: 0, Avg:  0.0, Max: 0, Diff: 0, Sum: 0, Workers: 4
[187.169s][debug][gc,phases      ] GC(24)     Total                          Min: 0, Avg:  0.0, Max: 0, Diff: 0, Sum: 0, Workers: 4
[187.169s][debug][gc,phases      ] GC(24)   StringDedup Requests0 Weak     Min:  0.0, Avg:  0.0, Max:  0.0, Diff:  0.0, Sum:  0.0, Workers: 4
[187.169s][debug][gc,phases      ] GC(24)     Dead                           Min: 0, Avg:  0.0, Max: 0, Diff: 0, Sum: 0, Workers: 4
[187.169s][debug][gc,phases      ] GC(24)     Total                          Min: 0, Avg:  0.0, Max: 0, Diff: 0, Sum: 0, Workers: 4
[187.169s][debug][gc,phases      ] GC(24)   StringDedup Requests1 Weak     Min:  0.0, Avg:  0.0, Max:  0.0, Diff:  0.0, Sum:  0.0, Workers: 4
[187.169s][debug][gc,phases      ] GC(24)     Dead                           Min: 0, Avg:  0.0, Max: 0, Diff: 0, Sum: 0, Workers: 4
[187.169s][debug][gc,phases      ] GC(24)     Total                          Min: 0, Avg:  0.0, Max: 0, Diff: 0, Sum: 0, Workers: 4
[187.169s][debug][gc,phases      ] GC(24)   Weak JFR Old Object Samples    Min:  0.0, Avg:  0.0, Max:  0.0, Diff:  0.0, Sum:  0.0, Workers: 4
[187.169s][debug][gc,phases      ] GC(24)     Dead                           Min: 0, Avg:  0.0, Max: 0, Diff: 0, Sum: 0, Workers: 4
[187.169s][debug][gc,phases      ] GC(24)     Total                          Min: 0, Avg:  0.0, Max: 0, Diff: 0, Sum: 0, Workers: 4
[187.169s][debug][gc,phases      ] GC(24) Weak Processing 0.582ms
[187.169s][debug][gc,phases      ] GC(24) ClassLoaderData 0.099ms
[187.169s][debug][gc,phases      ] GC(24) Trigger cleanups 0.000ms
[187.186s][debug][gc,phases      ] GC(24) Class Unloading 17.214ms
[187.186s][debug][gc,phases      ] GC(24) Report Object Count 0.001ms
[187.186s][info ][gc,phases      ] GC(24) Marking Phase 158.056ms
[187.186s][info ][gc,phases,start] GC(24) Summary Phase
[187.186s][info ][gc,phases      ] GC(24) Summary Phase 0.019ms
[187.186s][info ][gc,phases,start] GC(24) Adjust Roots
[187.204s][info ][gc,phases      ] GC(24) Adjust Roots 17.939ms
[187.204s][info ][gc,phases,start] GC(24) Compaction Phase
[187.520s][info ][gc,phases      ] GC(24) Compaction Phase 315.765ms
[187.520s][info ][gc,phases,start] GC(24) Post Compact
[187.524s][info ][gc,phases      ] GC(24) Post Compact 3.717ms
[187.524s][info ][gc,heap        ] GC(24) PSYoungGen: 211804K(1718784K)->169958K(1718784K) Eden: 0K(1351168K)->0K(1351168K) From: 211804K(367616K)->169958K(367616K)
[187.524s][info ][gc,heap        ] GC(24) ParOldGen: 203061K(238592K)->238308K(319488K)
[187.524s][info ][gc,metaspace   ] GC(24) Metaspace: 86846K(87872K)->86846K(87872K) NonClass: 74154K(74688K)->74154K(74688K) Class: 12691K(13184K)->12691K(13184K)
[187.524s][info ][gc             ] GC(24) Pause Full (Ergonomics) 405M->398M(1990M) 495.739ms
[187.524s][info ][gc,cpu         ] GC(24) User=1.40s Sys=0.01s Real=0.50s
[187.524s][info ][safepoint      ] Safepoint "ParallelGCFailedAllocation", Time since last: 1510180330 ns, Reaching safepoint: 4900 ns, Cleanup: 3700 ns, At safepoint: 565106695 ns, Total: 565115295 ns
[188.524s][info ][safepoint      ] Safepoint "Cleanup", Time since last: 1000087394 ns, Reaching safepoint: 4400 ns, Cleanup: 9300 ns, At safepoint: 1800 ns, Total: 15500 ns
[190.525s][info ][safepoint      ] Safepoint "Cleanup", Time since last: 2000178184 ns, Reaching safepoint: 5200 ns, Cleanup: 15400 ns, At safepoint: 2100 ns, Total: 22700 ns
[191.525s][info ][safepoint      ] Safepoint "Cleanup", Time since last: 1000111288 ns, Reaching safepoint: 4900 ns, Cleanup: 14600 ns, At safepoint: 2200 ns, Total: 21700 ns
[192.525s][info ][safepoint      ] Safepoint "Cleanup", Time since last: 1000105788 ns, Reaching safepoint: 3800 ns, Cleanup: 13300 ns, At safepoint: 2500 ns, Total: 19600 ns
[193.525s][info ][safepoint      ] Safepoint "Cleanup", Time since last: 1000105687 ns, Reaching safepoint: 4800 ns, Cleanup: 20001 ns, At safepoint: 1500 ns, Total: 26301 ns
[194.525s][info ][safepoint      ] Safepoint "Cleanup", Time since last: 1000111687 ns, Reaching safepoint: 4800 ns, Cleanup: 18201 ns, At safepoint: 2500 ns, Total: 25501 ns
[195.525s][info ][safepoint      ] Safepoint "Cleanup", Time since last: 1000113287 ns, Reaching safepoint: 5600 ns, Cleanup: 14300 ns, At safepoint: 2001 ns, Total: 21901 ns
[196.525s][info ][safepoint      ] Safepoint "Cleanup", Time since last: 1000104087 ns, Reaching safepoint: 77501 ns, Cleanup: 27900 ns, At safepoint: 5900 ns, Total: 111301 ns
[197.526s][info ][safepoint      ] Safepoint "Cleanup", Time since last: 1000108691 ns, Reaching safepoint: 4200 ns, Cleanup: 18500 ns, At safepoint: 1700 ns, Total: 24400 ns
[198.526s][info ][safepoint      ] Safepoint "Cleanup", Time since last: 1000108408 ns, Reaching safepoint: 5600 ns, Cleanup: 10000 ns, At safepoint: 2300 ns, Total: 17900 ns
[199.526s][info ][safepoint      ] Safepoint "Cleanup", Time since last: 1000100608 ns, Reaching safepoint: 4200 ns, Cleanup: 46400 ns, At safepoint: 1400 ns, Total: 52000 ns
[200.526s][info ][safepoint      ] Safepoint "Cleanup", Time since last: 1000100108 ns, Reaching safepoint: 4400 ns, Cleanup: 18200 ns, At safepoint: 1600 ns, Total: 24200 ns
[201.526s][info ][safepoint      ] Safepoint "Cleanup", Time since last: 1000089608 ns, Reaching safepoint: 5700 ns, Cleanup: 28800 ns, At safepoint: 2800 ns, Total: 37300 ns
[202.263s][info ][gc,start       ] GC(25) Pause Young (Allocation Failure)
[202.344s][debug][gc,phases      ] GC(25) Scavenge 80.792ms
[202.344s][debug][gc,ref         ] GC(25) Skipped phase 1 of Reference Processing: no references
[202.344s][debug][gc,ref         ] GC(25) ReferenceProcessor::execute queues: 2, RefProcThreadModel::Multi, marks_oops_alive: false
[202.344s][debug][gc,ref         ] GC(25) Skipped phase 3 of Reference Processing: no references
[202.344s][debug][gc,ref         ] GC(25) ReferenceProcessor::execute queues: 1, RefProcThreadModel::Single, marks_oops_alive: false
[202.344s][debug][gc,phases      ] GC(25) Reference Processing 0.244ms
[202.344s][debug][gc,phases      ] GC(25)   VM Weak                        Min:  0.0, Avg:  0.0, Max:  0.0, Diff:  0.0, Sum:  0.0, Workers: 4
[202.344s][debug][gc,phases      ] GC(25)     Dead                           Min: 0, Avg:  0.0, Max: 0, Diff: 0, Sum: 0, Workers: 4
[202.344s][debug][gc,phases      ] GC(25)     Total                          Min: 0, Avg: 227.2, Max: 512, Diff: 512, Sum: 909, Workers: 4
[202.344s][debug][gc,phases      ] GC(25)   ObjectSynchronizer Weak        Min:  0.0, Avg:  0.0, Max:  0.0, Diff:  0.0, Sum:  0.0, Workers: 4
[202.344s][debug][gc,phases      ] GC(25)     Dead                           Min: 0, Avg:  0.0, Max: 0, Diff: 0, Sum: 0, Workers: 4
[202.344s][debug][gc,phases      ] GC(25)     Total                          Min: 0, Avg:  1.5, Max: 6, Diff: 6, Sum: 6, Workers: 4
[202.344s][debug][gc,phases      ] GC(25)   JVMTI Tag Weak OopStorage      Min:  0.0, Avg:  0.0, Max:  0.0, Diff:  0.0, Sum:  0.0, Workers: 4
[202.344s][debug][gc,phases      ] GC(25)     Dead                           Min: 0, Avg:  0.0, Max: 0, Diff: 0, Sum: 0, Workers: 4
[202.344s][debug][gc,phases      ] GC(25)     Total                          Min: 0, Avg:  0.0, Max: 0, Diff: 0, Sum: 0, Workers: 4
[202.344s][debug][gc,phases      ] GC(25)   StringTable Weak               Min:  0.0, Avg:  0.1, Max:  0.2, Diff:  0.2, Sum:  0.5, Workers: 4
[202.344s][debug][gc,phases      ] GC(25)     Dead                           Min: 0, Avg:  0.5, Max: 2, Diff: 2, Sum: 2, Workers: 4
[202.344s][debug][gc,phases      ] GC(25)     Total                          Min: 0, Avg: 11014.8, Max: 15551, Diff: 15551, Sum: 44059, Workers: 4
[202.344s][debug][gc,phases      ] GC(25)   ResolvedMethodTable Weak       Min:  0.0, Avg:  0.0, Max:  0.0, Diff:  0.0, Sum:  0.1, Workers: 4
[202.344s][debug][gc,phases      ] GC(25)     Dead                           Min: 0, Avg:  0.0, Max: 0, Diff: 0, Sum: 0, Workers: 4
[202.344s][debug][gc,phases      ] GC(25)     Total                          Min: 0, Avg: 2694.2, Max: 3801, Diff: 3801, Sum: 10777, Workers: 4
[202.344s][debug][gc,phases      ] GC(25)   JNI Weak                       Min:  0.0, Avg:  0.0, Max:  0.0, Diff:  0.0, Sum:  0.0, Workers: 4
[202.344s][debug][gc,phases      ] GC(25)     Dead                           Min: 0, Avg:  0.0, Max: 0, Diff: 0, Sum: 0, Workers: 4
[202.344s][debug][gc,phases      ] GC(25)     Total                          Min: 0, Avg: 12.0, Max: 48, Diff: 48, Sum: 48, Workers: 4
[202.344s][debug][gc,phases      ] GC(25)   StringDedup Table Weak         Min:  0.0, Avg:  0.0, Max:  0.0, Diff:  0.0, Sum:  0.0, Workers: 4
[202.344s][debug][gc,phases      ] GC(25)     Dead                           Min: 0, Avg:  0.0, Max: 0, Diff: 0, Sum: 0, Workers: 4
[202.344s][debug][gc,phases      ] GC(25)     Total                          Min: 0, Avg:  0.0, Max: 0, Diff: 0, Sum: 0, Workers: 4
[202.344s][debug][gc,phases      ] GC(25)   StringDedup Requests0 Weak     Min:  0.0, Avg:  0.0, Max:  0.0, Diff:  0.0, Sum:  0.0, Workers: 4
[202.344s][debug][gc,phases      ] GC(25)     Dead                           Min: 0, Avg:  0.0, Max: 0, Diff: 0, Sum: 0, Workers: 4
[202.344s][debug][gc,phases      ] GC(25)     Total                          Min: 0, Avg:  0.0, Max: 0, Diff: 0, Sum: 0, Workers: 4
[202.344s][debug][gc,phases      ] GC(25)   StringDedup Requests1 Weak     Min:  0.0, Avg:  0.0, Max:  0.0, Diff:  0.0, Sum:  0.0, Workers: 4
[202.344s][debug][gc,phases      ] GC(25)     Dead                           Min: 0, Avg:  0.0, Max: 0, Diff: 0, Sum: 0, Workers: 4
[202.344s][debug][gc,phases      ] GC(25)     Total                          Min: 0, Avg:  0.0, Max: 0, Diff: 0, Sum: 0, Workers: 4
[202.344s][debug][gc,phases      ] GC(25)   Weak JFR Old Object Samples    Min:  0.0, Avg:  0.0, Max:  0.0, Diff:  0.0, Sum:  0.0, Workers: 4
[202.344s][debug][gc,phases      ] GC(25)     Dead                           Min: 0, Avg:  0.0, Max: 0, Diff: 0, Sum: 0, Workers: 4
[202.344s][debug][gc,phases      ] GC(25)     Total                          Min: 0, Avg:  0.0, Max: 0, Diff: 0, Sum: 0, Workers: 4
[202.344s][debug][gc,phases      ] GC(25) Weak Processing 0.399ms
[202.344s][debug][gc,age         ] GC(25) Desired survivor size 372244480 bytes, new threshold 15 (max threshold 15)
[202.344s][info ][gc,heap        ] GC(25) PSYoungGen: 1521126K(1718784K)->175953K(1733120K) Eden: 1351168K(1351168K)->0K(1370112K) From: 169958K(367616K)->175953K(363008K)
[202.344s][info ][gc,heap        ] GC(25) ParOldGen: 238308K(319488K)->248100K(319488K)
[202.344s][info ][gc,metaspace   ] GC(25) Metaspace: 86946K(88000K)->86946K(88000K) NonClass: 74241K(74816K)->74241K(74816K) Class: 12705K(13184K)->12705K(13184K)
[202.344s][info ][gc             ] GC(25) Pause Young (Allocation Failure) 1718M->414M(2004M) 81.548ms
[202.344s][info ][gc,cpu         ] GC(25) User=0.26s Sys=0.00s Real=0.08s
[202.344s][info ][safepoint      ] Safepoint "ParallelGCFailedAllocation", Time since last: 736525269 ns, Reaching safepoint: 46900 ns, Cleanup: 13000 ns, At safepoint: 81615427 ns, Total: 81675327 ns
[203.344s][info ][safepoint      ] Safepoint "Cleanup", Time since last: 1000090908 ns, Reaching safepoint: 5900 ns, Cleanup: 69501 ns, At safepoint: 2700 ns, Total: 78101 ns
[204.345s][info ][safepoint      ] Safepoint "Cleanup", Time since last: 1000105307 ns, Reaching safepoint: 4600 ns, Cleanup: 11100 ns, At safepoint: 4200 ns, Total: 19900 ns
[205.813s][info ][safepoint      ] Safepoint "Cleanup", Time since last: 1468028141 ns, Reaching safepoint: 73501 ns, Cleanup: 55600 ns, At safepoint: 8400 ns, Total: 137501 ns
[207.389s][info ][safepoint      ] Safepoint "Cleanup", Time since last: 1576011377 ns, Reaching safepoint: 4600 ns, Cleanup: 12201 ns, At safepoint: 1700 ns, Total: 18501 ns
[208.389s][info ][safepoint      ] Safepoint "Cleanup", Time since last: 1000115055 ns, Reaching safepoint: 5701 ns, Cleanup: 26800 ns, At safepoint: 7400 ns, Total: 39901 ns
[209.389s][info ][safepoint      ] Safepoint "Cleanup", Time since last: 1000109156 ns, Reaching safepoint: 74001 ns, Cleanup: 17400 ns, At safepoint: 4100 ns, Total: 95501 ns
[210.389s][info ][safepoint      ] Safepoint "Cleanup", Time since last: 1000098256 ns, Reaching safepoint: 5000 ns, Cleanup: 7500 ns, At safepoint: 2100 ns, Total: 14600 ns
[211.389s][info ][safepoint      ] Safepoint "Cleanup", Time since last: 1000094156 ns, Reaching safepoint: 4000 ns, Cleanup: 36800 ns, At safepoint: 1400 ns, Total: 42200 ns
[212.390s][info ][safepoint      ] Safepoint "Cleanup", Time since last: 1000109356 ns, Reaching safepoint: 6000 ns, Cleanup: 9100 ns, At safepoint: 2400 ns, Total: 17500 ns
[213.390s][info ][safepoint      ] Safepoint "Cleanup", Time since last: 1000126857 ns, Reaching safepoint: 4500 ns, Cleanup: 10900 ns, At safepoint: 1800 ns, Total: 17200 ns
[214.390s][info ][safepoint      ] Safepoint "Cleanup", Time since last: 1000122166 ns, Reaching safepoint: 5600 ns, Cleanup: 18701 ns, At safepoint: 2600 ns, Total: 26901 ns
[215.390s][info ][safepoint      ] Safepoint "Cleanup", Time since last: 1000079065 ns, Reaching safepoint: 4800 ns, Cleanup: 14000 ns, At safepoint: 2000 ns, Total: 20800 ns
[216.390s][info ][safepoint      ] Safepoint "Cleanup", Time since last: 1000114666 ns, Reaching safepoint: 5600 ns, Cleanup: 10100 ns, At safepoint: 2300 ns, Total: 18000 ns
[216.809s][info ][gc,start       ] GC(26) Pause Young (Allocation Failure)
[216.866s][debug][gc,phases      ] GC(26) Scavenge 56.814ms
[216.866s][debug][gc,ref         ] GC(26) Skipped phase 1 of Reference Processing: no references
[216.866s][debug][gc,ref         ] GC(26) ReferenceProcessor::execute queues: 2, RefProcThreadModel::Multi, marks_oops_alive: false
[216.867s][debug][gc,ref         ] GC(26) Skipped phase 3 of Reference Processing: no references
[216.867s][debug][gc,ref         ] GC(26) ReferenceProcessor::execute queues: 1, RefProcThreadModel::Single, marks_oops_alive: false
[216.867s][debug][gc,phases      ] GC(26) Reference Processing 0.264ms
[216.867s][debug][gc,phases      ] GC(26)   VM Weak                        Min:  0.0, Avg:  0.0, Max:  0.0, Diff:  0.0, Sum:  0.0, Workers: 4
[216.867s][debug][gc,phases      ] GC(26)     Dead                           Min: 0, Avg:  0.0, Max: 0, Diff: 0, Sum: 0, Workers: 4
[216.867s][debug][gc,phases      ] GC(26)     Total                          Min: 0, Avg: 227.2, Max: 461, Diff: 461, Sum: 909, Workers: 4
[216.867s][debug][gc,phases      ] GC(26)   ObjectSynchronizer Weak        Min:  0.0, Avg:  0.0, Max:  0.0, Diff:  0.0, Sum:  0.0, Workers: 4
[216.867s][debug][gc,phases      ] GC(26)     Dead                           Min: 0, Avg:  0.0, Max: 0, Diff: 0, Sum: 0, Workers: 4
[216.867s][debug][gc,phases      ] GC(26)     Total                          Min: 0, Avg:  1.5, Max: 6, Diff: 6, Sum: 6, Workers: 4
[216.867s][debug][gc,phases      ] GC(26)   JVMTI Tag Weak OopStorage      Min:  0.0, Avg:  0.0, Max:  0.0, Diff:  0.0, Sum:  0.0, Workers: 4
[216.867s][debug][gc,phases      ] GC(26)     Dead                           Min: 0, Avg:  0.0, Max: 0, Diff: 0, Sum: 0, Workers: 4
[216.867s][debug][gc,phases      ] GC(26)     Total                          Min: 0, Avg:  0.0, Max: 0, Diff: 0, Sum: 0, Workers: 4
[216.867s][debug][gc,phases      ] GC(26)   StringTable Weak               Min:  0.0, Avg:  0.1, Max:  0.2, Diff:  0.2, Sum:  0.5, Workers: 4
[216.867s][debug][gc,phases      ] GC(26)     Dead                           Min: 0, Avg:  0.2, Max: 1, Diff: 1, Sum: 1, Workers: 4
[216.867s][debug][gc,phases      ] GC(26)     Total                          Min: 0, Avg: 11021.5, Max: 14782, Diff: 14782, Sum: 44086, Workers: 4
[216.867s][debug][gc,phases      ] GC(26)   ResolvedMethodTable Weak       Min:  0.0, Avg:  0.0, Max:  0.0, Diff:  0.0, Sum:  0.1, Workers: 4
[216.867s][debug][gc,phases      ] GC(26)     Dead                           Min: 0, Avg:  0.0, Max: 0, Diff: 0, Sum: 0, Workers: 4
[216.867s][debug][gc,phases      ] GC(26)     Total                          Min: 0, Avg: 2697.8, Max: 3840, Diff: 3840, Sum: 10791, Workers: 4
[216.867s][debug][gc,phases      ] GC(26)   JNI Weak                       Min:  0.0, Avg:  0.0, Max:  0.0, Diff:  0.0, Sum:  0.0, Workers: 4
[216.867s][debug][gc,phases      ] GC(26)     Dead                           Min: 0, Avg:  0.0, Max: 0, Diff: 0, Sum: 0, Workers: 4
[216.867s][debug][gc,phases      ] GC(26)     Total                          Min: 0, Avg: 12.0, Max: 48, Diff: 48, Sum: 48, Workers: 4
[216.867s][debug][gc,phases      ] GC(26)   StringDedup Table Weak         Min:  0.0, Avg:  0.0, Max:  0.0, Diff:  0.0, Sum:  0.0, Workers: 4
[216.867s][debug][gc,phases      ] GC(26)     Dead                           Min: 0, Avg:  0.0, Max: 0, Diff: 0, Sum: 0, Workers: 4
[216.867s][debug][gc,phases      ] GC(26)     Total                          Min: 0, Avg:  0.0, Max: 0, Diff: 0, Sum: 0, Workers: 4
[216.867s][debug][gc,phases      ] GC(26)   StringDedup Requests0 Weak     Min:  0.0, Avg:  0.0, Max:  0.0, Diff:  0.0, Sum:  0.0, Workers: 4
[216.867s][debug][gc,phases      ] GC(26)     Dead                           Min: 0, Avg:  0.0, Max: 0, Diff: 0, Sum: 0, Workers: 4
[216.867s][debug][gc,phases      ] GC(26)     Total                          Min: 0, Avg:  0.0, Max: 0, Diff: 0, Sum: 0, Workers: 4
[216.867s][debug][gc,phases      ] GC(26)   StringDedup Requests1 Weak     Min:  0.0, Avg:  0.0, Max:  0.0, Diff:  0.0, Sum:  0.0, Workers: 4
[216.867s][debug][gc,phases      ] GC(26)     Dead                           Min: 0, Avg:  0.0, Max: 0, Diff: 0, Sum: 0, Workers: 4
[216.867s][debug][gc,phases      ] GC(26)     Total                          Min: 0, Avg:  0.0, Max: 0, Diff: 0, Sum: 0, Workers: 4
[216.867s][debug][gc,phases      ] GC(26)   Weak JFR Old Object Samples    Min:  0.0, Avg:  0.0, Max:  0.0, Diff:  0.0, Sum:  0.0, Workers: 4
[216.867s][debug][gc,phases      ] GC(26)     Dead                           Min: 0, Avg:  0.0, Max: 0, Diff: 0, Sum: 0, Workers: 4
[216.867s][debug][gc,phases      ] GC(26)     Total                          Min: 0, Avg:  0.0, Max: 0, Diff: 0, Sum: 0, Workers: 4
[216.867s][debug][gc,phases      ] GC(26) Weak Processing 0.481ms
[216.867s][debug][gc,age         ] GC(26) Desired survivor size 381157376 bytes, new threshold 15 (max threshold 15)
[216.867s][info ][gc,heap        ] GC(26) PSYoungGen: 1546065K(1733120K)->117697K(1487872K) Eden: 1370112K(1370112K)->0K(1370112K) From: 175953K(363008K)->117697K(117760K)
[216.867s][info ][gc,heap        ] GC(26) ParOldGen: 248100K(319488K)->306364K(319488K)
[216.867s][info ][gc,metaspace   ] GC(26) Metaspace: 87018K(88064K)->87018K(88064K) NonClass: 74308K(74880K)->74308K(74880K) Class: 12710K(13184K)->12710K(13184K)
[216.867s][info ][gc             ] GC(26) Pause Young (Allocation Failure) 1752M->414M(1765M) 57.710ms
[216.867s][info ][gc,cpu         ] GC(26) User=0.15s Sys=0.03s Real=0.06s
[216.867s][debug][gc,phases      ] GC(27) Pre Compact 0.014ms
[216.867s][info ][gc,start       ] GC(27) Pause Full (Ergonomics)
[216.867s][info ][gc,phases,start] GC(27) Marking Phase
[217.010s][debug][gc,phases      ] GC(27) Par Mark 142.820ms
[217.010s][debug][gc,ref         ] GC(27) Skipped phase 1 of Reference Processing: no references
[217.011s][debug][gc,ref         ] GC(27) ReferenceProcessor::execute queues: 4, RefProcThreadModel::Multi, marks_oops_alive: false
[217.011s][debug][gc,ref         ] GC(27) Skipped phase 3 of Reference Processing: no references
[217.011s][debug][gc,ref         ] GC(27) ReferenceProcessor::execute queues: 1, RefProcThreadModel::Single, marks_oops_alive: false
[217.011s][debug][gc,phases      ] GC(27) Reference Processing 0.973ms
[217.011s][debug][gc,phases      ] GC(27)   VM Weak                        Min:  0.0, Avg:  0.0, Max:  0.0, Diff:  0.0, Sum:  0.0, Workers: 4
[217.011s][debug][gc,phases      ] GC(27)     Dead                           Min: 0, Avg:  0.0, Max: 0, Diff: 0, Sum: 0, Workers: 4
[217.011s][debug][gc,phases      ] GC(27)     Total                          Min: 0, Avg: 227.2, Max: 461, Diff: 461, Sum: 909, Workers: 4
[217.011s][debug][gc,phases      ] GC(27)   ObjectSynchronizer Weak        Min:  0.0, Avg:  0.0, Max:  0.0, Diff:  0.0, Sum:  0.0, Workers: 4
[217.011s][debug][gc,phases      ] GC(27)     Dead                           Min: 0, Avg:  0.0, Max: 0, Diff: 0, Sum: 0, Workers: 4
[217.011s][debug][gc,phases      ] GC(27)     Total                          Min: 0, Avg:  1.5, Max: 6, Diff: 6, Sum: 6, Workers: 4
[217.011s][debug][gc,phases      ] GC(27)   JVMTI Tag Weak OopStorage      Min:  0.0, Avg:  0.0, Max:  0.0, Diff:  0.0, Sum:  0.0, Workers: 4
[217.011s][debug][gc,phases      ] GC(27)     Dead                           Min: 0, Avg:  0.0, Max: 0, Diff: 0, Sum: 0, Workers: 4
[217.012s][debug][gc,phases      ] GC(27)     Total                          Min: 0, Avg:  0.0, Max: 0, Diff: 0, Sum: 0, Workers: 4
[217.012s][debug][gc,phases      ] GC(27)   StringTable Weak               Min:  0.0, Avg:  0.2, Max:  0.2, Diff:  0.2, Sum:  0.6, Workers: 4
[217.012s][debug][gc,phases      ] GC(27)     Dead                           Min: 0, Avg:  0.0, Max: 0, Diff: 0, Sum: 0, Workers: 4
[217.012s][debug][gc,phases      ] GC(27)     Total                          Min: 0, Avg: 11021.5, Max: 15161, Diff: 15161, Sum: 44086, Workers: 4
[217.012s][debug][gc,phases      ] GC(27)   ResolvedMethodTable Weak       Min:  0.0, Avg:  0.0, Max:  0.0, Diff:  0.0, Sum:  0.1, Workers: 4
[217.012s][debug][gc,phases      ] GC(27)     Dead                           Min: 0, Avg:  0.0, Max: 0, Diff: 0, Sum: 0, Workers: 4
[217.012s][debug][gc,phases      ] GC(27)     Total                          Min: 0, Avg: 2697.8, Max: 3648, Diff: 3648, Sum: 10791, Workers: 4
[217.012s][debug][gc,phases      ] GC(27)   JNI Weak                       Min:  0.0, Avg:  0.0, Max:  0.0, Diff:  0.0, Sum:  0.0, Workers: 4
[217.012s][debug][gc,phases      ] GC(27)     Dead                           Min: 0, Avg:  0.0, Max: 0, Diff: 0, Sum: 0, Workers: 4
[217.012s][debug][gc,phases      ] GC(27)     Total                          Min: 0, Avg: 12.0, Max: 48, Diff: 48, Sum: 48, Workers: 4
[217.012s][debug][gc,phases      ] GC(27)   StringDedup Table Weak         Min:  0.0, Avg:  0.0, Max:  0.0, Diff:  0.0, Sum:  0.0, Workers: 4
[217.012s][debug][gc,phases      ] GC(27)     Dead                           Min: 0, Avg:  0.0, Max: 0, Diff: 0, Sum: 0, Workers: 4
[217.012s][debug][gc,phases      ] GC(27)     Total                          Min: 0, Avg:  0.0, Max: 0, Diff: 0, Sum: 0, Workers: 4
[217.012s][debug][gc,phases      ] GC(27)   StringDedup Requests0 Weak     Min:  0.0, Avg:  0.0, Max:  0.0, Diff:  0.0, Sum:  0.0, Workers: 4
[217.012s][debug][gc,phases      ] GC(27)     Dead                           Min: 0, Avg:  0.0, Max: 0, Diff: 0, Sum: 0, Workers: 4
[217.012s][debug][gc,phases      ] GC(27)     Total                          Min: 0, Avg:  0.0, Max: 0, Diff: 0, Sum: 0, Workers: 4
[217.012s][debug][gc,phases      ] GC(27)   StringDedup Requests1 Weak     Min:  0.0, Avg:  0.0, Max:  0.0, Diff:  0.0, Sum:  0.0, Workers: 4
[217.012s][debug][gc,phases      ] GC(27)     Dead                           Min: 0, Avg:  0.0, Max: 0, Diff: 0, Sum: 0, Workers: 4
[217.012s][debug][gc,phases      ] GC(27)     Total                          Min: 0, Avg:  0.0, Max: 0, Diff: 0, Sum: 0, Workers: 4
[217.012s][debug][gc,phases      ] GC(27)   Weak JFR Old Object Samples    Min:  0.0, Avg:  0.0, Max:  0.0, Diff:  0.0, Sum:  0.0, Workers: 4
[217.012s][debug][gc,phases      ] GC(27)     Dead                           Min: 0, Avg:  0.0, Max: 0, Diff: 0, Sum: 0, Workers: 4
[217.012s][debug][gc,phases      ] GC(27)     Total                          Min: 0, Avg:  0.0, Max: 0, Diff: 0, Sum: 0, Workers: 4
[217.012s][debug][gc,phases      ] GC(27) Weak Processing 0.524ms
[217.012s][debug][gc,phases      ] GC(27) ClassLoaderData 0.108ms
[217.012s][debug][gc,phases      ] GC(27) Trigger cleanups 0.000ms
[217.032s][debug][gc,phases      ] GC(27) Class Unloading 20.484ms
[217.032s][debug][gc,phases      ] GC(27) Report Object Count 0.001ms
[217.032s][info ][gc,phases      ] GC(27) Marking Phase 165.015ms
[217.032s][info ][gc,phases,start] GC(27) Summary Phase
[217.032s][info ][gc,phases      ] GC(27) Summary Phase 0.018ms
[217.032s][info ][gc,phases,start] GC(27) Adjust Roots
[217.050s][info ][gc,phases      ] GC(27) Adjust Roots 17.712ms
[217.050s][info ][gc,phases,start] GC(27) Compaction Phase
[217.329s][info ][gc,phases      ] GC(27) Compaction Phase 278.596ms
[217.329s][info ][gc,phases,start] GC(27) Post Compact
[217.332s][info ][gc,phases      ] GC(27) Post Compact 3.390ms
[217.332s][info ][gc,heap        ] GC(27) PSYoungGen: 117697K(1487872K)->97438K(1487872K) Eden: 0K(1370112K)->0K(1370112K) From: 117697K(117760K)->97438K(117760K)
[217.332s][info ][gc,heap        ] GC(27) ParOldGen: 306364K(319488K)->319026K(425984K)
[217.332s][info ][gc,metaspace   ] GC(27) Metaspace: 87018K(88064K)->87018K(88064K) NonClass: 74308K(74880K)->74308K(74880K) Class: 12710K(13184K)->12710K(13184K)
[217.332s][info ][gc             ] GC(27) Pause Full (Ergonomics) 414M->406M(1869M) 465.012ms
[217.332s][info ][gc,cpu         ] GC(27) User=1.30s Sys=0.00s Real=0.47s
[217.332s][info ][safepoint      ] Safepoint "ParallelGCFailedAllocation", Time since last: 419236270 ns, Reaching safepoint: 72201 ns, Cleanup: 13201 ns, At safepoint: 522855696 ns, Total: 522941098 ns
[218.668s][info ][safepoint      ] Safepoint "Cleanup", Time since last: 1336125391 ns, Reaching safepoint: 80301 ns, Cleanup: 56901 ns, At safepoint: 3200 ns, Total: 140402 ns
[219.669s][info ][safepoint      ] Safepoint "Cleanup", Time since last: 1000121365 ns, Reaching safepoint: 79802 ns, Cleanup: 18700 ns, At safepoint: 6600 ns, Total: 105102 ns
[221.669s][info ][safepoint      ] Safepoint "Cleanup", Time since last: 2000218914 ns, Reaching safepoint: 75701 ns, Cleanup: 11100 ns, At safepoint: 5300 ns, Total: 92101 ns
[222.669s][info ][safepoint      ] Safepoint "Cleanup", Time since last: 1000117453 ns, Reaching safepoint: 78501 ns, Cleanup: 9200 ns, At safepoint: 6100 ns, Total: 93801 ns
[223.669s][info ][safepoint      ] Safepoint "Cleanup", Time since last: 1000120353 ns, Reaching safepoint: 80601 ns, Cleanup: 10700 ns, At safepoint: 7500 ns, Total: 98801 ns
[224.670s][info ][safepoint      ] Safepoint "Cleanup", Time since last: 1000119453 ns, Reaching safepoint: 79101 ns, Cleanup: 13100 ns, At safepoint: 7300 ns, Total: 99501 ns
[225.670s][info ][safepoint      ] Safepoint "Cleanup", Time since last: 1000122453 ns, Reaching safepoint: 77001 ns, Cleanup: 20000 ns, At safepoint: 6301 ns, Total: 103302 ns
[226.670s][info ][safepoint      ] Safepoint "Cleanup", Time since last: 1000110952 ns, Reaching safepoint: 75001 ns, Cleanup: 17500 ns, At safepoint: 6501 ns, Total: 99002 ns
[227.670s][info ][safepoint      ] Safepoint "Cleanup", Time since last: 1000119552 ns, Reaching safepoint: 74501 ns, Cleanup: 15201 ns, At safepoint: 5700 ns, Total: 95402 ns
[228.671s][info ][safepoint      ] Safepoint "Cleanup", Time since last: 1000124452 ns, Reaching safepoint: 77802 ns, Cleanup: 9600 ns, At safepoint: 6300 ns, Total: 93702 ns
[229.671s][info ][safepoint      ] Safepoint "Cleanup", Time since last: 1000116306 ns, Reaching safepoint: 82401 ns, Cleanup: 11201 ns, At safepoint: 6900 ns, Total: 100502 ns
[230.671s][info ][safepoint      ] Safepoint "Cleanup", Time since last: 1000116398 ns, Reaching safepoint: 77801 ns, Cleanup: 14201 ns, At safepoint: 6800 ns, Total: 98802 ns
[230.709s][info ][gc,start       ] GC(28) Pause Young (Allocation Failure)
[230.785s][debug][gc,phases      ] GC(28) Scavenge 75.911ms
[230.785s][debug][gc,ref         ] GC(28) Skipped phase 1 of Reference Processing: no references
[230.785s][debug][gc,ref         ] GC(28) ReferenceProcessor::execute queues: 1, RefProcThreadModel::Single, marks_oops_alive: false
[230.785s][debug][gc,ref         ] GC(28) Skipped phase 3 of Reference Processing: no references
[230.785s][debug][gc,ref         ] GC(28) ReferenceProcessor::execute queues: 1, RefProcThreadModel::Single, marks_oops_alive: false
[230.785s][debug][gc,phases      ] GC(28) Reference Processing 0.197ms
[230.785s][debug][gc,phases      ] GC(28)   VM Weak                        Min:  0.0, Avg:  0.0, Max:  0.0, Diff:  0.0, Sum:  0.0, Workers: 4
[230.785s][debug][gc,phases      ] GC(28)     Dead                           Min: 0, Avg:  0.0, Max: 0, Diff: 0, Sum: 0, Workers: 4
[230.785s][debug][gc,phases      ] GC(28)     Total                          Min: 0, Avg: 227.2, Max: 576, Diff: 576, Sum: 909, Workers: 4
[230.785s][debug][gc,phases      ] GC(28)   ObjectSynchronizer Weak        Min:  0.0, Avg:  0.0, Max:  0.0, Diff:  0.0, Sum:  0.0, Workers: 4
[230.785s][debug][gc,phases      ] GC(28)     Dead                           Min: 0, Avg:  0.0, Max: 0, Diff: 0, Sum: 0, Workers: 4
[230.785s][debug][gc,phases      ] GC(28)     Total                          Min: 0, Avg:  1.5, Max: 6, Diff: 6, Sum: 6, Workers: 4
[230.785s][debug][gc,phases      ] GC(28)   JVMTI Tag Weak OopStorage      Min:  0.0, Avg:  0.0, Max:  0.0, Diff:  0.0, Sum:  0.0, Workers: 4
[230.785s][debug][gc,phases      ] GC(28)     Dead                           Min: 0, Avg:  0.0, Max: 0, Diff: 0, Sum: 0, Workers: 4
[230.785s][debug][gc,phases      ] GC(28)     Total                          Min: 0, Avg:  0.0, Max: 0, Diff: 0, Sum: 0, Workers: 4
[230.785s][debug][gc,phases      ] GC(28)   StringTable Weak               Min:  0.0, Avg:  0.1, Max:  0.1, Diff:  0.1, Sum:  0.4, Workers: 4
[230.785s][debug][gc,phases      ] GC(28)     Dead                           Min: 0, Avg:  0.0, Max: 0, Diff: 0, Sum: 0, Workers: 4
[230.785s][debug][gc,phases      ] GC(28)     Total                          Min: 0, Avg: 11026.8, Max: 14976, Diff: 14976, Sum: 44107, Workers: 4
[230.785s][debug][gc,phases      ] GC(28)   ResolvedMethodTable Weak       Min:  0.0, Avg:  0.0, Max:  0.0, Diff:  0.0, Sum:  0.1, Workers: 4
[230.785s][debug][gc,phases      ] GC(28)     Dead                           Min: 0, Avg:  0.0, Max: 0, Diff: 0, Sum: 0, Workers: 4
[230.785s][debug][gc,phases      ] GC(28)     Total                          Min: 0, Avg: 2697.8, Max: 3712, Diff: 3712, Sum: 10791, Workers: 4
[230.785s][debug][gc,phases      ] GC(28)   JNI Weak                       Min:  0.0, Avg:  0.0, Max:  0.0, Diff:  0.0, Sum:  0.0, Workers: 4
[230.785s][debug][gc,phases      ] GC(28)     Dead                           Min: 0, Avg:  0.0, Max: 0, Diff: 0, Sum: 0, Workers: 4
[230.785s][debug][gc,phases      ] GC(28)     Total                          Min: 0, Avg: 12.0, Max: 48, Diff: 48, Sum: 48, Workers: 4
[230.785s][debug][gc,phases      ] GC(28)   StringDedup Table Weak         Min:  0.0, Avg:  0.0, Max:  0.0, Diff:  0.0, Sum:  0.0, Workers: 4
[230.785s][debug][gc,phases      ] GC(28)     Dead                           Min: 0, Avg:  0.0, Max: 0, Diff: 0, Sum: 0, Workers: 4
[230.785s][debug][gc,phases      ] GC(28)     Total                          Min: 0, Avg:  0.0, Max: 0, Diff: 0, Sum: 0, Workers: 4
[230.785s][debug][gc,phases      ] GC(28)   StringDedup Requests0 Weak     Min:  0.0, Avg:  0.0, Max:  0.0, Diff:  0.0, Sum:  0.0, Workers: 4
[230.785s][debug][gc,phases      ] GC(28)     Dead                           Min: 0, Avg:  0.0, Max: 0, Diff: 0, Sum: 0, Workers: 4
[230.785s][debug][gc,phases      ] GC(28)     Total                          Min: 0, Avg:  0.0, Max: 0, Diff: 0, Sum: 0, Workers: 4
[230.785s][debug][gc,phases      ] GC(28)   StringDedup Requests1 Weak     Min:  0.0, Avg:  0.0, Max:  0.0, Diff:  0.0, Sum:  0.0, Workers: 4
[230.785s][debug][gc,phases      ] GC(28)     Dead                           Min: 0, Avg:  0.0, Max: 0, Diff: 0, Sum: 0, Workers: 4
[230.785s][debug][gc,phases      ] GC(28)     Total                          Min: 0, Avg:  0.0, Max: 0, Diff: 0, Sum: 0, Workers: 4
[230.785s][debug][gc,phases      ] GC(28)   Weak JFR Old Object Samples    Min:  0.0, Avg:  0.0, Max:  0.0, Diff:  0.0, Sum:  0.0, Workers: 4
[230.785s][debug][gc,phases      ] GC(28)     Dead                           Min: 0, Avg:  0.0, Max: 0, Diff: 0, Sum: 0, Workers: 4
[230.785s][debug][gc,phases      ] GC(28)     Total                          Min: 0, Avg:  0.0, Max: 0, Diff: 0, Sum: 0, Workers: 4
[230.785s][debug][gc,phases      ] GC(28) Weak Processing 0.461ms
[230.785s][debug][gc,age         ] GC(28) Desired survivor size 394264576 bytes, new threshold 15 (max threshold 15)
[230.785s][info ][gc,heap        ] GC(28) PSYoungGen: 1467550K(1487872K)->68800K(1699328K) Eden: 1370112K(1370112K)->0K(1327104K) From: 97438K(117760K)->68800K(372224K)
[230.785s][info ][gc,heap        ] GC(28) ParOldGen: 319026K(425984K)->350062K(425984K)
[230.785s][info ][gc,metaspace   ] GC(28) Metaspace: 87087K(88128K)->87087K(88128K) NonClass: 74376K(74944K)->74376K(74944K) Class: 12711K(13184K)->12711K(13184K)
[230.785s][info ][gc             ] GC(28) Pause Young (Allocation Failure) 1744M->409M(2075M) 76.709ms
[230.785s][info ][gc,cpu         ] GC(28) User=0.23s Sys=0.00s Real=0.08s
[230.785s][info ][safepoint      ] Safepoint "ParallelGCFailedAllocation", Time since last: 37589311 ns, Reaching safepoint: 57501 ns, Cleanup: 3800 ns, At safepoint: 76800244 ns, Total: 76861545 ns
[231.786s][info ][safepoint      ] Safepoint "Cleanup", Time since last: 1000090898 ns, Reaching safepoint: 4500 ns, Cleanup: 18701 ns, At safepoint: 1900 ns, Total: 25101 ns
[232.786s][info ][safepoint      ] Safepoint "Cleanup", Time since last: 1000110798 ns, Reaching safepoint: 4300 ns, Cleanup: 8900 ns, At safepoint: 2000 ns, Total: 15200 ns
[233.786s][info ][safepoint      ] Safepoint "Cleanup", Time since last: 1000109899 ns, Reaching safepoint: 5600 ns, Cleanup: 62201 ns, At safepoint: 2100 ns, Total: 69901 ns
[234.786s][info ][safepoint      ] Safepoint "Cleanup", Time since last: 1000118198 ns, Reaching safepoint: 6001 ns, Cleanup: 32800 ns, At safepoint: 8000 ns, Total: 46801 ns
[235.786s][info ][safepoint      ] Safepoint "Cleanup", Time since last: 1000146599 ns, Reaching safepoint: 4300 ns, Cleanup: 6900 ns, At safepoint: 1700 ns, Total: 12900 ns
[236.786s][info ][safepoint      ] Safepoint "Cleanup", Time since last: 1000118099 ns, Reaching safepoint: 5600 ns, Cleanup: 23500 ns, At safepoint: 7201 ns, Total: 36301 ns
[237.786s][info ][safepoint      ] Safepoint "Cleanup", Time since last: 1000116430 ns, Reaching safepoint: 5000 ns, Cleanup: 12001 ns, At safepoint: 2100 ns, Total: 19101 ns
[238.787s][info ][safepoint      ] Safepoint "Cleanup", Time since last: 1000099648 ns, Reaching safepoint: 5000 ns, Cleanup: 23000 ns, At safepoint: 2000 ns, Total: 30000 ns
[239.787s][info ][safepoint      ] Safepoint "Cleanup", Time since last: 1000101248 ns, Reaching safepoint: 4200 ns, Cleanup: 14101 ns, At safepoint: 1900 ns, Total: 20201 ns
[241.148s][info ][safepoint      ] Safepoint "Cleanup", Time since last: 1361671538 ns, Reaching safepoint: 5000 ns, Cleanup: 14300 ns, At safepoint: 2000 ns, Total: 21300 ns
[243.149s][info ][safepoint      ] Safepoint "Cleanup", Time since last: 2000184396 ns, Reaching safepoint: 5500 ns, Cleanup: 9200 ns, At safepoint: 2200 ns, Total: 16900 ns
[245.149s][info ][safepoint      ] Safepoint "Cleanup", Time since last: 2000172496 ns, Reaching safepoint: 4500 ns, Cleanup: 8900 ns, At safepoint: 1900 ns, Total: 15300 ns
[246.514s][info ][gc,start       ] GC(29) Pause Young (Allocation Failure)
[246.542s][debug][gc,phases      ] GC(29) Scavenge 28.446ms
[246.543s][debug][gc,ref         ] GC(29) Skipped phase 1 of Reference Processing: no references
[246.543s][debug][gc,ref         ] GC(29) ReferenceProcessor::execute queues: 1, RefProcThreadModel::Single, marks_oops_alive: false
[246.543s][debug][gc,ref         ] GC(29) Skipped phase 3 of Reference Processing: no references
[246.543s][debug][gc,ref         ] GC(29) ReferenceProcessor::execute queues: 1, RefProcThreadModel::Single, marks_oops_alive: false
[246.543s][debug][gc,phases      ] GC(29) Reference Processing 0.152ms
[246.543s][debug][gc,phases      ] GC(29)   VM Weak                        Min:  0.0, Avg:  0.0, Max:  0.0, Diff:  0.0, Sum:  0.0, Workers: 4
[246.543s][debug][gc,phases      ] GC(29)     Dead                           Min: 0, Avg:  0.0, Max: 0, Diff: 0, Sum: 0, Workers: 4
[246.543s][debug][gc,phases      ] GC(29)     Total                          Min: 0, Avg: 228.5, Max: 896, Diff: 896, Sum: 914, Workers: 4
[246.543s][debug][gc,phases      ] GC(29)   ObjectSynchronizer Weak        Min:  0.0, Avg:  0.0, Max:  0.0, Diff:  0.0, Sum:  0.0, Workers: 4
[246.543s][debug][gc,phases      ] GC(29)     Dead                           Min: 0, Avg:  0.0, Max: 0, Diff: 0, Sum: 0, Workers: 4
[246.543s][debug][gc,phases      ] GC(29)     Total                          Min: 0, Avg:  1.2, Max: 5, Diff: 5, Sum: 5, Workers: 4
[246.543s][debug][gc,phases      ] GC(29)   JVMTI Tag Weak OopStorage      Min:  0.0, Avg:  0.0, Max:  0.0, Diff:  0.0, Sum:  0.0, Workers: 4
[246.543s][debug][gc,phases      ] GC(29)     Dead                           Min: 0, Avg:  0.0, Max: 0, Diff: 0, Sum: 0, Workers: 4
[246.543s][debug][gc,phases      ] GC(29)     Total                          Min: 0, Avg:  0.0, Max: 0, Diff: 0, Sum: 0, Workers: 4
[246.543s][debug][gc,phases      ] GC(29)   StringTable Weak               Min:  0.0, Avg:  0.1, Max:  0.2, Diff:  0.2, Sum:  0.4, Workers: 4
[246.543s][debug][gc,phases      ] GC(29)     Dead                           Min: 0, Avg:  0.0, Max: 0, Diff: 0, Sum: 0, Workers: 4
[246.543s][debug][gc,phases      ] GC(29)     Total                          Min: 0, Avg: 11038.0, Max: 23416, Diff: 23416, Sum: 44152, Workers: 4
[246.543s][debug][gc,phases      ] GC(29)   ResolvedMethodTable Weak       Min:  0.0, Avg:  0.0, Max:  0.1, Diff:  0.1, Sum:  0.1, Workers: 4
[246.543s][debug][gc,phases      ] GC(29)     Dead                           Min: 0, Avg:  0.0, Max: 0, Diff: 0, Sum: 0, Workers: 4
[246.543s][debug][gc,phases      ] GC(29)     Total                          Min: 0, Avg: 2704.2, Max: 5631, Diff: 5631, Sum: 10817, Workers: 4
[246.543s][debug][gc,phases      ] GC(29)   JNI Weak                       Min:  0.0, Avg:  0.0, Max:  0.0, Diff:  0.0, Sum:  0.0, Workers: 4
[246.543s][debug][gc,phases      ] GC(29)     Dead                           Min: 0, Avg:  0.0, Max: 0, Diff: 0, Sum: 0, Workers: 4
[246.543s][debug][gc,phases      ] GC(29)     Total                          Min: 0, Avg: 12.0, Max: 48, Diff: 48, Sum: 48, Workers: 4
[246.543s][debug][gc,phases      ] GC(29)   StringDedup Table Weak         Min:  0.0, Avg:  0.0, Max:  0.0, Diff:  0.0, Sum:  0.0, Workers: 4
[246.543s][debug][gc,phases      ] GC(29)     Dead                           Min: 0, Avg:  0.0, Max: 0, Diff: 0, Sum: 0, Workers: 4
[246.543s][debug][gc,phases      ] GC(29)     Total                          Min: 0, Avg:  0.0, Max: 0, Diff: 0, Sum: 0, Workers: 4
[246.543s][debug][gc,phases      ] GC(29)   StringDedup Requests0 Weak     Min:  0.0, Avg:  0.0, Max:  0.0, Diff:  0.0, Sum:  0.0, Workers: 4
[246.543s][debug][gc,phases      ] GC(29)     Dead                           Min: 0, Avg:  0.0, Max: 0, Diff: 0, Sum: 0, Workers: 4
[246.543s][debug][gc,phases      ] GC(29)     Total                          Min: 0, Avg:  0.0, Max: 0, Diff: 0, Sum: 0, Workers: 4
[246.543s][debug][gc,phases      ] GC(29)   StringDedup Requests1 Weak     Min:  0.0, Avg:  0.0, Max:  0.0, Diff:  0.0, Sum:  0.0, Workers: 4
[246.543s][debug][gc,phases      ] GC(29)     Dead                           Min: 0, Avg:  0.0, Max: 0, Diff: 0, Sum: 0, Workers: 4
[246.543s][debug][gc,phases      ] GC(29)     Total                          Min: 0, Avg:  0.0, Max: 0, Diff: 0, Sum: 0, Workers: 4
[246.543s][debug][gc,phases      ] GC(29)   Weak JFR Old Object Samples    Min:  0.0, Avg:  0.0, Max:  0.0, Diff:  0.0, Sum:  0.0, Workers: 4
[246.543s][debug][gc,phases      ] GC(29)     Dead                           Min: 0, Avg:  0.0, Max: 0, Diff: 0, Sum: 0, Workers: 4
[246.543s][debug][gc,phases      ] GC(29)     Total                          Min: 0, Avg:  0.0, Max: 0, Diff: 0, Sum: 0, Workers: 4
[246.543s][debug][gc,phases      ] GC(29) Weak Processing 0.537ms
[246.543s][debug][gc,age         ] GC(29) Desired survivor size 406323200 bytes, new threshold 15 (max threshold 15)
[246.543s][info ][gc,heap        ] GC(29) PSYoungGen: 1395904K(1699328K)->39616K(1367040K) Eden: 1327104K(1327104K)->0K(1327104K) From: 68800K(372224K)->39616K(39936K)
[246.543s][info ][gc,heap        ] GC(29) ParOldGen: 350062K(425984K)->379971K(425984K)
[246.543s][info ][gc,metaspace   ] GC(29) Metaspace: 87151K(88192K)->87151K(88192K) NonClass: 74428K(75008K)->74428K(75008K) Class: 12722K(13184K)->12722K(13184K)
[246.543s][info ][gc             ] GC(29) Pause Young (Allocation Failure) 1705M->409M(1751M) 29.282ms
[246.543s][info ][gc,cpu         ] GC(29) User=0.09s Sys=0.01s Real=0.03s
[246.543s][debug][gc,phases      ] GC(30) Pre Compact 0.013ms
[246.543s][info ][gc,start       ] GC(30) Pause Full (Ergonomics)
[246.543s][info ][gc,phases,start] GC(30) Marking Phase
[246.683s][debug][gc,phases      ] GC(30) Par Mark 139.536ms
[246.683s][debug][gc,ref         ] GC(30) Skipped phase 1 of Reference Processing: no references
[246.684s][debug][gc,ref         ] GC(30) ReferenceProcessor::execute queues: 4, RefProcThreadModel::Multi, marks_oops_alive: false
[246.684s][debug][gc,ref         ] GC(30) Skipped phase 3 of Reference Processing: no references
[246.684s][debug][gc,ref         ] GC(30) ReferenceProcessor::execute queues: 1, RefProcThreadModel::Single, marks_oops_alive: false
[246.684s][debug][gc,phases      ] GC(30) Reference Processing 1.024ms
[246.684s][debug][gc,phases      ] GC(30)   VM Weak                        Min:  0.0, Avg:  0.0, Max:  0.0, Diff:  0.0, Sum:  0.0, Workers: 4
[246.684s][debug][gc,phases      ] GC(30)     Dead                           Min: 0, Avg:  0.0, Max: 0, Diff: 0, Sum: 0, Workers: 4
[246.684s][debug][gc,phases      ] GC(30)     Total                          Min: 0, Avg: 228.5, Max: 512, Diff: 512, Sum: 914, Workers: 4
[246.684s][debug][gc,phases      ] GC(30)   ObjectSynchronizer Weak        Min:  0.0, Avg:  0.0, Max:  0.0, Diff:  0.0, Sum:  0.0, Workers: 4
[246.684s][debug][gc,phases      ] GC(30)     Dead                           Min: 0, Avg:  0.0, Max: 0, Diff: 0, Sum: 0, Workers: 4
[246.684s][debug][gc,phases      ] GC(30)     Total                          Min: 0, Avg:  1.2, Max: 5, Diff: 5, Sum: 5, Workers: 4
[246.684s][debug][gc,phases      ] GC(30)   JVMTI Tag Weak OopStorage      Min:  0.0, Avg:  0.0, Max:  0.0, Diff:  0.0, Sum:  0.0, Workers: 4
[246.684s][debug][gc,phases      ] GC(30)     Dead                           Min: 0, Avg:  0.0, Max: 0, Diff: 0, Sum: 0, Workers: 4
[246.684s][debug][gc,phases      ] GC(30)     Total                          Min: 0, Avg:  0.0, Max: 0, Diff: 0, Sum: 0, Workers: 4
[246.684s][debug][gc,phases      ] GC(30)   StringTable Weak               Min:  0.0, Avg:  0.2, Max:  0.2, Diff:  0.2, Sum:  0.6, Workers: 4
[246.684s][debug][gc,phases      ] GC(30)     Dead                           Min: 0, Avg:  0.0, Max: 0, Diff: 0, Sum: 0, Workers: 4
[246.684s][debug][gc,phases      ] GC(30)     Total                          Min: 0, Avg: 11038.0, Max: 15352, Diff: 15352, Sum: 44152, Workers: 4
[246.684s][debug][gc,phases      ] GC(30)   ResolvedMethodTable Weak       Min:  0.0, Avg:  0.0, Max:  0.0, Diff:  0.0, Sum:  0.1, Workers: 4
[246.684s][debug][gc,phases      ] GC(30)     Dead                           Min: 0, Avg:  0.0, Max: 0, Diff: 0, Sum: 0, Workers: 4
[246.684s][debug][gc,phases      ] GC(30)     Total                          Min: 0, Avg: 2704.2, Max: 3776, Diff: 3776, Sum: 10817, Workers: 4
[246.684s][debug][gc,phases      ] GC(30)   JNI Weak                       Min:  0.0, Avg:  0.0, Max:  0.0, Diff:  0.0, Sum:  0.0, Workers: 4
[246.684s][debug][gc,phases      ] GC(30)     Dead                           Min: 0, Avg:  0.0, Max: 0, Diff: 0, Sum: 0, Workers: 4
[246.684s][debug][gc,phases      ] GC(30)     Total                          Min: 0, Avg: 12.0, Max: 48, Diff: 48, Sum: 48, Workers: 4
[246.684s][debug][gc,phases      ] GC(30)   StringDedup Table Weak         Min:  0.0, Avg:  0.0, Max:  0.0, Diff:  0.0, Sum:  0.0, Workers: 4
[246.684s][debug][gc,phases      ] GC(30)     Dead                           Min: 0, Avg:  0.0, Max: 0, Diff: 0, Sum: 0, Workers: 4
[246.684s][debug][gc,phases      ] GC(30)     Total                          Min: 0, Avg:  0.0, Max: 0, Diff: 0, Sum: 0, Workers: 4
[246.684s][debug][gc,phases      ] GC(30)   StringDedup Requests0 Weak     Min:  0.0, Avg:  0.0, Max:  0.0, Diff:  0.0, Sum:  0.0, Workers: 4
[246.685s][debug][gc,phases      ] GC(30)     Dead                           Min: 0, Avg:  0.0, Max: 0, Diff: 0, Sum: 0, Workers: 4
[246.685s][debug][gc,phases      ] GC(30)     Total                          Min: 0, Avg:  0.0, Max: 0, Diff: 0, Sum: 0, Workers: 4
[246.685s][debug][gc,phases      ] GC(30)   StringDedup Requests1 Weak     Min:  0.0, Avg:  0.0, Max:  0.0, Diff:  0.0, Sum:  0.0, Workers: 4
[246.685s][debug][gc,phases      ] GC(30)     Dead                           Min: 0, Avg:  0.0, Max: 0, Diff: 0, Sum: 0, Workers: 4
[246.685s][debug][gc,phases      ] GC(30)     Total                          Min: 0, Avg:  0.0, Max: 0, Diff: 0, Sum: 0, Workers: 4
[246.685s][debug][gc,phases      ] GC(30)   Weak JFR Old Object Samples    Min:  0.0, Avg:  0.0, Max:  0.0, Diff:  0.0, Sum:  0.0, Workers: 4
[246.685s][debug][gc,phases      ] GC(30)     Dead                           Min: 0, Avg:  0.0, Max: 0, Diff: 0, Sum: 0, Workers: 4
[246.685s][debug][gc,phases      ] GC(30)     Total                          Min: 0, Avg:  0.0, Max: 0, Diff: 0, Sum: 0, Workers: 4
[246.685s][debug][gc,phases      ] GC(30) Weak Processing 0.514ms
[246.685s][debug][gc,phases      ] GC(30) ClassLoaderData 0.108ms
[246.685s][debug][gc,phases      ] GC(30) Trigger cleanups 0.000ms
[246.708s][debug][gc,phases      ] GC(30) Class Unloading 23.265ms
[246.708s][debug][gc,phases      ] GC(30) Report Object Count 0.002ms
[246.708s][info ][gc,phases      ] GC(30) Marking Phase 164.567ms
[246.708s][info ][gc,phases,start] GC(30) Summary Phase
[246.708s][info ][gc,phases      ] GC(30) Summary Phase 0.012ms
[246.708s][info ][gc,phases,start] GC(30) Adjust Roots
[246.721s][info ][gc,phases      ] GC(30) Adjust Roots 12.631ms
[246.721s][info ][gc,phases,start] GC(30) Compaction Phase
[246.868s][info ][gc,phases      ] GC(30) Compaction Phase 147.373ms
[246.868s][info ][gc,phases,start] GC(30) Post Compact
[246.874s][info ][gc,phases      ] GC(30) Post Compact 5.668ms
[246.874s][info ][gc,heap        ] GC(30) PSYoungGen: 39616K(1367040K)->0K(1700352K) Eden: 0K(1327104K)->0K(1303552K) From: 39616K(39936K)->0K(396800K)
[246.874s][info ][gc,heap        ] GC(30) ParOldGen: 379971K(425984K)->416538K(541184K)
[246.874s][info ][gc,metaspace   ] GC(30) Metaspace: 87151K(88192K)->87151K(88192K) NonClass: 74428K(75008K)->74428K(75008K) Class: 12722K(13184K)->12722K(13184K)
[246.874s][info ][gc             ] GC(30) Pause Full (Ergonomics) 409M->406M(2189M) 330.632ms
[246.874s][info ][gc,cpu         ] GC(30) User=0.89s Sys=0.01s Real=0.33s
[246.874s][info ][safepoint      ] Safepoint "ParallelGCFailedAllocation", Time since last: 1365074817 ns, Reaching safepoint: 75601 ns, Cleanup: 3501 ns, At safepoint: 360159131 ns, Total: 360238233 ns
[247.874s][info ][safepoint      ] Safepoint "Cleanup", Time since last: 1000090993 ns, Reaching safepoint: 4900 ns, Cleanup: 9001 ns, At safepoint: 2000 ns, Total: 15901 ns
[248.874s][info ][safepoint      ] Safepoint "Cleanup", Time since last: 1000089293 ns, Reaching safepoint: 3900 ns, Cleanup: 9700 ns, At safepoint: 1600 ns, Total: 15200 ns
[249.874s][info ][safepoint      ] Safepoint "Cleanup", Time since last: 1000075594 ns, Reaching safepoint: 88601 ns, Cleanup: 17100 ns, At safepoint: 6100 ns, Total: 111801 ns
[254.875s][info ][safepoint      ] Safepoint "Cleanup", Time since last: 5000441699 ns, Reaching safepoint: 5500 ns, Cleanup: 13900 ns, At safepoint: 2100 ns, Total: 21500 ns
[255.875s][info ][safepoint      ] Safepoint "Cleanup", Time since last: 1000107785 ns, Reaching safepoint: 82401 ns, Cleanup: 12600 ns, At safepoint: 11000 ns, Total: 106001 ns
[257.875s][info ][safepoint      ] Safepoint "Cleanup", Time since last: 2000171569 ns, Reaching safepoint: 4200 ns, Cleanup: 14701 ns, At safepoint: 1700 ns, Total: 20601 ns
[260.876s][info ][safepoint      ] Safepoint "Cleanup", Time since last: 3000249253 ns, Reaching safepoint: 73001 ns, Cleanup: 8200 ns, At safepoint: 5800 ns, Total: 87001 ns
[261.222s][info ][gc,start       ] GC(31) Pause Young (Allocation Failure)
[261.227s][debug][gc,phases      ] GC(31) Scavenge 4.638ms
[261.227s][debug][gc,ref         ] GC(31) Skipped phase 1 of Reference Processing: no references
[261.227s][debug][gc,ref         ] GC(31) Skipped phase 2 of Reference Processing: no references
[261.227s][debug][gc,ref         ] GC(31) Skipped phase 3 of Reference Processing: no references
[261.227s][debug][gc,ref         ] GC(31) Skipped phase 4 of Reference Processing: no references
[261.227s][debug][gc,phases      ] GC(31) Reference Processing 0.034ms
[261.227s][debug][gc,phases      ] GC(31)   VM Weak                        Min:  0.0, Avg:  0.0, Max:  0.0, Diff:  0.0, Sum:  0.0, Workers: 4
[261.227s][debug][gc,phases      ] GC(31)     Dead                           Min: 0, Avg:  0.0, Max: 0, Diff: 0, Sum: 0, Workers: 4
[261.227s][debug][gc,phases      ] GC(31)     Total                          Min: 0, Avg: 228.5, Max: 512, Diff: 512, Sum: 914, Workers: 4
[261.227s][debug][gc,phases      ] GC(31)   ObjectSynchronizer Weak        Min:  0.0, Avg:  0.0, Max:  0.0, Diff:  0.0, Sum:  0.0, Workers: 4
[261.227s][debug][gc,phases      ] GC(31)     Dead                           Min: 0, Avg:  0.0, Max: 0, Diff: 0, Sum: 0, Workers: 4
[261.227s][debug][gc,phases      ] GC(31)     Total                          Min: 0, Avg:  2.0, Max: 8, Diff: 8, Sum: 8, Workers: 4
[261.227s][debug][gc,phases      ] GC(31)   JVMTI Tag Weak OopStorage      Min:  0.0, Avg:  0.0, Max:  0.0, Diff:  0.0, Sum:  0.0, Workers: 4
[261.227s][debug][gc,phases      ] GC(31)     Dead                           Min: 0, Avg:  0.0, Max: 0, Diff: 0, Sum: 0, Workers: 4
[261.227s][debug][gc,phases      ] GC(31)     Total                          Min: 0, Avg:  0.0, Max: 0, Diff: 0, Sum: 0, Workers: 4
[261.227s][debug][gc,phases      ] GC(31)   StringTable Weak               Min:  0.0, Avg:  0.1, Max:  0.1, Diff:  0.1, Sum:  0.4, Workers: 4
[261.227s][debug][gc,phases      ] GC(31)     Dead                           Min: 0, Avg:  0.0, Max: 0, Diff: 0, Sum: 0, Workers: 4
[261.227s][debug][gc,phases      ] GC(31)     Total                          Min: 0, Avg: 11038.2, Max: 15545, Diff: 15545, Sum: 44153, Workers: 4
[261.227s][debug][gc,phases      ] GC(31)   ResolvedMethodTable Weak       Min:  0.0, Avg:  0.0, Max:  0.0, Diff:  0.0, Sum:  0.1, Workers: 4
[261.227s][debug][gc,phases      ] GC(31)     Dead                           Min: 0, Avg:  0.0, Max: 0, Diff: 0, Sum: 0, Workers: 4
[261.227s][debug][gc,phases      ] GC(31)     Total                          Min: 0, Avg: 2704.2, Max: 3776, Diff: 3776, Sum: 10817, Workers: 4
[261.227s][debug][gc,phases      ] GC(31)   JNI Weak                       Min:  0.0, Avg:  0.0, Max:  0.0, Diff:  0.0, Sum:  0.0, Workers: 4
[261.227s][debug][gc,phases      ] GC(31)     Dead                           Min: 0, Avg:  0.0, Max: 0, Diff: 0, Sum: 0, Workers: 4
[261.227s][debug][gc,phases      ] GC(31)     Total                          Min: 0, Avg: 12.0, Max: 48, Diff: 48, Sum: 48, Workers: 4
[261.227s][debug][gc,phases      ] GC(31)   StringDedup Table Weak         Min:  0.0, Avg:  0.0, Max:  0.0, Diff:  0.0, Sum:  0.0, Workers: 4
[261.227s][debug][gc,phases      ] GC(31)     Dead                           Min: 0, Avg:  0.0, Max: 0, Diff: 0, Sum: 0, Workers: 4
[261.227s][debug][gc,phases      ] GC(31)     Total                          Min: 0, Avg:  0.0, Max: 0, Diff: 0, Sum: 0, Workers: 4
[261.227s][debug][gc,phases      ] GC(31)   StringDedup Requests0 Weak     Min:  0.0, Avg:  0.0, Max:  0.0, Diff:  0.0, Sum:  0.0, Workers: 4
[261.227s][debug][gc,phases      ] GC(31)     Dead                           Min: 0, Avg:  0.0, Max: 0, Diff: 0, Sum: 0, Workers: 4
[261.228s][debug][gc,phases      ] GC(31)     Total                          Min: 0, Avg:  0.0, Max: 0, Diff: 0, Sum: 0, Workers: 4
[261.228s][debug][gc,phases      ] GC(31)   StringDedup Requests1 Weak     Min:  0.0, Avg:  0.0, Max:  0.0, Diff:  0.0, Sum:  0.0, Workers: 4
[261.228s][debug][gc,phases      ] GC(31)     Dead                           Min: 0, Avg:  0.0, Max: 0, Diff: 0, Sum: 0, Workers: 4
[261.228s][debug][gc,phases      ] GC(31)     Total                          Min: 0, Avg:  0.0, Max: 0, Diff: 0, Sum: 0, Workers: 4
[261.228s][debug][gc,phases      ] GC(31)   Weak JFR Old Object Samples    Min:  0.0, Avg:  0.0, Max:  0.0, Diff:  0.0, Sum:  0.0, Workers: 4
[261.228s][debug][gc,phases      ] GC(31)     Dead                           Min: 0, Avg:  0.0, Max: 0, Diff: 0, Sum: 0, Workers: 4
[261.228s][debug][gc,phases      ] GC(31)     Total                          Min: 0, Avg:  0.0, Max: 0, Diff: 0, Sum: 0, Workers: 4
[261.228s][debug][gc,phases      ] GC(31) Weak Processing 0.353ms
[261.228s][debug][gc,age         ] GC(31) Desired survivor size 419430400 bytes, new threshold 15 (max threshold 15)
[261.228s][info ][gc,heap        ] GC(31) PSYoungGen: 1303552K(1700352K)->2336K(1306112K) Eden: 1303552K(1303552K)->0K(1303552K) From: 0K(396800K)->2336K(2560K)
[261.228s][info ][gc,heap        ] GC(31) ParOldGen: 416538K(541184K)->416546K(541184K)
[261.228s][info ][gc,metaspace   ] GC(31) Metaspace: 87165K(88192K)->87165K(88192K) NonClass: 74443K(75008K)->74443K(75008K) Class: 12722K(13184K)->12722K(13184K)
[261.228s][info ][gc             ] GC(31) Pause Young (Allocation Failure) 1679M->409M(1804M) 5.167ms
[261.228s][info ][gc,cpu         ] GC(31) User=0.02s Sys=0.00s Real=0.00s
[261.228s][info ][safepoint      ] Safepoint "ParallelGCFailedAllocation", Time since last: 346663009 ns, Reaching safepoint: 5600 ns, Cleanup: 13400 ns, At safepoint: 5245172 ns, Total: 5264172 ns
[264.228s][info ][safepoint      ] Safepoint "Cleanup", Time since last: 3000218255 ns, Reaching safepoint: 74901 ns, Cleanup: 12500 ns, At safepoint: 12600 ns, Total: 100001 ns
[265.228s][info ][safepoint      ] Safepoint "Cleanup", Time since last: 1000093637 ns, Reaching safepoint: 4000 ns, Cleanup: 12400 ns, At safepoint: 1600 ns, Total: 18000 ns
[266.228s][info ][safepoint      ] Safepoint "Cleanup", Time since last: 1000098036 ns, Reaching safepoint: 5100 ns, Cleanup: 20501 ns, At safepoint: 2100 ns, Total: 27701 ns
[267.228s][info ][safepoint      ] Safepoint "Cleanup", Time since last: 1000127337 ns, Reaching safepoint: 4100 ns, Cleanup: 12500 ns, At safepoint: 1700 ns, Total: 18300 ns
[268.228s][info ][safepoint      ] Safepoint "Cleanup", Time since last: 1000109237 ns, Reaching safepoint: 5200 ns, Cleanup: 22900 ns, At safepoint: 2400 ns, Total: 30500 ns
[269.290s][info ][safepoint      ] Safepoint "Cleanup", Time since last: 1061849648 ns, Reaching safepoint: 5900 ns, Cleanup: 56600 ns, At safepoint: 5501 ns, Total: 68001 ns
[270.291s][info ][safepoint      ] Safepoint "Cleanup", Time since last: 1000110170 ns, Reaching safepoint: 5700 ns, Cleanup: 12000 ns, At safepoint: 1800 ns, Total: 19500 ns
[272.291s][info ][safepoint      ] Safepoint "Cleanup", Time since last: 2000179595 ns, Reaching safepoint: 4100 ns, Cleanup: 9201 ns, At safepoint: 2000 ns, Total: 15301 ns
[273.291s][info ][safepoint      ] Safepoint "Cleanup", Time since last: 1000107397 ns, Reaching safepoint: 5401 ns, Cleanup: 10200 ns, At safepoint: 2400 ns, Total: 18001 ns
[274.291s][info ][safepoint      ] Safepoint "Cleanup", Time since last: 1000080897 ns, Reaching safepoint: 4600 ns, Cleanup: 10000 ns, At safepoint: 1900 ns, Total: 16500 ns
[275.291s][info ][safepoint      ] Safepoint "Cleanup", Time since last: 1000102398 ns, Reaching safepoint: 5100 ns, Cleanup: 11800 ns, At safepoint: 2100 ns, Total: 19000 ns
[276.658s][info ][gc,start       ] GC(32) Pause Young (Allocation Failure)
[276.661s][debug][gc,phases      ] GC(32) Scavenge 3.032ms
[276.661s][debug][gc,ref         ] GC(32) Skipped phase 1 of Reference Processing: no references
[276.661s][debug][gc,ref         ] GC(32) ReferenceProcessor::execute queues: 1, RefProcThreadModel::Single, marks_oops_alive: false
[276.661s][debug][gc,ref         ] GC(32) Skipped phase 3 of Reference Processing: no references
[276.661s][debug][gc,ref         ] GC(32) Skipped phase 4 of Reference Processing: no references
[276.661s][debug][gc,phases      ] GC(32) Reference Processing 0.091ms
[276.661s][debug][gc,phases      ] GC(32)   VM Weak                        Min:  0.0, Avg:  0.0, Max:  0.0, Diff:  0.0, Sum:  0.0, Workers: 4
[276.661s][debug][gc,phases      ] GC(32)     Dead                           Min: 0, Avg:  0.0, Max: 0, Diff: 0, Sum: 0, Workers: 4
[276.661s][debug][gc,phases      ] GC(32)     Total                          Min: 0, Avg: 228.5, Max: 512, Diff: 512, Sum: 914, Workers: 4
[276.661s][debug][gc,phases      ] GC(32)   ObjectSynchronizer Weak        Min:  0.0, Avg:  0.0, Max:  0.0, Diff:  0.0, Sum:  0.0, Workers: 4
[276.661s][debug][gc,phases      ] GC(32)     Dead                           Min: 0, Avg:  0.0, Max: 0, Diff: 0, Sum: 0, Workers: 4
[276.661s][debug][gc,phases      ] GC(32)     Total                          Min: 0, Avg:  2.0, Max: 8, Diff: 8, Sum: 8, Workers: 4
[276.661s][debug][gc,phases      ] GC(32)   JVMTI Tag Weak OopStorage      Min:  0.0, Avg:  0.0, Max:  0.0, Diff:  0.0, Sum:  0.0, Workers: 4
[276.661s][debug][gc,phases      ] GC(32)     Dead                           Min: 0, Avg:  0.0, Max: 0, Diff: 0, Sum: 0, Workers: 4
[276.661s][debug][gc,phases      ] GC(32)     Total                          Min: 0, Avg:  0.0, Max: 0, Diff: 0, Sum: 0, Workers: 4
[276.661s][debug][gc,phases      ] GC(32)   StringTable Weak               Min:  0.0, Avg:  0.1, Max:  0.1, Diff:  0.1, Sum:  0.4, Workers: 4
[276.661s][debug][gc,phases      ] GC(32)     Dead                           Min: 0, Avg:  0.0, Max: 0, Diff: 0, Sum: 0, Workers: 4
[276.661s][debug][gc,phases      ] GC(32)     Total                          Min: 0, Avg: 11040.2, Max: 19009, Diff: 19009, Sum: 44161, Workers: 4
[276.661s][debug][gc,phases      ] GC(32)   ResolvedMethodTable Weak       Min:  0.0, Avg:  0.0, Max:  0.0, Diff:  0.0, Sum:  0.1, Workers: 4
[276.661s][debug][gc,phases      ] GC(32)     Dead                           Min: 0, Avg:  0.0, Max: 0, Diff: 0, Sum: 0, Workers: 4
[276.661s][debug][gc,phases      ] GC(32)     Total                          Min: 0, Avg: 2704.2, Max: 4610, Diff: 4610, Sum: 10817, Workers: 4
[276.661s][debug][gc,phases      ] GC(32)   JNI Weak                       Min:  0.0, Avg:  0.0, Max:  0.0, Diff:  0.0, Sum:  0.0, Workers: 4
[276.661s][debug][gc,phases      ] GC(32)     Dead                           Min: 0, Avg:  0.0, Max: 0, Diff: 0, Sum: 0, Workers: 4
[276.661s][debug][gc,phases      ] GC(32)     Total                          Min: 0, Avg: 12.0, Max: 48, Diff: 48, Sum: 48, Workers: 4
[276.661s][debug][gc,phases      ] GC(32)   StringDedup Table Weak         Min:  0.0, Avg:  0.0, Max:  0.0, Diff:  0.0, Sum:  0.0, Workers: 4
[276.661s][debug][gc,phases      ] GC(32)     Dead                           Min: 0, Avg:  0.0, Max: 0, Diff: 0, Sum: 0, Workers: 4
[276.661s][debug][gc,phases      ] GC(32)     Total                          Min: 0, Avg:  0.0, Max: 0, Diff: 0, Sum: 0, Workers: 4
[276.661s][debug][gc,phases      ] GC(32)   StringDedup Requests0 Weak     Min:  0.0, Avg:  0.0, Max:  0.0, Diff:  0.0, Sum:  0.0, Workers: 4
[276.661s][debug][gc,phases      ] GC(32)     Dead                           Min: 0, Avg:  0.0, Max: 0, Diff: 0, Sum: 0, Workers: 4
[276.661s][debug][gc,phases      ] GC(32)     Total                          Min: 0, Avg:  0.0, Max: 0, Diff: 0, Sum: 0, Workers: 4
[276.661s][debug][gc,phases      ] GC(32)   StringDedup Requests1 Weak     Min:  0.0, Avg:  0.0, Max:  0.0, Diff:  0.0, Sum:  0.0, Workers: 4
[276.661s][debug][gc,phases      ] GC(32)     Dead                           Min: 0, Avg:  0.0, Max: 0, Diff: 0, Sum: 0, Workers: 4
[276.661s][debug][gc,phases      ] GC(32)     Total                          Min: 0, Avg:  0.0, Max: 0, Diff: 0, Sum: 0, Workers: 4
[276.661s][debug][gc,phases      ] GC(32)   Weak JFR Old Object Samples    Min:  0.0, Avg:  0.0, Max:  0.0, Diff:  0.0, Sum:  0.0, Workers: 4
[276.661s][debug][gc,phases      ] GC(32)     Dead                           Min: 0, Avg:  0.0, Max: 0, Diff: 0, Sum: 0, Workers: 4
[276.661s][debug][gc,phases      ] GC(32)     Total                          Min: 0, Avg:  0.0, Max: 0, Diff: 0, Sum: 0, Workers: 4
[276.661s][debug][gc,phases      ] GC(32) Weak Processing 0.326ms
[276.661s][debug][gc,age         ] GC(32) Desired survivor size 425197568 bytes, new threshold 15 (max threshold 15)
[276.661s][info ][gc,heap        ] GC(32) PSYoungGen: 1305888K(1306112K)->3184K(1676288K) Eden: 1303552K(1303552K)->0K(1266688K) From: 2336K(2560K)->3184K(409600K)
[276.661s][info ][gc,heap        ] GC(32) ParOldGen: 416546K(541184K)->416546K(541184K)
[276.661s][info ][gc,metaspace   ] GC(32) Metaspace: 87214K(88256K)->87214K(88256K) NonClass: 74490K(75072K)->74490K(75072K) Class: 12723K(13184K)->12723K(13184K)
[276.661s][info ][gc             ] GC(32) Pause Young (Allocation Failure) 1682M->409M(2165M) 3.555ms
[276.661s][info ][gc,cpu         ] GC(32) User=0.01s Sys=0.00s Real=0.00s
[276.661s][info ][safepoint      ] Safepoint "ParallelGCFailedAllocation", Time since last: 1366685219 ns, Reaching safepoint: 72601 ns, Cleanup: 3700 ns, At safepoint: 3621250 ns, Total: 3697551 ns
[277.662s][info ][safepoint      ] Safepoint "Cleanup", Time since last: 1000084310 ns, Reaching safepoint: 71101 ns, Cleanup: 17000 ns, At safepoint: 4800 ns, Total: 92901 ns
[278.662s][info ][safepoint      ] Safepoint "Cleanup", Time since last: 1000122820 ns, Reaching safepoint: 74501 ns, Cleanup: 8700 ns, At safepoint: 5400 ns, Total: 88601 ns
[279.662s][info ][safepoint      ] Safepoint "Cleanup", Time since last: 1000100520 ns, Reaching safepoint: 63400 ns, Cleanup: 12101 ns, At safepoint: 7800 ns, Total: 83301 ns
[283.662s][info ][safepoint      ] Safepoint "Cleanup", Time since last: 4000346577 ns, Reaching safepoint: 75301 ns, Cleanup: 10800 ns, At safepoint: 5800 ns, Total: 91901 ns
[285.663s][info ][safepoint      ] Safepoint "Cleanup", Time since last: 2000174990 ns, Reaching safepoint: 76001 ns, Cleanup: 14700 ns, At safepoint: 9700 ns, Total: 100401 ns
[287.663s][info ][safepoint      ] Safepoint "Cleanup", Time since last: 2000177871 ns, Reaching safepoint: 75901 ns, Cleanup: 57401 ns, At safepoint: 6300 ns, Total: 139602 ns
[288.663s][info ][safepoint      ] Safepoint "Cleanup", Time since last: 1000127986 ns, Reaching safepoint: 76101 ns, Cleanup: 42600 ns, At safepoint: 5700 ns, Total: 124401 ns
[290.710s][info ][gc,start       ] GC(33) Pause Young (Allocation Failure)
[290.713s][debug][gc,phases      ] GC(33) Scavenge 3.427ms
[290.713s][debug][gc,ref         ] GC(33) Skipped phase 1 of Reference Processing: no references
[290.713s][debug][gc,ref         ] GC(33) ReferenceProcessor::execute queues: 1, RefProcThreadModel::Single, marks_oops_alive: false
[290.713s][debug][gc,ref         ] GC(33) Skipped phase 3 of Reference Processing: no references
[290.713s][debug][gc,ref         ] GC(33) ReferenceProcessor::execute queues: 1, RefProcThreadModel::Single, marks_oops_alive: false
[290.713s][debug][gc,phases      ] GC(33) Reference Processing 0.103ms
[290.713s][debug][gc,phases      ] GC(33)   VM Weak                        Min:  0.0, Avg:  0.0, Max:  0.0, Diff:  0.0, Sum:  0.0, Workers: 4
[290.713s][debug][gc,phases      ] GC(33)     Dead                           Min: 0, Avg:  0.0, Max: 0, Diff: 0, Sum: 0, Workers: 4
[290.713s][debug][gc,phases      ] GC(33)     Total                          Min: 0, Avg: 229.5, Max: 854, Diff: 854, Sum: 918, Workers: 4
[290.713s][debug][gc,phases      ] GC(33)   ObjectSynchronizer Weak        Min:  0.0, Avg:  0.0, Max:  0.0, Diff:  0.0, Sum:  0.0, Workers: 4
[290.713s][debug][gc,phases      ] GC(33)     Dead                           Min: 0, Avg:  0.0, Max: 0, Diff: 0, Sum: 0, Workers: 4
[290.713s][debug][gc,phases      ] GC(33)     Total                          Min: 0, Avg:  2.0, Max: 8, Diff: 8, Sum: 8, Workers: 4
[290.713s][debug][gc,phases      ] GC(33)   JVMTI Tag Weak OopStorage      Min:  0.0, Avg:  0.0, Max:  0.0, Diff:  0.0, Sum:  0.0, Workers: 4
[290.713s][debug][gc,phases      ] GC(33)     Dead                           Min: 0, Avg:  0.0, Max: 0, Diff: 0, Sum: 0, Workers: 4
[290.713s][debug][gc,phases      ] GC(33)     Total                          Min: 0, Avg:  0.0, Max: 0, Diff: 0, Sum: 0, Workers: 4
[290.713s][debug][gc,phases      ] GC(33)   StringTable Weak               Min:  0.1, Avg:  0.1, Max:  0.1, Diff:  0.0, Sum:  0.4, Workers: 4
[290.713s][debug][gc,phases      ] GC(33)     Dead                           Min: 0, Avg:  0.2, Max: 1, Diff: 1, Sum: 1, Workers: 4
[290.713s][debug][gc,phases      ] GC(33)     Total                          Min: 9421, Avg: 11043.0, Max: 12160, Diff: 2739, Sum: 44172, Workers: 4
[290.713s][debug][gc,phases      ] GC(33)   ResolvedMethodTable Weak       Min:  0.0, Avg:  0.0, Max:  0.0, Diff:  0.0, Sum:  0.1, Workers: 4
[290.713s][debug][gc,phases      ] GC(33)     Dead                           Min: 0, Avg:  0.0, Max: 0, Diff: 0, Sum: 0, Workers: 4
[290.713s][debug][gc,phases      ] GC(33)     Total                          Min: 2496, Avg: 2709.0, Max: 2965, Diff: 469, Sum: 10836, Workers: 4
[290.713s][debug][gc,phases      ] GC(33)   JNI Weak                       Min:  0.0, Avg:  0.0, Max:  0.0, Diff:  0.0, Sum:  0.0, Workers: 4
[290.713s][debug][gc,phases      ] GC(33)     Dead                           Min: 0, Avg:  0.0, Max: 0, Diff: 0, Sum: 0, Workers: 4
[290.713s][debug][gc,phases      ] GC(33)     Total                          Min: 0, Avg: 12.0, Max: 48, Diff: 48, Sum: 48, Workers: 4
[290.713s][debug][gc,phases      ] GC(33)   StringDedup Table Weak         Min:  0.0, Avg:  0.0, Max:  0.0, Diff:  0.0, Sum:  0.0, Workers: 4
[290.713s][debug][gc,phases      ] GC(33)     Dead                           Min: 0, Avg:  0.0, Max: 0, Diff: 0, Sum: 0, Workers: 4
[290.713s][debug][gc,phases      ] GC(33)     Total                          Min: 0, Avg:  0.0, Max: 0, Diff: 0, Sum: 0, Workers: 4
[290.713s][debug][gc,phases      ] GC(33)   StringDedup Requests0 Weak     Min:  0.0, Avg:  0.0, Max:  0.0, Diff:  0.0, Sum:  0.0, Workers: 4
[290.713s][debug][gc,phases      ] GC(33)     Dead                           Min: 0, Avg:  0.0, Max: 0, Diff: 0, Sum: 0, Workers: 4
[290.713s][debug][gc,phases      ] GC(33)     Total                          Min: 0, Avg:  0.0, Max: 0, Diff: 0, Sum: 0, Workers: 4
[290.713s][debug][gc,phases      ] GC(33)   StringDedup Requests1 Weak     Min:  0.0, Avg:  0.0, Max:  0.0, Diff:  0.0, Sum:  0.0, Workers: 4
[290.713s][debug][gc,phases      ] GC(33)     Dead                           Min: 0, Avg:  0.0, Max: 0, Diff: 0, Sum: 0, Workers: 4
[290.713s][debug][gc,phases      ] GC(33)     Total                          Min: 0, Avg:  0.0, Max: 0, Diff: 0, Sum: 0, Workers: 4
[290.713s][debug][gc,phases      ] GC(33)   Weak JFR Old Object Samples    Min:  0.0, Avg:  0.0, Max:  0.0, Diff:  0.0, Sum:  0.0, Workers: 4
[290.713s][debug][gc,phases      ] GC(33)     Dead                           Min: 0, Avg:  0.0, Max: 0, Diff: 0, Sum: 0, Workers: 4
[290.713s][debug][gc,phases      ] GC(33)     Total                          Min: 0, Avg:  0.0, Max: 0, Diff: 0, Sum: 0, Workers: 4
[290.713s][debug][gc,phases      ] GC(33) Weak Processing 0.316ms
[290.713s][debug][gc,age         ] GC(33) Desired survivor size 426246144 bytes, new threshold 15 (max threshold 15)
[290.713s][info ][gc,heap        ] GC(33) PSYoungGen: 1269872K(1676288K)->3728K(1270784K) Eden: 1266688K(1266688K)->0K(1266688K) From: 3184K(409600K)->3728K(4096K)
[290.713s][info ][gc,heap        ] GC(33) ParOldGen: 416546K(541184K)->416546K(541184K)
[290.713s][info ][gc,metaspace   ] GC(33) Metaspace: 87254K(88320K)->87254K(88320K) NonClass: 74524K(75136K)->74524K(75136K) Class: 12730K(13184K)->12730K(13184K)
[290.713s][info ][gc             ] GC(33) Pause Young (Allocation Failure) 1646M->410M(1769M) 3.939ms
[290.713s][info ][gc,cpu         ] GC(33) User=0.02s Sys=0.00s Real=0.01s
[290.714s][info ][safepoint      ] Safepoint "ParallelGCFailedAllocation", Time since last: 2046145395 ns, Reaching safepoint: 76701 ns, Cleanup: 4100 ns, At safepoint: 4000655 ns, Total: 4081456 ns
[291.714s][info ][safepoint      ] Safepoint "Cleanup", Time since last: 1000089185 ns, Reaching safepoint: 77801 ns, Cleanup: 11800 ns, At safepoint: 6700 ns, Total: 96301 ns
[292.714s][info ][safepoint      ] Safepoint "Cleanup", Time since last: 1000108186 ns, Reaching safepoint: 71701 ns, Cleanup: 8600 ns, At safepoint: 5400 ns, Total: 85701 ns
[293.714s][info ][safepoint      ] Safepoint "Cleanup", Time since last: 1000117700 ns, Reaching safepoint: 78401 ns, Cleanup: 14500 ns, At safepoint: 7000 ns, Total: 99901 ns
[295.714s][info ][safepoint      ] Safepoint "Cleanup", Time since last: 2000190353 ns, Reaching safepoint: 74301 ns, Cleanup: 72601 ns, At safepoint: 6000 ns, Total: 152902 ns
[296.715s][info ][safepoint      ] Safepoint "Cleanup", Time since last: 1000141927 ns, Reaching safepoint: 78701 ns, Cleanup: 73201 ns, At safepoint: 6000 ns, Total: 157902 ns
[297.715s][info ][safepoint      ] Safepoint "Cleanup", Time since last: 1000132127 ns, Reaching safepoint: 77001 ns, Cleanup: 15500 ns, At safepoint: 5900 ns, Total: 98401 ns
[301.164s][info ][safepoint      ] Safepoint "Cleanup", Time since last: 3448594987 ns, Reaching safepoint: 78301 ns, Cleanup: 16301 ns, At safepoint: 4700 ns, Total: 99302 ns
[302.164s][info ][safepoint      ] Safepoint "Cleanup", Time since last: 1000116420 ns, Reaching safepoint: 76501 ns, Cleanup: 11900 ns, At safepoint: 5600 ns, Total: 94001 ns
[303.164s][info ][safepoint      ] Safepoint "Cleanup", Time since last: 1000110336 ns, Reaching safepoint: 74801 ns, Cleanup: 8900 ns, At safepoint: 6500 ns, Total: 90201 ns
[304.209s][info ][gc,start       ] GC(34) Pause Young (Allocation Failure)
[304.213s][debug][gc,phases      ] GC(34) Scavenge 4.590ms
[304.213s][debug][gc,ref         ] GC(34) Skipped phase 1 of Reference Processing: no references
[304.214s][debug][gc,ref         ] GC(34) ReferenceProcessor::execute queues: 1, RefProcThreadModel::Single, marks_oops_alive: false
[304.214s][debug][gc,ref         ] GC(34) Skipped phase 3 of Reference Processing: no references
[304.214s][debug][gc,ref         ] GC(34) ReferenceProcessor::execute queues: 1, RefProcThreadModel::Single, marks_oops_alive: false
[304.214s][debug][gc,phases      ] GC(34) Reference Processing 0.081ms
[304.214s][debug][gc,phases      ] GC(34)   VM Weak                        Min:  0.0, Avg:  0.0, Max:  0.0, Diff:  0.0, Sum:  0.0, Workers: 4
[304.214s][debug][gc,phases      ] GC(34)     Dead                           Min: 0, Avg:  0.0, Max: 0, Diff: 0, Sum: 0, Workers: 4
[304.214s][debug][gc,phases      ] GC(34)     Total                          Min: 0, Avg: 229.5, Max: 704, Diff: 704, Sum: 918, Workers: 4
[304.214s][debug][gc,phases      ] GC(34)   ObjectSynchronizer Weak        Min:  0.0, Avg:  0.0, Max:  0.0, Diff:  0.0, Sum:  0.0, Workers: 4
[304.214s][debug][gc,phases      ] GC(34)     Dead                           Min: 0, Avg:  0.0, Max: 0, Diff: 0, Sum: 0, Workers: 4
[304.214s][debug][gc,phases      ] GC(34)     Total                          Min: 0, Avg:  1.2, Max: 5, Diff: 5, Sum: 5, Workers: 4
[304.214s][debug][gc,phases      ] GC(34)   JVMTI Tag Weak OopStorage      Min:  0.0, Avg:  0.0, Max:  0.0, Diff:  0.0, Sum:  0.0, Workers: 4
[304.214s][debug][gc,phases      ] GC(34)     Dead                           Min: 0, Avg:  0.0, Max: 0, Diff: 0, Sum: 0, Workers: 4
[304.214s][debug][gc,phases      ] GC(34)     Total                          Min: 0, Avg:  0.0, Max: 0, Diff: 0, Sum: 0, Workers: 4
[304.214s][debug][gc,phases      ] GC(34)   StringTable Weak               Min:  0.0, Avg:  0.1, Max:  0.1, Diff:  0.1, Sum:  0.4, Workers: 4
[304.214s][debug][gc,phases      ] GC(34)     Dead                           Min: 0, Avg:  0.0, Max: 0, Diff: 0, Sum: 0, Workers: 4
[304.214s][debug][gc,phases      ] GC(34)     Total                          Min: 0, Avg: 11044.2, Max: 17727, Diff: 17727, Sum: 44177, Workers: 4
[304.214s][debug][gc,phases      ] GC(34)   ResolvedMethodTable Weak       Min:  0.0, Avg:  0.0, Max:  0.0, Diff:  0.0, Sum:  0.1, Workers: 4
[304.214s][debug][gc,phases      ] GC(34)     Dead                           Min: 0, Avg:  0.0, Max: 0, Diff: 0, Sum: 0, Workers: 4
[304.214s][debug][gc,phases      ] GC(34)     Total                          Min: 0, Avg: 2709.0, Max: 4820, Diff: 4820, Sum: 10836, Workers: 4
[304.214s][debug][gc,phases      ] GC(34)   JNI Weak                       Min:  0.0, Avg:  0.0, Max:  0.0, Diff:  0.0, Sum:  0.0, Workers: 4
[304.214s][debug][gc,phases      ] GC(34)     Dead                           Min: 0, Avg:  0.0, Max: 0, Diff: 0, Sum: 0, Workers: 4
[304.214s][debug][gc,phases      ] GC(34)     Total                          Min: 0, Avg: 12.0, Max: 48, Diff: 48, Sum: 48, Workers: 4
[304.214s][debug][gc,phases      ] GC(34)   StringDedup Table Weak         Min:  0.0, Avg:  0.0, Max:  0.0, Diff:  0.0, Sum:  0.0, Workers: 4
[304.214s][debug][gc,phases      ] GC(34)     Dead                           Min: 0, Avg:  0.0, Max: 0, Diff: 0, Sum: 0, Workers: 4
[304.214s][debug][gc,phases      ] GC(34)     Total                          Min: 0, Avg:  0.0, Max: 0, Diff: 0, Sum: 0, Workers: 4
[304.214s][debug][gc,phases      ] GC(34)   StringDedup Requests0 Weak     Min:  0.0, Avg:  0.0, Max:  0.0, Diff:  0.0, Sum:  0.0, Workers: 4
[304.214s][debug][gc,phases      ] GC(34)     Dead                           Min: 0, Avg:  0.0, Max: 0, Diff: 0, Sum: 0, Workers: 4
[304.214s][debug][gc,phases      ] GC(34)     Total                          Min: 0, Avg:  0.0, Max: 0, Diff: 0, Sum: 0, Workers: 4
[304.214s][debug][gc,phases      ] GC(34)   StringDedup Requests1 Weak     Min:  0.0, Avg:  0.0, Max:  0.0, Diff:  0.0, Sum:  0.0, Workers: 4
[304.214s][debug][gc,phases      ] GC(34)     Dead                           Min: 0, Avg:  0.0, Max: 0, Diff: 0, Sum: 0, Workers: 4
[304.214s][debug][gc,phases      ] GC(34)     Total                          Min: 0, Avg:  0.0, Max: 0, Diff: 0, Sum: 0, Workers: 4
[304.214s][debug][gc,phases      ] GC(34)   Weak JFR Old Object Samples    Min:  0.0, Avg:  0.0, Max:  0.0, Diff:  0.0, Sum:  0.0, Workers: 4
[304.214s][debug][gc,phases      ] GC(34)     Dead                           Min: 0, Avg:  0.0, Max: 0, Diff: 0, Sum: 0, Workers: 4
[304.214s][debug][gc,phases      ] GC(34)     Total                          Min: 0, Avg:  0.0, Max: 0, Diff: 0, Sum: 0, Workers: 4
[304.214s][debug][gc,phases      ] GC(34) Weak Processing 0.336ms
[304.214s][debug][gc,age         ] GC(34) Desired survivor size 422051840 bytes, new threshold 15 (max threshold 15)
[304.214s][info ][gc,heap        ] GC(34) PSYoungGen: 1270416K(1270784K)->4144K(1684992K) Eden: 1266688K(1266688K)->0K(1268736K) From: 3728K(4096K)->4144K(416256K)
[304.214s][info ][gc,heap        ] GC(34) ParOldGen: 416546K(541184K)->416554K(541184K)
[304.214s][info ][gc,metaspace   ] GC(34) Metaspace: 87266K(88320K)->87266K(88320K) NonClass: 74535K(75136K)->74535K(75136K) Class: 12730K(13184K)->12730K(13184K)
[304.214s][info ][gc             ] GC(34) Pause Young (Allocation Failure) 1647M->410M(2174M) 5.091ms
[304.214s][info ][gc,cpu         ] GC(34) User=0.02s Sys=0.00s Real=0.01s
[304.214s][info ][safepoint      ] Safepoint "ParallelGCFailedAllocation", Time since last: 1044622180 ns, Reaching safepoint: 75101 ns, Cleanup: 3900 ns, At safepoint: 5161263 ns, Total: 5240264 ns
[305.214s][info ][safepoint      ] Safepoint "Cleanup", Time since last: 1000093935 ns, Reaching safepoint: 75401 ns, Cleanup: 7600 ns, At safepoint: 5700 ns, Total: 88701 ns
[306.214s][info ][safepoint      ] Safepoint "Cleanup", Time since last: 1000107335 ns, Reaching safepoint: 72001 ns, Cleanup: 27700 ns, At safepoint: 4801 ns, Total: 104502 ns
[307.215s][info ][safepoint      ] Safepoint "Cleanup", Time since last: 1000111671 ns, Reaching safepoint: 77701 ns, Cleanup: 10900 ns, At safepoint: 6100 ns, Total: 94701 ns
[308.215s][info ][safepoint      ] Safepoint "Cleanup", Time since last: 1000106585 ns, Reaching safepoint: 73001 ns, Cleanup: 10300 ns, At safepoint: 6100 ns, Total: 89401 ns
[309.215s][info ][safepoint      ] Safepoint "Cleanup", Time since last: 1000099384 ns, Reaching safepoint: 79101 ns, Cleanup: 9701 ns, At safepoint: 7100 ns, Total: 95902 ns
[311.215s][info ][safepoint      ] Safepoint "Cleanup", Time since last: 2000173931 ns, Reaching safepoint: 75501 ns, Cleanup: 11100 ns, At safepoint: 5200 ns, Total: 91801 ns
[312.215s][info ][safepoint      ] Safepoint "Cleanup", Time since last: 1000110665 ns, Reaching safepoint: 78501 ns, Cleanup: 8100 ns, At safepoint: 6300 ns, Total: 92901 ns
[313.216s][info ][safepoint      ] Safepoint "Cleanup", Time since last: 1000105564 ns, Reaching safepoint: 78702 ns, Cleanup: 9800 ns, At safepoint: 7300 ns, Total: 95802 ns
[314.216s][info ][safepoint      ] Safepoint "Cleanup", Time since last: 1000108964 ns, Reaching safepoint: 73101 ns, Cleanup: 8700 ns, At safepoint: 5500 ns, Total: 87301 ns
[317.216s][info ][safepoint      ] Safepoint "Cleanup", Time since last: 3000259093 ns, Reaching safepoint: 76401 ns, Cleanup: 11100 ns, At safepoint: 6900 ns, Total: 94401 ns
[318.216s][info ][safepoint      ] Safepoint "Cleanup", Time since last: 1000117424 ns, Reaching safepoint: 76401 ns, Cleanup: 10200 ns, At safepoint: 6000 ns, Total: 92601 ns
[318.339s][info ][gc,start       ] GC(35) Pause Young (Allocation Failure)
[318.342s][debug][gc,phases      ] GC(35) Scavenge 3.030ms
[318.342s][debug][gc,ref         ] GC(35) Skipped phase 1 of Reference Processing: no references
[318.342s][debug][gc,ref         ] GC(35) ReferenceProcessor::execute queues: 1, RefProcThreadModel::Single, marks_oops_alive: false
[318.342s][debug][gc,ref         ] GC(35) Skipped phase 3 of Reference Processing: no references
[318.342s][debug][gc,ref         ] GC(35) ReferenceProcessor::execute queues: 1, RefProcThreadModel::Single, marks_oops_alive: false
[318.342s][debug][gc,phases      ] GC(35) Reference Processing 0.097ms
[318.342s][debug][gc,phases      ] GC(35)   VM Weak                        Min:  0.0, Avg:  0.0, Max:  0.0, Diff:  0.0, Sum:  0.0, Workers: 4
[318.342s][debug][gc,phases      ] GC(35)     Dead                           Min: 0, Avg:  0.0, Max: 0, Diff: 0, Sum: 0, Workers: 4
[318.342s][debug][gc,phases      ] GC(35)     Total                          Min: 0, Avg: 229.5, Max: 576, Diff: 576, Sum: 918, Workers: 4
[318.342s][debug][gc,phases      ] GC(35)   ObjectSynchronizer Weak        Min:  0.0, Avg:  0.0, Max:  0.0, Diff:  0.0, Sum:  0.0, Workers: 4
[318.342s][debug][gc,phases      ] GC(35)     Dead                           Min: 0, Avg:  0.0, Max: 0, Diff: 0, Sum: 0, Workers: 4
[318.342s][debug][gc,phases      ] GC(35)     Total                          Min: 0, Avg:  1.5, Max: 6, Diff: 6, Sum: 6, Workers: 4
[318.342s][debug][gc,phases      ] GC(35)   JVMTI Tag Weak OopStorage      Min:  0.0, Avg:  0.0, Max:  0.0, Diff:  0.0, Sum:  0.0, Workers: 4
[318.342s][debug][gc,phases      ] GC(35)     Dead                           Min: 0, Avg:  0.0, Max: 0, Diff: 0, Sum: 0, Workers: 4
[318.342s][debug][gc,phases      ] GC(35)     Total                          Min: 0, Avg:  0.0, Max: 0, Diff: 0, Sum: 0, Workers: 4
[318.342s][debug][gc,phases      ] GC(35)   StringTable Weak               Min:  0.0, Avg:  0.1, Max:  0.2, Diff:  0.2, Sum:  0.3, Workers: 4
[318.342s][debug][gc,phases      ] GC(35)     Dead                           Min: 0, Avg:  0.0, Max: 0, Diff: 0, Sum: 0, Workers: 4
[318.342s][debug][gc,phases      ] GC(35)     Total                          Min: 0, Avg: 11044.5, Max: 26579, Diff: 26579, Sum: 44178, Workers: 4
[318.342s][debug][gc,phases      ] GC(35)   ResolvedMethodTable Weak       Min:  0.0, Avg:  0.0, Max:  0.0, Diff:  0.0, Sum:  0.1, Workers: 4
[318.342s][debug][gc,phases      ] GC(35)     Dead                           Min: 0, Avg:  4.2, Max: 17, Diff: 17, Sum: 17, Workers: 4
[318.342s][debug][gc,phases      ] GC(35)     Total                          Min: 0, Avg: 2710.2, Max: 6396, Diff: 6396, Sum: 10841, Workers: 4
[318.342s][debug][gc,phases      ] GC(35)   JNI Weak                       Min:  0.0, Avg:  0.0, Max:  0.0, Diff:  0.0, Sum:  0.0, Workers: 4
[318.342s][debug][gc,phases      ] GC(35)     Dead                           Min: 0, Avg:  0.0, Max: 0, Diff: 0, Sum: 0, Workers: 4
[318.342s][debug][gc,phases      ] GC(35)     Total                          Min: 0, Avg: 12.0, Max: 48, Diff: 48, Sum: 48, Workers: 4
[318.342s][debug][gc,phases      ] GC(35)   StringDedup Table Weak         Min:  0.0, Avg:  0.0, Max:  0.0, Diff:  0.0, Sum:  0.0, Workers: 4
[318.342s][debug][gc,phases      ] GC(35)     Dead                           Min: 0, Avg:  0.0, Max: 0, Diff: 0, Sum: 0, Workers: 4
[318.342s][debug][gc,phases      ] GC(35)     Total                          Min: 0, Avg:  0.0, Max: 0, Diff: 0, Sum: 0, Workers: 4
[318.342s][debug][gc,phases      ] GC(35)   StringDedup Requests0 Weak     Min:  0.0, Avg:  0.0, Max:  0.0, Diff:  0.0, Sum:  0.0, Workers: 4
[318.342s][debug][gc,phases      ] GC(35)     Dead                           Min: 0, Avg:  0.0, Max: 0, Diff: 0, Sum: 0, Workers: 4
[318.342s][debug][gc,phases      ] GC(35)     Total                          Min: 0, Avg:  0.0, Max: 0, Diff: 0, Sum: 0, Workers: 4
[318.342s][debug][gc,phases      ] GC(35)   StringDedup Requests1 Weak     Min:  0.0, Avg:  0.0, Max:  0.0, Diff:  0.0, Sum:  0.0, Workers: 4
[318.342s][debug][gc,phases      ] GC(35)     Dead                           Min: 0, Avg:  0.0, Max: 0, Diff: 0, Sum: 0, Workers: 4
[318.342s][debug][gc,phases      ] GC(35)     Total                          Min: 0, Avg:  0.0, Max: 0, Diff: 0, Sum: 0, Workers: 4
[318.342s][debug][gc,phases      ] GC(35)   Weak JFR Old Object Samples    Min:  0.0, Avg:  0.0, Max:  0.0, Diff:  0.0, Sum:  0.0, Workers: 4
[318.342s][debug][gc,phases      ] GC(35)     Dead                           Min: 0, Avg:  0.0, Max: 0, Diff: 0, Sum: 0, Workers: 4
[318.342s][debug][gc,phases      ] GC(35)     Total                          Min: 0, Avg:  0.0, Max: 0, Diff: 0, Sum: 0, Workers: 4
[318.342s][debug][gc,phases      ] GC(35) Weak Processing 0.372ms
[318.342s][debug][gc,age         ] GC(35) Desired survivor size 415236096 bytes, new threshold 15 (max threshold 15)
[318.342s][info ][gc,heap        ] GC(35) PSYoungGen: 1272880K(1684992K)->4272K(1680896K) Eden: 1268736K(1268736K)->0K(1268736K) From: 4144K(416256K)->4272K(412160K)
[318.342s][info ][gc,heap        ] GC(35) ParOldGen: 416554K(541184K)->416554K(541184K)
[318.342s][info ][gc,metaspace   ] GC(35) Metaspace: 87291K(88320K)->87291K(88320K) NonClass: 74560K(75136K)->74560K(75136K) Class: 12731K(13184K)->12731K(13184K)
[318.342s][info ][gc             ] GC(35) Pause Young (Allocation Failure) 1649M->410M(2170M) 3.589ms
[318.342s][info ][gc,cpu         ] GC(35) User=0.01s Sys=0.00s Real=0.00s
[318.342s][info ][safepoint      ] Safepoint "ParallelGCFailedAllocation", Time since last: 122197151 ns, Reaching safepoint: 4400 ns, Cleanup: 3800 ns, At safepoint: 3647650 ns, Total: 3655850 ns
[320.882s][info ][safepoint      ] Safepoint "Cleanup", Time since last: 2539936424 ns, Reaching safepoint: 3100 ns, Cleanup: 49501 ns, At safepoint: 4700 ns, Total: 57301 ns
[321.909s][info ][safepoint      ] Safepoint "Cleanup", Time since last: 1027011279 ns, Reaching safepoint: 75701 ns, Cleanup: 85901 ns, At safepoint: 5200 ns, Total: 166802 ns
[323.711s][info ][safepoint      ] Safepoint "Cleanup", Time since last: 1801575746 ns, Reaching safepoint: 72401 ns, Cleanup: 16401 ns, At safepoint: 5400 ns, Total: 94202 ns
[324.711s][info ][safepoint      ] Safepoint "Cleanup", Time since last: 1000115415 ns, Reaching safepoint: 75501 ns, Cleanup: 8700 ns, At safepoint: 6300 ns, Total: 90501 ns
[325.711s][info ][safepoint      ] Safepoint "Cleanup", Time since last: 1000116254 ns, Reaching safepoint: 80901 ns, Cleanup: 11500 ns, At safepoint: 6100 ns, Total: 98501 ns
[330.712s][info ][safepoint      ] Safepoint "Cleanup", Time since last: 5000405600 ns, Reaching safepoint: 77101 ns, Cleanup: 13800 ns, At safepoint: 6800 ns, Total: 97701 ns
[333.618s][info ][gc,start       ] GC(36) Pause Young (Allocation Failure)
[333.624s][debug][gc,phases      ] GC(36) Scavenge 5.706ms
[333.624s][debug][gc,ref         ] GC(36) Skipped phase 1 of Reference Processing: no references
[333.624s][debug][gc,ref         ] GC(36) ReferenceProcessor::execute queues: 1, RefProcThreadModel::Single, marks_oops_alive: false
[333.624s][debug][gc,ref         ] GC(36) Skipped phase 3 of Reference Processing: no references
[333.624s][debug][gc,ref         ] GC(36) ReferenceProcessor::execute queues: 1, RefProcThreadModel::Single, marks_oops_alive: false
[333.624s][debug][gc,phases      ] GC(36) Reference Processing 0.090ms
[333.625s][debug][gc,phases      ] GC(36)   VM Weak                        Min:  0.0, Avg:  0.0, Max:  0.0, Diff:  0.0, Sum:  0.0, Workers: 4
[333.625s][debug][gc,phases      ] GC(36)     Dead                           Min: 0, Avg:  0.0, Max: 0, Diff: 0, Sum: 0, Workers: 4
[333.625s][debug][gc,phases      ] GC(36)     Total                          Min: 0, Avg: 229.8, Max: 471, Diff: 471, Sum: 919, Workers: 4
[333.625s][debug][gc,phases      ] GC(36)   ObjectSynchronizer Weak        Min:  0.0, Avg:  0.0, Max:  0.0, Diff:  0.0, Sum:  0.0, Workers: 4
[333.625s][debug][gc,phases      ] GC(36)     Dead                           Min: 0, Avg:  2.0, Max: 8, Diff: 8, Sum: 8, Workers: 4
[333.625s][debug][gc,phases      ] GC(36)     Total                          Min: 0, Avg:  3.5, Max: 14, Diff: 14, Sum: 14, Workers: 4
[333.625s][debug][gc,phases      ] GC(36)   JVMTI Tag Weak OopStorage      Min:  0.0, Avg:  0.0, Max:  0.0, Diff:  0.0, Sum:  0.0, Workers: 4
[333.625s][debug][gc,phases      ] GC(36)     Dead                           Min: 0, Avg:  0.0, Max: 0, Diff: 0, Sum: 0, Workers: 4
[333.625s][debug][gc,phases      ] GC(36)     Total                          Min: 0, Avg:  0.0, Max: 0, Diff: 0, Sum: 0, Workers: 4
[333.625s][debug][gc,phases      ] GC(36)   StringTable Weak               Min:  0.0, Avg:  0.1, Max:  0.2, Diff:  0.2, Sum:  0.3, Workers: 4
[333.625s][debug][gc,phases      ] GC(36)     Dead                           Min: 0, Avg:  0.5, Max: 2, Diff: 2, Sum: 2, Workers: 4
[333.625s][debug][gc,phases      ] GC(36)     Total                          Min: 0, Avg: 11054.5, Max: 25726, Diff: 25726, Sum: 44218, Workers: 4
[333.625s][debug][gc,phases      ] GC(36)   ResolvedMethodTable Weak       Min:  0.0, Avg:  0.0, Max:  0.0, Diff:  0.0, Sum:  0.1, Workers: 4
[333.625s][debug][gc,phases      ] GC(36)     Dead                           Min: 0, Avg:  0.0, Max: 0, Diff: 0, Sum: 0, Workers: 4
[333.625s][debug][gc,phases      ] GC(36)     Total                          Min: 0, Avg: 2719.5, Max: 6462, Diff: 6462, Sum: 10878, Workers: 4
[333.625s][debug][gc,phases      ] GC(36)   JNI Weak                       Min:  0.0, Avg:  0.0, Max:  0.0, Diff:  0.0, Sum:  0.0, Workers: 4
[333.625s][debug][gc,phases      ] GC(36)     Dead                           Min: 0, Avg:  0.0, Max: 0, Diff: 0, Sum: 0, Workers: 4
[333.625s][debug][gc,phases      ] GC(36)     Total                          Min: 0, Avg: 12.0, Max: 48, Diff: 48, Sum: 48, Workers: 4
[333.625s][debug][gc,phases      ] GC(36)   StringDedup Table Weak         Min:  0.0, Avg:  0.0, Max:  0.0, Diff:  0.0, Sum:  0.0, Workers: 4
[333.625s][debug][gc,phases      ] GC(36)     Dead                           Min: 0, Avg:  0.0, Max: 0, Diff: 0, Sum: 0, Workers: 4
[333.625s][debug][gc,phases      ] GC(36)     Total                          Min: 0, Avg:  0.0, Max: 0, Diff: 0, Sum: 0, Workers: 4
[333.625s][debug][gc,phases      ] GC(36)   StringDedup Requests0 Weak     Min:  0.0, Avg:  0.0, Max:  0.0, Diff:  0.0, Sum:  0.0, Workers: 4
[333.625s][debug][gc,phases      ] GC(36)     Dead                           Min: 0, Avg:  0.0, Max: 0, Diff: 0, Sum: 0, Workers: 4
[333.625s][debug][gc,phases      ] GC(36)     Total                          Min: 0, Avg:  0.0, Max: 0, Diff: 0, Sum: 0, Workers: 4
[333.625s][debug][gc,phases      ] GC(36)   StringDedup Requests1 Weak     Min:  0.0, Avg:  0.0, Max:  0.0, Diff:  0.0, Sum:  0.0, Workers: 4
[333.625s][debug][gc,phases      ] GC(36)     Dead                           Min: 0, Avg:  0.0, Max: 0, Diff: 0, Sum: 0, Workers: 4
[333.625s][debug][gc,phases      ] GC(36)     Total                          Min: 0, Avg:  0.0, Max: 0, Diff: 0, Sum: 0, Workers: 4
[333.625s][debug][gc,phases      ] GC(36)   Weak JFR Old Object Samples    Min:  0.0, Avg:  0.0, Max:  0.0, Diff:  0.0, Sum:  0.0, Workers: 4
[333.625s][debug][gc,phases      ] GC(36)     Dead                           Min: 0, Avg:  0.0, Max: 0, Diff: 0, Sum: 0, Workers: 4
[333.625s][debug][gc,phases      ] GC(36)     Total                          Min: 0, Avg:  0.0, Max: 0, Diff: 0, Sum: 0, Workers: 4
[333.625s][debug][gc,phases      ] GC(36) Weak Processing 0.379ms
[333.625s][debug][gc,age         ] GC(36) Desired survivor size 404750336 bytes, new threshold 15 (max threshold 15)
[333.625s][info ][gc,heap        ] GC(36) PSYoungGen: 1273008K(1680896K)->4368K(1701888K) Eden: 1268736K(1268736K)->0K(1296384K) From: 4272K(412160K)->4368K(405504K)
[333.625s][info ][gc,heap        ] GC(36) ParOldGen: 416554K(541184K)->416562K(541184K)
[333.625s][info ][gc,metaspace   ] GC(36) Metaspace: 87480K(88640K)->87480K(88640K) NonClass: 74725K(75328K)->74725K(75328K) Class: 12754K(13312K)->12754K(13312K)
[333.625s][info ][gc             ] GC(36) Pause Young (Allocation Failure) 1649M->411M(2190M) 6.268ms
[333.625s][info ][gc,cpu         ] GC(36) User=0.02s Sys=0.00s Real=0.01s
[333.625s][info ][safepoint      ] Safepoint "ParallelGCFailedAllocation", Time since last: 2906436454 ns, Reaching safepoint: 4600 ns, Cleanup: 3600 ns, At safepoint: 6327286 ns, Total: 6335486 ns
[335.625s][info ][safepoint      ] Safepoint "Cleanup", Time since last: 2000158139 ns, Reaching safepoint: 5900 ns, Cleanup: 9000 ns, At safepoint: 2500 ns, Total: 17400 ns
[336.625s][info ][safepoint      ] Safepoint "Cleanup", Time since last: 1000115321 ns, Reaching safepoint: 5100 ns, Cleanup: 17600 ns, At safepoint: 2200 ns, Total: 24900 ns
[337.625s][info ][safepoint      ] Safepoint "Cleanup", Time since last: 1000100220 ns, Reaching safepoint: 4200 ns, Cleanup: 9400 ns, At safepoint: 1900 ns, Total: 15500 ns
[339.625s][info ][safepoint      ] Safepoint "Cleanup", Time since last: 2000170440 ns, Reaching safepoint: 6000 ns, Cleanup: 17600 ns, At safepoint: 2100 ns, Total: 25700 ns
[340.626s][info ][safepoint      ] Safepoint "Cleanup", Time since last: 1000106021 ns, Reaching safepoint: 76301 ns, Cleanup: 8700 ns, At safepoint: 4200 ns, Total: 89201 ns
[342.626s][info ][safepoint      ] Safepoint "Cleanup", Time since last: 2000187376 ns, Reaching safepoint: 6300 ns, Cleanup: 19800 ns, At safepoint: 5800 ns, Total: 31900 ns
[345.626s][info ][safepoint      ] Safepoint "Cleanup", Time since last: 3000255403 ns, Reaching safepoint: 4501 ns, Cleanup: 10900 ns, At safepoint: 2300 ns, Total: 17701 ns
[347.626s][info ][safepoint      ] Safepoint "Cleanup", Time since last: 2000167335 ns, Reaching safepoint: 4000 ns, Cleanup: 12600 ns, At safepoint: 1600 ns, Total: 18200 ns
[348.626s][info ][safepoint      ] Safepoint "Cleanup", Time since last: 1000101168 ns, Reaching safepoint: 4000 ns, Cleanup: 7600 ns, At safepoint: 1500 ns, Total: 13100 ns
[349.512s][info ][gc,start       ] GC(37) Pause Young (Allocation Failure)
[349.515s][debug][gc,phases      ] GC(37) Scavenge 3.358ms
[349.515s][debug][gc,ref         ] GC(37) Skipped phase 1 of Reference Processing: no references
[349.515s][debug][gc,ref         ] GC(37) ReferenceProcessor::execute queues: 1, RefProcThreadModel::Single, marks_oops_alive: false
[349.515s][debug][gc,ref         ] GC(37) Skipped phase 3 of Reference Processing: no references
[349.515s][debug][gc,ref         ] GC(37) ReferenceProcessor::execute queues: 1, RefProcThreadModel::Single, marks_oops_alive: false
[349.515s][debug][gc,phases      ] GC(37) Reference Processing 0.116ms
[349.515s][debug][gc,phases      ] GC(37)   VM Weak                        Min:  0.0, Avg:  0.0, Max:  0.0, Diff:  0.0, Sum:  0.0, Workers: 4
[349.515s][debug][gc,phases      ] GC(37)     Dead                           Min: 0, Avg:  0.0, Max: 0, Diff: 0, Sum: 0, Workers: 4
[349.515s][debug][gc,phases      ] GC(37)     Total                          Min: 0, Avg: 229.8, Max: 384, Diff: 384, Sum: 919, Workers: 4
[349.515s][debug][gc,phases      ] GC(37)   ObjectSynchronizer Weak        Min:  0.0, Avg:  0.0, Max:  0.0, Diff:  0.0, Sum:  0.0, Workers: 4
[349.515s][debug][gc,phases      ] GC(37)     Dead                           Min: 0, Avg:  0.0, Max: 0, Diff: 0, Sum: 0, Workers: 4
[349.515s][debug][gc,phases      ] GC(37)     Total                          Min: 0, Avg:  3.5, Max: 14, Diff: 14, Sum: 14, Workers: 4
[349.515s][debug][gc,phases      ] GC(37)   JVMTI Tag Weak OopStorage      Min:  0.0, Avg:  0.0, Max:  0.0, Diff:  0.0, Sum:  0.0, Workers: 4
[349.515s][debug][gc,phases      ] GC(37)     Dead                           Min: 0, Avg:  0.0, Max: 0, Diff: 0, Sum: 0, Workers: 4
[349.515s][debug][gc,phases      ] GC(37)     Total                          Min: 0, Avg:  0.0, Max: 0, Diff: 0, Sum: 0, Workers: 4
[349.515s][debug][gc,phases      ] GC(37)   StringTable Weak               Min:  0.0, Avg:  0.1, Max:  0.1, Diff:  0.1, Sum:  0.4, Workers: 4
[349.515s][debug][gc,phases      ] GC(37)     Dead                           Min: 0, Avg:  0.2, Max: 1, Diff: 1, Sum: 1, Workers: 4
[349.515s][debug][gc,phases      ] GC(37)     Total                          Min: 0, Avg: 11058.5, Max: 14922, Diff: 14922, Sum: 44234, Workers: 4
[349.516s][debug][gc,phases      ] GC(37)   ResolvedMethodTable Weak       Min:  0.0, Avg:  0.0, Max:  0.0, Diff:  0.0, Sum:  0.1, Workers: 4
[349.516s][debug][gc,phases      ] GC(37)     Dead                           Min: 0, Avg:  4.5, Max: 9, Diff: 9, Sum: 18, Workers: 4
[349.516s][debug][gc,phases      ] GC(37)     Total                          Min: 0, Avg: 2721.2, Max: 3648, Diff: 3648, Sum: 10885, Workers: 4
[349.516s][debug][gc,phases      ] GC(37)   JNI Weak                       Min:  0.0, Avg:  0.0, Max:  0.0, Diff:  0.0, Sum:  0.0, Workers: 4
[349.516s][debug][gc,phases      ] GC(37)     Dead                           Min: 0, Avg:  0.0, Max: 0, Diff: 0, Sum: 0, Workers: 4
[349.516s][debug][gc,phases      ] GC(37)     Total                          Min: 0, Avg: 12.0, Max: 48, Diff: 48, Sum: 48, Workers: 4
[349.516s][debug][gc,phases      ] GC(37)   StringDedup Table Weak         Min:  0.0, Avg:  0.0, Max:  0.0, Diff:  0.0, Sum:  0.0, Workers: 4
[349.516s][debug][gc,phases      ] GC(37)     Dead                           Min: 0, Avg:  0.0, Max: 0, Diff: 0, Sum: 0, Workers: 4
[349.516s][debug][gc,phases      ] GC(37)     Total                          Min: 0, Avg:  0.0, Max: 0, Diff: 0, Sum: 0, Workers: 4
[349.516s][debug][gc,phases      ] GC(37)   StringDedup Requests0 Weak     Min:  0.0, Avg:  0.0, Max:  0.0, Diff:  0.0, Sum:  0.0, Workers: 4
[349.516s][debug][gc,phases      ] GC(37)     Dead                           Min: 0, Avg:  0.0, Max: 0, Diff: 0, Sum: 0, Workers: 4
[349.516s][debug][gc,phases      ] GC(37)     Total                          Min: 0, Avg:  0.0, Max: 0, Diff: 0, Sum: 0, Workers: 4
[349.516s][debug][gc,phases      ] GC(37)   StringDedup Requests1 Weak     Min:  0.0, Avg:  0.0, Max:  0.0, Diff:  0.0, Sum:  0.0, Workers: 4
[349.516s][debug][gc,phases      ] GC(37)     Dead                           Min: 0, Avg:  0.0, Max: 0, Diff: 0, Sum: 0, Workers: 4
[349.516s][debug][gc,phases      ] GC(37)     Total                          Min: 0, Avg:  0.0, Max: 0, Diff: 0, Sum: 0, Workers: 4
[349.516s][debug][gc,phases      ] GC(37)   Weak JFR Old Object Samples    Min:  0.0, Avg:  0.0, Max:  0.0, Diff:  0.0, Sum:  0.0, Workers: 4
[349.516s][debug][gc,phases      ] GC(37)     Dead                           Min: 0, Avg:  0.0, Max: 0, Diff: 0, Sum: 0, Workers: 4
[349.516s][debug][gc,phases      ] GC(37)     Total                          Min: 0, Avg:  0.0, Max: 0, Diff: 0, Sum: 0, Workers: 4
[349.516s][debug][gc,phases      ] GC(37) Weak Processing 0.364ms
[349.516s][debug][gc,age         ] GC(37) Desired survivor size 392691712 bytes, new threshold 15 (max threshold 15)
[349.516s][info ][gc,heap        ] GC(37) PSYoungGen: 1300752K(1701888K)->4528K(1691648K) Eden: 1296384K(1296384K)->0K(1296384K) From: 4368K(405504K)->4528K(395264K)
[349.516s][info ][gc,heap        ] GC(37) ParOldGen: 416562K(541184K)->416562K(541184K)
[349.516s][info ][gc,metaspace   ] GC(37) Metaspace: 87513K(88640K)->87513K(88640K) NonClass: 74757K(75328K)->74757K(75328K) Class: 12756K(13312K)->12756K(13312K)
[349.516s][info ][gc             ] GC(37) Pause Young (Allocation Failure) 1677M->411M(2180M) 3.936ms
[349.516s][info ][gc,cpu         ] GC(37) User=0.01s Sys=0.00s Real=0.00s
[349.516s][info ][safepoint      ] Safepoint "ParallelGCFailedAllocation", Time since last: 885231728 ns, Reaching safepoint: 4501 ns, Cleanup: 7400 ns, At safepoint: 3992654 ns, Total: 4004555 ns
[351.516s][info ][safepoint      ] Safepoint "Cleanup", Time since last: 2000159480 ns, Reaching safepoint: 79501 ns, Cleanup: 10400 ns, At safepoint: 6801 ns, Total: 96702 ns
[353.516s][info ][safepoint      ] Safepoint "Cleanup", Time since last: 2000188181 ns, Reaching safepoint: 73101 ns, Cleanup: 9700 ns, At safepoint: 4000 ns, Total: 86801 ns
[354.516s][info ][safepoint      ] Safepoint "Cleanup", Time since last: 1000107840 ns, Reaching safepoint: 77001 ns, Cleanup: 12301 ns, At safepoint: 6600 ns, Total: 95902 ns
[356.517s][info ][safepoint      ] Safepoint "Cleanup", Time since last: 2000184981 ns, Reaching safepoint: 74301 ns, Cleanup: 17600 ns, At safepoint: 5600 ns, Total: 97501 ns
[357.557s][info ][safepoint      ] Safepoint "Cleanup", Time since last: 1040147176 ns, Reaching safepoint: 4400 ns, Cleanup: 15600 ns, At safepoint: 8701 ns, Total: 28701 ns
[358.557s][info ][safepoint      ] Safepoint "Cleanup", Time since last: 1000094892 ns, Reaching safepoint: 3800 ns, Cleanup: 11301 ns, At safepoint: 1700 ns, Total: 16801 ns
[359.557s][info ][safepoint      ] Safepoint "Cleanup", Time since last: 1000066192 ns, Reaching safepoint: 4400 ns, Cleanup: 8200 ns, At safepoint: 1700 ns, Total: 14300 ns
[361.181s][info ][safepoint      ] Safepoint "Cleanup", Time since last: 1624304214 ns, Reaching safepoint: 4901 ns, Cleanup: 12000 ns, At safepoint: 1800 ns, Total: 18701 ns
[362.181s][info ][safepoint      ] Safepoint "Cleanup", Time since last: 1000107093 ns, Reaching safepoint: 4700 ns, Cleanup: 10400 ns, At safepoint: 2100 ns, Total: 17200 ns
[364.182s][info ][safepoint      ] Safepoint "Cleanup", Time since last: 2000171385 ns, Reaching safepoint: 5400 ns, Cleanup: 14000 ns, At safepoint: 2400 ns, Total: 21800 ns
[365.182s][info ][safepoint      ] Safepoint "Cleanup", Time since last: 1000117994 ns, Reaching safepoint: 5700 ns, Cleanup: 25000 ns, At safepoint: 2200 ns, Total: 32900 ns
[365.477s][info ][gc,start       ] GC(38) Pause Young (Allocation Failure)
[365.484s][debug][gc,phases      ] GC(38) Scavenge 6.577ms
[365.484s][debug][gc,ref         ] GC(38) Skipped phase 1 of Reference Processing: no references
[365.484s][debug][gc,ref         ] GC(38) ReferenceProcessor::execute queues: 1, RefProcThreadModel::Single, marks_oops_alive: false
[365.484s][debug][gc,ref         ] GC(38) Skipped phase 3 of Reference Processing: no references
[365.484s][debug][gc,ref         ] GC(38) ReferenceProcessor::execute queues: 1, RefProcThreadModel::Single, marks_oops_alive: false
[365.484s][debug][gc,phases      ] GC(38) Reference Processing 0.092ms
[365.484s][debug][gc,phases      ] GC(38)   VM Weak                        Min:  0.0, Avg:  0.0, Max:  0.0, Diff:  0.0, Sum:  0.0, Workers: 4
[365.484s][debug][gc,phases      ] GC(38)     Dead                           Min: 0, Avg:  0.0, Max: 0, Diff: 0, Sum: 0, Workers: 4
[365.484s][debug][gc,phases      ] GC(38)     Total                          Min: 0, Avg: 229.8, Max: 512, Diff: 512, Sum: 919, Workers: 4
[365.484s][debug][gc,phases      ] GC(38)   ObjectSynchronizer Weak        Min:  0.0, Avg:  0.0, Max:  0.0, Diff:  0.0, Sum:  0.0, Workers: 4
[365.484s][debug][gc,phases      ] GC(38)     Dead                           Min: 0, Avg:  0.0, Max: 0, Diff: 0, Sum: 0, Workers: 4
[365.484s][debug][gc,phases      ] GC(38)     Total                          Min: 0, Avg:  1.5, Max: 6, Diff: 6, Sum: 6, Workers: 4
[365.484s][debug][gc,phases      ] GC(38)   JVMTI Tag Weak OopStorage      Min:  0.0, Avg:  0.0, Max:  0.0, Diff:  0.0, Sum:  0.0, Workers: 4
[365.484s][debug][gc,phases      ] GC(38)     Dead                           Min: 0, Avg:  0.0, Max: 0, Diff: 0, Sum: 0, Workers: 4
[365.484s][debug][gc,phases      ] GC(38)     Total                          Min: 0, Avg:  0.0, Max: 0, Diff: 0, Sum: 0, Workers: 4
[365.484s][debug][gc,phases      ] GC(38)   StringTable Weak               Min:  0.0, Avg:  0.1, Max:  0.2, Diff:  0.2, Sum:  0.3, Workers: 4
[365.484s][debug][gc,phases      ] GC(38)     Dead                           Min: 0, Avg:  0.0, Max: 0, Diff: 0, Sum: 0, Workers: 4
[365.484s][debug][gc,phases      ] GC(38)     Total                          Min: 0, Avg: 11064.5, Max: 27618, Diff: 27618, Sum: 44258, Workers: 4
[365.484s][debug][gc,phases      ] GC(38)   ResolvedMethodTable Weak       Min:  0.0, Avg:  0.0, Max:  0.0, Diff:  0.0, Sum:  0.1, Workers: 4
[365.484s][debug][gc,phases      ] GC(38)     Dead                           Min: 0, Avg:  0.0, Max: 0, Diff: 0, Sum: 0, Workers: 4
[365.484s][debug][gc,phases      ] GC(38)     Total                          Min: 0, Avg: 2721.8, Max: 6590, Diff: 6590, Sum: 10887, Workers: 4
[365.484s][debug][gc,phases      ] GC(38)   JNI Weak                       Min:  0.0, Avg:  0.0, Max:  0.0, Diff:  0.0, Sum:  0.0, Workers: 4
[365.484s][debug][gc,phases      ] GC(38)     Dead                           Min: 0, Avg:  0.0, Max: 0, Diff: 0, Sum: 0, Workers: 4
[365.484s][debug][gc,phases      ] GC(38)     Total                          Min: 0, Avg: 12.0, Max: 48, Diff: 48, Sum: 48, Workers: 4
[365.484s][debug][gc,phases      ] GC(38)   StringDedup Table Weak         Min:  0.0, Avg:  0.0, Max:  0.0, Diff:  0.0, Sum:  0.0, Workers: 4
[365.484s][debug][gc,phases      ] GC(38)     Dead                           Min: 0, Avg:  0.0, Max: 0, Diff: 0, Sum: 0, Workers: 4
[365.484s][debug][gc,phases      ] GC(38)     Total                          Min: 0, Avg:  0.0, Max: 0, Diff: 0, Sum: 0, Workers: 4
[365.484s][debug][gc,phases      ] GC(38)   StringDedup Requests0 Weak     Min:  0.0, Avg:  0.0, Max:  0.0, Diff:  0.0, Sum:  0.0, Workers: 4
[365.484s][debug][gc,phases      ] GC(38)     Dead                           Min: 0, Avg:  0.0, Max: 0, Diff: 0, Sum: 0, Workers: 4
[365.484s][debug][gc,phases      ] GC(38)     Total                          Min: 0, Avg:  0.0, Max: 0, Diff: 0, Sum: 0, Workers: 4
[365.484s][debug][gc,phases      ] GC(38)   StringDedup Requests1 Weak     Min:  0.0, Avg:  0.0, Max:  0.0, Diff:  0.0, Sum:  0.0, Workers: 4
[365.484s][debug][gc,phases      ] GC(38)     Dead                           Min: 0, Avg:  0.0, Max: 0, Diff: 0, Sum: 0, Workers: 4
[365.484s][debug][gc,phases      ] GC(38)     Total                          Min: 0, Avg:  0.0, Max: 0, Diff: 0, Sum: 0, Workers: 4
[365.484s][debug][gc,phases      ] GC(38)   Weak JFR Old Object Samples    Min:  0.0, Avg:  0.0, Max:  0.0, Diff:  0.0, Sum:  0.0, Workers: 4
[365.484s][debug][gc,phases      ] GC(38)     Dead                           Min: 0, Avg:  0.0, Max: 0, Diff: 0, Sum: 0, Workers: 4
[365.484s][debug][gc,phases      ] GC(38)     Total                          Min: 0, Avg:  0.0, Max: 0, Diff: 0, Sum: 0, Workers: 4
[365.484s][debug][gc,phases      ] GC(38) Weak Processing 0.375ms
[365.484s][debug][gc,age         ] GC(38) Desired survivor size 378535936 bytes, new threshold 15 (max threshold 15)
[365.484s][info ][gc,heap        ] GC(38) PSYoungGen: 1300912K(1691648K)->7040K(1727488K) Eden: 1296384K(1296384K)->0K(1344000K) From: 4528K(395264K)->7040K(383488K)
[365.484s][info ][gc,heap        ] GC(38) ParOldGen: 416562K(541184K)->416562K(541184K)
[365.484s][info ][gc,metaspace   ] GC(38) Metaspace: 87540K(88704K)->87540K(88704K) NonClass: 74783K(75392K)->74783K(75392K) Class: 12757K(13312K)->12757K(13312K)
[365.484s][info ][gc             ] GC(38) Pause Young (Allocation Failure) 1677M->413M(2215M) 7.145ms
[365.484s][info ][gc,cpu         ] GC(38) User=0.02s Sys=0.00s Real=0.01s
[365.484s][info ][safepoint      ] Safepoint "ParallelGCFailedAllocation", Time since last: 295345084 ns, Reaching safepoint: 86401 ns, Cleanup: 4800 ns, At safepoint: 7216097 ns, Total: 7307298 ns
[367.485s][info ][safepoint      ] Safepoint "Cleanup", Time since last: 2000154658 ns, Reaching safepoint: 5600 ns, Cleanup: 10600 ns, At safepoint: 2600 ns, Total: 18800 ns
[378.485s][info ][safepoint      ] Safepoint "Cleanup", Time since last: 11000693479 ns, Reaching safepoint: 4500 ns, Cleanup: 10200 ns, At safepoint: 1500 ns, Total: 16200 ns
[383.110s][info ][gc,start       ] GC(39) Pause Young (Allocation Failure)
[383.114s][debug][gc,phases      ] GC(39) Scavenge 4.019ms
[383.114s][debug][gc,ref         ] GC(39) Skipped phase 1 of Reference Processing: no references
[383.114s][debug][gc,ref         ] GC(39) ReferenceProcessor::execute queues: 1, RefProcThreadModel::Single, marks_oops_alive: false
[383.114s][debug][gc,ref         ] GC(39) Skipped phase 3 of Reference Processing: no references
[383.115s][debug][gc,ref         ] GC(39) ReferenceProcessor::execute queues: 1, RefProcThreadModel::Single, marks_oops_alive: false
[383.115s][debug][gc,phases      ] GC(39) Reference Processing 0.106ms
[383.115s][debug][gc,phases      ] GC(39)   VM Weak                        Min:  0.0, Avg:  0.0, Max:  0.0, Diff:  0.0, Sum:  0.0, Workers: 4
[383.115s][debug][gc,phases      ] GC(39)     Dead                           Min: 0, Avg:  0.0, Max: 0, Diff: 0, Sum: 0, Workers: 4
[383.115s][debug][gc,phases      ] GC(39)     Total                          Min: 0, Avg: 229.8, Max: 448, Diff: 448, Sum: 919, Workers: 4
[383.115s][debug][gc,phases      ] GC(39)   ObjectSynchronizer Weak        Min:  0.0, Avg:  0.0, Max:  0.0, Diff:  0.0, Sum:  0.0, Workers: 4
[383.115s][debug][gc,phases      ] GC(39)     Dead                           Min: 0, Avg:  0.0, Max: 0, Diff: 0, Sum: 0, Workers: 4
[383.115s][debug][gc,phases      ] GC(39)     Total                          Min: 0, Avg:  1.5, Max: 6, Diff: 6, Sum: 6, Workers: 4
[383.115s][debug][gc,phases      ] GC(39)   JVMTI Tag Weak OopStorage      Min:  0.0, Avg:  0.0, Max:  0.0, Diff:  0.0, Sum:  0.0, Workers: 4
[383.115s][debug][gc,phases      ] GC(39)     Dead                           Min: 0, Avg:  0.0, Max: 0, Diff: 0, Sum: 0, Workers: 4
[383.115s][debug][gc,phases      ] GC(39)     Total                          Min: 0, Avg:  0.0, Max: 0, Diff: 0, Sum: 0, Workers: 4
[383.115s][debug][gc,phases      ] GC(39)   StringTable Weak               Min:  0.0, Avg:  0.1, Max:  0.1, Diff:  0.1, Sum:  0.4, Workers: 4
[383.115s][debug][gc,phases      ] GC(39)     Dead                           Min: 0, Avg:  0.0, Max: 0, Diff: 0, Sum: 0, Workers: 4
[383.115s][debug][gc,phases      ] GC(39)     Total                          Min: 0, Avg: 11064.5, Max: 17792, Diff: 17792, Sum: 44258, Workers: 4
[383.115s][debug][gc,phases      ] GC(39)   ResolvedMethodTable Weak       Min:  0.0, Avg:  0.0, Max:  0.0, Diff:  0.0, Sum:  0.1, Workers: 4
[383.115s][debug][gc,phases      ] GC(39)     Dead                           Min: 0, Avg:  0.0, Max: 0, Diff: 0, Sum: 0, Workers: 4
[383.115s][debug][gc,phases      ] GC(39)     Total                          Min: 0, Avg: 2721.8, Max: 4670, Diff: 4670, Sum: 10887, Workers: 4
[383.115s][debug][gc,phases      ] GC(39)   JNI Weak                       Min:  0.0, Avg:  0.0, Max:  0.0, Diff:  0.0, Sum:  0.0, Workers: 4
[383.115s][debug][gc,phases      ] GC(39)     Dead                           Min: 0, Avg:  0.0, Max: 0, Diff: 0, Sum: 0, Workers: 4
[383.115s][debug][gc,phases      ] GC(39)     Total                          Min: 0, Avg: 12.0, Max: 48, Diff: 48, Sum: 48, Workers: 4
[383.115s][debug][gc,phases      ] GC(39)   StringDedup Table Weak         Min:  0.0, Avg:  0.0, Max:  0.0, Diff:  0.0, Sum:  0.0, Workers: 4
[383.115s][debug][gc,phases      ] GC(39)     Dead                           Min: 0, Avg:  0.0, Max: 0, Diff: 0, Sum: 0, Workers: 4
[383.115s][debug][gc,phases      ] GC(39)     Total                          Min: 0, Avg:  0.0, Max: 0, Diff: 0, Sum: 0, Workers: 4
[383.115s][debug][gc,phases      ] GC(39)   StringDedup Requests0 Weak     Min:  0.0, Avg:  0.0, Max:  0.0, Diff:  0.0, Sum:  0.0, Workers: 4
[383.115s][debug][gc,phases      ] GC(39)     Dead                           Min: 0, Avg:  0.0, Max: 0, Diff: 0, Sum: 0, Workers: 4
[383.115s][debug][gc,phases      ] GC(39)     Total                          Min: 0, Avg:  0.0, Max: 0, Diff: 0, Sum: 0, Workers: 4
[383.115s][debug][gc,phases      ] GC(39)   StringDedup Requests1 Weak     Min:  0.0, Avg:  0.0, Max:  0.0, Diff:  0.0, Sum:  0.0, Workers: 4
[383.115s][debug][gc,phases      ] GC(39)     Dead                           Min: 0, Avg:  0.0, Max: 0, Diff: 0, Sum: 0, Workers: 4
[383.115s][debug][gc,phases      ] GC(39)     Total                          Min: 0, Avg:  0.0, Max: 0, Diff: 0, Sum: 0, Workers: 4
[383.115s][debug][gc,phases      ] GC(39)   Weak JFR Old Object Samples    Min:  0.0, Avg:  0.0, Max:  0.0, Diff:  0.0, Sum:  0.0, Workers: 4
[383.115s][debug][gc,phases      ] GC(39)     Dead                           Min: 0, Avg:  0.0, Max: 0, Diff: 0, Sum: 0, Workers: 4
[383.115s][debug][gc,phases      ] GC(39)     Total                          Min: 0, Avg:  0.0, Max: 0, Diff: 0, Sum: 0, Workers: 4
[383.115s][debug][gc,phases      ] GC(39) Weak Processing 0.407ms
[383.115s][debug][gc,age         ] GC(39) Desired survivor size 363331584 bytes, new threshold 15 (max threshold 15)
[383.115s][info ][gc,heap        ] GC(39) PSYoungGen: 1351040K(1727488K)->6992K(1713664K) Eden: 1344000K(1344000K)->0K(1344000K) From: 7040K(383488K)->6992K(369664K)
[383.115s][info ][gc,heap        ] GC(39) ParOldGen: 416562K(541184K)->416570K(541184K)
[383.115s][info ][gc,metaspace   ] GC(39) Metaspace: 87541K(88704K)->87541K(88704K) NonClass: 74784K(75392K)->74784K(75392K) Class: 12757K(13312K)->12757K(13312K)
[383.115s][info ][gc             ] GC(39) Pause Young (Allocation Failure) 1726M->413M(2202M) 4.649ms
[383.115s][info ][gc,cpu         ] GC(39) User=0.02s Sys=0.00s Real=0.01s
[383.115s][info ][safepoint      ] Safepoint "ParallelGCFailedAllocation", Time since last: 4624871490 ns, Reaching safepoint: 74301 ns, Cleanup: 10300 ns, At safepoint: 4718163 ns, Total: 4802764 ns
[385.115s][info ][safepoint      ] Safepoint "Cleanup", Time since last: 2000149405 ns, Reaching safepoint: 88201 ns, Cleanup: 10600 ns, At safepoint: 6400 ns, Total: 105201 ns
[386.115s][info ][safepoint      ] Safepoint "Cleanup", Time since last: 1000111753 ns, Reaching safepoint: 77301 ns, Cleanup: 7900 ns, At safepoint: 5900 ns, Total: 91101 ns
[388.116s][info ][safepoint      ] Safepoint "Cleanup", Time since last: 2000189306 ns, Reaching safepoint: 76501 ns, Cleanup: 14500 ns, At safepoint: 6500 ns, Total: 97501 ns
[393.116s][info ][safepoint      ] Safepoint "Cleanup", Time since last: 5000418384 ns, Reaching safepoint: 78101 ns, Cleanup: 11300 ns, At safepoint: 21901 ns, Total: 111302 ns
[395.117s][info ][safepoint      ] Safepoint "Cleanup", Time since last: 2000175089 ns, Reaching safepoint: 75001 ns, Cleanup: 10101 ns, At safepoint: 6000 ns, Total: 91102 ns
[396.117s][info ][safepoint      ] Safepoint "Cleanup", Time since last: 1000103895 ns, Reaching safepoint: 75201 ns, Cleanup: 12700 ns, At safepoint: 5900 ns, Total: 93801 ns
[397.117s][info ][safepoint      ] Safepoint "Cleanup", Time since last: 1000110295 ns, Reaching safepoint: 80401 ns, Cleanup: 47601 ns, At safepoint: 8000 ns, Total: 136002 ns
[398.117s][info ][safepoint      ] Safepoint "Cleanup", Time since last: 1000121905 ns, Reaching safepoint: 79601 ns, Cleanup: 38000 ns, At safepoint: 8201 ns, Total: 125802 ns
[399.117s][info ][safepoint      ] Safepoint "Cleanup", Time since last: 1000115800 ns, Reaching safepoint: 79701 ns, Cleanup: 25801 ns, At safepoint: 7400 ns, Total: 112902 ns
[400.118s][info ][safepoint      ] Safepoint "Cleanup", Time since last: 1000359504 ns, Reaching safepoint: 78801 ns, Cleanup: 21900 ns, At safepoint: 6300 ns, Total: 107001 ns
[400.661s][info ][gc,start       ] GC(40) Pause Young (Allocation Failure)
[400.665s][debug][gc,phases      ] GC(40) Scavenge 4.381ms
[400.665s][debug][gc,ref         ] GC(40) Skipped phase 1 of Reference Processing: no references
[400.665s][debug][gc,ref         ] GC(40) ReferenceProcessor::execute queues: 1, RefProcThreadModel::Single, marks_oops_alive: false
[400.665s][debug][gc,ref         ] GC(40) Skipped phase 3 of Reference Processing: no references
[400.665s][debug][gc,ref         ] GC(40) ReferenceProcessor::execute queues: 1, RefProcThreadModel::Single, marks_oops_alive: false
[400.666s][debug][gc,phases      ] GC(40) Reference Processing 0.115ms
[400.666s][debug][gc,phases      ] GC(40)   VM Weak                        Min:  0.0, Avg:  0.0, Max:  0.0, Diff:  0.0, Sum:  0.0, Workers: 4
[400.666s][debug][gc,phases      ] GC(40)     Dead                           Min: 0, Avg:  0.0, Max: 0, Diff: 0, Sum: 0, Workers: 4
[400.666s][debug][gc,phases      ] GC(40)     Total                          Min: 0, Avg: 229.8, Max: 576, Diff: 576, Sum: 919, Workers: 4
[400.666s][debug][gc,phases      ] GC(40)   ObjectSynchronizer Weak        Min:  0.0, Avg:  0.0, Max:  0.0, Diff:  0.0, Sum:  0.0, Workers: 4
[400.666s][debug][gc,phases      ] GC(40)     Dead                           Min: 0, Avg:  0.0, Max: 0, Diff: 0, Sum: 0, Workers: 4
[400.666s][debug][gc,phases      ] GC(40)     Total                          Min: 0, Avg:  1.5, Max: 6, Diff: 6, Sum: 6, Workers: 4
[400.666s][debug][gc,phases      ] GC(40)   JVMTI Tag Weak OopStorage      Min:  0.0, Avg:  0.0, Max:  0.0, Diff:  0.0, Sum:  0.0, Workers: 4
[400.666s][debug][gc,phases      ] GC(40)     Dead                           Min: 0, Avg:  0.0, Max: 0, Diff: 0, Sum: 0, Workers: 4
[400.666s][debug][gc,phases      ] GC(40)     Total                          Min: 0, Avg:  0.0, Max: 0, Diff: 0, Sum: 0, Workers: 4
[400.666s][debug][gc,phases      ] GC(40)   StringTable Weak               Min:  0.0, Avg:  0.1, Max:  0.1, Diff:  0.1, Sum:  0.4, Workers: 4
[400.666s][debug][gc,phases      ] GC(40)     Dead                           Min: 0, Avg:  0.5, Max: 2, Diff: 2, Sum: 2, Workers: 4
[400.666s][debug][gc,phases      ] GC(40)     Total                          Min: 0, Avg: 11072.8, Max: 14976, Diff: 14976, Sum: 44291, Workers: 4
[400.666s][debug][gc,phases      ] GC(40)   ResolvedMethodTable Weak       Min:  0.0, Avg:  0.0, Max:  0.0, Diff:  0.0, Sum:  0.1, Workers: 4
[400.666s][debug][gc,phases      ] GC(40)     Dead                           Min: 0, Avg:  0.0, Max: 0, Diff: 0, Sum: 0, Workers: 4
[400.666s][debug][gc,phases      ] GC(40)     Total                          Min: 0, Avg: 2726.2, Max: 3710, Diff: 3710, Sum: 10905, Workers: 4
[400.666s][debug][gc,phases      ] GC(40)   JNI Weak                       Min:  0.0, Avg:  0.0, Max:  0.0, Diff:  0.0, Sum:  0.0, Workers: 4
[400.666s][debug][gc,phases      ] GC(40)     Dead                           Min: 0, Avg:  0.0, Max: 0, Diff: 0, Sum: 0, Workers: 4
[400.666s][debug][gc,phases      ] GC(40)     Total                          Min: 0, Avg: 12.0, Max: 48, Diff: 48, Sum: 48, Workers: 4
[400.666s][debug][gc,phases      ] GC(40)   StringDedup Table Weak         Min:  0.0, Avg:  0.0, Max:  0.0, Diff:  0.0, Sum:  0.0, Workers: 4
[400.666s][debug][gc,phases      ] GC(40)     Dead                           Min: 0, Avg:  0.0, Max: 0, Diff: 0, Sum: 0, Workers: 4
[400.666s][debug][gc,phases      ] GC(40)     Total                          Min: 0, Avg:  0.0, Max: 0, Diff: 0, Sum: 0, Workers: 4
[400.666s][debug][gc,phases      ] GC(40)   StringDedup Requests0 Weak     Min:  0.0, Avg:  0.0, Max:  0.0, Diff:  0.0, Sum:  0.0, Workers: 4
[400.666s][debug][gc,phases      ] GC(40)     Dead                           Min: 0, Avg:  0.0, Max: 0, Diff: 0, Sum: 0, Workers: 4
[400.666s][debug][gc,phases      ] GC(40)     Total                          Min: 0, Avg:  0.0, Max: 0, Diff: 0, Sum: 0, Workers: 4
[400.666s][debug][gc,phases      ] GC(40)   StringDedup Requests1 Weak     Min:  0.0, Avg:  0.0, Max:  0.0, Diff:  0.0, Sum:  0.0, Workers: 4
[400.666s][debug][gc,phases      ] GC(40)     Dead                           Min: 0, Avg:  0.0, Max: 0, Diff: 0, Sum: 0, Workers: 4
[400.666s][debug][gc,phases      ] GC(40)     Total                          Min: 0, Avg:  0.0, Max: 0, Diff: 0, Sum: 0, Workers: 4
[400.666s][debug][gc,phases      ] GC(40)   Weak JFR Old Object Samples    Min:  0.0, Avg:  0.0, Max:  0.0, Diff:  0.0, Sum:  0.0, Workers: 4
[400.666s][debug][gc,phases      ] GC(40)     Dead                           Min: 0, Avg:  0.0, Max: 0, Diff: 0, Sum: 0, Workers: 4
[400.666s][debug][gc,phases      ] GC(40)     Total                          Min: 0, Avg:  0.0, Max: 0, Diff: 0, Sum: 0, Workers: 4
[400.666s][debug][gc,phases      ] GC(40) Weak Processing 0.420ms
[400.666s][debug][gc,age         ] GC(40) Desired survivor size 347602944 bytes, new threshold 15 (max threshold 15)
[400.666s][info ][gc,heap        ] GC(40) PSYoungGen: 1350992K(1713664K)->7184K(1757696K) Eden: 1344000K(1344000K)->0K(1402880K) From: 6992K(369664K)->7184K(354816K)
[400.666s][info ][gc,heap        ] GC(40) ParOldGen: 416570K(541184K)->416578K(541184K)
[400.666s][info ][gc,metaspace   ] GC(40) Metaspace: 87703K(88832K)->87703K(88832K) NonClass: 74933K(75520K)->74933K(75520K) Class: 12770K(13312K)->12770K(13312K)
[400.666s][info ][gc             ] GC(40) Pause Young (Allocation Failure) 1726M->413M(2245M) 5.025ms
[400.666s][info ][gc,cpu         ] GC(40) User=0.02s Sys=0.00s Real=0.01s
[400.666s][info ][safepoint      ] Safepoint "ParallelGCFailedAllocation", Time since last: 542895703 ns, Reaching safepoint: 72101 ns, Cleanup: 8300 ns, At safepoint: 5102066 ns, Total: 5182467 ns
[401.666s][info ][safepoint      ] Safepoint "Cleanup", Time since last: 1000082500 ns, Reaching safepoint: 72901 ns, Cleanup: 10900 ns, At safepoint: 8700 ns, Total: 92501 ns
[402.666s][info ][safepoint      ] Safepoint "Cleanup", Time since last: 1000109901 ns, Reaching safepoint: 75701 ns, Cleanup: 12100 ns, At safepoint: 6300 ns, Total: 94101 ns
[403.667s][info ][safepoint      ] Safepoint "Cleanup", Time since last: 1000107201 ns, Reaching safepoint: 72801 ns, Cleanup: 22400 ns, At safepoint: 5100 ns, Total: 100301 ns
[404.667s][info ][safepoint      ] Safepoint "Cleanup", Time since last: 1000112142 ns, Reaching safepoint: 78401 ns, Cleanup: 20500 ns, At safepoint: 6700 ns, Total: 105601 ns
[406.667s][info ][safepoint      ] Safepoint "Cleanup", Time since last: 2000197153 ns, Reaching safepoint: 76701 ns, Cleanup: 22101 ns, At safepoint: 6700 ns, Total: 105502 ns
[407.667s][info ][safepoint      ] Safepoint "Cleanup", Time since last: 1000120058 ns, Reaching safepoint: 77801 ns, Cleanup: 10700 ns, At safepoint: 6900 ns, Total: 95401 ns
[408.668s][info ][safepoint      ] Safepoint "Cleanup", Time since last: 1000118159 ns, Reaching safepoint: 76301 ns, Cleanup: 9800 ns, At safepoint: 6100 ns, Total: 92201 ns
[409.668s][info ][safepoint      ] Safepoint "Cleanup", Time since last: 1000109858 ns, Reaching safepoint: 77401 ns, Cleanup: 8900 ns, At safepoint: 5800 ns, Total: 92101 ns
[410.668s][info ][safepoint      ] Safepoint "Cleanup", Time since last: 1000118759 ns, Reaching safepoint: 77201 ns, Cleanup: 12200 ns, At safepoint: 6400 ns, Total: 95801 ns
[414.668s][info ][safepoint      ] Safepoint "Cleanup", Time since last: 4000365150 ns, Reaching safepoint: 78401 ns, Cleanup: 7101 ns, At safepoint: 6600 ns, Total: 92102 ns
[415.669s][info ][safepoint      ] Safepoint "Cleanup", Time since last: 1000363177 ns, Reaching safepoint: 89001 ns, Cleanup: 16801 ns, At safepoint: 9600 ns, Total: 115402 ns
[416.669s][info ][safepoint      ] Safepoint "Cleanup", Time since last: 1000117874 ns, Reaching safepoint: 79801 ns, Cleanup: 13400 ns, At safepoint: 7400 ns, Total: 100601 ns
[417.669s][info ][safepoint      ] Safepoint "Cleanup", Time since last: 1000127375 ns, Reaching safepoint: 78601 ns, Cleanup: 9800 ns, At safepoint: 11000 ns, Total: 99401 ns
[418.670s][info ][safepoint      ] Safepoint "Cleanup", Time since last: 1000119674 ns, Reaching safepoint: 74101 ns, Cleanup: 8901 ns, At safepoint: 5400 ns, Total: 88402 ns
[418.811s][info ][gc,start       ] GC(41) Pause Young (Allocation Failure)
[418.816s][debug][gc,phases      ] GC(41) Scavenge 4.546ms
[418.816s][debug][gc,ref         ] GC(41) Skipped phase 1 of Reference Processing: no references
[418.816s][debug][gc,ref         ] GC(41) ReferenceProcessor::execute queues: 1, RefProcThreadModel::Single, marks_oops_alive: false
[418.816s][debug][gc,ref         ] GC(41) Skipped phase 3 of Reference Processing: no references
[418.816s][debug][gc,ref         ] GC(41) ReferenceProcessor::execute queues: 1, RefProcThreadModel::Single, marks_oops_alive: false
[418.816s][debug][gc,phases      ] GC(41) Reference Processing 0.097ms
[418.816s][debug][gc,phases      ] GC(41)   VM Weak                        Min:  0.0, Avg:  0.0, Max:  0.0, Diff:  0.0, Sum:  0.0, Workers: 4
[418.816s][debug][gc,phases      ] GC(41)     Dead                           Min: 0, Avg:  0.0, Max: 0, Diff: 0, Sum: 0, Workers: 4
[418.816s][debug][gc,phases      ] GC(41)     Total                          Min: 0, Avg: 229.8, Max: 471, Diff: 471, Sum: 919, Workers: 4
[418.816s][debug][gc,phases      ] GC(41)   ObjectSynchronizer Weak        Min:  0.0, Avg:  0.0, Max:  0.0, Diff:  0.0, Sum:  0.0, Workers: 4
[418.816s][debug][gc,phases      ] GC(41)     Dead                           Min: 0, Avg:  0.0, Max: 0, Diff: 0, Sum: 0, Workers: 4
[418.816s][debug][gc,phases      ] GC(41)     Total                          Min: 0, Avg:  1.5, Max: 6, Diff: 6, Sum: 6, Workers: 4
[418.816s][debug][gc,phases      ] GC(41)   JVMTI Tag Weak OopStorage      Min:  0.0, Avg:  0.0, Max:  0.0, Diff:  0.0, Sum:  0.0, Workers: 4
[418.816s][debug][gc,phases      ] GC(41)     Dead                           Min: 0, Avg:  0.0, Max: 0, Diff: 0, Sum: 0, Workers: 4
[418.816s][debug][gc,phases      ] GC(41)     Total                          Min: 0, Avg:  0.0, Max: 0, Diff: 0, Sum: 0, Workers: 4
[418.816s][debug][gc,phases      ] GC(41)   StringTable Weak               Min:  0.0, Avg:  0.1, Max:  0.2, Diff:  0.2, Sum:  0.3, Workers: 4
[418.816s][debug][gc,phases      ] GC(41)     Dead                           Min: 0, Avg:  0.0, Max: 0, Diff: 0, Sum: 0, Workers: 4
[418.816s][debug][gc,phases      ] GC(41)     Total                          Min: 0, Avg: 11074.8, Max: 27531, Diff: 27531, Sum: 44299, Workers: 4
[418.816s][debug][gc,phases      ] GC(41)   ResolvedMethodTable Weak       Min:  0.0, Avg:  0.0, Max:  0.0, Diff:  0.0, Sum:  0.1, Workers: 4
[418.816s][debug][gc,phases      ] GC(41)     Dead                           Min: 0, Avg:  4.0, Max: 16, Diff: 16, Sum: 16, Workers: 4
[418.816s][debug][gc,phases      ] GC(41)     Total                          Min: 0, Avg: 2728.8, Max: 6639, Diff: 6639, Sum: 10915, Workers: 4
[418.816s][debug][gc,phases      ] GC(41)   JNI Weak                       Min:  0.0, Avg:  0.0, Max:  0.0, Diff:  0.0, Sum:  0.0, Workers: 4
[418.816s][debug][gc,phases      ] GC(41)     Dead                           Min: 0, Avg:  0.0, Max: 0, Diff: 0, Sum: 0, Workers: 4
[418.816s][debug][gc,phases      ] GC(41)     Total                          Min: 0, Avg: 12.0, Max: 48, Diff: 48, Sum: 48, Workers: 4
[418.816s][debug][gc,phases      ] GC(41)   StringDedup Table Weak         Min:  0.0, Avg:  0.0, Max:  0.0, Diff:  0.0, Sum:  0.0, Workers: 4
[418.816s][debug][gc,phases      ] GC(41)     Dead                           Min: 0, Avg:  0.0, Max: 0, Diff: 0, Sum: 0, Workers: 4
[418.816s][debug][gc,phases      ] GC(41)     Total                          Min: 0, Avg:  0.0, Max: 0, Diff: 0, Sum: 0, Workers: 4
[418.816s][debug][gc,phases      ] GC(41)   StringDedup Requests0 Weak     Min:  0.0, Avg:  0.0, Max:  0.0, Diff:  0.0, Sum:  0.0, Workers: 4
[418.816s][debug][gc,phases      ] GC(41)     Dead                           Min: 0, Avg:  0.0, Max: 0, Diff: 0, Sum: 0, Workers: 4
[418.816s][debug][gc,phases      ] GC(41)     Total                          Min: 0, Avg:  0.0, Max: 0, Diff: 0, Sum: 0, Workers: 4
[418.816s][debug][gc,phases      ] GC(41)   StringDedup Requests1 Weak     Min:  0.0, Avg:  0.0, Max:  0.0, Diff:  0.0, Sum:  0.0, Workers: 4
[418.816s][debug][gc,phases      ] GC(41)     Dead                           Min: 0, Avg:  0.0, Max: 0, Diff: 0, Sum: 0, Workers: 4
[418.816s][debug][gc,phases      ] GC(41)     Total                          Min: 0, Avg:  0.0, Max: 0, Diff: 0, Sum: 0, Workers: 4
[418.816s][debug][gc,phases      ] GC(41)   Weak JFR Old Object Samples    Min:  0.0, Avg:  0.0, Max:  0.0, Diff:  0.0, Sum:  0.0, Workers: 4
[418.816s][debug][gc,phases      ] GC(41)     Dead                           Min: 0, Avg:  0.0, Max: 0, Diff: 0, Sum: 0, Workers: 4
[418.816s][debug][gc,phases      ] GC(41)     Total                          Min: 0, Avg:  0.0, Max: 0, Diff: 0, Sum: 0, Workers: 4
[418.816s][debug][gc,phases      ] GC(41) Weak Processing 0.379ms
[418.816s][debug][gc,age         ] GC(41) Desired survivor size 331350016 bytes, new threshold 15 (max threshold 15)
[418.816s][info ][gc,heap        ] GC(41) PSYoungGen: 1410064K(1757696K)->7504K(1742336K) Eden: 1402880K(1402880K)->0K(1402880K) From: 7184K(354816K)->7504K(339456K)
[418.816s][info ][gc,heap        ] GC(41) ParOldGen: 416578K(541184K)->416578K(541184K)
[418.816s][info ][gc,metaspace   ] GC(41) Metaspace: 87738K(88896K)->87738K(88896K) NonClass: 74966K(75584K)->74966K(75584K) Class: 12772K(13312K)->12772K(13312K)
[418.816s][info ][gc             ] GC(41) Pause Young (Allocation Failure) 1783M->414M(2230M) 5.116ms
[418.816s][info ][gc,cpu         ] GC(41) User=0.02s Sys=0.00s Real=0.00s
[418.816s][info ][safepoint      ] Safepoint "ParallelGCFailedAllocation", Time since last: 141486106 ns, Reaching safepoint: 4200 ns, Cleanup: 6500 ns, At safepoint: 5176370 ns, Total: 5187070 ns
[419.816s][info ][safepoint      ] Safepoint "Cleanup", Time since last: 1000092474 ns, Reaching safepoint: 76601 ns, Cleanup: 14200 ns, At safepoint: 6000 ns, Total: 96801 ns
[421.197s][info ][safepoint      ] Safepoint "Cleanup", Time since last: 1380707202 ns, Reaching safepoint: 4600 ns, Cleanup: 11600 ns, At safepoint: 1700 ns, Total: 17900 ns
[423.197s][info ][safepoint      ] Safepoint "Cleanup", Time since last: 2000165225 ns, Reaching safepoint: 5700 ns, Cleanup: 12800 ns, At safepoint: 2000 ns, Total: 20500 ns
[424.197s][info ][safepoint      ] Safepoint "Cleanup", Time since last: 1000099786 ns, Reaching safepoint: 4800 ns, Cleanup: 17700 ns, At safepoint: 4700 ns, Total: 27200 ns
[425.198s][info ][safepoint      ] Safepoint "Cleanup", Time since last: 1000101485 ns, Reaching safepoint: 6000 ns, Cleanup: 11401 ns, At safepoint: 5900 ns, Total: 23301 ns
[426.198s][info ][safepoint      ] Safepoint "Cleanup", Time since last: 1000107285 ns, Reaching safepoint: 4400 ns, Cleanup: 51701 ns, At safepoint: 5300 ns, Total: 61401 ns
[429.198s][info ][safepoint      ] Safepoint "Cleanup", Time since last: 3000235556 ns, Reaching safepoint: 4500 ns, Cleanup: 8900 ns, At safepoint: 1700 ns, Total: 15100 ns
[430.198s][info ][safepoint      ] Safepoint "Cleanup", Time since last: 1000100205 ns, Reaching safepoint: 7200 ns, Cleanup: 16601 ns, At safepoint: 2200 ns, Total: 26001 ns
[431.198s][info ][safepoint      ] Safepoint "Cleanup", Time since last: 1000103255 ns, Reaching safepoint: 4900 ns, Cleanup: 14000 ns, At safepoint: 2100 ns, Total: 21000 ns
[434.199s][info ][safepoint      ] Safepoint "Cleanup", Time since last: 3000233165 ns, Reaching safepoint: 5400 ns, Cleanup: 67201 ns, At safepoint: 2100 ns, Total: 74701 ns
[435.199s][info ][safepoint      ] Safepoint "Cleanup", Time since last: 1000102056 ns, Reaching safepoint: 4800 ns, Cleanup: 9600 ns, At safepoint: 1500 ns, Total: 15900 ns
[437.119s][info ][gc,start       ] GC(42) Pause Young (Allocation Failure)
[437.126s][debug][gc,phases      ] GC(42) Scavenge 7.540ms
[437.126s][debug][gc,ref         ] GC(42) Skipped phase 1 of Reference Processing: no references
[437.126s][debug][gc,ref         ] GC(42) ReferenceProcessor::execute queues: 1, RefProcThreadModel::Single, marks_oops_alive: false
[437.126s][debug][gc,ref         ] GC(42) Skipped phase 3 of Reference Processing: no references
[437.126s][debug][gc,ref         ] GC(42) ReferenceProcessor::execute queues: 1, RefProcThreadModel::Single, marks_oops_alive: false
[437.126s][debug][gc,phases      ] GC(42) Reference Processing 0.120ms
[437.127s][debug][gc,phases      ] GC(42)   VM Weak                        Min:  0.0, Avg:  0.0, Max:  0.0, Diff:  0.0, Sum:  0.0, Workers: 4
[437.127s][debug][gc,phases      ] GC(42)     Dead                           Min: 0, Avg:  0.0, Max: 0, Diff: 0, Sum: 0, Workers: 4
[437.127s][debug][gc,phases      ] GC(42)     Total                          Min: 0, Avg: 229.8, Max: 471, Diff: 471, Sum: 919, Workers: 4
[437.127s][debug][gc,phases      ] GC(42)   ObjectSynchronizer Weak        Min:  0.0, Avg:  0.0, Max:  0.0, Diff:  0.0, Sum:  0.0, Workers: 4
[437.127s][debug][gc,phases      ] GC(42)     Dead                           Min: 0, Avg:  0.0, Max: 0, Diff: 0, Sum: 0, Workers: 4
[437.127s][debug][gc,phases      ] GC(42)     Total                          Min: 0, Avg:  1.5, Max: 6, Diff: 6, Sum: 6, Workers: 4
[437.127s][debug][gc,phases      ] GC(42)   JVMTI Tag Weak OopStorage      Min:  0.0, Avg:  0.0, Max:  0.0, Diff:  0.0, Sum:  0.0, Workers: 4
[437.127s][debug][gc,phases      ] GC(42)     Dead                           Min: 0, Avg:  0.0, Max: 0, Diff: 0, Sum: 0, Workers: 4
[437.127s][debug][gc,phases      ] GC(42)     Total                          Min: 0, Avg:  0.0, Max: 0, Diff: 0, Sum: 0, Workers: 4
[437.127s][debug][gc,phases      ] GC(42)   StringTable Weak               Min:  0.0, Avg:  0.1, Max:  0.1, Diff:  0.1, Sum:  0.4, Workers: 4
[437.127s][debug][gc,phases      ] GC(42)     Dead                           Min: 0, Avg:  0.2, Max: 1, Diff: 1, Sum: 1, Workers: 4
[437.127s][debug][gc,phases      ] GC(42)     Total                          Min: 0, Avg: 11076.0, Max: 15249, Diff: 15249, Sum: 44304, Workers: 4
[437.127s][debug][gc,phases      ] GC(42)   ResolvedMethodTable Weak       Min:  0.0, Avg:  0.0, Max:  0.0, Diff:  0.0, Sum:  0.1, Workers: 4
[437.127s][debug][gc,phases      ] GC(42)     Dead                           Min: 0, Avg:  0.0, Max: 0, Diff: 0, Sum: 0, Workers: 4
[437.127s][debug][gc,phases      ] GC(42)     Total                          Min: 0, Avg: 2731.0, Max: 3771, Diff: 3771, Sum: 10924, Workers: 4
[437.127s][debug][gc,phases      ] GC(42)   JNI Weak                       Min:  0.0, Avg:  0.0, Max:  0.0, Diff:  0.0, Sum:  0.0, Workers: 4
[437.127s][debug][gc,phases      ] GC(42)     Dead                           Min: 0, Avg:  0.0, Max: 0, Diff: 0, Sum: 0, Workers: 4
[437.127s][debug][gc,phases      ] GC(42)     Total                          Min: 0, Avg: 12.0, Max: 48, Diff: 48, Sum: 48, Workers: 4
[437.127s][debug][gc,phases      ] GC(42)   StringDedup Table Weak         Min:  0.0, Avg:  0.0, Max:  0.0, Diff:  0.0, Sum:  0.0, Workers: 4
[437.127s][debug][gc,phases      ] GC(42)     Dead                           Min: 0, Avg:  0.0, Max: 0, Diff: 0, Sum: 0, Workers: 4
[437.127s][debug][gc,phases      ] GC(42)     Total                          Min: 0, Avg:  0.0, Max: 0, Diff: 0, Sum: 0, Workers: 4
[437.127s][debug][gc,phases      ] GC(42)   StringDedup Requests0 Weak     Min:  0.0, Avg:  0.0, Max:  0.0, Diff:  0.0, Sum:  0.0, Workers: 4
[437.127s][debug][gc,phases      ] GC(42)     Dead                           Min: 0, Avg:  0.0, Max: 0, Diff: 0, Sum: 0, Workers: 4
[437.127s][debug][gc,phases      ] GC(42)     Total                          Min: 0, Avg:  0.0, Max: 0, Diff: 0, Sum: 0, Workers: 4
[437.127s][debug][gc,phases      ] GC(42)   StringDedup Requests1 Weak     Min:  0.0, Avg:  0.0, Max:  0.0, Diff:  0.0, Sum:  0.0, Workers: 4
[437.127s][debug][gc,phases      ] GC(42)     Dead                           Min: 0, Avg:  0.0, Max: 0, Diff: 0, Sum: 0, Workers: 4
[437.127s][debug][gc,phases      ] GC(42)     Total                          Min: 0, Avg:  0.0, Max: 0, Diff: 0, Sum: 0, Workers: 4
[437.127s][debug][gc,phases      ] GC(42)   Weak JFR Old Object Samples    Min:  0.0, Avg:  0.0, Max:  0.0, Diff:  0.0, Sum:  0.0, Workers: 4
[437.127s][debug][gc,phases      ] GC(42)     Dead                           Min: 0, Avg:  0.0, Max: 0, Diff: 0, Sum: 0, Workers: 4
[437.127s][debug][gc,phases      ] GC(42)     Total                          Min: 0, Avg:  0.0, Max: 0, Diff: 0, Sum: 0, Workers: 4
[437.127s][debug][gc,phases      ] GC(42) Weak Processing 0.348ms
[437.127s][debug][gc,age         ] GC(42) Desired survivor size 315097088 bytes, new threshold 15 (max threshold 15)
[437.127s][info ][gc,heap        ] GC(42) PSYoungGen: 1410384K(1742336K)->7600K(1789440K) Eden: 1402880K(1402880K)->0K(1465856K) From: 7504K(339456K)->7600K(323584K)
[437.127s][info ][gc,heap        ] GC(42) ParOldGen: 416578K(541184K)->416586K(541184K)
[437.127s][info ][gc,metaspace   ] GC(42) Metaspace: 87849K(88960K)->87849K(88960K) NonClass: 75073K(75648K)->75073K(75648K) Class: 12776K(13312K)->12776K(13312K)
[437.127s][info ][gc             ] GC(42) Pause Young (Allocation Failure) 1784M->414M(2276M) 8.112ms
[437.127s][info ][gc,cpu         ] GC(42) User=0.02s Sys=0.01s Real=0.01s
[437.127s][info ][safepoint      ] Safepoint "ParallelGCFailedAllocation", Time since last: 1919983831 ns, Reaching safepoint: 5100 ns, Cleanup: 4300 ns, At safepoint: 8170310 ns, Total: 8179710 ns
[439.127s][info ][safepoint      ] Safepoint "Cleanup", Time since last: 2000162177 ns, Reaching safepoint: 5200 ns, Cleanup: 14000 ns, At safepoint: 2700 ns, Total: 21900 ns
[441.127s][info ][safepoint      ] Safepoint "Cleanup", Time since last: 2000169969 ns, Reaching safepoint: 4500 ns, Cleanup: 8700 ns, At safepoint: 1800 ns, Total: 15000 ns
[444.128s][info ][safepoint      ] Safepoint "Cleanup", Time since last: 3000274004 ns, Reaching safepoint: 6300 ns, Cleanup: 16900 ns, At safepoint: 18800 ns, Total: 42000 ns
[445.128s][info ][safepoint      ] Safepoint "Cleanup", Time since last: 1000096835 ns, Reaching safepoint: 5000 ns, Cleanup: 9700 ns, At safepoint: 1900 ns, Total: 16600 ns
[447.691s][info ][safepoint      ] Safepoint "Cleanup", Time since last: 2563331003 ns, Reaching safepoint: 145802 ns, Cleanup: 12000 ns, At safepoint: 9800 ns, Total: 167602 ns
[448.691s][info ][safepoint      ] Safepoint "Cleanup", Time since last: 1000103621 ns, Reaching safepoint: 4300 ns, Cleanup: 24300 ns, At safepoint: 1700 ns, Total: 30300 ns
[449.691s][info ][safepoint      ] Safepoint "Cleanup", Time since last: 1000094320 ns, Reaching safepoint: 5700 ns, Cleanup: 24001 ns, At safepoint: 2300 ns, Total: 32001 ns
[450.692s][info ][safepoint      ] Safepoint "Cleanup", Time since last: 1000113220 ns, Reaching safepoint: 6300 ns, Cleanup: 21101 ns, At safepoint: 2900 ns, Total: 30301 ns
[452.692s][info ][safepoint      ] Safepoint "Cleanup", Time since last: 2000179940 ns, Reaching safepoint: 5900 ns, Cleanup: 11700 ns, At safepoint: 3100 ns, Total: 20700 ns
[453.692s][info ][safepoint      ] Safepoint "Cleanup", Time since last: 1000125027 ns, Reaching safepoint: 5700 ns, Cleanup: 9701 ns, At safepoint: 6000 ns, Total: 21401 ns
[455.692s][info ][safepoint      ] Safepoint "Cleanup", Time since last: 2000188613 ns, Reaching safepoint: 5900 ns, Cleanup: 13800 ns, At safepoint: 2200 ns, Total: 21900 ns
[456.692s][info ][safepoint      ] Safepoint "Cleanup", Time since last: 1000105456 ns, Reaching safepoint: 5300 ns, Cleanup: 12401 ns, At safepoint: 6600 ns, Total: 24301 ns
[457.113s][info ][gc,start       ] GC(43) Pause Young (Allocation Failure)
[457.117s][debug][gc,phases      ] GC(43) Scavenge 3.586ms
[457.117s][debug][gc,ref         ] GC(43) Skipped phase 1 of Reference Processing: no references
[457.117s][debug][gc,ref         ] GC(43) ReferenceProcessor::execute queues: 1, RefProcThreadModel::Single, marks_oops_alive: false
[457.117s][debug][gc,ref         ] GC(43) Skipped phase 3 of Reference Processing: no references
[457.117s][debug][gc,ref         ] GC(43) ReferenceProcessor::execute queues: 1, RefProcThreadModel::Single, marks_oops_alive: false
[457.117s][debug][gc,phases      ] GC(43) Reference Processing 0.102ms
[457.117s][debug][gc,phases      ] GC(43)   VM Weak                        Min:  0.0, Avg:  0.0, Max:  0.0, Diff:  0.0, Sum:  0.0, Workers: 4
[457.117s][debug][gc,phases      ] GC(43)     Dead                           Min: 0, Avg:  0.0, Max: 0, Diff: 0, Sum: 0, Workers: 4
[457.117s][debug][gc,phases      ] GC(43)     Total                          Min: 0, Avg: 229.8, Max: 599, Diff: 599, Sum: 919, Workers: 4
[457.117s][debug][gc,phases      ] GC(43)   ObjectSynchronizer Weak        Min:  0.0, Avg:  0.0, Max:  0.0, Diff:  0.0, Sum:  0.0, Workers: 4
[457.117s][debug][gc,phases      ] GC(43)     Dead                           Min: 0, Avg:  0.0, Max: 0, Diff: 0, Sum: 0, Workers: 4
[457.117s][debug][gc,phases      ] GC(43)     Total                          Min: 0, Avg:  1.5, Max: 6, Diff: 6, Sum: 6, Workers: 4
[457.117s][debug][gc,phases      ] GC(43)   JVMTI Tag Weak OopStorage      Min:  0.0, Avg:  0.0, Max:  0.0, Diff:  0.0, Sum:  0.0, Workers: 4
[457.117s][debug][gc,phases      ] GC(43)     Dead                           Min: 0, Avg:  0.0, Max: 0, Diff: 0, Sum: 0, Workers: 4
[457.117s][debug][gc,phases      ] GC(43)     Total                          Min: 0, Avg:  0.0, Max: 0, Diff: 0, Sum: 0, Workers: 4
[457.117s][debug][gc,phases      ] GC(43)   StringTable Weak               Min:  0.0, Avg:  0.1, Max:  0.1, Diff:  0.1, Sum:  0.4, Workers: 4
[457.117s][debug][gc,phases      ] GC(43)     Dead                           Min: 0, Avg:  0.0, Max: 0, Diff: 0, Sum: 0, Workers: 4
[457.117s][debug][gc,phases      ] GC(43)     Total                          Min: 0, Avg: 11076.2, Max: 15744, Diff: 15744, Sum: 44305, Workers: 4
[457.117s][debug][gc,phases      ] GC(43)   ResolvedMethodTable Weak       Min:  0.0, Avg:  0.0, Max:  0.0, Diff:  0.0, Sum:  0.1, Workers: 4
[457.117s][debug][gc,phases      ] GC(43)     Dead                           Min: 0, Avg:  0.0, Max: 0, Diff: 0, Sum: 0, Workers: 4
[457.117s][debug][gc,phases      ] GC(43)     Total                          Min: 0, Avg: 2731.0, Max: 3828, Diff: 3828, Sum: 10924, Workers: 4
[457.117s][debug][gc,phases      ] GC(43)   JNI Weak                       Min:  0.0, Avg:  0.0, Max:  0.0, Diff:  0.0, Sum:  0.0, Workers: 4
[457.117s][debug][gc,phases      ] GC(43)     Dead                           Min: 0, Avg:  0.0, Max: 0, Diff: 0, Sum: 0, Workers: 4
[457.117s][debug][gc,phases      ] GC(43)     Total                          Min: 0, Avg: 12.0, Max: 48, Diff: 48, Sum: 48, Workers: 4
[457.117s][debug][gc,phases      ] GC(43)   StringDedup Table Weak         Min:  0.0, Avg:  0.0, Max:  0.0, Diff:  0.0, Sum:  0.0, Workers: 4
[457.117s][debug][gc,phases      ] GC(43)     Dead                           Min: 0, Avg:  0.0, Max: 0, Diff: 0, Sum: 0, Workers: 4
[457.117s][debug][gc,phases      ] GC(43)     Total                          Min: 0, Avg:  0.0, Max: 0, Diff: 0, Sum: 0, Workers: 4
[457.117s][debug][gc,phases      ] GC(43)   StringDedup Requests0 Weak     Min:  0.0, Avg:  0.0, Max:  0.0, Diff:  0.0, Sum:  0.0, Workers: 4
[457.117s][debug][gc,phases      ] GC(43)     Dead                           Min: 0, Avg:  0.0, Max: 0, Diff: 0, Sum: 0, Workers: 4
[457.117s][debug][gc,phases      ] GC(43)     Total                          Min: 0, Avg:  0.0, Max: 0, Diff: 0, Sum: 0, Workers: 4
[457.117s][debug][gc,phases      ] GC(43)   StringDedup Requests1 Weak     Min:  0.0, Avg:  0.0, Max:  0.0, Diff:  0.0, Sum:  0.0, Workers: 4
[457.117s][debug][gc,phases      ] GC(43)     Dead                           Min: 0, Avg:  0.0, Max: 0, Diff: 0, Sum: 0, Workers: 4
[457.117s][debug][gc,phases      ] GC(43)     Total                          Min: 0, Avg:  0.0, Max: 0, Diff: 0, Sum: 0, Workers: 4
[457.117s][debug][gc,phases      ] GC(43)   Weak JFR Old Object Samples    Min:  0.0, Avg:  0.0, Max:  0.0, Diff:  0.0, Sum:  0.0, Workers: 4
[457.117s][debug][gc,phases      ] GC(43)     Dead                           Min: 0, Avg:  0.0, Max: 0, Diff: 0, Sum: 0, Workers: 4
[457.117s][debug][gc,phases      ] GC(43)     Total                          Min: 0, Avg:  0.0, Max: 0, Diff: 0, Sum: 0, Workers: 4
[457.117s][debug][gc,phases      ] GC(43) Weak Processing 0.404ms
[457.117s][debug][gc,age         ] GC(43) Desired survivor size 298844160 bytes, new threshold 15 (max threshold 15)
[457.117s][info ][gc,heap        ] GC(43) PSYoungGen: 1473456K(1789440K)->5312K(1773568K) Eden: 1465856K(1465856K)->0K(1465856K) From: 7600K(323584K)->5312K(307712K)
[457.117s][info ][gc,heap        ] GC(43) ParOldGen: 416586K(541184K)->416594K(541184K)
[457.117s][info ][gc,metaspace   ] GC(43) Metaspace: 87853K(88960K)->87853K(88960K) NonClass: 75077K(75648K)->75077K(75648K) Class: 12776K(13312K)->12776K(13312K)
[457.117s][info ][gc             ] GC(43) Pause Young (Allocation Failure) 1845M->412M(2260M) 4.188ms
[457.117s][info ][gc,cpu         ] GC(43) User=0.01s Sys=0.00s Real=0.00s
[457.118s][info ][safepoint      ] Safepoint "ParallelGCFailedAllocation", Time since last: 421035465 ns, Reaching safepoint: 4500 ns, Cleanup: 3400 ns, At safepoint: 4242557 ns, Total: 4250457 ns
[458.118s][info ][safepoint      ] Safepoint "Cleanup", Time since last: 1000091456 ns, Reaching safepoint: 79201 ns, Cleanup: 10001 ns, At safepoint: 7200 ns, Total: 96402 ns
[459.118s][info ][safepoint      ] Safepoint "Cleanup", Time since last: 1000107556 ns, Reaching safepoint: 75501 ns, Cleanup: 7300 ns, At safepoint: 5601 ns, Total: 88402 ns
[460.118s][info ][safepoint      ] Safepoint "Cleanup", Time since last: 1000109056 ns, Reaching safepoint: 78701 ns, Cleanup: 17400 ns, At safepoint: 6901 ns, Total: 103002 ns
[462.118s][info ][safepoint      ] Safepoint "Cleanup", Time since last: 2000194199 ns, Reaching safepoint: 77401 ns, Cleanup: 9400 ns, At safepoint: 5800 ns, Total: 92601 ns
[464.119s][info ][safepoint      ] Safepoint "Cleanup", Time since last: 2000449571 ns, Reaching safepoint: 79701 ns, Cleanup: 9500 ns, At safepoint: 7000 ns, Total: 96201 ns
[466.119s][info ][safepoint      ] Safepoint "Cleanup", Time since last: 2000221968 ns, Reaching safepoint: 81501 ns, Cleanup: 32201 ns, At safepoint: 7500 ns, Total: 121202 ns
[467.119s][info ][safepoint      ] Safepoint "Cleanup", Time since last: 1000101733 ns, Reaching safepoint: 73301 ns, Cleanup: 8101 ns, At safepoint: 4500 ns, Total: 85902 ns
[468.120s][info ][safepoint      ] Safepoint "Cleanup", Time since last: 1000115734 ns, Reaching safepoint: 78401 ns, Cleanup: 11300 ns, At safepoint: 5900 ns, Total: 95601 ns
[469.120s][info ][safepoint      ] Safepoint "Cleanup", Time since last: 1000108134 ns, Reaching safepoint: 81801 ns, Cleanup: 9600 ns, At safepoint: 7800 ns, Total: 99201 ns
[471.120s][info ][safepoint      ] Safepoint "Cleanup", Time since last: 2000182897 ns, Reaching safepoint: 78501 ns, Cleanup: 10500 ns, At safepoint: 7000 ns, Total: 96001 ns
[472.120s][info ][safepoint      ] Safepoint "Cleanup", Time since last: 1000107452 ns, Reaching safepoint: 74101 ns, Cleanup: 8201 ns, At safepoint: 5100 ns, Total: 87402 ns
[474.121s][info ][safepoint      ] Safepoint "Cleanup", Time since last: 2000171504 ns, Reaching safepoint: 72401 ns, Cleanup: 8000 ns, At safepoint: 5000 ns, Total: 85401 ns
[475.121s][info ][safepoint      ] Safepoint "Cleanup", Time since last: 1000102952 ns, Reaching safepoint: 74401 ns, Cleanup: 9801 ns, At safepoint: 5500 ns, Total: 89702 ns
[476.808s][info ][gc,start       ] GC(44) Pause Young (Allocation Failure)
[476.814s][debug][gc,phases      ] GC(44) Scavenge 6.615ms
[476.814s][debug][gc,ref         ] GC(44) Skipped phase 1 of Reference Processing: no references
[476.815s][debug][gc,ref         ] GC(44) ReferenceProcessor::execute queues: 1, RefProcThreadModel::Single, marks_oops_alive: false
[476.815s][debug][gc,ref         ] GC(44) Skipped phase 3 of Reference Processing: no references
[476.815s][debug][gc,ref         ] GC(44) ReferenceProcessor::execute queues: 1, RefProcThreadModel::Single, marks_oops_alive: false
[476.815s][debug][gc,phases      ] GC(44) Reference Processing 0.095ms
[476.815s][debug][gc,phases      ] GC(44)   VM Weak                        Min:  0.0, Avg:  0.0, Max:  0.0, Diff:  0.0, Sum:  0.0, Workers: 4
[476.815s][debug][gc,phases      ] GC(44)     Dead                           Min: 0, Avg:  0.0, Max: 0, Diff: 0, Sum: 0, Workers: 4
[476.815s][debug][gc,phases      ] GC(44)     Total                          Min: 0, Avg: 229.8, Max: 599, Diff: 599, Sum: 919, Workers: 4
[476.815s][debug][gc,phases      ] GC(44)   ObjectSynchronizer Weak        Min:  0.0, Avg:  0.0, Max:  0.0, Diff:  0.0, Sum:  0.0, Workers: 4
[476.815s][debug][gc,phases      ] GC(44)     Dead                           Min: 0, Avg:  0.0, Max: 0, Diff: 0, Sum: 0, Workers: 4
[476.815s][debug][gc,phases      ] GC(44)     Total                          Min: 0, Avg:  1.5, Max: 6, Diff: 6, Sum: 6, Workers: 4
[476.815s][debug][gc,phases      ] GC(44)   JVMTI Tag Weak OopStorage      Min:  0.0, Avg:  0.0, Max:  0.0, Diff:  0.0, Sum:  0.0, Workers: 4
[476.815s][debug][gc,phases      ] GC(44)     Dead                           Min: 0, Avg:  0.0, Max: 0, Diff: 0, Sum: 0, Workers: 4
[476.815s][debug][gc,phases      ] GC(44)     Total                          Min: 0, Avg:  0.0, Max: 0, Diff: 0, Sum: 0, Workers: 4
[476.815s][debug][gc,phases      ] GC(44)   StringTable Weak               Min:  0.0, Avg:  0.1, Max:  0.1, Diff:  0.1, Sum:  0.4, Workers: 4
[476.815s][debug][gc,phases      ] GC(44)     Dead                           Min: 0, Avg:  0.0, Max: 0, Diff: 0, Sum: 0, Workers: 4
[476.815s][debug][gc,phases      ] GC(44)     Total                          Min: 0, Avg: 11077.0, Max: 19284, Diff: 19284, Sum: 44308, Workers: 4
[476.815s][debug][gc,phases      ] GC(44)   ResolvedMethodTable Weak       Min:  0.0, Avg:  0.0, Max:  0.0, Diff:  0.0, Sum:  0.1, Workers: 4
[476.815s][debug][gc,phases      ] GC(44)     Dead                           Min: 0, Avg:  0.0, Max: 0, Diff: 0, Sum: 0, Workers: 4
[476.815s][debug][gc,phases      ] GC(44)     Total                          Min: 0, Avg: 2731.0, Max: 4660, Diff: 4660, Sum: 10924, Workers: 4
[476.815s][debug][gc,phases      ] GC(44)   JNI Weak                       Min:  0.0, Avg:  0.0, Max:  0.0, Diff:  0.0, Sum:  0.0, Workers: 4
[476.815s][debug][gc,phases      ] GC(44)     Dead                           Min: 0, Avg:  0.0, Max: 0, Diff: 0, Sum: 0, Workers: 4
[476.815s][debug][gc,phases      ] GC(44)     Total                          Min: 0, Avg: 12.0, Max: 48, Diff: 48, Sum: 48, Workers: 4
[476.815s][debug][gc,phases      ] GC(44)   StringDedup Table Weak         Min:  0.0, Avg:  0.0, Max:  0.0, Diff:  0.0, Sum:  0.0, Workers: 4
[476.815s][debug][gc,phases      ] GC(44)     Dead                           Min: 0, Avg:  0.0, Max: 0, Diff: 0, Sum: 0, Workers: 4
[476.815s][debug][gc,phases      ] GC(44)     Total                          Min: 0, Avg:  0.0, Max: 0, Diff: 0, Sum: 0, Workers: 4
[476.815s][debug][gc,phases      ] GC(44)   StringDedup Requests0 Weak     Min:  0.0, Avg:  0.0, Max:  0.0, Diff:  0.0, Sum:  0.0, Workers: 4
[476.815s][debug][gc,phases      ] GC(44)     Dead                           Min: 0, Avg:  0.0, Max: 0, Diff: 0, Sum: 0, Workers: 4
[476.815s][debug][gc,phases      ] GC(44)     Total                          Min: 0, Avg:  0.0, Max: 0, Diff: 0, Sum: 0, Workers: 4
[476.815s][debug][gc,phases      ] GC(44)   StringDedup Requests1 Weak     Min:  0.0, Avg:  0.0, Max:  0.0, Diff:  0.0, Sum:  0.0, Workers: 4
[476.815s][debug][gc,phases      ] GC(44)     Dead                           Min: 0, Avg:  0.0, Max: 0, Diff: 0, Sum: 0, Workers: 4
[476.815s][debug][gc,phases      ] GC(44)     Total                          Min: 0, Avg:  0.0, Max: 0, Diff: 0, Sum: 0, Workers: 4
[476.815s][debug][gc,phases      ] GC(44)   Weak JFR Old Object Samples    Min:  0.0, Avg:  0.0, Max:  0.0, Diff:  0.0, Sum:  0.0, Workers: 4
[476.815s][debug][gc,phases      ] GC(44)     Dead                           Min: 0, Avg:  0.0, Max: 0, Diff: 0, Sum: 0, Workers: 4
[476.815s][debug][gc,phases      ] GC(44)     Total                          Min: 0, Avg:  0.0, Max: 0, Diff: 0, Sum: 0, Workers: 4
[476.815s][debug][gc,phases      ] GC(44) Weak Processing 0.331ms
[476.815s][debug][gc,age         ] GC(44) Desired survivor size 282591232 bytes, new threshold 15 (max threshold 15)
[476.815s][info ][gc,heap        ] GC(44) PSYoungGen: 1471168K(1773568K)->7424K(1821184K) Eden: 1465856K(1465856K)->0K(1529344K) From: 5312K(307712K)->7424K(291840K)
[476.815s][info ][gc,heap        ] GC(44) ParOldGen: 416594K(541184K)->416594K(541184K)
[476.815s][info ][gc,metaspace   ] GC(44) Metaspace: 87866K(88960K)->87866K(88960K) NonClass: 75090K(75648K)->75090K(75648K) Class: 12776K(13312K)->12776K(13312K)
[476.815s][info ][gc             ] GC(44) Pause Young (Allocation Failure) 1843M->414M(2307M) 7.159ms
[476.815s][info ][gc,cpu         ] GC(44) User=0.02s Sys=0.00s Real=0.01s
[476.815s][info ][safepoint      ] Safepoint "ParallelGCFailedAllocation", Time since last: 1686892590 ns, Reaching safepoint: 77901 ns, Cleanup: 3800 ns, At safepoint: 7220697 ns, Total: 7302398 ns
[478.815s][info ][safepoint      ] Safepoint "Cleanup", Time since last: 2000163581 ns, Reaching safepoint: 77301 ns, Cleanup: 10000 ns, At safepoint: 6400 ns, Total: 93701 ns
[479.815s][info ][safepoint      ] Safepoint "Cleanup", Time since last: 1000113556 ns, Reaching safepoint: 75401 ns, Cleanup: 22200 ns, At safepoint: 6600 ns, Total: 104201 ns
[481.212s][info ][safepoint      ] Safepoint "Cleanup", Time since last: 1396403148 ns, Reaching safepoint: 75901 ns, Cleanup: 11201 ns, At safepoint: 6100 ns, Total: 93202 ns
[484.212s][info ][safepoint      ] Safepoint "Cleanup", Time since last: 3000218166 ns, Reaching safepoint: 77201 ns, Cleanup: 9200 ns, At safepoint: 5800 ns, Total: 92201 ns
[485.212s][info ][safepoint      ] Safepoint "Cleanup", Time since last: 1000101556 ns, Reaching safepoint: 73301 ns, Cleanup: 15000 ns, At safepoint: 5200 ns, Total: 93501 ns
[487.213s][info ][safepoint      ] Safepoint "Cleanup", Time since last: 2000154467 ns, Reaching safepoint: 77601 ns, Cleanup: 8000 ns, At safepoint: 6000 ns, Total: 91601 ns
[488.213s][info ][safepoint      ] Safepoint "Cleanup", Time since last: 1000112310 ns, Reaching safepoint: 74901 ns, Cleanup: 8600 ns, At safepoint: 6600 ns, Total: 90101 ns
[490.213s][info ][safepoint      ] Safepoint "Cleanup", Time since last: 2000201119 ns, Reaching safepoint: 77401 ns, Cleanup: 10200 ns, At safepoint: 6800 ns, Total: 94401 ns
[493.214s][info ][safepoint      ] Safepoint "Cleanup", Time since last: 3000251128 ns, Reaching safepoint: 75701 ns, Cleanup: 9600 ns, At safepoint: 5500 ns, Total: 90801 ns
[495.214s][info ][safepoint      ] Safepoint "Cleanup", Time since last: 2000186204 ns, Reaching safepoint: 62701 ns, Cleanup: 9500 ns, At safepoint: 7500 ns, Total: 79701 ns
[496.508s][info ][gc,start       ] GC(45) Pause Young (Allocation Failure)
[496.512s][debug][gc,phases      ] GC(45) Scavenge 4.508ms
[496.512s][debug][gc,ref         ] GC(45) Skipped phase 1 of Reference Processing: no references
[496.513s][debug][gc,ref         ] GC(45) ReferenceProcessor::execute queues: 1, RefProcThreadModel::Single, marks_oops_alive: false
[496.513s][debug][gc,ref         ] GC(45) Skipped phase 3 of Reference Processing: no references
[496.513s][debug][gc,ref         ] GC(45) ReferenceProcessor::execute queues: 1, RefProcThreadModel::Single, marks_oops_alive: false
[496.513s][debug][gc,phases      ] GC(45) Reference Processing 0.097ms
[496.513s][debug][gc,phases      ] GC(45)   VM Weak                        Min:  0.0, Avg:  0.0, Max:  0.0, Diff:  0.0, Sum:  0.0, Workers: 4
[496.513s][debug][gc,phases      ] GC(45)     Dead                           Min: 0, Avg:  0.0, Max: 0, Diff: 0, Sum: 0, Workers: 4
[496.513s][debug][gc,phases      ] GC(45)     Total                          Min: 0, Avg: 229.8, Max: 535, Diff: 535, Sum: 919, Workers: 4
[496.513s][debug][gc,phases      ] GC(45)   ObjectSynchronizer Weak        Min:  0.0, Avg:  0.0, Max:  0.0, Diff:  0.0, Sum:  0.0, Workers: 4
[496.513s][debug][gc,phases      ] GC(45)     Dead                           Min: 0, Avg:  0.0, Max: 0, Diff: 0, Sum: 0, Workers: 4
[496.513s][debug][gc,phases      ] GC(45)     Total                          Min: 0, Avg:  1.5, Max: 6, Diff: 6, Sum: 6, Workers: 4
[496.513s][debug][gc,phases      ] GC(45)   JVMTI Tag Weak OopStorage      Min:  0.0, Avg:  0.0, Max:  0.0, Diff:  0.0, Sum:  0.0, Workers: 4
[496.513s][debug][gc,phases      ] GC(45)     Dead                           Min: 0, Avg:  0.0, Max: 0, Diff: 0, Sum: 0, Workers: 4
[496.513s][debug][gc,phases      ] GC(45)     Total                          Min: 0, Avg:  0.0, Max: 0, Diff: 0, Sum: 0, Workers: 4
[496.513s][debug][gc,phases      ] GC(45)   StringTable Weak               Min:  0.1, Avg:  0.1, Max:  0.1, Diff:  0.0, Sum:  0.4, Workers: 4
[496.513s][debug][gc,phases      ] GC(45)     Dead                           Min: 0, Avg:  0.0, Max: 0, Diff: 0, Sum: 0, Workers: 4
[496.513s][debug][gc,phases      ] GC(45)     Total                          Min: 10394, Avg: 11078.5, Max: 11840, Diff: 1446, Sum: 44314, Workers: 4
[496.513s][debug][gc,phases      ] GC(45)   ResolvedMethodTable Weak       Min:  0.0, Avg:  0.0, Max:  0.0, Diff:  0.0, Sum:  0.1, Workers: 4
[496.513s][debug][gc,phases      ] GC(45)     Dead                           Min: 0, Avg:  0.0, Max: 0, Diff: 0, Sum: 0, Workers: 4
[496.513s][debug][gc,phases      ] GC(45)     Total                          Min: 2613, Avg: 2731.0, Max: 3000, Diff: 387, Sum: 10924, Workers: 4
[496.513s][debug][gc,phases      ] GC(45)   JNI Weak                       Min:  0.0, Avg:  0.0, Max:  0.0, Diff:  0.0, Sum:  0.0, Workers: 4
[496.513s][debug][gc,phases      ] GC(45)     Dead                           Min: 0, Avg:  0.0, Max: 0, Diff: 0, Sum: 0, Workers: 4
[496.513s][debug][gc,phases      ] GC(45)     Total                          Min: 0, Avg: 12.0, Max: 48, Diff: 48, Sum: 48, Workers: 4
[496.513s][debug][gc,phases      ] GC(45)   StringDedup Table Weak         Min:  0.0, Avg:  0.0, Max:  0.0, Diff:  0.0, Sum:  0.0, Workers: 4
[496.513s][debug][gc,phases      ] GC(45)     Dead                           Min: 0, Avg:  0.0, Max: 0, Diff: 0, Sum: 0, Workers: 4
[496.513s][debug][gc,phases      ] GC(45)     Total                          Min: 0, Avg:  0.0, Max: 0, Diff: 0, Sum: 0, Workers: 4
[496.513s][debug][gc,phases      ] GC(45)   StringDedup Requests0 Weak     Min:  0.0, Avg:  0.0, Max:  0.0, Diff:  0.0, Sum:  0.0, Workers: 4
[496.513s][debug][gc,phases      ] GC(45)     Dead                           Min: 0, Avg:  0.0, Max: 0, Diff: 0, Sum: 0, Workers: 4
[496.513s][debug][gc,phases      ] GC(45)     Total                          Min: 0, Avg:  0.0, Max: 0, Diff: 0, Sum: 0, Workers: 4
[496.513s][debug][gc,phases      ] GC(45)   StringDedup Requests1 Weak     Min:  0.0, Avg:  0.0, Max:  0.0, Diff:  0.0, Sum:  0.0, Workers: 4
[496.513s][debug][gc,phases      ] GC(45)     Dead                           Min: 0, Avg:  0.0, Max: 0, Diff: 0, Sum: 0, Workers: 4
[496.513s][debug][gc,phases      ] GC(45)     Total                          Min: 0, Avg:  0.0, Max: 0, Diff: 0, Sum: 0, Workers: 4
[496.513s][debug][gc,phases      ] GC(45)   Weak JFR Old Object Samples    Min:  0.0, Avg:  0.0, Max:  0.0, Diff:  0.0, Sum:  0.0, Workers: 4
[496.513s][debug][gc,phases      ] GC(45)     Dead                           Min: 0, Avg:  0.0, Max: 0, Diff: 0, Sum: 0, Workers: 4
[496.513s][debug][gc,phases      ] GC(45)     Total                          Min: 0, Avg:  0.0, Max: 0, Diff: 0, Sum: 0, Workers: 4
[496.513s][debug][gc,phases      ] GC(45) Weak Processing 0.309ms
[496.513s][debug][gc,age         ] GC(45) Desired survivor size 266862592 bytes, new threshold 15 (max threshold 15)
[496.513s][info ][gc,heap        ] GC(45) PSYoungGen: 1536768K(1821184K)->7536K(1805312K) Eden: 1529344K(1529344K)->0K(1529344K) From: 7424K(291840K)->7536K(275968K)
[496.513s][info ][gc,heap        ] GC(45) ParOldGen: 416594K(541184K)->416594K(541184K)
[496.513s][info ][gc,metaspace   ] GC(45) Metaspace: 87873K(88960K)->87873K(88960K) NonClass: 75097K(75648K)->75097K(75648K) Class: 12776K(13312K)->12776K(13312K)
[496.513s][info ][gc             ] GC(45) Pause Young (Allocation Failure) 1907M->414M(2291M) 5.022ms
[496.513s][info ][gc,cpu         ] GC(45) User=0.02s Sys=0.00s Real=0.01s
[496.513s][info ][safepoint      ] Safepoint "ParallelGCFailedAllocation", Time since last: 1293945735 ns, Reaching safepoint: 75201 ns, Cleanup: 4300 ns, At safepoint: 5080968 ns, Total: 5160469 ns
[498.513s][info ][safepoint      ] Safepoint "Cleanup", Time since last: 2000153441 ns, Reaching safepoint: 75901 ns, Cleanup: 9300 ns, At safepoint: 4201 ns, Total: 89402 ns
[500.513s][info ][safepoint      ] Safepoint "Cleanup", Time since last: 2000186741 ns, Reaching safepoint: 73301 ns, Cleanup: 9101 ns, At safepoint: 4900 ns, Total: 87302 ns
[501.514s][info ][safepoint      ] Safepoint "Cleanup", Time since last: 1000108821 ns, Reaching safepoint: 73601 ns, Cleanup: 8200 ns, At safepoint: 4900 ns, Total: 86701 ns
[502.514s][info ][safepoint      ] Safepoint "Cleanup", Time since last: 1000106262 ns, Reaching safepoint: 74901 ns, Cleanup: 12000 ns, At safepoint: 5600 ns, Total: 92501 ns
[503.514s][info ][safepoint      ] Safepoint "Cleanup", Time since last: 1000097160 ns, Reaching safepoint: 74901 ns, Cleanup: 13600 ns, At safepoint: 9600 ns, Total: 98101 ns
[505.514s][info ][safepoint      ] Safepoint "Cleanup", Time since last: 2000176018 ns, Reaching safepoint: 74401 ns, Cleanup: 18500 ns, At safepoint: 34401 ns, Total: 127302 ns
[506.514s][info ][safepoint      ] Safepoint "Cleanup", Time since last: 1000111159 ns, Reaching safepoint: 5800 ns, Cleanup: 11300 ns, At safepoint: 6800 ns, Total: 23900 ns
[507.515s][info ][safepoint      ] Safepoint "Cleanup", Time since last: 1000116160 ns, Reaching safepoint: 83601 ns, Cleanup: 23900 ns, At safepoint: 5500 ns, Total: 113001 ns
[509.515s][info ][safepoint      ] Safepoint "Cleanup", Time since last: 2000173818 ns, Reaching safepoint: 74701 ns, Cleanup: 15300 ns, At safepoint: 5400 ns, Total: 95401 ns
[512.515s][info ][safepoint      ] Safepoint "Cleanup", Time since last: 3000246776 ns, Reaching safepoint: 76501 ns, Cleanup: 9100 ns, At safepoint: 6101 ns, Total: 91702 ns
[513.516s][info ][safepoint      ] Safepoint "Cleanup", Time since last: 1000122329 ns, Reaching safepoint: 77401 ns, Cleanup: 9500 ns, At safepoint: 5800 ns, Total: 92701 ns
[515.929s][info ][gc,start       ] GC(46) Pause Young (Allocation Failure)
[515.937s][debug][gc,phases      ] GC(46) Scavenge 7.948ms
[515.937s][debug][gc,ref         ] GC(46) Skipped phase 1 of Reference Processing: no references
[515.937s][debug][gc,ref         ] GC(46) ReferenceProcessor::execute queues: 1, RefProcThreadModel::Single, marks_oops_alive: false
[515.937s][debug][gc,ref         ] GC(46) Skipped phase 3 of Reference Processing: no references
[515.937s][debug][gc,ref         ] GC(46) ReferenceProcessor::execute queues: 1, RefProcThreadModel::Single, marks_oops_alive: false
[515.937s][debug][gc,phases      ] GC(46) Reference Processing 0.096ms
[515.937s][debug][gc,phases      ] GC(46)   VM Weak                        Min:  0.0, Avg:  0.0, Max:  0.0, Diff:  0.0, Sum:  0.0, Workers: 4
[515.937s][debug][gc,phases      ] GC(46)     Dead                           Min: 0, Avg:  0.0, Max: 0, Diff: 0, Sum: 0, Workers: 4
[515.937s][debug][gc,phases      ] GC(46)     Total                          Min: 0, Avg: 229.8, Max: 599, Diff: 599, Sum: 919, Workers: 4
[515.937s][debug][gc,phases      ] GC(46)   ObjectSynchronizer Weak        Min:  0.0, Avg:  0.0, Max:  0.0, Diff:  0.0, Sum:  0.0, Workers: 4
[515.937s][debug][gc,phases      ] GC(46)     Dead                           Min: 0, Avg:  0.0, Max: 0, Diff: 0, Sum: 0, Workers: 4
[515.937s][debug][gc,phases      ] GC(46)     Total                          Min: 0, Avg:  1.5, Max: 6, Diff: 6, Sum: 6, Workers: 4
[515.937s][debug][gc,phases      ] GC(46)   JVMTI Tag Weak OopStorage      Min:  0.0, Avg:  0.0, Max:  0.0, Diff:  0.0, Sum:  0.0, Workers: 4
[515.937s][debug][gc,phases      ] GC(46)     Dead                           Min: 0, Avg:  0.0, Max: 0, Diff: 0, Sum: 0, Workers: 4
[515.937s][debug][gc,phases      ] GC(46)     Total                          Min: 0, Avg:  0.0, Max: 0, Diff: 0, Sum: 0, Workers: 4
[515.937s][debug][gc,phases      ] GC(46)   StringTable Weak               Min:  0.0, Avg:  0.1, Max:  0.2, Diff:  0.2, Sum:  0.3, Workers: 4
[515.937s][debug][gc,phases      ] GC(46)     Dead                           Min: 0, Avg:  0.0, Max: 0, Diff: 0, Sum: 0, Workers: 4
[515.937s][debug][gc,phases      ] GC(46)     Total                          Min: 0, Avg: 11083.0, Max: 26796, Diff: 26796, Sum: 44332, Workers: 4
[515.937s][debug][gc,phases      ] GC(46)   ResolvedMethodTable Weak       Min:  0.0, Avg:  0.0, Max:  0.0, Diff:  0.0, Sum:  0.1, Workers: 4
[515.937s][debug][gc,phases      ] GC(46)     Dead                           Min: 0, Avg:  0.0, Max: 0, Diff: 0, Sum: 0, Workers: 4
[515.937s][debug][gc,phases      ] GC(46)     Total                          Min: 0, Avg: 2731.0, Max: 6523, Diff: 6523, Sum: 10924, Workers: 4
[515.937s][debug][gc,phases      ] GC(46)   JNI Weak                       Min:  0.0, Avg:  0.0, Max:  0.0, Diff:  0.0, Sum:  0.0, Workers: 4
[515.937s][debug][gc,phases      ] GC(46)     Dead                           Min: 0, Avg:  0.0, Max: 0, Diff: 0, Sum: 0, Workers: 4
[515.937s][debug][gc,phases      ] GC(46)     Total                          Min: 0, Avg: 12.0, Max: 48, Diff: 48, Sum: 48, Workers: 4
[515.937s][debug][gc,phases      ] GC(46)   StringDedup Table Weak         Min:  0.0, Avg:  0.0, Max:  0.0, Diff:  0.0, Sum:  0.0, Workers: 4
[515.937s][debug][gc,phases      ] GC(46)     Dead                           Min: 0, Avg:  0.0, Max: 0, Diff: 0, Sum: 0, Workers: 4
[515.937s][debug][gc,phases      ] GC(46)     Total                          Min: 0, Avg:  0.0, Max: 0, Diff: 0, Sum: 0, Workers: 4
[515.937s][debug][gc,phases      ] GC(46)   StringDedup Requests0 Weak     Min:  0.0, Avg:  0.0, Max:  0.0, Diff:  0.0, Sum:  0.0, Workers: 4
[515.937s][debug][gc,phases      ] GC(46)     Dead                           Min: 0, Avg:  0.0, Max: 0, Diff: 0, Sum: 0, Workers: 4
[515.937s][debug][gc,phases      ] GC(46)     Total                          Min: 0, Avg:  0.0, Max: 0, Diff: 0, Sum: 0, Workers: 4
[515.937s][debug][gc,phases      ] GC(46)   StringDedup Requests1 Weak     Min:  0.0, Avg:  0.0, Max:  0.0, Diff:  0.0, Sum:  0.0, Workers: 4
[515.937s][debug][gc,phases      ] GC(46)     Dead                           Min: 0, Avg:  0.0, Max: 0, Diff: 0, Sum: 0, Workers: 4
[515.937s][debug][gc,phases      ] GC(46)     Total                          Min: 0, Avg:  0.0, Max: 0, Diff: 0, Sum: 0, Workers: 4
[515.937s][debug][gc,phases      ] GC(46)   Weak JFR Old Object Samples    Min:  0.0, Avg:  0.0, Max:  0.0, Diff:  0.0, Sum:  0.0, Workers: 4
[515.937s][debug][gc,phases      ] GC(46)     Dead                           Min: 0, Avg:  0.0, Max: 0, Diff: 0, Sum: 0, Workers: 4
[515.937s][debug][gc,phases      ] GC(46)     Total                          Min: 0, Avg:  0.0, Max: 0, Diff: 0, Sum: 0, Workers: 4
[515.937s][debug][gc,phases      ] GC(46) Weak Processing 0.365ms
[515.937s][debug][gc,age         ] GC(46) Desired survivor size 251133952 bytes, new threshold 15 (max threshold 15)
[515.937s][info ][gc,heap        ] GC(46) PSYoungGen: 1536880K(1805312K)->7376K(1851904K) Eden: 1529344K(1529344K)->0K(1591296K) From: 7536K(275968K)->7376K(260608K)
[515.937s][info ][gc,heap        ] GC(46) ParOldGen: 416594K(541184K)->416770K(541184K)
[515.937s][info ][gc,metaspace   ] GC(46) Metaspace: 87903K(89024K)->87903K(89024K) NonClass: 75127K(75712K)->75127K(75712K) Class: 12776K(13312K)->12776K(13312K)
[515.937s][info ][gc             ] GC(46) Pause Young (Allocation Failure) 1907M->414M(2337M) 8.500ms
[515.937s][info ][gc,cpu         ] GC(46) User=0.02s Sys=0.00s Real=0.01s
[515.937s][info ][safepoint      ] Safepoint "ParallelGCFailedAllocation", Time since last: 2413239103 ns, Reaching safepoint: 4300 ns, Cleanup: 3700 ns, At safepoint: 8574815 ns, Total: 8582815 ns
[518.938s][info ][safepoint      ] Safepoint "Cleanup", Time since last: 3000230636 ns, Reaching safepoint: 6100 ns, Cleanup: 8500 ns, At safepoint: 3100 ns, Total: 17700 ns
[521.938s][info ][safepoint      ] Safepoint "Cleanup", Time since last: 3000230555 ns, Reaching safepoint: 4900 ns, Cleanup: 7500 ns, At safepoint: 1900 ns, Total: 14300 ns
[525.938s][info ][safepoint      ] Safepoint "Cleanup", Time since last: 4000265210 ns, Reaching safepoint: 4700 ns, Cleanup: 11300 ns, At safepoint: 2000 ns, Total: 18000 ns
[526.938s][info ][safepoint      ] Safepoint "Cleanup", Time since last: 1000106592 ns, Reaching safepoint: 5900 ns, Cleanup: 10300 ns, At safepoint: 2200 ns, Total: 18400 ns
[531.939s][info ][safepoint      ] Safepoint "Cleanup", Time since last: 5000369151 ns, Reaching safepoint: 5301 ns, Cleanup: 10700 ns, At safepoint: 1700 ns, Total: 17701 ns
[535.939s][info ][safepoint      ] Safepoint "Cleanup", Time since last: 4000304998 ns, Reaching safepoint: 5400 ns, Cleanup: 7700 ns, At safepoint: 1500 ns, Total: 14600 ns
[536.360s][info ][gc,start       ] GC(47) Pause Young (Allocation Failure)
[536.365s][debug][gc,phases      ] GC(47) Scavenge 4.893ms
[536.365s][debug][gc,ref         ] GC(47) Skipped phase 1 of Reference Processing: no references
[536.365s][debug][gc,ref         ] GC(47) ReferenceProcessor::execute queues: 1, RefProcThreadModel::Single, marks_oops_alive: false
[536.365s][debug][gc,ref         ] GC(47) Skipped phase 3 of Reference Processing: no references
[536.365s][debug][gc,ref         ] GC(47) ReferenceProcessor::execute queues: 1, RefProcThreadModel::Single, marks_oops_alive: false
[536.365s][debug][gc,phases      ] GC(47) Reference Processing 0.123ms
[536.365s][debug][gc,phases      ] GC(47)   VM Weak                        Min:  0.0, Avg:  0.0, Max:  0.0, Diff:  0.0, Sum:  0.0, Workers: 4
[536.365s][debug][gc,phases      ] GC(47)     Dead                           Min: 0, Avg:  0.0, Max: 0, Diff: 0, Sum: 0, Workers: 4
[536.365s][debug][gc,phases      ] GC(47)     Total                          Min: 0, Avg: 229.8, Max: 512, Diff: 512, Sum: 919, Workers: 4
[536.366s][debug][gc,phases      ] GC(47)   ObjectSynchronizer Weak        Min:  0.0, Avg:  0.0, Max:  0.0, Diff:  0.0, Sum:  0.0, Workers: 4
[536.366s][debug][gc,phases      ] GC(47)     Dead                           Min: 0, Avg:  0.0, Max: 0, Diff: 0, Sum: 0, Workers: 4
[536.366s][debug][gc,phases      ] GC(47)     Total                          Min: 0, Avg:  1.5, Max: 6, Diff: 6, Sum: 6, Workers: 4
[536.366s][debug][gc,phases      ] GC(47)   JVMTI Tag Weak OopStorage      Min:  0.0, Avg:  0.0, Max:  0.0, Diff:  0.0, Sum:  0.0, Workers: 4
[536.366s][debug][gc,phases      ] GC(47)     Dead                           Min: 0, Avg:  0.0, Max: 0, Diff: 0, Sum: 0, Workers: 4
[536.366s][debug][gc,phases      ] GC(47)     Total                          Min: 0, Avg:  0.0, Max: 0, Diff: 0, Sum: 0, Workers: 4
[536.366s][debug][gc,phases      ] GC(47)   StringTable Weak               Min:  0.0, Avg:  0.1, Max:  0.1, Diff:  0.1, Sum:  0.4, Workers: 4
[536.366s][debug][gc,phases      ] GC(47)     Dead                           Min: 0, Avg:  0.0, Max: 0, Diff: 0, Sum: 0, Workers: 4
[536.366s][debug][gc,phases      ] GC(47)     Total                          Min: 0, Avg: 11084.0, Max: 14976, Diff: 14976, Sum: 44336, Workers: 4
[536.366s][debug][gc,phases      ] GC(47)   ResolvedMethodTable Weak       Min:  0.0, Avg:  0.0, Max:  0.0, Diff:  0.0, Sum:  0.1, Workers: 4
[536.366s][debug][gc,phases      ] GC(47)     Dead                           Min: 0, Avg:  0.0, Max: 0, Diff: 0, Sum: 0, Workers: 4
[536.366s][debug][gc,phases      ] GC(47)     Total                          Min: 0, Avg: 2731.0, Max: 3647, Diff: 3647, Sum: 10924, Workers: 4
[536.366s][debug][gc,phases      ] GC(47)   JNI Weak                       Min:  0.0, Avg:  0.0, Max:  0.0, Diff:  0.0, Sum:  0.0, Workers: 4
[536.366s][debug][gc,phases      ] GC(47)     Dead                           Min: 0, Avg:  0.0, Max: 0, Diff: 0, Sum: 0, Workers: 4
[536.366s][debug][gc,phases      ] GC(47)     Total                          Min: 0, Avg: 12.0, Max: 48, Diff: 48, Sum: 48, Workers: 4
[536.366s][debug][gc,phases      ] GC(47)   StringDedup Table Weak         Min:  0.0, Avg:  0.0, Max:  0.0, Diff:  0.0, Sum:  0.0, Workers: 4
[536.366s][debug][gc,phases      ] GC(47)     Dead                           Min: 0, Avg:  0.0, Max: 0, Diff: 0, Sum: 0, Workers: 4
[536.366s][debug][gc,phases      ] GC(47)     Total                          Min: 0, Avg:  0.0, Max: 0, Diff: 0, Sum: 0, Workers: 4
[536.366s][debug][gc,phases      ] GC(47)   StringDedup Requests0 Weak     Min:  0.0, Avg:  0.0, Max:  0.0, Diff:  0.0, Sum:  0.0, Workers: 4
[536.366s][debug][gc,phases      ] GC(47)     Dead                           Min: 0, Avg:  0.0, Max: 0, Diff: 0, Sum: 0, Workers: 4
[536.366s][debug][gc,phases      ] GC(47)     Total                          Min: 0, Avg:  0.0, Max: 0, Diff: 0, Sum: 0, Workers: 4
[536.366s][debug][gc,phases      ] GC(47)   StringDedup Requests1 Weak     Min:  0.0, Avg:  0.0, Max:  0.0, Diff:  0.0, Sum:  0.0, Workers: 4
[536.366s][debug][gc,phases      ] GC(47)     Dead                           Min: 0, Avg:  0.0, Max: 0, Diff: 0, Sum: 0, Workers: 4
[536.366s][debug][gc,phases      ] GC(47)     Total                          Min: 0, Avg:  0.0, Max: 0, Diff: 0, Sum: 0, Workers: 4
[536.366s][debug][gc,phases      ] GC(47)   Weak JFR Old Object Samples    Min:  0.0, Avg:  0.0, Max:  0.0, Diff:  0.0, Sum:  0.0, Workers: 4
[536.366s][debug][gc,phases      ] GC(47)     Dead                           Min: 0, Avg:  0.0, Max: 0, Diff: 0, Sum: 0, Workers: 4
[536.366s][debug][gc,phases      ] GC(47)     Total                          Min: 0, Avg:  0.0, Max: 0, Diff: 0, Sum: 0, Workers: 4
[536.366s][debug][gc,phases      ] GC(47) Weak Processing 0.437ms
[536.366s][debug][gc,age         ] GC(47) Desired survivor size 236453888 bytes, new threshold 15 (max threshold 15)
[536.366s][info ][gc,heap        ] GC(47) PSYoungGen: 1598672K(1851904K)->5488K(1836544K) Eden: 1591296K(1591296K)->0K(1591296K) From: 7376K(260608K)->5488K(245248K)
[536.366s][info ][gc,heap        ] GC(47) ParOldGen: 416770K(541184K)->416954K(541184K)
[536.366s][info ][gc,metaspace   ] GC(47) Metaspace: 87926K(89024K)->87926K(89024K) NonClass: 75146K(75712K)->75146K(75712K) Class: 12780K(13312K)->12780K(13312K)
[536.366s][info ][gc             ] GC(47) Pause Young (Allocation Failure) 1968M->412M(2322M) 5.574ms
[536.366s][info ][gc,cpu         ] GC(47) User=0.02s Sys=0.00s Real=0.01s
[536.366s][info ][safepoint      ] Safepoint "ParallelGCFailedAllocation", Time since last: 421081238 ns, Reaching safepoint: 54201 ns, Cleanup: 3900 ns, At safepoint: 5647176 ns, Total: 5705277 ns
[537.366s][info ][safepoint      ] Safepoint "Cleanup", Time since last: 1000083690 ns, Reaching safepoint: 73601 ns, Cleanup: 12400 ns, At safepoint: 6800 ns, Total: 92801 ns
[543.229s][info ][safepoint      ] Safepoint "Cleanup", Time since last: 5862709470 ns, Reaching safepoint: 3800 ns, Cleanup: 7400 ns, At safepoint: 2400 ns, Total: 13600 ns
[545.229s][info ][safepoint      ] Safepoint "Cleanup", Time since last: 2000170980 ns, Reaching safepoint: 4800 ns, Cleanup: 9400 ns, At safepoint: 1900 ns, Total: 16100 ns
[546.229s][info ][safepoint      ] Safepoint "Cleanup", Time since last: 1000105090 ns, Reaching safepoint: 5700 ns, Cleanup: 8400 ns, At safepoint: 2100 ns, Total: 16200 ns
[551.229s][info ][safepoint      ] Safepoint "Cleanup", Time since last: 5000369860 ns, Reaching safepoint: 6000 ns, Cleanup: 11100 ns, At safepoint: 2500 ns, Total: 19600 ns
[557.230s][info ][safepoint      ] Safepoint "Cleanup", Time since last: 6000438593 ns, Reaching safepoint: 5900 ns, Cleanup: 9500 ns, At safepoint: 2300 ns, Total: 17700 ns
[557.709s][info ][gc,start       ] GC(48) Pause Young (Allocation Failure)
[557.714s][debug][gc,phases      ] GC(48) Scavenge 4.400ms
[557.714s][debug][gc,ref         ] GC(48) Skipped phase 1 of Reference Processing: no references
[557.714s][debug][gc,ref         ] GC(48) ReferenceProcessor::execute queues: 1, RefProcThreadModel::Single, marks_oops_alive: false
[557.714s][debug][gc,ref         ] GC(48) Skipped phase 3 of Reference Processing: no references
[557.714s][debug][gc,ref         ] GC(48) ReferenceProcessor::execute queues: 1, RefProcThreadModel::Single, marks_oops_alive: false
[557.714s][debug][gc,phases      ] GC(48) Reference Processing 0.107ms
[557.714s][debug][gc,phases      ] GC(48)   VM Weak                        Min:  0.0, Avg:  0.0, Max:  0.0, Diff:  0.0, Sum:  0.0, Workers: 4
[557.714s][debug][gc,phases      ] GC(48)     Dead                           Min: 0, Avg:  0.0, Max: 0, Diff: 0, Sum: 0, Workers: 4
[557.714s][debug][gc,phases      ] GC(48)     Total                          Min: 0, Avg: 229.8, Max: 384, Diff: 384, Sum: 919, Workers: 4
[557.714s][debug][gc,phases      ] GC(48)   ObjectSynchronizer Weak        Min:  0.0, Avg:  0.0, Max:  0.0, Diff:  0.0, Sum:  0.0, Workers: 4
[557.714s][debug][gc,phases      ] GC(48)     Dead                           Min: 0, Avg:  0.0, Max: 0, Diff: 0, Sum: 0, Workers: 4
[557.714s][debug][gc,phases      ] GC(48)     Total                          Min: 0, Avg:  1.5, Max: 6, Diff: 6, Sum: 6, Workers: 4
[557.714s][debug][gc,phases      ] GC(48)   JVMTI Tag Weak OopStorage      Min:  0.0, Avg:  0.0, Max:  0.0, Diff:  0.0, Sum:  0.0, Workers: 4
[557.714s][debug][gc,phases      ] GC(48)     Dead                           Min: 0, Avg:  0.0, Max: 0, Diff: 0, Sum: 0, Workers: 4
[557.714s][debug][gc,phases      ] GC(48)     Total                          Min: 0, Avg:  0.0, Max: 0, Diff: 0, Sum: 0, Workers: 4
[557.714s][debug][gc,phases      ] GC(48)   StringTable Weak               Min:  0.0, Avg:  0.1, Max:  0.1, Diff:  0.1, Sum:  0.4, Workers: 4
[557.714s][debug][gc,phases      ] GC(48)     Dead                           Min: 0, Avg:  0.0, Max: 0, Diff: 0, Sum: 0, Workers: 4
[557.714s][debug][gc,phases      ] GC(48)     Total                          Min: 0, Avg: 11084.0, Max: 19840, Diff: 19840, Sum: 44336, Workers: 4
[557.714s][debug][gc,phases      ] GC(48)   ResolvedMethodTable Weak       Min:  0.0, Avg:  0.0, Max:  0.0, Diff:  0.0, Sum:  0.1, Workers: 4
[557.714s][debug][gc,phases      ] GC(48)     Dead                           Min: 0, Avg:  0.0, Max: 0, Diff: 0, Sum: 0, Workers: 4
[557.714s][debug][gc,phases      ] GC(48)     Total                          Min: 0, Avg: 2731.0, Max: 4282, Diff: 4282, Sum: 10924, Workers: 4
[557.714s][debug][gc,phases      ] GC(48)   JNI Weak                       Min:  0.0, Avg:  0.0, Max:  0.0, Diff:  0.0, Sum:  0.0, Workers: 4
[557.714s][debug][gc,phases      ] GC(48)     Dead                           Min: 0, Avg:  0.0, Max: 0, Diff: 0, Sum: 0, Workers: 4
[557.714s][debug][gc,phases      ] GC(48)     Total                          Min: 0, Avg: 12.0, Max: 48, Diff: 48, Sum: 48, Workers: 4
[557.714s][debug][gc,phases      ] GC(48)   StringDedup Table Weak         Min:  0.0, Avg:  0.0, Max:  0.0, Diff:  0.0, Sum:  0.0, Workers: 4
[557.714s][debug][gc,phases      ] GC(48)     Dead                           Min: 0, Avg:  0.0, Max: 0, Diff: 0, Sum: 0, Workers: 4
[557.714s][debug][gc,phases      ] GC(48)     Total                          Min: 0, Avg:  0.0, Max: 0, Diff: 0, Sum: 0, Workers: 4
[557.714s][debug][gc,phases      ] GC(48)   StringDedup Requests0 Weak     Min:  0.0, Avg:  0.0, Max:  0.0, Diff:  0.0, Sum:  0.0, Workers: 4
[557.714s][debug][gc,phases      ] GC(48)     Dead                           Min: 0, Avg:  0.0, Max: 0, Diff: 0, Sum: 0, Workers: 4
[557.714s][debug][gc,phases      ] GC(48)     Total                          Min: 0, Avg:  0.0, Max: 0, Diff: 0, Sum: 0, Workers: 4
[557.714s][debug][gc,phases      ] GC(48)   StringDedup Requests1 Weak     Min:  0.0, Avg:  0.0, Max:  0.0, Diff:  0.0, Sum:  0.0, Workers: 4
[557.714s][debug][gc,phases      ] GC(48)     Dead                           Min: 0, Avg:  0.0, Max: 0, Diff: 0, Sum: 0, Workers: 4
[557.714s][debug][gc,phases      ] GC(48)     Total                          Min: 0, Avg:  0.0, Max: 0, Diff: 0, Sum: 0, Workers: 4
[557.714s][debug][gc,phases      ] GC(48)   Weak JFR Old Object Samples    Min:  0.0, Avg:  0.0, Max:  0.0, Diff:  0.0, Sum:  0.0, Workers: 4
[557.714s][debug][gc,phases      ] GC(48)     Dead                           Min: 0, Avg:  0.0, Max: 0, Diff: 0, Sum: 0, Workers: 4
[557.714s][debug][gc,phases      ] GC(48)     Total                          Min: 0, Avg:  0.0, Max: 0, Diff: 0, Sum: 0, Workers: 4
[557.714s][debug][gc,phases      ] GC(48) Weak Processing 0.348ms
[557.714s][debug][gc,age         ] GC(48) Desired survivor size 222298112 bytes, new threshold 15 (max threshold 15)
[557.714s][info ][gc,heap        ] GC(48) PSYoungGen: 1596784K(1836544K)->6960K(1880064K) Eden: 1591296K(1591296K)->0K(1649152K) From: 5488K(245248K)->6960K(230912K)
[557.714s][info ][gc,heap        ] GC(48) ParOldGen: 416954K(541184K)->417202K(541184K)
[557.714s][info ][gc,metaspace   ] GC(48) Metaspace: 87935K(89024K)->87935K(89024K) NonClass: 75155K(75712K)->75155K(75712K) Class: 12780K(13312K)->12780K(13312K)
[557.714s][info ][gc             ] GC(48) Pause Young (Allocation Failure) 1966M->414M(2364M) 4.948ms
[557.714s][info ][gc,cpu         ] GC(48) User=0.02s Sys=0.00s Real=0.01s
[557.714s][info ][safepoint      ] Safepoint "ParallelGCFailedAllocation", Time since last: 479540214 ns, Reaching safepoint: 75901 ns, Cleanup: 4100 ns, At safepoint: 5009767 ns, Total: 5089768 ns
[569.715s][info ][safepoint      ] Safepoint "Cleanup", Time since last: 12000795131 ns, Reaching safepoint: 73901 ns, Cleanup: 9600 ns, At safepoint: 5500 ns, Total: 89001 ns
[574.716s][info ][safepoint      ] Safepoint "Cleanup", Time since last: 5000399862 ns, Reaching safepoint: 72301 ns, Cleanup: 22100 ns, At safepoint: 4200 ns, Total: 98601 ns
[575.716s][info ][safepoint      ] Safepoint "Cleanup", Time since last: 1000104904 ns, Reaching safepoint: 78601 ns, Cleanup: 25600 ns, At safepoint: 6800 ns, Total: 111001 ns
[578.716s][info ][safepoint      ] Safepoint "Cleanup", Time since last: 3000243110 ns, Reaching safepoint: 71301 ns, Cleanup: 13000 ns, At safepoint: 4300 ns, Total: 88601 ns
[578.910s][info ][gc,start       ] GC(49) Pause Young (Allocation Failure)
[578.915s][debug][gc,phases      ] GC(49) Scavenge 4.394ms
[578.915s][debug][gc,ref         ] GC(49) Skipped phase 1 of Reference Processing: no references
[578.915s][debug][gc,ref         ] GC(49) ReferenceProcessor::execute queues: 1, RefProcThreadModel::Single, marks_oops_alive: false
[578.915s][debug][gc,ref         ] GC(49) Skipped phase 3 of Reference Processing: no references
[578.915s][debug][gc,ref         ] GC(49) ReferenceProcessor::execute queues: 1, RefProcThreadModel::Single, marks_oops_alive: false
[578.915s][debug][gc,phases      ] GC(49) Reference Processing 0.128ms
[578.915s][debug][gc,phases      ] GC(49)   VM Weak                        Min:  0.0, Avg:  0.0, Max:  0.0, Diff:  0.0, Sum:  0.0, Workers: 4
[578.915s][debug][gc,phases      ] GC(49)     Dead                           Min: 0, Avg:  0.0, Max: 0, Diff: 0, Sum: 0, Workers: 4
[578.915s][debug][gc,phases      ] GC(49)     Total                          Min: 0, Avg: 232.2, Max: 545, Diff: 545, Sum: 929, Workers: 4
[578.915s][debug][gc,phases      ] GC(49)   ObjectSynchronizer Weak        Min:  0.0, Avg:  0.0, Max:  0.0, Diff:  0.0, Sum:  0.0, Workers: 4
[578.915s][debug][gc,phases      ] GC(49)     Dead                           Min: 0, Avg:  0.0, Max: 0, Diff: 0, Sum: 0, Workers: 4
[578.915s][debug][gc,phases      ] GC(49)     Total                          Min: 0, Avg:  1.5, Max: 6, Diff: 6, Sum: 6, Workers: 4
[578.915s][debug][gc,phases      ] GC(49)   JVMTI Tag Weak OopStorage      Min:  0.0, Avg:  0.0, Max:  0.0, Diff:  0.0, Sum:  0.0, Workers: 4
[578.915s][debug][gc,phases      ] GC(49)     Dead                           Min: 0, Avg:  0.0, Max: 0, Diff: 0, Sum: 0, Workers: 4
[578.915s][debug][gc,phases      ] GC(49)     Total                          Min: 0, Avg:  0.0, Max: 0, Diff: 0, Sum: 0, Workers: 4
[578.915s][debug][gc,phases      ] GC(49)   StringTable Weak               Min:  0.0, Avg:  0.1, Max:  0.1, Diff:  0.1, Sum:  0.4, Workers: 4
[578.915s][debug][gc,phases      ] GC(49)     Dead                           Min: 0, Avg:  0.5, Max: 2, Diff: 2, Sum: 2, Workers: 4
[578.915s][debug][gc,phases      ] GC(49)     Total                          Min: 0, Avg: 11087.8, Max: 15039, Diff: 15039, Sum: 44351, Workers: 4
[578.915s][debug][gc,phases      ] GC(49)   ResolvedMethodTable Weak       Min:  0.0, Avg:  0.0, Max:  0.0, Diff:  0.0, Sum:  0.1, Workers: 4
[578.915s][debug][gc,phases      ] GC(49)     Dead                           Min: 0, Avg:  0.0, Max: 0, Diff: 0, Sum: 0, Workers: 4
[578.915s][debug][gc,phases      ] GC(49)     Total                          Min: 0, Avg: 2740.2, Max: 3904, Diff: 3904, Sum: 10961, Workers: 4
[578.915s][debug][gc,phases      ] GC(49)   JNI Weak                       Min:  0.0, Avg:  0.0, Max:  0.0, Diff:  0.0, Sum:  0.0, Workers: 4
[578.915s][debug][gc,phases      ] GC(49)     Dead                           Min: 0, Avg:  0.0, Max: 0, Diff: 0, Sum: 0, Workers: 4
[578.915s][debug][gc,phases      ] GC(49)     Total                          Min: 0, Avg: 12.0, Max: 48, Diff: 48, Sum: 48, Workers: 4
[578.915s][debug][gc,phases      ] GC(49)   StringDedup Table Weak         Min:  0.0, Avg:  0.0, Max:  0.0, Diff:  0.0, Sum:  0.0, Workers: 4
[578.915s][debug][gc,phases      ] GC(49)     Dead                           Min: 0, Avg:  0.0, Max: 0, Diff: 0, Sum: 0, Workers: 4
[578.915s][debug][gc,phases      ] GC(49)     Total                          Min: 0, Avg:  0.0, Max: 0, Diff: 0, Sum: 0, Workers: 4
[578.915s][debug][gc,phases      ] GC(49)   StringDedup Requests0 Weak     Min:  0.0, Avg:  0.0, Max:  0.0, Diff:  0.0, Sum:  0.0, Workers: 4
[578.915s][debug][gc,phases      ] GC(49)     Dead                           Min: 0, Avg:  0.0, Max: 0, Diff: 0, Sum: 0, Workers: 4
[578.915s][debug][gc,phases      ] GC(49)     Total                          Min: 0, Avg:  0.0, Max: 0, Diff: 0, Sum: 0, Workers: 4
[578.915s][debug][gc,phases      ] GC(49)   StringDedup Requests1 Weak     Min:  0.0, Avg:  0.0, Max:  0.0, Diff:  0.0, Sum:  0.0, Workers: 4
[578.915s][debug][gc,phases      ] GC(49)     Dead                           Min: 0, Avg:  0.0, Max: 0, Diff: 0, Sum: 0, Workers: 4
[578.915s][debug][gc,phases      ] GC(49)     Total                          Min: 0, Avg:  0.0, Max: 0, Diff: 0, Sum: 0, Workers: 4
[578.915s][debug][gc,phases      ] GC(49)   Weak JFR Old Object Samples    Min:  0.0, Avg:  0.0, Max:  0.0, Diff:  0.0, Sum:  0.0, Workers: 4
[578.915s][debug][gc,phases      ] GC(49)     Dead                           Min: 0, Avg:  0.0, Max: 0, Diff: 0, Sum: 0, Workers: 4
[578.915s][debug][gc,phases      ] GC(49)     Total                          Min: 0, Avg:  0.0, Max: 0, Diff: 0, Sum: 0, Workers: 4
[578.915s][debug][gc,phases      ] GC(49) Weak Processing 0.438ms
[578.915s][debug][gc,age         ] GC(49) Desired survivor size 208142336 bytes, new threshold 15 (max threshold 15)
[578.915s][info ][gc,heap        ] GC(49) PSYoungGen: 1656112K(1880064K)->7776K(1866240K) Eden: 1649152K(1649152K)->0K(1649152K) From: 6960K(230912K)->7776K(217088K)
[578.915s][info ][gc,heap        ] GC(49) ParOldGen: 417202K(541184K)->417410K(541184K)
[578.915s][info ][gc,metaspace   ] GC(49) Metaspace: 87991K(89088K)->87991K(89088K) NonClass: 75199K(75776K)->75199K(75776K) Class: 12791K(13312K)->12791K(13312K)
[578.915s][info ][gc             ] GC(49) Pause Young (Allocation Failure) 2024M->415M(2351M) 5.087ms
[578.915s][info ][gc,cpu         ] GC(49) User=0.01s Sys=0.01s Real=0.01s
[578.915s][info ][safepoint      ] Safepoint "ParallelGCFailedAllocation", Time since last: 193784878 ns, Reaching safepoint: 6400 ns, Cleanup: 3900 ns, At safepoint: 5154768 ns, Total: 5165068 ns
[579.916s][info ][safepoint      ] Safepoint "Cleanup", Time since last: 1000089004 ns, Reaching safepoint: 76301 ns, Cleanup: 11700 ns, At safepoint: 6000 ns, Total: 94001 ns
[580.916s][info ][safepoint      ] Safepoint "Cleanup", Time since last: 1000111303 ns, Reaching safepoint: 78501 ns, Cleanup: 11801 ns, At safepoint: 6500 ns, Total: 96802 ns
[582.916s][info ][safepoint      ] Safepoint "Cleanup", Time since last: 2000181094 ns, Reaching safepoint: 73701 ns, Cleanup: 9200 ns, At safepoint: 5600 ns, Total: 88501 ns
[583.916s][info ][safepoint      ] Safepoint "Cleanup", Time since last: 1000107402 ns, Reaching safepoint: 74201 ns, Cleanup: 10500 ns, At safepoint: 5600 ns, Total: 90301 ns
[584.916s][info ][safepoint      ] Safepoint "Cleanup", Time since last: 1000113602 ns, Reaching safepoint: 110002 ns, Cleanup: 12100 ns, At safepoint: 6800 ns, Total: 128902 ns
[586.917s][info ][safepoint      ] Safepoint "Cleanup", Time since last: 2000186304 ns, Reaching safepoint: 80101 ns, Cleanup: 9300 ns, At safepoint: 7900 ns, Total: 97301 ns
[587.917s][info ][safepoint      ] Safepoint "Cleanup", Time since last: 1000112702 ns, Reaching safepoint: 78101 ns, Cleanup: 14800 ns, At safepoint: 6501 ns, Total: 99402 ns
[588.917s][info ][safepoint      ] Safepoint "Cleanup", Time since last: 1000106637 ns, Reaching safepoint: 76501 ns, Cleanup: 12800 ns, At safepoint: 6100 ns, Total: 95401 ns
[589.917s][info ][safepoint      ] Safepoint "Cleanup", Time since last: 1000128580 ns, Reaching safepoint: 79501 ns, Cleanup: 12100 ns, At safepoint: 6900 ns, Total: 98501 ns
[590.918s][info ][safepoint      ] Safepoint "Cleanup", Time since last: 1000122629 ns, Reaching safepoint: 78801 ns, Cleanup: 9900 ns, At safepoint: 6300 ns, Total: 95001 ns
[591.918s][info ][safepoint      ] Safepoint "Cleanup", Time since last: 1000120428 ns, Reaching safepoint: 80501 ns, Cleanup: 14400 ns, At safepoint: 6600 ns, Total: 101501 ns
[593.273s][info ][safepoint      ] Safepoint "Cleanup", Time since last: 1355528401 ns, Reaching safepoint: 3700 ns, Cleanup: 31800 ns, At safepoint: 2100 ns, Total: 37600 ns
[594.273s][info ][safepoint      ] Safepoint "Cleanup", Time since last: 1000093428 ns, Reaching safepoint: 4600 ns, Cleanup: 11100 ns, At safepoint: 1800 ns, Total: 17500 ns
[595.413s][info ][safepoint      ] Safepoint "Cleanup", Time since last: 1139070294 ns, Reaching safepoint: 73701 ns, Cleanup: 19600 ns, At safepoint: 6300 ns, Total: 99601 ns
[596.413s][info ][safepoint      ] Safepoint "Cleanup", Time since last: 1000100728 ns, Reaching safepoint: 75501 ns, Cleanup: 10900 ns, At safepoint: 4500 ns, Total: 90901 ns
[598.413s][info ][safepoint      ] Safepoint "Cleanup", Time since last: 2000177804 ns, Reaching safepoint: 91601 ns, Cleanup: 10900 ns, At safepoint: 6200 ns, Total: 108701 ns
[601.219s][info ][gc,start       ] GC(50) Pause Young (Allocation Failure)
[601.226s][debug][gc,phases      ] GC(50) Scavenge 7.213ms
[601.226s][debug][gc,ref         ] GC(50) Skipped phase 1 of Reference Processing: no references
[601.226s][debug][gc,ref         ] GC(50) ReferenceProcessor::execute queues: 1, RefProcThreadModel::Single, marks_oops_alive: false
[601.226s][debug][gc,ref         ] GC(50) Skipped phase 3 of Reference Processing: no references
[601.226s][debug][gc,ref         ] GC(50) ReferenceProcessor::execute queues: 1, RefProcThreadModel::Single, marks_oops_alive: false
[601.226s][debug][gc,phases      ] GC(50) Reference Processing 0.123ms
[601.227s][debug][gc,phases      ] GC(50)   VM Weak                        Min:  0.0, Avg:  0.0, Max:  0.0, Diff:  0.0, Sum:  0.0, Workers: 4
[601.227s][debug][gc,phases      ] GC(50)     Dead                           Min: 0, Avg:  0.0, Max: 0, Diff: 0, Sum: 0, Workers: 4
[601.227s][debug][gc,phases      ] GC(50)     Total                          Min: 0, Avg: 232.5, Max: 674, Diff: 674, Sum: 930, Workers: 4
[601.227s][debug][gc,phases      ] GC(50)   ObjectSynchronizer Weak        Min:  0.0, Avg:  0.0, Max:  0.0, Diff:  0.0, Sum:  0.0, Workers: 4
[601.227s][debug][gc,phases      ] GC(50)     Dead                           Min: 0, Avg:  0.0, Max: 0, Diff: 0, Sum: 0, Workers: 4
[601.227s][debug][gc,phases      ] GC(50)     Total                          Min: 0, Avg:  1.2, Max: 5, Diff: 5, Sum: 5, Workers: 4
[601.227s][debug][gc,phases      ] GC(50)   JVMTI Tag Weak OopStorage      Min:  0.0, Avg:  0.0, Max:  0.0, Diff:  0.0, Sum:  0.0, Workers: 4
[601.227s][debug][gc,phases      ] GC(50)     Dead                           Min: 0, Avg:  0.0, Max: 0, Diff: 0, Sum: 0, Workers: 4
[601.227s][debug][gc,phases      ] GC(50)     Total                          Min: 0, Avg:  0.0, Max: 0, Diff: 0, Sum: 0, Workers: 4
[601.227s][debug][gc,phases      ] GC(50)   StringTable Weak               Min:  0.0, Avg:  0.1, Max:  0.1, Diff:  0.1, Sum:  0.4, Workers: 4
[601.227s][debug][gc,phases      ] GC(50)     Dead                           Min: 0, Avg:  0.2, Max: 1, Diff: 1, Sum: 1, Workers: 4
[601.227s][debug][gc,phases      ] GC(50)     Total                          Min: 0, Avg: 11088.8, Max: 15296, Diff: 15296, Sum: 44355, Workers: 4
[601.227s][debug][gc,phases      ] GC(50)   ResolvedMethodTable Weak       Min:  0.0, Avg:  0.0, Max:  0.0, Diff:  0.0, Sum:  0.1, Workers: 4
[601.227s][debug][gc,phases      ] GC(50)     Dead                           Min: 0, Avg:  0.0, Max: 0, Diff: 0, Sum: 0, Workers: 4
[601.227s][debug][gc,phases      ] GC(50)     Total                          Min: 0, Avg: 2741.2, Max: 3797, Diff: 3797, Sum: 10965, Workers: 4
[601.227s][debug][gc,phases      ] GC(50)   JNI Weak                       Min:  0.0, Avg:  0.0, Max:  0.0, Diff:  0.0, Sum:  0.0, Workers: 4
[601.227s][debug][gc,phases      ] GC(50)     Dead                           Min: 0, Avg:  0.0, Max: 0, Diff: 0, Sum: 0, Workers: 4
[601.227s][debug][gc,phases      ] GC(50)     Total                          Min: 0, Avg: 12.0, Max: 48, Diff: 48, Sum: 48, Workers: 4
[601.227s][debug][gc,phases      ] GC(50)   StringDedup Table Weak         Min:  0.0, Avg:  0.0, Max:  0.0, Diff:  0.0, Sum:  0.0, Workers: 4
[601.227s][debug][gc,phases      ] GC(50)     Dead                           Min: 0, Avg:  0.0, Max: 0, Diff: 0, Sum: 0, Workers: 4
[601.227s][debug][gc,phases      ] GC(50)     Total                          Min: 0, Avg:  0.0, Max: 0, Diff: 0, Sum: 0, Workers: 4
[601.227s][debug][gc,phases      ] GC(50)   StringDedup Requests0 Weak     Min:  0.0, Avg:  0.0, Max:  0.0, Diff:  0.0, Sum:  0.0, Workers: 4
[601.227s][debug][gc,phases      ] GC(50)     Dead                           Min: 0, Avg:  0.0, Max: 0, Diff: 0, Sum: 0, Workers: 4
[601.227s][debug][gc,phases      ] GC(50)     Total                          Min: 0, Avg:  0.0, Max: 0, Diff: 0, Sum: 0, Workers: 4
[601.227s][debug][gc,phases      ] GC(50)   StringDedup Requests1 Weak     Min:  0.0, Avg:  0.0, Max:  0.0, Diff:  0.0, Sum:  0.0, Workers: 4
[601.227s][debug][gc,phases      ] GC(50)     Dead                           Min: 0, Avg:  0.0, Max: 0, Diff: 0, Sum: 0, Workers: 4
[601.227s][debug][gc,phases      ] GC(50)     Total                          Min: 0, Avg:  0.0, Max: 0, Diff: 0, Sum: 0, Workers: 4
[601.227s][debug][gc,phases      ] GC(50)   Weak JFR Old Object Samples    Min:  0.0, Avg:  0.0, Max:  0.0, Diff:  0.0, Sum:  0.0, Workers: 4
[601.227s][debug][gc,phases      ] GC(50)     Dead                           Min: 0, Avg:  0.0, Max: 0, Diff: 0, Sum: 0, Workers: 4
[601.227s][debug][gc,phases      ] GC(50)     Total                          Min: 0, Avg:  0.0, Max: 0, Diff: 0, Sum: 0, Workers: 4
[601.227s][debug][gc,phases      ] GC(50) Weak Processing 0.351ms
[601.227s][debug][gc,age         ] GC(50) Desired survivor size 194510848 bytes, new threshold 15 (max threshold 15)
[601.227s][info ][gc,heap        ] GC(50) PSYoungGen: 1656928K(1866240K)->8368K(1907200K) Eden: 1649152K(1649152K)->0K(1703936K) From: 7776K(217088K)->8368K(203264K)
[601.227s][info ][gc,heap        ] GC(50) ParOldGen: 417410K(541184K)->417466K(541184K)
[601.227s][info ][gc,metaspace   ] GC(50) Metaspace: 88012K(89152K)->88012K(89152K) NonClass: 75219K(75840K)->75219K(75840K) Class: 12792K(13312K)->12792K(13312K)
[601.227s][info ][gc             ] GC(50) Pause Young (Allocation Failure) 2025M->415M(2391M) 7.800ms
[601.227s][info ][gc,cpu         ] GC(50) User=0.01s Sys=0.01s Real=0.01s
[601.227s][info ][safepoint      ] Safepoint "ParallelGCFailedAllocation", Time since last: 2805854381 ns, Reaching safepoint: 5701 ns, Cleanup: 3100 ns, At safepoint: 7867005 ns, Total: 7875806 ns
[602.227s][info ][safepoint      ] Safepoint "Cleanup", Time since last: 1000092459 ns, Reaching safepoint: 5500 ns, Cleanup: 32501 ns, At safepoint: 2700 ns, Total: 40701 ns
[603.227s][info ][safepoint      ] Safepoint "Cleanup", Time since last: 1000108359 ns, Reaching safepoint: 4900 ns, Cleanup: 16001 ns, At safepoint: 1700 ns, Total: 22601 ns
[606.227s][info ][safepoint      ] Safepoint "Cleanup", Time since last: 3000240177 ns, Reaching safepoint: 5500 ns, Cleanup: 12001 ns, At safepoint: 2100 ns, Total: 19601 ns
[608.228s][info ][safepoint      ] Safepoint "Cleanup", Time since last: 2000170019 ns, Reaching safepoint: 72501 ns, Cleanup: 8600 ns, At safepoint: 4600 ns, Total: 85701 ns
[613.228s][info ][safepoint      ] Safepoint "Cleanup", Time since last: 5000385997 ns, Reaching safepoint: 4900 ns, Cleanup: 9500 ns, At safepoint: 1800 ns, Total: 16200 ns
[615.228s][info ][safepoint      ] Safepoint "Cleanup", Time since last: 2000165219 ns, Reaching safepoint: 3900 ns, Cleanup: 8800 ns, At safepoint: 1600 ns, Total: 14300 ns
[616.228s][info ][safepoint      ] Safepoint "Cleanup", Time since last: 1000077960 ns, Reaching safepoint: 5700 ns, Cleanup: 11000 ns, At safepoint: 2500 ns, Total: 19200 ns
[618.229s][info ][safepoint      ] Safepoint "Cleanup", Time since last: 2000193619 ns, Reaching safepoint: 4400 ns, Cleanup: 12700 ns, At safepoint: 1500 ns, Total: 18600 ns
[619.229s][info ][safepoint      ] Safepoint "Cleanup", Time since last: 1000106760 ns, Reaching safepoint: 76101 ns, Cleanup: 10900 ns, At safepoint: 4800 ns, Total: 91801 ns
[620.229s][info ][safepoint      ] Safepoint "Cleanup", Time since last: 1000105660 ns, Reaching safepoint: 4500 ns, Cleanup: 9100 ns, At safepoint: 1700 ns, Total: 15300 ns
[621.873s][info ][safepoint      ] Safepoint "Cleanup", Time since last: 1644407054 ns, Reaching safepoint: 6500 ns, Cleanup: 71501 ns, At safepoint: 2100 ns, Total: 80101 ns
[623.874s][info ][safepoint      ] Safepoint "Cleanup", Time since last: 2000163592 ns, Reaching safepoint: 4400 ns, Cleanup: 12500 ns, At safepoint: 1800 ns, Total: 18700 ns
[624.874s][info ][safepoint      ] Safepoint "Cleanup", Time since last: 1000109896 ns, Reaching safepoint: 5600 ns, Cleanup: 16300 ns, At safepoint: 2400 ns, Total: 24300 ns
[624.915s][info ][gc,start       ] GC(51) Pause Young (Allocation Failure)
[624.922s][debug][gc,phases      ] GC(51) Scavenge 6.735ms
[624.922s][debug][gc,ref         ] GC(51) Skipped phase 1 of Reference Processing: no references
[624.922s][debug][gc,ref         ] GC(51) ReferenceProcessor::execute queues: 1, RefProcThreadModel::Single, marks_oops_alive: false
[624.922s][debug][gc,ref         ] GC(51) Skipped phase 3 of Reference Processing: no references
[624.922s][debug][gc,ref         ] GC(51) ReferenceProcessor::execute queues: 1, RefProcThreadModel::Single, marks_oops_alive: false
[624.922s][debug][gc,phases      ] GC(51) Reference Processing 0.130ms
[624.923s][debug][gc,phases      ] GC(51)   VM Weak                        Min:  0.0, Avg:  0.0, Max:  0.0, Diff:  0.0, Sum:  0.0, Workers: 4
[624.923s][debug][gc,phases      ] GC(51)     Dead                           Min: 0, Avg:  0.0, Max: 0, Diff: 0, Sum: 0, Workers: 4
[624.923s][debug][gc,phases      ] GC(51)     Total                          Min: 0, Avg: 232.5, Max: 512, Diff: 512, Sum: 930, Workers: 4
[624.923s][debug][gc,phases      ] GC(51)   ObjectSynchronizer Weak        Min:  0.0, Avg:  0.0, Max:  0.0, Diff:  0.0, Sum:  0.0, Workers: 4
[624.923s][debug][gc,phases      ] GC(51)     Dead                           Min: 0, Avg:  0.0, Max: 0, Diff: 0, Sum: 0, Workers: 4
[624.923s][debug][gc,phases      ] GC(51)     Total                          Min: 0, Avg:  1.2, Max: 5, Diff: 5, Sum: 5, Workers: 4
[624.923s][debug][gc,phases      ] GC(51)   JVMTI Tag Weak OopStorage      Min:  0.0, Avg:  0.0, Max:  0.0, Diff:  0.0, Sum:  0.0, Workers: 4
[624.923s][debug][gc,phases      ] GC(51)     Dead                           Min: 0, Avg:  0.0, Max: 0, Diff: 0, Sum: 0, Workers: 4
[624.923s][debug][gc,phases      ] GC(51)     Total                          Min: 0, Avg:  0.0, Max: 0, Diff: 0, Sum: 0, Workers: 4
[624.923s][debug][gc,phases      ] GC(51)   StringTable Weak               Min:  0.0, Avg:  0.1, Max:  0.2, Diff:  0.2, Sum:  0.5, Workers: 4
[624.923s][debug][gc,phases      ] GC(51)     Dead                           Min: 0, Avg:  0.2, Max: 1, Diff: 1, Sum: 1, Workers: 4
[624.923s][debug][gc,phases      ] GC(51)     Total                          Min: 0, Avg: 11092.2, Max: 15232, Diff: 15232, Sum: 44369, Workers: 4
[624.923s][debug][gc,phases      ] GC(51)   ResolvedMethodTable Weak       Min:  0.0, Avg:  0.0, Max:  0.0, Diff:  0.0, Sum:  0.1, Workers: 4
[624.923s][debug][gc,phases      ] GC(51)     Dead                           Min: 0, Avg:  0.0, Max: 0, Diff: 0, Sum: 0, Workers: 4
[624.923s][debug][gc,phases      ] GC(51)     Total                          Min: 0, Avg: 2743.0, Max: 3776, Diff: 3776, Sum: 10972, Workers: 4
[624.923s][debug][gc,phases      ] GC(51)   JNI Weak                       Min:  0.0, Avg:  0.0, Max:  0.0, Diff:  0.0, Sum:  0.0, Workers: 4
[624.923s][debug][gc,phases      ] GC(51)     Dead                           Min: 0, Avg:  0.0, Max: 0, Diff: 0, Sum: 0, Workers: 4
[624.923s][debug][gc,phases      ] GC(51)     Total                          Min: 0, Avg: 12.0, Max: 48, Diff: 48, Sum: 48, Workers: 4
[624.923s][debug][gc,phases      ] GC(51)   StringDedup Table Weak         Min:  0.0, Avg:  0.0, Max:  0.0, Diff:  0.0, Sum:  0.0, Workers: 4
[624.923s][debug][gc,phases      ] GC(51)     Dead                           Min: 0, Avg:  0.0, Max: 0, Diff: 0, Sum: 0, Workers: 4
[624.923s][debug][gc,phases      ] GC(51)     Total                          Min: 0, Avg:  0.0, Max: 0, Diff: 0, Sum: 0, Workers: 4
[624.923s][debug][gc,phases      ] GC(51)   StringDedup Requests0 Weak     Min:  0.0, Avg:  0.0, Max:  0.0, Diff:  0.0, Sum:  0.0, Workers: 4
[624.923s][debug][gc,phases      ] GC(51)     Dead                           Min: 0, Avg:  0.0, Max: 0, Diff: 0, Sum: 0, Workers: 4
[624.923s][debug][gc,phases      ] GC(51)     Total                          Min: 0, Avg:  0.0, Max: 0, Diff: 0, Sum: 0, Workers: 4
[624.923s][debug][gc,phases      ] GC(51)   StringDedup Requests1 Weak     Min:  0.0, Avg:  0.0, Max:  0.0, Diff:  0.0, Sum:  0.0, Workers: 4
[624.923s][debug][gc,phases      ] GC(51)     Dead                           Min: 0, Avg:  0.0, Max: 0, Diff: 0, Sum: 0, Workers: 4
[624.923s][debug][gc,phases      ] GC(51)     Total                          Min: 0, Avg:  0.0, Max: 0, Diff: 0, Sum: 0, Workers: 4
[624.923s][debug][gc,phases      ] GC(51)   Weak JFR Old Object Samples    Min:  0.0, Avg:  0.0, Max:  0.0, Diff:  0.0, Sum:  0.0, Workers: 4
[624.923s][debug][gc,phases      ] GC(51)     Dead                           Min: 0, Avg:  0.0, Max: 0, Diff: 0, Sum: 0, Workers: 4
[624.923s][debug][gc,phases      ] GC(51)     Total                          Min: 0, Avg:  0.0, Max: 0, Diff: 0, Sum: 0, Workers: 4
[624.923s][debug][gc,phases      ] GC(51) Weak Processing 0.457ms
[624.923s][debug][gc,age         ] GC(51) Desired survivor size 181927936 bytes, new threshold 15 (max threshold 15)
[624.923s][info ][gc,heap        ] GC(51) PSYoungGen: 1712304K(1907200K)->8464K(1893888K) Eden: 1703936K(1703936K)->0K(1703936K) From: 8368K(203264K)->8464K(189952K)
[624.923s][info ][gc,heap        ] GC(51) ParOldGen: 417466K(541184K)->417594K(541184K)
[624.923s][info ][gc,metaspace   ] GC(51) Metaspace: 88071K(89152K)->88071K(89152K) NonClass: 75275K(75840K)->75275K(75840K) Class: 12796K(13312K)->12796K(13312K)
[624.923s][info ][gc             ] GC(51) Pause Young (Allocation Failure) 2079M->416M(2378M) 7.442ms
[624.923s][info ][gc,cpu         ] GC(51) User=0.02s Sys=0.00s Real=0.01s
[624.923s][info ][safepoint      ] Safepoint "ParallelGCFailedAllocation", Time since last: 41686255 ns, Reaching safepoint: 5000 ns, Cleanup: 3400 ns, At safepoint: 7514200 ns, Total: 7522600 ns
[627.923s][info ][safepoint      ] Safepoint "Cleanup", Time since last: 3000238687 ns, Reaching safepoint: 5100 ns, Cleanup: 7500 ns, At safepoint: 2600 ns, Total: 15200 ns
[629.923s][info ][safepoint      ] Safepoint "Cleanup", Time since last: 2000185108 ns, Reaching safepoint: 6000 ns, Cleanup: 11300 ns, At safepoint: 2300 ns, Total: 19600 ns
[630.923s][info ][safepoint      ] Safepoint "Cleanup", Time since last: 1000105760 ns, Reaching safepoint: 4600 ns, Cleanup: 9801 ns, At safepoint: 1800 ns, Total: 16201 ns
[632.924s][info ][safepoint      ] Safepoint "Cleanup", Time since last: 2000155020 ns, Reaching safepoint: 3400 ns, Cleanup: 10600 ns, At safepoint: 1300 ns, Total: 15300 ns
[633.924s][info ][safepoint      ] Safepoint "Cleanup", Time since last: 1000116561 ns, Reaching safepoint: 80901 ns, Cleanup: 15100 ns, At safepoint: 8000 ns, Total: 104001 ns
[634.924s][info ][safepoint      ] Safepoint "Cleanup", Time since last: 1000107261 ns, Reaching safepoint: 7000 ns, Cleanup: 14100 ns, At safepoint: 6000 ns, Total: 27100 ns
[636.924s][info ][safepoint      ] Safepoint "Cleanup", Time since last: 2000173321 ns, Reaching safepoint: 4700 ns, Cleanup: 10800 ns, At safepoint: 1700 ns, Total: 17200 ns
[637.924s][info ][safepoint      ] Safepoint "Cleanup", Time since last: 1000110253 ns, Reaching safepoint: 6000 ns, Cleanup: 10301 ns, At safepoint: 2300 ns, Total: 18601 ns
[639.924s][info ][safepoint      ] Safepoint "Cleanup", Time since last: 2000182654 ns, Reaching safepoint: 4800 ns, Cleanup: 9300 ns, At safepoint: 1800 ns, Total: 15900 ns
[641.925s][info ][safepoint      ] Safepoint "Cleanup", Time since last: 2000174855 ns, Reaching safepoint: 4800 ns, Cleanup: 9300 ns, At safepoint: 1600 ns, Total: 15700 ns
[642.925s][info ][safepoint      ] Safepoint "Cleanup", Time since last: 1000097028 ns, Reaching safepoint: 4600 ns, Cleanup: 7000 ns, At safepoint: 1400 ns, Total: 13000 ns
[645.925s][info ][safepoint      ] Safepoint "Cleanup", Time since last: 3000260384 ns, Reaching safepoint: 80301 ns, Cleanup: 12000 ns, At safepoint: 7200 ns, Total: 99501 ns
[646.925s][info ][safepoint      ] Safepoint "Cleanup", Time since last: 1000122238 ns, Reaching safepoint: 5900 ns, Cleanup: 9600 ns, At safepoint: 2101 ns, Total: 17601 ns
[647.214s][info ][gc,start       ] GC(52) Pause Young (Allocation Failure)
[647.221s][debug][gc,phases      ] GC(52) Scavenge 6.605ms
[647.221s][debug][gc,ref         ] GC(52) Skipped phase 1 of Reference Processing: no references
[647.221s][debug][gc,ref         ] GC(52) ReferenceProcessor::execute queues: 1, RefProcThreadModel::Single, marks_oops_alive: false
[647.221s][debug][gc,ref         ] GC(52) Skipped phase 3 of Reference Processing: no references
[647.221s][debug][gc,ref         ] GC(52) Skipped phase 4 of Reference Processing: no references
[647.221s][debug][gc,phases      ] GC(52) Reference Processing 0.130ms
[647.221s][debug][gc,phases      ] GC(52)   VM Weak                        Min:  0.0, Avg:  0.0, Max:  0.0, Diff:  0.0, Sum:  0.0, Workers: 4
[647.221s][debug][gc,phases      ] GC(52)     Dead                           Min: 0, Avg:  0.0, Max: 0, Diff: 0, Sum: 0, Workers: 4
[647.221s][debug][gc,phases      ] GC(52)     Total                          Min: 0, Avg: 232.5, Max: 640, Diff: 640, Sum: 930, Workers: 4
[647.221s][debug][gc,phases      ] GC(52)   ObjectSynchronizer Weak        Min:  0.0, Avg:  0.0, Max:  0.0, Diff:  0.0, Sum:  0.0, Workers: 4
[647.221s][debug][gc,phases      ] GC(52)     Dead                           Min: 0, Avg:  0.0, Max: 0, Diff: 0, Sum: 0, Workers: 4
[647.221s][debug][gc,phases      ] GC(52)     Total                          Min: 0, Avg:  1.5, Max: 6, Diff: 6, Sum: 6, Workers: 4
[647.221s][debug][gc,phases      ] GC(52)   JVMTI Tag Weak OopStorage      Min:  0.0, Avg:  0.0, Max:  0.0, Diff:  0.0, Sum:  0.0, Workers: 4
[647.221s][debug][gc,phases      ] GC(52)     Dead                           Min: 0, Avg:  0.0, Max: 0, Diff: 0, Sum: 0, Workers: 4
[647.221s][debug][gc,phases      ] GC(52)     Total                          Min: 0, Avg:  0.0, Max: 0, Diff: 0, Sum: 0, Workers: 4
[647.221s][debug][gc,phases      ] GC(52)   StringTable Weak               Min:  0.0, Avg:  0.1, Max:  0.2, Diff:  0.2, Sum:  0.4, Workers: 4
[647.221s][debug][gc,phases      ] GC(52)     Dead                           Min: 0, Avg:  0.0, Max: 0, Diff: 0, Sum: 0, Workers: 4
[647.221s][debug][gc,phases      ] GC(52)     Total                          Min: 0, Avg: 11092.5, Max: 22610, Diff: 22610, Sum: 44370, Workers: 4
[647.221s][debug][gc,phases      ] GC(52)   ResolvedMethodTable Weak       Min:  0.0, Avg:  0.0, Max:  0.0, Diff:  0.0, Sum:  0.1, Workers: 4
[647.221s][debug][gc,phases      ] GC(52)     Dead                           Min: 0, Avg:  0.0, Max: 0, Diff: 0, Sum: 0, Workers: 4
[647.221s][debug][gc,phases      ] GC(52)     Total                          Min: 0, Avg: 2743.0, Max: 5504, Diff: 5504, Sum: 10972, Workers: 4
[647.221s][debug][gc,phases      ] GC(52)   JNI Weak                       Min:  0.0, Avg:  0.0, Max:  0.0, Diff:  0.0, Sum:  0.0, Workers: 4
[647.221s][debug][gc,phases      ] GC(52)     Dead                           Min: 0, Avg:  0.0, Max: 0, Diff: 0, Sum: 0, Workers: 4
[647.221s][debug][gc,phases      ] GC(52)     Total                          Min: 0, Avg: 12.0, Max: 48, Diff: 48, Sum: 48, Workers: 4
[647.221s][debug][gc,phases      ] GC(52)   StringDedup Table Weak         Min:  0.0, Avg:  0.0, Max:  0.0, Diff:  0.0, Sum:  0.0, Workers: 4
[647.221s][debug][gc,phases      ] GC(52)     Dead                           Min: 0, Avg:  0.0, Max: 0, Diff: 0, Sum: 0, Workers: 4
[647.221s][debug][gc,phases      ] GC(52)     Total                          Min: 0, Avg:  0.0, Max: 0, Diff: 0, Sum: 0, Workers: 4
[647.221s][debug][gc,phases      ] GC(52)   StringDedup Requests0 Weak     Min:  0.0, Avg:  0.0, Max:  0.0, Diff:  0.0, Sum:  0.0, Workers: 4
[647.221s][debug][gc,phases      ] GC(52)     Dead                           Min: 0, Avg:  0.0, Max: 0, Diff: 0, Sum: 0, Workers: 4
[647.221s][debug][gc,phases      ] GC(52)     Total                          Min: 0, Avg:  0.0, Max: 0, Diff: 0, Sum: 0, Workers: 4
[647.221s][debug][gc,phases      ] GC(52)   StringDedup Requests1 Weak     Min:  0.0, Avg:  0.0, Max:  0.0, Diff:  0.0, Sum:  0.0, Workers: 4
[647.221s][debug][gc,phases      ] GC(52)     Dead                           Min: 0, Avg:  0.0, Max: 0, Diff: 0, Sum: 0, Workers: 4
[647.222s][debug][gc,phases      ] GC(52)     Total                          Min: 0, Avg:  0.0, Max: 0, Diff: 0, Sum: 0, Workers: 4
[647.222s][debug][gc,phases      ] GC(52)   Weak JFR Old Object Samples    Min:  0.0, Avg:  0.0, Max:  0.0, Diff:  0.0, Sum:  0.0, Workers: 4
[647.222s][debug][gc,phases      ] GC(52)     Dead                           Min: 0, Avg:  0.0, Max: 0, Diff: 0, Sum: 0, Workers: 4
[647.222s][debug][gc,phases      ] GC(52)     Total                          Min: 0, Avg:  0.0, Max: 0, Diff: 0, Sum: 0, Workers: 4
[647.222s][debug][gc,phases      ] GC(52) Weak Processing 0.520ms
[647.222s][debug][gc,age         ] GC(52) Desired survivor size 169869312 bytes, new threshold 15 (max threshold 15)
[647.222s][info ][gc,heap        ] GC(52) PSYoungGen: 1712400K(1893888K)->8448K(1931264K) Eden: 1703936K(1703936K)->0K(1753600K) From: 8464K(189952K)->8448K(177664K)
[647.222s][info ][gc,heap        ] GC(52) ParOldGen: 417594K(541184K)->417722K(541184K)
[647.222s][info ][gc,metaspace   ] GC(52) Metaspace: 88090K(89216K)->88090K(89216K) NonClass: 75293K(75904K)->75293K(75904K) Class: 12796K(13312K)->12796K(13312K)
[647.222s][info ][gc             ] GC(52) Pause Young (Allocation Failure) 2080M->416M(2414M) 7.405ms
[647.222s][info ][gc,cpu         ] GC(52) User=0.02s Sys=0.00s Real=0.00s
[647.222s][info ][safepoint      ] Safepoint "ParallelGCFailedAllocation", Time since last: 288881852 ns, Reaching safepoint: 4300 ns, Cleanup: 3500 ns, At safepoint: 7472000 ns, Total: 7479800 ns
[649.222s][info ][safepoint      ] Safepoint "Cleanup", Time since last: 2000161875 ns, Reaching safepoint: 74401 ns, Cleanup: 20500 ns, At safepoint: 5900 ns, Total: 100801 ns
[651.222s][info ][safepoint      ] Safepoint "Cleanup", Time since last: 2000160476 ns, Reaching safepoint: 5500 ns, Cleanup: 11500 ns, At safepoint: 2500 ns, Total: 19500 ns
[652.222s][info ][safepoint      ] Safepoint "Cleanup", Time since last: 1000124438 ns, Reaching safepoint: 82601 ns, Cleanup: 11800 ns, At safepoint: 8200 ns, Total: 102601 ns
[653.223s][info ][safepoint      ] Safepoint "Cleanup", Time since last: 1000132739 ns, Reaching safepoint: 71701 ns, Cleanup: 10600 ns, At safepoint: 4900 ns, Total: 87201 ns
[655.223s][info ][safepoint      ] Safepoint "Cleanup", Time since last: 2000137181 ns, Reaching safepoint: 4500 ns, Cleanup: 26201 ns, At safepoint: 1900 ns, Total: 32601 ns
[656.223s][info ][safepoint      ] Safepoint "Cleanup", Time since last: 1000104742 ns, Reaching safepoint: 75401 ns, Cleanup: 10400 ns, At safepoint: 6600 ns, Total: 92401 ns
[658.223s][info ][safepoint      ] Safepoint "Cleanup", Time since last: 2000182785 ns, Reaching safepoint: 5300 ns, Cleanup: 9200 ns, At safepoint: 2600 ns, Total: 17100 ns
[663.259s][info ][safepoint      ] Safepoint "Cleanup", Time since last: 5035857074 ns, Reaching safepoint: 75001 ns, Cleanup: 8500 ns, At safepoint: 9400 ns, Total: 92901 ns
[668.022s][info ][safepoint      ] Safepoint "Cleanup", Time since last: 4762512290 ns, Reaching safepoint: 3100 ns, Cleanup: 12100 ns, At safepoint: 4800 ns, Total: 20000 ns
[669.022s][info ][safepoint      ] Safepoint "Cleanup", Time since last: 1000115507 ns, Reaching safepoint: 81001 ns, Cleanup: 11100 ns, At safepoint: 6501 ns, Total: 98602 ns
[670.022s][info ][safepoint      ] Safepoint "Cleanup", Time since last: 1000101947 ns, Reaching safepoint: 4500 ns, Cleanup: 11300 ns, At safepoint: 2200 ns, Total: 18000 ns
[670.860s][info ][gc,start       ] GC(53) Pause Young (Allocation Failure)
[670.865s][debug][gc,phases      ] GC(53) Scavenge 5.381ms
[670.865s][debug][gc,ref         ] GC(53) Skipped phase 1 of Reference Processing: no references
[670.866s][debug][gc,ref         ] GC(53) ReferenceProcessor::execute queues: 1, RefProcThreadModel::Single, marks_oops_alive: false
[670.866s][debug][gc,ref         ] GC(53) Skipped phase 3 of Reference Processing: no references
[670.866s][debug][gc,ref         ] GC(53) ReferenceProcessor::execute queues: 1, RefProcThreadModel::Single, marks_oops_alive: false
[670.866s][debug][gc,phases      ] GC(53) Reference Processing 0.098ms
[670.866s][debug][gc,phases      ] GC(53)   VM Weak                        Min:  0.0, Avg:  0.0, Max:  0.0, Diff:  0.0, Sum:  0.0, Workers: 4
[670.866s][debug][gc,phases      ] GC(53)     Dead                           Min: 0, Avg:  0.0, Max: 0, Diff: 0, Sum: 0, Workers: 4
[670.866s][debug][gc,phases      ] GC(53)     Total                          Min: 0, Avg: 232.5, Max: 610, Diff: 610, Sum: 930, Workers: 4
[670.866s][debug][gc,phases      ] GC(53)   ObjectSynchronizer Weak        Min:  0.0, Avg:  0.0, Max:  0.0, Diff:  0.0, Sum:  0.0, Workers: 4
[670.866s][debug][gc,phases      ] GC(53)     Dead                           Min: 0, Avg:  0.0, Max: 0, Diff: 0, Sum: 0, Workers: 4
[670.866s][debug][gc,phases      ] GC(53)     Total                          Min: 0, Avg:  1.2, Max: 5, Diff: 5, Sum: 5, Workers: 4
[670.866s][debug][gc,phases      ] GC(53)   JVMTI Tag Weak OopStorage      Min:  0.0, Avg:  0.0, Max:  0.0, Diff:  0.0, Sum:  0.0, Workers: 4
[670.866s][debug][gc,phases      ] GC(53)     Dead                           Min: 0, Avg:  0.0, Max: 0, Diff: 0, Sum: 0, Workers: 4
[670.866s][debug][gc,phases      ] GC(53)     Total                          Min: 0, Avg:  0.0, Max: 0, Diff: 0, Sum: 0, Workers: 4
[670.866s][debug][gc,phases      ] GC(53)   StringTable Weak               Min:  0.0, Avg:  0.1, Max:  0.2, Diff:  0.2, Sum:  0.3, Workers: 4
[670.866s][debug][gc,phases      ] GC(53)     Dead                           Min: 0, Avg:  0.2, Max: 1, Diff: 1, Sum: 1, Workers: 4
[670.866s][debug][gc,phases      ] GC(53)     Total                          Min: 0, Avg: 11096.0, Max: 27618, Diff: 27618, Sum: 44384, Workers: 4
[670.866s][debug][gc,phases      ] GC(53)   ResolvedMethodTable Weak       Min:  0.0, Avg:  0.0, Max:  0.0, Diff:  0.0, Sum:  0.1, Workers: 4
[670.866s][debug][gc,phases      ] GC(53)     Dead                           Min: 0, Avg:  0.0, Max: 0, Diff: 0, Sum: 0, Workers: 4
[670.866s][debug][gc,phases      ] GC(53)     Total                          Min: 0, Avg: 2744.8, Max: 6272, Diff: 6272, Sum: 10979, Workers: 4
[670.866s][debug][gc,phases      ] GC(53)   JNI Weak                       Min:  0.0, Avg:  0.0, Max:  0.0, Diff:  0.0, Sum:  0.0, Workers: 4
[670.866s][debug][gc,phases      ] GC(53)     Dead                           Min: 0, Avg:  0.0, Max: 0, Diff: 0, Sum: 0, Workers: 4
[670.866s][debug][gc,phases      ] GC(53)     Total                          Min: 0, Avg: 12.0, Max: 48, Diff: 48, Sum: 48, Workers: 4
[670.866s][debug][gc,phases      ] GC(53)   StringDedup Table Weak         Min:  0.0, Avg:  0.0, Max:  0.0, Diff:  0.0, Sum:  0.0, Workers: 4
[670.866s][debug][gc,phases      ] GC(53)     Dead                           Min: 0, Avg:  0.0, Max: 0, Diff: 0, Sum: 0, Workers: 4
[670.866s][debug][gc,phases      ] GC(53)     Total                          Min: 0, Avg:  0.0, Max: 0, Diff: 0, Sum: 0, Workers: 4
[670.866s][debug][gc,phases      ] GC(53)   StringDedup Requests0 Weak     Min:  0.0, Avg:  0.0, Max:  0.0, Diff:  0.0, Sum:  0.0, Workers: 4
[670.866s][debug][gc,phases      ] GC(53)     Dead                           Min: 0, Avg:  0.0, Max: 0, Diff: 0, Sum: 0, Workers: 4
[670.866s][debug][gc,phases      ] GC(53)     Total                          Min: 0, Avg:  0.0, Max: 0, Diff: 0, Sum: 0, Workers: 4
[670.866s][debug][gc,phases      ] GC(53)   StringDedup Requests1 Weak     Min:  0.0, Avg:  0.0, Max:  0.0, Diff:  0.0, Sum:  0.0, Workers: 4
[670.866s][debug][gc,phases      ] GC(53)     Dead                           Min: 0, Avg:  0.0, Max: 0, Diff: 0, Sum: 0, Workers: 4
[670.866s][debug][gc,phases      ] GC(53)     Total                          Min: 0, Avg:  0.0, Max: 0, Diff: 0, Sum: 0, Workers: 4
[670.866s][debug][gc,phases      ] GC(53)   Weak JFR Old Object Samples    Min:  0.0, Avg:  0.0, Max:  0.0, Diff:  0.0, Sum:  0.0, Workers: 4
[670.866s][debug][gc,phases      ] GC(53)     Dead                           Min: 0, Avg:  0.0, Max: 0, Diff: 0, Sum: 0, Workers: 4
[670.866s][debug][gc,phases      ] GC(53)     Total                          Min: 0, Avg:  0.0, Max: 0, Diff: 0, Sum: 0, Workers: 4
[670.866s][debug][gc,phases      ] GC(53) Weak Processing 0.373ms
[670.866s][debug][gc,age         ] GC(53) Desired survivor size 158859264 bytes, new threshold 15 (max threshold 15)
[670.866s][info ][gc,heap        ] GC(53) PSYoungGen: 1762048K(1931264K)->7968K(1919488K) Eden: 1753600K(1753600K)->0K(1753600K) From: 8448K(177664K)->7968K(165888K)
[670.866s][info ][gc,heap        ] GC(53) ParOldGen: 417722K(541184K)->418146K(541184K)
[670.866s][info ][gc,metaspace   ] GC(53) Metaspace: 88109K(89216K)->88109K(89216K) NonClass: 75309K(75904K)->75309K(75904K) Class: 12799K(13312K)->12799K(13312K)
[670.866s][info ][gc             ] GC(53) Pause Young (Allocation Failure) 2128M->416M(2403M) 5.972ms
[670.866s][info ][gc,cpu         ] GC(53) User=0.02s Sys=0.00s Real=0.01s
[670.866s][info ][safepoint      ] Safepoint "ParallelGCFailedAllocation", Time since last: 838012082 ns, Reaching safepoint: 79001 ns, Cleanup: 11500 ns, At safepoint: 6038581 ns, Total: 6129082 ns
[672.866s][info ][safepoint      ] Safepoint "Cleanup", Time since last: 2000151288 ns, Reaching safepoint: 73301 ns, Cleanup: 11801 ns, At safepoint: 4200 ns, Total: 89302 ns
[675.867s][info ][safepoint      ] Safepoint "Cleanup", Time since last: 3000220932 ns, Reaching safepoint: 76301 ns, Cleanup: 9500 ns, At safepoint: 7001 ns, Total: 92802 ns
[677.867s][info ][safepoint      ] Safepoint "Cleanup", Time since last: 2000196088 ns, Reaching safepoint: 76801 ns, Cleanup: 14000 ns, At safepoint: 6500 ns, Total: 97301 ns
[678.867s][info ][safepoint      ] Safepoint "Cleanup", Time since last: 1000126036 ns, Reaching safepoint: 77601 ns, Cleanup: 11200 ns, At safepoint: 6900 ns, Total: 95701 ns
[681.867s][info ][safepoint      ] Safepoint "Cleanup", Time since last: 3000261808 ns, Reaching safepoint: 75901 ns, Cleanup: 13600 ns, At safepoint: 5800 ns, Total: 95301 ns
[682.868s][info ][safepoint      ] Safepoint "Cleanup", Time since last: 1000120136 ns, Reaching safepoint: 77601 ns, Cleanup: 10300 ns, At safepoint: 6700 ns, Total: 94601 ns
[684.868s][info ][safepoint      ] Safepoint "Cleanup", Time since last: 2000196672 ns, Reaching safepoint: 78601 ns, Cleanup: 11000 ns, At safepoint: 7601 ns, Total: 97202 ns
[686.868s][info ][safepoint      ] Safepoint "Cleanup", Time since last: 2000212473 ns, Reaching safepoint: 78901 ns, Cleanup: 9300 ns, At safepoint: 6400 ns, Total: 94601 ns
[690.869s][info ][safepoint      ] Safepoint "Cleanup", Time since last: 4000359549 ns, Reaching safepoint: 79201 ns, Cleanup: 10200 ns, At safepoint: 6400 ns, Total: 95801 ns
[691.869s][info ][safepoint      ] Safepoint "Cleanup", Time since last: 1000131038 ns, Reaching safepoint: 87101 ns, Cleanup: 9100 ns, At safepoint: 7300 ns, Total: 103501 ns
[693.869s][info ][safepoint      ] Safepoint "Cleanup", Time since last: 2000192975 ns, Reaching safepoint: 74101 ns, Cleanup: 15400 ns, At safepoint: 4800 ns, Total: 94301 ns
[694.812s][info ][gc,start       ] GC(54) Pause Young (Allocation Failure)
[694.816s][debug][gc,phases      ] GC(54) Scavenge 3.984ms
[694.816s][debug][gc,ref         ] GC(54) Skipped phase 1 of Reference Processing: no references
[694.816s][debug][gc,ref         ] GC(54) ReferenceProcessor::execute queues: 1, RefProcThreadModel::Single, marks_oops_alive: false
[694.816s][debug][gc,ref         ] GC(54) Skipped phase 3 of Reference Processing: no references
[694.816s][debug][gc,ref         ] GC(54) Skipped phase 4 of Reference Processing: no references
[694.816s][debug][gc,phases      ] GC(54) Reference Processing 0.119ms
[694.816s][debug][gc,phases      ] GC(54)   VM Weak                        Min:  0.0, Avg:  0.0, Max:  0.0, Diff:  0.0, Sum:  0.0, Workers: 4
[694.816s][debug][gc,phases      ] GC(54)     Dead                           Min: 0, Avg:  0.0, Max: 0, Diff: 0, Sum: 0, Workers: 4
[694.816s][debug][gc,phases      ] GC(54)     Total                          Min: 0, Avg: 232.5, Max: 640, Diff: 640, Sum: 930, Workers: 4
[694.816s][debug][gc,phases      ] GC(54)   ObjectSynchronizer Weak        Min:  0.0, Avg:  0.0, Max:  0.0, Diff:  0.0, Sum:  0.0, Workers: 4
[694.816s][debug][gc,phases      ] GC(54)     Dead                           Min: 0, Avg:  0.0, Max: 0, Diff: 0, Sum: 0, Workers: 4
[694.817s][debug][gc,phases      ] GC(54)     Total                          Min: 0, Avg:  1.2, Max: 5, Diff: 5, Sum: 5, Workers: 4
[694.817s][debug][gc,phases      ] GC(54)   JVMTI Tag Weak OopStorage      Min:  0.0, Avg:  0.0, Max:  0.0, Diff:  0.0, Sum:  0.0, Workers: 4
[694.817s][debug][gc,phases      ] GC(54)     Dead                           Min: 0, Avg:  0.0, Max: 0, Diff: 0, Sum: 0, Workers: 4
[694.817s][debug][gc,phases      ] GC(54)     Total                          Min: 0, Avg:  0.0, Max: 0, Diff: 0, Sum: 0, Workers: 4
[694.817s][debug][gc,phases      ] GC(54)   StringTable Weak               Min:  0.0, Avg:  0.1, Max:  0.2, Diff:  0.2, Sum:  0.4, Workers: 4
[694.817s][debug][gc,phases      ] GC(54)     Dead                           Min: 0, Avg:  0.0, Max: 0, Diff: 0, Sum: 0, Workers: 4
[694.817s][debug][gc,phases      ] GC(54)     Total                          Min: 0, Avg: 11099.2, Max: 22462, Diff: 22462, Sum: 44397, Workers: 4
[694.817s][debug][gc,phases      ] GC(54)   ResolvedMethodTable Weak       Min:  0.0, Avg:  0.0, Max:  0.1, Diff:  0.1, Sum:  0.1, Workers: 4
[694.817s][debug][gc,phases      ] GC(54)     Dead                           Min: 0, Avg:  0.0, Max: 0, Diff: 0, Sum: 0, Workers: 4
[694.817s][debug][gc,phases      ] GC(54)     Total                          Min: 0, Avg: 2744.8, Max: 5504, Diff: 5504, Sum: 10979, Workers: 4
[694.817s][debug][gc,phases      ] GC(54)   JNI Weak                       Min:  0.0, Avg:  0.0, Max:  0.0, Diff:  0.0, Sum:  0.0, Workers: 4
[694.817s][debug][gc,phases      ] GC(54)     Dead                           Min: 0, Avg:  0.0, Max: 0, Diff: 0, Sum: 0, Workers: 4
[694.817s][debug][gc,phases      ] GC(54)     Total                          Min: 0, Avg: 12.0, Max: 48, Diff: 48, Sum: 48, Workers: 4
[694.817s][debug][gc,phases      ] GC(54)   StringDedup Table Weak         Min:  0.0, Avg:  0.0, Max:  0.0, Diff:  0.0, Sum:  0.0, Workers: 4
[694.817s][debug][gc,phases      ] GC(54)     Dead                           Min: 0, Avg:  0.0, Max: 0, Diff: 0, Sum: 0, Workers: 4
[694.817s][debug][gc,phases      ] GC(54)     Total                          Min: 0, Avg:  0.0, Max: 0, Diff: 0, Sum: 0, Workers: 4
[694.817s][debug][gc,phases      ] GC(54)   StringDedup Requests0 Weak     Min:  0.0, Avg:  0.0, Max:  0.0, Diff:  0.0, Sum:  0.0, Workers: 4
[694.817s][debug][gc,phases      ] GC(54)     Dead                           Min: 0, Avg:  0.0, Max: 0, Diff: 0, Sum: 0, Workers: 4
[694.817s][debug][gc,phases      ] GC(54)     Total                          Min: 0, Avg:  0.0, Max: 0, Diff: 0, Sum: 0, Workers: 4
[694.817s][debug][gc,phases      ] GC(54)   StringDedup Requests1 Weak     Min:  0.0, Avg:  0.0, Max:  0.0, Diff:  0.0, Sum:  0.0, Workers: 4
[694.817s][debug][gc,phases      ] GC(54)     Dead                           Min: 0, Avg:  0.0, Max: 0, Diff: 0, Sum: 0, Workers: 4
[694.817s][debug][gc,phases      ] GC(54)     Total                          Min: 0, Avg:  0.0, Max: 0, Diff: 0, Sum: 0, Workers: 4
[694.817s][debug][gc,phases      ] GC(54)   Weak JFR Old Object Samples    Min:  0.0, Avg:  0.0, Max:  0.0, Diff:  0.0, Sum:  0.0, Workers: 4
[694.817s][debug][gc,phases      ] GC(54)     Dead                           Min: 0, Avg:  0.0, Max: 0, Diff: 0, Sum: 0, Workers: 4
[694.817s][debug][gc,phases      ] GC(54)     Total                          Min: 0, Avg:  0.0, Max: 0, Diff: 0, Sum: 0, Workers: 4
[694.817s][debug][gc,phases      ] GC(54) Weak Processing 0.502ms
[694.817s][debug][gc,age         ] GC(54) Desired survivor size 147849216 bytes, new threshold 15 (max threshold 15)
[694.817s][info ][gc,heap        ] GC(54) PSYoungGen: 1761568K(1919488K)->7680K(1952768K) Eden: 1753600K(1753600K)->0K(1797632K) From: 7968K(165888K)->7680K(155136K)
[694.817s][info ][gc,heap        ] GC(54) ParOldGen: 418146K(541184K)->418218K(541184K)
[694.817s][info ][gc,metaspace   ] GC(54) Metaspace: 88118K(89280K)->88118K(89280K) NonClass: 75319K(75968K)->75319K(75968K) Class: 12799K(13312K)->12799K(13312K)
[694.817s][info ][gc             ] GC(54) Pause Young (Allocation Failure) 2128M->415M(2435M) 4.724ms
[694.817s][info ][gc,cpu         ] GC(54) User=0.02s Sys=0.00s Real=0.00s
[694.817s][info ][safepoint      ] Safepoint "ParallelGCFailedAllocation", Time since last: 942669770 ns, Reaching safepoint: 4100 ns, Cleanup: 12200 ns, At safepoint: 4788864 ns, Total: 4805164 ns
[695.817s][info ][safepoint      ] Safepoint "Cleanup", Time since last: 1000099035 ns, Reaching safepoint: 77401 ns, Cleanup: 10501 ns, At safepoint: 6700 ns, Total: 94602 ns
[702.818s][info ][safepoint      ] Safepoint "Cleanup", Time since last: 7000558148 ns, Reaching safepoint: 82301 ns, Cleanup: 15200 ns, At safepoint: 7901 ns, Total: 105402 ns
[703.818s][info ][safepoint      ] Safepoint "Cleanup", Time since last: 1000132548 ns, Reaching safepoint: 79301 ns, Cleanup: 10600 ns, At safepoint: 6700 ns, Total: 96601 ns
[704.818s][info ][safepoint      ] Safepoint "Cleanup", Time since last: 1000124948 ns, Reaching safepoint: 78201 ns, Cleanup: 9400 ns, At safepoint: 6501 ns, Total: 94102 ns
[709.819s][info ][safepoint      ] Safepoint "Cleanup", Time since last: 5000400448 ns, Reaching safepoint: 76001 ns, Cleanup: 13300 ns, At safepoint: 6600 ns, Total: 95901 ns
[710.819s][info ][safepoint      ] Safepoint "Cleanup", Time since last: 1000115841 ns, Reaching safepoint: 73901 ns, Cleanup: 10500 ns, At safepoint: 4700 ns, Total: 89101 ns
[718.824s][info ][gc,start       ] GC(55) Pause Young (Allocation Failure)
[718.830s][debug][gc,phases      ] GC(55) Scavenge 6.053ms
[718.830s][debug][gc,ref         ] GC(55) Skipped phase 1 of Reference Processing: no references
[718.830s][debug][gc,ref         ] GC(55) ReferenceProcessor::execute queues: 1, RefProcThreadModel::Single, marks_oops_alive: false
[718.830s][debug][gc,ref         ] GC(55) Skipped phase 3 of Reference Processing: no references
[718.830s][debug][gc,ref         ] GC(55) ReferenceProcessor::execute queues: 1, RefProcThreadModel::Single, marks_oops_alive: false
[718.830s][debug][gc,phases      ] GC(55) Reference Processing 0.093ms
[718.830s][debug][gc,phases      ] GC(55)   VM Weak                        Min:  0.0, Avg:  0.0, Max:  0.0, Diff:  0.0, Sum:  0.0, Workers: 4
[718.830s][debug][gc,phases      ] GC(55)     Dead                           Min: 0, Avg:  0.0, Max: 0, Diff: 0, Sum: 0, Workers: 4
[718.830s][debug][gc,phases      ] GC(55)     Total                          Min: 0, Avg: 232.5, Max: 448, Diff: 448, Sum: 930, Workers: 4
[718.830s][debug][gc,phases      ] GC(55)   ObjectSynchronizer Weak        Min:  0.0, Avg:  0.0, Max:  0.0, Diff:  0.0, Sum:  0.0, Workers: 4
[718.830s][debug][gc,phases      ] GC(55)     Dead                           Min: 0, Avg:  0.0, Max: 0, Diff: 0, Sum: 0, Workers: 4
[718.830s][debug][gc,phases      ] GC(55)     Total                          Min: 0, Avg:  1.5, Max: 6, Diff: 6, Sum: 6, Workers: 4
[718.830s][debug][gc,phases      ] GC(55)   JVMTI Tag Weak OopStorage      Min:  0.0, Avg:  0.0, Max:  0.0, Diff:  0.0, Sum:  0.0, Workers: 4
[718.830s][debug][gc,phases      ] GC(55)     Dead                           Min: 0, Avg:  0.0, Max: 0, Diff: 0, Sum: 0, Workers: 4
[718.830s][debug][gc,phases      ] GC(55)     Total                          Min: 0, Avg:  0.0, Max: 0, Diff: 0, Sum: 0, Workers: 4
[718.830s][debug][gc,phases      ] GC(55)   StringTable Weak               Min:  0.0, Avg:  0.1, Max:  0.1, Diff:  0.1, Sum:  0.4, Workers: 4
[718.830s][debug][gc,phases      ] GC(55)     Dead                           Min: 0, Avg:  0.0, Max: 0, Diff: 0, Sum: 0, Workers: 4
[718.830s][debug][gc,phases      ] GC(55)     Total                          Min: 0, Avg: 11100.0, Max: 15410, Diff: 15410, Sum: 44400, Workers: 4
[718.830s][debug][gc,phases      ] GC(55)   ResolvedMethodTable Weak       Min:  0.0, Avg:  0.0, Max:  0.0, Diff:  0.0, Sum:  0.1, Workers: 4
[718.830s][debug][gc,phases      ] GC(55)     Dead                           Min: 0, Avg:  0.0, Max: 0, Diff: 0, Sum: 0, Workers: 4
[718.830s][debug][gc,phases      ] GC(55)     Total                          Min: 0, Avg: 2744.8, Max: 3776, Diff: 3776, Sum: 10979, Workers: 4
[718.830s][debug][gc,phases      ] GC(55)   JNI Weak                       Min:  0.0, Avg:  0.0, Max:  0.0, Diff:  0.0, Sum:  0.0, Workers: 4
[718.830s][debug][gc,phases      ] GC(55)     Dead                           Min: 0, Avg:  0.0, Max: 0, Diff: 0, Sum: 0, Workers: 4
[718.830s][debug][gc,phases      ] GC(55)     Total                          Min: 0, Avg: 12.0, Max: 48, Diff: 48, Sum: 48, Workers: 4
[718.830s][debug][gc,phases      ] GC(55)   StringDedup Table Weak         Min:  0.0, Avg:  0.0, Max:  0.0, Diff:  0.0, Sum:  0.0, Workers: 4
[718.830s][debug][gc,phases      ] GC(55)     Dead                           Min: 0, Avg:  0.0, Max: 0, Diff: 0, Sum: 0, Workers: 4
[718.830s][debug][gc,phases      ] GC(55)     Total                          Min: 0, Avg:  0.0, Max: 0, Diff: 0, Sum: 0, Workers: 4
[718.830s][debug][gc,phases      ] GC(55)   StringDedup Requests0 Weak     Min:  0.0, Avg:  0.0, Max:  0.0, Diff:  0.0, Sum:  0.0, Workers: 4
[718.830s][debug][gc,phases      ] GC(55)     Dead                           Min: 0, Avg:  0.0, Max: 0, Diff: 0, Sum: 0, Workers: 4
[718.830s][debug][gc,phases      ] GC(55)     Total                          Min: 0, Avg:  0.0, Max: 0, Diff: 0, Sum: 0, Workers: 4
[718.830s][debug][gc,phases      ] GC(55)   StringDedup Requests1 Weak     Min:  0.0, Avg:  0.0, Max:  0.0, Diff:  0.0, Sum:  0.0, Workers: 4
[718.830s][debug][gc,phases      ] GC(55)     Dead                           Min: 0, Avg:  0.0, Max: 0, Diff: 0, Sum: 0, Workers: 4
[718.830s][debug][gc,phases      ] GC(55)     Total                          Min: 0, Avg:  0.0, Max: 0, Diff: 0, Sum: 0, Workers: 4
[718.830s][debug][gc,phases      ] GC(55)   Weak JFR Old Object Samples    Min:  0.0, Avg:  0.0, Max:  0.0, Diff:  0.0, Sum:  0.0, Workers: 4
[718.830s][debug][gc,phases      ] GC(55)     Dead                           Min: 0, Avg:  0.0, Max: 0, Diff: 0, Sum: 0, Workers: 4
[718.830s][debug][gc,phases      ] GC(55)     Total                          Min: 0, Avg:  0.0, Max: 0, Diff: 0, Sum: 0, Workers: 4
[718.830s][debug][gc,phases      ] GC(55) Weak Processing 0.338ms
[718.830s][debug][gc,age         ] GC(55) Desired survivor size 137887744 bytes, new threshold 15 (max threshold 15)
[718.830s][info ][gc,heap        ] GC(55) PSYoungGen: 1805312K(1952768K)->7760K(1942016K) Eden: 1797632K(1797632K)->0K(1797632K) From: 7680K(155136K)->7760K(144384K)
[718.830s][info ][gc,heap        ] GC(55) ParOldGen: 418218K(541184K)->418282K(541184K)
[718.830s][info ][gc,metaspace   ] GC(55) Metaspace: 88127K(89280K)->88127K(89280K) NonClass: 75328K(75968K)->75328K(75968K) Class: 12799K(13312K)->12799K(13312K)
[718.830s][info ][gc             ] GC(55) Pause Young (Allocation Failure) 2171M->416M(2425M) 6.584ms
[718.830s][info ][gc,cpu         ] GC(55) User=0.02s Sys=0.00s Real=0.00s
[718.830s][info ][safepoint      ] Safepoint "ParallelGCFailedAllocation", Time since last: 8004865076 ns, Reaching safepoint: 4700 ns, Cleanup: 3300 ns, At safepoint: 6640388 ns, Total: 6648388 ns
[725.276s][info ][safepoint      ] Safepoint "Cleanup", Time since last: 6446142283 ns, Reaching safepoint: 4100 ns, Cleanup: 7500 ns, At safepoint: 1500 ns, Total: 13100 ns
[728.277s][info ][safepoint      ] Safepoint "Cleanup", Time since last: 3000224208 ns, Reaching safepoint: 5600 ns, Cleanup: 10100 ns, At safepoint: 2400 ns, Total: 18100 ns
[733.277s][info ][safepoint      ] Safepoint "Cleanup", Time since last: 5000386275 ns, Reaching safepoint: 4700 ns, Cleanup: 9000 ns, At safepoint: 2200 ns, Total: 15900 ns
[739.277s][info ][safepoint      ] Safepoint "Cleanup", Time since last: 6000419110 ns, Reaching safepoint: 3800 ns, Cleanup: 7900 ns, At safepoint: 1800 ns, Total: 13500 ns
[740.278s][info ][safepoint      ] Safepoint "Cleanup", Time since last: 1000101435 ns, Reaching safepoint: 4100 ns, Cleanup: 9300 ns, At safepoint: 1800 ns, Total: 15200 ns
[742.367s][info ][gc,start       ] GC(56) Pause Young (Allocation Failure)
[742.374s][debug][gc,phases      ] GC(56) Scavenge 6.717ms
[742.374s][debug][gc,ref         ] GC(56) Skipped phase 1 of Reference Processing: no references
[742.374s][debug][gc,ref         ] GC(56) ReferenceProcessor::execute queues: 1, RefProcThreadModel::Single, marks_oops_alive: false
[742.374s][debug][gc,ref         ] GC(56) Skipped phase 3 of Reference Processing: no references
[742.374s][debug][gc,ref         ] GC(56) ReferenceProcessor::execute queues: 1, RefProcThreadModel::Single, marks_oops_alive: false
[742.374s][debug][gc,phases      ] GC(56) Reference Processing 0.090ms
[742.374s][debug][gc,phases      ] GC(56)   VM Weak                        Min:  0.0, Avg:  0.0, Max:  0.0, Diff:  0.0, Sum:  0.0, Workers: 4
[742.374s][debug][gc,phases      ] GC(56)     Dead                           Min: 0, Avg:  0.0, Max: 0, Diff: 0, Sum: 0, Workers: 4
[742.374s][debug][gc,phases      ] GC(56)     Total                          Min: 0, Avg: 232.5, Max: 546, Diff: 546, Sum: 930, Workers: 4
[742.374s][debug][gc,phases      ] GC(56)   ObjectSynchronizer Weak        Min:  0.0, Avg:  0.0, Max:  0.0, Diff:  0.0, Sum:  0.0, Workers: 4
[742.374s][debug][gc,phases      ] GC(56)     Dead                           Min: 0, Avg:  0.0, Max: 0, Diff: 0, Sum: 0, Workers: 4
[742.374s][debug][gc,phases      ] GC(56)     Total                          Min: 0, Avg:  1.5, Max: 6, Diff: 6, Sum: 6, Workers: 4
[742.374s][debug][gc,phases      ] GC(56)   JVMTI Tag Weak OopStorage      Min:  0.0, Avg:  0.0, Max:  0.0, Diff:  0.0, Sum:  0.0, Workers: 4
[742.374s][debug][gc,phases      ] GC(56)     Dead                           Min: 0, Avg:  0.0, Max: 0, Diff: 0, Sum: 0, Workers: 4
[742.374s][debug][gc,phases      ] GC(56)     Total                          Min: 0, Avg:  0.0, Max: 0, Diff: 0, Sum: 0, Workers: 4
[742.374s][debug][gc,phases      ] GC(56)   StringTable Weak               Min:  0.0, Avg:  0.1, Max:  0.1, Diff:  0.1, Sum:  0.4, Workers: 4
[742.374s][debug][gc,phases      ] GC(56)     Dead                           Min: 0, Avg:  0.0, Max: 0, Diff: 0, Sum: 0, Workers: 4
[742.374s][debug][gc,phases      ] GC(56)     Total                          Min: 0, Avg: 11101.0, Max: 15350, Diff: 15350, Sum: 44404, Workers: 4
[742.374s][debug][gc,phases      ] GC(56)   ResolvedMethodTable Weak       Min:  0.0, Avg:  0.0, Max:  0.0, Diff:  0.0, Sum:  0.1, Workers: 4
[742.374s][debug][gc,phases      ] GC(56)     Dead                           Min: 0, Avg:  0.0, Max: 0, Diff: 0, Sum: 0, Workers: 4
[742.374s][debug][gc,phases      ] GC(56)     Total                          Min: 0, Avg: 2745.8, Max: 3904, Diff: 3904, Sum: 10983, Workers: 4
[742.374s][debug][gc,phases      ] GC(56)   JNI Weak                       Min:  0.0, Avg:  0.0, Max:  0.0, Diff:  0.0, Sum:  0.0, Workers: 4
[742.374s][debug][gc,phases      ] GC(56)     Dead                           Min: 0, Avg:  0.0, Max: 0, Diff: 0, Sum: 0, Workers: 4
[742.374s][debug][gc,phases      ] GC(56)     Total                          Min: 0, Avg: 12.0, Max: 48, Diff: 48, Sum: 48, Workers: 4
[742.374s][debug][gc,phases      ] GC(56)   StringDedup Table Weak         Min:  0.0, Avg:  0.0, Max:  0.0, Diff:  0.0, Sum:  0.0, Workers: 4
[742.374s][debug][gc,phases      ] GC(56)     Dead                           Min: 0, Avg:  0.0, Max: 0, Diff: 0, Sum: 0, Workers: 4
[742.374s][debug][gc,phases      ] GC(56)     Total                          Min: 0, Avg:  0.0, Max: 0, Diff: 0, Sum: 0, Workers: 4
[742.374s][debug][gc,phases      ] GC(56)   StringDedup Requests0 Weak     Min:  0.0, Avg:  0.0, Max:  0.0, Diff:  0.0, Sum:  0.0, Workers: 4
[742.374s][debug][gc,phases      ] GC(56)     Dead                           Min: 0, Avg:  0.0, Max: 0, Diff: 0, Sum: 0, Workers: 4
[742.374s][debug][gc,phases      ] GC(56)     Total                          Min: 0, Avg:  0.0, Max: 0, Diff: 0, Sum: 0, Workers: 4
[742.374s][debug][gc,phases      ] GC(56)   StringDedup Requests1 Weak     Min:  0.0, Avg:  0.0, Max:  0.0, Diff:  0.0, Sum:  0.0, Workers: 4
[742.374s][debug][gc,phases      ] GC(56)     Dead                           Min: 0, Avg:  0.0, Max: 0, Diff: 0, Sum: 0, Workers: 4
[742.374s][debug][gc,phases      ] GC(56)     Total                          Min: 0, Avg:  0.0, Max: 0, Diff: 0, Sum: 0, Workers: 4
[742.374s][debug][gc,phases      ] GC(56)   Weak JFR Old Object Samples    Min:  0.0, Avg:  0.0, Max:  0.0, Diff:  0.0, Sum:  0.0, Workers: 4
[742.374s][debug][gc,phases      ] GC(56)     Dead                           Min: 0, Avg:  0.0, Max: 0, Diff: 0, Sum: 0, Workers: 4
[742.374s][debug][gc,phases      ] GC(56)     Total                          Min: 0, Avg:  0.0, Max: 0, Diff: 0, Sum: 0, Workers: 4
[742.374s][debug][gc,phases      ] GC(56) Weak Processing 0.332ms
[742.374s][debug][gc,age         ] GC(56) Desired survivor size 128974848 bytes, new threshold 15 (max threshold 15)
[742.374s][info ][gc,heap        ] GC(56) PSYoungGen: 1805392K(1942016K)->5808K(1971200K) Eden: 1797632K(1797632K)->0K(1836544K) From: 7760K(144384K)->5808K(134656K)
[742.374s][info ][gc,heap        ] GC(56) ParOldGen: 418282K(541184K)->418370K(541184K)
[742.374s][info ][gc,metaspace   ] GC(56) Metaspace: 88157K(89280K)->88157K(89280K) NonClass: 75356K(75968K)->75356K(75968K) Class: 12800K(13312K)->12800K(13312K)
[742.374s][info ][gc             ] GC(56) Pause Young (Allocation Failure) 2171M->414M(2453M) 7.267ms
[742.374s][info ][gc,cpu         ] GC(56) User=0.02s Sys=0.00s Real=0.01s
[742.374s][info ][safepoint      ] Safepoint "ParallelGCFailedAllocation", Time since last: 2089310229 ns, Reaching safepoint: 5700 ns, Cleanup: 3800 ns, At safepoint: 7331097 ns, Total: 7340597 ns
[744.374s][info ][safepoint      ] Safepoint "Cleanup", Time since last: 2000169165 ns, Reaching safepoint: 4300 ns, Cleanup: 8900 ns, At safepoint: 1800 ns, Total: 15000 ns
[746.375s][info ][safepoint      ] Safepoint "Cleanup", Time since last: 2000178365 ns, Reaching safepoint: 74601 ns, Cleanup: 10100 ns, At safepoint: 6200 ns, Total: 90901 ns
[753.375s][info ][safepoint      ] Safepoint "Cleanup", Time since last: 7000518954 ns, Reaching safepoint: 3600 ns, Cleanup: 8500 ns, At safepoint: 1700 ns, Total: 13800 ns
[755.375s][info ][safepoint      ] Safepoint "Cleanup", Time since last: 2000179165 ns, Reaching safepoint: 5100 ns, Cleanup: 16600 ns, At safepoint: 6900 ns, Total: 28600 ns
[756.376s][info ][safepoint      ] Safepoint "Cleanup", Time since last: 1000122733 ns, Reaching safepoint: 77301 ns, Cleanup: 9400 ns, At safepoint: 6200 ns, Total: 92901 ns
[758.376s][info ][safepoint      ] Safepoint "Cleanup", Time since last: 2000181442 ns, Reaching safepoint: 4901 ns, Cleanup: 15200 ns, At safepoint: 1800 ns, Total: 21901 ns
[765.376s][info ][safepoint      ] Safepoint "Cleanup", Time since last: 7000515943 ns, Reaching safepoint: 4000 ns, Cleanup: 14700 ns, At safepoint: 1900 ns, Total: 20600 ns
[767.165s][info ][gc,start       ] GC(57) Pause Young (Allocation Failure)
[767.171s][debug][gc,phases      ] GC(57) Scavenge 5.966ms
[767.171s][debug][gc,ref         ] GC(57) Skipped phase 1 of Reference Processing: no references
[767.171s][debug][gc,ref         ] GC(57) ReferenceProcessor::execute queues: 1, RefProcThreadModel::Single, marks_oops_alive: false
[767.171s][debug][gc,ref         ] GC(57) Skipped phase 3 of Reference Processing: no references
[767.171s][debug][gc,ref         ] GC(57) Skipped phase 4 of Reference Processing: no references
[767.171s][debug][gc,phases      ] GC(57) Reference Processing 0.099ms
[767.171s][debug][gc,phases      ] GC(57)   VM Weak                        Min:  0.0, Avg:  0.0, Max:  0.0, Diff:  0.0, Sum:  0.0, Workers: 4
[767.171s][debug][gc,phases      ] GC(57)     Dead                           Min: 0, Avg:  0.0, Max: 0, Diff: 0, Sum: 0, Workers: 4
[767.171s][debug][gc,phases      ] GC(57)     Total                          Min: 0, Avg: 232.5, Max: 704, Diff: 704, Sum: 930, Workers: 4
[767.171s][debug][gc,phases      ] GC(57)   ObjectSynchronizer Weak        Min:  0.0, Avg:  0.0, Max:  0.0, Diff:  0.0, Sum:  0.0, Workers: 4
[767.171s][debug][gc,phases      ] GC(57)     Dead                           Min: 0, Avg:  0.0, Max: 0, Diff: 0, Sum: 0, Workers: 4
[767.171s][debug][gc,phases      ] GC(57)     Total                          Min: 0, Avg:  1.5, Max: 6, Diff: 6, Sum: 6, Workers: 4
[767.171s][debug][gc,phases      ] GC(57)   JVMTI Tag Weak OopStorage      Min:  0.0, Avg:  0.0, Max:  0.0, Diff:  0.0, Sum:  0.0, Workers: 4
[767.171s][debug][gc,phases      ] GC(57)     Dead                           Min: 0, Avg:  0.0, Max: 0, Diff: 0, Sum: 0, Workers: 4
[767.171s][debug][gc,phases      ] GC(57)     Total                          Min: 0, Avg:  0.0, Max: 0, Diff: 0, Sum: 0, Workers: 4
[767.171s][debug][gc,phases      ] GC(57)   StringTable Weak               Min:  0.0, Avg:  0.1, Max:  0.2, Diff:  0.2, Sum:  0.3, Workers: 4
[767.171s][debug][gc,phases      ] GC(57)     Dead                           Min: 0, Avg:  0.0, Max: 0, Diff: 0, Sum: 0, Workers: 4
[767.171s][debug][gc,phases      ] GC(57)     Total                          Min: 0, Avg: 11102.0, Max: 25534, Diff: 25534, Sum: 44408, Workers: 4
[767.171s][debug][gc,phases      ] GC(57)   ResolvedMethodTable Weak       Min:  0.0, Avg:  0.0, Max:  0.0, Diff:  0.0, Sum:  0.1, Workers: 4
[767.171s][debug][gc,phases      ] GC(57)     Dead                           Min: 0, Avg:  0.0, Max: 0, Diff: 0, Sum: 0, Workers: 4
[767.171s][debug][gc,phases      ] GC(57)     Total                          Min: 0, Avg: 2745.8, Max: 6784, Diff: 6784, Sum: 10983, Workers: 4
[767.171s][debug][gc,phases      ] GC(57)   JNI Weak                       Min:  0.0, Avg:  0.0, Max:  0.0, Diff:  0.0, Sum:  0.0, Workers: 4
[767.171s][debug][gc,phases      ] GC(57)     Dead                           Min: 0, Avg:  0.0, Max: 0, Diff: 0, Sum: 0, Workers: 4
[767.171s][debug][gc,phases      ] GC(57)     Total                          Min: 0, Avg: 12.0, Max: 48, Diff: 48, Sum: 48, Workers: 4
[767.171s][debug][gc,phases      ] GC(57)   StringDedup Table Weak         Min:  0.0, Avg:  0.0, Max:  0.0, Diff:  0.0, Sum:  0.0, Workers: 4
[767.171s][debug][gc,phases      ] GC(57)     Dead                           Min: 0, Avg:  0.0, Max: 0, Diff: 0, Sum: 0, Workers: 4
[767.171s][debug][gc,phases      ] GC(57)     Total                          Min: 0, Avg:  0.0, Max: 0, Diff: 0, Sum: 0, Workers: 4
[767.171s][debug][gc,phases      ] GC(57)   StringDedup Requests0 Weak     Min:  0.0, Avg:  0.0, Max:  0.0, Diff:  0.0, Sum:  0.0, Workers: 4
[767.171s][debug][gc,phases      ] GC(57)     Dead                           Min: 0, Avg:  0.0, Max: 0, Diff: 0, Sum: 0, Workers: 4
[767.171s][debug][gc,phases      ] GC(57)     Total                          Min: 0, Avg:  0.0, Max: 0, Diff: 0, Sum: 0, Workers: 4
[767.171s][debug][gc,phases      ] GC(57)   StringDedup Requests1 Weak     Min:  0.0, Avg:  0.0, Max:  0.0, Diff:  0.0, Sum:  0.0, Workers: 4
[767.171s][debug][gc,phases      ] GC(57)     Dead                           Min: 0, Avg:  0.0, Max: 0, Diff: 0, Sum: 0, Workers: 4
[767.171s][debug][gc,phases      ] GC(57)     Total                          Min: 0, Avg:  0.0, Max: 0, Diff: 0, Sum: 0, Workers: 4
[767.171s][debug][gc,phases      ] GC(57)   Weak JFR Old Object Samples    Min:  0.0, Avg:  0.0, Max:  0.0, Diff:  0.0, Sum:  0.0, Workers: 4
[767.171s][debug][gc,phases      ] GC(57)     Dead                           Min: 0, Avg:  0.0, Max: 0, Diff: 0, Sum: 0, Workers: 4
[767.171s][debug][gc,phases      ] GC(57)     Total                          Min: 0, Avg:  0.0, Max: 0, Diff: 0, Sum: 0, Workers: 4
[767.171s][debug][gc,phases      ] GC(57) Weak Processing 0.396ms
[767.171s][debug][gc,age         ] GC(57) Desired survivor size 120586240 bytes, new threshold 15 (max threshold 15)
[767.171s][info ][gc,heap        ] GC(57) PSYoungGen: 1842352K(1971200K)->5616K(1962496K) Eden: 1836544K(1836544K)->0K(1836544K) From: 5808K(134656K)->5616K(125952K)
[767.171s][info ][gc,heap        ] GC(57) ParOldGen: 418370K(541184K)->418434K(541184K)
[767.171s][info ][gc,metaspace   ] GC(57) Metaspace: 88176K(89280K)->88176K(89280K) NonClass: 75376K(75968K)->75376K(75968K) Class: 12800K(13312K)->12800K(13312K)
[767.171s][info ][gc             ] GC(57) Pause Young (Allocation Failure) 2207M->414M(2445M) 6.557ms
[767.171s][info ][gc,cpu         ] GC(57) User=0.01s Sys=0.00s Real=0.01s
[767.171s][info ][safepoint      ] Safepoint "ParallelGCFailedAllocation", Time since last: 1788307565 ns, Reaching safepoint: 4500 ns, Cleanup: 10900 ns, At safepoint: 6618187 ns, Total: 6633587 ns
[768.171s][info ][safepoint      ] Safepoint "Cleanup", Time since last: 1000082241 ns, Reaching safepoint: 4400 ns, Cleanup: 9200 ns, At safepoint: 4000 ns, Total: 17600 ns
[772.172s][info ][safepoint      ] Safepoint "Cleanup", Time since last: 4000318263 ns, Reaching safepoint: 5700 ns, Cleanup: 17500 ns, At safepoint: 7400 ns, Total: 30600 ns
[775.172s][info ][safepoint      ] Safepoint "Cleanup", Time since last: 3000208461 ns, Reaching safepoint: 80001 ns, Cleanup: 12800 ns, At safepoint: 7500 ns, Total: 100301 ns
[780.173s][info ][safepoint      ] Safepoint "Cleanup", Time since last: 5000383790 ns, Reaching safepoint: 4600 ns, Cleanup: 7500 ns, At safepoint: 1900 ns, Total: 14000 ns
[785.292s][info ][safepoint      ] Safepoint "Cleanup", Time since last: 5119733093 ns, Reaching safepoint: 4701 ns, Cleanup: 8600 ns, At safepoint: 1600 ns, Total: 14901 ns
[790.293s][info ][safepoint      ] Safepoint "Cleanup", Time since last: 5000379916 ns, Reaching safepoint: 5700 ns, Cleanup: 11000 ns, At safepoint: 2800 ns, Total: 19500 ns
[792.620s][info ][gc,start       ] GC(58) Pause Young (Allocation Failure)
[792.629s][debug][gc,phases      ] GC(58) Scavenge 8.142ms
[792.629s][debug][gc,ref         ] GC(58) Skipped phase 1 of Reference Processing: no references
[792.629s][debug][gc,ref         ] GC(58) ReferenceProcessor::execute queues: 1, RefProcThreadModel::Single, marks_oops_alive: false
[792.629s][debug][gc,ref         ] GC(58) Skipped phase 3 of Reference Processing: no references
[792.629s][debug][gc,ref         ] GC(58) ReferenceProcessor::execute queues: 1, RefProcThreadModel::Single, marks_oops_alive: false
[792.629s][debug][gc,phases      ] GC(58) Reference Processing 0.091ms
[792.629s][debug][gc,phases      ] GC(58)   VM Weak                        Min:  0.0, Avg:  0.0, Max:  0.0, Diff:  0.0, Sum:  0.0, Workers: 4
[792.629s][debug][gc,phases      ] GC(58)     Dead                           Min: 0, Avg:  0.0, Max: 0, Diff: 0, Sum: 0, Workers: 4
[792.629s][debug][gc,phases      ] GC(58)     Total                          Min: 0, Avg: 232.5, Max: 482, Diff: 482, Sum: 930, Workers: 4
[792.629s][debug][gc,phases      ] GC(58)   ObjectSynchronizer Weak        Min:  0.0, Avg:  0.0, Max:  0.0, Diff:  0.0, Sum:  0.0, Workers: 4
[792.629s][debug][gc,phases      ] GC(58)     Dead                           Min: 0, Avg:  0.0, Max: 0, Diff: 0, Sum: 0, Workers: 4
[792.629s][debug][gc,phases      ] GC(58)     Total                          Min: 0, Avg:  1.2, Max: 5, Diff: 5, Sum: 5, Workers: 4
[792.629s][debug][gc,phases      ] GC(58)   JVMTI Tag Weak OopStorage      Min:  0.0, Avg:  0.0, Max:  0.0, Diff:  0.0, Sum:  0.0, Workers: 4
[792.629s][debug][gc,phases      ] GC(58)     Dead                           Min: 0, Avg:  0.0, Max: 0, Diff: 0, Sum: 0, Workers: 4
[792.629s][debug][gc,phases      ] GC(58)     Total                          Min: 0, Avg:  0.0, Max: 0, Diff: 0, Sum: 0, Workers: 4
[792.629s][debug][gc,phases      ] GC(58)   StringTable Weak               Min:  0.0, Avg:  0.1, Max:  0.1, Diff:  0.1, Sum:  0.4, Workers: 4
[792.629s][debug][gc,phases      ] GC(58)     Dead                           Min: 0, Avg:  0.0, Max: 0, Diff: 0, Sum: 0, Workers: 4
[792.629s][debug][gc,phases      ] GC(58)     Total                          Min: 0, Avg: 11102.0, Max: 15422, Diff: 15422, Sum: 44408, Workers: 4
[792.629s][debug][gc,phases      ] GC(58)   ResolvedMethodTable Weak       Min:  0.0, Avg:  0.0, Max:  0.0, Diff:  0.0, Sum:  0.1, Workers: 4
[792.629s][debug][gc,phases      ] GC(58)     Dead                           Min: 0, Avg:  0.0, Max: 0, Diff: 0, Sum: 0, Workers: 4
[792.629s][debug][gc,phases      ] GC(58)     Total                          Min: 0, Avg: 2745.8, Max: 3840, Diff: 3840, Sum: 10983, Workers: 4
[792.629s][debug][gc,phases      ] GC(58)   JNI Weak                       Min:  0.0, Avg:  0.0, Max:  0.0, Diff:  0.0, Sum:  0.0, Workers: 4
[792.629s][debug][gc,phases      ] GC(58)     Dead                           Min: 0, Avg:  0.0, Max: 0, Diff: 0, Sum: 0, Workers: 4
[792.629s][debug][gc,phases      ] GC(58)     Total                          Min: 0, Avg: 12.0, Max: 48, Diff: 48, Sum: 48, Workers: 4
[792.629s][debug][gc,phases      ] GC(58)   StringDedup Table Weak         Min:  0.0, Avg:  0.0, Max:  0.0, Diff:  0.0, Sum:  0.0, Workers: 4
[792.629s][debug][gc,phases      ] GC(58)     Dead                           Min: 0, Avg:  0.0, Max: 0, Diff: 0, Sum: 0, Workers: 4
[792.629s][debug][gc,phases      ] GC(58)     Total                          Min: 0, Avg:  0.0, Max: 0, Diff: 0, Sum: 0, Workers: 4
[792.629s][debug][gc,phases      ] GC(58)   StringDedup Requests0 Weak     Min:  0.0, Avg:  0.0, Max:  0.0, Diff:  0.0, Sum:  0.0, Workers: 4
[792.629s][debug][gc,phases      ] GC(58)     Dead                           Min: 0, Avg:  0.0, Max: 0, Diff: 0, Sum: 0, Workers: 4
[792.629s][debug][gc,phases      ] GC(58)     Total                          Min: 0, Avg:  0.0, Max: 0, Diff: 0, Sum: 0, Workers: 4
[792.629s][debug][gc,phases      ] GC(58)   StringDedup Requests1 Weak     Min:  0.0, Avg:  0.0, Max:  0.0, Diff:  0.0, Sum:  0.0, Workers: 4
[792.629s][debug][gc,phases      ] GC(58)     Dead                           Min: 0, Avg:  0.0, Max: 0, Diff: 0, Sum: 0, Workers: 4
[792.629s][debug][gc,phases      ] GC(58)     Total                          Min: 0, Avg:  0.0, Max: 0, Diff: 0, Sum: 0, Workers: 4
[792.629s][debug][gc,phases      ] GC(58)   Weak JFR Old Object Samples    Min:  0.0, Avg:  0.0, Max:  0.0, Diff:  0.0, Sum:  0.0, Workers: 4
[792.629s][debug][gc,phases      ] GC(58)     Dead                           Min: 0, Avg:  0.0, Max: 0, Diff: 0, Sum: 0, Workers: 4
[792.629s][debug][gc,phases      ] GC(58)     Total                          Min: 0, Avg:  0.0, Max: 0, Diff: 0, Sum: 0, Workers: 4
[792.629s][debug][gc,phases      ] GC(58) Weak Processing 0.344ms
[792.629s][debug][gc,age         ] GC(58) Desired survivor size 112197632 bytes, new threshold 15 (max threshold 15)
[792.629s][info ][gc,heap        ] GC(58) PSYoungGen: 1842160K(1962496K)->7552K(1987584K) Eden: 1836544K(1836544K)->0K(1869824K) From: 5616K(125952K)->7552K(117760K)
[792.629s][info ][gc,heap        ] GC(58) ParOldGen: 418434K(541184K)->418482K(541184K)
[792.629s][info ][gc,metaspace   ] GC(58) Metaspace: 88210K(89344K)->88210K(89344K) NonClass: 75410K(76032K)->75410K(76032K) Class: 12800K(13312K)->12800K(13312K)
[792.629s][info ][gc             ] GC(58) Pause Young (Allocation Failure) 2207M->416M(2469M) 8.688ms
[792.629s][info ][gc,cpu         ] GC(58) User=0.02s Sys=0.00s Real=0.01s
[792.629s][info ][safepoint      ] Safepoint "ParallelGCFailedAllocation", Time since last: 2327731138 ns, Reaching safepoint: 5000 ns, Cleanup: 3800 ns, At safepoint: 8770817 ns, Total: 8779617 ns
[793.629s][info ][safepoint      ] Safepoint "Cleanup", Time since last: 1000079835 ns, Reaching safepoint: 4000 ns, Cleanup: 8600 ns, At safepoint: 1800 ns, Total: 14400 ns
[797.630s][info ][safepoint      ] Safepoint "Cleanup", Time since last: 4000311140 ns, Reaching safepoint: 6000 ns, Cleanup: 10400 ns, At safepoint: 2400 ns, Total: 18800 ns
[799.630s][info ][safepoint      ] Safepoint "Cleanup", Time since last: 2000169275 ns, Reaching safepoint: 73301 ns, Cleanup: 26401 ns, At safepoint: 4600 ns, Total: 104302 ns
[801.630s][info ][safepoint      ] Safepoint "Cleanup", Time since last: 2000163976 ns, Reaching safepoint: 3900 ns, Cleanup: 8900 ns, At safepoint: 1800 ns, Total: 14600 ns
[805.630s][info ][safepoint      ] Safepoint "Cleanup", Time since last: 4000313551 ns, Reaching safepoint: 4900 ns, Cleanup: 16101 ns, At safepoint: 1800 ns, Total: 22801 ns
[806.630s][info ][safepoint      ] Safepoint "Cleanup", Time since last: 1000098367 ns, Reaching safepoint: 5000 ns, Cleanup: 9201 ns, At safepoint: 1900 ns, Total: 16101 ns
[807.631s][info ][safepoint      ] Safepoint "Cleanup", Time since last: 1000110476 ns, Reaching safepoint: 5400 ns, Cleanup: 13900 ns, At safepoint: 1701 ns, Total: 21001 ns
[812.631s][info ][safepoint      ] Safepoint "Cleanup", Time since last: 5000389680 ns, Reaching safepoint: 5701 ns, Cleanup: 18000 ns, At safepoint: 2000 ns, Total: 25701 ns
[814.631s][info ][safepoint      ] Safepoint "Cleanup", Time since last: 2000184040 ns, Reaching safepoint: 5500 ns, Cleanup: 8800 ns, At safepoint: 2300 ns, Total: 16600 ns
[815.631s][info ][safepoint      ] Safepoint "Cleanup", Time since last: 1000110760 ns, Reaching safepoint: 6500 ns, Cleanup: 9300 ns, At safepoint: 2600 ns, Total: 18400 ns
[816.659s][info ][gc,start       ] GC(59) Pause Young (Allocation Failure)
[816.664s][debug][gc,phases      ] GC(59) Scavenge 4.336ms
[816.664s][debug][gc,ref         ] GC(59) Skipped phase 1 of Reference Processing: no references
[816.664s][debug][gc,ref         ] GC(59) ReferenceProcessor::execute queues: 1, RefProcThreadModel::Single, marks_oops_alive: false
[816.664s][debug][gc,ref         ] GC(59) Skipped phase 3 of Reference Processing: no references
[816.664s][debug][gc,ref         ] GC(59) ReferenceProcessor::execute queues: 1, RefProcThreadModel::Single, marks_oops_alive: false
[816.664s][debug][gc,phases      ] GC(59) Reference Processing 0.096ms
[816.664s][debug][gc,phases      ] GC(59)   VM Weak                        Min:  0.0, Avg:  0.0, Max:  0.0, Diff:  0.0, Sum:  0.0, Workers: 4
[816.664s][debug][gc,phases      ] GC(59)     Dead                           Min: 0, Avg:  0.0, Max: 0, Diff: 0, Sum: 0, Workers: 4
[816.664s][debug][gc,phases      ] GC(59)     Total                          Min: 0, Avg: 232.5, Max: 704, Diff: 704, Sum: 930, Workers: 4
[816.664s][debug][gc,phases      ] GC(59)   ObjectSynchronizer Weak        Min:  0.0, Avg:  0.0, Max:  0.0, Diff:  0.0, Sum:  0.0, Workers: 4
[816.664s][debug][gc,phases      ] GC(59)     Dead                           Min: 0, Avg:  0.0, Max: 0, Diff: 0, Sum: 0, Workers: 4
[816.664s][debug][gc,phases      ] GC(59)     Total                          Min: 0, Avg:  1.5, Max: 6, Diff: 6, Sum: 6, Workers: 4
[816.664s][debug][gc,phases      ] GC(59)   JVMTI Tag Weak OopStorage      Min:  0.0, Avg:  0.0, Max:  0.0, Diff:  0.0, Sum:  0.0, Workers: 4
[816.664s][debug][gc,phases      ] GC(59)     Dead                           Min: 0, Avg:  0.0, Max: 0, Diff: 0, Sum: 0, Workers: 4
[816.664s][debug][gc,phases      ] GC(59)     Total                          Min: 0, Avg:  0.0, Max: 0, Diff: 0, Sum: 0, Workers: 4
[816.664s][debug][gc,phases      ] GC(59)   StringTable Weak               Min:  0.0, Avg:  0.1, Max:  0.1, Diff:  0.1, Sum:  0.4, Workers: 4
[816.664s][debug][gc,phases      ] GC(59)     Dead                           Min: 0, Avg:  0.0, Max: 0, Diff: 0, Sum: 0, Workers: 4
[816.664s][debug][gc,phases      ] GC(59)     Total                          Min: 0, Avg: 11102.8, Max: 19136, Diff: 19136, Sum: 44411, Workers: 4
[816.664s][debug][gc,phases      ] GC(59)   ResolvedMethodTable Weak       Min:  0.0, Avg:  0.0, Max:  0.0, Diff:  0.0, Sum:  0.1, Workers: 4
[816.664s][debug][gc,phases      ] GC(59)     Dead                           Min: 0, Avg:  0.0, Max: 0, Diff: 0, Sum: 0, Workers: 4
[816.664s][debug][gc,phases      ] GC(59)     Total                          Min: 0, Avg: 2745.8, Max: 4928, Diff: 4928, Sum: 10983, Workers: 4
[816.664s][debug][gc,phases      ] GC(59)   JNI Weak                       Min:  0.0, Avg:  0.0, Max:  0.0, Diff:  0.0, Sum:  0.0, Workers: 4
[816.664s][debug][gc,phases      ] GC(59)     Dead                           Min: 0, Avg:  0.0, Max: 0, Diff: 0, Sum: 0, Workers: 4
[816.664s][debug][gc,phases      ] GC(59)     Total                          Min: 0, Avg: 12.0, Max: 48, Diff: 48, Sum: 48, Workers: 4
[816.664s][debug][gc,phases      ] GC(59)   StringDedup Table Weak         Min:  0.0, Avg:  0.0, Max:  0.0, Diff:  0.0, Sum:  0.0, Workers: 4
[816.664s][debug][gc,phases      ] GC(59)     Dead                           Min: 0, Avg:  0.0, Max: 0, Diff: 0, Sum: 0, Workers: 4
[816.664s][debug][gc,phases      ] GC(59)     Total                          Min: 0, Avg:  0.0, Max: 0, Diff: 0, Sum: 0, Workers: 4
[816.664s][debug][gc,phases      ] GC(59)   StringDedup Requests0 Weak     Min:  0.0, Avg:  0.0, Max:  0.0, Diff:  0.0, Sum:  0.0, Workers: 4
[816.664s][debug][gc,phases      ] GC(59)     Dead                           Min: 0, Avg:  0.0, Max: 0, Diff: 0, Sum: 0, Workers: 4
[816.664s][debug][gc,phases      ] GC(59)     Total                          Min: 0, Avg:  0.0, Max: 0, Diff: 0, Sum: 0, Workers: 4
[816.664s][debug][gc,phases      ] GC(59)   StringDedup Requests1 Weak     Min:  0.0, Avg:  0.0, Max:  0.0, Diff:  0.0, Sum:  0.0, Workers: 4
[816.664s][debug][gc,phases      ] GC(59)     Dead                           Min: 0, Avg:  0.0, Max: 0, Diff: 0, Sum: 0, Workers: 4
[816.664s][debug][gc,phases      ] GC(59)     Total                          Min: 0, Avg:  0.0, Max: 0, Diff: 0, Sum: 0, Workers: 4
[816.664s][debug][gc,phases      ] GC(59)   Weak JFR Old Object Samples    Min:  0.0, Avg:  0.0, Max:  0.0, Diff:  0.0, Sum:  0.0, Workers: 4
[816.664s][debug][gc,phases      ] GC(59)     Dead                           Min: 0, Avg:  0.0, Max: 0, Diff: 0, Sum: 0, Workers: 4
[816.664s][debug][gc,phases      ] GC(59)     Total                          Min: 0, Avg:  0.0, Max: 0, Diff: 0, Sum: 0, Workers: 4
[816.664s][debug][gc,phases      ] GC(59) Weak Processing 0.338ms
[816.664s][debug][gc,age         ] GC(59) Desired survivor size 104333312 bytes, new threshold 15 (max threshold 15)
[816.664s][info ][gc,heap        ] GC(59) PSYoungGen: 1877376K(1987584K)->7856K(1979392K) Eden: 1869824K(1869824K)->0K(1869824K) From: 7552K(117760K)->7856K(109568K)
[816.664s][info ][gc,heap        ] GC(59) ParOldGen: 418482K(541184K)->418514K(541184K)
[816.664s][info ][gc,metaspace   ] GC(59) Metaspace: 88229K(89344K)->88229K(89344K) NonClass: 75429K(76032K)->75429K(76032K) Class: 12800K(13312K)->12800K(13312K)
[816.664s][info ][gc             ] GC(59) Pause Young (Allocation Failure) 2242M->416M(2461M) 4.861ms
[816.664s][info ][gc,cpu         ] GC(59) User=0.02s Sys=0.00s Real=0.01s
[816.664s][info ][safepoint      ] Safepoint "ParallelGCFailedAllocation", Time since last: 1027743129 ns, Reaching safepoint: 75901 ns, Cleanup: 3900 ns, At safepoint: 4922466 ns, Total: 5002267 ns
[818.664s][info ][safepoint      ] Safepoint "Cleanup", Time since last: 2000161019 ns, Reaching safepoint: 77601 ns, Cleanup: 10500 ns, At safepoint: 3700 ns, Total: 91801 ns
[820.665s][info ][safepoint      ] Safepoint "Cleanup", Time since last: 2000165519 ns, Reaching safepoint: 75501 ns, Cleanup: 8900 ns, At safepoint: 6000 ns, Total: 90401 ns
[830.665s][info ][safepoint      ] Safepoint "Cleanup", Time since last: 10000763589 ns, Reaching safepoint: 78101 ns, Cleanup: 10100 ns, At safepoint: 6800 ns, Total: 95001 ns
[831.666s][info ][safepoint      ] Safepoint "Cleanup", Time since last: 1000112699 ns, Reaching safepoint: 6500 ns, Cleanup: 10500 ns, At safepoint: 5901 ns, Total: 22901 ns
[837.666s][info ][safepoint      ] Safepoint "Cleanup", Time since last: 6000483991 ns, Reaching safepoint: 79401 ns, Cleanup: 9800 ns, At safepoint: 7300 ns, Total: 96501 ns
[839.993s][info ][gc,start       ] GC(60) Pause Young (Allocation Failure)
[840.001s][debug][gc,phases      ] GC(60) Scavenge 7.603ms
[840.001s][debug][gc,ref         ] GC(60) Skipped phase 1 of Reference Processing: no references
[840.001s][debug][gc,ref         ] GC(60) ReferenceProcessor::execute queues: 1, RefProcThreadModel::Single, marks_oops_alive: false
[840.001s][debug][gc,ref         ] GC(60) Skipped phase 3 of Reference Processing: no references
[840.001s][debug][gc,ref         ] GC(60) ReferenceProcessor::execute queues: 1, RefProcThreadModel::Single, marks_oops_alive: false
[840.001s][debug][gc,phases      ] GC(60) Reference Processing 0.097ms
[840.001s][debug][gc,phases      ] GC(60)   VM Weak                        Min:  0.0, Avg:  0.0, Max:  0.0, Diff:  0.0, Sum:  0.0, Workers: 4
[840.001s][debug][gc,phases      ] GC(60)     Dead                           Min: 0, Avg:  0.0, Max: 0, Diff: 0, Sum: 0, Workers: 4
[840.001s][debug][gc,phases      ] GC(60)     Total                          Min: 0, Avg: 232.5, Max: 482, Diff: 482, Sum: 930, Workers: 4
[840.001s][debug][gc,phases      ] GC(60)   ObjectSynchronizer Weak        Min:  0.0, Avg:  0.0, Max:  0.0, Diff:  0.0, Sum:  0.0, Workers: 4
[840.001s][debug][gc,phases      ] GC(60)     Dead                           Min: 0, Avg:  0.0, Max: 0, Diff: 0, Sum: 0, Workers: 4
[840.001s][debug][gc,phases      ] GC(60)     Total                          Min: 0, Avg:  1.5, Max: 6, Diff: 6, Sum: 6, Workers: 4
[840.001s][debug][gc,phases      ] GC(60)   JVMTI Tag Weak OopStorage      Min:  0.0, Avg:  0.0, Max:  0.0, Diff:  0.0, Sum:  0.0, Workers: 4
[840.001s][debug][gc,phases      ] GC(60)     Dead                           Min: 0, Avg:  0.0, Max: 0, Diff: 0, Sum: 0, Workers: 4
[840.001s][debug][gc,phases      ] GC(60)     Total                          Min: 0, Avg:  0.0, Max: 0, Diff: 0, Sum: 0, Workers: 4
[840.001s][debug][gc,phases      ] GC(60)   StringTable Weak               Min:  0.0, Avg:  0.1, Max:  0.2, Diff:  0.2, Sum:  0.3, Workers: 4
[840.001s][debug][gc,phases      ] GC(60)     Dead                           Min: 0, Avg:  0.0, Max: 0, Diff: 0, Sum: 0, Workers: 4
[840.001s][debug][gc,phases      ] GC(60)     Total                          Min: 0, Avg: 11107.8, Max: 26496, Diff: 26496, Sum: 44431, Workers: 4
[840.001s][debug][gc,phases      ] GC(60)   ResolvedMethodTable Weak       Min:  0.0, Avg:  0.0, Max:  0.0, Diff:  0.0, Sum:  0.1, Workers: 4
[840.001s][debug][gc,phases      ] GC(60)     Dead                           Min: 0, Avg:  0.0, Max: 0, Diff: 0, Sum: 0, Workers: 4
[840.001s][debug][gc,phases      ] GC(60)     Total                          Min: 0, Avg: 2745.8, Max: 6503, Diff: 6503, Sum: 10983, Workers: 4
[840.001s][debug][gc,phases      ] GC(60)   JNI Weak                       Min:  0.0, Avg:  0.0, Max:  0.0, Diff:  0.0, Sum:  0.0, Workers: 4
[840.001s][debug][gc,phases      ] GC(60)     Dead                           Min: 0, Avg:  0.0, Max: 0, Diff: 0, Sum: 0, Workers: 4
[840.001s][debug][gc,phases      ] GC(60)     Total                          Min: 0, Avg: 12.0, Max: 48, Diff: 48, Sum: 48, Workers: 4
[840.001s][debug][gc,phases      ] GC(60)   StringDedup Table Weak         Min:  0.0, Avg:  0.0, Max:  0.0, Diff:  0.0, Sum:  0.0, Workers: 4
[840.001s][debug][gc,phases      ] GC(60)     Dead                           Min: 0, Avg:  0.0, Max: 0, Diff: 0, Sum: 0, Workers: 4
[840.001s][debug][gc,phases      ] GC(60)     Total                          Min: 0, Avg:  0.0, Max: 0, Diff: 0, Sum: 0, Workers: 4
[840.001s][debug][gc,phases      ] GC(60)   StringDedup Requests0 Weak     Min:  0.0, Avg:  0.0, Max:  0.0, Diff:  0.0, Sum:  0.0, Workers: 4
[840.001s][debug][gc,phases      ] GC(60)     Dead                           Min: 0, Avg:  0.0, Max: 0, Diff: 0, Sum: 0, Workers: 4
[840.001s][debug][gc,phases      ] GC(60)     Total                          Min: 0, Avg:  0.0, Max: 0, Diff: 0, Sum: 0, Workers: 4
[840.001s][debug][gc,phases      ] GC(60)   StringDedup Requests1 Weak     Min:  0.0, Avg:  0.0, Max:  0.0, Diff:  0.0, Sum:  0.0, Workers: 4
[840.001s][debug][gc,phases      ] GC(60)     Dead                           Min: 0, Avg:  0.0, Max: 0, Diff: 0, Sum: 0, Workers: 4
[840.001s][debug][gc,phases      ] GC(60)     Total                          Min: 0, Avg:  0.0, Max: 0, Diff: 0, Sum: 0, Workers: 4
[840.001s][debug][gc,phases      ] GC(60)   Weak JFR Old Object Samples    Min:  0.0, Avg:  0.0, Max:  0.0, Diff:  0.0, Sum:  0.0, Workers: 4
[840.001s][debug][gc,phases      ] GC(60)     Dead                           Min: 0, Avg:  0.0, Max: 0, Diff: 0, Sum: 0, Workers: 4
[840.001s][debug][gc,phases      ] GC(60)     Total                          Min: 0, Avg:  0.0, Max: 0, Diff: 0, Sum: 0, Workers: 4
[840.001s][debug][gc,phases      ] GC(60) Weak Processing 0.387ms
[840.001s][debug][gc,age         ] GC(60) Desired survivor size 96993280 bytes, new threshold 15 (max threshold 15)
[840.001s][info ][gc,heap        ] GC(60) PSYoungGen: 1877680K(1979392K)->7584K(2002432K) Eden: 1869824K(1869824K)->0K(1900544K) From: 7856K(109568K)->7584K(101888K)
[840.001s][info ][gc,heap        ] GC(60) ParOldGen: 418514K(541184K)->418538K(541184K)
[840.001s][info ][gc,metaspace   ] GC(60) Metaspace: 88233K(89344K)->88233K(89344K) NonClass: 75433K(76032K)->75433K(76032K) Class: 12800K(13312K)->12800K(13312K)
[840.001s][info ][gc             ] GC(60) Pause Young (Allocation Failure) 2242M->416M(2484M) 8.194ms
[840.001s][info ][gc,cpu         ] GC(60) User=0.02s Sys=0.00s Real=0.00s
[840.001s][info ][safepoint      ] Safepoint "ParallelGCFailedAllocation", Time since last: 2326616887 ns, Reaching safepoint: 73701 ns, Cleanup: 3900 ns, At safepoint: 8257811 ns, Total: 8335412 ns
[850.307s][info ][safepoint      ] Safepoint "Cleanup", Time since last: 10306065680 ns, Reaching safepoint: 5400 ns, Cleanup: 16400 ns, At safepoint: 1600 ns, Total: 23400 ns
[852.307s][info ][safepoint      ] Safepoint "Cleanup", Time since last: 2000168490 ns, Reaching safepoint: 5500 ns, Cleanup: 13200 ns, At safepoint: 2100 ns, Total: 20800 ns
[855.308s][info ][safepoint      ] Safepoint "Cleanup", Time since last: 3000186959 ns, Reaching safepoint: 76901 ns, Cleanup: 13600 ns, At safepoint: 5200 ns, Total: 95701 ns
[856.308s][info ][safepoint      ] Safepoint "Cleanup", Time since last: 1000081262 ns, Reaching safepoint: 77101 ns, Cleanup: 7900 ns, At safepoint: 5600 ns, Total: 90601 ns
[857.308s][info ][safepoint      ] Safepoint "Cleanup", Time since last: 1000096062 ns, Reaching safepoint: 73301 ns, Cleanup: 14500 ns, At safepoint: 5001 ns, Total: 92802 ns
[865.309s][info ][safepoint      ] Safepoint "Cleanup", Time since last: 8000563337 ns, Reaching safepoint: 78401 ns, Cleanup: 8800 ns, At safepoint: 6400 ns, Total: 93601 ns
[865.566s][info ][gc,start       ] GC(61) Pause Young (Allocation Failure)
[865.573s][debug][gc,phases      ] GC(61) Scavenge 7.099ms
[865.573s][debug][gc,ref         ] GC(61) Skipped phase 1 of Reference Processing: no references
[865.573s][debug][gc,ref         ] GC(61) ReferenceProcessor::execute queues: 1, RefProcThreadModel::Single, marks_oops_alive: false
[865.573s][debug][gc,ref         ] GC(61) Skipped phase 3 of Reference Processing: no references
[865.573s][debug][gc,ref         ] GC(61) ReferenceProcessor::execute queues: 1, RefProcThreadModel::Single, marks_oops_alive: false
[865.573s][debug][gc,phases      ] GC(61) Reference Processing 0.135ms
[865.573s][debug][gc,phases      ] GC(61)   VM Weak                        Min:  0.0, Avg:  0.0, Max:  0.0, Diff:  0.0, Sum:  0.0, Workers: 4
[865.573s][debug][gc,phases      ] GC(61)     Dead                           Min: 0, Avg:  0.0, Max: 0, Diff: 0, Sum: 0, Workers: 4
[865.573s][debug][gc,phases      ] GC(61)     Total                          Min: 0, Avg: 232.5, Max: 768, Diff: 768, Sum: 930, Workers: 4
[865.573s][debug][gc,phases      ] GC(61)   ObjectSynchronizer Weak        Min:  0.0, Avg:  0.0, Max:  0.0, Diff:  0.0, Sum:  0.0, Workers: 4
[865.573s][debug][gc,phases      ] GC(61)     Dead                           Min: 0, Avg:  0.0, Max: 0, Diff: 0, Sum: 0, Workers: 4
[865.573s][debug][gc,phases      ] GC(61)     Total                          Min: 0, Avg:  1.5, Max: 6, Diff: 6, Sum: 6, Workers: 4
[865.573s][debug][gc,phases      ] GC(61)   JVMTI Tag Weak OopStorage      Min:  0.0, Avg:  0.0, Max:  0.0, Diff:  0.0, Sum:  0.0, Workers: 4
[865.573s][debug][gc,phases      ] GC(61)     Dead                           Min: 0, Avg:  0.0, Max: 0, Diff: 0, Sum: 0, Workers: 4
[865.573s][debug][gc,phases      ] GC(61)     Total                          Min: 0, Avg:  0.0, Max: 0, Diff: 0, Sum: 0, Workers: 4
[865.573s][debug][gc,phases      ] GC(61)   StringTable Weak               Min:  0.0, Avg:  0.1, Max:  0.1, Diff:  0.1, Sum:  0.4, Workers: 4
[865.573s][debug][gc,phases      ] GC(61)     Dead                           Min: 0, Avg:  0.0, Max: 0, Diff: 0, Sum: 0, Workers: 4
[865.573s][debug][gc,phases      ] GC(61)     Total                          Min: 0, Avg: 11107.8, Max: 15424, Diff: 15424, Sum: 44431, Workers: 4
[865.573s][debug][gc,phases      ] GC(61)   ResolvedMethodTable Weak       Min:  0.0, Avg:  0.0, Max:  0.0, Diff:  0.0, Sum:  0.1, Workers: 4
[865.573s][debug][gc,phases      ] GC(61)     Dead                           Min: 0, Avg:  0.0, Max: 0, Diff: 0, Sum: 0, Workers: 4
[865.573s][debug][gc,phases      ] GC(61)     Total                          Min: 0, Avg: 2745.8, Max: 3840, Diff: 3840, Sum: 10983, Workers: 4
[865.573s][debug][gc,phases      ] GC(61)   JNI Weak                       Min:  0.0, Avg:  0.0, Max:  0.0, Diff:  0.0, Sum:  0.0, Workers: 4
[865.573s][debug][gc,phases      ] GC(61)     Dead                           Min: 0, Avg:  0.0, Max: 0, Diff: 0, Sum: 0, Workers: 4
[865.573s][debug][gc,phases      ] GC(61)     Total                          Min: 0, Avg: 12.0, Max: 48, Diff: 48, Sum: 48, Workers: 4
[865.573s][debug][gc,phases      ] GC(61)   StringDedup Table Weak         Min:  0.0, Avg:  0.0, Max:  0.0, Diff:  0.0, Sum:  0.0, Workers: 4
[865.573s][debug][gc,phases      ] GC(61)     Dead                           Min: 0, Avg:  0.0, Max: 0, Diff: 0, Sum: 0, Workers: 4
[865.573s][debug][gc,phases      ] GC(61)     Total                          Min: 0, Avg:  0.0, Max: 0, Diff: 0, Sum: 0, Workers: 4
[865.573s][debug][gc,phases      ] GC(61)   StringDedup Requests0 Weak     Min:  0.0, Avg:  0.0, Max:  0.0, Diff:  0.0, Sum:  0.0, Workers: 4
[865.573s][debug][gc,phases      ] GC(61)     Dead                           Min: 0, Avg:  0.0, Max: 0, Diff: 0, Sum: 0, Workers: 4
[865.573s][debug][gc,phases      ] GC(61)     Total                          Min: 0, Avg:  0.0, Max: 0, Diff: 0, Sum: 0, Workers: 4
[865.573s][debug][gc,phases      ] GC(61)   StringDedup Requests1 Weak     Min:  0.0, Avg:  0.0, Max:  0.0, Diff:  0.0, Sum:  0.0, Workers: 4
[865.573s][debug][gc,phases      ] GC(61)     Dead                           Min: 0, Avg:  0.0, Max: 0, Diff: 0, Sum: 0, Workers: 4
[865.573s][debug][gc,phases      ] GC(61)     Total                          Min: 0, Avg:  0.0, Max: 0, Diff: 0, Sum: 0, Workers: 4
[865.573s][debug][gc,phases      ] GC(61)   Weak JFR Old Object Samples    Min:  0.0, Avg:  0.0, Max:  0.0, Diff:  0.0, Sum:  0.0, Workers: 4
[865.573s][debug][gc,phases      ] GC(61)     Dead                           Min: 0, Avg:  0.0, Max: 0, Diff: 0, Sum: 0, Workers: 4
[865.573s][debug][gc,phases      ] GC(61)     Total                          Min: 0, Avg:  0.0, Max: 0, Diff: 0, Sum: 0, Workers: 4
[865.573s][debug][gc,phases      ] GC(61) Weak Processing 0.454ms
[865.573s][debug][gc,age         ] GC(61) Desired survivor size 90177536 bytes, new threshold 15 (max threshold 15)
[865.573s][info ][gc,heap        ] GC(61) PSYoungGen: 1908128K(2002432K)->7664K(1995264K) Eden: 1900544K(1900544K)->0K(1900544K) From: 7584K(101888K)->7664K(94720K)
[865.573s][info ][gc,heap        ] GC(61) ParOldGen: 418538K(541184K)->418578K(541184K)
[865.574s][info ][gc,metaspace   ] GC(61) Metaspace: 88262K(89344K)->88262K(89344K) NonClass: 75461K(76032K)->75461K(76032K) Class: 12800K(13312K)->12800K(13312K)
[865.574s][info ][gc             ] GC(61) Pause Young (Allocation Failure) 2272M->416M(2477M) 7.816ms
[865.574s][info ][gc,cpu         ] GC(61) User=0.01s Sys=0.00s Real=0.01s
[865.574s][info ][safepoint      ] Safepoint "ParallelGCFailedAllocation", Time since last: 256932345 ns, Reaching safepoint: 6000 ns, Cleanup: 3600 ns, At safepoint: 7888206 ns, Total: 7897806 ns
[869.574s][info ][safepoint      ] Safepoint "Cleanup", Time since last: 4000308239 ns, Reaching safepoint: 7200 ns, Cleanup: 22900 ns, At safepoint: 2300 ns, Total: 32400 ns
[875.574s][info ][safepoint      ] Safepoint "Cleanup", Time since last: 6000460343 ns, Reaching safepoint: 81801 ns, Cleanup: 17100 ns, At safepoint: 15100 ns, Total: 114001 ns
[876.575s][info ][safepoint      ] Safepoint "Cleanup", Time since last: 1000142707 ns, Reaching safepoint: 5100 ns, Cleanup: 21800 ns, At safepoint: 1700 ns, Total: 28600 ns
[878.575s][info ][safepoint      ] Safepoint "Cleanup", Time since last: 2000178806 ns, Reaching safepoint: 6800 ns, Cleanup: 47900 ns, At safepoint: 2800 ns, Total: 57500 ns
[879.988s][info ][safepoint      ] Safepoint "Cleanup", Time since last: 1413383019 ns, Reaching safepoint: 6100 ns, Cleanup: 63401 ns, At safepoint: 7900 ns, Total: 77401 ns
[881.989s][info ][safepoint      ] Safepoint "Cleanup", Time since last: 2000197927 ns, Reaching safepoint: 6600 ns, Cleanup: 15201 ns, At safepoint: 2700 ns, Total: 24501 ns
[882.989s][info ][safepoint      ] Safepoint "Cleanup", Time since last: 1000122114 ns, Reaching safepoint: 6500 ns, Cleanup: 22400 ns, At safepoint: 2800 ns, Total: 31700 ns
[884.989s][info ][safepoint      ] Safepoint "Cleanup", Time since last: 2000182327 ns, Reaching safepoint: 5901 ns, Cleanup: 14500 ns, At safepoint: 26200 ns, Total: 46601 ns
[887.989s][info ][safepoint      ] Safepoint "Cleanup", Time since last: 3000244202 ns, Reaching safepoint: 4900 ns, Cleanup: 9900 ns, At safepoint: 2000 ns, Total: 16800 ns
[888.989s][info ][safepoint      ] Safepoint "Cleanup", Time since last: 1000107449 ns, Reaching safepoint: 4500 ns, Cleanup: 10800 ns, At safepoint: 1800 ns, Total: 17100 ns
[891.920s][info ][gc,start       ] GC(62) Pause Young (Allocation Failure)
[891.926s][debug][gc,phases      ] GC(62) Scavenge 6.860ms
[891.926s][debug][gc,ref         ] GC(62) Skipped phase 1 of Reference Processing: no references
[891.926s][debug][gc,ref         ] GC(62) ReferenceProcessor::execute queues: 1, RefProcThreadModel::Single, marks_oops_alive: false
[891.927s][debug][gc,ref         ] GC(62) Skipped phase 3 of Reference Processing: no references
[891.927s][debug][gc,ref         ] GC(62) ReferenceProcessor::execute queues: 1, RefProcThreadModel::Single, marks_oops_alive: false
[891.927s][debug][gc,phases      ] GC(62) Reference Processing 0.090ms
[891.927s][debug][gc,phases      ] GC(62)   VM Weak                        Min:  0.0, Avg:  0.0, Max:  0.0, Diff:  0.0, Sum:  0.0, Workers: 4
[891.927s][debug][gc,phases      ] GC(62)     Dead                           Min: 0, Avg:  0.0, Max: 0, Diff: 0, Sum: 0, Workers: 4
[891.927s][debug][gc,phases      ] GC(62)     Total                          Min: 0, Avg: 232.5, Max: 512, Diff: 512, Sum: 930, Workers: 4
[891.927s][debug][gc,phases      ] GC(62)   ObjectSynchronizer Weak        Min:  0.0, Avg:  0.0, Max:  0.0, Diff:  0.0, Sum:  0.0, Workers: 4
[891.927s][debug][gc,phases      ] GC(62)     Dead                           Min: 0, Avg:  0.0, Max: 0, Diff: 0, Sum: 0, Workers: 4
[891.927s][debug][gc,phases      ] GC(62)     Total                          Min: 0, Avg:  1.5, Max: 6, Diff: 6, Sum: 6, Workers: 4
[891.927s][debug][gc,phases      ] GC(62)   JVMTI Tag Weak OopStorage      Min:  0.0, Avg:  0.0, Max:  0.0, Diff:  0.0, Sum:  0.0, Workers: 4
[891.927s][debug][gc,phases      ] GC(62)     Dead                           Min: 0, Avg:  0.0, Max: 0, Diff: 0, Sum: 0, Workers: 4
[891.927s][debug][gc,phases      ] GC(62)     Total                          Min: 0, Avg:  0.0, Max: 0, Diff: 0, Sum: 0, Workers: 4
[891.927s][debug][gc,phases      ] GC(62)   StringTable Weak               Min:  0.0, Avg:  0.1, Max:  0.2, Diff:  0.2, Sum:  0.3, Workers: 4
[891.927s][debug][gc,phases      ] GC(62)     Dead                           Min: 0, Avg:  0.0, Max: 0, Diff: 0, Sum: 0, Workers: 4
[891.927s][debug][gc,phases      ] GC(62)     Total                          Min: 0, Avg: 11107.8, Max: 26752, Diff: 26752, Sum: 44431, Workers: 4
[891.927s][debug][gc,phases      ] GC(62)   ResolvedMethodTable Weak       Min:  0.0, Avg:  0.0, Max:  0.0, Diff:  0.0, Sum:  0.1, Workers: 4
[891.927s][debug][gc,phases      ] GC(62)     Dead                           Min: 0, Avg:  0.0, Max: 0, Diff: 0, Sum: 0, Workers: 4
[891.927s][debug][gc,phases      ] GC(62)     Total                          Min: 0, Avg: 2745.8, Max: 6528, Diff: 6528, Sum: 10983, Workers: 4
[891.927s][debug][gc,phases      ] GC(62)   JNI Weak                       Min:  0.0, Avg:  0.0, Max:  0.0, Diff:  0.0, Sum:  0.0, Workers: 4
[891.927s][debug][gc,phases      ] GC(62)     Dead                           Min: 0, Avg:  0.0, Max: 0, Diff: 0, Sum: 0, Workers: 4
[891.927s][debug][gc,phases      ] GC(62)     Total                          Min: 0, Avg: 12.0, Max: 48, Diff: 48, Sum: 48, Workers: 4
[891.927s][debug][gc,phases      ] GC(62)   StringDedup Table Weak         Min:  0.0, Avg:  0.0, Max:  0.0, Diff:  0.0, Sum:  0.0, Workers: 4
[891.927s][debug][gc,phases      ] GC(62)     Dead                           Min: 0, Avg:  0.0, Max: 0, Diff: 0, Sum: 0, Workers: 4
[891.927s][debug][gc,phases      ] GC(62)     Total                          Min: 0, Avg:  0.0, Max: 0, Diff: 0, Sum: 0, Workers: 4
[891.927s][debug][gc,phases      ] GC(62)   StringDedup Requests0 Weak     Min:  0.0, Avg:  0.0, Max:  0.0, Diff:  0.0, Sum:  0.0, Workers: 4
[891.927s][debug][gc,phases      ] GC(62)     Dead                           Min: 0, Avg:  0.0, Max: 0, Diff: 0, Sum: 0, Workers: 4
[891.927s][debug][gc,phases      ] GC(62)     Total                          Min: 0, Avg:  0.0, Max: 0, Diff: 0, Sum: 0, Workers: 4
[891.927s][debug][gc,phases      ] GC(62)   StringDedup Requests1 Weak     Min:  0.0, Avg:  0.0, Max:  0.0, Diff:  0.0, Sum:  0.0, Workers: 4
[891.927s][debug][gc,phases      ] GC(62)     Dead                           Min: 0, Avg:  0.0, Max: 0, Diff: 0, Sum: 0, Workers: 4
[891.927s][debug][gc,phases      ] GC(62)     Total                          Min: 0, Avg:  0.0, Max: 0, Diff: 0, Sum: 0, Workers: 4
[891.927s][debug][gc,phases      ] GC(62)   Weak JFR Old Object Samples    Min:  0.0, Avg:  0.0, Max:  0.0, Diff:  0.0, Sum:  0.0, Workers: 4
[891.927s][debug][gc,phases      ] GC(62)     Dead                           Min: 0, Avg:  0.0, Max: 0, Diff: 0, Sum: 0, Workers: 4
[891.927s][debug][gc,phases      ] GC(62)     Total                          Min: 0, Avg:  0.0, Max: 0, Diff: 0, Sum: 0, Workers: 4
[891.927s][debug][gc,phases      ] GC(62) Weak Processing 0.376ms
[891.927s][debug][gc,age         ] GC(62) Desired survivor size 83886080 bytes, new threshold 15 (max threshold 15)
[891.927s][info ][gc,heap        ] GC(62) PSYoungGen: 1908208K(1995264K)->7696K(2015232K) Eden: 1900544K(1900544K)->0K(1927168K) From: 7664K(94720K)->7696K(88064K)
[891.927s][info ][gc,heap        ] GC(62) ParOldGen: 418578K(541184K)->418686K(541184K)
[891.927s][info ][gc,metaspace   ] GC(62) Metaspace: 88288K(89408K)->88288K(89408K) NonClass: 75488K(76096K)->75488K(76096K) Class: 12800K(13312K)->12800K(13312K)
[891.927s][info ][gc             ] GC(62) Pause Young (Allocation Failure) 2272M->416M(2496M) 7.420ms
[891.927s][info ][gc,cpu         ] GC(62) User=0.01s Sys=0.00s Real=0.01s
[891.927s][info ][safepoint      ] Safepoint "ParallelGCFailedAllocation", Time since last: 2930145205 ns, Reaching safepoint: 4200 ns, Cleanup: 4000 ns, At safepoint: 7475911 ns, Total: 7484111 ns
[894.927s][info ][safepoint      ] Safepoint "Cleanup", Time since last: 3000209676 ns, Reaching safepoint: 4800 ns, Cleanup: 16300 ns, At safepoint: 1600 ns, Total: 22700 ns
[895.927s][info ][safepoint      ] Safepoint "Cleanup", Time since last: 1000123680 ns, Reaching safepoint: 5800 ns, Cleanup: 16701 ns, At safepoint: 2500 ns, Total: 25001 ns
[896.927s][info ][safepoint      ] Safepoint "Cleanup", Time since last: 1000107580 ns, Reaching safepoint: 4400 ns, Cleanup: 12400 ns, At safepoint: 1900 ns, Total: 18700 ns
[899.928s][info ][safepoint      ] Safepoint "Cleanup", Time since last: 3000239438 ns, Reaching safepoint: 5200 ns, Cleanup: 44801 ns, At safepoint: 1900 ns, Total: 51901 ns
[910.324s][info ][safepoint      ] Safepoint "Cleanup", Time since last: 10395889170 ns, Reaching safepoint: 6300 ns, Cleanup: 12701 ns, At safepoint: 2300 ns, Total: 21301 ns
[916.324s][info ][safepoint      ] Safepoint "Cleanup", Time since last: 6000446445 ns, Reaching safepoint: 74201 ns, Cleanup: 11400 ns, At safepoint: 6500 ns, Total: 92101 ns
[917.324s][info ][safepoint      ] Safepoint "Cleanup", Time since last: 1000095858 ns, Reaching safepoint: 4400 ns, Cleanup: 9001 ns, At safepoint: 1900 ns, Total: 15301 ns
[917.510s][info ][gc,start       ] GC(63) Pause Young (Allocation Failure)
[917.514s][debug][gc,phases      ] GC(63) Scavenge 4.082ms
[917.514s][debug][gc,ref         ] GC(63) Skipped phase 1 of Reference Processing: no references
[917.514s][debug][gc,ref         ] GC(63) ReferenceProcessor::execute queues: 1, RefProcThreadModel::Single, marks_oops_alive: false
[917.514s][debug][gc,ref         ] GC(63) Skipped phase 3 of Reference Processing: no references
[917.514s][debug][gc,ref         ] GC(63) ReferenceProcessor::execute queues: 1, RefProcThreadModel::Single, marks_oops_alive: false
[917.514s][debug][gc,phases      ] GC(63) Reference Processing 0.104ms
[917.514s][debug][gc,phases      ] GC(63)   VM Weak                        Min:  0.0, Avg:  0.0, Max:  0.0, Diff:  0.0, Sum:  0.0, Workers: 4
[917.514s][debug][gc,phases      ] GC(63)     Dead                           Min: 0, Avg:  0.0, Max: 0, Diff: 0, Sum: 0, Workers: 4
[917.514s][debug][gc,phases      ] GC(63)     Total                          Min: 0, Avg: 232.5, Max: 640, Diff: 640, Sum: 930, Workers: 4
[917.514s][debug][gc,phases      ] GC(63)   ObjectSynchronizer Weak        Min:  0.0, Avg:  0.0, Max:  0.0, Diff:  0.0, Sum:  0.0, Workers: 4
[917.514s][debug][gc,phases      ] GC(63)     Dead                           Min: 0, Avg:  0.0, Max: 0, Diff: 0, Sum: 0, Workers: 4
[917.514s][debug][gc,phases      ] GC(63)     Total                          Min: 0, Avg:  1.5, Max: 6, Diff: 6, Sum: 6, Workers: 4
[917.514s][debug][gc,phases      ] GC(63)   JVMTI Tag Weak OopStorage      Min:  0.0, Avg:  0.0, Max:  0.0, Diff:  0.0, Sum:  0.0, Workers: 4
[917.514s][debug][gc,phases      ] GC(63)     Dead                           Min: 0, Avg:  0.0, Max: 0, Diff: 0, Sum: 0, Workers: 4
[917.514s][debug][gc,phases      ] GC(63)     Total                          Min: 0, Avg:  0.0, Max: 0, Diff: 0, Sum: 0, Workers: 4
[917.514s][debug][gc,phases      ] GC(63)   StringTable Weak               Min:  0.0, Avg:  0.1, Max:  0.1, Diff:  0.1, Sum:  0.4, Workers: 4
[917.514s][debug][gc,phases      ] GC(63)     Dead                           Min: 0, Avg:  0.0, Max: 0, Diff: 0, Sum: 0, Workers: 4
[917.514s][debug][gc,phases      ] GC(63)     Total                          Min: 0, Avg: 11108.2, Max: 19648, Diff: 19648, Sum: 44433, Workers: 4
[917.514s][debug][gc,phases      ] GC(63)   ResolvedMethodTable Weak       Min:  0.0, Avg:  0.0, Max:  0.0, Diff:  0.0, Sum:  0.1, Workers: 4
[917.514s][debug][gc,phases      ] GC(63)     Dead                           Min: 0, Avg:  0.0, Max: 0, Diff: 0, Sum: 0, Workers: 4
[917.514s][debug][gc,phases      ] GC(63)     Total                          Min: 0, Avg: 2745.8, Max: 4160, Diff: 4160, Sum: 10983, Workers: 4
[917.514s][debug][gc,phases      ] GC(63)   JNI Weak                       Min:  0.0, Avg:  0.0, Max:  0.0, Diff:  0.0, Sum:  0.0, Workers: 4
[917.514s][debug][gc,phases      ] GC(63)     Dead                           Min: 0, Avg:  0.0, Max: 0, Diff: 0, Sum: 0, Workers: 4
[917.514s][debug][gc,phases      ] GC(63)     Total                          Min: 0, Avg: 12.0, Max: 48, Diff: 48, Sum: 48, Workers: 4
[917.514s][debug][gc,phases      ] GC(63)   StringDedup Table Weak         Min:  0.0, Avg:  0.0, Max:  0.0, Diff:  0.0, Sum:  0.0, Workers: 4
[917.514s][debug][gc,phases      ] GC(63)     Dead                           Min: 0, Avg:  0.0, Max: 0, Diff: 0, Sum: 0, Workers: 4
[917.514s][debug][gc,phases      ] GC(63)     Total                          Min: 0, Avg:  0.0, Max: 0, Diff: 0, Sum: 0, Workers: 4
[917.514s][debug][gc,phases      ] GC(63)   StringDedup Requests0 Weak     Min:  0.0, Avg:  0.0, Max:  0.0, Diff:  0.0, Sum:  0.0, Workers: 4
[917.514s][debug][gc,phases      ] GC(63)     Dead                           Min: 0, Avg:  0.0, Max: 0, Diff: 0, Sum: 0, Workers: 4
[917.514s][debug][gc,phases      ] GC(63)     Total                          Min: 0, Avg:  0.0, Max: 0, Diff: 0, Sum: 0, Workers: 4
[917.514s][debug][gc,phases      ] GC(63)   StringDedup Requests1 Weak     Min:  0.0, Avg:  0.0, Max:  0.0, Diff:  0.0, Sum:  0.0, Workers: 4
[917.514s][debug][gc,phases      ] GC(63)     Dead                           Min: 0, Avg:  0.0, Max: 0, Diff: 0, Sum: 0, Workers: 4
[917.514s][debug][gc,phases      ] GC(63)     Total                          Min: 0, Avg:  0.0, Max: 0, Diff: 0, Sum: 0, Workers: 4
[917.514s][debug][gc,phases      ] GC(63)   Weak JFR Old Object Samples    Min:  0.0, Avg:  0.0, Max:  0.0, Diff:  0.0, Sum:  0.0, Workers: 4
[917.514s][debug][gc,phases      ] GC(63)     Dead                           Min: 0, Avg:  0.0, Max: 0, Diff: 0, Sum: 0, Workers: 4
[917.514s][debug][gc,phases      ] GC(63)     Total                          Min: 0, Avg:  0.0, Max: 0, Diff: 0, Sum: 0, Workers: 4
[917.514s][debug][gc,phases      ] GC(63) Weak Processing 0.362ms
[917.514s][debug][gc,age         ] GC(63) Desired survivor size 77594624 bytes, new threshold 15 (max threshold 15)
[917.514s][info ][gc,heap        ] GC(63) PSYoungGen: 1934864K(2015232K)->7728K(2009088K) Eden: 1927168K(1927168K)->0K(1927168K) From: 7696K(88064K)->7728K(81920K)
[917.514s][info ][gc,heap        ] GC(63) ParOldGen: 418686K(541184K)->418726K(541184K)
[917.514s][info ][gc,metaspace   ] GC(63) Metaspace: 88292K(89408K)->88292K(89408K) NonClass: 75492K(76096K)->75492K(76096K) Class: 12800K(13312K)->12800K(13312K)
[917.514s][info ][gc             ] GC(63) Pause Young (Allocation Failure) 2298M->416M(2490M) 4.642ms
[917.514s][info ][gc,cpu         ] GC(63) User=0.01s Sys=0.01s Real=0.01s
[917.515s][info ][safepoint      ] Safepoint "ParallelGCFailedAllocation", Time since last: 185415154 ns, Reaching safepoint: 75501 ns, Cleanup: 4200 ns, At safepoint: 4702270 ns, Total: 4781971 ns
[918.515s][info ][safepoint      ] Safepoint "Cleanup", Time since last: 1000084171 ns, Reaching safepoint: 72201 ns, Cleanup: 15300 ns, At safepoint: 4600 ns, Total: 92101 ns
[919.515s][info ][safepoint      ] Safepoint "Cleanup", Time since last: 1000109406 ns, Reaching safepoint: 75601 ns, Cleanup: 7600 ns, At safepoint: 6100 ns, Total: 89301 ns
[921.515s][info ][safepoint      ] Safepoint "Cleanup", Time since last: 2000181312 ns, Reaching safepoint: 75801 ns, Cleanup: 36501 ns, At safepoint: 6600 ns, Total: 118902 ns
[923.515s][info ][safepoint      ] Safepoint "Cleanup", Time since last: 2000184012 ns, Reaching safepoint: 84101 ns, Cleanup: 11800 ns, At safepoint: 7400 ns, Total: 103301 ns
[926.516s][info ][safepoint      ] Safepoint "Cleanup", Time since last: 3000270636 ns, Reaching safepoint: 75801 ns, Cleanup: 9500 ns, At safepoint: 6400 ns, Total: 91701 ns
[931.516s][info ][safepoint      ] Safepoint "Cleanup", Time since last: 5000418749 ns, Reaching safepoint: 77202 ns, Cleanup: 9500 ns, At safepoint: 6500 ns, Total: 93202 ns
[937.517s][info ][safepoint      ] Safepoint "Cleanup", Time since last: 6000780398 ns, Reaching safepoint: 76401 ns, Cleanup: 11100 ns, At safepoint: 6900 ns, Total: 94401 ns
[939.518s][info ][safepoint      ] Safepoint "Cleanup", Time since last: 2000200064 ns, Reaching safepoint: 77201 ns, Cleanup: 9200 ns, At safepoint: 6700 ns, Total: 93101 ns
[940.518s][info ][safepoint      ] Safepoint "Cleanup", Time since last: 1000117482 ns, Reaching safepoint: 77102 ns, Cleanup: 10800 ns, At safepoint: 7200 ns, Total: 95102 ns
[941.508s][info ][gc,start       ] GC(64) Pause Young (Allocation Failure)
[941.514s][debug][gc,phases      ] GC(64) Scavenge 5.837ms
[941.514s][debug][gc,ref         ] GC(64) Skipped phase 1 of Reference Processing: no references
[941.514s][debug][gc,ref         ] GC(64) ReferenceProcessor::execute queues: 1, RefProcThreadModel::Single, marks_oops_alive: false
[941.514s][debug][gc,ref         ] GC(64) Skipped phase 3 of Reference Processing: no references
[941.514s][debug][gc,ref         ] GC(64) ReferenceProcessor::execute queues: 1, RefProcThreadModel::Single, marks_oops_alive: false
[941.514s][debug][gc,phases      ] GC(64) Reference Processing 0.109ms
[941.514s][debug][gc,phases      ] GC(64)   VM Weak                        Min:  0.0, Avg:  0.0, Max:  0.0, Diff:  0.0, Sum:  0.0, Workers: 4
[941.514s][debug][gc,phases      ] GC(64)     Dead                           Min: 0, Avg:  0.0, Max: 0, Diff: 0, Sum: 0, Workers: 4
[941.514s][debug][gc,phases      ] GC(64)     Total                          Min: 0, Avg: 232.5, Max: 512, Diff: 512, Sum: 930, Workers: 4
[941.514s][debug][gc,phases      ] GC(64)   ObjectSynchronizer Weak        Min:  0.0, Avg:  0.0, Max:  0.0, Diff:  0.0, Sum:  0.0, Workers: 4
[941.514s][debug][gc,phases      ] GC(64)     Dead                           Min: 0, Avg:  0.0, Max: 0, Diff: 0, Sum: 0, Workers: 4
[941.514s][debug][gc,phases      ] GC(64)     Total                          Min: 0, Avg:  1.5, Max: 6, Diff: 6, Sum: 6, Workers: 4
[941.514s][debug][gc,phases      ] GC(64)   JVMTI Tag Weak OopStorage      Min:  0.0, Avg:  0.0, Max:  0.0, Diff:  0.0, Sum:  0.0, Workers: 4
[941.514s][debug][gc,phases      ] GC(64)     Dead                           Min: 0, Avg:  0.0, Max: 0, Diff: 0, Sum: 0, Workers: 4
[941.514s][debug][gc,phases      ] GC(64)     Total                          Min: 0, Avg:  0.0, Max: 0, Diff: 0, Sum: 0, Workers: 4
[941.514s][debug][gc,phases      ] GC(64)   StringTable Weak               Min:  0.1, Avg:  0.1, Max:  0.1, Diff:  0.0, Sum:  0.4, Workers: 4
[941.514s][debug][gc,phases      ] GC(64)     Dead                           Min: 0, Avg:  0.0, Max: 0, Diff: 0, Sum: 0, Workers: 4
[941.514s][debug][gc,phases      ] GC(64)     Total                          Min: 10240, Avg: 11111.2, Max: 11456, Diff: 1216, Sum: 44445, Workers: 4
[941.514s][debug][gc,phases      ] GC(64)   ResolvedMethodTable Weak       Min:  0.0, Avg:  0.0, Max:  0.0, Diff:  0.0, Sum:  0.1, Workers: 4
[941.514s][debug][gc,phases      ] GC(64)     Dead                           Min: 0, Avg:  0.0, Max: 0, Diff: 0, Sum: 0, Workers: 4
[941.514s][debug][gc,phases      ] GC(64)     Total                          Min: 2688, Avg: 2745.8, Max: 2791, Diff: 103, Sum: 10983, Workers: 4
[941.514s][debug][gc,phases      ] GC(64)   JNI Weak                       Min:  0.0, Avg:  0.0, Max:  0.0, Diff:  0.0, Sum:  0.0, Workers: 4
[941.514s][debug][gc,phases      ] GC(64)     Dead                           Min: 0, Avg:  0.0, Max: 0, Diff: 0, Sum: 0, Workers: 4
[941.514s][debug][gc,phases      ] GC(64)     Total                          Min: 0, Avg: 12.0, Max: 48, Diff: 48, Sum: 48, Workers: 4
[941.514s][debug][gc,phases      ] GC(64)   StringDedup Table Weak         Min:  0.0, Avg:  0.0, Max:  0.0, Diff:  0.0, Sum:  0.0, Workers: 4
[941.514s][debug][gc,phases      ] GC(64)     Dead                           Min: 0, Avg:  0.0, Max: 0, Diff: 0, Sum: 0, Workers: 4
[941.514s][debug][gc,phases      ] GC(64)     Total                          Min: 0, Avg:  0.0, Max: 0, Diff: 0, Sum: 0, Workers: 4
[941.514s][debug][gc,phases      ] GC(64)   StringDedup Requests0 Weak     Min:  0.0, Avg:  0.0, Max:  0.0, Diff:  0.0, Sum:  0.0, Workers: 4
[941.514s][debug][gc,phases      ] GC(64)     Dead                           Min: 0, Avg:  0.0, Max: 0, Diff: 0, Sum: 0, Workers: 4
[941.514s][debug][gc,phases      ] GC(64)     Total                          Min: 0, Avg:  0.0, Max: 0, Diff: 0, Sum: 0, Workers: 4
[941.514s][debug][gc,phases      ] GC(64)   StringDedup Requests1 Weak     Min:  0.0, Avg:  0.0, Max:  0.0, Diff:  0.0, Sum:  0.0, Workers: 4
[941.514s][debug][gc,phases      ] GC(64)     Dead                           Min: 0, Avg:  0.0, Max: 0, Diff: 0, Sum: 0, Workers: 4
[941.514s][debug][gc,phases      ] GC(64)     Total                          Min: 0, Avg:  0.0, Max: 0, Diff: 0, Sum: 0, Workers: 4
[941.514s][debug][gc,phases      ] GC(64)   Weak JFR Old Object Samples    Min:  0.0, Avg:  0.0, Max:  0.0, Diff:  0.0, Sum:  0.0, Workers: 4
[941.514s][debug][gc,phases      ] GC(64)     Dead                           Min: 0, Avg:  0.0, Max: 0, Diff: 0, Sum: 0, Workers: 4
[941.514s][debug][gc,phases      ] GC(64)     Total                          Min: 0, Avg:  0.0, Max: 0, Diff: 0, Sum: 0, Workers: 4
[941.514s][debug][gc,phases      ] GC(64) Weak Processing 0.304ms
[941.514s][debug][gc,age         ] GC(64) Desired survivor size 72351744 bytes, new threshold 15 (max threshold 15)
[941.514s][info ][gc,heap        ] GC(64) PSYoungGen: 1934896K(2009088K)->8336K(2026496K) Eden: 1927168K(1927168K)->0K(1950720K) From: 7728K(81920K)->8336K(75776K)
[941.514s][info ][gc,heap        ] GC(64) ParOldGen: 418726K(541184K)->419331K(541184K)
[941.514s][info ][gc,metaspace   ] GC(64) Metaspace: 88302K(89408K)->88302K(89408K) NonClass: 75501K(76096K)->75501K(76096K) Class: 12800K(13312K)->12800K(13312K)
[941.514s][info ][gc             ] GC(64) Pause Young (Allocation Failure) 2298M->417M(2507M) 6.372ms
[941.514s][info ][gc,cpu         ] GC(64) User=0.02s Sys=0.00s Real=0.01s
[941.514s][info ][safepoint      ] Safepoint "ParallelGCFailedAllocation", Time since last: 990087840 ns, Reaching safepoint: 72201 ns, Cleanup: 9400 ns, At safepoint: 6456491 ns, Total: 6538092 ns
[943.515s][info ][safepoint      ] Safepoint "Cleanup", Time since last: 2000162659 ns, Reaching safepoint: 73801 ns, Cleanup: 8900 ns, At safepoint: 5000 ns, Total: 87701 ns
[944.515s][info ][safepoint      ] Safepoint "Cleanup", Time since last: 1000105710 ns, Reaching safepoint: 70001 ns, Cleanup: 10600 ns, At safepoint: 6600 ns, Total: 87201 ns
[949.515s][info ][safepoint      ] Safepoint "Cleanup", Time since last: 5000391846 ns, Reaching safepoint: 75101 ns, Cleanup: 11000 ns, At safepoint: 6201 ns, Total: 92302 ns
[954.516s][info ][safepoint      ] Safepoint "Cleanup", Time since last: 5000380995 ns, Reaching safepoint: 78801 ns, Cleanup: 11901 ns, At safepoint: 7000 ns, Total: 97702 ns
[955.516s][info ][safepoint      ] Safepoint "Cleanup", Time since last: 1000106325 ns, Reaching safepoint: 73901 ns, Cleanup: 12400 ns, At safepoint: 6101 ns, Total: 92402 ns
[957.516s][info ][safepoint      ] Safepoint "Cleanup", Time since last: 2000187665 ns, Reaching safepoint: 77001 ns, Cleanup: 10500 ns, At safepoint: 7300 ns, Total: 94801 ns
[962.340s][info ][safepoint      ] Safepoint "Cleanup", Time since last: 4823437861 ns, Reaching safepoint: 5600 ns, Cleanup: 19300 ns, At safepoint: 2200 ns, Total: 27100 ns
[963.340s][info ][safepoint      ] Safepoint "Cleanup", Time since last: 1000113834 ns, Reaching safepoint: 4700 ns, Cleanup: 9500 ns, At safepoint: 2400 ns, Total: 16600 ns
[964.340s][info ][safepoint      ] Safepoint "Cleanup", Time since last: 1000111134 ns, Reaching safepoint: 4300 ns, Cleanup: 18600 ns, At safepoint: 1600 ns, Total: 24500 ns
[965.340s][info ][safepoint      ] Safepoint "Cleanup", Time since last: 1000104834 ns, Reaching safepoint: 6500 ns, Cleanup: 14400 ns, At safepoint: 2700 ns, Total: 23600 ns
[967.340s][info ][safepoint      ] Safepoint "Cleanup", Time since last: 2000180244 ns, Reaching safepoint: 5100 ns, Cleanup: 10300 ns, At safepoint: 2300 ns, Total: 17700 ns
[967.666s][info ][gc,start       ] GC(65) Pause Young (Allocation Failure)
[967.670s][debug][gc,phases      ] GC(65) Scavenge 3.760ms
[967.670s][debug][gc,ref         ] GC(65) Skipped phase 1 of Reference Processing: no references
[967.670s][debug][gc,ref         ] GC(65) ReferenceProcessor::execute queues: 1, RefProcThreadModel::Single, marks_oops_alive: false
[967.670s][debug][gc,ref         ] GC(65) Skipped phase 3 of Reference Processing: no references
[967.670s][debug][gc,ref         ] GC(65) ReferenceProcessor::execute queues: 1, RefProcThreadModel::Single, marks_oops_alive: false
[967.670s][debug][gc,phases      ] GC(65) Reference Processing 0.093ms
[967.670s][debug][gc,phases      ] GC(65)   VM Weak                        Min:  0.0, Avg:  0.0, Max:  0.0, Diff:  0.0, Sum:  0.0, Workers: 4
[967.670s][debug][gc,phases      ] GC(65)     Dead                           Min: 0, Avg:  0.0, Max: 0, Diff: 0, Sum: 0, Workers: 4
[967.670s][debug][gc,phases      ] GC(65)     Total                          Min: 0, Avg: 232.5, Max: 738, Diff: 738, Sum: 930, Workers: 4
[967.670s][debug][gc,phases      ] GC(65)   ObjectSynchronizer Weak        Min:  0.0, Avg:  0.0, Max:  0.0, Diff:  0.0, Sum:  0.0, Workers: 4
[967.670s][debug][gc,phases      ] GC(65)     Dead                           Min: 0, Avg:  0.0, Max: 0, Diff: 0, Sum: 0, Workers: 4
[967.670s][debug][gc,phases      ] GC(65)     Total                          Min: 0, Avg:  1.2, Max: 5, Diff: 5, Sum: 5, Workers: 4
[967.670s][debug][gc,phases      ] GC(65)   JVMTI Tag Weak OopStorage      Min:  0.0, Avg:  0.0, Max:  0.0, Diff:  0.0, Sum:  0.0, Workers: 4
[967.670s][debug][gc,phases      ] GC(65)     Dead                           Min: 0, Avg:  0.0, Max: 0, Diff: 0, Sum: 0, Workers: 4
[967.670s][debug][gc,phases      ] GC(65)     Total                          Min: 0, Avg:  0.0, Max: 0, Diff: 0, Sum: 0, Workers: 4
[967.670s][debug][gc,phases      ] GC(65)   StringTable Weak               Min:  0.0, Avg:  0.1, Max:  0.1, Diff:  0.1, Sum:  0.4, Workers: 4
[967.670s][debug][gc,phases      ] GC(65)     Dead                           Min: 0, Avg:  0.0, Max: 0, Diff: 0, Sum: 0, Workers: 4
[967.670s][debug][gc,phases      ] GC(65)     Total                          Min: 0, Avg: 11111.2, Max: 15296, Diff: 15296, Sum: 44445, Workers: 4
[967.670s][debug][gc,phases      ] GC(65)   ResolvedMethodTable Weak       Min:  0.0, Avg:  0.0, Max:  0.0, Diff:  0.0, Sum:  0.1, Workers: 4
[967.670s][debug][gc,phases      ] GC(65)     Dead                           Min: 0, Avg:  0.0, Max: 0, Diff: 0, Sum: 0, Workers: 4
[967.670s][debug][gc,phases      ] GC(65)     Total                          Min: 0, Avg: 2745.8, Max: 3712, Diff: 3712, Sum: 10983, Workers: 4
[967.670s][debug][gc,phases      ] GC(65)   JNI Weak                       Min:  0.0, Avg:  0.0, Max:  0.0, Diff:  0.0, Sum:  0.0, Workers: 4
[967.670s][debug][gc,phases      ] GC(65)     Dead                           Min: 0, Avg:  0.0, Max: 0, Diff: 0, Sum: 0, Workers: 4
[967.670s][debug][gc,phases      ] GC(65)     Total                          Min: 0, Avg: 12.0, Max: 48, Diff: 48, Sum: 48, Workers: 4
[967.670s][debug][gc,phases      ] GC(65)   StringDedup Table Weak         Min:  0.0, Avg:  0.0, Max:  0.0, Diff:  0.0, Sum:  0.0, Workers: 4
[967.670s][debug][gc,phases      ] GC(65)     Dead                           Min: 0, Avg:  0.0, Max: 0, Diff: 0, Sum: 0, Workers: 4
[967.670s][debug][gc,phases      ] GC(65)     Total                          Min: 0, Avg:  0.0, Max: 0, Diff: 0, Sum: 0, Workers: 4
[967.670s][debug][gc,phases      ] GC(65)   StringDedup Requests0 Weak     Min:  0.0, Avg:  0.0, Max:  0.0, Diff:  0.0, Sum:  0.0, Workers: 4
[967.670s][debug][gc,phases      ] GC(65)     Dead                           Min: 0, Avg:  0.0, Max: 0, Diff: 0, Sum: 0, Workers: 4
[967.670s][debug][gc,phases      ] GC(65)     Total                          Min: 0, Avg:  0.0, Max: 0, Diff: 0, Sum: 0, Workers: 4
[967.670s][debug][gc,phases      ] GC(65)   StringDedup Requests1 Weak     Min:  0.0, Avg:  0.0, Max:  0.0, Diff:  0.0, Sum:  0.0, Workers: 4
[967.670s][debug][gc,phases      ] GC(65)     Dead                           Min: 0, Avg:  0.0, Max: 0, Diff: 0, Sum: 0, Workers: 4
[967.670s][debug][gc,phases      ] GC(65)     Total                          Min: 0, Avg:  0.0, Max: 0, Diff: 0, Sum: 0, Workers: 4
[967.670s][debug][gc,phases      ] GC(65)   Weak JFR Old Object Samples    Min:  0.0, Avg:  0.0, Max:  0.0, Diff:  0.0, Sum:  0.0, Workers: 4
[967.670s][debug][gc,phases      ] GC(65)     Dead                           Min: 0, Avg:  0.0, Max: 0, Diff: 0, Sum: 0, Workers: 4
[967.670s][debug][gc,phases      ] GC(65)     Total                          Min: 0, Avg:  0.0, Max: 0, Diff: 0, Sum: 0, Workers: 4
[967.670s][debug][gc,phases      ] GC(65) Weak Processing 0.356ms
[967.670s][debug][gc,age         ] GC(65) Desired survivor size 67108864 bytes, new threshold 15 (max threshold 15)
[967.670s][info ][gc,heap        ] GC(65) PSYoungGen: 1959056K(2026496K)->7872K(2021376K) Eden: 1950720K(1950720K)->0K(1950720K) From: 8336K(75776K)->7872K(70656K)
[967.670s][info ][gc,heap        ] GC(65) ParOldGen: 419331K(541184K)->419575K(541184K)
[967.670s][info ][gc,metaspace   ] GC(65) Metaspace: 88304K(89408K)->88304K(89408K) NonClass: 75503K(76096K)->75503K(76096K) Class: 12800K(13312K)->12800K(13312K)
[967.670s][info ][gc             ] GC(65) Pause Young (Allocation Failure) 2322M->417M(2502M) 4.303ms
[967.670s][info ][gc,cpu         ] GC(65) User=0.02s Sys=0.00s Real=0.00s
[967.670s][info ][safepoint      ] Safepoint "ParallelGCFailedAllocation", Time since last: 325577893 ns, Reaching safepoint: 4900 ns, Cleanup: 3700 ns, At safepoint: 4360563 ns, Total: 4369163 ns
[968.670s][info ][safepoint      ] Safepoint "Cleanup", Time since last: 1000106417 ns, Reaching safepoint: 79801 ns, Cleanup: 9900 ns, At safepoint: 7500 ns, Total: 97201 ns
[971.671s][info ][safepoint      ] Safepoint "Cleanup", Time since last: 3000262148 ns, Reaching safepoint: 79201 ns, Cleanup: 13500 ns, At safepoint: 9200 ns, Total: 101901 ns
[974.671s][info ][safepoint      ] Safepoint "Cleanup", Time since last: 3000263314 ns, Reaching safepoint: 77801 ns, Cleanup: 8700 ns, At safepoint: 7200 ns, Total: 93701 ns
[981.672s][info ][safepoint      ] Safepoint "Cleanup", Time since last: 7000528840 ns, Reaching safepoint: 79702 ns, Cleanup: 10100 ns, At safepoint: 8100 ns, Total: 97902 ns
[985.672s][info ][safepoint      ] Safepoint "Cleanup", Time since last: 4000319207 ns, Reaching safepoint: 82802 ns, Cleanup: 9300 ns, At safepoint: 6000 ns, Total: 98102 ns
[986.672s][info ][safepoint      ] Safepoint "Cleanup", Time since last: 1000091482 ns, Reaching safepoint: 4400 ns, Cleanup: 14500 ns, At safepoint: 1700 ns, Total: 20600 ns
[993.021s][info ][gc,start       ] GC(66) Pause Young (Allocation Failure)
[993.028s][debug][gc,phases      ] GC(66) Scavenge 7.241ms
[993.028s][debug][gc,ref         ] GC(66) Skipped phase 1 of Reference Processing: no references
[993.028s][debug][gc,ref         ] GC(66) ReferenceProcessor::execute queues: 1, RefProcThreadModel::Single, marks_oops_alive: false
[993.028s][debug][gc,ref         ] GC(66) Skipped phase 3 of Reference Processing: no references
[993.028s][debug][gc,ref         ] GC(66) ReferenceProcessor::execute queues: 1, RefProcThreadModel::Single, marks_oops_alive: false
[993.028s][debug][gc,phases      ] GC(66) Reference Processing 0.091ms
[993.029s][debug][gc,phases      ] GC(66)   VM Weak                        Min:  0.0, Avg:  0.0, Max:  0.0, Diff:  0.0, Sum:  0.0, Workers: 4
[993.029s][debug][gc,phases      ] GC(66)     Dead                           Min: 0, Avg:  0.0, Max: 0, Diff: 0, Sum: 0, Workers: 4
[993.029s][debug][gc,phases      ] GC(66)     Total                          Min: 0, Avg: 232.5, Max: 546, Diff: 546, Sum: 930, Workers: 4
[993.029s][debug][gc,phases      ] GC(66)   ObjectSynchronizer Weak        Min:  0.0, Avg:  0.0, Max:  0.0, Diff:  0.0, Sum:  0.0, Workers: 4
[993.029s][debug][gc,phases      ] GC(66)     Dead                           Min: 0, Avg:  0.0, Max: 0, Diff: 0, Sum: 0, Workers: 4
[993.029s][debug][gc,phases      ] GC(66)     Total                          Min: 0, Avg:  1.5, Max: 6, Diff: 6, Sum: 6, Workers: 4
[993.029s][debug][gc,phases      ] GC(66)   JVMTI Tag Weak OopStorage      Min:  0.0, Avg:  0.0, Max:  0.0, Diff:  0.0, Sum:  0.0, Workers: 4
[993.029s][debug][gc,phases      ] GC(66)     Dead                           Min: 0, Avg:  0.0, Max: 0, Diff: 0, Sum: 0, Workers: 4
[993.029s][debug][gc,phases      ] GC(66)     Total                          Min: 0, Avg:  0.0, Max: 0, Diff: 0, Sum: 0, Workers: 4
[993.029s][debug][gc,phases      ] GC(66)   StringTable Weak               Min:  0.0, Avg:  0.1, Max:  0.2, Diff:  0.2, Sum:  0.3, Workers: 4
[993.029s][debug][gc,phases      ] GC(66)     Dead                           Min: 0, Avg:  0.0, Max: 0, Diff: 0, Sum: 0, Workers: 4
[993.029s][debug][gc,phases      ] GC(66)     Total                          Min: 0, Avg: 11111.2, Max: 26688, Diff: 26688, Sum: 44445, Workers: 4
[993.029s][debug][gc,phases      ] GC(66)   ResolvedMethodTable Weak       Min:  0.0, Avg:  0.0, Max:  0.0, Diff:  0.0, Sum:  0.1, Workers: 4
[993.029s][debug][gc,phases      ] GC(66)     Dead                           Min: 0, Avg:  0.0, Max: 0, Diff: 0, Sum: 0, Workers: 4
[993.029s][debug][gc,phases      ] GC(66)     Total                          Min: 0, Avg: 2745.8, Max: 6567, Diff: 6567, Sum: 10983, Workers: 4
[993.029s][debug][gc,phases      ] GC(66)   JNI Weak                       Min:  0.0, Avg:  0.0, Max:  0.0, Diff:  0.0, Sum:  0.0, Workers: 4
[993.029s][debug][gc,phases      ] GC(66)     Dead                           Min: 0, Avg:  0.0, Max: 0, Diff: 0, Sum: 0, Workers: 4
[993.029s][debug][gc,phases      ] GC(66)     Total                          Min: 0, Avg: 12.0, Max: 48, Diff: 48, Sum: 48, Workers: 4
[993.029s][debug][gc,phases      ] GC(66)   StringDedup Table Weak         Min:  0.0, Avg:  0.0, Max:  0.0, Diff:  0.0, Sum:  0.0, Workers: 4
[993.029s][debug][gc,phases      ] GC(66)     Dead                           Min: 0, Avg:  0.0, Max: 0, Diff: 0, Sum: 0, Workers: 4
[993.029s][debug][gc,phases      ] GC(66)     Total                          Min: 0, Avg:  0.0, Max: 0, Diff: 0, Sum: 0, Workers: 4
[993.029s][debug][gc,phases      ] GC(66)   StringDedup Requests0 Weak     Min:  0.0, Avg:  0.0, Max:  0.0, Diff:  0.0, Sum:  0.0, Workers: 4
[993.029s][debug][gc,phases      ] GC(66)     Dead                           Min: 0, Avg:  0.0, Max: 0, Diff: 0, Sum: 0, Workers: 4
[993.029s][debug][gc,phases      ] GC(66)     Total                          Min: 0, Avg:  0.0, Max: 0, Diff: 0, Sum: 0, Workers: 4
[993.029s][debug][gc,phases      ] GC(66)   StringDedup Requests1 Weak     Min:  0.0, Avg:  0.0, Max:  0.0, Diff:  0.0, Sum:  0.0, Workers: 4
[993.029s][debug][gc,phases      ] GC(66)     Dead                           Min: 0, Avg:  0.0, Max: 0, Diff: 0, Sum: 0, Workers: 4
[993.029s][debug][gc,phases      ] GC(66)     Total                          Min: 0, Avg:  0.0, Max: 0, Diff: 0, Sum: 0, Workers: 4
[993.029s][debug][gc,phases      ] GC(66)   Weak JFR Old Object Samples    Min:  0.0, Avg:  0.0, Max:  0.0, Diff:  0.0, Sum:  0.0, Workers: 4
[993.029s][debug][gc,phases      ] GC(66)     Dead                           Min: 0, Avg:  0.0, Max: 0, Diff: 0, Sum: 0, Workers: 4
[993.029s][debug][gc,phases      ] GC(66)     Total                          Min: 0, Avg:  0.0, Max: 0, Diff: 0, Sum: 0, Workers: 4
[993.029s][debug][gc,phases      ] GC(66) Weak Processing 0.371ms
[993.029s][debug][gc,age         ] GC(66) Desired survivor size 62390272 bytes, new threshold 15 (max threshold 15)
[993.029s][info ][gc,heap        ] GC(66) PSYoungGen: 1958592K(2021376K)->7408K(2036224K) Eden: 1950720K(1950720K)->0K(1970688K) From: 7872K(70656K)->7408K(65536K)
[993.029s][info ][gc,heap        ] GC(66) ParOldGen: 419575K(541184K)->419599K(541184K)
[993.029s][info ][gc,metaspace   ] GC(66) Metaspace: 88310K(89408K)->88310K(89408K) NonClass: 75509K(76096K)->75509K(76096K) Class: 12800K(13312K)->12800K(13312K)
[993.029s][info ][gc             ] GC(66) Pause Young (Allocation Failure) 2322M->416M(2517M) 7.801ms
[993.029s][info ][gc,cpu         ] GC(66) User=0.02s Sys=0.00s Real=0.01s
[993.029s][info ][safepoint      ] Safepoint "ParallelGCFailedAllocation", Time since last: 6348507253 ns, Reaching safepoint: 75801 ns, Cleanup: 3800 ns, At safepoint: 7863313 ns, Total: 7942914 ns
[995.029s][info ][safepoint      ] Safepoint "Cleanup", Time since last: 2000154140 ns, Reaching safepoint: 4500 ns, Cleanup: 9900 ns, At safepoint: 1700 ns, Total: 16100 ns
[996.029s][info ][safepoint      ] Safepoint "Cleanup", Time since last: 1000104070 ns, Reaching safepoint: 3400 ns, Cleanup: 11300 ns, At safepoint: 4200 ns, Total: 18900 ns
[1001.029s][info ][safepoint      ] Safepoint "Cleanup", Time since last: 5000361996 ns, Reaching safepoint: 5901 ns, Cleanup: 9700 ns, At safepoint: 2500 ns, Total: 18101 ns
[1007.030s][info ][safepoint      ] Safepoint "Cleanup", Time since last: 6000450085 ns, Reaching safepoint: 4600 ns, Cleanup: 10901 ns, At safepoint: 17600 ns, Total: 33101 ns
[1014.030s][info ][safepoint      ] Safepoint "Cleanup", Time since last: 7000498652 ns, Reaching safepoint: 4800 ns, Cleanup: 7600 ns, At safepoint: 1700 ns, Total: 14100 ns
[1016.031s][info ][safepoint      ] Safepoint "Cleanup", Time since last: 2000185427 ns, Reaching safepoint: 4900 ns, Cleanup: 15700 ns, At safepoint: 2300 ns, Total: 22900 ns
[1017.031s][info ][safepoint      ] Safepoint "Cleanup", Time since last: 1000099514 ns, Reaching safepoint: 3700 ns, Cleanup: 8700 ns, At safepoint: 1900 ns, Total: 14300 ns
[1018.918s][info ][gc,start       ] GC(67) Pause Young (Allocation Failure)
[1018.925s][debug][gc,phases      ] GC(67) Scavenge 6.972ms
[1018.925s][debug][gc,ref         ] GC(67) Skipped phase 1 of Reference Processing: no references
[1018.925s][debug][gc,ref         ] GC(67) ReferenceProcessor::execute queues: 1, RefProcThreadModel::Single, marks_oops_alive: false
[1018.925s][debug][gc,ref         ] GC(67) Skipped phase 3 of Reference Processing: no references
[1018.925s][debug][gc,ref         ] GC(67) ReferenceProcessor::execute queues: 1, RefProcThreadModel::Single, marks_oops_alive: false
[1018.925s][debug][gc,phases      ] GC(67) Reference Processing 0.092ms
[1018.925s][debug][gc,phases      ] GC(67)   VM Weak                        Min:  0.0, Avg:  0.0, Max:  0.0, Diff:  0.0, Sum:  0.0, Workers: 4
[1018.925s][debug][gc,phases      ] GC(67)     Dead                           Min: 0, Avg:  0.0, Max: 0, Diff: 0, Sum: 0, Workers: 4
[1018.925s][debug][gc,phases      ] GC(67)     Total                          Min: 0, Avg: 232.5, Max: 640, Diff: 640, Sum: 930, Workers: 4
[1018.925s][debug][gc,phases      ] GC(67)   ObjectSynchronizer Weak        Min:  0.0, Avg:  0.0, Max:  0.0, Diff:  0.0, Sum:  0.0, Workers: 4
[1018.925s][debug][gc,phases      ] GC(67)     Dead                           Min: 0, Avg:  0.0, Max: 0, Diff: 0, Sum: 0, Workers: 4
[1018.925s][debug][gc,phases      ] GC(67)     Total                          Min: 0, Avg:  1.5, Max: 6, Diff: 6, Sum: 6, Workers: 4
[1018.925s][debug][gc,phases      ] GC(67)   JVMTI Tag Weak OopStorage      Min:  0.0, Avg:  0.0, Max:  0.0, Diff:  0.0, Sum:  0.0, Workers: 4
[1018.925s][debug][gc,phases      ] GC(67)     Dead                           Min: 0, Avg:  0.0, Max: 0, Diff: 0, Sum: 0, Workers: 4
[1018.925s][debug][gc,phases      ] GC(67)     Total                          Min: 0, Avg:  0.0, Max: 0, Diff: 0, Sum: 0, Workers: 4
[1018.925s][debug][gc,phases      ] GC(67)   StringTable Weak               Min:  0.0, Avg:  0.1, Max:  0.1, Diff:  0.1, Sum:  0.4, Workers: 4
[1018.925s][debug][gc,phases      ] GC(67)     Dead                           Min: 0, Avg:  0.0, Max: 0, Diff: 0, Sum: 0, Workers: 4
[1018.925s][debug][gc,phases      ] GC(67)     Total                          Min: 0, Avg: 11112.2, Max: 15296, Diff: 15296, Sum: 44449, Workers: 4
[1018.925s][debug][gc,phases      ] GC(67)   ResolvedMethodTable Weak       Min:  0.0, Avg:  0.0, Max:  0.0, Diff:  0.0, Sum:  0.1, Workers: 4
[1018.925s][debug][gc,phases      ] GC(67)     Dead                           Min: 0, Avg:  0.0, Max: 0, Diff: 0, Sum: 0, Workers: 4
[1018.925s][debug][gc,phases      ] GC(67)     Total                          Min: 0, Avg: 2745.8, Max: 3879, Diff: 3879, Sum: 10983, Workers: 4
[1018.925s][debug][gc,phases      ] GC(67)   JNI Weak                       Min:  0.0, Avg:  0.0, Max:  0.0, Diff:  0.0, Sum:  0.0, Workers: 4
[1018.925s][debug][gc,phases      ] GC(67)     Dead                           Min: 0, Avg:  0.0, Max: 0, Diff: 0, Sum: 0, Workers: 4
[1018.925s][debug][gc,phases      ] GC(67)     Total                          Min: 0, Avg: 12.0, Max: 48, Diff: 48, Sum: 48, Workers: 4
[1018.925s][debug][gc,phases      ] GC(67)   StringDedup Table Weak         Min:  0.0, Avg:  0.0, Max:  0.0, Diff:  0.0, Sum:  0.0, Workers: 4
[1018.925s][debug][gc,phases      ] GC(67)     Dead                           Min: 0, Avg:  0.0, Max: 0, Diff: 0, Sum: 0, Workers: 4
[1018.925s][debug][gc,phases      ] GC(67)     Total                          Min: 0, Avg:  0.0, Max: 0, Diff: 0, Sum: 0, Workers: 4
[1018.925s][debug][gc,phases      ] GC(67)   StringDedup Requests0 Weak     Min:  0.0, Avg:  0.0, Max:  0.0, Diff:  0.0, Sum:  0.0, Workers: 4
[1018.925s][debug][gc,phases      ] GC(67)     Dead                           Min: 0, Avg:  0.0, Max: 0, Diff: 0, Sum: 0, Workers: 4
[1018.925s][debug][gc,phases      ] GC(67)     Total                          Min: 0, Avg:  0.0, Max: 0, Diff: 0, Sum: 0, Workers: 4
[1018.925s][debug][gc,phases      ] GC(67)   StringDedup Requests1 Weak     Min:  0.0, Avg:  0.0, Max:  0.0, Diff:  0.0, Sum:  0.0, Workers: 4
[1018.925s][debug][gc,phases      ] GC(67)     Dead                           Min: 0, Avg:  0.0, Max: 0, Diff: 0, Sum: 0, Workers: 4
[1018.925s][debug][gc,phases      ] GC(67)     Total                          Min: 0, Avg:  0.0, Max: 0, Diff: 0, Sum: 0, Workers: 4
[1018.925s][debug][gc,phases      ] GC(67)   Weak JFR Old Object Samples    Min:  0.0, Avg:  0.0, Max:  0.0, Diff:  0.0, Sum:  0.0, Workers: 4
[1018.925s][debug][gc,phases      ] GC(67)     Dead                           Min: 0, Avg:  0.0, Max: 0, Diff: 0, Sum: 0, Workers: 4
[1018.925s][debug][gc,phases      ] GC(67)     Total                          Min: 0, Avg:  0.0, Max: 0, Diff: 0, Sum: 0, Workers: 4
[1018.925s][debug][gc,phases      ] GC(67) Weak Processing 0.340ms
[1018.925s][debug][gc,age         ] GC(67) Desired survivor size 58195968 bytes, new threshold 15 (max threshold 15)
[1018.925s][info ][gc,heap        ] GC(67) PSYoungGen: 1978096K(2036224K)->7040K(2031616K) Eden: 1970688K(1970688K)->0K(1970688K) From: 7408K(65536K)->7040K(60928K)
[1018.925s][info ][gc,heap        ] GC(67) ParOldGen: 419599K(541184K)->419679K(541184K)
[1018.925s][info ][gc,metaspace   ] GC(67) Metaspace: 88319K(89408K)->88319K(89408K) NonClass: 75518K(76096K)->75518K(76096K) Class: 12800K(13312K)->12800K(13312K)
[1018.925s][info ][gc             ] GC(67) Pause Young (Allocation Failure) 2341M->416M(2512M) 7.516ms
[1018.925s][info ][gc,cpu         ] GC(67) User=0.01s Sys=0.00s Real=0.01s
[1018.925s][info ][safepoint      ] Safepoint "ParallelGCFailedAllocation", Time since last: 1886871816 ns, Reaching safepoint: 4700 ns, Cleanup: 3800 ns, At safepoint: 7573908 ns, Total: 7582408 ns
[1022.355s][info ][safepoint      ] Safepoint "Cleanup", Time since last: 3429447603 ns, Reaching safepoint: 4200 ns, Cleanup: 10200 ns, At safepoint: 1600 ns, Total: 16000 ns
[1023.355s][info ][safepoint      ] Safepoint "Cleanup", Time since last: 1000061696 ns, Reaching safepoint: 6400 ns, Cleanup: 15901 ns, At safepoint: 1700 ns, Total: 24001 ns
[1024.355s][info ][safepoint      ] Safepoint "Cleanup", Time since last: 1000094097 ns, Reaching safepoint: 4000 ns, Cleanup: 10100 ns, At safepoint: 1800 ns, Total: 15900 ns
[1031.355s][info ][safepoint      ] Safepoint "Cleanup", Time since last: 7000491182 ns, Reaching safepoint: 6000 ns, Cleanup: 44901 ns, At safepoint: 2400 ns, Total: 53301 ns
[1032.356s][info ][safepoint      ] Safepoint "Cleanup", Time since last: 1000074118 ns, Reaching safepoint: 4100 ns, Cleanup: 40300 ns, At safepoint: 3700 ns, Total: 48100 ns
[1033.356s][info ][safepoint      ] Safepoint "Cleanup", Time since last: 1000097518 ns, Reaching safepoint: 4800 ns, Cleanup: 15900 ns, At safepoint: 4100 ns, Total: 24800 ns
[1034.356s][info ][safepoint      ] Safepoint "Cleanup", Time since last: 1000093418 ns, Reaching safepoint: 4700 ns, Cleanup: 12300 ns, At safepoint: 1600 ns, Total: 18600 ns
[1036.356s][info ][safepoint      ] Safepoint "Cleanup", Time since last: 2000171335 ns, Reaching safepoint: 4501 ns, Cleanup: 15200 ns, At safepoint: 1800 ns, Total: 21501 ns
[1037.356s][info ][safepoint      ] Safepoint "Cleanup", Time since last: 1000113718 ns, Reaching safepoint: 5300 ns, Cleanup: 12900 ns, At safepoint: 1900 ns, Total: 20100 ns
[1039.356s][info ][safepoint      ] Safepoint "Cleanup", Time since last: 2000157729 ns, Reaching safepoint: 4200 ns, Cleanup: 13500 ns, At safepoint: 1500 ns, Total: 19200 ns
[1043.357s][info ][safepoint      ] Safepoint "Cleanup", Time since last: 4000261758 ns, Reaching safepoint: 4500 ns, Cleanup: 16001 ns, At safepoint: 1800 ns, Total: 22301 ns
[1044.030s][info ][gc,start       ] GC(68) Pause Young (Allocation Failure)
[1044.037s][debug][gc,phases      ] GC(68) Scavenge 6.624ms
[1044.037s][debug][gc,ref         ] GC(68) Skipped phase 1 of Reference Processing: no references
[1044.037s][debug][gc,ref         ] GC(68) ReferenceProcessor::execute queues: 1, RefProcThreadModel::Single, marks_oops_alive: false
[1044.037s][debug][gc,ref         ] GC(68) Skipped phase 3 of Reference Processing: no references
[1044.037s][debug][gc,ref         ] GC(68) ReferenceProcessor::execute queues: 1, RefProcThreadModel::Single, marks_oops_alive: false
[1044.037s][debug][gc,phases      ] GC(68) Reference Processing 0.113ms
[1044.037s][debug][gc,phases      ] GC(68)   VM Weak                        Min:  0.0, Avg:  0.0, Max:  0.0, Diff:  0.0, Sum:  0.0, Workers: 4
[1044.037s][debug][gc,phases      ] GC(68)     Dead                           Min: 0, Avg:  0.0, Max: 0, Diff: 0, Sum: 0, Workers: 4
[1044.037s][debug][gc,phases      ] GC(68)     Total                          Min: 0, Avg: 232.5, Max: 576, Diff: 576, Sum: 930, Workers: 4
[1044.037s][debug][gc,phases      ] GC(68)   ObjectSynchronizer Weak        Min:  0.0, Avg:  0.0, Max:  0.0, Diff:  0.0, Sum:  0.0, Workers: 4
[1044.037s][debug][gc,phases      ] GC(68)     Dead                           Min: 0, Avg:  0.0, Max: 0, Diff: 0, Sum: 0, Workers: 4
[1044.037s][debug][gc,phases      ] GC(68)     Total                          Min: 0, Avg:  1.5, Max: 6, Diff: 6, Sum: 6, Workers: 4
[1044.037s][debug][gc,phases      ] GC(68)   JVMTI Tag Weak OopStorage      Min:  0.0, Avg:  0.0, Max:  0.0, Diff:  0.0, Sum:  0.0, Workers: 4
[1044.037s][debug][gc,phases      ] GC(68)     Dead                           Min: 0, Avg:  0.0, Max: 0, Diff: 0, Sum: 0, Workers: 4
[1044.037s][debug][gc,phases      ] GC(68)     Total                          Min: 0, Avg:  0.0, Max: 0, Diff: 0, Sum: 0, Workers: 4
[1044.037s][debug][gc,phases      ] GC(68)   StringTable Weak               Min:  0.0, Avg:  0.1, Max:  0.1, Diff:  0.1, Sum:  0.4, Workers: 4
[1044.037s][debug][gc,phases      ] GC(68)     Dead                           Min: 0, Avg:  0.0, Max: 0, Diff: 0, Sum: 0, Workers: 4
[1044.037s][debug][gc,phases      ] GC(68)     Total                          Min: 0, Avg: 11116.5, Max: 15616, Diff: 15616, Sum: 44466, Workers: 4
[1044.037s][debug][gc,phases      ] GC(68)   ResolvedMethodTable Weak       Min:  0.0, Avg:  0.0, Max:  0.0, Diff:  0.0, Sum:  0.1, Workers: 4
[1044.037s][debug][gc,phases      ] GC(68)     Dead                           Min: 0, Avg:  0.0, Max: 0, Diff: 0, Sum: 0, Workers: 4
[1044.037s][debug][gc,phases      ] GC(68)     Total                          Min: 0, Avg: 2746.2, Max: 3904, Diff: 3904, Sum: 10985, Workers: 4
[1044.037s][debug][gc,phases      ] GC(68)   JNI Weak                       Min:  0.0, Avg:  0.0, Max:  0.0, Diff:  0.0, Sum:  0.0, Workers: 4
[1044.037s][debug][gc,phases      ] GC(68)     Dead                           Min: 0, Avg:  0.0, Max: 0, Diff: 0, Sum: 0, Workers: 4
[1044.037s][debug][gc,phases      ] GC(68)     Total                          Min: 0, Avg: 12.0, Max: 48, Diff: 48, Sum: 48, Workers: 4
[1044.037s][debug][gc,phases      ] GC(68)   StringDedup Table Weak         Min:  0.0, Avg:  0.0, Max:  0.0, Diff:  0.0, Sum:  0.0, Workers: 4
[1044.037s][debug][gc,phases      ] GC(68)     Dead                           Min: 0, Avg:  0.0, Max: 0, Diff: 0, Sum: 0, Workers: 4
[1044.037s][debug][gc,phases      ] GC(68)     Total                          Min: 0, Avg:  0.0, Max: 0, Diff: 0, Sum: 0, Workers: 4
[1044.037s][debug][gc,phases      ] GC(68)   StringDedup Requests0 Weak     Min:  0.0, Avg:  0.0, Max:  0.0, Diff:  0.0, Sum:  0.0, Workers: 4
[1044.037s][debug][gc,phases      ] GC(68)     Dead                           Min: 0, Avg:  0.0, Max: 0, Diff: 0, Sum: 0, Workers: 4
[1044.037s][debug][gc,phases      ] GC(68)     Total                          Min: 0, Avg:  0.0, Max: 0, Diff: 0, Sum: 0, Workers: 4
[1044.037s][debug][gc,phases      ] GC(68)   StringDedup Requests1 Weak     Min:  0.0, Avg:  0.0, Max:  0.0, Diff:  0.0, Sum:  0.0, Workers: 4
[1044.037s][debug][gc,phases      ] GC(68)     Dead                           Min: 0, Avg:  0.0, Max: 0, Diff: 0, Sum: 0, Workers: 4
[1044.037s][debug][gc,phases      ] GC(68)     Total                          Min: 0, Avg:  0.0, Max: 0, Diff: 0, Sum: 0, Workers: 4
[1044.037s][debug][gc,phases      ] GC(68)   Weak JFR Old Object Samples    Min:  0.0, Avg:  0.0, Max:  0.0, Diff:  0.0, Sum:  0.0, Workers: 4
[1044.037s][debug][gc,phases      ] GC(68)     Dead                           Min: 0, Avg:  0.0, Max: 0, Diff: 0, Sum: 0, Workers: 4
[1044.037s][debug][gc,phases      ] GC(68)     Total                          Min: 0, Avg:  0.0, Max: 0, Diff: 0, Sum: 0, Workers: 4
[1044.037s][debug][gc,phases      ] GC(68) Weak Processing 0.336ms
[1044.037s][debug][gc,age         ] GC(68) Desired survivor size 54525952 bytes, new threshold 15 (max threshold 15)
[1044.037s][info ][gc,heap        ] GC(68) PSYoungGen: 1977728K(2031616K)->6864K(2043904K) Eden: 1970688K(1970688K)->0K(1987072K) From: 7040K(60928K)->6864K(56832K)
[1044.037s][info ][gc,heap        ] GC(68) ParOldGen: 419679K(541184K)->419727K(541184K)
[1044.037s][info ][gc,metaspace   ] GC(68) Metaspace: 88329K(89408K)->88329K(89408K) NonClass: 75528K(76096K)->75528K(76096K) Class: 12800K(13312K)->12800K(13312K)
[1044.037s][info ][gc             ] GC(68) Pause Young (Allocation Failure) 2341M->416M(2524M) 7.173ms
[1044.037s][info ][gc,cpu         ] GC(68) User=0.00s Sys=0.01s Real=0.01s
[1044.037s][info ][safepoint      ] Safepoint "ParallelGCFailedAllocation", Time since last: 673187100 ns, Reaching safepoint: 74601 ns, Cleanup: 3400 ns, At safepoint: 7236303 ns, Total: 7314304 ns
[1049.037s][info ][safepoint      ] Safepoint "Cleanup", Time since last: 5000339139 ns, Reaching safepoint: 4200 ns, Cleanup: 9700 ns, At safepoint: 1900 ns, Total: 15800 ns
[1050.792s][info ][safepoint      ] Safepoint "Cleanup", Time since last: 1754701021 ns, Reaching safepoint: 5400 ns, Cleanup: 39501 ns, At safepoint: 2500 ns, Total: 47401 ns
[1051.792s][info ][safepoint      ] Safepoint "Cleanup", Time since last: 1000103004 ns, Reaching safepoint: 5700 ns, Cleanup: 12000 ns, At safepoint: 2300 ns, Total: 20000 ns
[1052.792s][info ][safepoint      ] Safepoint "Cleanup", Time since last: 1000129905 ns, Reaching safepoint: 5700 ns, Cleanup: 15500 ns, At safepoint: 2500 ns, Total: 23700 ns
[1057.793s][info ][safepoint      ] Safepoint "Cleanup", Time since last: 5000390251 ns, Reaching safepoint: 5200 ns, Cleanup: 10000 ns, At safepoint: 2100 ns, Total: 17300 ns
[1058.793s][info ][safepoint      ] Safepoint "Cleanup", Time since last: 1000120153 ns, Reaching safepoint: 5700 ns, Cleanup: 12500 ns, At safepoint: 2500 ns, Total: 20700 ns
[1059.793s][info ][safepoint      ] Safepoint "Cleanup", Time since last: 1000124053 ns, Reaching safepoint: 5600 ns, Cleanup: 10300 ns, At safepoint: 2200 ns, Total: 18100 ns
[1064.794s][info ][safepoint      ] Safepoint "Cleanup", Time since last: 5000385545 ns, Reaching safepoint: 4600 ns, Cleanup: 12500 ns, At safepoint: 2000 ns, Total: 19100 ns
[1071.608s][info ][gc,start       ] GC(69) Pause Young (Allocation Failure)
[1071.613s][debug][gc,phases      ] GC(69) Scavenge 4.665ms
[1071.613s][debug][gc,ref         ] GC(69) Skipped phase 1 of Reference Processing: no references
[1071.613s][debug][gc,ref         ] GC(69) ReferenceProcessor::execute queues: 1, RefProcThreadModel::Single, marks_oops_alive: false
[1071.613s][debug][gc,ref         ] GC(69) Skipped phase 3 of Reference Processing: no references
[1071.613s][debug][gc,ref         ] GC(69) ReferenceProcessor::execute queues: 1, RefProcThreadModel::Single, marks_oops_alive: false
[1071.613s][debug][gc,phases      ] GC(69) Reference Processing 0.093ms
[1071.613s][debug][gc,phases      ] GC(69)   VM Weak                        Min:  0.0, Avg:  0.0, Max:  0.0, Diff:  0.0, Sum:  0.0, Workers: 4
[1071.613s][debug][gc,phases      ] GC(69)     Dead                           Min: 0, Avg:  0.0, Max: 0, Diff: 0, Sum: 0, Workers: 4
[1071.613s][debug][gc,phases      ] GC(69)     Total                          Min: 34, Avg: 232.5, Max: 384, Diff: 350, Sum: 930, Workers: 4
[1071.613s][debug][gc,phases      ] GC(69)   ObjectSynchronizer Weak        Min:  0.0, Avg:  0.0, Max:  0.0, Diff:  0.0, Sum:  0.0, Workers: 4
[1071.613s][debug][gc,phases      ] GC(69)     Dead                           Min: 0, Avg:  0.0, Max: 0, Diff: 0, Sum: 0, Workers: 4
[1071.613s][debug][gc,phases      ] GC(69)     Total                          Min: 0, Avg:  1.5, Max: 6, Diff: 6, Sum: 6, Workers: 4
[1071.613s][debug][gc,phases      ] GC(69)   JVMTI Tag Weak OopStorage      Min:  0.0, Avg:  0.0, Max:  0.0, Diff:  0.0, Sum:  0.0, Workers: 4
[1071.613s][debug][gc,phases      ] GC(69)     Dead                           Min: 0, Avg:  0.0, Max: 0, Diff: 0, Sum: 0, Workers: 4
[1071.613s][debug][gc,phases      ] GC(69)     Total                          Min: 0, Avg:  0.0, Max: 0, Diff: 0, Sum: 0, Workers: 4
[1071.613s][debug][gc,phases      ] GC(69)   StringTable Weak               Min:  0.1, Avg:  0.1, Max:  0.1, Diff:  0.0, Sum:  0.4, Workers: 4
[1071.613s][debug][gc,phases      ] GC(69)     Dead                           Min: 0, Avg:  0.2, Max: 1, Diff: 1, Sum: 1, Workers: 4
[1071.613s][debug][gc,phases      ] GC(69)     Total                          Min: 10495, Avg: 11118.2, Max: 12096, Diff: 1601, Sum: 44473, Workers: 4
[1071.613s][debug][gc,phases      ] GC(69)   ResolvedMethodTable Weak       Min:  0.0, Avg:  0.0, Max:  0.0, Diff:  0.0, Sum:  0.1, Workers: 4
[1071.613s][debug][gc,phases      ] GC(69)     Dead                           Min: 0, Avg:  0.0, Max: 0, Diff: 0, Sum: 0, Workers: 4
[1071.613s][debug][gc,phases      ] GC(69)     Total                          Min: 2604, Avg: 2747.0, Max: 3008, Diff: 404, Sum: 10988, Workers: 4
[1071.613s][debug][gc,phases      ] GC(69)   JNI Weak                       Min:  0.0, Avg:  0.0, Max:  0.0, Diff:  0.0, Sum:  0.0, Workers: 4
[1071.613s][debug][gc,phases      ] GC(69)     Dead                           Min: 0, Avg:  0.0, Max: 0, Diff: 0, Sum: 0, Workers: 4
[1071.613s][debug][gc,phases      ] GC(69)     Total                          Min: 0, Avg: 12.0, Max: 48, Diff: 48, Sum: 48, Workers: 4
[1071.613s][debug][gc,phases      ] GC(69)   StringDedup Table Weak         Min:  0.0, Avg:  0.0, Max:  0.0, Diff:  0.0, Sum:  0.0, Workers: 4
[1071.613s][debug][gc,phases      ] GC(69)     Dead                           Min: 0, Avg:  0.0, Max: 0, Diff: 0, Sum: 0, Workers: 4
[1071.613s][debug][gc,phases      ] GC(69)     Total                          Min: 0, Avg:  0.0, Max: 0, Diff: 0, Sum: 0, Workers: 4
[1071.613s][debug][gc,phases      ] GC(69)   StringDedup Requests0 Weak     Min:  0.0, Avg:  0.0, Max:  0.0, Diff:  0.0, Sum:  0.0, Workers: 4
[1071.613s][debug][gc,phases      ] GC(69)     Dead                           Min: 0, Avg:  0.0, Max: 0, Diff: 0, Sum: 0, Workers: 4
[1071.613s][debug][gc,phases      ] GC(69)     Total                          Min: 0, Avg:  0.0, Max: 0, Diff: 0, Sum: 0, Workers: 4
[1071.613s][debug][gc,phases      ] GC(69)   StringDedup Requests1 Weak     Min:  0.0, Avg:  0.0, Max:  0.0, Diff:  0.0, Sum:  0.0, Workers: 4
[1071.613s][debug][gc,phases      ] GC(69)     Dead                           Min: 0, Avg:  0.0, Max: 0, Diff: 0, Sum: 0, Workers: 4
[1071.613s][debug][gc,phases      ] GC(69)     Total                          Min: 0, Avg:  0.0, Max: 0, Diff: 0, Sum: 0, Workers: 4
[1071.613s][debug][gc,phases      ] GC(69)   Weak JFR Old Object Samples    Min:  0.0, Avg:  0.0, Max:  0.0, Diff:  0.0, Sum:  0.0, Workers: 4
[1071.613s][debug][gc,phases      ] GC(69)     Dead                           Min: 0, Avg:  0.0, Max: 0, Diff: 0, Sum: 0, Workers: 4
[1071.613s][debug][gc,phases      ] GC(69)     Total                          Min: 0, Avg:  0.0, Max: 0, Diff: 0, Sum: 0, Workers: 4
[1071.613s][debug][gc,phases      ] GC(69) Weak Processing 0.300ms
[1071.613s][debug][gc,age         ] GC(69) Desired survivor size 50855936 bytes, new threshold 15 (max threshold 15)
[1071.613s][info ][gc,heap        ] GC(69) PSYoungGen: 1993936K(2043904K)->6720K(2040320K) Eden: 1987072K(1987072K)->0K(1987072K) From: 6864K(56832K)->6720K(53248K)
[1071.613s][info ][gc,heap        ] GC(69) ParOldGen: 419727K(541184K)->419783K(541184K)
[1071.613s][info ][gc,metaspace   ] GC(69) Metaspace: 88349K(89472K)->88349K(89472K) NonClass: 75544K(76160K)->75544K(76160K) Class: 12804K(13312K)->12804K(13312K)
[1071.613s][info ][gc             ] GC(69) Pause Young (Allocation Failure) 2357M->416M(2521M) 5.164ms
[1071.613s][info ][gc,cpu         ] GC(69) User=0.00s Sys=0.01s Real=0.01s
[1071.613s][info ][safepoint      ] Safepoint "ParallelGCFailedAllocation", Time since last: 6814236185 ns, Reaching safepoint: 49500 ns, Cleanup: 5000 ns, At safepoint: 5231781 ns, Total: 5286281 ns
[1074.613s][info ][safepoint      ] Safepoint "Cleanup", Time since last: 3000206316 ns, Reaching safepoint: 76001 ns, Cleanup: 9801 ns, At safepoint: 6900 ns, Total: 92702 ns
[1075.614s][info ][safepoint      ] Safepoint "Cleanup", Time since last: 1000109306 ns, Reaching safepoint: 78201 ns, Cleanup: 15100 ns, At safepoint: 4900 ns, Total: 98201 ns
[1079.773s][info ][safepoint      ] Safepoint "Cleanup", Time since last: 4159480608 ns, Reaching safepoint: 77401 ns, Cleanup: 14701 ns, At safepoint: 8600 ns, Total: 100702 ns
[1081.371s][info ][safepoint      ] Safepoint "Cleanup", Time since last: 1597211694 ns, Reaching safepoint: 80401 ns, Cleanup: 64601 ns, At safepoint: 8300 ns, Total: 153302 ns
[1082.371s][info ][safepoint      ] Safepoint "Cleanup", Time since last: 1000117260 ns, Reaching safepoint: 84701 ns, Cleanup: 10700 ns, At safepoint: 8100 ns, Total: 103501 ns
[1084.371s][info ][safepoint      ] Safepoint "Cleanup", Time since last: 2000174819 ns, Reaching safepoint: 4200 ns, Cleanup: 8600 ns, At safepoint: 18901 ns, Total: 31701 ns
[1085.371s][info ][safepoint      ] Safepoint "Cleanup", Time since last: 1000128660 ns, Reaching safepoint: 78301 ns, Cleanup: 9000 ns, At safepoint: 7000 ns, Total: 94301 ns
[1086.371s][info ][safepoint      ] Safepoint "Cleanup", Time since last: 1000108804 ns, Reaching safepoint: 4900 ns, Cleanup: 10000 ns, At safepoint: 1800 ns, Total: 16700 ns
[1087.372s][info ][safepoint      ] Safepoint "Cleanup", Time since last: 1000123943 ns, Reaching safepoint: 73701 ns, Cleanup: 9400 ns, At safepoint: 5200 ns, Total: 88301 ns
[1088.372s][info ][safepoint      ] Safepoint "Cleanup", Time since last: 1000120942 ns, Reaching safepoint: 81301 ns, Cleanup: 11400 ns, At safepoint: 8400 ns, Total: 101101 ns
[1089.372s][info ][safepoint      ] Safepoint "Cleanup", Time since last: 1000114643 ns, Reaching safepoint: 81801 ns, Cleanup: 15300 ns, At safepoint: 7600 ns, Total: 104701 ns
[1090.372s][info ][safepoint      ] Safepoint "Cleanup", Time since last: 1000125842 ns, Reaching safepoint: 83002 ns, Cleanup: 18400 ns, At safepoint: 6600 ns, Total: 108002 ns
[1093.372s][info ][safepoint      ] Safepoint "Cleanup", Time since last: 3000226625 ns, Reaching safepoint: 4900 ns, Cleanup: 11600 ns, At safepoint: 1900 ns, Total: 18400 ns
[1095.373s][info ][safepoint      ] Safepoint "Cleanup", Time since last: 2000174962 ns, Reaching safepoint: 75101 ns, Cleanup: 9100 ns, At safepoint: 6300 ns, Total: 90501 ns
[1097.910s][info ][gc,start       ] GC(70) Pause Young (Allocation Failure)
[1097.914s][debug][gc,phases      ] GC(70) Scavenge 4.567ms
[1097.914s][debug][gc,ref         ] GC(70) Skipped phase 1 of Reference Processing: no references
[1097.914s][debug][gc,ref         ] GC(70) ReferenceProcessor::execute queues: 1, RefProcThreadModel::Single, marks_oops_alive: false
[1097.914s][debug][gc,ref         ] GC(70) Skipped phase 3 of Reference Processing: no references
[1097.914s][debug][gc,ref         ] GC(70) ReferenceProcessor::execute queues: 1, RefProcThreadModel::Single, marks_oops_alive: false
[1097.914s][debug][gc,phases      ] GC(70) Reference Processing 0.092ms
[1097.914s][debug][gc,phases      ] GC(70)   VM Weak                        Min:  0.0, Avg:  0.0, Max:  0.0, Diff:  0.0, Sum:  0.0, Workers: 4
[1097.914s][debug][gc,phases      ] GC(70)     Dead                           Min: 0, Avg:  0.0, Max: 0, Diff: 0, Sum: 0, Workers: 4
[1097.914s][debug][gc,phases      ] GC(70)     Total                          Min: 0, Avg: 232.5, Max: 768, Diff: 768, Sum: 930, Workers: 4
[1097.914s][debug][gc,phases      ] GC(70)   ObjectSynchronizer Weak        Min:  0.0, Avg:  0.0, Max:  0.0, Diff:  0.0, Sum:  0.0, Workers: 4
[1097.914s][debug][gc,phases      ] GC(70)     Dead                           Min: 0, Avg:  0.0, Max: 0, Diff: 0, Sum: 0, Workers: 4
[1097.914s][debug][gc,phases      ] GC(70)     Total                          Min: 0, Avg:  1.5, Max: 6, Diff: 6, Sum: 6, Workers: 4
[1097.914s][debug][gc,phases      ] GC(70)   JVMTI Tag Weak OopStorage      Min:  0.0, Avg:  0.0, Max:  0.0, Diff:  0.0, Sum:  0.0, Workers: 4
[1097.915s][debug][gc,phases      ] GC(70)     Dead                           Min: 0, Avg:  0.0, Max: 0, Diff: 0, Sum: 0, Workers: 4
[1097.915s][debug][gc,phases      ] GC(70)     Total                          Min: 0, Avg:  0.0, Max: 0, Diff: 0, Sum: 0, Workers: 4
[1097.915s][debug][gc,phases      ] GC(70)   StringTable Weak               Min:  0.0, Avg:  0.1, Max:  0.1, Diff:  0.1, Sum:  0.4, Workers: 4
[1097.915s][debug][gc,phases      ] GC(70)     Dead                           Min: 0, Avg:  0.0, Max: 0, Diff: 0, Sum: 0, Workers: 4
[1097.915s][debug][gc,phases      ] GC(70)     Total                          Min: 0, Avg: 11118.5, Max: 16831, Diff: 16831, Sum: 44474, Workers: 4
[1097.915s][debug][gc,phases      ] GC(70)   ResolvedMethodTable Weak       Min:  0.0, Avg:  0.0, Max:  0.0, Diff:  0.0, Sum:  0.1, Workers: 4
[1097.915s][debug][gc,phases      ] GC(70)     Dead                           Min: 0, Avg:  0.0, Max: 0, Diff: 0, Sum: 0, Workers: 4
[1097.915s][debug][gc,phases      ] GC(70)     Total                          Min: 0, Avg: 2747.0, Max: 4652, Diff: 4652, Sum: 10988, Workers: 4
[1097.915s][debug][gc,phases      ] GC(70)   JNI Weak                       Min:  0.0, Avg:  0.0, Max:  0.0, Diff:  0.0, Sum:  0.0, Workers: 4
[1097.915s][debug][gc,phases      ] GC(70)     Dead                           Min: 0, Avg:  0.0, Max: 0, Diff: 0, Sum: 0, Workers: 4
[1097.915s][debug][gc,phases      ] GC(70)     Total                          Min: 0, Avg: 12.0, Max: 48, Diff: 48, Sum: 48, Workers: 4
[1097.915s][debug][gc,phases      ] GC(70)   StringDedup Table Weak         Min:  0.0, Avg:  0.0, Max:  0.0, Diff:  0.0, Sum:  0.0, Workers: 4
[1097.915s][debug][gc,phases      ] GC(70)     Dead                           Min: 0, Avg:  0.0, Max: 0, Diff: 0, Sum: 0, Workers: 4
[1097.915s][debug][gc,phases      ] GC(70)     Total                          Min: 0, Avg:  0.0, Max: 0, Diff: 0, Sum: 0, Workers: 4
[1097.915s][debug][gc,phases      ] GC(70)   StringDedup Requests0 Weak     Min:  0.0, Avg:  0.0, Max:  0.0, Diff:  0.0, Sum:  0.0, Workers: 4
[1097.915s][debug][gc,phases      ] GC(70)     Dead                           Min: 0, Avg:  0.0, Max: 0, Diff: 0, Sum: 0, Workers: 4
[1097.915s][debug][gc,phases      ] GC(70)     Total                          Min: 0, Avg:  0.0, Max: 0, Diff: 0, Sum: 0, Workers: 4
[1097.915s][debug][gc,phases      ] GC(70)   StringDedup Requests1 Weak     Min:  0.0, Avg:  0.0, Max:  0.0, Diff:  0.0, Sum:  0.0, Workers: 4
[1097.915s][debug][gc,phases      ] GC(70)     Dead                           Min: 0, Avg:  0.0, Max: 0, Diff: 0, Sum: 0, Workers: 4
[1097.915s][debug][gc,phases      ] GC(70)     Total                          Min: 0, Avg:  0.0, Max: 0, Diff: 0, Sum: 0, Workers: 4
[1097.915s][debug][gc,phases      ] GC(70)   Weak JFR Old Object Samples    Min:  0.0, Avg:  0.0, Max:  0.0, Diff:  0.0, Sum:  0.0, Workers: 4
[1097.915s][debug][gc,phases      ] GC(70)     Dead                           Min: 0, Avg:  0.0, Max: 0, Diff: 0, Sum: 0, Workers: 4
[1097.915s][debug][gc,phases      ] GC(70)     Total                          Min: 0, Avg:  0.0, Max: 0, Diff: 0, Sum: 0, Workers: 4
[1097.915s][debug][gc,phases      ] GC(70) Weak Processing 0.360ms
[1097.915s][debug][gc,age         ] GC(70) Desired survivor size 47710208 bytes, new threshold 15 (max threshold 15)
[1097.915s][info ][gc,heap        ] GC(70) PSYoungGen: 1993792K(2040320K)->6288K(2050560K) Eden: 1987072K(1987072K)->0K(2000896K) From: 6720K(53248K)->6288K(49664K)
[1097.915s][info ][gc,heap        ] GC(70) ParOldGen: 419783K(541184K)->419887K(541184K)
[1097.915s][info ][gc,metaspace   ] GC(70) Metaspace: 88357K(89472K)->88357K(89472K) NonClass: 75552K(76160K)->75552K(76160K) Class: 12804K(13312K)->12804K(13312K)
[1097.915s][info ][gc             ] GC(70) Pause Young (Allocation Failure) 2357M->416M(2531M) 5.137ms
[1097.915s][info ][gc,cpu         ] GC(70) User=0.02s Sys=0.00s Real=0.01s
[1097.915s][info ][safepoint      ] Safepoint "ParallelGCFailedAllocation", Time since last: 2536683119 ns, Reaching safepoint: 79501 ns, Cleanup: 9400 ns, At safepoint: 5206374 ns, Total: 5295275 ns
[1098.915s][info ][safepoint      ] Safepoint "Cleanup", Time since last: 1000082442 ns, Reaching safepoint: 77102 ns, Cleanup: 17200 ns, At safepoint: 4300 ns, Total: 98602 ns
[1099.915s][info ][safepoint      ] Safepoint "Cleanup", Time since last: 1000107143 ns, Reaching safepoint: 89801 ns, Cleanup: 15001 ns, At safepoint: 24000 ns, Total: 128802 ns
[1100.915s][info ][safepoint      ] Safepoint "Cleanup", Time since last: 1000110243 ns, Reaching safepoint: 73801 ns, Cleanup: 21901 ns, At safepoint: 3400 ns, Total: 99102 ns
[1103.916s][info ][safepoint      ] Safepoint "Cleanup", Time since last: 3000252624 ns, Reaching safepoint: 89701 ns, Cleanup: 7900 ns, At safepoint: 6900 ns, Total: 104501 ns
[1105.916s][info ][safepoint      ] Safepoint "Cleanup", Time since last: 2000192143 ns, Reaching safepoint: 77301 ns, Cleanup: 9400 ns, At safepoint: 6600 ns, Total: 93301 ns
[1106.916s][info ][safepoint      ] Safepoint "Cleanup", Time since last: 1000120172 ns, Reaching safepoint: 76601 ns, Cleanup: 9800 ns, At safepoint: 6800 ns, Total: 93201 ns
[1110.917s][info ][safepoint      ] Safepoint "Cleanup", Time since last: 4000325757 ns, Reaching safepoint: 79201 ns, Cleanup: 61201 ns, At safepoint: 5000 ns, Total: 145402 ns
[1111.917s][info ][safepoint      ] Safepoint "Cleanup", Time since last: 1000111366 ns, Reaching safepoint: 76901 ns, Cleanup: 56101 ns, At safepoint: 6800 ns, Total: 139802 ns
[1112.917s][info ][safepoint      ] Safepoint "Cleanup", Time since last: 1000118367 ns, Reaching safepoint: 77801 ns, Cleanup: 20900 ns, At safepoint: 7100 ns, Total: 105801 ns
[1113.917s][info ][safepoint      ] Safepoint "Cleanup", Time since last: 1000114967 ns, Reaching safepoint: 78201 ns, Cleanup: 12300 ns, At safepoint: 7700 ns, Total: 98201 ns
[1115.918s][info ][safepoint      ] Safepoint "Cleanup", Time since last: 2000211333 ns, Reaching safepoint: 78101 ns, Cleanup: 9300 ns, At safepoint: 7601 ns, Total: 95002 ns
[1116.918s][info ][safepoint      ] Safepoint "Cleanup", Time since last: 1000115166 ns, Reaching safepoint: 80601 ns, Cleanup: 10100 ns, At safepoint: 6901 ns, Total: 97602 ns
[1118.918s][info ][safepoint      ] Safepoint "Cleanup", Time since last: 2000192790 ns, Reaching safepoint: 77901 ns, Cleanup: 17400 ns, At safepoint: 5200 ns, Total: 100501 ns
[1119.918s][info ][safepoint      ] Safepoint "Cleanup", Time since last: 1000115048 ns, Reaching safepoint: 75901 ns, Cleanup: 47100 ns, At safepoint: 6400 ns, Total: 129401 ns
[1120.919s][info ][safepoint      ] Safepoint "Cleanup", Time since last: 1000109548 ns, Reaching safepoint: 72001 ns, Cleanup: 8300 ns, At safepoint: 5000 ns, Total: 85301 ns
[1121.919s][info ][safepoint      ] Safepoint "Cleanup", Time since last: 1000112947 ns, Reaching safepoint: 82001 ns, Cleanup: 14901 ns, At safepoint: 7600 ns, Total: 104502 ns
[1124.361s][info ][gc,start       ] GC(71) Pause Young (Allocation Failure)
[1124.367s][debug][gc,phases      ] GC(71) Scavenge 5.822ms
[1124.367s][debug][gc,ref         ] GC(71) Skipped phase 1 of Reference Processing: no references
[1124.367s][debug][gc,ref         ] GC(71) ReferenceProcessor::execute queues: 1, RefProcThreadModel::Single, marks_oops_alive: false
[1124.367s][debug][gc,ref         ] GC(71) Skipped phase 3 of Reference Processing: no references
[1124.367s][debug][gc,ref         ] GC(71) ReferenceProcessor::execute queues: 1, RefProcThreadModel::Single, marks_oops_alive: false
[1124.367s][debug][gc,phases      ] GC(71) Reference Processing 0.127ms
[1124.368s][debug][gc,phases      ] GC(71)   VM Weak                        Min:  0.0, Avg:  0.0, Max:  0.0, Diff:  0.0, Sum:  0.0, Workers: 4
[1124.368s][debug][gc,phases      ] GC(71)     Dead                           Min: 0, Avg:  0.0, Max: 0, Diff: 0, Sum: 0, Workers: 4
[1124.368s][debug][gc,phases      ] GC(71)     Total                          Min: 0, Avg: 232.5, Max: 768, Diff: 768, Sum: 930, Workers: 4
[1124.368s][debug][gc,phases      ] GC(71)   ObjectSynchronizer Weak        Min:  0.0, Avg:  0.0, Max:  0.0, Diff:  0.0, Sum:  0.0, Workers: 4
[1124.368s][debug][gc,phases      ] GC(71)     Dead                           Min: 0, Avg:  0.0, Max: 0, Diff: 0, Sum: 0, Workers: 4
[1124.368s][debug][gc,phases      ] GC(71)     Total                          Min: 0, Avg:  1.5, Max: 6, Diff: 6, Sum: 6, Workers: 4
[1124.368s][debug][gc,phases      ] GC(71)   JVMTI Tag Weak OopStorage      Min:  0.0, Avg:  0.0, Max:  0.0, Diff:  0.0, Sum:  0.0, Workers: 4
[1124.368s][debug][gc,phases      ] GC(71)     Dead                           Min: 0, Avg:  0.0, Max: 0, Diff: 0, Sum: 0, Workers: 4
[1124.368s][debug][gc,phases      ] GC(71)     Total                          Min: 0, Avg:  0.0, Max: 0, Diff: 0, Sum: 0, Workers: 4
[1124.368s][debug][gc,phases      ] GC(71)   StringTable Weak               Min:  0.0, Avg:  0.1, Max:  0.2, Diff:  0.2, Sum:  0.4, Workers: 4
[1124.368s][debug][gc,phases      ] GC(71)     Dead                           Min: 0, Avg:  0.2, Max: 1, Diff: 1, Sum: 1, Workers: 4
[1124.368s][debug][gc,phases      ] GC(71)     Total                          Min: 0, Avg: 11123.0, Max: 22784, Diff: 22784, Sum: 44492, Workers: 4
[1124.368s][debug][gc,phases      ] GC(71)   ResolvedMethodTable Weak       Min:  0.0, Avg:  0.0, Max:  0.1, Diff:  0.1, Sum:  0.1, Workers: 4
[1124.368s][debug][gc,phases      ] GC(71)     Dead                           Min: 0, Avg:  0.0, Max: 0, Diff: 0, Sum: 0, Workers: 4
[1124.368s][debug][gc,phases      ] GC(71)     Total                          Min: 0, Avg: 2751.0, Max: 5757, Diff: 5757, Sum: 11004, Workers: 4
[1124.368s][debug][gc,phases      ] GC(71)   JNI Weak                       Min:  0.0, Avg:  0.0, Max:  0.0, Diff:  0.0, Sum:  0.0, Workers: 4
[1124.368s][debug][gc,phases      ] GC(71)     Dead                           Min: 0, Avg:  0.0, Max: 0, Diff: 0, Sum: 0, Workers: 4
[1124.368s][debug][gc,phases      ] GC(71)     Total                          Min: 0, Avg: 12.0, Max: 48, Diff: 48, Sum: 48, Workers: 4
[1124.368s][debug][gc,phases      ] GC(71)   StringDedup Table Weak         Min:  0.0, Avg:  0.0, Max:  0.0, Diff:  0.0, Sum:  0.0, Workers: 4
[1124.368s][debug][gc,phases      ] GC(71)     Dead                           Min: 0, Avg:  0.0, Max: 0, Diff: 0, Sum: 0, Workers: 4
[1124.368s][debug][gc,phases      ] GC(71)     Total                          Min: 0, Avg:  0.0, Max: 0, Diff: 0, Sum: 0, Workers: 4
[1124.368s][debug][gc,phases      ] GC(71)   StringDedup Requests0 Weak     Min:  0.0, Avg:  0.0, Max:  0.0, Diff:  0.0, Sum:  0.0, Workers: 4
[1124.368s][debug][gc,phases      ] GC(71)     Dead                           Min: 0, Avg:  0.0, Max: 0, Diff: 0, Sum: 0, Workers: 4
[1124.368s][debug][gc,phases      ] GC(71)     Total                          Min: 0, Avg:  0.0, Max: 0, Diff: 0, Sum: 0, Workers: 4
[1124.368s][debug][gc,phases      ] GC(71)   StringDedup Requests1 Weak     Min:  0.0, Avg:  0.0, Max:  0.0, Diff:  0.0, Sum:  0.0, Workers: 4
[1124.368s][debug][gc,phases      ] GC(71)     Dead                           Min: 0, Avg:  0.0, Max: 0, Diff: 0, Sum: 0, Workers: 4
[1124.368s][debug][gc,phases      ] GC(71)     Total                          Min: 0, Avg:  0.0, Max: 0, Diff: 0, Sum: 0, Workers: 4
[1124.368s][debug][gc,phases      ] GC(71)   Weak JFR Old Object Samples    Min:  0.0, Avg:  0.0, Max:  0.0, Diff:  0.0, Sum:  0.0, Workers: 4
[1124.368s][debug][gc,phases      ] GC(71)     Dead                           Min: 0, Avg:  0.0, Max: 0, Diff: 0, Sum: 0, Workers: 4
[1124.368s][debug][gc,phases      ] GC(71)     Total                          Min: 0, Avg:  0.0, Max: 0, Diff: 0, Sum: 0, Workers: 4
[1124.368s][debug][gc,phases      ] GC(71) Weak Processing 0.506ms
[1124.368s][debug][gc,age         ] GC(71) Desired survivor size 44564480 bytes, new threshold 15 (max threshold 15)
[1124.368s][info ][gc,heap        ] GC(71) PSYoungGen: 2007184K(2050560K)->6848K(2047488K) Eden: 2000896K(2000896K)->0K(2000896K) From: 6288K(49664K)->6848K(46592K)
[1124.368s][info ][gc,heap        ] GC(71) ParOldGen: 419887K(541184K)->419919K(541184K)
[1124.368s][info ][gc,metaspace   ] GC(71) Metaspace: 88390K(89536K)->88390K(89536K) NonClass: 75579K(76160K)->75579K(76160K) Class: 12811K(13376K)->12811K(13376K)
[1124.368s][info ][gc             ] GC(71) Pause Young (Allocation Failure) 2370M->416M(2528M) 6.573ms
[1124.368s][info ][gc,cpu         ] GC(71) User=0.02s Sys=0.00s Real=0.01s
[1124.368s][info ][safepoint      ] Safepoint "ParallelGCFailedAllocation", Time since last: 2442464129 ns, Reaching safepoint: 73601 ns, Cleanup: 3300 ns, At safepoint: 6641091 ns, Total: 6717992 ns
[1125.368s][info ][safepoint      ] Safepoint "Cleanup", Time since last: 1000090447 ns, Reaching safepoint: 75801 ns, Cleanup: 8600 ns, At safepoint: 6000 ns, Total: 90401 ns
[1126.368s][info ][safepoint      ] Safepoint "Cleanup", Time since last: 1000109676 ns, Reaching safepoint: 78901 ns, Cleanup: 24101 ns, At safepoint: 7500 ns, Total: 110502 ns
[1129.369s][info ][safepoint      ] Safepoint "Cleanup", Time since last: 3000242270 ns, Reaching safepoint: 72801 ns, Cleanup: 28300 ns, At safepoint: 4500 ns, Total: 105601 ns
[1130.369s][info ][safepoint      ] Safepoint "Cleanup", Time since last: 1000111291 ns, Reaching safepoint: 78001 ns, Cleanup: 22500 ns, At safepoint: 6500 ns, Total: 107001 ns
[1135.369s][info ][safepoint      ] Safepoint "Cleanup", Time since last: 5000382062 ns, Reaching safepoint: 72401 ns, Cleanup: 16200 ns, At safepoint: 5600 ns, Total: 94201 ns
[1136.370s][info ][safepoint      ] Safepoint "Cleanup", Time since last: 1000106984 ns, Reaching safepoint: 80601 ns, Cleanup: 12100 ns, At safepoint: 7600 ns, Total: 100301 ns
[1137.370s][info ][safepoint      ] Safepoint "Cleanup", Time since last: 1000113784 ns, Reaching safepoint: 72401 ns, Cleanup: 15400 ns, At safepoint: 9600 ns, Total: 97401 ns
[1138.370s][info ][safepoint      ] Safepoint "Cleanup", Time since last: 1000113884 ns, Reaching safepoint: 78601 ns, Cleanup: 10800 ns, At safepoint: 6700 ns, Total: 96101 ns
[1139.370s][info ][safepoint      ] Safepoint "Cleanup", Time since last: 1000117984 ns, Reaching safepoint: 76501 ns, Cleanup: 8200 ns, At safepoint: 6600 ns, Total: 91301 ns
[1143.386s][info ][safepoint      ] Safepoint "Cleanup", Time since last: 4015861449 ns, Reaching safepoint: 4400 ns, Cleanup: 8400 ns, At safepoint: 1600 ns, Total: 14400 ns
[1144.386s][info ][safepoint      ] Safepoint "Cleanup", Time since last: 1000094099 ns, Reaching safepoint: 3701 ns, Cleanup: 7700 ns, At safepoint: 1700 ns, Total: 13101 ns
[1145.386s][info ][safepoint      ] Safepoint "Cleanup", Time since last: 1000095699 ns, Reaching safepoint: 4801 ns, Cleanup: 21300 ns, At safepoint: 6500 ns, Total: 32601 ns
[1147.387s][info ][safepoint      ] Safepoint "Cleanup", Time since last: 2000161999 ns, Reaching safepoint: 4200 ns, Cleanup: 7500 ns, At safepoint: 1700 ns, Total: 13400 ns
[1149.387s][info ][safepoint      ] Safepoint "Cleanup", Time since last: 2000172500 ns, Reaching safepoint: 5200 ns, Cleanup: 10200 ns, At safepoint: 2000 ns, Total: 17400 ns
[1150.387s][info ][safepoint      ] Safepoint "Cleanup", Time since last: 1000098515 ns, Reaching safepoint: 4400 ns, Cleanup: 9000 ns, At safepoint: 1701 ns, Total: 15101 ns
[1151.662s][info ][gc,start       ] GC(72) Pause Young (Allocation Failure)
[1151.668s][debug][gc,phases      ] GC(72) Scavenge 5.327ms
[1151.668s][debug][gc,ref         ] GC(72) Skipped phase 1 of Reference Processing: no references
[1151.668s][debug][gc,ref         ] GC(72) ReferenceProcessor::execute queues: 1, RefProcThreadModel::Single, marks_oops_alive: false
[1151.668s][debug][gc,ref         ] GC(72) Skipped phase 3 of Reference Processing: no references
[1151.668s][debug][gc,ref         ] GC(72) ReferenceProcessor::execute queues: 1, RefProcThreadModel::Single, marks_oops_alive: false
[1151.668s][debug][gc,phases      ] GC(72) Reference Processing 0.124ms
[1151.668s][debug][gc,phases      ] GC(72)   VM Weak                        Min:  0.0, Avg:  0.0, Max:  0.0, Diff:  0.0, Sum:  0.0, Workers: 4
[1151.668s][debug][gc,phases      ] GC(72)     Dead                           Min: 0, Avg:  0.0, Max: 0, Diff: 0, Sum: 0, Workers: 4
[1151.668s][debug][gc,phases      ] GC(72)     Total                          Min: 0, Avg: 232.5, Max: 482, Diff: 482, Sum: 930, Workers: 4
[1151.668s][debug][gc,phases      ] GC(72)   ObjectSynchronizer Weak        Min:  0.0, Avg:  0.0, Max:  0.0, Diff:  0.0, Sum:  0.0, Workers: 4
[1151.668s][debug][gc,phases      ] GC(72)     Dead                           Min: 0, Avg:  0.0, Max: 0, Diff: 0, Sum: 0, Workers: 4
[1151.668s][debug][gc,phases      ] GC(72)     Total                          Min: 0, Avg:  1.2, Max: 5, Diff: 5, Sum: 5, Workers: 4
[1151.668s][debug][gc,phases      ] GC(72)   JVMTI Tag Weak OopStorage      Min:  0.0, Avg:  0.0, Max:  0.0, Diff:  0.0, Sum:  0.0, Workers: 4
[1151.668s][debug][gc,phases      ] GC(72)     Dead                           Min: 0, Avg:  0.0, Max: 0, Diff: 0, Sum: 0, Workers: 4
[1151.668s][debug][gc,phases      ] GC(72)     Total                          Min: 0, Avg:  0.0, Max: 0, Diff: 0, Sum: 0, Workers: 4
[1151.668s][debug][gc,phases      ] GC(72)   StringTable Weak               Min:  0.0, Avg:  0.1, Max:  0.2, Diff:  0.2, Sum:  0.5, Workers: 4
[1151.668s][debug][gc,phases      ] GC(72)     Dead                           Min: 0, Avg:  0.0, Max: 0, Diff: 0, Sum: 0, Workers: 4
[1151.668s][debug][gc,phases      ] GC(72)     Total                          Min: 0, Avg: 11127.2, Max: 25856, Diff: 25856, Sum: 44509, Workers: 4
[1151.668s][debug][gc,phases      ] GC(72)   ResolvedMethodTable Weak       Min:  0.0, Avg:  0.0, Max:  0.1, Diff:  0.1, Sum:  0.1, Workers: 4
[1151.668s][debug][gc,phases      ] GC(72)     Dead                           Min: 0, Avg:  0.0, Max: 0, Diff: 0, Sum: 0, Workers: 4
[1151.668s][debug][gc,phases      ] GC(72)     Total                          Min: 0, Avg: 2751.5, Max: 5631, Diff: 5631, Sum: 11006, Workers: 4
[1151.668s][debug][gc,phases      ] GC(72)   JNI Weak                       Min:  0.0, Avg:  0.0, Max:  0.0, Diff:  0.0, Sum:  0.0, Workers: 4
[1151.668s][debug][gc,phases      ] GC(72)     Dead                           Min: 0, Avg:  0.0, Max: 0, Diff: 0, Sum: 0, Workers: 4
[1151.668s][debug][gc,phases      ] GC(72)     Total                          Min: 0, Avg: 12.0, Max: 48, Diff: 48, Sum: 48, Workers: 4
[1151.668s][debug][gc,phases      ] GC(72)   StringDedup Table Weak         Min:  0.0, Avg:  0.0, Max:  0.0, Diff:  0.0, Sum:  0.0, Workers: 4
[1151.668s][debug][gc,phases      ] GC(72)     Dead                           Min: 0, Avg:  0.0, Max: 0, Diff: 0, Sum: 0, Workers: 4
[1151.668s][debug][gc,phases      ] GC(72)     Total                          Min: 0, Avg:  0.0, Max: 0, Diff: 0, Sum: 0, Workers: 4
[1151.668s][debug][gc,phases      ] GC(72)   StringDedup Requests0 Weak     Min:  0.0, Avg:  0.0, Max:  0.0, Diff:  0.0, Sum:  0.0, Workers: 4
[1151.668s][debug][gc,phases      ] GC(72)     Dead                           Min: 0, Avg:  0.0, Max: 0, Diff: 0, Sum: 0, Workers: 4
[1151.668s][debug][gc,phases      ] GC(72)     Total                          Min: 0, Avg:  0.0, Max: 0, Diff: 0, Sum: 0, Workers: 4
[1151.668s][debug][gc,phases      ] GC(72)   StringDedup Requests1 Weak     Min:  0.0, Avg:  0.0, Max:  0.0, Diff:  0.0, Sum:  0.0, Workers: 4
[1151.668s][debug][gc,phases      ] GC(72)     Dead                           Min: 0, Avg:  0.0, Max: 0, Diff: 0, Sum: 0, Workers: 4
[1151.668s][debug][gc,phases      ] GC(72)     Total                          Min: 0, Avg:  0.0, Max: 0, Diff: 0, Sum: 0, Workers: 4
[1151.668s][debug][gc,phases      ] GC(72)   Weak JFR Old Object Samples    Min:  0.0, Avg:  0.0, Max:  0.0, Diff:  0.0, Sum:  0.0, Workers: 4
[1151.668s][debug][gc,phases      ] GC(72)     Dead                           Min: 0, Avg:  0.0, Max: 0, Diff: 0, Sum: 0, Workers: 4
[1151.668s][debug][gc,phases      ] GC(72)     Total                          Min: 0, Avg:  0.0, Max: 0, Diff: 0, Sum: 0, Workers: 4
[1151.668s][debug][gc,phases      ] GC(72) Weak Processing 0.564ms
[1151.668s][debug][gc,age         ] GC(72) Desired survivor size 41418752 bytes, new threshold 15 (max threshold 15)
[1151.668s][info ][gc,heap        ] GC(72) PSYoungGen: 2007744K(2047488K)->6912K(2056704K) Eden: 2000896K(2000896K)->0K(2013184K) From: 6848K(46592K)->6912K(43520K)
[1151.668s][info ][gc,heap        ] GC(72) ParOldGen: 419919K(541184K)->419943K(541184K)
[1151.668s][info ][gc,metaspace   ] GC(72) Metaspace: 88412K(89536K)->88412K(89536K) NonClass: 75600K(76160K)->75600K(76160K) Class: 12812K(13376K)->12812K(13376K)
[1151.668s][info ][gc             ] GC(72) Pause Young (Allocation Failure) 2370M->416M(2537M) 6.169ms
[1151.668s][info ][gc,cpu         ] GC(72) User=0.02s Sys=0.00s Real=0.01s
[1151.669s][info ][safepoint      ] Safepoint "ParallelGCFailedAllocation", Time since last: 1275405901 ns, Reaching safepoint: 4300 ns, Cleanup: 13300 ns, At safepoint: 6246186 ns, Total: 6263786 ns
[1156.669s][info ][safepoint      ] Safepoint "Cleanup", Time since last: 5000376100 ns, Reaching safepoint: 71800 ns, Cleanup: 9301 ns, At safepoint: 4500 ns, Total: 85601 ns
[1158.669s][info ][safepoint      ] Safepoint "Cleanup", Time since last: 2000196480 ns, Reaching safepoint: 80701 ns, Cleanup: 17400 ns, At safepoint: 7200 ns, Total: 105301 ns
[1161.670s][info ][safepoint      ] Safepoint "Cleanup", Time since last: 3000252128 ns, Reaching safepoint: 72701 ns, Cleanup: 9100 ns, At safepoint: 23201 ns, Total: 105002 ns
[1165.670s][info ][safepoint      ] Safepoint "Cleanup", Time since last: 4000323137 ns, Reaching safepoint: 82301 ns, Cleanup: 15200 ns, At safepoint: 7700 ns, Total: 105201 ns
[1167.674s][info ][safepoint      ] Safepoint "Cleanup", Time since last: 2003970021 ns, Reaching safepoint: 4400 ns, Cleanup: 8700 ns, At safepoint: 2000 ns, Total: 15100 ns
[1168.674s][info ][safepoint      ] Safepoint "Cleanup", Time since last: 1000110076 ns, Reaching safepoint: 5600 ns, Cleanup: 10100 ns, At safepoint: 4200 ns, Total: 19900 ns
[1179.709s][info ][gc,start       ] GC(73) Pause Young (Allocation Failure)
[1179.714s][debug][gc,phases      ] GC(73) Scavenge 4.238ms
[1179.714s][debug][gc,ref         ] GC(73) Skipped phase 1 of Reference Processing: no references
[1179.714s][debug][gc,ref         ] GC(73) ReferenceProcessor::execute queues: 1, RefProcThreadModel::Single, marks_oops_alive: false
[1179.714s][debug][gc,ref         ] GC(73) Skipped phase 3 of Reference Processing: no references
[1179.714s][debug][gc,ref         ] GC(73) Skipped phase 4 of Reference Processing: no references
[1179.714s][debug][gc,phases      ] GC(73) Reference Processing 0.088ms
[1179.714s][debug][gc,phases      ] GC(73)   VM Weak                        Min:  0.0, Avg:  0.0, Max:  0.0, Diff:  0.0, Sum:  0.0, Workers: 4
[1179.714s][debug][gc,phases      ] GC(73)     Dead                           Min: 0, Avg:  0.0, Max: 0, Diff: 0, Sum: 0, Workers: 4
[1179.714s][debug][gc,phases      ] GC(73)     Total                          Min: 0, Avg: 232.5, Max: 930, Diff: 930, Sum: 930, Workers: 4
[1179.714s][debug][gc,phases      ] GC(73)   ObjectSynchronizer Weak        Min:  0.0, Avg:  0.0, Max:  0.0, Diff:  0.0, Sum:  0.0, Workers: 4
[1179.714s][debug][gc,phases      ] GC(73)     Dead                           Min: 0, Avg:  0.0, Max: 0, Diff: 0, Sum: 0, Workers: 4
[1179.714s][debug][gc,phases      ] GC(73)     Total                          Min: 0, Avg:  1.2, Max: 5, Diff: 5, Sum: 5, Workers: 4
[1179.714s][debug][gc,phases      ] GC(73)   JVMTI Tag Weak OopStorage      Min:  0.0, Avg:  0.0, Max:  0.0, Diff:  0.0, Sum:  0.0, Workers: 4
[1179.714s][debug][gc,phases      ] GC(73)     Dead                           Min: 0, Avg:  0.0, Max: 0, Diff: 0, Sum: 0, Workers: 4
[1179.714s][debug][gc,phases      ] GC(73)     Total                          Min: 0, Avg:  0.0, Max: 0, Diff: 0, Sum: 0, Workers: 4
[1179.714s][debug][gc,phases      ] GC(73)   StringTable Weak               Min:  0.0, Avg:  0.1, Max:  0.1, Diff:  0.1, Sum:  0.4, Workers: 4
[1179.714s][debug][gc,phases      ] GC(73)     Dead                           Min: 0, Avg:  0.0, Max: 0, Diff: 0, Sum: 0, Workers: 4
[1179.714s][debug][gc,phases      ] GC(73)     Total                          Min: 448, Avg: 11127.2, Max: 17536, Diff: 17088, Sum: 44509, Workers: 4
[1179.714s][debug][gc,phases      ] GC(73)   ResolvedMethodTable Weak       Min:  0.0, Avg:  0.0, Max:  0.0, Diff:  0.0, Sum:  0.1, Workers: 4
[1179.714s][debug][gc,phases      ] GC(73)     Dead                           Min: 0, Avg:  0.0, Max: 0, Diff: 0, Sum: 0, Workers: 4
[1179.714s][debug][gc,phases      ] GC(73)     Total                          Min: 2688, Avg: 2751.5, Max: 2816, Diff: 128, Sum: 11006, Workers: 4
[1179.714s][debug][gc,phases      ] GC(73)   JNI Weak                       Min:  0.0, Avg:  0.0, Max:  0.0, Diff:  0.0, Sum:  0.0, Workers: 4
[1179.714s][debug][gc,phases      ] GC(73)     Dead                           Min: 0, Avg:  0.0, Max: 0, Diff: 0, Sum: 0, Workers: 4
[1179.714s][debug][gc,phases      ] GC(73)     Total                          Min: 0, Avg: 12.0, Max: 48, Diff: 48, Sum: 48, Workers: 4
[1179.714s][debug][gc,phases      ] GC(73)   StringDedup Table Weak         Min:  0.0, Avg:  0.0, Max:  0.0, Diff:  0.0, Sum:  0.0, Workers: 4
[1179.714s][debug][gc,phases      ] GC(73)     Dead                           Min: 0, Avg:  0.0, Max: 0, Diff: 0, Sum: 0, Workers: 4
[1179.714s][debug][gc,phases      ] GC(73)     Total                          Min: 0, Avg:  0.0, Max: 0, Diff: 0, Sum: 0, Workers: 4
[1179.714s][debug][gc,phases      ] GC(73)   StringDedup Requests0 Weak     Min:  0.0, Avg:  0.0, Max:  0.0, Diff:  0.0, Sum:  0.0, Workers: 4
[1179.714s][debug][gc,phases      ] GC(73)     Dead                           Min: 0, Avg:  0.0, Max: 0, Diff: 0, Sum: 0, Workers: 4
[1179.714s][debug][gc,phases      ] GC(73)     Total                          Min: 0, Avg:  0.0, Max: 0, Diff: 0, Sum: 0, Workers: 4
[1179.714s][debug][gc,phases      ] GC(73)   StringDedup Requests1 Weak     Min:  0.0, Avg:  0.0, Max:  0.0, Diff:  0.0, Sum:  0.0, Workers: 4
[1179.714s][debug][gc,phases      ] GC(73)     Dead                           Min: 0, Avg:  0.0, Max: 0, Diff: 0, Sum: 0, Workers: 4
[1179.714s][debug][gc,phases      ] GC(73)     Total                          Min: 0, Avg:  0.0, Max: 0, Diff: 0, Sum: 0, Workers: 4
[1179.714s][debug][gc,phases      ] GC(73)   Weak JFR Old Object Samples    Min:  0.0, Avg:  0.0, Max:  0.0, Diff:  0.0, Sum:  0.0, Workers: 4
[1179.714s][debug][gc,phases      ] GC(73)     Dead                           Min: 0, Avg:  0.0, Max: 0, Diff: 0, Sum: 0, Workers: 4
[1179.714s][debug][gc,phases      ] GC(73)     Total                          Min: 0, Avg:  0.0, Max: 0, Diff: 0, Sum: 0, Workers: 4
[1179.714s][debug][gc,phases      ] GC(73) Weak Processing 0.324ms
[1179.714s][debug][gc,age         ] GC(73) Desired survivor size 38797312 bytes, new threshold 15 (max threshold 15)
[1179.714s][info ][gc,heap        ] GC(73) PSYoungGen: 2020096K(2056704K)->6720K(2053632K) Eden: 2013184K(2013184K)->0K(2013184K) From: 6912K(43520K)->6720K(40448K)
[1179.714s][info ][gc,heap        ] GC(73) ParOldGen: 419943K(541184K)->419975K(541184K)
[1179.714s][info ][gc,metaspace   ] GC(73) Metaspace: 88416K(89536K)->88416K(89536K) NonClass: 75604K(76160K)->75604K(76160K) Class: 12812K(13376K)->12812K(13376K)
[1179.714s][info ][gc             ] GC(73) Pause Young (Allocation Failure) 2382M->416M(2534M) 4.744ms
[1179.714s][info ][gc,cpu         ] GC(73) User=0.02s Sys=0.00s Real=0.01s
[1179.714s][info ][safepoint      ] Safepoint "ParallelGCFailedAllocation", Time since last: 11035002228 ns, Reaching safepoint: 75001 ns, Cleanup: 4000 ns, At safepoint: 4805966 ns, Total: 4884967 ns
[1185.715s][info ][safepoint      ] Safepoint "Cleanup", Time since last: 6000433183 ns, Reaching safepoint: 72901 ns, Cleanup: 9600 ns, At safepoint: 5600 ns, Total: 88101 ns
[1186.715s][info ][safepoint      ] Safepoint "Cleanup", Time since last: 1000099890 ns, Reaching safepoint: 72201 ns, Cleanup: 10200 ns, At safepoint: 5500 ns, Total: 87901 ns
[1193.715s][info ][safepoint      ] Safepoint "Cleanup", Time since last: 7000541619 ns, Reaching safepoint: 76601 ns, Cleanup: 11901 ns, At safepoint: 7100 ns, Total: 95602 ns
[1202.716s][info ][safepoint      ] Safepoint "Cleanup", Time since last: 9000686041 ns, Reaching safepoint: 73901 ns, Cleanup: 30300 ns, At safepoint: 5500 ns, Total: 109701 ns
[1203.716s][info ][safepoint      ] Safepoint "Cleanup", Time since last: 1000128718 ns, Reaching safepoint: 75601 ns, Cleanup: 36900 ns, At safepoint: 5900 ns, Total: 118401 ns
[1204.717s][info ][safepoint      ] Safepoint "Cleanup", Time since last: 1000105618 ns, Reaching safepoint: 85801 ns, Cleanup: 9100 ns, At safepoint: 10900 ns, Total: 105801 ns
[1205.717s][info ][safepoint      ] Safepoint "Cleanup", Time since last: 1000117417 ns, Reaching safepoint: 76001 ns, Cleanup: 9901 ns, At safepoint: 6200 ns, Total: 92102 ns
[1207.820s][info ][gc,start       ] GC(74) Pause Young (Allocation Failure)
[1207.826s][debug][gc,phases      ] GC(74) Scavenge 5.360ms
[1207.826s][debug][gc,ref         ] GC(74) Skipped phase 1 of Reference Processing: no references
[1207.826s][debug][gc,ref         ] GC(74) ReferenceProcessor::execute queues: 1, RefProcThreadModel::Single, marks_oops_alive: false
[1207.826s][debug][gc,ref         ] GC(74) Skipped phase 3 of Reference Processing: no references
[1207.826s][debug][gc,ref         ] GC(74) Skipped phase 4 of Reference Processing: no references
[1207.826s][debug][gc,phases      ] GC(74) Reference Processing 0.083ms
[1207.826s][debug][gc,phases      ] GC(74)   VM Weak                        Min:  0.0, Avg:  0.0, Max:  0.0, Diff:  0.0, Sum:  0.0, Workers: 4
[1207.826s][debug][gc,phases      ] GC(74)     Dead                           Min: 0, Avg:  0.0, Max: 0, Diff: 0, Sum: 0, Workers: 4
[1207.826s][debug][gc,phases      ] GC(74)     Total                          Min: 0, Avg: 232.5, Max: 610, Diff: 610, Sum: 930, Workers: 4
[1207.826s][debug][gc,phases      ] GC(74)   ObjectSynchronizer Weak        Min:  0.0, Avg:  0.0, Max:  0.0, Diff:  0.0, Sum:  0.0, Workers: 4
[1207.826s][debug][gc,phases      ] GC(74)     Dead                           Min: 0, Avg:  0.0, Max: 0, Diff: 0, Sum: 0, Workers: 4
[1207.826s][debug][gc,phases      ] GC(74)     Total                          Min: 0, Avg:  1.2, Max: 5, Diff: 5, Sum: 5, Workers: 4
[1207.826s][debug][gc,phases      ] GC(74)   JVMTI Tag Weak OopStorage      Min:  0.0, Avg:  0.0, Max:  0.0, Diff:  0.0, Sum:  0.0, Workers: 4
[1207.826s][debug][gc,phases      ] GC(74)     Dead                           Min: 0, Avg:  0.0, Max: 0, Diff: 0, Sum: 0, Workers: 4
[1207.826s][debug][gc,phases      ] GC(74)     Total                          Min: 0, Avg:  0.0, Max: 0, Diff: 0, Sum: 0, Workers: 4
[1207.826s][debug][gc,phases      ] GC(74)   StringTable Weak               Min:  0.0, Avg:  0.1, Max:  0.1, Diff:  0.1, Sum:  0.4, Workers: 4
[1207.826s][debug][gc,phases      ] GC(74)     Dead                           Min: 0, Avg:  0.0, Max: 0, Diff: 0, Sum: 0, Workers: 4
[1207.826s][debug][gc,phases      ] GC(74)     Total                          Min: 0, Avg: 11127.2, Max: 15389, Diff: 15389, Sum: 44509, Workers: 4
[1207.826s][debug][gc,phases      ] GC(74)   ResolvedMethodTable Weak       Min:  0.0, Avg:  0.0, Max:  0.0, Diff:  0.0, Sum:  0.1, Workers: 4
[1207.826s][debug][gc,phases      ] GC(74)     Dead                           Min: 0, Avg:  0.0, Max: 0, Diff: 0, Sum: 0, Workers: 4
[1207.826s][debug][gc,phases      ] GC(74)     Total                          Min: 0, Avg: 2751.5, Max: 3839, Diff: 3839, Sum: 11006, Workers: 4
[1207.826s][debug][gc,phases      ] GC(74)   JNI Weak                       Min:  0.0, Avg:  0.0, Max:  0.0, Diff:  0.0, Sum:  0.0, Workers: 4
[1207.826s][debug][gc,phases      ] GC(74)     Dead                           Min: 0, Avg:  0.0, Max: 0, Diff: 0, Sum: 0, Workers: 4
[1207.826s][debug][gc,phases      ] GC(74)     Total                          Min: 0, Avg: 12.0, Max: 48, Diff: 48, Sum: 48, Workers: 4
[1207.826s][debug][gc,phases      ] GC(74)   StringDedup Table Weak         Min:  0.0, Avg:  0.0, Max:  0.0, Diff:  0.0, Sum:  0.0, Workers: 4
[1207.826s][debug][gc,phases      ] GC(74)     Dead                           Min: 0, Avg:  0.0, Max: 0, Diff: 0, Sum: 0, Workers: 4
[1207.826s][debug][gc,phases      ] GC(74)     Total                          Min: 0, Avg:  0.0, Max: 0, Diff: 0, Sum: 0, Workers: 4
[1207.826s][debug][gc,phases      ] GC(74)   StringDedup Requests0 Weak     Min:  0.0, Avg:  0.0, Max:  0.0, Diff:  0.0, Sum:  0.0, Workers: 4
[1207.826s][debug][gc,phases      ] GC(74)     Dead                           Min: 0, Avg:  0.0, Max: 0, Diff: 0, Sum: 0, Workers: 4
[1207.826s][debug][gc,phases      ] GC(74)     Total                          Min: 0, Avg:  0.0, Max: 0, Diff: 0, Sum: 0, Workers: 4
[1207.826s][debug][gc,phases      ] GC(74)   StringDedup Requests1 Weak     Min:  0.0, Avg:  0.0, Max:  0.0, Diff:  0.0, Sum:  0.0, Workers: 4
[1207.826s][debug][gc,phases      ] GC(74)     Dead                           Min: 0, Avg:  0.0, Max: 0, Diff: 0, Sum: 0, Workers: 4
[1207.826s][debug][gc,phases      ] GC(74)     Total                          Min: 0, Avg:  0.0, Max: 0, Diff: 0, Sum: 0, Workers: 4
[1207.826s][debug][gc,phases      ] GC(74)   Weak JFR Old Object Samples    Min:  0.0, Avg:  0.0, Max:  0.0, Diff:  0.0, Sum:  0.0, Workers: 4
[1207.826s][debug][gc,phases      ] GC(74)     Dead                           Min: 0, Avg:  0.0, Max: 0, Diff: 0, Sum: 0, Workers: 4
[1207.826s][debug][gc,phases      ] GC(74)     Total                          Min: 0, Avg:  0.0, Max: 0, Diff: 0, Sum: 0, Workers: 4
[1207.826s][debug][gc,phases      ] GC(74) Weak Processing 0.359ms
[1207.826s][debug][gc,age         ] GC(74) Desired survivor size 36175872 bytes, new threshold 15 (max threshold 15)
[1207.826s][info ][gc,heap        ] GC(74) PSYoungGen: 2019904K(2053632K)->6480K(2061824K) Eden: 2013184K(2013184K)->0K(2023936K) From: 6720K(40448K)->6480K(37888K)
[1207.826s][info ][gc,heap        ] GC(74) ParOldGen: 419975K(541184K)->420015K(541184K)
[1207.826s][info ][gc,metaspace   ] GC(74) Metaspace: 88421K(89600K)->88421K(89600K) NonClass: 75608K(76224K)->75608K(76224K) Class: 12812K(13376K)->12812K(13376K)
[1207.826s][info ][gc             ] GC(74) Pause Young (Allocation Failure) 2382M->416M(2542M) 5.895ms
[1207.826s][info ][gc,cpu         ] GC(74) User=0.02s Sys=0.00s Real=0.01s
[1207.826s][info ][safepoint      ] Safepoint "ParallelGCFailedAllocation", Time since last: 2103514805 ns, Reaching safepoint: 4900 ns, Cleanup: 3400 ns, At safepoint: 5976982 ns, Total: 5985282 ns
[1217.827s][info ][safepoint      ] Safepoint "Cleanup", Time since last: 10000698090 ns, Reaching safepoint: 5900 ns, Cleanup: 9500 ns, At safepoint: 2800 ns, Total: 18200 ns
[1220.827s][info ][safepoint      ] Safepoint "Cleanup", Time since last: 3000254036 ns, Reaching safepoint: 74501 ns, Cleanup: 6900 ns, At safepoint: 5400 ns, Total: 86801 ns
[1221.828s][info ][safepoint      ] Safepoint "Cleanup", Time since last: 1000099446 ns, Reaching safepoint: 3900 ns, Cleanup: 9500 ns, At safepoint: 1700 ns, Total: 15100 ns
[1225.828s][info ][safepoint      ] Safepoint "Cleanup", Time since last: 4000292946 ns, Reaching safepoint: 5800 ns, Cleanup: 12700 ns, At safepoint: 2500 ns, Total: 21000 ns
[1231.828s][info ][safepoint      ] Safepoint "Cleanup", Time since last: 6000460828 ns, Reaching safepoint: 5700 ns, Cleanup: 15700 ns, At safepoint: 2300 ns, Total: 23700 ns
[1232.829s][info ][safepoint      ] Safepoint "Cleanup", Time since last: 1000134628 ns, Reaching safepoint: 5800 ns, Cleanup: 11900 ns, At safepoint: 2700 ns, Total: 20400 ns
[1233.829s][info ][safepoint      ] Safepoint "Cleanup", Time since last: 1000119529 ns, Reaching safepoint: 5700 ns, Cleanup: 13800 ns, At safepoint: 3000 ns, Total: 22500 ns
[1234.829s][info ][safepoint      ] Safepoint "Cleanup", Time since last: 1000112028 ns, Reaching safepoint: 6000 ns, Cleanup: 18900 ns, At safepoint: 2600 ns, Total: 27500 ns
[1236.067s][info ][gc,start       ] GC(75) Pause Young (Allocation Failure)
[1236.074s][debug][gc,phases      ] GC(75) Scavenge 6.257ms
[1236.074s][debug][gc,ref         ] GC(75) Skipped phase 1 of Reference Processing: no references
[1236.074s][debug][gc,ref         ] GC(75) ReferenceProcessor::execute queues: 1, RefProcThreadModel::Single, marks_oops_alive: false
[1236.074s][debug][gc,ref         ] GC(75) Skipped phase 3 of Reference Processing: no references
[1236.074s][debug][gc,ref         ] GC(75) ReferenceProcessor::execute queues: 1, RefProcThreadModel::Single, marks_oops_alive: false
[1236.074s][debug][gc,phases      ] GC(75) Reference Processing 0.104ms
[1236.074s][debug][gc,phases      ] GC(75)   VM Weak                        Min:  0.0, Avg:  0.0, Max:  0.0, Diff:  0.0, Sum:  0.0, Workers: 4
[1236.074s][debug][gc,phases      ] GC(75)     Dead                           Min: 0, Avg:  0.0, Max: 0, Diff: 0, Sum: 0, Workers: 4
[1236.074s][debug][gc,phases      ] GC(75)     Total                          Min: 0, Avg: 232.5, Max: 546, Diff: 546, Sum: 930, Workers: 4
[1236.074s][debug][gc,phases      ] GC(75)   ObjectSynchronizer Weak        Min:  0.0, Avg:  0.0, Max:  0.0, Diff:  0.0, Sum:  0.0, Workers: 4
[1236.074s][debug][gc,phases      ] GC(75)     Dead                           Min: 0, Avg:  0.0, Max: 0, Diff: 0, Sum: 0, Workers: 4
[1236.074s][debug][gc,phases      ] GC(75)     Total                          Min: 0, Avg:  1.2, Max: 5, Diff: 5, Sum: 5, Workers: 4
[1236.074s][debug][gc,phases      ] GC(75)   JVMTI Tag Weak OopStorage      Min:  0.0, Avg:  0.0, Max:  0.0, Diff:  0.0, Sum:  0.0, Workers: 4
[1236.074s][debug][gc,phases      ] GC(75)     Dead                           Min: 0, Avg:  0.0, Max: 0, Diff: 0, Sum: 0, Workers: 4
[1236.074s][debug][gc,phases      ] GC(75)     Total                          Min: 0, Avg:  0.0, Max: 0, Diff: 0, Sum: 0, Workers: 4
[1236.074s][debug][gc,phases      ] GC(75)   StringTable Weak               Min:  0.0, Avg:  0.1, Max:  0.1, Diff:  0.1, Sum:  0.4, Workers: 4
[1236.074s][debug][gc,phases      ] GC(75)     Dead                           Min: 0, Avg:  0.0, Max: 0, Diff: 0, Sum: 0, Workers: 4
[1236.074s][debug][gc,phases      ] GC(75)     Total                          Min: 0, Avg: 11127.8, Max: 15424, Diff: 15424, Sum: 44511, Workers: 4
[1236.074s][debug][gc,phases      ] GC(75)   ResolvedMethodTable Weak       Min:  0.0, Avg:  0.0, Max:  0.0, Diff:  0.0, Sum:  0.1, Workers: 4
[1236.074s][debug][gc,phases      ] GC(75)     Dead                           Min: 0, Avg:  0.0, Max: 0, Diff: 0, Sum: 0, Workers: 4
[1236.074s][debug][gc,phases      ] GC(75)     Total                          Min: 0, Avg: 2751.5, Max: 3711, Diff: 3711, Sum: 11006, Workers: 4
[1236.074s][debug][gc,phases      ] GC(75)   JNI Weak                       Min:  0.0, Avg:  0.0, Max:  0.0, Diff:  0.0, Sum:  0.0, Workers: 4
[1236.074s][debug][gc,phases      ] GC(75)     Dead                           Min: 0, Avg:  0.0, Max: 0, Diff: 0, Sum: 0, Workers: 4
[1236.074s][debug][gc,phases      ] GC(75)     Total                          Min: 0, Avg: 12.0, Max: 48, Diff: 48, Sum: 48, Workers: 4
[1236.074s][debug][gc,phases      ] GC(75)   StringDedup Table Weak         Min:  0.0, Avg:  0.0, Max:  0.0, Diff:  0.0, Sum:  0.0, Workers: 4
[1236.074s][debug][gc,phases      ] GC(75)     Dead                           Min: 0, Avg:  0.0, Max: 0, Diff: 0, Sum: 0, Workers: 4
[1236.074s][debug][gc,phases      ] GC(75)     Total                          Min: 0, Avg:  0.0, Max: 0, Diff: 0, Sum: 0, Workers: 4
[1236.074s][debug][gc,phases      ] GC(75)   StringDedup Requests0 Weak     Min:  0.0, Avg:  0.0, Max:  0.0, Diff:  0.0, Sum:  0.0, Workers: 4
[1236.074s][debug][gc,phases      ] GC(75)     Dead                           Min: 0, Avg:  0.0, Max: 0, Diff: 0, Sum: 0, Workers: 4
[1236.074s][debug][gc,phases      ] GC(75)     Total                          Min: 0, Avg:  0.0, Max: 0, Diff: 0, Sum: 0, Workers: 4
[1236.074s][debug][gc,phases      ] GC(75)   StringDedup Requests1 Weak     Min:  0.0, Avg:  0.0, Max:  0.0, Diff:  0.0, Sum:  0.0, Workers: 4
[1236.074s][debug][gc,phases      ] GC(75)     Dead                           Min: 0, Avg:  0.0, Max: 0, Diff: 0, Sum: 0, Workers: 4
[1236.074s][debug][gc,phases      ] GC(75)     Total                          Min: 0, Avg:  0.0, Max: 0, Diff: 0, Sum: 0, Workers: 4
[1236.074s][debug][gc,phases      ] GC(75)   Weak JFR Old Object Samples    Min:  0.0, Avg:  0.0, Max:  0.0, Diff:  0.0, Sum:  0.0, Workers: 4
[1236.074s][debug][gc,phases      ] GC(75)     Dead                           Min: 0, Avg:  0.0, Max: 0, Diff: 0, Sum: 0, Workers: 4
[1236.074s][debug][gc,phases      ] GC(75)     Total                          Min: 0, Avg:  0.0, Max: 0, Diff: 0, Sum: 0, Workers: 4
[1236.074s][debug][gc,phases      ] GC(75) Weak Processing 0.338ms
[1236.074s][debug][gc,age         ] GC(75) Desired survivor size 34078720 bytes, new threshold 15 (max threshold 15)
[1236.074s][info ][gc,heap        ] GC(75) PSYoungGen: 2030416K(2061824K)->6496K(2059264K) Eden: 2023936K(2023936K)->0K(2023936K) From: 6480K(37888K)->6496K(35328K)
[1236.074s][info ][gc,heap        ] GC(75) ParOldGen: 420015K(541184K)->420047K(541184K)
[1236.074s][info ][gc,metaspace   ] GC(75) Metaspace: 88435K(89600K)->88435K(89600K) NonClass: 75622K(76224K)->75622K(76224K) Class: 12812K(13376K)->12812K(13376K)
[1236.074s][info ][gc             ] GC(75) Pause Young (Allocation Failure) 2392M->416M(2539M) 6.799ms
[1236.074s][info ][gc,cpu         ] GC(75) User=0.01s Sys=0.00s Real=0.01s
[1236.074s][info ][safepoint      ] Safepoint "ParallelGCFailedAllocation", Time since last: 1238389699 ns, Reaching safepoint: 5500 ns, Cleanup: 4100 ns, At safepoint: 6865894 ns, Total: 6875494 ns
[1237.074s][info ][safepoint      ] Safepoint "Cleanup", Time since last: 1000083528 ns, Reaching safepoint: 4300 ns, Cleanup: 9700 ns, At safepoint: 2000 ns, Total: 16000 ns
[1238.074s][info ][safepoint      ] Safepoint "Cleanup", Time since last: 1000100628 ns, Reaching safepoint: 3700 ns, Cleanup: 7400 ns, At safepoint: 14300 ns, Total: 25400 ns
[1241.075s][info ][safepoint      ] Safepoint "Cleanup", Time since last: 3000215194 ns, Reaching safepoint: 4100 ns, Cleanup: 11100 ns, At safepoint: 1900 ns, Total: 17100 ns
[1244.075s][info ][safepoint      ] Safepoint "Cleanup", Time since last: 3000235945 ns, Reaching safepoint: 5700 ns, Cleanup: 16700 ns, At safepoint: 2800 ns, Total: 25200 ns
[1245.075s][info ][safepoint      ] Safepoint "Cleanup", Time since last: 1000097882 ns, Reaching safepoint: 5300 ns, Cleanup: 9100 ns, At safepoint: 2200 ns, Total: 16600 ns
[1250.075s][info ][safepoint      ] Safepoint "Cleanup", Time since last: 5000355866 ns, Reaching safepoint: 4200 ns, Cleanup: 9100 ns, At safepoint: 1500 ns, Total: 14800 ns
[1252.075s][info ][safepoint      ] Safepoint "Cleanup", Time since last: 2000176016 ns, Reaching safepoint: 4600 ns, Cleanup: 9500 ns, At safepoint: 1800 ns, Total: 15900 ns
[1259.076s][info ][safepoint      ] Safepoint "Cleanup", Time since last: 7000514289 ns, Reaching safepoint: 4200 ns, Cleanup: 9300 ns, At safepoint: 1900 ns, Total: 15400 ns
[1261.076s][info ][safepoint      ] Safepoint "Cleanup", Time since last: 2000170505 ns, Reaching safepoint: 5900 ns, Cleanup: 10200 ns, At safepoint: 2500 ns, Total: 18600 ns
[1264.723s][info ][gc,start       ] GC(76) Pause Young (Allocation Failure)
[1264.729s][debug][gc,phases      ] GC(76) Scavenge 5.980ms
[1264.729s][debug][gc,ref         ] GC(76) Skipped phase 1 of Reference Processing: no references
[1264.729s][debug][gc,ref         ] GC(76) ReferenceProcessor::execute queues: 1, RefProcThreadModel::Single, marks_oops_alive: false
[1264.729s][debug][gc,ref         ] GC(76) Skipped phase 3 of Reference Processing: no references
[1264.729s][debug][gc,ref         ] GC(76) ReferenceProcessor::execute queues: 1, RefProcThreadModel::Single, marks_oops_alive: false
[1264.729s][debug][gc,phases      ] GC(76) Reference Processing 0.092ms
[1264.729s][debug][gc,phases      ] GC(76)   VM Weak                        Min:  0.0, Avg:  0.0, Max:  0.0, Diff:  0.0, Sum:  0.0, Workers: 4
[1264.729s][debug][gc,phases      ] GC(76)     Dead                           Min: 0, Avg:  0.0, Max: 0, Diff: 0, Sum: 0, Workers: 4
[1264.729s][debug][gc,phases      ] GC(76)     Total                          Min: 0, Avg: 232.5, Max: 546, Diff: 546, Sum: 930, Workers: 4
[1264.729s][debug][gc,phases      ] GC(76)   ObjectSynchronizer Weak        Min:  0.0, Avg:  0.0, Max:  0.0, Diff:  0.0, Sum:  0.0, Workers: 4
[1264.730s][debug][gc,phases      ] GC(76)     Dead                           Min: 0, Avg:  0.0, Max: 0, Diff: 0, Sum: 0, Workers: 4
[1264.730s][debug][gc,phases      ] GC(76)     Total                          Min: 0, Avg:  1.2, Max: 5, Diff: 5, Sum: 5, Workers: 4
[1264.730s][debug][gc,phases      ] GC(76)   JVMTI Tag Weak OopStorage      Min:  0.0, Avg:  0.0, Max:  0.0, Diff:  0.0, Sum:  0.0, Workers: 4
[1264.730s][debug][gc,phases      ] GC(76)     Dead                           Min: 0, Avg:  0.0, Max: 0, Diff: 0, Sum: 0, Workers: 4
[1264.730s][debug][gc,phases      ] GC(76)     Total                          Min: 0, Avg:  0.0, Max: 0, Diff: 0, Sum: 0, Workers: 4
[1264.730s][debug][gc,phases      ] GC(76)   StringTable Weak               Min:  0.0, Avg:  0.1, Max:  0.2, Diff:  0.2, Sum:  0.3, Workers: 4
[1264.730s][debug][gc,phases      ] GC(76)     Dead                           Min: 0, Avg:  0.0, Max: 0, Diff: 0, Sum: 0, Workers: 4
[1264.730s][debug][gc,phases      ] GC(76)     Total                          Min: 0, Avg: 11127.8, Max: 26048, Diff: 26048, Sum: 44511, Workers: 4
[1264.730s][debug][gc,phases      ] GC(76)   ResolvedMethodTable Weak       Min:  0.0, Avg:  0.0, Max:  0.0, Diff:  0.0, Sum:  0.1, Workers: 4
[1264.730s][debug][gc,phases      ] GC(76)     Dead                           Min: 0, Avg:  0.0, Max: 0, Diff: 0, Sum: 0, Workers: 4
[1264.730s][debug][gc,phases      ] GC(76)     Total                          Min: 0, Avg: 2751.5, Max: 6015, Diff: 6015, Sum: 11006, Workers: 4
[1264.730s][debug][gc,phases      ] GC(76)   JNI Weak                       Min:  0.0, Avg:  0.0, Max:  0.0, Diff:  0.0, Sum:  0.0, Workers: 4
[1264.730s][debug][gc,phases      ] GC(76)     Dead                           Min: 0, Avg:  0.0, Max: 0, Diff: 0, Sum: 0, Workers: 4
[1264.730s][debug][gc,phases      ] GC(76)     Total                          Min: 0, Avg: 12.0, Max: 48, Diff: 48, Sum: 48, Workers: 4
[1264.730s][debug][gc,phases      ] GC(76)   StringDedup Table Weak         Min:  0.0, Avg:  0.0, Max:  0.0, Diff:  0.0, Sum:  0.0, Workers: 4
[1264.730s][debug][gc,phases      ] GC(76)     Dead                           Min: 0, Avg:  0.0, Max: 0, Diff: 0, Sum: 0, Workers: 4
[1264.730s][debug][gc,phases      ] GC(76)     Total                          Min: 0, Avg:  0.0, Max: 0, Diff: 0, Sum: 0, Workers: 4
[1264.730s][debug][gc,phases      ] GC(76)   StringDedup Requests0 Weak     Min:  0.0, Avg:  0.0, Max:  0.0, Diff:  0.0, Sum:  0.0, Workers: 4
[1264.730s][debug][gc,phases      ] GC(76)     Dead                           Min: 0, Avg:  0.0, Max: 0, Diff: 0, Sum: 0, Workers: 4
[1264.730s][debug][gc,phases      ] GC(76)     Total                          Min: 0, Avg:  0.0, Max: 0, Diff: 0, Sum: 0, Workers: 4
[1264.730s][debug][gc,phases      ] GC(76)   StringDedup Requests1 Weak     Min:  0.0, Avg:  0.0, Max:  0.0, Diff:  0.0, Sum:  0.0, Workers: 4
[1264.730s][debug][gc,phases      ] GC(76)     Dead                           Min: 0, Avg:  0.0, Max: 0, Diff: 0, Sum: 0, Workers: 4
[1264.730s][debug][gc,phases      ] GC(76)     Total                          Min: 0, Avg:  0.0, Max: 0, Diff: 0, Sum: 0, Workers: 4
[1264.730s][debug][gc,phases      ] GC(76)   Weak JFR Old Object Samples    Min:  0.0, Avg:  0.0, Max:  0.0, Diff:  0.0, Sum:  0.0, Workers: 4
[1264.730s][debug][gc,phases      ] GC(76)     Dead                           Min: 0, Avg:  0.0, Max: 0, Diff: 0, Sum: 0, Workers: 4
[1264.730s][debug][gc,phases      ] GC(76)     Total                          Min: 0, Avg:  0.0, Max: 0, Diff: 0, Sum: 0, Workers: 4
[1264.730s][debug][gc,phases      ] GC(76) Weak Processing 0.384ms
[1264.730s][debug][gc,age         ] GC(76) Desired survivor size 31981568 bytes, new threshold 15 (max threshold 15)
[1264.730s][info ][gc,heap        ] GC(76) PSYoungGen: 2030432K(2059264K)->6608K(2065920K) Eden: 2023936K(2023936K)->0K(2032640K) From: 6496K(35328K)->6608K(33280K)
[1264.730s][info ][gc,heap        ] GC(76) ParOldGen: 420047K(541184K)->420071K(541184K)
[1264.730s][info ][gc,metaspace   ] GC(76) Metaspace: 88446K(89600K)->88446K(89600K) NonClass: 75634K(76224K)->75634K(76224K) Class: 12812K(13376K)->12812K(13376K)
[1264.730s][info ][gc             ] GC(76) Pause Young (Allocation Failure) 2393M->416M(2546M) 6.563ms
[1264.730s][info ][gc,cpu         ] GC(76) User=0.00s Sys=0.02s Real=0.00s
[1264.730s][info ][safepoint      ] Safepoint "ParallelGCFailedAllocation", Time since last: 3646864489 ns, Reaching safepoint: 5000 ns, Cleanup: 3900 ns, At safepoint: 6623989 ns, Total: 6632889 ns
[1271.730s][info ][safepoint      ] Safepoint "Cleanup", Time since last: 7000516519 ns, Reaching safepoint: 5800 ns, Cleanup: 9800 ns, At safepoint: 2100 ns, Total: 17700 ns
[1273.730s][info ][safepoint      ] Safepoint "Cleanup", Time since last: 2000163332 ns, Reaching safepoint: 4300 ns, Cleanup: 13601 ns, At safepoint: 1900 ns, Total: 19801 ns
[1274.731s][info ][safepoint      ] Safepoint "Cleanup", Time since last: 1000114116 ns, Reaching safepoint: 4900 ns, Cleanup: 12500 ns, At safepoint: 1901 ns, Total: 19301 ns
[1276.731s][info ][safepoint      ] Safepoint "Cleanup", Time since last: 2000103231 ns, Reaching safepoint: 5300 ns, Cleanup: 14500 ns, At safepoint: 2901 ns, Total: 22701 ns
[1277.731s][info ][safepoint      ] Safepoint "Cleanup", Time since last: 1000100116 ns, Reaching safepoint: 5700 ns, Cleanup: 12600 ns, At safepoint: 5700 ns, Total: 24000 ns
[1279.731s][info ][safepoint      ] Safepoint "Cleanup", Time since last: 2000181002 ns, Reaching safepoint: 4500 ns, Cleanup: 9500 ns, At safepoint: 2200 ns, Total: 16200 ns
[1281.731s][info ][safepoint      ] Safepoint "Cleanup", Time since last: 2000168747 ns, Reaching safepoint: 4000 ns, Cleanup: 19400 ns, At safepoint: 4800 ns, Total: 28200 ns
[1283.731s][info ][safepoint      ] Safepoint "Cleanup", Time since last: 2000184847 ns, Reaching safepoint: 4900 ns, Cleanup: 11100 ns, At safepoint: 2000 ns, Total: 18000 ns
[1286.732s][info ][safepoint      ] Safepoint "Cleanup", Time since last: 3000190548 ns, Reaching safepoint: 4100 ns, Cleanup: 8400 ns, At safepoint: 2000 ns, Total: 14500 ns
[1291.411s][info ][gc,start       ] GC(77) Pause Young (Allocation Failure)
[1291.417s][debug][gc,phases      ] GC(77) Scavenge 5.057ms
[1291.417s][debug][gc,ref         ] GC(77) Skipped phase 1 of Reference Processing: no references
[1291.417s][debug][gc,ref         ] GC(77) ReferenceProcessor::execute queues: 1, RefProcThreadModel::Single, marks_oops_alive: false
[1291.417s][debug][gc,ref         ] GC(77) Skipped phase 3 of Reference Processing: no references
[1291.417s][debug][gc,ref         ] GC(77) ReferenceProcessor::execute queues: 1, RefProcThreadModel::Single, marks_oops_alive: false
[1291.417s][debug][gc,phases      ] GC(77) Reference Processing 0.115ms
[1291.417s][debug][gc,phases      ] GC(77)   VM Weak                        Min:  0.0, Avg:  0.0, Max:  0.0, Diff:  0.0, Sum:  0.0, Workers: 4
[1291.417s][debug][gc,phases      ] GC(77)     Dead                           Min: 0, Avg:  0.0, Max: 0, Diff: 0, Sum: 0, Workers: 4
[1291.417s][debug][gc,phases      ] GC(77)     Total                          Min: 0, Avg: 232.5, Max: 640, Diff: 640, Sum: 930, Workers: 4
[1291.417s][debug][gc,phases      ] GC(77)   ObjectSynchronizer Weak        Min:  0.0, Avg:  0.0, Max:  0.0, Diff:  0.0, Sum:  0.0, Workers: 4
[1291.417s][debug][gc,phases      ] GC(77)     Dead                           Min: 0, Avg:  0.0, Max: 0, Diff: 0, Sum: 0, Workers: 4
[1291.417s][debug][gc,phases      ] GC(77)     Total                          Min: 0, Avg:  1.5, Max: 6, Diff: 6, Sum: 6, Workers: 4
[1291.417s][debug][gc,phases      ] GC(77)   JVMTI Tag Weak OopStorage      Min:  0.0, Avg:  0.0, Max:  0.0, Diff:  0.0, Sum:  0.0, Workers: 4
[1291.417s][debug][gc,phases      ] GC(77)     Dead                           Min: 0, Avg:  0.0, Max: 0, Diff: 0, Sum: 0, Workers: 4
[1291.417s][debug][gc,phases      ] GC(77)     Total                          Min: 0, Avg:  0.0, Max: 0, Diff: 0, Sum: 0, Workers: 4
[1291.417s][debug][gc,phases      ] GC(77)   StringTable Weak               Min:  0.0, Avg:  0.1, Max:  0.1, Diff:  0.1, Sum:  0.4, Workers: 4
[1291.417s][debug][gc,phases      ] GC(77)     Dead                           Min: 0, Avg:  0.0, Max: 0, Diff: 0, Sum: 0, Workers: 4
[1291.417s][debug][gc,phases      ] GC(77)     Total                          Min: 0, Avg: 11127.8, Max: 15135, Diff: 15135, Sum: 44511, Workers: 4
[1291.417s][debug][gc,phases      ] GC(77)   ResolvedMethodTable Weak       Min:  0.0, Avg:  0.0, Max:  0.0, Diff:  0.0, Sum:  0.1, Workers: 4
[1291.417s][debug][gc,phases      ] GC(77)     Dead                           Min: 0, Avg:  0.0, Max: 0, Diff: 0, Sum: 0, Workers: 4
[1291.417s][debug][gc,phases      ] GC(77)     Total                          Min: 0, Avg: 2751.5, Max: 3711, Diff: 3711, Sum: 11006, Workers: 4
[1291.417s][debug][gc,phases      ] GC(77)   JNI Weak                       Min:  0.0, Avg:  0.0, Max:  0.0, Diff:  0.0, Sum:  0.0, Workers: 4
[1291.417s][debug][gc,phases      ] GC(77)     Dead                           Min: 0, Avg:  0.0, Max: 0, Diff: 0, Sum: 0, Workers: 4
[1291.417s][debug][gc,phases      ] GC(77)     Total                          Min: 0, Avg: 12.0, Max: 48, Diff: 48, Sum: 48, Workers: 4
[1291.417s][debug][gc,phases      ] GC(77)   StringDedup Table Weak         Min:  0.0, Avg:  0.0, Max:  0.0, Diff:  0.0, Sum:  0.0, Workers: 4
[1291.417s][debug][gc,phases      ] GC(77)     Dead                           Min: 0, Avg:  0.0, Max: 0, Diff: 0, Sum: 0, Workers: 4
[1291.417s][debug][gc,phases      ] GC(77)     Total                          Min: 0, Avg:  0.0, Max: 0, Diff: 0, Sum: 0, Workers: 4
[1291.417s][debug][gc,phases      ] GC(77)   StringDedup Requests0 Weak     Min:  0.0, Avg:  0.0, Max:  0.0, Diff:  0.0, Sum:  0.0, Workers: 4
[1291.417s][debug][gc,phases      ] GC(77)     Dead                           Min: 0, Avg:  0.0, Max: 0, Diff: 0, Sum: 0, Workers: 4
[1291.417s][debug][gc,phases      ] GC(77)     Total                          Min: 0, Avg:  0.0, Max: 0, Diff: 0, Sum: 0, Workers: 4
[1291.417s][debug][gc,phases      ] GC(77)   StringDedup Requests1 Weak     Min:  0.0, Avg:  0.0, Max:  0.0, Diff:  0.0, Sum:  0.0, Workers: 4
[1291.417s][debug][gc,phases      ] GC(77)     Dead                           Min: 0, Avg:  0.0, Max: 0, Diff: 0, Sum: 0, Workers: 4
[1291.417s][debug][gc,phases      ] GC(77)     Total                          Min: 0, Avg:  0.0, Max: 0, Diff: 0, Sum: 0, Workers: 4
[1291.417s][debug][gc,phases      ] GC(77)   Weak JFR Old Object Samples    Min:  0.0, Avg:  0.0, Max:  0.0, Diff:  0.0, Sum:  0.0, Workers: 4
[1291.417s][debug][gc,phases      ] GC(77)     Dead                           Min: 0, Avg:  0.0, Max: 0, Diff: 0, Sum: 0, Workers: 4
[1291.417s][debug][gc,phases      ] GC(77)     Total                          Min: 0, Avg:  0.0, Max: 0, Diff: 0, Sum: 0, Workers: 4
[1291.417s][debug][gc,phases      ] GC(77) Weak Processing 0.416ms
[1291.417s][debug][gc,age         ] GC(77) Desired survivor size 29884416 bytes, new threshold 15 (max threshold 15)
[1291.417s][info ][gc,heap        ] GC(77) PSYoungGen: 2039248K(2065920K)->6592K(2063872K) Eden: 2032640K(2032640K)->0K(2032640K) From: 6608K(33280K)->6592K(31232K)
[1291.417s][info ][gc,heap        ] GC(77) ParOldGen: 420071K(541184K)->420131K(541184K)
[1291.417s][info ][gc,metaspace   ] GC(77) Metaspace: 88455K(89600K)->88455K(89600K) NonClass: 75642K(76224K)->75642K(76224K) Class: 12812K(13376K)->12812K(13376K)
[1291.417s][info ][gc             ] GC(77) Pause Young (Allocation Failure) 2401M->416M(2544M) 5.705ms
[1291.417s][info ][gc,cpu         ] GC(77) User=0.01s Sys=0.00s Real=0.00s
[1291.417s][info ][safepoint      ] Safepoint "ParallelGCFailedAllocation", Time since last: 4679768495 ns, Reaching safepoint: 75301 ns, Cleanup: 3600 ns, At safepoint: 5774978 ns, Total: 5853879 ns
[1292.417s][info ][safepoint      ] Safepoint "Cleanup", Time since last: 1000096069 ns, Reaching safepoint: 77601 ns, Cleanup: 34901 ns, At safepoint: 6300 ns, Total: 118802 ns
[1293.418s][info ][safepoint      ] Safepoint "Cleanup", Time since last: 1000130969 ns, Reaching safepoint: 78802 ns, Cleanup: 35300 ns, At safepoint: 6100 ns, Total: 120202 ns
[1294.418s][info ][safepoint      ] Safepoint "Cleanup", Time since last: 1000127977 ns, Reaching safepoint: 77301 ns, Cleanup: 8800 ns, At safepoint: 6200 ns, Total: 92301 ns
[1308.419s][info ][safepoint      ] Safepoint "Cleanup", Time since last: 14001045653 ns, Reaching safepoint: 77301 ns, Cleanup: 11600 ns, At safepoint: 6101 ns, Total: 95002 ns
[1316.420s][info ][safepoint      ] Safepoint "Cleanup", Time since last: 8000598779 ns, Reaching safepoint: 73100 ns, Cleanup: 9001 ns, At safepoint: 5400 ns, Total: 87501 ns
[1317.019s][info ][gc,start       ] GC(78) Pause Young (Allocation Failure)
[1317.025s][debug][gc,phases      ] GC(78) Scavenge 6.228ms
[1317.025s][debug][gc,ref         ] GC(78) Skipped phase 1 of Reference Processing: no references
[1317.025s][debug][gc,ref         ] GC(78) ReferenceProcessor::execute queues: 1, RefProcThreadModel::Single, marks_oops_alive: false
[1317.025s][debug][gc,ref         ] GC(78) Skipped phase 3 of Reference Processing: no references
[1317.025s][debug][gc,ref         ] GC(78) ReferenceProcessor::execute queues: 1, RefProcThreadModel::Single, marks_oops_alive: false
[1317.025s][debug][gc,phases      ] GC(78) Reference Processing 0.125ms
[1317.025s][debug][gc,phases      ] GC(78)   VM Weak                        Min:  0.0, Avg:  0.0, Max:  0.0, Diff:  0.0, Sum:  0.0, Workers: 4
[1317.025s][debug][gc,phases      ] GC(78)     Dead                           Min: 0, Avg:  0.0, Max: 0, Diff: 0, Sum: 0, Workers: 4
[1317.025s][debug][gc,phases      ] GC(78)     Total                          Min: 0, Avg: 232.5, Max: 448, Diff: 448, Sum: 930, Workers: 4
[1317.025s][debug][gc,phases      ] GC(78)   ObjectSynchronizer Weak        Min:  0.0, Avg:  0.0, Max:  0.0, Diff:  0.0, Sum:  0.0, Workers: 4
[1317.025s][debug][gc,phases      ] GC(78)     Dead                           Min: 0, Avg:  0.0, Max: 0, Diff: 0, Sum: 0, Workers: 4
[1317.025s][debug][gc,phases      ] GC(78)     Total                          Min: 0, Avg:  1.5, Max: 6, Diff: 6, Sum: 6, Workers: 4
[1317.025s][debug][gc,phases      ] GC(78)   JVMTI Tag Weak OopStorage      Min:  0.0, Avg:  0.0, Max:  0.0, Diff:  0.0, Sum:  0.0, Workers: 4
[1317.025s][debug][gc,phases      ] GC(78)     Dead                           Min: 0, Avg:  0.0, Max: 0, Diff: 0, Sum: 0, Workers: 4
[1317.025s][debug][gc,phases      ] GC(78)     Total                          Min: 0, Avg:  0.0, Max: 0, Diff: 0, Sum: 0, Workers: 4
[1317.025s][debug][gc,phases      ] GC(78)   StringTable Weak               Min:  0.0, Avg:  0.1, Max:  0.1, Diff:  0.1, Sum:  0.4, Workers: 4
[1317.025s][debug][gc,phases      ] GC(78)     Dead                           Min: 0, Avg:  0.0, Max: 0, Diff: 0, Sum: 0, Workers: 4
[1317.025s][debug][gc,phases      ] GC(78)     Total                          Min: 0, Avg: 11128.0, Max: 15328, Diff: 15328, Sum: 44512, Workers: 4
[1317.025s][debug][gc,phases      ] GC(78)   ResolvedMethodTable Weak       Min:  0.0, Avg:  0.0, Max:  0.0, Diff:  0.0, Sum:  0.1, Workers: 4
[1317.025s][debug][gc,phases      ] GC(78)     Dead                           Min: 0, Avg:  0.0, Max: 0, Diff: 0, Sum: 0, Workers: 4
[1317.025s][debug][gc,phases      ] GC(78)     Total                          Min: 0, Avg: 2752.2, Max: 3904, Diff: 3904, Sum: 11009, Workers: 4
[1317.025s][debug][gc,phases      ] GC(78)   JNI Weak                       Min:  0.0, Avg:  0.0, Max:  0.0, Diff:  0.0, Sum:  0.0, Workers: 4
[1317.025s][debug][gc,phases      ] GC(78)     Dead                           Min: 0, Avg:  0.0, Max: 0, Diff: 0, Sum: 0, Workers: 4
[1317.025s][debug][gc,phases      ] GC(78)     Total                          Min: 0, Avg: 12.0, Max: 48, Diff: 48, Sum: 48, Workers: 4
[1317.025s][debug][gc,phases      ] GC(78)   StringDedup Table Weak         Min:  0.0, Avg:  0.0, Max:  0.0, Diff:  0.0, Sum:  0.0, Workers: 4
[1317.025s][debug][gc,phases      ] GC(78)     Dead                           Min: 0, Avg:  0.0, Max: 0, Diff: 0, Sum: 0, Workers: 4
[1317.025s][debug][gc,phases      ] GC(78)     Total                          Min: 0, Avg:  0.0, Max: 0, Diff: 0, Sum: 0, Workers: 4
[1317.025s][debug][gc,phases      ] GC(78)   StringDedup Requests0 Weak     Min:  0.0, Avg:  0.0, Max:  0.0, Diff:  0.0, Sum:  0.0, Workers: 4
[1317.025s][debug][gc,phases      ] GC(78)     Dead                           Min: 0, Avg:  0.0, Max: 0, Diff: 0, Sum: 0, Workers: 4
[1317.025s][debug][gc,phases      ] GC(78)     Total                          Min: 0, Avg:  0.0, Max: 0, Diff: 0, Sum: 0, Workers: 4
[1317.025s][debug][gc,phases      ] GC(78)   StringDedup Requests1 Weak     Min:  0.0, Avg:  0.0, Max:  0.0, Diff:  0.0, Sum:  0.0, Workers: 4
[1317.025s][debug][gc,phases      ] GC(78)     Dead                           Min: 0, Avg:  0.0, Max: 0, Diff: 0, Sum: 0, Workers: 4
[1317.025s][debug][gc,phases      ] GC(78)     Total                          Min: 0, Avg:  0.0, Max: 0, Diff: 0, Sum: 0, Workers: 4
[1317.025s][debug][gc,phases      ] GC(78)   Weak JFR Old Object Samples    Min:  0.0, Avg:  0.0, Max:  0.0, Diff:  0.0, Sum:  0.0, Workers: 4
[1317.025s][debug][gc,phases      ] GC(78)     Dead                           Min: 0, Avg:  0.0, Max: 0, Diff: 0, Sum: 0, Workers: 4
[1317.025s][debug][gc,phases      ] GC(78)     Total                          Min: 0, Avg:  0.0, Max: 0, Diff: 0, Sum: 0, Workers: 4
[1317.025s][debug][gc,phases      ] GC(78) Weak Processing 0.426ms
[1317.025s][debug][gc,age         ] GC(78) Desired survivor size 28311552 bytes, new threshold 15 (max threshold 15)
[1317.025s][info ][gc,heap        ] GC(78) PSYoungGen: 2039232K(2063872K)->6288K(2069504K) Eden: 2032640K(2032640K)->0K(2040320K) From: 6592K(31232K)->6288K(29184K)
[1317.025s][info ][gc,heap        ] GC(78) ParOldGen: 420131K(541184K)->420163K(541184K)
[1317.025s][info ][gc,metaspace   ] GC(78) Metaspace: 88476K(89600K)->88476K(89600K) NonClass: 75662K(76224K)->75662K(76224K) Class: 12813K(13376K)->12813K(13376K)
[1317.025s][info ][gc             ] GC(78) Pause Young (Allocation Failure) 2401M->416M(2549M) 6.907ms
[1317.025s][info ][gc,cpu         ] GC(78) User=0.02s Sys=0.00s Real=0.01s
[1317.025s][info ][safepoint      ] Safepoint "ParallelGCFailedAllocation", Time since last: 598789781 ns, Reaching safepoint: 5700 ns, Cleanup: 3900 ns, At safepoint: 6981195 ns, Total: 6990795 ns
[1318.026s][info ][safepoint      ] Safepoint "Cleanup", Time since last: 1000088038 ns, Reaching safepoint: 5700 ns, Cleanup: 15500 ns, At safepoint: 2300 ns, Total: 23500 ns
[1319.026s][info ][safepoint      ] Safepoint "Cleanup", Time since last: 1000126096 ns, Reaching safepoint: 5500 ns, Cleanup: 14900 ns, At safepoint: 2000 ns, Total: 22400 ns
[1320.432s][info ][safepoint      ] Safepoint "Cleanup", Time since last: 1406699794 ns, Reaching safepoint: 2400 ns, Cleanup: 15001 ns, At safepoint: 3200 ns, Total: 20601 ns
[1324.433s][info ][safepoint      ] Safepoint "Cleanup", Time since last: 4000292898 ns, Reaching safepoint: 4900 ns, Cleanup: 14000 ns, At safepoint: 2100 ns, Total: 21000 ns
[1331.433s][info ][safepoint      ] Safepoint "Cleanup", Time since last: 7000512554 ns, Reaching safepoint: 5000 ns, Cleanup: 15700 ns, At safepoint: 7400 ns, Total: 28100 ns
[1333.433s][info ][safepoint      ] Safepoint "Cleanup", Time since last: 2000165565 ns, Reaching safepoint: 6100 ns, Cleanup: 10800 ns, At safepoint: 2500 ns, Total: 19400 ns
[1334.434s][info ][safepoint      ] Safepoint "Cleanup", Time since last: 1000116887 ns, Reaching safepoint: 6400 ns, Cleanup: 18901 ns, At safepoint: 2700 ns, Total: 28001 ns
[1338.434s][info ][safepoint      ] Safepoint "Cleanup", Time since last: 4000320689 ns, Reaching safepoint: 4200 ns, Cleanup: 7600 ns, At safepoint: 1800 ns, Total: 13600 ns
[1341.434s][info ][safepoint      ] Safepoint "Cleanup", Time since last: 3000234341 ns, Reaching safepoint: 4201 ns, Cleanup: 9300 ns, At safepoint: 2000 ns, Total: 15501 ns
[1342.158s][info ][gc,start       ] GC(79) Pause Young (Allocation Failure)
[1342.162s][debug][gc,phases      ] GC(79) Scavenge 4.333ms
[1342.162s][debug][gc,ref         ] GC(79) Skipped phase 1 of Reference Processing: no references
[1342.162s][debug][gc,ref         ] GC(79) ReferenceProcessor::execute queues: 1, RefProcThreadModel::Single, marks_oops_alive: false
[1342.162s][debug][gc,ref         ] GC(79) Skipped phase 3 of Reference Processing: no references
[1342.162s][debug][gc,ref         ] GC(79) ReferenceProcessor::execute queues: 1, RefProcThreadModel::Single, marks_oops_alive: false
[1342.162s][debug][gc,phases      ] GC(79) Reference Processing 0.100ms
[1342.163s][debug][gc,phases      ] GC(79)   VM Weak                        Min:  0.0, Avg:  0.0, Max:  0.0, Diff:  0.0, Sum:  0.0, Workers: 4
[1342.163s][debug][gc,phases      ] GC(79)     Dead                           Min: 0, Avg:  0.0, Max: 0, Diff: 0, Sum: 0, Workers: 4
[1342.163s][debug][gc,phases      ] GC(79)     Total                          Min: 0, Avg: 232.5, Max: 832, Diff: 832, Sum: 930, Workers: 4
[1342.163s][debug][gc,phases      ] GC(79)   ObjectSynchronizer Weak        Min:  0.0, Avg:  0.0, Max:  0.0, Diff:  0.0, Sum:  0.0, Workers: 4
[1342.163s][debug][gc,phases      ] GC(79)     Dead                           Min: 0, Avg:  0.0, Max: 0, Diff: 0, Sum: 0, Workers: 4
[1342.163s][debug][gc,phases      ] GC(79)     Total                          Min: 0, Avg:  1.5, Max: 6, Diff: 6, Sum: 6, Workers: 4
[1342.163s][debug][gc,phases      ] GC(79)   JVMTI Tag Weak OopStorage      Min:  0.0, Avg:  0.0, Max:  0.0, Diff:  0.0, Sum:  0.0, Workers: 4
[1342.163s][debug][gc,phases      ] GC(79)     Dead                           Min: 0, Avg:  0.0, Max: 0, Diff: 0, Sum: 0, Workers: 4
[1342.163s][debug][gc,phases      ] GC(79)     Total                          Min: 0, Avg:  0.0, Max: 0, Diff: 0, Sum: 0, Workers: 4
[1342.163s][debug][gc,phases      ] GC(79)   StringTable Weak               Min:  0.1, Avg:  0.1, Max:  0.1, Diff:  0.0, Sum:  0.5, Workers: 4
[1342.163s][debug][gc,phases      ] GC(79)     Dead                           Min: 0, Avg:  0.0, Max: 0, Diff: 0, Sum: 0, Workers: 4
[1342.163s][debug][gc,phases      ] GC(79)     Total                          Min: 10624, Avg: 11128.0, Max: 11328, Diff: 704, Sum: 44512, Workers: 4
[1342.163s][debug][gc,phases      ] GC(79)   ResolvedMethodTable Weak       Min:  0.0, Avg:  0.0, Max:  0.0, Diff:  0.0, Sum:  0.1, Workers: 4
[1342.163s][debug][gc,phases      ] GC(79)     Dead                           Min: 0, Avg:  0.0, Max: 0, Diff: 0, Sum: 0, Workers: 4
[1342.163s][debug][gc,phases      ] GC(79)     Total                          Min: 2496, Avg: 2752.2, Max: 2945, Diff: 449, Sum: 11009, Workers: 4
[1342.163s][debug][gc,phases      ] GC(79)   JNI Weak                       Min:  0.0, Avg:  0.0, Max:  0.0, Diff:  0.0, Sum:  0.0, Workers: 4
[1342.163s][debug][gc,phases      ] GC(79)     Dead                           Min: 0, Avg:  0.0, Max: 0, Diff: 0, Sum: 0, Workers: 4
[1342.163s][debug][gc,phases      ] GC(79)     Total                          Min: 0, Avg: 12.0, Max: 48, Diff: 48, Sum: 48, Workers: 4
[1342.163s][debug][gc,phases      ] GC(79)   StringDedup Table Weak         Min:  0.0, Avg:  0.0, Max:  0.0, Diff:  0.0, Sum:  0.0, Workers: 4
[1342.163s][debug][gc,phases      ] GC(79)     Dead                           Min: 0, Avg:  0.0, Max: 0, Diff: 0, Sum: 0, Workers: 4
[1342.163s][debug][gc,phases      ] GC(79)     Total                          Min: 0, Avg:  0.0, Max: 0, Diff: 0, Sum: 0, Workers: 4
[1342.163s][debug][gc,phases      ] GC(79)   StringDedup Requests0 Weak     Min:  0.0, Avg:  0.0, Max:  0.0, Diff:  0.0, Sum:  0.0, Workers: 4
[1342.163s][debug][gc,phases      ] GC(79)     Dead                           Min: 0, Avg:  0.0, Max: 0, Diff: 0, Sum: 0, Workers: 4
[1342.163s][debug][gc,phases      ] GC(79)     Total                          Min: 0, Avg:  0.0, Max: 0, Diff: 0, Sum: 0, Workers: 4
[1342.163s][debug][gc,phases      ] GC(79)   StringDedup Requests1 Weak     Min:  0.0, Avg:  0.0, Max:  0.0, Diff:  0.0, Sum:  0.0, Workers: 4
[1342.163s][debug][gc,phases      ] GC(79)     Dead                           Min: 0, Avg:  0.0, Max: 0, Diff: 0, Sum: 0, Workers: 4
[1342.163s][debug][gc,phases      ] GC(79)     Total                          Min: 0, Avg:  0.0, Max: 0, Diff: 0, Sum: 0, Workers: 4
[1342.163s][debug][gc,phases      ] GC(79)   Weak JFR Old Object Samples    Min:  0.0, Avg:  0.0, Max:  0.0, Diff:  0.0, Sum:  0.0, Workers: 4
[1342.163s][debug][gc,phases      ] GC(79)     Dead                           Min: 0, Avg:  0.0, Max: 0, Diff: 0, Sum: 0, Workers: 4
[1342.163s][debug][gc,phases      ] GC(79)     Total                          Min: 0, Avg:  0.0, Max: 0, Diff: 0, Sum: 0, Workers: 4
[1342.163s][debug][gc,phases      ] GC(79) Weak Processing 0.308ms
[1342.163s][debug][gc,age         ] GC(79) Desired survivor size 26214400 bytes, new threshold 15 (max threshold 15)
[1342.163s][info ][gc,heap        ] GC(79) PSYoungGen: 2046608K(2069504K)->6384K(2067968K) Eden: 2040320K(2040320K)->0K(2040320K) From: 6288K(29184K)->6384K(27648K)
[1342.163s][info ][gc,heap        ] GC(79) ParOldGen: 420163K(541184K)->420203K(541184K)
[1342.163s][info ][gc,metaspace   ] GC(79) Metaspace: 88497K(89600K)->88497K(89600K) NonClass: 75683K(76224K)->75683K(76224K) Class: 12813K(13376K)->12813K(13376K)
[1342.163s][info ][gc             ] GC(79) Pause Young (Allocation Failure) 2408M->416M(2548M) 4.847ms
[1342.163s][info ][gc,cpu         ] GC(79) User=0.01s Sys=0.00s Real=0.01s
[1342.163s][info ][safepoint      ] Safepoint "ParallelGCFailedAllocation", Time since last: 723616002 ns, Reaching safepoint: 76501 ns, Cleanup: 3800 ns, At safepoint: 4912967 ns, Total: 4993268 ns
[1345.163s][info ][safepoint      ] Safepoint "Cleanup", Time since last: 3000207960 ns, Reaching safepoint: 82001 ns, Cleanup: 9500 ns, At safepoint: 5700 ns, Total: 97201 ns
[1348.163s][info ][safepoint      ] Safepoint "Cleanup", Time since last: 3000243864 ns, Reaching safepoint: 71701 ns, Cleanup: 8501 ns, At safepoint: 4700 ns, Total: 84902 ns
[1351.164s][info ][safepoint      ] Safepoint "Cleanup", Time since last: 3000205713 ns, Reaching safepoint: 74701 ns, Cleanup: 10200 ns, At safepoint: 4700 ns, Total: 89601 ns
[1363.165s][info ][safepoint      ] Safepoint "Cleanup", Time since last: 12000876546 ns, Reaching safepoint: 78601 ns, Cleanup: 11800 ns, At safepoint: 5400 ns, Total: 95801 ns
[1366.169s][info ][safepoint      ] Safepoint "Cleanup", Time since last: 3000246043 ns, Reaching safepoint: 4043154 ns, Cleanup: 12200 ns, At safepoint: 7400 ns, Total: 4062754 ns
[1368.908s][info ][gc,start       ] GC(80) Pause Young (Allocation Failure)
[1368.913s][debug][gc,phases      ] GC(80) Scavenge 4.396ms
[1368.913s][debug][gc,ref         ] GC(80) Skipped phase 1 of Reference Processing: no references
[1368.913s][debug][gc,ref         ] GC(80) ReferenceProcessor::execute queues: 1, RefProcThreadModel::Single, marks_oops_alive: false
[1368.913s][debug][gc,ref         ] GC(80) Skipped phase 3 of Reference Processing: no references
[1368.913s][debug][gc,ref         ] GC(80) ReferenceProcessor::execute queues: 1, RefProcThreadModel::Single, marks_oops_alive: false
[1368.913s][debug][gc,phases      ] GC(80) Reference Processing 0.114ms
[1368.913s][debug][gc,phases      ] GC(80)   VM Weak                        Min:  0.0, Avg:  0.0, Max:  0.0, Diff:  0.0, Sum:  0.0, Workers: 4
[1368.913s][debug][gc,phases      ] GC(80)     Dead                           Min: 0, Avg:  0.0, Max: 0, Diff: 0, Sum: 0, Workers: 4
[1368.913s][debug][gc,phases      ] GC(80)     Total                          Min: 0, Avg: 232.5, Max: 738, Diff: 738, Sum: 930, Workers: 4
[1368.913s][debug][gc,phases      ] GC(80)   ObjectSynchronizer Weak        Min:  0.0, Avg:  0.0, Max:  0.0, Diff:  0.0, Sum:  0.0, Workers: 4
[1368.913s][debug][gc,phases      ] GC(80)     Dead                           Min: 0, Avg:  0.0, Max: 0, Diff: 0, Sum: 0, Workers: 4
[1368.913s][debug][gc,phases      ] GC(80)     Total                          Min: 0, Avg:  1.5, Max: 6, Diff: 6, Sum: 6, Workers: 4
[1368.913s][debug][gc,phases      ] GC(80)   JVMTI Tag Weak OopStorage      Min:  0.0, Avg:  0.0, Max:  0.0, Diff:  0.0, Sum:  0.0, Workers: 4
[1368.913s][debug][gc,phases      ] GC(80)     Dead                           Min: 0, Avg:  0.0, Max: 0, Diff: 0, Sum: 0, Workers: 4
[1368.913s][debug][gc,phases      ] GC(80)     Total                          Min: 0, Avg:  0.0, Max: 0, Diff: 0, Sum: 0, Workers: 4
[1368.913s][debug][gc,phases      ] GC(80)   StringTable Weak               Min:  0.0, Avg:  0.1, Max:  0.2, Diff:  0.2, Sum:  0.4, Workers: 4
[1368.913s][debug][gc,phases      ] GC(80)     Dead                           Min: 0, Avg:  0.0, Max: 0, Diff: 0, Sum: 0, Workers: 4
[1368.913s][debug][gc,phases      ] GC(80)     Total                          Min: 0, Avg: 11129.2, Max: 23808, Diff: 23808, Sum: 44517, Workers: 4
[1368.913s][debug][gc,phases      ] GC(80)   ResolvedMethodTable Weak       Min:  0.0, Avg:  0.0, Max:  0.0, Diff:  0.0, Sum:  0.1, Workers: 4
[1368.913s][debug][gc,phases      ] GC(80)     Dead                           Min: 0, Avg:  0.0, Max: 0, Diff: 0, Sum: 0, Workers: 4
[1368.913s][debug][gc,phases      ] GC(80)     Total                          Min: 0, Avg: 2752.5, Max: 6592, Diff: 6592, Sum: 11010, Workers: 4
[1368.913s][debug][gc,phases      ] GC(80)   JNI Weak                       Min:  0.0, Avg:  0.0, Max:  0.0, Diff:  0.0, Sum:  0.0, Workers: 4
[1368.913s][debug][gc,phases      ] GC(80)     Dead                           Min: 0, Avg:  0.0, Max: 0, Diff: 0, Sum: 0, Workers: 4
[1368.913s][debug][gc,phases      ] GC(80)     Total                          Min: 0, Avg: 12.0, Max: 48, Diff: 48, Sum: 48, Workers: 4
[1368.913s][debug][gc,phases      ] GC(80)   StringDedup Table Weak         Min:  0.0, Avg:  0.0, Max:  0.0, Diff:  0.0, Sum:  0.0, Workers: 4
[1368.913s][debug][gc,phases      ] GC(80)     Dead                           Min: 0, Avg:  0.0, Max: 0, Diff: 0, Sum: 0, Workers: 4
[1368.913s][debug][gc,phases      ] GC(80)     Total                          Min: 0, Avg:  0.0, Max: 0, Diff: 0, Sum: 0, Workers: 4
[1368.913s][debug][gc,phases      ] GC(80)   StringDedup Requests0 Weak     Min:  0.0, Avg:  0.0, Max:  0.0, Diff:  0.0, Sum:  0.0, Workers: 4
[1368.913s][debug][gc,phases      ] GC(80)     Dead                           Min: 0, Avg:  0.0, Max: 0, Diff: 0, Sum: 0, Workers: 4
[1368.913s][debug][gc,phases      ] GC(80)     Total                          Min: 0, Avg:  0.0, Max: 0, Diff: 0, Sum: 0, Workers: 4
[1368.913s][debug][gc,phases      ] GC(80)   StringDedup Requests1 Weak     Min:  0.0, Avg:  0.0, Max:  0.0, Diff:  0.0, Sum:  0.0, Workers: 4
[1368.913s][debug][gc,phases      ] GC(80)     Dead                           Min: 0, Avg:  0.0, Max: 0, Diff: 0, Sum: 0, Workers: 4
[1368.913s][debug][gc,phases      ] GC(80)     Total                          Min: 0, Avg:  0.0, Max: 0, Diff: 0, Sum: 0, Workers: 4
[1368.913s][debug][gc,phases      ] GC(80)   Weak JFR Old Object Samples    Min:  0.0, Avg:  0.0, Max:  0.0, Diff:  0.0, Sum:  0.0, Workers: 4
[1368.913s][debug][gc,phases      ] GC(80)     Dead                           Min: 0, Avg:  0.0, Max: 0, Diff: 0, Sum: 0, Workers: 4
[1368.913s][debug][gc,phases      ] GC(80)     Total                          Min: 0, Avg:  0.0, Max: 0, Diff: 0, Sum: 0, Workers: 4
[1368.913s][debug][gc,phases      ] GC(80) Weak Processing 0.477ms
[1368.913s][debug][gc,age         ] GC(80) Desired survivor size 24641536 bytes, new threshold 15 (max threshold 15)
[1368.913s][info ][gc,heap        ] GC(80) PSYoungGen: 2046704K(2067968K)->6416K(2073088K) Eden: 2040320K(2040320K)->0K(2047488K) From: 6384K(27648K)->6416K(25600K)
[1368.913s][info ][gc,heap        ] GC(80) ParOldGen: 420203K(541184K)->420235K(541184K)
[1368.913s][info ][gc,metaspace   ] GC(80) Metaspace: 88500K(89664K)->88500K(89664K) NonClass: 75686K(76288K)->75686K(76288K) Class: 12814K(13376K)->12814K(13376K)
[1368.913s][info ][gc             ] GC(80) Pause Young (Allocation Failure) 2409M->416M(2553M) 5.113ms
[1368.913s][info ][gc,cpu         ] GC(80) User=0.01s Sys=0.02s Real=0.01s
[1368.913s][info ][safepoint      ] Safepoint "ParallelGCFailedAllocation", Time since last: 2739088580 ns, Reaching safepoint: 78201 ns, Cleanup: 4800 ns, At safepoint: 5192770 ns, Total: 5275771 ns
[1370.914s][info ][safepoint      ] Safepoint "Cleanup", Time since last: 2000154671 ns, Reaching safepoint: 77701 ns, Cleanup: 15100 ns, At safepoint: 4100 ns, Total: 96901 ns
[1371.984s][info ][safepoint      ] Safepoint "Cleanup", Time since last: 1069840327 ns, Reaching safepoint: 6700 ns, Cleanup: 19100 ns, At safepoint: 2100 ns, Total: 27900 ns
[1372.984s][info ][safepoint      ] Safepoint "Cleanup", Time since last: 1000116686 ns, Reaching safepoint: 6400 ns, Cleanup: 38901 ns, At safepoint: 3000 ns, Total: 48301 ns
[1374.984s][info ][safepoint      ] Safepoint "Cleanup", Time since last: 2000187448 ns, Reaching safepoint: 6501 ns, Cleanup: 17800 ns, At safepoint: 2500 ns, Total: 26801 ns
[1375.984s][info ][safepoint      ] Safepoint "Cleanup", Time since last: 1000118946 ns, Reaching safepoint: 6300 ns, Cleanup: 13000 ns, At safepoint: 2500 ns, Total: 21800 ns
[1377.984s][info ][safepoint      ] Safepoint "Cleanup", Time since last: 2000151991 ns, Reaching safepoint: 4200 ns, Cleanup: 8900 ns, At safepoint: 1600 ns, Total: 14700 ns
[1378.984s][info ][safepoint      ] Safepoint "Cleanup", Time since last: 1000120147 ns, Reaching safepoint: 5400 ns, Cleanup: 15400 ns, At safepoint: 7300 ns, Total: 28100 ns
[1379.985s][info ][safepoint      ] Safepoint "Cleanup", Time since last: 1000120946 ns, Reaching safepoint: 5800 ns, Cleanup: 10400 ns, At safepoint: 2600 ns, Total: 18800 ns
[1381.452s][info ][safepoint      ] Safepoint "Cleanup", Time since last: 1466979023 ns, Reaching safepoint: 4400 ns, Cleanup: 8700 ns, At safepoint: 15801 ns, Total: 28901 ns
[1383.452s][info ][safepoint      ] Safepoint "Cleanup", Time since last: 2000152769 ns, Reaching safepoint: 5600 ns, Cleanup: 14800 ns, At safepoint: 2200 ns, Total: 22600 ns
[1396.410s][info ][gc,start       ] GC(81) Pause Young (Allocation Failure)
[1396.414s][debug][gc,phases      ] GC(81) Scavenge 3.664ms
[1396.414s][debug][gc,ref         ] GC(81) Skipped phase 1 of Reference Processing: no references
[1396.414s][debug][gc,ref         ] GC(81) ReferenceProcessor::execute queues: 1, RefProcThreadModel::Single, marks_oops_alive: false
[1396.414s][debug][gc,ref         ] GC(81) Skipped phase 3 of Reference Processing: no references
[1396.414s][debug][gc,ref         ] GC(81) ReferenceProcessor::execute queues: 1, RefProcThreadModel::Single, marks_oops_alive: false
[1396.414s][debug][gc,phases      ] GC(81) Reference Processing 0.083ms
[1396.414s][debug][gc,phases      ] GC(81)   VM Weak                        Min:  0.0, Avg:  0.0, Max:  0.0, Diff:  0.0, Sum:  0.0, Workers: 4
[1396.414s][debug][gc,phases      ] GC(81)     Dead                           Min: 0, Avg:  0.0, Max: 0, Diff: 0, Sum: 0, Workers: 4
[1396.414s][debug][gc,phases      ] GC(81)     Total                          Min: 0, Avg: 232.5, Max: 738, Diff: 738, Sum: 930, Workers: 4
[1396.414s][debug][gc,phases      ] GC(81)   ObjectSynchronizer Weak        Min:  0.0, Avg:  0.0, Max:  0.0, Diff:  0.0, Sum:  0.0, Workers: 4
[1396.414s][debug][gc,phases      ] GC(81)     Dead                           Min: 0, Avg:  0.0, Max: 0, Diff: 0, Sum: 0, Workers: 4
[1396.414s][debug][gc,phases      ] GC(81)     Total                          Min: 0, Avg:  1.2, Max: 5, Diff: 5, Sum: 5, Workers: 4
[1396.414s][debug][gc,phases      ] GC(81)   JVMTI Tag Weak OopStorage      Min:  0.0, Avg:  0.0, Max:  0.0, Diff:  0.0, Sum:  0.0, Workers: 4
[1396.414s][debug][gc,phases      ] GC(81)     Dead                           Min: 0, Avg:  0.0, Max: 0, Diff: 0, Sum: 0, Workers: 4
[1396.414s][debug][gc,phases      ] GC(81)     Total                          Min: 0, Avg:  0.0, Max: 0, Diff: 0, Sum: 0, Workers: 4
[1396.414s][debug][gc,phases      ] GC(81)   StringTable Weak               Min:  0.0, Avg:  0.1, Max:  0.1, Diff:  0.1, Sum:  0.4, Workers: 4
[1396.414s][debug][gc,phases      ] GC(81)     Dead                           Min: 0, Avg:  0.2, Max: 1, Diff: 1, Sum: 1, Workers: 4
[1396.414s][debug][gc,phases      ] GC(81)     Total                          Min: 0, Avg: 11130.5, Max: 19007, Diff: 19007, Sum: 44522, Workers: 4
[1396.414s][debug][gc,phases      ] GC(81)   ResolvedMethodTable Weak       Min:  0.0, Avg:  0.0, Max:  0.0, Diff:  0.0, Sum:  0.1, Workers: 4
[1396.414s][debug][gc,phases      ] GC(81)     Dead                           Min: 0, Avg:  0.0, Max: 0, Diff: 0, Sum: 0, Workers: 4
[1396.414s][debug][gc,phases      ] GC(81)     Total                          Min: 0, Avg: 2754.0, Max: 4608, Diff: 4608, Sum: 11016, Workers: 4
[1396.414s][debug][gc,phases      ] GC(81)   JNI Weak                       Min:  0.0, Avg:  0.0, Max:  0.0, Diff:  0.0, Sum:  0.0, Workers: 4
[1396.414s][debug][gc,phases      ] GC(81)     Dead                           Min: 0, Avg:  0.0, Max: 0, Diff: 0, Sum: 0, Workers: 4
[1396.414s][debug][gc,phases      ] GC(81)     Total                          Min: 0, Avg: 12.0, Max: 48, Diff: 48, Sum: 48, Workers: 4
[1396.414s][debug][gc,phases      ] GC(81)   StringDedup Table Weak         Min:  0.0, Avg:  0.0, Max:  0.0, Diff:  0.0, Sum:  0.0, Workers: 4
[1396.414s][debug][gc,phases      ] GC(81)     Dead                           Min: 0, Avg:  0.0, Max: 0, Diff: 0, Sum: 0, Workers: 4
[1396.414s][debug][gc,phases      ] GC(81)     Total                          Min: 0, Avg:  0.0, Max: 0, Diff: 0, Sum: 0, Workers: 4
[1396.414s][debug][gc,phases      ] GC(81)   StringDedup Requests0 Weak     Min:  0.0, Avg:  0.0, Max:  0.0, Diff:  0.0, Sum:  0.0, Workers: 4
[1396.414s][debug][gc,phases      ] GC(81)     Dead                           Min: 0, Avg:  0.0, Max: 0, Diff: 0, Sum: 0, Workers: 4
[1396.414s][debug][gc,phases      ] GC(81)     Total                          Min: 0, Avg:  0.0, Max: 0, Diff: 0, Sum: 0, Workers: 4
[1396.414s][debug][gc,phases      ] GC(81)   StringDedup Requests1 Weak     Min:  0.0, Avg:  0.0, Max:  0.0, Diff:  0.0, Sum:  0.0, Workers: 4
[1396.414s][debug][gc,phases      ] GC(81)     Dead                           Min: 0, Avg:  0.0, Max: 0, Diff: 0, Sum: 0, Workers: 4
[1396.414s][debug][gc,phases      ] GC(81)     Total                          Min: 0, Avg:  0.0, Max: 0, Diff: 0, Sum: 0, Workers: 4
[1396.414s][debug][gc,phases      ] GC(81)   Weak JFR Old Object Samples    Min:  0.0, Avg:  0.0, Max:  0.0, Diff:  0.0, Sum:  0.0, Workers: 4
[1396.414s][debug][gc,phases      ] GC(81)     Dead                           Min: 0, Avg:  0.0, Max: 0, Diff: 0, Sum: 0, Workers: 4
[1396.414s][debug][gc,phases      ] GC(81)     Total                          Min: 0, Avg:  0.0, Max: 0, Diff: 0, Sum: 0, Workers: 4
[1396.414s][debug][gc,phases      ] GC(81) Weak Processing 0.330ms
[1396.414s][debug][gc,age         ] GC(81) Desired survivor size 23592960 bytes, new threshold 15 (max threshold 15)
[1396.414s][info ][gc,heap        ] GC(81) PSYoungGen: 2053904K(2073088K)->6448K(2071552K) Eden: 2047488K(2047488K)->0K(2047488K) From: 6416K(25600K)->6448K(24064K)
[1396.414s][info ][gc,heap        ] GC(81) ParOldGen: 420235K(541184K)->420267K(541184K)
[1396.414s][info ][gc,metaspace   ] GC(81) Metaspace: 88513K(89664K)->88513K(89664K) NonClass: 75696K(76288K)->75696K(76288K) Class: 12816K(13376K)->12816K(13376K)
[1396.414s][info ][gc             ] GC(81) Pause Young (Allocation Failure) 2416M->416M(2551M) 4.171ms
[1396.414s][info ][gc,cpu         ] GC(81) User=0.02s Sys=0.00s Real=0.01s
[1396.414s][info ][safepoint      ] Safepoint "ParallelGCFailedAllocation", Time since last: 12958177930 ns, Reaching safepoint: 52200 ns, Cleanup: 4901 ns, At safepoint: 4234556 ns, Total: 4291657 ns
[1401.415s][info ][safepoint      ] Safepoint "Cleanup", Time since last: 5000363267 ns, Reaching safepoint: 74101 ns, Cleanup: 10700 ns, At safepoint: 4501 ns, Total: 89302 ns
[1407.415s][info ][safepoint      ] Safepoint "Cleanup", Time since last: 6000442252 ns, Reaching safepoint: 89101 ns, Cleanup: 9700 ns, At safepoint: 6400 ns, Total: 105201 ns
[1419.416s][info ][safepoint      ] Safepoint "Cleanup", Time since last: 12000929157 ns, Reaching safepoint: 77401 ns, Cleanup: 9201 ns, At safepoint: 6700 ns, Total: 93302 ns
[1422.417s][info ][safepoint      ] Safepoint "Cleanup", Time since last: 3000264975 ns, Reaching safepoint: 84501 ns, Cleanup: 9501 ns, At safepoint: 6300 ns, Total: 100302 ns
[1424.612s][info ][gc,start       ] GC(82) Pause Young (Allocation Failure)
[1424.618s][debug][gc,phases      ] GC(82) Scavenge 5.483ms
[1424.618s][debug][gc,ref         ] GC(82) Skipped phase 1 of Reference Processing: no references
[1424.618s][debug][gc,ref         ] GC(82) ReferenceProcessor::execute queues: 1, RefProcThreadModel::Single, marks_oops_alive: false
[1424.618s][debug][gc,ref         ] GC(82) Skipped phase 3 of Reference Processing: no references
[1424.618s][debug][gc,ref         ] GC(82) ReferenceProcessor::execute queues: 1, RefProcThreadModel::Single, marks_oops_alive: false
[1424.618s][debug][gc,phases      ] GC(82) Reference Processing 0.087ms
[1424.618s][debug][gc,phases      ] GC(82)   VM Weak                        Min:  0.0, Avg:  0.0, Max:  0.0, Diff:  0.0, Sum:  0.0, Workers: 4
[1424.618s][debug][gc,phases      ] GC(82)     Dead                           Min: 0, Avg:  0.0, Max: 0, Diff: 0, Sum: 0, Workers: 4
[1424.618s][debug][gc,phases      ] GC(82)     Total                          Min: 0, Avg: 232.5, Max: 930, Diff: 930, Sum: 930, Workers: 4
[1424.618s][debug][gc,phases      ] GC(82)   ObjectSynchronizer Weak        Min:  0.0, Avg:  0.0, Max:  0.0, Diff:  0.0, Sum:  0.0, Workers: 4
[1424.618s][debug][gc,phases      ] GC(82)     Dead                           Min: 0, Avg:  0.0, Max: 0, Diff: 0, Sum: 0, Workers: 4
[1424.618s][debug][gc,phases      ] GC(82)     Total                          Min: 0, Avg:  1.2, Max: 5, Diff: 5, Sum: 5, Workers: 4
[1424.618s][debug][gc,phases      ] GC(82)   JVMTI Tag Weak OopStorage      Min:  0.0, Avg:  0.0, Max:  0.0, Diff:  0.0, Sum:  0.0, Workers: 4
[1424.618s][debug][gc,phases      ] GC(82)     Dead                           Min: 0, Avg:  0.0, Max: 0, Diff: 0, Sum: 0, Workers: 4
[1424.618s][debug][gc,phases      ] GC(82)     Total                          Min: 0, Avg:  0.0, Max: 0, Diff: 0, Sum: 0, Workers: 4
[1424.618s][debug][gc,phases      ] GC(82)   StringTable Weak               Min:  0.0, Avg:  0.1, Max:  0.3, Diff:  0.3, Sum:  0.3, Workers: 4
[1424.618s][debug][gc,phases      ] GC(82)     Dead                           Min: 0, Avg:  0.0, Max: 0, Diff: 0, Sum: 0, Workers: 4
[1424.618s][debug][gc,phases      ] GC(82)     Total                          Min: 0, Avg: 11130.8, Max: 44523, Diff: 44523, Sum: 44523, Workers: 4
[1424.618s][debug][gc,phases      ] GC(82)   ResolvedMethodTable Weak       Min:  0.0, Avg:  0.0, Max:  0.1, Diff:  0.1, Sum:  0.1, Workers: 4
[1424.618s][debug][gc,phases      ] GC(82)     Dead                           Min: 0, Avg:  0.0, Max: 0, Diff: 0, Sum: 0, Workers: 4
[1424.618s][debug][gc,phases      ] GC(82)     Total                          Min: 0, Avg: 2754.0, Max: 11016, Diff: 11016, Sum: 11016, Workers: 4
[1424.618s][debug][gc,phases      ] GC(82)   JNI Weak                       Min:  0.0, Avg:  0.0, Max:  0.0, Diff:  0.0, Sum:  0.0, Workers: 4
[1424.618s][debug][gc,phases      ] GC(82)     Dead                           Min: 0, Avg:  0.0, Max: 0, Diff: 0, Sum: 0, Workers: 4
[1424.618s][debug][gc,phases      ] GC(82)     Total                          Min: 0, Avg: 12.0, Max: 48, Diff: 48, Sum: 48, Workers: 4
[1424.618s][debug][gc,phases      ] GC(82)   StringDedup Table Weak         Min:  0.0, Avg:  0.0, Max:  0.0, Diff:  0.0, Sum:  0.0, Workers: 4
[1424.618s][debug][gc,phases      ] GC(82)     Dead                           Min: 0, Avg:  0.0, Max: 0, Diff: 0, Sum: 0, Workers: 4
[1424.618s][debug][gc,phases      ] GC(82)     Total                          Min: 0, Avg:  0.0, Max: 0, Diff: 0, Sum: 0, Workers: 4
[1424.618s][debug][gc,phases      ] GC(82)   StringDedup Requests0 Weak     Min:  0.0, Avg:  0.0, Max:  0.0, Diff:  0.0, Sum:  0.0, Workers: 4
[1424.618s][debug][gc,phases      ] GC(82)     Dead                           Min: 0, Avg:  0.0, Max: 0, Diff: 0, Sum: 0, Workers: 4
[1424.618s][debug][gc,phases      ] GC(82)     Total                          Min: 0, Avg:  0.0, Max: 0, Diff: 0, Sum: 0, Workers: 4
[1424.618s][debug][gc,phases      ] GC(82)   StringDedup Requests1 Weak     Min:  0.0, Avg:  0.0, Max:  0.0, Diff:  0.0, Sum:  0.0, Workers: 4
[1424.618s][debug][gc,phases      ] GC(82)     Dead                           Min: 0, Avg:  0.0, Max: 0, Diff: 0, Sum: 0, Workers: 4
[1424.618s][debug][gc,phases      ] GC(82)     Total                          Min: 0, Avg:  0.0, Max: 0, Diff: 0, Sum: 0, Workers: 4
[1424.618s][debug][gc,phases      ] GC(82)   Weak JFR Old Object Samples    Min:  0.0, Avg:  0.0, Max:  0.0, Diff:  0.0, Sum:  0.0, Workers: 4
[1424.618s][debug][gc,phases      ] GC(82)     Dead                           Min: 0, Avg:  0.0, Max: 0, Diff: 0, Sum: 0, Workers: 4
[1424.618s][debug][gc,phases      ] GC(82)     Total                          Min: 0, Avg:  0.0, Max: 0, Diff: 0, Sum: 0, Workers: 4
[1424.618s][debug][gc,phases      ] GC(82) Weak Processing 0.505ms
[1424.618s][debug][gc,age         ] GC(82) Desired survivor size 22020096 bytes, new threshold 15 (max threshold 15)
[1424.618s][info ][gc,heap        ] GC(82) PSYoungGen: 2053936K(2071552K)->6384K(2075648K) Eden: 2047488K(2047488K)->0K(2052608K) From: 6448K(24064K)->6384K(23040K)
[1424.618s][info ][gc,heap        ] GC(82) ParOldGen: 420267K(541184K)->420291K(541184K)
[1424.618s][info ][gc,metaspace   ] GC(82) Metaspace: 88520K(89664K)->88520K(89664K) NonClass: 75703K(76288K)->75703K(76288K) Class: 12816K(13376K)->12816K(13376K)
[1424.618s][info ][gc             ] GC(82) Pause Young (Allocation Failure) 2416M->416M(2555M) 6.196ms
[1424.618s][info ][gc,cpu         ] GC(82) User=0.02s Sys=0.00s Real=0.00s
[1424.618s][info ][safepoint      ] Safepoint "ParallelGCFailedAllocation", Time since last: 2195614046 ns, Reaching safepoint: 4300 ns, Cleanup: 3301 ns, At safepoint: 6250383 ns, Total: 6257984 ns
[1429.619s][info ][safepoint      ] Safepoint "Cleanup", Time since last: 5000366230 ns, Reaching safepoint: 4400 ns, Cleanup: 9000 ns, At safepoint: 1800 ns, Total: 15200 ns
[1431.619s][info ][safepoint      ] Safepoint "Cleanup", Time since last: 2000178922 ns, Reaching safepoint: 74001 ns, Cleanup: 9000 ns, At safepoint: 5600 ns, Total: 88601 ns
[1438.620s][info ][safepoint      ] Safepoint "Cleanup", Time since last: 7000561125 ns, Reaching safepoint: 82101 ns, Cleanup: 9800 ns, At safepoint: 7500 ns, Total: 99401 ns
[1440.620s][info ][safepoint      ] Safepoint "Cleanup", Time since last: 2000198806 ns, Reaching safepoint: 78001 ns, Cleanup: 9500 ns, At safepoint: 6600 ns, Total: 94101 ns
[1443.620s][info ][safepoint      ] Safepoint "Cleanup", Time since last: 3000249707 ns, Reaching safepoint: 5200 ns, Cleanup: 9301 ns, At safepoint: 2000 ns, Total: 16501 ns
[1445.621s][info ][safepoint      ] Safepoint "Cleanup", Time since last: 2000197805 ns, Reaching safepoint: 76701 ns, Cleanup: 9800 ns, At safepoint: 6000 ns, Total: 92501 ns
[1450.621s][info ][safepoint      ] Safepoint "Cleanup", Time since last: 5000393042 ns, Reaching safepoint: 5600 ns, Cleanup: 10500 ns, At safepoint: 2000 ns, Total: 18100 ns
[1451.621s][info ][safepoint      ] Safepoint "Cleanup", Time since last: 1000115814 ns, Reaching safepoint: 76201 ns, Cleanup: 9600 ns, At safepoint: 5900 ns, Total: 91701 ns
[1451.809s][info ][gc,start       ] GC(83) Pause Young (Allocation Failure)
[1451.813s][debug][gc,phases      ] GC(83) Scavenge 3.606ms
[1451.813s][debug][gc,ref         ] GC(83) Skipped phase 1 of Reference Processing: no references
[1451.813s][debug][gc,ref         ] GC(83) ReferenceProcessor::execute queues: 1, RefProcThreadModel::Single, marks_oops_alive: false
[1451.813s][debug][gc,ref         ] GC(83) Skipped phase 3 of Reference Processing: no references
[1451.813s][debug][gc,ref         ] GC(83) ReferenceProcessor::execute queues: 1, RefProcThreadModel::Single, marks_oops_alive: false
[1451.813s][debug][gc,phases      ] GC(83) Reference Processing 0.087ms
[1451.813s][debug][gc,phases      ] GC(83)   VM Weak                        Min:  0.0, Avg:  0.0, Max:  0.0, Diff:  0.0, Sum:  0.0, Workers: 4
[1451.813s][debug][gc,phases      ] GC(83)     Dead                           Min: 0, Avg:  0.0, Max: 0, Diff: 0, Sum: 0, Workers: 4
[1451.813s][debug][gc,phases      ] GC(83)     Total                          Min: 0, Avg: 232.5, Max: 866, Diff: 866, Sum: 930, Workers: 4
[1451.813s][debug][gc,phases      ] GC(83)   ObjectSynchronizer Weak        Min:  0.0, Avg:  0.0, Max:  0.0, Diff:  0.0, Sum:  0.0, Workers: 4
[1451.813s][debug][gc,phases      ] GC(83)     Dead                           Min: 0, Avg:  0.0, Max: 0, Diff: 0, Sum: 0, Workers: 4
[1451.813s][debug][gc,phases      ] GC(83)     Total                          Min: 0, Avg:  1.2, Max: 5, Diff: 5, Sum: 5, Workers: 4
[1451.813s][debug][gc,phases      ] GC(83)   JVMTI Tag Weak OopStorage      Min:  0.0, Avg:  0.0, Max:  0.0, Diff:  0.0, Sum:  0.0, Workers: 4
[1451.813s][debug][gc,phases      ] GC(83)     Dead                           Min: 0, Avg:  0.0, Max: 0, Diff: 0, Sum: 0, Workers: 4
[1451.813s][debug][gc,phases      ] GC(83)     Total                          Min: 0, Avg:  0.0, Max: 0, Diff: 0, Sum: 0, Workers: 4
[1451.813s][debug][gc,phases      ] GC(83)   StringTable Weak               Min:  0.0, Avg:  0.1, Max:  0.1, Diff:  0.1, Sum:  0.4, Workers: 4
[1451.813s][debug][gc,phases      ] GC(83)     Dead                           Min: 0, Avg:  0.0, Max: 0, Diff: 0, Sum: 0, Workers: 4
[1451.813s][debug][gc,phases      ] GC(83)     Total                          Min: 0, Avg: 11131.0, Max: 19117, Diff: 19117, Sum: 44524, Workers: 4
[1451.813s][debug][gc,phases      ] GC(83)   ResolvedMethodTable Weak       Min:  0.0, Avg:  0.0, Max:  0.0, Diff:  0.0, Sum:  0.1, Workers: 4
[1451.813s][debug][gc,phases      ] GC(83)     Dead                           Min: 0, Avg:  0.0, Max: 0, Diff: 0, Sum: 0, Workers: 4
[1451.813s][debug][gc,phases      ] GC(83)     Total                          Min: 0, Avg: 2754.0, Max: 4544, Diff: 4544, Sum: 11016, Workers: 4
[1451.813s][debug][gc,phases      ] GC(83)   JNI Weak                       Min:  0.0, Avg:  0.0, Max:  0.0, Diff:  0.0, Sum:  0.0, Workers: 4
[1451.813s][debug][gc,phases      ] GC(83)     Dead                           Min: 0, Avg:  0.0, Max: 0, Diff: 0, Sum: 0, Workers: 4
[1451.813s][debug][gc,phases      ] GC(83)     Total                          Min: 0, Avg: 12.0, Max: 48, Diff: 48, Sum: 48, Workers: 4
[1451.813s][debug][gc,phases      ] GC(83)   StringDedup Table Weak         Min:  0.0, Avg:  0.0, Max:  0.0, Diff:  0.0, Sum:  0.0, Workers: 4
[1451.813s][debug][gc,phases      ] GC(83)     Dead                           Min: 0, Avg:  0.0, Max: 0, Diff: 0, Sum: 0, Workers: 4
[1451.813s][debug][gc,phases      ] GC(83)     Total                          Min: 0, Avg:  0.0, Max: 0, Diff: 0, Sum: 0, Workers: 4
[1451.813s][debug][gc,phases      ] GC(83)   StringDedup Requests0 Weak     Min:  0.0, Avg:  0.0, Max:  0.0, Diff:  0.0, Sum:  0.0, Workers: 4
[1451.813s][debug][gc,phases      ] GC(83)     Dead                           Min: 0, Avg:  0.0, Max: 0, Diff: 0, Sum: 0, Workers: 4
[1451.813s][debug][gc,phases      ] GC(83)     Total                          Min: 0, Avg:  0.0, Max: 0, Diff: 0, Sum: 0, Workers: 4
[1451.813s][debug][gc,phases      ] GC(83)   StringDedup Requests1 Weak     Min:  0.0, Avg:  0.0, Max:  0.0, Diff:  0.0, Sum:  0.0, Workers: 4
[1451.813s][debug][gc,phases      ] GC(83)     Dead                           Min: 0, Avg:  0.0, Max: 0, Diff: 0, Sum: 0, Workers: 4
[1451.813s][debug][gc,phases      ] GC(83)     Total                          Min: 0, Avg:  0.0, Max: 0, Diff: 0, Sum: 0, Workers: 4
[1451.813s][debug][gc,phases      ] GC(83)   Weak JFR Old Object Samples    Min:  0.0, Avg:  0.0, Max:  0.0, Diff:  0.0, Sum:  0.0, Workers: 4
[1451.813s][debug][gc,phases      ] GC(83)     Dead                           Min: 0, Avg:  0.0, Max: 0, Diff: 0, Sum: 0, Workers: 4
[1451.813s][debug][gc,phases      ] GC(83)     Total                          Min: 0, Avg:  0.0, Max: 0, Diff: 0, Sum: 0, Workers: 4
[1451.813s][debug][gc,phases      ] GC(83) Weak Processing 0.340ms
[1451.813s][debug][gc,age         ] GC(83) Desired survivor size 20971520 bytes, new threshold 15 (max threshold 15)
[1451.813s][info ][gc,heap        ] GC(83) PSYoungGen: 2058992K(2075648K)->6368K(2074112K) Eden: 2052608K(2052608K)->0K(2052608K) From: 6384K(23040K)->6368K(21504K)
[1451.813s][info ][gc,heap        ] GC(83) ParOldGen: 420291K(541184K)->420331K(541184K)
[1451.813s][info ][gc,metaspace   ] GC(83) Metaspace: 88527K(89664K)->88527K(89664K) NonClass: 75710K(76288K)->75710K(76288K) Class: 12816K(13376K)->12816K(13376K)
[1451.813s][info ][gc             ] GC(83) Pause Young (Allocation Failure) 2421M->416M(2554M) 4.125ms
[1451.813s][info ][gc,cpu         ] GC(83) User=0.01s Sys=0.00s Real=0.01s
[1451.814s][info ][safepoint      ] Safepoint "ParallelGCFailedAllocation", Time since last: 188055623 ns, Reaching safepoint: 74901 ns, Cleanup: 3700 ns, At safepoint: 4184456 ns, Total: 4263057 ns
[1456.814s][info ][safepoint      ] Safepoint "Cleanup", Time since last: 5000366163 ns, Reaching safepoint: 72601 ns, Cleanup: 9000 ns, At safepoint: 5300 ns, Total: 86901 ns
[1460.814s][info ][safepoint      ] Safepoint "Cleanup", Time since last: 4000297449 ns, Reaching safepoint: 81301 ns, Cleanup: 8400 ns, At safepoint: 4900 ns, Total: 94601 ns
[1467.815s][info ][safepoint      ] Safepoint "Cleanup", Time since last: 7000525250 ns, Reaching safepoint: 77001 ns, Cleanup: 8900 ns, At safepoint: 21900 ns, Total: 107801 ns
[1470.815s][info ][safepoint      ] Safepoint "Cleanup", Time since last: 3000243115 ns, Reaching safepoint: 77401 ns, Cleanup: 9401 ns, At safepoint: 6600 ns, Total: 93402 ns
[1474.816s][info ][safepoint      ] Safepoint "Cleanup", Time since last: 4000349024 ns, Reaching safepoint: 75901 ns, Cleanup: 9400 ns, At safepoint: 5500 ns, Total: 90801 ns
[1478.103s][info ][gc,start       ] GC(84) Pause Young (Allocation Failure)
[1478.108s][debug][gc,phases      ] GC(84) Scavenge 5.483ms
[1478.108s][debug][gc,ref         ] GC(84) Skipped phase 1 of Reference Processing: no references
[1478.108s][debug][gc,ref         ] GC(84) ReferenceProcessor::execute queues: 1, RefProcThreadModel::Single, marks_oops_alive: false
[1478.108s][debug][gc,ref         ] GC(84) Skipped phase 3 of Reference Processing: no references
[1478.108s][debug][gc,ref         ] GC(84) ReferenceProcessor::execute queues: 1, RefProcThreadModel::Single, marks_oops_alive: false
[1478.108s][debug][gc,phases      ] GC(84) Reference Processing 0.090ms
[1478.108s][debug][gc,phases      ] GC(84)   VM Weak                        Min:  0.0, Avg:  0.0, Max:  0.0, Diff:  0.0, Sum:  0.0, Workers: 4
[1478.108s][debug][gc,phases      ] GC(84)     Dead                           Min: 0, Avg:  0.0, Max: 0, Diff: 0, Sum: 0, Workers: 4
[1478.108s][debug][gc,phases      ] GC(84)     Total                          Min: 0, Avg: 232.5, Max: 512, Diff: 512, Sum: 930, Workers: 4
[1478.108s][debug][gc,phases      ] GC(84)   ObjectSynchronizer Weak        Min:  0.0, Avg:  0.0, Max:  0.0, Diff:  0.0, Sum:  0.0, Workers: 4
[1478.108s][debug][gc,phases      ] GC(84)     Dead                           Min: 0, Avg:  0.0, Max: 0, Diff: 0, Sum: 0, Workers: 4
[1478.108s][debug][gc,phases      ] GC(84)     Total                          Min: 0, Avg:  1.2, Max: 5, Diff: 5, Sum: 5, Workers: 4
[1478.108s][debug][gc,phases      ] GC(84)   JVMTI Tag Weak OopStorage      Min:  0.0, Avg:  0.0, Max:  0.0, Diff:  0.0, Sum:  0.0, Workers: 4
[1478.109s][debug][gc,phases      ] GC(84)     Dead                           Min: 0, Avg:  0.0, Max: 0, Diff: 0, Sum: 0, Workers: 4
[1478.109s][debug][gc,phases      ] GC(84)     Total                          Min: 0, Avg:  0.0, Max: 0, Diff: 0, Sum: 0, Workers: 4
[1478.109s][debug][gc,phases      ] GC(84)   StringTable Weak               Min:  0.0, Avg:  0.1, Max:  0.1, Diff:  0.1, Sum:  0.4, Workers: 4
[1478.109s][debug][gc,phases      ] GC(84)     Dead                           Min: 0, Avg:  0.0, Max: 0, Diff: 0, Sum: 0, Workers: 4
[1478.109s][debug][gc,phases      ] GC(84)     Total                          Min: 0, Avg: 11132.2, Max: 19697, Diff: 19697, Sum: 44529, Workers: 4
[1478.109s][debug][gc,phases      ] GC(84)   ResolvedMethodTable Weak       Min:  0.0, Avg:  0.0, Max:  0.0, Diff:  0.0, Sum:  0.1, Workers: 4
[1478.109s][debug][gc,phases      ] GC(84)     Dead                           Min: 0, Avg:  0.0, Max: 0, Diff: 0, Sum: 0, Workers: 4
[1478.109s][debug][gc,phases      ] GC(84)     Total                          Min: 0, Avg: 2755.5, Max: 4942, Diff: 4942, Sum: 11022, Workers: 4
[1478.109s][debug][gc,phases      ] GC(84)   JNI Weak                       Min:  0.0, Avg:  0.0, Max:  0.0, Diff:  0.0, Sum:  0.0, Workers: 4
[1478.109s][debug][gc,phases      ] GC(84)     Dead                           Min: 0, Avg:  0.0, Max: 0, Diff: 0, Sum: 0, Workers: 4
[1478.109s][debug][gc,phases      ] GC(84)     Total                          Min: 0, Avg: 12.0, Max: 48, Diff: 48, Sum: 48, Workers: 4
[1478.109s][debug][gc,phases      ] GC(84)   StringDedup Table Weak         Min:  0.0, Avg:  0.0, Max:  0.0, Diff:  0.0, Sum:  0.0, Workers: 4
[1478.109s][debug][gc,phases      ] GC(84)     Dead                           Min: 0, Avg:  0.0, Max: 0, Diff: 0, Sum: 0, Workers: 4
[1478.109s][debug][gc,phases      ] GC(84)     Total                          Min: 0, Avg:  0.0, Max: 0, Diff: 0, Sum: 0, Workers: 4
[1478.109s][debug][gc,phases      ] GC(84)   StringDedup Requests0 Weak     Min:  0.0, Avg:  0.0, Max:  0.0, Diff:  0.0, Sum:  0.0, Workers: 4
[1478.109s][debug][gc,phases      ] GC(84)     Dead                           Min: 0, Avg:  0.0, Max: 0, Diff: 0, Sum: 0, Workers: 4
[1478.109s][debug][gc,phases      ] GC(84)     Total                          Min: 0, Avg:  0.0, Max: 0, Diff: 0, Sum: 0, Workers: 4
[1478.109s][debug][gc,phases      ] GC(84)   StringDedup Requests1 Weak     Min:  0.0, Avg:  0.0, Max:  0.0, Diff:  0.0, Sum:  0.0, Workers: 4
[1478.109s][debug][gc,phases      ] GC(84)     Dead                           Min: 0, Avg:  0.0, Max: 0, Diff: 0, Sum: 0, Workers: 4
[1478.109s][debug][gc,phases      ] GC(84)     Total                          Min: 0, Avg:  0.0, Max: 0, Diff: 0, Sum: 0, Workers: 4
[1478.109s][debug][gc,phases      ] GC(84)   Weak JFR Old Object Samples    Min:  0.0, Avg:  0.0, Max:  0.0, Diff:  0.0, Sum:  0.0, Workers: 4
[1478.109s][debug][gc,phases      ] GC(84)     Dead                           Min: 0, Avg:  0.0, Max: 0, Diff: 0, Sum: 0, Workers: 4
[1478.109s][debug][gc,phases      ] GC(84)     Total                          Min: 0, Avg:  0.0, Max: 0, Diff: 0, Sum: 0, Workers: 4
[1478.109s][debug][gc,phases      ] GC(84) Weak Processing 0.338ms
[1478.109s][debug][gc,age         ] GC(84) Desired survivor size 19922944 bytes, new threshold 15 (max threshold 15)
[1478.109s][info ][gc,heap        ] GC(84) PSYoungGen: 2058976K(2074112K)->6288K(2077696K) Eden: 2052608K(2052608K)->0K(2057216K) From: 6368K(21504K)->6288K(20480K)
[1478.109s][info ][gc,heap        ] GC(84) ParOldGen: 420331K(541184K)->420363K(541184K)
[1478.109s][info ][gc,metaspace   ] GC(84) Metaspace: 88541K(89664K)->88541K(89664K) NonClass: 75721K(76288K)->75721K(76288K) Class: 12819K(13376K)->12819K(13376K)
[1478.109s][info ][gc             ] GC(84) Pause Young (Allocation Failure) 2421M->416M(2557M) 6.003ms
[1478.109s][info ][gc,cpu         ] GC(84) User=0.02s Sys=0.00s Real=0.00s
[1478.109s][info ][safepoint      ] Safepoint "ParallelGCFailedAllocation", Time since last: 3286812759 ns, Reaching safepoint: 5600 ns, Cleanup: 3900 ns, At safepoint: 6066081 ns, Total: 6075581 ns
[1479.109s][info ][safepoint      ] Safepoint "Cleanup", Time since last: 1000078507 ns, Reaching safepoint: 72701 ns, Cleanup: 7500 ns, At safepoint: 5200 ns, Total: 85401 ns
[1480.109s][info ][safepoint      ] Safepoint "Cleanup", Time since last: 1000092208 ns, Reaching safepoint: 81801 ns, Cleanup: 14100 ns, At safepoint: 7201 ns, Total: 103102 ns
[1482.109s][info ][safepoint      ] Safepoint "Cleanup", Time since last: 2000163415 ns, Reaching safepoint: 70301 ns, Cleanup: 8700 ns, At safepoint: 4500 ns, Total: 83501 ns
[1485.110s][info ][safepoint      ] Safepoint "Cleanup", Time since last: 3000230422 ns, Reaching safepoint: 73501 ns, Cleanup: 8801 ns, At safepoint: 4400 ns, Total: 86702 ns
[1488.110s][info ][safepoint      ] Safepoint "Cleanup", Time since last: 3000240790 ns, Reaching safepoint: 74001 ns, Cleanup: 10200 ns, At safepoint: 5400 ns, Total: 89601 ns
[1491.110s][info ][safepoint      ] Safepoint "Cleanup", Time since last: 3000234550 ns, Reaching safepoint: 73201 ns, Cleanup: 8000 ns, At safepoint: 4500 ns, Total: 85701 ns
[1505.107s][info ][gc,start       ] GC(85) Pause Young (Allocation Failure)
[1505.112s][debug][gc,phases      ] GC(85) Scavenge 4.867ms
[1505.112s][debug][gc,ref         ] GC(85) Skipped phase 1 of Reference Processing: no references
[1505.112s][debug][gc,ref         ] GC(85) ReferenceProcessor::execute queues: 1, RefProcThreadModel::Single, marks_oops_alive: false
[1505.112s][debug][gc,ref         ] GC(85) Skipped phase 3 of Reference Processing: no references
[1505.112s][debug][gc,ref         ] GC(85) ReferenceProcessor::execute queues: 1, RefProcThreadModel::Single, marks_oops_alive: false
[1505.112s][debug][gc,phases      ] GC(85) Reference Processing 0.103ms
[1505.112s][debug][gc,phases      ] GC(85)   VM Weak                        Min:  0.0, Avg:  0.0, Max:  0.0, Diff:  0.0, Sum:  0.0, Workers: 4
[1505.112s][debug][gc,phases      ] GC(85)     Dead                           Min: 0, Avg:  0.0, Max: 0, Diff: 0, Sum: 0, Workers: 4
[1505.112s][debug][gc,phases      ] GC(85)     Total                          Min: 0, Avg: 232.5, Max: 768, Diff: 768, Sum: 930, Workers: 4
[1505.112s][debug][gc,phases      ] GC(85)   ObjectSynchronizer Weak        Min:  0.0, Avg:  0.0, Max:  0.0, Diff:  0.0, Sum:  0.0, Workers: 4
[1505.112s][debug][gc,phases      ] GC(85)     Dead                           Min: 0, Avg:  0.0, Max: 0, Diff: 0, Sum: 0, Workers: 4
[1505.112s][debug][gc,phases      ] GC(85)     Total                          Min: 0, Avg:  1.2, Max: 5, Diff: 5, Sum: 5, Workers: 4
[1505.112s][debug][gc,phases      ] GC(85)   JVMTI Tag Weak OopStorage      Min:  0.0, Avg:  0.0, Max:  0.0, Diff:  0.0, Sum:  0.0, Workers: 4
[1505.112s][debug][gc,phases      ] GC(85)     Dead                           Min: 0, Avg:  0.0, Max: 0, Diff: 0, Sum: 0, Workers: 4
[1505.112s][debug][gc,phases      ] GC(85)     Total                          Min: 0, Avg:  0.0, Max: 0, Diff: 0, Sum: 0, Workers: 4
[1505.112s][debug][gc,phases      ] GC(85)   StringTable Weak               Min:  0.1, Avg:  0.1, Max:  0.1, Diff:  0.0, Sum:  0.4, Workers: 4
[1505.112s][debug][gc,phases      ] GC(85)     Dead                           Min: 0, Avg:  0.0, Max: 0, Diff: 0, Sum: 0, Workers: 4
[1505.112s][debug][gc,phases      ] GC(85)     Total                          Min: 10880, Avg: 11132.5, Max: 11327, Diff: 447, Sum: 44530, Workers: 4
[1505.112s][debug][gc,phases      ] GC(85)   ResolvedMethodTable Weak       Min:  0.0, Avg:  0.0, Max:  0.0, Diff:  0.0, Sum:  0.1, Workers: 4
[1505.112s][debug][gc,phases      ] GC(85)     Dead                           Min: 0, Avg:  0.0, Max: 0, Diff: 0, Sum: 0, Workers: 4
[1505.112s][debug][gc,phases      ] GC(85)     Total                          Min: 2496, Avg: 2756.0, Max: 2896, Diff: 400, Sum: 11024, Workers: 4
[1505.112s][debug][gc,phases      ] GC(85)   JNI Weak                       Min:  0.0, Avg:  0.0, Max:  0.0, Diff:  0.0, Sum:  0.0, Workers: 4
[1505.112s][debug][gc,phases      ] GC(85)     Dead                           Min: 0, Avg:  0.0, Max: 0, Diff: 0, Sum: 0, Workers: 4
[1505.112s][debug][gc,phases      ] GC(85)     Total                          Min: 0, Avg: 12.0, Max: 48, Diff: 48, Sum: 48, Workers: 4
[1505.112s][debug][gc,phases      ] GC(85)   StringDedup Table Weak         Min:  0.0, Avg:  0.0, Max:  0.0, Diff:  0.0, Sum:  0.0, Workers: 4
[1505.112s][debug][gc,phases      ] GC(85)     Dead                           Min: 0, Avg:  0.0, Max: 0, Diff: 0, Sum: 0, Workers: 4
[1505.112s][debug][gc,phases      ] GC(85)     Total                          Min: 0, Avg:  0.0, Max: 0, Diff: 0, Sum: 0, Workers: 4
[1505.112s][debug][gc,phases      ] GC(85)   StringDedup Requests0 Weak     Min:  0.0, Avg:  0.0, Max:  0.0, Diff:  0.0, Sum:  0.0, Workers: 4
[1505.112s][debug][gc,phases      ] GC(85)     Dead                           Min: 0, Avg:  0.0, Max: 0, Diff: 0, Sum: 0, Workers: 4
[1505.112s][debug][gc,phases      ] GC(85)     Total                          Min: 0, Avg:  0.0, Max: 0, Diff: 0, Sum: 0, Workers: 4
[1505.112s][debug][gc,phases      ] GC(85)   StringDedup Requests1 Weak     Min:  0.0, Avg:  0.0, Max:  0.0, Diff:  0.0, Sum:  0.0, Workers: 4
[1505.112s][debug][gc,phases      ] GC(85)     Dead                           Min: 0, Avg:  0.0, Max: 0, Diff: 0, Sum: 0, Workers: 4
[1505.112s][debug][gc,phases      ] GC(85)     Total                          Min: 0, Avg:  0.0, Max: 0, Diff: 0, Sum: 0, Workers: 4
[1505.112s][debug][gc,phases      ] GC(85)   Weak JFR Old Object Samples    Min:  0.0, Avg:  0.0, Max:  0.0, Diff:  0.0, Sum:  0.0, Workers: 4
[1505.112s][debug][gc,phases      ] GC(85)     Dead                           Min: 0, Avg:  0.0, Max: 0, Diff: 0, Sum: 0, Workers: 4
[1505.112s][debug][gc,phases      ] GC(85)     Total                          Min: 0, Avg:  0.0, Max: 0, Diff: 0, Sum: 0, Workers: 4
[1505.112s][debug][gc,phases      ] GC(85) Weak Processing 0.308ms
[1505.112s][debug][gc,age         ] GC(85) Desired survivor size 18874368 bytes, new threshold 15 (max threshold 15)
[1505.112s][info ][gc,heap        ] GC(85) PSYoungGen: 2063504K(2077696K)->6288K(2076672K) Eden: 2057216K(2057216K)->0K(2057216K) From: 6288K(20480K)->6288K(19456K)
[1505.112s][info ][gc,heap        ] GC(85) ParOldGen: 420363K(541184K)->420387K(541184K)
[1505.112s][info ][gc,metaspace   ] GC(85) Metaspace: 88550K(89664K)->88550K(89664K) NonClass: 75730K(76288K)->75730K(76288K) Class: 12820K(13376K)->12820K(13376K)
[1505.112s][info ][gc             ] GC(85) Pause Young (Allocation Failure) 2425M->416M(2556M) 5.373ms
[1505.112s][info ][gc,cpu         ] GC(85) User=0.01s Sys=0.00s Real=0.01s
[1505.112s][info ][safepoint      ] Safepoint "ParallelGCFailedAllocation", Time since last: 13996770470 ns, Reaching safepoint: 3800 ns, Cleanup: 3800 ns, At safepoint: 5450773 ns, Total: 5458373 ns
[1516.113s][info ][safepoint      ] Safepoint "Cleanup", Time since last: 11000702219 ns, Reaching safepoint: 72701 ns, Cleanup: 12100 ns, At safepoint: 5700 ns, Total: 90501 ns
[1517.832s][info ][safepoint      ] Safepoint "Cleanup", Time since last: 1718943433 ns, Reaching safepoint: 77401 ns, Cleanup: 6900 ns, At safepoint: 9501 ns, Total: 93802 ns
[1518.865s][info ][safepoint      ] Safepoint "Cleanup", Time since last: 1032743888 ns, Reaching safepoint: 81202 ns, Cleanup: 42700 ns, At safepoint: 6700 ns, Total: 130602 ns
[1520.865s][info ][safepoint      ] Safepoint "Cleanup", Time since last: 2000186358 ns, Reaching safepoint: 77501 ns, Cleanup: 9400 ns, At safepoint: 6100 ns, Total: 93001 ns
[1526.866s][info ][safepoint      ] Safepoint "Cleanup", Time since last: 6000469460 ns, Reaching safepoint: 78901 ns, Cleanup: 8400 ns, At safepoint: 7901 ns, Total: 95202 ns
[1527.866s][info ][safepoint      ] Safepoint "Cleanup", Time since last: 1000117494 ns, Reaching safepoint: 74701 ns, Cleanup: 12001 ns, At safepoint: 6200 ns, Total: 92902 ns
[1528.886s][info ][safepoint      ] Safepoint "Cleanup", Time since last: 1019603356 ns, Reaching safepoint: 5900 ns, Cleanup: 101701 ns, At safepoint: 8700 ns, Total: 116301 ns
[1529.886s][info ][safepoint      ] Safepoint "Cleanup", Time since last: 1000099095 ns, Reaching safepoint: 5600 ns, Cleanup: 9800 ns, At safepoint: 17900 ns, Total: 33300 ns
[1588.500s][info ][safepoint      ] Safepoint "Cleanup", Time since last: 58613843022 ns, Reaching safepoint: 4400 ns, Cleanup: 9200 ns, At safepoint: 2000 ns, Total: 15600 ns
[1644.503s][info ][safepoint      ] Safepoint "Cleanup", Time since last: 56003462994 ns, Reaching safepoint: 4500 ns, Cleanup: 18000 ns, At safepoint: 23900 ns, Total: 46400 ns
[1648.037s][info ][safepoint      ] Safepoint "Cleanup", Time since last: 3533207998 ns, Reaching safepoint: 74301 ns, Cleanup: 28500 ns, At safepoint: 8200 ns, Total: 111001 ns
[1648.095s][info ][safepoint      ] Safepoint "JFRCheckpoint", Time since last: 57933374 ns, Reaching safepoint: 2800 ns, Cleanup: 16800 ns, At safepoint: 21200 ns, Total: 40800 ns
[1648.097s][info ][gc,heap,exit   ] Heap
[1648.097s][info ][gc,heap,exit   ]  PSYoungGen      total 2076672K, used 2060984K [0x0000000780000000, 0x0000000800000000, 0x0000000800000000)
[1648.097s][info ][gc,heap,exit   ]   eden space 2057216K, 99% used [0x0000000780000000,0x00000007fd68a090,0x00000007fd900000)
[1648.097s][info ][gc,heap,exit   ]   from space 19456K, 32% used [0x00000007fd900000,0x00000007fdf24120,0x00000007fec00000)
[1648.097s][info ][gc,heap,exit   ]   to   space 18432K, 0% used [0x00000007fee00000,0x00000007fee00000,0x0000000800000000)
[1648.097s][info ][gc,heap,exit   ]  ParOldGen       total 541184K, used 420387K [0x00000006c0000000, 0x00000006e1080000, 0x0000000780000000)
[1648.097s][info ][gc,heap,exit   ]   object space 541184K, 77% used [0x00000006c0000000,0x00000006d9a88e20,0x00000006e1080000)
[1648.097s][info ][gc,heap,exit   ]  Metaspace       used 88791K, committed 89920K, reserved 1179648K
[1648.097s][info ][gc,heap,exit   ]   class space    used 12855K, committed 13376K, reserved 1048576K
