[0.003s][info][gc] Using Parallel
[0.004s][info][gc,init] Version: 17.0.10+7-LTS (release)
[0.004s][info][gc,init] CPUs: 4 total, 4 available
[0.004s][info][gc,init] Memory: 15991M
[0.004s][info][gc,init] Large Page Support: Disabled
[0.004s][info][gc,init] NUMA Support: Disabled
[0.004s][info][gc,init] Compressed Oops: Enabled (Zero based)
[0.004s][info][gc,init] Alignments: Space 512K, Generation 512K, Heap 2M
[0.004s][info][gc,init] Heap Min Capacity: 2054M
[0.004s][info][gc,init] Heap Initial Capacity: 2054M
[0.004s][info][gc,init] Heap Max Capacity: 5G
[0.004s][info][gc,init] Pre-touch: Disabled
[0.004s][info][gc,init] Parallel Workers: 4
[0.008s][info][gc,metaspace] CDS archive(s) mapped at: [0x00007f7675000000-0x00007f7675bc6000-0x00007f7675bc6000), size 12345344, SharedBaseAddress: 0x00007f7675000000, ArchiveRelocationMode: 1.
[0.008s][info][gc,metaspace] Compressed class space mapped at: 0x00007f7676000000-0x00007f76b6000000, reserved size: 1073741824
[0.008s][info][gc,metaspace] Narrow klass base: 0x00007f7675000000, Narrow klass shift: 0, Narrow klass range: 0x100000000
[0.275s][info][safepoint   ] Safepoint "ICBufferFull", Time since last: 260887215 ns, Reaching safepoint: 2100 ns, Cleanup: 117100 ns, At safepoint: 1300 ns, Total: 120500 ns
[0.384s][info][safepoint   ] Safepoint "RedefineClasses", Time since last: 106062884 ns, Reaching safepoint: 17900 ns, Cleanup: 54400 ns, At safepoint: 3636296 ns, Total: 3708596 ns
[0.479s][info][safepoint   ] Safepoint "ICBufferFull", Time since last: 94890997 ns, Reaching safepoint: 3000 ns, Cleanup: 146099 ns, At safepoint: 11500 ns, Total: 160599 ns
[0.499s][info][safepoint   ] Safepoint "JFRCheckpoint", Time since last: 18987780 ns, Reaching safepoint: 80100 ns, Cleanup: 12800 ns, At safepoint: 9800 ns, Total: 102700 ns
[1.033s][info][safepoint   ] Safepoint "ICBufferFull", Time since last: 534414417 ns, Reaching safepoint: 2500 ns, Cleanup: 187299 ns, At safepoint: 5300 ns, Total: 195099 ns
[1.370s][info][safepoint   ] Safepoint "ICBufferFull", Time since last: 336473833 ns, Reaching safepoint: 2700 ns, Cleanup: 118300 ns, At safepoint: 1200 ns, Total: 122200 ns
[1.638s][info][gc,start    ] GC(0) Pause Young (Metadata GC Threshold)
[1.661s][debug][gc,phases   ] GC(0) Scavenge 20.140ms
[1.661s][debug][gc,ref      ] GC(0) Skipped phase 1 of Reference Processing: no references
[1.661s][debug][gc,ref      ] GC(0) ReferenceProcessor::execute queues: 2, RefProcThreadModel::Multi, marks_oops_alive: false
[1.661s][debug][gc,ref      ] GC(0) Skipped phase 3 of Reference Processing: no references
[1.661s][debug][gc,ref      ] GC(0) ReferenceProcessor::execute queues: 1, RefProcThreadModel::Single, marks_oops_alive: false
[1.661s][debug][gc,phases   ] GC(0) Reference Processing 0.215ms
[1.661s][debug][gc,phases   ] GC(0)   VM Weak                        Min:  0.0, Avg:  0.0, Max:  0.0, Diff:  0.0, Sum:  0.0, Workers: 4
[1.661s][debug][gc,phases   ] GC(0)     Dead                           Min: 0, Avg:  0.0, Max: 0, Diff: 0, Sum: 0, Workers: 4
[1.661s][debug][gc,phases   ] GC(0)     Total                          Min: 0, Avg: 61.2, Max: 128, Diff: 128, Sum: 245, Workers: 4
[1.661s][debug][gc,phases   ] GC(0)   ObjectSynchronizer Weak        Min:  0.0, Avg:  0.0, Max:  0.0, Diff:  0.0, Sum:  0.0, Workers: 4
[1.661s][debug][gc,phases   ] GC(0)     Dead                           Min: 0, Avg:  0.8, Max: 3, Diff: 3, Sum: 3, Workers: 4
[1.661s][debug][gc,phases   ] GC(0)     Total                          Min: 0, Avg:  3.8, Max: 15, Diff: 15, Sum: 15, Workers: 4
[1.661s][debug][gc,phases   ] GC(0)   JVMTI Tag Weak OopStorage      Min:  0.0, Avg:  0.0, Max:  0.0, Diff:  0.0, Sum:  0.0, Workers: 4
[1.661s][debug][gc,phases   ] GC(0)     Dead                           Min: 0, Avg:  0.0, Max: 0, Diff: 0, Sum: 0, Workers: 4
[1.661s][debug][gc,phases   ] GC(0)     Total                          Min: 0, Avg:  0.0, Max: 0, Diff: 0, Sum: 0, Workers: 4
[1.661s][debug][gc,phases   ] GC(0)   StringTable Weak               Min:  0.1, Avg:  0.1, Max:  0.1, Diff:  0.0, Sum:  0.2, Workers: 4
[1.661s][debug][gc,phases   ] GC(0)     Dead                           Min: 1, Avg:  7.0, Max: 17, Diff: 16, Sum: 28, Workers: 4
[1.662s][debug][gc,phases   ] GC(0)     Total                          Min: 2432, Avg: 2956.2, Max: 3264, Diff: 832, Sum: 11825, Workers: 4
[1.662s][debug][gc,phases   ] GC(0)   ResolvedMethodTable Weak       Min:  0.0, Avg:  0.0, Max:  0.0, Diff:  0.0, Sum:  0.0, Workers: 4
[1.662s][debug][gc,phases   ] GC(0)     Dead                           Min: 5, Avg: 18.2, Max: 30, Diff: 25, Sum: 73, Workers: 4
[1.662s][debug][gc,phases   ] GC(0)     Total                          Min: 281, Avg: 326.2, Max: 384, Diff: 103, Sum: 1305, Workers: 4
[1.662s][debug][gc,phases   ] GC(0)   JNI Weak                       Min:  0.0, Avg:  0.0, Max:  0.0, Diff:  0.0, Sum:  0.0, Workers: 4
[1.662s][debug][gc,phases   ] GC(0)     Dead                           Min: 0, Avg:  0.0, Max: 0, Diff: 0, Sum: 0, Workers: 4
[1.662s][debug][gc,phases   ] GC(0)     Total                          Min: 0, Avg: 12.0, Max: 48, Diff: 48, Sum: 48, Workers: 4
[1.662s][debug][gc,phases   ] GC(0)   StringDedup Table Weak         Min:  0.0, Avg:  0.0, Max:  0.0, Diff:  0.0, Sum:  0.0, Workers: 4
[1.662s][debug][gc,phases   ] GC(0)     Dead                           Min: 0, Avg:  0.0, Max: 0, Diff: 0, Sum: 0, Workers: 4
[1.662s][debug][gc,phases   ] GC(0)     Total                          Min: 0, Avg:  0.0, Max: 0, Diff: 0, Sum: 0, Workers: 4
[1.662s][debug][gc,phases   ] GC(0)   StringDedup Requests0 Weak     Min:  0.0, Avg:  0.0, Max:  0.0, Diff:  0.0, Sum:  0.0, Workers: 4
[1.662s][debug][gc,phases   ] GC(0)     Dead                           Min: 0, Avg:  0.0, Max: 0, Diff: 0, Sum: 0, Workers: 4
[1.662s][debug][gc,phases   ] GC(0)     Total                          Min: 0, Avg:  0.0, Max: 0, Diff: 0, Sum: 0, Workers: 4
[1.662s][debug][gc,phases   ] GC(0)   StringDedup Requests1 Weak     Min:  0.0, Avg:  0.0, Max:  0.0, Diff:  0.0, Sum:  0.0, Workers: 4
[1.662s][debug][gc,phases   ] GC(0)     Dead                           Min: 0, Avg:  0.0, Max: 0, Diff: 0, Sum: 0, Workers: 4
[1.662s][debug][gc,phases   ] GC(0)     Total                          Min: 0, Avg:  0.0, Max: 0, Diff: 0, Sum: 0, Workers: 4
[1.662s][debug][gc,phases   ] GC(0)   Weak JFR Old Object Samples    Min:  0.0, Avg:  0.0, Max:  0.0, Diff:  0.0, Sum:  0.0, Workers: 4
[1.662s][debug][gc,phases   ] GC(0)     Dead                           Min: 0, Avg:  0.0, Max: 0, Diff: 0, Sum: 0, Workers: 4
[1.662s][debug][gc,phases   ] GC(0)     Total                          Min: 0, Avg:  0.0, Max: 0, Diff: 0, Sum: 0, Workers: 4
[1.662s][debug][gc,phases   ] GC(0) Weak Processing 0.243ms
[1.662s][debug][gc,age      ] GC(0) Desired survivor size 536870912 bytes, new threshold 7 (max threshold 15)
[1.662s][info ][gc,heap     ] GC(0) PSYoungGen: 282879K(1572864K)->34849K(1572864K) Eden: 282879K(1048576K)->0K(1048576K) From: 0K(524288K)->34849K(524288K)
[1.662s][info ][gc,heap     ] GC(0) ParOldGen: 0K(6144K)->104K(6144K)
[1.662s][info ][gc,metaspace] GC(0) Metaspace: 21122K(21504K)->21122K(21504K) NonClass: 18679K(18880K)->18679K(18880K) Class: 2443K(2624K)->2443K(2624K)
[1.662s][info ][gc          ] GC(0) Pause Young (Metadata GC Threshold) 276M->34M(1542M) 23.251ms
[1.662s][info ][gc,cpu      ] GC(0) User=0.06s Sys=0.01s Real=0.02s
[1.662s][debug][gc,phases   ] GC(1) Pre Compact 0.013ms
[1.662s][info ][gc,start    ] GC(1) Pause Full (Metadata GC Threshold)
[1.662s][info ][gc,phases,start] GC(1) Marking Phase
[1.673s][debug][gc,phases      ] GC(1) Par Mark 11.092ms
[1.673s][debug][gc,ref         ] GC(1) Skipped phase 1 of Reference Processing: no references
[1.673s][debug][gc,ref         ] GC(1) ReferenceProcessor::execute queues: 1, RefProcThreadModel::Single, marks_oops_alive: false
[1.673s][debug][gc,ref         ] GC(1) Skipped phase 3 of Reference Processing: no references
[1.673s][debug][gc,ref         ] GC(1) ReferenceProcessor::execute queues: 1, RefProcThreadModel::Single, marks_oops_alive: false
[1.673s][debug][gc,phases      ] GC(1) Reference Processing 0.050ms
[1.673s][debug][gc,phases      ] GC(1)   VM Weak                        Min:  0.0, Avg:  0.0, Max:  0.0, Diff:  0.0, Sum:  0.0, Workers: 4
[1.673s][debug][gc,phases      ] GC(1)     Dead                           Min: 0, Avg:  0.0, Max: 0, Diff: 0, Sum: 0, Workers: 4
[1.673s][debug][gc,phases      ] GC(1)     Total                          Min: 0, Avg: 61.2, Max: 245, Diff: 245, Sum: 245, Workers: 4
[1.673s][debug][gc,phases      ] GC(1)   ObjectSynchronizer Weak        Min:  0.0, Avg:  0.0, Max:  0.0, Diff:  0.0, Sum:  0.0, Workers: 4
[1.673s][debug][gc,phases      ] GC(1)     Dead                           Min: 0, Avg:  0.0, Max: 0, Diff: 0, Sum: 0, Workers: 4
[1.673s][debug][gc,phases      ] GC(1)     Total                          Min: 0, Avg:  3.8, Max: 15, Diff: 15, Sum: 15, Workers: 4
[1.673s][debug][gc,phases      ] GC(1)   JVMTI Tag Weak OopStorage      Min:  0.0, Avg:  0.0, Max:  0.0, Diff:  0.0, Sum:  0.0, Workers: 4
[1.673s][debug][gc,phases      ] GC(1)     Dead                           Min: 0, Avg:  0.0, Max: 0, Diff: 0, Sum: 0, Workers: 4
[1.673s][debug][gc,phases      ] GC(1)     Total                          Min: 0, Avg:  0.0, Max: 0, Diff: 0, Sum: 0, Workers: 4
[1.673s][debug][gc,phases      ] GC(1)   StringTable Weak               Min:  0.0, Avg:  0.0, Max:  0.0, Diff:  0.0, Sum:  0.1, Workers: 4
[1.673s][debug][gc,phases      ] GC(1)     Dead                           Min: 0, Avg:  0.0, Max: 0, Diff: 0, Sum: 0, Workers: 4
[1.673s][debug][gc,phases      ] GC(1)     Total                          Min: 0, Avg: 2956.2, Max: 4352, Diff: 4352, Sum: 11825, Workers: 4
[1.673s][debug][gc,phases      ] GC(1)   ResolvedMethodTable Weak       Min:  0.0, Avg:  0.0, Max:  0.0, Diff:  0.0, Sum:  0.0, Workers: 4
[1.673s][debug][gc,phases      ] GC(1)     Dead                           Min: 0, Avg:  0.0, Max: 0, Diff: 0, Sum: 0, Workers: 4
[1.673s][debug][gc,phases      ] GC(1)     Total                          Min: 0, Avg: 326.2, Max: 512, Diff: 512, Sum: 1305, Workers: 4
[1.673s][debug][gc,phases      ] GC(1)   JNI Weak                       Min:  0.0, Avg:  0.0, Max:  0.0, Diff:  0.0, Sum:  0.0, Workers: 4
[1.673s][debug][gc,phases      ] GC(1)     Dead                           Min: 0, Avg:  0.0, Max: 0, Diff: 0, Sum: 0, Workers: 4
[1.673s][debug][gc,phases      ] GC(1)     Total                          Min: 0, Avg: 12.0, Max: 48, Diff: 48, Sum: 48, Workers: 4
[1.673s][debug][gc,phases      ] GC(1)   StringDedup Table Weak         Min:  0.0, Avg:  0.0, Max:  0.0, Diff:  0.0, Sum:  0.0, Workers: 4
[1.673s][debug][gc,phases      ] GC(1)     Dead                           Min: 0, Avg:  0.0, Max: 0, Diff: 0, Sum: 0, Workers: 4
[1.673s][debug][gc,phases      ] GC(1)     Total                          Min: 0, Avg:  0.0, Max: 0, Diff: 0, Sum: 0, Workers: 4
[1.673s][debug][gc,phases      ] GC(1)   StringDedup Requests0 Weak     Min:  0.0, Avg:  0.0, Max:  0.0, Diff:  0.0, Sum:  0.0, Workers: 4
[1.673s][debug][gc,phases      ] GC(1)     Dead                           Min: 0, Avg:  0.0, Max: 0, Diff: 0, Sum: 0, Workers: 4
[1.673s][debug][gc,phases      ] GC(1)     Total                          Min: 0, Avg:  0.0, Max: 0, Diff: 0, Sum: 0, Workers: 4
[1.673s][debug][gc,phases      ] GC(1)   StringDedup Requests1 Weak     Min:  0.0, Avg:  0.0, Max:  0.0, Diff:  0.0, Sum:  0.0, Workers: 4
[1.673s][debug][gc,phases      ] GC(1)     Dead                           Min: 0, Avg:  0.0, Max: 0, Diff: 0, Sum: 0, Workers: 4
[1.673s][debug][gc,phases      ] GC(1)     Total                          Min: 0, Avg:  0.0, Max: 0, Diff: 0, Sum: 0, Workers: 4
[1.673s][debug][gc,phases      ] GC(1)   Weak JFR Old Object Samples    Min:  0.0, Avg:  0.0, Max:  0.0, Diff:  0.0, Sum:  0.0, Workers: 4
[1.673s][debug][gc,phases      ] GC(1)     Dead                           Min: 0, Avg:  0.0, Max: 0, Diff: 0, Sum: 0, Workers: 4
[1.673s][debug][gc,phases      ] GC(1)     Total                          Min: 0, Avg:  0.0, Max: 0, Diff: 0, Sum: 0, Workers: 4
[1.673s][debug][gc,phases      ] GC(1) Weak Processing 0.225ms
[1.673s][debug][gc,phases      ] GC(1) ClassLoaderData 0.010ms
[1.673s][debug][gc,phases      ] GC(1) Trigger cleanups 0.000ms
[1.677s][debug][gc,phases      ] GC(1) Class Unloading 3.797ms
[1.677s][debug][gc,phases      ] GC(1) Report Object Count 0.001ms
[1.677s][info ][gc,phases      ] GC(1) Marking Phase 15.241ms
[1.677s][info ][gc,phases,start] GC(1) Summary Phase
[1.677s][info ][gc,phases      ] GC(1) Summary Phase 0.006ms
[1.677s][info ][gc,phases,start] GC(1) Adjust Roots
[1.682s][info ][gc,phases      ] GC(1) Adjust Roots 4.845ms
[1.682s][info ][gc,phases,start] GC(1) Compaction Phase
[1.709s][info ][gc,phases      ] GC(1) Compaction Phase 27.601ms
[1.709s][info ][gc,phases,start] GC(1) Post Compact
[1.711s][info ][gc,phases      ] GC(1) Post Compact 1.317ms
[1.711s][info ][gc,heap        ] GC(1) PSYoungGen: 34849K(1572864K)->29093K(1572864K) Eden: 0K(1048576K)->0K(1048576K) From: 34849K(524288K)->29093K(524288K)
[1.711s][info ][gc,heap        ] GC(1) ParOldGen: 104K(6144K)->5707K(6144K)
[1.711s][info ][gc,metaspace   ] GC(1) Metaspace: 21122K(21504K)->21122K(21504K) NonClass: 18679K(18880K)->18679K(18880K) Class: 2443K(2624K)->2443K(2624K)
[1.711s][info ][gc             ] GC(1) Pause Full (Metadata GC Threshold) 34M->33M(1542M) 49.110ms
[1.711s][info ][gc,cpu         ] GC(1) User=0.15s Sys=0.01s Real=0.05s
[1.711s][info ][safepoint      ] Safepoint "CollectForMetadataAllocation", Time since last: 268436007 ns, Reaching safepoint: 3400 ns, Cleanup: 101200 ns, At safepoint: 72486821 ns, Total: 72591421 ns
[1.949s][info ][safepoint      ] Safepoint "ICBufferFull", Time since last: 237671141 ns, Reaching safepoint: 2900 ns, Cleanup: 111800 ns, At safepoint: 5100 ns, Total: 119800 ns
[2.058s][info ][safepoint      ] Safepoint "ICBufferFull", Time since last: 109095281 ns, Reaching safepoint: 3000 ns, Cleanup: 106800 ns, At safepoint: 6800 ns, Total: 116600 ns
[2.141s][info ][safepoint      ] Safepoint "ICBufferFull", Time since last: 82981309 ns, Reaching safepoint: 2700 ns, Cleanup: 124900 ns, At safepoint: 1900 ns, Total: 129500 ns
[2.315s][info ][safepoint      ] Safepoint "ICBufferFull", Time since last: 173534211 ns, Reaching safepoint: 2800 ns, Cleanup: 124399 ns, At safepoint: 1400 ns, Total: 128599 ns
[2.751s][info ][safepoint      ] Safepoint "ICBufferFull", Time since last: 436097614 ns, Reaching safepoint: 2900 ns, Cleanup: 147200 ns, At safepoint: 1400 ns, Total: 151500 ns
[2.909s][info ][safepoint      ] Safepoint "ICBufferFull", Time since last: 157831486 ns, Reaching safepoint: 75200 ns, Cleanup: 138201 ns, At safepoint: 8400 ns, Total: 221801 ns
[3.050s][info ][safepoint      ] Safepoint "ICBufferFull", Time since last: 140646744 ns, Reaching safepoint: 3100 ns, Cleanup: 117800 ns, At safepoint: 3400 ns, Total: 124300 ns
[3.132s][info ][safepoint      ] Safepoint "ICBufferFull", Time since last: 82430301 ns, Reaching safepoint: 3100 ns, Cleanup: 134001 ns, At safepoint: 1200 ns, Total: 138301 ns
[3.276s][info ][safepoint      ] Safepoint "ICBufferFull", Time since last: 143805651 ns, Reaching safepoint: 73500 ns, Cleanup: 141501 ns, At safepoint: 6900 ns, Total: 221901 ns
[3.435s][info ][gc,start       ] GC(2) Pause Young (Metadata GC Threshold)
[3.481s][debug][gc,phases      ] GC(2) Scavenge 46.169ms
[3.481s][debug][gc,ref         ] GC(2) Skipped phase 1 of Reference Processing: no references
[3.481s][debug][gc,ref         ] GC(2) ReferenceProcessor::execute queues: 4, RefProcThreadModel::Multi, marks_oops_alive: false
[3.481s][debug][gc,ref         ] GC(2) Skipped phase 3 of Reference Processing: no references
[3.481s][debug][gc,ref         ] GC(2) ReferenceProcessor::execute queues: 1, RefProcThreadModel::Single, marks_oops_alive: false
[3.482s][debug][gc,phases      ] GC(2) Reference Processing 0.355ms
[3.482s][debug][gc,phases      ] GC(2)   VM Weak                        Min:  0.0, Avg:  0.0, Max:  0.0, Diff:  0.0, Sum:  0.0, Workers: 4
[3.482s][debug][gc,phases      ] GC(2)     Dead                           Min: 0, Avg:  0.0, Max: 0, Diff: 0, Sum: 0, Workers: 4
[3.482s][debug][gc,phases      ] GC(2)     Total                          Min: 0, Avg: 78.5, Max: 314, Diff: 314, Sum: 314, Workers: 4
[3.482s][debug][gc,phases      ] GC(2)   ObjectSynchronizer Weak        Min:  0.0, Avg:  0.0, Max:  0.0, Diff:  0.0, Sum:  0.0, Workers: 4
[3.482s][debug][gc,phases      ] GC(2)     Dead                           Min: 0, Avg:  0.0, Max: 0, Diff: 0, Sum: 0, Workers: 4
[3.482s][debug][gc,phases      ] GC(2)     Total                          Min: 0, Avg:  4.0, Max: 16, Diff: 16, Sum: 16, Workers: 4
[3.482s][debug][gc,phases      ] GC(2)   JVMTI Tag Weak OopStorage      Min:  0.0, Avg:  0.0, Max:  0.0, Diff:  0.0, Sum:  0.0, Workers: 4
[3.482s][debug][gc,phases      ] GC(2)     Dead                           Min: 0, Avg:  0.0, Max: 0, Diff: 0, Sum: 0, Workers: 4
[3.482s][debug][gc,phases      ] GC(2)     Total                          Min: 0, Avg:  0.0, Max: 0, Diff: 0, Sum: 0, Workers: 4
[3.482s][debug][gc,phases      ] GC(2)   StringTable Weak               Min:  0.0, Avg:  0.1, Max:  0.1, Diff:  0.1, Sum:  0.3, Workers: 4
[3.482s][debug][gc,phases      ] GC(2)     Dead                           Min: 0, Avg:  2.2, Max: 6, Diff: 6, Sum: 9, Workers: 4
[3.482s][debug][gc,phases      ] GC(2)     Total                          Min: 0, Avg: 4352.5, Max: 9216, Diff: 9216, Sum: 17410, Workers: 4
[3.482s][debug][gc,phases      ] GC(2)   ResolvedMethodTable Weak       Min:  0.0, Avg:  0.0, Max:  0.0, Diff:  0.0, Sum:  0.1, Workers: 4
[3.482s][debug][gc,phases      ] GC(2)     Dead                           Min: 0, Avg: 12.2, Max: 29, Diff: 29, Sum: 49, Workers: 4
[3.482s][debug][gc,phases      ] GC(2)     Total                          Min: 0, Avg: 589.8, Max: 1527, Diff: 1527, Sum: 2359, Workers: 4
[3.482s][debug][gc,phases      ] GC(2)   JNI Weak                       Min:  0.0, Avg:  0.0, Max:  0.0, Diff:  0.0, Sum:  0.0, Workers: 4
[3.482s][debug][gc,phases      ] GC(2)     Dead                           Min: 0, Avg:  0.0, Max: 0, Diff: 0, Sum: 0, Workers: 4
[3.482s][debug][gc,phases      ] GC(2)     Total                          Min: 0, Avg: 12.0, Max: 48, Diff: 48, Sum: 48, Workers: 4
[3.482s][debug][gc,phases      ] GC(2)   StringDedup Table Weak         Min:  0.0, Avg:  0.0, Max:  0.0, Diff:  0.0, Sum:  0.0, Workers: 4
[3.482s][debug][gc,phases      ] GC(2)     Dead                           Min: 0, Avg:  0.0, Max: 0, Diff: 0, Sum: 0, Workers: 4
[3.482s][debug][gc,phases      ] GC(2)     Total                          Min: 0, Avg:  0.0, Max: 0, Diff: 0, Sum: 0, Workers: 4
[3.482s][debug][gc,phases      ] GC(2)   StringDedup Requests0 Weak     Min:  0.0, Avg:  0.0, Max:  0.0, Diff:  0.0, Sum:  0.0, Workers: 4
[3.482s][debug][gc,phases      ] GC(2)     Dead                           Min: 0, Avg:  0.0, Max: 0, Diff: 0, Sum: 0, Workers: 4
[3.482s][debug][gc,phases      ] GC(2)     Total                          Min: 0, Avg:  0.0, Max: 0, Diff: 0, Sum: 0, Workers: 4
[3.482s][debug][gc,phases      ] GC(2)   StringDedup Requests1 Weak     Min:  0.0, Avg:  0.0, Max:  0.0, Diff:  0.0, Sum:  0.0, Workers: 4
[3.482s][debug][gc,phases      ] GC(2)     Dead                           Min: 0, Avg:  0.0, Max: 0, Diff: 0, Sum: 0, Workers: 4
[3.482s][debug][gc,phases      ] GC(2)     Total                          Min: 0, Avg:  0.0, Max: 0, Diff: 0, Sum: 0, Workers: 4
[3.482s][debug][gc,phases      ] GC(2)   Weak JFR Old Object Samples    Min:  0.0, Avg:  0.0, Max:  0.0, Diff:  0.0, Sum:  0.0, Workers: 4
[3.482s][debug][gc,phases      ] GC(2)     Dead                           Min: 0, Avg:  0.0, Max: 0, Diff: 0, Sum: 0, Workers: 4
[3.482s][debug][gc,phases      ] GC(2)     Total                          Min: 0, Avg:  0.0, Max: 0, Diff: 0, Sum: 0, Workers: 4
[3.482s][debug][gc,phases      ] GC(2) Weak Processing 0.332ms
[3.482s][debug][gc,age         ] GC(2) Desired survivor size 536870912 bytes, new threshold 7 (max threshold 15)
[3.482s][info ][gc,heap        ] GC(2) PSYoungGen: 637276K(1572864K)->76760K(1572864K) Eden: 608182K(1048576K)->0K(1048576K) From: 29093K(524288K)->76760K(524288K)
[3.482s][info ][gc,heap        ] GC(2) ParOldGen: 5707K(6144K)->5715K(6144K)
[3.482s][info ][gc,metaspace   ] GC(2) Metaspace: 35401K(35840K)->35401K(35840K) NonClass: 30974K(31168K)->30974K(31168K) Class: 4427K(4672K)->4427K(4672K)
[3.482s][info ][gc             ] GC(2) Pause Young (Metadata GC Threshold) 627M->80M(1542M) 46.962ms
[3.482s][info ][gc,cpu         ] GC(2) User=0.15s Sys=0.02s Real=0.05s
[3.482s][debug][gc,phases      ] GC(3) Pre Compact 0.008ms
[3.482s][info ][gc,start       ] GC(3) Pause Full (Metadata GC Threshold)
[3.482s][info ][gc,phases,start] GC(3) Marking Phase
[3.510s][debug][gc,phases      ] GC(3) Par Mark 27.729ms
[3.510s][debug][gc,ref         ] GC(3) Skipped phase 1 of Reference Processing: no references
[3.510s][debug][gc,ref         ] GC(3) ReferenceProcessor::execute queues: 4, RefProcThreadModel::Multi, marks_oops_alive: false
[3.510s][debug][gc,ref         ] GC(3) Skipped phase 3 of Reference Processing: no references
[3.510s][debug][gc,ref         ] GC(3) ReferenceProcessor::execute queues: 1, RefProcThreadModel::Single, marks_oops_alive: false
[3.510s][debug][gc,phases      ] GC(3) Reference Processing 0.316ms
[3.510s][debug][gc,phases      ] GC(3)   VM Weak                        Min:  0.0, Avg:  0.0, Max:  0.0, Diff:  0.0, Sum:  0.0, Workers: 4
[3.510s][debug][gc,phases      ] GC(3)     Dead                           Min: 0, Avg:  0.0, Max: 0, Diff: 0, Sum: 0, Workers: 4
[3.510s][debug][gc,phases      ] GC(3)     Total                          Min: 0, Avg: 78.5, Max: 128, Diff: 128, Sum: 314, Workers: 4
[3.510s][debug][gc,phases      ] GC(3)   ObjectSynchronizer Weak        Min:  0.0, Avg:  0.0, Max:  0.0, Diff:  0.0, Sum:  0.0, Workers: 4
[3.510s][debug][gc,phases      ] GC(3)     Dead                           Min: 0, Avg:  0.0, Max: 0, Diff: 0, Sum: 0, Workers: 4
[3.510s][debug][gc,phases      ] GC(3)     Total                          Min: 0, Avg:  4.0, Max: 16, Diff: 16, Sum: 16, Workers: 4
[3.510s][debug][gc,phases      ] GC(3)   JVMTI Tag Weak OopStorage      Min:  0.0, Avg:  0.0, Max:  0.0, Diff:  0.0, Sum:  0.0, Workers: 4
[3.510s][debug][gc,phases      ] GC(3)     Dead                           Min: 0, Avg:  0.0, Max: 0, Diff: 0, Sum: 0, Workers: 4
[3.510s][debug][gc,phases      ] GC(3)     Total                          Min: 0, Avg:  0.0, Max: 0, Diff: 0, Sum: 0, Workers: 4
[3.510s][debug][gc,phases      ] GC(3)   StringTable Weak               Min:  0.1, Avg:  0.1, Max:  0.1, Diff:  0.0, Sum:  0.2, Workers: 4
[3.510s][debug][gc,phases      ] GC(3)     Dead                           Min: 0, Avg:  0.0, Max: 0, Diff: 0, Sum: 0, Workers: 4
[3.510s][debug][gc,phases      ] GC(3)     Total                          Min: 4160, Avg: 4352.5, Max: 4544, Diff: 384, Sum: 17410, Workers: 4
[3.510s][debug][gc,phases      ] GC(3)   ResolvedMethodTable Weak       Min:  0.0, Avg:  0.0, Max:  0.0, Diff:  0.0, Sum:  0.0, Workers: 4
[3.510s][debug][gc,phases      ] GC(3)     Dead                           Min: 0, Avg:  0.0, Max: 0, Diff: 0, Sum: 0, Workers: 4
[3.510s][debug][gc,phases      ] GC(3)     Total                          Min: 569, Avg: 589.8, Max: 640, Diff: 71, Sum: 2359, Workers: 4
[3.510s][debug][gc,phases      ] GC(3)   JNI Weak                       Min:  0.0, Avg:  0.0, Max:  0.0, Diff:  0.0, Sum:  0.0, Workers: 4
[3.510s][debug][gc,phases      ] GC(3)     Dead                           Min: 0, Avg:  0.0, Max: 0, Diff: 0, Sum: 0, Workers: 4
[3.510s][debug][gc,phases      ] GC(3)     Total                          Min: 0, Avg: 12.0, Max: 48, Diff: 48, Sum: 48, Workers: 4
[3.510s][debug][gc,phases      ] GC(3)   StringDedup Table Weak         Min:  0.0, Avg:  0.0, Max:  0.0, Diff:  0.0, Sum:  0.0, Workers: 4
[3.510s][debug][gc,phases      ] GC(3)     Dead                           Min: 0, Avg:  0.0, Max: 0, Diff: 0, Sum: 0, Workers: 4
[3.510s][debug][gc,phases      ] GC(3)     Total                          Min: 0, Avg:  0.0, Max: 0, Diff: 0, Sum: 0, Workers: 4
[3.510s][debug][gc,phases      ] GC(3)   StringDedup Requests0 Weak     Min:  0.0, Avg:  0.0, Max:  0.0, Diff:  0.0, Sum:  0.0, Workers: 4
[3.510s][debug][gc,phases      ] GC(3)     Dead                           Min: 0, Avg:  0.0, Max: 0, Diff: 0, Sum: 0, Workers: 4
[3.510s][debug][gc,phases      ] GC(3)     Total                          Min: 0, Avg:  0.0, Max: 0, Diff: 0, Sum: 0, Workers: 4
[3.510s][debug][gc,phases      ] GC(3)   StringDedup Requests1 Weak     Min:  0.0, Avg:  0.0, Max:  0.0, Diff:  0.0, Sum:  0.0, Workers: 4
[3.510s][debug][gc,phases      ] GC(3)     Dead                           Min: 0, Avg:  0.0, Max: 0, Diff: 0, Sum: 0, Workers: 4
[3.510s][debug][gc,phases      ] GC(3)     Total                          Min: 0, Avg:  0.0, Max: 0, Diff: 0, Sum: 0, Workers: 4
[3.510s][debug][gc,phases      ] GC(3)   Weak JFR Old Object Samples    Min:  0.0, Avg:  0.0, Max:  0.0, Diff:  0.0, Sum:  0.0, Workers: 4
[3.510s][debug][gc,phases      ] GC(3)     Dead                           Min: 0, Avg:  0.0, Max: 0, Diff: 0, Sum: 0, Workers: 4
[3.510s][debug][gc,phases      ] GC(3)     Total                          Min: 0, Avg:  0.0, Max: 0, Diff: 0, Sum: 0, Workers: 4
[3.510s][debug][gc,phases      ] GC(3) Weak Processing 0.230ms
[3.510s][debug][gc,phases      ] GC(3) ClassLoaderData 0.033ms
[3.510s][debug][gc,phases      ] GC(3) Trigger cleanups 0.000ms
[3.514s][debug][gc,phases      ] GC(3) Class Unloading 4.189ms
[3.514s][debug][gc,phases      ] GC(3) Report Object Count 0.001ms
[3.514s][info ][gc,phases      ] GC(3) Marking Phase 32.560ms
[3.514s][info ][gc,phases,start] GC(3) Summary Phase
[3.515s][info ][gc,phases      ] GC(3) Summary Phase 0.005ms
[3.515s][info ][gc,phases,start] GC(3) Adjust Roots
[3.519s][info ][gc,phases      ] GC(3) Adjust Roots 4.342ms
[3.519s][info ][gc,phases,start] GC(3) Compaction Phase
[3.827s][info ][gc,phases      ] GC(3) Compaction Phase 307.773ms
[3.827s][info ][gc,phases,start] GC(3) Post Compact
[3.829s][info ][gc,phases      ] GC(3) Post Compact 1.901ms
[3.829s][info ][gc,heap        ] GC(3) PSYoungGen: 76760K(1572864K)->76610K(1572864K) Eden: 0K(1048576K)->0K(1048576K) From: 76760K(524288K)->76610K(524288K)
[3.829s][info ][gc,heap        ] GC(3) ParOldGen: 5715K(6144K)->5665K(6144K)
[3.829s][info ][gc,metaspace   ] GC(3) Metaspace: 35401K(35840K)->35401K(35840K) NonClass: 30974K(31168K)->30974K(31168K) Class: 4427K(4672K)->4427K(4672K)
[3.829s][info ][gc             ] GC(3) Pause Full (Metadata GC Threshold) 80M->80M(1542M) 346.693ms
[3.829s][info ][gc,cpu         ] GC(3) User=0.74s Sys=0.00s Real=0.34s
[3.829s][info ][safepoint      ] Safepoint "CollectForMetadataAllocation", Time since last: 158559487 ns, Reaching safepoint: 2300 ns, Cleanup: 86801 ns, At safepoint: 393786362 ns, Total: 393875463 ns
[3.984s][info ][safepoint      ] Safepoint "ICBufferFull", Time since last: 155033779 ns, Reaching safepoint: 2500 ns, Cleanup: 137600 ns, At safepoint: 4400 ns, Total: 144500 ns
[4.144s][info ][safepoint      ] Safepoint "ICBufferFull", Time since last: 159503690 ns, Reaching safepoint: 2500 ns, Cleanup: 122901 ns, At safepoint: 1100 ns, Total: 126501 ns
[4.402s][info ][safepoint      ] Safepoint "ICBufferFull", Time since last: 258013430 ns, Reaching safepoint: 2400 ns, Cleanup: 129501 ns, At safepoint: 5200 ns, Total: 137101 ns
[5.100s][info ][safepoint      ] Safepoint "ICBufferFull", Time since last: 697819376 ns, Reaching safepoint: 2000 ns, Cleanup: 143399 ns, At safepoint: 1900 ns, Total: 147299 ns
[5.382s][info ][safepoint      ] Safepoint "ICBufferFull", Time since last: 281940153 ns, Reaching safepoint: 71200 ns, Cleanup: 112800 ns, At safepoint: 9400 ns, Total: 193400 ns
[5.502s][info ][safepoint      ] Safepoint "ICBufferFull", Time since last: 120418252 ns, Reaching safepoint: 74700 ns, Cleanup: 137699 ns, At safepoint: 8100 ns, Total: 220499 ns
[5.535s][info ][gc,start       ] GC(4) Pause Young (Metadata GC Threshold)
[5.594s][debug][gc,phases      ] GC(4) Scavenge 58.616ms
[5.594s][debug][gc,ref         ] GC(4) Skipped phase 1 of Reference Processing: no references
[5.594s][debug][gc,ref         ] GC(4) ReferenceProcessor::execute queues: 4, RefProcThreadModel::Multi, marks_oops_alive: false
[5.595s][debug][gc,ref         ] GC(4) Skipped phase 3 of Reference Processing: no references
[5.595s][debug][gc,ref         ] GC(4) ReferenceProcessor::execute queues: 4, RefProcThreadModel::Multi, marks_oops_alive: false
[5.595s][debug][gc,phases      ] GC(4) Reference Processing 0.933ms
[5.595s][debug][gc,phases      ] GC(4)   VM Weak                        Min:  0.0, Avg:  0.0, Max:  0.0, Diff:  0.0, Sum:  0.0, Workers: 4
[5.595s][debug][gc,phases      ] GC(4)     Dead                           Min: 0, Avg:  0.0, Max: 0, Diff: 0, Sum: 0, Workers: 4
[5.595s][debug][gc,phases      ] GC(4)     Total                          Min: 0, Avg: 132.5, Max: 384, Diff: 384, Sum: 530, Workers: 4
[5.595s][debug][gc,phases      ] GC(4)   ObjectSynchronizer Weak        Min:  0.0, Avg:  0.0, Max:  0.0, Diff:  0.0, Sum:  0.0, Workers: 4
[5.595s][debug][gc,phases      ] GC(4)     Dead                           Min: 0, Avg:  0.0, Max: 0, Diff: 0, Sum: 0, Workers: 4
[5.595s][debug][gc,phases      ] GC(4)     Total                          Min: 0, Avg:  4.0, Max: 16, Diff: 16, Sum: 16, Workers: 4
[5.595s][debug][gc,phases      ] GC(4)   JVMTI Tag Weak OopStorage      Min:  0.0, Avg:  0.0, Max:  0.0, Diff:  0.0, Sum:  0.0, Workers: 4
[5.595s][debug][gc,phases      ] GC(4)     Dead                           Min: 0, Avg:  0.0, Max: 0, Diff: 0, Sum: 0, Workers: 4
[5.595s][debug][gc,phases      ] GC(4)     Total                          Min: 0, Avg:  0.0, Max: 0, Diff: 0, Sum: 0, Workers: 4
[5.595s][debug][gc,phases      ] GC(4)   StringTable Weak               Min:  0.0, Avg:  0.2, Max:  0.3, Diff:  0.3, Sum:  0.8, Workers: 4
[5.595s][debug][gc,phases      ] GC(4)     Dead                           Min: 0, Avg:  4.0, Max: 8, Diff: 8, Sum: 16, Workers: 4
[5.595s][debug][gc,phases      ] GC(4)     Total                          Min: 0, Avg: 9018.2, Max: 14569, Diff: 14569, Sum: 36073, Workers: 4
[5.595s][debug][gc,phases      ] GC(4)   ResolvedMethodTable Weak       Min:  0.0, Avg:  0.0, Max:  0.1, Diff:  0.1, Sum:  0.2, Workers: 4
[5.595s][debug][gc,phases      ] GC(4)     Dead                           Min: 0, Avg: 45.2, Max: 131, Diff: 131, Sum: 181, Workers: 4
[5.595s][debug][gc,phases      ] GC(4)     Total                          Min: 0, Avg: 1580.2, Max: 2801, Diff: 2801, Sum: 6321, Workers: 4
[5.595s][debug][gc,phases      ] GC(4)   JNI Weak                       Min:  0.0, Avg:  0.0, Max:  0.0, Diff:  0.0, Sum:  0.0, Workers: 4
[5.595s][debug][gc,phases      ] GC(4)     Dead                           Min: 0, Avg:  0.0, Max: 0, Diff: 0, Sum: 0, Workers: 4
[5.595s][debug][gc,phases      ] GC(4)     Total                          Min: 0, Avg: 18.2, Max: 48, Diff: 48, Sum: 73, Workers: 4
[5.595s][debug][gc,phases      ] GC(4)   StringDedup Table Weak         Min:  0.0, Avg:  0.0, Max:  0.0, Diff:  0.0, Sum:  0.0, Workers: 4
[5.595s][debug][gc,phases      ] GC(4)     Dead                           Min: 0, Avg:  0.0, Max: 0, Diff: 0, Sum: 0, Workers: 4
[5.595s][debug][gc,phases      ] GC(4)     Total                          Min: 0, Avg:  0.0, Max: 0, Diff: 0, Sum: 0, Workers: 4
[5.595s][debug][gc,phases      ] GC(4)   StringDedup Requests0 Weak     Min:  0.0, Avg:  0.0, Max:  0.0, Diff:  0.0, Sum:  0.0, Workers: 4
[5.595s][debug][gc,phases      ] GC(4)     Dead                           Min: 0, Avg:  0.0, Max: 0, Diff: 0, Sum: 0, Workers: 4
[5.595s][debug][gc,phases      ] GC(4)     Total                          Min: 0, Avg:  0.0, Max: 0, Diff: 0, Sum: 0, Workers: 4
[5.595s][debug][gc,phases      ] GC(4)   StringDedup Requests1 Weak     Min:  0.0, Avg:  0.0, Max:  0.0, Diff:  0.0, Sum:  0.0, Workers: 4
[5.595s][debug][gc,phases      ] GC(4)     Dead                           Min: 0, Avg:  0.0, Max: 0, Diff: 0, Sum: 0, Workers: 4
[5.595s][debug][gc,phases      ] GC(4)     Total                          Min: 0, Avg:  0.0, Max: 0, Diff: 0, Sum: 0, Workers: 4
[5.595s][debug][gc,phases      ] GC(4)   Weak JFR Old Object Samples    Min:  0.0, Avg:  0.0, Max:  0.0, Diff:  0.0, Sum:  0.0, Workers: 4
[5.595s][debug][gc,phases      ] GC(4)     Dead                           Min: 0, Avg:  0.0, Max: 0, Diff: 0, Sum: 0, Workers: 4
[5.595s][debug][gc,phases      ] GC(4)     Total                          Min: 0, Avg:  0.0, Max: 0, Diff: 0, Sum: 0, Workers: 4
[5.595s][debug][gc,phases      ] GC(4) Weak Processing 0.489ms
[5.595s][debug][gc,age         ] GC(4) Desired survivor size 536870912 bytes, new threshold 7 (max threshold 15)
[5.595s][info ][gc,heap        ] GC(4) PSYoungGen: 393082K(1572864K)->114279K(1572864K) Eden: 316472K(1048576K)->0K(1048576K) From: 76610K(524288K)->114279K(524288K)
[5.595s][info ][gc,heap        ] GC(4) ParOldGen: 5665K(6144K)->5681K(6144K)
[5.595s][info ][gc,metaspace   ] GC(4) Metaspace: 59174K(59776K)->59174K(59776K) NonClass: 50254K(50560K)->50254K(50560K) Class: 8920K(9216K)->8920K(9216K)
[5.595s][info ][gc             ] GC(4) Pause Young (Metadata GC Threshold) 389M->117M(1542M) 60.137ms
[5.595s][info ][gc,cpu         ] GC(4) User=0.18s Sys=0.04s Real=0.06s
[5.595s][debug][gc,phases      ] GC(5) Pre Compact 0.013ms
[5.595s][info ][gc,start       ] GC(5) Pause Full (Metadata GC Threshold)
[5.595s][info ][gc,phases,start] GC(5) Marking Phase
[5.635s][debug][gc,phases      ] GC(5) Par Mark 39.844ms
[5.635s][debug][gc,ref         ] GC(5) Skipped phase 1 of Reference Processing: no references
[5.635s][debug][gc,ref         ] GC(5) ReferenceProcessor::execute queues: 4, RefProcThreadModel::Multi, marks_oops_alive: false
[5.636s][debug][gc,ref         ] GC(5) Skipped phase 3 of Reference Processing: no references
[5.636s][debug][gc,ref         ] GC(5) ReferenceProcessor::execute queues: 1, RefProcThreadModel::Single, marks_oops_alive: false
[5.636s][debug][gc,phases      ] GC(5) Reference Processing 0.260ms
[5.636s][debug][gc,phases      ] GC(5)   VM Weak                        Min:  0.0, Avg:  0.0, Max:  0.0, Diff:  0.0, Sum:  0.0, Workers: 4
[5.636s][debug][gc,phases      ] GC(5)     Dead                           Min: 0, Avg:  0.0, Max: 0, Diff: 0, Sum: 0, Workers: 4
[5.636s][debug][gc,phases      ] GC(5)     Total                          Min: 0, Avg: 132.5, Max: 384, Diff: 384, Sum: 530, Workers: 4
[5.636s][debug][gc,phases      ] GC(5)   ObjectSynchronizer Weak        Min:  0.0, Avg:  0.0, Max:  0.0, Diff:  0.0, Sum:  0.0, Workers: 4
[5.636s][debug][gc,phases      ] GC(5)     Dead                           Min: 0, Avg:  0.0, Max: 0, Diff: 0, Sum: 0, Workers: 4
[5.636s][debug][gc,phases      ] GC(5)     Total                          Min: 0, Avg:  4.0, Max: 16, Diff: 16, Sum: 16, Workers: 4
[5.636s][debug][gc,phases      ] GC(5)   JVMTI Tag Weak OopStorage      Min:  0.0, Avg:  0.0, Max:  0.0, Diff:  0.0, Sum:  0.0, Workers: 4
[5.636s][debug][gc,phases      ] GC(5)     Dead                           Min: 0, Avg:  0.0, Max: 0, Diff: 0, Sum: 0, Workers: 4
[5.636s][debug][gc,phases      ] GC(5)     Total                          Min: 0, Avg:  0.0, Max: 0, Diff: 0, Sum: 0, Workers: 4
[5.636s][debug][gc,phases      ] GC(5)   StringTable Weak               Min:  0.1, Avg:  0.1, Max:  0.1, Diff:  0.0, Sum:  0.4, Workers: 4
[5.636s][debug][gc,phases      ] GC(5)     Dead                           Min: 0, Avg:  0.0, Max: 0, Diff: 0, Sum: 0, Workers: 4
[5.636s][debug][gc,phases      ] GC(5)     Total                          Min: 7616, Avg: 9018.2, Max: 9728, Diff: 2112, Sum: 36073, Workers: 4
[5.636s][debug][gc,phases      ] GC(5)   ResolvedMethodTable Weak       Min:  0.0, Avg:  0.0, Max:  0.0, Diff:  0.0, Sum:  0.1, Workers: 4
[5.636s][debug][gc,phases      ] GC(5)     Dead                           Min: 0, Avg:  0.0, Max: 0, Diff: 0, Sum: 0, Workers: 4
[5.636s][debug][gc,phases      ] GC(5)     Total                          Min: 1457, Avg: 1580.2, Max: 1728, Diff: 271, Sum: 6321, Workers: 4
[5.636s][debug][gc,phases      ] GC(5)   JNI Weak                       Min:  0.0, Avg:  0.0, Max:  0.0, Diff:  0.0, Sum:  0.0, Workers: 4
[5.636s][debug][gc,phases      ] GC(5)     Dead                           Min: 0, Avg:  0.0, Max: 0, Diff: 0, Sum: 0, Workers: 4
[5.636s][debug][gc,phases      ] GC(5)     Total                          Min: 0, Avg: 18.2, Max: 48, Diff: 48, Sum: 73, Workers: 4
[5.636s][debug][gc,phases      ] GC(5)   StringDedup Table Weak         Min:  0.0, Avg:  0.0, Max:  0.0, Diff:  0.0, Sum:  0.0, Workers: 4
[5.636s][debug][gc,phases      ] GC(5)     Dead                           Min: 0, Avg:  0.0, Max: 0, Diff: 0, Sum: 0, Workers: 4
[5.636s][debug][gc,phases      ] GC(5)     Total                          Min: 0, Avg:  0.0, Max: 0, Diff: 0, Sum: 0, Workers: 4
[5.636s][debug][gc,phases      ] GC(5)   StringDedup Requests0 Weak     Min:  0.0, Avg:  0.0, Max:  0.0, Diff:  0.0, Sum:  0.0, Workers: 4
[5.636s][debug][gc,phases      ] GC(5)     Dead                           Min: 0, Avg:  0.0, Max: 0, Diff: 0, Sum: 0, Workers: 4
[5.636s][debug][gc,phases      ] GC(5)     Total                          Min: 0, Avg:  0.0, Max: 0, Diff: 0, Sum: 0, Workers: 4
[5.636s][debug][gc,phases      ] GC(5)   StringDedup Requests1 Weak     Min:  0.0, Avg:  0.0, Max:  0.0, Diff:  0.0, Sum:  0.0, Workers: 4
[5.636s][debug][gc,phases      ] GC(5)     Dead                           Min: 0, Avg:  0.0, Max: 0, Diff: 0, Sum: 0, Workers: 4
[5.636s][debug][gc,phases      ] GC(5)     Total                          Min: 0, Avg:  0.0, Max: 0, Diff: 0, Sum: 0, Workers: 4
[5.636s][debug][gc,phases      ] GC(5)   Weak JFR Old Object Samples    Min:  0.0, Avg:  0.0, Max:  0.0, Diff:  0.0, Sum:  0.0, Workers: 4
[5.636s][debug][gc,phases      ] GC(5)     Dead                           Min: 0, Avg:  0.0, Max: 0, Diff: 0, Sum: 0, Workers: 4
[5.636s][debug][gc,phases      ] GC(5)     Total                          Min: 0, Avg:  0.0, Max: 0, Diff: 0, Sum: 0, Workers: 4
[5.636s][debug][gc,phases      ] GC(5) Weak Processing 0.285ms
[5.636s][debug][gc,phases      ] GC(5) ClassLoaderData 0.056ms
[5.636s][debug][gc,phases      ] GC(5) Trigger cleanups 0.000ms
[5.641s][debug][gc,phases      ] GC(5) Class Unloading 4.658ms
[5.641s][debug][gc,phases      ] GC(5) Report Object Count 0.001ms
[5.641s][info ][gc,phases      ] GC(5) Marking Phase 45.166ms
[5.641s][info ][gc,phases,start] GC(5) Summary Phase
[5.641s][info ][gc,phases      ] GC(5) Summary Phase 0.006ms
[5.641s][info ][gc,phases,start] GC(5) Adjust Roots
[5.647s][info ][gc,phases      ] GC(5) Adjust Roots 6.807ms
[5.647s][info ][gc,phases,start] GC(5) Compaction Phase
[6.106s][info ][gc,phases      ] GC(5) Compaction Phase 458.307ms
[6.106s][info ][gc,phases,start] GC(5) Post Compact
[6.108s][info ][gc,phases      ] GC(5) Post Compact 2.203ms
[6.108s][info ][gc,heap        ] GC(5) PSYoungGen: 114279K(1572864K)->114027K(1572864K) Eden: 0K(1048576K)->0K(1048576K) From: 114279K(524288K)->114027K(524288K)
[6.108s][info ][gc,heap        ] GC(5) ParOldGen: 5681K(6144K)->5674K(6144K)
[6.108s][info ][gc,metaspace   ] GC(5) Metaspace: 59174K(59776K)->59174K(59776K) NonClass: 50254K(50560K)->50254K(50560K) Class: 8920K(9216K)->8920K(9216K)
[6.108s][info ][gc             ] GC(5) Pause Full (Metadata GC Threshold) 117M->116M(1542M) 512.587ms
[6.108s][info ][gc,cpu         ] GC(5) User=1.11s Sys=0.00s Real=0.51s
[6.108s][info ][safepoint      ] Safepoint "CollectForMetadataAllocation", Time since last: 32737460 ns, Reaching safepoint: 75500 ns, Cleanup: 42600 ns, At safepoint: 572852694 ns, Total: 572970794 ns
[6.234s][info ][safepoint      ] Safepoint "ICBufferFull", Time since last: 125442746 ns, Reaching safepoint: 3300 ns, Cleanup: 141900 ns, At safepoint: 12100 ns, Total: 157300 ns
[6.402s][info ][safepoint      ] Safepoint "ICBufferFull", Time since last: 168633792 ns, Reaching safepoint: 3100 ns, Cleanup: 120500 ns, At safepoint: 1400 ns, Total: 125000 ns
[6.536s][info ][safepoint      ] Safepoint "ICBufferFull", Time since last: 133001236 ns, Reaching safepoint: 3000 ns, Cleanup: 92000 ns, At safepoint: 7000 ns, Total: 102000 ns
[6.815s][info ][safepoint      ] Safepoint "ICBufferFull", Time since last: 279654456 ns, Reaching safepoint: 78100 ns, Cleanup: 118799 ns, At safepoint: 12300 ns, Total: 209199 ns
[7.024s][info ][safepoint      ] Safepoint "ICBufferFull", Time since last: 208850843 ns, Reaching safepoint: 16600 ns, Cleanup: 126100 ns, At safepoint: 7600 ns, Total: 150300 ns
[7.132s][info ][safepoint      ] Safepoint "ICBufferFull", Time since last: 107044268 ns, Reaching safepoint: 76200 ns, Cleanup: 144000 ns, At safepoint: 11700 ns, Total: 231900 ns
[7.200s][info ][safepoint      ] Safepoint "ICBufferFull", Time since last: 68166916 ns, Reaching safepoint: 3600 ns, Cleanup: 158600 ns, At safepoint: 4100 ns, Total: 166300 ns
[7.717s][info ][safepoint      ] Safepoint "ICBufferFull", Time since last: 517229363 ns, Reaching safepoint: 3300 ns, Cleanup: 169700 ns, At safepoint: 1700 ns, Total: 174700 ns
[8.006s][info ][safepoint      ] Safepoint "ICBufferFull", Time since last: 288203645 ns, Reaching safepoint: 78700 ns, Cleanup: 106299 ns, At safepoint: 6700 ns, Total: 191699 ns
[9.051s][info ][safepoint      ] Safepoint "Cleanup", Time since last: 1045004013 ns, Reaching safepoint: 78900 ns, Cleanup: 116500 ns, At safepoint: 6700 ns, Total: 202100 ns
[10.051s][info ][safepoint      ] Safepoint "Cleanup", Time since last: 1000107569 ns, Reaching safepoint: 78299 ns, Cleanup: 7000 ns, At safepoint: 10200 ns, Total: 95499 ns
[11.041s][info ][safepoint      ] Safepoint "ParallelGCFailedAllocation", Time since last: 987548025 ns, Reaching safepoint: 2070497 ns, Cleanup: 105700 ns, At safepoint: 12900 ns, Total: 2189097 ns
[11.046s][info ][gc,start       ] GC(6) Pause Young (GCLocker Initiated GC)
[11.200s][debug][gc,phases      ] GC(6) Scavenge 153.318ms
[11.200s][debug][gc,ref         ] GC(6) Skipped phase 1 of Reference Processing: no references
[11.200s][debug][gc,ref         ] GC(6) ReferenceProcessor::execute queues: 4, RefProcThreadModel::Multi, marks_oops_alive: false
[11.201s][debug][gc,ref         ] GC(6) Skipped phase 3 of Reference Processing: no references
[11.201s][debug][gc,ref         ] GC(6) ReferenceProcessor::execute queues: 2, RefProcThreadModel::Multi, marks_oops_alive: false
[11.201s][debug][gc,phases      ] GC(6) Reference Processing 0.872ms
[11.201s][debug][gc,phases      ] GC(6)   VM Weak                        Min:  0.0, Avg:  0.0, Max:  0.0, Diff:  0.0, Sum:  0.0, Workers: 4
[11.201s][debug][gc,phases      ] GC(6)     Dead                           Min: 0, Avg:  0.0, Max: 0, Diff: 0, Sum: 0, Workers: 4
[11.201s][debug][gc,phases      ] GC(6)     Total                          Min: 0, Avg: 160.5, Max: 258, Diff: 258, Sum: 642, Workers: 4
[11.201s][debug][gc,phases      ] GC(6)   ObjectSynchronizer Weak        Min:  0.0, Avg:  0.0, Max:  0.0, Diff:  0.0, Sum:  0.0, Workers: 4
[11.201s][debug][gc,phases      ] GC(6)     Dead                           Min: 0, Avg:  1.8, Max: 7, Diff: 7, Sum: 7, Workers: 4
[11.201s][debug][gc,phases      ] GC(6)     Total                          Min: 0, Avg: 10.5, Max: 42, Diff: 42, Sum: 42, Workers: 4
[11.201s][debug][gc,phases      ] GC(6)   JVMTI Tag Weak OopStorage      Min:  0.0, Avg:  0.0, Max:  0.0, Diff:  0.0, Sum:  0.0, Workers: 4
[11.201s][debug][gc,phases      ] GC(6)     Dead                           Min: 0, Avg:  0.0, Max: 0, Diff: 0, Sum: 0, Workers: 4
[11.201s][debug][gc,phases      ] GC(6)     Total                          Min: 0, Avg:  0.0, Max: 0, Diff: 0, Sum: 0, Workers: 4
[11.201s][debug][gc,phases      ] GC(6)   StringTable Weak               Min:  0.3, Avg:  0.3, Max:  0.3, Diff:  0.0, Sum:  1.2, Workers: 4
[11.201s][debug][gc,phases      ] GC(6)     Dead                           Min: 2, Avg:  4.2, Max: 7, Diff: 5, Sum: 17, Workers: 4
[11.201s][debug][gc,phases      ] GC(6)     Total                          Min: 9408, Avg: 9979.8, Max: 10432, Diff: 1024, Sum: 39919, Workers: 4
[11.201s][debug][gc,phases      ] GC(6)   ResolvedMethodTable Weak       Min:  0.1, Avg:  0.1, Max:  0.1, Diff:  0.0, Sum:  0.3, Workers: 4
[11.201s][debug][gc,phases      ] GC(6)     Dead                           Min: 26, Avg: 60.2, Max: 123, Diff: 97, Sum: 241, Workers: 4
[11.201s][debug][gc,phases      ] GC(6)     Total                          Min: 1408, Avg: 2132.5, Max: 2496, Diff: 1088, Sum: 8530, Workers: 4
[11.201s][debug][gc,phases      ] GC(6)   JNI Weak                       Min:  0.0, Avg:  0.0, Max:  0.0, Diff:  0.0, Sum:  0.0, Workers: 4
[11.201s][debug][gc,phases      ] GC(6)     Dead                           Min: 0, Avg:  0.0, Max: 0, Diff: 0, Sum: 0, Workers: 4
[11.201s][debug][gc,phases      ] GC(6)     Total                          Min: 0, Avg: 15.8, Max: 51, Diff: 51, Sum: 63, Workers: 4
[11.201s][debug][gc,phases      ] GC(6)   StringDedup Table Weak         Min:  0.0, Avg:  0.0, Max:  0.0, Diff:  0.0, Sum:  0.0, Workers: 4
[11.201s][debug][gc,phases      ] GC(6)     Dead                           Min: 0, Avg:  0.0, Max: 0, Diff: 0, Sum: 0, Workers: 4
[11.201s][debug][gc,phases      ] GC(6)     Total                          Min: 0, Avg:  0.0, Max: 0, Diff: 0, Sum: 0, Workers: 4
[11.201s][debug][gc,phases      ] GC(6)   StringDedup Requests0 Weak     Min:  0.0, Avg:  0.0, Max:  0.0, Diff:  0.0, Sum:  0.0, Workers: 4
[11.201s][debug][gc,phases      ] GC(6)     Dead                           Min: 0, Avg:  0.0, Max: 0, Diff: 0, Sum: 0, Workers: 4
[11.201s][debug][gc,phases      ] GC(6)     Total                          Min: 0, Avg:  0.0, Max: 0, Diff: 0, Sum: 0, Workers: 4
[11.201s][debug][gc,phases      ] GC(6)   StringDedup Requests1 Weak     Min:  0.0, Avg:  0.0, Max:  0.0, Diff:  0.0, Sum:  0.0, Workers: 4
[11.201s][debug][gc,phases      ] GC(6)     Dead                           Min: 0, Avg:  0.0, Max: 0, Diff: 0, Sum: 0, Workers: 4
[11.201s][debug][gc,phases      ] GC(6)     Total                          Min: 0, Avg:  0.0, Max: 0, Diff: 0, Sum: 0, Workers: 4
[11.201s][debug][gc,phases      ] GC(6)   Weak JFR Old Object Samples    Min:  0.0, Avg:  0.0, Max:  0.0, Diff:  0.0, Sum:  0.0, Workers: 4
[11.201s][debug][gc,phases      ] GC(6)     Dead                           Min: 0, Avg:  0.0, Max: 0, Diff: 0, Sum: 0, Workers: 4
[11.201s][debug][gc,phases      ] GC(6)     Total                          Min: 0, Avg:  0.0, Max: 0, Diff: 0, Sum: 0, Workers: 4
[11.201s][debug][gc,phases      ] GC(6) Weak Processing 0.539ms
[11.201s][debug][gc,age         ] GC(6) Desired survivor size 536870912 bytes, new threshold 7 (max threshold 15)
[11.201s][info ][gc,heap        ] GC(6) PSYoungGen: 1162603K(1572864K)->298242K(1572864K) Eden: 1048576K(1048576K)->0K(1048576K) From: 114027K(524288K)->298242K(524288K)
[11.201s][info ][gc,heap        ] GC(6) ParOldGen: 6338K(6656K)->6375K(6656K)
[11.201s][info ][gc,metaspace   ] GC(6) Metaspace: 72401K(73216K)->72401K(73216K) NonClass: 61452K(61888K)->61452K(61888K) Class: 10949K(11328K)->10949K(11328K)
[11.201s][info ][gc             ] GC(6) Pause Young (GCLocker Initiated GC) 1141M->297M(1542M) 154.826ms
[11.201s][info ][gc,cpu         ] GC(6) User=0.47s Sys=0.09s Real=0.16s
[11.201s][info ][safepoint      ] Safepoint "ParallelGCSystemGC", Time since last: 5394994 ns, Reaching safepoint: 3000 ns, Cleanup: 1900 ns, At safepoint: 154901023 ns, Total: 154905923 ns
[11.518s][info ][safepoint      ] Safepoint "ICBufferFull", Time since last: 316165537 ns, Reaching safepoint: 4100 ns, Cleanup: 103900 ns, At safepoint: 5300 ns, Total: 113300 ns
[11.720s][info ][safepoint      ] Safepoint "ICBufferFull", Time since last: 201813469 ns, Reaching safepoint: 4000 ns, Cleanup: 136999 ns, At safepoint: 5100 ns, Total: 146099 ns
[12.040s][info ][safepoint      ] Safepoint "ICBufferFull", Time since last: 320478033 ns, Reaching safepoint: 4100 ns, Cleanup: 138300 ns, At safepoint: 9600 ns, Total: 152000 ns
[12.405s][info ][safepoint      ] Safepoint "ICBufferFull", Time since last: 365067081 ns, Reaching safepoint: 71500 ns, Cleanup: 121800 ns, At safepoint: 3300 ns, Total: 196600 ns
[12.759s][info ][gc,start       ] GC(7) Pause Young (Allocation Failure)
[13.092s][debug][gc,phases      ] GC(7) Scavenge 333.005ms
[13.092s][debug][gc,ref         ] GC(7) Skipped phase 1 of Reference Processing: no references
[13.093s][debug][gc,ref         ] GC(7) ReferenceProcessor::execute queues: 4, RefProcThreadModel::Multi, marks_oops_alive: false
[13.093s][debug][gc,ref         ] GC(7) Skipped phase 3 of Reference Processing: no references
[13.093s][debug][gc,ref         ] GC(7) ReferenceProcessor::execute queues: 1, RefProcThreadModel::Single, marks_oops_alive: false
[13.093s][debug][gc,phases      ] GC(7) Reference Processing 0.874ms
[13.094s][debug][gc,phases      ] GC(7)   VM Weak                        Min:  0.0, Avg:  0.0, Max:  0.0, Diff:  0.0, Sum:  0.0, Workers: 4
[13.094s][debug][gc,phases      ] GC(7)     Dead                           Min: 0, Avg:  0.0, Max: 0, Diff: 0, Sum: 0, Workers: 4
[13.094s][debug][gc,phases      ] GC(7)     Total                          Min: 0, Avg: 164.5, Max: 338, Diff: 338, Sum: 658, Workers: 4
[13.094s][debug][gc,phases      ] GC(7)   ObjectSynchronizer Weak        Min:  0.0, Avg:  0.0, Max:  0.0, Diff:  0.0, Sum:  0.0, Workers: 4
[13.094s][debug][gc,phases      ] GC(7)     Dead                           Min: 0, Avg:  0.0, Max: 0, Diff: 0, Sum: 0, Workers: 4
[13.094s][debug][gc,phases      ] GC(7)     Total                          Min: 0, Avg: 10.5, Max: 42, Diff: 42, Sum: 42, Workers: 4
[13.094s][debug][gc,phases      ] GC(7)   JVMTI Tag Weak OopStorage      Min:  0.0, Avg:  0.0, Max:  0.0, Diff:  0.0, Sum:  0.0, Workers: 4
[13.094s][debug][gc,phases      ] GC(7)     Dead                           Min: 0, Avg:  0.0, Max: 0, Diff: 0, Sum: 0, Workers: 4
[13.094s][debug][gc,phases      ] GC(7)     Total                          Min: 0, Avg:  0.0, Max: 0, Diff: 0, Sum: 0, Workers: 4
[13.094s][debug][gc,phases      ] GC(7)   StringTable Weak               Min:  0.3, Avg:  0.3, Max:  0.3, Diff:  0.0, Sum:  1.1, Workers: 4
[13.094s][debug][gc,phases      ] GC(7)     Dead                           Min: 0, Avg:  1.5, Max: 4, Diff: 4, Sum: 6, Workers: 4
[13.094s][debug][gc,phases      ] GC(7)     Total                          Min: 8959, Avg: 10069.8, Max: 10688, Diff: 1729, Sum: 40279, Workers: 4
[13.094s][debug][gc,phases      ] GC(7)   ResolvedMethodTable Weak       Min:  0.1, Avg:  0.1, Max:  0.1, Diff:  0.0, Sum:  0.3, Workers: 4
[13.094s][debug][gc,phases      ] GC(7)     Dead                           Min: 1, Avg: 11.8, Max: 23, Diff: 22, Sum: 47, Workers: 4
[13.094s][debug][gc,phases      ] GC(7)     Total                          Min: 1920, Avg: 2131.8, Max: 2223, Diff: 303, Sum: 8527, Workers: 4
[13.094s][debug][gc,phases      ] GC(7)   JNI Weak                       Min:  0.0, Avg:  0.0, Max:  0.0, Diff:  0.0, Sum:  0.0, Workers: 4
[13.094s][debug][gc,phases      ] GC(7)     Dead                           Min: 0, Avg:  0.0, Max: 0, Diff: 0, Sum: 0, Workers: 4
[13.094s][debug][gc,phases      ] GC(7)     Total                          Min: 0, Avg: 12.5, Max: 50, Diff: 50, Sum: 50, Workers: 4
[13.094s][debug][gc,phases      ] GC(7)   StringDedup Table Weak         Min:  0.0, Avg:  0.0, Max:  0.0, Diff:  0.0, Sum:  0.0, Workers: 4
[13.094s][debug][gc,phases      ] GC(7)     Dead                           Min: 0, Avg:  0.0, Max: 0, Diff: 0, Sum: 0, Workers: 4
[13.094s][debug][gc,phases      ] GC(7)     Total                          Min: 0, Avg:  0.0, Max: 0, Diff: 0, Sum: 0, Workers: 4
[13.094s][debug][gc,phases      ] GC(7)   StringDedup Requests0 Weak     Min:  0.0, Avg:  0.0, Max:  0.0, Diff:  0.0, Sum:  0.0, Workers: 4
[13.094s][debug][gc,phases      ] GC(7)     Dead                           Min: 0, Avg:  0.0, Max: 0, Diff: 0, Sum: 0, Workers: 4
[13.094s][debug][gc,phases      ] GC(7)     Total                          Min: 0, Avg:  0.0, Max: 0, Diff: 0, Sum: 0, Workers: 4
[13.094s][debug][gc,phases      ] GC(7)   StringDedup Requests1 Weak     Min:  0.0, Avg:  0.0, Max:  0.0, Diff:  0.0, Sum:  0.0, Workers: 4
[13.094s][debug][gc,phases      ] GC(7)     Dead                           Min: 0, Avg:  0.0, Max: 0, Diff: 0, Sum: 0, Workers: 4
[13.094s][debug][gc,phases      ] GC(7)     Total                          Min: 0, Avg:  0.0, Max: 0, Diff: 0, Sum: 0, Workers: 4
[13.094s][debug][gc,phases      ] GC(7)   Weak JFR Old Object Samples    Min:  0.0, Avg:  0.0, Max:  0.0, Diff:  0.0, Sum:  0.0, Workers: 4
[13.094s][debug][gc,phases      ] GC(7)     Dead                           Min: 0, Avg:  0.0, Max: 0, Diff: 0, Sum: 0, Workers: 4
[13.094s][debug][gc,phases      ] GC(7)     Total                          Min: 0, Avg:  0.0, Max: 0, Diff: 0, Sum: 0, Workers: 4
[13.094s][debug][gc,phases      ] GC(7) Weak Processing 0.503ms
[13.094s][debug][gc,age         ] GC(7) Desired survivor size 536870912 bytes, new threshold 6 (max threshold 15)
[13.094s][info ][gc,heap        ] GC(7) PSYoungGen: 1346818K(1572864K)->524267K(1572864K) Eden: 1048576K(1048576K)->0K(1048576K) From: 298242K(524288K)->524267K(524288K)
[13.094s][info ][gc,heap        ] GC(7) ParOldGen: 6376K(6656K)->77672K(77824K)
[13.094s][info ][gc,metaspace   ] GC(7) Metaspace: 73931K(74752K)->73931K(74752K) NonClass: 62822K(63232K)->62822K(63232K) Class: 11108K(11520K)->11108K(11520K)
[13.094s][info ][gc             ] GC(7) Pause Young (Allocation Failure) 1321M->587M(1612M) 334.523ms
[13.094s][info ][gc,cpu         ] GC(7) User=1.03s Sys=0.15s Real=0.33s
[13.094s][debug][gc,phases      ] GC(8) Pre Compact 0.008ms
[13.094s][info ][gc,start       ] GC(8) Pause Full (Ergonomics)
[13.094s][info ][gc,phases,start] GC(8) Marking Phase
[13.324s][debug][gc,phases      ] GC(8) Par Mark 230.507ms
[13.324s][debug][gc,ref         ] GC(8) Skipped phase 1 of Reference Processing: no references
[13.325s][debug][gc,ref         ] GC(8) ReferenceProcessor::execute queues: 4, RefProcThreadModel::Multi, marks_oops_alive: false
[13.325s][debug][gc,ref         ] GC(8) Skipped phase 3 of Reference Processing: no references
[13.325s][debug][gc,ref         ] GC(8) ReferenceProcessor::execute queues: 1, RefProcThreadModel::Single, marks_oops_alive: false
[13.325s][debug][gc,phases      ] GC(8) Reference Processing 0.332ms
[13.325s][debug][gc,phases      ] GC(8)   VM Weak                        Min:  0.0, Avg:  0.0, Max:  0.0, Diff:  0.0, Sum:  0.0, Workers: 4
[13.325s][debug][gc,phases      ] GC(8)     Dead                           Min: 0, Avg:  0.2, Max: 1, Diff: 1, Sum: 1, Workers: 4
[13.325s][debug][gc,phases      ] GC(8)     Total                          Min: 0, Avg: 164.5, Max: 274, Diff: 274, Sum: 658, Workers: 4
[13.325s][debug][gc,phases      ] GC(8)   ObjectSynchronizer Weak        Min:  0.0, Avg:  0.0, Max:  0.0, Diff:  0.0, Sum:  0.0, Workers: 4
[13.325s][debug][gc,phases      ] GC(8)     Dead                           Min: 0, Avg:  0.0, Max: 0, Diff: 0, Sum: 0, Workers: 4
[13.325s][debug][gc,phases      ] GC(8)     Total                          Min: 0, Avg: 10.5, Max: 42, Diff: 42, Sum: 42, Workers: 4
[13.325s][debug][gc,phases      ] GC(8)   JVMTI Tag Weak OopStorage      Min:  0.0, Avg:  0.0, Max:  0.0, Diff:  0.0, Sum:  0.0, Workers: 4
[13.325s][debug][gc,phases      ] GC(8)     Dead                           Min: 0, Avg:  0.0, Max: 0, Diff: 0, Sum: 0, Workers: 4
[13.325s][debug][gc,phases      ] GC(8)     Total                          Min: 0, Avg:  0.0, Max: 0, Diff: 0, Sum: 0, Workers: 4
[13.325s][debug][gc,phases      ] GC(8)   StringTable Weak               Min:  0.1, Avg:  0.1, Max:  0.1, Diff:  0.0, Sum:  0.6, Workers: 4
[13.325s][debug][gc,phases      ] GC(8)     Dead                           Min: 0, Avg:  0.0, Max: 0, Diff: 0, Sum: 0, Workers: 4
[13.325s][debug][gc,phases      ] GC(8)     Total                          Min: 9280, Avg: 10069.8, Max: 10520, Diff: 1240, Sum: 40279, Workers: 4
[13.325s][debug][gc,phases      ] GC(8)   ResolvedMethodTable Weak       Min:  0.0, Avg:  0.0, Max:  0.0, Diff:  0.0, Sum:  0.1, Workers: 4
[13.325s][debug][gc,phases      ] GC(8)     Dead                           Min: 0, Avg:  0.2, Max: 1, Diff: 1, Sum: 1, Workers: 4
[13.325s][debug][gc,phases      ] GC(8)     Total                          Min: 2045, Avg: 2131.8, Max: 2166, Diff: 121, Sum: 8527, Workers: 4
[13.325s][debug][gc,phases      ] GC(8)   JNI Weak                       Min:  0.0, Avg:  0.0, Max:  0.0, Diff:  0.0, Sum:  0.0, Workers: 4
[13.325s][debug][gc,phases      ] GC(8)     Dead                           Min: 0, Avg:  0.0, Max: 0, Diff: 0, Sum: 0, Workers: 4
[13.325s][debug][gc,phases      ] GC(8)     Total                          Min: 0, Avg: 12.5, Max: 50, Diff: 50, Sum: 50, Workers: 4
[13.325s][debug][gc,phases      ] GC(8)   StringDedup Table Weak         Min:  0.0, Avg:  0.0, Max:  0.0, Diff:  0.0, Sum:  0.0, Workers: 4
[13.325s][debug][gc,phases      ] GC(8)     Dead                           Min: 0, Avg:  0.0, Max: 0, Diff: 0, Sum: 0, Workers: 4
[13.325s][debug][gc,phases      ] GC(8)     Total                          Min: 0, Avg:  0.0, Max: 0, Diff: 0, Sum: 0, Workers: 4
[13.325s][debug][gc,phases      ] GC(8)   StringDedup Requests0 Weak     Min:  0.0, Avg:  0.0, Max:  0.0, Diff:  0.0, Sum:  0.0, Workers: 4
[13.325s][debug][gc,phases      ] GC(8)     Dead                           Min: 0, Avg:  0.0, Max: 0, Diff: 0, Sum: 0, Workers: 4
[13.325s][debug][gc,phases      ] GC(8)     Total                          Min: 0, Avg:  0.0, Max: 0, Diff: 0, Sum: 0, Workers: 4
[13.325s][debug][gc,phases      ] GC(8)   StringDedup Requests1 Weak     Min:  0.0, Avg:  0.0, Max:  0.0, Diff:  0.0, Sum:  0.0, Workers: 4
[13.325s][debug][gc,phases      ] GC(8)     Dead                           Min: 0, Avg:  0.0, Max: 0, Diff: 0, Sum: 0, Workers: 4
[13.325s][debug][gc,phases      ] GC(8)     Total                          Min: 0, Avg:  0.0, Max: 0, Diff: 0, Sum: 0, Workers: 4
[13.325s][debug][gc,phases      ] GC(8)   Weak JFR Old Object Samples    Min:  0.0, Avg:  0.0, Max:  0.0, Diff:  0.0, Sum:  0.0, Workers: 4
[13.325s][debug][gc,phases      ] GC(8)     Dead                           Min: 0, Avg:  0.0, Max: 0, Diff: 0, Sum: 0, Workers: 4
[13.325s][debug][gc,phases      ] GC(8)     Total                          Min: 0, Avg:  0.0, Max: 0, Diff: 0, Sum: 0, Workers: 4
[13.325s][debug][gc,phases      ] GC(8) Weak Processing 0.335ms
[13.325s][debug][gc,phases      ] GC(8) ClassLoaderData 0.190ms
[13.325s][debug][gc,phases      ] GC(8) Trigger cleanups 0.007ms
[13.342s][debug][gc,phases      ] GC(8) Class Unloading 16.954ms
[13.342s][debug][gc,phases      ] GC(8) Report Object Count 0.002ms
[13.342s][info ][gc,phases      ] GC(8) Marking Phase 248.288ms
[13.342s][info ][gc,phases,start] GC(8) Summary Phase
[13.342s][info ][gc,phases      ] GC(8) Summary Phase 0.018ms
[13.342s][info ][gc,phases,start] GC(8) Adjust Roots
[13.355s][info ][gc,phases      ] GC(8) Adjust Roots 12.958ms
[13.355s][info ][gc,phases,start] GC(8) Compaction Phase
[14.143s][info ][gc,phases      ] GC(8) Compaction Phase 787.954ms
[14.143s][info ][gc,phases,start] GC(8) Post Compact
[14.147s][info ][gc,phases      ] GC(8) Post Compact 4.214ms
[14.147s][info ][gc,heap        ] GC(8) PSYoungGen: 524267K(1572864K)->518697K(1572864K) Eden: 0K(1048576K)->0K(1048576K) From: 524267K(524288K)->518697K(524288K)
[14.147s][info ][gc,heap        ] GC(8) ParOldGen: 77672K(77824K)->77587K(137216K)
[14.147s][info ][gc,metaspace   ] GC(8) Metaspace: 73931K(74752K)->73929K(74752K) NonClass: 62822K(63232K)->62821K(63232K) Class: 11108K(11520K)->11107K(11520K)
[14.147s][info ][gc             ] GC(8) Pause Full (Ergonomics) 587M->582M(1670M) 1053.638ms
[14.147s][info ][gc,cpu         ] GC(8) User=3.78s Sys=0.06s Real=1.05s
[14.148s][info ][safepoint      ] Safepoint "ParallelGCFailedAllocation", Time since last: 353628595 ns, Reaching safepoint: 83900 ns, Cleanup: 129699 ns, At safepoint: 1388324209 ns, Total: 1388537808 ns
[15.070s][info ][safepoint      ] Safepoint "ICBufferFull", Time since last: 922065243 ns, Reaching safepoint: 78500 ns, Cleanup: 136300 ns, At safepoint: 60000 ns, Total: 274800 ns
[15.414s][info ][safepoint      ] Safepoint "ICBufferFull", Time since last: 343446806 ns, Reaching safepoint: 76700 ns, Cleanup: 106900 ns, At safepoint: 6900 ns, Total: 190500 ns
[15.827s][info ][safepoint      ] Safepoint "ICBufferFull", Time since last: 413447126 ns, Reaching safepoint: 2600 ns, Cleanup: 111200 ns, At safepoint: 5200 ns, Total: 119000 ns
[15.944s][info ][safepoint      ] Safepoint "ICBufferFull", Time since last: 116544666 ns, Reaching safepoint: 72800 ns, Cleanup: 135500 ns, At safepoint: 6100 ns, Total: 214400 ns
[16.006s][info ][safepoint      ] Safepoint "ICBufferFull", Time since last: 61747329 ns, Reaching safepoint: 3200 ns, Cleanup: 149100 ns, At safepoint: 6200 ns, Total: 158500 ns
[16.161s][info ][safepoint      ] Safepoint "ICBufferFull", Time since last: 154822422 ns, Reaching safepoint: 3800 ns, Cleanup: 132500 ns, At safepoint: 22300 ns, Total: 158600 ns
[16.218s][info ][gc,start       ] GC(9) Pause Young (Allocation Failure)
[16.315s][debug][gc,phases      ] GC(9) Scavenge 97.059ms
[16.315s][debug][gc,ref         ] GC(9) Skipped phase 1 of Reference Processing: no references
[16.315s][debug][gc,ref         ] GC(9) ReferenceProcessor::execute queues: 4, RefProcThreadModel::Multi, marks_oops_alive: false
[16.316s][debug][gc,ref         ] GC(9) ReferenceProcessor::execute queues: 4, RefProcThreadModel::Multi, marks_oops_alive: true
[16.316s][debug][gc,ref         ] GC(9) ReferenceProcessor::execute queues: 1, RefProcThreadModel::Single, marks_oops_alive: false
[16.316s][debug][gc,phases      ] GC(9) Reference Processing 0.777ms
[16.316s][debug][gc,phases      ] GC(9)   VM Weak                        Min:  0.0, Avg:  0.0, Max:  0.0, Diff:  0.0, Sum:  0.0, Workers: 4
[16.316s][debug][gc,phases      ] GC(9)     Dead                           Min: 0, Avg:  0.0, Max: 0, Diff: 0, Sum: 0, Workers: 4
[16.316s][debug][gc,phases      ] GC(9)     Total                          Min: 0, Avg: 167.8, Max: 384, Diff: 384, Sum: 671, Workers: 4
[16.316s][debug][gc,phases      ] GC(9)   ObjectSynchronizer Weak        Min:  0.0, Avg:  0.0, Max:  0.0, Diff:  0.0, Sum:  0.0, Workers: 4
[16.316s][debug][gc,phases      ] GC(9)     Dead                           Min: 0, Avg:  0.0, Max: 0, Diff: 0, Sum: 0, Workers: 4
[16.316s][debug][gc,phases      ] GC(9)     Total                          Min: 0, Avg: 10.5, Max: 42, Diff: 42, Sum: 42, Workers: 4
[16.316s][debug][gc,phases      ] GC(9)   JVMTI Tag Weak OopStorage      Min:  0.0, Avg:  0.0, Max:  0.0, Diff:  0.0, Sum:  0.0, Workers: 4
[16.316s][debug][gc,phases      ] GC(9)     Dead                           Min: 0, Avg:  0.0, Max: 0, Diff: 0, Sum: 0, Workers: 4
[16.316s][debug][gc,phases      ] GC(9)     Total                          Min: 0, Avg:  0.0, Max: 0, Diff: 0, Sum: 0, Workers: 4
[16.316s][debug][gc,phases      ] GC(9)   StringTable Weak               Min:  0.3, Avg:  0.3, Max:  0.3, Diff:  0.0, Sum:  1.0, Workers: 4
[16.316s][debug][gc,phases      ] GC(9)     Dead                           Min: 0, Avg:  1.5, Max: 3, Diff: 3, Sum: 6, Workers: 4
[16.316s][debug][gc,phases      ] GC(9)     Total                          Min: 8896, Avg: 10271.8, Max: 11327, Diff: 2431, Sum: 41087, Workers: 4
[16.316s][debug][gc,phases      ] GC(9)   ResolvedMethodTable Weak       Min:  0.1, Avg:  0.1, Max:  0.1, Diff:  0.0, Sum:  0.3, Workers: 4
[16.316s][debug][gc,phases      ] GC(9)     Dead                           Min: 0, Avg: 15.5, Max: 30, Diff: 30, Sum: 62, Workers: 4
[16.316s][debug][gc,phases      ] GC(9)     Total                          Min: 2112, Avg: 2223.2, Max: 2304, Diff: 192, Sum: 8893, Workers: 4
[16.316s][debug][gc,phases      ] GC(9)   JNI Weak                       Min:  0.0, Avg:  0.0, Max:  0.0, Diff:  0.0, Sum:  0.0, Workers: 4
[16.316s][debug][gc,phases      ] GC(9)     Dead                           Min: 0, Avg:  0.0, Max: 0, Diff: 0, Sum: 0, Workers: 4
[16.316s][debug][gc,phases      ] GC(9)     Total                          Min: 0, Avg: 14.0, Max: 56, Diff: 56, Sum: 56, Workers: 4
[16.316s][debug][gc,phases      ] GC(9)   StringDedup Table Weak         Min:  0.0, Avg:  0.0, Max:  0.0, Diff:  0.0, Sum:  0.0, Workers: 4
[16.316s][debug][gc,phases      ] GC(9)     Dead                           Min: 0, Avg:  0.0, Max: 0, Diff: 0, Sum: 0, Workers: 4
[16.316s][debug][gc,phases      ] GC(9)     Total                          Min: 0, Avg:  0.0, Max: 0, Diff: 0, Sum: 0, Workers: 4
[16.316s][debug][gc,phases      ] GC(9)   StringDedup Requests0 Weak     Min:  0.0, Avg:  0.0, Max:  0.0, Diff:  0.0, Sum:  0.0, Workers: 4
[16.316s][debug][gc,phases      ] GC(9)     Dead                           Min: 0, Avg:  0.0, Max: 0, Diff: 0, Sum: 0, Workers: 4
[16.316s][debug][gc,phases      ] GC(9)     Total                          Min: 0, Avg:  0.0, Max: 0, Diff: 0, Sum: 0, Workers: 4
[16.316s][debug][gc,phases      ] GC(9)   StringDedup Requests1 Weak     Min:  0.0, Avg:  0.0, Max:  0.0, Diff:  0.0, Sum:  0.0, Workers: 4
[16.316s][debug][gc,phases      ] GC(9)     Dead                           Min: 0, Avg:  0.0, Max: 0, Diff: 0, Sum: 0, Workers: 4
[16.316s][debug][gc,phases      ] GC(9)     Total                          Min: 0, Avg:  0.0, Max: 0, Diff: 0, Sum: 0, Workers: 4
[16.316s][debug][gc,phases      ] GC(9)   Weak JFR Old Object Samples    Min:  0.0, Avg:  0.0, Max:  0.0, Diff:  0.0, Sum:  0.0, Workers: 4
[16.316s][debug][gc,phases      ] GC(9)     Dead                           Min: 0, Avg:  0.0, Max: 0, Diff: 0, Sum: 0, Workers: 4
[16.316s][debug][gc,phases      ] GC(9)     Total                          Min: 0, Avg:  0.0, Max: 0, Diff: 0, Sum: 0, Workers: 4
[16.316s][debug][gc,phases      ] GC(9) Weak Processing 0.490ms
[16.316s][debug][gc,age         ] GC(9) Desired survivor size 536870912 bytes, new threshold 5 (max threshold 15)
[16.316s][info ][gc,heap        ] GC(9) PSYoungGen: 1567273K(1572864K)->218443K(1572864K) Eden: 1048576K(1048576K)->0K(1048576K) From: 518697K(524288K)->218443K(524288K)
[16.316s][info ][gc,heap        ] GC(9) ParOldGen: 77587K(137216K)->77603K(137216K)
[16.316s][info ][gc,metaspace   ] GC(9) Metaspace: 75930K(76800K)->75930K(76800K) NonClass: 64550K(65024K)->64550K(65024K) Class: 11380K(11776K)->11380K(11776K)
[16.316s][info ][gc             ] GC(9) Pause Young (Allocation Failure) 1606M->289M(1670M) 98.434ms
[16.316s][info ][gc,cpu         ] GC(9) User=0.35s Sys=0.00s Real=0.09s
[16.316s][info ][safepoint      ] Safepoint "ParallelGCFailedAllocation", Time since last: 56921635 ns, Reaching safepoint: 3500 ns, Cleanup: 108700 ns, At safepoint: 98513687 ns, Total: 98625887 ns
[16.761s][info ][safepoint      ] Safepoint "ICBufferFull", Time since last: 444194591 ns, Reaching safepoint: 4400 ns, Cleanup: 158499 ns, At safepoint: 2000 ns, Total: 164899 ns
[17.197s][info ][safepoint      ] Safepoint "ICBufferFull", Time since last: 436577700 ns, Reaching safepoint: 4300 ns, Cleanup: 164000 ns, At safepoint: 9600 ns, Total: 177900 ns
[17.631s][info ][safepoint      ] Safepoint "ICBufferFull", Time since last: 433312503 ns, Reaching safepoint: 4600 ns, Cleanup: 179800 ns, At safepoint: 2800 ns, Total: 187200 ns
[18.377s][info ][safepoint      ] Safepoint "ICBufferFull", Time since last: 745916745 ns, Reaching safepoint: 71700 ns, Cleanup: 192799 ns, At safepoint: 4800 ns, Total: 269299 ns
[18.877s][info ][safepoint      ] Safepoint "ICBufferFull", Time since last: 499484626 ns, Reaching safepoint: 3700 ns, Cleanup: 183300 ns, At safepoint: 3900 ns, Total: 190900 ns
[19.383s][info ][safepoint      ] Safepoint "ICBufferFull", Time since last: 505571418 ns, Reaching safepoint: 79000 ns, Cleanup: 140599 ns, At safepoint: 5700 ns, Total: 225299 ns
[19.548s][info ][safepoint      ] Safepoint "ICBufferFull", Time since last: 165417710 ns, Reaching safepoint: 85500 ns, Cleanup: 151600 ns, At safepoint: 12900 ns, Total: 250000 ns
[19.932s][info ][safepoint      ] Safepoint "ICBufferFull", Time since last: 383916658 ns, Reaching safepoint: 4100 ns, Cleanup: 133399 ns, At safepoint: 5800 ns, Total: 143299 ns
[20.176s][info ][safepoint      ] Safepoint "ICBufferFull", Time since last: 243570220 ns, Reaching safepoint: 4900 ns, Cleanup: 181200 ns, At safepoint: 12600 ns, Total: 198700 ns
[20.265s][info ][safepoint      ] Safepoint "ICBufferFull", Time since last: 88894397 ns, Reaching safepoint: 3700 ns, Cleanup: 172900 ns, At safepoint: 2300 ns, Total: 178900 ns
[20.404s][info ][safepoint      ] Safepoint "ICBufferFull", Time since last: 138435041 ns, Reaching safepoint: 82900 ns, Cleanup: 166299 ns, At safepoint: 8400 ns, Total: 257599 ns
[20.404s][info ][safepoint      ] Safepoint "ICBufferFull", Time since last: 94300 ns, Reaching safepoint: 83400 ns, Cleanup: 2000 ns, At safepoint: 9600 ns, Total: 95000 ns
[20.544s][info ][safepoint      ] Safepoint "ICBufferFull", Time since last: 139520239 ns, Reaching safepoint: 79600 ns, Cleanup: 168400 ns, At safepoint: 4500 ns, Total: 252500 ns
[20.683s][info ][safepoint      ] Safepoint "ICBufferFull", Time since last: 139051940 ns, Reaching safepoint: 79200 ns, Cleanup: 141400 ns, At safepoint: 5600 ns, Total: 226200 ns
[20.815s][info ][safepoint      ] Safepoint "ICBufferFull", Time since last: 132113748 ns, Reaching safepoint: 82500 ns, Cleanup: 165899 ns, At safepoint: 15200 ns, Total: 263599 ns
[21.011s][info ][safepoint      ] Safepoint "ICBufferFull", Time since last: 195789275 ns, Reaching safepoint: 73000 ns, Cleanup: 131000 ns, At safepoint: 4800 ns, Total: 208800 ns
[21.210s][info ][safepoint      ] Safepoint "ICBufferFull", Time since last: 198432771 ns, Reaching safepoint: 4800 ns, Cleanup: 141300 ns, At safepoint: 1500 ns, Total: 147600 ns
[21.562s][info ][safepoint      ] Safepoint "ICBufferFull", Time since last: 351674495 ns, Reaching safepoint: 4000 ns, Cleanup: 129600 ns, At safepoint: 1400 ns, Total: 135000 ns
[21.800s][info ][gc,start       ] GC(10) Pause Young (Allocation Failure)
[21.908s][debug][gc,phases      ] GC(10) Scavenge 108.062ms
[21.908s][debug][gc,ref         ] GC(10) Skipped phase 1 of Reference Processing: no references
[21.909s][debug][gc,ref         ] GC(10) ReferenceProcessor::execute queues: 4, RefProcThreadModel::Multi, marks_oops_alive: false
[21.909s][debug][gc,ref         ] GC(10) Skipped phase 3 of Reference Processing: no references
[21.909s][debug][gc,ref         ] GC(10) ReferenceProcessor::execute queues: 2, RefProcThreadModel::Multi, marks_oops_alive: false
[21.909s][debug][gc,phases      ] GC(10) Reference Processing 0.580ms
[21.909s][debug][gc,phases      ] GC(10)   VM Weak                        Min:  0.0, Avg:  0.0, Max:  0.0, Diff:  0.0, Sum:  0.0, Workers: 4
[21.909s][debug][gc,phases      ] GC(10)     Dead                           Min: 0, Avg:  0.0, Max: 0, Diff: 0, Sum: 0, Workers: 4
[21.909s][debug][gc,phases      ] GC(10)     Total                          Min: 94, Avg: 215.5, Max: 448, Diff: 354, Sum: 862, Workers: 4
[21.910s][debug][gc,phases      ] GC(10)   ObjectSynchronizer Weak        Min:  0.0, Avg:  0.0, Max:  0.0, Diff:  0.0, Sum:  0.0, Workers: 4
[21.910s][debug][gc,phases      ] GC(10)     Dead                           Min: 0, Avg:  0.2, Max: 1, Diff: 1, Sum: 1, Workers: 4
[21.910s][debug][gc,phases      ] GC(10)     Total                          Min: 0, Avg: 11.2, Max: 45, Diff: 45, Sum: 45, Workers: 4
[21.910s][debug][gc,phases      ] GC(10)   JVMTI Tag Weak OopStorage      Min:  0.0, Avg:  0.0, Max:  0.0, Diff:  0.0, Sum:  0.0, Workers: 4
[21.910s][debug][gc,phases      ] GC(10)     Dead                           Min: 0, Avg:  0.0, Max: 0, Diff: 0, Sum: 0, Workers: 4
[21.910s][debug][gc,phases      ] GC(10)     Total                          Min: 0, Avg:  0.0, Max: 0, Diff: 0, Sum: 0, Workers: 4
[21.910s][debug][gc,phases      ] GC(10)   StringTable Weak               Min:  0.3, Avg:  0.3, Max:  0.3, Diff:  0.0, Sum:  1.1, Workers: 4
[21.910s][debug][gc,phases      ] GC(10)     Dead                           Min: 2, Avg:  3.5, Max: 6, Diff: 4, Sum: 14, Workers: 4
[21.910s][debug][gc,phases      ] GC(10)     Total                          Min: 10018, Avg: 10744.5, Max: 11392, Diff: 1374, Sum: 42978, Workers: 4
[21.910s][debug][gc,phases      ] GC(10)   ResolvedMethodTable Weak       Min:  0.1, Avg:  0.1, Max:  0.1, Diff:  0.0, Sum:  0.4, Workers: 4
[21.910s][debug][gc,phases      ] GC(10)     Dead                           Min: 0, Avg: 37.2, Max: 92, Diff: 92, Sum: 149, Workers: 4
[21.910s][debug][gc,phases      ] GC(10)     Total                          Min: 2112, Avg: 2608.2, Max: 2881, Diff: 769, Sum: 10433, Workers: 4
[21.910s][debug][gc,phases      ] GC(10)   JNI Weak                       Min:  0.0, Avg:  0.0, Max:  0.0, Diff:  0.0, Sum:  0.0, Workers: 4
[21.910s][debug][gc,phases      ] GC(10)     Dead                           Min: 0, Avg:  0.0, Max: 0, Diff: 0, Sum: 0, Workers: 4
[21.910s][debug][gc,phases      ] GC(10)     Total                          Min: 0, Avg: 30.0, Max: 77, Diff: 77, Sum: 120, Workers: 4
[21.910s][debug][gc,phases      ] GC(10)   StringDedup Table Weak         Min:  0.0, Avg:  0.0, Max:  0.0, Diff:  0.0, Sum:  0.0, Workers: 4
[21.910s][debug][gc,phases      ] GC(10)     Dead                           Min: 0, Avg:  0.0, Max: 0, Diff: 0, Sum: 0, Workers: 4
[21.910s][debug][gc,phases      ] GC(10)     Total                          Min: 0, Avg:  0.0, Max: 0, Diff: 0, Sum: 0, Workers: 4
[21.910s][debug][gc,phases      ] GC(10)   StringDedup Requests0 Weak     Min:  0.0, Avg:  0.0, Max:  0.0, Diff:  0.0, Sum:  0.0, Workers: 4
[21.910s][debug][gc,phases      ] GC(10)     Dead                           Min: 0, Avg:  0.0, Max: 0, Diff: 0, Sum: 0, Workers: 4
[21.910s][debug][gc,phases      ] GC(10)     Total                          Min: 0, Avg:  0.0, Max: 0, Diff: 0, Sum: 0, Workers: 4
[21.910s][debug][gc,phases      ] GC(10)   StringDedup Requests1 Weak     Min:  0.0, Avg:  0.0, Max:  0.0, Diff:  0.0, Sum:  0.0, Workers: 4
[21.910s][debug][gc,phases      ] GC(10)     Dead                           Min: 0, Avg:  0.0, Max: 0, Diff: 0, Sum: 0, Workers: 4
[21.910s][debug][gc,phases      ] GC(10)     Total                          Min: 0, Avg:  0.0, Max: 0, Diff: 0, Sum: 0, Workers: 4
[21.910s][debug][gc,phases      ] GC(10)   Weak JFR Old Object Samples    Min:  0.0, Avg:  0.0, Max:  0.0, Diff:  0.0, Sum:  0.0, Workers: 4
[21.910s][debug][gc,phases      ] GC(10)     Dead                           Min: 0, Avg:  0.0, Max: 0, Diff: 0, Sum: 0, Workers: 4
[21.910s][debug][gc,phases      ] GC(10)     Total                          Min: 0, Avg:  0.0, Max: 0, Diff: 0, Sum: 0, Workers: 4
[21.910s][debug][gc,phases      ] GC(10) Weak Processing 0.563ms
[21.910s][debug][gc,age         ] GC(10) Desired survivor size 502267904 bytes, new threshold 6 (max threshold 15)
[21.910s][info ][gc,heap        ] GC(10) PSYoungGen: 1267019K(1572864K)->196325K(1572864K) Eden: 1048576K(1048576K)->0K(1048576K) From: 218443K(524288K)->196325K(524288K)
[21.910s][info ][gc,heap        ] GC(10) ParOldGen: 77603K(137216K)->149838K(150016K)
[21.910s][info ][gc,metaspace   ] GC(10) Metaspace: 83897K(84928K)->83897K(84928K) NonClass: 71369K(71936K)->71369K(71936K) Class: 12528K(12992K)->12528K(12992K)
[21.910s][info ][gc             ] GC(10) Pause Young (Allocation Failure) 1313M->338M(1682M) 109.318ms
[21.910s][info ][gc,cpu         ] GC(10) User=0.38s Sys=0.03s Real=0.11s
[21.910s][debug][gc,phases      ] GC(11) Pre Compact 0.008ms
[21.910s][info ][gc,start       ] GC(11) Pause Full (Ergonomics)
[21.910s][info ][gc,phases,start] GC(11) Marking Phase
[22.000s][debug][gc,phases      ] GC(11) Par Mark 89.941ms
[22.000s][debug][gc,ref         ] GC(11) Skipped phase 1 of Reference Processing: no references
[22.000s][debug][gc,ref         ] GC(11) ReferenceProcessor::execute queues: 4, RefProcThreadModel::Multi, marks_oops_alive: false
[22.000s][debug][gc,ref         ] GC(11) Skipped phase 3 of Reference Processing: no references
[22.000s][debug][gc,ref         ] GC(11) ReferenceProcessor::execute queues: 1, RefProcThreadModel::Single, marks_oops_alive: false
[22.000s][debug][gc,phases      ] GC(11) Reference Processing 0.474ms
[22.001s][debug][gc,phases      ] GC(11)   VM Weak                        Min:  0.0, Avg:  0.0, Max:  0.0, Diff:  0.0, Sum:  0.0, Workers: 4
[22.001s][debug][gc,phases      ] GC(11)     Dead                           Min: 0, Avg:  0.0, Max: 0, Diff: 0, Sum: 0, Workers: 4
[22.001s][debug][gc,phases      ] GC(11)     Total                          Min: 128, Avg: 215.5, Max: 320, Diff: 192, Sum: 862, Workers: 4
[22.001s][debug][gc,phases      ] GC(11)   ObjectSynchronizer Weak        Min:  0.0, Avg:  0.0, Max:  0.0, Diff:  0.0, Sum:  0.0, Workers: 4
[22.001s][debug][gc,phases      ] GC(11)     Dead                           Min: 0, Avg:  0.0, Max: 0, Diff: 0, Sum: 0, Workers: 4
[22.001s][debug][gc,phases      ] GC(11)     Total                          Min: 0, Avg: 11.2, Max: 45, Diff: 45, Sum: 45, Workers: 4
[22.001s][debug][gc,phases      ] GC(11)   JVMTI Tag Weak OopStorage      Min:  0.0, Avg:  0.0, Max:  0.0, Diff:  0.0, Sum:  0.0, Workers: 4
[22.001s][debug][gc,phases      ] GC(11)     Dead                           Min: 0, Avg:  0.0, Max: 0, Diff: 0, Sum: 0, Workers: 4
[22.001s][debug][gc,phases      ] GC(11)     Total                          Min: 0, Avg:  0.0, Max: 0, Diff: 0, Sum: 0, Workers: 4
[22.001s][debug][gc,phases      ] GC(11)   StringTable Weak               Min:  0.2, Avg:  0.2, Max:  0.2, Diff:  0.0, Sum:  0.6, Workers: 4
[22.001s][debug][gc,phases      ] GC(11)     Dead                           Min: 0, Avg:  0.0, Max: 0, Diff: 0, Sum: 0, Workers: 4
[22.001s][debug][gc,phases      ] GC(11)     Total                          Min: 9856, Avg: 10744.5, Max: 11456, Diff: 1600, Sum: 42978, Workers: 4
[22.001s][debug][gc,phases      ] GC(11)   ResolvedMethodTable Weak       Min:  0.0, Avg:  0.0, Max:  0.1, Diff:  0.0, Sum:  0.2, Workers: 4
[22.001s][debug][gc,phases      ] GC(11)     Dead                           Min: 0, Avg:  0.0, Max: 0, Diff: 0, Sum: 0, Workers: 4
[22.001s][debug][gc,phases      ] GC(11)     Total                          Min: 2560, Avg: 2608.2, Max: 2688, Diff: 128, Sum: 10433, Workers: 4
[22.001s][debug][gc,phases      ] GC(11)   JNI Weak                       Min:  0.0, Avg:  0.0, Max:  0.0, Diff:  0.0, Sum:  0.0, Workers: 4
[22.001s][debug][gc,phases      ] GC(11)     Dead                           Min: 0, Avg:  0.0, Max: 0, Diff: 0, Sum: 0, Workers: 4
[22.001s][debug][gc,phases      ] GC(11)     Total                          Min: 0, Avg: 30.0, Max: 62, Diff: 62, Sum: 120, Workers: 4
[22.001s][debug][gc,phases      ] GC(11)   StringDedup Table Weak         Min:  0.0, Avg:  0.0, Max:  0.0, Diff:  0.0, Sum:  0.0, Workers: 4
[22.001s][debug][gc,phases      ] GC(11)     Dead                           Min: 0, Avg:  0.0, Max: 0, Diff: 0, Sum: 0, Workers: 4
[22.001s][debug][gc,phases      ] GC(11)     Total                          Min: 0, Avg:  0.0, Max: 0, Diff: 0, Sum: 0, Workers: 4
[22.001s][debug][gc,phases      ] GC(11)   StringDedup Requests0 Weak     Min:  0.0, Avg:  0.0, Max:  0.0, Diff:  0.0, Sum:  0.0, Workers: 4
[22.001s][debug][gc,phases      ] GC(11)     Dead                           Min: 0, Avg:  0.0, Max: 0, Diff: 0, Sum: 0, Workers: 4
[22.001s][debug][gc,phases      ] GC(11)     Total                          Min: 0, Avg:  0.0, Max: 0, Diff: 0, Sum: 0, Workers: 4
[22.001s][debug][gc,phases      ] GC(11)   StringDedup Requests1 Weak     Min:  0.0, Avg:  0.0, Max:  0.0, Diff:  0.0, Sum:  0.0, Workers: 4
[22.001s][debug][gc,phases      ] GC(11)     Dead                           Min: 0, Avg:  0.0, Max: 0, Diff: 0, Sum: 0, Workers: 4
[22.001s][debug][gc,phases      ] GC(11)     Total                          Min: 0, Avg:  0.0, Max: 0, Diff: 0, Sum: 0, Workers: 4
[22.001s][debug][gc,phases      ] GC(11)   Weak JFR Old Object Samples    Min:  0.0, Avg:  0.0, Max:  0.0, Diff:  0.0, Sum:  0.0, Workers: 4
[22.001s][debug][gc,phases      ] GC(11)     Dead                           Min: 0, Avg:  0.0, Max: 0, Diff: 0, Sum: 0, Workers: 4
[22.001s][debug][gc,phases      ] GC(11)     Total                          Min: 0, Avg:  0.0, Max: 0, Diff: 0, Sum: 0, Workers: 4
[22.001s][debug][gc,phases      ] GC(11) Weak Processing 0.386ms
[22.001s][debug][gc,phases      ] GC(11) ClassLoaderData 0.116ms
[22.001s][debug][gc,phases      ] GC(11) Trigger cleanups 0.000ms
[22.013s][debug][gc,phases      ] GC(11) Class Unloading 12.585ms
[22.013s][debug][gc,phases      ] GC(11) Report Object Count 0.001ms
[22.013s][info ][gc,phases      ] GC(11) Marking Phase 103.567ms
[22.013s][info ][gc,phases,start] GC(11) Summary Phase
[22.013s][info ][gc,phases      ] GC(11) Summary Phase 0.009ms
[22.013s][info ][gc,phases,start] GC(11) Adjust Roots
[22.029s][info ][gc,phases      ] GC(11) Adjust Roots 16.202ms
[22.030s][info ][gc,phases,start] GC(11) Compaction Phase
[22.364s][info ][gc,phases      ] GC(11) Compaction Phase 334.735ms
[22.364s][info ][gc,phases,start] GC(11) Post Compact
[22.368s][info ][gc,phases      ] GC(11) Post Compact 4.124ms
[22.369s][info ][gc,heap        ] GC(11) PSYoungGen: 196325K(1572864K)->178441K(1572864K) Eden: 0K(1048576K)->0K(1048576K) From: 196325K(524288K)->178441K(524288K)
[22.369s][info ][gc,heap        ] GC(11) ParOldGen: 149838K(150016K)->149734K(240128K)
[22.369s][info ][gc,metaspace   ] GC(11) Metaspace: 83897K(84928K)->83897K(84928K) NonClass: 71369K(71936K)->71369K(71936K) Class: 12528K(12992K)->12528K(12992K)
[22.369s][info ][gc             ] GC(11) Pause Full (Ergonomics) 338M->320M(1770M) 458.882ms
[22.369s][info ][gc,cpu         ] GC(11) User=1.58s Sys=0.01s Real=0.45s
[22.370s][info ][safepoint      ] Safepoint "ParallelGCFailedAllocation", Time since last: 238344625 ns, Reaching safepoint: 4000 ns, Cleanup: 102900 ns, At safepoint: 569589144 ns, Total: 569696044 ns
[22.895s][info ][safepoint      ] Safepoint "ICBufferFull", Time since last: 524633096 ns, Reaching safepoint: 4300 ns, Cleanup: 129000 ns, At safepoint: 4800 ns, Total: 138100 ns
[23.148s][info ][safepoint      ] Safepoint "ICBufferFull", Time since last: 252703309 ns, Reaching safepoint: 78300 ns, Cleanup: 125200 ns, At safepoint: 8300 ns, Total: 211800 ns
[23.412s][info ][safepoint      ] Safepoint "ICBufferFull", Time since last: 264490695 ns, Reaching safepoint: 4700 ns, Cleanup: 160900 ns, At safepoint: 9600 ns, Total: 175200 ns
[23.784s][info ][safepoint      ] Safepoint "ICBufferFull", Time since last: 371793772 ns, Reaching safepoint: 5500 ns, Cleanup: 148700 ns, At safepoint: 5700 ns, Total: 159900 ns
[24.189s][info ][safepoint      ] Safepoint "ICBufferFull", Time since last: 404771234 ns, Reaching safepoint: 88099 ns, Cleanup: 153200 ns, At safepoint: 7700 ns, Total: 248999 ns
[24.921s][info ][safepoint      ] Safepoint "ICBufferFull", Time since last: 731855457 ns, Reaching safepoint: 5900 ns, Cleanup: 156000 ns, At safepoint: 1600 ns, Total: 163500 ns
[25.428s][info ][safepoint      ] Safepoint "ICBufferFull", Time since last: 506086817 ns, Reaching safepoint: 78700 ns, Cleanup: 181500 ns, At safepoint: 7100 ns, Total: 267300 ns
[25.770s][info ][safepoint      ] Safepoint "ICBufferFull", Time since last: 342089706 ns, Reaching safepoint: 39900 ns, Cleanup: 150400 ns, At safepoint: 9000 ns, Total: 199300 ns
[26.135s][info ][safepoint      ] Safepoint "ICBufferFull", Time since last: 365181579 ns, Reaching safepoint: 74800 ns, Cleanup: 130200 ns, At safepoint: 8000 ns, Total: 213000 ns
[26.559s][info ][safepoint      ] Safepoint "ParallelGCFailedAllocation", Time since last: 424075912 ns, Reaching safepoint: 4100 ns, Cleanup: 111100 ns, At safepoint: 5600 ns, Total: 120800 ns
[26.560s][info ][gc,start       ] GC(12) Pause Young (GCLocker Initiated GC)
[26.641s][debug][gc,phases      ] GC(12) Scavenge 80.977ms
[26.641s][debug][gc,ref         ] GC(12) Skipped phase 1 of Reference Processing: no references
[26.641s][debug][gc,ref         ] GC(12) ReferenceProcessor::execute queues: 3, RefProcThreadModel::Multi, marks_oops_alive: false
[26.641s][debug][gc,ref         ] GC(12) Skipped phase 3 of Reference Processing: no references
[26.641s][debug][gc,ref         ] GC(12) ReferenceProcessor::execute queues: 1, RefProcThreadModel::Single, marks_oops_alive: false
[26.641s][debug][gc,phases      ] GC(12) Reference Processing 0.201ms
[26.642s][debug][gc,phases      ] GC(12)   VM Weak                        Min:  0.0, Avg:  0.0, Max:  0.0, Diff:  0.0, Sum:  0.0, Workers: 4
[26.642s][debug][gc,phases      ] GC(12)     Dead                           Min: 0, Avg:  0.0, Max: 0, Diff: 0, Sum: 0, Workers: 4
[26.642s][debug][gc,phases      ] GC(12)     Total                          Min: 0, Avg: 218.0, Max: 616, Diff: 616, Sum: 872, Workers: 4
[26.642s][debug][gc,phases      ] GC(12)   ObjectSynchronizer Weak        Min:  0.0, Avg:  0.0, Max:  0.0, Diff:  0.0, Sum:  0.0, Workers: 4
[26.642s][debug][gc,phases      ] GC(12)     Dead                           Min: 0, Avg:  0.0, Max: 0, Diff: 0, Sum: 0, Workers: 4
[26.642s][debug][gc,phases      ] GC(12)     Total                          Min: 0, Avg: 11.2, Max: 45, Diff: 45, Sum: 45, Workers: 4
[26.642s][debug][gc,phases      ] GC(12)   JVMTI Tag Weak OopStorage      Min:  0.0, Avg:  0.0, Max:  0.0, Diff:  0.0, Sum:  0.0, Workers: 4
[26.642s][debug][gc,phases      ] GC(12)     Dead                           Min: 0, Avg:  0.0, Max: 0, Diff: 0, Sum: 0, Workers: 4
[26.642s][debug][gc,phases      ] GC(12)     Total                          Min: 0, Avg:  0.0, Max: 0, Diff: 0, Sum: 0, Workers: 4
[26.642s][debug][gc,phases      ] GC(12)   StringTable Weak               Min:  0.0, Avg:  0.2, Max:  0.4, Diff:  0.4, Sum:  0.7, Workers: 4
[26.642s][debug][gc,phases      ] GC(12)     Dead                           Min: 0, Avg:  0.5, Max: 2, Diff: 2, Sum: 2, Workers: 4
[26.642s][debug][gc,phases      ] GC(12)     Total                          Min: 0, Avg: 10826.8, Max: 21995, Diff: 21995, Sum: 43307, Workers: 4
[26.642s][debug][gc,phases      ] GC(12)   ResolvedMethodTable Weak       Min:  0.0, Avg:  0.1, Max:  0.1, Diff:  0.1, Sum:  0.3, Workers: 4
[26.642s][debug][gc,phases      ] GC(12)     Dead                           Min: 0, Avg:  7.0, Max: 28, Diff: 28, Sum: 28, Workers: 4
[26.642s][debug][gc,phases      ] GC(12)     Total                          Min: 0, Avg: 2628.2, Max: 5312, Diff: 5312, Sum: 10513, Workers: 4
[26.642s][debug][gc,phases      ] GC(12)   JNI Weak                       Min:  0.0, Avg:  0.0, Max:  0.0, Diff:  0.0, Sum:  0.0, Workers: 4
[26.642s][debug][gc,phases      ] GC(12)     Dead                           Min: 0, Avg:  0.0, Max: 0, Diff: 0, Sum: 0, Workers: 4
[26.642s][debug][gc,phases      ] GC(12)     Total                          Min: 0, Avg: 19.2, Max: 77, Diff: 77, Sum: 77, Workers: 4
[26.642s][debug][gc,phases      ] GC(12)   StringDedup Table Weak         Min:  0.0, Avg:  0.0, Max:  0.0, Diff:  0.0, Sum:  0.0, Workers: 4
[26.642s][debug][gc,phases      ] GC(12)     Dead                           Min: 0, Avg:  0.0, Max: 0, Diff: 0, Sum: 0, Workers: 4
[26.642s][debug][gc,phases      ] GC(12)     Total                          Min: 0, Avg:  0.0, Max: 0, Diff: 0, Sum: 0, Workers: 4
[26.642s][debug][gc,phases      ] GC(12)   StringDedup Requests0 Weak     Min:  0.0, Avg:  0.0, Max:  0.0, Diff:  0.0, Sum:  0.0, Workers: 4
[26.642s][debug][gc,phases      ] GC(12)     Dead                           Min: 0, Avg:  0.0, Max: 0, Diff: 0, Sum: 0, Workers: 4
[26.642s][debug][gc,phases      ] GC(12)     Total                          Min: 0, Avg:  0.0, Max: 0, Diff: 0, Sum: 0, Workers: 4
[26.642s][debug][gc,phases      ] GC(12)   StringDedup Requests1 Weak     Min:  0.0, Avg:  0.0, Max:  0.0, Diff:  0.0, Sum:  0.0, Workers: 4
[26.642s][debug][gc,phases      ] GC(12)     Dead                           Min: 0, Avg:  0.0, Max: 0, Diff: 0, Sum: 0, Workers: 4
[26.642s][debug][gc,phases      ] GC(12)     Total                          Min: 0, Avg:  0.0, Max: 0, Diff: 0, Sum: 0, Workers: 4
[26.642s][debug][gc,phases      ] GC(12)   Weak JFR Old Object Samples    Min:  0.0, Avg:  0.0, Max:  0.0, Diff:  0.0, Sum:  0.0, Workers: 4
[26.642s][debug][gc,phases      ] GC(12)     Dead                           Min: 0, Avg:  0.0, Max: 0, Diff: 0, Sum: 0, Workers: 4
[26.642s][debug][gc,phases      ] GC(12)     Total                          Min: 0, Avg:  0.0, Max: 0, Diff: 0, Sum: 0, Workers: 4
[26.642s][debug][gc,phases      ] GC(12) Weak Processing 0.757ms
[26.642s][debug][gc,age         ] GC(12) Desired survivor size 472907776 bytes, new threshold 7 (max threshold 15)
[26.642s][info ][gc,heap        ] GC(12) PSYoungGen: 1227017K(1572864K)->200256K(1635328K) Eden: 1048576K(1048576K)->0K(1144832K) From: 178441K(524288K)->200256K(490496K)
[26.642s][info ][gc,heap        ] GC(12) ParOldGen: 149885K(240128K)->149893K(240128K)
[26.642s][info ][gc,metaspace   ] GC(12) Metaspace: 84930K(85888K)->84930K(85888K) NonClass: 72356K(72896K)->72356K(72896K) Class: 12573K(12992K)->12573K(12992K)
[26.642s][info ][gc             ] GC(12) Pause Young (GCLocker Initiated GC) 1344M->341M(1831M) 82.037ms
[26.642s][info ][gc,cpu         ] GC(12) User=0.26s Sys=0.00s Real=0.08s
[26.642s][info ][safepoint      ] Safepoint "ParallelGCSystemGC", Time since last: 505699 ns, Reaching safepoint: 1900 ns, Cleanup: 1400 ns, At safepoint: 82109805 ns, Total: 82113105 ns
[27.367s][info ][safepoint      ] Safepoint "ICBufferFull", Time since last: 724336561 ns, Reaching safepoint: 74400 ns, Cleanup: 160200 ns, At safepoint: 9800 ns, Total: 244400 ns
[28.271s][info ][safepoint      ] Safepoint "ICBufferFull", Time since last: 904498752 ns, Reaching safepoint: 78800 ns, Cleanup: 160500 ns, At safepoint: 11600 ns, Total: 250900 ns
[28.830s][info ][gc,start       ] GC(13) Pause Young (Allocation Failure)
[28.905s][debug][gc,phases      ] GC(13) Scavenge 75.028ms
[28.905s][debug][gc,ref         ] GC(13) Skipped phase 1 of Reference Processing: no references
[28.905s][debug][gc,ref         ] GC(13) ReferenceProcessor::execute queues: 3, RefProcThreadModel::Multi, marks_oops_alive: false
[28.905s][debug][gc,ref         ] GC(13) Skipped phase 3 of Reference Processing: no references
[28.905s][debug][gc,ref         ] GC(13) ReferenceProcessor::execute queues: 1, RefProcThreadModel::Single, marks_oops_alive: false
[28.905s][debug][gc,phases      ] GC(13) Reference Processing 0.221ms
[28.905s][debug][gc,phases      ] GC(13)   VM Weak                        Min:  0.0, Avg:  0.0, Max:  0.0, Diff:  0.0, Sum:  0.0, Workers: 4
[28.905s][debug][gc,phases      ] GC(13)     Dead                           Min: 0, Avg:  0.0, Max: 0, Diff: 0, Sum: 0, Workers: 4
[28.905s][debug][gc,phases      ] GC(13)     Total                          Min: 0, Avg: 218.5, Max: 384, Diff: 384, Sum: 874, Workers: 4
[28.905s][debug][gc,phases      ] GC(13)   ObjectSynchronizer Weak        Min:  0.0, Avg:  0.0, Max:  0.0, Diff:  0.0, Sum:  0.0, Workers: 4
[28.905s][debug][gc,phases      ] GC(13)     Dead                           Min: 0, Avg:  0.0, Max: 0, Diff: 0, Sum: 0, Workers: 4
[28.905s][debug][gc,phases      ] GC(13)     Total                          Min: 0, Avg: 11.2, Max: 45, Diff: 45, Sum: 45, Workers: 4
[28.905s][debug][gc,phases      ] GC(13)   JVMTI Tag Weak OopStorage      Min:  0.0, Avg:  0.0, Max:  0.0, Diff:  0.0, Sum:  0.0, Workers: 4
[28.905s][debug][gc,phases      ] GC(13)     Dead                           Min: 0, Avg:  0.0, Max: 0, Diff: 0, Sum: 0, Workers: 4
[28.905s][debug][gc,phases      ] GC(13)     Total                          Min: 0, Avg:  0.0, Max: 0, Diff: 0, Sum: 0, Workers: 4
[28.905s][debug][gc,phases      ] GC(13)   StringTable Weak               Min:  0.0, Avg:  0.2, Max:  0.2, Diff:  0.2, Sum:  0.7, Workers: 4
[28.905s][debug][gc,phases      ] GC(13)     Dead                           Min: 0, Avg:  0.0, Max: 0, Diff: 0, Sum: 0, Workers: 4
[28.905s][debug][gc,phases      ] GC(13)     Total                          Min: 0, Avg: 10839.2, Max: 17536, Diff: 17536, Sum: 43357, Workers: 4
[28.905s][debug][gc,phases      ] GC(13)   ResolvedMethodTable Weak       Min:  0.0, Avg:  0.1, Max:  0.1, Diff:  0.1, Sum:  0.2, Workers: 4
[28.905s][debug][gc,phases      ] GC(13)     Dead                           Min: 0, Avg:  0.2, Max: 1, Diff: 1, Sum: 1, Workers: 4
[28.905s][debug][gc,phases      ] GC(13)     Total                          Min: 0, Avg: 2630.8, Max: 4735, Diff: 4735, Sum: 10523, Workers: 4
[28.905s][debug][gc,phases      ] GC(13)   JNI Weak                       Min:  0.0, Avg:  0.0, Max:  0.0, Diff:  0.0, Sum:  0.0, Workers: 4
[28.905s][debug][gc,phases      ] GC(13)     Dead                           Min: 0, Avg:  0.0, Max: 0, Diff: 0, Sum: 0, Workers: 4
[28.905s][debug][gc,phases      ] GC(13)     Total                          Min: 0, Avg: 18.8, Max: 75, Diff: 75, Sum: 75, Workers: 4
[28.905s][debug][gc,phases      ] GC(13)   StringDedup Table Weak         Min:  0.0, Avg:  0.0, Max:  0.0, Diff:  0.0, Sum:  0.0, Workers: 4
[28.905s][debug][gc,phases      ] GC(13)     Dead                           Min: 0, Avg:  0.0, Max: 0, Diff: 0, Sum: 0, Workers: 4
[28.905s][debug][gc,phases      ] GC(13)     Total                          Min: 0, Avg:  0.0, Max: 0, Diff: 0, Sum: 0, Workers: 4
[28.905s][debug][gc,phases      ] GC(13)   StringDedup Requests0 Weak     Min:  0.0, Avg:  0.0, Max:  0.0, Diff:  0.0, Sum:  0.0, Workers: 4
[28.905s][debug][gc,phases      ] GC(13)     Dead                           Min: 0, Avg:  0.0, Max: 0, Diff: 0, Sum: 0, Workers: 4
[28.905s][debug][gc,phases      ] GC(13)     Total                          Min: 0, Avg:  0.0, Max: 0, Diff: 0, Sum: 0, Workers: 4
[28.905s][debug][gc,phases      ] GC(13)   StringDedup Requests1 Weak     Min:  0.0, Avg:  0.0, Max:  0.0, Diff:  0.0, Sum:  0.0, Workers: 4
[28.905s][debug][gc,phases      ] GC(13)     Dead                           Min: 0, Avg:  0.0, Max: 0, Diff: 0, Sum: 0, Workers: 4
[28.905s][debug][gc,phases      ] GC(13)     Total                          Min: 0, Avg:  0.0, Max: 0, Diff: 0, Sum: 0, Workers: 4
[28.905s][debug][gc,phases      ] GC(13)   Weak JFR Old Object Samples    Min:  0.0, Avg:  0.0, Max:  0.0, Diff:  0.0, Sum:  0.0, Workers: 4
[28.905s][debug][gc,phases      ] GC(13)     Dead                           Min: 0, Avg:  0.0, Max: 0, Diff: 0, Sum: 0, Workers: 4
[28.905s][debug][gc,phases      ] GC(13)     Total                          Min: 0, Avg:  0.0, Max: 0, Diff: 0, Sum: 0, Workers: 4
[28.905s][debug][gc,phases      ] GC(13) Weak Processing 0.478ms
[28.905s][debug][gc,age         ] GC(13) Desired survivor size 462946304 bytes, new threshold 8 (max threshold 15)
[28.905s][info ][gc,heap        ] GC(13) PSYoungGen: 1345088K(1635328K)->259309K(1606656K) Eden: 1144832K(1144832K)->0K(1144832K) From: 200256K(490496K)->259309K(461824K)
[28.905s][info ][gc,heap        ] GC(13) ParOldGen: 149894K(240128K)->149902K(240128K)
[28.905s][info ][gc,metaspace   ] GC(13) Metaspace: 85116K(86144K)->85116K(86144K) NonClass: 72535K(73088K)->72535K(73088K) Class: 12580K(13056K)->12580K(13056K)
[28.905s][info ][gc             ] GC(13) Pause Young (Allocation Failure) 1459M->399M(1803M) 75.843ms
[28.905s][info ][gc,cpu         ] GC(13) User=0.28s Sys=0.00s Real=0.07s
[28.905s][info ][safepoint      ] Safepoint "ParallelGCFailedAllocation", Time since last: 557809953 ns, Reaching safepoint: 81700 ns, Cleanup: 149800 ns, At safepoint: 75921012 ns, Total: 76152512 ns
[29.906s][info ][safepoint      ] Safepoint "Cleanup", Time since last: 1000091441 ns, Reaching safepoint: 78400 ns, Cleanup: 137800 ns, At safepoint: 7300 ns, Total: 223500 ns
[30.626s][info ][safepoint      ] Safepoint "ICBufferFull", Time since last: 719977066 ns, Reaching safepoint: 4000 ns, Cleanup: 127100 ns, At safepoint: 1400 ns, Total: 132500 ns
[31.532s][info ][safepoint      ] Safepoint "ICBufferFull", Time since last: 905845651 ns, Reaching safepoint: 3600 ns, Cleanup: 151099 ns, At safepoint: 3800 ns, Total: 158499 ns
[32.568s][info ][safepoint      ] Safepoint "Cleanup", Time since last: 1035996500 ns, Reaching safepoint: 5100 ns, Cleanup: 140400 ns, At safepoint: 4400 ns, Total: 149900 ns
[33.568s][info ][safepoint      ] Safepoint "Cleanup", Time since last: 1000098041 ns, Reaching safepoint: 3400 ns, Cleanup: 127600 ns, At safepoint: 6000 ns, Total: 137000 ns
[34.569s][info ][safepoint      ] Safepoint "Cleanup", Time since last: 1000059742 ns, Reaching safepoint: 508999 ns, Cleanup: 157800 ns, At safepoint: 10300 ns, Total: 677099 ns
[35.287s][info ][safepoint      ] Safepoint "ICBufferFull", Time since last: 718163869 ns, Reaching safepoint: 4400 ns, Cleanup: 176499 ns, At safepoint: 1800 ns, Total: 182699 ns
[36.288s][info ][safepoint      ] Safepoint "Cleanup", Time since last: 1000101243 ns, Reaching safepoint: 79600 ns, Cleanup: 143600 ns, At safepoint: 7400 ns, Total: 230600 ns
[37.288s][info ][safepoint      ] Safepoint "Cleanup", Time since last: 1000113842 ns, Reaching safepoint: 78400 ns, Cleanup: 93800 ns, At safepoint: 8200 ns, Total: 180400 ns
[38.487s][info ][gc,start       ] GC(14) Pause Young (Allocation Failure)
[38.568s][debug][gc,phases      ] GC(14) Scavenge 81.410ms
[38.568s][debug][gc,ref         ] GC(14) Skipped phase 1 of Reference Processing: no references
[38.568s][debug][gc,ref         ] GC(14) ReferenceProcessor::execute queues: 3, RefProcThreadModel::Multi, marks_oops_alive: false
[38.568s][debug][gc,ref         ] GC(14) Skipped phase 3 of Reference Processing: no references
[38.568s][debug][gc,ref         ] GC(14) ReferenceProcessor::execute queues: 1, RefProcThreadModel::Single, marks_oops_alive: false
[38.568s][debug][gc,phases      ] GC(14) Reference Processing 0.217ms
[38.569s][debug][gc,phases      ] GC(14)   VM Weak                        Min:  0.0, Avg:  0.0, Max:  0.0, Diff:  0.0, Sum:  0.0, Workers: 4
[38.569s][debug][gc,phases      ] GC(14)     Dead                           Min: 0, Avg:  0.0, Max: 0, Diff: 0, Sum: 0, Workers: 4
[38.569s][debug][gc,phases      ] GC(14)     Total                          Min: 0, Avg: 218.8, Max: 448, Diff: 448, Sum: 875, Workers: 4
[38.569s][debug][gc,phases      ] GC(14)   ObjectSynchronizer Weak        Min:  0.0, Avg:  0.0, Max:  0.0, Diff:  0.0, Sum:  0.0, Workers: 4
[38.569s][debug][gc,phases      ] GC(14)     Dead                           Min: 0, Avg:  0.0, Max: 0, Diff: 0, Sum: 0, Workers: 4
[38.569s][debug][gc,phases      ] GC(14)     Total                          Min: 0, Avg: 11.2, Max: 45, Diff: 45, Sum: 45, Workers: 4
[38.569s][debug][gc,phases      ] GC(14)   JVMTI Tag Weak OopStorage      Min:  0.0, Avg:  0.0, Max:  0.0, Diff:  0.0, Sum:  0.0, Workers: 4
[38.569s][debug][gc,phases      ] GC(14)     Dead                           Min: 0, Avg:  0.0, Max: 0, Diff: 0, Sum: 0, Workers: 4
[38.569s][debug][gc,phases      ] GC(14)     Total                          Min: 0, Avg:  0.0, Max: 0, Diff: 0, Sum: 0, Workers: 4
[38.569s][debug][gc,phases      ] GC(14)   StringTable Weak               Min:  0.0, Avg:  0.2, Max:  0.2, Diff:  0.2, Sum:  0.7, Workers: 4
[38.569s][debug][gc,phases      ] GC(14)     Dead                           Min: 0, Avg:  0.5, Max: 1, Diff: 1, Sum: 2, Workers: 4
[38.569s][debug][gc,phases      ] GC(14)     Total                          Min: 0, Avg: 10897.2, Max: 17093, Diff: 17093, Sum: 43589, Workers: 4
[38.569s][debug][gc,phases      ] GC(14)   ResolvedMethodTable Weak       Min:  0.0, Avg:  0.1, Max:  0.1, Diff:  0.1, Sum:  0.2, Workers: 4
[38.569s][debug][gc,phases      ] GC(14)     Dead                           Min: 0, Avg:  0.0, Max: 0, Diff: 0, Sum: 0, Workers: 4
[38.569s][debug][gc,phases      ] GC(14)     Total                          Min: 0, Avg: 2646.0, Max: 4800, Diff: 4800, Sum: 10584, Workers: 4
[38.569s][debug][gc,phases      ] GC(14)   JNI Weak                       Min:  0.0, Avg:  0.0, Max:  0.0, Diff:  0.0, Sum:  0.0, Workers: 4
[38.569s][debug][gc,phases      ] GC(14)     Dead                           Min: 0, Avg:  0.0, Max: 0, Diff: 0, Sum: 0, Workers: 4
[38.569s][debug][gc,phases      ] GC(14)     Total                          Min: 0, Avg: 12.0, Max: 48, Diff: 48, Sum: 48, Workers: 4
[38.569s][debug][gc,phases      ] GC(14)   StringDedup Table Weak         Min:  0.0, Avg:  0.0, Max:  0.0, Diff:  0.0, Sum:  0.0, Workers: 4
[38.569s][debug][gc,phases      ] GC(14)     Dead                           Min: 0, Avg:  0.0, Max: 0, Diff: 0, Sum: 0, Workers: 4
[38.569s][debug][gc,phases      ] GC(14)     Total                          Min: 0, Avg:  0.0, Max: 0, Diff: 0, Sum: 0, Workers: 4
[38.569s][debug][gc,phases      ] GC(14)   StringDedup Requests0 Weak     Min:  0.0, Avg:  0.0, Max:  0.0, Diff:  0.0, Sum:  0.0, Workers: 4
[38.569s][debug][gc,phases      ] GC(14)     Dead                           Min: 0, Avg:  0.0, Max: 0, Diff: 0, Sum: 0, Workers: 4
[38.569s][debug][gc,phases      ] GC(14)     Total                          Min: 0, Avg:  0.0, Max: 0, Diff: 0, Sum: 0, Workers: 4
[38.569s][debug][gc,phases      ] GC(14)   StringDedup Requests1 Weak     Min:  0.0, Avg:  0.0, Max:  0.0, Diff:  0.0, Sum:  0.0, Workers: 4
[38.569s][debug][gc,phases      ] GC(14)     Dead                           Min: 0, Avg:  0.0, Max: 0, Diff: 0, Sum: 0, Workers: 4
[38.569s][debug][gc,phases      ] GC(14)     Total                          Min: 0, Avg:  0.0, Max: 0, Diff: 0, Sum: 0, Workers: 4
[38.569s][debug][gc,phases      ] GC(14)   Weak JFR Old Object Samples    Min:  0.0, Avg:  0.0, Max:  0.0, Diff:  0.0, Sum:  0.0, Workers: 4
[38.569s][debug][gc,phases      ] GC(14)     Dead                           Min: 0, Avg:  0.0, Max: 0, Diff: 0, Sum: 0, Workers: 4
[38.569s][debug][gc,phases      ] GC(14)     Total                          Min: 0, Avg:  0.0, Max: 0, Diff: 0, Sum: 0, Workers: 4
[38.569s][debug][gc,phases      ] GC(14) Weak Processing 0.505ms
[38.569s][debug][gc,age         ] GC(14) Desired survivor size 455606272 bytes, new threshold 9 (max threshold 15)
[38.569s][info ][gc,heap        ] GC(14) PSYoungGen: 1404141K(1606656K)->264733K(1652224K) Eden: 1144832K(1144832K)->0K(1200128K) From: 259309K(461824K)->264733K(452096K)
[38.569s][info ][gc,heap        ] GC(14) ParOldGen: 149902K(240128K)->149910K(240128K)
[38.569s][info ][gc,metaspace   ] GC(14) Metaspace: 85605K(86656K)->85605K(86656K) NonClass: 72992K(73600K)->72992K(73600K) Class: 12613K(13056K)->12613K(13056K)
[38.569s][info ][gc             ] GC(14) Pause Young (Allocation Failure) 1517M->404M(1848M) 82.312ms
[38.569s][info ][gc,cpu         ] GC(14) User=0.24s Sys=0.06s Real=0.09s
[38.569s][info ][safepoint      ] Safepoint "ParallelGCFailedAllocation", Time since last: 1198447013 ns, Reaching safepoint: 4900 ns, Cleanup: 109999 ns, At safepoint: 82380805 ns, Total: 82495704 ns
[40.444s][info ][safepoint      ] Safepoint "Cleanup", Time since last: 1875340329 ns, Reaching safepoint: 5200 ns, Cleanup: 91200 ns, At safepoint: 4200 ns, Total: 100600 ns
[41.444s][info ][safepoint      ] Safepoint "Cleanup", Time since last: 1000100543 ns, Reaching safepoint: 4900 ns, Cleanup: 16700 ns, At safepoint: 1600 ns, Total: 23200 ns
[42.445s][info ][safepoint      ] Safepoint "Cleanup", Time since last: 1000084642 ns, Reaching safepoint: 4200 ns, Cleanup: 25100 ns, At safepoint: 1600 ns, Total: 30900 ns
[43.445s][info ][safepoint      ] Safepoint "Cleanup", Time since last: 1000088944 ns, Reaching safepoint: 4400 ns, Cleanup: 28300 ns, At safepoint: 1500 ns, Total: 34200 ns
[44.445s][info ][safepoint      ] Safepoint "Cleanup", Time since last: 1000122845 ns, Reaching safepoint: 5500 ns, Cleanup: 27700 ns, At safepoint: 1700 ns, Total: 34900 ns
[45.445s][info ][safepoint      ] Safepoint "Cleanup", Time since last: 1000095645 ns, Reaching safepoint: 4300 ns, Cleanup: 38400 ns, At safepoint: 1500 ns, Total: 44200 ns
[46.445s][info ][safepoint      ] Safepoint "Cleanup", Time since last: 1000084144 ns, Reaching safepoint: 4300 ns, Cleanup: 30700 ns, At safepoint: 1600 ns, Total: 36600 ns
[47.445s][info ][safepoint      ] Safepoint "Cleanup", Time since last: 1000097145 ns, Reaching safepoint: 4200 ns, Cleanup: 6100 ns, At safepoint: 1400 ns, Total: 11700 ns
[48.445s][info ][safepoint      ] Safepoint "Cleanup", Time since last: 1000096545 ns, Reaching safepoint: 6700 ns, Cleanup: 16400 ns, At safepoint: 2500 ns, Total: 25600 ns
[49.445s][info ][safepoint      ] Safepoint "Cleanup", Time since last: 1000087844 ns, Reaching safepoint: 3700 ns, Cleanup: 19200 ns, At safepoint: 1400 ns, Total: 24300 ns
[50.446s][info ][safepoint      ] Safepoint "Cleanup", Time since last: 1000092745 ns, Reaching safepoint: 6100 ns, Cleanup: 29600 ns, At safepoint: 2300 ns, Total: 38000 ns
[51.446s][info ][safepoint      ] Safepoint "Cleanup", Time since last: 1000097953 ns, Reaching safepoint: 3700 ns, Cleanup: 19800 ns, At safepoint: 1500 ns, Total: 25000 ns
[52.446s][info ][safepoint      ] Safepoint "Cleanup", Time since last: 1000069255 ns, Reaching safepoint: 3800 ns, Cleanup: 36600 ns, At safepoint: 1300 ns, Total: 41700 ns
[53.431s][info ][gc,start       ] GC(15) Pause Young (Allocation Failure)
[53.510s][debug][gc,phases      ] GC(15) Scavenge 78.024ms
[53.510s][debug][gc,ref         ] GC(15) Skipped phase 1 of Reference Processing: no references
[53.510s][debug][gc,ref         ] GC(15) ReferenceProcessor::execute queues: 3, RefProcThreadModel::Multi, marks_oops_alive: false
[53.510s][debug][gc,ref         ] GC(15) Skipped phase 3 of Reference Processing: no references
[53.510s][debug][gc,ref         ] GC(15) ReferenceProcessor::execute queues: 1, RefProcThreadModel::Single, marks_oops_alive: false
[53.510s][debug][gc,phases      ] GC(15) Reference Processing 0.214ms
[53.510s][debug][gc,phases      ] GC(15)   VM Weak                        Min:  0.0, Avg:  0.0, Max:  0.0, Diff:  0.0, Sum:  0.0, Workers: 4
[53.510s][debug][gc,phases      ] GC(15)     Dead                           Min: 0, Avg:  0.0, Max: 0, Diff: 0, Sum: 0, Workers: 4
[53.510s][debug][gc,phases      ] GC(15)     Total                          Min: 0, Avg: 220.8, Max: 512, Diff: 512, Sum: 883, Workers: 4
[53.510s][debug][gc,phases      ] GC(15)   ObjectSynchronizer Weak        Min:  0.0, Avg:  0.0, Max:  0.0, Diff:  0.0, Sum:  0.0, Workers: 4
[53.510s][debug][gc,phases      ] GC(15)     Dead                           Min: 0, Avg:  0.0, Max: 0, Diff: 0, Sum: 0, Workers: 4
[53.510s][debug][gc,phases      ] GC(15)     Total                          Min: 0, Avg: 11.2, Max: 45, Diff: 45, Sum: 45, Workers: 4
[53.510s][debug][gc,phases      ] GC(15)   JVMTI Tag Weak OopStorage      Min:  0.0, Avg:  0.0, Max:  0.0, Diff:  0.0, Sum:  0.0, Workers: 4
[53.510s][debug][gc,phases      ] GC(15)     Dead                           Min: 0, Avg:  0.0, Max: 0, Diff: 0, Sum: 0, Workers: 4
[53.510s][debug][gc,phases      ] GC(15)     Total                          Min: 0, Avg:  0.0, Max: 0, Diff: 0, Sum: 0, Workers: 4
[53.510s][debug][gc,phases      ] GC(15)   StringTable Weak               Min:  0.0, Avg:  0.2, Max:  0.2, Diff:  0.2, Sum:  0.7, Workers: 4
[53.510s][debug][gc,phases      ] GC(15)     Dead                           Min: 0, Avg:  0.2, Max: 1, Diff: 1, Sum: 1, Workers: 4
[53.510s][debug][gc,phases      ] GC(15)     Total                          Min: 0, Avg: 10920.5, Max: 17600, Diff: 17600, Sum: 43682, Workers: 4
[53.510s][debug][gc,phases      ] GC(15)   ResolvedMethodTable Weak       Min:  0.0, Avg:  0.1, Max:  0.1, Diff:  0.1, Sum:  0.2, Workers: 4
[53.510s][debug][gc,phases      ] GC(15)     Dead                           Min: 0, Avg:  0.0, Max: 0, Diff: 0, Sum: 0, Workers: 4
[53.510s][debug][gc,phases      ] GC(15)     Total                          Min: 0, Avg: 2661.2, Max: 4735, Diff: 4735, Sum: 10645, Workers: 4
[53.510s][debug][gc,phases      ] GC(15)   JNI Weak                       Min:  0.0, Avg:  0.0, Max:  0.0, Diff:  0.0, Sum:  0.0, Workers: 4
[53.510s][debug][gc,phases      ] GC(15)     Dead                           Min: 0, Avg:  0.0, Max: 0, Diff: 0, Sum: 0, Workers: 4
[53.510s][debug][gc,phases      ] GC(15)     Total                          Min: 0, Avg: 17.0, Max: 68, Diff: 68, Sum: 68, Workers: 4
[53.510s][debug][gc,phases      ] GC(15)   StringDedup Table Weak         Min:  0.0, Avg:  0.0, Max:  0.0, Diff:  0.0, Sum:  0.0, Workers: 4
[53.510s][debug][gc,phases      ] GC(15)     Dead                           Min: 0, Avg:  0.0, Max: 0, Diff: 0, Sum: 0, Workers: 4
[53.510s][debug][gc,phases      ] GC(15)     Total                          Min: 0, Avg:  0.0, Max: 0, Diff: 0, Sum: 0, Workers: 4
[53.510s][debug][gc,phases      ] GC(15)   StringDedup Requests0 Weak     Min:  0.0, Avg:  0.0, Max:  0.0, Diff:  0.0, Sum:  0.0, Workers: 4
[53.510s][debug][gc,phases      ] GC(15)     Dead                           Min: 0, Avg:  0.0, Max: 0, Diff: 0, Sum: 0, Workers: 4
[53.510s][debug][gc,phases      ] GC(15)     Total                          Min: 0, Avg:  0.0, Max: 0, Diff: 0, Sum: 0, Workers: 4
[53.510s][debug][gc,phases      ] GC(15)   StringDedup Requests1 Weak     Min:  0.0, Avg:  0.0, Max:  0.0, Diff:  0.0, Sum:  0.0, Workers: 4
[53.510s][debug][gc,phases      ] GC(15)     Dead                           Min: 0, Avg:  0.0, Max: 0, Diff: 0, Sum: 0, Workers: 4
[53.510s][debug][gc,phases      ] GC(15)     Total                          Min: 0, Avg:  0.0, Max: 0, Diff: 0, Sum: 0, Workers: 4
[53.510s][debug][gc,phases      ] GC(15)   Weak JFR Old Object Samples    Min:  0.0, Avg:  0.0, Max:  0.0, Diff:  0.0, Sum:  0.0, Workers: 4
[53.510s][debug][gc,phases      ] GC(15)     Dead                           Min: 0, Avg:  0.0, Max: 0, Diff: 0, Sum: 0, Workers: 4
[53.510s][debug][gc,phases      ] GC(15)     Total                          Min: 0, Avg:  0.0, Max: 0, Diff: 0, Sum: 0, Workers: 4
[53.510s][debug][gc,phases      ] GC(15) Weak Processing 0.492ms
[53.510s][debug][gc,age         ] GC(15) Desired survivor size 447741952 bytes, new threshold 10 (max threshold 15)
[53.510s][info ][gc,heap        ] GC(15) PSYoungGen: 1464861K(1652224K)->264731K(1645056K) Eden: 1200128K(1200128K)->0K(1200128K) From: 264733K(452096K)->264731K(444928K)
[53.510s][info ][gc,heap        ] GC(15) ParOldGen: 149910K(240128K)->149918K(240128K)
[53.510s][info ][gc,metaspace   ] GC(15) Metaspace: 85855K(86912K)->85855K(86912K) NonClass: 73217K(73792K)->73217K(73792K) Class: 12638K(13120K)->12638K(13120K)
[53.510s][info ][gc             ] GC(15) Pause Young (Allocation Failure) 1576M->404M(1841M) 78.848ms
[53.510s][info ][gc,cpu         ] GC(15) User=0.29s Sys=0.00s Real=0.08s
[53.510s][info ][safepoint      ] Safepoint "ParallelGCFailedAllocation", Time since last: 985461771 ns, Reaching safepoint: 79300 ns, Cleanup: 80000 ns, At safepoint: 78919109 ns, Total: 79078409 ns
[54.510s][info ][safepoint      ] Safepoint "Cleanup", Time since last: 1000084555 ns, Reaching safepoint: 4100 ns, Cleanup: 41600 ns, At safepoint: 1700 ns, Total: 47400 ns
[56.040s][info ][safepoint      ] Safepoint "Cleanup", Time since last: 1529111349 ns, Reaching safepoint: 77900 ns, Cleanup: 88100 ns, At safepoint: 7600 ns, Total: 173600 ns
[57.040s][info ][safepoint      ] Safepoint "Cleanup", Time since last: 1000131654 ns, Reaching safepoint: 82900 ns, Cleanup: 19900 ns, At safepoint: 10600 ns, Total: 113400 ns
[58.040s][info ][safepoint      ] Safepoint "Cleanup", Time since last: 1000113455 ns, Reaching safepoint: 4100 ns, Cleanup: 43100 ns, At safepoint: 5800 ns, Total: 53000 ns
[59.040s][info ][safepoint      ] Safepoint "Cleanup", Time since last: 1000108367 ns, Reaching safepoint: 5000 ns, Cleanup: 21100 ns, At safepoint: 1700 ns, Total: 27800 ns
[60.040s][info ][safepoint      ] Safepoint "Cleanup", Time since last: 1000094584 ns, Reaching safepoint: 4100 ns, Cleanup: 16900 ns, At safepoint: 1700 ns, Total: 22700 ns
[61.043s][info ][safepoint      ] Safepoint "Cleanup", Time since last: 1002236682 ns, Reaching safepoint: 4000 ns, Cleanup: 42100 ns, At safepoint: 4400 ns, Total: 50500 ns
[62.043s][info ][safepoint      ] Safepoint "Cleanup", Time since last: 1000096484 ns, Reaching safepoint: 71500 ns, Cleanup: 21400 ns, At safepoint: 5200 ns, Total: 98100 ns
[63.043s][info ][safepoint      ] Safepoint "Cleanup", Time since last: 1000111984 ns, Reaching safepoint: 6200 ns, Cleanup: 15600 ns, At safepoint: 12900 ns, Total: 34700 ns
[64.043s][info ][safepoint      ] Safepoint "Cleanup", Time since last: 1000104084 ns, Reaching safepoint: 3700 ns, Cleanup: 26400 ns, At safepoint: 6900 ns, Total: 37000 ns
[65.043s][info ][safepoint      ] Safepoint "Cleanup", Time since last: 1000103584 ns, Reaching safepoint: 4300 ns, Cleanup: 13700 ns, At safepoint: 1800 ns, Total: 19800 ns
[66.043s][info ][safepoint      ] Safepoint "Cleanup", Time since last: 1000101984 ns, Reaching safepoint: 6200 ns, Cleanup: 23200 ns, At safepoint: 1700 ns, Total: 31100 ns
[67.044s][info ][safepoint      ] Safepoint "Cleanup", Time since last: 1000093002 ns, Reaching safepoint: 4500 ns, Cleanup: 15600 ns, At safepoint: 1700 ns, Total: 21800 ns
[68.044s][info ][safepoint      ] Safepoint "Cleanup", Time since last: 1000102426 ns, Reaching safepoint: 5100 ns, Cleanup: 21900 ns, At safepoint: 1900 ns, Total: 28900 ns
[68.128s][info ][gc,start       ] GC(16) Pause Young (Allocation Failure)
[68.207s][debug][gc,phases      ] GC(16) Scavenge 78.998ms
[68.207s][debug][gc,ref         ] GC(16) Skipped phase 1 of Reference Processing: no references
[68.207s][debug][gc,ref         ] GC(16) ReferenceProcessor::execute queues: 3, RefProcThreadModel::Multi, marks_oops_alive: false
[68.207s][debug][gc,ref         ] GC(16) Skipped phase 3 of Reference Processing: no references
[68.207s][debug][gc,ref         ] GC(16) ReferenceProcessor::execute queues: 1, RefProcThreadModel::Single, marks_oops_alive: false
[68.207s][debug][gc,phases      ] GC(16) Reference Processing 0.239ms
[68.207s][debug][gc,phases      ] GC(16)   VM Weak                        Min:  0.0, Avg:  0.0, Max:  0.0, Diff:  0.0, Sum:  0.0, Workers: 4
[68.207s][debug][gc,phases      ] GC(16)     Dead                           Min: 0, Avg:  0.0, Max: 0, Diff: 0, Sum: 0, Workers: 4
[68.207s][debug][gc,phases      ] GC(16)     Total                          Min: 0, Avg: 221.8, Max: 512, Diff: 512, Sum: 887, Workers: 4
[68.207s][debug][gc,phases      ] GC(16)   ObjectSynchronizer Weak        Min:  0.0, Avg:  0.0, Max:  0.0, Diff:  0.0, Sum:  0.0, Workers: 4
[68.207s][debug][gc,phases      ] GC(16)     Dead                           Min: 0, Avg:  0.0, Max: 0, Diff: 0, Sum: 0, Workers: 4
[68.207s][debug][gc,phases      ] GC(16)     Total                          Min: 0, Avg:  1.5, Max: 6, Diff: 6, Sum: 6, Workers: 4
[68.207s][debug][gc,phases      ] GC(16)   JVMTI Tag Weak OopStorage      Min:  0.0, Avg:  0.0, Max:  0.0, Diff:  0.0, Sum:  0.0, Workers: 4
[68.207s][debug][gc,phases      ] GC(16)     Dead                           Min: 0, Avg:  0.0, Max: 0, Diff: 0, Sum: 0, Workers: 4
[68.207s][debug][gc,phases      ] GC(16)     Total                          Min: 0, Avg:  0.0, Max: 0, Diff: 0, Sum: 0, Workers: 4
[68.207s][debug][gc,phases      ] GC(16)   StringTable Weak               Min:  0.0, Avg:  0.2, Max:  0.3, Diff:  0.3, Sum:  0.8, Workers: 4
[68.207s][debug][gc,phases      ] GC(16)     Dead                           Min: 0, Avg:  0.0, Max: 0, Diff: 0, Sum: 0, Workers: 4
[68.207s][debug][gc,phases      ] GC(16)     Total                          Min: 0, Avg: 10933.5, Max: 15680, Diff: 15680, Sum: 43734, Workers: 4
[68.207s][debug][gc,phases      ] GC(16)   ResolvedMethodTable Weak       Min:  0.0, Avg:  0.1, Max:  0.1, Diff:  0.1, Sum:  0.3, Workers: 4
[68.207s][debug][gc,phases      ] GC(16)     Dead                           Min: 0, Avg:  0.0, Max: 0, Diff: 0, Sum: 0, Workers: 4
[68.207s][debug][gc,phases      ] GC(16)     Total                          Min: 0, Avg: 2663.8, Max: 4160, Diff: 4160, Sum: 10655, Workers: 4
[68.207s][debug][gc,phases      ] GC(16)   JNI Weak                       Min:  0.0, Avg:  0.0, Max:  0.0, Diff:  0.0, Sum:  0.0, Workers: 4
[68.207s][debug][gc,phases      ] GC(16)     Dead                           Min: 0, Avg:  0.0, Max: 0, Diff: 0, Sum: 0, Workers: 4
[68.207s][debug][gc,phases      ] GC(16)     Total                          Min: 0, Avg: 12.0, Max: 48, Diff: 48, Sum: 48, Workers: 4
[68.207s][debug][gc,phases      ] GC(16)   StringDedup Table Weak         Min:  0.0, Avg:  0.0, Max:  0.0, Diff:  0.0, Sum:  0.0, Workers: 4
[68.207s][debug][gc,phases      ] GC(16)     Dead                           Min: 0, Avg:  0.0, Max: 0, Diff: 0, Sum: 0, Workers: 4
[68.207s][debug][gc,phases      ] GC(16)     Total                          Min: 0, Avg:  0.0, Max: 0, Diff: 0, Sum: 0, Workers: 4
[68.207s][debug][gc,phases      ] GC(16)   StringDedup Requests0 Weak     Min:  0.0, Avg:  0.0, Max:  0.0, Diff:  0.0, Sum:  0.0, Workers: 4
[68.207s][debug][gc,phases      ] GC(16)     Dead                           Min: 0, Avg:  0.0, Max: 0, Diff: 0, Sum: 0, Workers: 4
[68.207s][debug][gc,phases      ] GC(16)     Total                          Min: 0, Avg:  0.0, Max: 0, Diff: 0, Sum: 0, Workers: 4
[68.207s][debug][gc,phases      ] GC(16)   StringDedup Requests1 Weak     Min:  0.0, Avg:  0.0, Max:  0.0, Diff:  0.0, Sum:  0.0, Workers: 4
[68.207s][debug][gc,phases      ] GC(16)     Dead                           Min: 0, Avg:  0.0, Max: 0, Diff: 0, Sum: 0, Workers: 4
[68.207s][debug][gc,phases      ] GC(16)     Total                          Min: 0, Avg:  0.0, Max: 0, Diff: 0, Sum: 0, Workers: 4
[68.207s][debug][gc,phases      ] GC(16)   Weak JFR Old Object Samples    Min:  0.0, Avg:  0.0, Max:  0.0, Diff:  0.0, Sum:  0.0, Workers: 4
[68.207s][debug][gc,phases      ] GC(16)     Dead                           Min: 0, Avg:  0.0, Max: 0, Diff: 0, Sum: 0, Workers: 4
[68.207s][debug][gc,phases      ] GC(16)     Total                          Min: 0, Avg:  0.0, Max: 0, Diff: 0, Sum: 0, Workers: 4
[68.207s][debug][gc,phases      ] GC(16) Weak Processing 0.543ms
[68.207s][debug][gc,age         ] GC(16) Desired survivor size 439877632 bytes, new threshold 11 (max threshold 15)
[68.207s][info ][gc,heap        ] GC(16) PSYoungGen: 1464859K(1645056K)->264340K(1667584K) Eden: 1200128K(1200128K)->0K(1230336K) From: 264731K(444928K)->264340K(437248K)
[68.207s][info ][gc,heap        ] GC(16) ParOldGen: 149918K(240128K)->149926K(240128K)
[68.207s][info ][gc,metaspace   ] GC(16) Metaspace: 85949K(86976K)->85949K(86976K) NonClass: 73306K(73856K)->73306K(73856K) Class: 12642K(13120K)->12642K(13120K)
[68.207s][info ][gc             ] GC(16) Pause Young (Allocation Failure) 1576M->404M(1863M) 79.904ms
[68.207s][info ][gc,cpu         ] GC(16) User=0.27s Sys=0.01s Real=0.08s
[68.207s][info ][safepoint      ] Safepoint "ParallelGCFailedAllocation", Time since last: 83705910 ns, Reaching safepoint: 78500 ns, Cleanup: 4000 ns, At safepoint: 79980514 ns, Total: 80063014 ns
[69.208s][info ][safepoint      ] Safepoint "Cleanup", Time since last: 1000079725 ns, Reaching safepoint: 4000 ns, Cleanup: 22500 ns, At safepoint: 1300 ns, Total: 27800 ns
[70.208s][info ][safepoint      ] Safepoint "Cleanup", Time since last: 1000094026 ns, Reaching safepoint: 4600 ns, Cleanup: 13000 ns, At safepoint: 1600 ns, Total: 19200 ns
[71.208s][info ][safepoint      ] Safepoint "Cleanup", Time since last: 1000093625 ns, Reaching safepoint: 4300 ns, Cleanup: 17500 ns, At safepoint: 1900 ns, Total: 23700 ns
[72.332s][info ][safepoint      ] Safepoint "Cleanup", Time since last: 1123702193 ns, Reaching safepoint: 12800 ns, Cleanup: 53100 ns, At safepoint: 5700 ns, Total: 71600 ns
[73.332s][info ][safepoint      ] Safepoint "Cleanup", Time since last: 1000104225 ns, Reaching safepoint: 72800 ns, Cleanup: 22600 ns, At safepoint: 5400 ns, Total: 100800 ns
[74.332s][info ][safepoint      ] Safepoint "Cleanup", Time since last: 1000105626 ns, Reaching safepoint: 71700 ns, Cleanup: 18700 ns, At safepoint: 5000 ns, Total: 95400 ns
[75.660s][info ][safepoint      ] Safepoint "Cleanup", Time since last: 1327578434 ns, Reaching safepoint: 5100 ns, Cleanup: 20800 ns, At safepoint: 2000 ns, Total: 27900 ns
[76.660s][info ][safepoint      ] Safepoint "Cleanup", Time since last: 1000075757 ns, Reaching safepoint: 4400 ns, Cleanup: 38700 ns, At safepoint: 2800 ns, Total: 45900 ns
[77.660s][info ][safepoint      ] Safepoint "Cleanup", Time since last: 1000095856 ns, Reaching safepoint: 4700 ns, Cleanup: 11000 ns, At safepoint: 1500 ns, Total: 17200 ns
[78.660s][info ][safepoint      ] Safepoint "Cleanup", Time since last: 1000096557 ns, Reaching safepoint: 4500 ns, Cleanup: 69500 ns, At safepoint: 1900 ns, Total: 75900 ns
[78.919s][info ][safepoint      ] Safepoint "ICBufferFull", Time since last: 258433611 ns, Reaching safepoint: 4200 ns, Cleanup: 158100 ns, At safepoint: 4300 ns, Total: 166600 ns
[79.919s][info ][safepoint      ] Safepoint "Cleanup", Time since last: 1000090763 ns, Reaching safepoint: 4500 ns, Cleanup: 121400 ns, At safepoint: 4900 ns, Total: 130800 ns
[80.919s][info ][safepoint      ] Safepoint "Cleanup", Time since last: 1000097978 ns, Reaching safepoint: 4000 ns, Cleanup: 73100 ns, At safepoint: 1600 ns, Total: 78700 ns
[81.780s][info ][gc,start       ] GC(17) Pause Young (Allocation Failure)
[81.852s][debug][gc,phases      ] GC(17) Scavenge 72.450ms
[81.852s][debug][gc,ref         ] GC(17) Skipped phase 1 of Reference Processing: no references
[81.852s][debug][gc,ref         ] GC(17) ReferenceProcessor::execute queues: 4, RefProcThreadModel::Multi, marks_oops_alive: false
[81.852s][debug][gc,ref         ] GC(17) Skipped phase 3 of Reference Processing: no references
[81.852s][debug][gc,ref         ] GC(17) ReferenceProcessor::execute queues: 1, RefProcThreadModel::Single, marks_oops_alive: false
[81.852s][debug][gc,phases      ] GC(17) Reference Processing 0.224ms
[81.853s][debug][gc,phases      ] GC(17)   VM Weak                        Min:  0.0, Avg:  0.0, Max:  0.0, Diff:  0.0, Sum:  0.0, Workers: 4
[81.853s][debug][gc,phases      ] GC(17)     Dead                           Min: 0, Avg:  0.0, Max: 0, Diff: 0, Sum: 0, Workers: 4
[81.853s][debug][gc,phases      ] GC(17)     Total                          Min: 0, Avg: 222.0, Max: 504, Diff: 504, Sum: 888, Workers: 4
[81.853s][debug][gc,phases      ] GC(17)   ObjectSynchronizer Weak        Min:  0.0, Avg:  0.0, Max:  0.0, Diff:  0.0, Sum:  0.0, Workers: 4
[81.853s][debug][gc,phases      ] GC(17)     Dead                           Min: 0, Avg:  0.0, Max: 0, Diff: 0, Sum: 0, Workers: 4
[81.853s][debug][gc,phases      ] GC(17)     Total                          Min: 0, Avg:  1.5, Max: 6, Diff: 6, Sum: 6, Workers: 4
[81.853s][debug][gc,phases      ] GC(17)   JVMTI Tag Weak OopStorage      Min:  0.0, Avg:  0.0, Max:  0.0, Diff:  0.0, Sum:  0.0, Workers: 4
[81.853s][debug][gc,phases      ] GC(17)     Dead                           Min: 0, Avg:  0.0, Max: 0, Diff: 0, Sum: 0, Workers: 4
[81.853s][debug][gc,phases      ] GC(17)     Total                          Min: 0, Avg:  0.0, Max: 0, Diff: 0, Sum: 0, Workers: 4
[81.853s][debug][gc,phases      ] GC(17)   StringTable Weak               Min:  0.0, Avg:  0.2, Max:  0.2, Diff:  0.2, Sum:  0.7, Workers: 4
[81.853s][debug][gc,phases      ] GC(17)     Dead                           Min: 0, Avg:  0.5, Max: 2, Diff: 2, Sum: 2, Workers: 4
[81.853s][debug][gc,phases      ] GC(17)     Total                          Min: 0, Avg: 10966.2, Max: 18624, Diff: 18624, Sum: 43865, Workers: 4
[81.853s][debug][gc,phases      ] GC(17)   ResolvedMethodTable Weak       Min:  0.0, Avg:  0.1, Max:  0.1, Diff:  0.1, Sum:  0.2, Workers: 4
[81.853s][debug][gc,phases      ] GC(17)     Dead                           Min: 0, Avg:  4.2, Max: 9, Diff: 9, Sum: 17, Workers: 4
[81.853s][debug][gc,phases      ] GC(17)     Total                          Min: 0, Avg: 2673.2, Max: 4421, Diff: 4421, Sum: 10693, Workers: 4
[81.853s][debug][gc,phases      ] GC(17)   JNI Weak                       Min:  0.0, Avg:  0.0, Max:  0.0, Diff:  0.0, Sum:  0.0, Workers: 4
[81.853s][debug][gc,phases      ] GC(17)     Dead                           Min: 0, Avg:  0.0, Max: 0, Diff: 0, Sum: 0, Workers: 4
[81.853s][debug][gc,phases      ] GC(17)     Total                          Min: 0, Avg: 12.0, Max: 48, Diff: 48, Sum: 48, Workers: 4
[81.853s][debug][gc,phases      ] GC(17)   StringDedup Table Weak         Min:  0.0, Avg:  0.0, Max:  0.0, Diff:  0.0, Sum:  0.0, Workers: 4
[81.853s][debug][gc,phases      ] GC(17)     Dead                           Min: 0, Avg:  0.0, Max: 0, Diff: 0, Sum: 0, Workers: 4
[81.853s][debug][gc,phases      ] GC(17)     Total                          Min: 0, Avg:  0.0, Max: 0, Diff: 0, Sum: 0, Workers: 4
[81.853s][debug][gc,phases      ] GC(17)   StringDedup Requests0 Weak     Min:  0.0, Avg:  0.0, Max:  0.0, Diff:  0.0, Sum:  0.0, Workers: 4
[81.853s][debug][gc,phases      ] GC(17)     Dead                           Min: 0, Avg:  0.0, Max: 0, Diff: 0, Sum: 0, Workers: 4
[81.853s][debug][gc,phases      ] GC(17)     Total                          Min: 0, Avg:  0.0, Max: 0, Diff: 0, Sum: 0, Workers: 4
[81.853s][debug][gc,phases      ] GC(17)   StringDedup Requests1 Weak     Min:  0.0, Avg:  0.0, Max:  0.0, Diff:  0.0, Sum:  0.0, Workers: 4
[81.853s][debug][gc,phases      ] GC(17)     Dead                           Min: 0, Avg:  0.0, Max: 0, Diff: 0, Sum: 0, Workers: 4
[81.853s][debug][gc,phases      ] GC(17)     Total                          Min: 0, Avg:  0.0, Max: 0, Diff: 0, Sum: 0, Workers: 4
[81.853s][debug][gc,phases      ] GC(17)   Weak JFR Old Object Samples    Min:  0.0, Avg:  0.0, Max:  0.0, Diff:  0.0, Sum:  0.0, Workers: 4
[81.853s][debug][gc,phases      ] GC(17)     Dead                           Min: 0, Avg:  0.0, Max: 0, Diff: 0, Sum: 0, Workers: 4
[81.853s][debug][gc,phases      ] GC(17)     Total                          Min: 0, Avg:  0.0, Max: 0, Diff: 0, Sum: 0, Workers: 4
[81.853s][debug][gc,phases      ] GC(17) Weak Processing 0.507ms
[81.853s][debug][gc,age         ] GC(17) Desired survivor size 433586176 bytes, new threshold 12 (max threshold 15)
[81.853s][info ][gc,heap        ] GC(17) PSYoungGen: 1494676K(1667584K)->270046K(1659904K) Eden: 1230336K(1230336K)->0K(1230336K) From: 264340K(437248K)->270046K(429568K)
[81.853s][info ][gc,heap        ] GC(17) ParOldGen: 149926K(240128K)->149934K(240128K)
[81.853s][info ][gc,metaspace   ] GC(17) Metaspace: 86399K(87488K)->86399K(87488K) NonClass: 73731K(74304K)->73731K(74304K) Class: 12668K(13184K)->12668K(13184K)
[81.853s][info ][gc             ] GC(17) Pause Young (Allocation Failure) 1606M->410M(1855M) 73.316ms
[81.853s][info ][gc,cpu         ] GC(17) User=0.27s Sys=0.00s Real=0.07s
[81.853s][info ][safepoint      ] Safepoint "ParallelGCFailedAllocation", Time since last: 860387834 ns, Reaching safepoint: 77200 ns, Cleanup: 48100 ns, At safepoint: 73388718 ns, Total: 73514018 ns
[83.746s][info ][safepoint      ] Safepoint "Cleanup", Time since last: 1892587180 ns, Reaching safepoint: 4000 ns, Cleanup: 101400 ns, At safepoint: 5400 ns, Total: 110800 ns
[84.746s][info ][safepoint      ] Safepoint "Cleanup", Time since last: 1000098181 ns, Reaching safepoint: 5000 ns, Cleanup: 21700 ns, At safepoint: 1900 ns, Total: 28600 ns
[85.746s][info ][safepoint      ] Safepoint "Cleanup", Time since last: 1000105382 ns, Reaching safepoint: 5500 ns, Cleanup: 11600 ns, At safepoint: 1600 ns, Total: 18700 ns
[86.746s][info ][safepoint      ] Safepoint "Cleanup", Time since last: 1000092381 ns, Reaching safepoint: 4100 ns, Cleanup: 44900 ns, At safepoint: 1800 ns, Total: 50800 ns
[87.746s][info ][safepoint      ] Safepoint "Cleanup", Time since last: 1000095882 ns, Reaching safepoint: 4800 ns, Cleanup: 18700 ns, At safepoint: 1900 ns, Total: 25400 ns
[88.746s][info ][safepoint      ] Safepoint "Cleanup", Time since last: 1000095381 ns, Reaching safepoint: 4200 ns, Cleanup: 8700 ns, At safepoint: 1600 ns, Total: 14500 ns
[89.746s][info ][safepoint      ] Safepoint "Cleanup", Time since last: 1000093482 ns, Reaching safepoint: 3500 ns, Cleanup: 19300 ns, At safepoint: 1900 ns, Total: 24700 ns
[90.746s][info ][safepoint      ] Safepoint "Cleanup", Time since last: 1000100382 ns, Reaching safepoint: 5600 ns, Cleanup: 25800 ns, At safepoint: 5400 ns, Total: 36800 ns
[91.747s][info ][safepoint      ] Safepoint "Cleanup", Time since last: 1000082388 ns, Reaching safepoint: 5800 ns, Cleanup: 11400 ns, At safepoint: 1800 ns, Total: 19000 ns
[92.747s][info ][safepoint      ] Safepoint "Cleanup", Time since last: 1000104489 ns, Reaching safepoint: 4200 ns, Cleanup: 31700 ns, At safepoint: 1600 ns, Total: 37500 ns
[93.747s][info ][safepoint      ] Safepoint "Cleanup", Time since last: 1000102988 ns, Reaching safepoint: 5400 ns, Cleanup: 38200 ns, At safepoint: 1400 ns, Total: 45000 ns
[94.747s][info ][safepoint      ] Safepoint "Cleanup", Time since last: 1000094789 ns, Reaching safepoint: 3900 ns, Cleanup: 65500 ns, At safepoint: 1600 ns, Total: 71000 ns
[95.044s][info ][gc,start       ] GC(18) Pause Young (Allocation Failure)
[95.150s][debug][gc,phases      ] GC(18) Scavenge 105.456ms
[95.150s][debug][gc,ref         ] GC(18) Skipped phase 1 of Reference Processing: no references
[95.150s][debug][gc,ref         ] GC(18) ReferenceProcessor::execute queues: 4, RefProcThreadModel::Multi, marks_oops_alive: false
[95.150s][debug][gc,ref         ] GC(18) ReferenceProcessor::execute queues: 4, RefProcThreadModel::Multi, marks_oops_alive: true
[95.150s][debug][gc,ref         ] GC(18) ReferenceProcessor::execute queues: 1, RefProcThreadModel::Single, marks_oops_alive: false
[95.150s][debug][gc,phases      ] GC(18) Reference Processing 0.566ms
[95.151s][debug][gc,phases      ] GC(18)   VM Weak                        Min:  0.0, Avg:  0.0, Max:  0.0, Diff:  0.0, Sum:  0.0, Workers: 4
[95.151s][debug][gc,phases      ] GC(18)     Dead                           Min: 0, Avg:  0.0, Max: 0, Diff: 0, Sum: 0, Workers: 4
[95.151s][debug][gc,phases      ] GC(18)     Total                          Min: 0, Avg: 226.8, Max: 640, Diff: 640, Sum: 907, Workers: 4
[95.151s][debug][gc,phases      ] GC(18)   ObjectSynchronizer Weak        Min:  0.0, Avg:  0.0, Max:  0.0, Diff:  0.0, Sum:  0.0, Workers: 4
[95.151s][debug][gc,phases      ] GC(18)     Dead                           Min: 0, Avg:  0.0, Max: 0, Diff: 0, Sum: 0, Workers: 4
[95.151s][debug][gc,phases      ] GC(18)     Total                          Min: 0, Avg:  1.5, Max: 6, Diff: 6, Sum: 6, Workers: 4
[95.151s][debug][gc,phases      ] GC(18)   JVMTI Tag Weak OopStorage      Min:  0.0, Avg:  0.0, Max:  0.0, Diff:  0.0, Sum:  0.0, Workers: 4
[95.151s][debug][gc,phases      ] GC(18)     Dead                           Min: 0, Avg:  0.0, Max: 0, Diff: 0, Sum: 0, Workers: 4
[95.151s][debug][gc,phases      ] GC(18)     Total                          Min: 0, Avg:  0.0, Max: 0, Diff: 0, Sum: 0, Workers: 4
[95.151s][debug][gc,phases      ] GC(18)   StringTable Weak               Min:  0.0, Avg:  0.3, Max:  0.6, Diff:  0.6, Sum:  1.1, Workers: 4
[95.151s][debug][gc,phases      ] GC(18)     Dead                           Min: 0, Avg:  0.8, Max: 2, Diff: 2, Sum: 3, Workers: 4
[95.151s][debug][gc,phases      ] GC(18)     Total                          Min: 0, Avg: 10981.2, Max: 23126, Diff: 23126, Sum: 43925, Workers: 4
[95.151s][debug][gc,phases      ] GC(18)   ResolvedMethodTable Weak       Min:  0.0, Avg:  0.1, Max:  0.1, Diff:  0.1, Sum:  0.2, Workers: 4
[95.151s][debug][gc,phases      ] GC(18)     Dead                           Min: 0, Avg:  0.2, Max: 1, Diff: 1, Sum: 1, Workers: 4
[95.151s][debug][gc,phases      ] GC(18)     Total                          Min: 0, Avg: 2696.8, Max: 6307, Diff: 6307, Sum: 10787, Workers: 4
[95.151s][debug][gc,phases      ] GC(18)   JNI Weak                       Min:  0.0, Avg:  0.0, Max:  0.0, Diff:  0.0, Sum:  0.0, Workers: 4
[95.151s][debug][gc,phases      ] GC(18)     Dead                           Min: 0, Avg:  0.0, Max: 0, Diff: 0, Sum: 0, Workers: 4
[95.151s][debug][gc,phases      ] GC(18)     Total                          Min: 0, Avg: 12.0, Max: 48, Diff: 48, Sum: 48, Workers: 4
[95.151s][debug][gc,phases      ] GC(18)   StringDedup Table Weak         Min:  0.0, Avg:  0.0, Max:  0.0, Diff:  0.0, Sum:  0.0, Workers: 4
[95.151s][debug][gc,phases      ] GC(18)     Dead                           Min: 0, Avg:  0.0, Max: 0, Diff: 0, Sum: 0, Workers: 4
[95.151s][debug][gc,phases      ] GC(18)     Total                          Min: 0, Avg:  0.0, Max: 0, Diff: 0, Sum: 0, Workers: 4
[95.151s][debug][gc,phases      ] GC(18)   StringDedup Requests0 Weak     Min:  0.0, Avg:  0.0, Max:  0.0, Diff:  0.0, Sum:  0.0, Workers: 4
[95.151s][debug][gc,phases      ] GC(18)     Dead                           Min: 0, Avg:  0.0, Max: 0, Diff: 0, Sum: 0, Workers: 4
[95.151s][debug][gc,phases      ] GC(18)     Total                          Min: 0, Avg:  0.0, Max: 0, Diff: 0, Sum: 0, Workers: 4
[95.151s][debug][gc,phases      ] GC(18)   StringDedup Requests1 Weak     Min:  0.0, Avg:  0.0, Max:  0.0, Diff:  0.0, Sum:  0.0, Workers: 4
[95.151s][debug][gc,phases      ] GC(18)     Dead                           Min: 0, Avg:  0.0, Max: 0, Diff: 0, Sum: 0, Workers: 4
[95.151s][debug][gc,phases      ] GC(18)     Total                          Min: 0, Avg:  0.0, Max: 0, Diff: 0, Sum: 0, Workers: 4
[95.151s][debug][gc,phases      ] GC(18)   Weak JFR Old Object Samples    Min:  0.0, Avg:  0.0, Max:  0.0, Diff:  0.0, Sum:  0.0, Workers: 4
[95.151s][debug][gc,phases      ] GC(18)     Dead                           Min: 0, Avg:  0.0, Max: 0, Diff: 0, Sum: 0, Workers: 4
[95.151s][debug][gc,phases      ] GC(18)     Total                          Min: 0, Avg:  0.0, Max: 0, Diff: 0, Sum: 0, Workers: 4
[95.151s][debug][gc,phases      ] GC(18) Weak Processing 0.770ms
[95.151s][debug][gc,age         ] GC(18) Desired survivor size 427294720 bytes, new threshold 13 (max threshold 15)
[95.151s][info ][gc,heap        ] GC(18) PSYoungGen: 1500382K(1659904K)->270937K(1679872K) Eden: 1230336K(1230336K)->0K(1256448K) From: 270046K(429568K)->270937K(423424K)
[95.151s][info ][gc,heap        ] GC(18) ParOldGen: 149934K(240128K)->149942K(240128K)
[95.151s][info ][gc,metaspace   ] GC(18) Metaspace: 86650K(87744K)->86650K(87744K) NonClass: 73946K(74496K)->73946K(74496K) Class: 12703K(13248K)->12703K(13248K)
[95.151s][info ][gc             ] GC(18) Pause Young (Allocation Failure) 1611M->411M(1875M) 106.907ms
[95.151s][info ][gc,cpu         ] GC(18) User=0.26s Sys=0.02s Real=0.11s
[95.151s][info ][safepoint      ] Safepoint "ParallelGCFailedAllocation", Time since last: 297226369 ns, Reaching safepoint: 4400 ns, Cleanup: 20100 ns, At safepoint: 106987381 ns, Total: 107011881 ns
[96.151s][info ][safepoint      ] Safepoint "Cleanup", Time since last: 1000083289 ns, Reaching safepoint: 3800 ns, Cleanup: 10000 ns, At safepoint: 1300 ns, Total: 15100 ns
[97.151s][info ][safepoint      ] Safepoint "Cleanup", Time since last: 1000061788 ns, Reaching safepoint: 4900 ns, Cleanup: 20100 ns, At safepoint: 1400 ns, Total: 26400 ns
[98.152s][info ][safepoint      ] Safepoint "Cleanup", Time since last: 1000080989 ns, Reaching safepoint: 3800 ns, Cleanup: 10300 ns, At safepoint: 1400 ns, Total: 15500 ns
[99.152s][info ][safepoint      ] Safepoint "Cleanup", Time since last: 1000081702 ns, Reaching safepoint: 3300 ns, Cleanup: 27300 ns, At safepoint: 2000 ns, Total: 32600 ns
[100.152s][info ][safepoint      ] Safepoint "Cleanup", Time since last: 1000084317 ns, Reaching safepoint: 3700 ns, Cleanup: 6000 ns, At safepoint: 1700 ns, Total: 11400 ns
[101.152s][info ][safepoint      ] Safepoint "Cleanup", Time since last: 1000078616 ns, Reaching safepoint: 4100 ns, Cleanup: 18300 ns, At safepoint: 1500 ns, Total: 23900 ns
[102.152s][info ][safepoint      ] Safepoint "Cleanup", Time since last: 1000091317 ns, Reaching safepoint: 4600 ns, Cleanup: 11300 ns, At safepoint: 1500 ns, Total: 17400 ns
[103.152s][info ][safepoint      ] Safepoint "Cleanup", Time since last: 1000093416 ns, Reaching safepoint: 4400 ns, Cleanup: 8900 ns, At safepoint: 1900 ns, Total: 15200 ns
[104.152s][info ][safepoint      ] Safepoint "Cleanup", Time since last: 1000093116 ns, Reaching safepoint: 4700 ns, Cleanup: 10300 ns, At safepoint: 1700 ns, Total: 16700 ns
[105.152s][info ][safepoint      ] Safepoint "Cleanup", Time since last: 1000101017 ns, Reaching safepoint: 5400 ns, Cleanup: 17200 ns, At safepoint: 7800 ns, Total: 30400 ns
[106.152s][info ][safepoint      ] Safepoint "Cleanup", Time since last: 1000101116 ns, Reaching safepoint: 4600 ns, Cleanup: 19000 ns, At safepoint: 1700 ns, Total: 25300 ns
[107.153s][info ][safepoint      ] Safepoint "Cleanup", Time since last: 1000101354 ns, Reaching safepoint: 4900 ns, Cleanup: 16100 ns, At safepoint: 1800 ns, Total: 22800 ns
[108.153s][info ][safepoint      ] Safepoint "Cleanup", Time since last: 1000112690 ns, Reaching safepoint: 3900 ns, Cleanup: 14200 ns, At safepoint: 1700 ns, Total: 19800 ns
[109.153s][info ][safepoint      ] Safepoint "Cleanup", Time since last: 1000098490 ns, Reaching safepoint: 3800 ns, Cleanup: 14700 ns, At safepoint: 1600 ns, Total: 20100 ns
[109.677s][info ][gc,start       ] GC(19) Pause Young (Allocation Failure)
[109.751s][debug][gc,phases      ] GC(19) Scavenge 73.546ms
[109.751s][debug][gc,ref         ] GC(19) Skipped phase 1 of Reference Processing: no references
[109.751s][debug][gc,ref         ] GC(19) ReferenceProcessor::execute queues: 3, RefProcThreadModel::Multi, marks_oops_alive: false
[109.751s][debug][gc,ref         ] GC(19) Skipped phase 3 of Reference Processing: no references
[109.751s][debug][gc,ref         ] GC(19) ReferenceProcessor::execute queues: 1, RefProcThreadModel::Single, marks_oops_alive: false
[109.751s][debug][gc,phases      ] GC(19) Reference Processing 0.233ms
[109.751s][debug][gc,phases      ] GC(19)   VM Weak                        Min:  0.0, Avg:  0.0, Max:  0.0, Diff:  0.0, Sum:  0.0, Workers: 4
[109.751s][debug][gc,phases      ] GC(19)     Dead                           Min: 0, Avg:  0.0, Max: 0, Diff: 0, Sum: 0, Workers: 4
[109.752s][debug][gc,phases      ] GC(19)     Total                          Min: 0, Avg: 226.8, Max: 512, Diff: 512, Sum: 907, Workers: 4
[109.752s][debug][gc,phases      ] GC(19)   ObjectSynchronizer Weak        Min:  0.0, Avg:  0.0, Max:  0.0, Diff:  0.0, Sum:  0.0, Workers: 4
[109.752s][debug][gc,phases      ] GC(19)     Dead                           Min: 0, Avg:  0.0, Max: 0, Diff: 0, Sum: 0, Workers: 4
[109.752s][debug][gc,phases      ] GC(19)     Total                          Min: 0, Avg:  1.5, Max: 6, Diff: 6, Sum: 6, Workers: 4
[109.752s][debug][gc,phases      ] GC(19)   JVMTI Tag Weak OopStorage      Min:  0.0, Avg:  0.0, Max:  0.0, Diff:  0.0, Sum:  0.0, Workers: 4
[109.752s][debug][gc,phases      ] GC(19)     Dead                           Min: 0, Avg:  0.0, Max: 0, Diff: 0, Sum: 0, Workers: 4
[109.752s][debug][gc,phases      ] GC(19)     Total                          Min: 0, Avg:  0.0, Max: 0, Diff: 0, Sum: 0, Workers: 4
[109.752s][debug][gc,phases      ] GC(19)   StringTable Weak               Min:  0.2, Avg:  0.2, Max:  0.2, Diff:  0.0, Sum:  0.8, Workers: 4
[109.752s][debug][gc,phases      ] GC(19)     Dead                           Min: 0, Avg:  0.0, Max: 0, Diff: 0, Sum: 0, Workers: 4
[109.752s][debug][gc,phases      ] GC(19)     Total                          Min: 10112, Avg: 10986.0, Max: 11432, Diff: 1320, Sum: 43944, Workers: 4
[109.752s][debug][gc,phases      ] GC(19)   ResolvedMethodTable Weak       Min:  0.1, Avg:  0.1, Max:  0.1, Diff:  0.0, Sum:  0.3, Workers: 4
[109.752s][debug][gc,phases      ] GC(19)     Dead                           Min: 0, Avg:  0.0, Max: 0, Diff: 0, Sum: 0, Workers: 4
[109.752s][debug][gc,phases      ] GC(19)     Total                          Min: 2533, Avg: 2696.8, Max: 2752, Diff: 219, Sum: 10787, Workers: 4
[109.752s][debug][gc,phases      ] GC(19)   JNI Weak                       Min:  0.0, Avg:  0.0, Max:  0.0, Diff:  0.0, Sum:  0.0, Workers: 4
[109.752s][debug][gc,phases      ] GC(19)     Dead                           Min: 0, Avg:  0.0, Max: 0, Diff: 0, Sum: 0, Workers: 4
[109.752s][debug][gc,phases      ] GC(19)     Total                          Min: 0, Avg: 12.0, Max: 48, Diff: 48, Sum: 48, Workers: 4
[109.752s][debug][gc,phases      ] GC(19)   StringDedup Table Weak         Min:  0.0, Avg:  0.0, Max:  0.0, Diff:  0.0, Sum:  0.0, Workers: 4
[109.752s][debug][gc,phases      ] GC(19)     Dead                           Min: 0, Avg:  0.0, Max: 0, Diff: 0, Sum: 0, Workers: 4
[109.752s][debug][gc,phases      ] GC(19)     Total                          Min: 0, Avg:  0.0, Max: 0, Diff: 0, Sum: 0, Workers: 4
[109.752s][debug][gc,phases      ] GC(19)   StringDedup Requests0 Weak     Min:  0.0, Avg:  0.0, Max:  0.0, Diff:  0.0, Sum:  0.0, Workers: 4
[109.752s][debug][gc,phases      ] GC(19)     Dead                           Min: 0, Avg:  0.0, Max: 0, Diff: 0, Sum: 0, Workers: 4
[109.752s][debug][gc,phases      ] GC(19)     Total                          Min: 0, Avg:  0.0, Max: 0, Diff: 0, Sum: 0, Workers: 4
[109.752s][debug][gc,phases      ] GC(19)   StringDedup Requests1 Weak     Min:  0.0, Avg:  0.0, Max:  0.0, Diff:  0.0, Sum:  0.0, Workers: 4
[109.752s][debug][gc,phases      ] GC(19)     Dead                           Min: 0, Avg:  0.0, Max: 0, Diff: 0, Sum: 0, Workers: 4
[109.752s][debug][gc,phases      ] GC(19)     Total                          Min: 0, Avg:  0.0, Max: 0, Diff: 0, Sum: 0, Workers: 4
[109.752s][debug][gc,phases      ] GC(19)   Weak JFR Old Object Samples    Min:  0.0, Avg:  0.0, Max:  0.0, Diff:  0.0, Sum:  0.0, Workers: 4
[109.752s][debug][gc,phases      ] GC(19)     Dead                           Min: 0, Avg:  0.0, Max: 0, Diff: 0, Sum: 0, Workers: 4
[109.752s][debug][gc,phases      ] GC(19)     Total                          Min: 0, Avg:  0.0, Max: 0, Diff: 0, Sum: 0, Workers: 4
[109.752s][debug][gc,phases      ] GC(19) Weak Processing 0.446ms
[109.752s][debug][gc,age         ] GC(19) Desired survivor size 421003264 bytes, new threshold 14 (max threshold 15)
[109.752s][info ][gc,heap        ] GC(19) PSYoungGen: 1527385K(1679872K)->271100K(1673728K) Eden: 1256448K(1256448K)->0K(1256448K) From: 270937K(423424K)->271100K(417280K)
[109.752s][info ][gc,heap        ] GC(19) ParOldGen: 149942K(240128K)->149950K(240128K)
[109.752s][info ][gc,metaspace   ] GC(19) Metaspace: 86700K(87872K)->86700K(87872K) NonClass: 73997K(74624K)->73997K(74624K) Class: 12703K(13248K)->12703K(13248K)
[109.752s][info ][gc             ] GC(19) Pause Young (Allocation Failure) 1638M->411M(1869M) 74.352ms
[109.752s][info ][gc,cpu         ] GC(19) User=0.26s Sys=0.01s Real=0.07s
[109.752s][info ][safepoint      ] Safepoint "ParallelGCFailedAllocation", Time since last: 524392670 ns, Reaching safepoint: 73000 ns, Cleanup: 15000 ns, At safepoint: 74417225 ns, Total: 74505225 ns
[110.876s][info ][safepoint      ] Safepoint "Cleanup", Time since last: 1124260464 ns, Reaching safepoint: 75000 ns, Cleanup: 74500 ns, At safepoint: 5900 ns, Total: 155400 ns
[111.876s][info ][safepoint      ] Safepoint "Cleanup", Time since last: 1000107490 ns, Reaching safepoint: 74800 ns, Cleanup: 51400 ns, At safepoint: 6200 ns, Total: 132400 ns
[113.583s][info ][safepoint      ] Safepoint "Cleanup", Time since last: 1706128577 ns, Reaching safepoint: 77300 ns, Cleanup: 84200 ns, At safepoint: 6400 ns, Total: 167900 ns
[114.990s][info ][safepoint      ] Safepoint "Cleanup", Time since last: 1407610259 ns, Reaching safepoint: 79600 ns, Cleanup: 34700 ns, At safepoint: 6900 ns, Total: 121200 ns
[115.991s][info ][safepoint      ] Safepoint "Cleanup", Time since last: 1000114033 ns, Reaching safepoint: 6000 ns, Cleanup: 30899 ns, At safepoint: 2200 ns, Total: 39099 ns
[116.991s][info ][safepoint      ] Safepoint "Cleanup", Time since last: 1000144233 ns, Reaching safepoint: 4300 ns, Cleanup: 13700 ns, At safepoint: 1800 ns, Total: 19800 ns
[117.991s][info ][safepoint      ] Safepoint "Cleanup", Time since last: 1000157932 ns, Reaching safepoint: 84800 ns, Cleanup: 19800 ns, At safepoint: 9300 ns, Total: 113900 ns
[118.991s][info ][safepoint      ] Safepoint "Cleanup", Time since last: 1000118732 ns, Reaching safepoint: 4700 ns, Cleanup: 29700 ns, At safepoint: 2100 ns, Total: 36500 ns
[119.991s][info ][safepoint      ] Safepoint "Cleanup", Time since last: 1000104932 ns, Reaching safepoint: 5200 ns, Cleanup: 21000 ns, At safepoint: 2400 ns, Total: 28600 ns
[121.057s][info ][safepoint      ] Safepoint "Cleanup", Time since last: 1066192961 ns, Reaching safepoint: 4700 ns, Cleanup: 24000 ns, At safepoint: 5200 ns, Total: 33900 ns
[122.058s][info ][safepoint      ] Safepoint "Cleanup", Time since last: 1000109315 ns, Reaching safepoint: 4800 ns, Cleanup: 47000 ns, At safepoint: 2100 ns, Total: 53900 ns
[123.058s][info ][safepoint      ] Safepoint "Cleanup", Time since last: 1000105317 ns, Reaching safepoint: 4500 ns, Cleanup: 7900 ns, At safepoint: 1600 ns, Total: 14000 ns
[124.058s][info ][safepoint      ] Safepoint "Cleanup", Time since last: 1000092923 ns, Reaching safepoint: 5300 ns, Cleanup: 12000 ns, At safepoint: 2000 ns, Total: 19300 ns
[125.058s][info ][safepoint      ] Safepoint "Cleanup", Time since last: 1000090623 ns, Reaching safepoint: 4000 ns, Cleanup: 7200 ns, At safepoint: 1800 ns, Total: 13000 ns
[125.978s][info ][gc,start       ] GC(20) Pause Young (Allocation Failure)
[126.056s][debug][gc,phases      ] GC(20) Scavenge 78.596ms
[126.057s][debug][gc,ref         ] GC(20) Skipped phase 1 of Reference Processing: no references
[126.057s][debug][gc,ref         ] GC(20) ReferenceProcessor::execute queues: 3, RefProcThreadModel::Multi, marks_oops_alive: false
[126.057s][debug][gc,ref         ] GC(20) Skipped phase 3 of Reference Processing: no references
[126.057s][debug][gc,ref         ] GC(20) ReferenceProcessor::execute queues: 1, RefProcThreadModel::Single, marks_oops_alive: false
[126.057s][debug][gc,phases      ] GC(20) Reference Processing 0.218ms
[126.057s][debug][gc,phases      ] GC(20)   VM Weak                        Min:  0.0, Avg:  0.0, Max:  0.0, Diff:  0.0, Sum:  0.0, Workers: 4
[126.057s][debug][gc,phases      ] GC(20)     Dead                           Min: 0, Avg:  0.0, Max: 0, Diff: 0, Sum: 0, Workers: 4
[126.057s][debug][gc,phases      ] GC(20)     Total                          Min: 0, Avg: 227.0, Max: 448, Diff: 448, Sum: 908, Workers: 4
[126.057s][debug][gc,phases      ] GC(20)   ObjectSynchronizer Weak        Min:  0.0, Avg:  0.0, Max:  0.0, Diff:  0.0, Sum:  0.0, Workers: 4
[126.057s][debug][gc,phases      ] GC(20)     Dead                           Min: 0, Avg:  0.0, Max: 0, Diff: 0, Sum: 0, Workers: 4
[126.057s][debug][gc,phases      ] GC(20)     Total                          Min: 0, Avg:  1.5, Max: 6, Diff: 6, Sum: 6, Workers: 4
[126.057s][debug][gc,phases      ] GC(20)   JVMTI Tag Weak OopStorage      Min:  0.0, Avg:  0.0, Max:  0.0, Diff:  0.0, Sum:  0.0, Workers: 4
[126.057s][debug][gc,phases      ] GC(20)     Dead                           Min: 0, Avg:  0.0, Max: 0, Diff: 0, Sum: 0, Workers: 4
[126.057s][debug][gc,phases      ] GC(20)     Total                          Min: 0, Avg:  0.0, Max: 0, Diff: 0, Sum: 0, Workers: 4
[126.057s][debug][gc,phases      ] GC(20)   StringTable Weak               Min:  0.0, Avg:  0.2, Max:  0.2, Diff:  0.2, Sum:  0.7, Workers: 4
[126.057s][debug][gc,phases      ] GC(20)     Dead                           Min: 0, Avg:  0.5, Max: 2, Diff: 2, Sum: 2, Workers: 4
[126.057s][debug][gc,phases      ] GC(20)     Total                          Min: 0, Avg: 10990.2, Max: 16959, Diff: 16959, Sum: 43961, Workers: 4
[126.057s][debug][gc,phases      ] GC(20)   ResolvedMethodTable Weak       Min:  0.0, Avg:  0.1, Max:  0.1, Diff:  0.1, Sum:  0.2, Workers: 4
[126.057s][debug][gc,phases      ] GC(20)     Dead                           Min: 0, Avg:  0.0, Max: 0, Diff: 0, Sum: 0, Workers: 4
[126.057s][debug][gc,phases      ] GC(20)     Total                          Min: 0, Avg: 2701.2, Max: 4853, Diff: 4853, Sum: 10805, Workers: 4
[126.057s][debug][gc,phases      ] GC(20)   JNI Weak                       Min:  0.0, Avg:  0.0, Max:  0.0, Diff:  0.0, Sum:  0.0, Workers: 4
[126.057s][debug][gc,phases      ] GC(20)     Dead                           Min: 0, Avg:  0.0, Max: 0, Diff: 0, Sum: 0, Workers: 4
[126.057s][debug][gc,phases      ] GC(20)     Total                          Min: 0, Avg: 12.0, Max: 48, Diff: 48, Sum: 48, Workers: 4
[126.057s][debug][gc,phases      ] GC(20)   StringDedup Table Weak         Min:  0.0, Avg:  0.0, Max:  0.0, Diff:  0.0, Sum:  0.0, Workers: 4
[126.057s][debug][gc,phases      ] GC(20)     Dead                           Min: 0, Avg:  0.0, Max: 0, Diff: 0, Sum: 0, Workers: 4
[126.057s][debug][gc,phases      ] GC(20)     Total                          Min: 0, Avg:  0.0, Max: 0, Diff: 0, Sum: 0, Workers: 4
[126.057s][debug][gc,phases      ] GC(20)   StringDedup Requests0 Weak     Min:  0.0, Avg:  0.0, Max:  0.0, Diff:  0.0, Sum:  0.0, Workers: 4
[126.057s][debug][gc,phases      ] GC(20)     Dead                           Min: 0, Avg:  0.0, Max: 0, Diff: 0, Sum: 0, Workers: 4
[126.057s][debug][gc,phases      ] GC(20)     Total                          Min: 0, Avg:  0.0, Max: 0, Diff: 0, Sum: 0, Workers: 4
[126.057s][debug][gc,phases      ] GC(20)   StringDedup Requests1 Weak     Min:  0.0, Avg:  0.0, Max:  0.0, Diff:  0.0, Sum:  0.0, Workers: 4
[126.057s][debug][gc,phases      ] GC(20)     Dead                           Min: 0, Avg:  0.0, Max: 0, Diff: 0, Sum: 0, Workers: 4
[126.057s][debug][gc,phases      ] GC(20)     Total                          Min: 0, Avg:  0.0, Max: 0, Diff: 0, Sum: 0, Workers: 4
[126.057s][debug][gc,phases      ] GC(20)   Weak JFR Old Object Samples    Min:  0.0, Avg:  0.0, Max:  0.0, Diff:  0.0, Sum:  0.0, Workers: 4
[126.057s][debug][gc,phases      ] GC(20)     Dead                           Min: 0, Avg:  0.0, Max: 0, Diff: 0, Sum: 0, Workers: 4
[126.057s][debug][gc,phases      ] GC(20)     Total                          Min: 0, Avg:  0.0, Max: 0, Diff: 0, Sum: 0, Workers: 4
[126.057s][debug][gc,phases      ] GC(20) Weak Processing 0.516ms
[126.057s][debug][gc,age         ] GC(20) Desired survivor size 414187520 bytes, new threshold 15 (max threshold 15)
[126.057s][info ][gc,heap        ] GC(20) PSYoungGen: 1527548K(1673728K)->271288K(1692672K) Eden: 1256448K(1256448K)->0K(1281536K) From: 271100K(417280K)->271288K(411136K)
[126.057s][info ][gc,heap        ] GC(20) ParOldGen: 149950K(240128K)->149958K(240128K)
[126.057s][info ][gc,metaspace   ] GC(20) Metaspace: 86780K(87936K)->86780K(87936K) NonClass: 74067K(74688K)->74067K(74688K) Class: 12712K(13248K)->12712K(13248K)
[126.057s][info ][gc             ] GC(20) Pause Young (Allocation Failure) 1638M->411M(1887M) 79.490ms
[126.057s][info ][gc,cpu         ] GC(20) User=0.28s Sys=0.00s Real=0.08s
[126.057s][info ][safepoint      ] Safepoint "ParallelGCFailedAllocation", Time since last: 919678969 ns, Reaching safepoint: 80400 ns, Cleanup: 16400 ns, At safepoint: 79571754 ns, Total: 79668554 ns
[127.057s][info ][safepoint      ] Safepoint "Cleanup", Time since last: 1000090974 ns, Reaching safepoint: 4400 ns, Cleanup: 17400 ns, At safepoint: 1400 ns, Total: 23200 ns
[128.058s][info ][safepoint      ] Safepoint "Cleanup", Time since last: 1000098635 ns, Reaching safepoint: 4100 ns, Cleanup: 9500 ns, At safepoint: 1500 ns, Total: 15100 ns
[129.058s][info ][safepoint      ] Safepoint "Cleanup", Time since last: 1000097135 ns, Reaching safepoint: 4900 ns, Cleanup: 8700 ns, At safepoint: 1800 ns, Total: 15400 ns
[130.058s][info ][safepoint      ] Safepoint "Cleanup", Time since last: 1000103135 ns, Reaching safepoint: 4500 ns, Cleanup: 12300 ns, At safepoint: 1800 ns, Total: 18600 ns
[131.058s][info ][safepoint      ] Safepoint "Cleanup", Time since last: 1000077290 ns, Reaching safepoint: 4600 ns, Cleanup: 25700 ns, At safepoint: 1800 ns, Total: 32100 ns
[132.058s][info ][safepoint      ] Safepoint "Cleanup", Time since last: 1000100531 ns, Reaching safepoint: 4900 ns, Cleanup: 10300 ns, At safepoint: 1700 ns, Total: 16900 ns
[133.058s][info ][safepoint      ] Safepoint "Cleanup", Time since last: 1000103932 ns, Reaching safepoint: 4800 ns, Cleanup: 7700 ns, At safepoint: 1300 ns, Total: 13800 ns
[134.058s][info ][safepoint      ] Safepoint "Cleanup", Time since last: 1000099731 ns, Reaching safepoint: 4200 ns, Cleanup: 15400 ns, At safepoint: 1300 ns, Total: 20900 ns
[135.058s][info ][safepoint      ] Safepoint "Cleanup", Time since last: 1000083922 ns, Reaching safepoint: 4500 ns, Cleanup: 8000 ns, At safepoint: 1900 ns, Total: 14400 ns
[136.059s][info ][safepoint      ] Safepoint "Cleanup", Time since last: 1000102307 ns, Reaching safepoint: 6500 ns, Cleanup: 31600 ns, At safepoint: 5300 ns, Total: 43400 ns
[137.059s][info ][safepoint      ] Safepoint "Cleanup", Time since last: 1000097308 ns, Reaching safepoint: 3700 ns, Cleanup: 35700 ns, At safepoint: 1500 ns, Total: 40900 ns
[138.059s][info ][safepoint      ] Safepoint "Cleanup", Time since last: 1000093507 ns, Reaching safepoint: 75000 ns, Cleanup: 51900 ns, At safepoint: 5800 ns, Total: 132700 ns
[139.059s][info ][safepoint      ] Safepoint "Cleanup", Time since last: 1000064286 ns, Reaching safepoint: 3400 ns, Cleanup: 16900 ns, At safepoint: 1900 ns, Total: 22200 ns
[140.059s][info ][safepoint      ] Safepoint "Cleanup", Time since last: 1000056468 ns, Reaching safepoint: 74400 ns, Cleanup: 11800 ns, At safepoint: 5700 ns, Total: 91900 ns
[140.827s][info ][gc,start       ] GC(21) Pause Young (Allocation Failure)
[140.901s][debug][gc,phases      ] GC(21) Scavenge 73.962ms
[140.901s][debug][gc,ref         ] GC(21) Skipped phase 1 of Reference Processing: no references
[140.901s][debug][gc,ref         ] GC(21) ReferenceProcessor::execute queues: 3, RefProcThreadModel::Multi, marks_oops_alive: false
[140.902s][debug][gc,ref         ] GC(21) Skipped phase 3 of Reference Processing: no references
[140.902s][debug][gc,ref         ] GC(21) ReferenceProcessor::execute queues: 1, RefProcThreadModel::Single, marks_oops_alive: false
[140.902s][debug][gc,phases      ] GC(21) Reference Processing 0.200ms
[140.902s][debug][gc,phases      ] GC(21)   VM Weak                        Min:  0.0, Avg:  0.0, Max:  0.0, Diff:  0.0, Sum:  0.0, Workers: 4
[140.902s][debug][gc,phases      ] GC(21)     Dead                           Min: 0, Avg:  0.0, Max: 0, Diff: 0, Sum: 0, Workers: 4
[140.902s][debug][gc,phases      ] GC(21)     Total                          Min: 0, Avg: 227.0, Max: 512, Diff: 512, Sum: 908, Workers: 4
[140.902s][debug][gc,phases      ] GC(21)   ObjectSynchronizer Weak        Min:  0.0, Avg:  0.0, Max:  0.0, Diff:  0.0, Sum:  0.0, Workers: 4
[140.902s][debug][gc,phases      ] GC(21)     Dead                           Min: 0, Avg:  0.0, Max: 0, Diff: 0, Sum: 0, Workers: 4
[140.902s][debug][gc,phases      ] GC(21)     Total                          Min: 0, Avg:  1.5, Max: 6, Diff: 6, Sum: 6, Workers: 4
[140.902s][debug][gc,phases      ] GC(21)   JVMTI Tag Weak OopStorage      Min:  0.0, Avg:  0.0, Max:  0.0, Diff:  0.0, Sum:  0.0, Workers: 4
[140.902s][debug][gc,phases      ] GC(21)     Dead                           Min: 0, Avg:  0.0, Max: 0, Diff: 0, Sum: 0, Workers: 4
[140.902s][debug][gc,phases      ] GC(21)     Total                          Min: 0, Avg:  0.0, Max: 0, Diff: 0, Sum: 0, Workers: 4
[140.902s][debug][gc,phases      ] GC(21)   StringTable Weak               Min:  0.0, Avg:  0.2, Max:  0.2, Diff:  0.2, Sum:  0.7, Workers: 4
[140.902s][debug][gc,phases      ] GC(21)     Dead                           Min: 0, Avg:  0.0, Max: 0, Diff: 0, Sum: 0, Workers: 4
[140.902s][debug][gc,phases      ] GC(21)     Total                          Min: 0, Avg: 10996.5, Max: 19282, Diff: 19282, Sum: 43986, Workers: 4
[140.902s][debug][gc,phases      ] GC(21)   ResolvedMethodTable Weak       Min:  0.0, Avg:  0.1, Max:  0.1, Diff:  0.1, Sum:  0.2, Workers: 4
[140.902s][debug][gc,phases      ] GC(21)     Dead                           Min: 0, Avg:  0.0, Max: 0, Diff: 0, Sum: 0, Workers: 4
[140.902s][debug][gc,phases      ] GC(21)     Total                          Min: 0, Avg: 2701.2, Max: 4661, Diff: 4661, Sum: 10805, Workers: 4
[140.902s][debug][gc,phases      ] GC(21)   JNI Weak                       Min:  0.0, Avg:  0.0, Max:  0.0, Diff:  0.0, Sum:  0.0, Workers: 4
[140.902s][debug][gc,phases      ] GC(21)     Dead                           Min: 0, Avg:  0.0, Max: 0, Diff: 0, Sum: 0, Workers: 4
[140.902s][debug][gc,phases      ] GC(21)     Total                          Min: 0, Avg: 12.0, Max: 48, Diff: 48, Sum: 48, Workers: 4
[140.902s][debug][gc,phases      ] GC(21)   StringDedup Table Weak         Min:  0.0, Avg:  0.0, Max:  0.0, Diff:  0.0, Sum:  0.0, Workers: 4
[140.902s][debug][gc,phases      ] GC(21)     Dead                           Min: 0, Avg:  0.0, Max: 0, Diff: 0, Sum: 0, Workers: 4
[140.902s][debug][gc,phases      ] GC(21)     Total                          Min: 0, Avg:  0.0, Max: 0, Diff: 0, Sum: 0, Workers: 4
[140.902s][debug][gc,phases      ] GC(21)   StringDedup Requests0 Weak     Min:  0.0, Avg:  0.0, Max:  0.0, Diff:  0.0, Sum:  0.0, Workers: 4
[140.902s][debug][gc,phases      ] GC(21)     Dead                           Min: 0, Avg:  0.0, Max: 0, Diff: 0, Sum: 0, Workers: 4
[140.902s][debug][gc,phases      ] GC(21)     Total                          Min: 0, Avg:  0.0, Max: 0, Diff: 0, Sum: 0, Workers: 4
[140.902s][debug][gc,phases      ] GC(21)   StringDedup Requests1 Weak     Min:  0.0, Avg:  0.0, Max:  0.0, Diff:  0.0, Sum:  0.0, Workers: 4
[140.902s][debug][gc,phases      ] GC(21)     Dead                           Min: 0, Avg:  0.0, Max: 0, Diff: 0, Sum: 0, Workers: 4
[140.902s][debug][gc,phases      ] GC(21)     Total                          Min: 0, Avg:  0.0, Max: 0, Diff: 0, Sum: 0, Workers: 4
[140.902s][debug][gc,phases      ] GC(21)   Weak JFR Old Object Samples    Min:  0.0, Avg:  0.0, Max:  0.0, Diff:  0.0, Sum:  0.0, Workers: 4
[140.902s][debug][gc,phases      ] GC(21)     Dead                           Min: 0, Avg:  0.0, Max: 0, Diff: 0, Sum: 0, Workers: 4
[140.902s][debug][gc,phases      ] GC(21)     Total                          Min: 0, Avg:  0.0, Max: 0, Diff: 0, Sum: 0, Workers: 4
[140.902s][debug][gc,phases      ] GC(21) Weak Processing 0.509ms
[140.902s][debug][gc,age         ] GC(21) Desired survivor size 407896064 bytes, new threshold 15 (max threshold 15)
[140.902s][info ][gc,heap        ] GC(21) PSYoungGen: 1552824K(1692672K)->271548K(1686016K) Eden: 1281536K(1281536K)->0K(1281536K) From: 271288K(411136K)->271548K(404480K)
[140.902s][info ][gc,heap        ] GC(21) ParOldGen: 149958K(240128K)->149966K(240128K)
[140.902s][info ][gc,metaspace   ] GC(21) Metaspace: 86850K(87936K)->86850K(87936K) NonClass: 74137K(74688K)->74137K(74688K) Class: 12712K(13248K)->12712K(13248K)
[140.902s][info ][gc             ] GC(21) Pause Young (Allocation Failure) 1662M->411M(1881M) 74.785ms
[140.902s][info ][gc,cpu         ] GC(21) User=0.27s Sys=0.00s Real=0.08s
[140.902s][info ][safepoint      ] Safepoint "ParallelGCFailedAllocation", Time since last: 768075294 ns, Reaching safepoint: 75000 ns, Cleanup: 22800 ns, At safepoint: 74858762 ns, Total: 74956562 ns
[142.902s][info ][safepoint      ] Safepoint "Cleanup", Time since last: 2000168038 ns, Reaching safepoint: 4400 ns, Cleanup: 16900 ns, At safepoint: 1600 ns, Total: 22900 ns
[143.902s][info ][safepoint      ] Safepoint "Cleanup", Time since last: 1000089168 ns, Reaching safepoint: 4400 ns, Cleanup: 21200 ns, At safepoint: 1600 ns, Total: 27200 ns
[144.903s][info ][safepoint      ] Safepoint "Cleanup", Time since last: 1000068984 ns, Reaching safepoint: 4500 ns, Cleanup: 10200 ns, At safepoint: 1800 ns, Total: 16500 ns
[145.903s][info ][safepoint      ] Safepoint "Cleanup", Time since last: 1000099296 ns, Reaching safepoint: 4100 ns, Cleanup: 12600 ns, At safepoint: 1800 ns, Total: 18500 ns
[146.903s][info ][safepoint      ] Safepoint "Cleanup", Time since last: 1000089497 ns, Reaching safepoint: 3900 ns, Cleanup: 10100 ns, At safepoint: 1600 ns, Total: 15600 ns
[147.903s][info ][safepoint      ] Safepoint "Cleanup", Time since last: 1000111297 ns, Reaching safepoint: 4400 ns, Cleanup: 21500 ns, At safepoint: 5800 ns, Total: 31700 ns
[148.903s][info ][safepoint      ] Safepoint "Cleanup", Time since last: 1000100297 ns, Reaching safepoint: 4100 ns, Cleanup: 6600 ns, At safepoint: 1900 ns, Total: 12600 ns
[149.903s][info ][safepoint      ] Safepoint "Cleanup", Time since last: 1000099197 ns, Reaching safepoint: 4000 ns, Cleanup: 11200 ns, At safepoint: 1800 ns, Total: 17000 ns
[150.903s][info ][safepoint      ] Safepoint "Cleanup", Time since last: 1000100197 ns, Reaching safepoint: 4300 ns, Cleanup: 19700 ns, At safepoint: 5400 ns, Total: 29400 ns
[151.903s][info ][safepoint      ] Safepoint "Cleanup", Time since last: 1000093597 ns, Reaching safepoint: 3700 ns, Cleanup: 5000 ns, At safepoint: 1200 ns, Total: 9900 ns
[152.903s][info ][safepoint      ] Safepoint "Cleanup", Time since last: 1000089597 ns, Reaching safepoint: 4000 ns, Cleanup: 8300 ns, At safepoint: 1900 ns, Total: 14200 ns
[153.904s][info ][safepoint      ] Safepoint "Cleanup", Time since last: 1000105597 ns, Reaching safepoint: 5200 ns, Cleanup: 11400 ns, At safepoint: 2000 ns, Total: 18600 ns
[154.904s][info ][safepoint      ] Safepoint "Cleanup", Time since last: 1000088944 ns, Reaching safepoint: 4300 ns, Cleanup: 24500 ns, At safepoint: 2000 ns, Total: 30800 ns
[154.933s][info ][gc,start       ] GC(22) Pause Young (Allocation Failure)
[155.011s][debug][gc,phases      ] GC(22) Scavenge 78.346ms
[155.011s][debug][gc,ref         ] GC(22) Skipped phase 1 of Reference Processing: no references
[155.011s][debug][gc,ref         ] GC(22) ReferenceProcessor::execute queues: 2, RefProcThreadModel::Multi, marks_oops_alive: false
[155.011s][debug][gc,ref         ] GC(22) Skipped phase 3 of Reference Processing: no references
[155.011s][debug][gc,ref         ] GC(22) ReferenceProcessor::execute queues: 1, RefProcThreadModel::Single, marks_oops_alive: false
[155.011s][debug][gc,phases      ] GC(22) Reference Processing 0.222ms
[155.012s][debug][gc,phases      ] GC(22)   VM Weak                        Min:  0.0, Avg:  0.0, Max:  0.0, Diff:  0.0, Sum:  0.0, Workers: 4
[155.012s][debug][gc,phases      ] GC(22)     Dead                           Min: 0, Avg:  0.0, Max: 0, Diff: 0, Sum: 0, Workers: 4
[155.012s][debug][gc,phases      ] GC(22)     Total                          Min: 128, Avg: 227.0, Max: 384, Diff: 256, Sum: 908, Workers: 4
[155.012s][debug][gc,phases      ] GC(22)   ObjectSynchronizer Weak        Min:  0.0, Avg:  0.0, Max:  0.0, Diff:  0.0, Sum:  0.0, Workers: 4
[155.012s][debug][gc,phases      ] GC(22)     Dead                           Min: 0, Avg:  0.0, Max: 0, Diff: 0, Sum: 0, Workers: 4
[155.012s][debug][gc,phases      ] GC(22)     Total                          Min: 0, Avg:  1.5, Max: 6, Diff: 6, Sum: 6, Workers: 4
[155.012s][debug][gc,phases      ] GC(22)   JVMTI Tag Weak OopStorage      Min:  0.0, Avg:  0.0, Max:  0.0, Diff:  0.0, Sum:  0.0, Workers: 4
[155.012s][debug][gc,phases      ] GC(22)     Dead                           Min: 0, Avg:  0.0, Max: 0, Diff: 0, Sum: 0, Workers: 4
[155.012s][debug][gc,phases      ] GC(22)     Total                          Min: 0, Avg:  0.0, Max: 0, Diff: 0, Sum: 0, Workers: 4
[155.012s][debug][gc,phases      ] GC(22)   StringTable Weak               Min:  0.2, Avg:  0.2, Max:  0.2, Diff:  0.0, Sum:  0.9, Workers: 4
[155.012s][debug][gc,phases      ] GC(22)     Dead                           Min: 0, Avg:  0.0, Max: 0, Diff: 0, Sum: 0, Workers: 4
[155.012s][debug][gc,phases      ] GC(22)     Total                          Min: 9728, Avg: 11002.0, Max: 12032, Diff: 2304, Sum: 44008, Workers: 4
[155.012s][debug][gc,phases      ] GC(22)   ResolvedMethodTable Weak       Min:  0.1, Avg:  0.1, Max:  0.1, Diff:  0.0, Sum:  0.3, Workers: 4
[155.012s][debug][gc,phases      ] GC(22)     Dead                           Min: 0, Avg:  0.0, Max: 0, Diff: 0, Sum: 0, Workers: 4
[155.012s][debug][gc,phases      ] GC(22)     Total                          Min: 2364, Avg: 2702.2, Max: 2944, Diff: 580, Sum: 10809, Workers: 4
[155.012s][debug][gc,phases      ] GC(22)   JNI Weak                       Min:  0.0, Avg:  0.0, Max:  0.0, Diff:  0.0, Sum:  0.0, Workers: 4
[155.012s][debug][gc,phases      ] GC(22)     Dead                           Min: 0, Avg:  0.0, Max: 0, Diff: 0, Sum: 0, Workers: 4
[155.012s][debug][gc,phases      ] GC(22)     Total                          Min: 0, Avg: 12.0, Max: 48, Diff: 48, Sum: 48, Workers: 4
[155.012s][debug][gc,phases      ] GC(22)   StringDedup Table Weak         Min:  0.0, Avg:  0.0, Max:  0.0, Diff:  0.0, Sum:  0.0, Workers: 4
[155.012s][debug][gc,phases      ] GC(22)     Dead                           Min: 0, Avg:  0.0, Max: 0, Diff: 0, Sum: 0, Workers: 4
[155.012s][debug][gc,phases      ] GC(22)     Total                          Min: 0, Avg:  0.0, Max: 0, Diff: 0, Sum: 0, Workers: 4
[155.012s][debug][gc,phases      ] GC(22)   StringDedup Requests0 Weak     Min:  0.0, Avg:  0.0, Max:  0.0, Diff:  0.0, Sum:  0.0, Workers: 4
[155.012s][debug][gc,phases      ] GC(22)     Dead                           Min: 0, Avg:  0.0, Max: 0, Diff: 0, Sum: 0, Workers: 4
[155.012s][debug][gc,phases      ] GC(22)     Total                          Min: 0, Avg:  0.0, Max: 0, Diff: 0, Sum: 0, Workers: 4
[155.012s][debug][gc,phases      ] GC(22)   StringDedup Requests1 Weak     Min:  0.0, Avg:  0.0, Max:  0.0, Diff:  0.0, Sum:  0.0, Workers: 4
[155.012s][debug][gc,phases      ] GC(22)     Dead                           Min: 0, Avg:  0.0, Max: 0, Diff: 0, Sum: 0, Workers: 4
[155.012s][debug][gc,phases      ] GC(22)     Total                          Min: 0, Avg:  0.0, Max: 0, Diff: 0, Sum: 0, Workers: 4
[155.012s][debug][gc,phases      ] GC(22)   Weak JFR Old Object Samples    Min:  0.0, Avg:  0.0, Max:  0.0, Diff:  0.0, Sum:  0.0, Workers: 4
[155.012s][debug][gc,phases      ] GC(22)     Dead                           Min: 0, Avg:  0.0, Max: 0, Diff: 0, Sum: 0, Workers: 4
[155.012s][debug][gc,phases      ] GC(22)     Total                          Min: 0, Avg:  0.0, Max: 0, Diff: 0, Sum: 0, Workers: 4
[155.012s][debug][gc,phases      ] GC(22) Weak Processing 0.457ms
[155.012s][debug][gc,age         ] GC(22) Desired survivor size 392691712 bytes, new threshold 15 (max threshold 15)
[155.012s][info ][gc,heap        ] GC(22) PSYoungGen: 1553084K(1686016K)->247841K(1713664K) Eden: 1281536K(1281536K)->0K(1315328K) From: 271548K(404480K)->247841K(398336K)
[155.012s][info ][gc,heap        ] GC(22) ParOldGen: 149966K(240128K)->173564K(240128K)
[155.012s][info ][gc,metaspace   ] GC(22) Metaspace: 86910K(88000K)->86910K(88000K) NonClass: 74195K(74752K)->74195K(74752K) Class: 12715K(13248K)->12715K(13248K)
[155.012s][info ][gc             ] GC(22) Pause Young (Allocation Failure) 1663M->411M(1908M) 79.136ms
[155.012s][info ][gc,cpu         ] GC(22) User=0.29s Sys=0.00s Real=0.08s
[155.012s][info ][safepoint      ] Safepoint "ParallelGCFailedAllocation", Time since last: 28941677 ns, Reaching safepoint: 3700 ns, Cleanup: 2500 ns, At safepoint: 79206238 ns, Total: 79212438 ns
[156.012s][info ][safepoint      ] Safepoint "Cleanup", Time since last: 1000079616 ns, Reaching safepoint: 4700 ns, Cleanup: 18100 ns, At safepoint: 1800 ns, Total: 24600 ns
[157.012s][info ][safepoint      ] Safepoint "Cleanup", Time since last: 1000106516 ns, Reaching safepoint: 4400 ns, Cleanup: 8200 ns, At safepoint: 1600 ns, Total: 14200 ns
[159.012s][info ][safepoint      ] Safepoint "Cleanup", Time since last: 2000168632 ns, Reaching safepoint: 4700 ns, Cleanup: 41200 ns, At safepoint: 5800 ns, Total: 51700 ns
[160.012s][info ][safepoint      ] Safepoint "Cleanup", Time since last: 1000116316 ns, Reaching safepoint: 4100 ns, Cleanup: 11700 ns, At safepoint: 1500 ns, Total: 17300 ns
[161.013s][info ][safepoint      ] Safepoint "Cleanup", Time since last: 1000063416 ns, Reaching safepoint: 4100 ns, Cleanup: 44300 ns, At safepoint: 4899 ns, Total: 53299 ns
[162.013s][info ][safepoint      ] Safepoint "Cleanup", Time since last: 1000101116 ns, Reaching safepoint: 4400 ns, Cleanup: 27700 ns, At safepoint: 1800 ns, Total: 33900 ns
[163.013s][info ][safepoint      ] Safepoint "Cleanup", Time since last: 1000106963 ns, Reaching safepoint: 5200 ns, Cleanup: 15500 ns, At safepoint: 2100 ns, Total: 22800 ns
[164.013s][info ][safepoint      ] Safepoint "Cleanup", Time since last: 1000106647 ns, Reaching safepoint: 4600 ns, Cleanup: 17000 ns, At safepoint: 1900 ns, Total: 23500 ns
[165.013s][info ][safepoint      ] Safepoint "Cleanup", Time since last: 1000098947 ns, Reaching safepoint: 4500 ns, Cleanup: 9500 ns, At safepoint: 1600 ns, Total: 15600 ns
[166.013s][info ][safepoint      ] Safepoint "Cleanup", Time since last: 1000102647 ns, Reaching safepoint: 6000 ns, Cleanup: 60800 ns, At safepoint: 5500 ns, Total: 72300 ns
[167.013s][info ][safepoint      ] Safepoint "Cleanup", Time since last: 1000099947 ns, Reaching safepoint: 4400 ns, Cleanup: 13400 ns, At safepoint: 2000 ns, Total: 19800 ns
[168.013s][info ][safepoint      ] Safepoint "Cleanup", Time since last: 1000095747 ns, Reaching safepoint: 4400 ns, Cleanup: 9100 ns, At safepoint: 5600 ns, Total: 19100 ns
[169.014s][info ][safepoint      ] Safepoint "Cleanup", Time since last: 1000101848 ns, Reaching safepoint: 4600 ns, Cleanup: 8300 ns, At safepoint: 1700 ns, Total: 14600 ns
[170.014s][info ][safepoint      ] Safepoint "Cleanup", Time since last: 1000109347 ns, Reaching safepoint: 4500 ns, Cleanup: 9400 ns, At safepoint: 1500 ns, Total: 15400 ns
[170.030s][info ][gc,start       ] GC(23) Pause Young (Allocation Failure)
[170.099s][debug][gc,phases      ] GC(23) Scavenge 68.515ms
[170.099s][debug][gc,ref         ] GC(23) Skipped phase 1 of Reference Processing: no references
[170.099s][debug][gc,ref         ] GC(23) ReferenceProcessor::execute queues: 1, RefProcThreadModel::Single, marks_oops_alive: false
[170.099s][debug][gc,ref         ] GC(23) Skipped phase 3 of Reference Processing: no references
[170.099s][debug][gc,ref         ] GC(23) ReferenceProcessor::execute queues: 1, RefProcThreadModel::Single, marks_oops_alive: false
[170.099s][debug][gc,phases      ] GC(23) Reference Processing 0.124ms
[170.099s][debug][gc,phases      ] GC(23)   VM Weak                        Min:  0.0, Avg:  0.0, Max:  0.0, Diff:  0.0, Sum:  0.0, Workers: 4
[170.099s][debug][gc,phases      ] GC(23)     Dead                           Min: 0, Avg:  0.0, Max: 0, Diff: 0, Sum: 0, Workers: 4
[170.099s][debug][gc,phases      ] GC(23)     Total                          Min: 0, Avg: 227.0, Max: 716, Diff: 716, Sum: 908, Workers: 4
[170.099s][debug][gc,phases      ] GC(23)   ObjectSynchronizer Weak        Min:  0.0, Avg:  0.0, Max:  0.0, Diff:  0.0, Sum:  0.0, Workers: 4
[170.099s][debug][gc,phases      ] GC(23)     Dead                           Min: 0, Avg:  0.0, Max: 0, Diff: 0, Sum: 0, Workers: 4
[170.099s][debug][gc,phases      ] GC(23)     Total                          Min: 0, Avg:  1.5, Max: 6, Diff: 6, Sum: 6, Workers: 4
[170.099s][debug][gc,phases      ] GC(23)   JVMTI Tag Weak OopStorage      Min:  0.0, Avg:  0.0, Max:  0.0, Diff:  0.0, Sum:  0.0, Workers: 4
[170.099s][debug][gc,phases      ] GC(23)     Dead                           Min: 0, Avg:  0.0, Max: 0, Diff: 0, Sum: 0, Workers: 4
[170.100s][debug][gc,phases      ] GC(23)     Total                          Min: 0, Avg:  0.0, Max: 0, Diff: 0, Sum: 0, Workers: 4
[170.100s][debug][gc,phases      ] GC(23)   StringTable Weak               Min:  0.0, Avg:  0.1, Max:  0.2, Diff:  0.2, Sum:  0.5, Workers: 4
[170.100s][debug][gc,phases      ] GC(23)     Dead                           Min: 0, Avg:  0.0, Max: 0, Diff: 0, Sum: 0, Workers: 4
[170.100s][debug][gc,phases      ] GC(23)     Total                          Min: 0, Avg: 11004.2, Max: 18944, Diff: 18944, Sum: 44017, Workers: 4
[170.100s][debug][gc,phases      ] GC(23)   ResolvedMethodTable Weak       Min:  0.0, Avg:  0.0, Max:  0.1, Diff:  0.1, Sum:  0.2, Workers: 4
[170.100s][debug][gc,phases      ] GC(23)     Dead                           Min: 0, Avg:  0.0, Max: 0, Diff: 0, Sum: 0, Workers: 4
[170.100s][debug][gc,phases      ] GC(23)     Total                          Min: 0, Avg: 2703.0, Max: 4543, Diff: 4543, Sum: 10812, Workers: 4
[170.100s][debug][gc,phases      ] GC(23)   JNI Weak                       Min:  0.0, Avg:  0.0, Max:  0.0, Diff:  0.0, Sum:  0.0, Workers: 4
[170.100s][debug][gc,phases      ] GC(23)     Dead                           Min: 0, Avg:  0.0, Max: 0, Diff: 0, Sum: 0, Workers: 4
[170.100s][debug][gc,phases      ] GC(23)     Total                          Min: 0, Avg: 12.0, Max: 48, Diff: 48, Sum: 48, Workers: 4
[170.100s][debug][gc,phases      ] GC(23)   StringDedup Table Weak         Min:  0.0, Avg:  0.0, Max:  0.0, Diff:  0.0, Sum:  0.0, Workers: 4
[170.100s][debug][gc,phases      ] GC(23)     Dead                           Min: 0, Avg:  0.0, Max: 0, Diff: 0, Sum: 0, Workers: 4
[170.100s][debug][gc,phases      ] GC(23)     Total                          Min: 0, Avg:  0.0, Max: 0, Diff: 0, Sum: 0, Workers: 4
[170.100s][debug][gc,phases      ] GC(23)   StringDedup Requests0 Weak     Min:  0.0, Avg:  0.0, Max:  0.0, Diff:  0.0, Sum:  0.0, Workers: 4
[170.100s][debug][gc,phases      ] GC(23)     Dead                           Min: 0, Avg:  0.0, Max: 0, Diff: 0, Sum: 0, Workers: 4
[170.100s][debug][gc,phases      ] GC(23)     Total                          Min: 0, Avg:  0.0, Max: 0, Diff: 0, Sum: 0, Workers: 4
[170.100s][debug][gc,phases      ] GC(23)   StringDedup Requests1 Weak     Min:  0.0, Avg:  0.0, Max:  0.0, Diff:  0.0, Sum:  0.0, Workers: 4
[170.100s][debug][gc,phases      ] GC(23)     Dead                           Min: 0, Avg:  0.0, Max: 0, Diff: 0, Sum: 0, Workers: 4
[170.100s][debug][gc,phases      ] GC(23)     Total                          Min: 0, Avg:  0.0, Max: 0, Diff: 0, Sum: 0, Workers: 4
[170.100s][debug][gc,phases      ] GC(23)   Weak JFR Old Object Samples    Min:  0.0, Avg:  0.0, Max:  0.0, Diff:  0.0, Sum:  0.0, Workers: 4
[170.100s][debug][gc,phases      ] GC(23)     Dead                           Min: 0, Avg:  0.0, Max: 0, Diff: 0, Sum: 0, Workers: 4
[170.100s][debug][gc,phases      ] GC(23)     Total                          Min: 0, Avg:  0.0, Max: 0, Diff: 0, Sum: 0, Workers: 4
[170.100s][debug][gc,phases      ] GC(23) Weak Processing 0.409ms
[170.100s][debug][gc,age         ] GC(23) Desired survivor size 384827392 bytes, new threshold 15 (max threshold 15)
[170.100s][info ][gc,heap        ] GC(23) PSYoungGen: 1563169K(1713664K)->215612K(1698816K) Eden: 1315328K(1315328K)->0K(1315328K) From: 247841K(398336K)->215612K(383488K)
[170.100s][info ][gc,heap        ] GC(23) ParOldGen: 173564K(240128K)->208727K(240128K)
[170.100s][info ][gc,metaspace   ] GC(23) Metaspace: 86947K(88064K)->86947K(88064K) NonClass: 74230K(74816K)->74230K(74816K) Class: 12716K(13248K)->12716K(13248K)
[170.100s][info ][gc             ] GC(23) Pause Young (Allocation Failure) 1696M->414M(1893M) 69.148ms
[170.100s][info ][gc,cpu         ] GC(23) User=0.24s Sys=0.00s Real=0.07s
[170.100s][debug][gc,phases      ] GC(24) Pre Compact 0.008ms
[170.100s][info ][gc,start       ] GC(24) Pause Full (Ergonomics)
[170.100s][info ][gc,phases,start] GC(24) Marking Phase
[170.211s][debug][gc,phases      ] GC(24) Par Mark 111.305ms
[170.211s][debug][gc,ref         ] GC(24) Skipped phase 1 of Reference Processing: no references
[170.211s][debug][gc,ref         ] GC(24) ReferenceProcessor::execute queues: 4, RefProcThreadModel::Multi, marks_oops_alive: false
[170.212s][debug][gc,ref         ] GC(24) ReferenceProcessor::execute queues: 4, RefProcThreadModel::Multi, marks_oops_alive: true
[170.212s][debug][gc,ref         ] GC(24) ReferenceProcessor::execute queues: 1, RefProcThreadModel::Single, marks_oops_alive: false
[170.212s][debug][gc,phases      ] GC(24) Reference Processing 1.353ms
[170.213s][debug][gc,phases      ] GC(24)   VM Weak                        Min:  0.0, Avg:  0.0, Max:  0.0, Diff:  0.0, Sum:  0.0, Workers: 4
[170.213s][debug][gc,phases      ] GC(24)     Dead                           Min: 0, Avg:  0.0, Max: 0, Diff: 0, Sum: 0, Workers: 4
[170.213s][debug][gc,phases      ] GC(24)     Total                          Min: 0, Avg: 227.0, Max: 460, Diff: 460, Sum: 908, Workers: 4
[170.213s][debug][gc,phases      ] GC(24)   ObjectSynchronizer Weak        Min:  0.0, Avg:  0.0, Max:  0.0, Diff:  0.0, Sum:  0.0, Workers: 4
[170.213s][debug][gc,phases      ] GC(24)     Dead                           Min: 0, Avg:  0.0, Max: 0, Diff: 0, Sum: 0, Workers: 4
[170.213s][debug][gc,phases      ] GC(24)     Total                          Min: 0, Avg:  1.5, Max: 6, Diff: 6, Sum: 6, Workers: 4
[170.213s][debug][gc,phases      ] GC(24)   JVMTI Tag Weak OopStorage      Min:  0.0, Avg:  0.0, Max:  0.0, Diff:  0.0, Sum:  0.0, Workers: 4
[170.213s][debug][gc,phases      ] GC(24)     Dead                           Min: 0, Avg:  0.0, Max: 0, Diff: 0, Sum: 0, Workers: 4
[170.213s][debug][gc,phases      ] GC(24)     Total                          Min: 0, Avg:  0.0, Max: 0, Diff: 0, Sum: 0, Workers: 4
[170.213s][debug][gc,phases      ] GC(24)   StringTable Weak               Min:  0.1, Avg:  0.1, Max:  0.2, Diff:  0.0, Sum:  0.6, Workers: 4
[170.213s][debug][gc,phases      ] GC(24)     Dead                           Min: 0, Avg:  0.0, Max: 0, Diff: 0, Sum: 0, Workers: 4
[170.213s][debug][gc,phases      ] GC(24)     Total                          Min: 10624, Avg: 11004.2, Max: 11520, Diff: 896, Sum: 44017, Workers: 4
[170.213s][debug][gc,phases      ] GC(24)   ResolvedMethodTable Weak       Min:  0.0, Avg:  0.0, Max:  0.0, Diff:  0.0, Sum:  0.1, Workers: 4
[170.213s][debug][gc,phases      ] GC(24)     Dead                           Min: 0, Avg:  0.0, Max: 0, Diff: 0, Sum: 0, Workers: 4
[170.213s][debug][gc,phases      ] GC(24)     Total                          Min: 1408, Avg: 2703.0, Max: 3261, Diff: 1853, Sum: 10812, Workers: 4
[170.213s][debug][gc,phases      ] GC(24)   JNI Weak                       Min:  0.0, Avg:  0.0, Max:  0.0, Diff:  0.0, Sum:  0.0, Workers: 4
[170.213s][debug][gc,phases      ] GC(24)     Dead                           Min: 0, Avg:  0.0, Max: 0, Diff: 0, Sum: 0, Workers: 4
[170.213s][debug][gc,phases      ] GC(24)     Total                          Min: 0, Avg: 12.0, Max: 48, Diff: 48, Sum: 48, Workers: 4
[170.213s][debug][gc,phases      ] GC(24)   StringDedup Table Weak         Min:  0.0, Avg:  0.0, Max:  0.0, Diff:  0.0, Sum:  0.0, Workers: 4
[170.213s][debug][gc,phases      ] GC(24)     Dead                           Min: 0, Avg:  0.0, Max: 0, Diff: 0, Sum: 0, Workers: 4
[170.213s][debug][gc,phases      ] GC(24)     Total                          Min: 0, Avg:  0.0, Max: 0, Diff: 0, Sum: 0, Workers: 4
[170.213s][debug][gc,phases      ] GC(24)   StringDedup Requests0 Weak     Min:  0.0, Avg:  0.0, Max:  0.0, Diff:  0.0, Sum:  0.0, Workers: 4
[170.213s][debug][gc,phases      ] GC(24)     Dead                           Min: 0, Avg:  0.0, Max: 0, Diff: 0, Sum: 0, Workers: 4
[170.213s][debug][gc,phases      ] GC(24)     Total                          Min: 0, Avg:  0.0, Max: 0, Diff: 0, Sum: 0, Workers: 4
[170.213s][debug][gc,phases      ] GC(24)   StringDedup Requests1 Weak     Min:  0.0, Avg:  0.0, Max:  0.0, Diff:  0.0, Sum:  0.0, Workers: 4
[170.213s][debug][gc,phases      ] GC(24)     Dead                           Min: 0, Avg:  0.0, Max: 0, Diff: 0, Sum: 0, Workers: 4
[170.213s][debug][gc,phases      ] GC(24)     Total                          Min: 0, Avg:  0.0, Max: 0, Diff: 0, Sum: 0, Workers: 4
[170.213s][debug][gc,phases      ] GC(24)   Weak JFR Old Object Samples    Min:  0.0, Avg:  0.0, Max:  0.0, Diff:  0.0, Sum:  0.0, Workers: 4
[170.213s][debug][gc,phases      ] GC(24)     Dead                           Min: 0, Avg:  0.0, Max: 0, Diff: 0, Sum: 0, Workers: 4
[170.213s][debug][gc,phases      ] GC(24)     Total                          Min: 0, Avg:  0.0, Max: 0, Diff: 0, Sum: 0, Workers: 4
[170.213s][debug][gc,phases      ] GC(24) Weak Processing 0.387ms
[170.213s][debug][gc,phases      ] GC(24) ClassLoaderData 0.100ms
[170.213s][debug][gc,phases      ] GC(24) Trigger cleanups 0.000ms
[170.231s][debug][gc,phases      ] GC(24) Class Unloading 18.608ms
[170.232s][debug][gc,phases      ] GC(24) Report Object Count 0.001ms
[170.232s][info ][gc,phases      ] GC(24) Marking Phase 131.853ms
[170.232s][info ][gc,phases,start] GC(24) Summary Phase
[170.232s][info ][gc,phases      ] GC(24) Summary Phase 0.009ms
[170.232s][info ][gc,phases,start] GC(24) Adjust Roots
[170.250s][info ][gc,phases      ] GC(24) Adjust Roots 18.246ms
[170.250s][info ][gc,phases,start] GC(24) Compaction Phase
[170.498s][info ][gc,phases      ] GC(24) Compaction Phase 248.484ms
[170.498s][info ][gc,phases,start] GC(24) Post Compact
[170.502s][info ][gc,phases      ] GC(24) Post Compact 3.670ms
[170.502s][info ][gc,heap        ] GC(24) PSYoungGen: 215612K(1698816K)->176853K(1698816K) Eden: 0K(1315328K)->0K(1315328K) From: 215612K(383488K)->176853K(383488K)
[170.502s][info ][gc,heap        ] GC(24) ParOldGen: 208727K(240128K)->240023K(322560K)
[170.502s][info ][gc,metaspace   ] GC(24) Metaspace: 86947K(88064K)->86947K(88064K) NonClass: 74230K(74816K)->74230K(74816K) Class: 12716K(13248K)->12716K(13248K)
[170.502s][info ][gc             ] GC(24) Pause Full (Ergonomics) 414M->407M(1974M) 402.548ms
[170.502s][info ][gc,cpu         ] GC(24) User=1.35s Sys=0.01s Real=0.40s
[170.502s][info ][safepoint      ] Safepoint "ParallelGCFailedAllocation", Time since last: 16652984 ns, Reaching safepoint: 73700 ns, Cleanup: 2300 ns, At safepoint: 471812150 ns, Total: 471888150 ns
[171.502s][info ][safepoint      ] Safepoint "Cleanup", Time since last: 1000093054 ns, Reaching safepoint: 5200 ns, Cleanup: 12400 ns, At safepoint: 2000 ns, Total: 19600 ns
[172.502s][info ][safepoint      ] Safepoint "Cleanup", Time since last: 1000102281 ns, Reaching safepoint: 4900 ns, Cleanup: 14300 ns, At safepoint: 1900 ns, Total: 21100 ns
[173.696s][info ][safepoint      ] Safepoint "Cleanup", Time since last: 1193604523 ns, Reaching safepoint: 3100 ns, Cleanup: 11000 ns, At safepoint: 8600 ns, Total: 22700 ns
[174.696s][info ][safepoint      ] Safepoint "Cleanup", Time since last: 1000098381 ns, Reaching safepoint: 4900 ns, Cleanup: 29700 ns, At safepoint: 1900 ns, Total: 36500 ns
[175.696s][info ][safepoint      ] Safepoint "Cleanup", Time since last: 1000103081 ns, Reaching safepoint: 4800 ns, Cleanup: 6200 ns, At safepoint: 1600 ns, Total: 12600 ns
[176.696s][info ][safepoint      ] Safepoint "Cleanup", Time since last: 1000090481 ns, Reaching safepoint: 4500 ns, Cleanup: 11200 ns, At safepoint: 1600 ns, Total: 17300 ns
[178.224s][info ][safepoint      ] Safepoint "Cleanup", Time since last: 1527689749 ns, Reaching safepoint: 4600 ns, Cleanup: 20600 ns, At safepoint: 1700 ns, Total: 26900 ns
[179.224s][info ][safepoint      ] Safepoint "Cleanup", Time since last: 1000099063 ns, Reaching safepoint: 4700 ns, Cleanup: 8900 ns, At safepoint: 1700 ns, Total: 15300 ns
[181.072s][info ][safepoint      ] Safepoint "Cleanup", Time since last: 1847777685 ns, Reaching safepoint: 5900 ns, Cleanup: 34200 ns, At safepoint: 2200 ns, Total: 42300 ns
[182.072s][info ][safepoint      ] Safepoint "Cleanup", Time since last: 1000099542 ns, Reaching safepoint: 4100 ns, Cleanup: 13999 ns, At safepoint: 1500 ns, Total: 19599 ns
[183.072s][info ][safepoint      ] Safepoint "Cleanup", Time since last: 1000091542 ns, Reaching safepoint: 4400 ns, Cleanup: 10100 ns, At safepoint: 1900 ns, Total: 16400 ns
[184.072s][info ][safepoint      ] Safepoint "Cleanup", Time since last: 1000105442 ns, Reaching safepoint: 3700 ns, Cleanup: 14000 ns, At safepoint: 1400 ns, Total: 19100 ns
[185.577s][info ][gc,start       ] GC(25) Pause Young (Allocation Failure)
[185.641s][debug][gc,phases      ] GC(25) Scavenge 64.289ms
[185.641s][debug][gc,ref         ] GC(25) Skipped phase 1 of Reference Processing: no references
[185.642s][debug][gc,ref         ] GC(25) ReferenceProcessor::execute queues: 1, RefProcThreadModel::Single, marks_oops_alive: false
[185.642s][debug][gc,ref         ] GC(25) Skipped phase 3 of Reference Processing: no references
[185.642s][debug][gc,ref         ] GC(25) ReferenceProcessor::execute queues: 1, RefProcThreadModel::Single, marks_oops_alive: false
[185.642s][debug][gc,phases      ] GC(25) Reference Processing 0.113ms
[185.642s][debug][gc,phases      ] GC(25)   VM Weak                        Min:  0.0, Avg:  0.0, Max:  0.0, Diff:  0.0, Sum:  0.0, Workers: 4
[185.642s][debug][gc,phases      ] GC(25)     Dead                           Min: 0, Avg:  0.0, Max: 0, Diff: 0, Sum: 0, Workers: 4
[185.642s][debug][gc,phases      ] GC(25)     Total                          Min: 0, Avg: 227.0, Max: 460, Diff: 460, Sum: 908, Workers: 4
[185.642s][debug][gc,phases      ] GC(25)   ObjectSynchronizer Weak        Min:  0.0, Avg:  0.0, Max:  0.0, Diff:  0.0, Sum:  0.0, Workers: 4
[185.642s][debug][gc,phases      ] GC(25)     Dead                           Min: 0, Avg:  0.0, Max: 0, Diff: 0, Sum: 0, Workers: 4
[185.642s][debug][gc,phases      ] GC(25)     Total                          Min: 0, Avg:  1.5, Max: 6, Diff: 6, Sum: 6, Workers: 4
[185.642s][debug][gc,phases      ] GC(25)   JVMTI Tag Weak OopStorage      Min:  0.0, Avg:  0.0, Max:  0.0, Diff:  0.0, Sum:  0.0, Workers: 4
[185.642s][debug][gc,phases      ] GC(25)     Dead                           Min: 0, Avg:  0.0, Max: 0, Diff: 0, Sum: 0, Workers: 4
[185.642s][debug][gc,phases      ] GC(25)     Total                          Min: 0, Avg:  0.0, Max: 0, Diff: 0, Sum: 0, Workers: 4
[185.642s][debug][gc,phases      ] GC(25)   StringTable Weak               Min:  0.0, Avg:  0.1, Max:  0.2, Diff:  0.2, Sum:  0.4, Workers: 4
[185.642s][debug][gc,phases      ] GC(25)     Dead                           Min: 0, Avg:  0.0, Max: 0, Diff: 0, Sum: 0, Workers: 4
[185.642s][debug][gc,phases      ] GC(25)     Total                          Min: 0, Avg: 11014.5, Max: 15770, Diff: 15770, Sum: 44058, Workers: 4
[185.642s][debug][gc,phases      ] GC(25)   ResolvedMethodTable Weak       Min:  0.0, Avg:  0.0, Max:  0.0, Diff:  0.0, Sum:  0.1, Workers: 4
[185.642s][debug][gc,phases      ] GC(25)     Dead                           Min: 0, Avg:  0.0, Max: 0, Diff: 0, Sum: 0, Workers: 4
[185.642s][debug][gc,phases      ] GC(25)     Total                          Min: 0, Avg: 2703.8, Max: 3840, Diff: 3840, Sum: 10815, Workers: 4
[185.642s][debug][gc,phases      ] GC(25)   JNI Weak                       Min:  0.0, Avg:  0.0, Max:  0.0, Diff:  0.0, Sum:  0.0, Workers: 4
[185.642s][debug][gc,phases      ] GC(25)     Dead                           Min: 0, Avg:  0.0, Max: 0, Diff: 0, Sum: 0, Workers: 4
[185.642s][debug][gc,phases      ] GC(25)     Total                          Min: 0, Avg: 12.0, Max: 48, Diff: 48, Sum: 48, Workers: 4
[185.642s][debug][gc,phases      ] GC(25)   StringDedup Table Weak         Min:  0.0, Avg:  0.0, Max:  0.0, Diff:  0.0, Sum:  0.0, Workers: 4
[185.642s][debug][gc,phases      ] GC(25)     Dead                           Min: 0, Avg:  0.0, Max: 0, Diff: 0, Sum: 0, Workers: 4
[185.642s][debug][gc,phases      ] GC(25)     Total                          Min: 0, Avg:  0.0, Max: 0, Diff: 0, Sum: 0, Workers: 4
[185.642s][debug][gc,phases      ] GC(25)   StringDedup Requests0 Weak     Min:  0.0, Avg:  0.0, Max:  0.0, Diff:  0.0, Sum:  0.0, Workers: 4
[185.642s][debug][gc,phases      ] GC(25)     Dead                           Min: 0, Avg:  0.0, Max: 0, Diff: 0, Sum: 0, Workers: 4
[185.642s][debug][gc,phases      ] GC(25)     Total                          Min: 0, Avg:  0.0, Max: 0, Diff: 0, Sum: 0, Workers: 4
[185.642s][debug][gc,phases      ] GC(25)   StringDedup Requests1 Weak     Min:  0.0, Avg:  0.0, Max:  0.0, Diff:  0.0, Sum:  0.0, Workers: 4
[185.642s][debug][gc,phases      ] GC(25)     Dead                           Min: 0, Avg:  0.0, Max: 0, Diff: 0, Sum: 0, Workers: 4
[185.642s][debug][gc,phases      ] GC(25)     Total                          Min: 0, Avg:  0.0, Max: 0, Diff: 0, Sum: 0, Workers: 4
[185.642s][debug][gc,phases      ] GC(25)   Weak JFR Old Object Samples    Min:  0.0, Avg:  0.0, Max:  0.0, Diff:  0.0, Sum:  0.0, Workers: 4
[185.642s][debug][gc,phases      ] GC(25)     Dead                           Min: 0, Avg:  0.0, Max: 0, Diff: 0, Sum: 0, Workers: 4
[185.642s][debug][gc,phases      ] GC(25)     Total                          Min: 0, Avg:  0.0, Max: 0, Diff: 0, Sum: 0, Workers: 4
[185.642s][debug][gc,phases      ] GC(25) Weak Processing 0.357ms
[185.642s][debug][gc,age         ] GC(25) Desired survivor size 385875968 bytes, new threshold 15 (max threshold 15)
[185.642s][info ][gc,heap        ] GC(25) PSYoungGen: 1492181K(1698816K)->161745K(1719296K) Eden: 1315328K(1315328K)->0K(1343488K) From: 176853K(383488K)->161745K(375808K)
[185.642s][info ][gc,heap        ] GC(25) ParOldGen: 240023K(322560K)->262599K(322560K)
[185.642s][info ][gc,metaspace   ] GC(25) Metaspace: 86971K(88064K)->86971K(88064K) NonClass: 74252K(74816K)->74252K(74816K) Class: 12719K(13248K)->12719K(13248K)
[185.642s][info ][gc             ] GC(25) Pause Young (Allocation Failure) 1691M->414M(1994M) 64.885ms
[185.642s][info ][gc,cpu         ] GC(25) User=0.22s Sys=0.00s Real=0.06s
[185.642s][info ][safepoint      ] Safepoint "ParallelGCFailedAllocation", Time since last: 1504468610 ns, Reaching safepoint: 74600 ns, Cleanup: 8100 ns, At safepoint: 64957058 ns, Total: 65039758 ns
[187.642s][info ][safepoint      ] Safepoint "Cleanup", Time since last: 2000160958 ns, Reaching safepoint: 4600 ns, Cleanup: 11500 ns, At safepoint: 1500 ns, Total: 17600 ns
[188.642s][info ][safepoint      ] Safepoint "Cleanup", Time since last: 1000107889 ns, Reaching safepoint: 5200 ns, Cleanup: 7700 ns, At safepoint: 5600 ns, Total: 18500 ns
[189.642s][info ][safepoint      ] Safepoint "Cleanup", Time since last: 1000118390 ns, Reaching safepoint: 5200 ns, Cleanup: 17000 ns, At safepoint: 2200 ns, Total: 24400 ns
[190.643s][info ][safepoint      ] Safepoint "Cleanup", Time since last: 1000103590 ns, Reaching safepoint: 4000 ns, Cleanup: 9700 ns, At safepoint: 1300 ns, Total: 15000 ns
[192.643s][info ][safepoint      ] Safepoint "Cleanup", Time since last: 2000148379 ns, Reaching safepoint: 4400 ns, Cleanup: 7100 ns, At safepoint: 1700 ns, Total: 13200 ns
[193.643s][info ][safepoint      ] Safepoint "Cleanup", Time since last: 1000095790 ns, Reaching safepoint: 5200 ns, Cleanup: 13200 ns, At safepoint: 2000 ns, Total: 20400 ns
[194.643s][info ][safepoint      ] Safepoint "Cleanup", Time since last: 1000090090 ns, Reaching safepoint: 5000 ns, Cleanup: 9100 ns, At safepoint: 4300 ns, Total: 18400 ns
[196.643s][info ][safepoint      ] Safepoint "Cleanup", Time since last: 2000172369 ns, Reaching safepoint: 4500 ns, Cleanup: 6400 ns, At safepoint: 1400 ns, Total: 12300 ns
[198.643s][info ][safepoint      ] Safepoint "Cleanup", Time since last: 2000163173 ns, Reaching safepoint: 4600 ns, Cleanup: 12300 ns, At safepoint: 5200 ns, Total: 22100 ns
[200.643s][info ][safepoint      ] Safepoint "Cleanup", Time since last: 2000097773 ns, Reaching safepoint: 4500 ns, Cleanup: 26800 ns, At safepoint: 2100 ns, Total: 33400 ns
[202.644s][info ][safepoint      ] Safepoint "Cleanup", Time since last: 2000164874 ns, Reaching safepoint: 4000 ns, Cleanup: 10400 ns, At safepoint: 1900 ns, Total: 16300 ns
[202.677s][info ][gc,start       ] GC(26) Pause Young (Allocation Failure)
[202.719s][debug][gc,phases      ] GC(26) Scavenge 42.034ms
[202.720s][debug][gc,ref         ] GC(26) Skipped phase 1 of Reference Processing: no references
[202.720s][debug][gc,ref         ] GC(26) ReferenceProcessor::execute queues: 1, RefProcThreadModel::Single, marks_oops_alive: false
[202.720s][debug][gc,ref         ] GC(26) Skipped phase 3 of Reference Processing: no references
[202.720s][debug][gc,ref         ] GC(26) Skipped phase 4 of Reference Processing: no references
[202.720s][debug][gc,phases      ] GC(26) Reference Processing 0.118ms
[202.720s][debug][gc,phases      ] GC(26)   VM Weak                        Min:  0.0, Avg:  0.0, Max:  0.0, Diff:  0.0, Sum:  0.0, Workers: 4
[202.720s][debug][gc,phases      ] GC(26)     Dead                           Min: 0, Avg:  0.0, Max: 0, Diff: 0, Sum: 0, Workers: 4
[202.720s][debug][gc,phases      ] GC(26)     Total                          Min: 0, Avg: 227.0, Max: 716, Diff: 716, Sum: 908, Workers: 4
[202.720s][debug][gc,phases      ] GC(26)   ObjectSynchronizer Weak        Min:  0.0, Avg:  0.0, Max:  0.0, Diff:  0.0, Sum:  0.0, Workers: 4
[202.720s][debug][gc,phases      ] GC(26)     Dead                           Min: 0, Avg:  0.0, Max: 0, Diff: 0, Sum: 0, Workers: 4
[202.720s][debug][gc,phases      ] GC(26)     Total                          Min: 0, Avg:  1.5, Max: 6, Diff: 6, Sum: 6, Workers: 4
[202.720s][debug][gc,phases      ] GC(26)   JVMTI Tag Weak OopStorage      Min:  0.0, Avg:  0.0, Max:  0.0, Diff:  0.0, Sum:  0.0, Workers: 4
[202.720s][debug][gc,phases      ] GC(26)     Dead                           Min: 0, Avg:  0.0, Max: 0, Diff: 0, Sum: 0, Workers: 4
[202.720s][debug][gc,phases      ] GC(26)     Total                          Min: 0, Avg:  0.0, Max: 0, Diff: 0, Sum: 0, Workers: 4
[202.720s][debug][gc,phases      ] GC(26)   StringTable Weak               Min:  0.0, Avg:  0.1, Max:  0.1, Diff:  0.1, Sum:  0.4, Workers: 4
[202.720s][debug][gc,phases      ] GC(26)     Dead                           Min: 0, Avg:  0.0, Max: 0, Diff: 0, Sum: 0, Workers: 4
[202.720s][debug][gc,phases      ] GC(26)     Total                          Min: 0, Avg: 11014.5, Max: 19354, Diff: 19354, Sum: 44058, Workers: 4
[202.720s][debug][gc,phases      ] GC(26)   ResolvedMethodTable Weak       Min:  0.0, Avg:  0.0, Max:  0.0, Diff:  0.0, Sum:  0.1, Workers: 4
[202.720s][debug][gc,phases      ] GC(26)     Dead                           Min: 0, Avg:  0.0, Max: 0, Diff: 0, Sum: 0, Workers: 4
[202.720s][debug][gc,phases      ] GC(26)     Total                          Min: 0, Avg: 2703.8, Max: 3776, Diff: 3776, Sum: 10815, Workers: 4
[202.720s][debug][gc,phases      ] GC(26)   JNI Weak                       Min:  0.0, Avg:  0.0, Max:  0.0, Diff:  0.0, Sum:  0.0, Workers: 4
[202.720s][debug][gc,phases      ] GC(26)     Dead                           Min: 0, Avg:  0.0, Max: 0, Diff: 0, Sum: 0, Workers: 4
[202.720s][debug][gc,phases      ] GC(26)     Total                          Min: 0, Avg: 12.0, Max: 48, Diff: 48, Sum: 48, Workers: 4
[202.720s][debug][gc,phases      ] GC(26)   StringDedup Table Weak         Min:  0.0, Avg:  0.0, Max:  0.0, Diff:  0.0, Sum:  0.0, Workers: 4
[202.720s][debug][gc,phases      ] GC(26)     Dead                           Min: 0, Avg:  0.0, Max: 0, Diff: 0, Sum: 0, Workers: 4
[202.720s][debug][gc,phases      ] GC(26)     Total                          Min: 0, Avg:  0.0, Max: 0, Diff: 0, Sum: 0, Workers: 4
[202.720s][debug][gc,phases      ] GC(26)   StringDedup Requests0 Weak     Min:  0.0, Avg:  0.0, Max:  0.0, Diff:  0.0, Sum:  0.0, Workers: 4
[202.720s][debug][gc,phases      ] GC(26)     Dead                           Min: 0, Avg:  0.0, Max: 0, Diff: 0, Sum: 0, Workers: 4
[202.720s][debug][gc,phases      ] GC(26)     Total                          Min: 0, Avg:  0.0, Max: 0, Diff: 0, Sum: 0, Workers: 4
[202.720s][debug][gc,phases      ] GC(26)   StringDedup Requests1 Weak     Min:  0.0, Avg:  0.0, Max:  0.0, Diff:  0.0, Sum:  0.0, Workers: 4
[202.720s][debug][gc,phases      ] GC(26)     Dead                           Min: 0, Avg:  0.0, Max: 0, Diff: 0, Sum: 0, Workers: 4
[202.720s][debug][gc,phases      ] GC(26)     Total                          Min: 0, Avg:  0.0, Max: 0, Diff: 0, Sum: 0, Workers: 4
[202.720s][debug][gc,phases      ] GC(26)   Weak JFR Old Object Samples    Min:  0.0, Avg:  0.0, Max:  0.0, Diff:  0.0, Sum:  0.0, Workers: 4
[202.720s][debug][gc,phases      ] GC(26)     Dead                           Min: 0, Avg:  0.0, Max: 0, Diff: 0, Sum: 0, Workers: 4
[202.720s][debug][gc,phases      ] GC(26)     Total                          Min: 0, Avg:  0.0, Max: 0, Diff: 0, Sum: 0, Workers: 4
[202.720s][debug][gc,phases      ] GC(26) Weak Processing 0.363ms
[202.720s][debug][gc,age         ] GC(26) Desired survivor size 392691712 bytes, new threshold 15 (max threshold 15)
[202.720s][info ][gc,heap        ] GC(26) PSYoungGen: 1505233K(1719296K)->116577K(1460224K) Eden: 1343488K(1343488K)->0K(1343488K) From: 161745K(375808K)->116577K(116736K)
[202.720s][info ][gc,heap        ] GC(26) ParOldGen: 262599K(322560K)->309671K(322560K)
[202.720s][info ][gc,metaspace   ] GC(26) Metaspace: 87008K(88064K)->87008K(88064K) NonClass: 74288K(74816K)->74288K(74816K) Class: 12719K(13248K)->12719K(13248K)
[202.720s][info ][gc             ] GC(26) Pause Young (Allocation Failure) 1726M->416M(1741M) 42.630ms
[202.720s][info ][gc,cpu         ] GC(26) User=0.15s Sys=0.01s Real=0.04s
[202.720s][debug][gc,phases      ] GC(27) Pre Compact 0.008ms
[202.720s][info ][gc,start       ] GC(27) Pause Full (Ergonomics)
[202.720s][info ][gc,phases,start] GC(27) Marking Phase
[202.829s][debug][gc,phases      ] GC(27) Par Mark 109.174ms
[202.829s][debug][gc,ref         ] GC(27) Skipped phase 1 of Reference Processing: no references
[202.830s][debug][gc,ref         ] GC(27) ReferenceProcessor::execute queues: 4, RefProcThreadModel::Multi, marks_oops_alive: false
[202.830s][debug][gc,ref         ] GC(27) Skipped phase 3 of Reference Processing: no references
[202.830s][debug][gc,ref         ] GC(27) ReferenceProcessor::execute queues: 1, RefProcThreadModel::Single, marks_oops_alive: false
[202.830s][debug][gc,phases      ] GC(27) Reference Processing 0.461ms
[202.830s][debug][gc,phases      ] GC(27)   VM Weak                        Min:  0.0, Avg:  0.0, Max:  0.0, Diff:  0.0, Sum:  0.0, Workers: 4
[202.830s][debug][gc,phases      ] GC(27)     Dead                           Min: 0, Avg:  0.0, Max: 0, Diff: 0, Sum: 0, Workers: 4
[202.830s][debug][gc,phases      ] GC(27)     Total                          Min: 0, Avg: 227.0, Max: 448, Diff: 448, Sum: 908, Workers: 4
[202.830s][debug][gc,phases      ] GC(27)   ObjectSynchronizer Weak        Min:  0.0, Avg:  0.0, Max:  0.0, Diff:  0.0, Sum:  0.0, Workers: 4
[202.830s][debug][gc,phases      ] GC(27)     Dead                           Min: 0, Avg:  0.0, Max: 0, Diff: 0, Sum: 0, Workers: 4
[202.830s][debug][gc,phases      ] GC(27)     Total                          Min: 0, Avg:  1.5, Max: 6, Diff: 6, Sum: 6, Workers: 4
[202.830s][debug][gc,phases      ] GC(27)   JVMTI Tag Weak OopStorage      Min:  0.0, Avg:  0.0, Max:  0.0, Diff:  0.0, Sum:  0.0, Workers: 4
[202.830s][debug][gc,phases      ] GC(27)     Dead                           Min: 0, Avg:  0.0, Max: 0, Diff: 0, Sum: 0, Workers: 4
[202.830s][debug][gc,phases      ] GC(27)     Total                          Min: 0, Avg:  0.0, Max: 0, Diff: 0, Sum: 0, Workers: 4
[202.830s][debug][gc,phases      ] GC(27)   StringTable Weak               Min:  0.1, Avg:  0.2, Max:  0.2, Diff:  0.2, Sum:  0.7, Workers: 4
[202.830s][debug][gc,phases      ] GC(27)     Dead                           Min: 0, Avg:  0.0, Max: 0, Diff: 0, Sum: 0, Workers: 4
[202.830s][debug][gc,phases      ] GC(27)     Total                          Min: 5760, Avg: 11014.5, Max: 17818, Diff: 12058, Sum: 44058, Workers: 4
[202.830s][debug][gc,phases      ] GC(27)   ResolvedMethodTable Weak       Min:  0.0, Avg:  0.0, Max:  0.0, Diff:  0.0, Sum:  0.1, Workers: 4
[202.830s][debug][gc,phases      ] GC(27)     Dead                           Min: 0, Avg:  0.0, Max: 0, Diff: 0, Sum: 0, Workers: 4
[202.830s][debug][gc,phases      ] GC(27)     Total                          Min: 0, Avg: 2703.8, Max: 4224, Diff: 4224, Sum: 10815, Workers: 4
[202.830s][debug][gc,phases      ] GC(27)   JNI Weak                       Min:  0.0, Avg:  0.0, Max:  0.0, Diff:  0.0, Sum:  0.0, Workers: 4
[202.830s][debug][gc,phases      ] GC(27)     Dead                           Min: 0, Avg:  0.0, Max: 0, Diff: 0, Sum: 0, Workers: 4
[202.830s][debug][gc,phases      ] GC(27)     Total                          Min: 0, Avg: 12.0, Max: 48, Diff: 48, Sum: 48, Workers: 4
[202.830s][debug][gc,phases      ] GC(27)   StringDedup Table Weak         Min:  0.0, Avg:  0.0, Max:  0.0, Diff:  0.0, Sum:  0.0, Workers: 4
[202.830s][debug][gc,phases      ] GC(27)     Dead                           Min: 0, Avg:  0.0, Max: 0, Diff: 0, Sum: 0, Workers: 4
[202.830s][debug][gc,phases      ] GC(27)     Total                          Min: 0, Avg:  0.0, Max: 0, Diff: 0, Sum: 0, Workers: 4
[202.830s][debug][gc,phases      ] GC(27)   StringDedup Requests0 Weak     Min:  0.0, Avg:  0.0, Max:  0.0, Diff:  0.0, Sum:  0.0, Workers: 4
[202.830s][debug][gc,phases      ] GC(27)     Dead                           Min: 0, Avg:  0.0, Max: 0, Diff: 0, Sum: 0, Workers: 4
[202.830s][debug][gc,phases      ] GC(27)     Total                          Min: 0, Avg:  0.0, Max: 0, Diff: 0, Sum: 0, Workers: 4
[202.830s][debug][gc,phases      ] GC(27)   StringDedup Requests1 Weak     Min:  0.0, Avg:  0.0, Max:  0.0, Diff:  0.0, Sum:  0.0, Workers: 4
[202.830s][debug][gc,phases      ] GC(27)     Dead                           Min: 0, Avg:  0.0, Max: 0, Diff: 0, Sum: 0, Workers: 4
[202.830s][debug][gc,phases      ] GC(27)     Total                          Min: 0, Avg:  0.0, Max: 0, Diff: 0, Sum: 0, Workers: 4
[202.830s][debug][gc,phases      ] GC(27)   Weak JFR Old Object Samples    Min:  0.0, Avg:  0.0, Max:  0.0, Diff:  0.0, Sum:  0.0, Workers: 4
[202.830s][debug][gc,phases      ] GC(27)     Dead                           Min: 0, Avg:  0.0, Max: 0, Diff: 0, Sum: 0, Workers: 4
[202.830s][debug][gc,phases      ] GC(27)     Total                          Min: 0, Avg:  0.0, Max: 0, Diff: 0, Sum: 0, Workers: 4
[202.830s][debug][gc,phases      ] GC(27) Weak Processing 0.392ms
[202.830s][debug][gc,phases      ] GC(27) ClassLoaderData 0.099ms
[202.830s][debug][gc,phases      ] GC(27) Trigger cleanups 0.000ms
[202.846s][debug][gc,phases      ] GC(27) Class Unloading 16.202ms
[202.846s][debug][gc,phases      ] GC(27) Report Object Count 0.001ms
[202.846s][info ][gc,phases      ] GC(27) Marking Phase 126.411ms
[202.846s][info ][gc,phases,start] GC(27) Summary Phase
[202.847s][info ][gc,phases      ] GC(27) Summary Phase 0.008ms
[202.847s][info ][gc,phases,start] GC(27) Adjust Roots
[202.859s][info ][gc,phases      ] GC(27) Adjust Roots 12.260ms
[202.859s][info ][gc,phases,start] GC(27) Compaction Phase
[203.050s][info ][gc,phases      ] GC(27) Compaction Phase 191.343ms
[203.050s][info ][gc,phases,start] GC(27) Post Compact
[203.053s][info ][gc,phases      ] GC(27) Post Compact 2.766ms
[203.053s][info ][gc,heap        ] GC(27) PSYoungGen: 116577K(1460224K)->94699K(1460224K) Eden: 0K(1343488K)->0K(1343488K) From: 116577K(116736K)->94699K(116736K)
[203.053s][info ][gc,heap        ] GC(27) ParOldGen: 309671K(322560K)->322186K(429568K)
[203.053s][info ][gc,metaspace   ] GC(27) Metaspace: 87008K(88064K)->87008K(88064K) NonClass: 74288K(74816K)->74288K(74816K) Class: 12719K(13248K)->12719K(13248K)
[203.053s][info ][gc             ] GC(27) Pause Full (Ergonomics) 416M->407M(1845M) 333.018ms
[203.053s][info ][gc,cpu         ] GC(27) User=1.13s Sys=0.02s Real=0.33s
[203.053s][info ][safepoint      ] Safepoint "ParallelGCFailedAllocation", Time since last: 33743367 ns, Reaching safepoint: 1500 ns, Cleanup: 1500 ns, At safepoint: 375758526 ns, Total: 375761526 ns
[207.053s][info ][safepoint      ] Safepoint "Cleanup", Time since last: 4000271592 ns, Reaching safepoint: 4000 ns, Cleanup: 13900 ns, At safepoint: 1700 ns, Total: 19600 ns
[209.054s][info ][safepoint      ] Safepoint "Cleanup", Time since last: 2000164896 ns, Reaching safepoint: 4200 ns, Cleanup: 13000 ns, At safepoint: 1600 ns, Total: 18800 ns
[210.054s][info ][safepoint      ] Safepoint "Cleanup", Time since last: 1000092798 ns, Reaching safepoint: 4400 ns, Cleanup: 13600 ns, At safepoint: 1800 ns, Total: 19800 ns
[211.054s][info ][safepoint      ] Safepoint "Cleanup", Time since last: 1000110161 ns, Reaching safepoint: 4300 ns, Cleanup: 7600 ns, At safepoint: 1500 ns, Total: 13400 ns
[212.054s][info ][safepoint      ] Safepoint "Cleanup", Time since last: 1000110279 ns, Reaching safepoint: 4100 ns, Cleanup: 18999 ns, At safepoint: 1600 ns, Total: 24699 ns
[213.054s][info ][safepoint      ] Safepoint "Cleanup", Time since last: 1000088279 ns, Reaching safepoint: 4400 ns, Cleanup: 8700 ns, At safepoint: 1700 ns, Total: 14800 ns
[214.054s][info ][safepoint      ] Safepoint "Cleanup", Time since last: 1000100179 ns, Reaching safepoint: 5200 ns, Cleanup: 8300 ns, At safepoint: 1600 ns, Total: 15100 ns
[216.054s][info ][safepoint      ] Safepoint "Cleanup", Time since last: 2000192857 ns, Reaching safepoint: 6800 ns, Cleanup: 9700 ns, At safepoint: 2200 ns, Total: 18700 ns
[217.055s][info ][safepoint      ] Safepoint "Cleanup", Time since last: 1000110079 ns, Reaching safepoint: 5300 ns, Cleanup: 10900 ns, At safepoint: 5600 ns, Total: 21800 ns
[219.055s][info ][safepoint      ] Safepoint "Cleanup", Time since last: 2000181906 ns, Reaching safepoint: 4200 ns, Cleanup: 11000 ns, At safepoint: 1600 ns, Total: 16800 ns
[219.676s][info ][gc,start       ] GC(28) Pause Young (Allocation Failure)
[219.761s][debug][gc,phases      ] GC(28) Scavenge 84.922ms
[219.761s][debug][gc,ref         ] GC(28) Skipped phase 1 of Reference Processing: no references
[219.761s][debug][gc,ref         ] GC(28) ReferenceProcessor::execute queues: 1, RefProcThreadModel::Single, marks_oops_alive: false
[219.761s][debug][gc,ref         ] GC(28) Skipped phase 3 of Reference Processing: no references
[219.761s][debug][gc,ref         ] GC(28) ReferenceProcessor::execute queues: 1, RefProcThreadModel::Single, marks_oops_alive: false
[219.761s][debug][gc,phases      ] GC(28) Reference Processing 0.188ms
[219.761s][debug][gc,phases      ] GC(28)   VM Weak                        Min:  0.0, Avg:  0.0, Max:  0.0, Diff:  0.0, Sum:  0.0, Workers: 4
[219.761s][debug][gc,phases      ] GC(28)     Dead                           Min: 0, Avg:  0.0, Max: 0, Diff: 0, Sum: 0, Workers: 4
[219.761s][debug][gc,phases      ] GC(28)     Total                          Min: 0, Avg: 227.2, Max: 397, Diff: 397, Sum: 909, Workers: 4
[219.761s][debug][gc,phases      ] GC(28)   ObjectSynchronizer Weak        Min:  0.0, Avg:  0.0, Max:  0.0, Diff:  0.0, Sum:  0.0, Workers: 4
[219.761s][debug][gc,phases      ] GC(28)     Dead                           Min: 0, Avg:  0.0, Max: 0, Diff: 0, Sum: 0, Workers: 4
[219.761s][debug][gc,phases      ] GC(28)     Total                          Min: 0, Avg:  1.5, Max: 6, Diff: 6, Sum: 6, Workers: 4
[219.761s][debug][gc,phases      ] GC(28)   JVMTI Tag Weak OopStorage      Min:  0.0, Avg:  0.0, Max:  0.0, Diff:  0.0, Sum:  0.0, Workers: 4
[219.761s][debug][gc,phases      ] GC(28)     Dead                           Min: 0, Avg:  0.0, Max: 0, Diff: 0, Sum: 0, Workers: 4
[219.761s][debug][gc,phases      ] GC(28)     Total                          Min: 0, Avg:  0.0, Max: 0, Diff: 0, Sum: 0, Workers: 4
[219.761s][debug][gc,phases      ] GC(28)   StringTable Weak               Min:  0.0, Avg:  0.1, Max:  0.1, Diff:  0.1, Sum:  0.4, Workers: 4
[219.761s][debug][gc,phases      ] GC(28)     Dead                           Min: 0, Avg:  0.5, Max: 2, Diff: 2, Sum: 2, Workers: 4
[219.761s][debug][gc,phases      ] GC(28)     Total                          Min: 0, Avg: 11020.0, Max: 15296, Diff: 15296, Sum: 44080, Workers: 4
[219.761s][debug][gc,phases      ] GC(28)   ResolvedMethodTable Weak       Min:  0.0, Avg:  0.0, Max:  0.0, Diff:  0.0, Sum:  0.1, Workers: 4
[219.761s][debug][gc,phases      ] GC(28)     Dead                           Min: 0, Avg:  0.0, Max: 0, Diff: 0, Sum: 0, Workers: 4
[219.761s][debug][gc,phases      ] GC(28)     Total                          Min: 0, Avg: 2706.2, Max: 3840, Diff: 3840, Sum: 10825, Workers: 4
[219.761s][debug][gc,phases      ] GC(28)   JNI Weak                       Min:  0.0, Avg:  0.0, Max:  0.0, Diff:  0.0, Sum:  0.0, Workers: 4
[219.761s][debug][gc,phases      ] GC(28)     Dead                           Min: 0, Avg:  0.0, Max: 0, Diff: 0, Sum: 0, Workers: 4
[219.761s][debug][gc,phases      ] GC(28)     Total                          Min: 0, Avg: 12.0, Max: 48, Diff: 48, Sum: 48, Workers: 4
[219.761s][debug][gc,phases      ] GC(28)   StringDedup Table Weak         Min:  0.0, Avg:  0.0, Max:  0.0, Diff:  0.0, Sum:  0.0, Workers: 4
[219.761s][debug][gc,phases      ] GC(28)     Dead                           Min: 0, Avg:  0.0, Max: 0, Diff: 0, Sum: 0, Workers: 4
[219.761s][debug][gc,phases      ] GC(28)     Total                          Min: 0, Avg:  0.0, Max: 0, Diff: 0, Sum: 0, Workers: 4
[219.761s][debug][gc,phases      ] GC(28)   StringDedup Requests0 Weak     Min:  0.0, Avg:  0.0, Max:  0.0, Diff:  0.0, Sum:  0.0, Workers: 4
[219.761s][debug][gc,phases      ] GC(28)     Dead                           Min: 0, Avg:  0.0, Max: 0, Diff: 0, Sum: 0, Workers: 4
[219.761s][debug][gc,phases      ] GC(28)     Total                          Min: 0, Avg:  0.0, Max: 0, Diff: 0, Sum: 0, Workers: 4
[219.761s][debug][gc,phases      ] GC(28)   StringDedup Requests1 Weak     Min:  0.0, Avg:  0.0, Max:  0.0, Diff:  0.0, Sum:  0.0, Workers: 4
[219.761s][debug][gc,phases      ] GC(28)     Dead                           Min: 0, Avg:  0.0, Max: 0, Diff: 0, Sum: 0, Workers: 4
[219.761s][debug][gc,phases      ] GC(28)     Total                          Min: 0, Avg:  0.0, Max: 0, Diff: 0, Sum: 0, Workers: 4
[219.761s][debug][gc,phases      ] GC(28)   Weak JFR Old Object Samples    Min:  0.0, Avg:  0.0, Max:  0.0, Diff:  0.0, Sum:  0.0, Workers: 4
[219.761s][debug][gc,phases      ] GC(28)     Dead                           Min: 0, Avg:  0.0, Max: 0, Diff: 0, Sum: 0, Workers: 4
[219.761s][debug][gc,phases      ] GC(28)     Total                          Min: 0, Avg:  0.0, Max: 0, Diff: 0, Sum: 0, Workers: 4
[219.762s][debug][gc,phases      ] GC(28) Weak Processing 0.467ms
[219.762s][debug][gc,age         ] GC(28) Desired survivor size 403701760 bytes, new threshold 15 (max threshold 15)
[219.762s][info ][gc,heap        ] GC(28) PSYoungGen: 1438187K(1460224K)->68304K(1692160K) Eden: 1343488K(1343488K)->0K(1308672K) From: 94699K(116736K)->68304K(383488K)
[219.762s][info ][gc,heap        ] GC(28) ParOldGen: 322186K(429568K)->351171K(429568K)
[219.762s][info ][gc,metaspace   ] GC(28) Metaspace: 87052K(88192K)->87052K(88192K) NonClass: 74329K(74944K)->74329K(74944K) Class: 12723K(13248K)->12723K(13248K)
[219.762s][info ][gc             ] GC(28) Pause Young (Allocation Failure) 1719M->409M(2072M) 85.717ms
[219.762s][info ][gc,cpu         ] GC(28) User=0.20s Sys=0.01s Real=0.09s
[219.762s][info ][safepoint      ] Safepoint "ParallelGCFailedAllocation", Time since last: 621020400 ns, Reaching safepoint: 31400 ns, Cleanup: 3800 ns, At safepoint: 85812618 ns, Total: 85847818 ns
[220.762s][info ][safepoint      ] Safepoint "Cleanup", Time since last: 1000092534 ns, Reaching safepoint: 76600 ns, Cleanup: 8400 ns, At safepoint: 5700 ns, Total: 90700 ns
[221.762s][info ][safepoint      ] Safepoint "Cleanup", Time since last: 1000101235 ns, Reaching safepoint: 4700 ns, Cleanup: 14700 ns, At safepoint: 1900 ns, Total: 21300 ns
[222.762s][info ][safepoint      ] Safepoint "Cleanup", Time since last: 1000073835 ns, Reaching safepoint: 4500 ns, Cleanup: 7600 ns, At safepoint: 1700 ns, Total: 13800 ns
[224.762s][info ][safepoint      ] Safepoint "Cleanup", Time since last: 2000152970 ns, Reaching safepoint: 5200 ns, Cleanup: 7400 ns, At safepoint: 1600 ns, Total: 14200 ns
[225.762s][info ][safepoint      ] Safepoint "Cleanup", Time since last: 1000098035 ns, Reaching safepoint: 75500 ns, Cleanup: 17800 ns, At safepoint: 4800 ns, Total: 98100 ns
[227.763s][info ][safepoint      ] Safepoint "Cleanup", Time since last: 2000157167 ns, Reaching safepoint: 5900 ns, Cleanup: 10300 ns, At safepoint: 1800 ns, Total: 18000 ns
[228.763s][info ][safepoint      ] Safepoint "Cleanup", Time since last: 1000101333 ns, Reaching safepoint: 4200 ns, Cleanup: 10000 ns, At safepoint: 2000 ns, Total: 16200 ns
[229.763s][info ][safepoint      ] Safepoint "Cleanup", Time since last: 1000108632 ns, Reaching safepoint: 3800 ns, Cleanup: 5700 ns, At safepoint: 1200 ns, Total: 10700 ns
[230.763s][info ][safepoint      ] Safepoint "Cleanup", Time since last: 1000094133 ns, Reaching safepoint: 4000 ns, Cleanup: 15600 ns, At safepoint: 1600 ns, Total: 21200 ns
[231.763s][info ][safepoint      ] Safepoint "Cleanup", Time since last: 1000077532 ns, Reaching safepoint: 4900 ns, Cleanup: 12300 ns, At safepoint: 1900 ns, Total: 19100 ns
[232.763s][info ][safepoint      ] Safepoint "Cleanup", Time since last: 1000100133 ns, Reaching safepoint: 3700 ns, Cleanup: 11200 ns, At safepoint: 1400 ns, Total: 16300 ns
[235.838s][info ][gc,start       ] GC(29) Pause Young (Allocation Failure)
[235.859s][debug][gc,phases      ] GC(29) Scavenge 21.557ms
[235.860s][debug][gc,ref         ] GC(29) Skipped phase 1 of Reference Processing: no references
[235.860s][debug][gc,ref         ] GC(29) ReferenceProcessor::execute queues: 1, RefProcThreadModel::Single, marks_oops_alive: false
[235.860s][debug][gc,ref         ] GC(29) Skipped phase 3 of Reference Processing: no references
[235.860s][debug][gc,ref         ] GC(29) ReferenceProcessor::execute queues: 1, RefProcThreadModel::Single, marks_oops_alive: false
[235.860s][debug][gc,phases      ] GC(29) Reference Processing 0.096ms
[235.860s][debug][gc,phases      ] GC(29)   VM Weak                        Min:  0.0, Avg:  0.0, Max:  0.0, Diff:  0.0, Sum:  0.0, Workers: 4
[235.860s][debug][gc,phases      ] GC(29)     Dead                           Min: 0, Avg:  0.0, Max: 0, Diff: 0, Sum: 0, Workers: 4
[235.860s][debug][gc,phases      ] GC(29)     Total                          Min: 0, Avg: 227.2, Max: 640, Diff: 640, Sum: 909, Workers: 4
[235.860s][debug][gc,phases      ] GC(29)   ObjectSynchronizer Weak        Min:  0.0, Avg:  0.0, Max:  0.0, Diff:  0.0, Sum:  0.0, Workers: 4
[235.860s][debug][gc,phases      ] GC(29)     Dead                           Min: 0, Avg:  0.0, Max: 0, Diff: 0, Sum: 0, Workers: 4
[235.860s][debug][gc,phases      ] GC(29)     Total                          Min: 0, Avg:  1.5, Max: 6, Diff: 6, Sum: 6, Workers: 4
[235.860s][debug][gc,phases      ] GC(29)   JVMTI Tag Weak OopStorage      Min:  0.0, Avg:  0.0, Max:  0.0, Diff:  0.0, Sum:  0.0, Workers: 4
[235.860s][debug][gc,phases      ] GC(29)     Dead                           Min: 0, Avg:  0.0, Max: 0, Diff: 0, Sum: 0, Workers: 4
[235.860s][debug][gc,phases      ] GC(29)     Total                          Min: 0, Avg:  0.0, Max: 0, Diff: 0, Sum: 0, Workers: 4
[235.860s][debug][gc,phases      ] GC(29)   StringTable Weak               Min:  0.0, Avg:  0.1, Max:  0.1, Diff:  0.1, Sum:  0.4, Workers: 4
[235.860s][debug][gc,phases      ] GC(29)     Dead                           Min: 0, Avg:  0.0, Max: 0, Diff: 0, Sum: 0, Workers: 4
[235.860s][debug][gc,phases      ] GC(29)     Total                          Min: 4286, Avg: 11020.2, Max: 14784, Diff: 10498, Sum: 44081, Workers: 4
[235.860s][debug][gc,phases      ] GC(29)   ResolvedMethodTable Weak       Min:  0.0, Avg:  0.0, Max:  0.0, Diff:  0.0, Sum:  0.1, Workers: 4
[235.860s][debug][gc,phases      ] GC(29)     Dead                           Min: 0, Avg:  0.0, Max: 0, Diff: 0, Sum: 0, Workers: 4
[235.860s][debug][gc,phases      ] GC(29)     Total                          Min: 2624, Avg: 2706.2, Max: 2825, Diff: 201, Sum: 10825, Workers: 4
[235.860s][debug][gc,phases      ] GC(29)   JNI Weak                       Min:  0.0, Avg:  0.0, Max:  0.0, Diff:  0.0, Sum:  0.0, Workers: 4
[235.860s][debug][gc,phases      ] GC(29)     Dead                           Min: 0, Avg:  0.0, Max: 0, Diff: 0, Sum: 0, Workers: 4
[235.860s][debug][gc,phases      ] GC(29)     Total                          Min: 0, Avg: 12.0, Max: 48, Diff: 48, Sum: 48, Workers: 4
[235.860s][debug][gc,phases      ] GC(29)   StringDedup Table Weak         Min:  0.0, Avg:  0.0, Max:  0.0, Diff:  0.0, Sum:  0.0, Workers: 4
[235.860s][debug][gc,phases      ] GC(29)     Dead                           Min: 0, Avg:  0.0, Max: 0, Diff: 0, Sum: 0, Workers: 4
[235.860s][debug][gc,phases      ] GC(29)     Total                          Min: 0, Avg:  0.0, Max: 0, Diff: 0, Sum: 0, Workers: 4
[235.860s][debug][gc,phases      ] GC(29)   StringDedup Requests0 Weak     Min:  0.0, Avg:  0.0, Max:  0.0, Diff:  0.0, Sum:  0.0, Workers: 4
[235.860s][debug][gc,phases      ] GC(29)     Dead                           Min: 0, Avg:  0.0, Max: 0, Diff: 0, Sum: 0, Workers: 4
[235.860s][debug][gc,phases      ] GC(29)     Total                          Min: 0, Avg:  0.0, Max: 0, Diff: 0, Sum: 0, Workers: 4
[235.860s][debug][gc,phases      ] GC(29)   StringDedup Requests1 Weak     Min:  0.0, Avg:  0.0, Max:  0.0, Diff:  0.0, Sum:  0.0, Workers: 4
[235.860s][debug][gc,phases      ] GC(29)     Dead                           Min: 0, Avg:  0.0, Max: 0, Diff: 0, Sum: 0, Workers: 4
[235.860s][debug][gc,phases      ] GC(29)     Total                          Min: 0, Avg:  0.0, Max: 0, Diff: 0, Sum: 0, Workers: 4
[235.860s][debug][gc,phases      ] GC(29)   Weak JFR Old Object Samples    Min:  0.0, Avg:  0.0, Max:  0.0, Diff:  0.0, Sum:  0.0, Workers: 4
[235.860s][debug][gc,phases      ] GC(29)     Dead                           Min: 0, Avg:  0.0, Max: 0, Diff: 0, Sum: 0, Workers: 4
[235.860s][debug][gc,phases      ] GC(29)     Total                          Min: 0, Avg:  0.0, Max: 0, Diff: 0, Sum: 0, Workers: 4
[235.860s][debug][gc,phases      ] GC(29) Weak Processing 0.347ms
[235.860s][debug][gc,age         ] GC(29) Desired survivor size 411566080 bytes, new threshold 15 (max threshold 15)
[235.860s][info ][gc,heap        ] GC(29) PSYoungGen: 1376976K(1692160K)->55296K(1364480K) Eden: 1308672K(1308672K)->0K(1308672K) From: 68304K(383488K)->55296K(55808K)
[235.860s][info ][gc,heap        ] GC(29) ParOldGen: 351171K(429568K)->365011K(429568K)
[235.860s][info ][gc,metaspace   ] GC(29) Metaspace: 87100K(88192K)->87100K(88192K) NonClass: 74376K(74944K)->74376K(74944K) Class: 12723K(13248K)->12723K(13248K)
[235.860s][info ][gc             ] GC(29) Pause Young (Allocation Failure) 1687M->410M(1752M) 22.118ms
[235.860s][info ][gc,cpu         ] GC(29) User=0.06s Sys=0.01s Real=0.02s
[235.860s][info ][safepoint      ] Safepoint "ParallelGCFailedAllocation", Time since last: 3074736965 ns, Reaching safepoint: 4700 ns, Cleanup: 3900 ns, At safepoint: 22190680 ns, Total: 22199280 ns
[236.860s][info ][safepoint      ] Safepoint "Cleanup", Time since last: 1000081169 ns, Reaching safepoint: 4100 ns, Cleanup: 9400 ns, At safepoint: 1500 ns, Total: 15000 ns
[238.860s][info ][safepoint      ] Safepoint "Cleanup", Time since last: 2000127639 ns, Reaching safepoint: 5100 ns, Cleanup: 8200 ns, At safepoint: 1800 ns, Total: 15100 ns
[242.089s][info ][safepoint      ] Safepoint "Cleanup", Time since last: 3228565396 ns, Reaching safepoint: 3700 ns, Cleanup: 7900 ns, At safepoint: 1700 ns, Total: 13300 ns
[246.676s][info ][safepoint      ] Safepoint "Cleanup", Time since last: 4586975614 ns, Reaching safepoint: 52900 ns, Cleanup: 14300 ns, At safepoint: 6400 ns, Total: 73600 ns
[248.676s][info ][safepoint      ] Safepoint "Cleanup", Time since last: 2000188379 ns, Reaching safepoint: 76500 ns, Cleanup: 15500 ns, At safepoint: 5100 ns, Total: 97100 ns
[250.676s][info ][safepoint      ] Safepoint "Cleanup", Time since last: 2000169378 ns, Reaching safepoint: 73100 ns, Cleanup: 9400 ns, At safepoint: 5800 ns, Total: 88300 ns
[252.178s][info ][gc,start       ] GC(30) Pause Young (Allocation Failure)
[252.201s][debug][gc,phases      ] GC(30) Scavenge 23.114ms
[252.201s][debug][gc,ref         ] GC(30) Skipped phase 1 of Reference Processing: no references
[252.201s][debug][gc,ref         ] GC(30) ReferenceProcessor::execute queues: 1, RefProcThreadModel::Single, marks_oops_alive: false
[252.201s][debug][gc,ref         ] GC(30) Skipped phase 3 of Reference Processing: no references
[252.201s][debug][gc,ref         ] GC(30) ReferenceProcessor::execute queues: 1, RefProcThreadModel::Single, marks_oops_alive: false
[252.201s][debug][gc,phases      ] GC(30) Reference Processing 0.134ms
[252.201s][debug][gc,phases      ] GC(30)   VM Weak                        Min:  0.0, Avg:  0.0, Max:  0.0, Diff:  0.0, Sum:  0.0, Workers: 4
[252.201s][debug][gc,phases      ] GC(30)     Dead                           Min: 0, Avg:  0.0, Max: 0, Diff: 0, Sum: 0, Workers: 4
[252.201s][debug][gc,phases      ] GC(30)     Total                          Min: 0, Avg: 227.2, Max: 576, Diff: 576, Sum: 909, Workers: 4
[252.201s][debug][gc,phases      ] GC(30)   ObjectSynchronizer Weak        Min:  0.0, Avg:  0.0, Max:  0.0, Diff:  0.0, Sum:  0.0, Workers: 4
[252.201s][debug][gc,phases      ] GC(30)     Dead                           Min: 0, Avg:  0.0, Max: 0, Diff: 0, Sum: 0, Workers: 4
[252.201s][debug][gc,phases      ] GC(30)     Total                          Min: 0, Avg:  1.5, Max: 6, Diff: 6, Sum: 6, Workers: 4
[252.201s][debug][gc,phases      ] GC(30)   JVMTI Tag Weak OopStorage      Min:  0.0, Avg:  0.0, Max:  0.0, Diff:  0.0, Sum:  0.0, Workers: 4
[252.201s][debug][gc,phases      ] GC(30)     Dead                           Min: 0, Avg:  0.0, Max: 0, Diff: 0, Sum: 0, Workers: 4
[252.201s][debug][gc,phases      ] GC(30)     Total                          Min: 0, Avg:  0.0, Max: 0, Diff: 0, Sum: 0, Workers: 4
[252.201s][debug][gc,phases      ] GC(30)   StringTable Weak               Min:  0.0, Avg:  0.1, Max:  0.1, Diff:  0.1, Sum:  0.4, Workers: 4
[252.201s][debug][gc,phases      ] GC(30)     Dead                           Min: 0, Avg:  0.0, Max: 0, Diff: 0, Sum: 0, Workers: 4
[252.201s][debug][gc,phases      ] GC(30)     Total                          Min: 0, Avg: 11021.2, Max: 15104, Diff: 15104, Sum: 44085, Workers: 4
[252.201s][debug][gc,phases      ] GC(30)   ResolvedMethodTable Weak       Min:  0.0, Avg:  0.0, Max:  0.0, Diff:  0.0, Sum:  0.1, Workers: 4
[252.201s][debug][gc,phases      ] GC(30)     Dead                           Min: 0, Avg:  0.0, Max: 0, Diff: 0, Sum: 0, Workers: 4
[252.201s][debug][gc,phases      ] GC(30)     Total                          Min: 0, Avg: 2706.2, Max: 3849, Diff: 3849, Sum: 10825, Workers: 4
[252.201s][debug][gc,phases      ] GC(30)   JNI Weak                       Min:  0.0, Avg:  0.0, Max:  0.0, Diff:  0.0, Sum:  0.0, Workers: 4
[252.201s][debug][gc,phases      ] GC(30)     Dead                           Min: 0, Avg:  0.0, Max: 0, Diff: 0, Sum: 0, Workers: 4
[252.201s][debug][gc,phases      ] GC(30)     Total                          Min: 0, Avg: 12.0, Max: 48, Diff: 48, Sum: 48, Workers: 4
[252.201s][debug][gc,phases      ] GC(30)   StringDedup Table Weak         Min:  0.0, Avg:  0.0, Max:  0.0, Diff:  0.0, Sum:  0.0, Workers: 4
[252.201s][debug][gc,phases      ] GC(30)     Dead                           Min: 0, Avg:  0.0, Max: 0, Diff: 0, Sum: 0, Workers: 4
[252.201s][debug][gc,phases      ] GC(30)     Total                          Min: 0, Avg:  0.0, Max: 0, Diff: 0, Sum: 0, Workers: 4
[252.201s][debug][gc,phases      ] GC(30)   StringDedup Requests0 Weak     Min:  0.0, Avg:  0.0, Max:  0.0, Diff:  0.0, Sum:  0.0, Workers: 4
[252.201s][debug][gc,phases      ] GC(30)     Dead                           Min: 0, Avg:  0.0, Max: 0, Diff: 0, Sum: 0, Workers: 4
[252.201s][debug][gc,phases      ] GC(30)     Total                          Min: 0, Avg:  0.0, Max: 0, Diff: 0, Sum: 0, Workers: 4
[252.201s][debug][gc,phases      ] GC(30)   StringDedup Requests1 Weak     Min:  0.0, Avg:  0.0, Max:  0.0, Diff:  0.0, Sum:  0.0, Workers: 4
[252.201s][debug][gc,phases      ] GC(30)     Dead                           Min: 0, Avg:  0.0, Max: 0, Diff: 0, Sum: 0, Workers: 4
[252.201s][debug][gc,phases      ] GC(30)     Total                          Min: 0, Avg:  0.0, Max: 0, Diff: 0, Sum: 0, Workers: 4
[252.201s][debug][gc,phases      ] GC(30)   Weak JFR Old Object Samples    Min:  0.0, Avg:  0.0, Max:  0.0, Diff:  0.0, Sum:  0.0, Workers: 4
[252.201s][debug][gc,phases      ] GC(30)     Dead                           Min: 0, Avg:  0.0, Max: 0, Diff: 0, Sum: 0, Workers: 4
[252.201s][debug][gc,phases      ] GC(30)     Total                          Min: 0, Avg:  0.0, Max: 0, Diff: 0, Sum: 0, Workers: 4
[252.201s][debug][gc,phases      ] GC(30) Weak Processing 0.348ms
[252.201s][debug][gc,age         ] GC(30) Desired survivor size 421527552 bytes, new threshold 15 (max threshold 15)
[252.201s][info ][gc,heap        ] GC(30) PSYoungGen: 1363968K(1364480K)->15440K(1675776K) Eden: 1308672K(1308672K)->0K(1273856K) From: 55296K(55808K)->15440K(401920K)
[252.201s][info ][gc,heap        ] GC(30) ParOldGen: 365011K(429568K)->407191K(429568K)
[252.201s][info ][gc,metaspace   ] GC(30) Metaspace: 87109K(88192K)->87109K(88192K) NonClass: 74386K(74944K)->74386K(74944K) Class: 12723K(13248K)->12723K(13248K)
[252.201s][info ][gc             ] GC(30) Pause Young (Allocation Failure) 1688M->412M(2056M) 23.727ms
[252.201s][info ][gc,cpu         ] GC(30) User=0.06s Sys=0.02s Real=0.02s
[252.201s][debug][gc,phases      ] GC(31) Pre Compact 0.009ms
[252.201s][info ][gc,start       ] GC(31) Pause Full (Ergonomics)
[252.201s][info ][gc,phases,start] GC(31) Marking Phase
[252.323s][debug][gc,phases      ] GC(31) Par Mark 121.445ms
[252.323s][debug][gc,ref         ] GC(31) Skipped phase 1 of Reference Processing: no references
[252.323s][debug][gc,ref         ] GC(31) ReferenceProcessor::execute queues: 4, RefProcThreadModel::Multi, marks_oops_alive: false
[252.323s][debug][gc,ref         ] GC(31) Skipped phase 3 of Reference Processing: no references
[252.323s][debug][gc,ref         ] GC(31) ReferenceProcessor::execute queues: 1, RefProcThreadModel::Single, marks_oops_alive: false
[252.323s][debug][gc,phases      ] GC(31) Reference Processing 0.446ms
[252.324s][debug][gc,phases      ] GC(31)   VM Weak                        Min:  0.0, Avg:  0.0, Max:  0.0, Diff:  0.0, Sum:  0.0, Workers: 4
[252.324s][debug][gc,phases      ] GC(31)     Dead                           Min: 0, Avg:  0.0, Max: 0, Diff: 0, Sum: 0, Workers: 4
[252.324s][debug][gc,phases      ] GC(31)     Total                          Min: 0, Avg: 227.2, Max: 448, Diff: 448, Sum: 909, Workers: 4
[252.324s][debug][gc,phases      ] GC(31)   ObjectSynchronizer Weak        Min:  0.0, Avg:  0.0, Max:  0.0, Diff:  0.0, Sum:  0.0, Workers: 4
[252.324s][debug][gc,phases      ] GC(31)     Dead                           Min: 0, Avg:  0.0, Max: 0, Diff: 0, Sum: 0, Workers: 4
[252.324s][debug][gc,phases      ] GC(31)     Total                          Min: 0, Avg:  1.5, Max: 6, Diff: 6, Sum: 6, Workers: 4
[252.324s][debug][gc,phases      ] GC(31)   JVMTI Tag Weak OopStorage      Min:  0.0, Avg:  0.0, Max:  0.0, Diff:  0.0, Sum:  0.0, Workers: 4
[252.324s][debug][gc,phases      ] GC(31)     Dead                           Min: 0, Avg:  0.0, Max: 0, Diff: 0, Sum: 0, Workers: 4
[252.324s][debug][gc,phases      ] GC(31)     Total                          Min: 0, Avg:  0.0, Max: 0, Diff: 0, Sum: 0, Workers: 4
[252.324s][debug][gc,phases      ] GC(31)   StringTable Weak               Min:  0.1, Avg:  0.1, Max:  0.2, Diff:  0.0, Sum:  0.6, Workers: 4
[252.324s][debug][gc,phases      ] GC(31)     Dead                           Min: 0, Avg:  0.0, Max: 0, Diff: 0, Sum: 0, Workers: 4
[252.324s][debug][gc,phases      ] GC(31)     Total                          Min: 10558, Avg: 11021.2, Max: 11456, Diff: 898, Sum: 44085, Workers: 4
[252.324s][debug][gc,phases      ] GC(31)   ResolvedMethodTable Weak       Min:  0.0, Avg:  0.0, Max:  0.0, Diff:  0.0, Sum:  0.1, Workers: 4
[252.324s][debug][gc,phases      ] GC(31)     Dead                           Min: 0, Avg:  0.0, Max: 0, Diff: 0, Sum: 0, Workers: 4
[252.324s][debug][gc,phases      ] GC(31)     Total                          Min: 1408, Avg: 2706.2, Max: 3328, Diff: 1920, Sum: 10825, Workers: 4
[252.324s][debug][gc,phases      ] GC(31)   JNI Weak                       Min:  0.0, Avg:  0.0, Max:  0.0, Diff:  0.0, Sum:  0.0, Workers: 4
[252.324s][debug][gc,phases      ] GC(31)     Dead                           Min: 0, Avg:  0.0, Max: 0, Diff: 0, Sum: 0, Workers: 4
[252.324s][debug][gc,phases      ] GC(31)     Total                          Min: 0, Avg: 12.0, Max: 48, Diff: 48, Sum: 48, Workers: 4
[252.324s][debug][gc,phases      ] GC(31)   StringDedup Table Weak         Min:  0.0, Avg:  0.0, Max:  0.0, Diff:  0.0, Sum:  0.0, Workers: 4
[252.324s][debug][gc,phases      ] GC(31)     Dead                           Min: 0, Avg:  0.0, Max: 0, Diff: 0, Sum: 0, Workers: 4
[252.324s][debug][gc,phases      ] GC(31)     Total                          Min: 0, Avg:  0.0, Max: 0, Diff: 0, Sum: 0, Workers: 4
[252.324s][debug][gc,phases      ] GC(31)   StringDedup Requests0 Weak     Min:  0.0, Avg:  0.0, Max:  0.0, Diff:  0.0, Sum:  0.0, Workers: 4
[252.324s][debug][gc,phases      ] GC(31)     Dead                           Min: 0, Avg:  0.0, Max: 0, Diff: 0, Sum: 0, Workers: 4
[252.324s][debug][gc,phases      ] GC(31)     Total                          Min: 0, Avg:  0.0, Max: 0, Diff: 0, Sum: 0, Workers: 4
[252.324s][debug][gc,phases      ] GC(31)   StringDedup Requests1 Weak     Min:  0.0, Avg:  0.0, Max:  0.0, Diff:  0.0, Sum:  0.0, Workers: 4
[252.324s][debug][gc,phases      ] GC(31)     Dead                           Min: 0, Avg:  0.0, Max: 0, Diff: 0, Sum: 0, Workers: 4
[252.324s][debug][gc,phases      ] GC(31)     Total                          Min: 0, Avg:  0.0, Max: 0, Diff: 0, Sum: 0, Workers: 4
[252.324s][debug][gc,phases      ] GC(31)   Weak JFR Old Object Samples    Min:  0.0, Avg:  0.0, Max:  0.0, Diff:  0.0, Sum:  0.0, Workers: 4
[252.324s][debug][gc,phases      ] GC(31)     Dead                           Min: 0, Avg:  0.0, Max: 0, Diff: 0, Sum: 0, Workers: 4
[252.324s][debug][gc,phases      ] GC(31)     Total                          Min: 0, Avg:  0.0, Max: 0, Diff: 0, Sum: 0, Workers: 4
[252.324s][debug][gc,phases      ] GC(31) Weak Processing 0.376ms
[252.324s][debug][gc,phases      ] GC(31) ClassLoaderData 0.103ms
[252.324s][debug][gc,phases      ] GC(31) Trigger cleanups 0.000ms
[252.340s][debug][gc,phases      ] GC(31) Class Unloading 16.757ms
[252.340s][debug][gc,phases      ] GC(31) Report Object Count 0.001ms
[252.340s][info ][gc,phases      ] GC(31) Marking Phase 139.181ms
[252.340s][info ][gc,phases,start] GC(31) Summary Phase
[252.340s][info ][gc,phases      ] GC(31) Summary Phase 0.012ms
[252.340s][info ][gc,phases,start] GC(31) Adjust Roots
[252.355s][info ][gc,phases      ] GC(31) Adjust Roots 14.335ms
[252.355s][info ][gc,phases,start] GC(31) Compaction Phase
[252.470s][info ][gc,phases      ] GC(31) Compaction Phase 114.948ms
[252.470s][info ][gc,phases,start] GC(31) Post Compact
[252.473s][info ][gc,phases      ] GC(31) Post Compact 2.955ms
[252.473s][info ][gc,heap        ] GC(31) PSYoungGen: 15440K(1675776K)->0K(1685504K) Eden: 0K(1273856K)->0K(1273856K) From: 15440K(401920K)->0K(411648K)
[252.473s][info ][gc,heap        ] GC(31) ParOldGen: 407191K(429568K)->416131K(541696K)
[252.473s][info ][gc,metaspace   ] GC(31) Metaspace: 87109K(88192K)->87109K(88192K) NonClass: 74386K(74944K)->74386K(74944K) Class: 12723K(13248K)->12723K(13248K)
[252.473s][info ][gc             ] GC(31) Pause Full (Ergonomics) 412M->406M(2175M) 271.700ms
[252.473s][info ][gc,cpu         ] GC(31) User=0.85s Sys=0.02s Real=0.27s
[252.473s][info ][safepoint      ] Safepoint "ParallelGCFailedAllocation", Time since last: 1500961056 ns, Reaching safepoint: 74100 ns, Cleanup: 3900 ns, At safepoint: 295546416 ns, Total: 295624416 ns
[253.473s][info ][safepoint      ] Safepoint "Cleanup", Time since last: 1000083737 ns, Reaching safepoint: 4500 ns, Cleanup: 8000 ns, At safepoint: 1600 ns, Total: 14100 ns
[256.473s][info ][safepoint      ] Safepoint "Cleanup", Time since last: 3000189314 ns, Reaching safepoint: 4300 ns, Cleanup: 9800 ns, At safepoint: 1800 ns, Total: 15900 ns
[257.474s][info ][safepoint      ] Safepoint "Cleanup", Time since last: 1000105937 ns, Reaching safepoint: 86600 ns, Cleanup: 10800 ns, At safepoint: 6100 ns, Total: 103500 ns
[258.474s][info ][safepoint      ] Safepoint "Cleanup", Time since last: 1000117038 ns, Reaching safepoint: 4500 ns, Cleanup: 22100 ns, At safepoint: 2100 ns, Total: 28700 ns
[262.474s][info ][safepoint      ] Safepoint "Cleanup", Time since last: 4000303154 ns, Reaching safepoint: 3800 ns, Cleanup: 8600 ns, At safepoint: 1900 ns, Total: 14300 ns
[264.474s][info ][safepoint      ] Safepoint "Cleanup", Time since last: 2000173876 ns, Reaching safepoint: 4100 ns, Cleanup: 8300 ns, At safepoint: 1700 ns, Total: 14100 ns
[266.474s][info ][safepoint      ] Safepoint "Cleanup", Time since last: 2000175377 ns, Reaching safepoint: 4200 ns, Cleanup: 28800 ns, At safepoint: 1800 ns, Total: 34800 ns
[267.241s][info ][gc,start       ] GC(32) Pause Young (Allocation Failure)
[267.246s][debug][gc,phases      ] GC(32) Scavenge 4.326ms
[267.246s][debug][gc,ref         ] GC(32) Skipped phase 1 of Reference Processing: no references
[267.246s][debug][gc,ref         ] GC(32) ReferenceProcessor::execute queues: 1, RefProcThreadModel::Single, marks_oops_alive: false
[267.246s][debug][gc,ref         ] GC(32) Skipped phase 3 of Reference Processing: no references
[267.246s][debug][gc,ref         ] GC(32) ReferenceProcessor::execute queues: 1, RefProcThreadModel::Single, marks_oops_alive: false
[267.246s][debug][gc,phases      ] GC(32) Reference Processing 0.086ms
[267.246s][debug][gc,phases      ] GC(32)   VM Weak                        Min:  0.0, Avg:  0.0, Max:  0.0, Diff:  0.0, Sum:  0.0, Workers: 4
[267.246s][debug][gc,phases      ] GC(32)     Dead                           Min: 0, Avg:  0.0, Max: 0, Diff: 0, Sum: 0, Workers: 4
[267.246s][debug][gc,phases      ] GC(32)     Total                          Min: 0, Avg: 227.2, Max: 704, Diff: 704, Sum: 909, Workers: 4
[267.246s][debug][gc,phases      ] GC(32)   ObjectSynchronizer Weak        Min:  0.0, Avg:  0.0, Max:  0.0, Diff:  0.0, Sum:  0.0, Workers: 4
[267.246s][debug][gc,phases      ] GC(32)     Dead                           Min: 0, Avg:  0.0, Max: 0, Diff: 0, Sum: 0, Workers: 4
[267.246s][debug][gc,phases      ] GC(32)     Total                          Min: 0, Avg:  1.5, Max: 6, Diff: 6, Sum: 6, Workers: 4
[267.246s][debug][gc,phases      ] GC(32)   JVMTI Tag Weak OopStorage      Min:  0.0, Avg:  0.0, Max:  0.0, Diff:  0.0, Sum:  0.0, Workers: 4
[267.246s][debug][gc,phases      ] GC(32)     Dead                           Min: 0, Avg:  0.0, Max: 0, Diff: 0, Sum: 0, Workers: 4
[267.246s][debug][gc,phases      ] GC(32)     Total                          Min: 0, Avg:  0.0, Max: 0, Diff: 0, Sum: 0, Workers: 4
[267.246s][debug][gc,phases      ] GC(32)   StringTable Weak               Min:  0.0, Avg:  0.1, Max:  0.2, Diff:  0.2, Sum:  0.3, Workers: 4
[267.246s][debug][gc,phases      ] GC(32)     Dead                           Min: 0, Avg:  0.2, Max: 1, Diff: 1, Sum: 1, Workers: 4
[267.246s][debug][gc,phases      ] GC(32)     Total                          Min: 0, Avg: 11023.2, Max: 27006, Diff: 27006, Sum: 44093, Workers: 4
[267.246s][debug][gc,phases      ] GC(32)   ResolvedMethodTable Weak       Min:  0.0, Avg:  0.0, Max:  0.0, Diff:  0.0, Sum:  0.1, Workers: 4
[267.246s][debug][gc,phases      ] GC(32)     Dead                           Min: 0, Avg:  0.0, Max: 0, Diff: 0, Sum: 0, Workers: 4
[267.246s][debug][gc,phases      ] GC(32)     Total                          Min: 0, Avg: 2708.0, Max: 6400, Diff: 6400, Sum: 10832, Workers: 4
[267.246s][debug][gc,phases      ] GC(32)   JNI Weak                       Min:  0.0, Avg:  0.0, Max:  0.0, Diff:  0.0, Sum:  0.0, Workers: 4
[267.246s][debug][gc,phases      ] GC(32)     Dead                           Min: 0, Avg:  0.0, Max: 0, Diff: 0, Sum: 0, Workers: 4
[267.246s][debug][gc,phases      ] GC(32)     Total                          Min: 0, Avg: 12.0, Max: 48, Diff: 48, Sum: 48, Workers: 4
[267.246s][debug][gc,phases      ] GC(32)   StringDedup Table Weak         Min:  0.0, Avg:  0.0, Max:  0.0, Diff:  0.0, Sum:  0.0, Workers: 4
[267.246s][debug][gc,phases      ] GC(32)     Dead                           Min: 0, Avg:  0.0, Max: 0, Diff: 0, Sum: 0, Workers: 4
[267.246s][debug][gc,phases      ] GC(32)     Total                          Min: 0, Avg:  0.0, Max: 0, Diff: 0, Sum: 0, Workers: 4
[267.246s][debug][gc,phases      ] GC(32)   StringDedup Requests0 Weak     Min:  0.0, Avg:  0.0, Max:  0.0, Diff:  0.0, Sum:  0.0, Workers: 4
[267.246s][debug][gc,phases      ] GC(32)     Dead                           Min: 0, Avg:  0.0, Max: 0, Diff: 0, Sum: 0, Workers: 4
[267.246s][debug][gc,phases      ] GC(32)     Total                          Min: 0, Avg:  0.0, Max: 0, Diff: 0, Sum: 0, Workers: 4
[267.246s][debug][gc,phases      ] GC(32)   StringDedup Requests1 Weak     Min:  0.0, Avg:  0.0, Max:  0.0, Diff:  0.0, Sum:  0.0, Workers: 4
[267.246s][debug][gc,phases      ] GC(32)     Dead                           Min: 0, Avg:  0.0, Max: 0, Diff: 0, Sum: 0, Workers: 4
[267.246s][debug][gc,phases      ] GC(32)     Total                          Min: 0, Avg:  0.0, Max: 0, Diff: 0, Sum: 0, Workers: 4
[267.246s][debug][gc,phases      ] GC(32)   Weak JFR Old Object Samples    Min:  0.0, Avg:  0.0, Max:  0.0, Diff:  0.0, Sum:  0.0, Workers: 4
[267.246s][debug][gc,phases      ] GC(32)     Dead                           Min: 0, Avg:  0.0, Max: 0, Diff: 0, Sum: 0, Workers: 4
[267.246s][debug][gc,phases      ] GC(32)     Total                          Min: 0, Avg:  0.0, Max: 0, Diff: 0, Sum: 0, Workers: 4
[267.246s][debug][gc,phases      ] GC(32) Weak Processing 0.372ms
[267.246s][debug][gc,age         ] GC(32) Desired survivor size 427294720 bytes, new threshold 15 (max threshold 15)
[267.246s][info ][gc,heap        ] GC(32) PSYoungGen: 1273856K(1685504K)->2496K(1674240K) Eden: 1273856K(1273856K)->0K(1262592K) From: 0K(411648K)->2496K(411648K)
[267.246s][info ][gc,heap        ] GC(32) ParOldGen: 416131K(541696K)->416139K(541696K)
[267.246s][info ][gc,metaspace   ] GC(32) Metaspace: 87147K(88256K)->87147K(88256K) NonClass: 74422K(75008K)->74422K(75008K) Class: 12725K(13248K)->12725K(13248K)
[267.246s][info ][gc             ] GC(32) Pause Young (Allocation Failure) 1650M->408M(2164M) 4.876ms
[267.246s][info ][gc,cpu         ] GC(32) User=0.02s Sys=0.00s Real=0.00s
[267.246s][info ][safepoint      ] Safepoint "ParallelGCFailedAllocation", Time since last: 766924468 ns, Reaching safepoint: 4300 ns, Cleanup: 3100 ns, At safepoint: 4933595 ns, Total: 4940995 ns
[268.246s][info ][safepoint      ] Safepoint "Cleanup", Time since last: 1000090550 ns, Reaching safepoint: 6200 ns, Cleanup: 9400 ns, At safepoint: 1900 ns, Total: 17500 ns
[269.247s][info ][safepoint      ] Safepoint "Cleanup", Time since last: 1000110749 ns, Reaching safepoint: 150600 ns, Cleanup: 10300 ns, At safepoint: 10200 ns, Total: 171100 ns
[270.247s][info ][safepoint      ] Safepoint "Cleanup", Time since last: 1000103550 ns, Reaching safepoint: 4600 ns, Cleanup: 8600 ns, At safepoint: 1700 ns, Total: 14900 ns
[272.247s][info ][safepoint      ] Safepoint "Cleanup", Time since last: 2000174499 ns, Reaching safepoint: 5400 ns, Cleanup: 9900 ns, At safepoint: 2300 ns, Total: 17600 ns
[273.247s][info ][safepoint      ] Safepoint "Cleanup", Time since last: 1000114149 ns, Reaching safepoint: 5900 ns, Cleanup: 10200 ns, At safepoint: 2300 ns, Total: 18400 ns
[275.247s][info ][safepoint      ] Safepoint "Cleanup", Time since last: 2000171511 ns, Reaching safepoint: 5000 ns, Cleanup: 14800 ns, At safepoint: 4300 ns, Total: 24100 ns
[276.247s][info ][safepoint      ] Safepoint "Cleanup", Time since last: 1000103376 ns, Reaching safepoint: 5800 ns, Cleanup: 19400 ns, At safepoint: 2300 ns, Total: 27500 ns
[278.248s][info ][safepoint      ] Safepoint "Cleanup", Time since last: 2000189951 ns, Reaching safepoint: 5900 ns, Cleanup: 10000 ns, At safepoint: 2100 ns, Total: 18000 ns
[279.248s][info ][safepoint      ] Safepoint "Cleanup", Time since last: 1000103076 ns, Reaching safepoint: 4600 ns, Cleanup: 12900 ns, At safepoint: 1800 ns, Total: 19300 ns
[280.248s][info ][safepoint      ] Safepoint "Cleanup", Time since last: 1000097475 ns, Reaching safepoint: 6000 ns, Cleanup: 46700 ns, At safepoint: 5600 ns, Total: 58300 ns
[281.248s][info ][safepoint      ] Safepoint "Cleanup", Time since last: 1000098376 ns, Reaching safepoint: 3600 ns, Cleanup: 25500 ns, At safepoint: 1800 ns, Total: 30900 ns
[282.977s][info ][gc,start       ] GC(33) Pause Young (Allocation Failure)
[282.982s][debug][gc,phases      ] GC(33) Scavenge 4.242ms
[282.982s][debug][gc,ref         ] GC(33) Skipped phase 1 of Reference Processing: no references
[282.982s][debug][gc,ref         ] GC(33) ReferenceProcessor::execute queues: 1, RefProcThreadModel::Single, marks_oops_alive: false
[282.982s][debug][gc,ref         ] GC(33) Skipped phase 3 of Reference Processing: no references
[282.982s][debug][gc,ref         ] GC(33) ReferenceProcessor::execute queues: 1, RefProcThreadModel::Single, marks_oops_alive: false
[282.982s][debug][gc,phases      ] GC(33) Reference Processing 0.097ms
[282.982s][debug][gc,phases      ] GC(33)   VM Weak                        Min:  0.0, Avg:  0.0, Max:  0.0, Diff:  0.0, Sum:  0.0, Workers: 4
[282.982s][debug][gc,phases      ] GC(33)     Dead                           Min: 0, Avg:  0.0, Max: 0, Diff: 0, Sum: 0, Workers: 4
[282.982s][debug][gc,phases      ] GC(33)     Total                          Min: 0, Avg: 227.5, Max: 782, Diff: 782, Sum: 910, Workers: 4
[282.982s][debug][gc,phases      ] GC(33)   ObjectSynchronizer Weak        Min:  0.0, Avg:  0.0, Max:  0.0, Diff:  0.0, Sum:  0.0, Workers: 4
[282.982s][debug][gc,phases      ] GC(33)     Dead                           Min: 0, Avg:  0.2, Max: 1, Diff: 1, Sum: 1, Workers: 4
[282.982s][debug][gc,phases      ] GC(33)     Total                          Min: 0, Avg:  2.0, Max: 8, Diff: 8, Sum: 8, Workers: 4
[282.982s][debug][gc,phases      ] GC(33)   JVMTI Tag Weak OopStorage      Min:  0.0, Avg:  0.0, Max:  0.0, Diff:  0.0, Sum:  0.0, Workers: 4
[282.982s][debug][gc,phases      ] GC(33)     Dead                           Min: 0, Avg:  0.0, Max: 0, Diff: 0, Sum: 0, Workers: 4
[282.982s][debug][gc,phases      ] GC(33)     Total                          Min: 0, Avg:  0.0, Max: 0, Diff: 0, Sum: 0, Workers: 4
[282.982s][debug][gc,phases      ] GC(33)   StringTable Weak               Min:  0.0, Avg:  0.1, Max:  0.1, Diff:  0.1, Sum:  0.4, Workers: 4
[282.982s][debug][gc,phases      ] GC(33)     Dead                           Min: 0, Avg:  0.5, Max: 2, Diff: 2, Sum: 2, Workers: 4
[282.982s][debug][gc,phases      ] GC(33)     Total                          Min: 0, Avg: 11036.5, Max: 18686, Diff: 18686, Sum: 44146, Workers: 4
[282.982s][debug][gc,phases      ] GC(33)   ResolvedMethodTable Weak       Min:  0.0, Avg:  0.0, Max:  0.0, Diff:  0.0, Sum:  0.1, Workers: 4
[282.982s][debug][gc,phases      ] GC(33)     Dead                           Min: 0, Avg:  0.2, Max: 1, Diff: 1, Sum: 1, Workers: 4
[282.982s][debug][gc,phases      ] GC(33)     Total                          Min: 0, Avg: 2716.0, Max: 4543, Diff: 4543, Sum: 10864, Workers: 4
[282.982s][debug][gc,phases      ] GC(33)   JNI Weak                       Min:  0.0, Avg:  0.0, Max:  0.0, Diff:  0.0, Sum:  0.0, Workers: 4
[282.982s][debug][gc,phases      ] GC(33)     Dead                           Min: 0, Avg:  0.0, Max: 0, Diff: 0, Sum: 0, Workers: 4
[282.982s][debug][gc,phases      ] GC(33)     Total                          Min: 0, Avg: 12.0, Max: 48, Diff: 48, Sum: 48, Workers: 4
[282.982s][debug][gc,phases      ] GC(33)   StringDedup Table Weak         Min:  0.0, Avg:  0.0, Max:  0.0, Diff:  0.0, Sum:  0.0, Workers: 4
[282.982s][debug][gc,phases      ] GC(33)     Dead                           Min: 0, Avg:  0.0, Max: 0, Diff: 0, Sum: 0, Workers: 4
[282.982s][debug][gc,phases      ] GC(33)     Total                          Min: 0, Avg:  0.0, Max: 0, Diff: 0, Sum: 0, Workers: 4
[282.982s][debug][gc,phases      ] GC(33)   StringDedup Requests0 Weak     Min:  0.0, Avg:  0.0, Max:  0.0, Diff:  0.0, Sum:  0.0, Workers: 4
[282.982s][debug][gc,phases      ] GC(33)     Dead                           Min: 0, Avg:  0.0, Max: 0, Diff: 0, Sum: 0, Workers: 4
[282.982s][debug][gc,phases      ] GC(33)     Total                          Min: 0, Avg:  0.0, Max: 0, Diff: 0, Sum: 0, Workers: 4
[282.982s][debug][gc,phases      ] GC(33)   StringDedup Requests1 Weak     Min:  0.0, Avg:  0.0, Max:  0.0, Diff:  0.0, Sum:  0.0, Workers: 4
[282.982s][debug][gc,phases      ] GC(33)     Dead                           Min: 0, Avg:  0.0, Max: 0, Diff: 0, Sum: 0, Workers: 4
[282.982s][debug][gc,phases      ] GC(33)     Total                          Min: 0, Avg:  0.0, Max: 0, Diff: 0, Sum: 0, Workers: 4
[282.982s][debug][gc,phases      ] GC(33)   Weak JFR Old Object Samples    Min:  0.0, Avg:  0.0, Max:  0.0, Diff:  0.0, Sum:  0.0, Workers: 4
[282.982s][debug][gc,phases      ] GC(33)     Dead                           Min: 0, Avg:  0.0, Max: 0, Diff: 0, Sum: 0, Workers: 4
[282.982s][debug][gc,phases      ] GC(33)     Total                          Min: 0, Avg:  0.0, Max: 0, Diff: 0, Sum: 0, Workers: 4
[282.982s][debug][gc,phases      ] GC(33) Weak Processing 0.325ms
[282.982s][debug][gc,age         ] GC(33) Desired survivor size 428343296 bytes, new threshold 15 (max threshold 15)
[282.982s][info ][gc,heap        ] GC(33) PSYoungGen: 1265088K(1674240K)->2928K(1265664K) Eden: 1262592K(1262592K)->0K(1262592K) From: 2496K(411648K)->2928K(3072K)
[282.982s][info ][gc,heap        ] GC(33) ParOldGen: 416139K(541696K)->416147K(541696K)
[282.982s][info ][gc,metaspace   ] GC(33) Metaspace: 87356K(88448K)->87356K(88448K) NonClass: 74608K(75200K)->74608K(75200K) Class: 12748K(13248K)->12748K(13248K)
[282.982s][info ][gc             ] GC(33) Pause Young (Allocation Failure) 1641M->409M(1765M) 4.760ms
[282.982s][info ][gc,cpu         ] GC(33) User=0.01s Sys=0.00s Real=0.00s
[282.982s][info ][safepoint      ] Safepoint "ParallelGCFailedAllocation", Time since last: 1729308499 ns, Reaching safepoint: 72099 ns, Cleanup: 3400 ns, At safepoint: 4821996 ns, Total: 4897495 ns
[284.983s][info ][safepoint      ] Safepoint "Cleanup", Time since last: 2000154520 ns, Reaching safepoint: 75300 ns, Cleanup: 10400 ns, At safepoint: 6000 ns, Total: 91700 ns
[289.983s][info ][safepoint      ] Safepoint "Cleanup", Time since last: 5000383301 ns, Reaching safepoint: 73500 ns, Cleanup: 10100 ns, At safepoint: 6700 ns, Total: 90300 ns
[290.983s][info ][safepoint      ] Safepoint "Cleanup", Time since last: 1000099458 ns, Reaching safepoint: 71500 ns, Cleanup: 8100 ns, At safepoint: 24800 ns, Total: 104400 ns
[291.983s][info ][safepoint      ] Safepoint "Cleanup", Time since last: 1000110250 ns, Reaching safepoint: 76000 ns, Cleanup: 10400 ns, At safepoint: 6200 ns, Total: 92600 ns
[292.984s][info ][safepoint      ] Safepoint "Cleanup", Time since last: 1000106451 ns, Reaching safepoint: 71400 ns, Cleanup: 8200 ns, At safepoint: 5200 ns, Total: 84800 ns
[293.984s][info ][safepoint      ] Safepoint "Cleanup", Time since last: 1000109050 ns, Reaching safepoint: 73500 ns, Cleanup: 8100 ns, At safepoint: 5500 ns, Total: 87100 ns
[294.984s][info ][safepoint      ] Safepoint "Cleanup", Time since last: 1000107250 ns, Reaching safepoint: 74600 ns, Cleanup: 8100 ns, At safepoint: 6100 ns, Total: 88800 ns
[295.984s][info ][safepoint      ] Safepoint "Cleanup", Time since last: 1000110550 ns, Reaching safepoint: 76700 ns, Cleanup: 12800 ns, At safepoint: 23000 ns, Total: 112500 ns
[296.984s][info ][safepoint      ] Safepoint "Cleanup", Time since last: 1000104150 ns, Reaching safepoint: 75300 ns, Cleanup: 9900 ns, At safepoint: 5900 ns, Total: 91100 ns
[298.985s][info ][safepoint      ] Safepoint "Cleanup", Time since last: 2000190699 ns, Reaching safepoint: 75400 ns, Cleanup: 8900 ns, At safepoint: 4400 ns, Total: 88700 ns
[299.126s][info ][gc,start       ] GC(34) Pause Young (Allocation Failure)
[299.130s][debug][gc,phases      ] GC(34) Scavenge 4.273ms
[299.130s][debug][gc,ref         ] GC(34) Skipped phase 1 of Reference Processing: no references
[299.131s][debug][gc,ref         ] GC(34) ReferenceProcessor::execute queues: 1, RefProcThreadModel::Single, marks_oops_alive: false
[299.131s][debug][gc,ref         ] GC(34) ReferenceProcessor::execute queues: 4, RefProcThreadModel::Multi, marks_oops_alive: true
[299.131s][debug][gc,ref         ] GC(34) ReferenceProcessor::execute queues: 1, RefProcThreadModel::Single, marks_oops_alive: false
[299.131s][debug][gc,phases      ] GC(34) Reference Processing 0.151ms
[299.131s][debug][gc,phases      ] GC(34)   VM Weak                        Min:  0.0, Avg:  0.0, Max:  0.0, Diff:  0.0, Sum:  0.0, Workers: 4
[299.131s][debug][gc,phases      ] GC(34)     Dead                           Min: 0, Avg:  0.0, Max: 0, Diff: 0, Sum: 0, Workers: 4
[299.131s][debug][gc,phases      ] GC(34)     Total                          Min: 14, Avg: 227.5, Max: 512, Diff: 498, Sum: 910, Workers: 4
[299.131s][debug][gc,phases      ] GC(34)   ObjectSynchronizer Weak        Min:  0.0, Avg:  0.0, Max:  0.0, Diff:  0.0, Sum:  0.0, Workers: 4
[299.131s][debug][gc,phases      ] GC(34)     Dead                           Min: 0, Avg:  0.0, Max: 0, Diff: 0, Sum: 0, Workers: 4
[299.131s][debug][gc,phases      ] GC(34)     Total                          Min: 0, Avg:  2.0, Max: 8, Diff: 8, Sum: 8, Workers: 4
[299.131s][debug][gc,phases      ] GC(34)   JVMTI Tag Weak OopStorage      Min:  0.0, Avg:  0.0, Max:  0.0, Diff:  0.0, Sum:  0.0, Workers: 4
[299.131s][debug][gc,phases      ] GC(34)     Dead                           Min: 0, Avg:  0.0, Max: 0, Diff: 0, Sum: 0, Workers: 4
[299.131s][debug][gc,phases      ] GC(34)     Total                          Min: 0, Avg:  0.0, Max: 0, Diff: 0, Sum: 0, Workers: 4
[299.131s][debug][gc,phases      ] GC(34)   StringTable Weak               Min:  0.1, Avg:  0.1, Max:  0.1, Diff:  0.0, Sum:  0.4, Workers: 4
[299.131s][debug][gc,phases      ] GC(34)     Dead                           Min: 0, Avg:  0.0, Max: 0, Diff: 0, Sum: 0, Workers: 4
[299.131s][debug][gc,phases      ] GC(34)     Total                          Min: 10569, Avg: 11042.2, Max: 12096, Diff: 1527, Sum: 44169, Workers: 4
[299.131s][debug][gc,phases      ] GC(34)   ResolvedMethodTable Weak       Min:  0.0, Avg:  0.0, Max:  0.0, Diff:  0.0, Sum:  0.1, Workers: 4
[299.131s][debug][gc,phases      ] GC(34)     Dead                           Min: 0, Avg:  0.0, Max: 0, Diff: 0, Sum: 0, Workers: 4
[299.131s][debug][gc,phases      ] GC(34)     Total                          Min: 1328, Avg: 2716.0, Max: 3328, Diff: 2000, Sum: 10864, Workers: 4
[299.131s][debug][gc,phases      ] GC(34)   JNI Weak                       Min:  0.0, Avg:  0.0, Max:  0.0, Diff:  0.0, Sum:  0.0, Workers: 4
[299.131s][debug][gc,phases      ] GC(34)     Dead                           Min: 0, Avg:  0.0, Max: 0, Diff: 0, Sum: 0, Workers: 4
[299.131s][debug][gc,phases      ] GC(34)     Total                          Min: 0, Avg: 12.0, Max: 48, Diff: 48, Sum: 48, Workers: 4
[299.131s][debug][gc,phases      ] GC(34)   StringDedup Table Weak         Min:  0.0, Avg:  0.0, Max:  0.0, Diff:  0.0, Sum:  0.0, Workers: 4
[299.131s][debug][gc,phases      ] GC(34)     Dead                           Min: 0, Avg:  0.0, Max: 0, Diff: 0, Sum: 0, Workers: 4
[299.131s][debug][gc,phases      ] GC(34)     Total                          Min: 0, Avg:  0.0, Max: 0, Diff: 0, Sum: 0, Workers: 4
[299.131s][debug][gc,phases      ] GC(34)   StringDedup Requests0 Weak     Min:  0.0, Avg:  0.0, Max:  0.0, Diff:  0.0, Sum:  0.0, Workers: 4
[299.131s][debug][gc,phases      ] GC(34)     Dead                           Min: 0, Avg:  0.0, Max: 0, Diff: 0, Sum: 0, Workers: 4
[299.131s][debug][gc,phases      ] GC(34)     Total                          Min: 0, Avg:  0.0, Max: 0, Diff: 0, Sum: 0, Workers: 4
[299.131s][debug][gc,phases      ] GC(34)   StringDedup Requests1 Weak     Min:  0.0, Avg:  0.0, Max:  0.0, Diff:  0.0, Sum:  0.0, Workers: 4
[299.131s][debug][gc,phases      ] GC(34)     Dead                           Min: 0, Avg:  0.0, Max: 0, Diff: 0, Sum: 0, Workers: 4
[299.131s][debug][gc,phases      ] GC(34)     Total                          Min: 0, Avg:  0.0, Max: 0, Diff: 0, Sum: 0, Workers: 4
[299.131s][debug][gc,phases      ] GC(34)   Weak JFR Old Object Samples    Min:  0.0, Avg:  0.0, Max:  0.0, Diff:  0.0, Sum:  0.0, Workers: 4
[299.131s][debug][gc,phases      ] GC(34)     Dead                           Min: 0, Avg:  0.0, Max: 0, Diff: 0, Sum: 0, Workers: 4
[299.131s][debug][gc,phases      ] GC(34)     Total                          Min: 0, Avg:  0.0, Max: 0, Diff: 0, Sum: 0, Workers: 4
[299.131s][debug][gc,phases      ] GC(34) Weak Processing 0.293ms
[299.131s][debug][gc,age         ] GC(34) Desired survivor size 424148992 bytes, new threshold 15 (max threshold 15)
[299.131s][info ][gc,heap        ] GC(34) PSYoungGen: 1265520K(1265664K)->3312K(1682944K) Eden: 1262592K(1262592K)->0K(1264640K) From: 2928K(3072K)->3312K(418304K)
[299.131s][info ][gc,heap        ] GC(34) ParOldGen: 416147K(541696K)->416155K(541696K)
[299.131s][info ][gc,metaspace   ] GC(34) Metaspace: 87360K(88448K)->87360K(88448K) NonClass: 74612K(75200K)->74612K(75200K) Class: 12748K(13248K)->12748K(13248K)
[299.131s][info ][gc             ] GC(34) Pause Young (Allocation Failure) 1642M->409M(2172M) 4.824ms
[299.131s][info ][gc,cpu         ] GC(34) User=0.01s Sys=0.00s Real=0.01s
[299.131s][info ][safepoint      ] Safepoint "ParallelGCFailedAllocation", Time since last: 141441965 ns, Reaching safepoint: 4300 ns, Cleanup: 3800 ns, At safepoint: 4895195 ns, Total: 4903295 ns
[301.109s][info ][safepoint      ] Safepoint "Cleanup", Time since last: 1978418907 ns, Reaching safepoint: 4400 ns, Cleanup: 8700 ns, At safepoint: 21000 ns, Total: 34100 ns
[302.110s][info ][safepoint      ] Safepoint "Cleanup", Time since last: 1000094143 ns, Reaching safepoint: 4300 ns, Cleanup: 9000 ns, At safepoint: 1900 ns, Total: 15200 ns
[303.110s][info ][safepoint      ] Safepoint "Cleanup", Time since last: 1000077643 ns, Reaching safepoint: 4000 ns, Cleanup: 10600 ns, At safepoint: 1600 ns, Total: 16200 ns
[304.110s][info ][safepoint      ] Safepoint "Cleanup", Time since last: 1000096242 ns, Reaching safepoint: 4300 ns, Cleanup: 10600 ns, At safepoint: 1500 ns, Total: 16400 ns
[305.110s][info ][safepoint      ] Safepoint "Cleanup", Time since last: 1000091943 ns, Reaching safepoint: 4200 ns, Cleanup: 11100 ns, At safepoint: 1600 ns, Total: 16900 ns
[306.110s][info ][safepoint      ] Safepoint "Cleanup", Time since last: 1000100643 ns, Reaching safepoint: 5000 ns, Cleanup: 7700 ns, At safepoint: 1600 ns, Total: 14300 ns
[307.110s][info ][safepoint      ] Safepoint "Cleanup", Time since last: 1000093219 ns, Reaching safepoint: 4400 ns, Cleanup: 9500 ns, At safepoint: 1800 ns, Total: 15700 ns
[308.110s][info ][safepoint      ] Safepoint "Cleanup", Time since last: 1000099960 ns, Reaching safepoint: 78699 ns, Cleanup: 30900 ns, At safepoint: 5600 ns, Total: 115199 ns
[310.111s][info ][safepoint      ] Safepoint "Cleanup", Time since last: 2000121719 ns, Reaching safepoint: 3900 ns, Cleanup: 46700 ns, At safepoint: 2000 ns, Total: 52600 ns
[311.111s][info ][safepoint      ] Safepoint "Cleanup", Time since last: 1000097860 ns, Reaching safepoint: 7000 ns, Cleanup: 9100 ns, At safepoint: 5400 ns, Total: 21500 ns
[312.111s][info ][safepoint      ] Safepoint "Cleanup", Time since last: 1000101459 ns, Reaching safepoint: 5000 ns, Cleanup: 15700 ns, At safepoint: 1500 ns, Total: 22200 ns
[313.111s][info ][safepoint      ] Safepoint "Cleanup", Time since last: 1000106659 ns, Reaching safepoint: 81800 ns, Cleanup: 14600 ns, At safepoint: 12100 ns, Total: 108500 ns
[314.111s][info ][safepoint      ] Safepoint "Cleanup", Time since last: 1000104159 ns, Reaching safepoint: 4000 ns, Cleanup: 76400 ns, At safepoint: 2000 ns, Total: 82400 ns
[314.933s][info ][gc,start       ] GC(35) Pause Young (Allocation Failure)
[314.936s][debug][gc,phases      ] GC(35) Scavenge 3.552ms
[314.936s][debug][gc,ref         ] GC(35) Skipped phase 1 of Reference Processing: no references
[314.936s][debug][gc,ref         ] GC(35) ReferenceProcessor::execute queues: 1, RefProcThreadModel::Single, marks_oops_alive: false
[314.936s][debug][gc,ref         ] GC(35) Skipped phase 3 of Reference Processing: no references
[314.937s][debug][gc,ref         ] GC(35) ReferenceProcessor::execute queues: 1, RefProcThreadModel::Single, marks_oops_alive: false
[314.937s][debug][gc,phases      ] GC(35) Reference Processing 0.112ms
[314.937s][debug][gc,phases      ] GC(35)   VM Weak                        Min:  0.0, Avg:  0.0, Max:  0.0, Diff:  0.0, Sum:  0.0, Workers: 4
[314.937s][debug][gc,phases      ] GC(35)     Dead                           Min: 0, Avg:  0.0, Max: 0, Diff: 0, Sum: 0, Workers: 4
[314.937s][debug][gc,phases      ] GC(35)     Total                          Min: 0, Avg: 227.5, Max: 846, Diff: 846, Sum: 910, Workers: 4
[314.937s][debug][gc,phases      ] GC(35)   ObjectSynchronizer Weak        Min:  0.0, Avg:  0.0, Max:  0.0, Diff:  0.0, Sum:  0.0, Workers: 4
[314.937s][debug][gc,phases      ] GC(35)     Dead                           Min: 0, Avg:  0.0, Max: 0, Diff: 0, Sum: 0, Workers: 4
[314.937s][debug][gc,phases      ] GC(35)     Total                          Min: 0, Avg:  1.5, Max: 6, Diff: 6, Sum: 6, Workers: 4
[314.937s][debug][gc,phases      ] GC(35)   JVMTI Tag Weak OopStorage      Min:  0.0, Avg:  0.0, Max:  0.0, Diff:  0.0, Sum:  0.0, Workers: 4
[314.937s][debug][gc,phases      ] GC(35)     Dead                           Min: 0, Avg:  0.0, Max: 0, Diff: 0, Sum: 0, Workers: 4
[314.937s][debug][gc,phases      ] GC(35)     Total                          Min: 0, Avg:  0.0, Max: 0, Diff: 0, Sum: 0, Workers: 4
[314.937s][debug][gc,phases      ] GC(35)   StringTable Weak               Min:  0.0, Avg:  0.1, Max:  0.2, Diff:  0.2, Sum:  0.3, Workers: 4
[314.937s][debug][gc,phases      ] GC(35)     Dead                           Min: 0, Avg:  0.2, Max: 1, Diff: 1, Sum: 1, Workers: 4
[314.937s][debug][gc,phases      ] GC(35)     Total                          Min: 0, Avg: 11053.5, Max: 27574, Diff: 27574, Sum: 44214, Workers: 4
[314.937s][debug][gc,phases      ] GC(35)   ResolvedMethodTable Weak       Min:  0.0, Avg:  0.0, Max:  0.1, Diff:  0.1, Sum:  0.1, Workers: 4
[314.937s][debug][gc,phases      ] GC(35)     Dead                           Min: 0, Avg:  0.0, Max: 0, Diff: 0, Sum: 0, Workers: 4
[314.937s][debug][gc,phases      ] GC(35)     Total                          Min: 0, Avg: 2721.5, Max: 6208, Diff: 6208, Sum: 10886, Workers: 4
[314.937s][debug][gc,phases      ] GC(35)   JNI Weak                       Min:  0.0, Avg:  0.0, Max:  0.0, Diff:  0.0, Sum:  0.0, Workers: 4
[314.937s][debug][gc,phases      ] GC(35)     Dead                           Min: 0, Avg:  0.0, Max: 0, Diff: 0, Sum: 0, Workers: 4
[314.937s][debug][gc,phases      ] GC(35)     Total                          Min: 0, Avg: 12.0, Max: 48, Diff: 48, Sum: 48, Workers: 4
[314.937s][debug][gc,phases      ] GC(35)   StringDedup Table Weak         Min:  0.0, Avg:  0.0, Max:  0.0, Diff:  0.0, Sum:  0.0, Workers: 4
[314.937s][debug][gc,phases      ] GC(35)     Dead                           Min: 0, Avg:  0.0, Max: 0, Diff: 0, Sum: 0, Workers: 4
[314.937s][debug][gc,phases      ] GC(35)     Total                          Min: 0, Avg:  0.0, Max: 0, Diff: 0, Sum: 0, Workers: 4
[314.937s][debug][gc,phases      ] GC(35)   StringDedup Requests0 Weak     Min:  0.0, Avg:  0.0, Max:  0.0, Diff:  0.0, Sum:  0.0, Workers: 4
[314.937s][debug][gc,phases      ] GC(35)     Dead                           Min: 0, Avg:  0.0, Max: 0, Diff: 0, Sum: 0, Workers: 4
[314.937s][debug][gc,phases      ] GC(35)     Total                          Min: 0, Avg:  0.0, Max: 0, Diff: 0, Sum: 0, Workers: 4
[314.937s][debug][gc,phases      ] GC(35)   StringDedup Requests1 Weak     Min:  0.0, Avg:  0.0, Max:  0.0, Diff:  0.0, Sum:  0.0, Workers: 4
[314.937s][debug][gc,phases      ] GC(35)     Dead                           Min: 0, Avg:  0.0, Max: 0, Diff: 0, Sum: 0, Workers: 4
[314.937s][debug][gc,phases      ] GC(35)     Total                          Min: 0, Avg:  0.0, Max: 0, Diff: 0, Sum: 0, Workers: 4
[314.937s][debug][gc,phases      ] GC(35)   Weak JFR Old Object Samples    Min:  0.0, Avg:  0.0, Max:  0.0, Diff:  0.0, Sum:  0.0, Workers: 4
[314.937s][debug][gc,phases      ] GC(35)     Dead                           Min: 0, Avg:  0.0, Max: 0, Diff: 0, Sum: 0, Workers: 4
[314.937s][debug][gc,phases      ] GC(35)     Total                          Min: 0, Avg:  0.0, Max: 0, Diff: 0, Sum: 0, Workers: 4
[314.937s][debug][gc,phases      ] GC(35) Weak Processing 0.405ms
[314.937s][debug][gc,age         ] GC(35) Desired survivor size 416808960 bytes, new threshold 15 (max threshold 15)
[314.937s][info ][gc,heap        ] GC(35) PSYoungGen: 1267952K(1682944K)->4352K(1678848K) Eden: 1264640K(1264640K)->0K(1264640K) From: 3312K(418304K)->4352K(414208K)
[314.937s][info ][gc,heap        ] GC(35) ParOldGen: 416155K(541696K)->416163K(541696K)
[314.937s][info ][gc,metaspace   ] GC(35) Metaspace: 87571K(88704K)->87571K(88704K) NonClass: 74802K(75392K)->74802K(75392K) Class: 12769K(13312K)->12769K(13312K)
[314.937s][info ][gc             ] GC(35) Pause Young (Allocation Failure) 1644M->410M(2168M) 4.169ms
[314.937s][info ][gc,cpu         ] GC(35) User=0.01s Sys=0.00s Real=0.01s
[314.937s][info ][safepoint      ] Safepoint "ParallelGCFailedAllocation", Time since last: 821554956 ns, Reaching safepoint: 4800 ns, Cleanup: 44400 ns, At safepoint: 4242196 ns, Total: 4291396 ns
[316.775s][info ][safepoint      ] Safepoint "Cleanup", Time since last: 1838309879 ns, Reaching safepoint: 4700 ns, Cleanup: 108800 ns, At safepoint: 1700 ns, Total: 115200 ns
[317.776s][info ][safepoint      ] Safepoint "Cleanup", Time since last: 1000108464 ns, Reaching safepoint: 6000 ns, Cleanup: 13600 ns, At safepoint: 2000 ns, Total: 21600 ns
[318.776s][info ][safepoint      ] Safepoint "Cleanup", Time since last: 1000110864 ns, Reaching safepoint: 75299 ns, Cleanup: 11800 ns, At safepoint: 5700 ns, Total: 92799 ns
[319.937s][info ][safepoint      ] Safepoint "Cleanup", Time since last: 1160677114 ns, Reaching safepoint: 88400 ns, Cleanup: 141400 ns, At safepoint: 6400 ns, Total: 236200 ns
[320.937s][info ][safepoint      ] Safepoint "Cleanup", Time since last: 1000111764 ns, Reaching safepoint: 4500 ns, Cleanup: 15200 ns, At safepoint: 1800 ns, Total: 21500 ns
[322.937s][info ][safepoint      ] Safepoint "Cleanup", Time since last: 2000178925 ns, Reaching safepoint: 74800 ns, Cleanup: 24400 ns, At safepoint: 6500 ns, Total: 105700 ns
[324.666s][info ][safepoint      ] Safepoint "Cleanup", Time since last: 1729188939 ns, Reaching safepoint: 74100 ns, Cleanup: 69800 ns, At safepoint: 4300 ns, Total: 148200 ns
[325.667s][info ][safepoint      ] Safepoint "Cleanup", Time since last: 1000102639 ns, Reaching safepoint: 4800 ns, Cleanup: 10500 ns, At safepoint: 2100 ns, Total: 17400 ns
[334.667s][info ][safepoint      ] Safepoint "Cleanup", Time since last: 9000593458 ns, Reaching safepoint: 4800 ns, Cleanup: 7900 ns, At safepoint: 2200 ns, Total: 14900 ns
[335.667s][info ][safepoint      ] Safepoint "Cleanup", Time since last: 1000104340 ns, Reaching safepoint: 5800 ns, Cleanup: 11600 ns, At safepoint: 1900 ns, Total: 19300 ns
[336.667s][info ][safepoint      ] Safepoint "Cleanup", Time since last: 1000108440 ns, Reaching safepoint: 8100 ns, Cleanup: 9900 ns, At safepoint: 2300 ns, Total: 20300 ns
[338.668s][info ][safepoint      ] Safepoint "Cleanup", Time since last: 2000169180 ns, Reaching safepoint: 8200 ns, Cleanup: 9600 ns, At safepoint: 2500 ns, Total: 20300 ns
[355.072s][info ][safepoint      ] Safepoint "Cleanup", Time since last: 16404542408 ns, Reaching safepoint: 70900 ns, Cleanup: 17000 ns, At safepoint: 4000 ns, Total: 91900 ns
[355.117s][info ][safepoint      ] Safepoint "JFRCheckpoint", Time since last: 44961755 ns, Reaching safepoint: 75400 ns, Cleanup: 30800 ns, At safepoint: 19900 ns, Total: 126100 ns
[355.119s][info ][gc,heap,exit   ] Heap
[355.119s][info ][gc,heap,exit   ]  PSYoungGen      total 1678848K, used 896658K [0x0000000780000000, 0x0000000800000000, 0x0000000800000000)
[355.119s][info ][gc,heap,exit   ]   eden space 1264640K, 70% used [0x0000000780000000,0x00000007b67649f0,0x00000007cd300000)
[355.119s][info ][gc,heap,exit   ]   from space 414208K, 1% used [0x00000007cd300000,0x00000007cd740120,0x00000007e6780000)
[355.119s][info ][gc,heap,exit   ]   to   space 407040K, 0% used [0x00000007e7280000,0x00000007e7280000,0x0000000800000000)
[355.119s][info ][gc,heap,exit   ]  ParOldGen       total 541696K, used 416163K [0x00000006c0000000, 0x00000006e1100000, 0x0000000780000000)
[355.119s][info ][gc,heap,exit   ]   object space 541696K, 76% used [0x00000006c0000000,0x00000006d9668e78,0x00000006e1100000)
[355.119s][info ][gc,heap,exit   ]  Metaspace       used 87838K, committed 88896K, reserved 1179648K
[355.119s][info ][gc,heap,exit   ]   class space    used 12809K, committed 13312K, reserved 1048576K
