[0.004s][info][gc] Using Parallel
[0.006s][info][gc,init] Version: 17.0.10+7-LTS (release)
[0.006s][info][gc,init] CPUs: 4 total, 4 available
[0.006s][info][gc,init] Memory: 15991M
[0.006s][info][gc,init] Large Page Support: Disabled
[0.006s][info][gc,init] NUMA Support: Disabled
[0.006s][info][gc,init] Compressed Oops: Enabled (Zero based)
[0.006s][info][gc,init] Alignments: Space 512K, Generation 512K, Heap 2M
[0.006s][info][gc,init] Heap Min Capacity: 2054M
[0.006s][info][gc,init] Heap Initial Capacity: 2054M
[0.006s][info][gc,init] Heap Max Capacity: 5G
[0.006s][info][gc,init] Pre-touch: Disabled
[0.006s][info][gc,init] Parallel Workers: 4
[0.013s][info][gc,metaspace] CDS archive(s) mapped at: [0x00007f5cb9000000-0x00007f5cb9bc6000-0x00007f5cb9bc6000), size 12345344, SharedBaseAddress: 0x00007f5cb9000000, ArchiveRelocationMode: 1.
[0.013s][info][gc,metaspace] Compressed class space mapped at: 0x00007f5cba000000-0x00007f5cfa000000, reserved size: 1073741824
[0.013s][info][gc,metaspace] Narrow klass base: 0x00007f5cb9000000, Narrow klass shift: 0, Narrow klass range: 0x100000000
[0.343s][info][safepoint   ] Safepoint "ICBufferFull", Time since last: 322633173 ns, Reaching safepoint: 47800 ns, Cleanup: 109200 ns, At safepoint: 7700 ns, Total: 164700 ns
[0.477s][info][safepoint   ] Safepoint "RedefineClasses", Time since last: 129078049 ns, Reaching safepoint: 2700 ns, Cleanup: 51000 ns, At safepoint: 4495084 ns, Total: 4548784 ns
[0.580s][info][safepoint   ] Safepoint "ICBufferFull", Time since last: 98699256 ns, Reaching safepoint: 4249985 ns, Cleanup: 158100 ns, At safepoint: 7200 ns, Total: 4415285 ns
[0.628s][info][safepoint   ] Safepoint "JFRCheckpoint", Time since last: 47614933 ns, Reaching safepoint: 78500 ns, Cleanup: 27500 ns, At safepoint: 10900 ns, Total: 116900 ns
[1.187s][info][safepoint   ] Safepoint "ICBufferFull", Time since last: 559426715 ns, Reaching safepoint: 2000 ns, Cleanup: 174699 ns, At safepoint: 4100 ns, Total: 180799 ns
[1.619s][info][safepoint   ] Safepoint "ICBufferFull", Time since last: 432000158 ns, Reaching safepoint: 2400 ns, Cleanup: 132500 ns, At safepoint: 2000 ns, Total: 136900 ns
[1.860s][info][gc,start    ] GC(0) Pause Young (Metadata GC Threshold)
[1.880s][debug][gc,phases   ] GC(0) Scavenge 19.589ms
[1.880s][debug][gc,ref      ] GC(0) Skipped phase 1 of Reference Processing: no references
[1.880s][debug][gc,ref      ] GC(0) ReferenceProcessor::execute queues: 2, RefProcThreadModel::Multi, marks_oops_alive: false
[1.880s][debug][gc,ref      ] GC(0) Skipped phase 3 of Reference Processing: no references
[1.880s][debug][gc,ref      ] GC(0) ReferenceProcessor::execute queues: 1, RefProcThreadModel::Single, marks_oops_alive: false
[1.881s][debug][gc,phases   ] GC(0) Reference Processing 0.295ms
[1.881s][debug][gc,phases   ] GC(0)   VM Weak                        Min:  0.0, Avg:  0.0, Max:  0.0, Diff:  0.0, Sum:  0.0, Workers: 4
[1.881s][debug][gc,phases   ] GC(0)     Dead                           Min: 0, Avg:  0.0, Max: 0, Diff: 0, Sum: 0, Workers: 4
[1.881s][debug][gc,phases   ] GC(0)     Total                          Min: 0, Avg: 61.2, Max: 128, Diff: 128, Sum: 245, Workers: 4
[1.881s][debug][gc,phases   ] GC(0)   ObjectSynchronizer Weak        Min:  0.0, Avg:  0.0, Max:  0.0, Diff:  0.0, Sum:  0.0, Workers: 4
[1.881s][debug][gc,phases   ] GC(0)     Dead                           Min: 0, Avg:  1.0, Max: 4, Diff: 4, Sum: 4, Workers: 4
[1.881s][debug][gc,phases   ] GC(0)     Total                          Min: 0, Avg:  3.5, Max: 14, Diff: 14, Sum: 14, Workers: 4
[1.881s][debug][gc,phases   ] GC(0)   JVMTI Tag Weak OopStorage      Min:  0.0, Avg:  0.0, Max:  0.0, Diff:  0.0, Sum:  0.0, Workers: 4
[1.881s][debug][gc,phases   ] GC(0)     Dead                           Min: 0, Avg:  0.0, Max: 0, Diff: 0, Sum: 0, Workers: 4
[1.881s][debug][gc,phases   ] GC(0)     Total                          Min: 0, Avg:  0.0, Max: 0, Diff: 0, Sum: 0, Workers: 4
[1.881s][debug][gc,phases   ] GC(0)   StringTable Weak               Min:  0.0, Avg:  0.1, Max:  0.1, Diff:  0.1, Sum:  0.3, Workers: 4
[1.881s][debug][gc,phases   ] GC(0)     Dead                           Min: 0, Avg:  7.0, Max: 18, Diff: 18, Sum: 28, Workers: 4
[1.881s][debug][gc,phases   ] GC(0)     Total                          Min: 0, Avg: 2961.2, Max: 6400, Diff: 6400, Sum: 11845, Workers: 4
[1.881s][debug][gc,phases   ] GC(0)   ResolvedMethodTable Weak       Min:  0.0, Avg:  0.0, Max:  0.0, Diff:  0.0, Sum:  0.0, Workers: 4
[1.881s][debug][gc,phases   ] GC(0)     Dead                           Min: 0, Avg: 18.2, Max: 51, Diff: 51, Sum: 73, Workers: 4
[1.881s][debug][gc,phases   ] GC(0)     Total                          Min: 0, Avg: 326.2, Max: 665, Diff: 665, Sum: 1305, Workers: 4
[1.881s][debug][gc,phases   ] GC(0)   JNI Weak                       Min:  0.0, Avg:  0.0, Max:  0.0, Diff:  0.0, Sum:  0.0, Workers: 4
[1.881s][debug][gc,phases   ] GC(0)     Dead                           Min: 0, Avg:  0.0, Max: 0, Diff: 0, Sum: 0, Workers: 4
[1.881s][debug][gc,phases   ] GC(0)     Total                          Min: 0, Avg: 12.0, Max: 48, Diff: 48, Sum: 48, Workers: 4
[1.881s][debug][gc,phases   ] GC(0)   StringDedup Table Weak         Min:  0.0, Avg:  0.0, Max:  0.0, Diff:  0.0, Sum:  0.0, Workers: 4
[1.881s][debug][gc,phases   ] GC(0)     Dead                           Min: 0, Avg:  0.0, Max: 0, Diff: 0, Sum: 0, Workers: 4
[1.881s][debug][gc,phases   ] GC(0)     Total                          Min: 0, Avg:  0.0, Max: 0, Diff: 0, Sum: 0, Workers: 4
[1.881s][debug][gc,phases   ] GC(0)   StringDedup Requests0 Weak     Min:  0.0, Avg:  0.0, Max:  0.0, Diff:  0.0, Sum:  0.0, Workers: 4
[1.881s][debug][gc,phases   ] GC(0)     Dead                           Min: 0, Avg:  0.0, Max: 0, Diff: 0, Sum: 0, Workers: 4
[1.881s][debug][gc,phases   ] GC(0)     Total                          Min: 0, Avg:  0.0, Max: 0, Diff: 0, Sum: 0, Workers: 4
[1.881s][debug][gc,phases   ] GC(0)   StringDedup Requests1 Weak     Min:  0.0, Avg:  0.0, Max:  0.0, Diff:  0.0, Sum:  0.0, Workers: 4
[1.881s][debug][gc,phases   ] GC(0)     Dead                           Min: 0, Avg:  0.0, Max: 0, Diff: 0, Sum: 0, Workers: 4
[1.881s][debug][gc,phases   ] GC(0)     Total                          Min: 0, Avg:  0.0, Max: 0, Diff: 0, Sum: 0, Workers: 4
[1.881s][debug][gc,phases   ] GC(0)   Weak JFR Old Object Samples    Min:  0.0, Avg:  0.0, Max:  0.0, Diff:  0.0, Sum:  0.0, Workers: 4
[1.881s][debug][gc,phases   ] GC(0)     Dead                           Min: 0, Avg:  0.0, Max: 0, Diff: 0, Sum: 0, Workers: 4
[1.881s][debug][gc,phases   ] GC(0)     Total                          Min: 0, Avg:  0.0, Max: 0, Diff: 0, Sum: 0, Workers: 4
[1.881s][debug][gc,phases   ] GC(0) Weak Processing 0.353ms
[1.881s][debug][gc,age      ] GC(0) Desired survivor size 536870912 bytes, new threshold 7 (max threshold 15)
[1.881s][info ][gc,heap     ] GC(0) PSYoungGen: 282885K(1572864K)->34883K(1572864K) Eden: 282885K(1048576K)->0K(1048576K) From: 0K(524288K)->34883K(524288K)
[1.881s][info ][gc,heap     ] GC(0) ParOldGen: 0K(6144K)->104K(6144K)
[1.881s][info ][gc,metaspace] GC(0) Metaspace: 21139K(21504K)->21139K(21504K) NonClass: 18699K(18880K)->18699K(18880K) Class: 2440K(2624K)->2440K(2624K)
[1.881s][info ][gc          ] GC(0) Pause Young (Metadata GC Threshold) 276M->34M(1542M) 20.527ms
[1.881s][info ][gc,cpu      ] GC(0) User=0.05s Sys=0.00s Real=0.02s
[1.881s][debug][gc,phases   ] GC(1) Pre Compact 0.011ms
[1.881s][info ][gc,start    ] GC(1) Pause Full (Metadata GC Threshold)
[1.881s][info ][gc,phases,start] GC(1) Marking Phase
[1.895s][debug][gc,phases      ] GC(1) Par Mark 14.143ms
[1.895s][debug][gc,ref         ] GC(1) Skipped phase 1 of Reference Processing: no references
[1.895s][debug][gc,ref         ] GC(1) ReferenceProcessor::execute queues: 1, RefProcThreadModel::Single, marks_oops_alive: false
[1.895s][debug][gc,ref         ] GC(1) Skipped phase 3 of Reference Processing: no references
[1.895s][debug][gc,ref         ] GC(1) ReferenceProcessor::execute queues: 1, RefProcThreadModel::Single, marks_oops_alive: false
[1.895s][debug][gc,phases      ] GC(1) Reference Processing 0.037ms
[1.895s][debug][gc,phases      ] GC(1)   VM Weak                        Min:  0.0, Avg:  0.0, Max:  0.0, Diff:  0.0, Sum:  0.0, Workers: 4
[1.895s][debug][gc,phases      ] GC(1)     Dead                           Min: 0, Avg:  0.0, Max: 0, Diff: 0, Sum: 0, Workers: 4
[1.895s][debug][gc,phases      ] GC(1)     Total                          Min: 0, Avg: 61.2, Max: 192, Diff: 192, Sum: 245, Workers: 4
[1.895s][debug][gc,phases      ] GC(1)   ObjectSynchronizer Weak        Min:  0.0, Avg:  0.0, Max:  0.0, Diff:  0.0, Sum:  0.0, Workers: 4
[1.895s][debug][gc,phases      ] GC(1)     Dead                           Min: 0, Avg:  0.0, Max: 0, Diff: 0, Sum: 0, Workers: 4
[1.895s][debug][gc,phases      ] GC(1)     Total                          Min: 0, Avg:  3.5, Max: 14, Diff: 14, Sum: 14, Workers: 4
[1.895s][debug][gc,phases      ] GC(1)   JVMTI Tag Weak OopStorage      Min:  0.0, Avg:  0.0, Max:  0.0, Diff:  0.0, Sum:  0.0, Workers: 4
[1.895s][debug][gc,phases      ] GC(1)     Dead                           Min: 0, Avg:  0.0, Max: 0, Diff: 0, Sum: 0, Workers: 4
[1.895s][debug][gc,phases      ] GC(1)     Total                          Min: 0, Avg:  0.0, Max: 0, Diff: 0, Sum: 0, Workers: 4
[1.895s][debug][gc,phases      ] GC(1)   StringTable Weak               Min:  0.0, Avg:  0.0, Max:  0.1, Diff:  0.1, Sum:  0.1, Workers: 4
[1.895s][debug][gc,phases      ] GC(1)     Dead                           Min: 0, Avg:  0.0, Max: 0, Diff: 0, Sum: 0, Workers: 4
[1.895s][debug][gc,phases      ] GC(1)     Total                          Min: 0, Avg: 2961.2, Max: 6080, Diff: 6080, Sum: 11845, Workers: 4
[1.895s][debug][gc,phases      ] GC(1)   ResolvedMethodTable Weak       Min:  0.0, Avg:  0.0, Max:  0.0, Diff:  0.0, Sum:  0.0, Workers: 4
[1.895s][debug][gc,phases      ] GC(1)     Dead                           Min: 0, Avg:  0.0, Max: 0, Diff: 0, Sum: 0, Workers: 4
[1.895s][debug][gc,phases      ] GC(1)     Total                          Min: 0, Avg: 326.2, Max: 665, Diff: 665, Sum: 1305, Workers: 4
[1.895s][debug][gc,phases      ] GC(1)   JNI Weak                       Min:  0.0, Avg:  0.0, Max:  0.0, Diff:  0.0, Sum:  0.0, Workers: 4
[1.895s][debug][gc,phases      ] GC(1)     Dead                           Min: 0, Avg:  0.0, Max: 0, Diff: 0, Sum: 0, Workers: 4
[1.895s][debug][gc,phases      ] GC(1)     Total                          Min: 0, Avg: 12.0, Max: 48, Diff: 48, Sum: 48, Workers: 4
[1.895s][debug][gc,phases      ] GC(1)   StringDedup Table Weak         Min:  0.0, Avg:  0.0, Max:  0.0, Diff:  0.0, Sum:  0.0, Workers: 4
[1.895s][debug][gc,phases      ] GC(1)     Dead                           Min: 0, Avg:  0.0, Max: 0, Diff: 0, Sum: 0, Workers: 4
[1.895s][debug][gc,phases      ] GC(1)     Total                          Min: 0, Avg:  0.0, Max: 0, Diff: 0, Sum: 0, Workers: 4
[1.895s][debug][gc,phases      ] GC(1)   StringDedup Requests0 Weak     Min:  0.0, Avg:  0.0, Max:  0.0, Diff:  0.0, Sum:  0.0, Workers: 4
[1.895s][debug][gc,phases      ] GC(1)     Dead                           Min: 0, Avg:  0.0, Max: 0, Diff: 0, Sum: 0, Workers: 4
[1.895s][debug][gc,phases      ] GC(1)     Total                          Min: 0, Avg:  0.0, Max: 0, Diff: 0, Sum: 0, Workers: 4
[1.895s][debug][gc,phases      ] GC(1)   StringDedup Requests1 Weak     Min:  0.0, Avg:  0.0, Max:  0.0, Diff:  0.0, Sum:  0.0, Workers: 4
[1.895s][debug][gc,phases      ] GC(1)     Dead                           Min: 0, Avg:  0.0, Max: 0, Diff: 0, Sum: 0, Workers: 4
[1.895s][debug][gc,phases      ] GC(1)     Total                          Min: 0, Avg:  0.0, Max: 0, Diff: 0, Sum: 0, Workers: 4
[1.895s][debug][gc,phases      ] GC(1)   Weak JFR Old Object Samples    Min:  0.0, Avg:  0.0, Max:  0.0, Diff:  0.0, Sum:  0.0, Workers: 4
[1.895s][debug][gc,phases      ] GC(1)     Dead                           Min: 0, Avg:  0.0, Max: 0, Diff: 0, Sum: 0, Workers: 4
[1.895s][debug][gc,phases      ] GC(1)     Total                          Min: 0, Avg:  0.0, Max: 0, Diff: 0, Sum: 0, Workers: 4
[1.895s][debug][gc,phases      ] GC(1) Weak Processing 0.218ms
[1.895s][debug][gc,phases      ] GC(1) ClassLoaderData 0.015ms
[1.895s][debug][gc,phases      ] GC(1) Trigger cleanups 0.000ms
[1.899s][debug][gc,phases      ] GC(1) Class Unloading 3.730ms
[1.899s][debug][gc,phases      ] GC(1) Report Object Count 0.001ms
[1.899s][info ][gc,phases      ] GC(1) Marking Phase 18.199ms
[1.899s][info ][gc,phases,start] GC(1) Summary Phase
[1.899s][info ][gc,phases      ] GC(1) Summary Phase 0.006ms
[1.899s][info ][gc,phases,start] GC(1) Adjust Roots
[1.904s][info ][gc,phases      ] GC(1) Adjust Roots 4.769ms
[1.904s][info ][gc,phases,start] GC(1) Compaction Phase
[1.927s][info ][gc,phases      ] GC(1) Compaction Phase 23.136ms
[1.927s][info ][gc,phases,start] GC(1) Post Compact
[1.928s][info ][gc,phases      ] GC(1) Post Compact 1.280ms
[1.928s][info ][gc,heap        ] GC(1) PSYoungGen: 34883K(1572864K)->28779K(1572864K) Eden: 0K(1048576K)->0K(1048576K) From: 34883K(524288K)->28779K(524288K)
[1.928s][info ][gc,heap        ] GC(1) ParOldGen: 104K(6144K)->6020K(6144K)
[1.928s][info ][gc,metaspace   ] GC(1) Metaspace: 21139K(21504K)->21139K(21504K) NonClass: 18699K(18880K)->18699K(18880K) Class: 2440K(2624K)->2440K(2624K)
[1.928s][info ][gc             ] GC(1) Pause Full (Metadata GC Threshold) 34M->33M(1542M) 47.485ms
[1.928s][info ][gc,cpu         ] GC(1) User=0.10s Sys=0.00s Real=0.05s
[1.929s][info ][safepoint      ] Safepoint "CollectForMetadataAllocation", Time since last: 240964340 ns, Reaching safepoint: 2500 ns, Cleanup: 79300 ns, At safepoint: 68120457 ns, Total: 68202257 ns
[2.190s][info ][safepoint      ] Safepoint "ICBufferFull", Time since last: 261729866 ns, Reaching safepoint: 81099 ns, Cleanup: 125200 ns, At safepoint: 11100 ns, Total: 217399 ns
[2.311s][info ][safepoint      ] Safepoint "ICBufferFull", Time since last: 120199971 ns, Reaching safepoint: 3300 ns, Cleanup: 122799 ns, At safepoint: 5300 ns, Total: 131399 ns
[2.431s][info ][safepoint      ] Safepoint "ICBufferFull", Time since last: 120342571 ns, Reaching safepoint: 83700 ns, Cleanup: 138699 ns, At safepoint: 5300 ns, Total: 227699 ns
[2.579s][info ][safepoint      ] Safepoint "ICBufferFull", Time since last: 147824973 ns, Reaching safepoint: 2100 ns, Cleanup: 117299 ns, At safepoint: 1300 ns, Total: 120699 ns
[3.083s][info ][safepoint      ] Safepoint "ICBufferFull", Time since last: 503358704 ns, Reaching safepoint: 91600 ns, Cleanup: 146099 ns, At safepoint: 5800 ns, Total: 243499 ns
[3.191s][info ][safepoint      ] Safepoint "ICBufferFull", Time since last: 107581916 ns, Reaching safepoint: 2000 ns, Cleanup: 114200 ns, At safepoint: 1800 ns, Total: 118000 ns
[3.366s][info ][safepoint      ] Safepoint "ICBufferFull", Time since last: 175556373 ns, Reaching safepoint: 2700 ns, Cleanup: 122900 ns, At safepoint: 1400 ns, Total: 127000 ns
[3.484s][info ][safepoint      ] Safepoint "ICBufferFull", Time since last: 117715180 ns, Reaching safepoint: 3000 ns, Cleanup: 260199 ns, At safepoint: 5200 ns, Total: 268399 ns
[3.702s][info ][gc,start       ] GC(2) Pause Young (Metadata GC Threshold)
[3.753s][debug][gc,phases      ] GC(2) Scavenge 50.741ms
[3.753s][debug][gc,ref         ] GC(2) Skipped phase 1 of Reference Processing: no references
[3.753s][debug][gc,ref         ] GC(2) ReferenceProcessor::execute queues: 4, RefProcThreadModel::Multi, marks_oops_alive: false
[3.754s][debug][gc,ref         ] GC(2) Skipped phase 3 of Reference Processing: no references
[3.754s][debug][gc,ref         ] GC(2) ReferenceProcessor::execute queues: 1, RefProcThreadModel::Single, marks_oops_alive: false
[3.754s][debug][gc,phases      ] GC(2) Reference Processing 0.395ms
[3.754s][debug][gc,phases      ] GC(2)   VM Weak                        Min:  0.0, Avg:  0.0, Max:  0.0, Diff:  0.0, Sum:  0.0, Workers: 4
[3.754s][debug][gc,phases      ] GC(2)     Dead                           Min: 0, Avg:  0.0, Max: 0, Diff: 0, Sum: 0, Workers: 4
[3.754s][debug][gc,phases      ] GC(2)     Total                          Min: 0, Avg: 78.5, Max: 314, Diff: 314, Sum: 314, Workers: 4
[3.754s][debug][gc,phases      ] GC(2)   ObjectSynchronizer Weak        Min:  0.0, Avg:  0.0, Max:  0.0, Diff:  0.0, Sum:  0.0, Workers: 4
[3.754s][debug][gc,phases      ] GC(2)     Dead                           Min: 0, Avg:  0.0, Max: 0, Diff: 0, Sum: 0, Workers: 4
[3.754s][debug][gc,phases      ] GC(2)     Total                          Min: 0, Avg:  3.8, Max: 15, Diff: 15, Sum: 15, Workers: 4
[3.754s][debug][gc,phases      ] GC(2)   JVMTI Tag Weak OopStorage      Min:  0.0, Avg:  0.0, Max:  0.0, Diff:  0.0, Sum:  0.0, Workers: 4
[3.754s][debug][gc,phases      ] GC(2)     Dead                           Min: 0, Avg:  0.0, Max: 0, Diff: 0, Sum: 0, Workers: 4
[3.754s][debug][gc,phases      ] GC(2)     Total                          Min: 0, Avg:  0.0, Max: 0, Diff: 0, Sum: 0, Workers: 4
[3.754s][debug][gc,phases      ] GC(2)   StringTable Weak               Min:  0.0, Avg:  0.1, Max:  0.1, Diff:  0.1, Sum:  0.4, Workers: 4
[3.754s][debug][gc,phases      ] GC(2)     Dead                           Min: 0, Avg:  2.2, Max: 4, Diff: 4, Sum: 9, Workers: 4
[3.754s][debug][gc,phases      ] GC(2)     Total                          Min: 0, Avg: 4362.2, Max: 7081, Diff: 7081, Sum: 17449, Workers: 4
[3.754s][debug][gc,phases      ] GC(2)   ResolvedMethodTable Weak       Min:  0.0, Avg:  0.0, Max:  0.0, Diff:  0.0, Sum:  0.1, Workers: 4
[3.754s][debug][gc,phases      ] GC(2)     Dead                           Min: 0, Avg: 12.2, Max: 29, Diff: 29, Sum: 49, Workers: 4
[3.754s][debug][gc,phases      ] GC(2)     Total                          Min: 0, Avg: 589.8, Max: 960, Diff: 960, Sum: 2359, Workers: 4
[3.754s][debug][gc,phases      ] GC(2)   JNI Weak                       Min:  0.0, Avg:  0.0, Max:  0.0, Diff:  0.0, Sum:  0.0, Workers: 4
[3.754s][debug][gc,phases      ] GC(2)     Dead                           Min: 0, Avg:  0.0, Max: 0, Diff: 0, Sum: 0, Workers: 4
[3.754s][debug][gc,phases      ] GC(2)     Total                          Min: 0, Avg: 12.0, Max: 48, Diff: 48, Sum: 48, Workers: 4
[3.754s][debug][gc,phases      ] GC(2)   StringDedup Table Weak         Min:  0.0, Avg:  0.0, Max:  0.0, Diff:  0.0, Sum:  0.0, Workers: 4
[3.754s][debug][gc,phases      ] GC(2)     Dead                           Min: 0, Avg:  0.0, Max: 0, Diff: 0, Sum: 0, Workers: 4
[3.754s][debug][gc,phases      ] GC(2)     Total                          Min: 0, Avg:  0.0, Max: 0, Diff: 0, Sum: 0, Workers: 4
[3.754s][debug][gc,phases      ] GC(2)   StringDedup Requests0 Weak     Min:  0.0, Avg:  0.0, Max:  0.0, Diff:  0.0, Sum:  0.0, Workers: 4
[3.754s][debug][gc,phases      ] GC(2)     Dead                           Min: 0, Avg:  0.0, Max: 0, Diff: 0, Sum: 0, Workers: 4
[3.754s][debug][gc,phases      ] GC(2)     Total                          Min: 0, Avg:  0.0, Max: 0, Diff: 0, Sum: 0, Workers: 4
[3.754s][debug][gc,phases      ] GC(2)   StringDedup Requests1 Weak     Min:  0.0, Avg:  0.0, Max:  0.0, Diff:  0.0, Sum:  0.0, Workers: 4
[3.754s][debug][gc,phases      ] GC(2)     Dead                           Min: 0, Avg:  0.0, Max: 0, Diff: 0, Sum: 0, Workers: 4
[3.754s][debug][gc,phases      ] GC(2)     Total                          Min: 0, Avg:  0.0, Max: 0, Diff: 0, Sum: 0, Workers: 4
[3.754s][debug][gc,phases      ] GC(2)   Weak JFR Old Object Samples    Min:  0.0, Avg:  0.0, Max:  0.0, Diff:  0.0, Sum:  0.0, Workers: 4
[3.754s][debug][gc,phases      ] GC(2)     Dead                           Min: 0, Avg:  0.0, Max: 0, Diff: 0, Sum: 0, Workers: 4
[3.754s][debug][gc,phases      ] GC(2)     Total                          Min: 0, Avg:  0.0, Max: 0, Diff: 0, Sum: 0, Workers: 4
[3.754s][debug][gc,phases      ] GC(2) Weak Processing 0.323ms
[3.754s][debug][gc,age         ] GC(2) Desired survivor size 536870912 bytes, new threshold 7 (max threshold 15)
[3.754s][info ][gc,heap        ] GC(2) PSYoungGen: 636962K(1572864K)->76579K(1572864K) Eden: 608182K(1048576K)->0K(1048576K) From: 28779K(524288K)->76579K(524288K)
[3.754s][info ][gc,heap        ] GC(2) ParOldGen: 6020K(6144K)->6036K(6144K)
[3.754s][info ][gc,metaspace   ] GC(2) Metaspace: 35356K(35840K)->35356K(35840K) NonClass: 30931K(31168K)->30931K(31168K) Class: 4425K(4672K)->4425K(4672K)
[3.754s][info ][gc             ] GC(2) Pause Young (Metadata GC Threshold) 627M->80M(1542M) 51.558ms
[3.754s][info ][gc,cpu         ] GC(2) User=0.14s Sys=0.02s Real=0.05s
[3.754s][debug][gc,phases      ] GC(3) Pre Compact 0.007ms
[3.754s][info ][gc,start       ] GC(3) Pause Full (Metadata GC Threshold)
[3.754s][info ][gc,phases,start] GC(3) Marking Phase
[3.787s][debug][gc,phases      ] GC(3) Par Mark 33.240ms
[3.787s][debug][gc,ref         ] GC(3) Skipped phase 1 of Reference Processing: no references
[3.787s][debug][gc,ref         ] GC(3) ReferenceProcessor::execute queues: 4, RefProcThreadModel::Multi, marks_oops_alive: false
[3.788s][debug][gc,ref         ] GC(3) Skipped phase 3 of Reference Processing: no references
[3.788s][debug][gc,ref         ] GC(3) ReferenceProcessor::execute queues: 1, RefProcThreadModel::Single, marks_oops_alive: false
[3.788s][debug][gc,phases      ] GC(3) Reference Processing 0.297ms
[3.788s][debug][gc,phases      ] GC(3)   VM Weak                        Min:  0.0, Avg:  0.0, Max:  0.0, Diff:  0.0, Sum:  0.0, Workers: 4
[3.788s][debug][gc,phases      ] GC(3)     Dead                           Min: 0, Avg:  0.0, Max: 0, Diff: 0, Sum: 0, Workers: 4
[3.788s][debug][gc,phases      ] GC(3)     Total                          Min: 0, Avg: 78.5, Max: 314, Diff: 314, Sum: 314, Workers: 4
[3.788s][debug][gc,phases      ] GC(3)   ObjectSynchronizer Weak        Min:  0.0, Avg:  0.0, Max:  0.0, Diff:  0.0, Sum:  0.0, Workers: 4
[3.788s][debug][gc,phases      ] GC(3)     Dead                           Min: 0, Avg:  0.0, Max: 0, Diff: 0, Sum: 0, Workers: 4
[3.788s][debug][gc,phases      ] GC(3)     Total                          Min: 0, Avg:  3.8, Max: 15, Diff: 15, Sum: 15, Workers: 4
[3.788s][debug][gc,phases      ] GC(3)   JVMTI Tag Weak OopStorage      Min:  0.0, Avg:  0.0, Max:  0.0, Diff:  0.0, Sum:  0.0, Workers: 4
[3.788s][debug][gc,phases      ] GC(3)     Dead                           Min: 0, Avg:  0.0, Max: 0, Diff: 0, Sum: 0, Workers: 4
[3.788s][debug][gc,phases      ] GC(3)     Total                          Min: 0, Avg:  0.0, Max: 0, Diff: 0, Sum: 0, Workers: 4
[3.788s][debug][gc,phases      ] GC(3)   StringTable Weak               Min:  0.0, Avg:  0.1, Max:  0.1, Diff:  0.1, Sum:  0.2, Workers: 4
[3.788s][debug][gc,phases      ] GC(3)     Dead                           Min: 0, Avg:  0.0, Max: 0, Diff: 0, Sum: 0, Workers: 4
[3.788s][debug][gc,phases      ] GC(3)     Total                          Min: 0, Avg: 4362.2, Max: 6249, Diff: 6249, Sum: 17449, Workers: 4
[3.788s][debug][gc,phases      ] GC(3)   ResolvedMethodTable Weak       Min:  0.0, Avg:  0.0, Max:  0.0, Diff:  0.0, Sum:  0.0, Workers: 4
[3.788s][debug][gc,phases      ] GC(3)     Dead                           Min: 0, Avg:  0.0, Max: 0, Diff: 0, Sum: 0, Workers: 4
[3.788s][debug][gc,phases      ] GC(3)     Total                          Min: 0, Avg: 589.8, Max: 832, Diff: 832, Sum: 2359, Workers: 4
[3.788s][debug][gc,phases      ] GC(3)   JNI Weak                       Min:  0.0, Avg:  0.0, Max:  0.0, Diff:  0.0, Sum:  0.0, Workers: 4
[3.788s][debug][gc,phases      ] GC(3)     Dead                           Min: 0, Avg:  0.0, Max: 0, Diff: 0, Sum: 0, Workers: 4
[3.788s][debug][gc,phases      ] GC(3)     Total                          Min: 0, Avg: 12.0, Max: 48, Diff: 48, Sum: 48, Workers: 4
[3.788s][debug][gc,phases      ] GC(3)   StringDedup Table Weak         Min:  0.0, Avg:  0.0, Max:  0.0, Diff:  0.0, Sum:  0.0, Workers: 4
[3.788s][debug][gc,phases      ] GC(3)     Dead                           Min: 0, Avg:  0.0, Max: 0, Diff: 0, Sum: 0, Workers: 4
[3.788s][debug][gc,phases      ] GC(3)     Total                          Min: 0, Avg:  0.0, Max: 0, Diff: 0, Sum: 0, Workers: 4
[3.788s][debug][gc,phases      ] GC(3)   StringDedup Requests0 Weak     Min:  0.0, Avg:  0.0, Max:  0.0, Diff:  0.0, Sum:  0.0, Workers: 4
[3.788s][debug][gc,phases      ] GC(3)     Dead                           Min: 0, Avg:  0.0, Max: 0, Diff: 0, Sum: 0, Workers: 4
[3.788s][debug][gc,phases      ] GC(3)     Total                          Min: 0, Avg:  0.0, Max: 0, Diff: 0, Sum: 0, Workers: 4
[3.788s][debug][gc,phases      ] GC(3)   StringDedup Requests1 Weak     Min:  0.0, Avg:  0.0, Max:  0.0, Diff:  0.0, Sum:  0.0, Workers: 4
[3.788s][debug][gc,phases      ] GC(3)     Dead                           Min: 0, Avg:  0.0, Max: 0, Diff: 0, Sum: 0, Workers: 4
[3.788s][debug][gc,phases      ] GC(3)     Total                          Min: 0, Avg:  0.0, Max: 0, Diff: 0, Sum: 0, Workers: 4
[3.788s][debug][gc,phases      ] GC(3)   Weak JFR Old Object Samples    Min:  0.0, Avg:  0.0, Max:  0.0, Diff:  0.0, Sum:  0.0, Workers: 4
[3.788s][debug][gc,phases      ] GC(3)     Dead                           Min: 0, Avg:  0.0, Max: 0, Diff: 0, Sum: 0, Workers: 4
[3.788s][debug][gc,phases      ] GC(3)     Total                          Min: 0, Avg:  0.0, Max: 0, Diff: 0, Sum: 0, Workers: 4
[3.788s][debug][gc,phases      ] GC(3) Weak Processing 0.244ms
[3.788s][debug][gc,phases      ] GC(3) ClassLoaderData 0.034ms
[3.788s][debug][gc,phases      ] GC(3) Trigger cleanups 0.000ms
[3.792s][debug][gc,phases      ] GC(3) Class Unloading 4.336ms
[3.792s][debug][gc,phases      ] GC(3) Report Object Count 0.001ms
[3.792s][info ][gc,phases      ] GC(3) Marking Phase 38.228ms
[3.792s][info ][gc,phases,start] GC(3) Summary Phase
[3.792s][info ][gc,phases      ] GC(3) Summary Phase 0.005ms
[3.792s][info ][gc,phases,start] GC(3) Adjust Roots
[3.798s][info ][gc,phases      ] GC(3) Adjust Roots 5.591ms
[3.798s][info ][gc,phases,start] GC(3) Compaction Phase
[4.167s][info ][gc,phases      ] GC(3) Compaction Phase 369.577ms
[4.167s][info ][gc,phases,start] GC(3) Post Compact
[4.169s][info ][gc,phases      ] GC(3) Post Compact 1.874ms
[4.169s][info ][gc,heap        ] GC(3) PSYoungGen: 76579K(1572864K)->76401K(1572864K) Eden: 0K(1048576K)->0K(1048576K) From: 76579K(524288K)->76401K(524288K)
[4.169s][info ][gc,heap        ] GC(3) ParOldGen: 6036K(6144K)->5957K(6144K)
[4.169s][info ][gc,metaspace   ] GC(3) Metaspace: 35356K(35840K)->35356K(35840K) NonClass: 30931K(31168K)->30931K(31168K) Class: 4425K(4672K)->4425K(4672K)
[4.169s][info ][gc             ] GC(3) Pause Full (Metadata GC Threshold) 80M->80M(1542M) 415.397ms
[4.169s][info ][gc,cpu         ] GC(3) User=0.85s Sys=0.01s Real=0.42s
[4.169s][info ][safepoint      ] Safepoint "CollectForMetadataAllocation", Time since last: 217977422 ns, Reaching safepoint: 2400 ns, Cleanup: 98900 ns, At safepoint: 467078333 ns, Total: 467179633 ns
[4.315s][info ][safepoint      ] Safepoint "ICBufferFull", Time since last: 145080882 ns, Reaching safepoint: 81600 ns, Cleanup: 133299 ns, At safepoint: 10300 ns, Total: 225199 ns
[4.558s][info ][safepoint      ] Safepoint "ICBufferFull", Time since last: 242948033 ns, Reaching safepoint: 2600 ns, Cleanup: 129400 ns, At safepoint: 4800 ns, Total: 136800 ns
[4.840s][info ][safepoint      ] Safepoint "ICBufferFull", Time since last: 282265993 ns, Reaching safepoint: 3000 ns, Cleanup: 135399 ns, At safepoint: 5600 ns, Total: 143999 ns
[5.393s][info ][safepoint      ] Safepoint "ICBufferFull", Time since last: 552920627 ns, Reaching safepoint: 2600 ns, Cleanup: 141999 ns, At safepoint: 5200 ns, Total: 149799 ns
[5.959s][info ][safepoint      ] Safepoint "ICBufferFull", Time since last: 565594682 ns, Reaching safepoint: 72500 ns, Cleanup: 142799 ns, At safepoint: 6000 ns, Total: 221299 ns
[6.112s][info ][safepoint      ] Safepoint "ICBufferFull", Time since last: 152483056 ns, Reaching safepoint: 74200 ns, Cleanup: 122399 ns, At safepoint: 8600 ns, Total: 205199 ns
[6.160s][info ][gc,start       ] GC(4) Pause Young (Metadata GC Threshold)
[6.223s][debug][gc,phases      ] GC(4) Scavenge 63.323ms
[6.223s][debug][gc,ref         ] GC(4) Skipped phase 1 of Reference Processing: no references
[6.223s][debug][gc,ref         ] GC(4) ReferenceProcessor::execute queues: 4, RefProcThreadModel::Multi, marks_oops_alive: false
[6.224s][debug][gc,ref         ] GC(4) Skipped phase 3 of Reference Processing: no references
[6.224s][debug][gc,ref         ] GC(4) ReferenceProcessor::execute queues: 4, RefProcThreadModel::Multi, marks_oops_alive: false
[6.224s][debug][gc,phases      ] GC(4) Reference Processing 0.809ms
[6.224s][debug][gc,phases      ] GC(4)   VM Weak                        Min:  0.0, Avg:  0.0, Max:  0.0, Diff:  0.0, Sum:  0.0, Workers: 4
[6.224s][debug][gc,phases      ] GC(4)     Dead                           Min: 0, Avg:  0.0, Max: 0, Diff: 0, Sum: 0, Workers: 4
[6.224s][debug][gc,phases      ] GC(4)     Total                          Min: 0, Avg: 132.5, Max: 338, Diff: 338, Sum: 530, Workers: 4
[6.224s][debug][gc,phases      ] GC(4)   ObjectSynchronizer Weak        Min:  0.0, Avg:  0.0, Max:  0.0, Diff:  0.0, Sum:  0.0, Workers: 4
[6.224s][debug][gc,phases      ] GC(4)     Dead                           Min: 0, Avg:  0.0, Max: 0, Diff: 0, Sum: 0, Workers: 4
[6.224s][debug][gc,phases      ] GC(4)     Total                          Min: 0, Avg:  3.8, Max: 15, Diff: 15, Sum: 15, Workers: 4
[6.224s][debug][gc,phases      ] GC(4)   JVMTI Tag Weak OopStorage      Min:  0.0, Avg:  0.0, Max:  0.0, Diff:  0.0, Sum:  0.0, Workers: 4
[6.224s][debug][gc,phases      ] GC(4)     Dead                           Min: 0, Avg:  0.0, Max: 0, Diff: 0, Sum: 0, Workers: 4
[6.224s][debug][gc,phases      ] GC(4)     Total                          Min: 0, Avg:  0.0, Max: 0, Diff: 0, Sum: 0, Workers: 4
[6.224s][debug][gc,phases      ] GC(4)   StringTable Weak               Min:  0.0, Avg:  0.2, Max:  0.3, Diff:  0.3, Sum:  0.9, Workers: 4
[6.224s][debug][gc,phases      ] GC(4)     Dead                           Min: 0, Avg:  4.0, Max: 6, Diff: 6, Sum: 16, Workers: 4
[6.224s][debug][gc,phases      ] GC(4)     Total                          Min: 0, Avg: 9034.0, Max: 12672, Diff: 12672, Sum: 36136, Workers: 4
[6.224s][debug][gc,phases      ] GC(4)   ResolvedMethodTable Weak       Min:  0.0, Avg:  0.1, Max:  0.1, Diff:  0.1, Sum:  0.2, Workers: 4
[6.224s][debug][gc,phases      ] GC(4)     Dead                           Min: 0, Avg: 45.5, Max: 84, Diff: 84, Sum: 182, Workers: 4
[6.224s][debug][gc,phases      ] GC(4)     Total                          Min: 0, Avg: 1580.8, Max: 2176, Diff: 2176, Sum: 6323, Workers: 4
[6.224s][debug][gc,phases      ] GC(4)   JNI Weak                       Min:  0.0, Avg:  0.0, Max:  0.0, Diff:  0.0, Sum:  0.0, Workers: 4
[6.224s][debug][gc,phases      ] GC(4)     Dead                           Min: 0, Avg:  0.0, Max: 0, Diff: 0, Sum: 0, Workers: 4
[6.224s][debug][gc,phases      ] GC(4)     Total                          Min: 0, Avg: 16.5, Max: 48, Diff: 48, Sum: 66, Workers: 4
[6.224s][debug][gc,phases      ] GC(4)   StringDedup Table Weak         Min:  0.0, Avg:  0.0, Max:  0.0, Diff:  0.0, Sum:  0.0, Workers: 4
[6.224s][debug][gc,phases      ] GC(4)     Dead                           Min: 0, Avg:  0.0, Max: 0, Diff: 0, Sum: 0, Workers: 4
[6.224s][debug][gc,phases      ] GC(4)     Total                          Min: 0, Avg:  0.0, Max: 0, Diff: 0, Sum: 0, Workers: 4
[6.224s][debug][gc,phases      ] GC(4)   StringDedup Requests0 Weak     Min:  0.0, Avg:  0.0, Max:  0.0, Diff:  0.0, Sum:  0.0, Workers: 4
[6.224s][debug][gc,phases      ] GC(4)     Dead                           Min: 0, Avg:  0.0, Max: 0, Diff: 0, Sum: 0, Workers: 4
[6.224s][debug][gc,phases      ] GC(4)     Total                          Min: 0, Avg:  0.0, Max: 0, Diff: 0, Sum: 0, Workers: 4
[6.224s][debug][gc,phases      ] GC(4)   StringDedup Requests1 Weak     Min:  0.0, Avg:  0.0, Max:  0.0, Diff:  0.0, Sum:  0.0, Workers: 4
[6.224s][debug][gc,phases      ] GC(4)     Dead                           Min: 0, Avg:  0.0, Max: 0, Diff: 0, Sum: 0, Workers: 4
[6.224s][debug][gc,phases      ] GC(4)     Total                          Min: 0, Avg:  0.0, Max: 0, Diff: 0, Sum: 0, Workers: 4
[6.224s][debug][gc,phases      ] GC(4)   Weak JFR Old Object Samples    Min:  0.0, Avg:  0.0, Max:  0.0, Diff:  0.0, Sum:  0.0, Workers: 4
[6.224s][debug][gc,phases      ] GC(4)     Dead                           Min: 0, Avg:  0.0, Max: 0, Diff: 0, Sum: 0, Workers: 4
[6.224s][debug][gc,phases      ] GC(4)     Total                          Min: 0, Avg:  0.0, Max: 0, Diff: 0, Sum: 0, Workers: 4
[6.224s][debug][gc,phases      ] GC(4) Weak Processing 0.536ms
[6.224s][debug][gc,age         ] GC(4) Desired survivor size 536870912 bytes, new threshold 7 (max threshold 15)
[6.224s][info ][gc,heap        ] GC(4) PSYoungGen: 403344K(1572864K)->114042K(1572864K) Eden: 326942K(1048576K)->0K(1048576K) From: 76401K(524288K)->114042K(524288K)
[6.224s][info ][gc,heap        ] GC(4) ParOldGen: 5957K(6144K)->5973K(6144K)
[6.224s][info ][gc,metaspace   ] GC(4) Metaspace: 59177K(59776K)->59177K(59776K) NonClass: 50251K(50560K)->50251K(50560K) Class: 8926K(9216K)->8926K(9216K)
[6.224s][info ][gc             ] GC(4) Pause Young (Metadata GC Threshold) 399M->117M(1542M) 64.819ms
[6.224s][info ][gc,cpu         ] GC(4) User=0.19s Sys=0.01s Real=0.06s
[6.224s][debug][gc,phases      ] GC(5) Pre Compact 0.007ms
[6.224s][info ][gc,start       ] GC(5) Pause Full (Metadata GC Threshold)
[6.224s][info ][gc,phases,start] GC(5) Marking Phase
[6.271s][debug][gc,phases      ] GC(5) Par Mark 46.106ms
[6.271s][debug][gc,ref         ] GC(5) Skipped phase 1 of Reference Processing: no references
[6.271s][debug][gc,ref         ] GC(5) ReferenceProcessor::execute queues: 4, RefProcThreadModel::Multi, marks_oops_alive: false
[6.271s][debug][gc,ref         ] GC(5) Skipped phase 3 of Reference Processing: no references
[6.271s][debug][gc,ref         ] GC(5) ReferenceProcessor::execute queues: 1, RefProcThreadModel::Single, marks_oops_alive: false
[6.271s][debug][gc,phases      ] GC(5) Reference Processing 0.438ms
[6.271s][debug][gc,phases      ] GC(5)   VM Weak                        Min:  0.0, Avg:  0.0, Max:  0.0, Diff:  0.0, Sum:  0.0, Workers: 4
[6.271s][debug][gc,phases      ] GC(5)     Dead                           Min: 0, Avg:  0.0, Max: 0, Diff: 0, Sum: 0, Workers: 4
[6.271s][debug][gc,phases      ] GC(5)     Total                          Min: 0, Avg: 132.5, Max: 466, Diff: 466, Sum: 530, Workers: 4
[6.271s][debug][gc,phases      ] GC(5)   ObjectSynchronizer Weak        Min:  0.0, Avg:  0.0, Max:  0.0, Diff:  0.0, Sum:  0.0, Workers: 4
[6.271s][debug][gc,phases      ] GC(5)     Dead                           Min: 0, Avg:  0.0, Max: 0, Diff: 0, Sum: 0, Workers: 4
[6.271s][debug][gc,phases      ] GC(5)     Total                          Min: 0, Avg:  3.8, Max: 15, Diff: 15, Sum: 15, Workers: 4
[6.271s][debug][gc,phases      ] GC(5)   JVMTI Tag Weak OopStorage      Min:  0.0, Avg:  0.0, Max:  0.0, Diff:  0.0, Sum:  0.0, Workers: 4
[6.271s][debug][gc,phases      ] GC(5)     Dead                           Min: 0, Avg:  0.0, Max: 0, Diff: 0, Sum: 0, Workers: 4
[6.271s][debug][gc,phases      ] GC(5)     Total                          Min: 0, Avg:  0.0, Max: 0, Diff: 0, Sum: 0, Workers: 4
[6.271s][debug][gc,phases      ] GC(5)   StringTable Weak               Min:  0.0, Avg:  0.1, Max:  0.2, Diff:  0.2, Sum:  0.4, Workers: 4
[6.271s][debug][gc,phases      ] GC(5)     Dead                           Min: 0, Avg:  0.0, Max: 0, Diff: 0, Sum: 0, Workers: 4
[6.271s][debug][gc,phases      ] GC(5)     Total                          Min: 0, Avg: 9034.0, Max: 19752, Diff: 19752, Sum: 36136, Workers: 4
[6.271s][debug][gc,phases      ] GC(5)   ResolvedMethodTable Weak       Min:  0.0, Avg:  0.0, Max:  0.0, Diff:  0.0, Sum:  0.1, Workers: 4
[6.271s][debug][gc,phases      ] GC(5)     Dead                           Min: 0, Avg:  0.0, Max: 0, Diff: 0, Sum: 0, Workers: 4
[6.271s][debug][gc,phases      ] GC(5)     Total                          Min: 0, Avg: 1580.8, Max: 3507, Diff: 3507, Sum: 6323, Workers: 4
[6.271s][debug][gc,phases      ] GC(5)   JNI Weak                       Min:  0.0, Avg:  0.0, Max:  0.0, Diff:  0.0, Sum:  0.0, Workers: 4
[6.271s][debug][gc,phases      ] GC(5)     Dead                           Min: 0, Avg:  0.0, Max: 0, Diff: 0, Sum: 0, Workers: 4
[6.271s][debug][gc,phases      ] GC(5)     Total                          Min: 0, Avg: 16.5, Max: 48, Diff: 48, Sum: 66, Workers: 4
[6.271s][debug][gc,phases      ] GC(5)   StringDedup Table Weak         Min:  0.0, Avg:  0.0, Max:  0.0, Diff:  0.0, Sum:  0.0, Workers: 4
[6.271s][debug][gc,phases      ] GC(5)     Dead                           Min: 0, Avg:  0.0, Max: 0, Diff: 0, Sum: 0, Workers: 4
[6.271s][debug][gc,phases      ] GC(5)     Total                          Min: 0, Avg:  0.0, Max: 0, Diff: 0, Sum: 0, Workers: 4
[6.271s][debug][gc,phases      ] GC(5)   StringDedup Requests0 Weak     Min:  0.0, Avg:  0.0, Max:  0.0, Diff:  0.0, Sum:  0.0, Workers: 4
[6.271s][debug][gc,phases      ] GC(5)     Dead                           Min: 0, Avg:  0.0, Max: 0, Diff: 0, Sum: 0, Workers: 4
[6.271s][debug][gc,phases      ] GC(5)     Total                          Min: 0, Avg:  0.0, Max: 0, Diff: 0, Sum: 0, Workers: 4
[6.271s][debug][gc,phases      ] GC(5)   StringDedup Requests1 Weak     Min:  0.0, Avg:  0.0, Max:  0.0, Diff:  0.0, Sum:  0.0, Workers: 4
[6.271s][debug][gc,phases      ] GC(5)     Dead                           Min: 0, Avg:  0.0, Max: 0, Diff: 0, Sum: 0, Workers: 4
[6.271s][debug][gc,phases      ] GC(5)     Total                          Min: 0, Avg:  0.0, Max: 0, Diff: 0, Sum: 0, Workers: 4
[6.271s][debug][gc,phases      ] GC(5)   Weak JFR Old Object Samples    Min:  0.0, Avg:  0.0, Max:  0.0, Diff:  0.0, Sum:  0.0, Workers: 4
[6.271s][debug][gc,phases      ] GC(5)     Dead                           Min: 0, Avg:  0.0, Max: 0, Diff: 0, Sum: 0, Workers: 4
[6.271s][debug][gc,phases      ] GC(5)     Total                          Min: 0, Avg:  0.0, Max: 0, Diff: 0, Sum: 0, Workers: 4
[6.271s][debug][gc,phases      ] GC(5) Weak Processing 0.382ms
[6.272s][debug][gc,phases      ] GC(5) ClassLoaderData 0.059ms
[6.272s][debug][gc,phases      ] GC(5) Trigger cleanups 0.000ms
[6.276s][debug][gc,phases      ] GC(5) Class Unloading 4.670ms
[6.276s][debug][gc,phases      ] GC(5) Report Object Count 0.001ms
[6.276s][info ][gc,phases      ] GC(5) Marking Phase 51.718ms
[6.276s][info ][gc,phases,start] GC(5) Summary Phase
[6.276s][info ][gc,phases      ] GC(5) Summary Phase 0.006ms
[6.276s][info ][gc,phases,start] GC(5) Adjust Roots
[6.286s][info ][gc,phases      ] GC(5) Adjust Roots 9.364ms
[6.286s][info ][gc,phases,start] GC(5) Compaction Phase
[6.783s][info ][gc,phases      ] GC(5) Compaction Phase 497.829ms
[6.783s][info ][gc,phases,start] GC(5) Post Compact
[6.786s][info ][gc,phases      ] GC(5) Post Compact 2.326ms
[6.786s][info ][gc,heap        ] GC(5) PSYoungGen: 114042K(1572864K)->113762K(1572864K) Eden: 0K(1048576K)->0K(1048576K) From: 114042K(524288K)->113762K(524288K)
[6.786s][info ][gc,heap        ] GC(5) ParOldGen: 5973K(6144K)->5969K(6144K)
[6.786s][info ][gc,metaspace   ] GC(5) Metaspace: 59177K(59776K)->59177K(59776K) NonClass: 50251K(50560K)->50251K(50560K) Class: 8926K(9216K)->8926K(9216K)
[6.786s][info ][gc             ] GC(5) Pause Full (Metadata GC Threshold) 117M->116M(1542M) 561.386ms
[6.786s][info ][gc,cpu         ] GC(5) User=1.15s Sys=0.00s Real=0.56s
[6.790s][info ][safepoint      ] Safepoint "CollectForMetadataAllocation", Time since last: 47667330 ns, Reaching safepoint: 30600 ns, Cleanup: 71900 ns, At safepoint: 630517750 ns, Total: 630620250 ns
[6.951s][info ][safepoint      ] Safepoint "ICBufferFull", Time since last: 160318628 ns, Reaching safepoint: 3200 ns, Cleanup: 143899 ns, At safepoint: 6600 ns, Total: 153699 ns
[7.122s][info ][safepoint      ] Safepoint "ICBufferFull", Time since last: 171502188 ns, Reaching safepoint: 3200 ns, Cleanup: 248599 ns, At safepoint: 2300 ns, Total: 254099 ns
[7.239s][info ][safepoint      ] Safepoint "ICBufferFull", Time since last: 116708084 ns, Reaching safepoint: 3400 ns, Cleanup: 75300 ns, At safepoint: 2000 ns, Total: 80700 ns
[7.557s][info ][safepoint      ] Safepoint "ICBufferFull", Time since last: 317670566 ns, Reaching safepoint: 41600 ns, Cleanup: 130899 ns, At safepoint: 9100 ns, Total: 181599 ns
[7.755s][info ][safepoint      ] Safepoint "ICBufferFull", Time since last: 198320193 ns, Reaching safepoint: 2600 ns, Cleanup: 120999 ns, At safepoint: 4700 ns, Total: 128299 ns
[7.954s][info ][safepoint      ] Safepoint "ICBufferFull", Time since last: 198139693 ns, Reaching safepoint: 79400 ns, Cleanup: 126199 ns, At safepoint: 5900 ns, Total: 211499 ns
[8.180s][info ][safepoint      ] Safepoint "ICBufferFull", Time since last: 226184393 ns, Reaching safepoint: 76400 ns, Cleanup: 139099 ns, At safepoint: 6800 ns, Total: 222299 ns
[8.851s][info ][safepoint      ] Safepoint "ICBufferFull", Time since last: 670332326 ns, Reaching safepoint: 3000 ns, Cleanup: 154500 ns, At safepoint: 1400 ns, Total: 158900 ns
[9.086s][info ][safepoint      ] Safepoint "ICBufferFull", Time since last: 235169118 ns, Reaching safepoint: 81400 ns, Cleanup: 126100 ns, At safepoint: 11000 ns, Total: 218500 ns
[10.089s][info ][safepoint      ] Safepoint "Cleanup", Time since last: 1000959774 ns, Reaching safepoint: 2065093 ns, Cleanup: 58600 ns, At safepoint: 14300 ns, Total: 2137993 ns
[12.059s][info ][safepoint      ] Safepoint "Cleanup", Time since last: 1969319956 ns, Reaching safepoint: 1900 ns, Cleanup: 45700 ns, At safepoint: 1200 ns, Total: 48800 ns
[12.399s][info ][gc,start       ] GC(6) Pause Young (Allocation Failure)
[12.563s][debug][gc,phases      ] GC(6) Scavenge 163.618ms
[12.563s][debug][gc,ref         ] GC(6) Skipped phase 1 of Reference Processing: no references
[12.563s][debug][gc,ref         ] GC(6) ReferenceProcessor::execute queues: 4, RefProcThreadModel::Multi, marks_oops_alive: false
[12.564s][debug][gc,ref         ] GC(6) ReferenceProcessor::execute queues: 4, RefProcThreadModel::Multi, marks_oops_alive: true
[12.564s][debug][gc,ref         ] GC(6) ReferenceProcessor::execute queues: 2, RefProcThreadModel::Multi, marks_oops_alive: false
[12.564s][debug][gc,phases      ] GC(6) Reference Processing 1.030ms
[12.564s][debug][gc,phases      ] GC(6)   VM Weak                        Min:  0.0, Avg:  0.0, Max:  0.0, Diff:  0.0, Sum:  0.0, Workers: 4
[12.564s][debug][gc,phases      ] GC(6)     Dead                           Min: 0, Avg:  0.0, Max: 0, Diff: 0, Sum: 0, Workers: 4
[12.564s][debug][gc,phases      ] GC(6)     Total                          Min: 0, Avg: 160.2, Max: 257, Diff: 257, Sum: 641, Workers: 4
[12.564s][debug][gc,phases      ] GC(6)   ObjectSynchronizer Weak        Min:  0.0, Avg:  0.0, Max:  0.0, Diff:  0.0, Sum:  0.0, Workers: 4
[12.564s][debug][gc,phases      ] GC(6)     Dead                           Min: 0, Avg:  0.0, Max: 0, Diff: 0, Sum: 0, Workers: 4
[12.565s][debug][gc,phases      ] GC(6)     Total                          Min: 0, Avg:  6.0, Max: 24, Diff: 24, Sum: 24, Workers: 4
[12.565s][debug][gc,phases      ] GC(6)   JVMTI Tag Weak OopStorage      Min:  0.0, Avg:  0.0, Max:  0.0, Diff:  0.0, Sum:  0.0, Workers: 4
[12.565s][debug][gc,phases      ] GC(6)     Dead                           Min: 0, Avg:  0.0, Max: 0, Diff: 0, Sum: 0, Workers: 4
[12.565s][debug][gc,phases      ] GC(6)     Total                          Min: 0, Avg:  0.0, Max: 0, Diff: 0, Sum: 0, Workers: 4
[12.565s][debug][gc,phases      ] GC(6)   StringTable Weak               Min:  0.0, Avg:  0.3, Max:  0.3, Diff:  0.3, Sum:  1.0, Workers: 4
[12.565s][debug][gc,phases      ] GC(6)     Dead                           Min: 0, Avg:  4.2, Max: 10, Diff: 10, Sum: 17, Workers: 4
[12.565s][debug][gc,phases      ] GC(6)     Total                          Min: 0, Avg: 10015.8, Max: 13823, Diff: 13823, Sum: 40063, Workers: 4
[12.565s][debug][gc,phases      ] GC(6)   ResolvedMethodTable Weak       Min:  0.0, Avg:  0.1, Max:  0.1, Diff:  0.1, Sum:  0.3, Workers: 4
[12.565s][debug][gc,phases      ] GC(6)     Dead                           Min: 0, Avg: 56.5, Max: 166, Diff: 166, Sum: 226, Workers: 4
[12.565s][debug][gc,phases      ] GC(6)     Total                          Min: 0, Avg: 2128.8, Max: 2944, Diff: 2944, Sum: 8515, Workers: 4
[12.565s][debug][gc,phases      ] GC(6)   JNI Weak                       Min:  0.0, Avg:  0.0, Max:  0.0, Diff:  0.0, Sum:  0.0, Workers: 4
[12.565s][debug][gc,phases      ] GC(6)     Dead                           Min: 0, Avg:  0.0, Max: 0, Diff: 0, Sum: 0, Workers: 4
[12.565s][debug][gc,phases      ] GC(6)     Total                          Min: 0, Avg: 16.0, Max: 52, Diff: 52, Sum: 64, Workers: 4
[12.565s][debug][gc,phases      ] GC(6)   StringDedup Table Weak         Min:  0.0, Avg:  0.0, Max:  0.0, Diff:  0.0, Sum:  0.0, Workers: 4
[12.565s][debug][gc,phases      ] GC(6)     Dead                           Min: 0, Avg:  0.0, Max: 0, Diff: 0, Sum: 0, Workers: 4
[12.565s][debug][gc,phases      ] GC(6)     Total                          Min: 0, Avg:  0.0, Max: 0, Diff: 0, Sum: 0, Workers: 4
[12.565s][debug][gc,phases      ] GC(6)   StringDedup Requests0 Weak     Min:  0.0, Avg:  0.0, Max:  0.0, Diff:  0.0, Sum:  0.0, Workers: 4
[12.565s][debug][gc,phases      ] GC(6)     Dead                           Min: 0, Avg:  0.0, Max: 0, Diff: 0, Sum: 0, Workers: 4
[12.565s][debug][gc,phases      ] GC(6)     Total                          Min: 0, Avg:  0.0, Max: 0, Diff: 0, Sum: 0, Workers: 4
[12.565s][debug][gc,phases      ] GC(6)   StringDedup Requests1 Weak     Min:  0.0, Avg:  0.0, Max:  0.0, Diff:  0.0, Sum:  0.0, Workers: 4
[12.565s][debug][gc,phases      ] GC(6)     Dead                           Min: 0, Avg:  0.0, Max: 0, Diff: 0, Sum: 0, Workers: 4
[12.565s][debug][gc,phases      ] GC(6)     Total                          Min: 0, Avg:  0.0, Max: 0, Diff: 0, Sum: 0, Workers: 4
[12.565s][debug][gc,phases      ] GC(6)   Weak JFR Old Object Samples    Min:  0.0, Avg:  0.0, Max:  0.0, Diff:  0.0, Sum:  0.0, Workers: 4
[12.565s][debug][gc,phases      ] GC(6)     Dead                           Min: 0, Avg:  0.0, Max: 0, Diff: 0, Sum: 0, Workers: 4
[12.565s][debug][gc,phases      ] GC(6)     Total                          Min: 0, Avg:  0.0, Max: 0, Diff: 0, Sum: 0, Workers: 4
[12.565s][debug][gc,phases      ] GC(6) Weak Processing 0.680ms
[12.565s][debug][gc,age         ] GC(6) Desired survivor size 536870912 bytes, new threshold 7 (max threshold 15)
[12.565s][info ][gc,heap        ] GC(6) PSYoungGen: 1162338K(1572864K)->290902K(1572864K) Eden: 1048576K(1048576K)->0K(1048576K) From: 113762K(524288K)->290902K(524288K)
[12.565s][info ][gc,heap        ] GC(6) ParOldGen: 5969K(6144K)->6027K(6144K)
[12.565s][info ][gc,metaspace   ] GC(6) Metaspace: 72446K(73280K)->72446K(73280K) NonClass: 61504K(61952K)->61504K(61952K) Class: 10942K(11328K)->10942K(11328K)
[12.565s][info ][gc             ] GC(6) Pause Young (Allocation Failure) 1140M->289M(1542M) 165.463ms
[12.565s][info ][gc,cpu         ] GC(6) User=0.43s Sys=0.09s Real=0.16s
[12.565s][info ][safepoint      ] Safepoint "ParallelGCFailedAllocation", Time since last: 340566368 ns, Reaching safepoint: 76600 ns, Cleanup: 78800 ns, At safepoint: 165547850 ns, Total: 165703250 ns
[13.049s][info ][safepoint      ] Safepoint "ICBufferFull", Time since last: 483962391 ns, Reaching safepoint: 4300 ns, Cleanup: 143600 ns, At safepoint: 2500 ns, Total: 150400 ns
[13.133s][info ][safepoint      ] Safepoint "ICBufferFull", Time since last: 84008921 ns, Reaching safepoint: 77500 ns, Cleanup: 106899 ns, At safepoint: 4000 ns, Total: 188399 ns
[13.478s][info ][safepoint      ] Safepoint "ICBufferFull", Time since last: 344787455 ns, Reaching safepoint: 76499 ns, Cleanup: 120100 ns, At safepoint: 7500 ns, Total: 204099 ns
[13.839s][info ][safepoint      ] Safepoint "ICBufferFull", Time since last: 360941601 ns, Reaching safepoint: 4800 ns, Cleanup: 148699 ns, At safepoint: 2500 ns, Total: 155999 ns
[14.370s][info ][gc,start       ] GC(7) Pause Young (Allocation Failure)
[14.723s][debug][gc,phases      ] GC(7) Scavenge 353.464ms
[14.723s][debug][gc,ref         ] GC(7) Skipped phase 1 of Reference Processing: no references
[14.723s][debug][gc,ref         ] GC(7) ReferenceProcessor::execute queues: 4, RefProcThreadModel::Multi, marks_oops_alive: false
[14.724s][debug][gc,ref         ] GC(7) Skipped phase 3 of Reference Processing: no references
[14.724s][debug][gc,ref         ] GC(7) ReferenceProcessor::execute queues: 1, RefProcThreadModel::Single, marks_oops_alive: false
[14.724s][debug][gc,phases      ] GC(7) Reference Processing 0.735ms
[14.724s][debug][gc,phases      ] GC(7)   VM Weak                        Min:  0.0, Avg:  0.0, Max:  0.0, Diff:  0.0, Sum:  0.0, Workers: 4
[14.724s][debug][gc,phases      ] GC(7)     Dead                           Min: 0, Avg:  0.0, Max: 0, Diff: 0, Sum: 0, Workers: 4
[14.724s][debug][gc,phases      ] GC(7)     Total                          Min: 0, Avg: 164.2, Max: 384, Diff: 384, Sum: 657, Workers: 4
[14.724s][debug][gc,phases      ] GC(7)   ObjectSynchronizer Weak        Min:  0.0, Avg:  0.0, Max:  0.0, Diff:  0.0, Sum:  0.0, Workers: 4
[14.724s][debug][gc,phases      ] GC(7)     Dead                           Min: 0, Avg:  0.0, Max: 0, Diff: 0, Sum: 0, Workers: 4
[14.724s][debug][gc,phases      ] GC(7)     Total                          Min: 0, Avg:  6.0, Max: 24, Diff: 24, Sum: 24, Workers: 4
[14.724s][debug][gc,phases      ] GC(7)   JVMTI Tag Weak OopStorage      Min:  0.0, Avg:  0.0, Max:  0.0, Diff:  0.0, Sum:  0.0, Workers: 4
[14.724s][debug][gc,phases      ] GC(7)     Dead                           Min: 0, Avg:  0.0, Max: 0, Diff: 0, Sum: 0, Workers: 4
[14.724s][debug][gc,phases      ] GC(7)     Total                          Min: 0, Avg:  0.0, Max: 0, Diff: 0, Sum: 0, Workers: 4
[14.724s][debug][gc,phases      ] GC(7)   StringTable Weak               Min:  0.0, Avg:  0.3, Max:  0.3, Diff:  0.3, Sum:  1.0, Workers: 4
[14.724s][debug][gc,phases      ] GC(7)     Dead                           Min: 0, Avg:  1.5, Max: 3, Diff: 3, Sum: 6, Workers: 4
[14.724s][debug][gc,phases      ] GC(7)     Total                          Min: 0, Avg: 10106.2, Max: 13801, Diff: 13801, Sum: 40425, Workers: 4
[14.724s][debug][gc,phases      ] GC(7)   ResolvedMethodTable Weak       Min:  0.0, Avg:  0.1, Max:  0.1, Diff:  0.1, Sum:  0.3, Workers: 4
[14.724s][debug][gc,phases      ] GC(7)     Dead                           Min: 0, Avg: 11.8, Max: 25, Diff: 25, Sum: 47, Workers: 4
[14.724s][debug][gc,phases      ] GC(7)     Total                          Min: 0, Avg: 2133.0, Max: 2933, Diff: 2933, Sum: 8532, Workers: 4
[14.724s][debug][gc,phases      ] GC(7)   JNI Weak                       Min:  0.0, Avg:  0.0, Max:  0.0, Diff:  0.0, Sum:  0.0, Workers: 4
[14.724s][debug][gc,phases      ] GC(7)     Dead                           Min: 0, Avg:  0.0, Max: 0, Diff: 0, Sum: 0, Workers: 4
[14.724s][debug][gc,phases      ] GC(7)     Total                          Min: 0, Avg: 13.8, Max: 51, Diff: 51, Sum: 55, Workers: 4
[14.724s][debug][gc,phases      ] GC(7)   StringDedup Table Weak         Min:  0.0, Avg:  0.0, Max:  0.0, Diff:  0.0, Sum:  0.0, Workers: 4
[14.724s][debug][gc,phases      ] GC(7)     Dead                           Min: 0, Avg:  0.0, Max: 0, Diff: 0, Sum: 0, Workers: 4
[14.724s][debug][gc,phases      ] GC(7)     Total                          Min: 0, Avg:  0.0, Max: 0, Diff: 0, Sum: 0, Workers: 4
[14.724s][debug][gc,phases      ] GC(7)   StringDedup Requests0 Weak     Min:  0.0, Avg:  0.0, Max:  0.0, Diff:  0.0, Sum:  0.0, Workers: 4
[14.724s][debug][gc,phases      ] GC(7)     Dead                           Min: 0, Avg:  0.0, Max: 0, Diff: 0, Sum: 0, Workers: 4
[14.724s][debug][gc,phases      ] GC(7)     Total                          Min: 0, Avg:  0.0, Max: 0, Diff: 0, Sum: 0, Workers: 4
[14.724s][debug][gc,phases      ] GC(7)   StringDedup Requests1 Weak     Min:  0.0, Avg:  0.0, Max:  0.0, Diff:  0.0, Sum:  0.0, Workers: 4
[14.725s][debug][gc,phases      ] GC(7)     Dead                           Min: 0, Avg:  0.0, Max: 0, Diff: 0, Sum: 0, Workers: 4
[14.725s][debug][gc,phases      ] GC(7)     Total                          Min: 0, Avg:  0.0, Max: 0, Diff: 0, Sum: 0, Workers: 4
[14.725s][debug][gc,phases      ] GC(7)   Weak JFR Old Object Samples    Min:  0.0, Avg:  0.0, Max:  0.0, Diff:  0.0, Sum:  0.0, Workers: 4
[14.725s][debug][gc,phases      ] GC(7)     Dead                           Min: 0, Avg:  0.0, Max: 0, Diff: 0, Sum: 0, Workers: 4
[14.725s][debug][gc,phases      ] GC(7)     Total                          Min: 0, Avg:  0.0, Max: 0, Diff: 0, Sum: 0, Workers: 4
[14.725s][debug][gc,phases      ] GC(7) Weak Processing 0.583ms
[14.725s][debug][gc,age         ] GC(7) Desired survivor size 536870912 bytes, new threshold 6 (max threshold 15)
[14.725s][info ][gc,heap        ] GC(7) PSYoungGen: 1339478K(1572864K)->524285K(1572864K) Eden: 1048576K(1048576K)->0K(1048576K) From: 290902K(524288K)->524285K(524288K)
[14.725s][info ][gc,heap        ] GC(7) ParOldGen: 6027K(6144K)->73571K(73728K)
[14.725s][info ][gc,metaspace   ] GC(7) Metaspace: 73997K(74816K)->73997K(74816K) NonClass: 62894K(63360K)->62894K(63360K) Class: 11103K(11456K)->11103K(11456K)
[14.725s][info ][gc             ] GC(7) Pause Young (Allocation Failure) 1313M->583M(1608M) 354.899ms
[14.725s][info ][gc,cpu         ] GC(7) User=0.99s Sys=0.11s Real=0.35s
[14.725s][debug][gc,phases      ] GC(8) Pre Compact 0.008ms
[14.725s][info ][gc,start       ] GC(8) Pause Full (Ergonomics)
[14.725s][info ][gc,phases,start] GC(8) Marking Phase
[15.001s][debug][gc,phases      ] GC(8) Par Mark 276.673ms
[15.001s][debug][gc,ref         ] GC(8) Skipped phase 1 of Reference Processing: no references
[15.001s][debug][gc,ref         ] GC(8) ReferenceProcessor::execute queues: 4, RefProcThreadModel::Multi, marks_oops_alive: false
[15.002s][debug][gc,ref         ] GC(8) Skipped phase 3 of Reference Processing: no references
[15.002s][debug][gc,ref         ] GC(8) ReferenceProcessor::execute queues: 1, RefProcThreadModel::Single, marks_oops_alive: false
[15.002s][debug][gc,phases      ] GC(8) Reference Processing 0.478ms
[15.002s][debug][gc,phases      ] GC(8)   VM Weak                        Min:  0.0, Avg:  0.0, Max:  0.0, Diff:  0.0, Sum:  0.0, Workers: 4
[15.002s][debug][gc,phases      ] GC(8)     Dead                           Min: 0, Avg:  0.0, Max: 0, Diff: 0, Sum: 0, Workers: 4
[15.002s][debug][gc,phases      ] GC(8)     Total                          Min: 0, Avg: 164.2, Max: 337, Diff: 337, Sum: 657, Workers: 4
[15.002s][debug][gc,phases      ] GC(8)   ObjectSynchronizer Weak        Min:  0.0, Avg:  0.0, Max:  0.0, Diff:  0.0, Sum:  0.0, Workers: 4
[15.002s][debug][gc,phases      ] GC(8)     Dead                           Min: 0, Avg:  0.0, Max: 0, Diff: 0, Sum: 0, Workers: 4
[15.002s][debug][gc,phases      ] GC(8)     Total                          Min: 0, Avg:  6.0, Max: 24, Diff: 24, Sum: 24, Workers: 4
[15.002s][debug][gc,phases      ] GC(8)   JVMTI Tag Weak OopStorage      Min:  0.0, Avg:  0.0, Max:  0.0, Diff:  0.0, Sum:  0.0, Workers: 4
[15.002s][debug][gc,phases      ] GC(8)     Dead                           Min: 0, Avg:  0.0, Max: 0, Diff: 0, Sum: 0, Workers: 4
[15.002s][debug][gc,phases      ] GC(8)     Total                          Min: 0, Avg:  0.0, Max: 0, Diff: 0, Sum: 0, Workers: 4
[15.002s][debug][gc,phases      ] GC(8)   StringTable Weak               Min:  0.0, Avg:  0.1, Max:  0.2, Diff:  0.2, Sum:  0.5, Workers: 4
[15.002s][debug][gc,phases      ] GC(8)     Dead                           Min: 0, Avg:  0.0, Max: 0, Diff: 0, Sum: 0, Workers: 4
[15.002s][debug][gc,phases      ] GC(8)     Total                          Min: 0, Avg: 10106.2, Max: 13993, Diff: 13993, Sum: 40425, Workers: 4
[15.002s][debug][gc,phases      ] GC(8)   ResolvedMethodTable Weak       Min:  0.0, Avg:  0.0, Max:  0.0, Diff:  0.0, Sum:  0.1, Workers: 4
[15.002s][debug][gc,phases      ] GC(8)     Dead                           Min: 0, Avg:  0.2, Max: 1, Diff: 1, Sum: 1, Workers: 4
[15.002s][debug][gc,phases      ] GC(8)     Total                          Min: 0, Avg: 2133.0, Max: 2876, Diff: 2876, Sum: 8532, Workers: 4
[15.002s][debug][gc,phases      ] GC(8)   JNI Weak                       Min:  0.0, Avg:  0.0, Max:  0.0, Diff:  0.0, Sum:  0.0, Workers: 4
[15.002s][debug][gc,phases      ] GC(8)     Dead                           Min: 0, Avg:  0.0, Max: 0, Diff: 0, Sum: 0, Workers: 4
[15.002s][debug][gc,phases      ] GC(8)     Total                          Min: 0, Avg: 13.8, Max: 51, Diff: 51, Sum: 55, Workers: 4
[15.002s][debug][gc,phases      ] GC(8)   StringDedup Table Weak         Min:  0.0, Avg:  0.0, Max:  0.0, Diff:  0.0, Sum:  0.0, Workers: 4
[15.002s][debug][gc,phases      ] GC(8)     Dead                           Min: 0, Avg:  0.0, Max: 0, Diff: 0, Sum: 0, Workers: 4
[15.002s][debug][gc,phases      ] GC(8)     Total                          Min: 0, Avg:  0.0, Max: 0, Diff: 0, Sum: 0, Workers: 4
[15.002s][debug][gc,phases      ] GC(8)   StringDedup Requests0 Weak     Min:  0.0, Avg:  0.0, Max:  0.0, Diff:  0.0, Sum:  0.0, Workers: 4
[15.002s][debug][gc,phases      ] GC(8)     Dead                           Min: 0, Avg:  0.0, Max: 0, Diff: 0, Sum: 0, Workers: 4
[15.002s][debug][gc,phases      ] GC(8)     Total                          Min: 0, Avg:  0.0, Max: 0, Diff: 0, Sum: 0, Workers: 4
[15.002s][debug][gc,phases      ] GC(8)   StringDedup Requests1 Weak     Min:  0.0, Avg:  0.0, Max:  0.0, Diff:  0.0, Sum:  0.0, Workers: 4
[15.002s][debug][gc,phases      ] GC(8)     Dead                           Min: 0, Avg:  0.0, Max: 0, Diff: 0, Sum: 0, Workers: 4
[15.002s][debug][gc,phases      ] GC(8)     Total                          Min: 0, Avg:  0.0, Max: 0, Diff: 0, Sum: 0, Workers: 4
[15.002s][debug][gc,phases      ] GC(8)   Weak JFR Old Object Samples    Min:  0.0, Avg:  0.0, Max:  0.0, Diff:  0.0, Sum:  0.0, Workers: 4
[15.002s][debug][gc,phases      ] GC(8)     Dead                           Min: 0, Avg:  0.0, Max: 0, Diff: 0, Sum: 0, Workers: 4
[15.002s][debug][gc,phases      ] GC(8)     Total                          Min: 0, Avg:  0.0, Max: 0, Diff: 0, Sum: 0, Workers: 4
[15.002s][debug][gc,phases      ] GC(8) Weak Processing 0.373ms
[15.002s][debug][gc,phases      ] GC(8) ClassLoaderData 0.072ms
[15.002s][debug][gc,phases      ] GC(8) Trigger cleanups 0.000ms
[15.011s][debug][gc,phases      ] GC(8) Class Unloading 8.484ms
[15.011s][debug][gc,phases      ] GC(8) Report Object Count 0.001ms
[15.011s][info ][gc,phases      ] GC(8) Marking Phase 286.149ms
[15.011s][info ][gc,phases,start] GC(8) Summary Phase
[15.011s][info ][gc,phases      ] GC(8) Summary Phase 0.012ms
[15.011s][info ][gc,phases,start] GC(8) Adjust Roots
[15.024s][info ][gc,phases      ] GC(8) Adjust Roots 13.436ms
[15.024s][info ][gc,phases,start] GC(8) Compaction Phase
[16.007s][info ][gc,phases      ] GC(8) Compaction Phase 983.141ms
[16.007s][info ][gc,phases,start] GC(8) Post Compact
[16.012s][info ][gc,phases      ] GC(8) Post Compact 4.524ms
[16.012s][info ][gc,heap        ] GC(8) PSYoungGen: 524285K(1572864K)->519358K(1572864K) Eden: 0K(1048576K)->0K(1048576K) From: 524285K(524288K)->519358K(524288K)
[16.012s][info ][gc,heap        ] GC(8) ParOldGen: 73571K(73728K)->73536K(130560K)
[16.012s][info ][gc,metaspace   ] GC(8) Metaspace: 73997K(74816K)->73997K(74816K) NonClass: 62894K(63360K)->62894K(63360K) Class: 11103K(11456K)->11103K(11456K)
[16.012s][info ][gc             ] GC(8) Pause Full (Ergonomics) 583M->578M(1663M) 1287.475ms
[16.012s][info ][gc,cpu         ] GC(8) User=3.87s Sys=0.04s Real=1.29s
[16.014s][info ][safepoint      ] Safepoint "ParallelGCFailedAllocation", Time since last: 530232638 ns, Reaching safepoint: 80500 ns, Cleanup: 136299 ns, At safepoint: 1644146137 ns, Total: 1644362936 ns
[17.010s][info ][safepoint      ] Safepoint "ICBufferFull", Time since last: 996320500 ns, Reaching safepoint: 72800 ns, Cleanup: 136899 ns, At safepoint: 6200 ns, Total: 215899 ns
[17.722s][info ][safepoint      ] Safepoint "ICBufferFull", Time since last: 711272570 ns, Reaching safepoint: 79199 ns, Cleanup: 125100 ns, At safepoint: 12500 ns, Total: 216799 ns
[18.074s][info ][safepoint      ] Safepoint "ICBufferFull", Time since last: 351640448 ns, Reaching safepoint: 4200 ns, Cleanup: 139299 ns, At safepoint: 8200 ns, Total: 151699 ns
[18.232s][info ][safepoint      ] Safepoint "ICBufferFull", Time since last: 157859583 ns, Reaching safepoint: 4500 ns, Cleanup: 134999 ns, At safepoint: 2200 ns, Total: 141699 ns
[18.463s][info ][safepoint      ] Safepoint "ICBufferFull", Time since last: 231682441 ns, Reaching safepoint: 4800 ns, Cleanup: 111500 ns, At safepoint: 6200 ns, Total: 122500 ns
[18.881s][info ][safepoint      ] Safepoint "ICBufferFull", Time since last: 416969333 ns, Reaching safepoint: 73600 ns, Cleanup: 129000 ns, At safepoint: 7500 ns, Total: 210100 ns
[18.948s][info ][safepoint      ] Safepoint "ICBufferFull", Time since last: 66760081 ns, Reaching safepoint: 77200 ns, Cleanup: 98899 ns, At safepoint: 10500 ns, Total: 186599 ns
[18.961s][info ][gc,start       ] GC(9) Pause Young (Allocation Failure)
[19.054s][debug][gc,phases      ] GC(9) Scavenge 92.490ms
[19.054s][debug][gc,ref         ] GC(9) Skipped phase 1 of Reference Processing: no references
[19.054s][debug][gc,ref         ] GC(9) ReferenceProcessor::execute queues: 4, RefProcThreadModel::Multi, marks_oops_alive: false
[19.055s][debug][gc,ref         ] GC(9) Skipped phase 3 of Reference Processing: no references
[19.055s][debug][gc,ref         ] GC(9) ReferenceProcessor::execute queues: 1, RefProcThreadModel::Single, marks_oops_alive: false
[19.055s][debug][gc,phases      ] GC(9) Reference Processing 0.437ms
[19.055s][debug][gc,phases      ] GC(9)   VM Weak                        Min:  0.0, Avg:  0.0, Max:  0.0, Diff:  0.0, Sum:  0.0, Workers: 4
[19.055s][debug][gc,phases      ] GC(9)     Dead                           Min: 0, Avg:  0.0, Max: 0, Diff: 0, Sum: 0, Workers: 4
[19.055s][debug][gc,phases      ] GC(9)     Total                          Min: 0, Avg: 175.2, Max: 381, Diff: 381, Sum: 701, Workers: 4
[19.055s][debug][gc,phases      ] GC(9)   ObjectSynchronizer Weak        Min:  0.0, Avg:  0.0, Max:  0.0, Diff:  0.0, Sum:  0.0, Workers: 4
[19.055s][debug][gc,phases      ] GC(9)     Dead                           Min: 0, Avg:  0.0, Max: 0, Diff: 0, Sum: 0, Workers: 4
[19.055s][debug][gc,phases      ] GC(9)     Total                          Min: 0, Avg:  6.0, Max: 24, Diff: 24, Sum: 24, Workers: 4
[19.055s][debug][gc,phases      ] GC(9)   JVMTI Tag Weak OopStorage      Min:  0.0, Avg:  0.0, Max:  0.0, Diff:  0.0, Sum:  0.0, Workers: 4
[19.055s][debug][gc,phases      ] GC(9)     Dead                           Min: 0, Avg:  0.0, Max: 0, Diff: 0, Sum: 0, Workers: 4
[19.055s][debug][gc,phases      ] GC(9)     Total                          Min: 0, Avg:  0.0, Max: 0, Diff: 0, Sum: 0, Workers: 4
[19.055s][debug][gc,phases      ] GC(9)   StringTable Weak               Min:  0.0, Avg:  0.2, Max:  0.3, Diff:  0.3, Sum:  0.9, Workers: 4
[19.055s][debug][gc,phases      ] GC(9)     Dead                           Min: 0, Avg:  1.8, Max: 4, Diff: 4, Sum: 7, Workers: 4
[19.055s][debug][gc,phases      ] GC(9)     Total                          Min: 0, Avg: 10312.2, Max: 18112, Diff: 18112, Sum: 41249, Workers: 4
[19.055s][debug][gc,phases      ] GC(9)   ResolvedMethodTable Weak       Min:  0.0, Avg:  0.1, Max:  0.1, Diff:  0.1, Sum:  0.3, Workers: 4
[19.055s][debug][gc,phases      ] GC(9)     Dead                           Min: 0, Avg: 15.5, Max: 25, Diff: 25, Sum: 62, Workers: 4
[19.055s][debug][gc,phases      ] GC(9)     Total                          Min: 0, Avg: 2260.5, Max: 3922, Diff: 3922, Sum: 9042, Workers: 4
[19.055s][debug][gc,phases      ] GC(9)   JNI Weak                       Min:  0.0, Avg:  0.0, Max:  0.0, Diff:  0.0, Sum:  0.0, Workers: 4
[19.055s][debug][gc,phases      ] GC(9)     Dead                           Min: 0, Avg:  0.0, Max: 0, Diff: 0, Sum: 0, Workers: 4
[19.055s][debug][gc,phases      ] GC(9)     Total                          Min: 0, Avg: 20.5, Max: 57, Diff: 57, Sum: 82, Workers: 4
[19.055s][debug][gc,phases      ] GC(9)   StringDedup Table Weak         Min:  0.0, Avg:  0.0, Max:  0.0, Diff:  0.0, Sum:  0.0, Workers: 4
[19.055s][debug][gc,phases      ] GC(9)     Dead                           Min: 0, Avg:  0.0, Max: 0, Diff: 0, Sum: 0, Workers: 4
[19.055s][debug][gc,phases      ] GC(9)     Total                          Min: 0, Avg:  0.0, Max: 0, Diff: 0, Sum: 0, Workers: 4
[19.055s][debug][gc,phases      ] GC(9)   StringDedup Requests0 Weak     Min:  0.0, Avg:  0.0, Max:  0.0, Diff:  0.0, Sum:  0.0, Workers: 4
[19.055s][debug][gc,phases      ] GC(9)     Dead                           Min: 0, Avg:  0.0, Max: 0, Diff: 0, Sum: 0, Workers: 4
[19.055s][debug][gc,phases      ] GC(9)     Total                          Min: 0, Avg:  0.0, Max: 0, Diff: 0, Sum: 0, Workers: 4
[19.055s][debug][gc,phases      ] GC(9)   StringDedup Requests1 Weak     Min:  0.0, Avg:  0.0, Max:  0.0, Diff:  0.0, Sum:  0.0, Workers: 4
[19.055s][debug][gc,phases      ] GC(9)     Dead                           Min: 0, Avg:  0.0, Max: 0, Diff: 0, Sum: 0, Workers: 4
[19.055s][debug][gc,phases      ] GC(9)     Total                          Min: 0, Avg:  0.0, Max: 0, Diff: 0, Sum: 0, Workers: 4
[19.055s][debug][gc,phases      ] GC(9)   Weak JFR Old Object Samples    Min:  0.0, Avg:  0.0, Max:  0.0, Diff:  0.0, Sum:  0.0, Workers: 4
[19.055s][debug][gc,phases      ] GC(9)     Dead                           Min: 0, Avg:  0.0, Max: 0, Diff: 0, Sum: 0, Workers: 4
[19.055s][debug][gc,phases      ] GC(9)     Total                          Min: 0, Avg:  0.0, Max: 0, Diff: 0, Sum: 0, Workers: 4
[19.055s][debug][gc,phases      ] GC(9) Weak Processing 0.591ms
[19.055s][debug][gc,age         ] GC(9) Desired survivor size 534773760 bytes, new threshold 7 (max threshold 15)
[19.055s][info ][gc,heap        ] GC(9) PSYoungGen: 1567934K(1572864K)->213473K(1574912K) Eden: 1048576K(1048576K)->0K(1050624K) From: 519358K(524288K)->213473K(524288K)
[19.055s][info ][gc,heap        ] GC(9) ParOldGen: 73536K(130560K)->73800K(130560K)
[19.055s][info ][gc,metaspace   ] GC(9) Metaspace: 76762K(77568K)->76762K(77568K) NonClass: 65300K(65728K)->65300K(65728K) Class: 11462K(11840K)->11462K(11840K)
[19.055s][info ][gc             ] GC(9) Pause Young (Allocation Failure) 1602M->280M(1665M) 93.789ms
[19.055s][info ][gc,cpu         ] GC(9) User=0.28s Sys=0.00s Real=0.10s
[19.055s][info ][safepoint      ] Safepoint "ParallelGCFailedAllocation", Time since last: 13827655 ns, Reaching safepoint: 3300 ns, Cleanup: 7700 ns, At safepoint: 93864692 ns, Total: 93875692 ns
[19.285s][info ][safepoint      ] Safepoint "ICBufferFull", Time since last: 229055950 ns, Reaching safepoint: 157299 ns, Cleanup: 151900 ns, At safepoint: 11700 ns, Total: 320899 ns
[19.729s][info ][safepoint      ] Safepoint "ICBufferFull", Time since last: 444423644 ns, Reaching safepoint: 73299 ns, Cleanup: 128300 ns, At safepoint: 6500 ns, Total: 208099 ns
[20.173s][info ][safepoint      ] Safepoint "ICBufferFull", Time since last: 443850145 ns, Reaching safepoint: 3900 ns, Cleanup: 165600 ns, At safepoint: 8400 ns, Total: 177900 ns
[20.354s][info ][safepoint      ] Safepoint "ICBufferFull", Time since last: 180540408 ns, Reaching safepoint: 4100 ns, Cleanup: 133900 ns, At safepoint: 7100 ns, Total: 145100 ns
[20.508s][info ][safepoint      ] Safepoint "ICBufferFull", Time since last: 153776396 ns, Reaching safepoint: 78700 ns, Cleanup: 124599 ns, At safepoint: 5700 ns, Total: 208999 ns
[20.871s][info ][safepoint      ] Safepoint "ICBufferFull", Time since last: 363188910 ns, Reaching safepoint: 78200 ns, Cleanup: 139699 ns, At safepoint: 12100 ns, Total: 229999 ns
[21.404s][info ][safepoint      ] Safepoint "ICBufferFull", Time since last: 532175656 ns, Reaching safepoint: 71800 ns, Cleanup: 161700 ns, At safepoint: 8300 ns, Total: 241800 ns
[21.578s][info ][safepoint      ] Safepoint "ICBufferFull", Time since last: 173754530 ns, Reaching safepoint: 148700 ns, Cleanup: 173299 ns, At safepoint: 5700 ns, Total: 327699 ns
[21.787s][info ][safepoint      ] Safepoint "ICBufferFull", Time since last: 209257014 ns, Reaching safepoint: 4500 ns, Cleanup: 166100 ns, At safepoint: 8200 ns, Total: 178800 ns
[21.891s][info ][safepoint      ] Safepoint "ICBufferFull", Time since last: 103611360 ns, Reaching safepoint: 5400 ns, Cleanup: 215200 ns, At safepoint: 7400 ns, Total: 228000 ns
[22.062s][info ][safepoint      ] Safepoint "ICBufferFull", Time since last: 170966139 ns, Reaching safepoint: 4200 ns, Cleanup: 139000 ns, At safepoint: 6300 ns, Total: 149500 ns
[22.233s][info ][safepoint      ] Safepoint "ICBufferFull", Time since last: 170613441 ns, Reaching safepoint: 77600 ns, Cleanup: 134199 ns, At safepoint: 6100 ns, Total: 217899 ns
[22.429s][info ][safepoint      ] Safepoint "ICBufferFull", Time since last: 196150057 ns, Reaching safepoint: 4800 ns, Cleanup: 151500 ns, At safepoint: 2700 ns, Total: 159000 ns
[22.601s][info ][safepoint      ] Safepoint "ICBufferFull", Time since last: 171727337 ns, Reaching safepoint: 4500 ns, Cleanup: 160300 ns, At safepoint: 2300 ns, Total: 167100 ns
[22.934s][info ][safepoint      ] Safepoint "ICBufferFull", Time since last: 332245811 ns, Reaching safepoint: 91900 ns, Cleanup: 149799 ns, At safepoint: 7700 ns, Total: 249399 ns
[23.049s][info ][gc,start       ] GC(10) Pause Young (Allocation Failure)
[23.159s][debug][gc,phases      ] GC(10) Scavenge 109.979ms
[23.159s][debug][gc,ref         ] GC(10) Skipped phase 1 of Reference Processing: no references
[23.160s][debug][gc,ref         ] GC(10) ReferenceProcessor::execute queues: 4, RefProcThreadModel::Multi, marks_oops_alive: false
[23.160s][debug][gc,ref         ] GC(10) Skipped phase 3 of Reference Processing: no references
[23.160s][debug][gc,ref         ] GC(10) ReferenceProcessor::execute queues: 2, RefProcThreadModel::Multi, marks_oops_alive: false
[23.160s][debug][gc,phases      ] GC(10) Reference Processing 0.612ms
[23.160s][debug][gc,phases      ] GC(10)   VM Weak                        Min:  0.0, Avg:  0.0, Max:  0.0, Diff:  0.0, Sum:  0.0, Workers: 4
[23.160s][debug][gc,phases      ] GC(10)     Dead                           Min: 0, Avg:  0.0, Max: 0, Diff: 0, Sum: 0, Workers: 4
[23.160s][debug][gc,phases      ] GC(10)     Total                          Min: 128, Avg: 216.0, Max: 352, Diff: 224, Sum: 864, Workers: 4
[23.160s][debug][gc,phases      ] GC(10)   ObjectSynchronizer Weak        Min:  0.0, Avg:  0.0, Max:  0.0, Diff:  0.0, Sum:  0.0, Workers: 4
[23.160s][debug][gc,phases      ] GC(10)     Dead                           Min: 0, Avg:  0.2, Max: 1, Diff: 1, Sum: 1, Workers: 4
[23.160s][debug][gc,phases      ] GC(10)     Total                          Min: 0, Avg:  6.5, Max: 26, Diff: 26, Sum: 26, Workers: 4
[23.160s][debug][gc,phases      ] GC(10)   JVMTI Tag Weak OopStorage      Min:  0.0, Avg:  0.0, Max:  0.0, Diff:  0.0, Sum:  0.0, Workers: 4
[23.160s][debug][gc,phases      ] GC(10)     Dead                           Min: 0, Avg:  0.0, Max: 0, Diff: 0, Sum: 0, Workers: 4
[23.160s][debug][gc,phases      ] GC(10)     Total                          Min: 0, Avg:  0.0, Max: 0, Diff: 0, Sum: 0, Workers: 4
[23.160s][debug][gc,phases      ] GC(10)   StringTable Weak               Min:  0.3, Avg:  0.3, Max:  0.3, Diff:  0.0, Sum:  1.1, Workers: 4
[23.160s][debug][gc,phases      ] GC(10)     Dead                           Min: 2, Avg:  3.0, Max: 4, Diff: 2, Sum: 12, Workers: 4
[23.160s][debug][gc,phases      ] GC(10)     Total                          Min: 9692, Avg: 10759.0, Max: 11456, Diff: 1764, Sum: 43036, Workers: 4
[23.160s][debug][gc,phases      ] GC(10)   ResolvedMethodTable Weak       Min:  0.1, Avg:  0.1, Max:  0.1, Diff:  0.0, Sum:  0.3, Workers: 4
[23.160s][debug][gc,phases      ] GC(10)     Dead                           Min: 10, Avg: 37.5, Max: 82, Diff: 72, Sum: 150, Workers: 4
[23.160s][debug][gc,phases      ] GC(10)     Total                          Min: 2176, Avg: 2617.0, Max: 2880, Diff: 704, Sum: 10468, Workers: 4
[23.160s][debug][gc,phases      ] GC(10)   JNI Weak                       Min:  0.0, Avg:  0.0, Max:  0.0, Diff:  0.0, Sum:  0.0, Workers: 4
[23.160s][debug][gc,phases      ] GC(10)     Dead                           Min: 0, Avg:  0.0, Max: 0, Diff: 0, Sum: 0, Workers: 4
[23.160s][debug][gc,phases      ] GC(10)     Total                          Min: 0, Avg: 35.2, Max: 90, Diff: 90, Sum: 141, Workers: 4
[23.160s][debug][gc,phases      ] GC(10)   StringDedup Table Weak         Min:  0.0, Avg:  0.0, Max:  0.0, Diff:  0.0, Sum:  0.0, Workers: 4
[23.160s][debug][gc,phases      ] GC(10)     Dead                           Min: 0, Avg:  0.0, Max: 0, Diff: 0, Sum: 0, Workers: 4
[23.160s][debug][gc,phases      ] GC(10)     Total                          Min: 0, Avg:  0.0, Max: 0, Diff: 0, Sum: 0, Workers: 4
[23.160s][debug][gc,phases      ] GC(10)   StringDedup Requests0 Weak     Min:  0.0, Avg:  0.0, Max:  0.0, Diff:  0.0, Sum:  0.0, Workers: 4
[23.160s][debug][gc,phases      ] GC(10)     Dead                           Min: 0, Avg:  0.0, Max: 0, Diff: 0, Sum: 0, Workers: 4
[23.160s][debug][gc,phases      ] GC(10)     Total                          Min: 0, Avg:  0.0, Max: 0, Diff: 0, Sum: 0, Workers: 4
[23.160s][debug][gc,phases      ] GC(10)   StringDedup Requests1 Weak     Min:  0.0, Avg:  0.0, Max:  0.0, Diff:  0.0, Sum:  0.0, Workers: 4
[23.161s][debug][gc,phases      ] GC(10)     Dead                           Min: 0, Avg:  0.0, Max: 0, Diff: 0, Sum: 0, Workers: 4
[23.161s][debug][gc,phases      ] GC(10)     Total                          Min: 0, Avg:  0.0, Max: 0, Diff: 0, Sum: 0, Workers: 4
[23.161s][debug][gc,phases      ] GC(10)   Weak JFR Old Object Samples    Min:  0.0, Avg:  0.0, Max:  0.0, Diff:  0.0, Sum:  0.0, Workers: 4
[23.161s][debug][gc,phases      ] GC(10)     Dead                           Min: 0, Avg:  0.0, Max: 0, Diff: 0, Sum: 0, Workers: 4
[23.161s][debug][gc,phases      ] GC(10)     Total                          Min: 0, Avg:  0.0, Max: 0, Diff: 0, Sum: 0, Workers: 4
[23.161s][debug][gc,phases      ] GC(10) Weak Processing 0.513ms
[23.161s][debug][gc,age         ] GC(10) Desired survivor size 520617984 bytes, new threshold 8 (max threshold 15)
[23.161s][info ][gc,heap        ] GC(10) PSYoungGen: 1264097K(1574912K)->277054K(1572864K) Eden: 1050624K(1050624K)->0K(1050624K) From: 213473K(524288K)->277054K(522240K)
[23.161s][info ][gc,heap        ] GC(10) ParOldGen: 73800K(130560K)->73824K(130560K)
[23.161s][info ][gc,metaspace   ] GC(10) Metaspace: 83803K(84864K)->83803K(84864K) NonClass: 71270K(71872K)->71270K(71872K) Class: 12532K(12992K)->12532K(12992K)
[23.161s][info ][gc             ] GC(10) Pause Young (Allocation Failure) 1306M->342M(1663M) 111.217ms
[23.161s][info ][gc,cpu         ] GC(10) User=0.37s Sys=0.00s Real=0.11s
[23.161s][info ][safepoint      ] Safepoint "ParallelGCFailedAllocation", Time since last: 115395322 ns, Reaching safepoint: 81000 ns, Cleanup: 72099 ns, At safepoint: 111296236 ns, Total: 111449335 ns
[23.493s][info ][safepoint      ] Safepoint "ICBufferFull", Time since last: 331960512 ns, Reaching safepoint: 78200 ns, Cleanup: 120999 ns, At safepoint: 6200 ns, Total: 205399 ns
[23.773s][info ][safepoint      ] Safepoint "ICBufferFull", Time since last: 279946583 ns, Reaching safepoint: 3600 ns, Cleanup: 131299 ns, At safepoint: 1800 ns, Total: 136699 ns
[24.028s][info ][safepoint      ] Safepoint "ICBufferFull", Time since last: 254234567 ns, Reaching safepoint: 361299 ns, Cleanup: 161300 ns, At safepoint: 10300 ns, Total: 532899 ns
[24.426s][info ][safepoint      ] Safepoint "ICBufferFull", Time since last: 398069395 ns, Reaching safepoint: 82300 ns, Cleanup: 151399 ns, At safepoint: 9400 ns, Total: 243099 ns
[24.894s][info ][safepoint      ] Safepoint "ICBufferFull", Time since last: 468062636 ns, Reaching safepoint: 4700 ns, Cleanup: 159799 ns, At safepoint: 2600 ns, Total: 167099 ns
[25.214s][info ][safepoint      ] Safepoint "ICBufferFull", Time since last: 319989676 ns, Reaching safepoint: 79799 ns, Cleanup: 128400 ns, At safepoint: 8300 ns, Total: 216499 ns
[25.498s][info ][safepoint      ] Safepoint "ICBufferFull", Time since last: 283296370 ns, Reaching safepoint: 51100 ns, Cleanup: 172599 ns, At safepoint: 8100 ns, Total: 231799 ns
[25.831s][info ][safepoint      ] Safepoint "ICBufferFull", Time since last: 333123042 ns, Reaching safepoint: 3500 ns, Cleanup: 136400 ns, At safepoint: 1800 ns, Total: 141700 ns
[26.511s][info ][safepoint      ] Safepoint "ICBufferFull", Time since last: 679359949 ns, Reaching safepoint: 3700 ns, Cleanup: 162400 ns, At safepoint: 1699 ns, Total: 167799 ns
[27.200s][info ][safepoint      ] Safepoint "ICBufferFull", Time since last: 689548924 ns, Reaching safepoint: 78399 ns, Cleanup: 127500 ns, At safepoint: 9400 ns, Total: 215299 ns
[28.149s][info ][gc,start       ] GC(11) Pause Young (Allocation Failure)
[28.297s][debug][gc,phases      ] GC(11) Scavenge 147.848ms
[28.297s][debug][gc,ref         ] GC(11) Skipped phase 1 of Reference Processing: no references
[28.297s][debug][gc,ref         ] GC(11) ReferenceProcessor::execute queues: 4, RefProcThreadModel::Multi, marks_oops_alive: false
[28.298s][debug][gc,ref         ] GC(11) Skipped phase 3 of Reference Processing: no references
[28.298s][debug][gc,ref         ] GC(11) ReferenceProcessor::execute queues: 1, RefProcThreadModel::Single, marks_oops_alive: false
[28.298s][debug][gc,phases      ] GC(11) Reference Processing 0.695ms
[28.298s][debug][gc,phases      ] GC(11)   VM Weak                        Min:  0.0, Avg:  0.0, Max:  0.0, Diff:  0.0, Sum:  0.0, Workers: 4
[28.298s][debug][gc,phases      ] GC(11)     Dead                           Min: 0, Avg:  0.0, Max: 0, Diff: 0, Sum: 0, Workers: 4
[28.298s][debug][gc,phases      ] GC(11)     Total                          Min: 0, Avg: 220.5, Max: 448, Diff: 448, Sum: 882, Workers: 4
[28.298s][debug][gc,phases      ] GC(11)   ObjectSynchronizer Weak        Min:  0.0, Avg:  0.0, Max:  0.0, Diff:  0.0, Sum:  0.0, Workers: 4
[28.298s][debug][gc,phases      ] GC(11)     Dead                           Min: 0, Avg:  0.0, Max: 0, Diff: 0, Sum: 0, Workers: 4
[28.298s][debug][gc,phases      ] GC(11)     Total                          Min: 0, Avg:  6.5, Max: 26, Diff: 26, Sum: 26, Workers: 4
[28.298s][debug][gc,phases      ] GC(11)   JVMTI Tag Weak OopStorage      Min:  0.0, Avg:  0.0, Max:  0.0, Diff:  0.0, Sum:  0.0, Workers: 4
[28.298s][debug][gc,phases      ] GC(11)     Dead                           Min: 0, Avg:  0.0, Max: 0, Diff: 0, Sum: 0, Workers: 4
[28.298s][debug][gc,phases      ] GC(11)     Total                          Min: 0, Avg:  0.0, Max: 0, Diff: 0, Sum: 0, Workers: 4
[28.298s][debug][gc,phases      ] GC(11)   StringTable Weak               Min:  0.0, Avg:  0.3, Max:  0.3, Diff:  0.3, Sum:  1.0, Workers: 4
[28.298s][debug][gc,phases      ] GC(11)     Dead                           Min: 0, Avg:  0.5, Max: 1, Diff: 1, Sum: 2, Workers: 4
[28.298s][debug][gc,phases      ] GC(11)     Total                          Min: 0, Avg: 10837.5, Max: 14912, Diff: 14912, Sum: 43350, Workers: 4
[28.298s][debug][gc,phases      ] GC(11)   ResolvedMethodTable Weak       Min:  0.0, Avg:  0.1, Max:  0.1, Diff:  0.1, Sum:  0.3, Workers: 4
[28.298s][debug][gc,phases      ] GC(11)     Dead                           Min: 0, Avg:  3.5, Max: 14, Diff: 14, Sum: 14, Workers: 4
[28.298s][debug][gc,phases      ] GC(11)     Total                          Min: 0, Avg: 2640.0, Max: 3520, Diff: 3520, Sum: 10560, Workers: 4
[28.298s][debug][gc,phases      ] GC(11)   JNI Weak                       Min:  0.0, Avg:  0.0, Max:  0.0, Diff:  0.0, Sum:  0.0, Workers: 4
[28.299s][debug][gc,phases      ] GC(11)     Dead                           Min: 0, Avg:  0.0, Max: 0, Diff: 0, Sum: 0, Workers: 4
[28.299s][debug][gc,phases      ] GC(11)     Total                          Min: 0, Avg: 18.0, Max: 49, Diff: 49, Sum: 72, Workers: 4
[28.299s][debug][gc,phases      ] GC(11)   StringDedup Table Weak         Min:  0.0, Avg:  0.0, Max:  0.0, Diff:  0.0, Sum:  0.0, Workers: 4
[28.299s][debug][gc,phases      ] GC(11)     Dead                           Min: 0, Avg:  0.0, Max: 0, Diff: 0, Sum: 0, Workers: 4
[28.299s][debug][gc,phases      ] GC(11)     Total                          Min: 0, Avg:  0.0, Max: 0, Diff: 0, Sum: 0, Workers: 4
[28.299s][debug][gc,phases      ] GC(11)   StringDedup Requests0 Weak     Min:  0.0, Avg:  0.0, Max:  0.0, Diff:  0.0, Sum:  0.0, Workers: 4
[28.299s][debug][gc,phases      ] GC(11)     Dead                           Min: 0, Avg:  0.0, Max: 0, Diff: 0, Sum: 0, Workers: 4
[28.299s][debug][gc,phases      ] GC(11)     Total                          Min: 0, Avg:  0.0, Max: 0, Diff: 0, Sum: 0, Workers: 4
[28.299s][debug][gc,phases      ] GC(11)   StringDedup Requests1 Weak     Min:  0.0, Avg:  0.0, Max:  0.0, Diff:  0.0, Sum:  0.0, Workers: 4
[28.299s][debug][gc,phases      ] GC(11)     Dead                           Min: 0, Avg:  0.0, Max: 0, Diff: 0, Sum: 0, Workers: 4
[28.299s][debug][gc,phases      ] GC(11)     Total                          Min: 0, Avg:  0.0, Max: 0, Diff: 0, Sum: 0, Workers: 4
[28.299s][debug][gc,phases      ] GC(11)   Weak JFR Old Object Samples    Min:  0.0, Avg:  0.0, Max:  0.0, Diff:  0.0, Sum:  0.0, Workers: 4
[28.299s][debug][gc,phases      ] GC(11)     Dead                           Min: 0, Avg:  0.0, Max: 0, Diff: 0, Sum: 0, Workers: 4
[28.299s][debug][gc,phases      ] GC(11)     Total                          Min: 0, Avg:  0.0, Max: 0, Diff: 0, Sum: 0, Workers: 4
[28.299s][debug][gc,phases      ] GC(11) Weak Processing 0.609ms
[28.299s][debug][gc,age         ] GC(11) Desired survivor size 536870912 bytes, new threshold 7 (max threshold 15)
[28.299s][info ][gc,heap        ] GC(11) PSYoungGen: 1327678K(1572864K)->347331K(1556992K) Eden: 1050624K(1050624K)->0K(1048576K) From: 277054K(522240K)->347331K(508416K)
[28.299s][info ][gc,heap        ] GC(11) ParOldGen: 73824K(130560K)->73840K(130560K)
[28.299s][info ][gc,metaspace   ] GC(11) Metaspace: 84812K(85888K)->84812K(85888K) NonClass: 72231K(72832K)->72231K(72832K) Class: 12581K(13056K)->12581K(13056K)
[28.299s][info ][gc             ] GC(11) Pause Young (Allocation Failure) 1368M->411M(1648M) 149.261ms
[28.299s][info ][gc,cpu         ] GC(11) User=0.44s Sys=0.03s Real=0.15s
[28.299s][info ][safepoint      ] Safepoint "ParallelGCFailedAllocation", Time since last: 948606956 ns, Reaching safepoint: 80899 ns, Cleanup: 146300 ns, At safepoint: 149341915 ns, Total: 149569114 ns
[29.332s][info ][safepoint      ] Safepoint "Cleanup", Time since last: 1033073738 ns, Reaching safepoint: 76100 ns, Cleanup: 132999 ns, At safepoint: 8200 ns, Total: 217299 ns
[30.332s][info ][safepoint      ] Safepoint "Cleanup", Time since last: 1000111801 ns, Reaching safepoint: 5600 ns, Cleanup: 159499 ns, At safepoint: 2400 ns, Total: 167499 ns
[31.488s][info ][safepoint      ] Safepoint "ICBufferFull", Time since last: 1155709011 ns, Reaching safepoint: 5400 ns, Cleanup: 139399 ns, At safepoint: 5000 ns, Total: 149799 ns
[32.134s][info ][safepoint      ] Safepoint "ParallelGCFailedAllocation", Time since last: 646019526 ns, Reaching safepoint: 4800 ns, Cleanup: 88600 ns, At safepoint: 13000 ns, Total: 106400 ns
[32.134s][info ][gc,start       ] GC(12) Pause Young (GCLocker Initiated GC)
[32.249s][debug][gc,phases      ] GC(12) Scavenge 114.495ms
[32.249s][debug][gc,ref         ] GC(12) Skipped phase 1 of Reference Processing: no references
[32.249s][debug][gc,ref         ] GC(12) ReferenceProcessor::execute queues: 4, RefProcThreadModel::Multi, marks_oops_alive: false
[32.249s][debug][gc,ref         ] GC(12) ReferenceProcessor::execute queues: 4, RefProcThreadModel::Multi, marks_oops_alive: true
[32.250s][debug][gc,ref         ] GC(12) ReferenceProcessor::execute queues: 1, RefProcThreadModel::Single, marks_oops_alive: false
[32.250s][debug][gc,phases      ] GC(12) Reference Processing 0.857ms
[32.250s][debug][gc,phases      ] GC(12)   VM Weak                        Min:  0.0, Avg:  0.0, Max:  0.0, Diff:  0.0, Sum:  0.0, Workers: 4
[32.250s][debug][gc,phases      ] GC(12)     Dead                           Min: 0, Avg:  0.0, Max: 0, Diff: 0, Sum: 0, Workers: 4
[32.250s][debug][gc,phases      ] GC(12)     Total                          Min: 0, Avg: 222.8, Max: 576, Diff: 576, Sum: 891, Workers: 4
[32.250s][debug][gc,phases      ] GC(12)   ObjectSynchronizer Weak        Min:  0.0, Avg:  0.0, Max:  0.0, Diff:  0.0, Sum:  0.0, Workers: 4
[32.250s][debug][gc,phases      ] GC(12)     Dead                           Min: 0, Avg:  0.0, Max: 0, Diff: 0, Sum: 0, Workers: 4
[32.250s][debug][gc,phases      ] GC(12)     Total                          Min: 0, Avg:  7.2, Max: 29, Diff: 29, Sum: 29, Workers: 4
[32.250s][debug][gc,phases      ] GC(12)   JVMTI Tag Weak OopStorage      Min:  0.0, Avg:  0.0, Max:  0.0, Diff:  0.0, Sum:  0.0, Workers: 4
[32.250s][debug][gc,phases      ] GC(12)     Dead                           Min: 0, Avg:  0.0, Max: 0, Diff: 0, Sum: 0, Workers: 4
[32.250s][debug][gc,phases      ] GC(12)     Total                          Min: 0, Avg:  0.0, Max: 0, Diff: 0, Sum: 0, Workers: 4
[32.250s][debug][gc,phases      ] GC(12)   StringTable Weak               Min:  0.0, Avg:  0.2, Max:  0.4, Diff:  0.4, Sum:  0.8, Workers: 4
[32.250s][debug][gc,phases      ] GC(12)     Dead                           Min: 0, Avg:  0.8, Max: 2, Diff: 2, Sum: 3, Workers: 4
[32.250s][debug][gc,phases      ] GC(12)     Total                          Min: 0, Avg: 10888.2, Max: 26850, Diff: 26850, Sum: 43553, Workers: 4
[32.250s][debug][gc,phases      ] GC(12)   ResolvedMethodTable Weak       Min:  0.0, Avg:  0.1, Max:  0.1, Diff:  0.1, Sum:  0.2, Workers: 4
[32.250s][debug][gc,phases      ] GC(12)     Dead                           Min: 0, Avg:  0.2, Max: 1, Diff: 1, Sum: 1, Workers: 4
[32.250s][debug][gc,phases      ] GC(12)     Total                          Min: 0, Avg: 2670.5, Max: 6720, Diff: 6720, Sum: 10682, Workers: 4
[32.250s][debug][gc,phases      ] GC(12)   JNI Weak                       Min:  0.0, Avg:  0.0, Max:  0.0, Diff:  0.0, Sum:  0.0, Workers: 4
[32.250s][debug][gc,phases      ] GC(12)     Dead                           Min: 0, Avg:  0.0, Max: 0, Diff: 0, Sum: 0, Workers: 4
[32.250s][debug][gc,phases      ] GC(12)     Total                          Min: 0, Avg: 23.2, Max: 93, Diff: 93, Sum: 93, Workers: 4
[32.250s][debug][gc,phases      ] GC(12)   StringDedup Table Weak         Min:  0.0, Avg:  0.0, Max:  0.0, Diff:  0.0, Sum:  0.0, Workers: 4
[32.250s][debug][gc,phases      ] GC(12)     Dead                           Min: 0, Avg:  0.0, Max: 0, Diff: 0, Sum: 0, Workers: 4
[32.250s][debug][gc,phases      ] GC(12)     Total                          Min: 0, Avg:  0.0, Max: 0, Diff: 0, Sum: 0, Workers: 4
[32.250s][debug][gc,phases      ] GC(12)   StringDedup Requests0 Weak     Min:  0.0, Avg:  0.0, Max:  0.0, Diff:  0.0, Sum:  0.0, Workers: 4
[32.250s][debug][gc,phases      ] GC(12)     Dead                           Min: 0, Avg:  0.0, Max: 0, Diff: 0, Sum: 0, Workers: 4
[32.250s][debug][gc,phases      ] GC(12)     Total                          Min: 0, Avg:  0.0, Max: 0, Diff: 0, Sum: 0, Workers: 4
[32.250s][debug][gc,phases      ] GC(12)   StringDedup Requests1 Weak     Min:  0.0, Avg:  0.0, Max:  0.0, Diff:  0.0, Sum:  0.0, Workers: 4
[32.250s][debug][gc,phases      ] GC(12)     Dead                           Min: 0, Avg:  0.0, Max: 0, Diff: 0, Sum: 0, Workers: 4
[32.250s][debug][gc,phases      ] GC(12)     Total                          Min: 0, Avg:  0.0, Max: 0, Diff: 0, Sum: 0, Workers: 4
[32.250s][debug][gc,phases      ] GC(12)   Weak JFR Old Object Samples    Min:  0.0, Avg:  0.0, Max:  0.0, Diff:  0.0, Sum:  0.0, Workers: 4
[32.250s][debug][gc,phases      ] GC(12)     Dead                           Min: 0, Avg:  0.0, Max: 0, Diff: 0, Sum: 0, Workers: 4
[32.250s][debug][gc,phases      ] GC(12)     Total                          Min: 0, Avg:  0.0, Max: 0, Diff: 0, Sum: 0, Workers: 4
[32.250s][debug][gc,phases      ] GC(12) Weak Processing 0.758ms
[32.250s][debug][gc,age         ] GC(12) Desired survivor size 513277952 bytes, new threshold 8 (max threshold 15)
[32.251s][info ][gc,heap        ] GC(12) PSYoungGen: 1395907K(1556992K)->210537K(1572864K) Eden: 1048576K(1048576K)->0K(1048576K) From: 347331K(508416K)->210537K(524288K)
[32.251s][info ][gc,heap        ] GC(12) ParOldGen: 73856K(130560K)->145427K(145920K)
[32.251s][info ][gc,metaspace   ] GC(12) Metaspace: 85545K(86656K)->85545K(86656K) NonClass: 72892K(73472K)->72892K(73472K) Class: 12653K(13184K)->12653K(13184K)
[32.251s][info ][gc             ] GC(12) Pause Young (GCLocker Initiated GC) 1435M->347M(1678M) 116.274ms
[32.251s][info ][gc,cpu         ] GC(12) User=0.36s Sys=0.00s Real=0.12s
[32.251s][debug][gc,phases      ] GC(13) Pre Compact 0.009ms
[32.251s][info ][gc,start       ] GC(13) Pause Full (Ergonomics)
[32.251s][info ][gc,phases,start] GC(13) Marking Phase
[32.367s][debug][gc,phases      ] GC(13) Par Mark 116.321ms
[32.367s][debug][gc,ref         ] GC(13) Skipped phase 1 of Reference Processing: no references
[32.367s][debug][gc,ref         ] GC(13) ReferenceProcessor::execute queues: 4, RefProcThreadModel::Multi, marks_oops_alive: false
[32.368s][debug][gc,ref         ] GC(13) Skipped phase 3 of Reference Processing: no references
[32.368s][debug][gc,ref         ] GC(13) ReferenceProcessor::execute queues: 1, RefProcThreadModel::Single, marks_oops_alive: false
[32.368s][debug][gc,phases      ] GC(13) Reference Processing 0.653ms
[32.368s][debug][gc,phases      ] GC(13)   VM Weak                        Min:  0.0, Avg:  0.0, Max:  0.0, Diff:  0.0, Sum:  0.0, Workers: 4
[32.368s][debug][gc,phases      ] GC(13)     Dead                           Min: 0, Avg:  0.0, Max: 0, Diff: 0, Sum: 0, Workers: 4
[32.368s][debug][gc,phases      ] GC(13)     Total                          Min: 0, Avg: 222.8, Max: 507, Diff: 507, Sum: 891, Workers: 4
[32.368s][debug][gc,phases      ] GC(13)   ObjectSynchronizer Weak        Min:  0.0, Avg:  0.0, Max:  0.0, Diff:  0.0, Sum:  0.0, Workers: 4
[32.368s][debug][gc,phases      ] GC(13)     Dead                           Min: 0, Avg:  0.0, Max: 0, Diff: 0, Sum: 0, Workers: 4
[32.368s][debug][gc,phases      ] GC(13)     Total                          Min: 0, Avg:  7.2, Max: 29, Diff: 29, Sum: 29, Workers: 4
[32.368s][debug][gc,phases      ] GC(13)   JVMTI Tag Weak OopStorage      Min:  0.0, Avg:  0.0, Max:  0.0, Diff:  0.0, Sum:  0.0, Workers: 4
[32.368s][debug][gc,phases      ] GC(13)     Dead                           Min: 0, Avg:  0.0, Max: 0, Diff: 0, Sum: 0, Workers: 4
[32.368s][debug][gc,phases      ] GC(13)     Total                          Min: 0, Avg:  0.0, Max: 0, Diff: 0, Sum: 0, Workers: 4
[32.368s][debug][gc,phases      ] GC(13)   StringTable Weak               Min:  0.0, Avg:  0.2, Max:  0.3, Diff:  0.3, Sum:  0.7, Workers: 4
[32.368s][debug][gc,phases      ] GC(13)     Dead                           Min: 0, Avg:  0.0, Max: 0, Diff: 0, Sum: 0, Workers: 4
[32.368s][debug][gc,phases      ] GC(13)     Total                          Min: 0, Avg: 10888.2, Max: 24192, Diff: 24192, Sum: 43553, Workers: 4
[32.368s][debug][gc,phases      ] GC(13)   ResolvedMethodTable Weak       Min:  0.0, Avg:  0.0, Max:  0.1, Diff:  0.1, Sum:  0.1, Workers: 4
[32.368s][debug][gc,phases      ] GC(13)     Dead                           Min: 0, Avg:  0.0, Max: 0, Diff: 0, Sum: 0, Workers: 4
[32.368s][debug][gc,phases      ] GC(13)     Total                          Min: 0, Avg: 2670.5, Max: 5375, Diff: 5375, Sum: 10682, Workers: 4
[32.368s][debug][gc,phases      ] GC(13)   JNI Weak                       Min:  0.0, Avg:  0.0, Max:  0.0, Diff:  0.0, Sum:  0.0, Workers: 4
[32.368s][debug][gc,phases      ] GC(13)     Dead                           Min: 0, Avg:  0.0, Max: 0, Diff: 0, Sum: 0, Workers: 4
[32.368s][debug][gc,phases      ] GC(13)     Total                          Min: 0, Avg: 23.2, Max: 55, Diff: 55, Sum: 93, Workers: 4
[32.368s][debug][gc,phases      ] GC(13)   StringDedup Table Weak         Min:  0.0, Avg:  0.0, Max:  0.0, Diff:  0.0, Sum:  0.0, Workers: 4
[32.368s][debug][gc,phases      ] GC(13)     Dead                           Min: 0, Avg:  0.0, Max: 0, Diff: 0, Sum: 0, Workers: 4
[32.368s][debug][gc,phases      ] GC(13)     Total                          Min: 0, Avg:  0.0, Max: 0, Diff: 0, Sum: 0, Workers: 4
[32.368s][debug][gc,phases      ] GC(13)   StringDedup Requests0 Weak     Min:  0.0, Avg:  0.0, Max:  0.0, Diff:  0.0, Sum:  0.0, Workers: 4
[32.368s][debug][gc,phases      ] GC(13)     Dead                           Min: 0, Avg:  0.0, Max: 0, Diff: 0, Sum: 0, Workers: 4
[32.368s][debug][gc,phases      ] GC(13)     Total                          Min: 0, Avg:  0.0, Max: 0, Diff: 0, Sum: 0, Workers: 4
[32.368s][debug][gc,phases      ] GC(13)   StringDedup Requests1 Weak     Min:  0.0, Avg:  0.0, Max:  0.0, Diff:  0.0, Sum:  0.0, Workers: 4
[32.368s][debug][gc,phases      ] GC(13)     Dead                           Min: 0, Avg:  0.0, Max: 0, Diff: 0, Sum: 0, Workers: 4
[32.368s][debug][gc,phases      ] GC(13)     Total                          Min: 0, Avg:  0.0, Max: 0, Diff: 0, Sum: 0, Workers: 4
[32.368s][debug][gc,phases      ] GC(13)   Weak JFR Old Object Samples    Min:  0.0, Avg:  0.0, Max:  0.0, Diff:  0.0, Sum:  0.0, Workers: 4
[32.368s][debug][gc,phases      ] GC(13)     Dead                           Min: 0, Avg:  0.0, Max: 0, Diff: 0, Sum: 0, Workers: 4
[32.368s][debug][gc,phases      ] GC(13)     Total                          Min: 0, Avg:  0.0, Max: 0, Diff: 0, Sum: 0, Workers: 4
[32.368s][debug][gc,phases      ] GC(13) Weak Processing 0.563ms
[32.368s][debug][gc,phases      ] GC(13) ClassLoaderData 0.099ms
[32.368s][debug][gc,phases      ] GC(13) Trigger cleanups 0.000ms
[32.383s][debug][gc,phases      ] GC(13) Class Unloading 14.499ms
[32.383s][debug][gc,phases      ] GC(13) Report Object Count 0.001ms
[32.383s][info ][gc,phases      ] GC(13) Marking Phase 132.210ms
[32.383s][info ][gc,phases,start] GC(13) Summary Phase
[32.383s][info ][gc,phases      ] GC(13) Summary Phase 0.009ms
[32.383s][info ][gc,phases,start] GC(13) Adjust Roots
[32.402s][info ][gc,phases      ] GC(13) Adjust Roots 18.964ms
[32.402s][info ][gc,phases,start] GC(13) Compaction Phase
[32.789s][info ][gc,phases      ] GC(13) Compaction Phase 387.339ms
[32.789s][info ][gc,phases,start] GC(13) Post Compact
[32.794s][info ][gc,phases      ] GC(13) Post Compact 5.014ms
[32.794s][info ][gc,heap        ] GC(13) PSYoungGen: 210537K(1572864K)->199227K(1572864K) Eden: 0K(1048576K)->0K(1048576K) From: 210537K(524288K)->199227K(524288K)
[32.794s][info ][gc,heap        ] GC(13) ParOldGen: 145427K(145920K)->141541K(222208K)
[32.794s][info ][gc,metaspace   ] GC(13) Metaspace: 85545K(86656K)->85545K(86656K) NonClass: 72892K(73472K)->72892K(73472K) Class: 12653K(13184K)->12653K(13184K)
[32.794s][info ][gc             ] GC(13) Pause Full (Ergonomics) 347M->332M(1753M) 543.838ms
[32.794s][info ][gc,cpu         ] GC(13) User=1.63s Sys=0.02s Real=0.54s
[32.794s][info ][safepoint      ] Safepoint "ParallelGCSystemGC", Time since last: 48900 ns, Reaching safepoint: 1000 ns, Cleanup: 600 ns, At safepoint: 660238678 ns, Total: 660240278 ns
[34.169s][info ][safepoint      ] Safepoint "Cleanup", Time since last: 1373961698 ns, Reaching safepoint: 6300 ns, Cleanup: 75100 ns, At safepoint: 3700 ns, Total: 85100 ns
[35.169s][info ][safepoint      ] Safepoint "Cleanup", Time since last: 1000115151 ns, Reaching safepoint: 6800 ns, Cleanup: 19300 ns, At safepoint: 7200 ns, Total: 33300 ns
[36.169s][info ][safepoint      ] Safepoint "Cleanup", Time since last: 1000117550 ns, Reaching safepoint: 7400 ns, Cleanup: 18200 ns, At safepoint: 2800 ns, Total: 28400 ns
[37.169s][info ][safepoint      ] Safepoint "Cleanup", Time since last: 1000121351 ns, Reaching safepoint: 6600 ns, Cleanup: 15900 ns, At safepoint: 2900 ns, Total: 25400 ns
[38.169s][info ][safepoint      ] Safepoint "Cleanup", Time since last: 1000117251 ns, Reaching safepoint: 6400 ns, Cleanup: 11399 ns, At safepoint: 2200 ns, Total: 19999 ns
[39.169s][info ][safepoint      ] Safepoint "Cleanup", Time since last: 1000110051 ns, Reaching safepoint: 5900 ns, Cleanup: 12700 ns, At safepoint: 2200 ns, Total: 20800 ns
[40.169s][info ][safepoint      ] Safepoint "Cleanup", Time since last: 1000107851 ns, Reaching safepoint: 5400 ns, Cleanup: 8900 ns, At safepoint: 2000 ns, Total: 16300 ns
[41.169s][info ][safepoint      ] Safepoint "Cleanup", Time since last: 1000104249 ns, Reaching safepoint: 4600 ns, Cleanup: 11000 ns, At safepoint: 2000 ns, Total: 17600 ns
[46.170s][info ][safepoint      ] Safepoint "Cleanup", Time since last: 5000389946 ns, Reaching safepoint: 5200 ns, Cleanup: 20300 ns, At safepoint: 2400 ns, Total: 27900 ns
[47.170s][info ][safepoint      ] Safepoint "Cleanup", Time since last: 1000114647 ns, Reaching safepoint: 6500 ns, Cleanup: 10800 ns, At safepoint: 2900 ns, Total: 20200 ns
[54.171s][info ][safepoint      ] Safepoint "Cleanup", Time since last: 7000466222 ns, Reaching safepoint: 5100 ns, Cleanup: 15400 ns, At safepoint: 6000 ns, Total: 26500 ns
[59.171s][info ][safepoint      ] Safepoint "Cleanup", Time since last: 5000358012 ns, Reaching safepoint: 5300 ns, Cleanup: 10200 ns, At safepoint: 2200 ns, Total: 17700 ns
[61.078s][info ][safepoint      ] Safepoint "Cleanup", Time since last: 1907531549 ns, Reaching safepoint: 6600 ns, Cleanup: 10300 ns, At safepoint: 2500 ns, Total: 19400 ns
[67.079s][info ][safepoint      ] Safepoint "Cleanup", Time since last: 6000454988 ns, Reaching safepoint: 6600 ns, Cleanup: 12100 ns, At safepoint: 2999 ns, Total: 21699 ns
[69.079s][info ][safepoint      ] Safepoint "Cleanup", Time since last: 2000204400 ns, Reaching safepoint: 5100 ns, Cleanup: 9100 ns, At safepoint: 2100 ns, Total: 16300 ns
[71.079s][info ][safepoint      ] Safepoint "Cleanup", Time since last: 2000187300 ns, Reaching safepoint: 6300 ns, Cleanup: 9800 ns, At safepoint: 2800 ns, Total: 18900 ns
[80.080s][info ][safepoint      ] Safepoint "Cleanup", Time since last: 9000539887 ns, Reaching safepoint: 5500 ns, Cleanup: 18300 ns, At safepoint: 2500 ns, Total: 26300 ns
[85.080s][info ][safepoint      ] Safepoint "Cleanup", Time since last: 5000368865 ns, Reaching safepoint: 7200 ns, Cleanup: 13900 ns, At safepoint: 2400 ns, Total: 23500 ns
[86.080s][info ][safepoint      ] Safepoint "Cleanup", Time since last: 1000094557 ns, Reaching safepoint: 6300 ns, Cleanup: 11200 ns, At safepoint: 2400 ns, Total: 19900 ns
[89.081s][info ][safepoint      ] Safepoint "Cleanup", Time since last: 3000228586 ns, Reaching safepoint: 6300 ns, Cleanup: 12000 ns, At safepoint: 2500 ns, Total: 20800 ns
[98.081s][info ][safepoint      ] Safepoint "Cleanup", Time since last: 9000758989 ns, Reaching safepoint: 6500 ns, Cleanup: 11200 ns, At safepoint: 3700 ns, Total: 21400 ns
[99.082s][info ][safepoint      ] Safepoint "Cleanup", Time since last: 1000117337 ns, Reaching safepoint: 4500 ns, Cleanup: 9400 ns, At safepoint: 2200 ns, Total: 16100 ns
[105.602s][info ][safepoint      ] Safepoint "Cleanup", Time since last: 6520598490 ns, Reaching safepoint: 4600 ns, Cleanup: 8000 ns, At safepoint: 2200 ns, Total: 14800 ns
[119.603s][info ][safepoint      ] Safepoint "Cleanup", Time since last: 14000826950 ns, Reaching safepoint: 4100 ns, Cleanup: 7800 ns, At safepoint: 2300 ns, Total: 14200 ns
[122.603s][info ][safepoint      ] Safepoint "Cleanup", Time since last: 3000222661 ns, Reaching safepoint: 4300 ns, Cleanup: 14000 ns, At safepoint: 2200 ns, Total: 20500 ns
[139.604s][info ][safepoint      ] Safepoint "Cleanup", Time since last: 17001007491 ns, Reaching safepoint: 5900 ns, Cleanup: 9700 ns, At safepoint: 2900 ns, Total: 18500 ns
[142.605s][info ][safepoint      ] Safepoint "Cleanup", Time since last: 3000220859 ns, Reaching safepoint: 4200 ns, Cleanup: 7900 ns, At safepoint: 1800 ns, Total: 13900 ns
[150.469s][info ][safepoint      ] Safepoint "Cleanup", Time since last: 7864144956 ns, Reaching safepoint: 3000 ns, Cleanup: 124399 ns, At safepoint: 8200 ns, Total: 135599 ns
[150.512s][info ][safepoint      ] Safepoint "JFRCheckpoint", Time since last: 43407126 ns, Reaching safepoint: 74500 ns, Cleanup: 52500 ns, At safepoint: 25200 ns, Total: 152200 ns
[150.516s][info ][gc,heap,exit   ] Heap
[150.516s][info ][gc,heap,exit   ]  PSYoungGen      total 1572864K, used 1026941K [0x0000000780000000, 0x0000000800000000, 0x0000000800000000)
[150.516s][info ][gc,heap,exit   ]   eden space 1048576K, 78% used [0x0000000780000000,0x00000007b28507e8,0x00000007c0000000)
[150.516s][info ][gc,heap,exit   ]   from space 524288K, 37% used [0x00000007c0000000,0x00000007cc28ede8,0x00000007e0000000)
[150.516s][info ][gc,heap,exit   ]   to   space 501248K, 0% used [0x00000007e1680000,0x00000007e1680000,0x0000000800000000)
[150.516s][info ][gc,heap,exit   ]  ParOldGen       total 222208K, used 141541K [0x00000006c0000000, 0x00000006cd900000, 0x0000000780000000)
[150.516s][info ][gc,heap,exit   ]   object space 222208K, 63% used [0x00000006c0000000,0x00000006c8a39670,0x00000006cd900000)
[150.516s][info ][gc,heap,exit   ]  Metaspace       used 85930K, committed 87104K, reserved 1179648K
[150.516s][info ][gc,heap,exit   ]   class space    used 12706K, committed 13248K, reserved 1048576K
