[0.003s][info][gc] Using Parallel
[0.004s][info][gc,init] Version: 17.0.10+7-LTS (release)
[0.004s][info][gc,init] CPUs: 4 total, 4 available
[0.004s][info][gc,init] Memory: 15991M
[0.004s][info][gc,init] Large Page Support: Disabled
[0.004s][info][gc,init] NUMA Support: Disabled
[0.004s][info][gc,init] Compressed Oops: Enabled (Zero based)
[0.004s][info][gc,init] Alignments: Space 512K, Generation 512K, Heap 2M
[0.004s][info][gc,init] Heap Min Capacity: 2054M
[0.004s][info][gc,init] Heap Initial Capacity: 2054M
[0.004s][info][gc,init] Heap Max Capacity: 5G
[0.004s][info][gc,init] Pre-touch: Disabled
[0.004s][info][gc,init] Parallel Workers: 4
[0.008s][info][gc,metaspace] CDS archive(s) mapped at: [0x00007f5019000000-0x00007f5019bc6000-0x00007f5019bc6000), size 12345344, SharedBaseAddress: 0x00007f5019000000, ArchiveRelocationMode: 1.
[0.008s][info][gc,metaspace] Compressed class space mapped at: 0x00007f501a000000-0x00007f505a000000, reserved size: 1073741824
[0.008s][info][gc,metaspace] Narrow klass base: 0x00007f5019000000, Narrow klass shift: 0, Narrow klass range: 0x100000000
[0.320s][info][safepoint   ] Safepoint "ICBufferFull", Time since last: 305471225 ns, Reaching safepoint: 74100 ns, Cleanup: 104999 ns, At safepoint: 5600 ns, Total: 184699 ns
[0.461s][info][safepoint   ] Safepoint "RedefineClasses", Time since last: 136399708 ns, Reaching safepoint: 77899 ns, Cleanup: 114900 ns, At safepoint: 4527973 ns, Total: 4720772 ns
[0.497s][info][safepoint   ] Safepoint "ICBufferFull", Time since last: 36287190 ns, Reaching safepoint: 3200 ns, Cleanup: 137799 ns, At safepoint: 4700 ns, Total: 145699 ns
[0.544s][info][safepoint   ] Safepoint "JFRCheckpoint", Time since last: 46697628 ns, Reaching safepoint: 3300 ns, Cleanup: 48800 ns, At safepoint: 5300 ns, Total: 57400 ns
[1.117s][info][safepoint   ] Safepoint "ICBufferFull", Time since last: 572858472 ns, Reaching safepoint: 74099 ns, Cleanup: 178699 ns, At safepoint: 5800 ns, Total: 258598 ns
[1.451s][info][safepoint   ] Safepoint "ICBufferFull", Time since last: 333244564 ns, Reaching safepoint: 3700 ns, Cleanup: 153999 ns, At safepoint: 2000 ns, Total: 159699 ns
[1.750s][info][gc,start    ] GC(0) Pause Young (Metadata GC Threshold)
[1.775s][debug][gc,phases   ] GC(0) Scavenge 25.044ms
[1.775s][debug][gc,ref      ] GC(0) Skipped phase 1 of Reference Processing: no references
[1.775s][debug][gc,ref      ] GC(0) ReferenceProcessor::execute queues: 2, RefProcThreadModel::Multi, marks_oops_alive: false
[1.775s][debug][gc,ref      ] GC(0) Skipped phase 3 of Reference Processing: no references
[1.775s][debug][gc,ref      ] GC(0) ReferenceProcessor::execute queues: 1, RefProcThreadModel::Single, marks_oops_alive: false
[1.775s][debug][gc,phases   ] GC(0) Reference Processing 0.202ms
[1.776s][debug][gc,phases   ] GC(0)   VM Weak                        Min:  0.0, Avg:  0.0, Max:  0.0, Diff:  0.0, Sum:  0.0, Workers: 4
[1.776s][debug][gc,phases   ] GC(0)     Dead                           Min: 0, Avg:  0.0, Max: 0, Diff: 0, Sum: 0, Workers: 4
[1.776s][debug][gc,phases   ] GC(0)     Total                          Min: 0, Avg: 61.2, Max: 181, Diff: 181, Sum: 245, Workers: 4
[1.776s][debug][gc,phases   ] GC(0)   ObjectSynchronizer Weak        Min:  0.0, Avg:  0.0, Max:  0.0, Diff:  0.0, Sum:  0.0, Workers: 4
[1.776s][debug][gc,phases   ] GC(0)     Dead                           Min: 0, Avg:  1.5, Max: 6, Diff: 6, Sum: 6, Workers: 4
[1.776s][debug][gc,phases   ] GC(0)     Total                          Min: 0, Avg:  3.8, Max: 15, Diff: 15, Sum: 15, Workers: 4
[1.776s][debug][gc,phases   ] GC(0)   JVMTI Tag Weak OopStorage      Min:  0.0, Avg:  0.0, Max:  0.0, Diff:  0.0, Sum:  0.0, Workers: 4
[1.776s][debug][gc,phases   ] GC(0)     Dead                           Min: 0, Avg:  0.0, Max: 0, Diff: 0, Sum: 0, Workers: 4
[1.776s][debug][gc,phases   ] GC(0)     Total                          Min: 0, Avg:  0.0, Max: 0, Diff: 0, Sum: 0, Workers: 4
[1.776s][debug][gc,phases   ] GC(0)   StringTable Weak               Min:  0.0, Avg:  0.1, Max:  0.1, Diff:  0.1, Sum:  0.3, Workers: 4
[1.776s][debug][gc,phases   ] GC(0)     Dead                           Min: 0, Avg:  7.0, Max: 20, Diff: 20, Sum: 28, Workers: 4
[1.776s][debug][gc,phases   ] GC(0)     Total                          Min: 0, Avg: 2972.0, Max: 6400, Diff: 6400, Sum: 11888, Workers: 4
[1.776s][debug][gc,phases   ] GC(0)   ResolvedMethodTable Weak       Min:  0.0, Avg:  0.0, Max:  0.0, Diff:  0.0, Sum:  0.0, Workers: 4
[1.776s][debug][gc,phases   ] GC(0)     Dead                           Min: 0, Avg: 18.2, Max: 37, Diff: 37, Sum: 73, Workers: 4
[1.776s][debug][gc,phases   ] GC(0)     Total                          Min: 0, Avg: 326.2, Max: 665, Diff: 665, Sum: 1305, Workers: 4
[1.776s][debug][gc,phases   ] GC(0)   JNI Weak                       Min:  0.0, Avg:  0.0, Max:  0.0, Diff:  0.0, Sum:  0.0, Workers: 4
[1.776s][debug][gc,phases   ] GC(0)     Dead                           Min: 0, Avg:  0.0, Max: 0, Diff: 0, Sum: 0, Workers: 4
[1.776s][debug][gc,phases   ] GC(0)     Total                          Min: 0, Avg: 12.0, Max: 48, Diff: 48, Sum: 48, Workers: 4
[1.776s][debug][gc,phases   ] GC(0)   StringDedup Table Weak         Min:  0.0, Avg:  0.0, Max:  0.0, Diff:  0.0, Sum:  0.0, Workers: 4
[1.776s][debug][gc,phases   ] GC(0)     Dead                           Min: 0, Avg:  0.0, Max: 0, Diff: 0, Sum: 0, Workers: 4
[1.776s][debug][gc,phases   ] GC(0)     Total                          Min: 0, Avg:  0.0, Max: 0, Diff: 0, Sum: 0, Workers: 4
[1.776s][debug][gc,phases   ] GC(0)   StringDedup Requests0 Weak     Min:  0.0, Avg:  0.0, Max:  0.0, Diff:  0.0, Sum:  0.0, Workers: 4
[1.776s][debug][gc,phases   ] GC(0)     Dead                           Min: 0, Avg:  0.0, Max: 0, Diff: 0, Sum: 0, Workers: 4
[1.776s][debug][gc,phases   ] GC(0)     Total                          Min: 0, Avg:  0.0, Max: 0, Diff: 0, Sum: 0, Workers: 4
[1.776s][debug][gc,phases   ] GC(0)   StringDedup Requests1 Weak     Min:  0.0, Avg:  0.0, Max:  0.0, Diff:  0.0, Sum:  0.0, Workers: 4
[1.776s][debug][gc,phases   ] GC(0)     Dead                           Min: 0, Avg:  0.0, Max: 0, Diff: 0, Sum: 0, Workers: 4
[1.776s][debug][gc,phases   ] GC(0)     Total                          Min: 0, Avg:  0.0, Max: 0, Diff: 0, Sum: 0, Workers: 4
[1.776s][debug][gc,phases   ] GC(0)   Weak JFR Old Object Samples    Min:  0.0, Avg:  0.0, Max:  0.0, Diff:  0.0, Sum:  0.0, Workers: 4
[1.776s][debug][gc,phases   ] GC(0)     Dead                           Min: 0, Avg:  0.0, Max: 0, Diff: 0, Sum: 0, Workers: 4
[1.776s][debug][gc,phases   ] GC(0)     Total                          Min: 0, Avg:  0.0, Max: 0, Diff: 0, Sum: 0, Workers: 4
[1.776s][debug][gc,phases   ] GC(0) Weak Processing 0.317ms
[1.776s][debug][gc,age      ] GC(0) Desired survivor size 536870912 bytes, new threshold 7 (max threshold 15)
[1.776s][info ][gc,heap     ] GC(0) PSYoungGen: 282871K(1572864K)->34875K(1572864K) Eden: 282871K(1048576K)->0K(1048576K) From: 0K(524288K)->34875K(524288K)
[1.776s][info ][gc,heap     ] GC(0) ParOldGen: 0K(6144K)->104K(6144K)
[1.776s][info ][gc,metaspace] GC(0) Metaspace: 21131K(21504K)->21131K(21504K) NonClass: 18691K(18880K)->18691K(18880K) Class: 2440K(2624K)->2440K(2624K)
[1.776s][info ][gc          ] GC(0) Pause Young (Metadata GC Threshold) 276M->34M(1542M) 25.897ms
[1.776s][info ][gc,cpu      ] GC(0) User=0.07s Sys=0.01s Real=0.03s
[1.776s][debug][gc,phases   ] GC(1) Pre Compact 0.010ms
[1.776s][info ][gc,start    ] GC(1) Pause Full (Metadata GC Threshold)
[1.776s][info ][gc,phases,start] GC(1) Marking Phase
[1.787s][debug][gc,phases      ] GC(1) Par Mark 10.960ms
[1.787s][debug][gc,ref         ] GC(1) Skipped phase 1 of Reference Processing: no references
[1.787s][debug][gc,ref         ] GC(1) ReferenceProcessor::execute queues: 1, RefProcThreadModel::Single, marks_oops_alive: false
[1.787s][debug][gc,ref         ] GC(1) Skipped phase 3 of Reference Processing: no references
[1.787s][debug][gc,ref         ] GC(1) ReferenceProcessor::execute queues: 1, RefProcThreadModel::Single, marks_oops_alive: false
[1.787s][debug][gc,phases      ] GC(1) Reference Processing 0.040ms
[1.787s][debug][gc,phases      ] GC(1)   VM Weak                        Min:  0.0, Avg:  0.0, Max:  0.0, Diff:  0.0, Sum:  0.0, Workers: 4
[1.787s][debug][gc,phases      ] GC(1)     Dead                           Min: 0, Avg:  0.0, Max: 0, Diff: 0, Sum: 0, Workers: 4
[1.787s][debug][gc,phases      ] GC(1)     Total                          Min: 0, Avg: 61.2, Max: 128, Diff: 128, Sum: 245, Workers: 4
[1.787s][debug][gc,phases      ] GC(1)   ObjectSynchronizer Weak        Min:  0.0, Avg:  0.0, Max:  0.0, Diff:  0.0, Sum:  0.0, Workers: 4
[1.787s][debug][gc,phases      ] GC(1)     Dead                           Min: 0, Avg:  0.0, Max: 0, Diff: 0, Sum: 0, Workers: 4
[1.787s][debug][gc,phases      ] GC(1)     Total                          Min: 0, Avg:  3.8, Max: 15, Diff: 15, Sum: 15, Workers: 4
[1.787s][debug][gc,phases      ] GC(1)   JVMTI Tag Weak OopStorage      Min:  0.0, Avg:  0.0, Max:  0.0, Diff:  0.0, Sum:  0.0, Workers: 4
[1.787s][debug][gc,phases      ] GC(1)     Dead                           Min: 0, Avg:  0.0, Max: 0, Diff: 0, Sum: 0, Workers: 4
[1.787s][debug][gc,phases      ] GC(1)     Total                          Min: 0, Avg:  0.0, Max: 0, Diff: 0, Sum: 0, Workers: 4
[1.787s][debug][gc,phases      ] GC(1)   StringTable Weak               Min:  0.0, Avg:  0.0, Max:  0.0, Diff:  0.0, Sum:  0.1, Workers: 4
[1.787s][debug][gc,phases      ] GC(1)     Dead                           Min: 0, Avg:  0.0, Max: 0, Diff: 0, Sum: 0, Workers: 4
[1.787s][debug][gc,phases      ] GC(1)     Total                          Min: 0, Avg: 2972.0, Max: 4544, Diff: 4544, Sum: 11888, Workers: 4
[1.787s][debug][gc,phases      ] GC(1)   ResolvedMethodTable Weak       Min:  0.0, Avg:  0.0, Max:  0.0, Diff:  0.0, Sum:  0.0, Workers: 4
[1.787s][debug][gc,phases      ] GC(1)     Dead                           Min: 0, Avg:  0.0, Max: 0, Diff: 0, Sum: 0, Workers: 4
[1.787s][debug][gc,phases      ] GC(1)     Total                          Min: 0, Avg: 326.2, Max: 448, Diff: 448, Sum: 1305, Workers: 4
[1.787s][debug][gc,phases      ] GC(1)   JNI Weak                       Min:  0.0, Avg:  0.0, Max:  0.0, Diff:  0.0, Sum:  0.0, Workers: 4
[1.787s][debug][gc,phases      ] GC(1)     Dead                           Min: 0, Avg:  0.0, Max: 0, Diff: 0, Sum: 0, Workers: 4
[1.787s][debug][gc,phases      ] GC(1)     Total                          Min: 0, Avg: 12.0, Max: 48, Diff: 48, Sum: 48, Workers: 4
[1.787s][debug][gc,phases      ] GC(1)   StringDedup Table Weak         Min:  0.0, Avg:  0.0, Max:  0.0, Diff:  0.0, Sum:  0.0, Workers: 4
[1.787s][debug][gc,phases      ] GC(1)     Dead                           Min: 0, Avg:  0.0, Max: 0, Diff: 0, Sum: 0, Workers: 4
[1.787s][debug][gc,phases      ] GC(1)     Total                          Min: 0, Avg:  0.0, Max: 0, Diff: 0, Sum: 0, Workers: 4
[1.787s][debug][gc,phases      ] GC(1)   StringDedup Requests0 Weak     Min:  0.0, Avg:  0.0, Max:  0.0, Diff:  0.0, Sum:  0.0, Workers: 4
[1.787s][debug][gc,phases      ] GC(1)     Dead                           Min: 0, Avg:  0.0, Max: 0, Diff: 0, Sum: 0, Workers: 4
[1.787s][debug][gc,phases      ] GC(1)     Total                          Min: 0, Avg:  0.0, Max: 0, Diff: 0, Sum: 0, Workers: 4
[1.787s][debug][gc,phases      ] GC(1)   StringDedup Requests1 Weak     Min:  0.0, Avg:  0.0, Max:  0.0, Diff:  0.0, Sum:  0.0, Workers: 4
[1.787s][debug][gc,phases      ] GC(1)     Dead                           Min: 0, Avg:  0.0, Max: 0, Diff: 0, Sum: 0, Workers: 4
[1.787s][debug][gc,phases      ] GC(1)     Total                          Min: 0, Avg:  0.0, Max: 0, Diff: 0, Sum: 0, Workers: 4
[1.787s][debug][gc,phases      ] GC(1)   Weak JFR Old Object Samples    Min:  0.0, Avg:  0.0, Max:  0.0, Diff:  0.0, Sum:  0.0, Workers: 4
[1.787s][debug][gc,phases      ] GC(1)     Dead                           Min: 0, Avg:  0.0, Max: 0, Diff: 0, Sum: 0, Workers: 4
[1.787s][debug][gc,phases      ] GC(1)     Total                          Min: 0, Avg:  0.0, Max: 0, Diff: 0, Sum: 0, Workers: 4
[1.787s][debug][gc,phases      ] GC(1) Weak Processing 0.227ms
[1.787s][debug][gc,phases      ] GC(1) ClassLoaderData 0.013ms
[1.787s][debug][gc,phases      ] GC(1) Trigger cleanups 0.000ms
[1.791s][debug][gc,phases      ] GC(1) Class Unloading 3.589ms
[1.791s][debug][gc,phases      ] GC(1) Report Object Count 0.001ms
[1.791s][info ][gc,phases      ] GC(1) Marking Phase 14.890ms
[1.791s][info ][gc,phases,start] GC(1) Summary Phase
[1.791s][info ][gc,phases      ] GC(1) Summary Phase 0.006ms
[1.791s][info ][gc,phases,start] GC(1) Adjust Roots
[1.794s][info ][gc,phases      ] GC(1) Adjust Roots 3.412ms
[1.794s][info ][gc,phases,start] GC(1) Compaction Phase
[1.816s][info ][gc,phases      ] GC(1) Compaction Phase 21.695ms
[1.816s][info ][gc,phases,start] GC(1) Post Compact
[1.817s][info ][gc,phases      ] GC(1) Post Compact 1.097ms
[1.817s][info ][gc,heap        ] GC(1) PSYoungGen: 34875K(1572864K)->29083K(1572864K) Eden: 0K(1048576K)->0K(1048576K) From: 34875K(524288K)->29083K(524288K)
[1.817s][info ][gc,heap        ] GC(1) ParOldGen: 104K(6144K)->5723K(6144K)
[1.817s][info ][gc,metaspace   ] GC(1) Metaspace: 21131K(21504K)->21131K(21504K) NonClass: 18691K(18880K)->18691K(18880K) Class: 2440K(2624K)->2440K(2624K)
[1.817s][info ][gc             ] GC(1) Pause Full (Metadata GC Threshold) 34M->33M(1542M) 41.192ms
[1.817s][info ][gc,cpu         ] GC(1) User=0.11s Sys=0.00s Real=0.04s
[1.817s][info ][safepoint      ] Safepoint "CollectForMetadataAllocation", Time since last: 299210761 ns, Reaching safepoint: 2100 ns, Cleanup: 89700 ns, At safepoint: 67202209 ns, Total: 67294009 ns
[2.062s][info ][safepoint      ] Safepoint "ICBufferFull", Time since last: 245071277 ns, Reaching safepoint: 2400 ns, Cleanup: 105599 ns, At safepoint: 4700 ns, Total: 112699 ns
[2.139s][info ][safepoint      ] Safepoint "ICBufferFull", Time since last: 76802754 ns, Reaching safepoint: 2800 ns, Cleanup: 103499 ns, At safepoint: 4300 ns, Total: 110599 ns
[2.238s][info ][safepoint      ] Safepoint "ICBufferFull", Time since last: 98626927 ns, Reaching safepoint: 73600 ns, Cleanup: 112999 ns, At safepoint: 11900 ns, Total: 198499 ns
[2.413s][info ][safepoint      ] Safepoint "ICBufferFull", Time since last: 175307881 ns, Reaching safepoint: 3400 ns, Cleanup: 138999 ns, At safepoint: 2000 ns, Total: 144399 ns
[3.099s][info ][safepoint      ] Safepoint "ICBufferFull", Time since last: 685662916 ns, Reaching safepoint: 2100 ns, Cleanup: 150100 ns, At safepoint: 6200 ns, Total: 158400 ns
[3.240s][info ][safepoint      ] Safepoint "ICBufferFull", Time since last: 140273985 ns, Reaching safepoint: 3100 ns, Cleanup: 149599 ns, At safepoint: 6800 ns, Total: 159499 ns
[3.337s][info ][safepoint      ] Safepoint "ICBufferFull", Time since last: 97165935 ns, Reaching safepoint: 2300 ns, Cleanup: 119799 ns, At safepoint: 5500 ns, Total: 127599 ns
[3.521s][info ][safepoint      ] Safepoint "ICBufferFull", Time since last: 183397335 ns, Reaching safepoint: 79799 ns, Cleanup: 164199 ns, At safepoint: 6600 ns, Total: 250598 ns
[3.624s][info ][safepoint      ] Safepoint "ICBufferFull", Time since last: 102983502 ns, Reaching safepoint: 83199 ns, Cleanup: 161899 ns, At safepoint: 8300 ns, Total: 253398 ns
[3.703s][info ][safepoint      ] Safepoint "ICBufferFull", Time since last: 78453545 ns, Reaching safepoint: 3200 ns, Cleanup: 138599 ns, At safepoint: 3400 ns, Total: 145199 ns
[3.823s][info ][gc,start       ] GC(2) Pause Young (Metadata GC Threshold)
[3.873s][debug][gc,phases      ] GC(2) Scavenge 50.131ms
[3.873s][debug][gc,ref         ] GC(2) Skipped phase 1 of Reference Processing: no references
[3.874s][debug][gc,ref         ] GC(2) ReferenceProcessor::execute queues: 4, RefProcThreadModel::Multi, marks_oops_alive: false
[3.874s][debug][gc,ref         ] GC(2) Skipped phase 3 of Reference Processing: no references
[3.874s][debug][gc,ref         ] GC(2) ReferenceProcessor::execute queues: 1, RefProcThreadModel::Single, marks_oops_alive: false
[3.874s][debug][gc,phases      ] GC(2) Reference Processing 0.463ms
[3.874s][debug][gc,phases      ] GC(2)   VM Weak                        Min:  0.0, Avg:  0.0, Max:  0.0, Diff:  0.0, Sum:  0.0, Workers: 4
[3.874s][debug][gc,phases      ] GC(2)     Dead                           Min: 0, Avg:  0.0, Max: 0, Diff: 0, Sum: 0, Workers: 4
[3.874s][debug][gc,phases      ] GC(2)     Total                          Min: 0, Avg: 78.5, Max: 256, Diff: 256, Sum: 314, Workers: 4
[3.874s][debug][gc,phases      ] GC(2)   ObjectSynchronizer Weak        Min:  0.0, Avg:  0.0, Max:  0.0, Diff:  0.0, Sum:  0.0, Workers: 4
[3.874s][debug][gc,phases      ] GC(2)     Dead                           Min: 0, Avg:  0.0, Max: 0, Diff: 0, Sum: 0, Workers: 4
[3.874s][debug][gc,phases      ] GC(2)     Total                          Min: 0, Avg:  3.8, Max: 15, Diff: 15, Sum: 15, Workers: 4
[3.874s][debug][gc,phases      ] GC(2)   JVMTI Tag Weak OopStorage      Min:  0.0, Avg:  0.0, Max:  0.0, Diff:  0.0, Sum:  0.0, Workers: 4
[3.874s][debug][gc,phases      ] GC(2)     Dead                           Min: 0, Avg:  0.0, Max: 0, Diff: 0, Sum: 0, Workers: 4
[3.874s][debug][gc,phases      ] GC(2)     Total                          Min: 0, Avg:  0.0, Max: 0, Diff: 0, Sum: 0, Workers: 4
[3.874s][debug][gc,phases      ] GC(2)   StringTable Weak               Min:  0.0, Avg:  0.1, Max:  0.1, Diff:  0.1, Sum:  0.4, Workers: 4
[3.874s][debug][gc,phases      ] GC(2)     Dead                           Min: 0, Avg:  2.2, Max: 4, Diff: 4, Sum: 9, Workers: 4
[3.874s][debug][gc,phases      ] GC(2)     Total                          Min: 0, Avg: 4368.0, Max: 6144, Diff: 6144, Sum: 17472, Workers: 4
[3.874s][debug][gc,phases      ] GC(2)   ResolvedMethodTable Weak       Min:  0.0, Avg:  0.0, Max:  0.0, Diff:  0.0, Sum:  0.1, Workers: 4
[3.874s][debug][gc,phases      ] GC(2)     Dead                           Min: 0, Avg: 12.2, Max: 20, Diff: 20, Sum: 49, Workers: 4
[3.874s][debug][gc,phases      ] GC(2)     Total                          Min: 0, Avg: 589.0, Max: 885, Diff: 885, Sum: 2356, Workers: 4
[3.874s][debug][gc,phases      ] GC(2)   JNI Weak                       Min:  0.0, Avg:  0.0, Max:  0.0, Diff:  0.0, Sum:  0.0, Workers: 4
[3.874s][debug][gc,phases      ] GC(2)     Dead                           Min: 0, Avg:  0.0, Max: 0, Diff: 0, Sum: 0, Workers: 4
[3.874s][debug][gc,phases      ] GC(2)     Total                          Min: 0, Avg: 12.0, Max: 48, Diff: 48, Sum: 48, Workers: 4
[3.874s][debug][gc,phases      ] GC(2)   StringDedup Table Weak         Min:  0.0, Avg:  0.0, Max:  0.0, Diff:  0.0, Sum:  0.0, Workers: 4
[3.874s][debug][gc,phases      ] GC(2)     Dead                           Min: 0, Avg:  0.0, Max: 0, Diff: 0, Sum: 0, Workers: 4
[3.874s][debug][gc,phases      ] GC(2)     Total                          Min: 0, Avg:  0.0, Max: 0, Diff: 0, Sum: 0, Workers: 4
[3.874s][debug][gc,phases      ] GC(2)   StringDedup Requests0 Weak     Min:  0.0, Avg:  0.0, Max:  0.0, Diff:  0.0, Sum:  0.0, Workers: 4
[3.874s][debug][gc,phases      ] GC(2)     Dead                           Min: 0, Avg:  0.0, Max: 0, Diff: 0, Sum: 0, Workers: 4
[3.874s][debug][gc,phases      ] GC(2)     Total                          Min: 0, Avg:  0.0, Max: 0, Diff: 0, Sum: 0, Workers: 4
[3.874s][debug][gc,phases      ] GC(2)   StringDedup Requests1 Weak     Min:  0.0, Avg:  0.0, Max:  0.0, Diff:  0.0, Sum:  0.0, Workers: 4
[3.874s][debug][gc,phases      ] GC(2)     Dead                           Min: 0, Avg:  0.0, Max: 0, Diff: 0, Sum: 0, Workers: 4
[3.874s][debug][gc,phases      ] GC(2)     Total                          Min: 0, Avg:  0.0, Max: 0, Diff: 0, Sum: 0, Workers: 4
[3.874s][debug][gc,phases      ] GC(2)   Weak JFR Old Object Samples    Min:  0.0, Avg:  0.0, Max:  0.0, Diff:  0.0, Sum:  0.0, Workers: 4
[3.874s][debug][gc,phases      ] GC(2)     Dead                           Min: 0, Avg:  0.0, Max: 0, Diff: 0, Sum: 0, Workers: 4
[3.874s][debug][gc,phases      ] GC(2)     Total                          Min: 0, Avg:  0.0, Max: 0, Diff: 0, Sum: 0, Workers: 4
[3.874s][debug][gc,phases      ] GC(2) Weak Processing 0.425ms
[3.874s][debug][gc,age         ] GC(2) Desired survivor size 536870912 bytes, new threshold 7 (max threshold 15)
[3.874s][info ][gc,heap        ] GC(2) PSYoungGen: 637260K(1572864K)->76889K(1572864K) Eden: 608177K(1048576K)->0K(1048576K) From: 29083K(524288K)->76889K(524288K)
[3.874s][info ][gc,heap        ] GC(2) ParOldGen: 5723K(6144K)->5731K(6144K)
[3.874s][info ][gc,metaspace   ] GC(2) Metaspace: 35347K(35840K)->35347K(35840K) NonClass: 30921K(31168K)->30921K(31168K) Class: 4426K(4672K)->4426K(4672K)
[3.874s][info ][gc             ] GC(2) Pause Young (Metadata GC Threshold) 627M->80M(1542M) 51.160ms
[3.874s][info ][gc,cpu         ] GC(2) User=0.15s Sys=0.02s Real=0.04s
[3.874s][debug][gc,phases      ] GC(3) Pre Compact 0.013ms
[3.874s][info ][gc,start       ] GC(3) Pause Full (Metadata GC Threshold)
[3.874s][info ][gc,phases,start] GC(3) Marking Phase
[3.902s][debug][gc,phases      ] GC(3) Par Mark 27.512ms
[3.902s][debug][gc,ref         ] GC(3) Skipped phase 1 of Reference Processing: no references
[3.902s][debug][gc,ref         ] GC(3) ReferenceProcessor::execute queues: 3, RefProcThreadModel::Multi, marks_oops_alive: false
[3.902s][debug][gc,ref         ] GC(3) Skipped phase 3 of Reference Processing: no references
[3.902s][debug][gc,ref         ] GC(3) ReferenceProcessor::execute queues: 1, RefProcThreadModel::Single, marks_oops_alive: false
[3.902s][debug][gc,phases      ] GC(3) Reference Processing 0.195ms
[3.902s][debug][gc,phases      ] GC(3)   VM Weak                        Min:  0.0, Avg:  0.0, Max:  0.0, Diff:  0.0, Sum:  0.0, Workers: 4
[3.902s][debug][gc,phases      ] GC(3)     Dead                           Min: 0, Avg:  0.0, Max: 0, Diff: 0, Sum: 0, Workers: 4
[3.902s][debug][gc,phases      ] GC(3)     Total                          Min: 0, Avg: 78.5, Max: 128, Diff: 128, Sum: 314, Workers: 4
[3.902s][debug][gc,phases      ] GC(3)   ObjectSynchronizer Weak        Min:  0.0, Avg:  0.0, Max:  0.0, Diff:  0.0, Sum:  0.0, Workers: 4
[3.902s][debug][gc,phases      ] GC(3)     Dead                           Min: 0, Avg:  0.0, Max: 0, Diff: 0, Sum: 0, Workers: 4
[3.902s][debug][gc,phases      ] GC(3)     Total                          Min: 0, Avg:  3.8, Max: 15, Diff: 15, Sum: 15, Workers: 4
[3.902s][debug][gc,phases      ] GC(3)   JVMTI Tag Weak OopStorage      Min:  0.0, Avg:  0.0, Max:  0.0, Diff:  0.0, Sum:  0.0, Workers: 4
[3.902s][debug][gc,phases      ] GC(3)     Dead                           Min: 0, Avg:  0.0, Max: 0, Diff: 0, Sum: 0, Workers: 4
[3.902s][debug][gc,phases      ] GC(3)     Total                          Min: 0, Avg:  0.0, Max: 0, Diff: 0, Sum: 0, Workers: 4
[3.902s][debug][gc,phases      ] GC(3)   StringTable Weak               Min:  0.0, Avg:  0.1, Max:  0.1, Diff:  0.1, Sum:  0.2, Workers: 4
[3.902s][debug][gc,phases      ] GC(3)     Dead                           Min: 0, Avg:  0.0, Max: 0, Diff: 0, Sum: 0, Workers: 4
[3.902s][debug][gc,phases      ] GC(3)     Total                          Min: 0, Avg: 4368.0, Max: 6336, Diff: 6336, Sum: 17472, Workers: 4
[3.902s][debug][gc,phases      ] GC(3)   ResolvedMethodTable Weak       Min:  0.0, Avg:  0.0, Max:  0.0, Diff:  0.0, Sum:  0.0, Workers: 4
[3.902s][debug][gc,phases      ] GC(3)     Dead                           Min: 0, Avg:  0.0, Max: 0, Diff: 0, Sum: 0, Workers: 4
[3.902s][debug][gc,phases      ] GC(3)     Total                          Min: 0, Avg: 589.0, Max: 821, Diff: 821, Sum: 2356, Workers: 4
[3.902s][debug][gc,phases      ] GC(3)   JNI Weak                       Min:  0.0, Avg:  0.0, Max:  0.0, Diff:  0.0, Sum:  0.0, Workers: 4
[3.902s][debug][gc,phases      ] GC(3)     Dead                           Min: 0, Avg:  0.0, Max: 0, Diff: 0, Sum: 0, Workers: 4
[3.902s][debug][gc,phases      ] GC(3)     Total                          Min: 0, Avg: 12.0, Max: 48, Diff: 48, Sum: 48, Workers: 4
[3.902s][debug][gc,phases      ] GC(3)   StringDedup Table Weak         Min:  0.0, Avg:  0.0, Max:  0.0, Diff:  0.0, Sum:  0.0, Workers: 4
[3.902s][debug][gc,phases      ] GC(3)     Dead                           Min: 0, Avg:  0.0, Max: 0, Diff: 0, Sum: 0, Workers: 4
[3.902s][debug][gc,phases      ] GC(3)     Total                          Min: 0, Avg:  0.0, Max: 0, Diff: 0, Sum: 0, Workers: 4
[3.902s][debug][gc,phases      ] GC(3)   StringDedup Requests0 Weak     Min:  0.0, Avg:  0.0, Max:  0.0, Diff:  0.0, Sum:  0.0, Workers: 4
[3.902s][debug][gc,phases      ] GC(3)     Dead                           Min: 0, Avg:  0.0, Max: 0, Diff: 0, Sum: 0, Workers: 4
[3.902s][debug][gc,phases      ] GC(3)     Total                          Min: 0, Avg:  0.0, Max: 0, Diff: 0, Sum: 0, Workers: 4
[3.902s][debug][gc,phases      ] GC(3)   StringDedup Requests1 Weak     Min:  0.0, Avg:  0.0, Max:  0.0, Diff:  0.0, Sum:  0.0, Workers: 4
[3.902s][debug][gc,phases      ] GC(3)     Dead                           Min: 0, Avg:  0.0, Max: 0, Diff: 0, Sum: 0, Workers: 4
[3.902s][debug][gc,phases      ] GC(3)     Total                          Min: 0, Avg:  0.0, Max: 0, Diff: 0, Sum: 0, Workers: 4
[3.902s][debug][gc,phases      ] GC(3)   Weak JFR Old Object Samples    Min:  0.0, Avg:  0.0, Max:  0.0, Diff:  0.0, Sum:  0.0, Workers: 4
[3.902s][debug][gc,phases      ] GC(3)     Dead                           Min: 0, Avg:  0.0, Max: 0, Diff: 0, Sum: 0, Workers: 4
[3.902s][debug][gc,phases      ] GC(3)     Total                          Min: 0, Avg:  0.0, Max: 0, Diff: 0, Sum: 0, Workers: 4
[3.902s][debug][gc,phases      ] GC(3) Weak Processing 0.239ms
[3.902s][debug][gc,phases      ] GC(3) ClassLoaderData 0.046ms
[3.903s][debug][gc,phases      ] GC(3) Trigger cleanups 0.000ms
[3.907s][debug][gc,phases      ] GC(3) Class Unloading 4.445ms
[3.907s][debug][gc,phases      ] GC(3) Report Object Count 0.001ms
[3.907s][info ][gc,phases      ] GC(3) Marking Phase 32.498ms
[3.907s][info ][gc,phases,start] GC(3) Summary Phase
[3.907s][info ][gc,phases      ] GC(3) Summary Phase 0.005ms
[3.907s][info ][gc,phases,start] GC(3) Adjust Roots
[3.913s][info ][gc,phases      ] GC(3) Adjust Roots 5.647ms
[3.913s][info ][gc,phases,start] GC(3) Compaction Phase
[4.271s][info ][gc,phases      ] GC(3) Compaction Phase 358.078ms
[4.271s][info ][gc,phases,start] GC(3) Post Compact
[4.272s][info ][gc,phases      ] GC(3) Post Compact 1.700ms
[4.272s][info ][gc,heap        ] GC(3) PSYoungGen: 76889K(1572864K)->76673K(1572864K) Eden: 0K(1048576K)->0K(1048576K) From: 76889K(524288K)->76673K(524288K)
[4.272s][info ][gc,heap        ] GC(3) ParOldGen: 5731K(6144K)->5690K(6144K)
[4.272s][info ][gc,metaspace   ] GC(3) Metaspace: 35347K(35840K)->35347K(35840K) NonClass: 30921K(31168K)->30921K(31168K) Class: 4426K(4672K)->4426K(4672K)
[4.272s][info ][gc             ] GC(3) Pause Full (Metadata GC Threshold) 80M->80M(1542M) 398.031ms
[4.272s][info ][gc,cpu         ] GC(3) User=0.82s Sys=0.01s Real=0.40s
[4.272s][info ][safepoint      ] Safepoint "CollectForMetadataAllocation", Time since last: 120596999 ns, Reaching safepoint: 3000 ns, Cleanup: 47800 ns, At safepoint: 449319989 ns, Total: 449370789 ns
[4.396s][info ][safepoint      ] Safepoint "ICBufferFull", Time since last: 123795181 ns, Reaching safepoint: 3900 ns, Cleanup: 141899 ns, At safepoint: 1700 ns, Total: 147499 ns
[4.585s][info ][safepoint      ] Safepoint "ICBufferFull", Time since last: 188825503 ns, Reaching safepoint: 3600 ns, Cleanup: 170399 ns, At safepoint: 6400 ns, Total: 180399 ns
[4.816s][info ][safepoint      ] Safepoint "ICBufferFull", Time since last: 230615160 ns, Reaching safepoint: 3500 ns, Cleanup: 151099 ns, At safepoint: 8200 ns, Total: 162799 ns
[5.189s][info ][safepoint      ] Safepoint "ICBufferFull", Time since last: 372828534 ns, Reaching safepoint: 2300 ns, Cleanup: 153699 ns, At safepoint: 3500 ns, Total: 159499 ns
[5.721s][info ][safepoint      ] Safepoint "ICBufferFull", Time since last: 532158008 ns, Reaching safepoint: 2600 ns, Cleanup: 124999 ns, At safepoint: 1200 ns, Total: 128799 ns
[5.884s][info ][safepoint      ] Safepoint "ICBufferFull", Time since last: 162443156 ns, Reaching safepoint: 3700 ns, Cleanup: 132999 ns, At safepoint: 7100 ns, Total: 143799 ns
[5.884s][info ][safepoint      ] Safepoint "ICBufferFull", Time since last: 65200 ns, Reaching safepoint: 71100 ns, Cleanup: 2900 ns, At safepoint: 7300 ns, Total: 81300 ns
[5.991s][info ][gc,start       ] GC(4) Pause Young (Metadata GC Threshold)
[6.055s][debug][gc,phases      ] GC(4) Scavenge 64.231ms
[6.055s][debug][gc,ref         ] GC(4) Skipped phase 1 of Reference Processing: no references
[6.055s][debug][gc,ref         ] GC(4) ReferenceProcessor::execute queues: 4, RefProcThreadModel::Multi, marks_oops_alive: false
[6.056s][debug][gc,ref         ] GC(4) Skipped phase 3 of Reference Processing: no references
[6.056s][debug][gc,ref         ] GC(4) ReferenceProcessor::execute queues: 4, RefProcThreadModel::Multi, marks_oops_alive: false
[6.056s][debug][gc,phases      ] GC(4) Reference Processing 0.967ms
[6.057s][debug][gc,phases      ] GC(4)   VM Weak                        Min:  0.0, Avg:  0.0, Max:  0.0, Diff:  0.0, Sum:  0.0, Workers: 4
[6.057s][debug][gc,phases      ] GC(4)     Dead                           Min: 0, Avg:  0.0, Max: 0, Diff: 0, Sum: 0, Workers: 4
[6.057s][debug][gc,phases      ] GC(4)     Total                          Min: 0, Avg: 132.5, Max: 320, Diff: 320, Sum: 530, Workers: 4
[6.057s][debug][gc,phases      ] GC(4)   ObjectSynchronizer Weak        Min:  0.0, Avg:  0.0, Max:  0.0, Diff:  0.0, Sum:  0.0, Workers: 4
[6.057s][debug][gc,phases      ] GC(4)     Dead                           Min: 0, Avg:  0.0, Max: 0, Diff: 0, Sum: 0, Workers: 4
[6.057s][debug][gc,phases      ] GC(4)     Total                          Min: 0, Avg:  3.8, Max: 15, Diff: 15, Sum: 15, Workers: 4
[6.057s][debug][gc,phases      ] GC(4)   JVMTI Tag Weak OopStorage      Min:  0.0, Avg:  0.0, Max:  0.0, Diff:  0.0, Sum:  0.0, Workers: 4
[6.057s][debug][gc,phases      ] GC(4)     Dead                           Min: 0, Avg:  0.0, Max: 0, Diff: 0, Sum: 0, Workers: 4
[6.057s][debug][gc,phases      ] GC(4)     Total                          Min: 0, Avg:  0.0, Max: 0, Diff: 0, Sum: 0, Workers: 4
[6.057s][debug][gc,phases      ] GC(4)   StringTable Weak               Min:  0.0, Avg:  0.2, Max:  0.4, Diff:  0.4, Sum:  0.8, Workers: 4
[6.057s][debug][gc,phases      ] GC(4)     Dead                           Min: 0, Avg:  4.0, Max: 10, Diff: 10, Sum: 16, Workers: 4
[6.057s][debug][gc,phases      ] GC(4)     Total                          Min: 0, Avg: 9045.5, Max: 21206, Diff: 21206, Sum: 36182, Workers: 4
[6.057s][debug][gc,phases      ] GC(4)   ResolvedMethodTable Weak       Min:  0.0, Avg:  0.0, Max:  0.1, Diff:  0.1, Sum:  0.2, Workers: 4
[6.057s][debug][gc,phases      ] GC(4)     Dead                           Min: 0, Avg: 45.2, Max: 98, Diff: 98, Sum: 181, Workers: 4
[6.057s][debug][gc,phases      ] GC(4)     Total                          Min: 0, Avg: 1580.2, Max: 3953, Diff: 3953, Sum: 6321, Workers: 4
[6.057s][debug][gc,phases      ] GC(4)   JNI Weak                       Min:  0.0, Avg:  0.0, Max:  0.0, Diff:  0.0, Sum:  0.0, Workers: 4
[6.057s][debug][gc,phases      ] GC(4)     Dead                           Min: 0, Avg:  0.0, Max: 0, Diff: 0, Sum: 0, Workers: 4
[6.057s][debug][gc,phases      ] GC(4)     Total                          Min: 0, Avg: 15.8, Max: 63, Diff: 63, Sum: 63, Workers: 4
[6.057s][debug][gc,phases      ] GC(4)   StringDedup Table Weak         Min:  0.0, Avg:  0.0, Max:  0.0, Diff:  0.0, Sum:  0.0, Workers: 4
[6.057s][debug][gc,phases      ] GC(4)     Dead                           Min: 0, Avg:  0.0, Max: 0, Diff: 0, Sum: 0, Workers: 4
[6.057s][debug][gc,phases      ] GC(4)     Total                          Min: 0, Avg:  0.0, Max: 0, Diff: 0, Sum: 0, Workers: 4
[6.057s][debug][gc,phases      ] GC(4)   StringDedup Requests0 Weak     Min:  0.0, Avg:  0.0, Max:  0.0, Diff:  0.0, Sum:  0.0, Workers: 4
[6.057s][debug][gc,phases      ] GC(4)     Dead                           Min: 0, Avg:  0.0, Max: 0, Diff: 0, Sum: 0, Workers: 4
[6.057s][debug][gc,phases      ] GC(4)     Total                          Min: 0, Avg:  0.0, Max: 0, Diff: 0, Sum: 0, Workers: 4
[6.057s][debug][gc,phases      ] GC(4)   StringDedup Requests1 Weak     Min:  0.0, Avg:  0.0, Max:  0.0, Diff:  0.0, Sum:  0.0, Workers: 4
[6.057s][debug][gc,phases      ] GC(4)     Dead                           Min: 0, Avg:  0.0, Max: 0, Diff: 0, Sum: 0, Workers: 4
[6.057s][debug][gc,phases      ] GC(4)     Total                          Min: 0, Avg:  0.0, Max: 0, Diff: 0, Sum: 0, Workers: 4
[6.057s][debug][gc,phases      ] GC(4)   Weak JFR Old Object Samples    Min:  0.0, Avg:  0.0, Max:  0.0, Diff:  0.0, Sum:  0.0, Workers: 4
[6.057s][debug][gc,phases      ] GC(4)     Dead                           Min: 0, Avg:  0.0, Max: 0, Diff: 0, Sum: 0, Workers: 4
[6.057s][debug][gc,phases      ] GC(4)     Total                          Min: 0, Avg:  0.0, Max: 0, Diff: 0, Sum: 0, Workers: 4
[6.057s][debug][gc,phases      ] GC(4) Weak Processing 0.709ms
[6.057s][debug][gc,age         ] GC(4) Desired survivor size 536870912 bytes, new threshold 7 (max threshold 15)
[6.057s][info ][gc,heap        ] GC(4) PSYoungGen: 403614K(1572864K)->114267K(1572864K) Eden: 326941K(1048576K)->0K(1048576K) From: 76673K(524288K)->114267K(524288K)
[6.057s][info ][gc,heap        ] GC(4) ParOldGen: 5690K(6144K)->5698K(6144K)
[6.057s][info ][gc,metaspace   ] GC(4) Metaspace: 59141K(59776K)->59141K(59776K) NonClass: 50223K(50560K)->50223K(50560K) Class: 8917K(9216K)->8917K(9216K)
[6.057s][info ][gc             ] GC(4) Pause Young (Metadata GC Threshold) 399M->117M(1542M) 66.041ms
[6.057s][info ][gc,cpu         ] GC(4) User=0.16s Sys=0.04s Real=0.07s
[6.057s][debug][gc,phases      ] GC(5) Pre Compact 0.013ms
[6.057s][info ][gc,start       ] GC(5) Pause Full (Metadata GC Threshold)
[6.057s][info ][gc,phases,start] GC(5) Marking Phase
[6.105s][debug][gc,phases      ] GC(5) Par Mark 48.525ms
[6.105s][debug][gc,ref         ] GC(5) Skipped phase 1 of Reference Processing: no references
[6.106s][debug][gc,ref         ] GC(5) ReferenceProcessor::execute queues: 4, RefProcThreadModel::Multi, marks_oops_alive: false
[6.106s][debug][gc,ref         ] GC(5) Skipped phase 3 of Reference Processing: no references
[6.106s][debug][gc,ref         ] GC(5) ReferenceProcessor::execute queues: 1, RefProcThreadModel::Single, marks_oops_alive: false
[6.106s][debug][gc,phases      ] GC(5) Reference Processing 0.243ms
[6.106s][debug][gc,phases      ] GC(5)   VM Weak                        Min:  0.0, Avg:  0.0, Max:  0.0, Diff:  0.0, Sum:  0.0, Workers: 4
[6.106s][debug][gc,phases      ] GC(5)     Dead                           Min: 0, Avg:  0.0, Max: 0, Diff: 0, Sum: 0, Workers: 4
[6.106s][debug][gc,phases      ] GC(5)     Total                          Min: 0, Avg: 132.5, Max: 320, Diff: 320, Sum: 530, Workers: 4
[6.106s][debug][gc,phases      ] GC(5)   ObjectSynchronizer Weak        Min:  0.0, Avg:  0.0, Max:  0.0, Diff:  0.0, Sum:  0.0, Workers: 4
[6.106s][debug][gc,phases      ] GC(5)     Dead                           Min: 0, Avg:  0.0, Max: 0, Diff: 0, Sum: 0, Workers: 4
[6.106s][debug][gc,phases      ] GC(5)     Total                          Min: 0, Avg:  3.8, Max: 15, Diff: 15, Sum: 15, Workers: 4
[6.106s][debug][gc,phases      ] GC(5)   JVMTI Tag Weak OopStorage      Min:  0.0, Avg:  0.0, Max:  0.0, Diff:  0.0, Sum:  0.0, Workers: 4
[6.106s][debug][gc,phases      ] GC(5)     Dead                           Min: 0, Avg:  0.0, Max: 0, Diff: 0, Sum: 0, Workers: 4
[6.106s][debug][gc,phases      ] GC(5)     Total                          Min: 0, Avg:  0.0, Max: 0, Diff: 0, Sum: 0, Workers: 4
[6.106s][debug][gc,phases      ] GC(5)   StringTable Weak               Min:  0.1, Avg:  0.1, Max:  0.1, Diff:  0.0, Sum:  0.5, Workers: 4
[6.106s][debug][gc,phases      ] GC(5)     Dead                           Min: 0, Avg:  0.0, Max: 0, Diff: 0, Sum: 0, Workers: 4
[6.106s][debug][gc,phases      ] GC(5)     Total                          Min: 7894, Avg: 9045.5, Max: 9728, Diff: 1834, Sum: 36182, Workers: 4
[6.106s][debug][gc,phases      ] GC(5)   ResolvedMethodTable Weak       Min:  0.0, Avg:  0.0, Max:  0.0, Diff:  0.0, Sum:  0.1, Workers: 4
[6.106s][debug][gc,phases      ] GC(5)     Dead                           Min: 0, Avg:  0.0, Max: 0, Diff: 0, Sum: 0, Workers: 4
[6.106s][debug][gc,phases      ] GC(5)     Total                          Min: 1457, Avg: 1580.2, Max: 1728, Diff: 271, Sum: 6321, Workers: 4
[6.106s][debug][gc,phases      ] GC(5)   JNI Weak                       Min:  0.0, Avg:  0.0, Max:  0.0, Diff:  0.0, Sum:  0.0, Workers: 4
[6.106s][debug][gc,phases      ] GC(5)     Dead                           Min: 0, Avg:  0.0, Max: 0, Diff: 0, Sum: 0, Workers: 4
[6.106s][debug][gc,phases      ] GC(5)     Total                          Min: 0, Avg: 15.8, Max: 48, Diff: 48, Sum: 63, Workers: 4
[6.106s][debug][gc,phases      ] GC(5)   StringDedup Table Weak         Min:  0.0, Avg:  0.0, Max:  0.0, Diff:  0.0, Sum:  0.0, Workers: 4
[6.106s][debug][gc,phases      ] GC(5)     Dead                           Min: 0, Avg:  0.0, Max: 0, Diff: 0, Sum: 0, Workers: 4
[6.106s][debug][gc,phases      ] GC(5)     Total                          Min: 0, Avg:  0.0, Max: 0, Diff: 0, Sum: 0, Workers: 4
[6.106s][debug][gc,phases      ] GC(5)   StringDedup Requests0 Weak     Min:  0.0, Avg:  0.0, Max:  0.0, Diff:  0.0, Sum:  0.0, Workers: 4
[6.106s][debug][gc,phases      ] GC(5)     Dead                           Min: 0, Avg:  0.0, Max: 0, Diff: 0, Sum: 0, Workers: 4
[6.106s][debug][gc,phases      ] GC(5)     Total                          Min: 0, Avg:  0.0, Max: 0, Diff: 0, Sum: 0, Workers: 4
[6.106s][debug][gc,phases      ] GC(5)   StringDedup Requests1 Weak     Min:  0.0, Avg:  0.0, Max:  0.0, Diff:  0.0, Sum:  0.0, Workers: 4
[6.106s][debug][gc,phases      ] GC(5)     Dead                           Min: 0, Avg:  0.0, Max: 0, Diff: 0, Sum: 0, Workers: 4
[6.106s][debug][gc,phases      ] GC(5)     Total                          Min: 0, Avg:  0.0, Max: 0, Diff: 0, Sum: 0, Workers: 4
[6.106s][debug][gc,phases      ] GC(5)   Weak JFR Old Object Samples    Min:  0.0, Avg:  0.0, Max:  0.0, Diff:  0.0, Sum:  0.0, Workers: 4
[6.106s][debug][gc,phases      ] GC(5)     Dead                           Min: 0, Avg:  0.0, Max: 0, Diff: 0, Sum: 0, Workers: 4
[6.106s][debug][gc,phases      ] GC(5)     Total                          Min: 0, Avg:  0.0, Max: 0, Diff: 0, Sum: 0, Workers: 4
[6.106s][debug][gc,phases      ] GC(5) Weak Processing 0.288ms
[6.106s][debug][gc,phases      ] GC(5) ClassLoaderData 0.059ms
[6.106s][debug][gc,phases      ] GC(5) Trigger cleanups 0.000ms
[6.111s][debug][gc,phases      ] GC(5) Class Unloading 4.573ms
[6.111s][debug][gc,phases      ] GC(5) Report Object Count 0.001ms
[6.111s][info ][gc,phases      ] GC(5) Marking Phase 53.752ms
[6.111s][info ][gc,phases,start] GC(5) Summary Phase
[6.111s][info ][gc,phases      ] GC(5) Summary Phase 0.006ms
[6.111s][info ][gc,phases,start] GC(5) Adjust Roots
[6.120s][info ][gc,phases      ] GC(5) Adjust Roots 9.614ms
[6.120s][info ][gc,phases,start] GC(5) Compaction Phase
[6.610s][info ][gc,phases      ] GC(5) Compaction Phase 490.115ms
[6.610s][info ][gc,phases,start] GC(5) Post Compact
[6.613s][info ][gc,phases      ] GC(5) Post Compact 2.154ms
[6.613s][info ][gc,heap        ] GC(5) PSYoungGen: 114267K(1572864K)->113977K(1572864K) Eden: 0K(1048576K)->0K(1048576K) From: 114267K(524288K)->113977K(524288K)
[6.613s][info ][gc,heap        ] GC(5) ParOldGen: 5698K(6144K)->5696K(6144K)
[6.613s][info ][gc,metaspace   ] GC(5) Metaspace: 59141K(59776K)->59141K(59776K) NonClass: 50223K(50560K)->50223K(50560K) Class: 8917K(9216K)->8917K(9216K)
[6.613s][info ][gc             ] GC(5) Pause Full (Metadata GC Threshold) 117M->116M(1542M) 555.753ms
[6.613s][info ][gc,cpu         ] GC(5) User=1.14s Sys=0.01s Real=0.55s
[6.617s][info ][safepoint      ] Safepoint "CollectForMetadataAllocation", Time since last: 106294282 ns, Reaching safepoint: 73899 ns, Cleanup: 99200 ns, At safepoint: 626290061 ns, Total: 626463160 ns
[6.758s][info ][safepoint      ] Safepoint "ICBufferFull", Time since last: 140809882 ns, Reaching safepoint: 2400 ns, Cleanup: 126699 ns, At safepoint: 1300 ns, Total: 130399 ns
[6.853s][info ][safepoint      ] Safepoint "ICBufferFull", Time since last: 94582261 ns, Reaching safepoint: 2900 ns, Cleanup: 112700 ns, At safepoint: 5200 ns, Total: 120800 ns
[7.068s][info ][safepoint      ] Safepoint "ICBufferFull", Time since last: 215632410 ns, Reaching safepoint: 4000 ns, Cleanup: 135399 ns, At safepoint: 7200 ns, Total: 146599 ns
[7.271s][info ][safepoint      ] Safepoint "ICBufferFull", Time since last: 202714282 ns, Reaching safepoint: 3800 ns, Cleanup: 98800 ns, At safepoint: 1900 ns, Total: 104500 ns
[7.577s][info ][safepoint      ] Safepoint "ICBufferFull", Time since last: 305231916 ns, Reaching safepoint: 76200 ns, Cleanup: 135999 ns, At safepoint: 7200 ns, Total: 219399 ns
[7.650s][info ][safepoint      ] Safepoint "ICBufferFull", Time since last: 72881598 ns, Reaching safepoint: 75500 ns, Cleanup: 140599 ns, At safepoint: 12000 ns, Total: 228099 ns
[7.786s][info ][safepoint      ] Safepoint "ICBufferFull", Time since last: 136430247 ns, Reaching safepoint: 76800 ns, Cleanup: 150699 ns, At safepoint: 3100 ns, Total: 230599 ns
[8.466s][info ][safepoint      ] Safepoint "ICBufferFull", Time since last: 679873950 ns, Reaching safepoint: 3200 ns, Cleanup: 164799 ns, At safepoint: 2100 ns, Total: 170099 ns
[8.674s][info ][safepoint      ] Safepoint "ICBufferFull", Time since last: 207788254 ns, Reaching safepoint: 78800 ns, Cleanup: 128199 ns, At safepoint: 10500 ns, Total: 217499 ns
[9.713s][info ][safepoint      ] Safepoint "Cleanup", Time since last: 1038068775 ns, Reaching safepoint: 80899 ns, Cleanup: 125400 ns, At safepoint: 9600 ns, Total: 215899 ns
[10.713s][info ][safepoint      ] Safepoint "Cleanup", Time since last: 1000107184 ns, Reaching safepoint: 78899 ns, Cleanup: 7500 ns, At safepoint: 11300 ns, Total: 97699 ns
[11.543s][info ][safepoint      ] Safepoint "ICBufferFull", Time since last: 830133022 ns, Reaching safepoint: 77599 ns, Cleanup: 145299 ns, At safepoint: 11700 ns, Total: 234598 ns
[11.718s][info ][gc,start       ] GC(6) Pause Young (Allocation Failure)
[11.884s][debug][gc,phases      ] GC(6) Scavenge 165.957ms
[11.884s][debug][gc,ref         ] GC(6) Skipped phase 1 of Reference Processing: no references
[11.885s][debug][gc,ref         ] GC(6) ReferenceProcessor::execute queues: 4, RefProcThreadModel::Multi, marks_oops_alive: false
[11.885s][debug][gc,ref         ] GC(6) Skipped phase 3 of Reference Processing: no references
[11.885s][debug][gc,ref         ] GC(6) ReferenceProcessor::execute queues: 2, RefProcThreadModel::Multi, marks_oops_alive: false
[11.885s][debug][gc,phases      ] GC(6) Reference Processing 0.869ms
[11.885s][debug][gc,phases      ] GC(6)   VM Weak                        Min:  0.0, Avg:  0.0, Max:  0.0, Diff:  0.0, Sum:  0.0, Workers: 4
[11.885s][debug][gc,phases      ] GC(6)     Dead                           Min: 0, Avg:  0.0, Max: 0, Diff: 0, Sum: 0, Workers: 4
[11.885s][debug][gc,phases      ] GC(6)     Total                          Min: 0, Avg: 160.2, Max: 448, Diff: 448, Sum: 641, Workers: 4
[11.885s][debug][gc,phases      ] GC(6)   ObjectSynchronizer Weak        Min:  0.0, Avg:  0.0, Max:  0.0, Diff:  0.0, Sum:  0.0, Workers: 4
[11.885s][debug][gc,phases      ] GC(6)     Dead                           Min: 0, Avg:  1.5, Max: 6, Diff: 6, Sum: 6, Workers: 4
[11.885s][debug][gc,phases      ] GC(6)     Total                          Min: 0, Avg:  9.5, Max: 38, Diff: 38, Sum: 38, Workers: 4
[11.885s][debug][gc,phases      ] GC(6)   JVMTI Tag Weak OopStorage      Min:  0.0, Avg:  0.0, Max:  0.0, Diff:  0.0, Sum:  0.0, Workers: 4
[11.886s][debug][gc,phases      ] GC(6)     Dead                           Min: 0, Avg:  0.0, Max: 0, Diff: 0, Sum: 0, Workers: 4
[11.886s][debug][gc,phases      ] GC(6)     Total                          Min: 0, Avg:  0.0, Max: 0, Diff: 0, Sum: 0, Workers: 4
[11.886s][debug][gc,phases      ] GC(6)   StringTable Weak               Min:  0.3, Avg:  0.3, Max:  0.3, Diff:  0.0, Sum:  1.1, Workers: 4
[11.886s][debug][gc,phases      ] GC(6)     Dead                           Min: 0, Avg:  4.2, Max: 11, Diff: 11, Sum: 17, Workers: 4
[11.886s][debug][gc,phases      ] GC(6)     Total                          Min: 9126, Avg: 9993.5, Max: 10560, Diff: 1434, Sum: 39974, Workers: 4
[11.886s][debug][gc,phases      ] GC(6)   ResolvedMethodTable Weak       Min:  0.1, Avg:  0.1, Max:  0.1, Diff:  0.0, Sum:  0.3, Workers: 4
[11.886s][debug][gc,phases      ] GC(6)     Dead                           Min: 20, Avg: 57.0, Max: 132, Diff: 112, Sum: 228, Workers: 4
[11.886s][debug][gc,phases      ] GC(6)     Total                          Min: 1728, Avg: 2129.2, Max: 2432, Diff: 704, Sum: 8517, Workers: 4
[11.886s][debug][gc,phases      ] GC(6)   JNI Weak                       Min:  0.0, Avg:  0.0, Max:  0.0, Diff:  0.0, Sum:  0.0, Workers: 4
[11.886s][debug][gc,phases      ] GC(6)     Dead                           Min: 0, Avg:  0.0, Max: 0, Diff: 0, Sum: 0, Workers: 4
[11.886s][debug][gc,phases      ] GC(6)     Total                          Min: 0, Avg: 16.2, Max: 53, Diff: 53, Sum: 65, Workers: 4
[11.886s][debug][gc,phases      ] GC(6)   StringDedup Table Weak         Min:  0.0, Avg:  0.0, Max:  0.0, Diff:  0.0, Sum:  0.0, Workers: 4
[11.886s][debug][gc,phases      ] GC(6)     Dead                           Min: 0, Avg:  0.0, Max: 0, Diff: 0, Sum: 0, Workers: 4
[11.886s][debug][gc,phases      ] GC(6)     Total                          Min: 0, Avg:  0.0, Max: 0, Diff: 0, Sum: 0, Workers: 4
[11.886s][debug][gc,phases      ] GC(6)   StringDedup Requests0 Weak     Min:  0.0, Avg:  0.0, Max:  0.0, Diff:  0.0, Sum:  0.0, Workers: 4
[11.886s][debug][gc,phases      ] GC(6)     Dead                           Min: 0, Avg:  0.0, Max: 0, Diff: 0, Sum: 0, Workers: 4
[11.886s][debug][gc,phases      ] GC(6)     Total                          Min: 0, Avg:  0.0, Max: 0, Diff: 0, Sum: 0, Workers: 4
[11.886s][debug][gc,phases      ] GC(6)   StringDedup Requests1 Weak     Min:  0.0, Avg:  0.0, Max:  0.0, Diff:  0.0, Sum:  0.0, Workers: 4
[11.886s][debug][gc,phases      ] GC(6)     Dead                           Min: 0, Avg:  0.0, Max: 0, Diff: 0, Sum: 0, Workers: 4
[11.886s][debug][gc,phases      ] GC(6)     Total                          Min: 0, Avg:  0.0, Max: 0, Diff: 0, Sum: 0, Workers: 4
[11.886s][debug][gc,phases      ] GC(6)   Weak JFR Old Object Samples    Min:  0.0, Avg:  0.0, Max:  0.0, Diff:  0.0, Sum:  0.0, Workers: 4
[11.886s][debug][gc,phases      ] GC(6)     Dead                           Min: 0, Avg:  0.0, Max: 0, Diff: 0, Sum: 0, Workers: 4
[11.886s][debug][gc,phases      ] GC(6)     Total                          Min: 0, Avg:  0.0, Max: 0, Diff: 0, Sum: 0, Workers: 4
[11.886s][debug][gc,phases      ] GC(6) Weak Processing 0.517ms
[11.886s][debug][gc,age         ] GC(6) Desired survivor size 536870912 bytes, new threshold 7 (max threshold 15)
[11.886s][info ][gc,heap        ] GC(6) PSYoungGen: 1162553K(1572864K)->275068K(1572864K) Eden: 1048576K(1048576K)->0K(1048576K) From: 113977K(524288K)->275068K(524288K)
[11.886s][info ][gc,heap        ] GC(6) ParOldGen: 5696K(6144K)->5733K(6144K)
[11.886s][info ][gc,metaspace   ] GC(6) Metaspace: 72421K(73216K)->72421K(73216K) NonClass: 61476K(61888K)->61476K(61888K) Class: 10945K(11328K)->10945K(11328K)
[11.886s][info ][gc             ] GC(6) Pause Young (Allocation Failure) 1140M->274M(1542M) 167.457ms
[11.886s][info ][gc,cpu         ] GC(6) User=0.44s Sys=0.10s Real=0.17s
[11.886s][info ][safepoint      ] Safepoint "ParallelGCFailedAllocation", Time since last: 174675737 ns, Reaching safepoint: 77900 ns, Cleanup: 44199 ns, At safepoint: 167525476 ns, Total: 167647575 ns
[12.298s][info ][safepoint      ] Safepoint "ICBufferFull", Time since last: 412121327 ns, Reaching safepoint: 72900 ns, Cleanup: 133099 ns, At safepoint: 5300 ns, Total: 211299 ns
[12.627s][info ][safepoint      ] Safepoint "ICBufferFull", Time since last: 329103185 ns, Reaching safepoint: 4100 ns, Cleanup: 136399 ns, At safepoint: 4500 ns, Total: 144999 ns
[12.953s][info ][safepoint      ] Safepoint "ICBufferFull", Time since last: 325085807 ns, Reaching safepoint: 83700 ns, Cleanup: 126499 ns, At safepoint: 6900 ns, Total: 217099 ns
[13.523s][info ][gc,start       ] GC(7) Pause Young (Allocation Failure)
[13.845s][debug][gc,phases      ] GC(7) Scavenge 322.230ms
[13.845s][debug][gc,ref         ] GC(7) Skipped phase 1 of Reference Processing: no references
[13.846s][debug][gc,ref         ] GC(7) ReferenceProcessor::execute queues: 4, RefProcThreadModel::Multi, marks_oops_alive: false
[13.846s][debug][gc,ref         ] GC(7) ReferenceProcessor::execute queues: 4, RefProcThreadModel::Multi, marks_oops_alive: true
[13.846s][debug][gc,ref         ] GC(7) ReferenceProcessor::execute queues: 1, RefProcThreadModel::Single, marks_oops_alive: false
[13.846s][debug][gc,phases      ] GC(7) Reference Processing 0.685ms
[13.846s][debug][gc,phases      ] GC(7)   VM Weak                        Min:  0.0, Avg:  0.0, Max:  0.0, Diff:  0.0, Sum:  0.0, Workers: 4
[13.846s][debug][gc,phases      ] GC(7)     Dead                           Min: 0, Avg:  0.0, Max: 0, Diff: 0, Sum: 0, Workers: 4
[13.846s][debug][gc,phases      ] GC(7)     Total                          Min: 64, Avg: 164.2, Max: 256, Diff: 192, Sum: 657, Workers: 4
[13.846s][debug][gc,phases      ] GC(7)   ObjectSynchronizer Weak        Min:  0.0, Avg:  0.0, Max:  0.0, Diff:  0.0, Sum:  0.0, Workers: 4
[13.846s][debug][gc,phases      ] GC(7)     Dead                           Min: 0, Avg:  0.0, Max: 0, Diff: 0, Sum: 0, Workers: 4
[13.846s][debug][gc,phases      ] GC(7)     Total                          Min: 0, Avg:  9.5, Max: 38, Diff: 38, Sum: 38, Workers: 4
[13.846s][debug][gc,phases      ] GC(7)   JVMTI Tag Weak OopStorage      Min:  0.0, Avg:  0.0, Max:  0.0, Diff:  0.0, Sum:  0.0, Workers: 4
[13.846s][debug][gc,phases      ] GC(7)     Dead                           Min: 0, Avg:  0.0, Max: 0, Diff: 0, Sum: 0, Workers: 4
[13.846s][debug][gc,phases      ] GC(7)     Total                          Min: 0, Avg:  0.0, Max: 0, Diff: 0, Sum: 0, Workers: 4
[13.846s][debug][gc,phases      ] GC(7)   StringTable Weak               Min:  0.3, Avg:  0.3, Max:  0.3, Diff:  0.0, Sum:  1.0, Workers: 4
[13.846s][debug][gc,phases      ] GC(7)     Dead                           Min: 0, Avg:  1.5, Max: 4, Diff: 4, Sum: 6, Workers: 4
[13.846s][debug][gc,phases      ] GC(7)     Total                          Min: 9600, Avg: 10105.2, Max: 10368, Diff: 768, Sum: 40421, Workers: 4
[13.846s][debug][gc,phases      ] GC(7)   ResolvedMethodTable Weak       Min:  0.1, Avg:  0.1, Max:  0.1, Diff:  0.0, Sum:  0.3, Workers: 4
[13.846s][debug][gc,phases      ] GC(7)     Dead                           Min: 0, Avg: 11.8, Max: 25, Diff: 25, Sum: 47, Workers: 4
[13.846s][debug][gc,phases      ] GC(7)     Total                          Min: 1984, Avg: 2131.8, Max: 2240, Diff: 256, Sum: 8527, Workers: 4
[13.846s][debug][gc,phases      ] GC(7)   JNI Weak                       Min:  0.0, Avg:  0.0, Max:  0.0, Diff:  0.0, Sum:  0.0, Workers: 4
[13.846s][debug][gc,phases      ] GC(7)     Dead                           Min: 0, Avg:  0.0, Max: 0, Diff: 0, Sum: 0, Workers: 4
[13.846s][debug][gc,phases      ] GC(7)     Total                          Min: 0, Avg: 13.2, Max: 53, Diff: 53, Sum: 53, Workers: 4
[13.846s][debug][gc,phases      ] GC(7)   StringDedup Table Weak         Min:  0.0, Avg:  0.0, Max:  0.0, Diff:  0.0, Sum:  0.0, Workers: 4
[13.846s][debug][gc,phases      ] GC(7)     Dead                           Min: 0, Avg:  0.0, Max: 0, Diff: 0, Sum: 0, Workers: 4
[13.846s][debug][gc,phases      ] GC(7)     Total                          Min: 0, Avg:  0.0, Max: 0, Diff: 0, Sum: 0, Workers: 4
[13.846s][debug][gc,phases      ] GC(7)   StringDedup Requests0 Weak     Min:  0.0, Avg:  0.0, Max:  0.0, Diff:  0.0, Sum:  0.0, Workers: 4
[13.846s][debug][gc,phases      ] GC(7)     Dead                           Min: 0, Avg:  0.0, Max: 0, Diff: 0, Sum: 0, Workers: 4
[13.846s][debug][gc,phases      ] GC(7)     Total                          Min: 0, Avg:  0.0, Max: 0, Diff: 0, Sum: 0, Workers: 4
[13.846s][debug][gc,phases      ] GC(7)   StringDedup Requests1 Weak     Min:  0.0, Avg:  0.0, Max:  0.0, Diff:  0.0, Sum:  0.0, Workers: 4
[13.846s][debug][gc,phases      ] GC(7)     Dead                           Min: 0, Avg:  0.0, Max: 0, Diff: 0, Sum: 0, Workers: 4
[13.846s][debug][gc,phases      ] GC(7)     Total                          Min: 0, Avg:  0.0, Max: 0, Diff: 0, Sum: 0, Workers: 4
[13.846s][debug][gc,phases      ] GC(7)   Weak JFR Old Object Samples    Min:  0.0, Avg:  0.0, Max:  0.0, Diff:  0.0, Sum:  0.0, Workers: 4
[13.846s][debug][gc,phases      ] GC(7)     Dead                           Min: 0, Avg:  0.0, Max: 0, Diff: 0, Sum: 0, Workers: 4
[13.846s][debug][gc,phases      ] GC(7)     Total                          Min: 0, Avg:  0.0, Max: 0, Diff: 0, Sum: 0, Workers: 4
[13.846s][debug][gc,phases      ] GC(7) Weak Processing 0.485ms
[13.846s][debug][gc,age         ] GC(7) Desired survivor size 536870912 bytes, new threshold 6 (max threshold 15)
[13.847s][info ][gc,heap        ] GC(7) PSYoungGen: 1323644K(1572864K)->524270K(1572864K) Eden: 1048576K(1048576K)->0K(1048576K) From: 275068K(524288K)->524270K(524288K)
[13.847s][info ][gc,heap        ] GC(7) ParOldGen: 5733K(6144K)->82940K(82944K)
[13.847s][info ][gc,metaspace   ] GC(7) Metaspace: 74009K(74816K)->74009K(74816K) NonClass: 62901K(63360K)->62901K(63360K) Class: 11107K(11456K)->11107K(11456K)
[13.847s][info ][gc             ] GC(7) Pause Young (Allocation Failure) 1298M->592M(1617M) 323.517ms
[13.847s][info ][gc,cpu         ] GC(7) User=0.96s Sys=0.20s Real=0.33s
[13.847s][debug][gc,phases      ] GC(8) Pre Compact 0.008ms
[13.847s][info ][gc,start       ] GC(8) Pause Full (Ergonomics)
[13.847s][info ][gc,phases,start] GC(8) Marking Phase
[14.087s][debug][gc,phases      ] GC(8) Par Mark 240.042ms
[14.087s][debug][gc,ref         ] GC(8) Skipped phase 1 of Reference Processing: no references
[14.087s][debug][gc,ref         ] GC(8) ReferenceProcessor::execute queues: 1, RefProcThreadModel::Single, marks_oops_alive: false
[14.087s][debug][gc,ref         ] GC(8) Skipped phase 3 of Reference Processing: no references
[14.087s][debug][gc,ref         ] GC(8) ReferenceProcessor::execute queues: 1, RefProcThreadModel::Single, marks_oops_alive: false
[14.087s][debug][gc,phases      ] GC(8) Reference Processing 0.123ms
[14.087s][debug][gc,phases      ] GC(8)   VM Weak                        Min:  0.0, Avg:  0.0, Max:  0.0, Diff:  0.0, Sum:  0.0, Workers: 4
[14.087s][debug][gc,phases      ] GC(8)     Dead                           Min: 0, Avg:  0.0, Max: 0, Diff: 0, Sum: 0, Workers: 4
[14.087s][debug][gc,phases      ] GC(8)     Total                          Min: 0, Avg: 164.2, Max: 448, Diff: 448, Sum: 657, Workers: 4
[14.087s][debug][gc,phases      ] GC(8)   ObjectSynchronizer Weak        Min:  0.0, Avg:  0.0, Max:  0.0, Diff:  0.0, Sum:  0.0, Workers: 4
[14.087s][debug][gc,phases      ] GC(8)     Dead                           Min: 0, Avg:  0.0, Max: 0, Diff: 0, Sum: 0, Workers: 4
[14.087s][debug][gc,phases      ] GC(8)     Total                          Min: 0, Avg:  9.5, Max: 38, Diff: 38, Sum: 38, Workers: 4
[14.087s][debug][gc,phases      ] GC(8)   JVMTI Tag Weak OopStorage      Min:  0.0, Avg:  0.0, Max:  0.0, Diff:  0.0, Sum:  0.0, Workers: 4
[14.087s][debug][gc,phases      ] GC(8)     Dead                           Min: 0, Avg:  0.0, Max: 0, Diff: 0, Sum: 0, Workers: 4
[14.087s][debug][gc,phases      ] GC(8)     Total                          Min: 0, Avg:  0.0, Max: 0, Diff: 0, Sum: 0, Workers: 4
[14.087s][debug][gc,phases      ] GC(8)   StringTable Weak               Min:  0.1, Avg:  0.2, Max:  0.2, Diff:  0.0, Sum:  0.6, Workers: 4
[14.087s][debug][gc,phases      ] GC(8)     Dead                           Min: 0, Avg:  0.0, Max: 0, Diff: 0, Sum: 0, Workers: 4
[14.087s][debug][gc,phases      ] GC(8)     Total                          Min: 9216, Avg: 10105.2, Max: 10752, Diff: 1536, Sum: 40421, Workers: 4
[14.087s][debug][gc,phases      ] GC(8)   ResolvedMethodTable Weak       Min:  0.0, Avg:  0.0, Max:  0.0, Diff:  0.0, Sum:  0.1, Workers: 4
[14.087s][debug][gc,phases      ] GC(8)     Dead                           Min: 0, Avg:  0.2, Max: 1, Diff: 1, Sum: 1, Workers: 4
[14.087s][debug][gc,phases      ] GC(8)     Total                          Min: 1280, Avg: 2131.8, Max: 2496, Diff: 1216, Sum: 8527, Workers: 4
[14.087s][debug][gc,phases      ] GC(8)   JNI Weak                       Min:  0.0, Avg:  0.0, Max:  0.0, Diff:  0.0, Sum:  0.0, Workers: 4
[14.087s][debug][gc,phases      ] GC(8)     Dead                           Min: 0, Avg:  0.0, Max: 0, Diff: 0, Sum: 0, Workers: 4
[14.087s][debug][gc,phases      ] GC(8)     Total                          Min: 0, Avg: 13.2, Max: 48, Diff: 48, Sum: 53, Workers: 4
[14.087s][debug][gc,phases      ] GC(8)   StringDedup Table Weak         Min:  0.0, Avg:  0.0, Max:  0.0, Diff:  0.0, Sum:  0.0, Workers: 4
[14.087s][debug][gc,phases      ] GC(8)     Dead                           Min: 0, Avg:  0.0, Max: 0, Diff: 0, Sum: 0, Workers: 4
[14.087s][debug][gc,phases      ] GC(8)     Total                          Min: 0, Avg:  0.0, Max: 0, Diff: 0, Sum: 0, Workers: 4
[14.087s][debug][gc,phases      ] GC(8)   StringDedup Requests0 Weak     Min:  0.0, Avg:  0.0, Max:  0.0, Diff:  0.0, Sum:  0.0, Workers: 4
[14.087s][debug][gc,phases      ] GC(8)     Dead                           Min: 0, Avg:  0.0, Max: 0, Diff: 0, Sum: 0, Workers: 4
[14.087s][debug][gc,phases      ] GC(8)     Total                          Min: 0, Avg:  0.0, Max: 0, Diff: 0, Sum: 0, Workers: 4
[14.087s][debug][gc,phases      ] GC(8)   StringDedup Requests1 Weak     Min:  0.0, Avg:  0.0, Max:  0.0, Diff:  0.0, Sum:  0.0, Workers: 4
[14.087s][debug][gc,phases      ] GC(8)     Dead                           Min: 0, Avg:  0.0, Max: 0, Diff: 0, Sum: 0, Workers: 4
[14.087s][debug][gc,phases      ] GC(8)     Total                          Min: 0, Avg:  0.0, Max: 0, Diff: 0, Sum: 0, Workers: 4
[14.087s][debug][gc,phases      ] GC(8)   Weak JFR Old Object Samples    Min:  0.0, Avg:  0.0, Max:  0.0, Diff:  0.0, Sum:  0.0, Workers: 4
[14.087s][debug][gc,phases      ] GC(8)     Dead                           Min: 0, Avg:  0.0, Max: 0, Diff: 0, Sum: 0, Workers: 4
[14.087s][debug][gc,phases      ] GC(8)     Total                          Min: 0, Avg:  0.0, Max: 0, Diff: 0, Sum: 0, Workers: 4
[14.087s][debug][gc,phases      ] GC(8) Weak Processing 0.380ms
[14.087s][debug][gc,phases      ] GC(8) ClassLoaderData 0.073ms
[14.087s][debug][gc,phases      ] GC(8) Trigger cleanups 0.000ms
[14.096s][debug][gc,phases      ] GC(8) Class Unloading 8.878ms
[14.096s][debug][gc,phases      ] GC(8) Report Object Count 0.001ms
[14.096s][info ][gc,phases      ] GC(8) Marking Phase 249.551ms
[14.096s][info ][gc,phases,start] GC(8) Summary Phase
[14.096s][info ][gc,phases      ] GC(8) Summary Phase 0.012ms
[14.096s][info ][gc,phases,start] GC(8) Adjust Roots
[14.108s][info ][gc,phases      ] GC(8) Adjust Roots 11.371ms
[14.108s][info ][gc,phases,start] GC(8) Compaction Phase
[14.946s][info ][gc,phases      ] GC(8) Compaction Phase 838.567ms
[14.946s][info ][gc,phases,start] GC(8) Post Compact
[14.951s][info ][gc,phases      ] GC(8) Post Compact 4.390ms
[14.951s][info ][gc,heap        ] GC(8) PSYoungGen: 524270K(1572864K)->518843K(1572864K) Eden: 0K(1048576K)->0K(1048576K) From: 524270K(524288K)->518843K(524288K)
[14.951s][info ][gc,heap        ] GC(8) ParOldGen: 82940K(82944K)->82829K(146432K)
[14.951s][info ][gc,metaspace   ] GC(8) Metaspace: 74009K(74816K)->74009K(74816K) NonClass: 62901K(63360K)->62901K(63360K) Class: 11107K(11456K)->11107K(11456K)
[14.951s][info ][gc             ] GC(8) Pause Full (Ergonomics) 592M->587M(1679M) 1104.102ms
[14.951s][info ][gc,cpu         ] GC(8) User=3.85s Sys=0.03s Real=1.10s
[14.952s][info ][safepoint      ] Safepoint "ParallelGCFailedAllocation", Time since last: 570302855 ns, Reaching safepoint: 4200 ns, Cleanup: 120499 ns, At safepoint: 1428716482 ns, Total: 1428841181 ns
[15.298s][info ][safepoint      ] Safepoint "ICBufferFull", Time since last: 346273984 ns, Reaching safepoint: 75800 ns, Cleanup: 126199 ns, At safepoint: 6600 ns, Total: 208599 ns
[16.144s][info ][safepoint      ] Safepoint "ICBufferFull", Time since last: 846029077 ns, Reaching safepoint: 102799 ns, Cleanup: 120199 ns, At safepoint: 7100 ns, Total: 230098 ns
[16.530s][info ][safepoint      ] Safepoint "ICBufferFull", Time since last: 384895660 ns, Reaching safepoint: 76600 ns, Cleanup: 101499 ns, At safepoint: 6800 ns, Total: 184899 ns
[16.749s][info ][safepoint      ] Safepoint "ICBufferFull", Time since last: 218765327 ns, Reaching safepoint: 74600 ns, Cleanup: 137399 ns, At safepoint: 5200 ns, Total: 217199 ns
[16.915s][info ][safepoint      ] Safepoint "ICBufferFull", Time since last: 166125433 ns, Reaching safepoint: 4500 ns, Cleanup: 118900 ns, At safepoint: 1300 ns, Total: 124700 ns
[16.998s][info ][safepoint      ] Safepoint "ICBufferFull", Time since last: 83394814 ns, Reaching safepoint: 77900 ns, Cleanup: 95499 ns, At safepoint: 11800 ns, Total: 185199 ns
[17.427s][info ][safepoint      ] Safepoint "ICBufferFull", Time since last: 428631606 ns, Reaching safepoint: 4900 ns, Cleanup: 173099 ns, At safepoint: 5000 ns, Total: 182999 ns
[17.452s][info ][safepoint      ] Safepoint "ParallelGCFailedAllocation", Time since last: 25040654 ns, Reaching safepoint: 4100 ns, Cleanup: 11500 ns, At safepoint: 6100 ns, Total: 21700 ns
[17.452s][info ][gc,start       ] GC(9) Pause Young (GCLocker Initiated GC)
[17.546s][debug][gc,phases      ] GC(9) Scavenge 94.068ms
[17.546s][debug][gc,ref         ] GC(9) Skipped phase 1 of Reference Processing: no references
[17.547s][debug][gc,ref         ] GC(9) ReferenceProcessor::execute queues: 4, RefProcThreadModel::Multi, marks_oops_alive: false
[17.547s][debug][gc,ref         ] GC(9) Skipped phase 3 of Reference Processing: no references
[17.547s][debug][gc,ref         ] GC(9) ReferenceProcessor::execute queues: 1, RefProcThreadModel::Single, marks_oops_alive: false
[17.547s][debug][gc,phases      ] GC(9) Reference Processing 0.518ms
[17.547s][debug][gc,phases      ] GC(9)   VM Weak                        Min:  0.0, Avg:  0.0, Max:  0.0, Diff:  0.0, Sum:  0.0, Workers: 4
[17.547s][debug][gc,phases      ] GC(9)     Dead                           Min: 0, Avg:  0.0, Max: 0, Diff: 0, Sum: 0, Workers: 4
[17.547s][debug][gc,phases      ] GC(9)     Total                          Min: 0, Avg: 175.0, Max: 384, Diff: 384, Sum: 700, Workers: 4
[17.547s][debug][gc,phases      ] GC(9)   ObjectSynchronizer Weak        Min:  0.0, Avg:  0.0, Max:  0.0, Diff:  0.0, Sum:  0.0, Workers: 4
[17.547s][debug][gc,phases      ] GC(9)     Dead                           Min: 0, Avg:  0.0, Max: 0, Diff: 0, Sum: 0, Workers: 4
[17.547s][debug][gc,phases      ] GC(9)     Total                          Min: 0, Avg:  9.5, Max: 38, Diff: 38, Sum: 38, Workers: 4
[17.547s][debug][gc,phases      ] GC(9)   JVMTI Tag Weak OopStorage      Min:  0.0, Avg:  0.0, Max:  0.0, Diff:  0.0, Sum:  0.0, Workers: 4
[17.547s][debug][gc,phases      ] GC(9)     Dead                           Min: 0, Avg:  0.0, Max: 0, Diff: 0, Sum: 0, Workers: 4
[17.547s][debug][gc,phases      ] GC(9)     Total                          Min: 0, Avg:  0.0, Max: 0, Diff: 0, Sum: 0, Workers: 4
[17.547s][debug][gc,phases      ] GC(9)   StringTable Weak               Min:  0.3, Avg:  0.3, Max:  0.3, Diff:  0.0, Sum:  1.1, Workers: 4
[17.547s][debug][gc,phases      ] GC(9)     Dead                           Min: 0, Avg:  1.5, Max: 2, Diff: 2, Sum: 6, Workers: 4
[17.547s][debug][gc,phases      ] GC(9)     Total                          Min: 9920, Avg: 10310.0, Max: 11136, Diff: 1216, Sum: 41240, Workers: 4
[17.547s][debug][gc,phases      ] GC(9)   ResolvedMethodTable Weak       Min:  0.1, Avg:  0.1, Max:  0.1, Diff:  0.0, Sum:  0.3, Workers: 4
[17.547s][debug][gc,phases      ] GC(9)     Dead                           Min: 6, Avg: 15.5, Max: 25, Diff: 19, Sum: 62, Workers: 4
[17.547s][debug][gc,phases      ] GC(9)     Total                          Min: 1664, Avg: 2259.5, Max: 2560, Diff: 896, Sum: 9038, Workers: 4
[17.547s][debug][gc,phases      ] GC(9)   JNI Weak                       Min:  0.0, Avg:  0.0, Max:  0.0, Diff:  0.0, Sum:  0.0, Workers: 4
[17.547s][debug][gc,phases      ] GC(9)     Dead                           Min: 0, Avg:  0.0, Max: 0, Diff: 0, Sum: 0, Workers: 4
[17.547s][debug][gc,phases      ] GC(9)     Total                          Min: 0, Avg: 25.8, Max: 52, Diff: 52, Sum: 103, Workers: 4
[17.547s][debug][gc,phases      ] GC(9)   StringDedup Table Weak         Min:  0.0, Avg:  0.0, Max:  0.0, Diff:  0.0, Sum:  0.0, Workers: 4
[17.547s][debug][gc,phases      ] GC(9)     Dead                           Min: 0, Avg:  0.0, Max: 0, Diff: 0, Sum: 0, Workers: 4
[17.547s][debug][gc,phases      ] GC(9)     Total                          Min: 0, Avg:  0.0, Max: 0, Diff: 0, Sum: 0, Workers: 4
[17.547s][debug][gc,phases      ] GC(9)   StringDedup Requests0 Weak     Min:  0.0, Avg:  0.0, Max:  0.0, Diff:  0.0, Sum:  0.0, Workers: 4
[17.547s][debug][gc,phases      ] GC(9)     Dead                           Min: 0, Avg:  0.0, Max: 0, Diff: 0, Sum: 0, Workers: 4
[17.547s][debug][gc,phases      ] GC(9)     Total                          Min: 0, Avg:  0.0, Max: 0, Diff: 0, Sum: 0, Workers: 4
[17.547s][debug][gc,phases      ] GC(9)   StringDedup Requests1 Weak     Min:  0.0, Avg:  0.0, Max:  0.0, Diff:  0.0, Sum:  0.0, Workers: 4
[17.547s][debug][gc,phases      ] GC(9)     Dead                           Min: 0, Avg:  0.0, Max: 0, Diff: 0, Sum: 0, Workers: 4
[17.547s][debug][gc,phases      ] GC(9)     Total                          Min: 0, Avg:  0.0, Max: 0, Diff: 0, Sum: 0, Workers: 4
[17.547s][debug][gc,phases      ] GC(9)   Weak JFR Old Object Samples    Min:  0.0, Avg:  0.0, Max:  0.0, Diff:  0.0, Sum:  0.0, Workers: 4
[17.547s][debug][gc,phases      ] GC(9)     Dead                           Min: 0, Avg:  0.0, Max: 0, Diff: 0, Sum: 0, Workers: 4
[17.547s][debug][gc,phases      ] GC(9)     Total                          Min: 0, Avg:  0.0, Max: 0, Diff: 0, Sum: 0, Workers: 4
[17.547s][debug][gc,phases      ] GC(9) Weak Processing 0.502ms
[17.547s][debug][gc,age         ] GC(9) Desired survivor size 532152320 bytes, new threshold 7 (max threshold 15)
[17.547s][info ][gc,heap        ] GC(9) PSYoungGen: 1567419K(1572864K)->215729K(1577472K) Eden: 1048576K(1048576K)->0K(1053184K) From: 518843K(524288K)->215729K(524288K)
[17.547s][info ][gc,heap        ] GC(9) ParOldGen: 82830K(146432K)->82838K(146432K)
[17.547s][info ][gc,metaspace   ] GC(9) Metaspace: 76700K(77568K)->76700K(77568K) NonClass: 65233K(65728K)->65233K(65728K) Class: 11467K(11840K)->11467K(11840K)
[17.547s][info ][gc             ] GC(9) Pause Young (GCLocker Initiated GC) 1611M->291M(1683M) 95.181ms
[17.547s][info ][gc,cpu         ] GC(9) User=0.32s Sys=0.01s Real=0.10s
[17.547s][info ][safepoint      ] Safepoint "ParallelGCSystemGC", Time since last: 49799 ns, Reaching safepoint: 800 ns, Cleanup: 400 ns, At safepoint: 95237646 ns, Total: 95238846 ns
[17.595s][info ][safepoint      ] Safepoint "ICBufferFull", Time since last: 47462924 ns, Reaching safepoint: 78500 ns, Cleanup: 135999 ns, At safepoint: 8600 ns, Total: 223099 ns
[17.835s][info ][safepoint      ] Safepoint "ICBufferFull", Time since last: 239837604 ns, Reaching safepoint: 65000 ns, Cleanup: 151599 ns, At safepoint: 9600 ns, Total: 226199 ns
[18.269s][info ][safepoint      ] Safepoint "ICBufferFull", Time since last: 433869075 ns, Reaching safepoint: 158399 ns, Cleanup: 155199 ns, At safepoint: 11800 ns, Total: 325398 ns
[18.564s][info ][safepoint      ] Safepoint "ICBufferFull", Time since last: 294374587 ns, Reaching safepoint: 4500 ns, Cleanup: 175999 ns, At safepoint: 5100 ns, Total: 185599 ns
[18.763s][info ][safepoint      ] Safepoint "ICBufferFull", Time since last: 199106441 ns, Reaching safepoint: 5400 ns, Cleanup: 158099 ns, At safepoint: 10900 ns, Total: 174399 ns
[18.891s][info ][safepoint      ] Safepoint "ICBufferFull", Time since last: 127593757 ns, Reaching safepoint: 77100 ns, Cleanup: 163399 ns, At safepoint: 16500 ns, Total: 256999 ns
[19.021s][info ][safepoint      ] Safepoint "ICBufferFull", Time since last: 127244559 ns, Reaching safepoint: 2125088 ns, Cleanup: 153299 ns, At safepoint: 13900 ns, Total: 2292287 ns
[19.647s][info ][safepoint      ] Safepoint "ICBufferFull", Time since last: 625726459 ns, Reaching safepoint: 4300 ns, Cleanup: 167699 ns, At safepoint: 8700 ns, Total: 180699 ns
[19.752s][info ][safepoint      ] Safepoint "ICBufferFull", Time since last: 104852089 ns, Reaching safepoint: 3300 ns, Cleanup: 148299 ns, At safepoint: 1700 ns, Total: 153299 ns
[19.882s][info ][safepoint      ] Safepoint "ICBufferFull", Time since last: 129584846 ns, Reaching safepoint: 227799 ns, Cleanup: 162299 ns, At safepoint: 7200 ns, Total: 397298 ns
[20.098s][info ][safepoint      ] Safepoint "ICBufferFull", Time since last: 215975643 ns, Reaching safepoint: 3900 ns, Cleanup: 128199 ns, At safepoint: 4800 ns, Total: 136899 ns
[20.258s][info ][safepoint      ] Safepoint "ICBufferFull", Time since last: 160346767 ns, Reaching safepoint: 4700 ns, Cleanup: 188999 ns, At safepoint: 6500 ns, Total: 200199 ns
[20.531s][info ][safepoint      ] Safepoint "ICBufferFull", Time since last: 272291415 ns, Reaching safepoint: 76400 ns, Cleanup: 120399 ns, At safepoint: 9100 ns, Total: 205899 ns
[20.655s][info ][safepoint      ] Safepoint "ICBufferFull", Time since last: 124394076 ns, Reaching safepoint: 3600 ns, Cleanup: 120000 ns, At safepoint: 1600 ns, Total: 125200 ns
[20.655s][info ][safepoint      ] Safepoint "ICBufferFull", Time since last: 60399 ns, Reaching safepoint: 1500 ns, Cleanup: 900 ns, At safepoint: 1000 ns, Total: 3400 ns
[20.811s][info ][safepoint      ] Safepoint "ICBufferFull", Time since last: 155919093 ns, Reaching safepoint: 5500 ns, Cleanup: 156699 ns, At safepoint: 5700 ns, Total: 167899 ns
[21.168s][info ][safepoint      ] Safepoint "ICBufferFull", Time since last: 356366226 ns, Reaching safepoint: 4200 ns, Cleanup: 137699 ns, At safepoint: 5100 ns, Total: 146999 ns
[21.443s][info ][safepoint      ] Safepoint "ICBufferFull", Time since last: 275362798 ns, Reaching safepoint: 5200 ns, Cleanup: 148499 ns, At safepoint: 4500 ns, Total: 158199 ns
[21.778s][info ][gc,start       ] GC(10) Pause Young (Allocation Failure)
[21.866s][debug][gc,phases      ] GC(10) Scavenge 87.654ms
[21.866s][debug][gc,ref         ] GC(10) Skipped phase 1 of Reference Processing: no references
[21.866s][debug][gc,ref         ] GC(10) ReferenceProcessor::execute queues: 4, RefProcThreadModel::Multi, marks_oops_alive: false
[21.867s][debug][gc,ref         ] GC(10) Skipped phase 3 of Reference Processing: no references
[21.867s][debug][gc,ref         ] GC(10) ReferenceProcessor::execute queues: 1, RefProcThreadModel::Single, marks_oops_alive: false
[21.867s][debug][gc,phases      ] GC(10) Reference Processing 0.791ms
[21.867s][debug][gc,phases      ] GC(10)   VM Weak                        Min:  0.0, Avg:  0.0, Max:  0.0, Diff:  0.0, Sum:  0.0, Workers: 4
[21.867s][debug][gc,phases      ] GC(10)     Dead                           Min: 0, Avg:  0.0, Max: 0, Diff: 0, Sum: 0, Workers: 4
[21.867s][debug][gc,phases      ] GC(10)     Total                          Min: 0, Avg: 217.0, Max: 512, Diff: 512, Sum: 868, Workers: 4
[21.867s][debug][gc,phases      ] GC(10)   ObjectSynchronizer Weak        Min:  0.0, Avg:  0.0, Max:  0.0, Diff:  0.0, Sum:  0.0, Workers: 4
[21.867s][debug][gc,phases      ] GC(10)     Dead                           Min: 0, Avg:  0.2, Max: 1, Diff: 1, Sum: 1, Workers: 4
[21.867s][debug][gc,phases      ] GC(10)     Total                          Min: 0, Avg: 10.0, Max: 40, Diff: 40, Sum: 40, Workers: 4
[21.867s][debug][gc,phases      ] GC(10)   JVMTI Tag Weak OopStorage      Min:  0.0, Avg:  0.0, Max:  0.0, Diff:  0.0, Sum:  0.0, Workers: 4
[21.867s][debug][gc,phases      ] GC(10)     Dead                           Min: 0, Avg:  0.0, Max: 0, Diff: 0, Sum: 0, Workers: 4
[21.867s][debug][gc,phases      ] GC(10)     Total                          Min: 0, Avg:  0.0, Max: 0, Diff: 0, Sum: 0, Workers: 4
[21.867s][debug][gc,phases      ] GC(10)   StringTable Weak               Min:  0.0, Avg:  0.3, Max:  0.4, Diff:  0.4, Sum:  1.1, Workers: 4
[21.867s][debug][gc,phases      ] GC(10)     Dead                           Min: 0, Avg:  3.2, Max: 5, Diff: 5, Sum: 13, Workers: 4
[21.867s][debug][gc,phases      ] GC(10)     Total                          Min: 0, Avg: 10733.8, Max: 14912, Diff: 14912, Sum: 42935, Workers: 4
[21.867s][debug][gc,phases      ] GC(10)   ResolvedMethodTable Weak       Min:  0.0, Avg:  0.1, Max:  0.1, Diff:  0.1, Sum:  0.3, Workers: 4
[21.867s][debug][gc,phases      ] GC(10)     Dead                           Min: 0, Avg: 37.0, Max: 91, Diff: 91, Sum: 148, Workers: 4
[21.867s][debug][gc,phases      ] GC(10)     Total                          Min: 0, Avg: 2618.8, Max: 3584, Diff: 3584, Sum: 10475, Workers: 4
[21.867s][debug][gc,phases      ] GC(10)   JNI Weak                       Min:  0.0, Avg:  0.0, Max:  0.0, Diff:  0.0, Sum:  0.0, Workers: 4
[21.867s][debug][gc,phases      ] GC(10)     Dead                           Min: 0, Avg:  0.0, Max: 0, Diff: 0, Sum: 0, Workers: 4
[21.867s][debug][gc,phases      ] GC(10)     Total                          Min: 0, Avg: 22.2, Max: 53, Diff: 53, Sum: 89, Workers: 4
[21.867s][debug][gc,phases      ] GC(10)   StringDedup Table Weak         Min:  0.0, Avg:  0.0, Max:  0.0, Diff:  0.0, Sum:  0.0, Workers: 4
[21.867s][debug][gc,phases      ] GC(10)     Dead                           Min: 0, Avg:  0.0, Max: 0, Diff: 0, Sum: 0, Workers: 4
[21.867s][debug][gc,phases      ] GC(10)     Total                          Min: 0, Avg:  0.0, Max: 0, Diff: 0, Sum: 0, Workers: 4
[21.867s][debug][gc,phases      ] GC(10)   StringDedup Requests0 Weak     Min:  0.0, Avg:  0.0, Max:  0.0, Diff:  0.0, Sum:  0.0, Workers: 4
[21.867s][debug][gc,phases      ] GC(10)     Dead                           Min: 0, Avg:  0.0, Max: 0, Diff: 0, Sum: 0, Workers: 4
[21.867s][debug][gc,phases      ] GC(10)     Total                          Min: 0, Avg:  0.0, Max: 0, Diff: 0, Sum: 0, Workers: 4
[21.868s][debug][gc,phases      ] GC(10)   StringDedup Requests1 Weak     Min:  0.0, Avg:  0.0, Max:  0.0, Diff:  0.0, Sum:  0.0, Workers: 4
[21.868s][debug][gc,phases      ] GC(10)     Dead                           Min: 0, Avg:  0.0, Max: 0, Diff: 0, Sum: 0, Workers: 4
[21.868s][debug][gc,phases      ] GC(10)     Total                          Min: 0, Avg:  0.0, Max: 0, Diff: 0, Sum: 0, Workers: 4
[21.868s][debug][gc,phases      ] GC(10)   Weak JFR Old Object Samples    Min:  0.0, Avg:  0.0, Max:  0.0, Diff:  0.0, Sum:  0.0, Workers: 4
[21.868s][debug][gc,phases      ] GC(10)     Dead                           Min: 0, Avg:  0.0, Max: 0, Diff: 0, Sum: 0, Workers: 4
[21.868s][debug][gc,phases      ] GC(10)     Total                          Min: 0, Avg:  0.0, Max: 0, Diff: 0, Sum: 0, Workers: 4
[21.868s][debug][gc,phases      ] GC(10) Weak Processing 0.731ms
[21.868s][debug][gc,age         ] GC(10) Desired survivor size 512753664 bytes, new threshold 8 (max threshold 15)
[21.868s][info ][gc,heap        ] GC(10) PSYoungGen: 1268913K(1577472K)->265985K(1572864K) Eden: 1053184K(1053184K)->0K(1053184K) From: 215729K(524288K)->265985K(519680K)
[21.868s][info ][gc,heap        ] GC(10) ParOldGen: 82839K(146432K)->82855K(146432K)
[21.868s][info ][gc,metaspace   ] GC(10) Metaspace: 83851K(84992K)->83851K(84992K) NonClass: 71324K(71936K)->71324K(71936K) Class: 12527K(13056K)->12527K(13056K)
[21.868s][info ][gc             ] GC(10) Pause Young (Allocation Failure) 1320M->340M(1679M) 89.307ms
[21.868s][info ][gc,cpu         ] GC(10) User=0.33s Sys=0.00s Real=0.09s
[21.868s][info ][safepoint      ] Safepoint "ParallelGCFailedAllocation", Time since last: 334540953 ns, Reaching safepoint: 158599 ns, Cleanup: 140399 ns, At safepoint: 89399380 ns, Total: 89698378 ns
[22.438s][info ][safepoint      ] Safepoint "ICBufferFull", Time since last: 569872683 ns, Reaching safepoint: 80400 ns, Cleanup: 178099 ns, At safepoint: 10700 ns, Total: 269199 ns
[22.865s][info ][safepoint      ] Safepoint "ICBufferFull", Time since last: 426735322 ns, Reaching safepoint: 5900 ns, Cleanup: 148499 ns, At safepoint: 5700 ns, Total: 160099 ns
[23.704s][info ][safepoint      ] Safepoint "ICBufferFull", Time since last: 839531067 ns, Reaching safepoint: 77200 ns, Cleanup: 143599 ns, At safepoint: 11400 ns, Total: 232199 ns
[23.994s][info ][safepoint      ] Safepoint "ICBufferFull", Time since last: 289585867 ns, Reaching safepoint: 3700 ns, Cleanup: 198899 ns, At safepoint: 8300 ns, Total: 210899 ns
[24.587s][info ][safepoint      ] Safepoint "ICBufferFull", Time since last: 592478460 ns, Reaching safepoint: 5200 ns, Cleanup: 136499 ns, At safepoint: 2000 ns, Total: 143699 ns
[24.763s][info ][gc,start       ] GC(11) Pause Young (Allocation Failure)
[24.883s][debug][gc,phases      ] GC(11) Scavenge 120.054ms
[24.883s][debug][gc,ref         ] GC(11) Skipped phase 1 of Reference Processing: no references
[24.884s][debug][gc,ref         ] GC(11) ReferenceProcessor::execute queues: 4, RefProcThreadModel::Multi, marks_oops_alive: false
[24.884s][debug][gc,ref         ] GC(11) ReferenceProcessor::execute queues: 4, RefProcThreadModel::Multi, marks_oops_alive: true
[24.884s][debug][gc,ref         ] GC(11) ReferenceProcessor::execute queues: 1, RefProcThreadModel::Single, marks_oops_alive: false
[24.884s][debug][gc,phases      ] GC(11) Reference Processing 0.803ms
[24.885s][debug][gc,phases      ] GC(11)   VM Weak                        Min:  0.0, Avg:  0.0, Max:  0.0, Diff:  0.0, Sum:  0.0, Workers: 4
[24.885s][debug][gc,phases      ] GC(11)     Dead                           Min: 0, Avg:  0.0, Max: 0, Diff: 0, Sum: 0, Workers: 4
[24.885s][debug][gc,phases      ] GC(11)     Total                          Min: 0, Avg: 220.2, Max: 433, Diff: 433, Sum: 881, Workers: 4
[24.885s][debug][gc,phases      ] GC(11)   ObjectSynchronizer Weak        Min:  0.0, Avg:  0.0, Max:  0.0, Diff:  0.0, Sum:  0.0, Workers: 4
[24.885s][debug][gc,phases      ] GC(11)     Dead                           Min: 0, Avg:  0.0, Max: 0, Diff: 0, Sum: 0, Workers: 4
[24.885s][debug][gc,phases      ] GC(11)     Total                          Min: 0, Avg: 10.0, Max: 40, Diff: 40, Sum: 40, Workers: 4
[24.885s][debug][gc,phases      ] GC(11)   JVMTI Tag Weak OopStorage      Min:  0.0, Avg:  0.0, Max:  0.0, Diff:  0.0, Sum:  0.0, Workers: 4
[24.885s][debug][gc,phases      ] GC(11)     Dead                           Min: 0, Avg:  0.0, Max: 0, Diff: 0, Sum: 0, Workers: 4
[24.885s][debug][gc,phases      ] GC(11)     Total                          Min: 0, Avg:  0.0, Max: 0, Diff: 0, Sum: 0, Workers: 4
[24.885s][debug][gc,phases      ] GC(11)   StringTable Weak               Min:  0.0, Avg:  0.3, Max:  0.4, Diff:  0.4, Sum:  1.1, Workers: 4
[24.885s][debug][gc,phases      ] GC(11)     Dead                           Min: 0, Avg:  0.8, Max: 2, Diff: 2, Sum: 3, Workers: 4
[24.885s][debug][gc,phases      ] GC(11)     Total                          Min: 0, Avg: 10786.8, Max: 14475, Diff: 14475, Sum: 43147, Workers: 4
[24.885s][debug][gc,phases      ] GC(11)   ResolvedMethodTable Weak       Min:  0.0, Avg:  0.1, Max:  0.1, Diff:  0.1, Sum:  0.3, Workers: 4
[24.885s][debug][gc,phases      ] GC(11)     Dead                           Min: 0, Avg:  4.5, Max: 18, Diff: 18, Sum: 18, Workers: 4
[24.885s][debug][gc,phases      ] GC(11)     Total                          Min: 0, Avg: 2641.2, Max: 3584, Diff: 3584, Sum: 10565, Workers: 4
[24.885s][debug][gc,phases      ] GC(11)   JNI Weak                       Min:  0.0, Avg:  0.0, Max:  0.0, Diff:  0.0, Sum:  0.0, Workers: 4
[24.885s][debug][gc,phases      ] GC(11)     Dead                           Min: 0, Avg:  0.0, Max: 0, Diff: 0, Sum: 0, Workers: 4
[24.885s][debug][gc,phases      ] GC(11)     Total                          Min: 0, Avg: 23.2, Max: 92, Diff: 92, Sum: 93, Workers: 4
[24.885s][debug][gc,phases      ] GC(11)   StringDedup Table Weak         Min:  0.0, Avg:  0.0, Max:  0.0, Diff:  0.0, Sum:  0.0, Workers: 4
[24.885s][debug][gc,phases      ] GC(11)     Dead                           Min: 0, Avg:  0.0, Max: 0, Diff: 0, Sum: 0, Workers: 4
[24.885s][debug][gc,phases      ] GC(11)     Total                          Min: 0, Avg:  0.0, Max: 0, Diff: 0, Sum: 0, Workers: 4
[24.885s][debug][gc,phases      ] GC(11)   StringDedup Requests0 Weak     Min:  0.0, Avg:  0.0, Max:  0.0, Diff:  0.0, Sum:  0.0, Workers: 4
[24.885s][debug][gc,phases      ] GC(11)     Dead                           Min: 0, Avg:  0.0, Max: 0, Diff: 0, Sum: 0, Workers: 4
[24.885s][debug][gc,phases      ] GC(11)     Total                          Min: 0, Avg:  0.0, Max: 0, Diff: 0, Sum: 0, Workers: 4
[24.885s][debug][gc,phases      ] GC(11)   StringDedup Requests1 Weak     Min:  0.0, Avg:  0.0, Max:  0.0, Diff:  0.0, Sum:  0.0, Workers: 4
[24.885s][debug][gc,phases      ] GC(11)     Dead                           Min: 0, Avg:  0.0, Max: 0, Diff: 0, Sum: 0, Workers: 4
[24.885s][debug][gc,phases      ] GC(11)     Total                          Min: 0, Avg:  0.0, Max: 0, Diff: 0, Sum: 0, Workers: 4
[24.885s][debug][gc,phases      ] GC(11)   Weak JFR Old Object Samples    Min:  0.0, Avg:  0.0, Max:  0.0, Diff:  0.0, Sum:  0.0, Workers: 4
[24.885s][debug][gc,phases      ] GC(11)     Dead                           Min: 0, Avg:  0.0, Max: 0, Diff: 0, Sum: 0, Workers: 4
[24.885s][debug][gc,phases      ] GC(11)     Total                          Min: 0, Avg:  0.0, Max: 0, Diff: 0, Sum: 0, Workers: 4
[24.885s][debug][gc,phases      ] GC(11) Weak Processing 0.706ms
[24.885s][debug][gc,age         ] GC(11) Desired survivor size 511180800 bytes, new threshold 9 (max threshold 15)
[24.885s][info ][gc,heap        ] GC(11) PSYoungGen: 1319169K(1572864K)->298254K(1597952K) Eden: 1053184K(1053184K)->0K(1097216K) From: 265985K(519680K)->298254K(500736K)
[24.885s][info ][gc,heap        ] GC(11) ParOldGen: 82855K(146432K)->82863K(146432K)
[24.885s][info ][gc,metaspace   ] GC(11) Metaspace: 84418K(85440K)->84418K(85440K) NonClass: 71852K(72384K)->71852K(72384K) Class: 12565K(13056K)->12565K(13056K)
[24.885s][info ][gc             ] GC(11) Pause Young (Allocation Failure) 1369M->372M(1703M) 121.703ms
[24.885s][info ][gc,cpu         ] GC(11) User=0.40s Sys=0.02s Real=0.12s
[24.885s][info ][safepoint      ] Safepoint "ParallelGCFailedAllocation", Time since last: 176219507 ns, Reaching safepoint: 77700 ns, Cleanup: 92899 ns, At safepoint: 121784013 ns, Total: 121954612 ns
[25.694s][info ][safepoint      ] Safepoint "ICBufferFull", Time since last: 808861641 ns, Reaching safepoint: 3600 ns, Cleanup: 143999 ns, At safepoint: 1900 ns, Total: 149499 ns
[26.217s][info ][safepoint      ] Safepoint "ICBufferFull", Time since last: 523064551 ns, Reaching safepoint: 5400 ns, Cleanup: 115599 ns, At safepoint: 2000 ns, Total: 122999 ns
[26.705s][info ][safepoint      ] Safepoint "ICBufferFull", Time since last: 488061149 ns, Reaching safepoint: 4700 ns, Cleanup: 171799 ns, At safepoint: 2500 ns, Total: 178999 ns
[27.406s][info ][safepoint      ] Safepoint "ICBufferFull", Time since last: 700327252 ns, Reaching safepoint: 5300 ns, Cleanup: 174599 ns, At safepoint: 4900 ns, Total: 184799 ns
[28.197s][info ][safepoint      ] Safepoint "ICBufferFull", Time since last: 791002140 ns, Reaching safepoint: 79400 ns, Cleanup: 164099 ns, At safepoint: 7000 ns, Total: 250499 ns
[29.053s][info ][gc,start       ] GC(12) Pause Young (Allocation Failure)
[29.156s][debug][gc,phases      ] GC(12) Scavenge 102.308ms
[29.156s][debug][gc,ref         ] GC(12) Skipped phase 1 of Reference Processing: no references
[29.156s][debug][gc,ref         ] GC(12) ReferenceProcessor::execute queues: 4, RefProcThreadModel::Multi, marks_oops_alive: false
[29.156s][debug][gc,ref         ] GC(12) ReferenceProcessor::execute queues: 4, RefProcThreadModel::Multi, marks_oops_alive: true
[29.157s][debug][gc,ref         ] GC(12) ReferenceProcessor::execute queues: 1, RefProcThreadModel::Single, marks_oops_alive: false
[29.157s][debug][gc,phases      ] GC(12) Reference Processing 0.893ms
[29.157s][debug][gc,phases      ] GC(12)   VM Weak                        Min:  0.0, Avg:  0.0, Max:  0.0, Diff:  0.0, Sum:  0.0, Workers: 4
[29.157s][debug][gc,phases      ] GC(12)     Dead                           Min: 0, Avg:  0.0, Max: 0, Diff: 0, Sum: 0, Workers: 4
[29.157s][debug][gc,phases      ] GC(12)     Total                          Min: 0, Avg: 221.5, Max: 512, Diff: 512, Sum: 886, Workers: 4
[29.157s][debug][gc,phases      ] GC(12)   ObjectSynchronizer Weak        Min:  0.0, Avg:  0.0, Max:  0.0, Diff:  0.0, Sum:  0.0, Workers: 4
[29.157s][debug][gc,phases      ] GC(12)     Dead                           Min: 0, Avg:  0.0, Max: 0, Diff: 0, Sum: 0, Workers: 4
[29.157s][debug][gc,phases      ] GC(12)     Total                          Min: 0, Avg: 10.0, Max: 40, Diff: 40, Sum: 40, Workers: 4
[29.157s][debug][gc,phases      ] GC(12)   JVMTI Tag Weak OopStorage      Min:  0.0, Avg:  0.0, Max:  0.0, Diff:  0.0, Sum:  0.0, Workers: 4
[29.157s][debug][gc,phases      ] GC(12)     Dead                           Min: 0, Avg:  0.0, Max: 0, Diff: 0, Sum: 0, Workers: 4
[29.157s][debug][gc,phases      ] GC(12)     Total                          Min: 0, Avg:  0.0, Max: 0, Diff: 0, Sum: 0, Workers: 4
[29.157s][debug][gc,phases      ] GC(12)   StringTable Weak               Min:  0.3, Avg:  0.3, Max:  0.3, Diff:  0.0, Sum:  1.3, Workers: 4
[29.157s][debug][gc,phases      ] GC(12)     Dead                           Min: 0, Avg:  0.5, Max: 1, Diff: 1, Sum: 2, Workers: 4
[29.157s][debug][gc,phases      ] GC(12)     Total                          Min: 5632, Avg: 10850.8, Max: 18443, Diff: 12811, Sum: 43403, Workers: 4
[29.157s][debug][gc,phases      ] GC(12)   ResolvedMethodTable Weak       Min:  0.0, Avg:  0.1, Max:  0.1, Diff:  0.1, Sum:  0.3, Workers: 4
[29.157s][debug][gc,phases      ] GC(12)     Dead                           Min: 0, Avg:  4.0, Max: 16, Diff: 16, Sum: 16, Workers: 4
[29.157s][debug][gc,phases      ] GC(12)     Total                          Min: 882, Avg: 2650.5, Max: 5048, Diff: 4166, Sum: 10602, Workers: 4
[29.157s][debug][gc,phases      ] GC(12)   JNI Weak                       Min:  0.0, Avg:  0.0, Max:  0.0, Diff:  0.0, Sum:  0.0, Workers: 4
[29.157s][debug][gc,phases      ] GC(12)     Dead                           Min: 0, Avg:  0.0, Max: 0, Diff: 0, Sum: 0, Workers: 4
[29.157s][debug][gc,phases      ] GC(12)     Total                          Min: 0, Avg: 16.5, Max: 59, Diff: 59, Sum: 66, Workers: 4
[29.157s][debug][gc,phases      ] GC(12)   StringDedup Table Weak         Min:  0.0, Avg:  0.0, Max:  0.0, Diff:  0.0, Sum:  0.0, Workers: 4
[29.157s][debug][gc,phases      ] GC(12)     Dead                           Min: 0, Avg:  0.0, Max: 0, Diff: 0, Sum: 0, Workers: 4
[29.157s][debug][gc,phases      ] GC(12)     Total                          Min: 0, Avg:  0.0, Max: 0, Diff: 0, Sum: 0, Workers: 4
[29.157s][debug][gc,phases      ] GC(12)   StringDedup Requests0 Weak     Min:  0.0, Avg:  0.0, Max:  0.0, Diff:  0.0, Sum:  0.0, Workers: 4
[29.157s][debug][gc,phases      ] GC(12)     Dead                           Min: 0, Avg:  0.0, Max: 0, Diff: 0, Sum: 0, Workers: 4
[29.157s][debug][gc,phases      ] GC(12)     Total                          Min: 0, Avg:  0.0, Max: 0, Diff: 0, Sum: 0, Workers: 4
[29.157s][debug][gc,phases      ] GC(12)   StringDedup Requests1 Weak     Min:  0.0, Avg:  0.0, Max:  0.0, Diff:  0.0, Sum:  0.0, Workers: 4
[29.157s][debug][gc,phases      ] GC(12)     Dead                           Min: 0, Avg:  0.0, Max: 0, Diff: 0, Sum: 0, Workers: 4
[29.157s][debug][gc,phases      ] GC(12)     Total                          Min: 0, Avg:  0.0, Max: 0, Diff: 0, Sum: 0, Workers: 4
[29.157s][debug][gc,phases      ] GC(12)   Weak JFR Old Object Samples    Min:  0.0, Avg:  0.0, Max:  0.0, Diff:  0.0, Sum:  0.0, Workers: 4
[29.157s][debug][gc,phases      ] GC(12)     Dead                           Min: 0, Avg:  0.0, Max: 0, Diff: 0, Sum: 0, Workers: 4
[29.157s][debug][gc,phases      ] GC(12)     Total                          Min: 0, Avg:  0.0, Max: 0, Diff: 0, Sum: 0, Workers: 4
[29.157s][debug][gc,phases      ] GC(12) Weak Processing 0.581ms
[29.157s][debug][gc,age         ] GC(12) Desired survivor size 521142272 bytes, new threshold 10 (max threshold 15)
[29.157s][info ][gc,heap        ] GC(12) PSYoungGen: 1395470K(1597952K)->330869K(1428480K) Eden: 1097216K(1097216K)->0K(1097216K) From: 298254K(500736K)->330869K(331264K)
[29.157s][info ][gc,heap        ] GC(12) ParOldGen: 82863K(146432K)->82895K(146432K)
[29.157s][info ][gc,metaspace   ] GC(12) Metaspace: 84949K(86080K)->84949K(86080K) NonClass: 72365K(72960K)->72365K(72960K) Class: 12583K(13120K)->12583K(13120K)
[29.157s][info ][gc             ] GC(12) Pause Young (Allocation Failure) 1443M->404M(1538M) 103.900ms
[29.157s][info ][gc,cpu         ] GC(12) User=0.36s Sys=0.01s Real=0.11s
[29.157s][info ][safepoint      ] Safepoint "ParallelGCFailedAllocation", Time since last: 855891875 ns, Reaching safepoint: 72700 ns, Cleanup: 109499 ns, At safepoint: 103969114 ns, Total: 104151313 ns
[30.015s][info ][safepoint      ] Safepoint "ICBufferFull", Time since last: 857212967 ns, Reaching safepoint: 4100 ns, Cleanup: 149099 ns, At safepoint: 5000 ns, Total: 158199 ns
[31.015s][info ][safepoint      ] Safepoint "Cleanup", Time since last: 1000118575 ns, Reaching safepoint: 72700 ns, Cleanup: 117999 ns, At safepoint: 9800 ns, Total: 200499 ns
[32.015s][info ][safepoint      ] Safepoint "Cleanup", Time since last: 1000113938 ns, Reaching safepoint: 79399 ns, Cleanup: 93400 ns, At safepoint: 10000 ns, Total: 182799 ns
[33.015s][info ][safepoint      ] Safepoint "Cleanup", Time since last: 1000096237 ns, Reaching safepoint: 4700 ns, Cleanup: 72999 ns, At safepoint: 2500 ns, Total: 80199 ns
[34.016s][info ][safepoint      ] Safepoint "Cleanup", Time since last: 1000103838 ns, Reaching safepoint: 4700 ns, Cleanup: 37400 ns, At safepoint: 13399 ns, Total: 55499 ns
[35.062s][info ][safepoint      ] Safepoint "Cleanup", Time since last: 1045742784 ns, Reaching safepoint: 73199 ns, Cleanup: 116400 ns, At safepoint: 9800 ns, Total: 199399 ns
[36.456s][info ][safepoint      ] Safepoint "Cleanup", Time since last: 1394635643 ns, Reaching safepoint: 72299 ns, Cleanup: 62500 ns, At safepoint: 5000 ns, Total: 139799 ns
[37.457s][info ][safepoint      ] Safepoint "Cleanup", Time since last: 1000108037 ns, Reaching safepoint: 78900 ns, Cleanup: 48999 ns, At safepoint: 5400 ns, Total: 133299 ns
[38.457s][info ][safepoint      ] Safepoint "Cleanup", Time since last: 1000110638 ns, Reaching safepoint: 73699 ns, Cleanup: 42100 ns, At safepoint: 5000 ns, Total: 120799 ns
[39.457s][info ][safepoint      ] Safepoint "Cleanup", Time since last: 1000095102 ns, Reaching safepoint: 59099 ns, Cleanup: 26000 ns, At safepoint: 10800 ns, Total: 95899 ns
[40.457s][info ][safepoint      ] Safepoint "Cleanup", Time since last: 1000113616 ns, Reaching safepoint: 75499 ns, Cleanup: 37300 ns, At safepoint: 7800 ns, Total: 120599 ns
[41.457s][info ][safepoint      ] Safepoint "Cleanup", Time since last: 1000056816 ns, Reaching safepoint: 4000 ns, Cleanup: 29099 ns, At safepoint: 1800 ns, Total: 34899 ns
[42.458s][info ][safepoint      ] Safepoint "Cleanup", Time since last: 1000104516 ns, Reaching safepoint: 38800 ns, Cleanup: 19500 ns, At safepoint: 8099 ns, Total: 66399 ns
[43.458s][info ][safepoint      ] Safepoint "Cleanup", Time since last: 1000097616 ns, Reaching safepoint: 80300 ns, Cleanup: 67999 ns, At safepoint: 6000 ns, Total: 154299 ns
[44.458s][info ][safepoint      ] Safepoint "Cleanup", Time since last: 1000100316 ns, Reaching safepoint: 68999 ns, Cleanup: 68800 ns, At safepoint: 9100 ns, Total: 146899 ns
[45.458s][info ][safepoint      ] Safepoint "Cleanup", Time since last: 1000114015 ns, Reaching safepoint: 74500 ns, Cleanup: 52499 ns, At safepoint: 5600 ns, Total: 132599 ns
[46.342s][info ][gc,start       ] GC(13) Pause Young (Allocation Failure)
[46.450s][debug][gc,phases      ] GC(13) Scavenge 107.828ms
[46.450s][debug][gc,ref         ] GC(13) Skipped phase 1 of Reference Processing: no references
[46.450s][debug][gc,ref         ] GC(13) ReferenceProcessor::execute queues: 4, RefProcThreadModel::Multi, marks_oops_alive: false
[46.450s][debug][gc,ref         ] GC(13) Skipped phase 3 of Reference Processing: no references
[46.450s][debug][gc,ref         ] GC(13) ReferenceProcessor::execute queues: 1, RefProcThreadModel::Single, marks_oops_alive: false
[46.451s][debug][gc,phases      ] GC(13) Reference Processing 0.594ms
[46.451s][debug][gc,phases      ] GC(13)   VM Weak                        Min:  0.0, Avg:  0.0, Max:  0.0, Diff:  0.0, Sum:  0.0, Workers: 4
[46.451s][debug][gc,phases      ] GC(13)     Dead                           Min: 0, Avg:  0.0, Max: 0, Diff: 0, Sum: 0, Workers: 4
[46.451s][debug][gc,phases      ] GC(13)     Total                          Min: 128, Avg: 223.5, Max: 384, Diff: 256, Sum: 894, Workers: 4
[46.451s][debug][gc,phases      ] GC(13)   ObjectSynchronizer Weak        Min:  0.0, Avg:  0.0, Max:  0.0, Diff:  0.0, Sum:  0.0, Workers: 4
[46.451s][debug][gc,phases      ] GC(13)     Dead                           Min: 0, Avg:  0.0, Max: 0, Diff: 0, Sum: 0, Workers: 4
[46.451s][debug][gc,phases      ] GC(13)     Total                          Min: 0, Avg: 10.2, Max: 41, Diff: 41, Sum: 41, Workers: 4
[46.451s][debug][gc,phases      ] GC(13)   JVMTI Tag Weak OopStorage      Min:  0.0, Avg:  0.0, Max:  0.0, Diff:  0.0, Sum:  0.0, Workers: 4
[46.451s][debug][gc,phases      ] GC(13)     Dead                           Min: 0, Avg:  0.0, Max: 0, Diff: 0, Sum: 0, Workers: 4
[46.451s][debug][gc,phases      ] GC(13)     Total                          Min: 0, Avg:  0.0, Max: 0, Diff: 0, Sum: 0, Workers: 4
[46.451s][debug][gc,phases      ] GC(13)   StringTable Weak               Min:  0.3, Avg:  0.3, Max:  0.3, Diff:  0.0, Sum:  1.2, Workers: 4
[46.451s][debug][gc,phases      ] GC(13)     Dead                           Min: 0, Avg:  0.5, Max: 1, Diff: 1, Sum: 2, Workers: 4
[46.451s][debug][gc,phases      ] GC(13)     Total                          Min: 10176, Avg: 10905.0, Max: 11328, Diff: 1152, Sum: 43620, Workers: 4
[46.451s][debug][gc,phases      ] GC(13)   ResolvedMethodTable Weak       Min:  0.1, Avg:  0.1, Max:  0.1, Diff:  0.0, Sum:  0.3, Workers: 4
[46.451s][debug][gc,phases      ] GC(13)     Dead                           Min: 0, Avg:  4.2, Max: 15, Diff: 15, Sum: 17, Workers: 4
[46.451s][debug][gc,phases      ] GC(13)     Total                          Min: 2303, Avg: 2670.8, Max: 2877, Diff: 574, Sum: 10683, Workers: 4
[46.451s][debug][gc,phases      ] GC(13)   JNI Weak                       Min:  0.0, Avg:  0.0, Max:  0.0, Diff:  0.0, Sum:  0.0, Workers: 4
[46.451s][debug][gc,phases      ] GC(13)     Dead                           Min: 0, Avg:  0.0, Max: 0, Diff: 0, Sum: 0, Workers: 4
[46.451s][debug][gc,phases      ] GC(13)     Total                          Min: 0, Avg: 17.2, Max: 57, Diff: 57, Sum: 69, Workers: 4
[46.451s][debug][gc,phases      ] GC(13)   StringDedup Table Weak         Min:  0.0, Avg:  0.0, Max:  0.0, Diff:  0.0, Sum:  0.0, Workers: 4
[46.451s][debug][gc,phases      ] GC(13)     Dead                           Min: 0, Avg:  0.0, Max: 0, Diff: 0, Sum: 0, Workers: 4
[46.451s][debug][gc,phases      ] GC(13)     Total                          Min: 0, Avg:  0.0, Max: 0, Diff: 0, Sum: 0, Workers: 4
[46.451s][debug][gc,phases      ] GC(13)   StringDedup Requests0 Weak     Min:  0.0, Avg:  0.0, Max:  0.0, Diff:  0.0, Sum:  0.0, Workers: 4
[46.451s][debug][gc,phases      ] GC(13)     Dead                           Min: 0, Avg:  0.0, Max: 0, Diff: 0, Sum: 0, Workers: 4
[46.451s][debug][gc,phases      ] GC(13)     Total                          Min: 0, Avg:  0.0, Max: 0, Diff: 0, Sum: 0, Workers: 4
[46.451s][debug][gc,phases      ] GC(13)   StringDedup Requests1 Weak     Min:  0.0, Avg:  0.0, Max:  0.0, Diff:  0.0, Sum:  0.0, Workers: 4
[46.451s][debug][gc,phases      ] GC(13)     Dead                           Min: 0, Avg:  0.0, Max: 0, Diff: 0, Sum: 0, Workers: 4
[46.451s][debug][gc,phases      ] GC(13)     Total                          Min: 0, Avg:  0.0, Max: 0, Diff: 0, Sum: 0, Workers: 4
[46.451s][debug][gc,phases      ] GC(13)   Weak JFR Old Object Samples    Min:  0.0, Avg:  0.0, Max:  0.0, Diff:  0.0, Sum:  0.0, Workers: 4
[46.451s][debug][gc,phases      ] GC(13)     Dead                           Min: 0, Avg:  0.0, Max: 0, Diff: 0, Sum: 0, Workers: 4
[46.451s][debug][gc,phases      ] GC(13)     Total                          Min: 0, Avg:  0.0, Max: 0, Diff: 0, Sum: 0, Workers: 4
[46.451s][debug][gc,phases      ] GC(13) Weak Processing 0.565ms
[46.451s][debug][gc,age         ] GC(13) Desired survivor size 526909440 bytes, new threshold 11 (max threshold 15)
[46.451s][info ][gc,heap        ] GC(13) PSYoungGen: 1428085K(1428480K)->331528K(1576960K) Eden: 1097216K(1097216K)->0K(1068032K) From: 330869K(331264K)->331528K(508928K)
[46.451s][info ][gc,heap        ] GC(13) ParOldGen: 82895K(146432K)->82911K(146432K)
[46.451s][info ][gc,metaspace   ] GC(13) Metaspace: 85550K(86656K)->85550K(86656K) NonClass: 72921K(73536K)->72921K(73536K) Class: 12629K(13120K)->12629K(13120K)
[46.451s][info ][gc             ] GC(13) Pause Young (Allocation Failure) 1475M->404M(1683M) 109.127ms
[46.451s][info ][gc,cpu         ] GC(13) User=0.39s Sys=0.00s Real=0.11s
[46.451s][info ][safepoint      ] Safepoint "ParallelGCFailedAllocation", Time since last: 883519290 ns, Reaching safepoint: 4800 ns, Cleanup: 190599 ns, At safepoint: 109228668 ns, Total: 109424067 ns
[47.452s][info ][safepoint      ] Safepoint "Cleanup", Time since last: 1000093543 ns, Reaching safepoint: 48800 ns, Cleanup: 166599 ns, At safepoint: 7800 ns, Total: 223199 ns
[48.452s][info ][safepoint      ] Safepoint "Cleanup", Time since last: 1000103529 ns, Reaching safepoint: 79699 ns, Cleanup: 104400 ns, At safepoint: 8799 ns, Total: 192898 ns
[49.260s][info ][safepoint      ] Safepoint "ICBufferFull", Time since last: 808508796 ns, Reaching safepoint: 6200 ns, Cleanup: 163099 ns, At safepoint: 6600 ns, Total: 175899 ns
[50.401s][info ][safepoint      ] Safepoint "Cleanup", Time since last: 1140770045 ns, Reaching safepoint: 75900 ns, Cleanup: 133299 ns, At safepoint: 6000 ns, Total: 215199 ns
[51.402s][info ][safepoint      ] Safepoint "Cleanup", Time since last: 1000111429 ns, Reaching safepoint: 78699 ns, Cleanup: 78200 ns, At safepoint: 7100 ns, Total: 163999 ns
[53.262s][info ][safepoint      ] Safepoint "Cleanup", Time since last: 1859964638 ns, Reaching safepoint: 5700 ns, Cleanup: 172499 ns, At safepoint: 7100 ns, Total: 185299 ns
[54.262s][info ][safepoint      ] Safepoint "Cleanup", Time since last: 1000106829 ns, Reaching safepoint: 5600 ns, Cleanup: 42600 ns, At safepoint: 6300 ns, Total: 54500 ns
[55.262s][info ][safepoint      ] Safepoint "Cleanup", Time since last: 1000084585 ns, Reaching safepoint: 6100 ns, Cleanup: 31600 ns, At safepoint: 1600 ns, Total: 39300 ns
[56.262s][info ][safepoint      ] Safepoint "Cleanup", Time since last: 1000106963 ns, Reaching safepoint: 75800 ns, Cleanup: 27300 ns, At safepoint: 7700 ns, Total: 110800 ns
[57.263s][info ][safepoint      ] Safepoint "Cleanup", Time since last: 1000107063 ns, Reaching safepoint: 5600 ns, Cleanup: 33500 ns, At safepoint: 2300 ns, Total: 41400 ns
[58.263s][info ][safepoint      ] Safepoint "Cleanup", Time since last: 1000099197 ns, Reaching safepoint: 5900 ns, Cleanup: 46300 ns, At safepoint: 2600 ns, Total: 54800 ns
[59.263s][info ][safepoint      ] Safepoint "Cleanup", Time since last: 1000107082 ns, Reaching safepoint: 78599 ns, Cleanup: 53900 ns, At safepoint: 9000 ns, Total: 141499 ns
[59.866s][info ][gc,start       ] GC(14) Pause Young (Allocation Failure)
[59.968s][debug][gc,phases      ] GC(14) Scavenge 101.895ms
[59.968s][debug][gc,ref         ] GC(14) Skipped phase 1 of Reference Processing: no references
[59.968s][debug][gc,ref         ] GC(14) ReferenceProcessor::execute queues: 4, RefProcThreadModel::Multi, marks_oops_alive: false
[59.969s][debug][gc,ref         ] GC(14) Skipped phase 3 of Reference Processing: no references
[59.969s][debug][gc,ref         ] GC(14) ReferenceProcessor::execute queues: 1, RefProcThreadModel::Single, marks_oops_alive: false
[59.969s][debug][gc,phases      ] GC(14) Reference Processing 0.770ms
[59.969s][debug][gc,phases      ] GC(14)   VM Weak                        Min:  0.0, Avg:  0.0, Max:  0.0, Diff:  0.0, Sum:  0.0, Workers: 4
[59.969s][debug][gc,phases      ] GC(14)     Dead                           Min: 0, Avg:  0.0, Max: 0, Diff: 0, Sum: 0, Workers: 4
[59.969s][debug][gc,phases      ] GC(14)     Total                          Min: 0, Avg: 226.2, Max: 448, Diff: 448, Sum: 905, Workers: 4
[59.969s][debug][gc,phases      ] GC(14)   ObjectSynchronizer Weak        Min:  0.0, Avg:  0.0, Max:  0.0, Diff:  0.0, Sum:  0.0, Workers: 4
[59.969s][debug][gc,phases      ] GC(14)     Dead                           Min: 0, Avg:  0.0, Max: 0, Diff: 0, Sum: 0, Workers: 4
[59.969s][debug][gc,phases      ] GC(14)     Total                          Min: 0, Avg: 10.2, Max: 41, Diff: 41, Sum: 41, Workers: 4
[59.969s][debug][gc,phases      ] GC(14)   JVMTI Tag Weak OopStorage      Min:  0.0, Avg:  0.0, Max:  0.0, Diff:  0.0, Sum:  0.0, Workers: 4
[59.969s][debug][gc,phases      ] GC(14)     Dead                           Min: 0, Avg:  0.0, Max: 0, Diff: 0, Sum: 0, Workers: 4
[59.969s][debug][gc,phases      ] GC(14)     Total                          Min: 0, Avg:  0.0, Max: 0, Diff: 0, Sum: 0, Workers: 4
[59.969s][debug][gc,phases      ] GC(14)   StringTable Weak               Min:  0.0, Avg:  0.3, Max:  0.4, Diff:  0.4, Sum:  1.0, Workers: 4
[59.969s][debug][gc,phases      ] GC(14)     Dead                           Min: 0, Avg:  0.8, Max: 3, Diff: 3, Sum: 3, Workers: 4
[59.969s][debug][gc,phases      ] GC(14)     Total                          Min: 0, Avg: 10938.5, Max: 15082, Diff: 15082, Sum: 43754, Workers: 4
[59.969s][debug][gc,phases      ] GC(14)   ResolvedMethodTable Weak       Min:  0.0, Avg:  0.1, Max:  0.1, Diff:  0.1, Sum:  0.3, Workers: 4
[59.969s][debug][gc,phases      ] GC(14)     Dead                           Min: 0, Avg:  0.0, Max: 0, Diff: 0, Sum: 0, Workers: 4
[59.969s][debug][gc,phases      ] GC(14)     Total                          Min: 0, Avg: 2690.2, Max: 3657, Diff: 3657, Sum: 10761, Workers: 4
[59.969s][debug][gc,phases      ] GC(14)   JNI Weak                       Min:  0.0, Avg:  0.0, Max:  0.0, Diff:  0.0, Sum:  0.0, Workers: 4
[59.969s][debug][gc,phases      ] GC(14)     Dead                           Min: 0, Avg:  0.0, Max: 0, Diff: 0, Sum: 0, Workers: 4
[59.969s][debug][gc,phases      ] GC(14)     Total                          Min: 0, Avg: 12.0, Max: 48, Diff: 48, Sum: 48, Workers: 4
[59.969s][debug][gc,phases      ] GC(14)   StringDedup Table Weak         Min:  0.0, Avg:  0.0, Max:  0.0, Diff:  0.0, Sum:  0.0, Workers: 4
[59.969s][debug][gc,phases      ] GC(14)     Dead                           Min: 0, Avg:  0.0, Max: 0, Diff: 0, Sum: 0, Workers: 4
[59.969s][debug][gc,phases      ] GC(14)     Total                          Min: 0, Avg:  0.0, Max: 0, Diff: 0, Sum: 0, Workers: 4
[59.969s][debug][gc,phases      ] GC(14)   StringDedup Requests0 Weak     Min:  0.0, Avg:  0.0, Max:  0.0, Diff:  0.0, Sum:  0.0, Workers: 4
[59.969s][debug][gc,phases      ] GC(14)     Dead                           Min: 0, Avg:  0.0, Max: 0, Diff: 0, Sum: 0, Workers: 4
[59.969s][debug][gc,phases      ] GC(14)     Total                          Min: 0, Avg:  0.0, Max: 0, Diff: 0, Sum: 0, Workers: 4
[59.969s][debug][gc,phases      ] GC(14)   StringDedup Requests1 Weak     Min:  0.0, Avg:  0.0, Max:  0.0, Diff:  0.0, Sum:  0.0, Workers: 4
[59.969s][debug][gc,phases      ] GC(14)     Dead                           Min: 0, Avg:  0.0, Max: 0, Diff: 0, Sum: 0, Workers: 4
[59.969s][debug][gc,phases      ] GC(14)     Total                          Min: 0, Avg:  0.0, Max: 0, Diff: 0, Sum: 0, Workers: 4
[59.969s][debug][gc,phases      ] GC(14)   Weak JFR Old Object Samples    Min:  0.0, Avg:  0.0, Max:  0.0, Diff:  0.0, Sum:  0.0, Workers: 4
[59.969s][debug][gc,phases      ] GC(14)     Dead                           Min: 0, Avg:  0.0, Max: 0, Diff: 0, Sum: 0, Workers: 4
[59.969s][debug][gc,phases      ] GC(14)     Total                          Min: 0, Avg:  0.0, Max: 0, Diff: 0, Sum: 0, Workers: 4
[59.969s][debug][gc,phases      ] GC(14) Weak Processing 0.732ms
[59.969s][debug][gc,age         ] GC(14) Desired survivor size 530055168 bytes, new threshold 12 (max threshold 15)
[59.969s][info ][gc,heap        ] GC(14) PSYoungGen: 1399560K(1576960K)->331918K(1400320K) Eden: 1068032K(1068032K)->0K(1068032K) From: 331528K(508928K)->331918K(332288K)
[59.969s][info ][gc,heap        ] GC(14) ParOldGen: 82911K(146432K)->82919K(146432K)
[59.969s][info ][gc,metaspace   ] GC(14) Metaspace: 85878K(86976K)->85878K(86976K) NonClass: 73209K(73792K)->73209K(73792K) Class: 12668K(13184K)->12668K(13184K)
[59.969s][info ][gc             ] GC(14) Pause Young (Allocation Failure) 1447M->405M(1510M) 103.543ms
[59.969s][info ][gc,cpu         ] GC(14) User=0.35s Sys=0.00s Real=0.10s
[59.970s][info ][safepoint      ] Safepoint "ParallelGCFailedAllocation", Time since last: 602843953 ns, Reaching safepoint: 5000 ns, Cleanup: 64800 ns, At safepoint: 103633707 ns, Total: 103703507 ns
[61.045s][info ][safepoint      ] Safepoint "Cleanup", Time since last: 1075738850 ns, Reaching safepoint: 4300 ns, Cleanup: 39499 ns, At safepoint: 2500 ns, Total: 46299 ns
[62.045s][info ][safepoint      ] Safepoint "Cleanup", Time since last: 1000094682 ns, Reaching safepoint: 4900 ns, Cleanup: 23400 ns, At safepoint: 2300 ns, Total: 30600 ns
[63.089s][info ][safepoint      ] Safepoint "Cleanup", Time since last: 1043405543 ns, Reaching safepoint: 3000 ns, Cleanup: 64400 ns, At safepoint: 4399 ns, Total: 71799 ns
[64.089s][info ][safepoint      ] Safepoint "Cleanup", Time since last: 1000111122 ns, Reaching safepoint: 4300 ns, Cleanup: 23900 ns, At safepoint: 2100 ns, Total: 30300 ns
[65.089s][info ][safepoint      ] Safepoint "Cleanup", Time since last: 1000101021 ns, Reaching safepoint: 4400 ns, Cleanup: 29900 ns, At safepoint: 1700 ns, Total: 36000 ns
[66.089s][info ][safepoint      ] Safepoint "Cleanup", Time since last: 1000048721 ns, Reaching safepoint: 4100 ns, Cleanup: 37500 ns, At safepoint: 2500 ns, Total: 44100 ns
[67.089s][info ][safepoint      ] Safepoint "Cleanup", Time since last: 1000109721 ns, Reaching safepoint: 72900 ns, Cleanup: 29800 ns, At safepoint: 4399 ns, Total: 107099 ns
[68.090s][info ][safepoint      ] Safepoint "Cleanup", Time since last: 1000111722 ns, Reaching safepoint: 6200 ns, Cleanup: 45999 ns, At safepoint: 3000 ns, Total: 55199 ns
[69.090s][info ][safepoint      ] Safepoint "Cleanup", Time since last: 1000070122 ns, Reaching safepoint: 5100 ns, Cleanup: 15400 ns, At safepoint: 2300 ns, Total: 22800 ns
[70.090s][info ][safepoint      ] Safepoint "Cleanup", Time since last: 1000093421 ns, Reaching safepoint: 4700 ns, Cleanup: 16300 ns, At safepoint: 1800 ns, Total: 22800 ns
[71.090s][info ][safepoint      ] Safepoint "Cleanup", Time since last: 1000097470 ns, Reaching safepoint: 4900 ns, Cleanup: 20800 ns, At safepoint: 2200 ns, Total: 27900 ns
[72.090s][info ][safepoint      ] Safepoint "Cleanup", Time since last: 1000105749 ns, Reaching safepoint: 4500 ns, Cleanup: 82799 ns, At safepoint: 5500 ns, Total: 92799 ns
[73.090s][info ][safepoint      ] Safepoint "Cleanup", Time since last: 1000098849 ns, Reaching safepoint: 5200 ns, Cleanup: 13300 ns, At safepoint: 2200 ns, Total: 20700 ns
[74.047s][info ][gc,start       ] GC(15) Pause Young (Allocation Failure)
[74.152s][debug][gc,phases      ] GC(15) Scavenge 104.995ms
[74.152s][debug][gc,ref         ] GC(15) Skipped phase 1 of Reference Processing: no references
[74.152s][debug][gc,ref         ] GC(15) ReferenceProcessor::execute queues: 4, RefProcThreadModel::Multi, marks_oops_alive: false
[74.152s][debug][gc,ref         ] GC(15) Skipped phase 3 of Reference Processing: no references
[74.152s][debug][gc,ref         ] GC(15) ReferenceProcessor::execute queues: 1, RefProcThreadModel::Single, marks_oops_alive: false
[74.152s][debug][gc,phases      ] GC(15) Reference Processing 0.577ms
[74.153s][debug][gc,phases      ] GC(15)   VM Weak                        Min:  0.0, Avg:  0.0, Max:  0.0, Diff:  0.0, Sum:  0.0, Workers: 4
[74.153s][debug][gc,phases      ] GC(15)     Dead                           Min: 0, Avg:  0.0, Max: 0, Diff: 0, Sum: 0, Workers: 4
[74.153s][debug][gc,phases      ] GC(15)     Total                          Min: 64, Avg: 226.2, Max: 521, Diff: 457, Sum: 905, Workers: 4
[74.153s][debug][gc,phases      ] GC(15)   ObjectSynchronizer Weak        Min:  0.0, Avg:  0.0, Max:  0.0, Diff:  0.0, Sum:  0.0, Workers: 4
[74.153s][debug][gc,phases      ] GC(15)     Dead                           Min: 0, Avg:  0.0, Max: 0, Diff: 0, Sum: 0, Workers: 4
[74.153s][debug][gc,phases      ] GC(15)     Total                          Min: 0, Avg:  1.5, Max: 6, Diff: 6, Sum: 6, Workers: 4
[74.153s][debug][gc,phases      ] GC(15)   JVMTI Tag Weak OopStorage      Min:  0.0, Avg:  0.0, Max:  0.0, Diff:  0.0, Sum:  0.0, Workers: 4
[74.153s][debug][gc,phases      ] GC(15)     Dead                           Min: 0, Avg:  0.0, Max: 0, Diff: 0, Sum: 0, Workers: 4
[74.153s][debug][gc,phases      ] GC(15)     Total                          Min: 0, Avg:  0.0, Max: 0, Diff: 0, Sum: 0, Workers: 4
[74.153s][debug][gc,phases      ] GC(15)   StringTable Weak               Min:  0.3, Avg:  0.3, Max:  0.3, Diff:  0.0, Sum:  1.1, Workers: 4
[74.153s][debug][gc,phases      ] GC(15)     Dead                           Min: 0, Avg:  0.2, Max: 1, Diff: 1, Sum: 1, Workers: 4
[74.153s][debug][gc,phases      ] GC(15)     Total                          Min: 10496, Avg: 10944.0, Max: 11392, Diff: 896, Sum: 43776, Workers: 4
[74.153s][debug][gc,phases      ] GC(15)   ResolvedMethodTable Weak       Min:  0.1, Avg:  0.1, Max:  0.1, Diff:  0.0, Sum:  0.3, Workers: 4
[74.153s][debug][gc,phases      ] GC(15)     Dead                           Min: 0, Avg:  0.2, Max: 1, Diff: 1, Sum: 1, Workers: 4
[74.153s][debug][gc,phases      ] GC(15)     Total                          Min: 2560, Avg: 2691.2, Max: 2752, Diff: 192, Sum: 10765, Workers: 4
[74.153s][debug][gc,phases      ] GC(15)   JNI Weak                       Min:  0.0, Avg:  0.0, Max:  0.0, Diff:  0.0, Sum:  0.0, Workers: 4
[74.153s][debug][gc,phases      ] GC(15)     Dead                           Min: 0, Avg:  0.0, Max: 0, Diff: 0, Sum: 0, Workers: 4
[74.153s][debug][gc,phases      ] GC(15)     Total                          Min: 0, Avg: 12.0, Max: 48, Diff: 48, Sum: 48, Workers: 4
[74.153s][debug][gc,phases      ] GC(15)   StringDedup Table Weak         Min:  0.0, Avg:  0.0, Max:  0.0, Diff:  0.0, Sum:  0.0, Workers: 4
[74.153s][debug][gc,phases      ] GC(15)     Dead                           Min: 0, Avg:  0.0, Max: 0, Diff: 0, Sum: 0, Workers: 4
[74.153s][debug][gc,phases      ] GC(15)     Total                          Min: 0, Avg:  0.0, Max: 0, Diff: 0, Sum: 0, Workers: 4
[74.153s][debug][gc,phases      ] GC(15)   StringDedup Requests0 Weak     Min:  0.0, Avg:  0.0, Max:  0.0, Diff:  0.0, Sum:  0.0, Workers: 4
[74.153s][debug][gc,phases      ] GC(15)     Dead                           Min: 0, Avg:  0.0, Max: 0, Diff: 0, Sum: 0, Workers: 4
[74.153s][debug][gc,phases      ] GC(15)     Total                          Min: 0, Avg:  0.0, Max: 0, Diff: 0, Sum: 0, Workers: 4
[74.153s][debug][gc,phases      ] GC(15)   StringDedup Requests1 Weak     Min:  0.0, Avg:  0.0, Max:  0.0, Diff:  0.0, Sum:  0.0, Workers: 4
[74.153s][debug][gc,phases      ] GC(15)     Dead                           Min: 0, Avg:  0.0, Max: 0, Diff: 0, Sum: 0, Workers: 4
[74.153s][debug][gc,phases      ] GC(15)     Total                          Min: 0, Avg:  0.0, Max: 0, Diff: 0, Sum: 0, Workers: 4
[74.153s][debug][gc,phases      ] GC(15)   Weak JFR Old Object Samples    Min:  0.0, Avg:  0.0, Max:  0.0, Diff:  0.0, Sum:  0.0, Workers: 4
[74.153s][debug][gc,phases      ] GC(15)     Dead                           Min: 0, Avg:  0.0, Max: 0, Diff: 0, Sum: 0, Workers: 4
[74.153s][debug][gc,phases      ] GC(15)     Total                          Min: 0, Avg:  0.0, Max: 0, Diff: 0, Sum: 0, Workers: 4
[74.153s][debug][gc,phases      ] GC(15) Weak Processing 0.538ms
[74.153s][debug][gc,age         ] GC(15) Desired survivor size 530579456 bytes, new threshold 13 (max threshold 15)
[74.153s][info ][gc,heap        ] GC(15) PSYoungGen: 1399950K(1400320K)->332840K(1578496K) Eden: 1068032K(1068032K)->0K(1060864K) From: 331918K(332288K)->332840K(517632K)
[74.153s][info ][gc,heap        ] GC(15) ParOldGen: 82919K(146432K)->82927K(146432K)
[74.153s][info ][gc,metaspace   ] GC(15) Metaspace: 86009K(87104K)->86009K(87104K) NonClass: 73338K(73920K)->73338K(73920K) Class: 12670K(13184K)->12670K(13184K)
[74.153s][info ][gc             ] GC(15) Pause Young (Allocation Failure) 1448M->406M(1684M) 106.235ms
[74.153s][info ][gc,cpu         ] GC(15) User=0.37s Sys=0.00s Real=0.10s
[74.153s][info ][safepoint      ] Safepoint "ParallelGCFailedAllocation", Time since last: 956263988 ns, Reaching safepoint: 3100 ns, Cleanup: 12700 ns, At safepoint: 106307420 ns, Total: 106323220 ns
[75.153s][info ][safepoint      ] Safepoint "Cleanup", Time since last: 1000082149 ns, Reaching safepoint: 72500 ns, Cleanup: 41300 ns, At safepoint: 7800 ns, Total: 121600 ns
[76.153s][info ][safepoint      ] Safepoint "Cleanup", Time since last: 1000104948 ns, Reaching safepoint: 71500 ns, Cleanup: 32800 ns, At safepoint: 4700 ns, Total: 109000 ns
[77.153s][info ][safepoint      ] Safepoint "Cleanup", Time since last: 1000081149 ns, Reaching safepoint: 79299 ns, Cleanup: 19300 ns, At safepoint: 6400 ns, Total: 104999 ns
[78.090s][info ][safepoint      ] Safepoint "ICBufferFull", Time since last: 936244697 ns, Reaching safepoint: 3500 ns, Cleanup: 160499 ns, At safepoint: 5300 ns, Total: 169299 ns
[79.090s][info ][safepoint      ] Safepoint "Cleanup", Time since last: 1000098726 ns, Reaching safepoint: 4200 ns, Cleanup: 48800 ns, At safepoint: 1700 ns, Total: 54700 ns
[80.090s][info ][safepoint      ] Safepoint "Cleanup", Time since last: 1000114540 ns, Reaching safepoint: 4600 ns, Cleanup: 14000 ns, At safepoint: 1900 ns, Total: 20500 ns
[81.090s][info ][safepoint      ] Safepoint "Cleanup", Time since last: 1000117739 ns, Reaching safepoint: 5200 ns, Cleanup: 7000 ns, At safepoint: 1700 ns, Total: 13900 ns
[83.091s][info ][safepoint      ] Safepoint "Cleanup", Time since last: 2000168780 ns, Reaching safepoint: 3999 ns, Cleanup: 13700 ns, At safepoint: 2400 ns, Total: 20099 ns
[84.091s][info ][safepoint      ] Safepoint "Cleanup", Time since last: 1000094640 ns, Reaching safepoint: 4300 ns, Cleanup: 10900 ns, At safepoint: 1500 ns, Total: 16700 ns
[85.091s][info ][safepoint      ] Safepoint "Cleanup", Time since last: 1000115740 ns, Reaching safepoint: 5200 ns, Cleanup: 39999 ns, At safepoint: 2100 ns, Total: 47299 ns
[86.091s][info ][safepoint      ] Safepoint "Cleanup", Time since last: 1000102940 ns, Reaching safepoint: 4600 ns, Cleanup: 15100 ns, At safepoint: 1900 ns, Total: 21600 ns
[87.091s][info ][safepoint      ] Safepoint "Cleanup", Time since last: 1000056118 ns, Reaching safepoint: 4900 ns, Cleanup: 48600 ns, At safepoint: 5600 ns, Total: 59100 ns
[88.091s][info ][safepoint      ] Safepoint "Cleanup", Time since last: 1000100229 ns, Reaching safepoint: 6000 ns, Cleanup: 41800 ns, At safepoint: 7499 ns, Total: 55299 ns
[89.060s][info ][gc,start       ] GC(16) Pause Young (Allocation Failure)
[89.159s][debug][gc,phases      ] GC(16) Scavenge 99.780ms
[89.159s][debug][gc,ref         ] GC(16) Skipped phase 1 of Reference Processing: no references
[89.160s][debug][gc,ref         ] GC(16) ReferenceProcessor::execute queues: 4, RefProcThreadModel::Multi, marks_oops_alive: false
[89.160s][debug][gc,ref         ] GC(16) Skipped phase 3 of Reference Processing: no references
[89.160s][debug][gc,ref         ] GC(16) ReferenceProcessor::execute queues: 1, RefProcThreadModel::Single, marks_oops_alive: false
[89.160s][debug][gc,phases      ] GC(16) Reference Processing 0.626ms
[89.161s][debug][gc,phases      ] GC(16)   VM Weak                        Min:  0.0, Avg:  0.0, Max:  0.0, Diff:  0.0, Sum:  0.0, Workers: 4
[89.161s][debug][gc,phases      ] GC(16)     Dead                           Min: 0, Avg:  0.0, Max: 0, Diff: 0, Sum: 0, Workers: 4
[89.161s][debug][gc,phases      ] GC(16)     Total                          Min: 128, Avg: 227.5, Max: 384, Diff: 256, Sum: 910, Workers: 4
[89.161s][debug][gc,phases      ] GC(16)   ObjectSynchronizer Weak        Min:  0.0, Avg:  0.0, Max:  0.0, Diff:  0.0, Sum:  0.0, Workers: 4
[89.161s][debug][gc,phases      ] GC(16)     Dead                           Min: 0, Avg:  0.0, Max: 0, Diff: 0, Sum: 0, Workers: 4
[89.161s][debug][gc,phases      ] GC(16)     Total                          Min: 0, Avg:  1.5, Max: 6, Diff: 6, Sum: 6, Workers: 4
[89.161s][debug][gc,phases      ] GC(16)   JVMTI Tag Weak OopStorage      Min:  0.0, Avg:  0.0, Max:  0.0, Diff:  0.0, Sum:  0.0, Workers: 4
[89.161s][debug][gc,phases      ] GC(16)     Dead                           Min: 0, Avg:  0.0, Max: 0, Diff: 0, Sum: 0, Workers: 4
[89.161s][debug][gc,phases      ] GC(16)     Total                          Min: 0, Avg:  0.0, Max: 0, Diff: 0, Sum: 0, Workers: 4
[89.161s][debug][gc,phases      ] GC(16)   StringTable Weak               Min:  0.3, Avg:  0.3, Max:  0.3, Diff:  0.0, Sum:  1.1, Workers: 4
[89.161s][debug][gc,phases      ] GC(16)     Dead                           Min: 0, Avg:  0.2, Max: 1, Diff: 1, Sum: 1, Workers: 4
[89.161s][debug][gc,phases      ] GC(16)     Total                          Min: 9131, Avg: 10970.8, Max: 12288, Diff: 3157, Sum: 43883, Workers: 4
[89.161s][debug][gc,phases      ] GC(16)   ResolvedMethodTable Weak       Min:  0.1, Avg:  0.1, Max:  0.1, Diff:  0.0, Sum:  0.3, Workers: 4
[89.161s][debug][gc,phases      ] GC(16)     Dead                           Min: 0, Avg:  0.0, Max: 0, Diff: 0, Sum: 0, Workers: 4
[89.161s][debug][gc,phases      ] GC(16)     Total                          Min: 2496, Avg: 2710.2, Max: 2816, Diff: 320, Sum: 10841, Workers: 4
[89.161s][debug][gc,phases      ] GC(16)   JNI Weak                       Min:  0.0, Avg:  0.0, Max:  0.0, Diff:  0.0, Sum:  0.0, Workers: 4
[89.161s][debug][gc,phases      ] GC(16)     Dead                           Min: 0, Avg:  0.0, Max: 0, Diff: 0, Sum: 0, Workers: 4
[89.161s][debug][gc,phases      ] GC(16)     Total                          Min: 0, Avg: 12.0, Max: 48, Diff: 48, Sum: 48, Workers: 4
[89.161s][debug][gc,phases      ] GC(16)   StringDedup Table Weak         Min:  0.0, Avg:  0.0, Max:  0.0, Diff:  0.0, Sum:  0.0, Workers: 4
[89.161s][debug][gc,phases      ] GC(16)     Dead                           Min: 0, Avg:  0.0, Max: 0, Diff: 0, Sum: 0, Workers: 4
[89.161s][debug][gc,phases      ] GC(16)     Total                          Min: 0, Avg:  0.0, Max: 0, Diff: 0, Sum: 0, Workers: 4
[89.161s][debug][gc,phases      ] GC(16)   StringDedup Requests0 Weak     Min:  0.0, Avg:  0.0, Max:  0.0, Diff:  0.0, Sum:  0.0, Workers: 4
[89.161s][debug][gc,phases      ] GC(16)     Dead                           Min: 0, Avg:  0.0, Max: 0, Diff: 0, Sum: 0, Workers: 4
[89.161s][debug][gc,phases      ] GC(16)     Total                          Min: 0, Avg:  0.0, Max: 0, Diff: 0, Sum: 0, Workers: 4
[89.161s][debug][gc,phases      ] GC(16)   StringDedup Requests1 Weak     Min:  0.0, Avg:  0.0, Max:  0.0, Diff:  0.0, Sum:  0.0, Workers: 4
[89.161s][debug][gc,phases      ] GC(16)     Dead                           Min: 0, Avg:  0.0, Max: 0, Diff: 0, Sum: 0, Workers: 4
[89.161s][debug][gc,phases      ] GC(16)     Total                          Min: 0, Avg:  0.0, Max: 0, Diff: 0, Sum: 0, Workers: 4
[89.161s][debug][gc,phases      ] GC(16)   Weak JFR Old Object Samples    Min:  0.0, Avg:  0.0, Max:  0.0, Diff:  0.0, Sum:  0.0, Workers: 4
[89.161s][debug][gc,phases      ] GC(16)     Dead                           Min: 0, Avg:  0.0, Max: 0, Diff: 0, Sum: 0, Workers: 4
[89.161s][debug][gc,phases      ] GC(16)     Total                          Min: 0, Avg:  0.0, Max: 0, Diff: 0, Sum: 0, Workers: 4
[89.161s][debug][gc,phases      ] GC(16) Weak Processing 0.548ms
[89.161s][debug][gc,age         ] GC(16) Desired survivor size 528482304 bytes, new threshold 14 (max threshold 15)
[89.161s][info ][gc,heap        ] GC(16) PSYoungGen: 1393704K(1578496K)->330696K(1579008K) Eden: 1060864K(1060864K)->0K(1060864K) From: 332840K(517632K)->330696K(518144K)
[89.161s][info ][gc,heap        ] GC(16) ParOldGen: 82927K(146432K)->82935K(146432K)
[89.161s][info ][gc,metaspace   ] GC(16) Metaspace: 86437K(87552K)->86437K(87552K) NonClass: 73717K(74304K)->73717K(74304K) Class: 12719K(13248K)->12719K(13248K)
[89.161s][info ][gc             ] GC(16) Pause Young (Allocation Failure) 1442M->403M(1685M) 101.086ms
[89.161s][info ][gc,cpu         ] GC(16) User=0.36s Sys=0.00s Real=0.10s
[89.161s][info ][safepoint      ] Safepoint "ParallelGCFailedAllocation", Time since last: 968382893 ns, Reaching safepoint: 3900 ns, Cleanup: 11700 ns, At safepoint: 101151877 ns, Total: 101167477 ns
[90.161s][info ][safepoint      ] Safepoint "Cleanup", Time since last: 1000078729 ns, Reaching safepoint: 4200 ns, Cleanup: 19300 ns, At safepoint: 2599 ns, Total: 26099 ns
[91.161s][info ][safepoint      ] Safepoint "Cleanup", Time since last: 1000090529 ns, Reaching safepoint: 5100 ns, Cleanup: 14000 ns, At safepoint: 2100 ns, Total: 21200 ns
[92.161s][info ][safepoint      ] Safepoint "Cleanup", Time since last: 1000102529 ns, Reaching safepoint: 4900 ns, Cleanup: 10200 ns, At safepoint: 1500 ns, Total: 16600 ns
[93.161s][info ][safepoint      ] Safepoint "Cleanup", Time since last: 1000114628 ns, Reaching safepoint: 5900 ns, Cleanup: 21700 ns, At safepoint: 6600 ns, Total: 34200 ns
[94.161s][info ][safepoint      ] Safepoint "Cleanup", Time since last: 1000123154 ns, Reaching safepoint: 4500 ns, Cleanup: 15000 ns, At safepoint: 1600 ns, Total: 21100 ns
[96.162s][info ][safepoint      ] Safepoint "Cleanup", Time since last: 2000156118 ns, Reaching safepoint: 5900 ns, Cleanup: 29999 ns, At safepoint: 2400 ns, Total: 38299 ns
[97.162s][info ][safepoint      ] Safepoint "Cleanup", Time since last: 1000099697 ns, Reaching safepoint: 4700 ns, Cleanup: 13400 ns, At safepoint: 1500 ns, Total: 19600 ns
[98.162s][info ][safepoint      ] Safepoint "Cleanup", Time since last: 1000092597 ns, Reaching safepoint: 3700 ns, Cleanup: 10400 ns, At safepoint: 1700 ns, Total: 15800 ns
[99.162s][info ][safepoint      ] Safepoint "Cleanup", Time since last: 1000099397 ns, Reaching safepoint: 3900 ns, Cleanup: 22300 ns, At safepoint: 1600 ns, Total: 27800 ns
[101.162s][info ][safepoint      ] Safepoint "Cleanup", Time since last: 2000171494 ns, Reaching safepoint: 5200 ns, Cleanup: 10800 ns, At safepoint: 2400 ns, Total: 18400 ns
[102.162s][info ][safepoint      ] Safepoint "Cleanup", Time since last: 1000107197 ns, Reaching safepoint: 6000 ns, Cleanup: 13500 ns, At safepoint: 2200 ns, Total: 21700 ns
[103.162s][info ][safepoint      ] Safepoint "Cleanup", Time since last: 1000105883 ns, Reaching safepoint: 5100 ns, Cleanup: 14800 ns, At safepoint: 2200 ns, Total: 22100 ns
[104.162s][info ][safepoint      ] Safepoint "Cleanup", Time since last: 1000100541 ns, Reaching safepoint: 5000 ns, Cleanup: 11500 ns, At safepoint: 1800 ns, Total: 18300 ns
[105.163s][info ][safepoint      ] Safepoint "Cleanup", Time since last: 1000098741 ns, Reaching safepoint: 4900 ns, Cleanup: 8000 ns, At safepoint: 1800 ns, Total: 14700 ns
[105.649s][info ][gc,start       ] GC(17) Pause Young (Allocation Failure)
[105.751s][debug][gc,phases      ] GC(17) Scavenge 102.011ms
[105.751s][debug][gc,ref         ] GC(17) Skipped phase 1 of Reference Processing: no references
[105.751s][debug][gc,ref         ] GC(17) ReferenceProcessor::execute queues: 4, RefProcThreadModel::Multi, marks_oops_alive: false
[105.752s][debug][gc,ref         ] GC(17) Skipped phase 3 of Reference Processing: no references
[105.752s][debug][gc,ref         ] GC(17) ReferenceProcessor::execute queues: 1, RefProcThreadModel::Single, marks_oops_alive: false
[105.752s][debug][gc,phases      ] GC(17) Reference Processing 0.601ms
[105.752s][debug][gc,phases      ] GC(17)   VM Weak                        Min:  0.0, Avg:  0.0, Max:  0.0, Diff:  0.0, Sum:  0.0, Workers: 4
[105.752s][debug][gc,phases      ] GC(17)     Dead                           Min: 0, Avg:  0.0, Max: 0, Diff: 0, Sum: 0, Workers: 4
[105.752s][debug][gc,phases      ] GC(17)     Total                          Min: 79, Avg: 227.8, Max: 384, Diff: 305, Sum: 911, Workers: 4
[105.752s][debug][gc,phases      ] GC(17)   ObjectSynchronizer Weak        Min:  0.0, Avg:  0.0, Max:  0.0, Diff:  0.0, Sum:  0.0, Workers: 4
[105.752s][debug][gc,phases      ] GC(17)     Dead                           Min: 0, Avg:  0.0, Max: 0, Diff: 0, Sum: 0, Workers: 4
[105.752s][debug][gc,phases      ] GC(17)     Total                          Min: 0, Avg:  1.5, Max: 6, Diff: 6, Sum: 6, Workers: 4
[105.752s][debug][gc,phases      ] GC(17)   JVMTI Tag Weak OopStorage      Min:  0.0, Avg:  0.0, Max:  0.0, Diff:  0.0, Sum:  0.0, Workers: 4
[105.752s][debug][gc,phases      ] GC(17)     Dead                           Min: 0, Avg:  0.0, Max: 0, Diff: 0, Sum: 0, Workers: 4
[105.752s][debug][gc,phases      ] GC(17)     Total                          Min: 0, Avg:  0.0, Max: 0, Diff: 0, Sum: 0, Workers: 4
[105.752s][debug][gc,phases      ] GC(17)   StringTable Weak               Min:  0.3, Avg:  0.3, Max:  0.3, Diff:  0.0, Sum:  1.1, Workers: 4
[105.752s][debug][gc,phases      ] GC(17)     Dead                           Min: 0, Avg:  0.0, Max: 0, Diff: 0, Sum: 0, Workers: 4
[105.752s][debug][gc,phases      ] GC(17)     Total                          Min: 9600, Avg: 10982.0, Max: 11904, Diff: 2304, Sum: 43928, Workers: 4
[105.752s][debug][gc,phases      ] GC(17)   ResolvedMethodTable Weak       Min:  0.1, Avg:  0.1, Max:  0.1, Diff:  0.0, Sum:  0.3, Workers: 4
[105.752s][debug][gc,phases      ] GC(17)     Dead                           Min: 0, Avg:  0.0, Max: 0, Diff: 0, Sum: 0, Workers: 4
[105.752s][debug][gc,phases      ] GC(17)     Total                          Min: 2496, Avg: 2714.2, Max: 2880, Diff: 384, Sum: 10857, Workers: 4
[105.752s][debug][gc,phases      ] GC(17)   JNI Weak                       Min:  0.0, Avg:  0.0, Max:  0.0, Diff:  0.0, Sum:  0.0, Workers: 4
[105.752s][debug][gc,phases      ] GC(17)     Dead                           Min: 0, Avg:  0.0, Max: 0, Diff: 0, Sum: 0, Workers: 4
[105.752s][debug][gc,phases      ] GC(17)     Total                          Min: 0, Avg: 12.0, Max: 48, Diff: 48, Sum: 48, Workers: 4
[105.752s][debug][gc,phases      ] GC(17)   StringDedup Table Weak         Min:  0.0, Avg:  0.0, Max:  0.0, Diff:  0.0, Sum:  0.0, Workers: 4
[105.752s][debug][gc,phases      ] GC(17)     Dead                           Min: 0, Avg:  0.0, Max: 0, Diff: 0, Sum: 0, Workers: 4
[105.752s][debug][gc,phases      ] GC(17)     Total                          Min: 0, Avg:  0.0, Max: 0, Diff: 0, Sum: 0, Workers: 4
[105.752s][debug][gc,phases      ] GC(17)   StringDedup Requests0 Weak     Min:  0.0, Avg:  0.0, Max:  0.0, Diff:  0.0, Sum:  0.0, Workers: 4
[105.752s][debug][gc,phases      ] GC(17)     Dead                           Min: 0, Avg:  0.0, Max: 0, Diff: 0, Sum: 0, Workers: 4
[105.752s][debug][gc,phases      ] GC(17)     Total                          Min: 0, Avg:  0.0, Max: 0, Diff: 0, Sum: 0, Workers: 4
[105.752s][debug][gc,phases      ] GC(17)   StringDedup Requests1 Weak     Min:  0.0, Avg:  0.0, Max:  0.0, Diff:  0.0, Sum:  0.0, Workers: 4
[105.752s][debug][gc,phases      ] GC(17)     Dead                           Min: 0, Avg:  0.0, Max: 0, Diff: 0, Sum: 0, Workers: 4
[105.752s][debug][gc,phases      ] GC(17)     Total                          Min: 0, Avg:  0.0, Max: 0, Diff: 0, Sum: 0, Workers: 4
[105.752s][debug][gc,phases      ] GC(17)   Weak JFR Old Object Samples    Min:  0.0, Avg:  0.0, Max:  0.0, Diff:  0.0, Sum:  0.0, Workers: 4
[105.752s][debug][gc,phases      ] GC(17)     Dead                           Min: 0, Avg:  0.0, Max: 0, Diff: 0, Sum: 0, Workers: 4
[105.752s][debug][gc,phases      ] GC(17)     Total                          Min: 0, Avg:  0.0, Max: 0, Diff: 0, Sum: 0, Workers: 4
[105.752s][debug][gc,phases      ] GC(17) Weak Processing 0.535ms
[105.752s][debug][gc,age         ] GC(17) Desired survivor size 524812288 bytes, new threshold 15 (max threshold 15)
[105.752s][info ][gc,heap        ] GC(17) PSYoungGen: 1391560K(1579008K)->330830K(1584640K) Eden: 1060864K(1060864K)->0K(1068544K) From: 330696K(518144K)->330830K(516096K)
[105.752s][info ][gc,heap        ] GC(17) ParOldGen: 82935K(146432K)->82943K(146432K)
[105.752s][info ][gc,metaspace   ] GC(17) Metaspace: 86517K(87616K)->86517K(87616K) NonClass: 73789K(74368K)->73789K(74368K) Class: 12728K(13248K)->12728K(13248K)
[105.752s][info ][gc             ] GC(17) Pause Young (Allocation Failure) 1439M->404M(1690M) 103.274ms
[105.752s][info ][gc,cpu         ] GC(17) User=0.37s Sys=0.00s Real=0.10s
[105.752s][info ][safepoint      ] Safepoint "ParallelGCFailedAllocation", Time since last: 486369197 ns, Reaching safepoint: 73299 ns, Cleanup: 3100 ns, At safepoint: 103335626 ns, Total: 103412025 ns
[106.753s][info ][safepoint      ] Safepoint "Cleanup", Time since last: 1000085641 ns, Reaching safepoint: 78300 ns, Cleanup: 12900 ns, At safepoint: 4700 ns, Total: 95900 ns
[107.753s][info ][safepoint      ] Safepoint "Cleanup", Time since last: 1000100741 ns, Reaching safepoint: 71600 ns, Cleanup: 12799 ns, At safepoint: 5100 ns, Total: 89499 ns
[108.753s][info ][safepoint      ] Safepoint "Cleanup", Time since last: 1000110342 ns, Reaching safepoint: 76999 ns, Cleanup: 9300 ns, At safepoint: 6400 ns, Total: 92699 ns
[109.753s][info ][safepoint      ] Safepoint "Cleanup", Time since last: 1000115841 ns, Reaching safepoint: 72900 ns, Cleanup: 8800 ns, At safepoint: 5700 ns, Total: 87400 ns
[110.753s][info ][safepoint      ] Safepoint "Cleanup", Time since last: 1000111441 ns, Reaching safepoint: 78300 ns, Cleanup: 8700 ns, At safepoint: 8400 ns, Total: 95400 ns
[112.754s][info ][safepoint      ] Safepoint "Cleanup", Time since last: 2000177432 ns, Reaching safepoint: 71399 ns, Cleanup: 9800 ns, At safepoint: 5000 ns, Total: 86199 ns
[113.754s][info ][safepoint      ] Safepoint "Cleanup", Time since last: 1000095260 ns, Reaching safepoint: 73800 ns, Cleanup: 11899 ns, At safepoint: 6200 ns, Total: 91899 ns
[114.754s][info ][safepoint      ] Safepoint "Cleanup", Time since last: 1000102860 ns, Reaching safepoint: 73900 ns, Cleanup: 13399 ns, At safepoint: 5000 ns, Total: 92299 ns
[116.754s][info ][safepoint      ] Safepoint "Cleanup", Time since last: 2000167320 ns, Reaching safepoint: 73099 ns, Cleanup: 18600 ns, At safepoint: 6000 ns, Total: 97699 ns
[118.755s][info ][safepoint      ] Safepoint "Cleanup", Time since last: 2000180320 ns, Reaching safepoint: 74799 ns, Cleanup: 20500 ns, At safepoint: 6800 ns, Total: 102099 ns
[120.015s][info ][safepoint      ] Safepoint "Cleanup", Time since last: 1260276692 ns, Reaching safepoint: 4400 ns, Cleanup: 48700 ns, At safepoint: 2100 ns, Total: 55200 ns
[121.067s][info ][safepoint      ] Safepoint "Cleanup", Time since last: 1052345561 ns, Reaching safepoint: 3900 ns, Cleanup: 8199 ns, At safepoint: 2100 ns, Total: 14199 ns
[122.067s][info ][safepoint      ] Safepoint "Cleanup", Time since last: 1000119451 ns, Reaching safepoint: 5300 ns, Cleanup: 8000 ns, At safepoint: 7800 ns, Total: 21100 ns
[122.957s][info ][gc,start       ] GC(18) Pause Young (Allocation Failure)
[123.057s][debug][gc,phases      ] GC(18) Scavenge 99.610ms
[123.057s][debug][gc,ref         ] GC(18) Skipped phase 1 of Reference Processing: no references
[123.057s][debug][gc,ref         ] GC(18) ReferenceProcessor::execute queues: 4, RefProcThreadModel::Multi, marks_oops_alive: false
[123.057s][debug][gc,ref         ] GC(18) Skipped phase 3 of Reference Processing: no references
[123.057s][debug][gc,ref         ] GC(18) ReferenceProcessor::execute queues: 1, RefProcThreadModel::Single, marks_oops_alive: false
[123.057s][debug][gc,phases      ] GC(18) Reference Processing 0.627ms
[123.058s][debug][gc,phases      ] GC(18)   VM Weak                        Min:  0.0, Avg:  0.0, Max:  0.0, Diff:  0.0, Sum:  0.0, Workers: 4
[123.058s][debug][gc,phases      ] GC(18)     Dead                           Min: 0, Avg:  0.0, Max: 0, Diff: 0, Sum: 0, Workers: 4
[123.058s][debug][gc,phases      ] GC(18)     Total                          Min: 128, Avg: 227.8, Max: 384, Diff: 256, Sum: 911, Workers: 4
[123.058s][debug][gc,phases      ] GC(18)   ObjectSynchronizer Weak        Min:  0.0, Avg:  0.0, Max:  0.0, Diff:  0.0, Sum:  0.0, Workers: 4
[123.058s][debug][gc,phases      ] GC(18)     Dead                           Min: 0, Avg:  0.0, Max: 0, Diff: 0, Sum: 0, Workers: 4
[123.058s][debug][gc,phases      ] GC(18)     Total                          Min: 0, Avg:  1.2, Max: 5, Diff: 5, Sum: 5, Workers: 4
[123.058s][debug][gc,phases      ] GC(18)   JVMTI Tag Weak OopStorage      Min:  0.0, Avg:  0.0, Max:  0.0, Diff:  0.0, Sum:  0.0, Workers: 4
[123.058s][debug][gc,phases      ] GC(18)     Dead                           Min: 0, Avg:  0.0, Max: 0, Diff: 0, Sum: 0, Workers: 4
[123.058s][debug][gc,phases      ] GC(18)     Total                          Min: 0, Avg:  0.0, Max: 0, Diff: 0, Sum: 0, Workers: 4
[123.058s][debug][gc,phases      ] GC(18)   StringTable Weak               Min:  0.3, Avg:  0.3, Max:  0.3, Diff:  0.0, Sum:  1.1, Workers: 4
[123.058s][debug][gc,phases      ] GC(18)     Dead                           Min: 0, Avg:  0.0, Max: 0, Diff: 0, Sum: 0, Workers: 4
[123.058s][debug][gc,phases      ] GC(18)     Total                          Min: 9728, Avg: 10982.8, Max: 12123, Diff: 2395, Sum: 43931, Workers: 4
[123.058s][debug][gc,phases      ] GC(18)   ResolvedMethodTable Weak       Min:  0.1, Avg:  0.1, Max:  0.1, Diff:  0.0, Sum:  0.4, Workers: 4
[123.058s][debug][gc,phases      ] GC(18)     Dead                           Min: 0, Avg:  0.0, Max: 0, Diff: 0, Sum: 0, Workers: 4
[123.058s][debug][gc,phases      ] GC(18)     Total                          Min: 2153, Avg: 2714.2, Max: 3072, Diff: 919, Sum: 10857, Workers: 4
[123.058s][debug][gc,phases      ] GC(18)   JNI Weak                       Min:  0.0, Avg:  0.0, Max:  0.0, Diff:  0.0, Sum:  0.0, Workers: 4
[123.058s][debug][gc,phases      ] GC(18)     Dead                           Min: 0, Avg:  0.0, Max: 0, Diff: 0, Sum: 0, Workers: 4
[123.058s][debug][gc,phases      ] GC(18)     Total                          Min: 0, Avg: 12.0, Max: 48, Diff: 48, Sum: 48, Workers: 4
[123.058s][debug][gc,phases      ] GC(18)   StringDedup Table Weak         Min:  0.0, Avg:  0.0, Max:  0.0, Diff:  0.0, Sum:  0.0, Workers: 4
[123.058s][debug][gc,phases      ] GC(18)     Dead                           Min: 0, Avg:  0.0, Max: 0, Diff: 0, Sum: 0, Workers: 4
[123.058s][debug][gc,phases      ] GC(18)     Total                          Min: 0, Avg:  0.0, Max: 0, Diff: 0, Sum: 0, Workers: 4
[123.058s][debug][gc,phases      ] GC(18)   StringDedup Requests0 Weak     Min:  0.0, Avg:  0.0, Max:  0.0, Diff:  0.0, Sum:  0.0, Workers: 4
[123.058s][debug][gc,phases      ] GC(18)     Dead                           Min: 0, Avg:  0.0, Max: 0, Diff: 0, Sum: 0, Workers: 4
[123.058s][debug][gc,phases      ] GC(18)     Total                          Min: 0, Avg:  0.0, Max: 0, Diff: 0, Sum: 0, Workers: 4
[123.058s][debug][gc,phases      ] GC(18)   StringDedup Requests1 Weak     Min:  0.0, Avg:  0.0, Max:  0.0, Diff:  0.0, Sum:  0.0, Workers: 4
[123.058s][debug][gc,phases      ] GC(18)     Dead                           Min: 0, Avg:  0.0, Max: 0, Diff: 0, Sum: 0, Workers: 4
[123.058s][debug][gc,phases      ] GC(18)     Total                          Min: 0, Avg:  0.0, Max: 0, Diff: 0, Sum: 0, Workers: 4
[123.058s][debug][gc,phases      ] GC(18)   Weak JFR Old Object Samples    Min:  0.0, Avg:  0.0, Max:  0.0, Diff:  0.0, Sum:  0.0, Workers: 4
[123.058s][debug][gc,phases      ] GC(18)     Dead                           Min: 0, Avg:  0.0, Max: 0, Diff: 0, Sum: 0, Workers: 4
[123.058s][debug][gc,phases      ] GC(18)     Total                          Min: 0, Avg:  0.0, Max: 0, Diff: 0, Sum: 0, Workers: 4
[123.058s][debug][gc,phases      ] GC(18) Weak Processing 0.541ms
[123.058s][debug][gc,age         ] GC(18) Desired survivor size 520093696 bytes, new threshold 15 (max threshold 15)
[123.058s][info ][gc,heap        ] GC(18) PSYoungGen: 1399374K(1584640K)->330636K(1581056K) Eden: 1068544K(1068544K)->0K(1068544K) From: 330830K(516096K)->330636K(512512K)
[123.058s][info ][gc,heap        ] GC(18) ParOldGen: 82943K(146432K)->82951K(146432K)
[123.058s][info ][gc,metaspace   ] GC(18) Metaspace: 86552K(87680K)->86552K(87680K) NonClass: 73823K(74432K)->73823K(74432K) Class: 12728K(13248K)->12728K(13248K)
[123.058s][info ][gc             ] GC(18) Pause Young (Allocation Failure) 1447M->403M(1687M) 100.909ms
[123.058s][info ][gc,cpu         ] GC(18) User=0.36s Sys=0.00s Real=0.10s
[123.058s][info ][safepoint      ] Safepoint "ParallelGCFailedAllocation", Time since last: 889715863 ns, Reaching safepoint: 5400 ns, Cleanup: 11300 ns, At safepoint: 100979540 ns, Total: 100996240 ns
[124.058s][info ][safepoint      ] Safepoint "Cleanup", Time since last: 1000097051 ns, Reaching safepoint: 77499 ns, Cleanup: 8800 ns, At safepoint: 5900 ns, Total: 92199 ns
[126.059s][info ][safepoint      ] Safepoint "Cleanup", Time since last: 2000170402 ns, Reaching safepoint: 74099 ns, Cleanup: 8800 ns, At safepoint: 6400 ns, Total: 89299 ns
[127.059s][info ][safepoint      ] Safepoint "Cleanup", Time since last: 1000106401 ns, Reaching safepoint: 74499 ns, Cleanup: 6700 ns, At safepoint: 11100 ns, Total: 92299 ns
[128.059s][info ][safepoint      ] Safepoint "Cleanup", Time since last: 1000559726 ns, Reaching safepoint: 5800 ns, Cleanup: 6500 ns, At safepoint: 4700 ns, Total: 17000 ns
[129.060s][info ][safepoint      ] Safepoint "Cleanup", Time since last: 1000289126 ns, Reaching safepoint: 5800 ns, Cleanup: 7100 ns, At safepoint: 1500 ns, Total: 14400 ns
[130.060s][info ][safepoint      ] Safepoint "Cleanup", Time since last: 1000112028 ns, Reaching safepoint: 78700 ns, Cleanup: 42199 ns, At safepoint: 7600 ns, Total: 128499 ns
[131.060s][info ][safepoint      ] Safepoint "Cleanup", Time since last: 1000093728 ns, Reaching safepoint: 5300 ns, Cleanup: 36500 ns, At safepoint: 5100 ns, Total: 46900 ns
[132.060s][info ][safepoint      ] Safepoint "Cleanup", Time since last: 1000095228 ns, Reaching safepoint: 5500 ns, Cleanup: 14300 ns, At safepoint: 5500 ns, Total: 25300 ns
[133.060s][info ][safepoint      ] Safepoint "Cleanup", Time since last: 1000097028 ns, Reaching safepoint: 4200 ns, Cleanup: 19899 ns, At safepoint: 1800 ns, Total: 25899 ns
[134.060s][info ][safepoint      ] Safepoint "Cleanup", Time since last: 1000102628 ns, Reaching safepoint: 81600 ns, Cleanup: 7100 ns, At safepoint: 6900 ns, Total: 95600 ns
[135.061s][info ][safepoint      ] Safepoint "Cleanup", Time since last: 1000093109 ns, Reaching safepoint: 5700 ns, Cleanup: 17200 ns, At safepoint: 2200 ns, Total: 25100 ns
[136.061s][info ][safepoint      ] Safepoint "Cleanup", Time since last: 1000090154 ns, Reaching safepoint: 4100 ns, Cleanup: 6700 ns, At safepoint: 1700 ns, Total: 12500 ns
[137.061s][info ][safepoint      ] Safepoint "Cleanup", Time since last: 1000097154 ns, Reaching safepoint: 79599 ns, Cleanup: 15400 ns, At safepoint: 7500 ns, Total: 102499 ns
[139.061s][info ][safepoint      ] Safepoint "Cleanup", Time since last: 2000144608 ns, Reaching safepoint: 81200 ns, Cleanup: 41999 ns, At safepoint: 9300 ns, Total: 132499 ns
[140.061s][info ][safepoint      ] Safepoint "Cleanup", Time since last: 1000105354 ns, Reaching safepoint: 75900 ns, Cleanup: 22500 ns, At safepoint: 8700 ns, Total: 107100 ns
[140.309s][info ][gc,start       ] GC(19) Pause Young (Allocation Failure)
[140.416s][debug][gc,phases      ] GC(19) Scavenge 106.989ms
[140.416s][debug][gc,ref         ] GC(19) Skipped phase 1 of Reference Processing: no references
[140.416s][debug][gc,ref         ] GC(19) ReferenceProcessor::execute queues: 4, RefProcThreadModel::Multi, marks_oops_alive: false
[140.416s][debug][gc,ref         ] GC(19) Skipped phase 3 of Reference Processing: no references
[140.416s][debug][gc,ref         ] GC(19) ReferenceProcessor::execute queues: 1, RefProcThreadModel::Single, marks_oops_alive: false
[140.416s][debug][gc,phases      ] GC(19) Reference Processing 0.672ms
[140.417s][debug][gc,phases      ] GC(19)   VM Weak                        Min:  0.0, Avg:  0.0, Max:  0.0, Diff:  0.0, Sum:  0.0, Workers: 4
[140.417s][debug][gc,phases      ] GC(19)     Dead                           Min: 0, Avg:  0.0, Max: 0, Diff: 0, Sum: 0, Workers: 4
[140.417s][debug][gc,phases      ] GC(19)     Total                          Min: 0, Avg: 228.0, Max: 464, Diff: 464, Sum: 912, Workers: 4
[140.417s][debug][gc,phases      ] GC(19)   ObjectSynchronizer Weak        Min:  0.0, Avg:  0.0, Max:  0.0, Diff:  0.0, Sum:  0.0, Workers: 4
[140.417s][debug][gc,phases      ] GC(19)     Dead                           Min: 0, Avg:  0.0, Max: 0, Diff: 0, Sum: 0, Workers: 4
[140.417s][debug][gc,phases      ] GC(19)     Total                          Min: 0, Avg:  1.5, Max: 6, Diff: 6, Sum: 6, Workers: 4
[140.417s][debug][gc,phases      ] GC(19)   JVMTI Tag Weak OopStorage      Min:  0.0, Avg:  0.0, Max:  0.0, Diff:  0.0, Sum:  0.0, Workers: 4
[140.417s][debug][gc,phases      ] GC(19)     Dead                           Min: 0, Avg:  0.0, Max: 0, Diff: 0, Sum: 0, Workers: 4
[140.417s][debug][gc,phases      ] GC(19)     Total                          Min: 0, Avg:  0.0, Max: 0, Diff: 0, Sum: 0, Workers: 4
[140.417s][debug][gc,phases      ] GC(19)   StringTable Weak               Min:  0.0, Avg:  0.3, Max:  0.3, Diff:  0.3, Sum:  1.0, Workers: 4
[140.417s][debug][gc,phases      ] GC(19)     Dead                           Min: 0, Avg:  0.2, Max: 1, Diff: 1, Sum: 1, Workers: 4
[140.417s][debug][gc,phases      ] GC(19)     Total                          Min: 0, Avg: 10990.2, Max: 14912, Diff: 14912, Sum: 43961, Workers: 4
[140.417s][debug][gc,phases      ] GC(19)   ResolvedMethodTable Weak       Min:  0.0, Avg:  0.1, Max:  0.1, Diff:  0.1, Sum:  0.3, Workers: 4
[140.417s][debug][gc,phases      ] GC(19)     Dead                           Min: 0, Avg:  0.0, Max: 0, Diff: 0, Sum: 0, Workers: 4
[140.417s][debug][gc,phases      ] GC(19)     Total                          Min: 0, Avg: 2719.5, Max: 3711, Diff: 3711, Sum: 10878, Workers: 4
[140.417s][debug][gc,phases      ] GC(19)   JNI Weak                       Min:  0.0, Avg:  0.0, Max:  0.0, Diff:  0.0, Sum:  0.0, Workers: 4
[140.417s][debug][gc,phases      ] GC(19)     Dead                           Min: 0, Avg:  0.0, Max: 0, Diff: 0, Sum: 0, Workers: 4
[140.417s][debug][gc,phases      ] GC(19)     Total                          Min: 0, Avg: 12.0, Max: 48, Diff: 48, Sum: 48, Workers: 4
[140.417s][debug][gc,phases      ] GC(19)   StringDedup Table Weak         Min:  0.0, Avg:  0.0, Max:  0.0, Diff:  0.0, Sum:  0.0, Workers: 4
[140.417s][debug][gc,phases      ] GC(19)     Dead                           Min: 0, Avg:  0.0, Max: 0, Diff: 0, Sum: 0, Workers: 4
[140.417s][debug][gc,phases      ] GC(19)     Total                          Min: 0, Avg:  0.0, Max: 0, Diff: 0, Sum: 0, Workers: 4
[140.417s][debug][gc,phases      ] GC(19)   StringDedup Requests0 Weak     Min:  0.0, Avg:  0.0, Max:  0.0, Diff:  0.0, Sum:  0.0, Workers: 4
[140.417s][debug][gc,phases      ] GC(19)     Dead                           Min: 0, Avg:  0.0, Max: 0, Diff: 0, Sum: 0, Workers: 4
[140.417s][debug][gc,phases      ] GC(19)     Total                          Min: 0, Avg:  0.0, Max: 0, Diff: 0, Sum: 0, Workers: 4
[140.417s][debug][gc,phases      ] GC(19)   StringDedup Requests1 Weak     Min:  0.0, Avg:  0.0, Max:  0.0, Diff:  0.0, Sum:  0.0, Workers: 4
[140.417s][debug][gc,phases      ] GC(19)     Dead                           Min: 0, Avg:  0.0, Max: 0, Diff: 0, Sum: 0, Workers: 4
[140.417s][debug][gc,phases      ] GC(19)     Total                          Min: 0, Avg:  0.0, Max: 0, Diff: 0, Sum: 0, Workers: 4
[140.417s][debug][gc,phases      ] GC(19)   Weak JFR Old Object Samples    Min:  0.0, Avg:  0.0, Max:  0.0, Diff:  0.0, Sum:  0.0, Workers: 4
[140.417s][debug][gc,phases      ] GC(19)     Dead                           Min: 0, Avg:  0.0, Max: 0, Diff: 0, Sum: 0, Workers: 4
[140.417s][debug][gc,phases      ] GC(19)     Total                          Min: 0, Avg:  0.0, Max: 0, Diff: 0, Sum: 0, Workers: 4
[140.417s][debug][gc,phases      ] GC(19) Weak Processing 0.631ms
[140.417s][debug][gc,age         ] GC(19) Desired survivor size 504365056 bytes, new threshold 15 (max threshold 15)
[140.417s][info ][gc,heap        ] GC(19) PSYoungGen: 1399180K(1581056K)->303668K(1604608K) Eden: 1068544K(1068544K)->0K(1096704K) From: 330636K(512512K)->303668K(507904K)
[140.417s][info ][gc,heap        ] GC(19) ParOldGen: 82951K(146432K)->110433K(146432K)
[140.417s][info ][gc,metaspace   ] GC(19) Metaspace: 86626K(87744K)->86626K(87744K) NonClass: 73888K(74496K)->73888K(74496K) Class: 12738K(13248K)->12738K(13248K)
[140.417s][info ][gc             ] GC(19) Pause Young (Allocation Failure) 1447M->404M(1710M) 108.410ms
[140.417s][info ][gc,cpu         ] GC(19) User=0.39s Sys=0.00s Real=0.11s
[140.417s][debug][gc,phases      ] GC(20) Pre Compact 0.008ms
[140.417s][info ][gc,start       ] GC(20) Pause Full (Ergonomics)
[140.417s][info ][gc,phases,start] GC(20) Marking Phase
[140.530s][debug][gc,phases      ] GC(20) Par Mark 112.588ms
[140.530s][debug][gc,ref         ] GC(20) Skipped phase 1 of Reference Processing: no references
[140.530s][debug][gc,ref         ] GC(20) ReferenceProcessor::execute queues: 4, RefProcThreadModel::Multi, marks_oops_alive: false
[140.530s][debug][gc,ref         ] GC(20) Skipped phase 3 of Reference Processing: no references
[140.530s][debug][gc,ref         ] GC(20) ReferenceProcessor::execute queues: 1, RefProcThreadModel::Single, marks_oops_alive: false
[140.530s][debug][gc,phases      ] GC(20) Reference Processing 0.385ms
[140.530s][debug][gc,phases      ] GC(20)   VM Weak                        Min:  0.0, Avg:  0.0, Max:  0.0, Diff:  0.0, Sum:  0.0, Workers: 4
[140.530s][debug][gc,phases      ] GC(20)     Dead                           Min: 0, Avg:  0.0, Max: 0, Diff: 0, Sum: 0, Workers: 4
[140.530s][debug][gc,phases      ] GC(20)     Total                          Min: 16, Avg: 228.0, Max: 384, Diff: 368, Sum: 912, Workers: 4
[140.530s][debug][gc,phases      ] GC(20)   ObjectSynchronizer Weak        Min:  0.0, Avg:  0.0, Max:  0.0, Diff:  0.0, Sum:  0.0, Workers: 4
[140.530s][debug][gc,phases      ] GC(20)     Dead                           Min: 0, Avg:  0.0, Max: 0, Diff: 0, Sum: 0, Workers: 4
[140.530s][debug][gc,phases      ] GC(20)     Total                          Min: 0, Avg:  1.5, Max: 6, Diff: 6, Sum: 6, Workers: 4
[140.530s][debug][gc,phases      ] GC(20)   JVMTI Tag Weak OopStorage      Min:  0.0, Avg:  0.0, Max:  0.0, Diff:  0.0, Sum:  0.0, Workers: 4
[140.530s][debug][gc,phases      ] GC(20)     Dead                           Min: 0, Avg:  0.0, Max: 0, Diff: 0, Sum: 0, Workers: 4
[140.530s][debug][gc,phases      ] GC(20)     Total                          Min: 0, Avg:  0.0, Max: 0, Diff: 0, Sum: 0, Workers: 4
[140.530s][debug][gc,phases      ] GC(20)   StringTable Weak               Min:  0.2, Avg:  0.2, Max:  0.2, Diff:  0.0, Sum:  0.7, Workers: 4
[140.530s][debug][gc,phases      ] GC(20)     Dead                           Min: 0, Avg:  0.0, Max: 0, Diff: 0, Sum: 0, Workers: 4
[140.530s][debug][gc,phases      ] GC(20)     Total                          Min: 8128, Avg: 10990.2, Max: 12031, Diff: 3903, Sum: 43961, Workers: 4
[140.530s][debug][gc,phases      ] GC(20)   ResolvedMethodTable Weak       Min:  0.0, Avg:  0.0, Max:  0.0, Diff:  0.0, Sum:  0.1, Workers: 4
[140.530s][debug][gc,phases      ] GC(20)     Dead                           Min: 0, Avg:  0.0, Max: 0, Diff: 0, Sum: 0, Workers: 4
[140.530s][debug][gc,phases      ] GC(20)     Total                          Min: 2624, Avg: 2719.5, Max: 2815, Diff: 191, Sum: 10878, Workers: 4
[140.530s][debug][gc,phases      ] GC(20)   JNI Weak                       Min:  0.0, Avg:  0.0, Max:  0.0, Diff:  0.0, Sum:  0.0, Workers: 4
[140.530s][debug][gc,phases      ] GC(20)     Dead                           Min: 0, Avg:  0.0, Max: 0, Diff: 0, Sum: 0, Workers: 4
[140.530s][debug][gc,phases      ] GC(20)     Total                          Min: 0, Avg: 12.0, Max: 48, Diff: 48, Sum: 48, Workers: 4
[140.530s][debug][gc,phases      ] GC(20)   StringDedup Table Weak         Min:  0.0, Avg:  0.0, Max:  0.0, Diff:  0.0, Sum:  0.0, Workers: 4
[140.530s][debug][gc,phases      ] GC(20)     Dead                           Min: 0, Avg:  0.0, Max: 0, Diff: 0, Sum: 0, Workers: 4
[140.530s][debug][gc,phases      ] GC(20)     Total                          Min: 0, Avg:  0.0, Max: 0, Diff: 0, Sum: 0, Workers: 4
[140.531s][debug][gc,phases      ] GC(20)   StringDedup Requests0 Weak     Min:  0.0, Avg:  0.0, Max:  0.0, Diff:  0.0, Sum:  0.0, Workers: 4
[140.531s][debug][gc,phases      ] GC(20)     Dead                           Min: 0, Avg:  0.0, Max: 0, Diff: 0, Sum: 0, Workers: 4
[140.531s][debug][gc,phases      ] GC(20)     Total                          Min: 0, Avg:  0.0, Max: 0, Diff: 0, Sum: 0, Workers: 4
[140.531s][debug][gc,phases      ] GC(20)   StringDedup Requests1 Weak     Min:  0.0, Avg:  0.0, Max:  0.0, Diff:  0.0, Sum:  0.0, Workers: 4
[140.531s][debug][gc,phases      ] GC(20)     Dead                           Min: 0, Avg:  0.0, Max: 0, Diff: 0, Sum: 0, Workers: 4
[140.531s][debug][gc,phases      ] GC(20)     Total                          Min: 0, Avg:  0.0, Max: 0, Diff: 0, Sum: 0, Workers: 4
[140.531s][debug][gc,phases      ] GC(20)   Weak JFR Old Object Samples    Min:  0.0, Avg:  0.0, Max:  0.0, Diff:  0.0, Sum:  0.0, Workers: 4
[140.531s][debug][gc,phases      ] GC(20)     Dead                           Min: 0, Avg:  0.0, Max: 0, Diff: 0, Sum: 0, Workers: 4
[140.531s][debug][gc,phases      ] GC(20)     Total                          Min: 0, Avg:  0.0, Max: 0, Diff: 0, Sum: 0, Workers: 4
[140.531s][debug][gc,phases      ] GC(20) Weak Processing 0.354ms
[140.531s][debug][gc,phases      ] GC(20) ClassLoaderData 0.102ms
[140.531s][debug][gc,phases      ] GC(20) Trigger cleanups 0.000ms
[140.548s][debug][gc,phases      ] GC(20) Class Unloading 16.977ms
[140.548s][debug][gc,phases      ] GC(20) Report Object Count 0.001ms
[140.548s][info ][gc,phases      ] GC(20) Marking Phase 130.496ms
[140.548s][info ][gc,phases,start] GC(20) Summary Phase
[140.548s][info ][gc,phases      ] GC(20) Summary Phase 0.009ms
[140.548s][info ][gc,phases,start] GC(20) Adjust Roots
[140.567s][info ][gc,phases      ] GC(20) Adjust Roots 19.573ms
[140.567s][info ][gc,phases,start] GC(20) Compaction Phase
[140.993s][info ][gc,phases      ] GC(20) Compaction Phase 425.573ms
[140.993s][info ][gc,phases,start] GC(20) Post Compact
[140.998s][info ][gc,phases      ] GC(20) Post Compact 5.075ms
[140.998s][info ][gc,heap        ] GC(20) PSYoungGen: 303668K(1604608K)->240298K(1604608K) Eden: 0K(1096704K)->0K(1096704K) From: 303668K(507904K)->240298K(507904K)
[140.998s][info ][gc,heap        ] GC(20) ParOldGen: 110433K(146432K)->146056K(204288K)
[140.998s][info ][gc,metaspace   ] GC(20) Metaspace: 86626K(87744K)->86626K(87744K) NonClass: 73888K(74496K)->73888K(74496K) Class: 12738K(13248K)->12738K(13248K)
[140.998s][info ][gc             ] GC(20) Pause Full (Ergonomics) 404M->377M(1766M) 580.943ms
[140.998s][info ][gc,cpu         ] GC(20) User=1.95s Sys=0.03s Real=0.58s
[140.998s][info ][safepoint      ] Safepoint "ParallelGCFailedAllocation", Time since last: 247193003 ns, Reaching safepoint: 5400 ns, Cleanup: 3800 ns, At safepoint: 689462883 ns, Total: 689472083 ns
[141.998s][info ][safepoint      ] Safepoint "Cleanup", Time since last: 1000085154 ns, Reaching safepoint: 74200 ns, Cleanup: 34400 ns, At safepoint: 5700 ns, Total: 114300 ns
[142.998s][info ][safepoint      ] Safepoint "Cleanup", Time since last: 1000110941 ns, Reaching safepoint: 71799 ns, Cleanup: 18400 ns, At safepoint: 5900 ns, Total: 96099 ns
[143.999s][info ][safepoint      ] Safepoint "Cleanup", Time since last: 1000110825 ns, Reaching safepoint: 72200 ns, Cleanup: 8400 ns, At safepoint: 5400 ns, Total: 86000 ns
[144.999s][info ][safepoint      ] Safepoint "Cleanup", Time since last: 1000107425 ns, Reaching safepoint: 46899 ns, Cleanup: 51100 ns, At safepoint: 7700 ns, Total: 105699 ns
[145.999s][info ][safepoint      ] Safepoint "Cleanup", Time since last: 1000121125 ns, Reaching safepoint: 78999 ns, Cleanup: 29300 ns, At safepoint: 4600 ns, Total: 112899 ns
[146.999s][info ][safepoint      ] Safepoint "Cleanup", Time since last: 1000119125 ns, Reaching safepoint: 73500 ns, Cleanup: 23100 ns, At safepoint: 13100 ns, Total: 109700 ns
[148.000s][info ][safepoint      ] Safepoint "Cleanup", Time since last: 1000106225 ns, Reaching safepoint: 73899 ns, Cleanup: 23500 ns, At safepoint: 7500 ns, Total: 104899 ns
[149.000s][info ][safepoint      ] Safepoint "Cleanup", Time since last: 1000112525 ns, Reaching safepoint: 75500 ns, Cleanup: 12400 ns, At safepoint: 5400 ns, Total: 93300 ns
[150.000s][info ][safepoint      ] Safepoint "Cleanup", Time since last: 1000107725 ns, Reaching safepoint: 71899 ns, Cleanup: 10600 ns, At safepoint: 4600 ns, Total: 87099 ns
[151.000s][info ][safepoint      ] Safepoint "Cleanup", Time since last: 1000110440 ns, Reaching safepoint: 76499 ns, Cleanup: 21200 ns, At safepoint: 6200 ns, Total: 103899 ns
[152.000s][info ][safepoint      ] Safepoint "Cleanup", Time since last: 1000124437 ns, Reaching safepoint: 73900 ns, Cleanup: 10800 ns, At safepoint: 6700 ns, Total: 91400 ns
[153.001s][info ][safepoint      ] Safepoint "Cleanup", Time since last: 1000100037 ns, Reaching safepoint: 73700 ns, Cleanup: 12600 ns, At safepoint: 4900 ns, Total: 91200 ns
[154.001s][info ][safepoint      ] Safepoint "Cleanup", Time since last: 1000096537 ns, Reaching safepoint: 75500 ns, Cleanup: 11800 ns, At safepoint: 5000 ns, Total: 92300 ns
[155.001s][info ][safepoint      ] Safepoint "Cleanup", Time since last: 1000108651 ns, Reaching safepoint: 72900 ns, Cleanup: 12200 ns, At safepoint: 5899 ns, Total: 90999 ns
[155.602s][info ][gc,start       ] GC(21) Pause Young (Allocation Failure)
[155.684s][debug][gc,phases      ] GC(21) Scavenge 82.511ms
[155.684s][debug][gc,ref         ] GC(21) Skipped phase 1 of Reference Processing: no references
[155.684s][debug][gc,ref         ] GC(21) ReferenceProcessor::execute queues: 4, RefProcThreadModel::Multi, marks_oops_alive: false
[155.684s][debug][gc,ref         ] GC(21) Skipped phase 3 of Reference Processing: no references
[155.684s][debug][gc,ref         ] GC(21) ReferenceProcessor::execute queues: 1, RefProcThreadModel::Single, marks_oops_alive: false
[155.684s][debug][gc,phases      ] GC(21) Reference Processing 0.185ms
[155.685s][debug][gc,phases      ] GC(21)   VM Weak                        Min:  0.0, Avg:  0.0, Max:  0.0, Diff:  0.0, Sum:  0.0, Workers: 4
[155.685s][debug][gc,phases      ] GC(21)     Dead                           Min: 0, Avg:  0.0, Max: 0, Diff: 0, Sum: 0, Workers: 4
[155.685s][debug][gc,phases      ] GC(21)     Total                          Min: 64, Avg: 228.0, Max: 448, Diff: 384, Sum: 912, Workers: 4
[155.685s][debug][gc,phases      ] GC(21)   ObjectSynchronizer Weak        Min:  0.0, Avg:  0.0, Max:  0.0, Diff:  0.0, Sum:  0.0, Workers: 4
[155.685s][debug][gc,phases      ] GC(21)     Dead                           Min: 0, Avg:  0.0, Max: 0, Diff: 0, Sum: 0, Workers: 4
[155.685s][debug][gc,phases      ] GC(21)     Total                          Min: 0, Avg:  1.5, Max: 6, Diff: 6, Sum: 6, Workers: 4
[155.685s][debug][gc,phases      ] GC(21)   JVMTI Tag Weak OopStorage      Min:  0.0, Avg:  0.0, Max:  0.0, Diff:  0.0, Sum:  0.0, Workers: 4
[155.685s][debug][gc,phases      ] GC(21)     Dead                           Min: 0, Avg:  0.0, Max: 0, Diff: 0, Sum: 0, Workers: 4
[155.685s][debug][gc,phases      ] GC(21)     Total                          Min: 0, Avg:  0.0, Max: 0, Diff: 0, Sum: 0, Workers: 4
[155.685s][debug][gc,phases      ] GC(21)   StringTable Weak               Min:  0.2, Avg:  0.2, Max:  0.2, Diff:  0.0, Sum:  0.8, Workers: 4
[155.685s][debug][gc,phases      ] GC(21)     Dead                           Min: 0, Avg:  0.0, Max: 0, Diff: 0, Sum: 0, Workers: 4
[155.685s][debug][gc,phases      ] GC(21)     Total                          Min: 9280, Avg: 10996.0, Max: 11728, Diff: 2448, Sum: 43984, Workers: 4
[155.685s][debug][gc,phases      ] GC(21)   ResolvedMethodTable Weak       Min:  0.1, Avg:  0.1, Max:  0.1, Diff:  0.0, Sum:  0.3, Workers: 4
[155.685s][debug][gc,phases      ] GC(21)     Dead                           Min: 0, Avg:  0.0, Max: 0, Diff: 0, Sum: 0, Workers: 4
[155.685s][debug][gc,phases      ] GC(21)     Total                          Min: 2432, Avg: 2720.2, Max: 2944, Diff: 512, Sum: 10881, Workers: 4
[155.685s][debug][gc,phases      ] GC(21)   JNI Weak                       Min:  0.0, Avg:  0.0, Max:  0.0, Diff:  0.0, Sum:  0.0, Workers: 4
[155.685s][debug][gc,phases      ] GC(21)     Dead                           Min: 0, Avg:  0.0, Max: 0, Diff: 0, Sum: 0, Workers: 4
[155.685s][debug][gc,phases      ] GC(21)     Total                          Min: 0, Avg: 12.0, Max: 48, Diff: 48, Sum: 48, Workers: 4
[155.685s][debug][gc,phases      ] GC(21)   StringDedup Table Weak         Min:  0.0, Avg:  0.0, Max:  0.0, Diff:  0.0, Sum:  0.0, Workers: 4
[155.685s][debug][gc,phases      ] GC(21)     Dead                           Min: 0, Avg:  0.0, Max: 0, Diff: 0, Sum: 0, Workers: 4
[155.685s][debug][gc,phases      ] GC(21)     Total                          Min: 0, Avg:  0.0, Max: 0, Diff: 0, Sum: 0, Workers: 4
[155.685s][debug][gc,phases      ] GC(21)   StringDedup Requests0 Weak     Min:  0.0, Avg:  0.0, Max:  0.0, Diff:  0.0, Sum:  0.0, Workers: 4
[155.685s][debug][gc,phases      ] GC(21)     Dead                           Min: 0, Avg:  0.0, Max: 0, Diff: 0, Sum: 0, Workers: 4
[155.685s][debug][gc,phases      ] GC(21)     Total                          Min: 0, Avg:  0.0, Max: 0, Diff: 0, Sum: 0, Workers: 4
[155.685s][debug][gc,phases      ] GC(21)   StringDedup Requests1 Weak     Min:  0.0, Avg:  0.0, Max:  0.0, Diff:  0.0, Sum:  0.0, Workers: 4
[155.685s][debug][gc,phases      ] GC(21)     Dead                           Min: 0, Avg:  0.0, Max: 0, Diff: 0, Sum: 0, Workers: 4
[155.685s][debug][gc,phases      ] GC(21)     Total                          Min: 0, Avg:  0.0, Max: 0, Diff: 0, Sum: 0, Workers: 4
[155.685s][debug][gc,phases      ] GC(21)   Weak JFR Old Object Samples    Min:  0.0, Avg:  0.0, Max:  0.0, Diff:  0.0, Sum:  0.0, Workers: 4
[155.685s][debug][gc,phases      ] GC(21)     Dead                           Min: 0, Avg:  0.0, Max: 0, Diff: 0, Sum: 0, Workers: 4
[155.685s][debug][gc,phases      ] GC(21)     Total                          Min: 0, Avg:  0.0, Max: 0, Diff: 0, Sum: 0, Workers: 4
[155.685s][debug][gc,phases      ] GC(21) Weak Processing 0.471ms
[155.685s][debug][gc,age         ] GC(21) Desired survivor size 493879296 bytes, new threshold 15 (max threshold 15)
[155.685s][info ][gc,heap        ] GC(21) PSYoungGen: 1337002K(1604608K)->227869K(1589248K) Eden: 1096704K(1096704K)->0K(1096704K) From: 240298K(507904K)->227869K(492544K)
[155.685s][info ][gc,heap        ] GC(21) ParOldGen: 146056K(204288K)->162820K(204288K)
[155.685s][info ][gc,metaspace   ] GC(21) Metaspace: 86698K(87744K)->86698K(87744K) NonClass: 73959K(74496K)->73959K(74496K) Class: 12739K(13248K)->12739K(13248K)
[155.685s][info ][gc             ] GC(21) Pause Young (Allocation Failure) 1448M->381M(1751M) 83.281ms
[155.685s][info ][gc,cpu         ] GC(21) User=0.28s Sys=0.00s Real=0.09s
[155.685s][info ][safepoint      ] Safepoint "ParallelGCFailedAllocation", Time since last: 600537140 ns, Reaching safepoint: 71200 ns, Cleanup: 6600 ns, At safepoint: 83345048 ns, Total: 83422848 ns
[157.685s][info ][safepoint      ] Safepoint "Cleanup", Time since last: 2000155142 ns, Reaching safepoint: 73899 ns, Cleanup: 8200 ns, At safepoint: 6800 ns, Total: 88899 ns
[158.685s][info ][safepoint      ] Safepoint "Cleanup", Time since last: 1000071071 ns, Reaching safepoint: 5500 ns, Cleanup: 10100 ns, At safepoint: 1900 ns, Total: 17500 ns
[159.685s][info ][safepoint      ] Safepoint "Cleanup", Time since last: 1000096223 ns, Reaching safepoint: 4700 ns, Cleanup: 9700 ns, At safepoint: 2000 ns, Total: 16400 ns
[161.686s][info ][safepoint      ] Safepoint "Cleanup", Time since last: 2000164640 ns, Reaching safepoint: 4200 ns, Cleanup: 9100 ns, At safepoint: 2200 ns, Total: 15500 ns
[162.686s][info ][safepoint      ] Safepoint "Cleanup", Time since last: 1000104920 ns, Reaching safepoint: 4400 ns, Cleanup: 14400 ns, At safepoint: 1700 ns, Total: 20500 ns
[163.686s][info ][safepoint      ] Safepoint "Cleanup", Time since last: 1000076820 ns, Reaching safepoint: 3900 ns, Cleanup: 13400 ns, At safepoint: 1600 ns, Total: 18900 ns
[164.686s][info ][safepoint      ] Safepoint "Cleanup", Time since last: 1000092740 ns, Reaching safepoint: 4799 ns, Cleanup: 12800 ns, At safepoint: 1700 ns, Total: 19299 ns
[165.686s][info ][safepoint      ] Safepoint "Cleanup", Time since last: 1000107581 ns, Reaching safepoint: 5100 ns, Cleanup: 13200 ns, At safepoint: 2000 ns, Total: 20300 ns
[166.686s][info ][safepoint      ] Safepoint "Cleanup", Time since last: 1000113481 ns, Reaching safepoint: 4300 ns, Cleanup: 29000 ns, At safepoint: 1600 ns, Total: 34900 ns
[168.686s][info ][safepoint      ] Safepoint "Cleanup", Time since last: 2000123079 ns, Reaching safepoint: 5000 ns, Cleanup: 8100 ns, At safepoint: 1700 ns, Total: 14800 ns
[169.686s][info ][safepoint      ] Safepoint "Cleanup", Time since last: 1000093324 ns, Reaching safepoint: 4100 ns, Cleanup: 18200 ns, At safepoint: 1600 ns, Total: 23900 ns
[170.687s][info ][safepoint      ] Safepoint "Cleanup", Time since last: 1000118623 ns, Reaching safepoint: 4300 ns, Cleanup: 9700 ns, At safepoint: 1800 ns, Total: 15800 ns
[171.999s][info ][gc,start       ] GC(22) Pause Young (Allocation Failure)
[172.062s][debug][gc,phases      ] GC(22) Scavenge 63.160ms
[172.062s][debug][gc,ref         ] GC(22) Skipped phase 1 of Reference Processing: no references
[172.062s][debug][gc,ref         ] GC(22) ReferenceProcessor::execute queues: 3, RefProcThreadModel::Multi, marks_oops_alive: false
[172.062s][debug][gc,ref         ] GC(22) Skipped phase 3 of Reference Processing: no references
[172.062s][debug][gc,ref         ] GC(22) ReferenceProcessor::execute queues: 1, RefProcThreadModel::Single, marks_oops_alive: false
[172.062s][debug][gc,phases      ] GC(22) Reference Processing 0.177ms
[172.063s][debug][gc,phases      ] GC(22)   VM Weak                        Min:  0.0, Avg:  0.0, Max:  0.0, Diff:  0.0, Sum:  0.0, Workers: 4
[172.063s][debug][gc,phases      ] GC(22)     Dead                           Min: 0, Avg:  0.0, Max: 0, Diff: 0, Sum: 0, Workers: 4
[172.063s][debug][gc,phases      ] GC(22)     Total                          Min: 0, Avg: 228.2, Max: 465, Diff: 465, Sum: 913, Workers: 4
[172.063s][debug][gc,phases      ] GC(22)   ObjectSynchronizer Weak        Min:  0.0, Avg:  0.0, Max:  0.0, Diff:  0.0, Sum:  0.0, Workers: 4
[172.063s][debug][gc,phases      ] GC(22)     Dead                           Min: 0, Avg:  0.0, Max: 0, Diff: 0, Sum: 0, Workers: 4
[172.063s][debug][gc,phases      ] GC(22)     Total                          Min: 0, Avg:  1.5, Max: 6, Diff: 6, Sum: 6, Workers: 4
[172.063s][debug][gc,phases      ] GC(22)   JVMTI Tag Weak OopStorage      Min:  0.0, Avg:  0.0, Max:  0.0, Diff:  0.0, Sum:  0.0, Workers: 4
[172.063s][debug][gc,phases      ] GC(22)     Dead                           Min: 0, Avg:  0.0, Max: 0, Diff: 0, Sum: 0, Workers: 4
[172.063s][debug][gc,phases      ] GC(22)     Total                          Min: 0, Avg:  0.0, Max: 0, Diff: 0, Sum: 0, Workers: 4
[172.063s][debug][gc,phases      ] GC(22)   StringTable Weak               Min:  0.0, Avg:  0.2, Max:  0.3, Diff:  0.3, Sum:  0.8, Workers: 4
[172.063s][debug][gc,phases      ] GC(22)     Dead                           Min: 0, Avg:  0.5, Max: 2, Diff: 2, Sum: 2, Workers: 4
[172.063s][debug][gc,phases      ] GC(22)     Total                          Min: 0, Avg: 11007.5, Max: 15167, Diff: 15167, Sum: 44030, Workers: 4
[172.063s][debug][gc,phases      ] GC(22)   ResolvedMethodTable Weak       Min:  0.0, Avg:  0.1, Max:  0.1, Diff:  0.1, Sum:  0.3, Workers: 4
[172.063s][debug][gc,phases      ] GC(22)     Dead                           Min: 0, Avg:  0.0, Max: 0, Diff: 0, Sum: 0, Workers: 4
[172.063s][debug][gc,phases      ] GC(22)     Total                          Min: 0, Avg: 2725.8, Max: 3776, Diff: 3776, Sum: 10903, Workers: 4
[172.063s][debug][gc,phases      ] GC(22)   JNI Weak                       Min:  0.0, Avg:  0.0, Max:  0.0, Diff:  0.0, Sum:  0.0, Workers: 4
[172.063s][debug][gc,phases      ] GC(22)     Dead                           Min: 0, Avg:  0.0, Max: 0, Diff: 0, Sum: 0, Workers: 4
[172.063s][debug][gc,phases      ] GC(22)     Total                          Min: 0, Avg: 12.0, Max: 48, Diff: 48, Sum: 48, Workers: 4
[172.063s][debug][gc,phases      ] GC(22)   StringDedup Table Weak         Min:  0.0, Avg:  0.0, Max:  0.0, Diff:  0.0, Sum:  0.0, Workers: 4
[172.063s][debug][gc,phases      ] GC(22)     Dead                           Min: 0, Avg:  0.0, Max: 0, Diff: 0, Sum: 0, Workers: 4
[172.063s][debug][gc,phases      ] GC(22)     Total                          Min: 0, Avg:  0.0, Max: 0, Diff: 0, Sum: 0, Workers: 4
[172.063s][debug][gc,phases      ] GC(22)   StringDedup Requests0 Weak     Min:  0.0, Avg:  0.0, Max:  0.0, Diff:  0.0, Sum:  0.0, Workers: 4
[172.063s][debug][gc,phases      ] GC(22)     Dead                           Min: 0, Avg:  0.0, Max: 0, Diff: 0, Sum: 0, Workers: 4
[172.063s][debug][gc,phases      ] GC(22)     Total                          Min: 0, Avg:  0.0, Max: 0, Diff: 0, Sum: 0, Workers: 4
[172.063s][debug][gc,phases      ] GC(22)   StringDedup Requests1 Weak     Min:  0.0, Avg:  0.0, Max:  0.0, Diff:  0.0, Sum:  0.0, Workers: 4
[172.063s][debug][gc,phases      ] GC(22)     Dead                           Min: 0, Avg:  0.0, Max: 0, Diff: 0, Sum: 0, Workers: 4
[172.063s][debug][gc,phases      ] GC(22)     Total                          Min: 0, Avg:  0.0, Max: 0, Diff: 0, Sum: 0, Workers: 4
[172.063s][debug][gc,phases      ] GC(22)   Weak JFR Old Object Samples    Min:  0.0, Avg:  0.0, Max:  0.0, Diff:  0.0, Sum:  0.0, Workers: 4
[172.063s][debug][gc,phases      ] GC(22)     Dead                           Min: 0, Avg:  0.0, Max: 0, Diff: 0, Sum: 0, Workers: 4
[172.063s][debug][gc,phases      ] GC(22)     Total                          Min: 0, Avg:  0.0, Max: 0, Diff: 0, Sum: 0, Workers: 4
[172.063s][debug][gc,phases      ] GC(22) Weak Processing 0.504ms
[172.063s][debug][gc,age         ] GC(22) Desired survivor size 486014976 bytes, new threshold 15 (max threshold 15)
[172.063s][info ][gc,heap        ] GC(22) PSYoungGen: 1324573K(1589248K)->209221K(1622528K) Eden: 1096704K(1096704K)->0K(1140224K) From: 227869K(492544K)->209221K(482304K)
[172.063s][info ][gc,heap        ] GC(22) ParOldGen: 162820K(204288K)->181539K(204288K)
[172.063s][info ][gc,metaspace   ] GC(22) Metaspace: 86867K(88000K)->86867K(88000K) NonClass: 74109K(74688K)->74109K(74688K) Class: 12758K(13312K)->12758K(13312K)
[172.063s][info ][gc             ] GC(22) Pause Young (Allocation Failure) 1452M->381M(1784M) 64.007ms
[172.063s][info ][gc,cpu         ] GC(22) User=0.21s Sys=0.01s Real=0.06s
[172.063s][debug][gc,phases      ] GC(23) Pre Compact 0.008ms
[172.063s][info ][gc,start       ] GC(23) Pause Full (Ergonomics)
[172.063s][info ][gc,phases,start] GC(23) Marking Phase
[172.174s][debug][gc,phases      ] GC(23) Par Mark 111.279ms
[172.174s][debug][gc,ref         ] GC(23) Skipped phase 1 of Reference Processing: no references
[172.174s][debug][gc,ref         ] GC(23) ReferenceProcessor::execute queues: 4, RefProcThreadModel::Multi, marks_oops_alive: false
[172.175s][debug][gc,ref         ] GC(23) Skipped phase 3 of Reference Processing: no references
[172.175s][debug][gc,ref         ] GC(23) ReferenceProcessor::execute queues: 1, RefProcThreadModel::Single, marks_oops_alive: false
[172.175s][debug][gc,phases      ] GC(23) Reference Processing 0.396ms
[172.175s][debug][gc,phases      ] GC(23)   VM Weak                        Min:  0.0, Avg:  0.0, Max:  0.0, Diff:  0.0, Sum:  0.0, Workers: 4
[172.175s][debug][gc,phases      ] GC(23)     Dead                           Min: 0, Avg:  0.0, Max: 0, Diff: 0, Sum: 0, Workers: 4
[172.175s][debug][gc,phases      ] GC(23)     Total                          Min: 0, Avg: 228.2, Max: 448, Diff: 448, Sum: 913, Workers: 4
[172.175s][debug][gc,phases      ] GC(23)   ObjectSynchronizer Weak        Min:  0.0, Avg:  0.0, Max:  0.0, Diff:  0.0, Sum:  0.0, Workers: 4
[172.175s][debug][gc,phases      ] GC(23)     Dead                           Min: 0, Avg:  0.0, Max: 0, Diff: 0, Sum: 0, Workers: 4
[172.175s][debug][gc,phases      ] GC(23)     Total                          Min: 0, Avg:  1.5, Max: 6, Diff: 6, Sum: 6, Workers: 4
[172.175s][debug][gc,phases      ] GC(23)   JVMTI Tag Weak OopStorage      Min:  0.0, Avg:  0.0, Max:  0.0, Diff:  0.0, Sum:  0.0, Workers: 4
[172.175s][debug][gc,phases      ] GC(23)     Dead                           Min: 0, Avg:  0.0, Max: 0, Diff: 0, Sum: 0, Workers: 4
[172.175s][debug][gc,phases      ] GC(23)     Total                          Min: 0, Avg:  0.0, Max: 0, Diff: 0, Sum: 0, Workers: 4
[172.175s][debug][gc,phases      ] GC(23)   StringTable Weak               Min:  0.0, Avg:  0.2, Max:  0.2, Diff:  0.2, Sum:  0.6, Workers: 4
[172.175s][debug][gc,phases      ] GC(23)     Dead                           Min: 0, Avg:  0.0, Max: 0, Diff: 0, Sum: 0, Workers: 4
[172.175s][debug][gc,phases      ] GC(23)     Total                          Min: 0, Avg: 11007.5, Max: 15167, Diff: 15167, Sum: 44030, Workers: 4
[172.175s][debug][gc,phases      ] GC(23)   ResolvedMethodTable Weak       Min:  0.0, Avg:  0.0, Max:  0.0, Diff:  0.0, Sum:  0.1, Workers: 4
[172.175s][debug][gc,phases      ] GC(23)     Dead                           Min: 0, Avg:  0.0, Max: 0, Diff: 0, Sum: 0, Workers: 4
[172.175s][debug][gc,phases      ] GC(23)     Total                          Min: 0, Avg: 2725.8, Max: 3864, Diff: 3864, Sum: 10903, Workers: 4
[172.175s][debug][gc,phases      ] GC(23)   JNI Weak                       Min:  0.0, Avg:  0.0, Max:  0.0, Diff:  0.0, Sum:  0.0, Workers: 4
[172.175s][debug][gc,phases      ] GC(23)     Dead                           Min: 0, Avg:  0.0, Max: 0, Diff: 0, Sum: 0, Workers: 4
[172.175s][debug][gc,phases      ] GC(23)     Total                          Min: 0, Avg: 12.0, Max: 48, Diff: 48, Sum: 48, Workers: 4
[172.175s][debug][gc,phases      ] GC(23)   StringDedup Table Weak         Min:  0.0, Avg:  0.0, Max:  0.0, Diff:  0.0, Sum:  0.0, Workers: 4
[172.175s][debug][gc,phases      ] GC(23)     Dead                           Min: 0, Avg:  0.0, Max: 0, Diff: 0, Sum: 0, Workers: 4
[172.175s][debug][gc,phases      ] GC(23)     Total                          Min: 0, Avg:  0.0, Max: 0, Diff: 0, Sum: 0, Workers: 4
[172.175s][debug][gc,phases      ] GC(23)   StringDedup Requests0 Weak     Min:  0.0, Avg:  0.0, Max:  0.0, Diff:  0.0, Sum:  0.0, Workers: 4
[172.175s][debug][gc,phases      ] GC(23)     Dead                           Min: 0, Avg:  0.0, Max: 0, Diff: 0, Sum: 0, Workers: 4
[172.175s][debug][gc,phases      ] GC(23)     Total                          Min: 0, Avg:  0.0, Max: 0, Diff: 0, Sum: 0, Workers: 4
[172.175s][debug][gc,phases      ] GC(23)   StringDedup Requests1 Weak     Min:  0.0, Avg:  0.0, Max:  0.0, Diff:  0.0, Sum:  0.0, Workers: 4
[172.175s][debug][gc,phases      ] GC(23)     Dead                           Min: 0, Avg:  0.0, Max: 0, Diff: 0, Sum: 0, Workers: 4
[172.175s][debug][gc,phases      ] GC(23)     Total                          Min: 0, Avg:  0.0, Max: 0, Diff: 0, Sum: 0, Workers: 4
[172.175s][debug][gc,phases      ] GC(23)   Weak JFR Old Object Samples    Min:  0.0, Avg:  0.0, Max:  0.0, Diff:  0.0, Sum:  0.0, Workers: 4
[172.175s][debug][gc,phases      ] GC(23)     Dead                           Min: 0, Avg:  0.0, Max: 0, Diff: 0, Sum: 0, Workers: 4
[172.175s][debug][gc,phases      ] GC(23)     Total                          Min: 0, Avg:  0.0, Max: 0, Diff: 0, Sum: 0, Workers: 4
[172.175s][debug][gc,phases      ] GC(23) Weak Processing 0.450ms
[172.175s][debug][gc,phases      ] GC(23) ClassLoaderData 0.101ms
[172.175s][debug][gc,phases      ] GC(23) Trigger cleanups 0.000ms
[172.192s][debug][gc,phases      ] GC(23) Class Unloading 16.943ms
[172.192s][debug][gc,phases      ] GC(23) Report Object Count 0.001ms
[172.192s][info ][gc,phases      ] GC(23) Marking Phase 129.252ms
[172.192s][info ][gc,phases,start] GC(23) Summary Phase
[172.192s][info ][gc,phases      ] GC(23) Summary Phase 0.010ms
[172.192s][info ][gc,phases,start] GC(23) Adjust Roots
[172.210s][info ][gc,phases      ] GC(23) Adjust Roots 17.446ms
[172.210s][info ][gc,phases,start] GC(23) Compaction Phase
[172.425s][info ][gc,phases      ] GC(23) Compaction Phase 215.573ms
[172.425s][info ][gc,phases,start] GC(23) Post Compact
[172.429s][info ][gc,phases      ] GC(23) Post Compact 3.705ms
[172.429s][info ][gc,heap        ] GC(23) PSYoungGen: 209221K(1622528K)->183130K(1622528K) Eden: 0K(1140224K)->0K(1140224K) From: 209221K(482304K)->183130K(482304K)
[172.429s][info ][gc,heap        ] GC(23) ParOldGen: 181539K(204288K)->204176K(274432K)
[172.429s][info ][gc,metaspace   ] GC(23) Metaspace: 86867K(88000K)->86867K(88000K) NonClass: 74109K(74688K)->74109K(74688K) Class: 12758K(13312K)->12758K(13312K)
[172.429s][info ][gc             ] GC(23) Pause Full (Ergonomics) 381M->378M(1852M) 366.240ms
[172.429s][info ][gc,cpu         ] GC(23) User=1.15s Sys=0.02s Real=0.37s
[172.429s][info ][safepoint      ] Safepoint "ParallelGCFailedAllocation", Time since last: 1312304707 ns, Reaching safepoint: 5300 ns, Cleanup: 9400 ns, At safepoint: 430363272 ns, Total: 430377972 ns
[174.076s][info ][safepoint      ] Safepoint "Cleanup", Time since last: 1646951375 ns, Reaching safepoint: 6800 ns, Cleanup: 16100 ns, At safepoint: 2900 ns, Total: 25800 ns
[176.076s][info ][safepoint      ] Safepoint "Cleanup", Time since last: 2000165193 ns, Reaching safepoint: 5500 ns, Cleanup: 28000 ns, At safepoint: 2600 ns, Total: 36100 ns
[177.076s][info ][safepoint      ] Safepoint "Cleanup", Time since last: 1000105884 ns, Reaching safepoint: 5300 ns, Cleanup: 8300 ns, At safepoint: 1900 ns, Total: 15500 ns
[178.077s][info ][safepoint      ] Safepoint "Cleanup", Time since last: 1000113984 ns, Reaching safepoint: 5400 ns, Cleanup: 19700 ns, At safepoint: 1900 ns, Total: 27000 ns
[180.077s][info ][safepoint      ] Safepoint "Cleanup", Time since last: 2000153168 ns, Reaching safepoint: 4500 ns, Cleanup: 10300 ns, At safepoint: 2100 ns, Total: 16900 ns
[181.091s][info ][safepoint      ] Safepoint "Cleanup", Time since last: 1014294009 ns, Reaching safepoint: 6600 ns, Cleanup: 14600 ns, At safepoint: 2800 ns, Total: 24000 ns
[182.091s][info ][safepoint      ] Safepoint "Cleanup", Time since last: 1000109684 ns, Reaching safepoint: 4400 ns, Cleanup: 8300 ns, At safepoint: 2000 ns, Total: 14700 ns
[184.091s][info ][safepoint      ] Safepoint "Cleanup", Time since last: 2000156135 ns, Reaching safepoint: 4100 ns, Cleanup: 20500 ns, At safepoint: 6900 ns, Total: 31500 ns
[185.092s][info ][safepoint      ] Safepoint "Cleanup", Time since last: 1000099654 ns, Reaching safepoint: 4800 ns, Cleanup: 10600 ns, At safepoint: 1500 ns, Total: 16900 ns
[186.092s][info ][safepoint      ] Safepoint "Cleanup", Time since last: 1000098854 ns, Reaching safepoint: 5100 ns, Cleanup: 13200 ns, At safepoint: 1900 ns, Total: 20200 ns
[187.092s][info ][safepoint      ] Safepoint "Cleanup", Time since last: 1000103854 ns, Reaching safepoint: 6200 ns, Cleanup: 13400 ns, At safepoint: 2300 ns, Total: 21900 ns
[188.092s][info ][safepoint      ] Safepoint "Cleanup", Time since last: 1000103155 ns, Reaching safepoint: 5900 ns, Cleanup: 25799 ns, At safepoint: 2800 ns, Total: 34499 ns
[188.350s][info ][gc,start       ] GC(24) Pause Young (Allocation Failure)
[188.414s][debug][gc,phases      ] GC(24) Scavenge 64.188ms
[188.414s][debug][gc,ref         ] GC(24) Skipped phase 1 of Reference Processing: no references
[188.414s][debug][gc,ref         ] GC(24) ReferenceProcessor::execute queues: 1, RefProcThreadModel::Single, marks_oops_alive: false
[188.414s][debug][gc,ref         ] GC(24) Skipped phase 3 of Reference Processing: no references
[188.414s][debug][gc,ref         ] GC(24) ReferenceProcessor::execute queues: 1, RefProcThreadModel::Single, marks_oops_alive: false
[188.414s][debug][gc,phases      ] GC(24) Reference Processing 0.117ms
[188.414s][debug][gc,phases      ] GC(24)   VM Weak                        Min:  0.0, Avg:  0.0, Max:  0.0, Diff:  0.0, Sum:  0.0, Workers: 4
[188.414s][debug][gc,phases      ] GC(24)     Dead                           Min: 0, Avg:  0.0, Max: 0, Diff: 0, Sum: 0, Workers: 4
[188.414s][debug][gc,phases      ] GC(24)     Total                          Min: 0, Avg: 228.2, Max: 448, Diff: 448, Sum: 913, Workers: 4
[188.414s][debug][gc,phases      ] GC(24)   ObjectSynchronizer Weak        Min:  0.0, Avg:  0.0, Max:  0.0, Diff:  0.0, Sum:  0.0, Workers: 4
[188.414s][debug][gc,phases      ] GC(24)     Dead                           Min: 0, Avg:  0.0, Max: 0, Diff: 0, Sum: 0, Workers: 4
[188.414s][debug][gc,phases      ] GC(24)     Total                          Min: 0, Avg:  1.5, Max: 6, Diff: 6, Sum: 6, Workers: 4
[188.414s][debug][gc,phases      ] GC(24)   JVMTI Tag Weak OopStorage      Min:  0.0, Avg:  0.0, Max:  0.0, Diff:  0.0, Sum:  0.0, Workers: 4
[188.414s][debug][gc,phases      ] GC(24)     Dead                           Min: 0, Avg:  0.0, Max: 0, Diff: 0, Sum: 0, Workers: 4
[188.414s][debug][gc,phases      ] GC(24)     Total                          Min: 0, Avg:  0.0, Max: 0, Diff: 0, Sum: 0, Workers: 4
[188.414s][debug][gc,phases      ] GC(24)   StringTable Weak               Min:  0.0, Avg:  0.1, Max:  0.2, Diff:  0.2, Sum:  0.5, Workers: 4
[188.414s][debug][gc,phases      ] GC(24)     Dead                           Min: 0, Avg:  0.0, Max: 0, Diff: 0, Sum: 0, Workers: 4
[188.414s][debug][gc,phases      ] GC(24)     Total                          Min: 0, Avg: 11009.0, Max: 14976, Diff: 14976, Sum: 44036, Workers: 4
[188.414s][debug][gc,phases      ] GC(24)   ResolvedMethodTable Weak       Min:  0.0, Avg:  0.0, Max:  0.1, Diff:  0.1, Sum:  0.2, Workers: 4
[188.414s][debug][gc,phases      ] GC(24)     Dead                           Min: 0, Avg:  0.0, Max: 0, Diff: 0, Sum: 0, Workers: 4
[188.414s][debug][gc,phases      ] GC(24)     Total                          Min: 0, Avg: 2726.2, Max: 3840, Diff: 3840, Sum: 10905, Workers: 4
[188.414s][debug][gc,phases      ] GC(24)   JNI Weak                       Min:  0.0, Avg:  0.0, Max:  0.0, Diff:  0.0, Sum:  0.0, Workers: 4
[188.414s][debug][gc,phases      ] GC(24)     Dead                           Min: 0, Avg:  0.0, Max: 0, Diff: 0, Sum: 0, Workers: 4
[188.414s][debug][gc,phases      ] GC(24)     Total                          Min: 0, Avg: 12.0, Max: 48, Diff: 48, Sum: 48, Workers: 4
[188.414s][debug][gc,phases      ] GC(24)   StringDedup Table Weak         Min:  0.0, Avg:  0.0, Max:  0.0, Diff:  0.0, Sum:  0.0, Workers: 4
[188.414s][debug][gc,phases      ] GC(24)     Dead                           Min: 0, Avg:  0.0, Max: 0, Diff: 0, Sum: 0, Workers: 4
[188.414s][debug][gc,phases      ] GC(24)     Total                          Min: 0, Avg:  0.0, Max: 0, Diff: 0, Sum: 0, Workers: 4
[188.414s][debug][gc,phases      ] GC(24)   StringDedup Requests0 Weak     Min:  0.0, Avg:  0.0, Max:  0.0, Diff:  0.0, Sum:  0.0, Workers: 4
[188.414s][debug][gc,phases      ] GC(24)     Dead                           Min: 0, Avg:  0.0, Max: 0, Diff: 0, Sum: 0, Workers: 4
[188.414s][debug][gc,phases      ] GC(24)     Total                          Min: 0, Avg:  0.0, Max: 0, Diff: 0, Sum: 0, Workers: 4
[188.414s][debug][gc,phases      ] GC(24)   StringDedup Requests1 Weak     Min:  0.0, Avg:  0.0, Max:  0.0, Diff:  0.0, Sum:  0.0, Workers: 4
[188.414s][debug][gc,phases      ] GC(24)     Dead                           Min: 0, Avg:  0.0, Max: 0, Diff: 0, Sum: 0, Workers: 4
[188.414s][debug][gc,phases      ] GC(24)     Total                          Min: 0, Avg:  0.0, Max: 0, Diff: 0, Sum: 0, Workers: 4
[188.414s][debug][gc,phases      ] GC(24)   Weak JFR Old Object Samples    Min:  0.0, Avg:  0.0, Max:  0.0, Diff:  0.0, Sum:  0.0, Workers: 4
[188.414s][debug][gc,phases      ] GC(24)     Dead                           Min: 0, Avg:  0.0, Max: 0, Diff: 0, Sum: 0, Workers: 4
[188.414s][debug][gc,phases      ] GC(24)     Total                          Min: 0, Avg:  0.0, Max: 0, Diff: 0, Sum: 0, Workers: 4
[188.414s][debug][gc,phases      ] GC(24) Weak Processing 0.461ms
[188.414s][debug][gc,age         ] GC(24) Desired survivor size 482869248 bytes, new threshold 15 (max threshold 15)
[188.414s][info ][gc,heap        ] GC(24) PSYoungGen: 1323354K(1622528K)->173968K(1614848K) Eden: 1140224K(1140224K)->0K(1140224K) From: 183130K(482304K)->173968K(474624K)
[188.414s][info ][gc,heap        ] GC(24) ParOldGen: 204176K(274432K)->218887K(274432K)
[188.414s][info ][gc,metaspace   ] GC(24) Metaspace: 86894K(88000K)->86894K(88000K) NonClass: 74135K(74688K)->74135K(74688K) Class: 12758K(13312K)->12758K(13312K)
[188.414s][info ][gc             ] GC(24) Pause Young (Allocation Failure) 1491M->383M(1845M) 64.900ms
[188.414s][info ][gc,cpu         ] GC(24) User=0.23s Sys=0.00s Real=0.06s
[188.415s][info ][safepoint      ] Safepoint "ParallelGCFailedAllocation", Time since last: 257517924 ns, Reaching safepoint: 72200 ns, Cleanup: 8699 ns, At safepoint: 64978753 ns, Total: 65059652 ns
[189.415s][info ][safepoint      ] Safepoint "Cleanup", Time since last: 1000088354 ns, Reaching safepoint: 4200 ns, Cleanup: 11200 ns, At safepoint: 2200 ns, Total: 17600 ns
[190.415s][info ][safepoint      ] Safepoint "Cleanup", Time since last: 1000112155 ns, Reaching safepoint: 5200 ns, Cleanup: 12399 ns, At safepoint: 2000 ns, Total: 19599 ns
[192.415s][info ][safepoint      ] Safepoint "Cleanup", Time since last: 2000174309 ns, Reaching safepoint: 5300 ns, Cleanup: 40100 ns, At safepoint: 2800 ns, Total: 48200 ns
[193.415s][info ][safepoint      ] Safepoint "Cleanup", Time since last: 1000134554 ns, Reaching safepoint: 5800 ns, Cleanup: 20699 ns, At safepoint: 2500 ns, Total: 28999 ns
[194.415s][info ][safepoint      ] Safepoint "Cleanup", Time since last: 1000105455 ns, Reaching safepoint: 4499 ns, Cleanup: 7000 ns, At safepoint: 2100 ns, Total: 13599 ns
[195.415s][info ][safepoint      ] Safepoint "Cleanup", Time since last: 1000108655 ns, Reaching safepoint: 5400 ns, Cleanup: 10599 ns, At safepoint: 2000 ns, Total: 17999 ns
[196.416s][info ][safepoint      ] Safepoint "Cleanup", Time since last: 1000104155 ns, Reaching safepoint: 4700 ns, Cleanup: 26599 ns, At safepoint: 4900 ns, Total: 36199 ns
[197.416s][info ][safepoint      ] Safepoint "Cleanup", Time since last: 1000113954 ns, Reaching safepoint: 5800 ns, Cleanup: 20900 ns, At safepoint: 2300 ns, Total: 29000 ns
[198.416s][info ][safepoint      ] Safepoint "Cleanup", Time since last: 1000106054 ns, Reaching safepoint: 5300 ns, Cleanup: 9400 ns, At safepoint: 2200 ns, Total: 16900 ns
[199.416s][info ][safepoint      ] Safepoint "Cleanup", Time since last: 1000101769 ns, Reaching safepoint: 10799 ns, Cleanup: 11000 ns, At safepoint: 3400 ns, Total: 25199 ns
[200.416s][info ][safepoint      ] Safepoint "Cleanup", Time since last: 1000107588 ns, Reaching safepoint: 5100 ns, Cleanup: 19000 ns, At safepoint: 6700 ns, Total: 30800 ns
[201.416s][info ][safepoint      ] Safepoint "Cleanup", Time since last: 1000107787 ns, Reaching safepoint: 5600 ns, Cleanup: 19400 ns, At safepoint: 2600 ns, Total: 27600 ns
[202.416s][info ][safepoint      ] Safepoint "Cleanup", Time since last: 1000114087 ns, Reaching safepoint: 4800 ns, Cleanup: 13500 ns, At safepoint: 2000 ns, Total: 20300 ns
[204.417s][info ][safepoint      ] Safepoint "Cleanup", Time since last: 2000163975 ns, Reaching safepoint: 5400 ns, Cleanup: 22600 ns, At safepoint: 1800 ns, Total: 29800 ns
[205.417s][info ][safepoint      ] Safepoint "Cleanup", Time since last: 1000081287 ns, Reaching safepoint: 4400 ns, Cleanup: 7500 ns, At safepoint: 1700 ns, Total: 13600 ns
[206.417s][info ][safepoint      ] Safepoint "Cleanup", Time since last: 1000096587 ns, Reaching safepoint: 4900 ns, Cleanup: 19800 ns, At safepoint: 1900 ns, Total: 26600 ns
[207.003s][info ][gc,start       ] GC(25) Pause Young (Allocation Failure)
[207.045s][debug][gc,phases      ] GC(25) Scavenge 41.593ms
[207.045s][debug][gc,ref         ] GC(25) Skipped phase 1 of Reference Processing: no references
[207.045s][debug][gc,ref         ] GC(25) ReferenceProcessor::execute queues: 1, RefProcThreadModel::Single, marks_oops_alive: false
[207.045s][debug][gc,ref         ] GC(25) Skipped phase 3 of Reference Processing: no references
[207.045s][debug][gc,ref         ] GC(25) Skipped phase 4 of Reference Processing: no references
[207.045s][debug][gc,phases      ] GC(25) Reference Processing 0.110ms
[207.045s][debug][gc,phases      ] GC(25)   VM Weak                        Min:  0.0, Avg:  0.0, Max:  0.0, Diff:  0.0, Sum:  0.0, Workers: 4
[207.045s][debug][gc,phases      ] GC(25)     Dead                           Min: 0, Avg:  0.0, Max: 0, Diff: 0, Sum: 0, Workers: 4
[207.045s][debug][gc,phases      ] GC(25)     Total                          Min: 0, Avg: 228.2, Max: 832, Diff: 832, Sum: 913, Workers: 4
[207.045s][debug][gc,phases      ] GC(25)   ObjectSynchronizer Weak        Min:  0.0, Avg:  0.0, Max:  0.0, Diff:  0.0, Sum:  0.0, Workers: 4
[207.045s][debug][gc,phases      ] GC(25)     Dead                           Min: 0, Avg:  0.0, Max: 0, Diff: 0, Sum: 0, Workers: 4
[207.045s][debug][gc,phases      ] GC(25)     Total                          Min: 0, Avg:  1.5, Max: 6, Diff: 6, Sum: 6, Workers: 4
[207.045s][debug][gc,phases      ] GC(25)   JVMTI Tag Weak OopStorage      Min:  0.0, Avg:  0.0, Max:  0.0, Diff:  0.0, Sum:  0.0, Workers: 4
[207.045s][debug][gc,phases      ] GC(25)     Dead                           Min: 0, Avg:  0.0, Max: 0, Diff: 0, Sum: 0, Workers: 4
[207.045s][debug][gc,phases      ] GC(25)     Total                          Min: 0, Avg:  0.0, Max: 0, Diff: 0, Sum: 0, Workers: 4
[207.045s][debug][gc,phases      ] GC(25)   StringTable Weak               Min:  0.0, Avg:  0.1, Max:  0.1, Diff:  0.1, Sum:  0.4, Workers: 4
[207.045s][debug][gc,phases      ] GC(25)     Dead                           Min: 0, Avg:  0.0, Max: 0, Diff: 0, Sum: 0, Workers: 4
[207.045s][debug][gc,phases      ] GC(25)     Total                          Min: 0, Avg: 11009.8, Max: 17664, Diff: 17664, Sum: 44039, Workers: 4
[207.045s][debug][gc,phases      ] GC(25)   ResolvedMethodTable Weak       Min:  0.0, Avg:  0.0, Max:  0.0, Diff:  0.0, Sum:  0.1, Workers: 4
[207.045s][debug][gc,phases      ] GC(25)     Dead                           Min: 0, Avg:  0.0, Max: 0, Diff: 0, Sum: 0, Workers: 4
[207.045s][debug][gc,phases      ] GC(25)     Total                          Min: 0, Avg: 2726.2, Max: 4416, Diff: 4416, Sum: 10905, Workers: 4
[207.045s][debug][gc,phases      ] GC(25)   JNI Weak                       Min:  0.0, Avg:  0.0, Max:  0.0, Diff:  0.0, Sum:  0.0, Workers: 4
[207.045s][debug][gc,phases      ] GC(25)     Dead                           Min: 0, Avg:  0.0, Max: 0, Diff: 0, Sum: 0, Workers: 4
[207.045s][debug][gc,phases      ] GC(25)     Total                          Min: 0, Avg: 12.0, Max: 48, Diff: 48, Sum: 48, Workers: 4
[207.045s][debug][gc,phases      ] GC(25)   StringDedup Table Weak         Min:  0.0, Avg:  0.0, Max:  0.0, Diff:  0.0, Sum:  0.0, Workers: 4
[207.045s][debug][gc,phases      ] GC(25)     Dead                           Min: 0, Avg:  0.0, Max: 0, Diff: 0, Sum: 0, Workers: 4
[207.045s][debug][gc,phases      ] GC(25)     Total                          Min: 0, Avg:  0.0, Max: 0, Diff: 0, Sum: 0, Workers: 4
[207.045s][debug][gc,phases      ] GC(25)   StringDedup Requests0 Weak     Min:  0.0, Avg:  0.0, Max:  0.0, Diff:  0.0, Sum:  0.0, Workers: 4
[207.045s][debug][gc,phases      ] GC(25)     Dead                           Min: 0, Avg:  0.0, Max: 0, Diff: 0, Sum: 0, Workers: 4
[207.045s][debug][gc,phases      ] GC(25)     Total                          Min: 0, Avg:  0.0, Max: 0, Diff: 0, Sum: 0, Workers: 4
[207.045s][debug][gc,phases      ] GC(25)   StringDedup Requests1 Weak     Min:  0.0, Avg:  0.0, Max:  0.0, Diff:  0.0, Sum:  0.0, Workers: 4
[207.045s][debug][gc,phases      ] GC(25)     Dead                           Min: 0, Avg:  0.0, Max: 0, Diff: 0, Sum: 0, Workers: 4
[207.045s][debug][gc,phases      ] GC(25)     Total                          Min: 0, Avg:  0.0, Max: 0, Diff: 0, Sum: 0, Workers: 4
[207.045s][debug][gc,phases      ] GC(25)   Weak JFR Old Object Samples    Min:  0.0, Avg:  0.0, Max:  0.0, Diff:  0.0, Sum:  0.0, Workers: 4
[207.045s][debug][gc,phases      ] GC(25)     Dead                           Min: 0, Avg:  0.0, Max: 0, Diff: 0, Sum: 0, Workers: 4
[207.045s][debug][gc,phases      ] GC(25)     Total                          Min: 0, Avg:  0.0, Max: 0, Diff: 0, Sum: 0, Workers: 4
[207.045s][debug][gc,phases      ] GC(25) Weak Processing 0.370ms
[207.045s][debug][gc,age         ] GC(25) Desired survivor size 480772096 bytes, new threshold 15 (max threshold 15)
[207.045s][info ][gc,heap        ] GC(25) PSYoungGen: 1314192K(1614848K)->154080K(1627648K) Eden: 1140224K(1140224K)->0K(1156096K) From: 173968K(474624K)->154080K(471552K)
[207.045s][info ][gc,heap        ] GC(25) ParOldGen: 218887K(274432K)->242711K(274432K)
[207.045s][info ][gc,metaspace   ] GC(25) Metaspace: 86945K(88128K)->86945K(88128K) NonClass: 74186K(74816K)->74186K(74816K) Class: 12758K(13312K)->12758K(13312K)
[207.045s][info ][gc             ] GC(25) Pause Young (Allocation Failure) 1497M->387M(1857M) 42.194ms
[207.045s][info ][gc,cpu         ] GC(25) User=0.14s Sys=0.02s Real=0.05s
[207.045s][debug][gc,phases      ] GC(26) Pre Compact 0.011ms
[207.045s][info ][gc,start       ] GC(26) Pause Full (Ergonomics)
[207.045s][info ][gc,phases,start] GC(26) Marking Phase
[207.153s][debug][gc,phases      ] GC(26) Par Mark 107.659ms
[207.153s][debug][gc,ref         ] GC(26) Skipped phase 1 of Reference Processing: no references
[207.153s][debug][gc,ref         ] GC(26) ReferenceProcessor::execute queues: 4, RefProcThreadModel::Multi, marks_oops_alive: false
[207.153s][debug][gc,ref         ] GC(26) Skipped phase 3 of Reference Processing: no references
[207.153s][debug][gc,ref         ] GC(26) ReferenceProcessor::execute queues: 1, RefProcThreadModel::Single, marks_oops_alive: false
[207.153s][debug][gc,phases      ] GC(26) Reference Processing 0.349ms
[207.154s][debug][gc,phases      ] GC(26)   VM Weak                        Min:  0.0, Avg:  0.0, Max:  0.0, Diff:  0.0, Sum:  0.0, Workers: 4
[207.154s][debug][gc,phases      ] GC(26)     Dead                           Min: 0, Avg:  0.0, Max: 0, Diff: 0, Sum: 0, Workers: 4
[207.154s][debug][gc,phases      ] GC(26)     Total                          Min: 64, Avg: 228.2, Max: 384, Diff: 320, Sum: 913, Workers: 4
[207.154s][debug][gc,phases      ] GC(26)   ObjectSynchronizer Weak        Min:  0.0, Avg:  0.0, Max:  0.0, Diff:  0.0, Sum:  0.0, Workers: 4
[207.154s][debug][gc,phases      ] GC(26)     Dead                           Min: 0, Avg:  0.0, Max: 0, Diff: 0, Sum: 0, Workers: 4
[207.154s][debug][gc,phases      ] GC(26)     Total                          Min: 0, Avg:  1.5, Max: 6, Diff: 6, Sum: 6, Workers: 4
[207.154s][debug][gc,phases      ] GC(26)   JVMTI Tag Weak OopStorage      Min:  0.0, Avg:  0.0, Max:  0.0, Diff:  0.0, Sum:  0.0, Workers: 4
[207.154s][debug][gc,phases      ] GC(26)     Dead                           Min: 0, Avg:  0.0, Max: 0, Diff: 0, Sum: 0, Workers: 4
[207.154s][debug][gc,phases      ] GC(26)     Total                          Min: 0, Avg:  0.0, Max: 0, Diff: 0, Sum: 0, Workers: 4
[207.154s][debug][gc,phases      ] GC(26)   StringTable Weak               Min:  0.2, Avg:  0.2, Max:  0.2, Diff:  0.0, Sum:  0.6, Workers: 4
[207.154s][debug][gc,phases      ] GC(26)     Dead                           Min: 0, Avg:  0.0, Max: 0, Diff: 0, Sum: 0, Workers: 4
[207.154s][debug][gc,phases      ] GC(26)     Total                          Min: 10112, Avg: 11009.8, Max: 11520, Diff: 1408, Sum: 44039, Workers: 4
[207.154s][debug][gc,phases      ] GC(26)   ResolvedMethodTable Weak       Min:  0.0, Avg:  0.0, Max:  0.0, Diff:  0.0, Sum:  0.1, Workers: 4
[207.154s][debug][gc,phases      ] GC(26)     Dead                           Min: 0, Avg:  0.0, Max: 0, Diff: 0, Sum: 0, Workers: 4
[207.154s][debug][gc,phases      ] GC(26)     Total                          Min: 2586, Avg: 2726.2, Max: 2880, Diff: 294, Sum: 10905, Workers: 4
[207.154s][debug][gc,phases      ] GC(26)   JNI Weak                       Min:  0.0, Avg:  0.0, Max:  0.0, Diff:  0.0, Sum:  0.0, Workers: 4
[207.154s][debug][gc,phases      ] GC(26)     Dead                           Min: 0, Avg:  0.0, Max: 0, Diff: 0, Sum: 0, Workers: 4
[207.154s][debug][gc,phases      ] GC(26)     Total                          Min: 0, Avg: 12.0, Max: 48, Diff: 48, Sum: 48, Workers: 4
[207.154s][debug][gc,phases      ] GC(26)   StringDedup Table Weak         Min:  0.0, Avg:  0.0, Max:  0.0, Diff:  0.0, Sum:  0.0, Workers: 4
[207.154s][debug][gc,phases      ] GC(26)     Dead                           Min: 0, Avg:  0.0, Max: 0, Diff: 0, Sum: 0, Workers: 4
[207.154s][debug][gc,phases      ] GC(26)     Total                          Min: 0, Avg:  0.0, Max: 0, Diff: 0, Sum: 0, Workers: 4
[207.154s][debug][gc,phases      ] GC(26)   StringDedup Requests0 Weak     Min:  0.0, Avg:  0.0, Max:  0.0, Diff:  0.0, Sum:  0.0, Workers: 4
[207.154s][debug][gc,phases      ] GC(26)     Dead                           Min: 0, Avg:  0.0, Max: 0, Diff: 0, Sum: 0, Workers: 4
[207.154s][debug][gc,phases      ] GC(26)     Total                          Min: 0, Avg:  0.0, Max: 0, Diff: 0, Sum: 0, Workers: 4
[207.154s][debug][gc,phases      ] GC(26)   StringDedup Requests1 Weak     Min:  0.0, Avg:  0.0, Max:  0.0, Diff:  0.0, Sum:  0.0, Workers: 4
[207.154s][debug][gc,phases      ] GC(26)     Dead                           Min: 0, Avg:  0.0, Max: 0, Diff: 0, Sum: 0, Workers: 4
[207.154s][debug][gc,phases      ] GC(26)     Total                          Min: 0, Avg:  0.0, Max: 0, Diff: 0, Sum: 0, Workers: 4
[207.154s][debug][gc,phases      ] GC(26)   Weak JFR Old Object Samples    Min:  0.0, Avg:  0.0, Max:  0.0, Diff:  0.0, Sum:  0.0, Workers: 4
[207.154s][debug][gc,phases      ] GC(26)     Dead                           Min: 0, Avg:  0.0, Max: 0, Diff: 0, Sum: 0, Workers: 4
[207.154s][debug][gc,phases      ] GC(26)     Total                          Min: 0, Avg:  0.0, Max: 0, Diff: 0, Sum: 0, Workers: 4
[207.154s][debug][gc,phases      ] GC(26) Weak Processing 0.339ms
[207.154s][debug][gc,phases      ] GC(26) ClassLoaderData 0.100ms
[207.154s][debug][gc,phases      ] GC(26) Trigger cleanups 0.000ms
[207.171s][debug][gc,phases      ] GC(26) Class Unloading 16.963ms
[207.171s][debug][gc,phases      ] GC(26) Report Object Count 0.001ms
[207.171s][info ][gc,phases      ] GC(26) Marking Phase 125.484ms
[207.171s][info ][gc,phases,start] GC(26) Summary Phase
[207.171s][info ][gc,phases      ] GC(26) Summary Phase 0.018ms
[207.171s][info ][gc,phases,start] GC(26) Adjust Roots
[207.184s][info ][gc,phases      ] GC(26) Adjust Roots 13.745ms
[207.185s][info ][gc,phases,start] GC(26) Compaction Phase
[207.346s][info ][gc,phases      ] GC(26) Compaction Phase 161.467ms
[207.346s][info ][gc,phases,start] GC(26) Post Compact
[207.349s][info ][gc,phases      ] GC(26) Post Compact 3.060ms
[207.349s][info ][gc,heap        ] GC(26) PSYoungGen: 154080K(1627648K)->108991K(1627648K) Eden: 0K(1156096K)->0K(1156096K) From: 154080K(471552K)->108991K(471552K)
[207.349s][info ][gc,heap        ] GC(26) ParOldGen: 242711K(274432K)->274279K(363008K)
[207.349s][info ][gc,metaspace   ] GC(26) Metaspace: 86945K(88128K)->86945K(88128K) NonClass: 74186K(74816K)->74186K(74816K) Class: 12758K(13312K)->12758K(13312K)
[207.349s][info ][gc             ] GC(26) Pause Full (Ergonomics) 387M->374M(1944M) 304.042ms
[207.349s][info ][gc,cpu         ] GC(26) User=0.98s Sys=0.01s Real=0.30s
[207.349s][info ][safepoint      ] Safepoint "ParallelGCFailedAllocation", Time since last: 586205986 ns, Reaching safepoint: 4200 ns, Cleanup: 9000 ns, At safepoint: 346368048 ns, Total: 346381248 ns
[208.349s][info ][safepoint      ] Safepoint "Cleanup", Time since last: 1000084654 ns, Reaching safepoint: 72700 ns, Cleanup: 16500 ns, At safepoint: 5100 ns, Total: 94300 ns
[209.350s][info ][safepoint      ] Safepoint "Cleanup", Time since last: 1000099053 ns, Reaching safepoint: 73500 ns, Cleanup: 10600 ns, At safepoint: 5900 ns, Total: 90000 ns
[210.350s][info ][safepoint      ] Safepoint "Cleanup", Time since last: 1000114753 ns, Reaching safepoint: 75300 ns, Cleanup: 9500 ns, At safepoint: 6100 ns, Total: 90900 ns
[211.350s][info ][safepoint      ] Safepoint "Cleanup", Time since last: 1000122953 ns, Reaching safepoint: 80300 ns, Cleanup: 14800 ns, At safepoint: 8100 ns, Total: 103200 ns
[212.350s][info ][safepoint      ] Safepoint "Cleanup", Time since last: 1000099754 ns, Reaching safepoint: 56899 ns, Cleanup: 14800 ns, At safepoint: 5600 ns, Total: 77299 ns
[213.351s][info ][safepoint      ] Safepoint "Cleanup", Time since last: 1000115154 ns, Reaching safepoint: 74799 ns, Cleanup: 11300 ns, At safepoint: 5800 ns, Total: 91899 ns
[215.351s][info ][safepoint      ] Safepoint "Cleanup", Time since last: 2000196394 ns, Reaching safepoint: 77099 ns, Cleanup: 12600 ns, At safepoint: 6700 ns, Total: 96399 ns
[216.351s][info ][safepoint      ] Safepoint "Cleanup", Time since last: 1000113114 ns, Reaching safepoint: 373298 ns, Cleanup: 10100 ns, At safepoint: 7300 ns, Total: 390698 ns
[217.351s][info ][safepoint      ] Safepoint "Cleanup", Time since last: 1000103014 ns, Reaching safepoint: 46399 ns, Cleanup: 10200 ns, At safepoint: 5700 ns, Total: 62299 ns
[218.352s][info ][safepoint      ] Safepoint "Cleanup", Time since last: 1000099114 ns, Reaching safepoint: 72400 ns, Cleanup: 7600 ns, At safepoint: 4900 ns, Total: 84900 ns
[219.352s][info ][safepoint      ] Safepoint "Cleanup", Time since last: 1000109113 ns, Reaching safepoint: 73200 ns, Cleanup: 56500 ns, At safepoint: 7800 ns, Total: 137500 ns
[219.620s][info ][safepoint      ] Safepoint "ICBufferFull", Time since last: 267705958 ns, Reaching safepoint: 4900 ns, Cleanup: 186699 ns, At safepoint: 2200 ns, Total: 193799 ns
[220.622s][info ][safepoint      ] Safepoint "Cleanup", Time since last: 1000124113 ns, Reaching safepoint: 2124889 ns, Cleanup: 174699 ns, At safepoint: 5000 ns, Total: 2304588 ns
[221.622s][info ][safepoint      ] Safepoint "Cleanup", Time since last: 1000105914 ns, Reaching safepoint: 4700 ns, Cleanup: 35000 ns, At safepoint: 2300 ns, Total: 42000 ns
[222.623s][info ][safepoint      ] Safepoint "Cleanup", Time since last: 1000107413 ns, Reaching safepoint: 4400 ns, Cleanup: 26300 ns, At safepoint: 6200 ns, Total: 36900 ns
[223.623s][info ][safepoint      ] Safepoint "Cleanup", Time since last: 1000112201 ns, Reaching safepoint: 5000 ns, Cleanup: 15199 ns, At safepoint: 2300 ns, Total: 22499 ns
[224.623s][info ][safepoint      ] Safepoint "Cleanup", Time since last: 1000121136 ns, Reaching safepoint: 5700 ns, Cleanup: 15900 ns, At safepoint: 2000 ns, Total: 23600 ns
[225.016s][info ][gc,start       ] GC(27) Pause Young (Allocation Failure)
[225.084s][debug][gc,phases      ] GC(27) Scavenge 68.005ms
[225.084s][debug][gc,ref         ] GC(27) Skipped phase 1 of Reference Processing: no references
[225.084s][debug][gc,ref         ] GC(27) ReferenceProcessor::execute queues: 1, RefProcThreadModel::Single, marks_oops_alive: false
[225.084s][debug][gc,ref         ] GC(27) Skipped phase 3 of Reference Processing: no references
[225.084s][debug][gc,ref         ] GC(27) ReferenceProcessor::execute queues: 1, RefProcThreadModel::Single, marks_oops_alive: false
[225.084s][debug][gc,phases      ] GC(27) Reference Processing 0.086ms
[225.084s][debug][gc,phases      ] GC(27)   VM Weak                        Min:  0.0, Avg:  0.0, Max:  0.0, Diff:  0.0, Sum:  0.0, Workers: 4
[225.084s][debug][gc,phases      ] GC(27)     Dead                           Min: 0, Avg:  0.0, Max: 0, Diff: 0, Sum: 0, Workers: 4
[225.084s][debug][gc,phases      ] GC(27)     Total                          Min: 0, Avg: 228.2, Max: 768, Diff: 768, Sum: 913, Workers: 4
[225.084s][debug][gc,phases      ] GC(27)   ObjectSynchronizer Weak        Min:  0.0, Avg:  0.0, Max:  0.0, Diff:  0.0, Sum:  0.0, Workers: 4
[225.084s][debug][gc,phases      ] GC(27)     Dead                           Min: 0, Avg:  0.0, Max: 0, Diff: 0, Sum: 0, Workers: 4
[225.084s][debug][gc,phases      ] GC(27)     Total                          Min: 0, Avg:  1.8, Max: 7, Diff: 7, Sum: 7, Workers: 4
[225.084s][debug][gc,phases      ] GC(27)   JVMTI Tag Weak OopStorage      Min:  0.0, Avg:  0.0, Max:  0.0, Diff:  0.0, Sum:  0.0, Workers: 4
[225.084s][debug][gc,phases      ] GC(27)     Dead                           Min: 0, Avg:  0.0, Max: 0, Diff: 0, Sum: 0, Workers: 4
[225.084s][debug][gc,phases      ] GC(27)     Total                          Min: 0, Avg:  0.0, Max: 0, Diff: 0, Sum: 0, Workers: 4
[225.084s][debug][gc,phases      ] GC(27)   StringTable Weak               Min:  0.0, Avg:  0.1, Max:  0.1, Diff:  0.1, Sum:  0.4, Workers: 4
[225.084s][debug][gc,phases      ] GC(27)     Dead                           Min: 0, Avg:  0.5, Max: 2, Diff: 2, Sum: 2, Workers: 4
[225.084s][debug][gc,phases      ] GC(27)     Total                          Min: 0, Avg: 11042.2, Max: 18112, Diff: 18112, Sum: 44169, Workers: 4
[225.084s][debug][gc,phases      ] GC(27)   ResolvedMethodTable Weak       Min:  0.0, Avg:  0.0, Max:  0.0, Diff:  0.0, Sum:  0.1, Workers: 4
[225.084s][debug][gc,phases      ] GC(27)     Dead                           Min: 0, Avg:  0.2, Max: 1, Diff: 1, Sum: 1, Workers: 4
[225.084s][debug][gc,phases      ] GC(27)     Total                          Min: 0, Avg: 2729.0, Max: 4224, Diff: 4224, Sum: 10916, Workers: 4
[225.084s][debug][gc,phases      ] GC(27)   JNI Weak                       Min:  0.0, Avg:  0.0, Max:  0.0, Diff:  0.0, Sum:  0.0, Workers: 4
[225.084s][debug][gc,phases      ] GC(27)     Dead                           Min: 0, Avg:  0.0, Max: 0, Diff: 0, Sum: 0, Workers: 4
[225.084s][debug][gc,phases      ] GC(27)     Total                          Min: 0, Avg: 12.0, Max: 48, Diff: 48, Sum: 48, Workers: 4
[225.084s][debug][gc,phases      ] GC(27)   StringDedup Table Weak         Min:  0.0, Avg:  0.0, Max:  0.0, Diff:  0.0, Sum:  0.0, Workers: 4
[225.084s][debug][gc,phases      ] GC(27)     Dead                           Min: 0, Avg:  0.0, Max: 0, Diff: 0, Sum: 0, Workers: 4
[225.084s][debug][gc,phases      ] GC(27)     Total                          Min: 0, Avg:  0.0, Max: 0, Diff: 0, Sum: 0, Workers: 4
[225.084s][debug][gc,phases      ] GC(27)   StringDedup Requests0 Weak     Min:  0.0, Avg:  0.0, Max:  0.0, Diff:  0.0, Sum:  0.0, Workers: 4
[225.084s][debug][gc,phases      ] GC(27)     Dead                           Min: 0, Avg:  0.0, Max: 0, Diff: 0, Sum: 0, Workers: 4
[225.084s][debug][gc,phases      ] GC(27)     Total                          Min: 0, Avg:  0.0, Max: 0, Diff: 0, Sum: 0, Workers: 4
[225.084s][debug][gc,phases      ] GC(27)   StringDedup Requests1 Weak     Min:  0.0, Avg:  0.0, Max:  0.0, Diff:  0.0, Sum:  0.0, Workers: 4
[225.084s][debug][gc,phases      ] GC(27)     Dead                           Min: 0, Avg:  0.0, Max: 0, Diff: 0, Sum: 0, Workers: 4
[225.084s][debug][gc,phases      ] GC(27)     Total                          Min: 0, Avg:  0.0, Max: 0, Diff: 0, Sum: 0, Workers: 4
[225.084s][debug][gc,phases      ] GC(27)   Weak JFR Old Object Samples    Min:  0.0, Avg:  0.0, Max:  0.0, Diff:  0.0, Sum:  0.0, Workers: 4
[225.084s][debug][gc,phases      ] GC(27)     Dead                           Min: 0, Avg:  0.0, Max: 0, Diff: 0, Sum: 0, Workers: 4
[225.084s][debug][gc,phases      ] GC(27)     Total                          Min: 0, Avg:  0.0, Max: 0, Diff: 0, Sum: 0, Workers: 4
[225.085s][debug][gc,phases      ] GC(27) Weak Processing 0.365ms
[225.085s][debug][gc,age         ] GC(27) Desired survivor size 490209280 bytes, new threshold 15 (max threshold 15)
[225.085s][info ][gc,heap        ] GC(27) PSYoungGen: 1265087K(1627648K)->73213K(1229312K) Eden: 1156096K(1156096K)->0K(1156096K) From: 108991K(471552K)->73213K(73216K)
[225.085s][info ][gc,heap        ] GC(27) ParOldGen: 274279K(363008K)->321114K(363008K)
[225.085s][info ][gc,metaspace   ] GC(27) Metaspace: 87212K(88320K)->87212K(88320K) NonClass: 74444K(75008K)->74444K(75008K) Class: 12767K(13312K)->12767K(13312K)
[225.085s][info ][gc             ] GC(27) Pause Young (Allocation Failure) 1503M->385M(1555M) 68.570ms
[225.085s][info ][gc,cpu         ] GC(27) User=0.21s Sys=0.02s Real=0.07s
[225.085s][debug][gc,phases      ] GC(28) Pre Compact 0.008ms
[225.085s][info ][gc,start       ] GC(28) Pause Full (Ergonomics)
[225.085s][info ][gc,phases,start] GC(28) Marking Phase
[225.197s][debug][gc,phases      ] GC(28) Par Mark 112.331ms
[225.197s][debug][gc,ref         ] GC(28) Skipped phase 1 of Reference Processing: no references
[225.197s][debug][gc,ref         ] GC(28) ReferenceProcessor::execute queues: 4, RefProcThreadModel::Multi, marks_oops_alive: false
[225.198s][debug][gc,ref         ] GC(28) Skipped phase 3 of Reference Processing: no references
[225.198s][debug][gc,ref         ] GC(28) ReferenceProcessor::execute queues: 1, RefProcThreadModel::Single, marks_oops_alive: false
[225.198s][debug][gc,phases      ] GC(28) Reference Processing 0.579ms
[225.198s][debug][gc,phases      ] GC(28)   VM Weak                        Min:  0.0, Avg:  0.0, Max:  0.0, Diff:  0.0, Sum:  0.0, Workers: 4
[225.198s][debug][gc,phases      ] GC(28)     Dead                           Min: 0, Avg:  0.0, Max: 0, Diff: 0, Sum: 0, Workers: 4
[225.198s][debug][gc,phases      ] GC(28)     Total                          Min: 0, Avg: 228.2, Max: 384, Diff: 384, Sum: 913, Workers: 4
[225.198s][debug][gc,phases      ] GC(28)   ObjectSynchronizer Weak        Min:  0.0, Avg:  0.0, Max:  0.0, Diff:  0.0, Sum:  0.0, Workers: 4
[225.198s][debug][gc,phases      ] GC(28)     Dead                           Min: 0, Avg:  0.0, Max: 0, Diff: 0, Sum: 0, Workers: 4
[225.198s][debug][gc,phases      ] GC(28)     Total                          Min: 0, Avg:  1.8, Max: 7, Diff: 7, Sum: 7, Workers: 4
[225.198s][debug][gc,phases      ] GC(28)   JVMTI Tag Weak OopStorage      Min:  0.0, Avg:  0.0, Max:  0.0, Diff:  0.0, Sum:  0.0, Workers: 4
[225.198s][debug][gc,phases      ] GC(28)     Dead                           Min: 0, Avg:  0.0, Max: 0, Diff: 0, Sum: 0, Workers: 4
[225.198s][debug][gc,phases      ] GC(28)     Total                          Min: 0, Avg:  0.0, Max: 0, Diff: 0, Sum: 0, Workers: 4
[225.198s][debug][gc,phases      ] GC(28)   StringTable Weak               Min:  0.0, Avg:  0.1, Max:  0.2, Diff:  0.2, Sum:  0.6, Workers: 4
[225.198s][debug][gc,phases      ] GC(28)     Dead                           Min: 0, Avg:  0.0, Max: 0, Diff: 0, Sum: 0, Workers: 4
[225.198s][debug][gc,phases      ] GC(28)     Total                          Min: 0, Avg: 11042.2, Max: 16256, Diff: 16256, Sum: 44169, Workers: 4
[225.198s][debug][gc,phases      ] GC(28)   ResolvedMethodTable Weak       Min:  0.0, Avg:  0.0, Max:  0.0, Diff:  0.0, Sum:  0.1, Workers: 4
[225.198s][debug][gc,phases      ] GC(28)     Dead                           Min: 0, Avg:  0.0, Max: 0, Diff: 0, Sum: 0, Workers: 4
[225.198s][debug][gc,phases      ] GC(28)     Total                          Min: 0, Avg: 2729.0, Max: 4004, Diff: 4004, Sum: 10916, Workers: 4
[225.198s][debug][gc,phases      ] GC(28)   JNI Weak                       Min:  0.0, Avg:  0.0, Max:  0.0, Diff:  0.0, Sum:  0.0, Workers: 4
[225.198s][debug][gc,phases      ] GC(28)     Dead                           Min: 0, Avg:  0.0, Max: 0, Diff: 0, Sum: 0, Workers: 4
[225.198s][debug][gc,phases      ] GC(28)     Total                          Min: 0, Avg: 12.0, Max: 48, Diff: 48, Sum: 48, Workers: 4
[225.198s][debug][gc,phases      ] GC(28)   StringDedup Table Weak         Min:  0.0, Avg:  0.0, Max:  0.0, Diff:  0.0, Sum:  0.0, Workers: 4
[225.198s][debug][gc,phases      ] GC(28)     Dead                           Min: 0, Avg:  0.0, Max: 0, Diff: 0, Sum: 0, Workers: 4
[225.198s][debug][gc,phases      ] GC(28)     Total                          Min: 0, Avg:  0.0, Max: 0, Diff: 0, Sum: 0, Workers: 4
[225.198s][debug][gc,phases      ] GC(28)   StringDedup Requests0 Weak     Min:  0.0, Avg:  0.0, Max:  0.0, Diff:  0.0, Sum:  0.0, Workers: 4
[225.198s][debug][gc,phases      ] GC(28)     Dead                           Min: 0, Avg:  0.0, Max: 0, Diff: 0, Sum: 0, Workers: 4
[225.198s][debug][gc,phases      ] GC(28)     Total                          Min: 0, Avg:  0.0, Max: 0, Diff: 0, Sum: 0, Workers: 4
[225.198s][debug][gc,phases      ] GC(28)   StringDedup Requests1 Weak     Min:  0.0, Avg:  0.0, Max:  0.0, Diff:  0.0, Sum:  0.0, Workers: 4
[225.198s][debug][gc,phases      ] GC(28)     Dead                           Min: 0, Avg:  0.0, Max: 0, Diff: 0, Sum: 0, Workers: 4
[225.198s][debug][gc,phases      ] GC(28)     Total                          Min: 0, Avg:  0.0, Max: 0, Diff: 0, Sum: 0, Workers: 4
[225.198s][debug][gc,phases      ] GC(28)   Weak JFR Old Object Samples    Min:  0.0, Avg:  0.0, Max:  0.0, Diff:  0.0, Sum:  0.0, Workers: 4
[225.198s][debug][gc,phases      ] GC(28)     Dead                           Min: 0, Avg:  0.0, Max: 0, Diff: 0, Sum: 0, Workers: 4
[225.198s][debug][gc,phases      ] GC(28)     Total                          Min: 0, Avg:  0.0, Max: 0, Diff: 0, Sum: 0, Workers: 4
[225.198s][debug][gc,phases      ] GC(28) Weak Processing 0.422ms
[225.198s][debug][gc,phases      ] GC(28) ClassLoaderData 0.123ms
[225.198s][debug][gc,phases      ] GC(28) Trigger cleanups 0.000ms
[225.220s][debug][gc,phases      ] GC(28) Class Unloading 21.692ms
[225.220s][debug][gc,phases      ] GC(28) Report Object Count 0.002ms
[225.220s][info ][gc,phases      ] GC(28) Marking Phase 135.234ms
[225.220s][info ][gc,phases,start] GC(28) Summary Phase
[225.220s][info ][gc,phases      ] GC(28) Summary Phase 0.009ms
[225.220s][info ][gc,phases,start] GC(28) Adjust Roots
[225.234s][info ][gc,phases      ] GC(28) Adjust Roots 14.421ms
[225.234s][info ][gc,phases,start] GC(28) Compaction Phase
[225.394s][info ][gc,phases      ] GC(28) Compaction Phase 160.086ms
[225.394s][info ][gc,phases,start] GC(28) Post Compact
[225.398s][info ][gc,phases      ] GC(28) Post Compact 3.233ms
[225.398s][info ][gc,heap        ] GC(28) PSYoungGen: 73213K(1229312K)->28131K(1229312K) Eden: 0K(1156096K)->0K(1156096K) From: 73213K(73216K)->28131K(73216K)
[225.398s][info ][gc,heap        ] GC(28) ParOldGen: 321114K(363008K)->362655K(478720K)
[225.398s][info ][gc,metaspace   ] GC(28) Metaspace: 87212K(88320K)->87212K(88320K) NonClass: 74444K(75008K)->74444K(75008K) Class: 12767K(13312K)->12767K(13312K)
[225.398s][info ][gc             ] GC(28) Pause Full (Ergonomics) 385M->381M(1668M) 313.301ms
[225.398s][info ][gc,cpu         ] GC(28) User=0.99s Sys=0.01s Real=0.31s
[225.398s][info ][safepoint      ] Safepoint "ParallelGCFailedAllocation", Time since last: 393146316 ns, Reaching safepoint: 4800 ns, Cleanup: 8300 ns, At safepoint: 382004783 ns, Total: 382017883 ns
[226.398s][info ][safepoint      ] Safepoint "Cleanup", Time since last: 1000099136 ns, Reaching safepoint: 74999 ns, Cleanup: 10000 ns, At safepoint: 5100 ns, Total: 90099 ns
[227.398s][info ][safepoint      ] Safepoint "Cleanup", Time since last: 1000113035 ns, Reaching safepoint: 75800 ns, Cleanup: 15700 ns, At safepoint: 6000 ns, Total: 97500 ns
[228.399s][info ][safepoint      ] Safepoint "Cleanup", Time since last: 1000108748 ns, Reaching safepoint: 74200 ns, Cleanup: 40699 ns, At safepoint: 7000 ns, Total: 121899 ns
[229.399s][info ][safepoint      ] Safepoint "Cleanup", Time since last: 1000110110 ns, Reaching safepoint: 73999 ns, Cleanup: 14400 ns, At safepoint: 6300 ns, Total: 94699 ns
[230.399s][info ][safepoint      ] Safepoint "Cleanup", Time since last: 1000122110 ns, Reaching safepoint: 74699 ns, Cleanup: 11500 ns, At safepoint: 5700 ns, Total: 91899 ns
[231.399s][info ][safepoint      ] Safepoint "Cleanup", Time since last: 1000107896 ns, Reaching safepoint: 72600 ns, Cleanup: 8500 ns, At safepoint: 5599 ns, Total: 86699 ns
[232.399s][info ][safepoint      ] Safepoint "Cleanup", Time since last: 1000130738 ns, Reaching safepoint: 76100 ns, Cleanup: 15600 ns, At safepoint: 7700 ns, Total: 99400 ns
[233.400s][info ][safepoint      ] Safepoint "Cleanup", Time since last: 1000111938 ns, Reaching safepoint: 73200 ns, Cleanup: 16499 ns, At safepoint: 6100 ns, Total: 95799 ns
[234.400s][info ][safepoint      ] Safepoint "Cleanup", Time since last: 1000118238 ns, Reaching safepoint: 81700 ns, Cleanup: 34800 ns, At safepoint: 9800 ns, Total: 126300 ns
[236.400s][info ][safepoint      ] Safepoint "Cleanup", Time since last: 2000164976 ns, Reaching safepoint: 75300 ns, Cleanup: 20600 ns, At safepoint: 5700 ns, Total: 101600 ns
[237.400s][info ][safepoint      ] Safepoint "Cleanup", Time since last: 1000114438 ns, Reaching safepoint: 72799 ns, Cleanup: 11400 ns, At safepoint: 5700 ns, Total: 89899 ns
[238.401s][info ][safepoint      ] Safepoint "Cleanup", Time since last: 1000110038 ns, Reaching safepoint: 74600 ns, Cleanup: 8600 ns, At safepoint: 5500 ns, Total: 88700 ns
[239.400s][info ][gc,start       ] GC(29) Pause Young (Allocation Failure)
[239.451s][debug][gc,phases      ] GC(29) Scavenge 50.952ms
[239.451s][debug][gc,ref         ] GC(29) Skipped phase 1 of Reference Processing: no references
[239.451s][debug][gc,ref         ] GC(29) ReferenceProcessor::execute queues: 1, RefProcThreadModel::Single, marks_oops_alive: false
[239.451s][debug][gc,ref         ] GC(29) Skipped phase 3 of Reference Processing: no references
[239.451s][debug][gc,ref         ] GC(29) ReferenceProcessor::execute queues: 1, RefProcThreadModel::Single, marks_oops_alive: false
[239.451s][debug][gc,phases      ] GC(29) Reference Processing 0.112ms
[239.451s][debug][gc,phases      ] GC(29)   VM Weak                        Min:  0.0, Avg:  0.0, Max:  0.0, Diff:  0.0, Sum:  0.0, Workers: 4
[239.451s][debug][gc,phases      ] GC(29)     Dead                           Min: 0, Avg:  0.0, Max: 0, Diff: 0, Sum: 0, Workers: 4
[239.451s][debug][gc,phases      ] GC(29)     Total                          Min: 0, Avg: 229.2, Max: 768, Diff: 768, Sum: 917, Workers: 4
[239.451s][debug][gc,phases      ] GC(29)   ObjectSynchronizer Weak        Min:  0.0, Avg:  0.0, Max:  0.0, Diff:  0.0, Sum:  0.0, Workers: 4
[239.451s][debug][gc,phases      ] GC(29)     Dead                           Min: 0, Avg:  0.0, Max: 0, Diff: 0, Sum: 0, Workers: 4
[239.451s][debug][gc,phases      ] GC(29)     Total                          Min: 0, Avg:  1.8, Max: 7, Diff: 7, Sum: 7, Workers: 4
[239.451s][debug][gc,phases      ] GC(29)   JVMTI Tag Weak OopStorage      Min:  0.0, Avg:  0.0, Max:  0.0, Diff:  0.0, Sum:  0.0, Workers: 4
[239.451s][debug][gc,phases      ] GC(29)     Dead                           Min: 0, Avg:  0.0, Max: 0, Diff: 0, Sum: 0, Workers: 4
[239.451s][debug][gc,phases      ] GC(29)     Total                          Min: 0, Avg:  0.0, Max: 0, Diff: 0, Sum: 0, Workers: 4
[239.451s][debug][gc,phases      ] GC(29)   StringTable Weak               Min:  0.0, Avg:  0.1, Max:  0.1, Diff:  0.1, Sum:  0.4, Workers: 4
[239.451s][debug][gc,phases      ] GC(29)     Dead                           Min: 0, Avg:  0.0, Max: 0, Diff: 0, Sum: 0, Workers: 4
[239.451s][debug][gc,phases      ] GC(29)     Total                          Min: 0, Avg: 11045.0, Max: 18964, Diff: 18964, Sum: 44180, Workers: 4
[239.451s][debug][gc,phases      ] GC(29)   ResolvedMethodTable Weak       Min:  0.0, Avg:  0.0, Max:  0.0, Diff:  0.0, Sum:  0.1, Workers: 4
[239.451s][debug][gc,phases      ] GC(29)     Dead                           Min: 0, Avg:  0.0, Max: 0, Diff: 0, Sum: 0, Workers: 4
[239.451s][debug][gc,phases      ] GC(29)     Total                          Min: 0, Avg: 2732.0, Max: 4480, Diff: 4480, Sum: 10928, Workers: 4
[239.451s][debug][gc,phases      ] GC(29)   JNI Weak                       Min:  0.0, Avg:  0.0, Max:  0.0, Diff:  0.0, Sum:  0.0, Workers: 4
[239.451s][debug][gc,phases      ] GC(29)     Dead                           Min: 0, Avg:  0.0, Max: 0, Diff: 0, Sum: 0, Workers: 4
[239.451s][debug][gc,phases      ] GC(29)     Total                          Min: 0, Avg: 12.0, Max: 48, Diff: 48, Sum: 48, Workers: 4
[239.451s][debug][gc,phases      ] GC(29)   StringDedup Table Weak         Min:  0.0, Avg:  0.0, Max:  0.0, Diff:  0.0, Sum:  0.0, Workers: 4
[239.451s][debug][gc,phases      ] GC(29)     Dead                           Min: 0, Avg:  0.0, Max: 0, Diff: 0, Sum: 0, Workers: 4
[239.451s][debug][gc,phases      ] GC(29)     Total                          Min: 0, Avg:  0.0, Max: 0, Diff: 0, Sum: 0, Workers: 4
[239.451s][debug][gc,phases      ] GC(29)   StringDedup Requests0 Weak     Min:  0.0, Avg:  0.0, Max:  0.0, Diff:  0.0, Sum:  0.0, Workers: 4
[239.451s][debug][gc,phases      ] GC(29)     Dead                           Min: 0, Avg:  0.0, Max: 0, Diff: 0, Sum: 0, Workers: 4
[239.451s][debug][gc,phases      ] GC(29)     Total                          Min: 0, Avg:  0.0, Max: 0, Diff: 0, Sum: 0, Workers: 4
[239.451s][debug][gc,phases      ] GC(29)   StringDedup Requests1 Weak     Min:  0.0, Avg:  0.0, Max:  0.0, Diff:  0.0, Sum:  0.0, Workers: 4
[239.451s][debug][gc,phases      ] GC(29)     Dead                           Min: 0, Avg:  0.0, Max: 0, Diff: 0, Sum: 0, Workers: 4
[239.451s][debug][gc,phases      ] GC(29)     Total                          Min: 0, Avg:  0.0, Max: 0, Diff: 0, Sum: 0, Workers: 4
[239.451s][debug][gc,phases      ] GC(29)   Weak JFR Old Object Samples    Min:  0.0, Avg:  0.0, Max:  0.0, Diff:  0.0, Sum:  0.0, Workers: 4
[239.451s][debug][gc,phases      ] GC(29)     Dead                           Min: 0, Avg:  0.0, Max: 0, Diff: 0, Sum: 0, Workers: 4
[239.451s][debug][gc,phases      ] GC(29)     Total                          Min: 0, Avg:  0.0, Max: 0, Diff: 0, Sum: 0, Workers: 4
[239.451s][debug][gc,phases      ] GC(29) Weak Processing 0.349ms
[239.451s][debug][gc,age         ] GC(29) Desired survivor size 502792192 bytes, new threshold 15 (max threshold 15)
[239.452s][info ][gc,heap        ] GC(29) PSYoungGen: 1184227K(1229312K)->18144K(1593856K) Eden: 1156096K(1156096K)->0K(1115136K) From: 28131K(73216K)->18144K(478720K)
[239.452s][info ][gc,heap        ] GC(29) ParOldGen: 362655K(478720K)->374339K(478720K)
[239.452s][info ][gc,metaspace   ] GC(29) Metaspace: 87264K(88384K)->87264K(88384K) NonClass: 74492K(75072K)->74492K(75072K) Class: 12771K(13312K)->12771K(13312K)
[239.452s][info ][gc             ] GC(29) Pause Young (Allocation Failure) 1510M->383M(2024M) 51.532ms
[239.452s][info ][gc,cpu         ] GC(29) User=0.15s Sys=0.00s Real=0.05s
[239.452s][info ][safepoint      ] Safepoint "ParallelGCFailedAllocation", Time since last: 999322781 ns, Reaching safepoint: 76500 ns, Cleanup: 9899 ns, At safepoint: 51603540 ns, Total: 51689939 ns
[241.109s][info ][safepoint      ] Safepoint "Cleanup", Time since last: 1657616319 ns, Reaching safepoint: 76299 ns, Cleanup: 14000 ns, At safepoint: 6400 ns, Total: 96699 ns
[242.109s][info ][safepoint      ] Safepoint "Cleanup", Time since last: 1000120943 ns, Reaching safepoint: 72400 ns, Cleanup: 11700 ns, At safepoint: 5900 ns, Total: 90000 ns
[244.110s][info ][safepoint      ] Safepoint "Cleanup", Time since last: 2000177687 ns, Reaching safepoint: 74199 ns, Cleanup: 12800 ns, At safepoint: 5300 ns, Total: 92299 ns
[246.112s][info ][safepoint      ] Safepoint "Cleanup", Time since last: 2000172187 ns, Reaching safepoint: 2451388 ns, Cleanup: 10200 ns, At safepoint: 6400 ns, Total: 2467988 ns
[247.499s][info ][safepoint      ] Safepoint "Cleanup", Time since last: 1386166341 ns, Reaching safepoint: 77600 ns, Cleanup: 38299 ns, At safepoint: 10000 ns, Total: 125899 ns
[249.499s][info ][safepoint      ] Safepoint "Cleanup", Time since last: 2000175871 ns, Reaching safepoint: 81000 ns, Cleanup: 12600 ns, At safepoint: 5500 ns, Total: 99100 ns
[250.499s][info ][safepoint      ] Safepoint "Cleanup", Time since last: 1000137635 ns, Reaching safepoint: 71699 ns, Cleanup: 17200 ns, At safepoint: 7500 ns, Total: 96399 ns
[252.500s][info ][safepoint      ] Safepoint "Cleanup", Time since last: 2000193171 ns, Reaching safepoint: 77700 ns, Cleanup: 21499 ns, At safepoint: 7000 ns, Total: 106199 ns
[253.500s][info ][safepoint      ] Safepoint "Cleanup", Time since last: 1000121436 ns, Reaching safepoint: 73299 ns, Cleanup: 15400 ns, At safepoint: 6400 ns, Total: 95099 ns
[253.599s][info ][gc,start       ] GC(30) Pause Young (Allocation Failure)
[253.606s][debug][gc,phases      ] GC(30) Scavenge 6.899ms
[253.606s][debug][gc,ref         ] GC(30) Skipped phase 1 of Reference Processing: no references
[253.606s][debug][gc,ref         ] GC(30) ReferenceProcessor::execute queues: 1, RefProcThreadModel::Single, marks_oops_alive: false
[253.606s][debug][gc,ref         ] GC(30) Skipped phase 3 of Reference Processing: no references
[253.606s][debug][gc,ref         ] GC(30) Skipped phase 4 of Reference Processing: no references
[253.606s][debug][gc,phases      ] GC(30) Reference Processing 0.116ms
[253.606s][debug][gc,phases      ] GC(30)   VM Weak                        Min:  0.0, Avg:  0.0, Max:  0.0, Diff:  0.0, Sum:  0.0, Workers: 4
[253.606s][debug][gc,phases      ] GC(30)     Dead                           Min: 0, Avg:  0.0, Max: 0, Diff: 0, Sum: 0, Workers: 4
[253.606s][debug][gc,phases      ] GC(30)     Total                          Min: 0, Avg: 229.2, Max: 640, Diff: 640, Sum: 917, Workers: 4
[253.606s][debug][gc,phases      ] GC(30)   ObjectSynchronizer Weak        Min:  0.0, Avg:  0.0, Max:  0.0, Diff:  0.0, Sum:  0.0, Workers: 4
[253.606s][debug][gc,phases      ] GC(30)     Dead                           Min: 0, Avg:  0.0, Max: 0, Diff: 0, Sum: 0, Workers: 4
[253.606s][debug][gc,phases      ] GC(30)     Total                          Min: 0, Avg:  1.5, Max: 6, Diff: 6, Sum: 6, Workers: 4
[253.606s][debug][gc,phases      ] GC(30)   JVMTI Tag Weak OopStorage      Min:  0.0, Avg:  0.0, Max:  0.0, Diff:  0.0, Sum:  0.0, Workers: 4
[253.606s][debug][gc,phases      ] GC(30)     Dead                           Min: 0, Avg:  0.0, Max: 0, Diff: 0, Sum: 0, Workers: 4
[253.606s][debug][gc,phases      ] GC(30)     Total                          Min: 0, Avg:  0.0, Max: 0, Diff: 0, Sum: 0, Workers: 4
[253.606s][debug][gc,phases      ] GC(30)   StringTable Weak               Min:  0.1, Avg:  0.2, Max:  0.2, Diff:  0.1, Sum:  0.6, Workers: 4
[253.606s][debug][gc,phases      ] GC(30)     Dead                           Min: 0, Avg:  0.0, Max: 0, Diff: 0, Sum: 0, Workers: 4
[253.606s][debug][gc,phases      ] GC(30)     Total                          Min: 640, Avg: 11047.5, Max: 15326, Diff: 14686, Sum: 44190, Workers: 4
[253.607s][debug][gc,phases      ] GC(30)   ResolvedMethodTable Weak       Min:  0.0, Avg:  0.0, Max:  0.0, Diff:  0.0, Sum:  0.1, Workers: 4
[253.607s][debug][gc,phases      ] GC(30)     Dead                           Min: 0, Avg:  0.0, Max: 0, Diff: 0, Sum: 0, Workers: 4
[253.607s][debug][gc,phases      ] GC(30)     Total                          Min: 128, Avg: 2732.0, Max: 4272, Diff: 4144, Sum: 10928, Workers: 4
[253.607s][debug][gc,phases      ] GC(30)   JNI Weak                       Min:  0.0, Avg:  0.0, Max:  0.0, Diff:  0.0, Sum:  0.0, Workers: 4
[253.607s][debug][gc,phases      ] GC(30)     Dead                           Min: 0, Avg:  0.0, Max: 0, Diff: 0, Sum: 0, Workers: 4
[253.607s][debug][gc,phases      ] GC(30)     Total                          Min: 0, Avg: 12.2, Max: 49, Diff: 49, Sum: 49, Workers: 4
[253.607s][debug][gc,phases      ] GC(30)   StringDedup Table Weak         Min:  0.0, Avg:  0.0, Max:  0.0, Diff:  0.0, Sum:  0.0, Workers: 4
[253.607s][debug][gc,phases      ] GC(30)     Dead                           Min: 0, Avg:  0.0, Max: 0, Diff: 0, Sum: 0, Workers: 4
[253.607s][debug][gc,phases      ] GC(30)     Total                          Min: 0, Avg:  0.0, Max: 0, Diff: 0, Sum: 0, Workers: 4
[253.607s][debug][gc,phases      ] GC(30)   StringDedup Requests0 Weak     Min:  0.0, Avg:  0.0, Max:  0.0, Diff:  0.0, Sum:  0.0, Workers: 4
[253.607s][debug][gc,phases      ] GC(30)     Dead                           Min: 0, Avg:  0.0, Max: 0, Diff: 0, Sum: 0, Workers: 4
[253.607s][debug][gc,phases      ] GC(30)     Total                          Min: 0, Avg:  0.0, Max: 0, Diff: 0, Sum: 0, Workers: 4
[253.607s][debug][gc,phases      ] GC(30)   StringDedup Requests1 Weak     Min:  0.0, Avg:  0.0, Max:  0.0, Diff:  0.0, Sum:  0.0, Workers: 4
[253.607s][debug][gc,phases      ] GC(30)     Dead                           Min: 0, Avg:  0.0, Max: 0, Diff: 0, Sum: 0, Workers: 4
[253.607s][debug][gc,phases      ] GC(30)     Total                          Min: 0, Avg:  0.0, Max: 0, Diff: 0, Sum: 0, Workers: 4
[253.607s][debug][gc,phases      ] GC(30)   Weak JFR Old Object Samples    Min:  0.0, Avg:  0.0, Max:  0.0, Diff:  0.0, Sum:  0.0, Workers: 4
[253.607s][debug][gc,phases      ] GC(30)     Dead                           Min: 0, Avg:  0.0, Max: 0, Diff: 0, Sum: 0, Workers: 4
[253.607s][debug][gc,phases      ] GC(30)     Total                          Min: 0, Avg:  0.0, Max: 0, Diff: 0, Sum: 0, Workers: 4
[253.607s][debug][gc,phases      ] GC(30) Weak Processing 0.443ms
[253.607s][debug][gc,age         ] GC(30) Desired survivor size 509083648 bytes, new threshold 15 (max threshold 15)
[253.607s][info ][gc,heap        ] GC(30) PSYoungGen: 1133280K(1593856K)->14288K(1129472K) Eden: 1115136K(1115136K)->0K(1115136K) From: 18144K(478720K)->14288K(14336K)
[253.607s][info ][gc,heap        ] GC(30) ParOldGen: 374339K(478720K)->379119K(478720K)
[253.607s][info ][gc,metaspace   ] GC(30) Metaspace: 87285K(88384K)->87285K(88384K) NonClass: 74514K(75072K)->74514K(75072K) Class: 12771K(13312K)->12771K(13312K)
[253.607s][info ][gc             ] GC(30) Pause Young (Allocation Failure) 1472M->384M(1570M) 7.626ms
[253.607s][info ][gc,cpu         ] GC(30) User=0.03s Sys=0.01s Real=0.01s
[253.607s][info ][safepoint      ] Safepoint "ParallelGCFailedAllocation", Time since last: 99294487 ns, Reaching safepoint: 4500 ns, Cleanup: 3500 ns, At safepoint: 7696261 ns, Total: 7704261 ns
[254.607s][info ][safepoint      ] Safepoint "Cleanup", Time since last: 1000090035 ns, Reaching safepoint: 58700 ns, Cleanup: 89399 ns, At safepoint: 7200 ns, Total: 155299 ns
[255.607s][info ][safepoint      ] Safepoint "Cleanup", Time since last: 1000125676 ns, Reaching safepoint: 75500 ns, Cleanup: 26300 ns, At safepoint: 5300 ns, Total: 107100 ns
[256.607s][info ][safepoint      ] Safepoint "Cleanup", Time since last: 1000103480 ns, Reaching safepoint: 71600 ns, Cleanup: 42500 ns, At safepoint: 5300 ns, Total: 119400 ns
[257.608s][info ][safepoint      ] Safepoint "Cleanup", Time since last: 1000106780 ns, Reaching safepoint: 72599 ns, Cleanup: 40000 ns, At safepoint: 5100 ns, Total: 117699 ns
[258.608s][info ][safepoint      ] Safepoint "Cleanup", Time since last: 1000095080 ns, Reaching safepoint: 70800 ns, Cleanup: 36700 ns, At safepoint: 5300 ns, Total: 112800 ns
[259.608s][info ][safepoint      ] Safepoint "Cleanup", Time since last: 1000113278 ns, Reaching safepoint: 73399 ns, Cleanup: 41500 ns, At safepoint: 4800 ns, Total: 119699 ns
[260.608s][info ][safepoint      ] Safepoint "Cleanup", Time since last: 1000103469 ns, Reaching safepoint: 71700 ns, Cleanup: 9200 ns, At safepoint: 5000 ns, Total: 85900 ns
[261.608s][info ][safepoint      ] Safepoint "Cleanup", Time since last: 1000112269 ns, Reaching safepoint: 76599 ns, Cleanup: 11200 ns, At safepoint: 6700 ns, Total: 94499 ns
[262.609s][info ][safepoint      ] Safepoint "Cleanup", Time since last: 1000109569 ns, Reaching safepoint: 72500 ns, Cleanup: 14600 ns, At safepoint: 5400 ns, Total: 92500 ns
[263.609s][info ][safepoint      ] Safepoint "Cleanup", Time since last: 1000106100 ns, Reaching safepoint: 72499 ns, Cleanup: 8000 ns, At safepoint: 4700 ns, Total: 85199 ns
[264.609s][info ][safepoint      ] Safepoint "Cleanup", Time since last: 1000103082 ns, Reaching safepoint: 72200 ns, Cleanup: 9300 ns, At safepoint: 5500 ns, Total: 87000 ns
[265.609s][info ][safepoint      ] Safepoint "Cleanup", Time since last: 1000108281 ns, Reaching safepoint: 72000 ns, Cleanup: 8200 ns, At safepoint: 5300 ns, Total: 85500 ns
[266.609s][info ][safepoint      ] Safepoint "Cleanup", Time since last: 1000114482 ns, Reaching safepoint: 74199 ns, Cleanup: 10100 ns, At safepoint: 6200 ns, Total: 90499 ns
[267.350s][info ][gc,start       ] GC(31) Pause Young (Allocation Failure)
[267.357s][debug][gc,phases      ] GC(31) Scavenge 7.196ms
[267.357s][debug][gc,ref         ] GC(31) Skipped phase 1 of Reference Processing: no references
[267.357s][debug][gc,ref         ] GC(31) ReferenceProcessor::execute queues: 1, RefProcThreadModel::Single, marks_oops_alive: false
[267.357s][debug][gc,ref         ] GC(31) Skipped phase 3 of Reference Processing: no references
[267.357s][debug][gc,ref         ] GC(31) ReferenceProcessor::execute queues: 1, RefProcThreadModel::Single, marks_oops_alive: false
[267.357s][debug][gc,phases      ] GC(31) Reference Processing 0.114ms
[267.358s][debug][gc,phases      ] GC(31)   VM Weak                        Min:  0.0, Avg:  0.0, Max:  0.0, Diff:  0.0, Sum:  0.0, Workers: 4
[267.358s][debug][gc,phases      ] GC(31)     Dead                           Min: 0, Avg:  0.0, Max: 0, Diff: 0, Sum: 0, Workers: 4
[267.358s][debug][gc,phases      ] GC(31)     Total                          Min: 0, Avg: 229.5, Max: 832, Diff: 832, Sum: 918, Workers: 4
[267.358s][debug][gc,phases      ] GC(31)   ObjectSynchronizer Weak        Min:  0.0, Avg:  0.0, Max:  0.0, Diff:  0.0, Sum:  0.0, Workers: 4
[267.358s][debug][gc,phases      ] GC(31)     Dead                           Min: 0, Avg:  0.0, Max: 0, Diff: 0, Sum: 0, Workers: 4
[267.358s][debug][gc,phases      ] GC(31)     Total                          Min: 0, Avg:  1.5, Max: 6, Diff: 6, Sum: 6, Workers: 4
[267.358s][debug][gc,phases      ] GC(31)   JVMTI Tag Weak OopStorage      Min:  0.0, Avg:  0.0, Max:  0.0, Diff:  0.0, Sum:  0.0, Workers: 4
[267.358s][debug][gc,phases      ] GC(31)     Dead                           Min: 0, Avg:  0.0, Max: 0, Diff: 0, Sum: 0, Workers: 4
[267.358s][debug][gc,phases      ] GC(31)     Total                          Min: 0, Avg:  0.0, Max: 0, Diff: 0, Sum: 0, Workers: 4
[267.358s][debug][gc,phases      ] GC(31)   StringTable Weak               Min:  0.0, Avg:  0.1, Max:  0.1, Diff:  0.1, Sum:  0.4, Workers: 4
[267.358s][debug][gc,phases      ] GC(31)     Dead                           Min: 0, Avg:  0.8, Max: 3, Diff: 3, Sum: 3, Workers: 4
[267.358s][debug][gc,phases      ] GC(31)     Total                          Min: 0, Avg: 11049.2, Max: 18152, Diff: 18152, Sum: 44197, Workers: 4
[267.358s][debug][gc,phases      ] GC(31)   ResolvedMethodTable Weak       Min:  0.0, Avg:  0.0, Max:  0.0, Diff:  0.0, Sum:  0.1, Workers: 4
[267.358s][debug][gc,phases      ] GC(31)     Dead                           Min: 0, Avg:  0.0, Max: 0, Diff: 0, Sum: 0, Workers: 4
[267.358s][debug][gc,phases      ] GC(31)     Total                          Min: 0, Avg: 2735.2, Max: 4672, Diff: 4672, Sum: 10941, Workers: 4
[267.358s][debug][gc,phases      ] GC(31)   JNI Weak                       Min:  0.0, Avg:  0.0, Max:  0.0, Diff:  0.0, Sum:  0.0, Workers: 4
[267.358s][debug][gc,phases      ] GC(31)     Dead                           Min: 0, Avg:  0.0, Max: 0, Diff: 0, Sum: 0, Workers: 4
[267.358s][debug][gc,phases      ] GC(31)     Total                          Min: 0, Avg: 12.0, Max: 48, Diff: 48, Sum: 48, Workers: 4
[267.358s][debug][gc,phases      ] GC(31)   StringDedup Table Weak         Min:  0.0, Avg:  0.0, Max:  0.0, Diff:  0.0, Sum:  0.0, Workers: 4
[267.358s][debug][gc,phases      ] GC(31)     Dead                           Min: 0, Avg:  0.0, Max: 0, Diff: 0, Sum: 0, Workers: 4
[267.358s][debug][gc,phases      ] GC(31)     Total                          Min: 0, Avg:  0.0, Max: 0, Diff: 0, Sum: 0, Workers: 4
[267.358s][debug][gc,phases      ] GC(31)   StringDedup Requests0 Weak     Min:  0.0, Avg:  0.0, Max:  0.0, Diff:  0.0, Sum:  0.0, Workers: 4
[267.358s][debug][gc,phases      ] GC(31)     Dead                           Min: 0, Avg:  0.0, Max: 0, Diff: 0, Sum: 0, Workers: 4
[267.358s][debug][gc,phases      ] GC(31)     Total                          Min: 0, Avg:  0.0, Max: 0, Diff: 0, Sum: 0, Workers: 4
[267.358s][debug][gc,phases      ] GC(31)   StringDedup Requests1 Weak     Min:  0.0, Avg:  0.0, Max:  0.0, Diff:  0.0, Sum:  0.0, Workers: 4
[267.358s][debug][gc,phases      ] GC(31)     Dead                           Min: 0, Avg:  0.0, Max: 0, Diff: 0, Sum: 0, Workers: 4
[267.358s][debug][gc,phases      ] GC(31)     Total                          Min: 0, Avg:  0.0, Max: 0, Diff: 0, Sum: 0, Workers: 4
[267.358s][debug][gc,phases      ] GC(31)   Weak JFR Old Object Samples    Min:  0.0, Avg:  0.0, Max:  0.0, Diff:  0.0, Sum:  0.0, Workers: 4
[267.358s][debug][gc,phases      ] GC(31)     Dead                           Min: 0, Avg:  0.0, Max: 0, Diff: 0, Sum: 0, Workers: 4
[267.358s][debug][gc,phases      ] GC(31)     Total                          Min: 0, Avg:  0.0, Max: 0, Diff: 0, Sum: 0, Workers: 4
[267.358s][debug][gc,phases      ] GC(31) Weak Processing 0.347ms
[267.358s][debug][gc,age         ] GC(31) Desired survivor size 510656512 bytes, new threshold 15 (max threshold 15)
[267.358s][info ][gc,heap        ] GC(31) PSYoungGen: 1129424K(1129472K)->6912K(1596928K) Eden: 1115136K(1115136K)->0K(1099776K) From: 14288K(14336K)->6912K(497152K)
[267.358s][info ][gc,heap        ] GC(31) ParOldGen: 379119K(478720K)->387628K(478720K)
[267.358s][info ][gc,metaspace   ] GC(31) Metaspace: 87343K(88448K)->87343K(88448K) NonClass: 74564K(75136K)->74564K(75136K) Class: 12778K(13312K)->12778K(13312K)
[267.358s][info ][gc             ] GC(31) Pause Young (Allocation Failure) 1473M->385M(2027M) 7.774ms
[267.358s][info ][gc,cpu         ] GC(31) User=0.02s Sys=0.00s Real=0.01s
[267.358s][info ][safepoint      ] Safepoint "ParallelGCFailedAllocation", Time since last: 740413759 ns, Reaching safepoint: 79700 ns, Cleanup: 18199 ns, At safepoint: 7846562 ns, Total: 7944461 ns
[269.358s][info ][safepoint      ] Safepoint "Cleanup", Time since last: 2000179263 ns, Reaching safepoint: 78600 ns, Cleanup: 9800 ns, At safepoint: 6600 ns, Total: 95000 ns
[270.358s][info ][safepoint      ] Safepoint "Cleanup", Time since last: 1000129482 ns, Reaching safepoint: 77399 ns, Cleanup: 9400 ns, At safepoint: 6600 ns, Total: 93399 ns
[271.359s][info ][safepoint      ] Safepoint "Cleanup", Time since last: 1000108976 ns, Reaching safepoint: 71699 ns, Cleanup: 7500 ns, At safepoint: 5300 ns, Total: 84499 ns
[272.359s][info ][safepoint      ] Safepoint "Cleanup", Time since last: 1000114801 ns, Reaching safepoint: 74899 ns, Cleanup: 8300 ns, At safepoint: 6000 ns, Total: 89199 ns
[277.359s][info ][safepoint      ] Safepoint "Cleanup", Time since last: 5000409804 ns, Reaching safepoint: 75999 ns, Cleanup: 11300 ns, At safepoint: 6600 ns, Total: 93899 ns
[278.359s][info ][safepoint      ] Safepoint "Cleanup", Time since last: 1000113919 ns, Reaching safepoint: 4100 ns, Cleanup: 9900 ns, At safepoint: 2200 ns, Total: 16200 ns
[279.360s][info ][safepoint      ] Safepoint "Cleanup", Time since last: 1000122975 ns, Reaching safepoint: 52300 ns, Cleanup: 10800 ns, At safepoint: 6400 ns, Total: 69500 ns
[280.360s][info ][safepoint      ] Safepoint "Cleanup", Time since last: 1000112233 ns, Reaching safepoint: 74700 ns, Cleanup: 25200 ns, At safepoint: 5800 ns, Total: 105700 ns
[281.360s][info ][safepoint      ] Safepoint "Cleanup", Time since last: 1000097033 ns, Reaching safepoint: 71700 ns, Cleanup: 8800 ns, At safepoint: 5600 ns, Total: 86100 ns
[282.600s][info ][gc,start       ] GC(32) Pause Young (Allocation Failure)
[282.606s][debug][gc,phases      ] GC(32) Scavenge 5.534ms
[282.606s][debug][gc,ref         ] GC(32) Skipped phase 1 of Reference Processing: no references
[282.606s][debug][gc,ref         ] GC(32) ReferenceProcessor::execute queues: 1, RefProcThreadModel::Single, marks_oops_alive: false
[282.606s][debug][gc,ref         ] GC(32) Skipped phase 3 of Reference Processing: no references
[282.606s][debug][gc,ref         ] GC(32) ReferenceProcessor::execute queues: 1, RefProcThreadModel::Single, marks_oops_alive: false
[282.606s][debug][gc,phases      ] GC(32) Reference Processing 0.098ms
[282.606s][debug][gc,phases      ] GC(32)   VM Weak                        Min:  0.0, Avg:  0.0, Max:  0.0, Diff:  0.0, Sum:  0.0, Workers: 4
[282.606s][debug][gc,phases      ] GC(32)     Dead                           Min: 0, Avg:  0.0, Max: 0, Diff: 0, Sum: 0, Workers: 4
[282.606s][debug][gc,phases      ] GC(32)     Total                          Min: 0, Avg: 229.8, Max: 535, Diff: 535, Sum: 919, Workers: 4
[282.606s][debug][gc,phases      ] GC(32)   ObjectSynchronizer Weak        Min:  0.0, Avg:  0.0, Max:  0.0, Diff:  0.0, Sum:  0.0, Workers: 4
[282.606s][debug][gc,phases      ] GC(32)     Dead                           Min: 0, Avg:  0.0, Max: 0, Diff: 0, Sum: 0, Workers: 4
[282.606s][debug][gc,phases      ] GC(32)     Total                          Min: 0, Avg:  1.5, Max: 6, Diff: 6, Sum: 6, Workers: 4
[282.606s][debug][gc,phases      ] GC(32)   JVMTI Tag Weak OopStorage      Min:  0.0, Avg:  0.0, Max:  0.0, Diff:  0.0, Sum:  0.0, Workers: 4
[282.606s][debug][gc,phases      ] GC(32)     Dead                           Min: 0, Avg:  0.0, Max: 0, Diff: 0, Sum: 0, Workers: 4
[282.606s][debug][gc,phases      ] GC(32)     Total                          Min: 0, Avg:  0.0, Max: 0, Diff: 0, Sum: 0, Workers: 4
[282.606s][debug][gc,phases      ] GC(32)   StringTable Weak               Min:  0.0, Avg:  0.1, Max:  0.1, Diff:  0.1, Sum:  0.3, Workers: 4
[282.606s][debug][gc,phases      ] GC(32)     Dead                           Min: 0, Avg:  0.5, Max: 2, Diff: 2, Sum: 2, Workers: 4
[282.606s][debug][gc,phases      ] GC(32)     Total                          Min: 0, Avg: 11053.8, Max: 19071, Diff: 19071, Sum: 44215, Workers: 4
[282.606s][debug][gc,phases      ] GC(32)   ResolvedMethodTable Weak       Min:  0.0, Avg:  0.0, Max:  0.0, Diff:  0.0, Sum:  0.1, Workers: 4
[282.606s][debug][gc,phases      ] GC(32)     Dead                           Min: 0, Avg:  0.0, Max: 0, Diff: 0, Sum: 0, Workers: 4
[282.606s][debug][gc,phases      ] GC(32)     Total                          Min: 0, Avg: 2737.2, Max: 4800, Diff: 4800, Sum: 10949, Workers: 4
[282.606s][debug][gc,phases      ] GC(32)   JNI Weak                       Min:  0.0, Avg:  0.0, Max:  0.0, Diff:  0.0, Sum:  0.0, Workers: 4
[282.606s][debug][gc,phases      ] GC(32)     Dead                           Min: 0, Avg:  0.0, Max: 0, Diff: 0, Sum: 0, Workers: 4
[282.606s][debug][gc,phases      ] GC(32)     Total                          Min: 0, Avg: 12.0, Max: 48, Diff: 48, Sum: 48, Workers: 4
[282.606s][debug][gc,phases      ] GC(32)   StringDedup Table Weak         Min:  0.0, Avg:  0.0, Max:  0.0, Diff:  0.0, Sum:  0.0, Workers: 4
[282.606s][debug][gc,phases      ] GC(32)     Dead                           Min: 0, Avg:  0.0, Max: 0, Diff: 0, Sum: 0, Workers: 4
[282.606s][debug][gc,phases      ] GC(32)     Total                          Min: 0, Avg:  0.0, Max: 0, Diff: 0, Sum: 0, Workers: 4
[282.606s][debug][gc,phases      ] GC(32)   StringDedup Requests0 Weak     Min:  0.0, Avg:  0.0, Max:  0.0, Diff:  0.0, Sum:  0.0, Workers: 4
[282.606s][debug][gc,phases      ] GC(32)     Dead                           Min: 0, Avg:  0.0, Max: 0, Diff: 0, Sum: 0, Workers: 4
[282.606s][debug][gc,phases      ] GC(32)     Total                          Min: 0, Avg:  0.0, Max: 0, Diff: 0, Sum: 0, Workers: 4
[282.606s][debug][gc,phases      ] GC(32)   StringDedup Requests1 Weak     Min:  0.0, Avg:  0.0, Max:  0.0, Diff:  0.0, Sum:  0.0, Workers: 4
[282.606s][debug][gc,phases      ] GC(32)     Dead                           Min: 0, Avg:  0.0, Max: 0, Diff: 0, Sum: 0, Workers: 4
[282.606s][debug][gc,phases      ] GC(32)     Total                          Min: 0, Avg:  0.0, Max: 0, Diff: 0, Sum: 0, Workers: 4
[282.606s][debug][gc,phases      ] GC(32)   Weak JFR Old Object Samples    Min:  0.0, Avg:  0.0, Max:  0.0, Diff:  0.0, Sum:  0.0, Workers: 4
[282.606s][debug][gc,phases      ] GC(32)     Dead                           Min: 0, Avg:  0.0, Max: 0, Diff: 0, Sum: 0, Workers: 4
[282.606s][debug][gc,phases      ] GC(32)     Total                          Min: 0, Avg:  0.0, Max: 0, Diff: 0, Sum: 0, Workers: 4
[282.606s][debug][gc,phases      ] GC(32) Weak Processing 0.316ms
[282.606s][debug][gc,age         ] GC(32) Desired survivor size 506462208 bytes, new threshold 15 (max threshold 15)
[282.606s][info ][gc,heap        ] GC(32) PSYoungGen: 1106688K(1596928K)->6912K(1598464K) Eden: 1099776K(1099776K)->0K(1099776K) From: 6912K(497152K)->6912K(498688K)
[282.606s][info ][gc,heap        ] GC(32) ParOldGen: 387628K(478720K)->387796K(478720K)
[282.606s][info ][gc,metaspace   ] GC(32) Metaspace: 87385K(88448K)->87385K(88448K) NonClass: 74602K(75136K)->74602K(75136K) Class: 12782K(13312K)->12782K(13312K)
[282.606s][info ][gc             ] GC(32) Pause Young (Allocation Failure) 1459M->385M(2028M) 6.056ms
[282.606s][info ][gc,cpu         ] GC(32) User=0.01s Sys=0.00s Real=0.01s
[282.606s][info ][safepoint      ] Safepoint "ParallelGCFailedAllocation", Time since last: 1239947875 ns, Reaching safepoint: 80299 ns, Cleanup: 12800 ns, At safepoint: 6122266 ns, Total: 6215365 ns
[283.606s][info ][safepoint      ] Safepoint "Cleanup", Time since last: 1000080534 ns, Reaching safepoint: 72799 ns, Cleanup: 14900 ns, At safepoint: 7100 ns, Total: 94799 ns
[284.607s][info ][safepoint      ] Safepoint "Cleanup", Time since last: 1000128271 ns, Reaching safepoint: 80000 ns, Cleanup: 15500 ns, At safepoint: 6200 ns, Total: 101700 ns
[285.607s][info ][safepoint      ] Safepoint "Cleanup", Time since last: 1000131682 ns, Reaching safepoint: 77100 ns, Cleanup: 12900 ns, At safepoint: 6000 ns, Total: 96000 ns
[286.607s][info ][safepoint      ] Safepoint "Cleanup", Time since last: 1000110183 ns, Reaching safepoint: 69799 ns, Cleanup: 13800 ns, At safepoint: 5300 ns, Total: 88899 ns
[287.607s][info ][safepoint      ] Safepoint "Cleanup", Time since last: 1000066631 ns, Reaching safepoint: 80100 ns, Cleanup: 18499 ns, At safepoint: 5200 ns, Total: 103799 ns
[289.607s][info ][safepoint      ] Safepoint "Cleanup", Time since last: 2000181293 ns, Reaching safepoint: 76399 ns, Cleanup: 26700 ns, At safepoint: 5800 ns, Total: 108899 ns
[290.608s][info ][safepoint      ] Safepoint "Cleanup", Time since last: 1000103146 ns, Reaching safepoint: 72500 ns, Cleanup: 9600 ns, At safepoint: 4800 ns, Total: 86900 ns
[291.608s][info ][safepoint      ] Safepoint "Cleanup", Time since last: 1000086946 ns, Reaching safepoint: 70700 ns, Cleanup: 7100 ns, At safepoint: 8300 ns, Total: 86100 ns
[292.616s][info ][safepoint      ] Safepoint "Cleanup", Time since last: 1007904509 ns, Reaching safepoint: 4800 ns, Cleanup: 34900 ns, At safepoint: 2000 ns, Total: 41700 ns
[293.616s][info ][safepoint      ] Safepoint "Cleanup", Time since last: 1000123946 ns, Reaching safepoint: 5400 ns, Cleanup: 13400 ns, At safepoint: 2400 ns, Total: 21200 ns
[295.461s][info ][safepoint      ] Safepoint "Cleanup", Time since last: 1845580058 ns, Reaching safepoint: 6300 ns, Cleanup: 15500 ns, At safepoint: 2100 ns, Total: 23900 ns
[297.085s][info ][safepoint      ] Safepoint "Cleanup", Time since last: 1624017071 ns, Reaching safepoint: 4900 ns, Cleanup: 13900 ns, At safepoint: 1800 ns, Total: 20600 ns
[298.051s][info ][gc,start       ] GC(33) Pause Young (Allocation Failure)
[298.057s][debug][gc,phases      ] GC(33) Scavenge 6.595ms
[298.057s][debug][gc,ref         ] GC(33) Skipped phase 1 of Reference Processing: no references
[298.057s][debug][gc,ref         ] GC(33) ReferenceProcessor::execute queues: 1, RefProcThreadModel::Single, marks_oops_alive: false
[298.057s][debug][gc,ref         ] GC(33) Skipped phase 3 of Reference Processing: no references
[298.057s][debug][gc,ref         ] GC(33) ReferenceProcessor::execute queues: 1, RefProcThreadModel::Single, marks_oops_alive: false
[298.057s][debug][gc,phases      ] GC(33) Reference Processing 0.111ms
[298.058s][debug][gc,phases      ] GC(33)   VM Weak                        Min:  0.0, Avg:  0.0, Max:  0.0, Diff:  0.0, Sum:  0.0, Workers: 4
[298.058s][debug][gc,phases      ] GC(33)     Dead                           Min: 0, Avg:  0.0, Max: 0, Diff: 0, Sum: 0, Workers: 4
[298.058s][debug][gc,phases      ] GC(33)     Total                          Min: 0, Avg: 231.8, Max: 479, Diff: 479, Sum: 927, Workers: 4
[298.058s][debug][gc,phases      ] GC(33)   ObjectSynchronizer Weak        Min:  0.0, Avg:  0.0, Max:  0.0, Diff:  0.0, Sum:  0.0, Workers: 4
[298.058s][debug][gc,phases      ] GC(33)     Dead                           Min: 0, Avg:  0.0, Max: 0, Diff: 0, Sum: 0, Workers: 4
[298.058s][debug][gc,phases      ] GC(33)     Total                          Min: 0, Avg:  1.5, Max: 6, Diff: 6, Sum: 6, Workers: 4
[298.058s][debug][gc,phases      ] GC(33)   JVMTI Tag Weak OopStorage      Min:  0.0, Avg:  0.0, Max:  0.0, Diff:  0.0, Sum:  0.0, Workers: 4
[298.058s][debug][gc,phases      ] GC(33)     Dead                           Min: 0, Avg:  0.0, Max: 0, Diff: 0, Sum: 0, Workers: 4
[298.058s][debug][gc,phases      ] GC(33)     Total                          Min: 0, Avg:  0.0, Max: 0, Diff: 0, Sum: 0, Workers: 4
[298.058s][debug][gc,phases      ] GC(33)   StringTable Weak               Min:  0.0, Avg:  0.1, Max:  0.1, Diff:  0.1, Sum:  0.4, Workers: 4
[298.058s][debug][gc,phases      ] GC(33)     Dead                           Min: 0, Avg:  0.2, Max: 1, Diff: 1, Sum: 1, Workers: 4
[298.058s][debug][gc,phases      ] GC(33)     Total                          Min: 0, Avg: 11068.2, Max: 18880, Diff: 18880, Sum: 44273, Workers: 4
[298.058s][debug][gc,phases      ] GC(33)   ResolvedMethodTable Weak       Min:  0.0, Avg:  0.0, Max:  0.0, Diff:  0.0, Sum:  0.1, Workers: 4
[298.058s][debug][gc,phases      ] GC(33)     Dead                           Min: 0, Avg:  0.0, Max: 0, Diff: 0, Sum: 0, Workers: 4
[298.058s][debug][gc,phases      ] GC(33)     Total                          Min: 0, Avg: 2747.8, Max: 4592, Diff: 4592, Sum: 10991, Workers: 4
[298.058s][debug][gc,phases      ] GC(33)   JNI Weak                       Min:  0.0, Avg:  0.0, Max:  0.0, Diff:  0.0, Sum:  0.0, Workers: 4
[298.058s][debug][gc,phases      ] GC(33)     Dead                           Min: 0, Avg:  0.0, Max: 0, Diff: 0, Sum: 0, Workers: 4
[298.058s][debug][gc,phases      ] GC(33)     Total                          Min: 0, Avg: 12.2, Max: 49, Diff: 49, Sum: 49, Workers: 4
[298.058s][debug][gc,phases      ] GC(33)   StringDedup Table Weak         Min:  0.0, Avg:  0.0, Max:  0.0, Diff:  0.0, Sum:  0.0, Workers: 4
[298.058s][debug][gc,phases      ] GC(33)     Dead                           Min: 0, Avg:  0.0, Max: 0, Diff: 0, Sum: 0, Workers: 4
[298.058s][debug][gc,phases      ] GC(33)     Total                          Min: 0, Avg:  0.0, Max: 0, Diff: 0, Sum: 0, Workers: 4
[298.058s][debug][gc,phases      ] GC(33)   StringDedup Requests0 Weak     Min:  0.0, Avg:  0.0, Max:  0.0, Diff:  0.0, Sum:  0.0, Workers: 4
[298.058s][debug][gc,phases      ] GC(33)     Dead                           Min: 0, Avg:  0.0, Max: 0, Diff: 0, Sum: 0, Workers: 4
[298.058s][debug][gc,phases      ] GC(33)     Total                          Min: 0, Avg:  0.0, Max: 0, Diff: 0, Sum: 0, Workers: 4
[298.058s][debug][gc,phases      ] GC(33)   StringDedup Requests1 Weak     Min:  0.0, Avg:  0.0, Max:  0.0, Diff:  0.0, Sum:  0.0, Workers: 4
[298.058s][debug][gc,phases      ] GC(33)     Dead                           Min: 0, Avg:  0.0, Max: 0, Diff: 0, Sum: 0, Workers: 4
[298.058s][debug][gc,phases      ] GC(33)     Total                          Min: 0, Avg:  0.0, Max: 0, Diff: 0, Sum: 0, Workers: 4
[298.058s][debug][gc,phases      ] GC(33)   Weak JFR Old Object Samples    Min:  0.0, Avg:  0.0, Max:  0.0, Diff:  0.0, Sum:  0.0, Workers: 4
[298.058s][debug][gc,phases      ] GC(33)     Dead                           Min: 0, Avg:  0.0, Max: 0, Diff: 0, Sum: 0, Workers: 4
[298.058s][debug][gc,phases      ] GC(33)     Total                          Min: 0, Avg:  0.0, Max: 0, Diff: 0, Sum: 0, Workers: 4
[298.058s][debug][gc,phases      ] GC(33) Weak Processing 0.326ms
[298.058s][debug][gc,age         ] GC(33) Desired survivor size 498597888 bytes, new threshold 15 (max threshold 15)
[298.058s][info ][gc,heap        ] GC(33) PSYoungGen: 1106688K(1598464K)->6528K(1610240K) Eden: 1099776K(1099776K)->0K(1115648K) From: 6912K(498688K)->6528K(494592K)
[298.058s][info ][gc,heap        ] GC(33) ParOldGen: 387796K(478720K)->388316K(478720K)
[298.058s][info ][gc,metaspace   ] GC(33) Metaspace: 87452K(88576K)->87452K(88576K) NonClass: 74655K(75264K)->74655K(75264K) Class: 12796K(13312K)->12796K(13312K)
[298.058s][info ][gc             ] GC(33) Pause Young (Allocation Failure) 1459M->385M(2040M) 7.151ms
[298.058s][info ][gc,cpu         ] GC(33) User=0.01s Sys=0.00s Real=0.01s
[298.058s][info ][safepoint      ] Safepoint "ParallelGCFailedAllocation", Time since last: 964917692 ns, Reaching safepoint: 77999 ns, Cleanup: 13500 ns, At safepoint: 7220663 ns, Total: 7312162 ns
[300.058s][info ][safepoint      ] Safepoint "Cleanup", Time since last: 2000174318 ns, Reaching safepoint: 76500 ns, Cleanup: 9000 ns, At safepoint: 6500 ns, Total: 92000 ns
[301.125s][info ][safepoint      ] Safepoint "Cleanup", Time since last: 1067185361 ns, Reaching safepoint: 4500 ns, Cleanup: 10499 ns, At safepoint: 1700 ns, Total: 16699 ns
[302.125s][info ][safepoint      ] Safepoint "Cleanup", Time since last: 1000097210 ns, Reaching safepoint: 4500 ns, Cleanup: 24499 ns, At safepoint: 1800 ns, Total: 30799 ns
[303.125s][info ][safepoint      ] Safepoint "Cleanup", Time since last: 1000094610 ns, Reaching safepoint: 4900 ns, Cleanup: 23300 ns, At safepoint: 2100 ns, Total: 30300 ns
[304.126s][info ][safepoint      ] Safepoint "Cleanup", Time since last: 1000104025 ns, Reaching safepoint: 5000 ns, Cleanup: 8900 ns, At safepoint: 1800 ns, Total: 15700 ns
[306.126s][info ][safepoint      ] Safepoint "Cleanup", Time since last: 2000165950 ns, Reaching safepoint: 5400 ns, Cleanup: 12000 ns, At safepoint: 2200 ns, Total: 19600 ns
[307.126s][info ][safepoint      ] Safepoint "Cleanup", Time since last: 1000104725 ns, Reaching safepoint: 5300 ns, Cleanup: 12300 ns, At safepoint: 2200 ns, Total: 19800 ns
[308.126s][info ][safepoint      ] Safepoint "Cleanup", Time since last: 1000106725 ns, Reaching safepoint: 7500 ns, Cleanup: 12800 ns, At safepoint: 2700 ns, Total: 23000 ns
[309.126s][info ][safepoint      ] Safepoint "Cleanup", Time since last: 1000110625 ns, Reaching safepoint: 5500 ns, Cleanup: 17199 ns, At safepoint: 2100 ns, Total: 24799 ns
[310.126s][info ][safepoint      ] Safepoint "Cleanup", Time since last: 1000101525 ns, Reaching safepoint: 4800 ns, Cleanup: 18100 ns, At safepoint: 1800 ns, Total: 24700 ns
[311.126s][info ][safepoint      ] Safepoint "Cleanup", Time since last: 1000099627 ns, Reaching safepoint: 5500 ns, Cleanup: 13800 ns, At safepoint: 2100 ns, Total: 21400 ns
[312.127s][info ][safepoint      ] Safepoint "Cleanup", Time since last: 1000104679 ns, Reaching safepoint: 5300 ns, Cleanup: 13900 ns, At safepoint: 2400 ns, Total: 21600 ns
[312.708s][info ][gc,start       ] GC(34) Pause Young (Allocation Failure)
[312.712s][debug][gc,phases      ] GC(34) Scavenge 4.471ms
[312.712s][debug][gc,ref         ] GC(34) Skipped phase 1 of Reference Processing: no references
[312.712s][debug][gc,ref         ] GC(34) ReferenceProcessor::execute queues: 1, RefProcThreadModel::Single, marks_oops_alive: false
[312.712s][debug][gc,ref         ] GC(34) Skipped phase 3 of Reference Processing: no references
[312.712s][debug][gc,ref         ] GC(34) ReferenceProcessor::execute queues: 1, RefProcThreadModel::Single, marks_oops_alive: false
[312.712s][debug][gc,phases      ] GC(34) Reference Processing 0.120ms
[312.713s][debug][gc,phases      ] GC(34)   VM Weak                        Min:  0.0, Avg:  0.0, Max:  0.0, Diff:  0.0, Sum:  0.0, Workers: 4
[312.713s][debug][gc,phases      ] GC(34)     Dead                           Min: 0, Avg:  0.0, Max: 0, Diff: 0, Sum: 0, Workers: 4
[312.713s][debug][gc,phases      ] GC(34)     Total                          Min: 0, Avg: 231.8, Max: 543, Diff: 543, Sum: 927, Workers: 4
[312.713s][debug][gc,phases      ] GC(34)   ObjectSynchronizer Weak        Min:  0.0, Avg:  0.0, Max:  0.0, Diff:  0.0, Sum:  0.0, Workers: 4
[312.713s][debug][gc,phases      ] GC(34)     Dead                           Min: 0, Avg:  0.0, Max: 0, Diff: 0, Sum: 0, Workers: 4
[312.713s][debug][gc,phases      ] GC(34)     Total                          Min: 0, Avg:  1.2, Max: 5, Diff: 5, Sum: 5, Workers: 4
[312.713s][debug][gc,phases      ] GC(34)   JVMTI Tag Weak OopStorage      Min:  0.0, Avg:  0.0, Max:  0.0, Diff:  0.0, Sum:  0.0, Workers: 4
[312.713s][debug][gc,phases      ] GC(34)     Dead                           Min: 0, Avg:  0.0, Max: 0, Diff: 0, Sum: 0, Workers: 4
[312.713s][debug][gc,phases      ] GC(34)     Total                          Min: 0, Avg:  0.0, Max: 0, Diff: 0, Sum: 0, Workers: 4
[312.713s][debug][gc,phases      ] GC(34)   StringTable Weak               Min:  0.0, Avg:  0.1, Max:  0.1, Diff:  0.1, Sum:  0.4, Workers: 4
[312.713s][debug][gc,phases      ] GC(34)     Dead                           Min: 0, Avg:  0.0, Max: 0, Diff: 0, Sum: 0, Workers: 4
[312.713s][debug][gc,phases      ] GC(34)     Total                          Min: 0, Avg: 11070.5, Max: 15104, Diff: 15104, Sum: 44282, Workers: 4
[312.713s][debug][gc,phases      ] GC(34)   ResolvedMethodTable Weak       Min:  0.0, Avg:  0.0, Max:  0.0, Diff:  0.0, Sum:  0.1, Workers: 4
[312.713s][debug][gc,phases      ] GC(34)     Dead                           Min: 0, Avg:  0.0, Max: 0, Diff: 0, Sum: 0, Workers: 4
[312.713s][debug][gc,phases      ] GC(34)     Total                          Min: 0, Avg: 2747.8, Max: 3775, Diff: 3775, Sum: 10991, Workers: 4
[312.713s][debug][gc,phases      ] GC(34)   JNI Weak                       Min:  0.0, Avg:  0.0, Max:  0.0, Diff:  0.0, Sum:  0.0, Workers: 4
[312.713s][debug][gc,phases      ] GC(34)     Dead                           Min: 0, Avg:  0.0, Max: 0, Diff: 0, Sum: 0, Workers: 4
[312.713s][debug][gc,phases      ] GC(34)     Total                          Min: 0, Avg: 12.0, Max: 48, Diff: 48, Sum: 48, Workers: 4
[312.713s][debug][gc,phases      ] GC(34)   StringDedup Table Weak         Min:  0.0, Avg:  0.0, Max:  0.0, Diff:  0.0, Sum:  0.0, Workers: 4
[312.713s][debug][gc,phases      ] GC(34)     Dead                           Min: 0, Avg:  0.0, Max: 0, Diff: 0, Sum: 0, Workers: 4
[312.713s][debug][gc,phases      ] GC(34)     Total                          Min: 0, Avg:  0.0, Max: 0, Diff: 0, Sum: 0, Workers: 4
[312.713s][debug][gc,phases      ] GC(34)   StringDedup Requests0 Weak     Min:  0.0, Avg:  0.0, Max:  0.0, Diff:  0.0, Sum:  0.0, Workers: 4
[312.713s][debug][gc,phases      ] GC(34)     Dead                           Min: 0, Avg:  0.0, Max: 0, Diff: 0, Sum: 0, Workers: 4
[312.713s][debug][gc,phases      ] GC(34)     Total                          Min: 0, Avg:  0.0, Max: 0, Diff: 0, Sum: 0, Workers: 4
[312.713s][debug][gc,phases      ] GC(34)   StringDedup Requests1 Weak     Min:  0.0, Avg:  0.0, Max:  0.0, Diff:  0.0, Sum:  0.0, Workers: 4
[312.713s][debug][gc,phases      ] GC(34)     Dead                           Min: 0, Avg:  0.0, Max: 0, Diff: 0, Sum: 0, Workers: 4
[312.713s][debug][gc,phases      ] GC(34)     Total                          Min: 0, Avg:  0.0, Max: 0, Diff: 0, Sum: 0, Workers: 4
[312.713s][debug][gc,phases      ] GC(34)   Weak JFR Old Object Samples    Min:  0.0, Avg:  0.0, Max:  0.0, Diff:  0.0, Sum:  0.0, Workers: 4
[312.713s][debug][gc,phases      ] GC(34)     Dead                           Min: 0, Avg:  0.0, Max: 0, Diff: 0, Sum: 0, Workers: 4
[312.713s][debug][gc,phases      ] GC(34)     Total                          Min: 0, Avg:  0.0, Max: 0, Diff: 0, Sum: 0, Workers: 4
[312.713s][debug][gc,phases      ] GC(34) Weak Processing 0.428ms
[312.713s][debug][gc,age         ] GC(34) Desired survivor size 487063552 bytes, new threshold 15 (max threshold 15)
[312.713s][info ][gc,heap        ] GC(34) PSYoungGen: 1122176K(1610240K)->6416K(1602560K) Eden: 1115648K(1115648K)->0K(1115648K) From: 6528K(494592K)->6416K(486912K)
[312.713s][info ][gc,heap        ] GC(34) ParOldGen: 388316K(478720K)->388612K(478720K)
[312.713s][info ][gc,metaspace   ] GC(34) Metaspace: 87466K(88576K)->87466K(88576K) NonClass: 74670K(75264K)->74670K(75264K) Class: 12796K(13312K)->12796K(13312K)
[312.713s][info ][gc             ] GC(34) Pause Young (Allocation Failure) 1475M->385M(2032M) 5.163ms
[312.713s][info ][gc,cpu         ] GC(34) User=0.01s Sys=0.00s Real=0.00s
[312.713s][info ][safepoint      ] Safepoint "ParallelGCFailedAllocation", Time since last: 581133524 ns, Reaching safepoint: 3700 ns, Cleanup: 3300 ns, At safepoint: 5232073 ns, Total: 5239073 ns
[314.713s][info ][safepoint      ] Safepoint "Cleanup", Time since last: 2000169459 ns, Reaching safepoint: 5899 ns, Cleanup: 14800 ns, At safepoint: 2500 ns, Total: 23199 ns
[316.670s][info ][safepoint      ] Safepoint "Cleanup", Time since last: 1956698881 ns, Reaching safepoint: 3300 ns, Cleanup: 50200 ns, At safepoint: 4700 ns, Total: 58200 ns
[317.670s][info ][safepoint      ] Safepoint "Cleanup", Time since last: 1000117379 ns, Reaching safepoint: 6700 ns, Cleanup: 81799 ns, At safepoint: 9400 ns, Total: 97899 ns
[318.670s][info ][safepoint      ] Safepoint "Cleanup", Time since last: 1000133679 ns, Reaching safepoint: 7000 ns, Cleanup: 15700 ns, At safepoint: 3000 ns, Total: 25700 ns
[319.670s][info ][safepoint      ] Safepoint "Cleanup", Time since last: 1000125241 ns, Reaching safepoint: 6100 ns, Cleanup: 19700 ns, At safepoint: 2900 ns, Total: 28700 ns
[322.671s][info ][safepoint      ] Safepoint "Cleanup", Time since last: 3000250639 ns, Reaching safepoint: 5300 ns, Cleanup: 13500 ns, At safepoint: 3000 ns, Total: 21800 ns
[323.671s][info ][safepoint      ] Safepoint "Cleanup", Time since last: 1000110212 ns, Reaching safepoint: 6300 ns, Cleanup: 12300 ns, At safepoint: 2600 ns, Total: 21200 ns
[326.671s][info ][safepoint      ] Safepoint "Cleanup", Time since last: 3000258239 ns, Reaching safepoint: 4800 ns, Cleanup: 10700 ns, At safepoint: 2300 ns, Total: 17800 ns
[326.700s][info ][gc,start       ] GC(35) Pause Young (Allocation Failure)
[326.707s][debug][gc,phases      ] GC(35) Scavenge 7.185ms
[326.707s][debug][gc,ref         ] GC(35) Skipped phase 1 of Reference Processing: no references
[326.707s][debug][gc,ref         ] GC(35) ReferenceProcessor::execute queues: 1, RefProcThreadModel::Single, marks_oops_alive: false
[326.708s][debug][gc,ref         ] GC(35) Skipped phase 3 of Reference Processing: no references
[326.708s][debug][gc,ref         ] GC(35) ReferenceProcessor::execute queues: 1, RefProcThreadModel::Single, marks_oops_alive: false
[326.708s][debug][gc,phases      ] GC(35) Reference Processing 0.098ms
[326.708s][debug][gc,phases      ] GC(35)   VM Weak                        Min:  0.0, Avg:  0.0, Max:  0.0, Diff:  0.0, Sum:  0.0, Workers: 4
[326.708s][debug][gc,phases      ] GC(35)     Dead                           Min: 0, Avg:  0.0, Max: 0, Diff: 0, Sum: 0, Workers: 4
[326.708s][debug][gc,phases      ] GC(35)     Total                          Min: 0, Avg: 232.0, Max: 704, Diff: 704, Sum: 928, Workers: 4
[326.708s][debug][gc,phases      ] GC(35)   ObjectSynchronizer Weak        Min:  0.0, Avg:  0.0, Max:  0.0, Diff:  0.0, Sum:  0.0, Workers: 4
[326.708s][debug][gc,phases      ] GC(35)     Dead                           Min: 0, Avg:  0.0, Max: 0, Diff: 0, Sum: 0, Workers: 4
[326.708s][debug][gc,phases      ] GC(35)     Total                          Min: 0, Avg:  2.0, Max: 8, Diff: 8, Sum: 8, Workers: 4
[326.708s][debug][gc,phases      ] GC(35)   JVMTI Tag Weak OopStorage      Min:  0.0, Avg:  0.0, Max:  0.0, Diff:  0.0, Sum:  0.0, Workers: 4
[326.708s][debug][gc,phases      ] GC(35)     Dead                           Min: 0, Avg:  0.0, Max: 0, Diff: 0, Sum: 0, Workers: 4
[326.708s][debug][gc,phases      ] GC(35)     Total                          Min: 0, Avg:  0.0, Max: 0, Diff: 0, Sum: 0, Workers: 4
[326.708s][debug][gc,phases      ] GC(35)   StringTable Weak               Min:  0.0, Avg:  0.1, Max:  0.1, Diff:  0.1, Sum:  0.4, Workers: 4
[326.708s][debug][gc,phases      ] GC(35)     Dead                           Min: 0, Avg:  0.5, Max: 1, Diff: 1, Sum: 2, Workers: 4
[326.708s][debug][gc,phases      ] GC(35)     Total                          Min: 0, Avg: 11080.2, Max: 18751, Diff: 18751, Sum: 44321, Workers: 4
[326.708s][debug][gc,phases      ] GC(35)   ResolvedMethodTable Weak       Min:  0.0, Avg:  0.0, Max:  0.0, Diff:  0.0, Sum:  0.1, Workers: 4
[326.708s][debug][gc,phases      ] GC(35)     Dead                           Min: 0, Avg:  0.0, Max: 0, Diff: 0, Sum: 0, Workers: 4
[326.708s][debug][gc,phases      ] GC(35)     Total                          Min: 0, Avg: 2757.8, Max: 4504, Diff: 4504, Sum: 11031, Workers: 4
[326.708s][debug][gc,phases      ] GC(35)   JNI Weak                       Min:  0.0, Avg:  0.0, Max:  0.0, Diff:  0.0, Sum:  0.0, Workers: 4
[326.708s][debug][gc,phases      ] GC(35)     Dead                           Min: 0, Avg:  0.0, Max: 0, Diff: 0, Sum: 0, Workers: 4
[326.708s][debug][gc,phases      ] GC(35)     Total                          Min: 0, Avg: 12.0, Max: 48, Diff: 48, Sum: 48, Workers: 4
[326.708s][debug][gc,phases      ] GC(35)   StringDedup Table Weak         Min:  0.0, Avg:  0.0, Max:  0.0, Diff:  0.0, Sum:  0.0, Workers: 4
[326.708s][debug][gc,phases      ] GC(35)     Dead                           Min: 0, Avg:  0.0, Max: 0, Diff: 0, Sum: 0, Workers: 4
[326.708s][debug][gc,phases      ] GC(35)     Total                          Min: 0, Avg:  0.0, Max: 0, Diff: 0, Sum: 0, Workers: 4
[326.708s][debug][gc,phases      ] GC(35)   StringDedup Requests0 Weak     Min:  0.0, Avg:  0.0, Max:  0.0, Diff:  0.0, Sum:  0.0, Workers: 4
[326.708s][debug][gc,phases      ] GC(35)     Dead                           Min: 0, Avg:  0.0, Max: 0, Diff: 0, Sum: 0, Workers: 4
[326.708s][debug][gc,phases      ] GC(35)     Total                          Min: 0, Avg:  0.0, Max: 0, Diff: 0, Sum: 0, Workers: 4
[326.708s][debug][gc,phases      ] GC(35)   StringDedup Requests1 Weak     Min:  0.0, Avg:  0.0, Max:  0.0, Diff:  0.0, Sum:  0.0, Workers: 4
[326.708s][debug][gc,phases      ] GC(35)     Dead                           Min: 0, Avg:  0.0, Max: 0, Diff: 0, Sum: 0, Workers: 4
[326.708s][debug][gc,phases      ] GC(35)     Total                          Min: 0, Avg:  0.0, Max: 0, Diff: 0, Sum: 0, Workers: 4
[326.708s][debug][gc,phases      ] GC(35)   Weak JFR Old Object Samples    Min:  0.0, Avg:  0.0, Max:  0.0, Diff:  0.0, Sum:  0.0, Workers: 4
[326.708s][debug][gc,phases      ] GC(35)     Dead                           Min: 0, Avg:  0.0, Max: 0, Diff: 0, Sum: 0, Workers: 4
[326.708s][debug][gc,phases      ] GC(35)     Total                          Min: 0, Avg:  0.0, Max: 0, Diff: 0, Sum: 0, Workers: 4
[326.708s][debug][gc,phases      ] GC(35) Weak Processing 0.328ms
[326.708s][debug][gc,age         ] GC(35) Desired survivor size 473432064 bytes, new threshold 15 (max threshold 15)
[326.708s][info ][gc,heap        ] GC(35) PSYoungGen: 1122064K(1602560K)->6176K(1634816K) Eden: 1115648K(1115648K)->0K(1159168K) From: 6416K(486912K)->6176K(475648K)
[326.708s][info ][gc,heap        ] GC(35) ParOldGen: 388612K(478720K)->388996K(478720K)
[326.708s][info ][gc,metaspace   ] GC(35) Metaspace: 87686K(88832K)->87686K(88832K) NonClass: 74866K(75456K)->74866K(75456K) Class: 12820K(13376K)->12820K(13376K)
[326.708s][info ][gc             ] GC(35) Pause Young (Allocation Failure) 1475M->385M(2064M) 7.720ms
[326.708s][info ][gc,cpu         ] GC(35) User=0.02s Sys=0.00s Real=0.01s
[326.708s][info ][safepoint      ] Safepoint "ParallelGCFailedAllocation", Time since last: 29077949 ns, Reaching safepoint: 15700 ns, Cleanup: 4800 ns, At safepoint: 7787160 ns, Total: 7807660 ns
[329.708s][info ][safepoint      ] Safepoint "Cleanup", Time since last: 3000223529 ns, Reaching safepoint: 76500 ns, Cleanup: 13499 ns, At safepoint: 6800 ns, Total: 96799 ns
[330.708s][info ][safepoint      ] Safepoint "Cleanup", Time since last: 1000108410 ns, Reaching safepoint: 72399 ns, Cleanup: 11000 ns, At safepoint: 5100 ns, Total: 88499 ns
[331.709s][info ][safepoint      ] Safepoint "Cleanup", Time since last: 1000097709 ns, Reaching safepoint: 80600 ns, Cleanup: 10500 ns, At safepoint: 5200 ns, Total: 96300 ns
[335.709s][info ][safepoint      ] Safepoint "Cleanup", Time since last: 4000302428 ns, Reaching safepoint: 75199 ns, Cleanup: 9700 ns, At safepoint: 6800 ns, Total: 91699 ns
[336.709s][info ][safepoint      ] Safepoint "Cleanup", Time since last: 1000121294 ns, Reaching safepoint: 72999 ns, Cleanup: 13100 ns, At safepoint: 5000 ns, Total: 91099 ns
[339.710s][info ][safepoint      ] Safepoint "Cleanup", Time since last: 3000247081 ns, Reaching safepoint: 60400 ns, Cleanup: 9400 ns, At safepoint: 7100 ns, Total: 76900 ns
[340.710s][info ][safepoint      ] Safepoint "Cleanup", Time since last: 1000112793 ns, Reaching safepoint: 73200 ns, Cleanup: 10800 ns, At safepoint: 7100 ns, Total: 91100 ns
[341.550s][info ][gc,start       ] GC(36) Pause Young (Allocation Failure)
[341.555s][debug][gc,phases      ] GC(36) Scavenge 5.305ms
[341.555s][debug][gc,ref         ] GC(36) Skipped phase 1 of Reference Processing: no references
[341.556s][debug][gc,ref         ] GC(36) ReferenceProcessor::execute queues: 1, RefProcThreadModel::Single, marks_oops_alive: false
[341.556s][debug][gc,ref         ] GC(36) Skipped phase 3 of Reference Processing: no references
[341.556s][debug][gc,ref         ] GC(36) ReferenceProcessor::execute queues: 1, RefProcThreadModel::Single, marks_oops_alive: false
[341.556s][debug][gc,phases      ] GC(36) Reference Processing 0.110ms
[341.556s][debug][gc,phases      ] GC(36)   VM Weak                        Min:  0.0, Avg:  0.0, Max:  0.0, Diff:  0.0, Sum:  0.0, Workers: 4
[341.556s][debug][gc,phases      ] GC(36)     Dead                           Min: 0, Avg:  0.0, Max: 0, Diff: 0, Sum: 0, Workers: 4
[341.556s][debug][gc,phases      ] GC(36)     Total                          Min: 0, Avg: 232.0, Max: 640, Diff: 640, Sum: 928, Workers: 4
[341.556s][debug][gc,phases      ] GC(36)   ObjectSynchronizer Weak        Min:  0.0, Avg:  0.0, Max:  0.0, Diff:  0.0, Sum:  0.0, Workers: 4
[341.556s][debug][gc,phases      ] GC(36)     Dead                           Min: 0, Avg:  0.0, Max: 0, Diff: 0, Sum: 0, Workers: 4
[341.556s][debug][gc,phases      ] GC(36)     Total                          Min: 0, Avg:  2.0, Max: 8, Diff: 8, Sum: 8, Workers: 4
[341.556s][debug][gc,phases      ] GC(36)   JVMTI Tag Weak OopStorage      Min:  0.0, Avg:  0.0, Max:  0.0, Diff:  0.0, Sum:  0.0, Workers: 4
[341.556s][debug][gc,phases      ] GC(36)     Dead                           Min: 0, Avg:  0.0, Max: 0, Diff: 0, Sum: 0, Workers: 4
[341.556s][debug][gc,phases      ] GC(36)     Total                          Min: 0, Avg:  0.0, Max: 0, Diff: 0, Sum: 0, Workers: 4
[341.556s][debug][gc,phases      ] GC(36)   StringTable Weak               Min:  0.0, Avg:  0.1, Max:  0.1, Diff:  0.1, Sum:  0.4, Workers: 4
[341.556s][debug][gc,phases      ] GC(36)     Dead                           Min: 0, Avg:  0.0, Max: 0, Diff: 0, Sum: 0, Workers: 4
[341.556s][debug][gc,phases      ] GC(36)     Total                          Min: 0, Avg: 11082.2, Max: 20288, Diff: 20288, Sum: 44329, Workers: 4
[341.556s][debug][gc,phases      ] GC(36)   ResolvedMethodTable Weak       Min:  0.0, Avg:  0.0, Max:  0.0, Diff:  0.0, Sum:  0.1, Workers: 4
[341.556s][debug][gc,phases      ] GC(36)     Dead                           Min: 0, Avg:  0.0, Max: 0, Diff: 0, Sum: 0, Workers: 4
[341.556s][debug][gc,phases      ] GC(36)     Total                          Min: 0, Avg: 2757.8, Max: 4439, Diff: 4439, Sum: 11031, Workers: 4
[341.556s][debug][gc,phases      ] GC(36)   JNI Weak                       Min:  0.0, Avg:  0.0, Max:  0.0, Diff:  0.0, Sum:  0.0, Workers: 4
[341.556s][debug][gc,phases      ] GC(36)     Dead                           Min: 0, Avg:  0.0, Max: 0, Diff: 0, Sum: 0, Workers: 4
[341.556s][debug][gc,phases      ] GC(36)     Total                          Min: 0, Avg: 12.0, Max: 48, Diff: 48, Sum: 48, Workers: 4
[341.556s][debug][gc,phases      ] GC(36)   StringDedup Table Weak         Min:  0.0, Avg:  0.0, Max:  0.0, Diff:  0.0, Sum:  0.0, Workers: 4
[341.556s][debug][gc,phases      ] GC(36)     Dead                           Min: 0, Avg:  0.0, Max: 0, Diff: 0, Sum: 0, Workers: 4
[341.556s][debug][gc,phases      ] GC(36)     Total                          Min: 0, Avg:  0.0, Max: 0, Diff: 0, Sum: 0, Workers: 4
[341.556s][debug][gc,phases      ] GC(36)   StringDedup Requests0 Weak     Min:  0.0, Avg:  0.0, Max:  0.0, Diff:  0.0, Sum:  0.0, Workers: 4
[341.556s][debug][gc,phases      ] GC(36)     Dead                           Min: 0, Avg:  0.0, Max: 0, Diff: 0, Sum: 0, Workers: 4
[341.556s][debug][gc,phases      ] GC(36)     Total                          Min: 0, Avg:  0.0, Max: 0, Diff: 0, Sum: 0, Workers: 4
[341.556s][debug][gc,phases      ] GC(36)   StringDedup Requests1 Weak     Min:  0.0, Avg:  0.0, Max:  0.0, Diff:  0.0, Sum:  0.0, Workers: 4
[341.556s][debug][gc,phases      ] GC(36)     Dead                           Min: 0, Avg:  0.0, Max: 0, Diff: 0, Sum: 0, Workers: 4
[341.556s][debug][gc,phases      ] GC(36)     Total                          Min: 0, Avg:  0.0, Max: 0, Diff: 0, Sum: 0, Workers: 4
[341.556s][debug][gc,phases      ] GC(36)   Weak JFR Old Object Samples    Min:  0.0, Avg:  0.0, Max:  0.0, Diff:  0.0, Sum:  0.0, Workers: 4
[341.556s][debug][gc,phases      ] GC(36)     Dead                           Min: 0, Avg:  0.0, Max: 0, Diff: 0, Sum: 0, Workers: 4
[341.556s][debug][gc,phases      ] GC(36)     Total                          Min: 0, Avg:  0.0, Max: 0, Diff: 0, Sum: 0, Workers: 4
[341.556s][debug][gc,phases      ] GC(36) Weak Processing 0.336ms
[341.556s][debug][gc,age         ] GC(36) Desired survivor size 457179136 bytes, new threshold 15 (max threshold 15)
[341.556s][info ][gc,heap        ] GC(36) PSYoungGen: 1165344K(1634816K)->6224K(1621504K) Eden: 1159168K(1159168K)->0K(1159168K) From: 6176K(475648K)->6224K(462336K)
[341.556s][info ][gc,heap        ] GC(36) ParOldGen: 388996K(478720K)->389028K(478720K)
[341.556s][info ][gc,metaspace   ] GC(36) Metaspace: 87697K(88832K)->87697K(88832K) NonClass: 74876K(75456K)->74876K(75456K) Class: 12820K(13376K)->12820K(13376K)
[341.556s][info ][gc             ] GC(36) Pause Young (Allocation Failure) 1517M->385M(2051M) 5.857ms
[341.556s][info ][gc,cpu         ] GC(36) User=0.01s Sys=0.01s Real=0.01s
[341.556s][info ][safepoint      ] Safepoint "ParallelGCFailedAllocation", Time since last: 840223026 ns, Reaching safepoint: 49599 ns, Cleanup: 9700 ns, At safepoint: 5928870 ns, Total: 5988169 ns
[343.556s][info ][safepoint      ] Safepoint "Cleanup", Time since last: 2000153095 ns, Reaching safepoint: 73400 ns, Cleanup: 9100 ns, At safepoint: 5900 ns, Total: 88400 ns
[344.560s][info ][safepoint      ] Safepoint "Cleanup", Time since last: 1004052692 ns, Reaching safepoint: 83100 ns, Cleanup: 12500 ns, At safepoint: 10300 ns, Total: 105900 ns
[347.561s][info ][safepoint      ] Safepoint "Cleanup", Time since last: 3000222038 ns, Reaching safepoint: 74400 ns, Cleanup: 9900 ns, At safepoint: 7100 ns, Total: 91400 ns
[348.561s][info ][safepoint      ] Safepoint "Cleanup", Time since last: 1000106412 ns, Reaching safepoint: 73800 ns, Cleanup: 9400 ns, At safepoint: 5800 ns, Total: 89000 ns
[350.561s][info ][safepoint      ] Safepoint "Cleanup", Time since last: 2000179226 ns, Reaching safepoint: 76199 ns, Cleanup: 28700 ns, At safepoint: 5800 ns, Total: 110699 ns
[353.562s][info ][safepoint      ] Safepoint "Cleanup", Time since last: 3000243464 ns, Reaching safepoint: 74800 ns, Cleanup: 12099 ns, At safepoint: 6700 ns, Total: 93599 ns
[354.562s][info ][safepoint      ] Safepoint "Cleanup", Time since last: 1000119336 ns, Reaching safepoint: 72699 ns, Cleanup: 14700 ns, At safepoint: 5300 ns, Total: 92699 ns
[355.562s][info ][safepoint      ] Safepoint "Cleanup", Time since last: 1000103435 ns, Reaching safepoint: 4800 ns, Cleanup: 10000 ns, At safepoint: 2500 ns, Total: 17300 ns
[356.562s][info ][safepoint      ] Safepoint "Cleanup", Time since last: 1000101335 ns, Reaching safepoint: 5000 ns, Cleanup: 16300 ns, At safepoint: 2200 ns, Total: 23500 ns
[356.750s][info ][gc,start       ] GC(37) Pause Young (Allocation Failure)
[356.755s][debug][gc,phases      ] GC(37) Scavenge 5.293ms
[356.755s][debug][gc,ref         ] GC(37) Skipped phase 1 of Reference Processing: no references
[356.756s][debug][gc,ref         ] GC(37) ReferenceProcessor::execute queues: 1, RefProcThreadModel::Single, marks_oops_alive: false
[356.756s][debug][gc,ref         ] GC(37) Skipped phase 3 of Reference Processing: no references
[356.756s][debug][gc,ref         ] GC(37) ReferenceProcessor::execute queues: 1, RefProcThreadModel::Single, marks_oops_alive: false
[356.756s][debug][gc,phases      ] GC(37) Reference Processing 0.098ms
[356.756s][debug][gc,phases      ] GC(37)   VM Weak                        Min:  0.0, Avg:  0.0, Max:  0.0, Diff:  0.0, Sum:  0.0, Workers: 4
[356.756s][debug][gc,phases      ] GC(37)     Dead                           Min: 0, Avg:  0.0, Max: 0, Diff: 0, Sum: 0, Workers: 4
[356.756s][debug][gc,phases      ] GC(37)     Total                          Min: 0, Avg: 232.0, Max: 480, Diff: 480, Sum: 928, Workers: 4
[356.756s][debug][gc,phases      ] GC(37)   ObjectSynchronizer Weak        Min:  0.0, Avg:  0.0, Max:  0.0, Diff:  0.0, Sum:  0.0, Workers: 4
[356.756s][debug][gc,phases      ] GC(37)     Dead                           Min: 0, Avg:  0.0, Max: 0, Diff: 0, Sum: 0, Workers: 4
[356.756s][debug][gc,phases      ] GC(37)     Total                          Min: 0, Avg:  2.0, Max: 8, Diff: 8, Sum: 8, Workers: 4
[356.756s][debug][gc,phases      ] GC(37)   JVMTI Tag Weak OopStorage      Min:  0.0, Avg:  0.0, Max:  0.0, Diff:  0.0, Sum:  0.0, Workers: 4
[356.756s][debug][gc,phases      ] GC(37)     Dead                           Min: 0, Avg:  0.0, Max: 0, Diff: 0, Sum: 0, Workers: 4
[356.756s][debug][gc,phases      ] GC(37)     Total                          Min: 0, Avg:  0.0, Max: 0, Diff: 0, Sum: 0, Workers: 4
[356.756s][debug][gc,phases      ] GC(37)   StringTable Weak               Min:  0.0, Avg:  0.1, Max:  0.1, Diff:  0.1, Sum:  0.3, Workers: 4
[356.756s][debug][gc,phases      ] GC(37)     Dead                           Min: 0, Avg:  0.2, Max: 1, Diff: 1, Sum: 1, Workers: 4
[356.756s][debug][gc,phases      ] GC(37)     Total                          Min: 0, Avg: 11083.0, Max: 19245, Diff: 19245, Sum: 44332, Workers: 4
[356.756s][debug][gc,phases      ] GC(37)   ResolvedMethodTable Weak       Min:  0.0, Avg:  0.0, Max:  0.0, Diff:  0.0, Sum:  0.1, Workers: 4
[356.756s][debug][gc,phases      ] GC(37)     Dead                           Min: 0, Avg:  0.0, Max: 0, Diff: 0, Sum: 0, Workers: 4
[356.756s][debug][gc,phases      ] GC(37)     Total                          Min: 0, Avg: 2758.0, Max: 4352, Diff: 4352, Sum: 11032, Workers: 4
[356.756s][debug][gc,phases      ] GC(37)   JNI Weak                       Min:  0.0, Avg:  0.0, Max:  0.0, Diff:  0.0, Sum:  0.0, Workers: 4
[356.756s][debug][gc,phases      ] GC(37)     Dead                           Min: 0, Avg:  0.0, Max: 0, Diff: 0, Sum: 0, Workers: 4
[356.756s][debug][gc,phases      ] GC(37)     Total                          Min: 0, Avg: 12.0, Max: 48, Diff: 48, Sum: 48, Workers: 4
[356.756s][debug][gc,phases      ] GC(37)   StringDedup Table Weak         Min:  0.0, Avg:  0.0, Max:  0.0, Diff:  0.0, Sum:  0.0, Workers: 4
[356.756s][debug][gc,phases      ] GC(37)     Dead                           Min: 0, Avg:  0.0, Max: 0, Diff: 0, Sum: 0, Workers: 4
[356.756s][debug][gc,phases      ] GC(37)     Total                          Min: 0, Avg:  0.0, Max: 0, Diff: 0, Sum: 0, Workers: 4
[356.756s][debug][gc,phases      ] GC(37)   StringDedup Requests0 Weak     Min:  0.0, Avg:  0.0, Max:  0.0, Diff:  0.0, Sum:  0.0, Workers: 4
[356.756s][debug][gc,phases      ] GC(37)     Dead                           Min: 0, Avg:  0.0, Max: 0, Diff: 0, Sum: 0, Workers: 4
[356.756s][debug][gc,phases      ] GC(37)     Total                          Min: 0, Avg:  0.0, Max: 0, Diff: 0, Sum: 0, Workers: 4
[356.756s][debug][gc,phases      ] GC(37)   StringDedup Requests1 Weak     Min:  0.0, Avg:  0.0, Max:  0.0, Diff:  0.0, Sum:  0.0, Workers: 4
[356.756s][debug][gc,phases      ] GC(37)     Dead                           Min: 0, Avg:  0.0, Max: 0, Diff: 0, Sum: 0, Workers: 4
[356.756s][debug][gc,phases      ] GC(37)     Total                          Min: 0, Avg:  0.0, Max: 0, Diff: 0, Sum: 0, Workers: 4
[356.756s][debug][gc,phases      ] GC(37)   Weak JFR Old Object Samples    Min:  0.0, Avg:  0.0, Max:  0.0, Diff:  0.0, Sum:  0.0, Workers: 4
[356.756s][debug][gc,phases      ] GC(37)     Dead                           Min: 0, Avg:  0.0, Max: 0, Diff: 0, Sum: 0, Workers: 4
[356.756s][debug][gc,phases      ] GC(37)     Total                          Min: 0, Avg:  0.0, Max: 0, Diff: 0, Sum: 0, Workers: 4
[356.756s][debug][gc,phases      ] GC(37) Weak Processing 0.333ms
[356.756s][debug][gc,age         ] GC(37) Desired survivor size 439877632 bytes, new threshold 15 (max threshold 15)
[356.756s][info ][gc,heap        ] GC(37) PSYoungGen: 1165392K(1621504K)->6352K(1667584K) Eden: 1159168K(1159168K)->0K(1221120K) From: 6224K(462336K)->6352K(446464K)
[356.756s][info ][gc,heap        ] GC(37) ParOldGen: 389028K(478720K)->389060K(478720K)
[356.756s][info ][gc,metaspace   ] GC(37) Metaspace: 87720K(88896K)->87720K(88896K) NonClass: 74898K(75520K)->74898K(75520K) Class: 12822K(13376K)->12822K(13376K)
[356.756s][info ][gc             ] GC(37) Pause Young (Allocation Failure) 1517M->386M(2096M) 5.831ms
[356.756s][info ][gc,cpu         ] GC(37) User=0.01s Sys=0.00s Real=0.01s
[356.756s][info ][safepoint      ] Safepoint "ParallelGCFailedAllocation", Time since last: 187991973 ns, Reaching safepoint: 85499 ns, Cleanup: 4100 ns, At safepoint: 5901068 ns, Total: 5990667 ns
[357.756s][info ][safepoint      ] Safepoint "Cleanup", Time since last: 1000093735 ns, Reaching safepoint: 39700 ns, Cleanup: 9800 ns, At safepoint: 6600 ns, Total: 56100 ns
[359.756s][info ][safepoint      ] Safepoint "Cleanup", Time since last: 2000184073 ns, Reaching safepoint: 76100 ns, Cleanup: 14600 ns, At safepoint: 5000 ns, Total: 95700 ns
[361.140s][info ][safepoint      ] Safepoint "Cleanup", Time since last: 1383503856 ns, Reaching safepoint: 6900 ns, Cleanup: 14100 ns, At safepoint: 2500 ns, Total: 23500 ns
[362.140s][info ][safepoint      ] Safepoint "Cleanup", Time since last: 1000103063 ns, Reaching safepoint: 5000 ns, Cleanup: 33000 ns, At safepoint: 2100 ns, Total: 40100 ns
[363.140s][info ][safepoint      ] Safepoint "Cleanup", Time since last: 1000100763 ns, Reaching safepoint: 5600 ns, Cleanup: 18600 ns, At safepoint: 2100 ns, Total: 26300 ns
[366.140s][info ][safepoint      ] Safepoint "Cleanup", Time since last: 3000196791 ns, Reaching safepoint: 5100 ns, Cleanup: 11300 ns, At safepoint: 1800 ns, Total: 18200 ns
[369.141s][info ][safepoint      ] Safepoint "Cleanup", Time since last: 3000226462 ns, Reaching safepoint: 5300 ns, Cleanup: 18300 ns, At safepoint: 2100 ns, Total: 25700 ns
[370.141s][info ][safepoint      ] Safepoint "Cleanup", Time since last: 1000100499 ns, Reaching safepoint: 4700 ns, Cleanup: 16000 ns, At safepoint: 2300 ns, Total: 23000 ns
[372.101s][info ][safepoint      ] Safepoint "Cleanup", Time since last: 1960451705 ns, Reaching safepoint: 73500 ns, Cleanup: 56400 ns, At safepoint: 5800 ns, Total: 135700 ns
[373.102s][info ][safepoint      ] Safepoint "Cleanup", Time since last: 1000097299 ns, Reaching safepoint: 59699 ns, Cleanup: 8600 ns, At safepoint: 7700 ns, Total: 75999 ns
[373.483s][info ][gc,start       ] GC(38) Pause Young (Allocation Failure)
[373.488s][debug][gc,phases      ] GC(38) Scavenge 4.975ms
[373.488s][debug][gc,ref         ] GC(38) Skipped phase 1 of Reference Processing: no references
[373.488s][debug][gc,ref         ] GC(38) ReferenceProcessor::execute queues: 1, RefProcThreadModel::Single, marks_oops_alive: false
[373.488s][debug][gc,ref         ] GC(38) Skipped phase 3 of Reference Processing: no references
[373.488s][debug][gc,ref         ] GC(38) ReferenceProcessor::execute queues: 1, RefProcThreadModel::Single, marks_oops_alive: false
[373.488s][debug][gc,phases      ] GC(38) Reference Processing 0.098ms
[373.488s][debug][gc,phases      ] GC(38)   VM Weak                        Min:  0.0, Avg:  0.0, Max:  0.0, Diff:  0.0, Sum:  0.0, Workers: 4
[373.488s][debug][gc,phases      ] GC(38)     Dead                           Min: 0, Avg:  0.0, Max: 0, Diff: 0, Sum: 0, Workers: 4
[373.488s][debug][gc,phases      ] GC(38)     Total                          Min: 0, Avg: 232.0, Max: 672, Diff: 672, Sum: 928, Workers: 4
[373.488s][debug][gc,phases      ] GC(38)   ObjectSynchronizer Weak        Min:  0.0, Avg:  0.0, Max:  0.0, Diff:  0.0, Sum:  0.0, Workers: 4
[373.488s][debug][gc,phases      ] GC(38)     Dead                           Min: 0, Avg:  0.0, Max: 0, Diff: 0, Sum: 0, Workers: 4
[373.488s][debug][gc,phases      ] GC(38)     Total                          Min: 0, Avg:  1.2, Max: 5, Diff: 5, Sum: 5, Workers: 4
[373.488s][debug][gc,phases      ] GC(38)   JVMTI Tag Weak OopStorage      Min:  0.0, Avg:  0.0, Max:  0.0, Diff:  0.0, Sum:  0.0, Workers: 4
[373.488s][debug][gc,phases      ] GC(38)     Dead                           Min: 0, Avg:  0.0, Max: 0, Diff: 0, Sum: 0, Workers: 4
[373.488s][debug][gc,phases      ] GC(38)     Total                          Min: 0, Avg:  0.0, Max: 0, Diff: 0, Sum: 0, Workers: 4
[373.488s][debug][gc,phases      ] GC(38)   StringTable Weak               Min:  0.0, Avg:  0.1, Max:  0.1, Diff:  0.1, Sum:  0.3, Workers: 4
[373.488s][debug][gc,phases      ] GC(38)     Dead                           Min: 0, Avg:  0.0, Max: 0, Diff: 0, Sum: 0, Workers: 4
[373.488s][debug][gc,phases      ] GC(38)     Total                          Min: 0, Avg: 11086.2, Max: 17529, Diff: 17529, Sum: 44345, Workers: 4
[373.488s][debug][gc,phases      ] GC(38)   ResolvedMethodTable Weak       Min:  0.0, Avg:  0.0, Max:  0.0, Diff:  0.0, Sum:  0.1, Workers: 4
[373.488s][debug][gc,phases      ] GC(38)     Dead                           Min: 0, Avg:  0.0, Max: 0, Diff: 0, Sum: 0, Workers: 4
[373.488s][debug][gc,phases      ] GC(38)     Total                          Min: 0, Avg: 2759.0, Max: 4572, Diff: 4572, Sum: 11036, Workers: 4
[373.488s][debug][gc,phases      ] GC(38)   JNI Weak                       Min:  0.0, Avg:  0.0, Max:  0.0, Diff:  0.0, Sum:  0.0, Workers: 4
[373.488s][debug][gc,phases      ] GC(38)     Dead                           Min: 0, Avg:  0.0, Max: 0, Diff: 0, Sum: 0, Workers: 4
[373.488s][debug][gc,phases      ] GC(38)     Total                          Min: 0, Avg: 12.0, Max: 48, Diff: 48, Sum: 48, Workers: 4
[373.488s][debug][gc,phases      ] GC(38)   StringDedup Table Weak         Min:  0.0, Avg:  0.0, Max:  0.0, Diff:  0.0, Sum:  0.0, Workers: 4
[373.488s][debug][gc,phases      ] GC(38)     Dead                           Min: 0, Avg:  0.0, Max: 0, Diff: 0, Sum: 0, Workers: 4
[373.488s][debug][gc,phases      ] GC(38)     Total                          Min: 0, Avg:  0.0, Max: 0, Diff: 0, Sum: 0, Workers: 4
[373.489s][debug][gc,phases      ] GC(38)   StringDedup Requests0 Weak     Min:  0.0, Avg:  0.0, Max:  0.0, Diff:  0.0, Sum:  0.0, Workers: 4
[373.489s][debug][gc,phases      ] GC(38)     Dead                           Min: 0, Avg:  0.0, Max: 0, Diff: 0, Sum: 0, Workers: 4
[373.489s][debug][gc,phases      ] GC(38)     Total                          Min: 0, Avg:  0.0, Max: 0, Diff: 0, Sum: 0, Workers: 4
[373.489s][debug][gc,phases      ] GC(38)   StringDedup Requests1 Weak     Min:  0.0, Avg:  0.0, Max:  0.0, Diff:  0.0, Sum:  0.0, Workers: 4
[373.489s][debug][gc,phases      ] GC(38)     Dead                           Min: 0, Avg:  0.0, Max: 0, Diff: 0, Sum: 0, Workers: 4
[373.489s][debug][gc,phases      ] GC(38)     Total                          Min: 0, Avg:  0.0, Max: 0, Diff: 0, Sum: 0, Workers: 4
[373.489s][debug][gc,phases      ] GC(38)   Weak JFR Old Object Samples    Min:  0.0, Avg:  0.0, Max:  0.0, Diff:  0.0, Sum:  0.0, Workers: 4
[373.489s][debug][gc,phases      ] GC(38)     Dead                           Min: 0, Avg:  0.0, Max: 0, Diff: 0, Sum: 0, Workers: 4
[373.489s][debug][gc,phases      ] GC(38)     Total                          Min: 0, Avg:  0.0, Max: 0, Diff: 0, Sum: 0, Workers: 4
[373.489s][debug][gc,phases      ] GC(38) Weak Processing 0.333ms
[373.489s][debug][gc,age         ] GC(38) Desired survivor size 421003264 bytes, new threshold 15 (max threshold 15)
[373.489s][info ][gc,heap        ] GC(38) PSYoungGen: 1227472K(1667584K)->6144K(1650688K) Eden: 1221120K(1221120K)->0K(1221120K) From: 6352K(446464K)->6144K(429568K)
[373.489s][info ][gc,heap        ] GC(38) ParOldGen: 389060K(478720K)->389180K(478720K)
[373.489s][info ][gc,metaspace   ] GC(38) Metaspace: 87756K(88896K)->87756K(88896K) NonClass: 74930K(75520K)->74930K(75520K) Class: 12826K(13376K)->12826K(13376K)
[373.489s][info ][gc             ] GC(38) Pause Young (Allocation Failure) 1578M->386M(2079M) 5.532ms
[373.489s][info ][gc,cpu         ] GC(38) User=0.01s Sys=0.01s Real=0.01s
[373.489s][info ][safepoint      ] Safepoint "ParallelGCFailedAllocation", Time since last: 381473417 ns, Reaching safepoint: 4700 ns, Cleanup: 3600 ns, At safepoint: 5606170 ns, Total: 5614470 ns
[374.489s][info ][safepoint      ] Safepoint "Cleanup", Time since last: 1000081700 ns, Reaching safepoint: 5000 ns, Cleanup: 8600 ns, At safepoint: 1900 ns, Total: 15500 ns
[376.489s][info ][safepoint      ] Safepoint "Cleanup", Time since last: 2000172747 ns, Reaching safepoint: 5000 ns, Cleanup: 10500 ns, At safepoint: 2100 ns, Total: 17600 ns
[377.489s][info ][safepoint      ] Safepoint "Cleanup", Time since last: 1000071836 ns, Reaching safepoint: 4900 ns, Cleanup: 10900 ns, At safepoint: 2300 ns, Total: 18100 ns
[378.489s][info ][safepoint      ] Safepoint "Cleanup", Time since last: 1000093236 ns, Reaching safepoint: 4700 ns, Cleanup: 10800 ns, At safepoint: 2300 ns, Total: 17800 ns
[379.489s][info ][safepoint      ] Safepoint "Cleanup", Time since last: 1000092436 ns, Reaching safepoint: 4800 ns, Cleanup: 12900 ns, At safepoint: 2300 ns, Total: 20000 ns
[380.489s][info ][safepoint      ] Safepoint "Cleanup", Time since last: 1000077336 ns, Reaching safepoint: 4899 ns, Cleanup: 9400 ns, At safepoint: 2100 ns, Total: 16399 ns
[381.489s][info ][safepoint      ] Safepoint "Cleanup", Time since last: 1000104536 ns, Reaching safepoint: 5300 ns, Cleanup: 8600 ns, At safepoint: 2100 ns, Total: 16000 ns
[383.490s][info ][safepoint      ] Safepoint "Cleanup", Time since last: 2000155066 ns, Reaching safepoint: 4700 ns, Cleanup: 14700 ns, At safepoint: 1800 ns, Total: 21200 ns
[384.490s][info ][safepoint      ] Safepoint "Cleanup", Time since last: 1000090717 ns, Reaching safepoint: 4500 ns, Cleanup: 9900 ns, At safepoint: 1900 ns, Total: 16300 ns
[386.490s][info ][safepoint      ] Safepoint "Cleanup", Time since last: 2000126834 ns, Reaching safepoint: 4300 ns, Cleanup: 15300 ns, At safepoint: 2600 ns, Total: 22200 ns
[388.490s][info ][safepoint      ] Safepoint "Cleanup", Time since last: 2000162934 ns, Reaching safepoint: 4300 ns, Cleanup: 10100 ns, At safepoint: 3200 ns, Total: 17600 ns
[389.490s][info ][safepoint      ] Safepoint "Cleanup", Time since last: 1000096617 ns, Reaching safepoint: 4800 ns, Cleanup: 12500 ns, At safepoint: 2000 ns, Total: 19300 ns
[390.490s][info ][safepoint      ] Safepoint "Cleanup", Time since last: 1000094717 ns, Reaching safepoint: 5000 ns, Cleanup: 12000 ns, At safepoint: 2100 ns, Total: 19100 ns
[390.553s][info ][gc,start       ] GC(39) Pause Young (Allocation Failure)
[390.557s][debug][gc,phases      ] GC(39) Scavenge 4.707ms
[390.558s][debug][gc,ref         ] GC(39) Skipped phase 1 of Reference Processing: no references
[390.558s][debug][gc,ref         ] GC(39) ReferenceProcessor::execute queues: 1, RefProcThreadModel::Single, marks_oops_alive: false
[390.558s][debug][gc,ref         ] GC(39) Skipped phase 3 of Reference Processing: no references
[390.558s][debug][gc,ref         ] GC(39) ReferenceProcessor::execute queues: 1, RefProcThreadModel::Single, marks_oops_alive: false
[390.558s][debug][gc,phases      ] GC(39) Reference Processing 0.106ms
[390.558s][debug][gc,phases      ] GC(39)   VM Weak                        Min:  0.0, Avg:  0.0, Max:  0.0, Diff:  0.0, Sum:  0.0, Workers: 4
[390.558s][debug][gc,phases      ] GC(39)     Dead                           Min: 0, Avg:  0.0, Max: 0, Diff: 0, Sum: 0, Workers: 4
[390.558s][debug][gc,phases      ] GC(39)     Total                          Min: 0, Avg: 232.0, Max: 480, Diff: 480, Sum: 928, Workers: 4
[390.558s][debug][gc,phases      ] GC(39)   ObjectSynchronizer Weak        Min:  0.0, Avg:  0.0, Max:  0.0, Diff:  0.0, Sum:  0.0, Workers: 4
[390.558s][debug][gc,phases      ] GC(39)     Dead                           Min: 0, Avg:  0.0, Max: 0, Diff: 0, Sum: 0, Workers: 4
[390.558s][debug][gc,phases      ] GC(39)     Total                          Min: 0, Avg:  1.2, Max: 5, Diff: 5, Sum: 5, Workers: 4
[390.558s][debug][gc,phases      ] GC(39)   JVMTI Tag Weak OopStorage      Min:  0.0, Avg:  0.0, Max:  0.0, Diff:  0.0, Sum:  0.0, Workers: 4
[390.558s][debug][gc,phases      ] GC(39)     Dead                           Min: 0, Avg:  0.0, Max: 0, Diff: 0, Sum: 0, Workers: 4
[390.558s][debug][gc,phases      ] GC(39)     Total                          Min: 0, Avg:  0.0, Max: 0, Diff: 0, Sum: 0, Workers: 4
[390.558s][debug][gc,phases      ] GC(39)   StringTable Weak               Min:  0.0, Avg:  0.1, Max:  0.1, Diff:  0.1, Sum:  0.4, Workers: 4
[390.558s][debug][gc,phases      ] GC(39)     Dead                           Min: 0, Avg:  0.0, Max: 0, Diff: 0, Sum: 0, Workers: 4
[390.558s][debug][gc,phases      ] GC(39)     Total                          Min: 0, Avg: 11087.0, Max: 18494, Diff: 18494, Sum: 44348, Workers: 4
[390.558s][debug][gc,phases      ] GC(39)   ResolvedMethodTable Weak       Min:  0.0, Avg:  0.0, Max:  0.0, Diff:  0.0, Sum:  0.1, Workers: 4
[390.558s][debug][gc,phases      ] GC(39)     Dead                           Min: 0, Avg:  0.0, Max: 0, Diff: 0, Sum: 0, Workers: 4
[390.558s][debug][gc,phases      ] GC(39)     Total                          Min: 0, Avg: 2759.0, Max: 4735, Diff: 4735, Sum: 11036, Workers: 4
[390.558s][debug][gc,phases      ] GC(39)   JNI Weak                       Min:  0.0, Avg:  0.0, Max:  0.0, Diff:  0.0, Sum:  0.0, Workers: 4
[390.558s][debug][gc,phases      ] GC(39)     Dead                           Min: 0, Avg:  0.0, Max: 0, Diff: 0, Sum: 0, Workers: 4
[390.558s][debug][gc,phases      ] GC(39)     Total                          Min: 0, Avg: 12.0, Max: 48, Diff: 48, Sum: 48, Workers: 4
[390.558s][debug][gc,phases      ] GC(39)   StringDedup Table Weak         Min:  0.0, Avg:  0.0, Max:  0.0, Diff:  0.0, Sum:  0.0, Workers: 4
[390.558s][debug][gc,phases      ] GC(39)     Dead                           Min: 0, Avg:  0.0, Max: 0, Diff: 0, Sum: 0, Workers: 4
[390.558s][debug][gc,phases      ] GC(39)     Total                          Min: 0, Avg:  0.0, Max: 0, Diff: 0, Sum: 0, Workers: 4
[390.558s][debug][gc,phases      ] GC(39)   StringDedup Requests0 Weak     Min:  0.0, Avg:  0.0, Max:  0.0, Diff:  0.0, Sum:  0.0, Workers: 4
[390.558s][debug][gc,phases      ] GC(39)     Dead                           Min: 0, Avg:  0.0, Max: 0, Diff: 0, Sum: 0, Workers: 4
[390.558s][debug][gc,phases      ] GC(39)     Total                          Min: 0, Avg:  0.0, Max: 0, Diff: 0, Sum: 0, Workers: 4
[390.558s][debug][gc,phases      ] GC(39)   StringDedup Requests1 Weak     Min:  0.0, Avg:  0.0, Max:  0.0, Diff:  0.0, Sum:  0.0, Workers: 4
[390.558s][debug][gc,phases      ] GC(39)     Dead                           Min: 0, Avg:  0.0, Max: 0, Diff: 0, Sum: 0, Workers: 4
[390.558s][debug][gc,phases      ] GC(39)     Total                          Min: 0, Avg:  0.0, Max: 0, Diff: 0, Sum: 0, Workers: 4
[390.558s][debug][gc,phases      ] GC(39)   Weak JFR Old Object Samples    Min:  0.0, Avg:  0.0, Max:  0.0, Diff:  0.0, Sum:  0.0, Workers: 4
[390.558s][debug][gc,phases      ] GC(39)     Dead                           Min: 0, Avg:  0.0, Max: 0, Diff: 0, Sum: 0, Workers: 4
[390.558s][debug][gc,phases      ] GC(39)     Total                          Min: 0, Avg:  0.0, Max: 0, Diff: 0, Sum: 0, Workers: 4
[390.558s][debug][gc,phases      ] GC(39) Weak Processing 0.342ms
[390.558s][debug][gc,age         ] GC(39) Desired survivor size 402128896 bytes, new threshold 15 (max threshold 15)
[390.558s][info ][gc,heap        ] GC(39) PSYoungGen: 1227264K(1650688K)->5968K(1704448K) Eden: 1221120K(1221120K)->0K(1293312K) From: 6144K(429568K)->5968K(411136K)
[390.558s][info ][gc,heap        ] GC(39) ParOldGen: 389180K(478720K)->389412K(478720K)
[390.558s][info ][gc,metaspace   ] GC(39) Metaspace: 87792K(88960K)->87792K(88960K) NonClass: 74964K(75584K)->74964K(75584K) Class: 12827K(13376K)->12827K(13376K)
[390.558s][info ][gc             ] GC(39) Pause Young (Allocation Failure) 1578M->386M(2132M) 5.265ms
[390.558s][info ][gc,cpu         ] GC(39) User=0.02s Sys=0.00s Real=0.01s
[390.558s][info ][safepoint      ] Safepoint "ParallelGCFailedAllocation", Time since last: 62344877 ns, Reaching safepoint: 73900 ns, Cleanup: 8500 ns, At safepoint: 5327872 ns, Total: 5410272 ns
[391.558s][info ][safepoint      ] Safepoint "Cleanup", Time since last: 1000087939 ns, Reaching safepoint: 71899 ns, Cleanup: 128800 ns, At safepoint: 5800 ns, Total: 206499 ns
[392.559s][info ][safepoint      ] Safepoint "Cleanup", Time since last: 1000117971 ns, Reaching safepoint: 79599 ns, Cleanup: 14100 ns, At safepoint: 6400 ns, Total: 100099 ns
[393.559s][info ][safepoint      ] Safepoint "Cleanup", Time since last: 1000110072 ns, Reaching safepoint: 78399 ns, Cleanup: 10800 ns, At safepoint: 4500 ns, Total: 93699 ns
[394.559s][info ][safepoint      ] Safepoint "Cleanup", Time since last: 1000105672 ns, Reaching safepoint: 76599 ns, Cleanup: 10400 ns, At safepoint: 25800 ns, Total: 112799 ns
[395.559s][info ][safepoint      ] Safepoint "Cleanup", Time since last: 1000093271 ns, Reaching safepoint: 84400 ns, Cleanup: 8600 ns, At safepoint: 4900 ns, Total: 97900 ns
[396.559s][info ][safepoint      ] Safepoint "Cleanup", Time since last: 1000101971 ns, Reaching safepoint: 72100 ns, Cleanup: 9700 ns, At safepoint: 4800 ns, Total: 86600 ns
[397.560s][info ][safepoint      ] Safepoint "Cleanup", Time since last: 1000100771 ns, Reaching safepoint: 92600 ns, Cleanup: 12100 ns, At safepoint: 8900 ns, Total: 113600 ns
[403.560s][info ][safepoint      ] Safepoint "Cleanup", Time since last: 6000478357 ns, Reaching safepoint: 74799 ns, Cleanup: 14000 ns, At safepoint: 9200 ns, Total: 97999 ns
[407.560s][info ][safepoint      ] Safepoint "Cleanup", Time since last: 4000317171 ns, Reaching safepoint: 4900 ns, Cleanup: 7900 ns, At safepoint: 2200 ns, Total: 15000 ns
[409.052s][info ][gc,start       ] GC(40) Pause Young (Allocation Failure)
[409.058s][debug][gc,phases      ] GC(40) Scavenge 5.744ms
[409.058s][debug][gc,ref         ] GC(40) Skipped phase 1 of Reference Processing: no references
[409.058s][debug][gc,ref         ] GC(40) ReferenceProcessor::execute queues: 1, RefProcThreadModel::Single, marks_oops_alive: false
[409.058s][debug][gc,ref         ] GC(40) Skipped phase 3 of Reference Processing: no references
[409.058s][debug][gc,ref         ] GC(40) ReferenceProcessor::execute queues: 1, RefProcThreadModel::Single, marks_oops_alive: false
[409.058s][debug][gc,phases      ] GC(40) Reference Processing 0.115ms
[409.058s][debug][gc,phases      ] GC(40)   VM Weak                        Min:  0.0, Avg:  0.0, Max:  0.0, Diff:  0.0, Sum:  0.0, Workers: 4
[409.058s][debug][gc,phases      ] GC(40)     Dead                           Min: 0, Avg:  0.0, Max: 0, Diff: 0, Sum: 0, Workers: 4
[409.058s][debug][gc,phases      ] GC(40)     Total                          Min: 0, Avg: 232.0, Max: 768, Diff: 768, Sum: 928, Workers: 4
[409.058s][debug][gc,phases      ] GC(40)   ObjectSynchronizer Weak        Min:  0.0, Avg:  0.0, Max:  0.0, Diff:  0.0, Sum:  0.0, Workers: 4
[409.058s][debug][gc,phases      ] GC(40)     Dead                           Min: 0, Avg:  0.0, Max: 0, Diff: 0, Sum: 0, Workers: 4
[409.058s][debug][gc,phases      ] GC(40)     Total                          Min: 0, Avg:  1.2, Max: 5, Diff: 5, Sum: 5, Workers: 4
[409.058s][debug][gc,phases      ] GC(40)   JVMTI Tag Weak OopStorage      Min:  0.0, Avg:  0.0, Max:  0.0, Diff:  0.0, Sum:  0.0, Workers: 4
[409.058s][debug][gc,phases      ] GC(40)     Dead                           Min: 0, Avg:  0.0, Max: 0, Diff: 0, Sum: 0, Workers: 4
[409.058s][debug][gc,phases      ] GC(40)     Total                          Min: 0, Avg:  0.0, Max: 0, Diff: 0, Sum: 0, Workers: 4
[409.058s][debug][gc,phases      ] GC(40)   StringTable Weak               Min:  0.0, Avg:  0.1, Max:  0.1, Diff:  0.1, Sum:  0.4, Workers: 4
[409.058s][debug][gc,phases      ] GC(40)     Dead                           Min: 0, Avg:  0.0, Max: 0, Diff: 0, Sum: 0, Workers: 4
[409.058s][debug][gc,phases      ] GC(40)     Total                          Min: 0, Avg: 11091.5, Max: 18190, Diff: 18190, Sum: 44366, Workers: 4
[409.058s][debug][gc,phases      ] GC(40)   ResolvedMethodTable Weak       Min:  0.0, Avg:  0.0, Max:  0.0, Diff:  0.0, Sum:  0.1, Workers: 4
[409.058s][debug][gc,phases      ] GC(40)     Dead                           Min: 0, Avg:  0.0, Max: 0, Diff: 0, Sum: 0, Workers: 4
[409.058s][debug][gc,phases      ] GC(40)     Total                          Min: 0, Avg: 2760.5, Max: 4578, Diff: 4578, Sum: 11042, Workers: 4
[409.058s][debug][gc,phases      ] GC(40)   JNI Weak                       Min:  0.0, Avg:  0.0, Max:  0.0, Diff:  0.0, Sum:  0.0, Workers: 4
[409.058s][debug][gc,phases      ] GC(40)     Dead                           Min: 0, Avg:  0.0, Max: 0, Diff: 0, Sum: 0, Workers: 4
[409.058s][debug][gc,phases      ] GC(40)     Total                          Min: 0, Avg: 12.0, Max: 48, Diff: 48, Sum: 48, Workers: 4
[409.059s][debug][gc,phases      ] GC(40)   StringDedup Table Weak         Min:  0.0, Avg:  0.0, Max:  0.0, Diff:  0.0, Sum:  0.0, Workers: 4
[409.059s][debug][gc,phases      ] GC(40)     Dead                           Min: 0, Avg:  0.0, Max: 0, Diff: 0, Sum: 0, Workers: 4
[409.059s][debug][gc,phases      ] GC(40)     Total                          Min: 0, Avg:  0.0, Max: 0, Diff: 0, Sum: 0, Workers: 4
[409.059s][debug][gc,phases      ] GC(40)   StringDedup Requests0 Weak     Min:  0.0, Avg:  0.0, Max:  0.0, Diff:  0.0, Sum:  0.0, Workers: 4
[409.059s][debug][gc,phases      ] GC(40)     Dead                           Min: 0, Avg:  0.0, Max: 0, Diff: 0, Sum: 0, Workers: 4
[409.059s][debug][gc,phases      ] GC(40)     Total                          Min: 0, Avg:  0.0, Max: 0, Diff: 0, Sum: 0, Workers: 4
[409.059s][debug][gc,phases      ] GC(40)   StringDedup Requests1 Weak     Min:  0.0, Avg:  0.0, Max:  0.0, Diff:  0.0, Sum:  0.0, Workers: 4
[409.059s][debug][gc,phases      ] GC(40)     Dead                           Min: 0, Avg:  0.0, Max: 0, Diff: 0, Sum: 0, Workers: 4
[409.059s][debug][gc,phases      ] GC(40)     Total                          Min: 0, Avg:  0.0, Max: 0, Diff: 0, Sum: 0, Workers: 4
[409.059s][debug][gc,phases      ] GC(40)   Weak JFR Old Object Samples    Min:  0.0, Avg:  0.0, Max:  0.0, Diff:  0.0, Sum:  0.0, Workers: 4
[409.059s][debug][gc,phases      ] GC(40)     Dead                           Min: 0, Avg:  0.0, Max: 0, Diff: 0, Sum: 0, Workers: 4
[409.059s][debug][gc,phases      ] GC(40)     Total                          Min: 0, Avg:  0.0, Max: 0, Diff: 0, Sum: 0, Workers: 4
[409.059s][debug][gc,phases      ] GC(40) Weak Processing 0.321ms
[409.059s][debug][gc,age         ] GC(40) Desired survivor size 382730240 bytes, new threshold 15 (max threshold 15)
[409.059s][info ][gc,heap        ] GC(40) PSYoungGen: 1299280K(1704448K)->6000K(1686016K) Eden: 1293312K(1293312K)->0K(1293312K) From: 5968K(411136K)->6000K(392704K)
[409.059s][info ][gc,heap        ] GC(40) ParOldGen: 389412K(478720K)->389452K(478720K)
[409.059s][info ][gc,metaspace   ] GC(40) Metaspace: 87881K(89024K)->87881K(89024K) NonClass: 75047K(75648K)->75047K(75648K) Class: 12834K(13376K)->12834K(13376K)
[409.059s][info ][gc             ] GC(40) Pause Young (Allocation Failure) 1649M->386M(2114M) 6.288ms
[409.059s][info ][gc,cpu         ] GC(40) User=0.02s Sys=0.00s Real=0.01s
[409.059s][info ][safepoint      ] Safepoint "ParallelGCFailedAllocation", Time since last: 1491777853 ns, Reaching safepoint: 4000 ns, Cleanup: 3500 ns, At safepoint: 6344667 ns, Total: 6352167 ns
[410.059s][info ][safepoint      ] Safepoint "Cleanup", Time since last: 1000082007 ns, Reaching safepoint: 64299 ns, Cleanup: 11000 ns, At safepoint: 6500 ns, Total: 81799 ns
[418.059s][info ][safepoint      ] Safepoint "Cleanup", Time since last: 8000515888 ns, Reaching safepoint: 73200 ns, Cleanup: 6100 ns, At safepoint: 5800 ns, Total: 85100 ns
[421.060s][info ][safepoint      ] Safepoint "Cleanup", Time since last: 3000262952 ns, Reaching safepoint: 78199 ns, Cleanup: 9500 ns, At safepoint: 7100 ns, Total: 94799 ns
[425.060s][info ][safepoint      ] Safepoint "Cleanup", Time since last: 4000242545 ns, Reaching safepoint: 4500 ns, Cleanup: 10199 ns, At safepoint: 1900 ns, Total: 16599 ns
[426.060s][info ][safepoint      ] Safepoint "Cleanup", Time since last: 1000102889 ns, Reaching safepoint: 75099 ns, Cleanup: 21900 ns, At safepoint: 5600 ns, Total: 102599 ns
[427.060s][info ][safepoint      ] Safepoint "Cleanup", Time since last: 1000094488 ns, Reaching safepoint: 4200 ns, Cleanup: 8100 ns, At safepoint: 1800 ns, Total: 14100 ns
[427.452s][info ][gc,start       ] GC(41) Pause Young (Allocation Failure)
[427.457s][debug][gc,phases      ] GC(41) Scavenge 5.065ms
[427.457s][debug][gc,ref         ] GC(41) Skipped phase 1 of Reference Processing: no references
[427.457s][debug][gc,ref         ] GC(41) ReferenceProcessor::execute queues: 1, RefProcThreadModel::Single, marks_oops_alive: false
[427.457s][debug][gc,ref         ] GC(41) Skipped phase 3 of Reference Processing: no references
[427.457s][debug][gc,ref         ] GC(41) ReferenceProcessor::execute queues: 1, RefProcThreadModel::Single, marks_oops_alive: false
[427.457s][debug][gc,phases      ] GC(41) Reference Processing 0.098ms
[427.457s][debug][gc,phases      ] GC(41)   VM Weak                        Min:  0.0, Avg:  0.0, Max:  0.0, Diff:  0.0, Sum:  0.0, Workers: 4
[427.458s][debug][gc,phases      ] GC(41)     Dead                           Min: 0, Avg:  0.0, Max: 0, Diff: 0, Sum: 0, Workers: 4
[427.458s][debug][gc,phases      ] GC(41)     Total                          Min: 0, Avg: 232.0, Max: 672, Diff: 672, Sum: 928, Workers: 4
[427.458s][debug][gc,phases      ] GC(41)   ObjectSynchronizer Weak        Min:  0.0, Avg:  0.0, Max:  0.0, Diff:  0.0, Sum:  0.0, Workers: 4
[427.458s][debug][gc,phases      ] GC(41)     Dead                           Min: 0, Avg:  0.0, Max: 0, Diff: 0, Sum: 0, Workers: 4
[427.458s][debug][gc,phases      ] GC(41)     Total                          Min: 0, Avg:  1.2, Max: 5, Diff: 5, Sum: 5, Workers: 4
[427.458s][debug][gc,phases      ] GC(41)   JVMTI Tag Weak OopStorage      Min:  0.0, Avg:  0.0, Max:  0.0, Diff:  0.0, Sum:  0.0, Workers: 4
[427.458s][debug][gc,phases      ] GC(41)     Dead                           Min: 0, Avg:  0.0, Max: 0, Diff: 0, Sum: 0, Workers: 4
[427.458s][debug][gc,phases      ] GC(41)     Total                          Min: 0, Avg:  0.0, Max: 0, Diff: 0, Sum: 0, Workers: 4
[427.458s][debug][gc,phases      ] GC(41)   StringTable Weak               Min:  0.1, Avg:  0.1, Max:  0.1, Diff:  0.0, Sum:  0.4, Workers: 4
[427.458s][debug][gc,phases      ] GC(41)     Dead                           Min: 0, Avg:  0.0, Max: 0, Diff: 0, Sum: 0, Workers: 4
[427.458s][debug][gc,phases      ] GC(41)     Total                          Min: 10496, Avg: 11091.8, Max: 11584, Diff: 1088, Sum: 44367, Workers: 4
[427.458s][debug][gc,phases      ] GC(41)   ResolvedMethodTable Weak       Min:  0.0, Avg:  0.0, Max:  0.0, Diff:  0.0, Sum:  0.1, Workers: 4
[427.458s][debug][gc,phases      ] GC(41)     Dead                           Min: 0, Avg:  0.0, Max: 0, Diff: 0, Sum: 0, Workers: 4
[427.458s][debug][gc,phases      ] GC(41)     Total                          Min: 2560, Avg: 2760.5, Max: 3199, Diff: 639, Sum: 11042, Workers: 4
[427.458s][debug][gc,phases      ] GC(41)   JNI Weak                       Min:  0.0, Avg:  0.0, Max:  0.0, Diff:  0.0, Sum:  0.0, Workers: 4
[427.458s][debug][gc,phases      ] GC(41)     Dead                           Min: 0, Avg:  0.0, Max: 0, Diff: 0, Sum: 0, Workers: 4
[427.458s][debug][gc,phases      ] GC(41)     Total                          Min: 0, Avg: 12.0, Max: 48, Diff: 48, Sum: 48, Workers: 4
[427.458s][debug][gc,phases      ] GC(41)   StringDedup Table Weak         Min:  0.0, Avg:  0.0, Max:  0.0, Diff:  0.0, Sum:  0.0, Workers: 4
[427.458s][debug][gc,phases      ] GC(41)     Dead                           Min: 0, Avg:  0.0, Max: 0, Diff: 0, Sum: 0, Workers: 4
[427.458s][debug][gc,phases      ] GC(41)     Total                          Min: 0, Avg:  0.0, Max: 0, Diff: 0, Sum: 0, Workers: 4
[427.458s][debug][gc,phases      ] GC(41)   StringDedup Requests0 Weak     Min:  0.0, Avg:  0.0, Max:  0.0, Diff:  0.0, Sum:  0.0, Workers: 4
[427.458s][debug][gc,phases      ] GC(41)     Dead                           Min: 0, Avg:  0.0, Max: 0, Diff: 0, Sum: 0, Workers: 4
[427.458s][debug][gc,phases      ] GC(41)     Total                          Min: 0, Avg:  0.0, Max: 0, Diff: 0, Sum: 0, Workers: 4
[427.458s][debug][gc,phases      ] GC(41)   StringDedup Requests1 Weak     Min:  0.0, Avg:  0.0, Max:  0.0, Diff:  0.0, Sum:  0.0, Workers: 4
[427.458s][debug][gc,phases      ] GC(41)     Dead                           Min: 0, Avg:  0.0, Max: 0, Diff: 0, Sum: 0, Workers: 4
[427.458s][debug][gc,phases      ] GC(41)     Total                          Min: 0, Avg:  0.0, Max: 0, Diff: 0, Sum: 0, Workers: 4
[427.458s][debug][gc,phases      ] GC(41)   Weak JFR Old Object Samples    Min:  0.0, Avg:  0.0, Max:  0.0, Diff:  0.0, Sum:  0.0, Workers: 4
[427.458s][debug][gc,phases      ] GC(41)     Dead                           Min: 0, Avg:  0.0, Max: 0, Diff: 0, Sum: 0, Workers: 4
[427.458s][debug][gc,phases      ] GC(41)     Total                          Min: 0, Avg:  0.0, Max: 0, Diff: 0, Sum: 0, Workers: 4
[427.458s][debug][gc,phases      ] GC(41) Weak Processing 0.297ms
[427.458s][debug][gc,age         ] GC(41) Desired survivor size 363331584 bytes, new threshold 15 (max threshold 15)
[427.458s][info ][gc,heap        ] GC(41) PSYoungGen: 1299312K(1686016K)->5696K(1742336K) Eden: 1293312K(1293312K)->0K(1368576K) From: 6000K(392704K)->5696K(373760K)
[427.458s][info ][gc,heap        ] GC(41) ParOldGen: 389452K(478720K)->389556K(478720K)
[427.458s][info ][gc,metaspace   ] GC(41) Metaspace: 87887K(89024K)->87887K(89024K) NonClass: 75053K(75648K)->75053K(75648K) Class: 12834K(13376K)->12834K(13376K)
[427.458s][info ][gc             ] GC(41) Pause Young (Allocation Failure) 1649M->385M(2169M) 5.554ms
[427.458s][info ][gc,cpu         ] GC(41) User=0.02s Sys=0.00s Real=0.01s
[427.458s][info ][safepoint      ] Safepoint "ParallelGCFailedAllocation", Time since last: 391753759 ns, Reaching safepoint: 5099 ns, Cleanup: 3400 ns, At safepoint: 5609771 ns, Total: 5618270 ns
[428.458s][info ][safepoint      ] Safepoint "Cleanup", Time since last: 1000077788 ns, Reaching safepoint: 73400 ns, Cleanup: 10800 ns, At safepoint: 6200 ns, Total: 90400 ns
[430.458s][info ][safepoint      ] Safepoint "Cleanup", Time since last: 2000170776 ns, Reaching safepoint: 74600 ns, Cleanup: 8600 ns, At safepoint: 4700 ns, Total: 87900 ns
[433.458s][info ][safepoint      ] Safepoint "Cleanup", Time since last: 3000224104 ns, Reaching safepoint: 76200 ns, Cleanup: 8700 ns, At safepoint: 5899 ns, Total: 90799 ns
[435.459s][info ][safepoint      ] Safepoint "Cleanup", Time since last: 2000169434 ns, Reaching safepoint: 75100 ns, Cleanup: 10300 ns, At safepoint: 6000 ns, Total: 91400 ns
[439.459s][info ][safepoint      ] Safepoint "Cleanup", Time since last: 4000358759 ns, Reaching safepoint: 78399 ns, Cleanup: 22200 ns, At safepoint: 7000 ns, Total: 107599 ns
[440.459s][info ][safepoint      ] Safepoint "Cleanup", Time since last: 1000128584 ns, Reaching safepoint: 71299 ns, Cleanup: 23200 ns, At safepoint: 7800 ns, Total: 102299 ns
[441.460s][info ][safepoint      ] Safepoint "Cleanup", Time since last: 1000109683 ns, Reaching safepoint: 74400 ns, Cleanup: 10700 ns, At safepoint: 5700 ns, Total: 90800 ns
[442.460s][info ][safepoint      ] Safepoint "Cleanup", Time since last: 1000106883 ns, Reaching safepoint: 73500 ns, Cleanup: 20600 ns, At safepoint: 5000 ns, Total: 99100 ns
[443.460s][info ][safepoint      ] Safepoint "Cleanup", Time since last: 1000118483 ns, Reaching safepoint: 73300 ns, Cleanup: 17100 ns, At safepoint: 6200 ns, Total: 96600 ns
[444.460s][info ][safepoint      ] Safepoint "Cleanup", Time since last: 1000113083 ns, Reaching safepoint: 78699 ns, Cleanup: 15500 ns, At safepoint: 12800 ns, Total: 106999 ns
[445.496s][info ][gc,start       ] GC(42) Pause Young (Allocation Failure)
[445.503s][debug][gc,phases      ] GC(42) Scavenge 6.673ms
[445.503s][debug][gc,ref         ] GC(42) Skipped phase 1 of Reference Processing: no references
[445.503s][debug][gc,ref         ] GC(42) ReferenceProcessor::execute queues: 1, RefProcThreadModel::Single, marks_oops_alive: false
[445.503s][debug][gc,ref         ] GC(42) Skipped phase 3 of Reference Processing: no references
[445.503s][debug][gc,ref         ] GC(42) ReferenceProcessor::execute queues: 1, RefProcThreadModel::Single, marks_oops_alive: false
[445.503s][debug][gc,phases      ] GC(42) Reference Processing 0.103ms
[445.503s][debug][gc,phases      ] GC(42)   VM Weak                        Min:  0.0, Avg:  0.0, Max:  0.0, Diff:  0.0, Sum:  0.0, Workers: 4
[445.503s][debug][gc,phases      ] GC(42)     Dead                           Min: 0, Avg:  0.0, Max: 0, Diff: 0, Sum: 0, Workers: 4
[445.503s][debug][gc,phases      ] GC(42)     Total                          Min: 0, Avg: 234.5, Max: 832, Diff: 832, Sum: 938, Workers: 4
[445.503s][debug][gc,phases      ] GC(42)   ObjectSynchronizer Weak        Min:  0.0, Avg:  0.0, Max:  0.0, Diff:  0.0, Sum:  0.0, Workers: 4
[445.503s][debug][gc,phases      ] GC(42)     Dead                           Min: 0, Avg:  0.0, Max: 0, Diff: 0, Sum: 0, Workers: 4
[445.503s][debug][gc,phases      ] GC(42)     Total                          Min: 0, Avg:  1.5, Max: 6, Diff: 6, Sum: 6, Workers: 4
[445.503s][debug][gc,phases      ] GC(42)   JVMTI Tag Weak OopStorage      Min:  0.0, Avg:  0.0, Max:  0.0, Diff:  0.0, Sum:  0.0, Workers: 4
[445.503s][debug][gc,phases      ] GC(42)     Dead                           Min: 0, Avg:  0.0, Max: 0, Diff: 0, Sum: 0, Workers: 4
[445.503s][debug][gc,phases      ] GC(42)     Total                          Min: 0, Avg:  0.0, Max: 0, Diff: 0, Sum: 0, Workers: 4
[445.503s][debug][gc,phases      ] GC(42)   StringTable Weak               Min:  0.0, Avg:  0.1, Max:  0.1, Diff:  0.1, Sum:  0.4, Workers: 4
[445.503s][debug][gc,phases      ] GC(42)     Dead                           Min: 0, Avg:  0.5, Max: 2, Diff: 2, Sum: 2, Workers: 4
[445.503s][debug][gc,phases      ] GC(42)     Total                          Min: 4928, Avg: 11098.0, Max: 14591, Diff: 9663, Sum: 44392, Workers: 4
[445.503s][debug][gc,phases      ] GC(42)   ResolvedMethodTable Weak       Min:  0.0, Avg:  0.0, Max:  0.0, Diff:  0.0, Sum:  0.1, Workers: 4
[445.503s][debug][gc,phases      ] GC(42)     Dead                           Min: 0, Avg:  0.0, Max: 0, Diff: 0, Sum: 0, Workers: 4
[445.503s][debug][gc,phases      ] GC(42)     Total                          Min: 2624, Avg: 2771.5, Max: 3008, Diff: 384, Sum: 11086, Workers: 4
[445.503s][debug][gc,phases      ] GC(42)   JNI Weak                       Min:  0.0, Avg:  0.0, Max:  0.0, Diff:  0.0, Sum:  0.0, Workers: 4
[445.503s][debug][gc,phases      ] GC(42)     Dead                           Min: 0, Avg:  0.0, Max: 0, Diff: 0, Sum: 0, Workers: 4
[445.503s][debug][gc,phases      ] GC(42)     Total                          Min: 0, Avg: 12.0, Max: 48, Diff: 48, Sum: 48, Workers: 4
[445.503s][debug][gc,phases      ] GC(42)   StringDedup Table Weak         Min:  0.0, Avg:  0.0, Max:  0.0, Diff:  0.0, Sum:  0.0, Workers: 4
[445.503s][debug][gc,phases      ] GC(42)     Dead                           Min: 0, Avg:  0.0, Max: 0, Diff: 0, Sum: 0, Workers: 4
[445.503s][debug][gc,phases      ] GC(42)     Total                          Min: 0, Avg:  0.0, Max: 0, Diff: 0, Sum: 0, Workers: 4
[445.503s][debug][gc,phases      ] GC(42)   StringDedup Requests0 Weak     Min:  0.0, Avg:  0.0, Max:  0.0, Diff:  0.0, Sum:  0.0, Workers: 4
[445.503s][debug][gc,phases      ] GC(42)     Dead                           Min: 0, Avg:  0.0, Max: 0, Diff: 0, Sum: 0, Workers: 4
[445.503s][debug][gc,phases      ] GC(42)     Total                          Min: 0, Avg:  0.0, Max: 0, Diff: 0, Sum: 0, Workers: 4
[445.503s][debug][gc,phases      ] GC(42)   StringDedup Requests1 Weak     Min:  0.0, Avg:  0.0, Max:  0.0, Diff:  0.0, Sum:  0.0, Workers: 4
[445.503s][debug][gc,phases      ] GC(42)     Dead                           Min: 0, Avg:  0.0, Max: 0, Diff: 0, Sum: 0, Workers: 4
[445.503s][debug][gc,phases      ] GC(42)     Total                          Min: 0, Avg:  0.0, Max: 0, Diff: 0, Sum: 0, Workers: 4
[445.503s][debug][gc,phases      ] GC(42)   Weak JFR Old Object Samples    Min:  0.0, Avg:  0.0, Max:  0.0, Diff:  0.0, Sum:  0.0, Workers: 4
[445.503s][debug][gc,phases      ] GC(42)     Dead                           Min: 0, Avg:  0.0, Max: 0, Diff: 0, Sum: 0, Workers: 4
[445.503s][debug][gc,phases      ] GC(42)     Total                          Min: 0, Avg:  0.0, Max: 0, Diff: 0, Sum: 0, Workers: 4
[445.503s][debug][gc,phases      ] GC(42) Weak Processing 0.329ms
[445.503s][debug][gc,age         ] GC(42) Desired survivor size 343408640 bytes, new threshold 15 (max threshold 15)
[445.503s][info ][gc,heap        ] GC(42) PSYoungGen: 1374272K(1742336K)->8560K(1723392K) Eden: 1368576K(1368576K)->0K(1368576K) From: 5696K(373760K)->8560K(354816K)
[445.503s][info ][gc,heap        ] GC(42) ParOldGen: 389556K(478720K)->389628K(478720K)
[445.503s][info ][gc,metaspace   ] GC(42) Metaspace: 87966K(89088K)->87966K(89088K) NonClass: 75117K(75712K)->75117K(75712K) Class: 12849K(13376K)->12849K(13376K)
[445.503s][info ][gc             ] GC(42) Pause Young (Allocation Failure) 1722M->388M(2150M) 7.195ms
[445.503s][info ][gc,cpu         ] GC(42) User=0.03s Sys=0.00s Real=0.01s
[445.503s][info ][safepoint      ] Safepoint "ParallelGCFailedAllocation", Time since last: 1035595995 ns, Reaching safepoint: 3900 ns, Cleanup: 20100 ns, At safepoint: 7280061 ns, Total: 7304061 ns
[446.503s][info ][safepoint      ] Safepoint "Cleanup", Time since last: 1000092884 ns, Reaching safepoint: 75499 ns, Cleanup: 8500 ns, At safepoint: 5500 ns, Total: 89499 ns
[447.503s][info ][safepoint      ] Safepoint "Cleanup", Time since last: 1000097401 ns, Reaching safepoint: 62500 ns, Cleanup: 13900 ns, At safepoint: 7400 ns, Total: 83800 ns
[448.504s][info ][safepoint      ] Safepoint "Cleanup", Time since last: 1000104945 ns, Reaching safepoint: 76099 ns, Cleanup: 14900 ns, At safepoint: 6400 ns, Total: 97399 ns
[449.504s][info ][safepoint      ] Safepoint "Cleanup", Time since last: 1000107945 ns, Reaching safepoint: 82100 ns, Cleanup: 11000 ns, At safepoint: 5300 ns, Total: 98400 ns
[450.504s][info ][safepoint      ] Safepoint "Cleanup", Time since last: 1000100745 ns, Reaching safepoint: 72099 ns, Cleanup: 15500 ns, At safepoint: 5700 ns, Total: 93299 ns
[451.504s][info ][safepoint      ] Safepoint "Cleanup", Time since last: 1000099445 ns, Reaching safepoint: 71400 ns, Cleanup: 21700 ns, At safepoint: 5600 ns, Total: 98700 ns
[453.505s][info ][safepoint      ] Safepoint "Cleanup", Time since last: 2000176490 ns, Reaching safepoint: 76900 ns, Cleanup: 14199 ns, At safepoint: 5800 ns, Total: 96899 ns
[454.505s][info ][safepoint      ] Safepoint "Cleanup", Time since last: 1000104646 ns, Reaching safepoint: 74599 ns, Cleanup: 11400 ns, At safepoint: 7200 ns, Total: 93199 ns
[457.505s][info ][safepoint      ] Safepoint "Cleanup", Time since last: 3000247387 ns, Reaching safepoint: 73400 ns, Cleanup: 10900 ns, At safepoint: 5000 ns, Total: 89300 ns
[458.505s][info ][safepoint      ] Safepoint "Cleanup", Time since last: 1000102147 ns, Reaching safepoint: 74800 ns, Cleanup: 9800 ns, At safepoint: 6100 ns, Total: 90700 ns
[459.505s][info ][safepoint      ] Safepoint "Cleanup", Time since last: 1000103477 ns, Reaching safepoint: 80099 ns, Cleanup: 11600 ns, At safepoint: 5600 ns, Total: 97299 ns
[460.506s][info ][safepoint      ] Safepoint "Cleanup", Time since last: 1000661374 ns, Reaching safepoint: 76800 ns, Cleanup: 14000 ns, At safepoint: 5300 ns, Total: 96100 ns
[462.601s][info ][gc,start       ] GC(43) Pause Young (Allocation Failure)
[462.609s][debug][gc,phases      ] GC(43) Scavenge 7.702ms
[462.609s][debug][gc,ref         ] GC(43) Skipped phase 1 of Reference Processing: no references
[462.609s][debug][gc,ref         ] GC(43) ReferenceProcessor::execute queues: 1, RefProcThreadModel::Single, marks_oops_alive: false
[462.609s][debug][gc,ref         ] GC(43) Skipped phase 3 of Reference Processing: no references
[462.609s][debug][gc,ref         ] GC(43) ReferenceProcessor::execute queues: 1, RefProcThreadModel::Single, marks_oops_alive: false
[462.609s][debug][gc,phases      ] GC(43) Reference Processing 0.118ms
[462.609s][debug][gc,phases      ] GC(43)   VM Weak                        Min:  0.0, Avg:  0.0, Max:  0.0, Diff:  0.0, Sum:  0.0, Workers: 4
[462.609s][debug][gc,phases      ] GC(43)     Dead                           Min: 0, Avg:  0.0, Max: 0, Diff: 0, Sum: 0, Workers: 4
[462.609s][debug][gc,phases      ] GC(43)     Total                          Min: 0, Avg: 234.5, Max: 554, Diff: 554, Sum: 938, Workers: 4
[462.609s][debug][gc,phases      ] GC(43)   ObjectSynchronizer Weak        Min:  0.0, Avg:  0.0, Max:  0.0, Diff:  0.0, Sum:  0.0, Workers: 4
[462.609s][debug][gc,phases      ] GC(43)     Dead                           Min: 0, Avg:  0.0, Max: 0, Diff: 0, Sum: 0, Workers: 4
[462.609s][debug][gc,phases      ] GC(43)     Total                          Min: 0, Avg:  1.5, Max: 6, Diff: 6, Sum: 6, Workers: 4
[462.609s][debug][gc,phases      ] GC(43)   JVMTI Tag Weak OopStorage      Min:  0.0, Avg:  0.0, Max:  0.0, Diff:  0.0, Sum:  0.0, Workers: 4
[462.609s][debug][gc,phases      ] GC(43)     Dead                           Min: 0, Avg:  0.0, Max: 0, Diff: 0, Sum: 0, Workers: 4
[462.609s][debug][gc,phases      ] GC(43)     Total                          Min: 0, Avg:  0.0, Max: 0, Diff: 0, Sum: 0, Workers: 4
[462.609s][debug][gc,phases      ] GC(43)   StringTable Weak               Min:  0.0, Avg:  0.1, Max:  0.1, Diff:  0.1, Sum:  0.4, Workers: 4
[462.609s][debug][gc,phases      ] GC(43)     Dead                           Min: 0, Avg:  0.0, Max: 0, Diff: 0, Sum: 0, Workers: 4
[462.609s][debug][gc,phases      ] GC(43)     Total                          Min: 0, Avg: 11102.8, Max: 18879, Diff: 18879, Sum: 44411, Workers: 4
[462.609s][debug][gc,phases      ] GC(43)   ResolvedMethodTable Weak       Min:  0.0, Avg:  0.0, Max:  0.0, Diff:  0.0, Sum:  0.1, Workers: 4
[462.609s][debug][gc,phases      ] GC(43)     Dead                           Min: 0, Avg:  0.0, Max: 0, Diff: 0, Sum: 0, Workers: 4
[462.609s][debug][gc,phases      ] GC(43)     Total                          Min: 0, Avg: 2772.5, Max: 4352, Diff: 4352, Sum: 11090, Workers: 4
[462.609s][debug][gc,phases      ] GC(43)   JNI Weak                       Min:  0.0, Avg:  0.0, Max:  0.0, Diff:  0.0, Sum:  0.0, Workers: 4
[462.609s][debug][gc,phases      ] GC(43)     Dead                           Min: 0, Avg:  0.0, Max: 0, Diff: 0, Sum: 0, Workers: 4
[462.609s][debug][gc,phases      ] GC(43)     Total                          Min: 0, Avg: 12.0, Max: 48, Diff: 48, Sum: 48, Workers: 4
[462.609s][debug][gc,phases      ] GC(43)   StringDedup Table Weak         Min:  0.0, Avg:  0.0, Max:  0.0, Diff:  0.0, Sum:  0.0, Workers: 4
[462.609s][debug][gc,phases      ] GC(43)     Dead                           Min: 0, Avg:  0.0, Max: 0, Diff: 0, Sum: 0, Workers: 4
[462.609s][debug][gc,phases      ] GC(43)     Total                          Min: 0, Avg:  0.0, Max: 0, Diff: 0, Sum: 0, Workers: 4
[462.609s][debug][gc,phases      ] GC(43)   StringDedup Requests0 Weak     Min:  0.0, Avg:  0.0, Max:  0.0, Diff:  0.0, Sum:  0.0, Workers: 4
[462.609s][debug][gc,phases      ] GC(43)     Dead                           Min: 0, Avg:  0.0, Max: 0, Diff: 0, Sum: 0, Workers: 4
[462.609s][debug][gc,phases      ] GC(43)     Total                          Min: 0, Avg:  0.0, Max: 0, Diff: 0, Sum: 0, Workers: 4
[462.609s][debug][gc,phases      ] GC(43)   StringDedup Requests1 Weak     Min:  0.0, Avg:  0.0, Max:  0.0, Diff:  0.0, Sum:  0.0, Workers: 4
[462.609s][debug][gc,phases      ] GC(43)     Dead                           Min: 0, Avg:  0.0, Max: 0, Diff: 0, Sum: 0, Workers: 4
[462.609s][debug][gc,phases      ] GC(43)     Total                          Min: 0, Avg:  0.0, Max: 0, Diff: 0, Sum: 0, Workers: 4
[462.609s][debug][gc,phases      ] GC(43)   Weak JFR Old Object Samples    Min:  0.0, Avg:  0.0, Max:  0.0, Diff:  0.0, Sum:  0.0, Workers: 4
[462.609s][debug][gc,phases      ] GC(43)     Dead                           Min: 0, Avg:  0.0, Max: 0, Diff: 0, Sum: 0, Workers: 4
[462.609s][debug][gc,phases      ] GC(43)     Total                          Min: 0, Avg:  0.0, Max: 0, Diff: 0, Sum: 0, Workers: 4
[462.609s][debug][gc,phases      ] GC(43) Weak Processing 0.331ms
[462.609s][debug][gc,age         ] GC(43) Desired survivor size 324009984 bytes, new threshold 15 (max threshold 15)
[462.609s][info ][gc,heap        ] GC(43) PSYoungGen: 1377136K(1723392K)->9472K(1780736K) Eden: 1368576K(1368576K)->0K(1445376K) From: 8560K(354816K)->9472K(335360K)
[462.609s][info ][gc,heap        ] GC(43) ParOldGen: 389628K(478720K)->390140K(478720K)
[462.609s][info ][gc,metaspace   ] GC(43) Metaspace: 87992K(89088K)->87992K(89088K) NonClass: 75141K(75712K)->75141K(75712K) Class: 12851K(13376K)->12851K(13376K)
[462.609s][info ][gc             ] GC(43) Pause Young (Allocation Failure) 1725M->390M(2206M) 8.261ms
[462.609s][info ][gc,cpu         ] GC(43) User=0.02s Sys=0.00s Real=0.01s
[462.609s][info ][safepoint      ] Safepoint "ParallelGCFailedAllocation", Time since last: 2094897059 ns, Reaching safepoint: 4100 ns, Cleanup: 3900 ns, At safepoint: 8320956 ns, Total: 8328956 ns
[465.610s][info ][safepoint      ] Safepoint "Cleanup", Time since last: 3000207345 ns, Reaching safepoint: 76800 ns, Cleanup: 9900 ns, At safepoint: 7300 ns, Total: 94000 ns
[467.412s][info ][safepoint      ] Safepoint "Cleanup", Time since last: 1802073671 ns, Reaching safepoint: 5900 ns, Cleanup: 56100 ns, At safepoint: 2900 ns, Total: 64900 ns
[470.412s][info ][safepoint      ] Safepoint "Cleanup", Time since last: 3000247169 ns, Reaching safepoint: 5400 ns, Cleanup: 21800 ns, At safepoint: 10000 ns, Total: 37200 ns
[472.412s][info ][safepoint      ] Safepoint "Cleanup", Time since last: 2000178351 ns, Reaching safepoint: 5100 ns, Cleanup: 13200 ns, At safepoint: 2600 ns, Total: 20900 ns
[473.413s][info ][safepoint      ] Safepoint "Cleanup", Time since last: 1000104904 ns, Reaching safepoint: 4900 ns, Cleanup: 8600 ns, At safepoint: 2200 ns, Total: 15700 ns
[474.413s][info ][safepoint      ] Safepoint "Cleanup", Time since last: 1000099604 ns, Reaching safepoint: 4900 ns, Cleanup: 12900 ns, At safepoint: 2299 ns, Total: 20099 ns
[480.171s][info ][safepoint      ] Safepoint "Cleanup", Time since last: 5758238508 ns, Reaching safepoint: 3500 ns, Cleanup: 9000 ns, At safepoint: 4200 ns, Total: 16700 ns
[481.171s][info ][safepoint      ] Safepoint "Cleanup", Time since last: 1000104379 ns, Reaching safepoint: 4500 ns, Cleanup: 7600 ns, At safepoint: 2100 ns, Total: 14200 ns
[481.700s][info ][gc,start       ] GC(44) Pause Young (Allocation Failure)
[481.707s][debug][gc,phases      ] GC(44) Scavenge 7.365ms
[481.707s][debug][gc,ref         ] GC(44) Skipped phase 1 of Reference Processing: no references
[481.707s][debug][gc,ref         ] GC(44) ReferenceProcessor::execute queues: 1, RefProcThreadModel::Single, marks_oops_alive: false
[481.707s][debug][gc,ref         ] GC(44) Skipped phase 3 of Reference Processing: no references
[481.707s][debug][gc,ref         ] GC(44) ReferenceProcessor::execute queues: 1, RefProcThreadModel::Single, marks_oops_alive: false
[481.707s][debug][gc,phases      ] GC(44) Reference Processing 0.107ms
[481.707s][debug][gc,phases      ] GC(44)   VM Weak                        Min:  0.0, Avg:  0.0, Max:  0.0, Diff:  0.0, Sum:  0.0, Workers: 4
[481.707s][debug][gc,phases      ] GC(44)     Dead                           Min: 0, Avg:  0.0, Max: 0, Diff: 0, Sum: 0, Workers: 4
[481.707s][debug][gc,phases      ] GC(44)     Total                          Min: 0, Avg: 234.8, Max: 683, Diff: 683, Sum: 939, Workers: 4
[481.707s][debug][gc,phases      ] GC(44)   ObjectSynchronizer Weak        Min:  0.0, Avg:  0.0, Max:  0.0, Diff:  0.0, Sum:  0.0, Workers: 4
[481.707s][debug][gc,phases      ] GC(44)     Dead                           Min: 0, Avg:  0.0, Max: 0, Diff: 0, Sum: 0, Workers: 4
[481.707s][debug][gc,phases      ] GC(44)     Total                          Min: 0, Avg:  1.2, Max: 5, Diff: 5, Sum: 5, Workers: 4
[481.707s][debug][gc,phases      ] GC(44)   JVMTI Tag Weak OopStorage      Min:  0.0, Avg:  0.0, Max:  0.0, Diff:  0.0, Sum:  0.0, Workers: 4
[481.707s][debug][gc,phases      ] GC(44)     Dead                           Min: 0, Avg:  0.0, Max: 0, Diff: 0, Sum: 0, Workers: 4
[481.707s][debug][gc,phases      ] GC(44)     Total                          Min: 0, Avg:  0.0, Max: 0, Diff: 0, Sum: 0, Workers: 4
[481.707s][debug][gc,phases      ] GC(44)   StringTable Weak               Min:  0.0, Avg:  0.1, Max:  0.1, Diff:  0.1, Sum:  0.4, Workers: 4
[481.707s][debug][gc,phases      ] GC(44)     Dead                           Min: 0, Avg:  0.5, Max: 2, Diff: 2, Sum: 2, Workers: 4
[481.708s][debug][gc,phases      ] GC(44)     Total                          Min: 0, Avg: 11106.0, Max: 18824, Diff: 18824, Sum: 44424, Workers: 4
[481.708s][debug][gc,phases      ] GC(44)   ResolvedMethodTable Weak       Min:  0.0, Avg:  0.0, Max:  0.0, Diff:  0.0, Sum:  0.1, Workers: 4
[481.708s][debug][gc,phases      ] GC(44)     Dead                           Min: 0, Avg:  0.0, Max: 0, Diff: 0, Sum: 0, Workers: 4
[481.708s][debug][gc,phases      ] GC(44)     Total                          Min: 0, Avg: 2776.8, Max: 4608, Diff: 4608, Sum: 11107, Workers: 4
[481.708s][debug][gc,phases      ] GC(44)   JNI Weak                       Min:  0.0, Avg:  0.0, Max:  0.0, Diff:  0.0, Sum:  0.0, Workers: 4
[481.708s][debug][gc,phases      ] GC(44)     Dead                           Min: 0, Avg:  0.0, Max: 0, Diff: 0, Sum: 0, Workers: 4
[481.708s][debug][gc,phases      ] GC(44)     Total                          Min: 0, Avg: 12.0, Max: 48, Diff: 48, Sum: 48, Workers: 4
[481.708s][debug][gc,phases      ] GC(44)   StringDedup Table Weak         Min:  0.0, Avg:  0.0, Max:  0.0, Diff:  0.0, Sum:  0.0, Workers: 4
[481.708s][debug][gc,phases      ] GC(44)     Dead                           Min: 0, Avg:  0.0, Max: 0, Diff: 0, Sum: 0, Workers: 4
[481.708s][debug][gc,phases      ] GC(44)     Total                          Min: 0, Avg:  0.0, Max: 0, Diff: 0, Sum: 0, Workers: 4
[481.708s][debug][gc,phases      ] GC(44)   StringDedup Requests0 Weak     Min:  0.0, Avg:  0.0, Max:  0.0, Diff:  0.0, Sum:  0.0, Workers: 4
[481.708s][debug][gc,phases      ] GC(44)     Dead                           Min: 0, Avg:  0.0, Max: 0, Diff: 0, Sum: 0, Workers: 4
[481.708s][debug][gc,phases      ] GC(44)     Total                          Min: 0, Avg:  0.0, Max: 0, Diff: 0, Sum: 0, Workers: 4
[481.708s][debug][gc,phases      ] GC(44)   StringDedup Requests1 Weak     Min:  0.0, Avg:  0.0, Max:  0.0, Diff:  0.0, Sum:  0.0, Workers: 4
[481.708s][debug][gc,phases      ] GC(44)     Dead                           Min: 0, Avg:  0.0, Max: 0, Diff: 0, Sum: 0, Workers: 4
[481.708s][debug][gc,phases      ] GC(44)     Total                          Min: 0, Avg:  0.0, Max: 0, Diff: 0, Sum: 0, Workers: 4
[481.708s][debug][gc,phases      ] GC(44)   Weak JFR Old Object Samples    Min:  0.0, Avg:  0.0, Max:  0.0, Diff:  0.0, Sum:  0.0, Workers: 4
[481.708s][debug][gc,phases      ] GC(44)     Dead                           Min: 0, Avg:  0.0, Max: 0, Diff: 0, Sum: 0, Workers: 4
[481.708s][debug][gc,phases      ] GC(44)     Total                          Min: 0, Avg:  0.0, Max: 0, Diff: 0, Sum: 0, Workers: 4
[481.708s][debug][gc,phases      ] GC(44) Weak Processing 0.329ms
[481.708s][debug][gc,age         ] GC(44) Desired survivor size 304611328 bytes, new threshold 15 (max threshold 15)
[481.708s][info ][gc,heap        ] GC(44) PSYoungGen: 1454848K(1780736K)->9728K(1761792K) Eden: 1445376K(1445376K)->0K(1445376K) From: 9472K(335360K)->9728K(316416K)
[481.708s][info ][gc,heap        ] GC(44) ParOldGen: 390140K(478720K)->390256K(478720K)
[481.708s][info ][gc,metaspace   ] GC(44) Metaspace: 88094K(89216K)->88094K(89216K) NonClass: 75236K(75840K)->75236K(75840K) Class: 12858K(13376K)->12858K(13376K)
[481.708s][info ][gc             ] GC(44) Pause Young (Allocation Failure) 1801M->390M(2188M) 7.895ms
[481.708s][info ][gc,cpu         ] GC(44) User=0.02s Sys=0.00s Real=0.01s
[481.708s][info ][safepoint      ] Safepoint "ParallelGCFailedAllocation", Time since last: 528594135 ns, Reaching safepoint: 79099 ns, Cleanup: 3900 ns, At safepoint: 7961157 ns, Total: 8044156 ns
[482.708s][info ][safepoint      ] Safepoint "Cleanup", Time since last: 1000090079 ns, Reaching safepoint: 74000 ns, Cleanup: 11300 ns, At safepoint: 5200 ns, Total: 90500 ns
[483.708s][info ][safepoint      ] Safepoint "Cleanup", Time since last: 1000105979 ns, Reaching safepoint: 72099 ns, Cleanup: 9500 ns, At safepoint: 5100 ns, Total: 86699 ns
[485.708s][info ][safepoint      ] Safepoint "Cleanup", Time since last: 2000169659 ns, Reaching safepoint: 73299 ns, Cleanup: 7900 ns, At safepoint: 5400 ns, Total: 86599 ns
[486.708s][info ][safepoint      ] Safepoint "Cleanup", Time since last: 1000090979 ns, Reaching safepoint: 74300 ns, Cleanup: 21300 ns, At safepoint: 6200 ns, Total: 101800 ns
[488.709s][info ][safepoint      ] Safepoint "Cleanup", Time since last: 2000172623 ns, Reaching safepoint: 75399 ns, Cleanup: 11600 ns, At safepoint: 6900 ns, Total: 93899 ns
[490.709s][info ][safepoint      ] Safepoint "Cleanup", Time since last: 2000164448 ns, Reaching safepoint: 71600 ns, Cleanup: 36200 ns, At safepoint: 5600 ns, Total: 113400 ns
[491.709s][info ][safepoint      ] Safepoint "Cleanup", Time since last: 1000109523 ns, Reaching safepoint: 76000 ns, Cleanup: 11400 ns, At safepoint: 35400 ns, Total: 122800 ns
[493.710s][info ][safepoint      ] Safepoint "Cleanup", Time since last: 2000174847 ns, Reaching safepoint: 72400 ns, Cleanup: 10800 ns, At safepoint: 6100 ns, Total: 89300 ns
[494.710s][info ][safepoint      ] Safepoint "Cleanup", Time since last: 1000114224 ns, Reaching safepoint: 76699 ns, Cleanup: 9600 ns, At safepoint: 6200 ns, Total: 92499 ns
[495.710s][info ][safepoint      ] Safepoint "Cleanup", Time since last: 1000122715 ns, Reaching safepoint: 78999 ns, Cleanup: 11000 ns, At safepoint: 7100 ns, Total: 97099 ns
[496.710s][info ][safepoint      ] Safepoint "Cleanup", Time since last: 1000110603 ns, Reaching safepoint: 78100 ns, Cleanup: 8500 ns, At safepoint: 8500 ns, Total: 95100 ns
[497.710s][info ][safepoint      ] Safepoint "Cleanup", Time since last: 1000111703 ns, Reaching safepoint: 72299 ns, Cleanup: 8100 ns, At safepoint: 5800 ns, Total: 86199 ns
[499.399s][info ][gc,start       ] GC(45) Pause Young (Allocation Failure)
[499.406s][debug][gc,phases      ] GC(45) Scavenge 7.020ms
[499.406s][debug][gc,ref         ] GC(45) Skipped phase 1 of Reference Processing: no references
[499.406s][debug][gc,ref         ] GC(45) ReferenceProcessor::execute queues: 1, RefProcThreadModel::Single, marks_oops_alive: false
[499.406s][debug][gc,ref         ] GC(45) Skipped phase 3 of Reference Processing: no references
[499.406s][debug][gc,ref         ] GC(45) ReferenceProcessor::execute queues: 1, RefProcThreadModel::Single, marks_oops_alive: false
[499.406s][debug][gc,phases      ] GC(45) Reference Processing 0.112ms
[499.406s][debug][gc,phases      ] GC(45)   VM Weak                        Min:  0.0, Avg:  0.0, Max:  0.0, Diff:  0.0, Sum:  0.0, Workers: 4
[499.406s][debug][gc,phases      ] GC(45)     Dead                           Min: 0, Avg:  0.0, Max: 0, Diff: 0, Sum: 0, Workers: 4
[499.406s][debug][gc,phases      ] GC(45)     Total                          Min: 0, Avg: 234.8, Max: 939, Diff: 939, Sum: 939, Workers: 4
[499.406s][debug][gc,phases      ] GC(45)   ObjectSynchronizer Weak        Min:  0.0, Avg:  0.0, Max:  0.0, Diff:  0.0, Sum:  0.0, Workers: 4
[499.406s][debug][gc,phases      ] GC(45)     Dead                           Min: 0, Avg:  0.0, Max: 0, Diff: 0, Sum: 0, Workers: 4
[499.406s][debug][gc,phases      ] GC(45)     Total                          Min: 0, Avg:  1.5, Max: 6, Diff: 6, Sum: 6, Workers: 4
[499.406s][debug][gc,phases      ] GC(45)   JVMTI Tag Weak OopStorage      Min:  0.0, Avg:  0.0, Max:  0.0, Diff:  0.0, Sum:  0.0, Workers: 4
[499.406s][debug][gc,phases      ] GC(45)     Dead                           Min: 0, Avg:  0.0, Max: 0, Diff: 0, Sum: 0, Workers: 4
[499.406s][debug][gc,phases      ] GC(45)     Total                          Min: 0, Avg:  0.0, Max: 0, Diff: 0, Sum: 0, Workers: 4
[499.406s][debug][gc,phases      ] GC(45)   StringTable Weak               Min:  0.0, Avg:  0.1, Max:  0.1, Diff:  0.1, Sum:  0.4, Workers: 4
[499.406s][debug][gc,phases      ] GC(45)     Dead                           Min: 0, Avg:  0.2, Max: 1, Diff: 1, Sum: 1, Workers: 4
[499.406s][debug][gc,phases      ] GC(45)     Total                          Min: 0, Avg: 11107.8, Max: 16657, Diff: 16657, Sum: 44431, Workers: 4
[499.406s][debug][gc,phases      ] GC(45)   ResolvedMethodTable Weak       Min:  0.0, Avg:  0.0, Max:  0.0, Diff:  0.0, Sum:  0.1, Workers: 4
[499.406s][debug][gc,phases      ] GC(45)     Dead                           Min: 0, Avg:  0.0, Max: 0, Diff: 0, Sum: 0, Workers: 4
[499.406s][debug][gc,phases      ] GC(45)     Total                          Min: 0, Avg: 2778.0, Max: 4544, Diff: 4544, Sum: 11112, Workers: 4
[499.406s][debug][gc,phases      ] GC(45)   JNI Weak                       Min:  0.0, Avg:  0.0, Max:  0.0, Diff:  0.0, Sum:  0.0, Workers: 4
[499.406s][debug][gc,phases      ] GC(45)     Dead                           Min: 0, Avg:  0.0, Max: 0, Diff: 0, Sum: 0, Workers: 4
[499.406s][debug][gc,phases      ] GC(45)     Total                          Min: 0, Avg: 12.0, Max: 48, Diff: 48, Sum: 48, Workers: 4
[499.406s][debug][gc,phases      ] GC(45)   StringDedup Table Weak         Min:  0.0, Avg:  0.0, Max:  0.0, Diff:  0.0, Sum:  0.0, Workers: 4
[499.406s][debug][gc,phases      ] GC(45)     Dead                           Min: 0, Avg:  0.0, Max: 0, Diff: 0, Sum: 0, Workers: 4
[499.406s][debug][gc,phases      ] GC(45)     Total                          Min: 0, Avg:  0.0, Max: 0, Diff: 0, Sum: 0, Workers: 4
[499.406s][debug][gc,phases      ] GC(45)   StringDedup Requests0 Weak     Min:  0.0, Avg:  0.0, Max:  0.0, Diff:  0.0, Sum:  0.0, Workers: 4
[499.406s][debug][gc,phases      ] GC(45)     Dead                           Min: 0, Avg:  0.0, Max: 0, Diff: 0, Sum: 0, Workers: 4
[499.406s][debug][gc,phases      ] GC(45)     Total                          Min: 0, Avg:  0.0, Max: 0, Diff: 0, Sum: 0, Workers: 4
[499.406s][debug][gc,phases      ] GC(45)   StringDedup Requests1 Weak     Min:  0.0, Avg:  0.0, Max:  0.0, Diff:  0.0, Sum:  0.0, Workers: 4
[499.406s][debug][gc,phases      ] GC(45)     Dead                           Min: 0, Avg:  0.0, Max: 0, Diff: 0, Sum: 0, Workers: 4
[499.406s][debug][gc,phases      ] GC(45)     Total                          Min: 0, Avg:  0.0, Max: 0, Diff: 0, Sum: 0, Workers: 4
[499.406s][debug][gc,phases      ] GC(45)   Weak JFR Old Object Samples    Min:  0.0, Avg:  0.0, Max:  0.0, Diff:  0.0, Sum:  0.0, Workers: 4
[499.406s][debug][gc,phases      ] GC(45)     Dead                           Min: 0, Avg:  0.0, Max: 0, Diff: 0, Sum: 0, Workers: 4
[499.406s][debug][gc,phases      ] GC(45)     Total                          Min: 0, Avg:  0.0, Max: 0, Diff: 0, Sum: 0, Workers: 4
[499.406s][debug][gc,phases      ] GC(45) Weak Processing 0.336ms
[499.406s][debug][gc,age         ] GC(45) Desired survivor size 286261248 bytes, new threshold 15 (max threshold 15)
[499.406s][info ][gc,heap        ] GC(45) PSYoungGen: 1455104K(1761792K)->10576K(1817600K) Eden: 1445376K(1445376K)->0K(1520128K) From: 9728K(316416K)->10576K(297472K)
[499.406s][info ][gc,heap        ] GC(45) ParOldGen: 390256K(478720K)->390432K(478720K)
[499.406s][info ][gc,metaspace   ] GC(45) Metaspace: 88131K(89216K)->88131K(89216K) NonClass: 75269K(75840K)->75269K(75840K) Class: 12862K(13376K)->12862K(13376K)
[499.406s][info ][gc             ] GC(45) Pause Young (Allocation Failure) 1802M->391M(2242M) 7.589ms
[499.406s][info ][gc,cpu         ] GC(45) User=0.03s Sys=0.00s Real=0.01s
[499.406s][info ][safepoint      ] Safepoint "ParallelGCFailedAllocation", Time since last: 1688346689 ns, Reaching safepoint: 4400 ns, Cleanup: 3400 ns, At safepoint: 7649859 ns, Total: 7657659 ns
[502.407s][info ][safepoint      ] Safepoint "Cleanup", Time since last: 3000246509 ns, Reaching safepoint: 78700 ns, Cleanup: 11600 ns, At safepoint: 6100 ns, Total: 96400 ns
[510.407s][info ][safepoint      ] Safepoint "Cleanup", Time since last: 8000533409 ns, Reaching safepoint: 73800 ns, Cleanup: 12400 ns, At safepoint: 6600 ns, Total: 92800 ns
[513.408s][info ][safepoint      ] Safepoint "Cleanup", Time since last: 3000230487 ns, Reaching safepoint: 77200 ns, Cleanup: 10399 ns, At safepoint: 6800 ns, Total: 94399 ns
[514.408s][info ][safepoint      ] Safepoint "Cleanup", Time since last: 1000105735 ns, Reaching safepoint: 72300 ns, Cleanup: 11000 ns, At safepoint: 5200 ns, Total: 88500 ns
[518.500s][info ][gc,start       ] GC(46) Pause Young (Allocation Failure)
[518.508s][debug][gc,phases      ] GC(46) Scavenge 8.050ms
[518.508s][debug][gc,ref         ] GC(46) Skipped phase 1 of Reference Processing: no references
[518.508s][debug][gc,ref         ] GC(46) ReferenceProcessor::execute queues: 1, RefProcThreadModel::Single, marks_oops_alive: false
[518.508s][debug][gc,ref         ] GC(46) Skipped phase 3 of Reference Processing: no references
[518.508s][debug][gc,ref         ] GC(46) ReferenceProcessor::execute queues: 1, RefProcThreadModel::Single, marks_oops_alive: false
[518.508s][debug][gc,phases      ] GC(46) Reference Processing 0.098ms
[518.508s][debug][gc,phases      ] GC(46)   VM Weak                        Min:  0.0, Avg:  0.0, Max:  0.0, Diff:  0.0, Sum:  0.0, Workers: 4
[518.508s][debug][gc,phases      ] GC(46)     Dead                           Min: 0, Avg:  0.0, Max: 0, Diff: 0, Sum: 0, Workers: 4
[518.508s][debug][gc,phases      ] GC(46)     Total                          Min: 0, Avg: 234.8, Max: 512, Diff: 512, Sum: 939, Workers: 4
[518.508s][debug][gc,phases      ] GC(46)   ObjectSynchronizer Weak        Min:  0.0, Avg:  0.0, Max:  0.0, Diff:  0.0, Sum:  0.0, Workers: 4
[518.508s][debug][gc,phases      ] GC(46)     Dead                           Min: 0, Avg:  0.0, Max: 0, Diff: 0, Sum: 0, Workers: 4
[518.508s][debug][gc,phases      ] GC(46)     Total                          Min: 0, Avg:  1.5, Max: 6, Diff: 6, Sum: 6, Workers: 4
[518.508s][debug][gc,phases      ] GC(46)   JVMTI Tag Weak OopStorage      Min:  0.0, Avg:  0.0, Max:  0.0, Diff:  0.0, Sum:  0.0, Workers: 4
[518.508s][debug][gc,phases      ] GC(46)     Dead                           Min: 0, Avg:  0.0, Max: 0, Diff: 0, Sum: 0, Workers: 4
[518.508s][debug][gc,phases      ] GC(46)     Total                          Min: 0, Avg:  0.0, Max: 0, Diff: 0, Sum: 0, Workers: 4
[518.508s][debug][gc,phases      ] GC(46)   StringTable Weak               Min:  0.0, Avg:  0.1, Max:  0.1, Diff:  0.1, Sum:  0.4, Workers: 4
[518.508s][debug][gc,phases      ] GC(46)     Dead                           Min: 0, Avg:  0.0, Max: 0, Diff: 0, Sum: 0, Workers: 4
[518.508s][debug][gc,phases      ] GC(46)     Total                          Min: 0, Avg: 11107.8, Max: 18831, Diff: 18831, Sum: 44431, Workers: 4
[518.508s][debug][gc,phases      ] GC(46)   ResolvedMethodTable Weak       Min:  0.0, Avg:  0.0, Max:  0.0, Diff:  0.0, Sum:  0.1, Workers: 4
[518.508s][debug][gc,phases      ] GC(46)     Dead                           Min: 0, Avg:  0.0, Max: 0, Diff: 0, Sum: 0, Workers: 4
[518.508s][debug][gc,phases      ] GC(46)     Total                          Min: 0, Avg: 2778.0, Max: 4032, Diff: 4032, Sum: 11112, Workers: 4
[518.508s][debug][gc,phases      ] GC(46)   JNI Weak                       Min:  0.0, Avg:  0.0, Max:  0.0, Diff:  0.0, Sum:  0.0, Workers: 4
[518.508s][debug][gc,phases      ] GC(46)     Dead                           Min: 0, Avg:  0.0, Max: 0, Diff: 0, Sum: 0, Workers: 4
[518.508s][debug][gc,phases      ] GC(46)     Total                          Min: 0, Avg: 12.0, Max: 48, Diff: 48, Sum: 48, Workers: 4
[518.508s][debug][gc,phases      ] GC(46)   StringDedup Table Weak         Min:  0.0, Avg:  0.0, Max:  0.0, Diff:  0.0, Sum:  0.0, Workers: 4
[518.508s][debug][gc,phases      ] GC(46)     Dead                           Min: 0, Avg:  0.0, Max: 0, Diff: 0, Sum: 0, Workers: 4
[518.508s][debug][gc,phases      ] GC(46)     Total                          Min: 0, Avg:  0.0, Max: 0, Diff: 0, Sum: 0, Workers: 4
[518.508s][debug][gc,phases      ] GC(46)   StringDedup Requests0 Weak     Min:  0.0, Avg:  0.0, Max:  0.0, Diff:  0.0, Sum:  0.0, Workers: 4
[518.508s][debug][gc,phases      ] GC(46)     Dead                           Min: 0, Avg:  0.0, Max: 0, Diff: 0, Sum: 0, Workers: 4
[518.508s][debug][gc,phases      ] GC(46)     Total                          Min: 0, Avg:  0.0, Max: 0, Diff: 0, Sum: 0, Workers: 4
[518.508s][debug][gc,phases      ] GC(46)   StringDedup Requests1 Weak     Min:  0.0, Avg:  0.0, Max:  0.0, Diff:  0.0, Sum:  0.0, Workers: 4
[518.508s][debug][gc,phases      ] GC(46)     Dead                           Min: 0, Avg:  0.0, Max: 0, Diff: 0, Sum: 0, Workers: 4
[518.508s][debug][gc,phases      ] GC(46)     Total                          Min: 0, Avg:  0.0, Max: 0, Diff: 0, Sum: 0, Workers: 4
[518.508s][debug][gc,phases      ] GC(46)   Weak JFR Old Object Samples    Min:  0.0, Avg:  0.0, Max:  0.0, Diff:  0.0, Sum:  0.0, Workers: 4
[518.508s][debug][gc,phases      ] GC(46)     Dead                           Min: 0, Avg:  0.0, Max: 0, Diff: 0, Sum: 0, Workers: 4
[518.508s][debug][gc,phases      ] GC(46)     Total                          Min: 0, Avg:  0.0, Max: 0, Diff: 0, Sum: 0, Workers: 4
[518.508s][debug][gc,phases      ] GC(46) Weak Processing 0.362ms
[518.508s][debug][gc,age         ] GC(46) Desired survivor size 268435456 bytes, new threshold 15 (max threshold 15)
[518.509s][info ][gc,heap        ] GC(46) PSYoungGen: 1530704K(1817600K)->10848K(1799680K) Eden: 1520128K(1520128K)->0K(1520128K) From: 10576K(297472K)->10848K(279552K)
[518.509s][info ][gc,heap        ] GC(46) ParOldGen: 390432K(478720K)->390532K(478720K)
[518.509s][info ][gc,metaspace   ] GC(46) Metaspace: 88136K(89216K)->88136K(89216K) NonClass: 75273K(75840K)->75273K(75840K) Class: 12862K(13376K)->12862K(13376K)
[518.509s][info ][gc             ] GC(46) Pause Young (Allocation Failure) 1876M->391M(2225M) 8.604ms
[518.509s][info ][gc,cpu         ] GC(46) User=0.03s Sys=0.00s Real=0.01s
[518.509s][info ][safepoint      ] Safepoint "ParallelGCFailedAllocation", Time since last: 4091981948 ns, Reaching safepoint: 77599 ns, Cleanup: 3800 ns, At safepoint: 8672654 ns, Total: 8754053 ns
[521.509s][info ][safepoint      ] Safepoint "Cleanup", Time since last: 3000256537 ns, Reaching safepoint: 78600 ns, Cleanup: 11800 ns, At safepoint: 6100 ns, Total: 96500 ns
[522.509s][info ][safepoint      ] Safepoint "Cleanup", Time since last: 1000108059 ns, Reaching safepoint: 81200 ns, Cleanup: 11000 ns, At safepoint: 6400 ns, Total: 98600 ns
[523.509s][info ][safepoint      ] Safepoint "Cleanup", Time since last: 1000099959 ns, Reaching safepoint: 67400 ns, Cleanup: 10000 ns, At safepoint: 5800 ns, Total: 83200 ns
[524.510s][info ][safepoint      ] Safepoint "Cleanup", Time since last: 1000114760 ns, Reaching safepoint: 76299 ns, Cleanup: 9200 ns, At safepoint: 6800 ns, Total: 92299 ns
[530.510s][info ][safepoint      ] Safepoint "Cleanup", Time since last: 6000488822 ns, Reaching safepoint: 77699 ns, Cleanup: 11700 ns, At safepoint: 6600 ns, Total: 95999 ns
[534.511s][info ][safepoint      ] Safepoint "Cleanup", Time since last: 4000333814 ns, Reaching safepoint: 55300 ns, Cleanup: 9100 ns, At safepoint: 9300 ns, Total: 73700 ns
[535.511s][info ][safepoint      ] Safepoint "Cleanup", Time since last: 1000119392 ns, Reaching safepoint: 83599 ns, Cleanup: 10400 ns, At safepoint: 5700 ns, Total: 99699 ns
[537.501s][info ][gc,start       ] GC(47) Pause Young (Allocation Failure)
[537.508s][debug][gc,phases      ] GC(47) Scavenge 6.803ms
[537.508s][debug][gc,ref         ] GC(47) Skipped phase 1 of Reference Processing: no references
[537.508s][debug][gc,ref         ] GC(47) ReferenceProcessor::execute queues: 1, RefProcThreadModel::Single, marks_oops_alive: false
[537.508s][debug][gc,ref         ] GC(47) Skipped phase 3 of Reference Processing: no references
[537.508s][debug][gc,ref         ] GC(47) ReferenceProcessor::execute queues: 1, RefProcThreadModel::Single, marks_oops_alive: false
[537.508s][debug][gc,phases      ] GC(47) Reference Processing 0.082ms
[537.508s][debug][gc,phases      ] GC(47)   VM Weak                        Min:  0.0, Avg:  0.0, Max:  0.0, Diff:  0.0, Sum:  0.0, Workers: 4
[537.508s][debug][gc,phases      ] GC(47)     Dead                           Min: 0, Avg:  0.0, Max: 0, Diff: 0, Sum: 0, Workers: 4
[537.508s][debug][gc,phases      ] GC(47)     Total                          Min: 0, Avg: 234.8, Max: 939, Diff: 939, Sum: 939, Workers: 4
[537.508s][debug][gc,phases      ] GC(47)   ObjectSynchronizer Weak        Min:  0.0, Avg:  0.0, Max:  0.0, Diff:  0.0, Sum:  0.0, Workers: 4
[537.508s][debug][gc,phases      ] GC(47)     Dead                           Min: 0, Avg:  0.0, Max: 0, Diff: 0, Sum: 0, Workers: 4
[537.508s][debug][gc,phases      ] GC(47)     Total                          Min: 0, Avg:  1.5, Max: 6, Diff: 6, Sum: 6, Workers: 4
[537.508s][debug][gc,phases      ] GC(47)   JVMTI Tag Weak OopStorage      Min:  0.0, Avg:  0.0, Max:  0.0, Diff:  0.0, Sum:  0.0, Workers: 4
[537.508s][debug][gc,phases      ] GC(47)     Dead                           Min: 0, Avg:  0.0, Max: 0, Diff: 0, Sum: 0, Workers: 4
[537.508s][debug][gc,phases      ] GC(47)     Total                          Min: 0, Avg:  0.0, Max: 0, Diff: 0, Sum: 0, Workers: 4
[537.508s][debug][gc,phases      ] GC(47)   StringTable Weak               Min:  0.0, Avg:  0.1, Max:  0.1, Diff:  0.1, Sum:  0.4, Workers: 4
[537.508s][debug][gc,phases      ] GC(47)     Dead                           Min: 0, Avg:  0.0, Max: 0, Diff: 0, Sum: 0, Workers: 4
[537.508s][debug][gc,phases      ] GC(47)     Total                          Min: 0, Avg: 11108.2, Max: 18771, Diff: 18771, Sum: 44433, Workers: 4
[537.508s][debug][gc,phases      ] GC(47)   ResolvedMethodTable Weak       Min:  0.0, Avg:  0.0, Max:  0.0, Diff:  0.0, Sum:  0.1, Workers: 4
[537.508s][debug][gc,phases      ] GC(47)     Dead                           Min: 0, Avg:  0.0, Max: 0, Diff: 0, Sum: 0, Workers: 4
[537.508s][debug][gc,phases      ] GC(47)     Total                          Min: 0, Avg: 2778.0, Max: 4864, Diff: 4864, Sum: 11112, Workers: 4
[537.508s][debug][gc,phases      ] GC(47)   JNI Weak                       Min:  0.0, Avg:  0.0, Max:  0.0, Diff:  0.0, Sum:  0.0, Workers: 4
[537.508s][debug][gc,phases      ] GC(47)     Dead                           Min: 0, Avg:  0.0, Max: 0, Diff: 0, Sum: 0, Workers: 4
[537.508s][debug][gc,phases      ] GC(47)     Total                          Min: 0, Avg: 12.0, Max: 48, Diff: 48, Sum: 48, Workers: 4
[537.508s][debug][gc,phases      ] GC(47)   StringDedup Table Weak         Min:  0.0, Avg:  0.0, Max:  0.0, Diff:  0.0, Sum:  0.0, Workers: 4
[537.508s][debug][gc,phases      ] GC(47)     Dead                           Min: 0, Avg:  0.0, Max: 0, Diff: 0, Sum: 0, Workers: 4
[537.508s][debug][gc,phases      ] GC(47)     Total                          Min: 0, Avg:  0.0, Max: 0, Diff: 0, Sum: 0, Workers: 4
[537.508s][debug][gc,phases      ] GC(47)   StringDedup Requests0 Weak     Min:  0.0, Avg:  0.0, Max:  0.0, Diff:  0.0, Sum:  0.0, Workers: 4
[537.508s][debug][gc,phases      ] GC(47)     Dead                           Min: 0, Avg:  0.0, Max: 0, Diff: 0, Sum: 0, Workers: 4
[537.508s][debug][gc,phases      ] GC(47)     Total                          Min: 0, Avg:  0.0, Max: 0, Diff: 0, Sum: 0, Workers: 4
[537.508s][debug][gc,phases      ] GC(47)   StringDedup Requests1 Weak     Min:  0.0, Avg:  0.0, Max:  0.0, Diff:  0.0, Sum:  0.0, Workers: 4
[537.508s][debug][gc,phases      ] GC(47)     Dead                           Min: 0, Avg:  0.0, Max: 0, Diff: 0, Sum: 0, Workers: 4
[537.508s][debug][gc,phases      ] GC(47)     Total                          Min: 0, Avg:  0.0, Max: 0, Diff: 0, Sum: 0, Workers: 4
[537.508s][debug][gc,phases      ] GC(47)   Weak JFR Old Object Samples    Min:  0.0, Avg:  0.0, Max:  0.0, Diff:  0.0, Sum:  0.0, Workers: 4
[537.508s][debug][gc,phases      ] GC(47)     Dead                           Min: 0, Avg:  0.0, Max: 0, Diff: 0, Sum: 0, Workers: 4
[537.508s][debug][gc,phases      ] GC(47)     Total                          Min: 0, Avg:  0.0, Max: 0, Diff: 0, Sum: 0, Workers: 4
[537.508s][debug][gc,phases      ] GC(47) Weak Processing 0.324ms
[537.508s][debug][gc,age         ] GC(47) Desired survivor size 251658240 bytes, new threshold 15 (max threshold 15)
[537.508s][info ][gc,heap        ] GC(47) PSYoungGen: 1530976K(1799680K)->11376K(1851392K) Eden: 1520128K(1520128K)->0K(1589248K) From: 10848K(279552K)->11376K(262144K)
[537.508s][info ][gc,heap        ] GC(47) ParOldGen: 390532K(478720K)->390596K(478720K)
[537.508s][info ][gc,metaspace   ] GC(47) Metaspace: 88158K(89280K)->88158K(89280K) NonClass: 75295K(75904K)->75295K(75904K) Class: 12862K(13376K)->12862K(13376K)
[537.508s][info ][gc             ] GC(47) Pause Young (Allocation Failure) 1876M->392M(2275M) 7.326ms
[537.508s][info ][gc,cpu         ] GC(47) User=0.02s Sys=0.00s Real=0.01s
[537.508s][info ][safepoint      ] Safepoint "ParallelGCFailedAllocation", Time since last: 1989905656 ns, Reaching safepoint: 73400 ns, Cleanup: 11300 ns, At safepoint: 7388260 ns, Total: 7472960 ns
[540.186s][info ][safepoint      ] Safepoint "Cleanup", Time since last: 2677962076 ns, Reaching safepoint: 2400 ns, Cleanup: 8700 ns, At safepoint: 5200 ns, Total: 16300 ns
[541.186s][info ][safepoint      ] Safepoint "Cleanup", Time since last: 1000121350 ns, Reaching safepoint: 5500 ns, Cleanup: 10900 ns, At safepoint: 2600 ns, Total: 19000 ns
[542.186s][info ][safepoint      ] Safepoint "Cleanup", Time since last: 1000057850 ns, Reaching safepoint: 5200 ns, Cleanup: 10100 ns, At safepoint: 6500 ns, Total: 21800 ns
[545.187s][info ][safepoint      ] Safepoint "Cleanup", Time since last: 3000199071 ns, Reaching safepoint: 4300 ns, Cleanup: 8700 ns, At safepoint: 1800 ns, Total: 14800 ns
[546.187s][info ][safepoint      ] Safepoint "Cleanup", Time since last: 1000101914 ns, Reaching safepoint: 4600 ns, Cleanup: 10100 ns, At safepoint: 1800 ns, Total: 16500 ns
[549.187s][info ][safepoint      ] Safepoint "Cleanup", Time since last: 3000226741 ns, Reaching safepoint: 4700 ns, Cleanup: 10600 ns, At safepoint: 1900 ns, Total: 17200 ns
[550.187s][info ][safepoint      ] Safepoint "Cleanup", Time since last: 1000101614 ns, Reaching safepoint: 4799 ns, Cleanup: 8800 ns, At safepoint: 1600 ns, Total: 15199 ns
[554.187s][info ][safepoint      ] Safepoint "Cleanup", Time since last: 4000284258 ns, Reaching safepoint: 4100 ns, Cleanup: 14800 ns, At safepoint: 1700 ns, Total: 20600 ns
[557.188s][info ][safepoint      ] Safepoint "Cleanup", Time since last: 3000224343 ns, Reaching safepoint: 4600 ns, Cleanup: 48300 ns, At safepoint: 1900 ns, Total: 54800 ns
[558.188s][info ][safepoint      ] Safepoint "Cleanup", Time since last: 1000103315 ns, Reaching safepoint: 3900 ns, Cleanup: 27499 ns, At safepoint: 2500 ns, Total: 33899 ns
[559.206s][info ][gc,start       ] GC(48) Pause Young (Allocation Failure)
[559.214s][debug][gc,phases      ] GC(48) Scavenge 7.630ms
[559.214s][debug][gc,ref         ] GC(48) Skipped phase 1 of Reference Processing: no references
[559.214s][debug][gc,ref         ] GC(48) ReferenceProcessor::execute queues: 1, RefProcThreadModel::Single, marks_oops_alive: false
[559.214s][debug][gc,ref         ] GC(48) Skipped phase 3 of Reference Processing: no references
[559.214s][debug][gc,ref         ] GC(48) ReferenceProcessor::execute queues: 1, RefProcThreadModel::Single, marks_oops_alive: false
[559.214s][debug][gc,phases      ] GC(48) Reference Processing 0.110ms
[559.214s][debug][gc,phases      ] GC(48)   VM Weak                        Min:  0.0, Avg:  0.0, Max:  0.0, Diff:  0.0, Sum:  0.0, Workers: 4
[559.214s][debug][gc,phases      ] GC(48)     Dead                           Min: 0, Avg:  0.0, Max: 0, Diff: 0, Sum: 0, Workers: 4
[559.214s][debug][gc,phases      ] GC(48)     Total                          Min: 0, Avg: 234.8, Max: 512, Diff: 512, Sum: 939, Workers: 4
[559.214s][debug][gc,phases      ] GC(48)   ObjectSynchronizer Weak        Min:  0.0, Avg:  0.0, Max:  0.0, Diff:  0.0, Sum:  0.0, Workers: 4
[559.214s][debug][gc,phases      ] GC(48)     Dead                           Min: 0, Avg:  0.0, Max: 0, Diff: 0, Sum: 0, Workers: 4
[559.214s][debug][gc,phases      ] GC(48)     Total                          Min: 0, Avg:  1.5, Max: 6, Diff: 6, Sum: 6, Workers: 4
[559.214s][debug][gc,phases      ] GC(48)   JVMTI Tag Weak OopStorage      Min:  0.0, Avg:  0.0, Max:  0.0, Diff:  0.0, Sum:  0.0, Workers: 4
[559.214s][debug][gc,phases      ] GC(48)     Dead                           Min: 0, Avg:  0.0, Max: 0, Diff: 0, Sum: 0, Workers: 4
[559.214s][debug][gc,phases      ] GC(48)     Total                          Min: 0, Avg:  0.0, Max: 0, Diff: 0, Sum: 0, Workers: 4
[559.214s][debug][gc,phases      ] GC(48)   StringTable Weak               Min:  0.0, Avg:  0.1, Max:  0.2, Diff:  0.2, Sum:  0.3, Workers: 4
[559.214s][debug][gc,phases      ] GC(48)     Dead                           Min: 0, Avg:  0.0, Max: 0, Diff: 0, Sum: 0, Workers: 4
[559.214s][debug][gc,phases      ] GC(48)     Total                          Min: 0, Avg: 11108.5, Max: 27646, Diff: 27646, Sum: 44434, Workers: 4
[559.214s][debug][gc,phases      ] GC(48)   ResolvedMethodTable Weak       Min:  0.0, Avg:  0.0, Max:  0.0, Diff:  0.0, Sum:  0.1, Workers: 4
[559.214s][debug][gc,phases      ] GC(48)     Dead                           Min: 0, Avg:  0.0, Max: 0, Diff: 0, Sum: 0, Workers: 4
[559.214s][debug][gc,phases      ] GC(48)     Total                          Min: 0, Avg: 2778.0, Max: 6760, Diff: 6760, Sum: 11112, Workers: 4
[559.214s][debug][gc,phases      ] GC(48)   JNI Weak                       Min:  0.0, Avg:  0.0, Max:  0.0, Diff:  0.0, Sum:  0.0, Workers: 4
[559.214s][debug][gc,phases      ] GC(48)     Dead                           Min: 0, Avg:  0.0, Max: 0, Diff: 0, Sum: 0, Workers: 4
[559.214s][debug][gc,phases      ] GC(48)     Total                          Min: 0, Avg: 12.0, Max: 48, Diff: 48, Sum: 48, Workers: 4
[559.214s][debug][gc,phases      ] GC(48)   StringDedup Table Weak         Min:  0.0, Avg:  0.0, Max:  0.0, Diff:  0.0, Sum:  0.0, Workers: 4
[559.214s][debug][gc,phases      ] GC(48)     Dead                           Min: 0, Avg:  0.0, Max: 0, Diff: 0, Sum: 0, Workers: 4
[559.214s][debug][gc,phases      ] GC(48)     Total                          Min: 0, Avg:  0.0, Max: 0, Diff: 0, Sum: 0, Workers: 4
[559.214s][debug][gc,phases      ] GC(48)   StringDedup Requests0 Weak     Min:  0.0, Avg:  0.0, Max:  0.0, Diff:  0.0, Sum:  0.0, Workers: 4
[559.214s][debug][gc,phases      ] GC(48)     Dead                           Min: 0, Avg:  0.0, Max: 0, Diff: 0, Sum: 0, Workers: 4
[559.214s][debug][gc,phases      ] GC(48)     Total                          Min: 0, Avg:  0.0, Max: 0, Diff: 0, Sum: 0, Workers: 4
[559.214s][debug][gc,phases      ] GC(48)   StringDedup Requests1 Weak     Min:  0.0, Avg:  0.0, Max:  0.0, Diff:  0.0, Sum:  0.0, Workers: 4
[559.214s][debug][gc,phases      ] GC(48)     Dead                           Min: 0, Avg:  0.0, Max: 0, Diff: 0, Sum: 0, Workers: 4
[559.214s][debug][gc,phases      ] GC(48)     Total                          Min: 0, Avg:  0.0, Max: 0, Diff: 0, Sum: 0, Workers: 4
[559.214s][debug][gc,phases      ] GC(48)   Weak JFR Old Object Samples    Min:  0.0, Avg:  0.0, Max:  0.0, Diff:  0.0, Sum:  0.0, Workers: 4
[559.214s][debug][gc,phases      ] GC(48)     Dead                           Min: 0, Avg:  0.0, Max: 0, Diff: 0, Sum: 0, Workers: 4
[559.214s][debug][gc,phases      ] GC(48)     Total                          Min: 0, Avg:  0.0, Max: 0, Diff: 0, Sum: 0, Workers: 4
[559.214s][debug][gc,phases      ] GC(48) Weak Processing 0.375ms
[559.214s][debug][gc,age         ] GC(48) Desired survivor size 235405312 bytes, new threshold 15 (max threshold 15)
[559.214s][info ][gc,heap        ] GC(48) PSYoungGen: 1600624K(1851392K)->11712K(1835008K) Eden: 1589248K(1589248K)->0K(1589248K) From: 11376K(262144K)->11712K(245760K)
[559.214s][info ][gc,heap        ] GC(48) ParOldGen: 390596K(478720K)->390732K(478720K)
[559.214s][info ][gc,metaspace   ] GC(48) Metaspace: 88175K(89280K)->88175K(89280K) NonClass: 75312K(75904K)->75312K(75904K) Class: 12862K(13376K)->12862K(13376K)
[559.214s][info ][gc             ] GC(48) Pause Young (Allocation Failure) 1944M->393M(2259M) 8.228ms
[559.214s][info ][gc,cpu         ] GC(48) User=0.03s Sys=0.00s Real=0.00s
[559.214s][info ][safepoint      ] Safepoint "ParallelGCFailedAllocation", Time since last: 1018363218 ns, Reaching safepoint: 4400 ns, Cleanup: 3700 ns, At safepoint: 8299556 ns, Total: 8307656 ns
[565.215s][info ][safepoint      ] Safepoint "Cleanup", Time since last: 6000430692 ns, Reaching safepoint: 6900 ns, Cleanup: 16800 ns, At safepoint: 6800 ns, Total: 30500 ns
[568.215s][info ][safepoint      ] Safepoint "Cleanup", Time since last: 3000243495 ns, Reaching safepoint: 4800 ns, Cleanup: 9400 ns, At safepoint: 1900 ns, Total: 16100 ns
[570.215s][info ][safepoint      ] Safepoint "Cleanup", Time since last: 2000174599 ns, Reaching safepoint: 4600 ns, Cleanup: 10900 ns, At safepoint: 2000 ns, Total: 17500 ns
[571.215s][info ][safepoint      ] Safepoint "Cleanup", Time since last: 1000106299 ns, Reaching safepoint: 4800 ns, Cleanup: 12500 ns, At safepoint: 1900 ns, Total: 19200 ns
[580.800s][info ][gc,start       ] GC(49) Pause Young (Allocation Failure)
[580.808s][debug][gc,phases      ] GC(49) Scavenge 8.670ms
[580.808s][debug][gc,ref         ] GC(49) Skipped phase 1 of Reference Processing: no references
[580.808s][debug][gc,ref         ] GC(49) ReferenceProcessor::execute queues: 1, RefProcThreadModel::Single, marks_oops_alive: false
[580.808s][debug][gc,ref         ] GC(49) Skipped phase 3 of Reference Processing: no references
[580.808s][debug][gc,ref         ] GC(49) ReferenceProcessor::execute queues: 1, RefProcThreadModel::Single, marks_oops_alive: false
[580.808s][debug][gc,phases      ] GC(49) Reference Processing 0.101ms
[580.809s][debug][gc,phases      ] GC(49)   VM Weak                        Min:  0.0, Avg:  0.0, Max:  0.0, Diff:  0.0, Sum:  0.0, Workers: 4
[580.809s][debug][gc,phases      ] GC(49)     Dead                           Min: 0, Avg:  0.0, Max: 0, Diff: 0, Sum: 0, Workers: 4
[580.809s][debug][gc,phases      ] GC(49)     Total                          Min: 0, Avg: 234.8, Max: 619, Diff: 619, Sum: 939, Workers: 4
[580.809s][debug][gc,phases      ] GC(49)   ObjectSynchronizer Weak        Min:  0.0, Avg:  0.0, Max:  0.0, Diff:  0.0, Sum:  0.0, Workers: 4
[580.809s][debug][gc,phases      ] GC(49)     Dead                           Min: 0, Avg:  0.0, Max: 0, Diff: 0, Sum: 0, Workers: 4
[580.809s][debug][gc,phases      ] GC(49)     Total                          Min: 0, Avg:  1.5, Max: 6, Diff: 6, Sum: 6, Workers: 4
[580.809s][debug][gc,phases      ] GC(49)   JVMTI Tag Weak OopStorage      Min:  0.0, Avg:  0.0, Max:  0.0, Diff:  0.0, Sum:  0.0, Workers: 4
[580.809s][debug][gc,phases      ] GC(49)     Dead                           Min: 0, Avg:  0.0, Max: 0, Diff: 0, Sum: 0, Workers: 4
[580.809s][debug][gc,phases      ] GC(49)     Total                          Min: 0, Avg:  0.0, Max: 0, Diff: 0, Sum: 0, Workers: 4
[580.809s][debug][gc,phases      ] GC(49)   StringTable Weak               Min:  0.0, Avg:  0.1, Max:  0.1, Diff:  0.1, Sum:  0.4, Workers: 4
[580.809s][debug][gc,phases      ] GC(49)     Dead                           Min: 0, Avg:  0.0, Max: 0, Diff: 0, Sum: 0, Workers: 4
[580.809s][debug][gc,phases      ] GC(49)     Total                          Min: 0, Avg: 11110.0, Max: 19328, Diff: 19328, Sum: 44440, Workers: 4
[580.809s][debug][gc,phases      ] GC(49)   ResolvedMethodTable Weak       Min:  0.0, Avg:  0.0, Max:  0.0, Diff:  0.0, Sum:  0.1, Workers: 4
[580.809s][debug][gc,phases      ] GC(49)     Dead                           Min: 0, Avg:  0.0, Max: 0, Diff: 0, Sum: 0, Workers: 4
[580.809s][debug][gc,phases      ] GC(49)     Total                          Min: 0, Avg: 2778.0, Max: 4800, Diff: 4800, Sum: 11112, Workers: 4
[580.809s][debug][gc,phases      ] GC(49)   JNI Weak                       Min:  0.0, Avg:  0.0, Max:  0.0, Diff:  0.0, Sum:  0.0, Workers: 4
[580.809s][debug][gc,phases      ] GC(49)     Dead                           Min: 0, Avg:  0.0, Max: 0, Diff: 0, Sum: 0, Workers: 4
[580.809s][debug][gc,phases      ] GC(49)     Total                          Min: 0, Avg: 12.0, Max: 48, Diff: 48, Sum: 48, Workers: 4
[580.809s][debug][gc,phases      ] GC(49)   StringDedup Table Weak         Min:  0.0, Avg:  0.0, Max:  0.0, Diff:  0.0, Sum:  0.0, Workers: 4
[580.809s][debug][gc,phases      ] GC(49)     Dead                           Min: 0, Avg:  0.0, Max: 0, Diff: 0, Sum: 0, Workers: 4
[580.809s][debug][gc,phases      ] GC(49)     Total                          Min: 0, Avg:  0.0, Max: 0, Diff: 0, Sum: 0, Workers: 4
[580.809s][debug][gc,phases      ] GC(49)   StringDedup Requests0 Weak     Min:  0.0, Avg:  0.0, Max:  0.0, Diff:  0.0, Sum:  0.0, Workers: 4
[580.809s][debug][gc,phases      ] GC(49)     Dead                           Min: 0, Avg:  0.0, Max: 0, Diff: 0, Sum: 0, Workers: 4
[580.809s][debug][gc,phases      ] GC(49)     Total                          Min: 0, Avg:  0.0, Max: 0, Diff: 0, Sum: 0, Workers: 4
[580.809s][debug][gc,phases      ] GC(49)   StringDedup Requests1 Weak     Min:  0.0, Avg:  0.0, Max:  0.0, Diff:  0.0, Sum:  0.0, Workers: 4
[580.809s][debug][gc,phases      ] GC(49)     Dead                           Min: 0, Avg:  0.0, Max: 0, Diff: 0, Sum: 0, Workers: 4
[580.809s][debug][gc,phases      ] GC(49)     Total                          Min: 0, Avg:  0.0, Max: 0, Diff: 0, Sum: 0, Workers: 4
[580.809s][debug][gc,phases      ] GC(49)   Weak JFR Old Object Samples    Min:  0.0, Avg:  0.0, Max:  0.0, Diff:  0.0, Sum:  0.0, Workers: 4
[580.809s][debug][gc,phases      ] GC(49)     Dead                           Min: 0, Avg:  0.0, Max: 0, Diff: 0, Sum: 0, Workers: 4
[580.809s][debug][gc,phases      ] GC(49)     Total                          Min: 0, Avg:  0.0, Max: 0, Diff: 0, Sum: 0, Workers: 4
[580.809s][debug][gc,phases      ] GC(49) Weak Processing 0.333ms
[580.809s][debug][gc,age         ] GC(49) Desired survivor size 219676672 bytes, new threshold 15 (max threshold 15)
[580.809s][info ][gc,heap        ] GC(49) PSYoungGen: 1600960K(1835008K)->11408K(1882624K) Eden: 1589248K(1589248K)->0K(1652736K) From: 11712K(245760K)->11408K(229888K)
[580.809s][info ][gc,heap        ] GC(49) ParOldGen: 390732K(478720K)->390780K(478720K)
[580.809s][info ][gc,metaspace   ] GC(49) Metaspace: 88190K(89280K)->88190K(89280K) NonClass: 75327K(75904K)->75327K(75904K) Class: 12862K(13376K)->12862K(13376K)
[580.809s][info ][gc             ] GC(49) Pause Young (Allocation Failure) 1945M->392M(2306M) 9.214ms
[580.809s][info ][gc,cpu         ] GC(49) User=0.02s Sys=0.00s Real=0.01s
[580.809s][info ][safepoint      ] Safepoint "ParallelGCFailedAllocation", Time since last: 9584024432 ns, Reaching safepoint: 78600 ns, Cleanup: 3800 ns, At safepoint: 9297452 ns, Total: 9379852 ns
[593.810s][info ][safepoint      ] Safepoint "Cleanup", Time since last: 13000908791 ns, Reaching safepoint: 76699 ns, Cleanup: 8900 ns, At safepoint: 6200 ns, Total: 91799 ns
[594.810s][info ][safepoint      ] Safepoint "Cleanup", Time since last: 1000083237 ns, Reaching safepoint: 73000 ns, Cleanup: 7600 ns, At safepoint: 4800 ns, Total: 85400 ns
[595.810s][info ][safepoint      ] Safepoint "Cleanup", Time since last: 1000123136 ns, Reaching safepoint: 75100 ns, Cleanup: 20200 ns, At safepoint: 6200 ns, Total: 101500 ns
[602.201s][info ][safepoint      ] Safepoint "Cleanup", Time since last: 6390734495 ns, Reaching safepoint: 74800 ns, Cleanup: 8100 ns, At safepoint: 8700 ns, Total: 91600 ns
[602.521s][info ][gc,start       ] GC(50) Pause Young (Allocation Failure)
[602.528s][debug][gc,phases      ] GC(50) Scavenge 6.480ms
[602.528s][debug][gc,ref         ] GC(50) Skipped phase 1 of Reference Processing: no references
[602.528s][debug][gc,ref         ] GC(50) ReferenceProcessor::execute queues: 1, RefProcThreadModel::Single, marks_oops_alive: false
[602.528s][debug][gc,ref         ] GC(50) Skipped phase 3 of Reference Processing: no references
[602.528s][debug][gc,ref         ] GC(50) ReferenceProcessor::execute queues: 1, RefProcThreadModel::Single, marks_oops_alive: false
[602.528s][debug][gc,phases      ] GC(50) Reference Processing 0.090ms
[602.528s][debug][gc,phases      ] GC(50)   VM Weak                        Min:  0.0, Avg:  0.0, Max:  0.0, Diff:  0.0, Sum:  0.0, Workers: 4
[602.528s][debug][gc,phases      ] GC(50)     Dead                           Min: 0, Avg:  0.0, Max: 0, Diff: 0, Sum: 0, Workers: 4
[602.528s][debug][gc,phases      ] GC(50)     Total                          Min: 0, Avg: 234.8, Max: 896, Diff: 896, Sum: 939, Workers: 4
[602.528s][debug][gc,phases      ] GC(50)   ObjectSynchronizer Weak        Min:  0.0, Avg:  0.0, Max:  0.0, Diff:  0.0, Sum:  0.0, Workers: 4
[602.528s][debug][gc,phases      ] GC(50)     Dead                           Min: 0, Avg:  0.0, Max: 0, Diff: 0, Sum: 0, Workers: 4
[602.528s][debug][gc,phases      ] GC(50)     Total                          Min: 0, Avg:  1.2, Max: 5, Diff: 5, Sum: 5, Workers: 4
[602.528s][debug][gc,phases      ] GC(50)   JVMTI Tag Weak OopStorage      Min:  0.0, Avg:  0.0, Max:  0.0, Diff:  0.0, Sum:  0.0, Workers: 4
[602.528s][debug][gc,phases      ] GC(50)     Dead                           Min: 0, Avg:  0.0, Max: 0, Diff: 0, Sum: 0, Workers: 4
[602.528s][debug][gc,phases      ] GC(50)     Total                          Min: 0, Avg:  0.0, Max: 0, Diff: 0, Sum: 0, Workers: 4
[602.528s][debug][gc,phases      ] GC(50)   StringTable Weak               Min:  0.0, Avg:  0.1, Max:  0.1, Diff:  0.1, Sum:  0.4, Workers: 4
[602.528s][debug][gc,phases      ] GC(50)     Dead                           Min: 0, Avg:  0.0, Max: 0, Diff: 0, Sum: 0, Workers: 4
[602.528s][debug][gc,phases      ] GC(50)     Total                          Min: 0, Avg: 11110.0, Max: 18842, Diff: 18842, Sum: 44440, Workers: 4
[602.528s][debug][gc,phases      ] GC(50)   ResolvedMethodTable Weak       Min:  0.0, Avg:  0.0, Max:  0.0, Diff:  0.0, Sum:  0.1, Workers: 4
[602.528s][debug][gc,phases      ] GC(50)     Dead                           Min: 0, Avg:  0.0, Max: 0, Diff: 0, Sum: 0, Workers: 4
[602.528s][debug][gc,phases      ] GC(50)     Total                          Min: 0, Avg: 2778.0, Max: 5056, Diff: 5056, Sum: 11112, Workers: 4
[602.528s][debug][gc,phases      ] GC(50)   JNI Weak                       Min:  0.0, Avg:  0.0, Max:  0.0, Diff:  0.0, Sum:  0.0, Workers: 4
[602.528s][debug][gc,phases      ] GC(50)     Dead                           Min: 0, Avg:  0.0, Max: 0, Diff: 0, Sum: 0, Workers: 4
[602.528s][debug][gc,phases      ] GC(50)     Total                          Min: 0, Avg: 12.0, Max: 48, Diff: 48, Sum: 48, Workers: 4
[602.528s][debug][gc,phases      ] GC(50)   StringDedup Table Weak         Min:  0.0, Avg:  0.0, Max:  0.0, Diff:  0.0, Sum:  0.0, Workers: 4
[602.528s][debug][gc,phases      ] GC(50)     Dead                           Min: 0, Avg:  0.0, Max: 0, Diff: 0, Sum: 0, Workers: 4
[602.528s][debug][gc,phases      ] GC(50)     Total                          Min: 0, Avg:  0.0, Max: 0, Diff: 0, Sum: 0, Workers: 4
[602.528s][debug][gc,phases      ] GC(50)   StringDedup Requests0 Weak     Min:  0.0, Avg:  0.0, Max:  0.0, Diff:  0.0, Sum:  0.0, Workers: 4
[602.528s][debug][gc,phases      ] GC(50)     Dead                           Min: 0, Avg:  0.0, Max: 0, Diff: 0, Sum: 0, Workers: 4
[602.528s][debug][gc,phases      ] GC(50)     Total                          Min: 0, Avg:  0.0, Max: 0, Diff: 0, Sum: 0, Workers: 4
[602.528s][debug][gc,phases      ] GC(50)   StringDedup Requests1 Weak     Min:  0.0, Avg:  0.0, Max:  0.0, Diff:  0.0, Sum:  0.0, Workers: 4
[602.528s][debug][gc,phases      ] GC(50)     Dead                           Min: 0, Avg:  0.0, Max: 0, Diff: 0, Sum: 0, Workers: 4
[602.528s][debug][gc,phases      ] GC(50)     Total                          Min: 0, Avg:  0.0, Max: 0, Diff: 0, Sum: 0, Workers: 4
[602.528s][debug][gc,phases      ] GC(50)   Weak JFR Old Object Samples    Min:  0.0, Avg:  0.0, Max:  0.0, Diff:  0.0, Sum:  0.0, Workers: 4
[602.528s][debug][gc,phases      ] GC(50)     Dead                           Min: 0, Avg:  0.0, Max: 0, Diff: 0, Sum: 0, Workers: 4
[602.528s][debug][gc,phases      ] GC(50)     Total                          Min: 0, Avg:  0.0, Max: 0, Diff: 0, Sum: 0, Workers: 4
[602.528s][debug][gc,phases      ] GC(50) Weak Processing 0.354ms
[602.528s][debug][gc,age         ] GC(50) Desired survivor size 205520896 bytes, new threshold 15 (max threshold 15)
[602.528s][info ][gc,heap        ] GC(50) PSYoungGen: 1664144K(1882624K)->11152K(1867264K) Eden: 1652736K(1652736K)->0K(1652736K) From: 11408K(229888K)->11152K(214528K)
[602.528s][info ][gc,heap        ] GC(50) ParOldGen: 390780K(478720K)->390928K(478720K)
[602.528s][info ][gc,metaspace   ] GC(50) Metaspace: 88196K(89280K)->88196K(89280K) NonClass: 75333K(75904K)->75333K(75904K) Class: 12862K(13376K)->12862K(13376K)
[602.528s][info ][gc             ] GC(50) Pause Young (Allocation Failure) 2006M->392M(2291M) 7.014ms
[602.528s][info ][gc,cpu         ] GC(50) User=0.03s Sys=0.00s Real=0.01s
[602.528s][info ][safepoint      ] Safepoint "ParallelGCFailedAllocation", Time since last: 320132796 ns, Reaching safepoint: 74599 ns, Cleanup: 4000 ns, At safepoint: 7072663 ns, Total: 7151262 ns
[607.529s][info ][safepoint      ] Safepoint "Cleanup", Time since last: 5000301384 ns, Reaching safepoint: 4200 ns, Cleanup: 7200 ns, At safepoint: 1600 ns, Total: 13000 ns
[608.529s][info ][safepoint      ] Safepoint "Cleanup", Time since last: 1000097691 ns, Reaching safepoint: 3900 ns, Cleanup: 6700 ns, At safepoint: 1800 ns, Total: 12400 ns
[611.529s][info ][safepoint      ] Safepoint "Cleanup", Time since last: 3000209874 ns, Reaching safepoint: 4200 ns, Cleanup: 9800 ns, At safepoint: 2300 ns, Total: 16300 ns
[612.529s][info ][safepoint      ] Safepoint "Cleanup", Time since last: 1000094391 ns, Reaching safepoint: 3600 ns, Cleanup: 7200 ns, At safepoint: 1700 ns, Total: 12500 ns
[615.529s][info ][safepoint      ] Safepoint "Cleanup", Time since last: 3000218560 ns, Reaching safepoint: 3900 ns, Cleanup: 9000 ns, At safepoint: 2000 ns, Total: 14900 ns
[616.529s][info ][safepoint      ] Safepoint "Cleanup", Time since last: 1000048504 ns, Reaching safepoint: 4000 ns, Cleanup: 16300 ns, At safepoint: 4699 ns, Total: 24999 ns
[617.530s][info ][safepoint      ] Safepoint "Cleanup", Time since last: 1000105104 ns, Reaching safepoint: 4000 ns, Cleanup: 59099 ns, At safepoint: 2000 ns, Total: 65099 ns
[619.530s][info ][safepoint      ] Safepoint "Cleanup", Time since last: 2000163007 ns, Reaching safepoint: 4400 ns, Cleanup: 11500 ns, At safepoint: 1900 ns, Total: 17800 ns
[620.530s][info ][safepoint      ] Safepoint "Cleanup", Time since last: 1000087004 ns, Reaching safepoint: 4100 ns, Cleanup: 9400 ns, At safepoint: 1700 ns, Total: 15200 ns
[623.530s][info ][safepoint      ] Safepoint "Cleanup", Time since last: 3000214417 ns, Reaching safepoint: 5200 ns, Cleanup: 8500 ns, At safepoint: 2000 ns, Total: 15700 ns
[623.850s][info ][gc,start       ] GC(51) Pause Young (Allocation Failure)
[623.858s][debug][gc,phases      ] GC(51) Scavenge 8.603ms
[623.858s][debug][gc,ref         ] GC(51) Skipped phase 1 of Reference Processing: no references
[623.859s][debug][gc,ref         ] GC(51) ReferenceProcessor::execute queues: 1, RefProcThreadModel::Single, marks_oops_alive: false
[623.859s][debug][gc,ref         ] GC(51) Skipped phase 3 of Reference Processing: no references
[623.859s][debug][gc,ref         ] GC(51) ReferenceProcessor::execute queues: 1, RefProcThreadModel::Single, marks_oops_alive: false
[623.859s][debug][gc,phases      ] GC(51) Reference Processing 0.100ms
[623.859s][debug][gc,phases      ] GC(51)   VM Weak                        Min:  0.0, Avg:  0.0, Max:  0.0, Diff:  0.0, Sum:  0.0, Workers: 4
[623.859s][debug][gc,phases      ] GC(51)     Dead                           Min: 0, Avg:  0.0, Max: 0, Diff: 0, Sum: 0, Workers: 4
[623.859s][debug][gc,phases      ] GC(51)     Total                          Min: 0, Avg: 234.8, Max: 939, Diff: 939, Sum: 939, Workers: 4
[623.859s][debug][gc,phases      ] GC(51)   ObjectSynchronizer Weak        Min:  0.0, Avg:  0.0, Max:  0.0, Diff:  0.0, Sum:  0.0, Workers: 4
[623.859s][debug][gc,phases      ] GC(51)     Dead                           Min: 0, Avg:  0.0, Max: 0, Diff: 0, Sum: 0, Workers: 4
[623.859s][debug][gc,phases      ] GC(51)     Total                          Min: 0, Avg:  1.5, Max: 6, Diff: 6, Sum: 6, Workers: 4
[623.859s][debug][gc,phases      ] GC(51)   JVMTI Tag Weak OopStorage      Min:  0.0, Avg:  0.0, Max:  0.0, Diff:  0.0, Sum:  0.0, Workers: 4
[623.859s][debug][gc,phases      ] GC(51)     Dead                           Min: 0, Avg:  0.0, Max: 0, Diff: 0, Sum: 0, Workers: 4
[623.859s][debug][gc,phases      ] GC(51)     Total                          Min: 0, Avg:  0.0, Max: 0, Diff: 0, Sum: 0, Workers: 4
[623.859s][debug][gc,phases      ] GC(51)   StringTable Weak               Min:  0.0, Avg:  0.1, Max:  0.1, Diff:  0.1, Sum:  0.4, Workers: 4
[623.859s][debug][gc,phases      ] GC(51)     Dead                           Min: 0, Avg:  0.0, Max: 0, Diff: 0, Sum: 0, Workers: 4
[623.859s][debug][gc,phases      ] GC(51)     Total                          Min: 0, Avg: 11112.5, Max: 19584, Diff: 19584, Sum: 44450, Workers: 4
[623.859s][debug][gc,phases      ] GC(51)   ResolvedMethodTable Weak       Min:  0.0, Avg:  0.0, Max:  0.0, Diff:  0.0, Sum:  0.1, Workers: 4
[623.859s][debug][gc,phases      ] GC(51)     Dead                           Min: 0, Avg:  0.0, Max: 0, Diff: 0, Sum: 0, Workers: 4
[623.859s][debug][gc,phases      ] GC(51)     Total                          Min: 0, Avg: 2778.0, Max: 5312, Diff: 5312, Sum: 11112, Workers: 4
[623.859s][debug][gc,phases      ] GC(51)   JNI Weak                       Min:  0.0, Avg:  0.0, Max:  0.0, Diff:  0.0, Sum:  0.0, Workers: 4
[623.859s][debug][gc,phases      ] GC(51)     Dead                           Min: 0, Avg:  0.0, Max: 0, Diff: 0, Sum: 0, Workers: 4
[623.859s][debug][gc,phases      ] GC(51)     Total                          Min: 0, Avg: 12.0, Max: 48, Diff: 48, Sum: 48, Workers: 4
[623.859s][debug][gc,phases      ] GC(51)   StringDedup Table Weak         Min:  0.0, Avg:  0.0, Max:  0.0, Diff:  0.0, Sum:  0.0, Workers: 4
[623.859s][debug][gc,phases      ] GC(51)     Dead                           Min: 0, Avg:  0.0, Max: 0, Diff: 0, Sum: 0, Workers: 4
[623.859s][debug][gc,phases      ] GC(51)     Total                          Min: 0, Avg:  0.0, Max: 0, Diff: 0, Sum: 0, Workers: 4
[623.859s][debug][gc,phases      ] GC(51)   StringDedup Requests0 Weak     Min:  0.0, Avg:  0.0, Max:  0.0, Diff:  0.0, Sum:  0.0, Workers: 4
[623.859s][debug][gc,phases      ] GC(51)     Dead                           Min: 0, Avg:  0.0, Max: 0, Diff: 0, Sum: 0, Workers: 4
[623.859s][debug][gc,phases      ] GC(51)     Total                          Min: 0, Avg:  0.0, Max: 0, Diff: 0, Sum: 0, Workers: 4
[623.859s][debug][gc,phases      ] GC(51)   StringDedup Requests1 Weak     Min:  0.0, Avg:  0.0, Max:  0.0, Diff:  0.0, Sum:  0.0, Workers: 4
[623.859s][debug][gc,phases      ] GC(51)     Dead                           Min: 0, Avg:  0.0, Max: 0, Diff: 0, Sum: 0, Workers: 4
[623.859s][debug][gc,phases      ] GC(51)     Total                          Min: 0, Avg:  0.0, Max: 0, Diff: 0, Sum: 0, Workers: 4
[623.859s][debug][gc,phases      ] GC(51)   Weak JFR Old Object Samples    Min:  0.0, Avg:  0.0, Max:  0.0, Diff:  0.0, Sum:  0.0, Workers: 4
[623.859s][debug][gc,phases      ] GC(51)     Dead                           Min: 0, Avg:  0.0, Max: 0, Diff: 0, Sum: 0, Workers: 4
[623.859s][debug][gc,phases      ] GC(51)     Total                          Min: 0, Avg:  0.0, Max: 0, Diff: 0, Sum: 0, Workers: 4
[623.859s][debug][gc,phases      ] GC(51) Weak Processing 0.326ms
[623.859s][debug][gc,age         ] GC(51) Desired survivor size 191365120 bytes, new threshold 15 (max threshold 15)
[623.859s][info ][gc,heap        ] GC(51) PSYoungGen: 1663888K(1867264K)->13264K(1910272K) Eden: 1652736K(1652736K)->0K(1709568K) From: 11152K(214528K)->13264K(200704K)
[623.859s][info ][gc,heap        ] GC(51) ParOldGen: 390928K(478720K)->391205K(478720K)
[623.859s][info ][gc,metaspace   ] GC(51) Metaspace: 88231K(89344K)->88231K(89344K) NonClass: 75368K(75968K)->75368K(75968K) Class: 12862K(13376K)->12862K(13376K)
[623.859s][info ][gc             ] GC(51) Pause Young (Allocation Failure) 2006M->394M(2333M) 9.116ms
[623.859s][info ][gc,cpu         ] GC(51) User=0.03s Sys=0.00s Real=0.01s
[623.859s][info ][safepoint      ] Safepoint "ParallelGCFailedAllocation", Time since last: 319624089 ns, Reaching safepoint: 73500 ns, Cleanup: 4600 ns, At safepoint: 9179051 ns, Total: 9257151 ns
[626.859s][info ][safepoint      ] Safepoint "Cleanup", Time since last: 3000211241 ns, Reaching safepoint: 74300 ns, Cleanup: 9500 ns, At safepoint: 4000 ns, Total: 87800 ns
[629.860s][info ][safepoint      ] Safepoint "Cleanup", Time since last: 3000221141 ns, Reaching safepoint: 72800 ns, Cleanup: 8600 ns, At safepoint: 6000 ns, Total: 87400 ns
[633.860s][info ][safepoint      ] Safepoint "Cleanup", Time since last: 4000296517 ns, Reaching safepoint: 75000 ns, Cleanup: 8900 ns, At safepoint: 5700 ns, Total: 89600 ns
[637.860s][info ][safepoint      ] Safepoint "Cleanup", Time since last: 4000261436 ns, Reaching safepoint: 4500 ns, Cleanup: 8300 ns, At safepoint: 2000 ns, Total: 14800 ns
[638.860s][info ][safepoint      ] Safepoint "Cleanup", Time since last: 1000092859 ns, Reaching safepoint: 72799 ns, Cleanup: 10400 ns, At safepoint: 5300 ns, Total: 88499 ns
[642.861s][info ][safepoint      ] Safepoint "Cleanup", Time since last: 4000308658 ns, Reaching safepoint: 72500 ns, Cleanup: 10600 ns, At safepoint: 4900 ns, Total: 88000 ns
[646.900s][info ][gc,start       ] GC(52) Pause Young (Allocation Failure)
[646.907s][debug][gc,phases      ] GC(52) Scavenge 6.670ms
[646.907s][debug][gc,ref         ] GC(52) Skipped phase 1 of Reference Processing: no references
[646.907s][debug][gc,ref         ] GC(52) ReferenceProcessor::execute queues: 1, RefProcThreadModel::Single, marks_oops_alive: false
[646.907s][debug][gc,ref         ] GC(52) Skipped phase 3 of Reference Processing: no references
[646.907s][debug][gc,ref         ] GC(52) ReferenceProcessor::execute queues: 1, RefProcThreadModel::Single, marks_oops_alive: false
[646.907s][debug][gc,phases      ] GC(52) Reference Processing 0.103ms
[646.907s][debug][gc,phases      ] GC(52)   VM Weak                        Min:  0.0, Avg:  0.0, Max:  0.0, Diff:  0.0, Sum:  0.0, Workers: 4
[646.907s][debug][gc,phases      ] GC(52)     Dead                           Min: 0, Avg:  0.0, Max: 0, Diff: 0, Sum: 0, Workers: 4
[646.907s][debug][gc,phases      ] GC(52)     Total                          Min: 0, Avg: 234.8, Max: 683, Diff: 683, Sum: 939, Workers: 4
[646.907s][debug][gc,phases      ] GC(52)   ObjectSynchronizer Weak        Min:  0.0, Avg:  0.0, Max:  0.0, Diff:  0.0, Sum:  0.0, Workers: 4
[646.907s][debug][gc,phases      ] GC(52)     Dead                           Min: 0, Avg:  0.0, Max: 0, Diff: 0, Sum: 0, Workers: 4
[646.907s][debug][gc,phases      ] GC(52)     Total                          Min: 0, Avg:  1.5, Max: 6, Diff: 6, Sum: 6, Workers: 4
[646.907s][debug][gc,phases      ] GC(52)   JVMTI Tag Weak OopStorage      Min:  0.0, Avg:  0.0, Max:  0.0, Diff:  0.0, Sum:  0.0, Workers: 4
[646.907s][debug][gc,phases      ] GC(52)     Dead                           Min: 0, Avg:  0.0, Max: 0, Diff: 0, Sum: 0, Workers: 4
[646.907s][debug][gc,phases      ] GC(52)     Total                          Min: 0, Avg:  0.0, Max: 0, Diff: 0, Sum: 0, Workers: 4
[646.907s][debug][gc,phases      ] GC(52)   StringTable Weak               Min:  0.0, Avg:  0.1, Max:  0.1, Diff:  0.1, Sum:  0.4, Workers: 4
[646.907s][debug][gc,phases      ] GC(52)     Dead                           Min: 0, Avg:  0.0, Max: 0, Diff: 0, Sum: 0, Workers: 4
[646.907s][debug][gc,phases      ] GC(52)     Total                          Min: 0, Avg: 11112.5, Max: 18302, Diff: 18302, Sum: 44450, Workers: 4
[646.907s][debug][gc,phases      ] GC(52)   ResolvedMethodTable Weak       Min:  0.0, Avg:  0.0, Max:  0.0, Diff:  0.0, Sum:  0.1, Workers: 4
[646.907s][debug][gc,phases      ] GC(52)     Dead                           Min: 0, Avg:  0.0, Max: 0, Diff: 0, Sum: 0, Workers: 4
[646.907s][debug][gc,phases      ] GC(52)     Total                          Min: 0, Avg: 2778.0, Max: 4800, Diff: 4800, Sum: 11112, Workers: 4
[646.907s][debug][gc,phases      ] GC(52)   JNI Weak                       Min:  0.0, Avg:  0.0, Max:  0.0, Diff:  0.0, Sum:  0.0, Workers: 4
[646.907s][debug][gc,phases      ] GC(52)     Dead                           Min: 0, Avg:  0.0, Max: 0, Diff: 0, Sum: 0, Workers: 4
[646.907s][debug][gc,phases      ] GC(52)     Total                          Min: 0, Avg: 12.0, Max: 48, Diff: 48, Sum: 48, Workers: 4
[646.907s][debug][gc,phases      ] GC(52)   StringDedup Table Weak         Min:  0.0, Avg:  0.0, Max:  0.0, Diff:  0.0, Sum:  0.0, Workers: 4
[646.907s][debug][gc,phases      ] GC(52)     Dead                           Min: 0, Avg:  0.0, Max: 0, Diff: 0, Sum: 0, Workers: 4
[646.907s][debug][gc,phases      ] GC(52)     Total                          Min: 0, Avg:  0.0, Max: 0, Diff: 0, Sum: 0, Workers: 4
[646.907s][debug][gc,phases      ] GC(52)   StringDedup Requests0 Weak     Min:  0.0, Avg:  0.0, Max:  0.0, Diff:  0.0, Sum:  0.0, Workers: 4
[646.907s][debug][gc,phases      ] GC(52)     Dead                           Min: 0, Avg:  0.0, Max: 0, Diff: 0, Sum: 0, Workers: 4
[646.907s][debug][gc,phases      ] GC(52)     Total                          Min: 0, Avg:  0.0, Max: 0, Diff: 0, Sum: 0, Workers: 4
[646.907s][debug][gc,phases      ] GC(52)   StringDedup Requests1 Weak     Min:  0.0, Avg:  0.0, Max:  0.0, Diff:  0.0, Sum:  0.0, Workers: 4
[646.907s][debug][gc,phases      ] GC(52)     Dead                           Min: 0, Avg:  0.0, Max: 0, Diff: 0, Sum: 0, Workers: 4
[646.907s][debug][gc,phases      ] GC(52)     Total                          Min: 0, Avg:  0.0, Max: 0, Diff: 0, Sum: 0, Workers: 4
[646.907s][debug][gc,phases      ] GC(52)   Weak JFR Old Object Samples    Min:  0.0, Avg:  0.0, Max:  0.0, Diff:  0.0, Sum:  0.0, Workers: 4
[646.907s][debug][gc,phases      ] GC(52)     Dead                           Min: 0, Avg:  0.0, Max: 0, Diff: 0, Sum: 0, Workers: 4
[646.907s][debug][gc,phases      ] GC(52)     Total                          Min: 0, Avg:  0.0, Max: 0, Diff: 0, Sum: 0, Workers: 4
[646.907s][debug][gc,phases      ] GC(52) Weak Processing 0.329ms
[646.907s][debug][gc,age         ] GC(52) Desired survivor size 178257920 bytes, new threshold 15 (max threshold 15)
[646.907s][info ][gc,heap        ] GC(52) PSYoungGen: 1722832K(1910272K)->13248K(1896448K) Eden: 1709568K(1709568K)->0K(1709568K) From: 13264K(200704K)->13248K(186880K)
[646.907s][info ][gc,heap        ] GC(52) ParOldGen: 391205K(478720K)->391301K(478720K)
[646.907s][info ][gc,metaspace   ] GC(52) Metaspace: 88235K(89344K)->88235K(89344K) NonClass: 75372K(75968K)->75372K(75968K) Class: 12862K(13376K)->12862K(13376K)
[646.907s][info ][gc             ] GC(52) Pause Young (Allocation Failure) 2064M->395M(2319M) 7.213ms
[646.907s][info ][gc,cpu         ] GC(52) User=0.03s Sys=0.00s Real=0.01s
[646.907s][info ][safepoint      ] Safepoint "ParallelGCFailedAllocation", Time since last: 4038884039 ns, Reaching safepoint: 66599 ns, Cleanup: 3000 ns, At safepoint: 7277261 ns, Total: 7346860 ns
[647.907s][info ][safepoint      ] Safepoint "Cleanup", Time since last: 1000064047 ns, Reaching safepoint: 42600 ns, Cleanup: 9900 ns, At safepoint: 6600 ns, Total: 59100 ns
[648.907s][info ][safepoint      ] Safepoint "Cleanup", Time since last: 1000151256 ns, Reaching safepoint: 74500 ns, Cleanup: 29100 ns, At safepoint: 6400 ns, Total: 110000 ns
[649.908s][info ][safepoint      ] Safepoint "Cleanup", Time since last: 1000120457 ns, Reaching safepoint: 76799 ns, Cleanup: 12100 ns, At safepoint: 5800 ns, Total: 94699 ns
[651.400s][info ][safepoint      ] Safepoint "Cleanup", Time since last: 1492067628 ns, Reaching safepoint: 74200 ns, Cleanup: 45600 ns, At safepoint: 12300 ns, Total: 132100 ns
[652.400s][info ][safepoint      ] Safepoint "Cleanup", Time since last: 1000122356 ns, Reaching safepoint: 74700 ns, Cleanup: 11700 ns, At safepoint: 5400 ns, Total: 91800 ns
[653.400s][info ][safepoint      ] Safepoint "Cleanup", Time since last: 1000114757 ns, Reaching safepoint: 72299 ns, Cleanup: 11100 ns, At safepoint: 5100 ns, Total: 88499 ns
[660.218s][info ][safepoint      ] Safepoint "Cleanup", Time since last: 6817299550 ns, Reaching safepoint: 78000 ns, Cleanup: 12400 ns, At safepoint: 5800 ns, Total: 96200 ns
[661.218s][info ][safepoint      ] Safepoint "Cleanup", Time since last: 1000123430 ns, Reaching safepoint: 4700 ns, Cleanup: 9500 ns, At safepoint: 6700 ns, Total: 20900 ns
[664.218s][info ][safepoint      ] Safepoint "Cleanup", Time since last: 3000252404 ns, Reaching safepoint: 72700 ns, Cleanup: 7700 ns, At safepoint: 10800 ns, Total: 91200 ns
[667.218s][info ][safepoint      ] Safepoint "Cleanup", Time since last: 3000241641 ns, Reaching safepoint: 3900 ns, Cleanup: 11600 ns, At safepoint: 1900 ns, Total: 17400 ns
[667.450s][info ][gc,start       ] GC(53) Pause Young (Allocation Failure)
[667.461s][debug][gc,phases      ] GC(53) Scavenge 10.676ms
[667.461s][debug][gc,ref         ] GC(53) Skipped phase 1 of Reference Processing: no references
[667.461s][debug][gc,ref         ] GC(53) ReferenceProcessor::execute queues: 1, RefProcThreadModel::Single, marks_oops_alive: false
[667.461s][debug][gc,ref         ] GC(53) Skipped phase 3 of Reference Processing: no references
[667.461s][debug][gc,ref         ] GC(53) ReferenceProcessor::execute queues: 1, RefProcThreadModel::Single, marks_oops_alive: false
[667.461s][debug][gc,phases      ] GC(53) Reference Processing 0.099ms
[667.461s][debug][gc,phases      ] GC(53)   VM Weak                        Min:  0.0, Avg:  0.0, Max:  0.0, Diff:  0.0, Sum:  0.0, Workers: 4
[667.461s][debug][gc,phases      ] GC(53)     Dead                           Min: 0, Avg:  0.0, Max: 0, Diff: 0, Sum: 0, Workers: 4
[667.461s][debug][gc,phases      ] GC(53)     Total                          Min: 0, Avg: 234.8, Max: 640, Diff: 640, Sum: 939, Workers: 4
[667.461s][debug][gc,phases      ] GC(53)   ObjectSynchronizer Weak        Min:  0.0, Avg:  0.0, Max:  0.0, Diff:  0.0, Sum:  0.0, Workers: 4
[667.461s][debug][gc,phases      ] GC(53)     Dead                           Min: 0, Avg:  0.0, Max: 0, Diff: 0, Sum: 0, Workers: 4
[667.461s][debug][gc,phases      ] GC(53)     Total                          Min: 0, Avg:  1.5, Max: 6, Diff: 6, Sum: 6, Workers: 4
[667.461s][debug][gc,phases      ] GC(53)   JVMTI Tag Weak OopStorage      Min:  0.0, Avg:  0.0, Max:  0.0, Diff:  0.0, Sum:  0.0, Workers: 4
[667.461s][debug][gc,phases      ] GC(53)     Dead                           Min: 0, Avg:  0.0, Max: 0, Diff: 0, Sum: 0, Workers: 4
[667.461s][debug][gc,phases      ] GC(53)     Total                          Min: 0, Avg:  0.0, Max: 0, Diff: 0, Sum: 0, Workers: 4
[667.461s][debug][gc,phases      ] GC(53)   StringTable Weak               Min:  0.0, Avg:  0.1, Max:  0.1, Diff:  0.1, Sum:  0.4, Workers: 4
[667.461s][debug][gc,phases      ] GC(53)     Dead                           Min: 0, Avg:  0.5, Max: 2, Diff: 2, Sum: 2, Workers: 4
[667.461s][debug][gc,phases      ] GC(53)     Total                          Min: 0, Avg: 11114.8, Max: 17662, Diff: 17662, Sum: 44459, Workers: 4
[667.462s][debug][gc,phases      ] GC(53)   ResolvedMethodTable Weak       Min:  0.0, Avg:  0.0, Max:  0.0, Diff:  0.0, Sum:  0.1, Workers: 4
[667.462s][debug][gc,phases      ] GC(53)     Dead                           Min: 0, Avg:  0.0, Max: 0, Diff: 0, Sum: 0, Workers: 4
[667.462s][debug][gc,phases      ] GC(53)     Total                          Min: 0, Avg: 2780.8, Max: 3840, Diff: 3840, Sum: 11123, Workers: 4
[667.462s][debug][gc,phases      ] GC(53)   JNI Weak                       Min:  0.0, Avg:  0.0, Max:  0.0, Diff:  0.0, Sum:  0.0, Workers: 4
[667.462s][debug][gc,phases      ] GC(53)     Dead                           Min: 0, Avg:  0.0, Max: 0, Diff: 0, Sum: 0, Workers: 4
[667.462s][debug][gc,phases      ] GC(53)     Total                          Min: 0, Avg: 12.0, Max: 48, Diff: 48, Sum: 48, Workers: 4
[667.462s][debug][gc,phases      ] GC(53)   StringDedup Table Weak         Min:  0.0, Avg:  0.0, Max:  0.0, Diff:  0.0, Sum:  0.0, Workers: 4
[667.462s][debug][gc,phases      ] GC(53)     Dead                           Min: 0, Avg:  0.0, Max: 0, Diff: 0, Sum: 0, Workers: 4
[667.462s][debug][gc,phases      ] GC(53)     Total                          Min: 0, Avg:  0.0, Max: 0, Diff: 0, Sum: 0, Workers: 4
[667.462s][debug][gc,phases      ] GC(53)   StringDedup Requests0 Weak     Min:  0.0, Avg:  0.0, Max:  0.0, Diff:  0.0, Sum:  0.0, Workers: 4
[667.462s][debug][gc,phases      ] GC(53)     Dead                           Min: 0, Avg:  0.0, Max: 0, Diff: 0, Sum: 0, Workers: 4
[667.462s][debug][gc,phases      ] GC(53)     Total                          Min: 0, Avg:  0.0, Max: 0, Diff: 0, Sum: 0, Workers: 4
[667.462s][debug][gc,phases      ] GC(53)   StringDedup Requests1 Weak     Min:  0.0, Avg:  0.0, Max:  0.0, Diff:  0.0, Sum:  0.0, Workers: 4
[667.462s][debug][gc,phases      ] GC(53)     Dead                           Min: 0, Avg:  0.0, Max: 0, Diff: 0, Sum: 0, Workers: 4
[667.462s][debug][gc,phases      ] GC(53)     Total                          Min: 0, Avg:  0.0, Max: 0, Diff: 0, Sum: 0, Workers: 4
[667.462s][debug][gc,phases      ] GC(53)   Weak JFR Old Object Samples    Min:  0.0, Avg:  0.0, Max:  0.0, Diff:  0.0, Sum:  0.0, Workers: 4
[667.462s][debug][gc,phases      ] GC(53)     Dead                           Min: 0, Avg:  0.0, Max: 0, Diff: 0, Sum: 0, Workers: 4
[667.462s][debug][gc,phases      ] GC(53)     Total                          Min: 0, Avg:  0.0, Max: 0, Diff: 0, Sum: 0, Workers: 4
[667.462s][debug][gc,phases      ] GC(53) Weak Processing 0.346ms
[667.462s][debug][gc,age         ] GC(53) Desired survivor size 165675008 bytes, new threshold 15 (max threshold 15)
[667.462s][info ][gc,heap        ] GC(53) PSYoungGen: 1722816K(1896448K)->15008K(1935360K) Eden: 1709568K(1709568K)->0K(1761280K) From: 13248K(186880K)->15008K(174080K)
[667.462s][info ][gc,heap        ] GC(53) ParOldGen: 391301K(478720K)->391429K(478720K)
[667.462s][info ][gc,metaspace   ] GC(53) Metaspace: 88276K(89344K)->88276K(89344K) NonClass: 75410K(75968K)->75410K(75968K) Class: 12866K(13376K)->12866K(13376K)
[667.462s][info ][gc             ] GC(53) Pause Young (Allocation Failure) 2064M->396M(2357M) 11.232ms
[667.462s][info ][gc,cpu         ] GC(53) User=0.00s Sys=0.03s Real=0.01s
[667.462s][info ][safepoint      ] Safepoint "ParallelGCFailedAllocation", Time since last: 231888459 ns, Reaching safepoint: 55199 ns, Cleanup: 4400 ns, At safepoint: 11301540 ns, Total: 11361139 ns
[668.737s][info ][safepoint      ] Safepoint "Cleanup", Time since last: 1275606372 ns, Reaching safepoint: 5600 ns, Cleanup: 49100 ns, At safepoint: 1900 ns, Total: 56600 ns
[670.738s][info ][safepoint      ] Safepoint "Cleanup", Time since last: 2000177894 ns, Reaching safepoint: 6500 ns, Cleanup: 12000 ns, At safepoint: 2700 ns, Total: 21200 ns
[671.738s][info ][safepoint      ] Safepoint "Cleanup", Time since last: 1000105139 ns, Reaching safepoint: 3600 ns, Cleanup: 23700 ns, At safepoint: 1700 ns, Total: 29000 ns
[672.738s][info ][safepoint      ] Safepoint "Cleanup", Time since last: 1000098824 ns, Reaching safepoint: 6000 ns, Cleanup: 17600 ns, At safepoint: 1900 ns, Total: 25500 ns
[677.738s][info ][safepoint      ] Safepoint "Cleanup", Time since last: 5000330519 ns, Reaching safepoint: 3600 ns, Cleanup: 10700 ns, At safepoint: 2300 ns, Total: 16600 ns
[680.738s][info ][safepoint      ] Safepoint "Cleanup", Time since last: 3000248410 ns, Reaching safepoint: 4900 ns, Cleanup: 8100 ns, At safepoint: 2100 ns, Total: 15100 ns
[681.739s][info ][safepoint      ] Safepoint "Cleanup", Time since last: 1000107353 ns, Reaching safepoint: 4600 ns, Cleanup: 8000 ns, At safepoint: 1700 ns, Total: 14300 ns
[682.739s][info ][safepoint      ] Safepoint "Cleanup", Time since last: 1000106153 ns, Reaching safepoint: 5900 ns, Cleanup: 9900 ns, At safepoint: 2100 ns, Total: 17900 ns
[683.739s][info ][safepoint      ] Safepoint "Cleanup", Time since last: 1000115954 ns, Reaching safepoint: 4600 ns, Cleanup: 13199 ns, At safepoint: 1900 ns, Total: 19699 ns
[684.739s][info ][safepoint      ] Safepoint "Cleanup", Time since last: 1000120254 ns, Reaching safepoint: 5200 ns, Cleanup: 13300 ns, At safepoint: 2200 ns, Total: 20700 ns
[687.001s][info ][safepoint      ] Safepoint "ParallelGCFailedAllocation", Time since last: 2262221305 ns, Reaching safepoint: 4100 ns, Cleanup: 2900 ns, At safepoint: 6100 ns, Total: 13100 ns
[687.001s][info ][gc,start       ] GC(54) Pause Young (GCLocker Initiated GC)
[687.009s][debug][gc,phases      ] GC(54) Scavenge 8.136ms
[687.009s][debug][gc,ref         ] GC(54) Skipped phase 1 of Reference Processing: no references
[687.009s][debug][gc,ref         ] GC(54) ReferenceProcessor::execute queues: 1, RefProcThreadModel::Single, marks_oops_alive: false
[687.009s][debug][gc,ref         ] GC(54) Skipped phase 3 of Reference Processing: no references
[687.009s][debug][gc,ref         ] GC(54) ReferenceProcessor::execute queues: 1, RefProcThreadModel::Single, marks_oops_alive: false
[687.009s][debug][gc,phases      ] GC(54) Reference Processing 0.083ms
[687.010s][debug][gc,phases      ] GC(54)   VM Weak                        Min:  0.0, Avg:  0.0, Max:  0.0, Diff:  0.0, Sum:  0.0, Workers: 4
[687.010s][debug][gc,phases      ] GC(54)     Dead                           Min: 0, Avg:  0.0, Max: 0, Diff: 0, Sum: 0, Workers: 4
[687.010s][debug][gc,phases      ] GC(54)     Total                          Min: 0, Avg: 234.8, Max: 491, Diff: 491, Sum: 939, Workers: 4
[687.010s][debug][gc,phases      ] GC(54)   ObjectSynchronizer Weak        Min:  0.0, Avg:  0.0, Max:  0.0, Diff:  0.0, Sum:  0.0, Workers: 4
[687.010s][debug][gc,phases      ] GC(54)     Dead                           Min: 0, Avg:  0.0, Max: 0, Diff: 0, Sum: 0, Workers: 4
[687.010s][debug][gc,phases      ] GC(54)     Total                          Min: 0, Avg:  1.5, Max: 6, Diff: 6, Sum: 6, Workers: 4
[687.010s][debug][gc,phases      ] GC(54)   JVMTI Tag Weak OopStorage      Min:  0.0, Avg:  0.0, Max:  0.0, Diff:  0.0, Sum:  0.0, Workers: 4
[687.010s][debug][gc,phases      ] GC(54)     Dead                           Min: 0, Avg:  0.0, Max: 0, Diff: 0, Sum: 0, Workers: 4
[687.010s][debug][gc,phases      ] GC(54)     Total                          Min: 0, Avg:  0.0, Max: 0, Diff: 0, Sum: 0, Workers: 4
[687.010s][debug][gc,phases      ] GC(54)   StringTable Weak               Min:  0.1, Avg:  0.1, Max:  0.1, Diff:  0.0, Sum:  0.4, Workers: 4
[687.010s][debug][gc,phases      ] GC(54)     Dead                           Min: 0, Avg:  0.0, Max: 0, Diff: 0, Sum: 0, Workers: 4
[687.010s][debug][gc,phases      ] GC(54)     Total                          Min: 10621, Avg: 11117.2, Max: 11456, Diff: 835, Sum: 44469, Workers: 4
[687.010s][debug][gc,phases      ] GC(54)   ResolvedMethodTable Weak       Min:  0.0, Avg:  0.0, Max:  0.0, Diff:  0.0, Sum:  0.1, Workers: 4
[687.010s][debug][gc,phases      ] GC(54)     Dead                           Min: 0, Avg:  0.0, Max: 0, Diff: 0, Sum: 0, Workers: 4
[687.010s][debug][gc,phases      ] GC(54)     Total                          Min: 2560, Avg: 2781.5, Max: 3007, Diff: 447, Sum: 11126, Workers: 4
[687.010s][debug][gc,phases      ] GC(54)   JNI Weak                       Min:  0.0, Avg:  0.0, Max:  0.0, Diff:  0.0, Sum:  0.0, Workers: 4
[687.010s][debug][gc,phases      ] GC(54)     Dead                           Min: 0, Avg:  0.0, Max: 0, Diff: 0, Sum: 0, Workers: 4
[687.010s][debug][gc,phases      ] GC(54)     Total                          Min: 0, Avg: 12.0, Max: 48, Diff: 48, Sum: 48, Workers: 4
[687.010s][debug][gc,phases      ] GC(54)   StringDedup Table Weak         Min:  0.0, Avg:  0.0, Max:  0.0, Diff:  0.0, Sum:  0.0, Workers: 4
[687.010s][debug][gc,phases      ] GC(54)     Dead                           Min: 0, Avg:  0.0, Max: 0, Diff: 0, Sum: 0, Workers: 4
[687.010s][debug][gc,phases      ] GC(54)     Total                          Min: 0, Avg:  0.0, Max: 0, Diff: 0, Sum: 0, Workers: 4
[687.010s][debug][gc,phases      ] GC(54)   StringDedup Requests0 Weak     Min:  0.0, Avg:  0.0, Max:  0.0, Diff:  0.0, Sum:  0.0, Workers: 4
[687.010s][debug][gc,phases      ] GC(54)     Dead                           Min: 0, Avg:  0.0, Max: 0, Diff: 0, Sum: 0, Workers: 4
[687.010s][debug][gc,phases      ] GC(54)     Total                          Min: 0, Avg:  0.0, Max: 0, Diff: 0, Sum: 0, Workers: 4
[687.010s][debug][gc,phases      ] GC(54)   StringDedup Requests1 Weak     Min:  0.0, Avg:  0.0, Max:  0.0, Diff:  0.0, Sum:  0.0, Workers: 4
[687.010s][debug][gc,phases      ] GC(54)     Dead                           Min: 0, Avg:  0.0, Max: 0, Diff: 0, Sum: 0, Workers: 4
[687.010s][debug][gc,phases      ] GC(54)     Total                          Min: 0, Avg:  0.0, Max: 0, Diff: 0, Sum: 0, Workers: 4
[687.010s][debug][gc,phases      ] GC(54)   Weak JFR Old Object Samples    Min:  0.0, Avg:  0.0, Max:  0.0, Diff:  0.0, Sum:  0.0, Workers: 4
[687.010s][debug][gc,phases      ] GC(54)     Dead                           Min: 0, Avg:  0.0, Max: 0, Diff: 0, Sum: 0, Workers: 4
[687.010s][debug][gc,phases      ] GC(54)     Total                          Min: 0, Avg:  0.0, Max: 0, Diff: 0, Sum: 0, Workers: 4
[687.010s][debug][gc,phases      ] GC(54) Weak Processing 0.309ms
[687.010s][debug][gc,age         ] GC(54) Desired survivor size 154140672 bytes, new threshold 15 (max threshold 15)
[687.010s][info ][gc,heap        ] GC(54) PSYoungGen: 1776288K(1935360K)->14624K(1923072K) Eden: 1761280K(1761280K)->0K(1761280K) From: 15008K(174080K)->14624K(161792K)
[687.010s][info ][gc,heap        ] GC(54) ParOldGen: 391430K(478720K)->391578K(478720K)
[687.010s][info ][gc,metaspace   ] GC(54) Metaspace: 88338K(89408K)->88338K(89408K) NonClass: 75470K(76032K)->75470K(76032K) Class: 12868K(13376K)->12868K(13376K)
[687.010s][info ][gc             ] GC(54) Pause Young (GCLocker Initiated GC) 2116M->396M(2345M) 8.597ms
[687.010s][info ][gc,cpu         ] GC(54) User=0.04s Sys=0.00s Real=0.01s
[687.010s][info ][safepoint      ] Safepoint "ParallelGCSystemGC", Time since last: 77700 ns, Reaching safepoint: 1300 ns, Cleanup: 900 ns, At safepoint: 8650154 ns, Total: 8652354 ns
[689.010s][info ][safepoint      ] Safepoint "Cleanup", Time since last: 2000148138 ns, Reaching safepoint: 74399 ns, Cleanup: 13400 ns, At safepoint: 6200 ns, Total: 93999 ns
[690.010s][info ][safepoint      ] Safepoint "Cleanup", Time since last: 1000102473 ns, Reaching safepoint: 73300 ns, Cleanup: 18100 ns, At safepoint: 5600 ns, Total: 97000 ns
[692.011s][info ][safepoint      ] Safepoint "Cleanup", Time since last: 2000173346 ns, Reaching safepoint: 71700 ns, Cleanup: 14300 ns, At safepoint: 5900 ns, Total: 91900 ns
[693.011s][info ][safepoint      ] Safepoint "Cleanup", Time since last: 1000112773 ns, Reaching safepoint: 73599 ns, Cleanup: 11400 ns, At safepoint: 5500 ns, Total: 90499 ns
[694.011s][info ][safepoint      ] Safepoint "Cleanup", Time since last: 1000103273 ns, Reaching safepoint: 74700 ns, Cleanup: 9700 ns, At safepoint: 6600 ns, Total: 91000 ns
[695.011s][info ][safepoint      ] Safepoint "Cleanup", Time since last: 1000119473 ns, Reaching safepoint: 72299 ns, Cleanup: 8300 ns, At safepoint: 4600 ns, Total: 85199 ns
[696.011s][info ][safepoint      ] Safepoint "Cleanup", Time since last: 1000120565 ns, Reaching safepoint: 75999 ns, Cleanup: 9900 ns, At safepoint: 5700 ns, Total: 91599 ns
[704.012s][info ][safepoint      ] Safepoint "Cleanup", Time since last: 8000568665 ns, Reaching safepoint: 75700 ns, Cleanup: 10000 ns, At safepoint: 7100 ns, Total: 92800 ns
[705.012s][info ][safepoint      ] Safepoint "Cleanup", Time since last: 1000150559 ns, Reaching safepoint: 79599 ns, Cleanup: 10600 ns, At safepoint: 7100 ns, Total: 97299 ns
[707.013s][info ][safepoint      ] Safepoint "Cleanup", Time since last: 2000235319 ns, Reaching safepoint: 4400 ns, Cleanup: 11500 ns, At safepoint: 2300 ns, Total: 18200 ns
[707.539s][info ][gc,start       ] GC(55) Pause Young (Allocation Failure)
[707.551s][debug][gc,phases      ] GC(55) Scavenge 11.961ms
[707.551s][debug][gc,ref         ] GC(55) Skipped phase 1 of Reference Processing: no references
[707.551s][debug][gc,ref         ] GC(55) ReferenceProcessor::execute queues: 1, RefProcThreadModel::Single, marks_oops_alive: false
[707.551s][debug][gc,ref         ] GC(55) Skipped phase 3 of Reference Processing: no references
[707.551s][debug][gc,ref         ] GC(55) ReferenceProcessor::execute queues: 1, RefProcThreadModel::Single, marks_oops_alive: false
[707.551s][debug][gc,phases      ] GC(55) Reference Processing 0.098ms
[707.551s][debug][gc,phases      ] GC(55)   VM Weak                        Min:  0.0, Avg:  0.0, Max:  0.0, Diff:  0.0, Sum:  0.0, Workers: 4
[707.551s][debug][gc,phases      ] GC(55)     Dead                           Min: 0, Avg:  0.0, Max: 0, Diff: 0, Sum: 0, Workers: 4
[707.551s][debug][gc,phases      ] GC(55)     Total                          Min: 0, Avg: 235.8, Max: 943, Diff: 943, Sum: 943, Workers: 4
[707.551s][debug][gc,phases      ] GC(55)   ObjectSynchronizer Weak        Min:  0.0, Avg:  0.0, Max:  0.0, Diff:  0.0, Sum:  0.0, Workers: 4
[707.551s][debug][gc,phases      ] GC(55)     Dead                           Min: 0, Avg:  0.0, Max: 0, Diff: 0, Sum: 0, Workers: 4
[707.551s][debug][gc,phases      ] GC(55)     Total                          Min: 0, Avg:  1.5, Max: 6, Diff: 6, Sum: 6, Workers: 4
[707.551s][debug][gc,phases      ] GC(55)   JVMTI Tag Weak OopStorage      Min:  0.0, Avg:  0.0, Max:  0.0, Diff:  0.0, Sum:  0.0, Workers: 4
[707.551s][debug][gc,phases      ] GC(55)     Dead                           Min: 0, Avg:  0.0, Max: 0, Diff: 0, Sum: 0, Workers: 4
[707.551s][debug][gc,phases      ] GC(55)     Total                          Min: 0, Avg:  0.0, Max: 0, Diff: 0, Sum: 0, Workers: 4
[707.551s][debug][gc,phases      ] GC(55)   StringTable Weak               Min:  0.0, Avg:  0.1, Max:  0.1, Diff:  0.1, Sum:  0.4, Workers: 4
[707.551s][debug][gc,phases      ] GC(55)     Dead                           Min: 0, Avg:  0.0, Max: 0, Diff: 0, Sum: 0, Workers: 4
[707.551s][debug][gc,phases      ] GC(55)     Total                          Min: 0, Avg: 11120.2, Max: 17857, Diff: 17857, Sum: 44481, Workers: 4
[707.551s][debug][gc,phases      ] GC(55)   ResolvedMethodTable Weak       Min:  0.0, Avg:  0.0, Max:  0.0, Diff:  0.0, Sum:  0.1, Workers: 4
[707.551s][debug][gc,phases      ] GC(55)     Dead                           Min: 0, Avg:  0.0, Max: 0, Diff: 0, Sum: 0, Workers: 4
[707.551s][debug][gc,phases      ] GC(55)     Total                          Min: 0, Avg: 2784.5, Max: 4928, Diff: 4928, Sum: 11138, Workers: 4
[707.551s][debug][gc,phases      ] GC(55)   JNI Weak                       Min:  0.0, Avg:  0.0, Max:  0.0, Diff:  0.0, Sum:  0.0, Workers: 4
[707.551s][debug][gc,phases      ] GC(55)     Dead                           Min: 0, Avg:  0.0, Max: 0, Diff: 0, Sum: 0, Workers: 4
[707.551s][debug][gc,phases      ] GC(55)     Total                          Min: 0, Avg: 12.0, Max: 48, Diff: 48, Sum: 48, Workers: 4
[707.551s][debug][gc,phases      ] GC(55)   StringDedup Table Weak         Min:  0.0, Avg:  0.0, Max:  0.0, Diff:  0.0, Sum:  0.0, Workers: 4
[707.551s][debug][gc,phases      ] GC(55)     Dead                           Min: 0, Avg:  0.0, Max: 0, Diff: 0, Sum: 0, Workers: 4
[707.551s][debug][gc,phases      ] GC(55)     Total                          Min: 0, Avg:  0.0, Max: 0, Diff: 0, Sum: 0, Workers: 4
[707.551s][debug][gc,phases      ] GC(55)   StringDedup Requests0 Weak     Min:  0.0, Avg:  0.0, Max:  0.0, Diff:  0.0, Sum:  0.0, Workers: 4
[707.551s][debug][gc,phases      ] GC(55)     Dead                           Min: 0, Avg:  0.0, Max: 0, Diff: 0, Sum: 0, Workers: 4
[707.551s][debug][gc,phases      ] GC(55)     Total                          Min: 0, Avg:  0.0, Max: 0, Diff: 0, Sum: 0, Workers: 4
[707.551s][debug][gc,phases      ] GC(55)   StringDedup Requests1 Weak     Min:  0.0, Avg:  0.0, Max:  0.0, Diff:  0.0, Sum:  0.0, Workers: 4
[707.551s][debug][gc,phases      ] GC(55)     Dead                           Min: 0, Avg:  0.0, Max: 0, Diff: 0, Sum: 0, Workers: 4
[707.551s][debug][gc,phases      ] GC(55)     Total                          Min: 0, Avg:  0.0, Max: 0, Diff: 0, Sum: 0, Workers: 4
[707.551s][debug][gc,phases      ] GC(55)   Weak JFR Old Object Samples    Min:  0.0, Avg:  0.0, Max:  0.0, Diff:  0.0, Sum:  0.0, Workers: 4
[707.551s][debug][gc,phases      ] GC(55)     Dead                           Min: 0, Avg:  0.0, Max: 0, Diff: 0, Sum: 0, Workers: 4
[707.551s][debug][gc,phases      ] GC(55)     Total                          Min: 0, Avg:  0.0, Max: 0, Diff: 0, Sum: 0, Workers: 4
[707.551s][debug][gc,phases      ] GC(55) Weak Processing 0.336ms
[707.551s][debug][gc,age         ] GC(55) Desired survivor size 143130624 bytes, new threshold 15 (max threshold 15)
[707.551s][info ][gc,heap        ] GC(55) PSYoungGen: 1775904K(1923072K)->14512K(1957376K) Eden: 1761280K(1761280K)->0K(1806848K) From: 14624K(161792K)->14512K(150528K)
[707.551s][info ][gc,heap        ] GC(55) ParOldGen: 391580K(478720K)->391980K(478720K)
[707.551s][info ][gc,metaspace   ] GC(55) Metaspace: 88387K(89536K)->88387K(89536K) NonClass: 75515K(76096K)->75515K(76096K) Class: 12872K(13440K)->12872K(13440K)
[707.551s][info ][gc             ] GC(55) Pause Young (Allocation Failure) 2116M->396M(2379M) 12.498ms
[707.551s][info ][gc,cpu         ] GC(55) User=0.02s Sys=0.01s Real=0.01s
[707.551s][info ][safepoint      ] Safepoint "ParallelGCFailedAllocation", Time since last: 525952592 ns, Reaching safepoint: 4000 ns, Cleanup: 2300 ns, At safepoint: 12584132 ns, Total: 12590432 ns
[709.551s][info ][safepoint      ] Safepoint "Cleanup", Time since last: 2000155320 ns, Reaching safepoint: 75599 ns, Cleanup: 11600 ns, At safepoint: 7300 ns, Total: 94499 ns
[710.552s][info ][safepoint      ] Safepoint "Cleanup", Time since last: 1000104760 ns, Reaching safepoint: 74999 ns, Cleanup: 13500 ns, At safepoint: 5800 ns, Total: 94299 ns
[711.552s][info ][safepoint      ] Safepoint "Cleanup", Time since last: 1000096062 ns, Reaching safepoint: 70799 ns, Cleanup: 16300 ns, At safepoint: 4400 ns, Total: 91499 ns
[712.552s][info ][safepoint      ] Safepoint "Cleanup", Time since last: 1000093278 ns, Reaching safepoint: 72700 ns, Cleanup: 7400 ns, At safepoint: 4900 ns, Total: 85000 ns
[713.552s][info ][safepoint      ] Safepoint "Cleanup", Time since last: 1000098477 ns, Reaching safepoint: 72700 ns, Cleanup: 8100 ns, At safepoint: 4800 ns, Total: 85600 ns
[716.552s][info ][safepoint      ] Safepoint "Cleanup", Time since last: 3000192034 ns, Reaching safepoint: 71700 ns, Cleanup: 8100 ns, At safepoint: 5200 ns, Total: 85000 ns
[717.553s][info ][safepoint      ] Safepoint "Cleanup", Time since last: 1000109277 ns, Reaching safepoint: 74800 ns, Cleanup: 8900 ns, At safepoint: 6900 ns, Total: 90600 ns
[719.553s][info ][safepoint      ] Safepoint "Cleanup", Time since last: 2000192554 ns, Reaching safepoint: 77899 ns, Cleanup: 9000 ns, At safepoint: 6600 ns, Total: 93499 ns
[723.235s][info ][safepoint      ] Safepoint "Cleanup", Time since last: 3681671742 ns, Reaching safepoint: 5000 ns, Cleanup: 15199 ns, At safepoint: 2500 ns, Total: 22699 ns
[725.235s][info ][safepoint      ] Safepoint "Cleanup", Time since last: 2000140020 ns, Reaching safepoint: 5000 ns, Cleanup: 14100 ns, At safepoint: 2000 ns, Total: 21100 ns
[727.235s][info ][safepoint      ] Safepoint "Cleanup", Time since last: 2000125820 ns, Reaching safepoint: 4600 ns, Cleanup: 9100 ns, At safepoint: 2000 ns, Total: 15700 ns
[728.060s][info ][gc,start       ] GC(56) Pause Young (Allocation Failure)
[728.072s][debug][gc,phases      ] GC(56) Scavenge 12.257ms
[728.072s][debug][gc,ref         ] GC(56) Skipped phase 1 of Reference Processing: no references
[728.072s][debug][gc,ref         ] GC(56) ReferenceProcessor::execute queues: 1, RefProcThreadModel::Single, marks_oops_alive: false
[728.072s][debug][gc,ref         ] GC(56) Skipped phase 3 of Reference Processing: no references
[728.072s][debug][gc,ref         ] GC(56) ReferenceProcessor::execute queues: 1, RefProcThreadModel::Single, marks_oops_alive: false
[728.072s][debug][gc,phases      ] GC(56) Reference Processing 0.130ms
[728.072s][debug][gc,phases      ] GC(56)   VM Weak                        Min:  0.0, Avg:  0.0, Max:  0.0, Diff:  0.0, Sum:  0.0, Workers: 4
[728.073s][debug][gc,phases      ] GC(56)     Dead                           Min: 0, Avg:  0.0, Max: 0, Diff: 0, Sum: 0, Workers: 4
[728.073s][debug][gc,phases      ] GC(56)     Total                          Min: 0, Avg: 235.8, Max: 576, Diff: 576, Sum: 943, Workers: 4
[728.073s][debug][gc,phases      ] GC(56)   ObjectSynchronizer Weak        Min:  0.0, Avg:  0.0, Max:  0.0, Diff:  0.0, Sum:  0.0, Workers: 4
[728.073s][debug][gc,phases      ] GC(56)     Dead                           Min: 0, Avg:  0.0, Max: 0, Diff: 0, Sum: 0, Workers: 4
[728.073s][debug][gc,phases      ] GC(56)     Total                          Min: 0, Avg:  1.5, Max: 6, Diff: 6, Sum: 6, Workers: 4
[728.073s][debug][gc,phases      ] GC(56)   JVMTI Tag Weak OopStorage      Min:  0.0, Avg:  0.0, Max:  0.0, Diff:  0.0, Sum:  0.0, Workers: 4
[728.073s][debug][gc,phases      ] GC(56)     Dead                           Min: 0, Avg:  0.0, Max: 0, Diff: 0, Sum: 0, Workers: 4
[728.073s][debug][gc,phases      ] GC(56)     Total                          Min: 0, Avg:  0.0, Max: 0, Diff: 0, Sum: 0, Workers: 4
[728.073s][debug][gc,phases      ] GC(56)   StringTable Weak               Min:  0.0, Avg:  0.1, Max:  0.1, Diff:  0.1, Sum:  0.4, Workers: 4
[728.073s][debug][gc,phases      ] GC(56)     Dead                           Min: 0, Avg:  0.0, Max: 0, Diff: 0, Sum: 0, Workers: 4
[728.073s][debug][gc,phases      ] GC(56)     Total                          Min: 0, Avg: 11120.5, Max: 15424, Diff: 15424, Sum: 44482, Workers: 4
[728.073s][debug][gc,phases      ] GC(56)   ResolvedMethodTable Weak       Min:  0.0, Avg:  0.0, Max:  0.0, Diff:  0.0, Sum:  0.1, Workers: 4
[728.073s][debug][gc,phases      ] GC(56)     Dead                           Min: 0, Avg:  0.0, Max: 0, Diff: 0, Sum: 0, Workers: 4
[728.073s][debug][gc,phases      ] GC(56)     Total                          Min: 0, Avg: 2784.5, Max: 3842, Diff: 3842, Sum: 11138, Workers: 4
[728.073s][debug][gc,phases      ] GC(56)   JNI Weak                       Min:  0.0, Avg:  0.0, Max:  0.0, Diff:  0.0, Sum:  0.0, Workers: 4
[728.073s][debug][gc,phases      ] GC(56)     Dead                           Min: 0, Avg:  0.0, Max: 0, Diff: 0, Sum: 0, Workers: 4
[728.073s][debug][gc,phases      ] GC(56)     Total                          Min: 0, Avg: 12.0, Max: 48, Diff: 48, Sum: 48, Workers: 4
[728.073s][debug][gc,phases      ] GC(56)   StringDedup Table Weak         Min:  0.0, Avg:  0.0, Max:  0.0, Diff:  0.0, Sum:  0.0, Workers: 4
[728.073s][debug][gc,phases      ] GC(56)     Dead                           Min: 0, Avg:  0.0, Max: 0, Diff: 0, Sum: 0, Workers: 4
[728.073s][debug][gc,phases      ] GC(56)     Total                          Min: 0, Avg:  0.0, Max: 0, Diff: 0, Sum: 0, Workers: 4
[728.073s][debug][gc,phases      ] GC(56)   StringDedup Requests0 Weak     Min:  0.0, Avg:  0.0, Max:  0.0, Diff:  0.0, Sum:  0.0, Workers: 4
[728.073s][debug][gc,phases      ] GC(56)     Dead                           Min: 0, Avg:  0.0, Max: 0, Diff: 0, Sum: 0, Workers: 4
[728.073s][debug][gc,phases      ] GC(56)     Total                          Min: 0, Avg:  0.0, Max: 0, Diff: 0, Sum: 0, Workers: 4
[728.073s][debug][gc,phases      ] GC(56)   StringDedup Requests1 Weak     Min:  0.0, Avg:  0.0, Max:  0.0, Diff:  0.0, Sum:  0.0, Workers: 4
[728.073s][debug][gc,phases      ] GC(56)     Dead                           Min: 0, Avg:  0.0, Max: 0, Diff: 0, Sum: 0, Workers: 4
[728.073s][debug][gc,phases      ] GC(56)     Total                          Min: 0, Avg:  0.0, Max: 0, Diff: 0, Sum: 0, Workers: 4
[728.073s][debug][gc,phases      ] GC(56)   Weak JFR Old Object Samples    Min:  0.0, Avg:  0.0, Max:  0.0, Diff:  0.0, Sum:  0.0, Workers: 4
[728.073s][debug][gc,phases      ] GC(56)     Dead                           Min: 0, Avg:  0.0, Max: 0, Diff: 0, Sum: 0, Workers: 4
[728.073s][debug][gc,phases      ] GC(56)     Total                          Min: 0, Avg:  0.0, Max: 0, Diff: 0, Sum: 0, Workers: 4
[728.073s][debug][gc,phases      ] GC(56) Weak Processing 0.443ms
[728.073s][debug][gc,age         ] GC(56) Desired survivor size 132644864 bytes, new threshold 15 (max threshold 15)
[728.073s][info ][gc,heap        ] GC(56) PSYoungGen: 1821360K(1957376K)->16864K(1946624K) Eden: 1806848K(1806848K)->0K(1806848K) From: 14512K(150528K)->16864K(139776K)
[728.073s][info ][gc,heap        ] GC(56) ParOldGen: 391980K(478720K)->392360K(478720K)
[728.073s][info ][gc,metaspace   ] GC(56) Metaspace: 88417K(89536K)->88417K(89536K) NonClass: 75544K(76096K)->75544K(76096K) Class: 12872K(13440K)->12872K(13440K)
[728.073s][info ][gc             ] GC(56) Pause Young (Allocation Failure) 2161M->399M(2368M) 12.990ms
[728.073s][info ][gc,cpu         ] GC(56) User=0.04s Sys=0.00s Real=0.01s
[728.073s][info ][safepoint      ] Safepoint "ParallelGCFailedAllocation", Time since last: 824875601 ns, Reaching safepoint: 4500 ns, Cleanup: 10399 ns, At safepoint: 13068431 ns, Total: 13083330 ns
[729.073s][info ][safepoint      ] Safepoint "Cleanup", Time since last: 1000076668 ns, Reaching safepoint: 4200 ns, Cleanup: 9000 ns, At safepoint: 1900 ns, Total: 15100 ns
[730.073s][info ][safepoint      ] Safepoint "Cleanup", Time since last: 1000098668 ns, Reaching safepoint: 5700 ns, Cleanup: 11800 ns, At safepoint: 2100 ns, Total: 19600 ns
[732.073s][info ][safepoint      ] Safepoint "Cleanup", Time since last: 2000161836 ns, Reaching safepoint: 4200 ns, Cleanup: 16300 ns, At safepoint: 1900 ns, Total: 22400 ns
[733.073s][info ][safepoint      ] Safepoint "Cleanup", Time since last: 1000095168 ns, Reaching safepoint: 4800 ns, Cleanup: 12900 ns, At safepoint: 1800 ns, Total: 19500 ns
[734.073s][info ][safepoint      ] Safepoint "Cleanup", Time since last: 1000098368 ns, Reaching safepoint: 4800 ns, Cleanup: 7600 ns, At safepoint: 1900 ns, Total: 14300 ns
[735.074s][info ][safepoint      ] Safepoint "Cleanup", Time since last: 1000106168 ns, Reaching safepoint: 4300 ns, Cleanup: 8300 ns, At safepoint: 1900 ns, Total: 14500 ns
[736.074s][info ][safepoint      ] Safepoint "Cleanup", Time since last: 1000105067 ns, Reaching safepoint: 5700 ns, Cleanup: 9700 ns, At safepoint: 2100 ns, Total: 17500 ns
[737.074s][info ][safepoint      ] Safepoint "Cleanup", Time since last: 1000100367 ns, Reaching safepoint: 4200 ns, Cleanup: 11700 ns, At safepoint: 1800 ns, Total: 17700 ns
[743.074s][info ][safepoint      ] Safepoint "Cleanup", Time since last: 6000450403 ns, Reaching safepoint: 5800 ns, Cleanup: 11200 ns, At safepoint: 2400 ns, Total: 19400 ns
[745.074s][info ][safepoint      ] Safepoint "Cleanup", Time since last: 2000158750 ns, Reaching safepoint: 4500 ns, Cleanup: 8700 ns, At safepoint: 1900 ns, Total: 15100 ns
[746.716s][info ][gc,start       ] GC(57) Pause Young (Allocation Failure)
[746.730s][debug][gc,phases      ] GC(57) Scavenge 14.097ms
[746.730s][debug][gc,ref         ] GC(57) Skipped phase 1 of Reference Processing: no references
[746.731s][debug][gc,ref         ] GC(57) ReferenceProcessor::execute queues: 1, RefProcThreadModel::Single, marks_oops_alive: false
[746.731s][debug][gc,ref         ] GC(57) Skipped phase 3 of Reference Processing: no references
[746.731s][debug][gc,ref         ] GC(57) ReferenceProcessor::execute queues: 1, RefProcThreadModel::Single, marks_oops_alive: false
[746.731s][debug][gc,phases      ] GC(57) Reference Processing 0.102ms
[746.731s][debug][gc,phases      ] GC(57)   VM Weak                        Min:  0.0, Avg:  0.0, Max:  0.0, Diff:  0.0, Sum:  0.0, Workers: 4
[746.731s][debug][gc,phases      ] GC(57)     Dead                           Min: 0, Avg:  0.0, Max: 0, Diff: 0, Sum: 0, Workers: 4
[746.731s][debug][gc,phases      ] GC(57)     Total                          Min: 0, Avg: 235.8, Max: 623, Diff: 623, Sum: 943, Workers: 4
[746.731s][debug][gc,phases      ] GC(57)   ObjectSynchronizer Weak        Min:  0.0, Avg:  0.0, Max:  0.0, Diff:  0.0, Sum:  0.0, Workers: 4
[746.731s][debug][gc,phases      ] GC(57)     Dead                           Min: 0, Avg:  0.0, Max: 0, Diff: 0, Sum: 0, Workers: 4
[746.731s][debug][gc,phases      ] GC(57)     Total                          Min: 0, Avg:  1.5, Max: 6, Diff: 6, Sum: 6, Workers: 4
[746.731s][debug][gc,phases      ] GC(57)   JVMTI Tag Weak OopStorage      Min:  0.0, Avg:  0.0, Max:  0.0, Diff:  0.0, Sum:  0.0, Workers: 4
[746.731s][debug][gc,phases      ] GC(57)     Dead                           Min: 0, Avg:  0.0, Max: 0, Diff: 0, Sum: 0, Workers: 4
[746.731s][debug][gc,phases      ] GC(57)     Total                          Min: 0, Avg:  0.0, Max: 0, Diff: 0, Sum: 0, Workers: 4
[746.731s][debug][gc,phases      ] GC(57)   StringTable Weak               Min:  0.0, Avg:  0.1, Max:  0.2, Diff:  0.2, Sum:  0.3, Workers: 4
[746.731s][debug][gc,phases      ] GC(57)     Dead                           Min: 0, Avg:  0.0, Max: 0, Diff: 0, Sum: 0, Workers: 4
[746.731s][debug][gc,phases      ] GC(57)     Total                          Min: 0, Avg: 11120.8, Max: 26883, Diff: 26883, Sum: 44483, Workers: 4
[746.731s][debug][gc,phases      ] GC(57)   ResolvedMethodTable Weak       Min:  0.0, Avg:  0.0, Max:  0.0, Diff:  0.0, Sum:  0.1, Workers: 4
[746.731s][debug][gc,phases      ] GC(57)     Dead                           Min: 0, Avg:  0.0, Max: 0, Diff: 0, Sum: 0, Workers: 4
[746.731s][debug][gc,phases      ] GC(57)     Total                          Min: 0, Avg: 2784.5, Max: 6720, Diff: 6720, Sum: 11138, Workers: 4
[746.731s][debug][gc,phases      ] GC(57)   JNI Weak                       Min:  0.0, Avg:  0.0, Max:  0.0, Diff:  0.0, Sum:  0.0, Workers: 4
[746.731s][debug][gc,phases      ] GC(57)     Dead                           Min: 0, Avg:  0.0, Max: 0, Diff: 0, Sum: 0, Workers: 4
[746.731s][debug][gc,phases      ] GC(57)     Total                          Min: 0, Avg: 12.0, Max: 48, Diff: 48, Sum: 48, Workers: 4
[746.731s][debug][gc,phases      ] GC(57)   StringDedup Table Weak         Min:  0.0, Avg:  0.0, Max:  0.0, Diff:  0.0, Sum:  0.0, Workers: 4
[746.731s][debug][gc,phases      ] GC(57)     Dead                           Min: 0, Avg:  0.0, Max: 0, Diff: 0, Sum: 0, Workers: 4
[746.731s][debug][gc,phases      ] GC(57)     Total                          Min: 0, Avg:  0.0, Max: 0, Diff: 0, Sum: 0, Workers: 4
[746.731s][debug][gc,phases      ] GC(57)   StringDedup Requests0 Weak     Min:  0.0, Avg:  0.0, Max:  0.0, Diff:  0.0, Sum:  0.0, Workers: 4
[746.731s][debug][gc,phases      ] GC(57)     Dead                           Min: 0, Avg:  0.0, Max: 0, Diff: 0, Sum: 0, Workers: 4
[746.731s][debug][gc,phases      ] GC(57)     Total                          Min: 0, Avg:  0.0, Max: 0, Diff: 0, Sum: 0, Workers: 4
[746.731s][debug][gc,phases      ] GC(57)   StringDedup Requests1 Weak     Min:  0.0, Avg:  0.0, Max:  0.0, Diff:  0.0, Sum:  0.0, Workers: 4
[746.731s][debug][gc,phases      ] GC(57)     Dead                           Min: 0, Avg:  0.0, Max: 0, Diff: 0, Sum: 0, Workers: 4
[746.731s][debug][gc,phases      ] GC(57)     Total                          Min: 0, Avg:  0.0, Max: 0, Diff: 0, Sum: 0, Workers: 4
[746.731s][debug][gc,phases      ] GC(57)   Weak JFR Old Object Samples    Min:  0.0, Avg:  0.0, Max:  0.0, Diff:  0.0, Sum:  0.0, Workers: 4
[746.731s][debug][gc,phases      ] GC(57)     Dead                           Min: 0, Avg:  0.0, Max: 0, Diff: 0, Sum: 0, Workers: 4
[746.731s][debug][gc,phases      ] GC(57)     Total                          Min: 0, Avg:  0.0, Max: 0, Diff: 0, Sum: 0, Workers: 4
[746.731s][debug][gc,phases      ] GC(57) Weak Processing 0.386ms
[746.731s][debug][gc,age         ] GC(57) Desired survivor size 123731968 bytes, new threshold 15 (max threshold 15)
[746.731s][info ][gc,heap        ] GC(57) PSYoungGen: 1823712K(1946624K)->14656K(1976320K) Eden: 1806848K(1806848K)->0K(1846784K) From: 16864K(139776K)->14656K(129536K)
[746.731s][info ][gc,heap        ] GC(57) ParOldGen: 392360K(478720K)->395700K(478720K)
[746.731s][info ][gc,metaspace   ] GC(57) Metaspace: 88451K(89600K)->88451K(89600K) NonClass: 75579K(76160K)->75579K(76160K) Class: 12872K(13440K)->12872K(13440K)
[746.731s][info ][gc             ] GC(57) Pause Young (Allocation Failure) 2164M->400M(2397M) 14.716ms
[746.731s][info ][gc,cpu         ] GC(57) User=0.04s Sys=0.01s Real=0.01s
[746.731s][info ][safepoint      ] Safepoint "ParallelGCFailedAllocation", Time since last: 1641750761 ns, Reaching safepoint: 4800 ns, Cleanup: 10600 ns, At safepoint: 14802921 ns, Total: 14818321 ns
[747.731s][info ][safepoint      ] Safepoint "Cleanup", Time since last: 1000086077 ns, Reaching safepoint: 4400 ns, Cleanup: 18600 ns, At safepoint: 18900 ns, Total: 41900 ns
[748.731s][info ][safepoint      ] Safepoint "Cleanup", Time since last: 1000086276 ns, Reaching safepoint: 4600 ns, Cleanup: 9100 ns, At safepoint: 1800 ns, Total: 15500 ns
[752.732s][info ][safepoint      ] Safepoint "Cleanup", Time since last: 4000291192 ns, Reaching safepoint: 5100 ns, Cleanup: 9400 ns, At safepoint: 1900 ns, Total: 16400 ns
[753.732s][info ][safepoint      ] Safepoint "Cleanup", Time since last: 1000098845 ns, Reaching safepoint: 6200 ns, Cleanup: 9300 ns, At safepoint: 6800 ns, Total: 22300 ns
[755.732s][info ][safepoint      ] Safepoint "Cleanup", Time since last: 2000162090 ns, Reaching safepoint: 4500 ns, Cleanup: 15800 ns, At safepoint: 1500 ns, Total: 21800 ns
[756.732s][info ][safepoint      ] Safepoint "Cleanup", Time since last: 1000109045 ns, Reaching safepoint: 5600 ns, Cleanup: 12400 ns, At safepoint: 2100 ns, Total: 20100 ns
[757.732s][info ][safepoint      ] Safepoint "Cleanup", Time since last: 1000113045 ns, Reaching safepoint: 6500 ns, Cleanup: 10600 ns, At safepoint: 2400 ns, Total: 19500 ns
[758.732s][info ][safepoint      ] Safepoint "Cleanup", Time since last: 1000121945 ns, Reaching safepoint: 74399 ns, Cleanup: 18400 ns, At safepoint: 7900 ns, Total: 100699 ns
[759.732s][info ][safepoint      ] Safepoint "Cleanup", Time since last: 1000101837 ns, Reaching safepoint: 4800 ns, Cleanup: 9200 ns, At safepoint: 2400 ns, Total: 16400 ns
[760.733s][info ][safepoint      ] Safepoint "Cleanup", Time since last: 1000094012 ns, Reaching safepoint: 5500 ns, Cleanup: 9200 ns, At safepoint: 2200 ns, Total: 16900 ns
[762.733s][info ][safepoint      ] Safepoint "Cleanup", Time since last: 2000167424 ns, Reaching safepoint: 5700 ns, Cleanup: 15900 ns, At safepoint: 2100 ns, Total: 23700 ns
[764.733s][info ][safepoint      ] Safepoint "Cleanup", Time since last: 2000173824 ns, Reaching safepoint: 4800 ns, Cleanup: 10300 ns, At safepoint: 2500 ns, Total: 17600 ns
[765.200s][info ][gc,start       ] GC(58) Pause Young (Allocation Failure)
[765.214s][debug][gc,phases      ] GC(58) Scavenge 14.186ms
[765.214s][debug][gc,ref         ] GC(58) Skipped phase 1 of Reference Processing: no references
[765.215s][debug][gc,ref         ] GC(58) ReferenceProcessor::execute queues: 1, RefProcThreadModel::Single, marks_oops_alive: false
[765.215s][debug][gc,ref         ] GC(58) Skipped phase 3 of Reference Processing: no references
[765.215s][debug][gc,ref         ] GC(58) ReferenceProcessor::execute queues: 1, RefProcThreadModel::Single, marks_oops_alive: false
[765.215s][debug][gc,phases      ] GC(58) Reference Processing 0.106ms
[765.215s][debug][gc,phases      ] GC(58)   VM Weak                        Min:  0.0, Avg:  0.0, Max:  0.0, Diff:  0.0, Sum:  0.0, Workers: 4
[765.215s][debug][gc,phases      ] GC(58)     Dead                           Min: 0, Avg:  0.0, Max: 0, Diff: 0, Sum: 0, Workers: 4
[765.215s][debug][gc,phases      ] GC(58)     Total                          Min: 0, Avg: 235.8, Max: 623, Diff: 623, Sum: 943, Workers: 4
[765.215s][debug][gc,phases      ] GC(58)   ObjectSynchronizer Weak        Min:  0.0, Avg:  0.0, Max:  0.0, Diff:  0.0, Sum:  0.0, Workers: 4
[765.215s][debug][gc,phases      ] GC(58)     Dead                           Min: 0, Avg:  0.0, Max: 0, Diff: 0, Sum: 0, Workers: 4
[765.215s][debug][gc,phases      ] GC(58)     Total                          Min: 0, Avg:  1.5, Max: 6, Diff: 6, Sum: 6, Workers: 4
[765.215s][debug][gc,phases      ] GC(58)   JVMTI Tag Weak OopStorage      Min:  0.0, Avg:  0.0, Max:  0.0, Diff:  0.0, Sum:  0.0, Workers: 4
[765.215s][debug][gc,phases      ] GC(58)     Dead                           Min: 0, Avg:  0.0, Max: 0, Diff: 0, Sum: 0, Workers: 4
[765.215s][debug][gc,phases      ] GC(58)     Total                          Min: 0, Avg:  0.0, Max: 0, Diff: 0, Sum: 0, Workers: 4
[765.215s][debug][gc,phases      ] GC(58)   StringTable Weak               Min:  0.0, Avg:  0.1, Max:  0.1, Diff:  0.1, Sum:  0.4, Workers: 4
[765.215s][debug][gc,phases      ] GC(58)     Dead                           Min: 0, Avg:  0.2, Max: 1, Diff: 1, Sum: 1, Workers: 4
[765.215s][debug][gc,phases      ] GC(58)     Total                          Min: 0, Avg: 11124.5, Max: 15167, Diff: 15167, Sum: 44498, Workers: 4
[765.215s][debug][gc,phases      ] GC(58)   ResolvedMethodTable Weak       Min:  0.0, Avg:  0.0, Max:  0.0, Diff:  0.0, Sum:  0.1, Workers: 4
[765.215s][debug][gc,phases      ] GC(58)     Dead                           Min: 0, Avg:  0.0, Max: 0, Diff: 0, Sum: 0, Workers: 4
[765.215s][debug][gc,phases      ] GC(58)     Total                          Min: 0, Avg: 2784.8, Max: 3840, Diff: 3840, Sum: 11139, Workers: 4
[765.215s][debug][gc,phases      ] GC(58)   JNI Weak                       Min:  0.0, Avg:  0.0, Max:  0.0, Diff:  0.0, Sum:  0.0, Workers: 4
[765.215s][debug][gc,phases      ] GC(58)     Dead                           Min: 0, Avg:  0.0, Max: 0, Diff: 0, Sum: 0, Workers: 4
[765.215s][debug][gc,phases      ] GC(58)     Total                          Min: 0, Avg: 12.0, Max: 48, Diff: 48, Sum: 48, Workers: 4
[765.215s][debug][gc,phases      ] GC(58)   StringDedup Table Weak         Min:  0.0, Avg:  0.0, Max:  0.0, Diff:  0.0, Sum:  0.0, Workers: 4
[765.215s][debug][gc,phases      ] GC(58)     Dead                           Min: 0, Avg:  0.0, Max: 0, Diff: 0, Sum: 0, Workers: 4
[765.215s][debug][gc,phases      ] GC(58)     Total                          Min: 0, Avg:  0.0, Max: 0, Diff: 0, Sum: 0, Workers: 4
[765.215s][debug][gc,phases      ] GC(58)   StringDedup Requests0 Weak     Min:  0.0, Avg:  0.0, Max:  0.0, Diff:  0.0, Sum:  0.0, Workers: 4
[765.215s][debug][gc,phases      ] GC(58)     Dead                           Min: 0, Avg:  0.0, Max: 0, Diff: 0, Sum: 0, Workers: 4
[765.215s][debug][gc,phases      ] GC(58)     Total                          Min: 0, Avg:  0.0, Max: 0, Diff: 0, Sum: 0, Workers: 4
[765.215s][debug][gc,phases      ] GC(58)   StringDedup Requests1 Weak     Min:  0.0, Avg:  0.0, Max:  0.0, Diff:  0.0, Sum:  0.0, Workers: 4
[765.215s][debug][gc,phases      ] GC(58)     Dead                           Min: 0, Avg:  0.0, Max: 0, Diff: 0, Sum: 0, Workers: 4
[765.215s][debug][gc,phases      ] GC(58)     Total                          Min: 0, Avg:  0.0, Max: 0, Diff: 0, Sum: 0, Workers: 4
[765.215s][debug][gc,phases      ] GC(58)   Weak JFR Old Object Samples    Min:  0.0, Avg:  0.0, Max:  0.0, Diff:  0.0, Sum:  0.0, Workers: 4
[765.215s][debug][gc,phases      ] GC(58)     Dead                           Min: 0, Avg:  0.0, Max: 0, Diff: 0, Sum: 0, Workers: 4
[765.215s][debug][gc,phases      ] GC(58)     Total                          Min: 0, Avg:  0.0, Max: 0, Diff: 0, Sum: 0, Workers: 4
[765.215s][debug][gc,phases      ] GC(58) Weak Processing 0.369ms
[765.215s][debug][gc,age         ] GC(58) Desired survivor size 116916224 bytes, new threshold 15 (max threshold 15)
[765.215s][info ][gc,heap        ] GC(58) PSYoungGen: 1861440K(1976320K)->32000K(1967616K) Eden: 1846784K(1846784K)->0K(1846784K) From: 14656K(129536K)->32000K(120832K)
[765.215s][info ][gc,heap        ] GC(58) ParOldGen: 395700K(478720K)->397045K(478720K)
[765.215s][info ][gc,metaspace   ] GC(58) Metaspace: 88497K(89664K)->88497K(89664K) NonClass: 75621K(76224K)->75621K(76224K) Class: 12876K(13440K)->12876K(13440K)
[765.215s][info ][gc             ] GC(58) Pause Young (Allocation Failure) 2204M->418M(2389M) 14.778ms
[765.215s][info ][gc,cpu         ] GC(58) User=0.05s Sys=0.00s Real=0.01s
[765.215s][info ][safepoint      ] Safepoint "ParallelGCFailedAllocation", Time since last: 467128030 ns, Reaching safepoint: 78899 ns, Cleanup: 4400 ns, At safepoint: 14848022 ns, Total: 14931321 ns
[766.215s][info ][safepoint      ] Safepoint "Cleanup", Time since last: 1000092212 ns, Reaching safepoint: 4700 ns, Cleanup: 8400 ns, At safepoint: 2100 ns, Total: 15200 ns
[767.215s][info ][safepoint      ] Safepoint "Cleanup", Time since last: 1000106711 ns, Reaching safepoint: 4800 ns, Cleanup: 9500 ns, At safepoint: 2100 ns, Total: 16400 ns
[768.215s][info ][safepoint      ] Safepoint "Cleanup", Time since last: 1000090873 ns, Reaching safepoint: 4900 ns, Cleanup: 11300 ns, At safepoint: 2200 ns, Total: 18400 ns
[769.216s][info ][safepoint      ] Safepoint "Cleanup", Time since last: 1000102897 ns, Reaching safepoint: 78899 ns, Cleanup: 12900 ns, At safepoint: 6600 ns, Total: 98399 ns
[770.216s][info ][safepoint      ] Safepoint "Cleanup", Time since last: 1000110697 ns, Reaching safepoint: 4400 ns, Cleanup: 7000 ns, At safepoint: 2000 ns, Total: 13400 ns
[771.216s][info ][safepoint      ] Safepoint "Cleanup", Time since last: 1000089198 ns, Reaching safepoint: 4500 ns, Cleanup: 21400 ns, At safepoint: 2100 ns, Total: 28000 ns
[774.216s][info ][safepoint      ] Safepoint "Cleanup", Time since last: 3000265791 ns, Reaching safepoint: 4700 ns, Cleanup: 10900 ns, At safepoint: 1900 ns, Total: 17500 ns
[776.216s][info ][safepoint      ] Safepoint "Cleanup", Time since last: 2000186031 ns, Reaching safepoint: 5200 ns, Cleanup: 9200 ns, At safepoint: 2700 ns, Total: 17100 ns
[781.250s][info ][safepoint      ] Safepoint "Cleanup", Time since last: 5033466354 ns, Reaching safepoint: 73500 ns, Cleanup: 9700 ns, At safepoint: 6000 ns, Total: 89200 ns
[782.250s][info ][safepoint      ] Safepoint "Cleanup", Time since last: 1000114906 ns, Reaching safepoint: 57199 ns, Cleanup: 16800 ns, At safepoint: 11600 ns, Total: 85599 ns
[783.259s][info ][safepoint      ] Safepoint "Cleanup", Time since last: 1009264257 ns, Reaching safepoint: 73300 ns, Cleanup: 37900 ns, At safepoint: 7000 ns, Total: 118200 ns
[784.260s][info ][safepoint      ] Safepoint "Cleanup", Time since last: 1000108591 ns, Reaching safepoint: 71999 ns, Cleanup: 15900 ns, At safepoint: 5000 ns, Total: 92899 ns
[786.050s][info ][gc,start       ] GC(59) Pause Young (Allocation Failure)
[786.065s][debug][gc,phases      ] GC(59) Scavenge 15.295ms
[786.065s][debug][gc,ref         ] GC(59) Skipped phase 1 of Reference Processing: no references
[786.065s][debug][gc,ref         ] GC(59) ReferenceProcessor::execute queues: 1, RefProcThreadModel::Single, marks_oops_alive: false
[786.065s][debug][gc,ref         ] GC(59) Skipped phase 3 of Reference Processing: no references
[786.065s][debug][gc,ref         ] GC(59) ReferenceProcessor::execute queues: 1, RefProcThreadModel::Single, marks_oops_alive: false
[786.065s][debug][gc,phases      ] GC(59) Reference Processing 0.097ms
[786.066s][debug][gc,phases      ] GC(59)   VM Weak                        Min:  0.0, Avg:  0.0, Max:  0.0, Diff:  0.0, Sum:  0.0, Workers: 4
[786.066s][debug][gc,phases      ] GC(59)     Dead                           Min: 0, Avg:  0.0, Max: 0, Diff: 0, Sum: 0, Workers: 4
[786.066s][debug][gc,phases      ] GC(59)     Total                          Min: 0, Avg: 235.8, Max: 640, Diff: 640, Sum: 943, Workers: 4
[786.066s][debug][gc,phases      ] GC(59)   ObjectSynchronizer Weak        Min:  0.0, Avg:  0.0, Max:  0.0, Diff:  0.0, Sum:  0.0, Workers: 4
[786.066s][debug][gc,phases      ] GC(59)     Dead                           Min: 0, Avg:  0.0, Max: 0, Diff: 0, Sum: 0, Workers: 4
[786.066s][debug][gc,phases      ] GC(59)     Total                          Min: 0, Avg:  1.5, Max: 6, Diff: 6, Sum: 6, Workers: 4
[786.066s][debug][gc,phases      ] GC(59)   JVMTI Tag Weak OopStorage      Min:  0.0, Avg:  0.0, Max:  0.0, Diff:  0.0, Sum:  0.0, Workers: 4
[786.066s][debug][gc,phases      ] GC(59)     Dead                           Min: 0, Avg:  0.0, Max: 0, Diff: 0, Sum: 0, Workers: 4
[786.066s][debug][gc,phases      ] GC(59)     Total                          Min: 0, Avg:  0.0, Max: 0, Diff: 0, Sum: 0, Workers: 4
[786.066s][debug][gc,phases      ] GC(59)   StringTable Weak               Min:  0.0, Avg:  0.1, Max:  0.2, Diff:  0.2, Sum:  0.3, Workers: 4
[786.066s][debug][gc,phases      ] GC(59)     Dead                           Min: 0, Avg:  0.0, Max: 0, Diff: 0, Sum: 0, Workers: 4
[786.066s][debug][gc,phases      ] GC(59)     Total                          Min: 0, Avg: 11125.0, Max: 27775, Diff: 27775, Sum: 44500, Workers: 4
[786.066s][debug][gc,phases      ] GC(59)   ResolvedMethodTable Weak       Min:  0.0, Avg:  0.0, Max:  0.0, Diff:  0.0, Sum:  0.1, Workers: 4
[786.066s][debug][gc,phases      ] GC(59)     Dead                           Min: 0, Avg:  0.0, Max: 0, Diff: 0, Sum: 0, Workers: 4
[786.066s][debug][gc,phases      ] GC(59)     Total                          Min: 0, Avg: 2784.8, Max: 6976, Diff: 6976, Sum: 11139, Workers: 4
[786.066s][debug][gc,phases      ] GC(59)   JNI Weak                       Min:  0.0, Avg:  0.0, Max:  0.0, Diff:  0.0, Sum:  0.0, Workers: 4
[786.066s][debug][gc,phases      ] GC(59)     Dead                           Min: 0, Avg:  0.0, Max: 0, Diff: 0, Sum: 0, Workers: 4
[786.066s][debug][gc,phases      ] GC(59)     Total                          Min: 0, Avg: 12.0, Max: 48, Diff: 48, Sum: 48, Workers: 4
[786.066s][debug][gc,phases      ] GC(59)   StringDedup Table Weak         Min:  0.0, Avg:  0.0, Max:  0.0, Diff:  0.0, Sum:  0.0, Workers: 4
[786.066s][debug][gc,phases      ] GC(59)     Dead                           Min: 0, Avg:  0.0, Max: 0, Diff: 0, Sum: 0, Workers: 4
[786.066s][debug][gc,phases      ] GC(59)     Total                          Min: 0, Avg:  0.0, Max: 0, Diff: 0, Sum: 0, Workers: 4
[786.066s][debug][gc,phases      ] GC(59)   StringDedup Requests0 Weak     Min:  0.0, Avg:  0.0, Max:  0.0, Diff:  0.0, Sum:  0.0, Workers: 4
[786.066s][debug][gc,phases      ] GC(59)     Dead                           Min: 0, Avg:  0.0, Max: 0, Diff: 0, Sum: 0, Workers: 4
[786.066s][debug][gc,phases      ] GC(59)     Total                          Min: 0, Avg:  0.0, Max: 0, Diff: 0, Sum: 0, Workers: 4
[786.066s][debug][gc,phases      ] GC(59)   StringDedup Requests1 Weak     Min:  0.0, Avg:  0.0, Max:  0.0, Diff:  0.0, Sum:  0.0, Workers: 4
[786.066s][debug][gc,phases      ] GC(59)     Dead                           Min: 0, Avg:  0.0, Max: 0, Diff: 0, Sum: 0, Workers: 4
[786.066s][debug][gc,phases      ] GC(59)     Total                          Min: 0, Avg:  0.0, Max: 0, Diff: 0, Sum: 0, Workers: 4
[786.066s][debug][gc,phases      ] GC(59)   Weak JFR Old Object Samples    Min:  0.0, Avg:  0.0, Max:  0.0, Diff:  0.0, Sum:  0.0, Workers: 4
[786.066s][debug][gc,phases      ] GC(59)     Dead                           Min: 0, Avg:  0.0, Max: 0, Diff: 0, Sum: 0, Workers: 4
[786.066s][debug][gc,phases      ] GC(59)     Total                          Min: 0, Avg:  0.0, Max: 0, Diff: 0, Sum: 0, Workers: 4
[786.066s][debug][gc,phases      ] GC(59) Weak Processing 0.375ms
[786.066s][debug][gc,age         ] GC(59) Desired survivor size 109576192 bytes, new threshold 15 (max threshold 15)
[786.066s][info ][gc,heap        ] GC(59) PSYoungGen: 1878784K(1967616K)->27920K(1990144K) Eden: 1846784K(1846784K)->0K(1875968K) From: 32000K(120832K)->27920K(114176K)
[786.066s][info ][gc,heap        ] GC(59) ParOldGen: 397045K(478720K)->397125K(478720K)
[786.066s][info ][gc,metaspace   ] GC(59) Metaspace: 88514K(89664K)->88514K(89664K) NonClass: 75638K(76224K)->75638K(76224K) Class: 12876K(13440K)->12876K(13440K)
[786.066s][info ][gc             ] GC(59) Pause Young (Allocation Failure) 2222M->415M(2411M) 15.879ms
[786.066s][info ][gc,cpu         ] GC(59) User=0.05s Sys=0.01s Real=0.02s
[786.066s][info ][safepoint      ] Safepoint "ParallelGCFailedAllocation", Time since last: 1790203787 ns, Reaching safepoint: 41500 ns, Cleanup: 5300 ns, At safepoint: 15951015 ns, Total: 15997815 ns
[787.426s][info ][safepoint      ] Safepoint "Cleanup", Time since last: 1360529571 ns, Reaching safepoint: 4800 ns, Cleanup: 58000 ns, At safepoint: 6900 ns, Total: 69700 ns
[789.124s][info ][safepoint      ] Safepoint "Cleanup", Time since last: 1697241781 ns, Reaching safepoint: 74799 ns, Cleanup: 8600 ns, At safepoint: 11300 ns, Total: 94699 ns
[790.124s][info ][safepoint      ] Safepoint "Cleanup", Time since last: 1000107686 ns, Reaching safepoint: 73499 ns, Cleanup: 23400 ns, At safepoint: 6600 ns, Total: 103499 ns
[792.124s][info ][safepoint      ] Safepoint "Cleanup", Time since last: 2000168196 ns, Reaching safepoint: 4700 ns, Cleanup: 11100 ns, At safepoint: 1900 ns, Total: 17700 ns
[793.124s][info ][safepoint      ] Safepoint "Cleanup", Time since last: 1000107595 ns, Reaching safepoint: 5300 ns, Cleanup: 21700 ns, At safepoint: 2300 ns, Total: 29300 ns
[794.124s][info ][safepoint      ] Safepoint "Cleanup", Time since last: 1000108495 ns, Reaching safepoint: 7000 ns, Cleanup: 20400 ns, At safepoint: 6800 ns, Total: 34200 ns
[795.125s][info ][safepoint      ] Safepoint "Cleanup", Time since last: 1000104395 ns, Reaching safepoint: 4500 ns, Cleanup: 17500 ns, At safepoint: 3100 ns, Total: 25100 ns
[796.125s][info ][safepoint      ] Safepoint "Cleanup", Time since last: 1000101495 ns, Reaching safepoint: 4800 ns, Cleanup: 22100 ns, At safepoint: 1900 ns, Total: 28800 ns
[797.125s][info ][safepoint      ] Safepoint "Cleanup", Time since last: 1000103696 ns, Reaching safepoint: 6299 ns, Cleanup: 19700 ns, At safepoint: 2100 ns, Total: 28099 ns
[798.125s][info ][safepoint      ] Safepoint "Cleanup", Time since last: 1000100996 ns, Reaching safepoint: 5500 ns, Cleanup: 13600 ns, At safepoint: 2200 ns, Total: 21300 ns
[799.125s][info ][safepoint      ] Safepoint "Cleanup", Time since last: 1000099743 ns, Reaching safepoint: 4699 ns, Cleanup: 19100 ns, At safepoint: 2000 ns, Total: 25799 ns
[800.125s][info ][safepoint      ] Safepoint "Cleanup", Time since last: 1000121154 ns, Reaching safepoint: 4900 ns, Cleanup: 9400 ns, At safepoint: 2100 ns, Total: 16400 ns
[801.125s][info ][safepoint      ] Safepoint "Cleanup", Time since last: 1000103028 ns, Reaching safepoint: 4900 ns, Cleanup: 9000 ns, At safepoint: 1900 ns, Total: 15800 ns
[802.125s][info ][safepoint      ] Safepoint "Cleanup", Time since last: 1000096595 ns, Reaching safepoint: 4300 ns, Cleanup: 6900 ns, At safepoint: 1700 ns, Total: 12900 ns
[804.253s][info ][gc,start       ] GC(60) Pause Young (Allocation Failure)
[804.268s][debug][gc,phases      ] GC(60) Scavenge 15.062ms
[804.268s][debug][gc,ref         ] GC(60) Skipped phase 1 of Reference Processing: no references
[804.268s][debug][gc,ref         ] GC(60) ReferenceProcessor::execute queues: 1, RefProcThreadModel::Single, marks_oops_alive: false
[804.268s][debug][gc,ref         ] GC(60) Skipped phase 3 of Reference Processing: no references
[804.268s][debug][gc,ref         ] GC(60) ReferenceProcessor::execute queues: 1, RefProcThreadModel::Single, marks_oops_alive: false
[804.268s][debug][gc,phases      ] GC(60) Reference Processing 0.133ms
[804.269s][debug][gc,phases      ] GC(60)   VM Weak                        Min:  0.0, Avg:  0.0, Max:  0.0, Diff:  0.0, Sum:  0.0, Workers: 4
[804.269s][debug][gc,phases      ] GC(60)     Dead                           Min: 0, Avg:  0.0, Max: 0, Diff: 0, Sum: 0, Workers: 4
[804.269s][debug][gc,phases      ] GC(60)     Total                          Min: 0, Avg: 235.8, Max: 768, Diff: 768, Sum: 943, Workers: 4
[804.269s][debug][gc,phases      ] GC(60)   ObjectSynchronizer Weak        Min:  0.0, Avg:  0.0, Max:  0.0, Diff:  0.0, Sum:  0.0, Workers: 4
[804.269s][debug][gc,phases      ] GC(60)     Dead                           Min: 0, Avg:  0.0, Max: 0, Diff: 0, Sum: 0, Workers: 4
[804.269s][debug][gc,phases      ] GC(60)     Total                          Min: 0, Avg:  1.5, Max: 6, Diff: 6, Sum: 6, Workers: 4
[804.269s][debug][gc,phases      ] GC(60)   JVMTI Tag Weak OopStorage      Min:  0.0, Avg:  0.0, Max:  0.0, Diff:  0.0, Sum:  0.0, Workers: 4
[804.269s][debug][gc,phases      ] GC(60)     Dead                           Min: 0, Avg:  0.0, Max: 0, Diff: 0, Sum: 0, Workers: 4
[804.269s][debug][gc,phases      ] GC(60)     Total                          Min: 0, Avg:  0.0, Max: 0, Diff: 0, Sum: 0, Workers: 4
[804.269s][debug][gc,phases      ] GC(60)   StringTable Weak               Min:  0.0, Avg:  0.1, Max:  0.2, Diff:  0.2, Sum:  0.4, Workers: 4
[804.269s][debug][gc,phases      ] GC(60)     Dead                           Min: 0, Avg:  0.2, Max: 1, Diff: 1, Sum: 1, Workers: 4
[804.269s][debug][gc,phases      ] GC(60)     Total                          Min: 0, Avg: 11128.5, Max: 22371, Diff: 22371, Sum: 44514, Workers: 4
[804.269s][debug][gc,phases      ] GC(60)   ResolvedMethodTable Weak       Min:  0.0, Avg:  0.0, Max:  0.1, Diff:  0.1, Sum:  0.1, Workers: 4
[804.269s][debug][gc,phases      ] GC(60)     Dead                           Min: 0, Avg:  0.0, Max: 0, Diff: 0, Sum: 0, Workers: 4
[804.269s][debug][gc,phases      ] GC(60)     Total                          Min: 0, Avg: 2790.5, Max: 5760, Diff: 5760, Sum: 11162, Workers: 4
[804.269s][debug][gc,phases      ] GC(60)   JNI Weak                       Min:  0.0, Avg:  0.0, Max:  0.0, Diff:  0.0, Sum:  0.0, Workers: 4
[804.269s][debug][gc,phases      ] GC(60)     Dead                           Min: 0, Avg:  0.0, Max: 0, Diff: 0, Sum: 0, Workers: 4
[804.269s][debug][gc,phases      ] GC(60)     Total                          Min: 0, Avg: 12.0, Max: 48, Diff: 48, Sum: 48, Workers: 4
[804.269s][debug][gc,phases      ] GC(60)   StringDedup Table Weak         Min:  0.0, Avg:  0.0, Max:  0.0, Diff:  0.0, Sum:  0.0, Workers: 4
[804.269s][debug][gc,phases      ] GC(60)     Dead                           Min: 0, Avg:  0.0, Max: 0, Diff: 0, Sum: 0, Workers: 4
[804.269s][debug][gc,phases      ] GC(60)     Total                          Min: 0, Avg:  0.0, Max: 0, Diff: 0, Sum: 0, Workers: 4
[804.269s][debug][gc,phases      ] GC(60)   StringDedup Requests0 Weak     Min:  0.0, Avg:  0.0, Max:  0.0, Diff:  0.0, Sum:  0.0, Workers: 4
[804.269s][debug][gc,phases      ] GC(60)     Dead                           Min: 0, Avg:  0.0, Max: 0, Diff: 0, Sum: 0, Workers: 4
[804.269s][debug][gc,phases      ] GC(60)     Total                          Min: 0, Avg:  0.0, Max: 0, Diff: 0, Sum: 0, Workers: 4
[804.269s][debug][gc,phases      ] GC(60)   StringDedup Requests1 Weak     Min:  0.0, Avg:  0.0, Max:  0.0, Diff:  0.0, Sum:  0.0, Workers: 4
[804.269s][debug][gc,phases      ] GC(60)     Dead                           Min: 0, Avg:  0.0, Max: 0, Diff: 0, Sum: 0, Workers: 4
[804.269s][debug][gc,phases      ] GC(60)     Total                          Min: 0, Avg:  0.0, Max: 0, Diff: 0, Sum: 0, Workers: 4
[804.269s][debug][gc,phases      ] GC(60)   Weak JFR Old Object Samples    Min:  0.0, Avg:  0.0, Max:  0.0, Diff:  0.0, Sum:  0.0, Workers: 4
[804.269s][debug][gc,phases      ] GC(60)     Dead                           Min: 0, Avg:  0.0, Max: 0, Diff: 0, Sum: 0, Workers: 4
[804.269s][debug][gc,phases      ] GC(60)     Total                          Min: 0, Avg:  0.0, Max: 0, Diff: 0, Sum: 0, Workers: 4
[804.269s][debug][gc,phases      ] GC(60) Weak Processing 0.531ms
[804.269s][debug][gc,age         ] GC(60) Desired survivor size 103809024 bytes, new threshold 15 (max threshold 15)
[804.269s][info ][gc,heap        ] GC(60) PSYoungGen: 1903888K(1990144K)->31280K(1982976K) Eden: 1875968K(1875968K)->0K(1875968K) From: 27920K(114176K)->31280K(107008K)
[804.269s][info ][gc,heap        ] GC(60) ParOldGen: 397125K(478720K)->397309K(478720K)
[804.269s][info ][gc,metaspace   ] GC(60) Metaspace: 88585K(89728K)->88585K(89728K) NonClass: 75700K(76288K)->75700K(76288K) Class: 12885K(13440K)->12885K(13440K)
[804.269s][info ][gc             ] GC(60) Pause Young (Allocation Failure) 2247M->418M(2404M) 15.889ms
[804.269s][info ][gc,cpu         ] GC(60) User=0.04s Sys=0.00s Real=0.02s
[804.269s][info ][safepoint      ] Safepoint "ParallelGCFailedAllocation", Time since last: 2127347218 ns, Reaching safepoint: 73900 ns, Cleanup: 4200 ns, At safepoint: 15979715 ns, Total: 16057815 ns
[805.269s][info ][safepoint      ] Safepoint "Cleanup", Time since last: 1000099797 ns, Reaching safepoint: 5800 ns, Cleanup: 11800 ns, At safepoint: 2600 ns, Total: 20200 ns
[806.269s][info ][safepoint      ] Safepoint "Cleanup", Time since last: 1000114696 ns, Reaching safepoint: 5900 ns, Cleanup: 13700 ns, At safepoint: 2600 ns, Total: 22200 ns
[807.269s][info ][safepoint      ] Safepoint "Cleanup", Time since last: 1000105496 ns, Reaching safepoint: 5200 ns, Cleanup: 15400 ns, At safepoint: 1900 ns, Total: 22500 ns
[810.269s][info ][safepoint      ] Safepoint "Cleanup", Time since last: 3000240727 ns, Reaching safepoint: 6000 ns, Cleanup: 12300 ns, At safepoint: 2500 ns, Total: 20800 ns
[811.270s][info ][safepoint      ] Safepoint "Cleanup", Time since last: 1000107631 ns, Reaching safepoint: 6899 ns, Cleanup: 9900 ns, At safepoint: 2500 ns, Total: 19299 ns
[814.270s][info ][safepoint      ] Safepoint "Cleanup", Time since last: 3000245992 ns, Reaching safepoint: 5000 ns, Cleanup: 18600 ns, At safepoint: 2100 ns, Total: 25700 ns
[815.270s][info ][safepoint      ] Safepoint "Cleanup", Time since last: 1000109331 ns, Reaching safepoint: 6300 ns, Cleanup: 15899 ns, At safepoint: 2300 ns, Total: 24499 ns
[816.270s][info ][safepoint      ] Safepoint "Cleanup", Time since last: 1000100704 ns, Reaching safepoint: 4600 ns, Cleanup: 12100 ns, At safepoint: 2300 ns, Total: 19000 ns
[817.270s][info ][safepoint      ] Safepoint "Cleanup", Time since last: 1000102653 ns, Reaching safepoint: 5500 ns, Cleanup: 14299 ns, At safepoint: 2400 ns, Total: 22199 ns
[818.270s][info ][safepoint      ] Safepoint "Cleanup", Time since last: 1000088454 ns, Reaching safepoint: 6500 ns, Cleanup: 12699 ns, At safepoint: 2600 ns, Total: 21799 ns
[819.271s][info ][safepoint      ] Safepoint "Cleanup", Time since last: 1000123153 ns, Reaching safepoint: 6200 ns, Cleanup: 8200 ns, At safepoint: 2400 ns, Total: 16800 ns
[820.271s][info ][safepoint      ] Safepoint "Cleanup", Time since last: 1000103853 ns, Reaching safepoint: 3900 ns, Cleanup: 11700 ns, At safepoint: 1900 ns, Total: 17500 ns
[821.271s][info ][safepoint      ] Safepoint "Cleanup", Time since last: 1000101553 ns, Reaching safepoint: 4400 ns, Cleanup: 7400 ns, At safepoint: 1600 ns, Total: 13400 ns
[822.271s][info ][safepoint      ] Safepoint "Cleanup", Time since last: 1000089153 ns, Reaching safepoint: 4300 ns, Cleanup: 7700 ns, At safepoint: 2000 ns, Total: 14000 ns
[823.271s][info ][safepoint      ] Safepoint "Cleanup", Time since last: 1000106253 ns, Reaching safepoint: 4600 ns, Cleanup: 9600 ns, At safepoint: 1900 ns, Total: 16100 ns
[823.558s][info ][gc,start       ] GC(61) Pause Young (Allocation Failure)
[823.571s][debug][gc,phases      ] GC(61) Scavenge 12.749ms
[823.571s][debug][gc,ref         ] GC(61) Skipped phase 1 of Reference Processing: no references
[823.571s][debug][gc,ref         ] GC(61) ReferenceProcessor::execute queues: 1, RefProcThreadModel::Single, marks_oops_alive: false
[823.571s][debug][gc,ref         ] GC(61) Skipped phase 3 of Reference Processing: no references
[823.571s][debug][gc,ref         ] GC(61) ReferenceProcessor::execute queues: 1, RefProcThreadModel::Single, marks_oops_alive: false
[823.571s][debug][gc,phases      ] GC(61) Reference Processing 0.100ms
[823.571s][debug][gc,phases      ] GC(61)   VM Weak                        Min:  0.0, Avg:  0.0, Max:  0.0, Diff:  0.0, Sum:  0.0, Workers: 4
[823.571s][debug][gc,phases      ] GC(61)     Dead                           Min: 0, Avg:  0.0, Max: 0, Diff: 0, Sum: 0, Workers: 4
[823.571s][debug][gc,phases      ] GC(61)     Total                          Min: 0, Avg: 235.8, Max: 640, Diff: 640, Sum: 943, Workers: 4
[823.571s][debug][gc,phases      ] GC(61)   ObjectSynchronizer Weak        Min:  0.0, Avg:  0.0, Max:  0.0, Diff:  0.0, Sum:  0.0, Workers: 4
[823.571s][debug][gc,phases      ] GC(61)     Dead                           Min: 0, Avg:  0.0, Max: 0, Diff: 0, Sum: 0, Workers: 4
[823.571s][debug][gc,phases      ] GC(61)     Total                          Min: 0, Avg:  1.5, Max: 6, Diff: 6, Sum: 6, Workers: 4
[823.571s][debug][gc,phases      ] GC(61)   JVMTI Tag Weak OopStorage      Min:  0.0, Avg:  0.0, Max:  0.0, Diff:  0.0, Sum:  0.0, Workers: 4
[823.571s][debug][gc,phases      ] GC(61)     Dead                           Min: 0, Avg:  0.0, Max: 0, Diff: 0, Sum: 0, Workers: 4
[823.571s][debug][gc,phases      ] GC(61)     Total                          Min: 0, Avg:  0.0, Max: 0, Diff: 0, Sum: 0, Workers: 4
[823.571s][debug][gc,phases      ] GC(61)   StringTable Weak               Min:  0.0, Avg:  0.1, Max:  0.1, Diff:  0.1, Sum:  0.4, Workers: 4
[823.571s][debug][gc,phases      ] GC(61)     Dead                           Min: 0, Avg:  0.0, Max: 0, Diff: 0, Sum: 0, Workers: 4
[823.571s][debug][gc,phases      ] GC(61)     Total                          Min: 0, Avg: 11128.8, Max: 19648, Diff: 19648, Sum: 44515, Workers: 4
[823.571s][debug][gc,phases      ] GC(61)   ResolvedMethodTable Weak       Min:  0.0, Avg:  0.0, Max:  0.0, Diff:  0.0, Sum:  0.1, Workers: 4
[823.571s][debug][gc,phases      ] GC(61)     Dead                           Min: 0, Avg:  0.0, Max: 0, Diff: 0, Sum: 0, Workers: 4
[823.571s][debug][gc,phases      ] GC(61)     Total                          Min: 0, Avg: 2790.5, Max: 4570, Diff: 4570, Sum: 11162, Workers: 4
[823.571s][debug][gc,phases      ] GC(61)   JNI Weak                       Min:  0.0, Avg:  0.0, Max:  0.0, Diff:  0.0, Sum:  0.0, Workers: 4
[823.571s][debug][gc,phases      ] GC(61)     Dead                           Min: 0, Avg:  0.0, Max: 0, Diff: 0, Sum: 0, Workers: 4
[823.571s][debug][gc,phases      ] GC(61)     Total                          Min: 0, Avg: 12.0, Max: 48, Diff: 48, Sum: 48, Workers: 4
[823.571s][debug][gc,phases      ] GC(61)   StringDedup Table Weak         Min:  0.0, Avg:  0.0, Max:  0.0, Diff:  0.0, Sum:  0.0, Workers: 4
[823.571s][debug][gc,phases      ] GC(61)     Dead                           Min: 0, Avg:  0.0, Max: 0, Diff: 0, Sum: 0, Workers: 4
[823.571s][debug][gc,phases      ] GC(61)     Total                          Min: 0, Avg:  0.0, Max: 0, Diff: 0, Sum: 0, Workers: 4
[823.571s][debug][gc,phases      ] GC(61)   StringDedup Requests0 Weak     Min:  0.0, Avg:  0.0, Max:  0.0, Diff:  0.0, Sum:  0.0, Workers: 4
[823.571s][debug][gc,phases      ] GC(61)     Dead                           Min: 0, Avg:  0.0, Max: 0, Diff: 0, Sum: 0, Workers: 4
[823.571s][debug][gc,phases      ] GC(61)     Total                          Min: 0, Avg:  0.0, Max: 0, Diff: 0, Sum: 0, Workers: 4
[823.571s][debug][gc,phases      ] GC(61)   StringDedup Requests1 Weak     Min:  0.0, Avg:  0.0, Max:  0.0, Diff:  0.0, Sum:  0.0, Workers: 4
[823.571s][debug][gc,phases      ] GC(61)     Dead                           Min: 0, Avg:  0.0, Max: 0, Diff: 0, Sum: 0, Workers: 4
[823.571s][debug][gc,phases      ] GC(61)     Total                          Min: 0, Avg:  0.0, Max: 0, Diff: 0, Sum: 0, Workers: 4
[823.571s][debug][gc,phases      ] GC(61)   Weak JFR Old Object Samples    Min:  0.0, Avg:  0.0, Max:  0.0, Diff:  0.0, Sum:  0.0, Workers: 4
[823.571s][debug][gc,phases      ] GC(61)     Dead                           Min: 0, Avg:  0.0, Max: 0, Diff: 0, Sum: 0, Workers: 4
[823.571s][debug][gc,phases      ] GC(61)     Total                          Min: 0, Avg:  0.0, Max: 0, Diff: 0, Sum: 0, Workers: 4
[823.571s][debug][gc,phases      ] GC(61) Weak Processing 0.342ms
[823.571s][debug][gc,age         ] GC(61) Desired survivor size 98041856 bytes, new threshold 15 (max threshold 15)
[823.571s][info ][gc,heap        ] GC(61) PSYoungGen: 1907248K(1982976K)->31472K(2001408K) Eden: 1875968K(1875968K)->0K(1900032K) From: 31280K(107008K)->31472K(101376K)
[823.571s][info ][gc,heap        ] GC(61) ParOldGen: 397309K(478720K)->397373K(478720K)
[823.571s][info ][gc,metaspace   ] GC(61) Metaspace: 88612K(89728K)->88612K(89728K) NonClass: 75727K(76288K)->75727K(76288K) Class: 12885K(13440K)->12885K(13440K)
[823.571s][info ][gc             ] GC(61) Pause Young (Allocation Failure) 2250M->418M(2422M) 13.309ms
[823.571s][info ][gc,cpu         ] GC(61) User=0.05s Sys=0.00s Real=0.01s
[823.571s][info ][safepoint      ] Safepoint "ParallelGCFailedAllocation", Time since last: 286895495 ns, Reaching safepoint: 73400 ns, Cleanup: 3800 ns, At safepoint: 13377530 ns, Total: 13454730 ns
[824.571s][info ][safepoint      ] Safepoint "Cleanup", Time since last: 1000086199 ns, Reaching safepoint: 5800 ns, Cleanup: 8000 ns, At safepoint: 2200 ns, Total: 16000 ns
[829.572s][info ][safepoint      ] Safepoint "Cleanup", Time since last: 5000353296 ns, Reaching safepoint: 4800 ns, Cleanup: 9600 ns, At safepoint: 2100 ns, Total: 16500 ns
[830.572s][info ][safepoint      ] Safepoint "Cleanup", Time since last: 1000092099 ns, Reaching safepoint: 4100 ns, Cleanup: 24800 ns, At safepoint: 2500 ns, Total: 31400 ns
[831.572s][info ][safepoint      ] Safepoint "Cleanup", Time since last: 1000092199 ns, Reaching safepoint: 4600 ns, Cleanup: 10400 ns, At safepoint: 1600 ns, Total: 16600 ns
[836.572s][info ][safepoint      ] Safepoint "Cleanup", Time since last: 5000291129 ns, Reaching safepoint: 4400 ns, Cleanup: 11800 ns, At safepoint: 5400 ns, Total: 21600 ns
[838.573s][info ][safepoint      ] Safepoint "Cleanup", Time since last: 2000155391 ns, Reaching safepoint: 4400 ns, Cleanup: 13400 ns, At safepoint: 2000 ns, Total: 19800 ns
[839.573s][info ][safepoint      ] Safepoint "Cleanup", Time since last: 1000100546 ns, Reaching safepoint: 4000 ns, Cleanup: 9000 ns, At safepoint: 2900 ns, Total: 15900 ns
[841.265s][info ][safepoint      ] Safepoint "Cleanup", Time since last: 1692822499 ns, Reaching safepoint: 4500 ns, Cleanup: 8200 ns, At safepoint: 2000 ns, Total: 14700 ns
[842.266s][info ][safepoint      ] Safepoint "Cleanup", Time since last: 1000110600 ns, Reaching safepoint: 4200 ns, Cleanup: 10000 ns, At safepoint: 2200 ns, Total: 16400 ns
[843.266s][info ][safepoint      ] Safepoint "Cleanup", Time since last: 1000095600 ns, Reaching safepoint: 4400 ns, Cleanup: 4700 ns, At safepoint: 1400 ns, Total: 10500 ns
[844.100s][info ][gc,start       ] GC(62) Pause Young (Allocation Failure)
[844.112s][debug][gc,phases      ] GC(62) Scavenge 11.656ms
[844.112s][debug][gc,ref         ] GC(62) Skipped phase 1 of Reference Processing: no references
[844.112s][debug][gc,ref         ] GC(62) ReferenceProcessor::execute queues: 1, RefProcThreadModel::Single, marks_oops_alive: false
[844.112s][debug][gc,ref         ] GC(62) Skipped phase 3 of Reference Processing: no references
[844.112s][debug][gc,ref         ] GC(62) ReferenceProcessor::execute queues: 1, RefProcThreadModel::Single, marks_oops_alive: false
[844.112s][debug][gc,phases      ] GC(62) Reference Processing 0.113ms
[844.113s][debug][gc,phases      ] GC(62)   VM Weak                        Min:  0.0, Avg:  0.0, Max:  0.0, Diff:  0.0, Sum:  0.0, Workers: 4
[844.113s][debug][gc,phases      ] GC(62)     Dead                           Min: 0, Avg:  0.0, Max: 0, Diff: 0, Sum: 0, Workers: 4
[844.113s][debug][gc,phases      ] GC(62)     Total                          Min: 0, Avg: 235.8, Max: 832, Diff: 832, Sum: 943, Workers: 4
[844.113s][debug][gc,phases      ] GC(62)   ObjectSynchronizer Weak        Min:  0.0, Avg:  0.0, Max:  0.0, Diff:  0.0, Sum:  0.0, Workers: 4
[844.113s][debug][gc,phases      ] GC(62)     Dead                           Min: 0, Avg:  0.0, Max: 0, Diff: 0, Sum: 0, Workers: 4
[844.113s][debug][gc,phases      ] GC(62)     Total                          Min: 0, Avg:  1.5, Max: 6, Diff: 6, Sum: 6, Workers: 4
[844.113s][debug][gc,phases      ] GC(62)   JVMTI Tag Weak OopStorage      Min:  0.0, Avg:  0.0, Max:  0.0, Diff:  0.0, Sum:  0.0, Workers: 4
[844.113s][debug][gc,phases      ] GC(62)     Dead                           Min: 0, Avg:  0.0, Max: 0, Diff: 0, Sum: 0, Workers: 4
[844.113s][debug][gc,phases      ] GC(62)     Total                          Min: 0, Avg:  0.0, Max: 0, Diff: 0, Sum: 0, Workers: 4
[844.113s][debug][gc,phases      ] GC(62)   StringTable Weak               Min:  0.0, Avg:  0.1, Max:  0.1, Diff:  0.1, Sum:  0.4, Workers: 4
[844.113s][debug][gc,phases      ] GC(62)     Dead                           Min: 0, Avg:  0.2, Max: 1, Diff: 1, Sum: 1, Workers: 4
[844.113s][debug][gc,phases      ] GC(62)     Total                          Min: 0, Avg: 11135.5, Max: 18175, Diff: 18175, Sum: 44542, Workers: 4
[844.113s][debug][gc,phases      ] GC(62)   ResolvedMethodTable Weak       Min:  0.0, Avg:  0.0, Max:  0.0, Diff:  0.0, Sum:  0.1, Workers: 4
[844.113s][debug][gc,phases      ] GC(62)     Dead                           Min: 0, Avg:  0.0, Max: 0, Diff: 0, Sum: 0, Workers: 4
[844.113s][debug][gc,phases      ] GC(62)     Total                          Min: 0, Avg: 2792.0, Max: 4672, Diff: 4672, Sum: 11168, Workers: 4
[844.113s][debug][gc,phases      ] GC(62)   JNI Weak                       Min:  0.0, Avg:  0.0, Max:  0.0, Diff:  0.0, Sum:  0.0, Workers: 4
[844.113s][debug][gc,phases      ] GC(62)     Dead                           Min: 0, Avg:  0.0, Max: 0, Diff: 0, Sum: 0, Workers: 4
[844.113s][debug][gc,phases      ] GC(62)     Total                          Min: 0, Avg: 12.0, Max: 48, Diff: 48, Sum: 48, Workers: 4
[844.113s][debug][gc,phases      ] GC(62)   StringDedup Table Weak         Min:  0.0, Avg:  0.0, Max:  0.0, Diff:  0.0, Sum:  0.0, Workers: 4
[844.113s][debug][gc,phases      ] GC(62)     Dead                           Min: 0, Avg:  0.0, Max: 0, Diff: 0, Sum: 0, Workers: 4
[844.113s][debug][gc,phases      ] GC(62)     Total                          Min: 0, Avg:  0.0, Max: 0, Diff: 0, Sum: 0, Workers: 4
[844.113s][debug][gc,phases      ] GC(62)   StringDedup Requests0 Weak     Min:  0.0, Avg:  0.0, Max:  0.0, Diff:  0.0, Sum:  0.0, Workers: 4
[844.113s][debug][gc,phases      ] GC(62)     Dead                           Min: 0, Avg:  0.0, Max: 0, Diff: 0, Sum: 0, Workers: 4
[844.113s][debug][gc,phases      ] GC(62)     Total                          Min: 0, Avg:  0.0, Max: 0, Diff: 0, Sum: 0, Workers: 4
[844.113s][debug][gc,phases      ] GC(62)   StringDedup Requests1 Weak     Min:  0.0, Avg:  0.0, Max:  0.0, Diff:  0.0, Sum:  0.0, Workers: 4
[844.113s][debug][gc,phases      ] GC(62)     Dead                           Min: 0, Avg:  0.0, Max: 0, Diff: 0, Sum: 0, Workers: 4
[844.113s][debug][gc,phases      ] GC(62)     Total                          Min: 0, Avg:  0.0, Max: 0, Diff: 0, Sum: 0, Workers: 4
[844.113s][debug][gc,phases      ] GC(62)   Weak JFR Old Object Samples    Min:  0.0, Avg:  0.0, Max:  0.0, Diff:  0.0, Sum:  0.0, Workers: 4
[844.113s][debug][gc,phases      ] GC(62)     Dead                           Min: 0, Avg:  0.0, Max: 0, Diff: 0, Sum: 0, Workers: 4
[844.113s][debug][gc,phases      ] GC(62)     Total                          Min: 0, Avg:  0.0, Max: 0, Diff: 0, Sum: 0, Workers: 4
[844.113s][debug][gc,phases      ] GC(62) Weak Processing 0.344ms
[844.113s][debug][gc,age         ] GC(62) Desired survivor size 93323264 bytes, new threshold 15 (max threshold 15)
[844.113s][info ][gc,heap        ] GC(62) PSYoungGen: 1931504K(2001408K)->31792K(1995776K) Eden: 1900032K(1900032K)->0K(1900032K) From: 31472K(101376K)->31792K(95744K)
[844.113s][info ][gc,heap        ] GC(62) ParOldGen: 397373K(478720K)->397405K(478720K)
[844.113s][info ][gc,metaspace   ] GC(62) Metaspace: 88640K(89792K)->88640K(89792K) NonClass: 75752K(76352K)->75752K(76352K) Class: 12887K(13440K)->12887K(13440K)
[844.113s][info ][gc             ] GC(62) Pause Young (Allocation Failure) 2274M->419M(2416M) 12.231ms
[844.113s][info ][gc,cpu         ] GC(62) User=0.04s Sys=0.00s Real=0.01s
[844.113s][info ][safepoint      ] Safepoint "ParallelGCFailedAllocation", Time since last: 834681061 ns, Reaching safepoint: 43399 ns, Cleanup: 17100 ns, At safepoint: 12300136 ns, Total: 12360635 ns
[847.113s][info ][safepoint      ] Safepoint "Cleanup", Time since last: 3000232702 ns, Reaching safepoint: 6300 ns, Cleanup: 15500 ns, At safepoint: 6400 ns, Total: 28200 ns
[850.113s][info ][safepoint      ] Safepoint "Cleanup", Time since last: 3000214839 ns, Reaching safepoint: 58300 ns, Cleanup: 19300 ns, At safepoint: 8100 ns, Total: 85700 ns
[851.113s][info ][safepoint      ] Safepoint "Cleanup", Time since last: 1000120015 ns, Reaching safepoint: 6100 ns, Cleanup: 9100 ns, At safepoint: 2200 ns, Total: 17400 ns
[852.114s][info ][safepoint      ] Safepoint "Cleanup", Time since last: 1000085316 ns, Reaching safepoint: 4300 ns, Cleanup: 10400 ns, At safepoint: 2400 ns, Total: 17100 ns
[853.114s][info ][safepoint      ] Safepoint "Cleanup", Time since last: 1000093615 ns, Reaching safepoint: 5300 ns, Cleanup: 13500 ns, At safepoint: 2600 ns, Total: 21400 ns
[856.114s][info ][safepoint      ] Safepoint "Cleanup", Time since last: 3000221140 ns, Reaching safepoint: 4700 ns, Cleanup: 9400 ns, At safepoint: 2400 ns, Total: 16500 ns
[857.649s][info ][safepoint      ] Safepoint "Cleanup", Time since last: 1534593824 ns, Reaching safepoint: 74599 ns, Cleanup: 28900 ns, At safepoint: 5600 ns, Total: 109099 ns
[859.649s][info ][safepoint      ] Safepoint "Cleanup", Time since last: 2000180505 ns, Reaching safepoint: 75899 ns, Cleanup: 10400 ns, At safepoint: 5700 ns, Total: 91999 ns
[862.649s][info ][safepoint      ] Safepoint "Cleanup", Time since last: 3000241807 ns, Reaching safepoint: 73100 ns, Cleanup: 12300 ns, At safepoint: 4600 ns, Total: 90000 ns
[863.649s][info ][safepoint      ] Safepoint "Cleanup", Time since last: 1000106702 ns, Reaching safepoint: 72499 ns, Cleanup: 11100 ns, At safepoint: 5300 ns, Total: 88899 ns
[865.650s][info ][gc,start       ] GC(63) Pause Young (Allocation Failure)
[865.662s][debug][gc,phases      ] GC(63) Scavenge 11.862ms
[865.662s][debug][gc,ref         ] GC(63) Skipped phase 1 of Reference Processing: no references
[865.662s][debug][gc,ref         ] GC(63) ReferenceProcessor::execute queues: 1, RefProcThreadModel::Single, marks_oops_alive: false
[865.662s][debug][gc,ref         ] GC(63) Skipped phase 3 of Reference Processing: no references
[865.662s][debug][gc,ref         ] GC(63) ReferenceProcessor::execute queues: 1, RefProcThreadModel::Single, marks_oops_alive: false
[865.662s][debug][gc,phases      ] GC(63) Reference Processing 0.102ms
[865.663s][debug][gc,phases      ] GC(63)   VM Weak                        Min:  0.0, Avg:  0.0, Max:  0.0, Diff:  0.0, Sum:  0.0, Workers: 4
[865.663s][debug][gc,phases      ] GC(63)     Dead                           Min: 0, Avg:  0.0, Max: 0, Diff: 0, Sum: 0, Workers: 4
[865.663s][debug][gc,phases      ] GC(63)     Total                          Min: 0, Avg: 235.8, Max: 512, Diff: 512, Sum: 943, Workers: 4
[865.663s][debug][gc,phases      ] GC(63)   ObjectSynchronizer Weak        Min:  0.0, Avg:  0.0, Max:  0.0, Diff:  0.0, Sum:  0.0, Workers: 4
[865.663s][debug][gc,phases      ] GC(63)     Dead                           Min: 0, Avg:  0.0, Max: 0, Diff: 0, Sum: 0, Workers: 4
[865.663s][debug][gc,phases      ] GC(63)     Total                          Min: 0, Avg:  1.5, Max: 6, Diff: 6, Sum: 6, Workers: 4
[865.663s][debug][gc,phases      ] GC(63)   JVMTI Tag Weak OopStorage      Min:  0.0, Avg:  0.0, Max:  0.0, Diff:  0.0, Sum:  0.0, Workers: 4
[865.663s][debug][gc,phases      ] GC(63)     Dead                           Min: 0, Avg:  0.0, Max: 0, Diff: 0, Sum: 0, Workers: 4
[865.663s][debug][gc,phases      ] GC(63)     Total                          Min: 0, Avg:  0.0, Max: 0, Diff: 0, Sum: 0, Workers: 4
[865.663s][debug][gc,phases      ] GC(63)   StringTable Weak               Min:  0.0, Avg:  0.1, Max:  0.1, Diff:  0.1, Sum:  0.4, Workers: 4
[865.663s][debug][gc,phases      ] GC(63)     Dead                           Min: 0, Avg:  0.0, Max: 0, Diff: 0, Sum: 0, Workers: 4
[865.663s][debug][gc,phases      ] GC(63)     Total                          Min: 0, Avg: 11136.0, Max: 20096, Diff: 20096, Sum: 44544, Workers: 4
[865.663s][debug][gc,phases      ] GC(63)   ResolvedMethodTable Weak       Min:  0.0, Avg:  0.0, Max:  0.0, Diff:  0.0, Sum:  0.1, Workers: 4
[865.663s][debug][gc,phases      ] GC(63)     Dead                           Min: 0, Avg:  0.0, Max: 0, Diff: 0, Sum: 0, Workers: 4
[865.663s][debug][gc,phases      ] GC(63)     Total                          Min: 0, Avg: 2792.0, Max: 4416, Diff: 4416, Sum: 11168, Workers: 4
[865.663s][debug][gc,phases      ] GC(63)   JNI Weak                       Min:  0.0, Avg:  0.0, Max:  0.0, Diff:  0.0, Sum:  0.0, Workers: 4
[865.663s][debug][gc,phases      ] GC(63)     Dead                           Min: 0, Avg:  0.0, Max: 0, Diff: 0, Sum: 0, Workers: 4
[865.663s][debug][gc,phases      ] GC(63)     Total                          Min: 0, Avg: 12.0, Max: 48, Diff: 48, Sum: 48, Workers: 4
[865.663s][debug][gc,phases      ] GC(63)   StringDedup Table Weak         Min:  0.0, Avg:  0.0, Max:  0.0, Diff:  0.0, Sum:  0.0, Workers: 4
[865.663s][debug][gc,phases      ] GC(63)     Dead                           Min: 0, Avg:  0.0, Max: 0, Diff: 0, Sum: 0, Workers: 4
[865.663s][debug][gc,phases      ] GC(63)     Total                          Min: 0, Avg:  0.0, Max: 0, Diff: 0, Sum: 0, Workers: 4
[865.663s][debug][gc,phases      ] GC(63)   StringDedup Requests0 Weak     Min:  0.0, Avg:  0.0, Max:  0.0, Diff:  0.0, Sum:  0.0, Workers: 4
[865.663s][debug][gc,phases      ] GC(63)     Dead                           Min: 0, Avg:  0.0, Max: 0, Diff: 0, Sum: 0, Workers: 4
[865.663s][debug][gc,phases      ] GC(63)     Total                          Min: 0, Avg:  0.0, Max: 0, Diff: 0, Sum: 0, Workers: 4
[865.663s][debug][gc,phases      ] GC(63)   StringDedup Requests1 Weak     Min:  0.0, Avg:  0.0, Max:  0.0, Diff:  0.0, Sum:  0.0, Workers: 4
[865.663s][debug][gc,phases      ] GC(63)     Dead                           Min: 0, Avg:  0.0, Max: 0, Diff: 0, Sum: 0, Workers: 4
[865.663s][debug][gc,phases      ] GC(63)     Total                          Min: 0, Avg:  0.0, Max: 0, Diff: 0, Sum: 0, Workers: 4
[865.663s][debug][gc,phases      ] GC(63)   Weak JFR Old Object Samples    Min:  0.0, Avg:  0.0, Max:  0.0, Diff:  0.0, Sum:  0.0, Workers: 4
[865.663s][debug][gc,phases      ] GC(63)     Dead                           Min: 0, Avg:  0.0, Max: 0, Diff: 0, Sum: 0, Workers: 4
[865.663s][debug][gc,phases      ] GC(63)     Total                          Min: 0, Avg:  0.0, Max: 0, Diff: 0, Sum: 0, Workers: 4
[865.663s][debug][gc,phases      ] GC(63) Weak Processing 0.334ms
[865.663s][debug][gc,age         ] GC(63) Desired survivor size 88080384 bytes, new threshold 15 (max threshold 15)
[865.663s][info ][gc,heap        ] GC(63) PSYoungGen: 1931824K(1995776K)->29888K(2011136K) Eden: 1900032K(1900032K)->0K(1920000K) From: 31792K(95744K)->29888K(91136K)
[865.663s][info ][gc,heap        ] GC(63) ParOldGen: 397405K(478720K)->397461K(478720K)
[865.663s][info ][gc,metaspace   ] GC(63) Metaspace: 88650K(89792K)->88650K(89792K) NonClass: 75762K(76352K)->75762K(76352K) Class: 12887K(13440K)->12887K(13440K)
[865.663s][info ][gc             ] GC(63) Pause Young (Allocation Failure) 2274M->417M(2431M) 12.411ms
[865.663s][info ][gc,cpu         ] GC(63) User=0.04s Sys=0.00s Real=0.01s
[865.663s][info ][safepoint      ] Safepoint "ParallelGCFailedAllocation", Time since last: 2000728400 ns, Reaching safepoint: 80700 ns, Cleanup: 4000 ns, At safepoint: 12495635 ns, Total: 12580335 ns
[871.663s][info ][safepoint      ] Safepoint "Cleanup", Time since last: 6000418709 ns, Reaching safepoint: 74700 ns, Cleanup: 10900 ns, At safepoint: 5800 ns, Total: 91400 ns
[873.663s][info ][safepoint      ] Safepoint "Cleanup", Time since last: 2000148430 ns, Reaching safepoint: 4600 ns, Cleanup: 8200 ns, At safepoint: 1900 ns, Total: 14700 ns
[875.664s][info ][safepoint      ] Safepoint "Cleanup", Time since last: 2000162829 ns, Reaching safepoint: 4000 ns, Cleanup: 13000 ns, At safepoint: 1600 ns, Total: 18600 ns
[877.664s][info ][safepoint      ] Safepoint "Cleanup", Time since last: 2000159630 ns, Reaching safepoint: 4300 ns, Cleanup: 8699 ns, At safepoint: 1700 ns, Total: 14699 ns
[878.664s][info ][safepoint      ] Safepoint "Cleanup", Time since last: 1000113215 ns, Reaching safepoint: 76200 ns, Cleanup: 15400 ns, At safepoint: 9200 ns, Total: 100800 ns
[881.664s][info ][safepoint      ] Safepoint "Cleanup", Time since last: 3000213502 ns, Reaching safepoint: 4800 ns, Cleanup: 10300 ns, At safepoint: 2200 ns, Total: 17300 ns
[883.664s][info ][safepoint      ] Safepoint "Cleanup", Time since last: 2000180888 ns, Reaching safepoint: 4500 ns, Cleanup: 15800 ns, At safepoint: 1700 ns, Total: 22000 ns
[884.665s][info ][safepoint      ] Safepoint "Cleanup", Time since last: 1000099294 ns, Reaching safepoint: 3900 ns, Cleanup: 20600 ns, At safepoint: 2000 ns, Total: 26500 ns
[885.665s][info ][safepoint      ] Safepoint "Cleanup", Time since last: 1000097094 ns, Reaching safepoint: 3900 ns, Cleanup: 10000 ns, At safepoint: 2200 ns, Total: 16100 ns
[886.401s][info ][gc,start       ] GC(64) Pause Young (Allocation Failure)
[886.413s][debug][gc,phases      ] GC(64) Scavenge 12.648ms
[886.413s][debug][gc,ref         ] GC(64) Skipped phase 1 of Reference Processing: no references
[886.413s][debug][gc,ref         ] GC(64) ReferenceProcessor::execute queues: 1, RefProcThreadModel::Single, marks_oops_alive: false
[886.413s][debug][gc,ref         ] GC(64) Skipped phase 3 of Reference Processing: no references
[886.413s][debug][gc,ref         ] GC(64) ReferenceProcessor::execute queues: 1, RefProcThreadModel::Single, marks_oops_alive: false
[886.414s][debug][gc,phases      ] GC(64) Reference Processing 0.106ms
[886.414s][debug][gc,phases      ] GC(64)   VM Weak                        Min:  0.0, Avg:  0.0, Max:  0.0, Diff:  0.0, Sum:  0.0, Workers: 4
[886.414s][debug][gc,phases      ] GC(64)     Dead                           Min: 0, Avg:  0.0, Max: 0, Diff: 0, Sum: 0, Workers: 4
[886.414s][debug][gc,phases      ] GC(64)     Total                          Min: 0, Avg: 235.8, Max: 495, Diff: 495, Sum: 943, Workers: 4
[886.414s][debug][gc,phases      ] GC(64)   ObjectSynchronizer Weak        Min:  0.0, Avg:  0.0, Max:  0.0, Diff:  0.0, Sum:  0.0, Workers: 4
[886.414s][debug][gc,phases      ] GC(64)     Dead                           Min: 0, Avg:  0.0, Max: 0, Diff: 0, Sum: 0, Workers: 4
[886.414s][debug][gc,phases      ] GC(64)     Total                          Min: 0, Avg:  1.5, Max: 6, Diff: 6, Sum: 6, Workers: 4
[886.414s][debug][gc,phases      ] GC(64)   JVMTI Tag Weak OopStorage      Min:  0.0, Avg:  0.0, Max:  0.0, Diff:  0.0, Sum:  0.0, Workers: 4
[886.414s][debug][gc,phases      ] GC(64)     Dead                           Min: 0, Avg:  0.0, Max: 0, Diff: 0, Sum: 0, Workers: 4
[886.414s][debug][gc,phases      ] GC(64)     Total                          Min: 0, Avg:  0.0, Max: 0, Diff: 0, Sum: 0, Workers: 4
[886.414s][debug][gc,phases      ] GC(64)   StringTable Weak               Min:  0.0, Avg:  0.1, Max:  0.1, Diff:  0.1, Sum:  0.4, Workers: 4
[886.414s][debug][gc,phases      ] GC(64)     Dead                           Min: 0, Avg:  0.0, Max: 0, Diff: 0, Sum: 0, Workers: 4
[886.414s][debug][gc,phases      ] GC(64)     Total                          Min: 0, Avg: 11140.0, Max: 18368, Diff: 18368, Sum: 44560, Workers: 4
[886.414s][debug][gc,phases      ] GC(64)   ResolvedMethodTable Weak       Min:  0.0, Avg:  0.0, Max:  0.0, Diff:  0.0, Sum:  0.1, Workers: 4
[886.414s][debug][gc,phases      ] GC(64)     Dead                           Min: 0, Avg:  0.0, Max: 0, Diff: 0, Sum: 0, Workers: 4
[886.414s][debug][gc,phases      ] GC(64)     Total                          Min: 0, Avg: 2792.0, Max: 4992, Diff: 4992, Sum: 11168, Workers: 4
[886.414s][debug][gc,phases      ] GC(64)   JNI Weak                       Min:  0.0, Avg:  0.0, Max:  0.0, Diff:  0.0, Sum:  0.0, Workers: 4
[886.414s][debug][gc,phases      ] GC(64)     Dead                           Min: 0, Avg:  0.0, Max: 0, Diff: 0, Sum: 0, Workers: 4
[886.414s][debug][gc,phases      ] GC(64)     Total                          Min: 0, Avg: 12.0, Max: 48, Diff: 48, Sum: 48, Workers: 4
[886.414s][debug][gc,phases      ] GC(64)   StringDedup Table Weak         Min:  0.0, Avg:  0.0, Max:  0.0, Diff:  0.0, Sum:  0.0, Workers: 4
[886.414s][debug][gc,phases      ] GC(64)     Dead                           Min: 0, Avg:  0.0, Max: 0, Diff: 0, Sum: 0, Workers: 4
[886.414s][debug][gc,phases      ] GC(64)     Total                          Min: 0, Avg:  0.0, Max: 0, Diff: 0, Sum: 0, Workers: 4
[886.414s][debug][gc,phases      ] GC(64)   StringDedup Requests0 Weak     Min:  0.0, Avg:  0.0, Max:  0.0, Diff:  0.0, Sum:  0.0, Workers: 4
[886.414s][debug][gc,phases      ] GC(64)     Dead                           Min: 0, Avg:  0.0, Max: 0, Diff: 0, Sum: 0, Workers: 4
[886.414s][debug][gc,phases      ] GC(64)     Total                          Min: 0, Avg:  0.0, Max: 0, Diff: 0, Sum: 0, Workers: 4
[886.414s][debug][gc,phases      ] GC(64)   StringDedup Requests1 Weak     Min:  0.0, Avg:  0.0, Max:  0.0, Diff:  0.0, Sum:  0.0, Workers: 4
[886.414s][debug][gc,phases      ] GC(64)     Dead                           Min: 0, Avg:  0.0, Max: 0, Diff: 0, Sum: 0, Workers: 4
[886.414s][debug][gc,phases      ] GC(64)     Total                          Min: 0, Avg:  0.0, Max: 0, Diff: 0, Sum: 0, Workers: 4
[886.414s][debug][gc,phases      ] GC(64)   Weak JFR Old Object Samples    Min:  0.0, Avg:  0.0, Max:  0.0, Diff:  0.0, Sum:  0.0, Workers: 4
[886.414s][debug][gc,phases      ] GC(64)     Dead                           Min: 0, Avg:  0.0, Max: 0, Diff: 0, Sum: 0, Workers: 4
[886.414s][debug][gc,phases      ] GC(64)     Total                          Min: 0, Avg:  0.0, Max: 0, Diff: 0, Sum: 0, Workers: 4
[886.414s][debug][gc,phases      ] GC(64) Weak Processing 0.344ms
[886.414s][debug][gc,age         ] GC(64) Desired survivor size 84410368 bytes, new threshold 15 (max threshold 15)
[886.414s][info ][gc,heap        ] GC(64) PSYoungGen: 1949888K(2011136K)->32160K(2006016K) Eden: 1920000K(1920000K)->0K(1920000K) From: 29888K(91136K)->32160K(86016K)
[886.414s][info ][gc,heap        ] GC(64) ParOldGen: 397461K(478720K)->397501K(478720K)
[886.414s][info ][gc,metaspace   ] GC(64) Metaspace: 88676K(89792K)->88676K(89792K) NonClass: 75788K(76352K)->75788K(76352K) Class: 12887K(13440K)->12887K(13440K)
[886.414s][info ][gc             ] GC(64) Pause Young (Allocation Failure) 2292M->419M(2426M) 13.224ms
[886.414s][info ][gc,cpu         ] GC(64) User=0.03s Sys=0.01s Real=0.01s
[886.414s][info ][safepoint      ] Safepoint "ParallelGCFailedAllocation", Time since last: 735919369 ns, Reaching safepoint: 73900 ns, Cleanup: 4000 ns, At safepoint: 13312931 ns, Total: 13390831 ns
[887.414s][info ][safepoint      ] Safepoint "Cleanup", Time since last: 1000070094 ns, Reaching safepoint: 4400 ns, Cleanup: 8800 ns, At safepoint: 1900 ns, Total: 15100 ns
[889.414s][info ][safepoint      ] Safepoint "Cleanup", Time since last: 2000163055 ns, Reaching safepoint: 4200 ns, Cleanup: 24600 ns, At safepoint: 1700 ns, Total: 30500 ns
[890.414s][info ][safepoint      ] Safepoint "Cleanup", Time since last: 1000104176 ns, Reaching safepoint: 4599 ns, Cleanup: 24800 ns, At safepoint: 2200 ns, Total: 31599 ns
[892.415s][info ][safepoint      ] Safepoint "Cleanup", Time since last: 2000142252 ns, Reaching safepoint: 5300 ns, Cleanup: 9800 ns, At safepoint: 2000 ns, Total: 17100 ns
[893.415s][info ][safepoint      ] Safepoint "Cleanup", Time since last: 1000105375 ns, Reaching safepoint: 4100 ns, Cleanup: 10500 ns, At safepoint: 1800 ns, Total: 16400 ns
[894.415s][info ][safepoint      ] Safepoint "Cleanup", Time since last: 1000087476 ns, Reaching safepoint: 4400 ns, Cleanup: 12200 ns, At safepoint: 2100 ns, Total: 18700 ns
[896.415s][info ][safepoint      ] Safepoint "Cleanup", Time since last: 2000169469 ns, Reaching safepoint: 4500 ns, Cleanup: 8400 ns, At safepoint: 2000 ns, Total: 14900 ns
[900.280s][info ][safepoint      ] Safepoint "Cleanup", Time since last: 3865223097 ns, Reaching safepoint: 68699 ns, Cleanup: 7400 ns, At safepoint: 7900 ns, Total: 83999 ns
[901.280s][info ][safepoint      ] Safepoint "Cleanup", Time since last: 1000097598 ns, Reaching safepoint: 4100 ns, Cleanup: 8400 ns, At safepoint: 1600 ns, Total: 14100 ns
[902.280s][info ][safepoint      ] Safepoint "Cleanup", Time since last: 1000093799 ns, Reaching safepoint: 3800 ns, Cleanup: 25500 ns, At safepoint: 2000 ns, Total: 31300 ns
[905.281s][info ][safepoint      ] Safepoint "Cleanup", Time since last: 3000222295 ns, Reaching safepoint: 4800 ns, Cleanup: 16500 ns, At safepoint: 1900 ns, Total: 23200 ns
[906.251s][info ][gc,start       ] GC(65) Pause Young (Allocation Failure)
[906.266s][debug][gc,phases      ] GC(65) Scavenge 15.757ms
[906.266s][debug][gc,ref         ] GC(65) Skipped phase 1 of Reference Processing: no references
[906.266s][debug][gc,ref         ] GC(65) ReferenceProcessor::execute queues: 1, RefProcThreadModel::Single, marks_oops_alive: false
[906.266s][debug][gc,ref         ] GC(65) Skipped phase 3 of Reference Processing: no references
[906.266s][debug][gc,ref         ] GC(65) ReferenceProcessor::execute queues: 1, RefProcThreadModel::Single, marks_oops_alive: false
[906.266s][debug][gc,phases      ] GC(65) Reference Processing 0.103ms
[906.267s][debug][gc,phases      ] GC(65)   VM Weak                        Min:  0.0, Avg:  0.0, Max:  0.0, Diff:  0.0, Sum:  0.0, Workers: 4
[906.267s][debug][gc,phases      ] GC(65)     Dead                           Min: 0, Avg:  0.0, Max: 0, Diff: 0, Sum: 0, Workers: 4
[906.267s][debug][gc,phases      ] GC(65)     Total                          Min: 0, Avg: 235.8, Max: 704, Diff: 704, Sum: 943, Workers: 4
[906.267s][debug][gc,phases      ] GC(65)   ObjectSynchronizer Weak        Min:  0.0, Avg:  0.0, Max:  0.0, Diff:  0.0, Sum:  0.0, Workers: 4
[906.267s][debug][gc,phases      ] GC(65)     Dead                           Min: 0, Avg:  0.0, Max: 0, Diff: 0, Sum: 0, Workers: 4
[906.267s][debug][gc,phases      ] GC(65)     Total                          Min: 0, Avg:  1.5, Max: 6, Diff: 6, Sum: 6, Workers: 4
[906.267s][debug][gc,phases      ] GC(65)   JVMTI Tag Weak OopStorage      Min:  0.0, Avg:  0.0, Max:  0.0, Diff:  0.0, Sum:  0.0, Workers: 4
[906.267s][debug][gc,phases      ] GC(65)     Dead                           Min: 0, Avg:  0.0, Max: 0, Diff: 0, Sum: 0, Workers: 4
[906.267s][debug][gc,phases      ] GC(65)     Total                          Min: 0, Avg:  0.0, Max: 0, Diff: 0, Sum: 0, Workers: 4
[906.267s][debug][gc,phases      ] GC(65)   StringTable Weak               Min:  0.0, Avg:  0.1, Max:  0.1, Diff:  0.1, Sum:  0.4, Workers: 4
[906.267s][debug][gc,phases      ] GC(65)     Dead                           Min: 0, Avg:  0.0, Max: 0, Diff: 0, Sum: 0, Workers: 4
[906.267s][debug][gc,phases      ] GC(65)     Total                          Min: 0, Avg: 11141.5, Max: 18070, Diff: 18070, Sum: 44566, Workers: 4
[906.267s][debug][gc,phases      ] GC(65)   ResolvedMethodTable Weak       Min:  0.0, Avg:  0.0, Max:  0.0, Diff:  0.0, Sum:  0.1, Workers: 4
[906.267s][debug][gc,phases      ] GC(65)     Dead                           Min: 0, Avg:  0.0, Max: 0, Diff: 0, Sum: 0, Workers: 4
[906.267s][debug][gc,phases      ] GC(65)     Total                          Min: 0, Avg: 2792.0, Max: 4544, Diff: 4544, Sum: 11168, Workers: 4
[906.267s][debug][gc,phases      ] GC(65)   JNI Weak                       Min:  0.0, Avg:  0.0, Max:  0.0, Diff:  0.0, Sum:  0.0, Workers: 4
[906.267s][debug][gc,phases      ] GC(65)     Dead                           Min: 0, Avg:  0.0, Max: 0, Diff: 0, Sum: 0, Workers: 4
[906.267s][debug][gc,phases      ] GC(65)     Total                          Min: 0, Avg: 12.0, Max: 48, Diff: 48, Sum: 48, Workers: 4
[906.267s][debug][gc,phases      ] GC(65)   StringDedup Table Weak         Min:  0.0, Avg:  0.0, Max:  0.0, Diff:  0.0, Sum:  0.0, Workers: 4
[906.267s][debug][gc,phases      ] GC(65)     Dead                           Min: 0, Avg:  0.0, Max: 0, Diff: 0, Sum: 0, Workers: 4
[906.267s][debug][gc,phases      ] GC(65)     Total                          Min: 0, Avg:  0.0, Max: 0, Diff: 0, Sum: 0, Workers: 4
[906.267s][debug][gc,phases      ] GC(65)   StringDedup Requests0 Weak     Min:  0.0, Avg:  0.0, Max:  0.0, Diff:  0.0, Sum:  0.0, Workers: 4
[906.267s][debug][gc,phases      ] GC(65)     Dead                           Min: 0, Avg:  0.0, Max: 0, Diff: 0, Sum: 0, Workers: 4
[906.267s][debug][gc,phases      ] GC(65)     Total                          Min: 0, Avg:  0.0, Max: 0, Diff: 0, Sum: 0, Workers: 4
[906.267s][debug][gc,phases      ] GC(65)   StringDedup Requests1 Weak     Min:  0.0, Avg:  0.0, Max:  0.0, Diff:  0.0, Sum:  0.0, Workers: 4
[906.267s][debug][gc,phases      ] GC(65)     Dead                           Min: 0, Avg:  0.0, Max: 0, Diff: 0, Sum: 0, Workers: 4
[906.267s][debug][gc,phases      ] GC(65)     Total                          Min: 0, Avg:  0.0, Max: 0, Diff: 0, Sum: 0, Workers: 4
[906.267s][debug][gc,phases      ] GC(65)   Weak JFR Old Object Samples    Min:  0.0, Avg:  0.0, Max:  0.0, Diff:  0.0, Sum:  0.0, Workers: 4
[906.267s][debug][gc,phases      ] GC(65)     Dead                           Min: 0, Avg:  0.0, Max: 0, Diff: 0, Sum: 0, Workers: 4
[906.267s][debug][gc,phases      ] GC(65)     Total                          Min: 0, Avg:  0.0, Max: 0, Diff: 0, Sum: 0, Workers: 4
[906.267s][debug][gc,phases      ] GC(65) Weak Processing 0.335ms
[906.267s][debug][gc,age         ] GC(65) Desired survivor size 83361792 bytes, new threshold 15 (max threshold 15)
[906.267s][info ][gc,heap        ] GC(65) PSYoungGen: 1952160K(2006016K)->39680K(2015744K) Eden: 1920000K(1920000K)->0K(1933312K) From: 32160K(86016K)->39680K(82432K)
[906.267s][info ][gc,heap        ] GC(65) ParOldGen: 397501K(478720K)->397589K(478720K)
[906.267s][info ][gc,metaspace   ] GC(65) Metaspace: 88682K(89792K)->88682K(89792K) NonClass: 75795K(76352K)->75795K(76352K) Class: 12887K(13440K)->12887K(13440K)
[906.267s][info ][gc             ] GC(65) Pause Young (Allocation Failure) 2294M->427M(2436M) 16.319ms
[906.267s][info ][gc,cpu         ] GC(65) User=0.03s Sys=0.03s Real=0.02s
[906.267s][info ][safepoint      ] Safepoint "ParallelGCFailedAllocation", Time since last: 969689657 ns, Reaching safepoint: 76299 ns, Cleanup: 21000 ns, At safepoint: 16392715 ns, Total: 16490014 ns
[911.267s][info ][safepoint      ] Safepoint "Cleanup", Time since last: 5000349493 ns, Reaching safepoint: 4900 ns, Cleanup: 13399 ns, At safepoint: 2600 ns, Total: 20899 ns
[914.268s][info ][safepoint      ] Safepoint "Cleanup", Time since last: 3000230898 ns, Reaching safepoint: 6400 ns, Cleanup: 56800 ns, At safepoint: 2100 ns, Total: 65300 ns
[915.268s][info ][safepoint      ] Safepoint "Cleanup", Time since last: 1000111899 ns, Reaching safepoint: 5500 ns, Cleanup: 45599 ns, At safepoint: 2200 ns, Total: 53299 ns
[916.268s][info ][safepoint      ] Safepoint "Cleanup", Time since last: 1000098100 ns, Reaching safepoint: 4300 ns, Cleanup: 80899 ns, At safepoint: 1700 ns, Total: 86899 ns
[917.268s][info ][safepoint      ] Safepoint "Cleanup", Time since last: 1000095699 ns, Reaching safepoint: 4100 ns, Cleanup: 40200 ns, At safepoint: 2000 ns, Total: 46300 ns
[919.204s][info ][safepoint      ] Safepoint "Cleanup", Time since last: 1936064032 ns, Reaching safepoint: 76800 ns, Cleanup: 92999 ns, At safepoint: 6400 ns, Total: 176199 ns
[922.711s][info ][safepoint      ] Safepoint "Cleanup", Time since last: 3506293015 ns, Reaching safepoint: 75899 ns, Cleanup: 24000 ns, At safepoint: 5300 ns, Total: 105199 ns
[925.411s][info ][safepoint      ] Safepoint "Cleanup", Time since last: 2699832639 ns, Reaching safepoint: 74399 ns, Cleanup: 76400 ns, At safepoint: 6400 ns, Total: 157199 ns
[925.454s][info ][gc,start       ] GC(66) Pause Young (Allocation Failure)
[925.469s][debug][gc,phases      ] GC(66) Scavenge 15.078ms
[925.469s][debug][gc,ref         ] GC(66) Skipped phase 1 of Reference Processing: no references
[925.469s][debug][gc,ref         ] GC(66) ReferenceProcessor::execute queues: 1, RefProcThreadModel::Single, marks_oops_alive: false
[925.469s][debug][gc,ref         ] GC(66) Skipped phase 3 of Reference Processing: no references
[925.469s][debug][gc,ref         ] GC(66) ReferenceProcessor::execute queues: 1, RefProcThreadModel::Single, marks_oops_alive: false
[925.469s][debug][gc,phases      ] GC(66) Reference Processing 0.101ms
[925.469s][debug][gc,phases      ] GC(66)   VM Weak                        Min:  0.0, Avg:  0.0, Max:  0.0, Diff:  0.0, Sum:  0.0, Workers: 4
[925.469s][debug][gc,phases      ] GC(66)     Dead                           Min: 0, Avg:  0.0, Max: 0, Diff: 0, Sum: 0, Workers: 4
[925.469s][debug][gc,phases      ] GC(66)     Total                          Min: 0, Avg: 236.8, Max: 563, Diff: 563, Sum: 947, Workers: 4
[925.469s][debug][gc,phases      ] GC(66)   ObjectSynchronizer Weak        Min:  0.0, Avg:  0.0, Max:  0.0, Diff:  0.0, Sum:  0.0, Workers: 4
[925.469s][debug][gc,phases      ] GC(66)     Dead                           Min: 0, Avg:  0.0, Max: 0, Diff: 0, Sum: 0, Workers: 4
[925.469s][debug][gc,phases      ] GC(66)     Total                          Min: 0, Avg:  1.5, Max: 6, Diff: 6, Sum: 6, Workers: 4
[925.469s][debug][gc,phases      ] GC(66)   JVMTI Tag Weak OopStorage      Min:  0.0, Avg:  0.0, Max:  0.0, Diff:  0.0, Sum:  0.0, Workers: 4
[925.469s][debug][gc,phases      ] GC(66)     Dead                           Min: 0, Avg:  0.0, Max: 0, Diff: 0, Sum: 0, Workers: 4
[925.469s][debug][gc,phases      ] GC(66)     Total                          Min: 0, Avg:  0.0, Max: 0, Diff: 0, Sum: 0, Workers: 4
[925.469s][debug][gc,phases      ] GC(66)   StringTable Weak               Min:  0.0, Avg:  0.1, Max:  0.1, Diff:  0.1, Sum:  0.4, Workers: 4
[925.469s][debug][gc,phases      ] GC(66)     Dead                           Min: 0, Avg:  0.0, Max: 0, Diff: 0, Sum: 0, Workers: 4
[925.469s][debug][gc,phases      ] GC(66)     Total                          Min: 0, Avg: 11145.5, Max: 18918, Diff: 18918, Sum: 44582, Workers: 4
[925.469s][debug][gc,phases      ] GC(66)   ResolvedMethodTable Weak       Min:  0.0, Avg:  0.0, Max:  0.0, Diff:  0.0, Sum:  0.1, Workers: 4
[925.469s][debug][gc,phases      ] GC(66)     Dead                           Min: 0, Avg:  0.0, Max: 0, Diff: 0, Sum: 0, Workers: 4
[925.469s][debug][gc,phases      ] GC(66)     Total                          Min: 0, Avg: 2794.5, Max: 4544, Diff: 4544, Sum: 11178, Workers: 4
[925.469s][debug][gc,phases      ] GC(66)   JNI Weak                       Min:  0.0, Avg:  0.0, Max:  0.0, Diff:  0.0, Sum:  0.0, Workers: 4
[925.469s][debug][gc,phases      ] GC(66)     Dead                           Min: 0, Avg:  0.0, Max: 0, Diff: 0, Sum: 0, Workers: 4
[925.469s][debug][gc,phases      ] GC(66)     Total                          Min: 0, Avg: 12.0, Max: 48, Diff: 48, Sum: 48, Workers: 4
[925.469s][debug][gc,phases      ] GC(66)   StringDedup Table Weak         Min:  0.0, Avg:  0.0, Max:  0.0, Diff:  0.0, Sum:  0.0, Workers: 4
[925.469s][debug][gc,phases      ] GC(66)     Dead                           Min: 0, Avg:  0.0, Max: 0, Diff: 0, Sum: 0, Workers: 4
[925.469s][debug][gc,phases      ] GC(66)     Total                          Min: 0, Avg:  0.0, Max: 0, Diff: 0, Sum: 0, Workers: 4
[925.469s][debug][gc,phases      ] GC(66)   StringDedup Requests0 Weak     Min:  0.0, Avg:  0.0, Max:  0.0, Diff:  0.0, Sum:  0.0, Workers: 4
[925.469s][debug][gc,phases      ] GC(66)     Dead                           Min: 0, Avg:  0.0, Max: 0, Diff: 0, Sum: 0, Workers: 4
[925.469s][debug][gc,phases      ] GC(66)     Total                          Min: 0, Avg:  0.0, Max: 0, Diff: 0, Sum: 0, Workers: 4
[925.469s][debug][gc,phases      ] GC(66)   StringDedup Requests1 Weak     Min:  0.0, Avg:  0.0, Max:  0.0, Diff:  0.0, Sum:  0.0, Workers: 4
[925.469s][debug][gc,phases      ] GC(66)     Dead                           Min: 0, Avg:  0.0, Max: 0, Diff: 0, Sum: 0, Workers: 4
[925.469s][debug][gc,phases      ] GC(66)     Total                          Min: 0, Avg:  0.0, Max: 0, Diff: 0, Sum: 0, Workers: 4
[925.469s][debug][gc,phases      ] GC(66)   Weak JFR Old Object Samples    Min:  0.0, Avg:  0.0, Max:  0.0, Diff:  0.0, Sum:  0.0, Workers: 4
[925.469s][debug][gc,phases      ] GC(66)     Dead                           Min: 0, Avg:  0.0, Max: 0, Diff: 0, Sum: 0, Workers: 4
[925.469s][debug][gc,phases      ] GC(66)     Total                          Min: 0, Avg:  0.0, Max: 0, Diff: 0, Sum: 0, Workers: 4
[925.469s][debug][gc,phases      ] GC(66) Weak Processing 0.338ms
[925.469s][debug][gc,age         ] GC(66) Desired survivor size 82313216 bytes, new threshold 15 (max threshold 15)
[925.469s][info ][gc,heap        ] GC(66) PSYoungGen: 1972992K(2015744K)->39520K(2014720K) Eden: 1933312K(1933312K)->0K(1933312K) From: 39680K(82432K)->39520K(81408K)
[925.469s][info ][gc,heap        ] GC(66) ParOldGen: 397589K(478720K)->397921K(478720K)
[925.469s][info ][gc,metaspace   ] GC(66) Metaspace: 88730K(89856K)->88730K(89856K) NonClass: 75839K(76416K)->75839K(76416K) Class: 12891K(13440K)->12891K(13440K)
[925.469s][info ][gc             ] GC(66) Pause Young (Allocation Failure) 2315M->427M(2435M) 15.641ms
[925.469s][info ][gc,cpu         ] GC(66) User=0.03s Sys=0.01s Real=0.02s
[925.469s][info ][safepoint      ] Safepoint "ParallelGCFailedAllocation", Time since last: 42888373 ns, Reaching safepoint: 77200 ns, Cleanup: 3700 ns, At safepoint: 15711917 ns, Total: 15792817 ns
[926.470s][info ][safepoint      ] Safepoint "Cleanup", Time since last: 1000093917 ns, Reaching safepoint: 5000 ns, Cleanup: 65900 ns, At safepoint: 2400 ns, Total: 73300 ns
[927.470s][info ][safepoint      ] Safepoint "Cleanup", Time since last: 1000096417 ns, Reaching safepoint: 4200 ns, Cleanup: 10700 ns, At safepoint: 20200 ns, Total: 35100 ns
[929.470s][info ][safepoint      ] Safepoint "Cleanup", Time since last: 2000159184 ns, Reaching safepoint: 4200 ns, Cleanup: 15900 ns, At safepoint: 1900 ns, Total: 22000 ns
[930.470s][info ][safepoint      ] Safepoint "Cleanup", Time since last: 1000097499 ns, Reaching safepoint: 3800 ns, Cleanup: 7900 ns, At safepoint: 2000 ns, Total: 13700 ns
[931.470s][info ][safepoint      ] Safepoint "Cleanup", Time since last: 1000086800 ns, Reaching safepoint: 4600 ns, Cleanup: 9000 ns, At safepoint: 2300 ns, Total: 15900 ns
[933.470s][info ][safepoint      ] Safepoint "Cleanup", Time since last: 2000163599 ns, Reaching safepoint: 4400 ns, Cleanup: 8600 ns, At safepoint: 2000 ns, Total: 15000 ns
[934.470s][info ][safepoint      ] Safepoint "Cleanup", Time since last: 1000102699 ns, Reaching safepoint: 4300 ns, Cleanup: 7100 ns, At safepoint: 1600 ns, Total: 13000 ns
[935.470s][info ][safepoint      ] Safepoint "Cleanup", Time since last: 1000103000 ns, Reaching safepoint: 5100 ns, Cleanup: 8899 ns, At safepoint: 2000 ns, Total: 15999 ns
[936.471s][info ][safepoint      ] Safepoint "Cleanup", Time since last: 1000106935 ns, Reaching safepoint: 6900 ns, Cleanup: 12100 ns, At safepoint: 2100 ns, Total: 21100 ns
[937.471s][info ][safepoint      ] Safepoint "Cleanup", Time since last: 1000093819 ns, Reaching safepoint: 5200 ns, Cleanup: 16000 ns, At safepoint: 2000 ns, Total: 23200 ns
[938.471s][info ][safepoint      ] Safepoint "Cleanup", Time since last: 1000098019 ns, Reaching safepoint: 4300 ns, Cleanup: 32900 ns, At safepoint: 2200 ns, Total: 39400 ns
[939.471s][info ][safepoint      ] Safepoint "Cleanup", Time since last: 1000100419 ns, Reaching safepoint: 4600 ns, Cleanup: 13300 ns, At safepoint: 1900 ns, Total: 19800 ns
[940.471s][info ][safepoint      ] Safepoint "Cleanup", Time since last: 1000111719 ns, Reaching safepoint: 5900 ns, Cleanup: 12100 ns, At safepoint: 2000 ns, Total: 20000 ns
[941.471s][info ][safepoint      ] Safepoint "Cleanup", Time since last: 1000105919 ns, Reaching safepoint: 4500 ns, Cleanup: 22700 ns, At safepoint: 1800 ns, Total: 29000 ns
[942.471s][info ][safepoint      ] Safepoint "Cleanup", Time since last: 1000102219 ns, Reaching safepoint: 4400 ns, Cleanup: 52900 ns, At safepoint: 8100 ns, Total: 65400 ns
[943.472s][info ][safepoint      ] Safepoint "Cleanup", Time since last: 1000108619 ns, Reaching safepoint: 79900 ns, Cleanup: 31600 ns, At safepoint: 6600 ns, Total: 118100 ns
[944.170s][info ][gc,start       ] GC(67) Pause Young (Allocation Failure)
[944.199s][debug][gc,phases      ] GC(67) Scavenge 29.193ms
[944.199s][debug][gc,ref         ] GC(67) Skipped phase 1 of Reference Processing: no references
[944.199s][debug][gc,ref         ] GC(67) ReferenceProcessor::execute queues: 1, RefProcThreadModel::Single, marks_oops_alive: false
[944.199s][debug][gc,ref         ] GC(67) Skipped phase 3 of Reference Processing: no references
[944.199s][debug][gc,ref         ] GC(67) ReferenceProcessor::execute queues: 1, RefProcThreadModel::Single, marks_oops_alive: false
[944.199s][debug][gc,phases      ] GC(67) Reference Processing 0.118ms
[944.200s][debug][gc,phases      ] GC(67)   VM Weak                        Min:  0.0, Avg:  0.0, Max:  0.0, Diff:  0.0, Sum:  0.0, Workers: 4
[944.200s][debug][gc,phases      ] GC(67)     Dead                           Min: 0, Avg:  0.0, Max: 0, Diff: 0, Sum: 0, Workers: 4
[944.200s][debug][gc,phases      ] GC(67)     Total                          Min: 0, Avg: 236.8, Max: 947, Diff: 947, Sum: 947, Workers: 4
[944.200s][debug][gc,phases      ] GC(67)   ObjectSynchronizer Weak        Min:  0.0, Avg:  0.0, Max:  0.0, Diff:  0.0, Sum:  0.0, Workers: 4
[944.200s][debug][gc,phases      ] GC(67)     Dead                           Min: 0, Avg:  0.0, Max: 0, Diff: 0, Sum: 0, Workers: 4
[944.200s][debug][gc,phases      ] GC(67)     Total                          Min: 0, Avg:  1.5, Max: 6, Diff: 6, Sum: 6, Workers: 4
[944.200s][debug][gc,phases      ] GC(67)   JVMTI Tag Weak OopStorage      Min:  0.0, Avg:  0.0, Max:  0.0, Diff:  0.0, Sum:  0.0, Workers: 4
[944.200s][debug][gc,phases      ] GC(67)     Dead                           Min: 0, Avg:  0.0, Max: 0, Diff: 0, Sum: 0, Workers: 4
[944.200s][debug][gc,phases      ] GC(67)     Total                          Min: 0, Avg:  0.0, Max: 0, Diff: 0, Sum: 0, Workers: 4
[944.200s][debug][gc,phases      ] GC(67)   StringTable Weak               Min:  0.0, Avg:  0.1, Max:  0.4, Diff:  0.4, Sum:  0.4, Workers: 4
[944.200s][debug][gc,phases      ] GC(67)     Dead                           Min: 0, Avg:  0.2, Max: 1, Diff: 1, Sum: 1, Workers: 4
[944.200s][debug][gc,phases      ] GC(67)     Total                          Min: 0, Avg: 11148.5, Max: 44594, Diff: 44594, Sum: 44594, Workers: 4
[944.200s][debug][gc,phases      ] GC(67)   ResolvedMethodTable Weak       Min:  0.0, Avg:  0.0, Max:  0.1, Diff:  0.1, Sum:  0.1, Workers: 4
[944.200s][debug][gc,phases      ] GC(67)     Dead                           Min: 0, Avg:  0.0, Max: 0, Diff: 0, Sum: 0, Workers: 4
[944.200s][debug][gc,phases      ] GC(67)     Total                          Min: 0, Avg: 2795.2, Max: 11181, Diff: 11181, Sum: 11181, Workers: 4
[944.200s][debug][gc,phases      ] GC(67)   JNI Weak                       Min:  0.0, Avg:  0.0, Max:  0.0, Diff:  0.0, Sum:  0.0, Workers: 4
[944.200s][debug][gc,phases      ] GC(67)     Dead                           Min: 0, Avg:  0.0, Max: 0, Diff: 0, Sum: 0, Workers: 4
[944.200s][debug][gc,phases      ] GC(67)     Total                          Min: 0, Avg: 12.0, Max: 48, Diff: 48, Sum: 48, Workers: 4
[944.200s][debug][gc,phases      ] GC(67)   StringDedup Table Weak         Min:  0.0, Avg:  0.0, Max:  0.0, Diff:  0.0, Sum:  0.0, Workers: 4
[944.200s][debug][gc,phases      ] GC(67)     Dead                           Min: 0, Avg:  0.0, Max: 0, Diff: 0, Sum: 0, Workers: 4
[944.200s][debug][gc,phases      ] GC(67)     Total                          Min: 0, Avg:  0.0, Max: 0, Diff: 0, Sum: 0, Workers: 4
[944.200s][debug][gc,phases      ] GC(67)   StringDedup Requests0 Weak     Min:  0.0, Avg:  0.0, Max:  0.0, Diff:  0.0, Sum:  0.0, Workers: 4
[944.200s][debug][gc,phases      ] GC(67)     Dead                           Min: 0, Avg:  0.0, Max: 0, Diff: 0, Sum: 0, Workers: 4
[944.200s][debug][gc,phases      ] GC(67)     Total                          Min: 0, Avg:  0.0, Max: 0, Diff: 0, Sum: 0, Workers: 4
[944.200s][debug][gc,phases      ] GC(67)   StringDedup Requests1 Weak     Min:  0.0, Avg:  0.0, Max:  0.0, Diff:  0.0, Sum:  0.0, Workers: 4
[944.200s][debug][gc,phases      ] GC(67)     Dead                           Min: 0, Avg:  0.0, Max: 0, Diff: 0, Sum: 0, Workers: 4
[944.200s][debug][gc,phases      ] GC(67)     Total                          Min: 0, Avg:  0.0, Max: 0, Diff: 0, Sum: 0, Workers: 4
[944.200s][debug][gc,phases      ] GC(67)   Weak JFR Old Object Samples    Min:  0.0, Avg:  0.0, Max:  0.0, Diff:  0.0, Sum:  0.0, Workers: 4
[944.200s][debug][gc,phases      ] GC(67)     Dead                           Min: 0, Avg:  0.0, Max: 0, Diff: 0, Sum: 0, Workers: 4
[944.200s][debug][gc,phases      ] GC(67)     Total                          Min: 0, Avg:  0.0, Max: 0, Diff: 0, Sum: 0, Workers: 4
[944.200s][debug][gc,phases      ] GC(67) Weak Processing 0.711ms
[944.200s][debug][gc,age         ] GC(67) Desired survivor size 81788928 bytes, new threshold 15 (max threshold 15)
[944.200s][info ][gc,heap        ] GC(67) PSYoungGen: 1972832K(2014720K)->42144K(2017280K) Eden: 1933312K(1933312K)->0K(1936896K) From: 39520K(81408K)->42144K(80384K)
[944.200s][info ][gc,heap        ] GC(67) ParOldGen: 397921K(478720K)->397953K(478720K)
[944.200s][info ][gc,metaspace   ] GC(67) Metaspace: 88777K(89920K)->88777K(89920K) NonClass: 75884K(76480K)->75884K(76480K) Class: 12892K(13440K)->12892K(13440K)
[944.200s][info ][gc             ] GC(67) Pause Young (Allocation Failure) 2315M->429M(2437M) 30.145ms
[944.200s][info ][gc,cpu         ] GC(67) User=0.06s Sys=0.00s Real=0.03s
[944.200s][info ][safepoint      ] Safepoint "ParallelGCFailedAllocation", Time since last: 698034545 ns, Reaching safepoint: 141800 ns, Cleanup: 25400 ns, At safepoint: 30227242 ns, Total: 30394442 ns
[945.200s][info ][safepoint      ] Safepoint "Cleanup", Time since last: 1000084782 ns, Reaching safepoint: 77099 ns, Cleanup: 28600 ns, At safepoint: 4500 ns, Total: 110199 ns
[946.240s][info ][safepoint      ] Safepoint "Cleanup", Time since last: 1039348177 ns, Reaching safepoint: 78200 ns, Cleanup: 110899 ns, At safepoint: 7100 ns, Total: 196199 ns
[946.838s][info ][safepoint      ] Safepoint "ICBufferFull", Time since last: 590461119 ns, Reaching safepoint: 7279062 ns, Cleanup: 152900 ns, At safepoint: 16099 ns, Total: 7448061 ns
[947.530s][info ][safepoint      ] Safepoint "ICBufferFull", Time since last: 688614308 ns, Reaching safepoint: 3479381 ns, Cleanup: 148900 ns, At safepoint: 11100 ns, Total: 3639381 ns
[948.183s][info ][safepoint      ] Safepoint "ICBufferFull", Time since last: 651254601 ns, Reaching safepoint: 1242594 ns, Cleanup: 155599 ns, At safepoint: 10800 ns, Total: 1408993 ns
[948.758s][info ][safepoint      ] Safepoint "ICBufferFull", Time since last: 574223004 ns, Reaching safepoint: 1424693 ns, Cleanup: 148699 ns, At safepoint: 7600 ns, Total: 1580992 ns
[949.122s][info ][safepoint      ] Safepoint "ICBufferFull", Time since last: 362959506 ns, Reaching safepoint: 78700 ns, Cleanup: 171099 ns, At safepoint: 3900 ns, Total: 253699 ns
[949.123s][info ][safepoint      ] Safepoint "ICBufferFull", Time since last: 1467192 ns, Reaching safepoint: 144099 ns, Cleanup: 17500 ns, At safepoint: 4400 ns, Total: 165999 ns
[949.632s][info ][safepoint      ] Safepoint "ICBufferFull", Time since last: 508055549 ns, Reaching safepoint: 78400 ns, Cleanup: 152199 ns, At safepoint: 9500 ns, Total: 240099 ns
[950.364s][info ][safepoint      ] Safepoint "ICBufferFull", Time since last: 732224480 ns, Reaching safepoint: 82599 ns, Cleanup: 193299 ns, At safepoint: 6700 ns, Total: 282598 ns
[951.364s][info ][safepoint      ] Safepoint "Cleanup", Time since last: 1000103582 ns, Reaching safepoint: 76199 ns, Cleanup: 212399 ns, At safepoint: 18400 ns, Total: 306998 ns
[952.365s][info ][safepoint      ] Safepoint "Cleanup", Time since last: 1000137992 ns, Reaching safepoint: 78400 ns, Cleanup: 61800 ns, At safepoint: 10000 ns, Total: 150200 ns
[952.599s][info ][gc,start       ] GC(68) Pause Young (Allocation Failure)
[952.643s][debug][gc,phases      ] GC(68) Scavenge 44.111ms
[952.643s][debug][gc,ref         ] GC(68) Skipped phase 1 of Reference Processing: no references
[952.643s][debug][gc,ref         ] GC(68) ReferenceProcessor::execute queues: 1, RefProcThreadModel::Single, marks_oops_alive: false
[952.643s][debug][gc,ref         ] GC(68) Skipped phase 3 of Reference Processing: no references
[952.643s][debug][gc,ref         ] GC(68) ReferenceProcessor::execute queues: 1, RefProcThreadModel::Single, marks_oops_alive: false
[952.643s][debug][gc,phases      ] GC(68) Reference Processing 0.182ms
[952.643s][debug][gc,phases      ] GC(68)   VM Weak                        Min:  0.0, Avg:  0.0, Max:  0.0, Diff:  0.0, Sum:  0.0, Workers: 4
[952.643s][debug][gc,phases      ] GC(68)     Dead                           Min: 0, Avg:  0.0, Max: 0, Diff: 0, Sum: 0, Workers: 4
[952.643s][debug][gc,phases      ] GC(68)     Total                          Min: 0, Avg: 243.8, Max: 527, Diff: 527, Sum: 975, Workers: 4
[952.643s][debug][gc,phases      ] GC(68)   ObjectSynchronizer Weak        Min:  0.0, Avg:  0.0, Max:  0.0, Diff:  0.0, Sum:  0.0, Workers: 4
[952.643s][debug][gc,phases      ] GC(68)     Dead                           Min: 0, Avg:  0.5, Max: 2, Diff: 2, Sum: 2, Workers: 4
[952.643s][debug][gc,phases      ] GC(68)     Total                          Min: 0, Avg:  2.2, Max: 9, Diff: 9, Sum: 9, Workers: 4
[952.643s][debug][gc,phases      ] GC(68)   JVMTI Tag Weak OopStorage      Min:  0.0, Avg:  0.0, Max:  0.0, Diff:  0.0, Sum:  0.0, Workers: 4
[952.643s][debug][gc,phases      ] GC(68)     Dead                           Min: 0, Avg:  0.0, Max: 0, Diff: 0, Sum: 0, Workers: 4
[952.643s][debug][gc,phases      ] GC(68)     Total                          Min: 0, Avg:  0.0, Max: 0, Diff: 0, Sum: 0, Workers: 4
[952.643s][debug][gc,phases      ] GC(68)   StringTable Weak               Min:  0.0, Avg:  0.1, Max:  0.2, Diff:  0.2, Sum:  0.5, Workers: 4
[952.643s][debug][gc,phases      ] GC(68)     Dead                           Min: 0, Avg:  2.2, Max: 6, Diff: 6, Sum: 9, Workers: 4
[952.643s][debug][gc,phases      ] GC(68)     Total                          Min: 0, Avg: 11217.0, Max: 23236, Diff: 23236, Sum: 44868, Workers: 4
[952.643s][debug][gc,phases      ] GC(68)   ResolvedMethodTable Weak       Min:  0.0, Avg:  0.0, Max:  0.1, Diff:  0.1, Sum:  0.1, Workers: 4
[952.643s][debug][gc,phases      ] GC(68)     Dead                           Min: 0, Avg:  6.2, Max: 17, Diff: 17, Sum: 25, Workers: 4
[952.643s][debug][gc,phases      ] GC(68)     Total                          Min: 0, Avg: 2874.2, Max: 5888, Diff: 5888, Sum: 11497, Workers: 4
[952.643s][debug][gc,phases      ] GC(68)   JNI Weak                       Min:  0.0, Avg:  0.0, Max:  0.0, Diff:  0.0, Sum:  0.0, Workers: 4
[952.643s][debug][gc,phases      ] GC(68)     Dead                           Min: 0, Avg:  0.0, Max: 0, Diff: 0, Sum: 0, Workers: 4
[952.643s][debug][gc,phases      ] GC(68)     Total                          Min: 0, Avg: 29.2, Max: 62, Diff: 62, Sum: 117, Workers: 4
[952.643s][debug][gc,phases      ] GC(68)   StringDedup Table Weak         Min:  0.0, Avg:  0.0, Max:  0.0, Diff:  0.0, Sum:  0.0, Workers: 4
[952.643s][debug][gc,phases      ] GC(68)     Dead                           Min: 0, Avg:  0.0, Max: 0, Diff: 0, Sum: 0, Workers: 4
[952.644s][debug][gc,phases      ] GC(68)     Total                          Min: 0, Avg:  0.0, Max: 0, Diff: 0, Sum: 0, Workers: 4
[952.644s][debug][gc,phases      ] GC(68)   StringDedup Requests0 Weak     Min:  0.0, Avg:  0.0, Max:  0.0, Diff:  0.0, Sum:  0.0, Workers: 4
[952.644s][debug][gc,phases      ] GC(68)     Dead                           Min: 0, Avg:  0.0, Max: 0, Diff: 0, Sum: 0, Workers: 4
[952.644s][debug][gc,phases      ] GC(68)     Total                          Min: 0, Avg:  0.0, Max: 0, Diff: 0, Sum: 0, Workers: 4
[952.644s][debug][gc,phases      ] GC(68)   StringDedup Requests1 Weak     Min:  0.0, Avg:  0.0, Max:  0.0, Diff:  0.0, Sum:  0.0, Workers: 4
[952.644s][debug][gc,phases      ] GC(68)     Dead                           Min: 0, Avg:  0.0, Max: 0, Diff: 0, Sum: 0, Workers: 4
[952.644s][debug][gc,phases      ] GC(68)     Total                          Min: 0, Avg:  0.0, Max: 0, Diff: 0, Sum: 0, Workers: 4
[952.644s][debug][gc,phases      ] GC(68)   Weak JFR Old Object Samples    Min:  0.0, Avg:  0.0, Max:  0.0, Diff:  0.0, Sum:  0.0, Workers: 4
[952.644s][debug][gc,phases      ] GC(68)     Dead                           Min: 0, Avg:  0.0, Max: 0, Diff: 0, Sum: 0, Workers: 4
[952.644s][debug][gc,phases      ] GC(68)     Total                          Min: 0, Avg:  0.0, Max: 0, Diff: 0, Sum: 0, Workers: 4
[952.644s][debug][gc,phases      ] GC(68) Weak Processing 0.556ms
[952.644s][debug][gc,age         ] GC(68) Desired survivor size 89128960 bytes, new threshold 15 (max threshold 15)
[952.644s][info ][gc,heap        ] GC(68) PSYoungGen: 1979040K(2017280K)->63001K(2000384K) Eden: 1936896K(1936896K)->0K(1936896K) From: 42144K(80384K)->63001K(63488K)
[952.644s][info ][gc,heap        ] GC(68) ParOldGen: 397953K(478720K)->398017K(478720K)
[952.644s][info ][gc,metaspace   ] GC(68) Metaspace: 90180K(91328K)->90180K(91328K) NonClass: 77103K(77696K)->77103K(77696K) Class: 13076K(13632K)->13076K(13632K)
[952.644s][info ][gc             ] GC(68) Pause Young (Allocation Failure) 2321M->450M(2421M) 44.988ms
[952.644s][info ][gc,cpu         ] GC(68) User=0.13s Sys=0.00s Real=0.05s
[952.644s][info ][safepoint      ] Safepoint "ParallelGCFailedAllocation", Time since last: 233700484 ns, Reaching safepoint: 85099 ns, Cleanup: 30600 ns, At safepoint: 45075966 ns, Total: 45191665 ns
[953.644s][info ][safepoint      ] Safepoint "Cleanup", Time since last: 1000083297 ns, Reaching safepoint: 4300 ns, Cleanup: 47200 ns, At safepoint: 1900 ns, Total: 53400 ns
[954.644s][info ][safepoint      ] Safepoint "Cleanup", Time since last: 1000099897 ns, Reaching safepoint: 4000 ns, Cleanup: 29799 ns, At safepoint: 1700 ns, Total: 35499 ns
[955.466s][info ][safepoint      ] Safepoint "ICBufferFull", Time since last: 822305422 ns, Reaching safepoint: 78100 ns, Cleanup: 131899 ns, At safepoint: 8400 ns, Total: 218399 ns
[956.825s][info ][safepoint      ] Safepoint "Cleanup", Time since last: 1358571832 ns, Reaching safepoint: 4800 ns, Cleanup: 148400 ns, At safepoint: 4500 ns, Total: 157700 ns
[957.825s][info ][safepoint      ] Safepoint "Cleanup", Time since last: 1000107497 ns, Reaching safepoint: 5000 ns, Cleanup: 88599 ns, At safepoint: 2300 ns, Total: 95899 ns
[958.826s][info ][safepoint      ] Safepoint "Cleanup", Time since last: 1000106497 ns, Reaching safepoint: 311299 ns, Cleanup: 46499 ns, At safepoint: 10000 ns, Total: 367798 ns
[959.826s][info ][safepoint      ] Safepoint "Cleanup", Time since last: 1000098397 ns, Reaching safepoint: 4600 ns, Cleanup: 64300 ns, At safepoint: 1900 ns, Total: 70800 ns
[961.319s][info ][safepoint      ] Safepoint "Cleanup", Time since last: 1493237831 ns, Reaching safepoint: 7000 ns, Cleanup: 18800 ns, At safepoint: 6300 ns, Total: 32100 ns
[961.965s][info ][gc,start       ] GC(69) Pause Young (Allocation Failure)
[961.991s][debug][gc,phases      ] GC(69) Scavenge 26.328ms
[961.991s][debug][gc,ref         ] GC(69) Skipped phase 1 of Reference Processing: no references
[961.992s][debug][gc,ref         ] GC(69) ReferenceProcessor::execute queues: 1, RefProcThreadModel::Single, marks_oops_alive: false
[961.992s][debug][gc,ref         ] GC(69) Skipped phase 3 of Reference Processing: no references
[961.992s][debug][gc,ref         ] GC(69) ReferenceProcessor::execute queues: 1, RefProcThreadModel::Single, marks_oops_alive: false
[961.992s][debug][gc,phases      ] GC(69) Reference Processing 0.126ms
[961.992s][debug][gc,phases      ] GC(69)   VM Weak                        Min:  0.0, Avg:  0.0, Max:  0.0, Diff:  0.0, Sum:  0.0, Workers: 4
[961.992s][debug][gc,phases      ] GC(69)     Dead                           Min: 0, Avg:  0.0, Max: 0, Diff: 0, Sum: 0, Workers: 4
[961.992s][debug][gc,phases      ] GC(69)     Total                          Min: 0, Avg: 243.8, Max: 911, Diff: 911, Sum: 975, Workers: 4
[961.992s][debug][gc,phases      ] GC(69)   ObjectSynchronizer Weak        Min:  0.0, Avg:  0.0, Max:  0.0, Diff:  0.0, Sum:  0.0, Workers: 4
[961.992s][debug][gc,phases      ] GC(69)     Dead                           Min: 0, Avg:  0.0, Max: 0, Diff: 0, Sum: 0, Workers: 4
[961.992s][debug][gc,phases      ] GC(69)     Total                          Min: 0, Avg:  1.2, Max: 5, Diff: 5, Sum: 5, Workers: 4
[961.992s][debug][gc,phases      ] GC(69)   JVMTI Tag Weak OopStorage      Min:  0.0, Avg:  0.0, Max:  0.0, Diff:  0.0, Sum:  0.0, Workers: 4
[961.992s][debug][gc,phases      ] GC(69)     Dead                           Min: 0, Avg:  0.0, Max: 0, Diff: 0, Sum: 0, Workers: 4
[961.992s][debug][gc,phases      ] GC(69)     Total                          Min: 0, Avg:  0.0, Max: 0, Diff: 0, Sum: 0, Workers: 4
[961.992s][debug][gc,phases      ] GC(69)   StringTable Weak               Min:  0.0, Avg:  0.1, Max:  0.1, Diff:  0.1, Sum:  0.4, Workers: 4
[961.992s][debug][gc,phases      ] GC(69)     Dead                           Min: 0, Avg:  0.2, Max: 1, Diff: 1, Sum: 1, Workers: 4
[961.992s][debug][gc,phases      ] GC(69)     Total                          Min: 0, Avg: 11238.5, Max: 20058, Diff: 20058, Sum: 44954, Workers: 4
[961.992s][debug][gc,phases      ] GC(69)   ResolvedMethodTable Weak       Min:  0.0, Avg:  0.0, Max:  0.0, Diff:  0.0, Sum:  0.1, Workers: 4
[961.992s][debug][gc,phases      ] GC(69)     Dead                           Min: 0, Avg:  0.0, Max: 0, Diff: 0, Sum: 0, Workers: 4
[961.992s][debug][gc,phases      ] GC(69)     Total                          Min: 0, Avg: 2880.0, Max: 4672, Diff: 4672, Sum: 11520, Workers: 4
[961.992s][debug][gc,phases      ] GC(69)   JNI Weak                       Min:  0.0, Avg:  0.0, Max:  0.0, Diff:  0.0, Sum:  0.0, Workers: 4
[961.992s][debug][gc,phases      ] GC(69)     Dead                           Min: 0, Avg:  0.0, Max: 0, Diff: 0, Sum: 0, Workers: 4
[961.992s][debug][gc,phases      ] GC(69)     Total                          Min: 0, Avg: 12.0, Max: 48, Diff: 48, Sum: 48, Workers: 4
[961.992s][debug][gc,phases      ] GC(69)   StringDedup Table Weak         Min:  0.0, Avg:  0.0, Max:  0.0, Diff:  0.0, Sum:  0.0, Workers: 4
[961.992s][debug][gc,phases      ] GC(69)     Dead                           Min: 0, Avg:  0.0, Max: 0, Diff: 0, Sum: 0, Workers: 4
[961.992s][debug][gc,phases      ] GC(69)     Total                          Min: 0, Avg:  0.0, Max: 0, Diff: 0, Sum: 0, Workers: 4
[961.992s][debug][gc,phases      ] GC(69)   StringDedup Requests0 Weak     Min:  0.0, Avg:  0.0, Max:  0.0, Diff:  0.0, Sum:  0.0, Workers: 4
[961.992s][debug][gc,phases      ] GC(69)     Dead                           Min: 0, Avg:  0.0, Max: 0, Diff: 0, Sum: 0, Workers: 4
[961.992s][debug][gc,phases      ] GC(69)     Total                          Min: 0, Avg:  0.0, Max: 0, Diff: 0, Sum: 0, Workers: 4
[961.992s][debug][gc,phases      ] GC(69)   StringDedup Requests1 Weak     Min:  0.0, Avg:  0.0, Max:  0.0, Diff:  0.0, Sum:  0.0, Workers: 4
[961.992s][debug][gc,phases      ] GC(69)     Dead                           Min: 0, Avg:  0.0, Max: 0, Diff: 0, Sum: 0, Workers: 4
[961.992s][debug][gc,phases      ] GC(69)     Total                          Min: 0, Avg:  0.0, Max: 0, Diff: 0, Sum: 0, Workers: 4
[961.992s][debug][gc,phases      ] GC(69)   Weak JFR Old Object Samples    Min:  0.0, Avg:  0.0, Max:  0.0, Diff:  0.0, Sum:  0.0, Workers: 4
[961.992s][debug][gc,phases      ] GC(69)     Dead                           Min: 0, Avg:  0.0, Max: 0, Diff: 0, Sum: 0, Workers: 4
[961.992s][debug][gc,phases      ] GC(69)     Total                          Min: 0, Avg:  0.0, Max: 0, Diff: 0, Sum: 0, Workers: 4
[961.992s][debug][gc,phases      ] GC(69) Weak Processing 0.322ms
[961.992s][debug][gc,age         ] GC(69) Desired survivor size 100139008 bytes, new threshold 15 (max threshold 15)
[961.992s][info ][gc,heap        ] GC(69) PSYoungGen: 1999897K(2000384K)->78169K(1988608K) Eden: 1936896K(1936896K)->0K(1901568K) From: 63001K(63488K)->78169K(87040K)
[961.992s][info ][gc,heap        ] GC(69) ParOldGen: 398017K(478720K)->398257K(478720K)
[961.992s][info ][gc,metaspace   ] GC(69) Metaspace: 90338K(91456K)->90338K(91456K) NonClass: 77249K(77824K)->77249K(77824K) Class: 13088K(13632K)->13088K(13632K)
[961.992s][info ][gc             ] GC(69) Pause Young (Allocation Failure) 2341M->465M(2409M) 26.892ms
[961.992s][info ][gc,cpu         ] GC(69) User=0.10s Sys=0.01s Real=0.02s
[961.992s][info ][safepoint      ] Safepoint "ParallelGCFailedAllocation", Time since last: 645682340 ns, Reaching safepoint: 4000 ns, Cleanup: 6900 ns, At safepoint: 26958160 ns, Total: 26969060 ns
[962.992s][info ][safepoint      ] Safepoint "Cleanup", Time since last: 1000087896 ns, Reaching safepoint: 4200 ns, Cleanup: 13400 ns, At safepoint: 1900 ns, Total: 19500 ns
[964.992s][info ][safepoint      ] Safepoint "Cleanup", Time since last: 2000165894 ns, Reaching safepoint: 4700 ns, Cleanup: 12299 ns, At safepoint: 1900 ns, Total: 18899 ns
[966.992s][info ][safepoint      ] Safepoint "Cleanup", Time since last: 2000164294 ns, Reaching safepoint: 4800 ns, Cleanup: 13100 ns, At safepoint: 2000 ns, Total: 19900 ns
[967.993s][info ][safepoint      ] Safepoint "Cleanup", Time since last: 1000144999 ns, Reaching safepoint: 5100 ns, Cleanup: 11900 ns, At safepoint: 1800 ns, Total: 18800 ns
[970.993s][info ][safepoint      ] Safepoint "Cleanup", Time since last: 3000255617 ns, Reaching safepoint: 4600 ns, Cleanup: 11500 ns, At safepoint: 1500 ns, Total: 17600 ns
[971.993s][info ][safepoint      ] Safepoint "Cleanup", Time since last: 1000096705 ns, Reaching safepoint: 4000 ns, Cleanup: 10200 ns, At safepoint: 1700 ns, Total: 15900 ns
[972.993s][info ][safepoint      ] Safepoint "Cleanup", Time since last: 1000092006 ns, Reaching safepoint: 4000 ns, Cleanup: 19000 ns, At safepoint: 11200 ns, Total: 34200 ns
[973.993s][info ][safepoint      ] Safepoint "Cleanup", Time since last: 1000095406 ns, Reaching safepoint: 3599 ns, Cleanup: 9100 ns, At safepoint: 1800 ns, Total: 14499 ns
[975.993s][info ][safepoint      ] Safepoint "Cleanup", Time since last: 2000158408 ns, Reaching safepoint: 3300 ns, Cleanup: 52600 ns, At safepoint: 2400 ns, Total: 58300 ns
[976.994s][info ][safepoint      ] Safepoint "Cleanup", Time since last: 1000105893 ns, Reaching safepoint: 5500 ns, Cleanup: 33600 ns, At safepoint: 2900 ns, Total: 42000 ns
[977.994s][info ][safepoint      ] Safepoint "Cleanup", Time since last: 1000114393 ns, Reaching safepoint: 76400 ns, Cleanup: 9000 ns, At safepoint: 6100 ns, Total: 91500 ns
[978.994s][info ][safepoint      ] Safepoint "Cleanup", Time since last: 1000136993 ns, Reaching safepoint: 5600 ns, Cleanup: 10300 ns, At safepoint: 1800 ns, Total: 17700 ns
[979.559s][info ][gc,start       ] GC(70) Pause Young (Allocation Failure)
[979.580s][debug][gc,phases      ] GC(70) Scavenge 21.039ms
[979.580s][debug][gc,ref         ] GC(70) Skipped phase 1 of Reference Processing: no references
[979.580s][debug][gc,ref         ] GC(70) ReferenceProcessor::execute queues: 1, RefProcThreadModel::Single, marks_oops_alive: false
[979.581s][debug][gc,ref         ] GC(70) Skipped phase 3 of Reference Processing: no references
[979.581s][debug][gc,ref         ] GC(70) ReferenceProcessor::execute queues: 1, RefProcThreadModel::Single, marks_oops_alive: false
[979.581s][debug][gc,phases      ] GC(70) Reference Processing 0.136ms
[979.581s][debug][gc,phases      ] GC(70)   VM Weak                        Min:  0.0, Avg:  0.0, Max:  0.0, Diff:  0.0, Sum:  0.0, Workers: 4
[979.581s][debug][gc,phases      ] GC(70)     Dead                           Min: 0, Avg:  0.0, Max: 0, Diff: 0, Sum: 0, Workers: 4
[979.581s][debug][gc,phases      ] GC(70)     Total                          Min: 0, Avg: 243.8, Max: 719, Diff: 719, Sum: 975, Workers: 4
[979.581s][debug][gc,phases      ] GC(70)   ObjectSynchronizer Weak        Min:  0.0, Avg:  0.0, Max:  0.0, Diff:  0.0, Sum:  0.0, Workers: 4
[979.581s][debug][gc,phases      ] GC(70)     Dead                           Min: 0, Avg:  0.0, Max: 0, Diff: 0, Sum: 0, Workers: 4
[979.581s][debug][gc,phases      ] GC(70)     Total                          Min: 0, Avg:  1.5, Max: 6, Diff: 6, Sum: 6, Workers: 4
[979.581s][debug][gc,phases      ] GC(70)   JVMTI Tag Weak OopStorage      Min:  0.0, Avg:  0.0, Max:  0.0, Diff:  0.0, Sum:  0.0, Workers: 4
[979.581s][debug][gc,phases      ] GC(70)     Dead                           Min: 0, Avg:  0.0, Max: 0, Diff: 0, Sum: 0, Workers: 4
[979.581s][debug][gc,phases      ] GC(70)     Total                          Min: 0, Avg:  0.0, Max: 0, Diff: 0, Sum: 0, Workers: 4
[979.581s][debug][gc,phases      ] GC(70)   StringTable Weak               Min:  0.0, Avg:  0.1, Max:  0.1, Diff:  0.1, Sum:  0.4, Workers: 4
[979.581s][debug][gc,phases      ] GC(70)     Dead                           Min: 0, Avg:  0.0, Max: 0, Diff: 0, Sum: 0, Workers: 4
[979.581s][debug][gc,phases      ] GC(70)     Total                          Min: 0, Avg: 11242.8, Max: 19179, Diff: 19179, Sum: 44971, Workers: 4
[979.581s][debug][gc,phases      ] GC(70)   ResolvedMethodTable Weak       Min:  0.0, Avg:  0.0, Max:  0.0, Diff:  0.0, Sum:  0.1, Workers: 4
[979.581s][debug][gc,phases      ] GC(70)     Dead                           Min: 0, Avg:  0.0, Max: 0, Diff: 0, Sum: 0, Workers: 4
[979.581s][debug][gc,phases      ] GC(70)     Total                          Min: 0, Avg: 2881.0, Max: 4740, Diff: 4740, Sum: 11524, Workers: 4
[979.581s][debug][gc,phases      ] GC(70)   JNI Weak                       Min:  0.0, Avg:  0.0, Max:  0.0, Diff:  0.0, Sum:  0.0, Workers: 4
[979.581s][debug][gc,phases      ] GC(70)     Dead                           Min: 0, Avg:  0.0, Max: 0, Diff: 0, Sum: 0, Workers: 4
[979.581s][debug][gc,phases      ] GC(70)     Total                          Min: 0, Avg: 12.0, Max: 48, Diff: 48, Sum: 48, Workers: 4
[979.581s][debug][gc,phases      ] GC(70)   StringDedup Table Weak         Min:  0.0, Avg:  0.0, Max:  0.0, Diff:  0.0, Sum:  0.0, Workers: 4
[979.581s][debug][gc,phases      ] GC(70)     Dead                           Min: 0, Avg:  0.0, Max: 0, Diff: 0, Sum: 0, Workers: 4
[979.581s][debug][gc,phases      ] GC(70)     Total                          Min: 0, Avg:  0.0, Max: 0, Diff: 0, Sum: 0, Workers: 4
[979.581s][debug][gc,phases      ] GC(70)   StringDedup Requests0 Weak     Min:  0.0, Avg:  0.0, Max:  0.0, Diff:  0.0, Sum:  0.0, Workers: 4
[979.581s][debug][gc,phases      ] GC(70)     Dead                           Min: 0, Avg:  0.0, Max: 0, Diff: 0, Sum: 0, Workers: 4
[979.581s][debug][gc,phases      ] GC(70)     Total                          Min: 0, Avg:  0.0, Max: 0, Diff: 0, Sum: 0, Workers: 4
[979.581s][debug][gc,phases      ] GC(70)   StringDedup Requests1 Weak     Min:  0.0, Avg:  0.0, Max:  0.0, Diff:  0.0, Sum:  0.0, Workers: 4
[979.581s][debug][gc,phases      ] GC(70)     Dead                           Min: 0, Avg:  0.0, Max: 0, Diff: 0, Sum: 0, Workers: 4
[979.581s][debug][gc,phases      ] GC(70)     Total                          Min: 0, Avg:  0.0, Max: 0, Diff: 0, Sum: 0, Workers: 4
[979.581s][debug][gc,phases      ] GC(70)   Weak JFR Old Object Samples    Min:  0.0, Avg:  0.0, Max:  0.0, Diff:  0.0, Sum:  0.0, Workers: 4
[979.581s][debug][gc,phases      ] GC(70)     Dead                           Min: 0, Avg:  0.0, Max: 0, Diff: 0, Sum: 0, Workers: 4
[979.581s][debug][gc,phases      ] GC(70)     Total                          Min: 0, Avg:  0.0, Max: 0, Diff: 0, Sum: 0, Workers: 4
[979.581s][debug][gc,phases      ] GC(70) Weak Processing 0.338ms
[979.581s][debug][gc,age         ] GC(70) Desired survivor size 110100480 bytes, new threshold 15 (max threshold 15)
[979.581s][info ][gc,heap        ] GC(70) PSYoungGen: 1979737K(1988608K)->80106K(1981952K) Eden: 1901568K(1901568K)->0K(1901568K) From: 78169K(87040K)->80106K(80384K)
[979.581s][info ][gc,heap        ] GC(70) ParOldGen: 398257K(478720K)->398321K(478720K)
[979.581s][info ][gc,metaspace   ] GC(70) Metaspace: 90406K(91520K)->90406K(91520K) NonClass: 77313K(77888K)->77313K(77888K) Class: 13092K(13632K)->13092K(13632K)
[979.581s][info ][gc             ] GC(70) Pause Young (Allocation Failure) 2322M->467M(2403M) 21.631ms
[979.581s][info ][gc,cpu         ] GC(70) User=0.08s Sys=0.00s Real=0.02s
[979.581s][info ][safepoint      ] Safepoint "ParallelGCFailedAllocation", Time since last: 565274057 ns, Reaching safepoint: 4600 ns, Cleanup: 3600 ns, At safepoint: 21703087 ns, Total: 21711287 ns
[980.581s][info ][safepoint      ] Safepoint "Cleanup", Time since last: 1000079693 ns, Reaching safepoint: 5000 ns, Cleanup: 11800 ns, At safepoint: 2200 ns, Total: 19000 ns
[981.581s][info ][safepoint      ] Safepoint "Cleanup", Time since last: 1000102993 ns, Reaching safepoint: 5700 ns, Cleanup: 8700 ns, At safepoint: 1800 ns, Total: 16200 ns
[983.076s][info ][safepoint      ] Safepoint "Cleanup", Time since last: 1494777918 ns, Reaching safepoint: 76199 ns, Cleanup: 126600 ns, At safepoint: 16600 ns, Total: 219399 ns
[984.332s][info ][safepoint      ] Safepoint "Cleanup", Time since last: 1255679820 ns, Reaching safepoint: 4500 ns, Cleanup: 67099 ns, At safepoint: 6100 ns, Total: 77699 ns
[985.332s][info ][safepoint      ] Safepoint "Cleanup", Time since last: 1000110785 ns, Reaching safepoint: 3800 ns, Cleanup: 9600 ns, At safepoint: 2100 ns, Total: 15500 ns
[986.332s][info ][safepoint      ] Safepoint "Cleanup", Time since last: 1000122285 ns, Reaching safepoint: 5300 ns, Cleanup: 19400 ns, At safepoint: 1800 ns, Total: 26500 ns
[988.332s][info ][safepoint      ] Safepoint "Cleanup", Time since last: 2000157171 ns, Reaching safepoint: 5200 ns, Cleanup: 8500 ns, At safepoint: 2000 ns, Total: 15700 ns
[989.332s][info ][safepoint      ] Safepoint "Cleanup", Time since last: 1000091385 ns, Reaching safepoint: 4800 ns, Cleanup: 11400 ns, At safepoint: 2000 ns, Total: 18200 ns
[990.333s][info ][safepoint      ] Safepoint "Cleanup", Time since last: 1000101685 ns, Reaching safepoint: 3800 ns, Cleanup: 13400 ns, At safepoint: 1900 ns, Total: 19100 ns
[991.333s][info ][safepoint      ] Safepoint "Cleanup", Time since last: 1000107185 ns, Reaching safepoint: 4800 ns, Cleanup: 9500 ns, At safepoint: 3900 ns, Total: 18200 ns
[992.333s][info ][safepoint      ] Safepoint "Cleanup", Time since last: 1000098992 ns, Reaching safepoint: 4400 ns, Cleanup: 8500 ns, At safepoint: 1800 ns, Total: 14700 ns
[993.305s][info ][gc,start       ] GC(71) Pause Young (Allocation Failure)
[993.328s][debug][gc,phases      ] GC(71) Scavenge 22.656ms
[993.328s][debug][gc,ref         ] GC(71) Skipped phase 1 of Reference Processing: no references
[993.328s][debug][gc,ref         ] GC(71) ReferenceProcessor::execute queues: 1, RefProcThreadModel::Single, marks_oops_alive: false
[993.328s][debug][gc,ref         ] GC(71) Skipped phase 3 of Reference Processing: no references
[993.328s][debug][gc,ref         ] GC(71) ReferenceProcessor::execute queues: 1, RefProcThreadModel::Single, marks_oops_alive: false
[993.328s][debug][gc,phases      ] GC(71) Reference Processing 0.124ms
[993.328s][debug][gc,phases      ] GC(71)   VM Weak                        Min:  0.0, Avg:  0.0, Max:  0.0, Diff:  0.0, Sum:  0.0, Workers: 4
[993.329s][debug][gc,phases      ] GC(71)     Dead                           Min: 0, Avg:  0.0, Max: 0, Diff: 0, Sum: 0, Workers: 4
[993.329s][debug][gc,phases      ] GC(71)     Total                          Min: 0, Avg: 243.8, Max: 960, Diff: 960, Sum: 975, Workers: 4
[993.329s][debug][gc,phases      ] GC(71)   ObjectSynchronizer Weak        Min:  0.0, Avg:  0.0, Max:  0.0, Diff:  0.0, Sum:  0.0, Workers: 4
[993.329s][debug][gc,phases      ] GC(71)     Dead                           Min: 0, Avg:  0.0, Max: 0, Diff: 0, Sum: 0, Workers: 4
[993.329s][debug][gc,phases      ] GC(71)     Total                          Min: 0, Avg:  1.5, Max: 6, Diff: 6, Sum: 6, Workers: 4
[993.329s][debug][gc,phases      ] GC(71)   JVMTI Tag Weak OopStorage      Min:  0.0, Avg:  0.0, Max:  0.0, Diff:  0.0, Sum:  0.0, Workers: 4
[993.329s][debug][gc,phases      ] GC(71)     Dead                           Min: 0, Avg:  0.0, Max: 0, Diff: 0, Sum: 0, Workers: 4
[993.329s][debug][gc,phases      ] GC(71)     Total                          Min: 0, Avg:  0.0, Max: 0, Diff: 0, Sum: 0, Workers: 4
[993.329s][debug][gc,phases      ] GC(71)   StringTable Weak               Min:  0.0, Avg:  0.1, Max:  0.1, Diff:  0.1, Sum:  0.4, Workers: 4
[993.329s][debug][gc,phases      ] GC(71)     Dead                           Min: 0, Avg:  0.0, Max: 0, Diff: 0, Sum: 0, Workers: 4
[993.329s][debug][gc,phases      ] GC(71)     Total                          Min: 0, Avg: 11246.8, Max: 19008, Diff: 19008, Sum: 44987, Workers: 4
[993.329s][debug][gc,phases      ] GC(71)   ResolvedMethodTable Weak       Min:  0.0, Avg:  0.0, Max:  0.0, Diff:  0.0, Sum:  0.1, Workers: 4
[993.329s][debug][gc,phases      ] GC(71)     Dead                           Min: 0, Avg:  0.0, Max: 0, Diff: 0, Sum: 0, Workers: 4
[993.329s][debug][gc,phases      ] GC(71)     Total                          Min: 0, Avg: 2882.8, Max: 4928, Diff: 4928, Sum: 11531, Workers: 4
[993.329s][debug][gc,phases      ] GC(71)   JNI Weak                       Min:  0.0, Avg:  0.0, Max:  0.0, Diff:  0.0, Sum:  0.0, Workers: 4
[993.329s][debug][gc,phases      ] GC(71)     Dead                           Min: 0, Avg:  0.0, Max: 0, Diff: 0, Sum: 0, Workers: 4
[993.329s][debug][gc,phases      ] GC(71)     Total                          Min: 0, Avg: 12.0, Max: 48, Diff: 48, Sum: 48, Workers: 4
[993.329s][debug][gc,phases      ] GC(71)   StringDedup Table Weak         Min:  0.0, Avg:  0.0, Max:  0.0, Diff:  0.0, Sum:  0.0, Workers: 4
[993.329s][debug][gc,phases      ] GC(71)     Dead                           Min: 0, Avg:  0.0, Max: 0, Diff: 0, Sum: 0, Workers: 4
[993.329s][debug][gc,phases      ] GC(71)     Total                          Min: 0, Avg:  0.0, Max: 0, Diff: 0, Sum: 0, Workers: 4
[993.329s][debug][gc,phases      ] GC(71)   StringDedup Requests0 Weak     Min:  0.0, Avg:  0.0, Max:  0.0, Diff:  0.0, Sum:  0.0, Workers: 4
[993.329s][debug][gc,phases      ] GC(71)     Dead                           Min: 0, Avg:  0.0, Max: 0, Diff: 0, Sum: 0, Workers: 4
[993.329s][debug][gc,phases      ] GC(71)     Total                          Min: 0, Avg:  0.0, Max: 0, Diff: 0, Sum: 0, Workers: 4
[993.329s][debug][gc,phases      ] GC(71)   StringDedup Requests1 Weak     Min:  0.0, Avg:  0.0, Max:  0.0, Diff:  0.0, Sum:  0.0, Workers: 4
[993.329s][debug][gc,phases      ] GC(71)     Dead                           Min: 0, Avg:  0.0, Max: 0, Diff: 0, Sum: 0, Workers: 4
[993.329s][debug][gc,phases      ] GC(71)     Total                          Min: 0, Avg:  0.0, Max: 0, Diff: 0, Sum: 0, Workers: 4
[993.329s][debug][gc,phases      ] GC(71)   Weak JFR Old Object Samples    Min:  0.0, Avg:  0.0, Max:  0.0, Diff:  0.0, Sum:  0.0, Workers: 4
[993.329s][debug][gc,phases      ] GC(71)     Dead                           Min: 0, Avg:  0.0, Max: 0, Diff: 0, Sum: 0, Workers: 4
[993.329s][debug][gc,phases      ] GC(71)     Total                          Min: 0, Avg:  0.0, Max: 0, Diff: 0, Sum: 0, Workers: 4
[993.329s][debug][gc,phases      ] GC(71) Weak Processing 0.329ms
[993.329s][debug][gc,age         ] GC(71) Desired survivor size 119013376 bytes, new threshold 15 (max threshold 15)
[993.329s][info ][gc,heap        ] GC(71) PSYoungGen: 1981674K(1981952K)->83194K(1972224K) Eden: 1901568K(1901568K)->0K(1864704K) From: 80106K(80384K)->83194K(107520K)
[993.329s][info ][gc,heap        ] GC(71) ParOldGen: 398321K(478720K)->398429K(478720K)
[993.329s][info ][gc,metaspace   ] GC(71) Metaspace: 90461K(91584K)->90461K(91584K) NonClass: 77365K(77952K)->77365K(77952K) Class: 13095K(13632K)->13095K(13632K)
[993.329s][info ][gc             ] GC(71) Pause Young (Allocation Failure) 2324M->470M(2393M) 23.226ms
[993.329s][info ][gc,cpu         ] GC(71) User=0.09s Sys=0.00s Real=0.02s
[993.329s][info ][safepoint      ] Safepoint "ParallelGCFailedAllocation", Time since last: 972559937 ns, Reaching safepoint: 4300 ns, Cleanup: 3300 ns, At safepoint: 23295081 ns, Total: 23302681 ns
[994.329s][info ][safepoint      ] Safepoint "Cleanup", Time since last: 1000080097 ns, Reaching safepoint: 4600 ns, Cleanup: 7900 ns, At safepoint: 2200 ns, Total: 14700 ns
[997.329s][info ][safepoint      ] Safepoint "Cleanup", Time since last: 3000228390 ns, Reaching safepoint: 5100 ns, Cleanup: 14300 ns, At safepoint: 1900 ns, Total: 21300 ns
[998.329s][info ][safepoint      ] Safepoint "Cleanup", Time since last: 1000108396 ns, Reaching safepoint: 4400 ns, Cleanup: 14500 ns, At safepoint: 2200 ns, Total: 21100 ns
[1001.329s][info ][safepoint      ] Safepoint "Cleanup", Time since last: 3000227547 ns, Reaching safepoint: 4400 ns, Cleanup: 11300 ns, At safepoint: 2100 ns, Total: 17800 ns
[1002.330s][info ][safepoint      ] Safepoint "Cleanup", Time since last: 1000093407 ns, Reaching safepoint: 5000 ns, Cleanup: 8600 ns, At safepoint: 6100 ns, Total: 19700 ns
[1005.330s][info ][safepoint      ] Safepoint "Cleanup", Time since last: 3000214023 ns, Reaching safepoint: 4100 ns, Cleanup: 8500 ns, At safepoint: 1999 ns, Total: 14599 ns
[1006.330s][info ][safepoint      ] Safepoint "Cleanup", Time since last: 1000103008 ns, Reaching safepoint: 4500 ns, Cleanup: 31900 ns, At safepoint: 5600 ns, Total: 42000 ns
[1007.330s][info ][safepoint      ] Safepoint "Cleanup", Time since last: 1000100707 ns, Reaching safepoint: 4000 ns, Cleanup: 25500 ns, At safepoint: 2100 ns, Total: 31600 ns
[1008.330s][info ][safepoint      ] Safepoint "Cleanup", Time since last: 1000116642 ns, Reaching safepoint: 4500 ns, Cleanup: 27700 ns, At safepoint: 1800 ns, Total: 34000 ns
[1009.330s][info ][safepoint      ] Safepoint "Cleanup", Time since last: 1000099865 ns, Reaching safepoint: 5300 ns, Cleanup: 10000 ns, At safepoint: 2200 ns, Total: 17500 ns
[1010.148s][info ][gc,start       ] GC(72) Pause Young (Allocation Failure)
[1010.170s][debug][gc,phases      ] GC(72) Scavenge 22.037ms
[1010.170s][debug][gc,ref         ] GC(72) Skipped phase 1 of Reference Processing: no references
[1010.170s][debug][gc,ref         ] GC(72) ReferenceProcessor::execute queues: 1, RefProcThreadModel::Single, marks_oops_alive: false
[1010.171s][debug][gc,ref         ] GC(72) Skipped phase 3 of Reference Processing: no references
[1010.171s][debug][gc,ref         ] GC(72) ReferenceProcessor::execute queues: 1, RefProcThreadModel::Single, marks_oops_alive: false
[1010.171s][debug][gc,phases      ] GC(72) Reference Processing 0.135ms
[1010.171s][debug][gc,phases      ] GC(72)   VM Weak                        Min:  0.0, Avg:  0.0, Max:  0.0, Diff:  0.0, Sum:  0.0, Workers: 4
[1010.171s][debug][gc,phases      ] GC(72)     Dead                           Min: 0, Avg:  0.0, Max: 0, Diff: 0, Sum: 0, Workers: 4
[1010.171s][debug][gc,phases      ] GC(72)     Total                          Min: 0, Avg: 243.8, Max: 783, Diff: 783, Sum: 975, Workers: 4
[1010.171s][debug][gc,phases      ] GC(72)   ObjectSynchronizer Weak        Min:  0.0, Avg:  0.0, Max:  0.0, Diff:  0.0, Sum:  0.0, Workers: 4
[1010.171s][debug][gc,phases      ] GC(72)     Dead                           Min: 0, Avg:  0.0, Max: 0, Diff: 0, Sum: 0, Workers: 4
[1010.171s][debug][gc,phases      ] GC(72)     Total                          Min: 0, Avg:  1.5, Max: 6, Diff: 6, Sum: 6, Workers: 4
[1010.171s][debug][gc,phases      ] GC(72)   JVMTI Tag Weak OopStorage      Min:  0.0, Avg:  0.0, Max:  0.0, Diff:  0.0, Sum:  0.0, Workers: 4
[1010.171s][debug][gc,phases      ] GC(72)     Dead                           Min: 0, Avg:  0.0, Max: 0, Diff: 0, Sum: 0, Workers: 4
[1010.171s][debug][gc,phases      ] GC(72)     Total                          Min: 0, Avg:  0.0, Max: 0, Diff: 0, Sum: 0, Workers: 4
[1010.171s][debug][gc,phases      ] GC(72)   StringTable Weak               Min:  0.0, Avg:  0.1, Max:  0.1, Diff:  0.1, Sum:  0.4, Workers: 4
[1010.171s][debug][gc,phases      ] GC(72)     Dead                           Min: 0, Avg:  0.0, Max: 0, Diff: 0, Sum: 0, Workers: 4
[1010.171s][debug][gc,phases      ] GC(72)     Total                          Min: 0, Avg: 11249.8, Max: 20231, Diff: 20231, Sum: 44999, Workers: 4
[1010.171s][debug][gc,phases      ] GC(72)   ResolvedMethodTable Weak       Min:  0.0, Avg:  0.0, Max:  0.0, Diff:  0.0, Sum:  0.1, Workers: 4
[1010.171s][debug][gc,phases      ] GC(72)     Dead                           Min: 0, Avg:  0.0, Max: 0, Diff: 0, Sum: 0, Workers: 4
[1010.171s][debug][gc,phases      ] GC(72)     Total                          Min: 0, Avg: 2883.2, Max: 4800, Diff: 4800, Sum: 11533, Workers: 4
[1010.171s][debug][gc,phases      ] GC(72)   JNI Weak                       Min:  0.0, Avg:  0.0, Max:  0.0, Diff:  0.0, Sum:  0.0, Workers: 4
[1010.171s][debug][gc,phases      ] GC(72)     Dead                           Min: 0, Avg:  0.0, Max: 0, Diff: 0, Sum: 0, Workers: 4
[1010.171s][debug][gc,phases      ] GC(72)     Total                          Min: 0, Avg: 12.0, Max: 48, Diff: 48, Sum: 48, Workers: 4
[1010.171s][debug][gc,phases      ] GC(72)   StringDedup Table Weak         Min:  0.0, Avg:  0.0, Max:  0.0, Diff:  0.0, Sum:  0.0, Workers: 4
[1010.171s][debug][gc,phases      ] GC(72)     Dead                           Min: 0, Avg:  0.0, Max: 0, Diff: 0, Sum: 0, Workers: 4
[1010.171s][debug][gc,phases      ] GC(72)     Total                          Min: 0, Avg:  0.0, Max: 0, Diff: 0, Sum: 0, Workers: 4
[1010.171s][debug][gc,phases      ] GC(72)   StringDedup Requests0 Weak     Min:  0.0, Avg:  0.0, Max:  0.0, Diff:  0.0, Sum:  0.0, Workers: 4
[1010.171s][debug][gc,phases      ] GC(72)     Dead                           Min: 0, Avg:  0.0, Max: 0, Diff: 0, Sum: 0, Workers: 4
[1010.171s][debug][gc,phases      ] GC(72)     Total                          Min: 0, Avg:  0.0, Max: 0, Diff: 0, Sum: 0, Workers: 4
[1010.171s][debug][gc,phases      ] GC(72)   StringDedup Requests1 Weak     Min:  0.0, Avg:  0.0, Max:  0.0, Diff:  0.0, Sum:  0.0, Workers: 4
[1010.171s][debug][gc,phases      ] GC(72)     Dead                           Min: 0, Avg:  0.0, Max: 0, Diff: 0, Sum: 0, Workers: 4
[1010.171s][debug][gc,phases      ] GC(72)     Total                          Min: 0, Avg:  0.0, Max: 0, Diff: 0, Sum: 0, Workers: 4
[1010.171s][debug][gc,phases      ] GC(72)   Weak JFR Old Object Samples    Min:  0.0, Avg:  0.0, Max:  0.0, Diff:  0.0, Sum:  0.0, Workers: 4
[1010.171s][debug][gc,phases      ] GC(72)     Dead                           Min: 0, Avg:  0.0, Max: 0, Diff: 0, Sum: 0, Workers: 4
[1010.171s][debug][gc,phases      ] GC(72)     Total                          Min: 0, Avg:  0.0, Max: 0, Diff: 0, Sum: 0, Workers: 4
[1010.171s][debug][gc,phases      ] GC(72) Weak Processing 0.335ms
[1010.171s][debug][gc,age         ] GC(72) Desired survivor size 126353408 bytes, new threshold 15 (max threshold 15)
[1010.171s][info ][gc,heap        ] GC(72) PSYoungGen: 1947898K(1972224K)->85706K(1950720K) Eden: 1864704K(1864704K)->0K(1864704K) From: 83194K(107520K)->85706K(86016K)
[1010.171s][info ][gc,heap        ] GC(72) ParOldGen: 398429K(478720K)->399009K(478720K)
[1010.171s][info ][gc,metaspace   ] GC(72) Metaspace: 90491K(91584K)->90491K(91584K) NonClass: 77395K(77952K)->77395K(77952K) Class: 13095K(13632K)->13095K(13632K)
[1010.171s][info ][gc             ] GC(72) Pause Young (Allocation Failure) 2291M->473M(2372M) 22.618ms
[1010.171s][info ][gc,cpu         ] GC(72) User=0.09s Sys=0.00s Real=0.02s
[1010.171s][info ][safepoint      ] Safepoint "ParallelGCFailedAllocation", Time since last: 817933401 ns, Reaching safepoint: 4000 ns, Cleanup: 11400 ns, At safepoint: 22682784 ns, Total: 22698184 ns
[1011.171s][info ][safepoint      ] Safepoint "Cleanup", Time since last: 1000079366 ns, Reaching safepoint: 3900 ns, Cleanup: 8799 ns, At safepoint: 1700 ns, Total: 14399 ns
[1012.171s][info ][safepoint      ] Safepoint "Cleanup", Time since last: 1000106666 ns, Reaching safepoint: 3900 ns, Cleanup: 14600 ns, At safepoint: 1900 ns, Total: 20400 ns
[1013.171s][info ][safepoint      ] Safepoint "Cleanup", Time since last: 1000097466 ns, Reaching safepoint: 5400 ns, Cleanup: 11900 ns, At safepoint: 2200 ns, Total: 19500 ns
[1014.171s][info ][safepoint      ] Safepoint "Cleanup", Time since last: 1000093965 ns, Reaching safepoint: 4800 ns, Cleanup: 12700 ns, At safepoint: 5300 ns, Total: 22800 ns
[1015.172s][info ][safepoint      ] Safepoint "Cleanup", Time since last: 1000101466 ns, Reaching safepoint: 3600 ns, Cleanup: 21100 ns, At safepoint: 5900 ns, Total: 30600 ns
[1016.172s][info ][safepoint      ] Safepoint "Cleanup", Time since last: 1000094264 ns, Reaching safepoint: 3900 ns, Cleanup: 15900 ns, At safepoint: 5600 ns, Total: 25400 ns
[1017.172s][info ][safepoint      ] Safepoint "Cleanup", Time since last: 1000095462 ns, Reaching safepoint: 79099 ns, Cleanup: 33000 ns, At safepoint: 13100 ns, Total: 125199 ns
[1018.172s][info ][safepoint      ] Safepoint "Cleanup", Time since last: 1000112562 ns, Reaching safepoint: 4500 ns, Cleanup: 54399 ns, At safepoint: 2100 ns, Total: 60999 ns
[1020.172s][info ][safepoint      ] Safepoint "Cleanup", Time since last: 2000164324 ns, Reaching safepoint: 3600 ns, Cleanup: 26700 ns, At safepoint: 1800 ns, Total: 32100 ns
[1021.335s][info ][safepoint      ] Safepoint "Cleanup", Time since last: 1162385228 ns, Reaching safepoint: 5800 ns, Cleanup: 34300 ns, At safepoint: 2200 ns, Total: 42300 ns
[1022.335s][info ][safepoint      ] Safepoint "Cleanup", Time since last: 1000101262 ns, Reaching safepoint: 5399 ns, Cleanup: 12700 ns, At safepoint: 2300 ns, Total: 20399 ns
[1023.335s][info ][safepoint      ] Safepoint "Cleanup", Time since last: 1000113862 ns, Reaching safepoint: 4800 ns, Cleanup: 12800 ns, At safepoint: 1900 ns, Total: 19500 ns
[1023.516s][info ][gc,start       ] GC(73) Pause Young (Allocation Failure)
[1023.543s][debug][gc,phases      ] GC(73) Scavenge 26.678ms
[1023.543s][debug][gc,ref         ] GC(73) Skipped phase 1 of Reference Processing: no references
[1023.543s][debug][gc,ref         ] GC(73) ReferenceProcessor::execute queues: 1, RefProcThreadModel::Single, marks_oops_alive: false
[1023.543s][debug][gc,ref         ] GC(73) Skipped phase 3 of Reference Processing: no references
[1023.543s][debug][gc,ref         ] GC(73) ReferenceProcessor::execute queues: 1, RefProcThreadModel::Single, marks_oops_alive: false
[1023.543s][debug][gc,phases      ] GC(73) Reference Processing 0.125ms
[1023.543s][debug][gc,phases      ] GC(73)   VM Weak                        Min:  0.0, Avg:  0.0, Max:  0.0, Diff:  0.0, Sum:  0.0, Workers: 4
[1023.543s][debug][gc,phases      ] GC(73)     Dead                           Min: 0, Avg:  0.0, Max: 0, Diff: 0, Sum: 0, Workers: 4
[1023.543s][debug][gc,phases      ] GC(73)     Total                          Min: 0, Avg: 244.8, Max: 576, Diff: 576, Sum: 979, Workers: 4
[1023.543s][debug][gc,phases      ] GC(73)   ObjectSynchronizer Weak        Min:  0.0, Avg:  0.0, Max:  0.0, Diff:  0.0, Sum:  0.0, Workers: 4
[1023.543s][debug][gc,phases      ] GC(73)     Dead                           Min: 0, Avg:  0.0, Max: 0, Diff: 0, Sum: 0, Workers: 4
[1023.543s][debug][gc,phases      ] GC(73)     Total                          Min: 0, Avg:  1.2, Max: 5, Diff: 5, Sum: 5, Workers: 4
[1023.543s][debug][gc,phases      ] GC(73)   JVMTI Tag Weak OopStorage      Min:  0.0, Avg:  0.0, Max:  0.0, Diff:  0.0, Sum:  0.0, Workers: 4
[1023.543s][debug][gc,phases      ] GC(73)     Dead                           Min: 0, Avg:  0.0, Max: 0, Diff: 0, Sum: 0, Workers: 4
[1023.543s][debug][gc,phases      ] GC(73)     Total                          Min: 0, Avg:  0.0, Max: 0, Diff: 0, Sum: 0, Workers: 4
[1023.543s][debug][gc,phases      ] GC(73)   StringTable Weak               Min:  0.0, Avg:  0.1, Max:  0.1, Diff:  0.1, Sum:  0.4, Workers: 4
[1023.543s][debug][gc,phases      ] GC(73)     Dead                           Min: 0, Avg:  0.5, Max: 2, Diff: 2, Sum: 2, Workers: 4
[1023.543s][debug][gc,phases      ] GC(73)     Total                          Min: 0, Avg: 11254.5, Max: 20315, Diff: 20315, Sum: 45018, Workers: 4
[1023.543s][debug][gc,phases      ] GC(73)   ResolvedMethodTable Weak       Min:  0.0, Avg:  0.0, Max:  0.0, Diff:  0.0, Sum:  0.1, Workers: 4
[1023.543s][debug][gc,phases      ] GC(73)     Dead                           Min: 0, Avg:  3.8, Max: 15, Diff: 15, Sum: 15, Workers: 4
[1023.543s][debug][gc,phases      ] GC(73)     Total                          Min: 0, Avg: 2889.5, Max: 5158, Diff: 5158, Sum: 11558, Workers: 4
[1023.543s][debug][gc,phases      ] GC(73)   JNI Weak                       Min:  0.0, Avg:  0.0, Max:  0.0, Diff:  0.0, Sum:  0.0, Workers: 4
[1023.543s][debug][gc,phases      ] GC(73)     Dead                           Min: 0, Avg:  0.0, Max: 0, Diff: 0, Sum: 0, Workers: 4
[1023.543s][debug][gc,phases      ] GC(73)     Total                          Min: 0, Avg: 12.0, Max: 48, Diff: 48, Sum: 48, Workers: 4
[1023.543s][debug][gc,phases      ] GC(73)   StringDedup Table Weak         Min:  0.0, Avg:  0.0, Max:  0.0, Diff:  0.0, Sum:  0.0, Workers: 4
[1023.543s][debug][gc,phases      ] GC(73)     Dead                           Min: 0, Avg:  0.0, Max: 0, Diff: 0, Sum: 0, Workers: 4
[1023.543s][debug][gc,phases      ] GC(73)     Total                          Min: 0, Avg:  0.0, Max: 0, Diff: 0, Sum: 0, Workers: 4
[1023.543s][debug][gc,phases      ] GC(73)   StringDedup Requests0 Weak     Min:  0.0, Avg:  0.0, Max:  0.0, Diff:  0.0, Sum:  0.0, Workers: 4
[1023.543s][debug][gc,phases      ] GC(73)     Dead                           Min: 0, Avg:  0.0, Max: 0, Diff: 0, Sum: 0, Workers: 4
[1023.543s][debug][gc,phases      ] GC(73)     Total                          Min: 0, Avg:  0.0, Max: 0, Diff: 0, Sum: 0, Workers: 4
[1023.543s][debug][gc,phases      ] GC(73)   StringDedup Requests1 Weak     Min:  0.0, Avg:  0.0, Max:  0.0, Diff:  0.0, Sum:  0.0, Workers: 4
[1023.543s][debug][gc,phases      ] GC(73)     Dead                           Min: 0, Avg:  0.0, Max: 0, Diff: 0, Sum: 0, Workers: 4
[1023.543s][debug][gc,phases      ] GC(73)     Total                          Min: 0, Avg:  0.0, Max: 0, Diff: 0, Sum: 0, Workers: 4
[1023.543s][debug][gc,phases      ] GC(73)   Weak JFR Old Object Samples    Min:  0.0, Avg:  0.0, Max:  0.0, Diff:  0.0, Sum:  0.0, Workers: 4
[1023.543s][debug][gc,phases      ] GC(73)     Dead                           Min: 0, Avg:  0.0, Max: 0, Diff: 0, Sum: 0, Workers: 4
[1023.543s][debug][gc,phases      ] GC(73)     Total                          Min: 0, Avg:  0.0, Max: 0, Diff: 0, Sum: 0, Workers: 4
[1023.543s][debug][gc,phases      ] GC(73) Weak Processing 0.330ms
[1023.543s][debug][gc,age         ] GC(73) Desired survivor size 131072000 bytes, new threshold 15 (max threshold 15)
[1023.543s][info ][gc,heap        ] GC(73) PSYoungGen: 1950410K(1950720K)->81812K(1964544K) Eden: 1864704K(1864704K)->0K(1841152K) From: 85706K(86016K)->81812K(123392K)
[1023.543s][info ][gc,heap        ] GC(73) ParOldGen: 399009K(478720K)->412245K(478720K)
[1023.543s][info ][gc,metaspace   ] GC(73) Metaspace: 90574K(91776K)->90574K(91776K) NonClass: 77471K(78080K)->77471K(78080K) Class: 13103K(13696K)->13103K(13696K)
[1023.543s][info ][gc             ] GC(73) Pause Young (Allocation Failure) 2294M->482M(2386M) 27.262ms
[1023.543s][info ][gc,cpu         ] GC(73) User=0.10s Sys=0.01s Real=0.03s
[1023.544s][info ][safepoint      ] Safepoint "ParallelGCFailedAllocation", Time since last: 181180969 ns, Reaching safepoint: 79400 ns, Cleanup: 3500 ns, At safepoint: 27329259 ns, Total: 27412159 ns
[1025.161s][info ][safepoint      ] Safepoint "Cleanup", Time since last: 1617029249 ns, Reaching safepoint: 76500 ns, Cleanup: 37000 ns, At safepoint: 6100 ns, Total: 119600 ns
[1026.161s][info ][safepoint      ] Safepoint "Cleanup", Time since last: 1000113831 ns, Reaching safepoint: 74199 ns, Cleanup: 15300 ns, At safepoint: 7400 ns, Total: 96899 ns
[1028.161s][info ][safepoint      ] Safepoint "Cleanup", Time since last: 2000174162 ns, Reaching safepoint: 73900 ns, Cleanup: 10100 ns, At safepoint: 5500 ns, Total: 89500 ns
[1031.161s][info ][safepoint      ] Safepoint "Cleanup", Time since last: 3000269093 ns, Reaching safepoint: 76100 ns, Cleanup: 9700 ns, At safepoint: 6800 ns, Total: 92600 ns
[1032.162s][info ][safepoint      ] Safepoint "Cleanup", Time since last: 1000119683 ns, Reaching safepoint: 77000 ns, Cleanup: 15600 ns, At safepoint: 6200 ns, Total: 98800 ns
[1033.162s][info ][safepoint      ] Safepoint "Cleanup", Time since last: 1000118161 ns, Reaching safepoint: 4000 ns, Cleanup: 25400 ns, At safepoint: 1800 ns, Total: 31200 ns
[1034.162s][info ][safepoint      ] Safepoint "Cleanup", Time since last: 1000112862 ns, Reaching safepoint: 79099 ns, Cleanup: 33200 ns, At safepoint: 11600 ns, Total: 123899 ns
[1035.162s][info ][safepoint      ] Safepoint "Cleanup", Time since last: 1000097561 ns, Reaching safepoint: 73800 ns, Cleanup: 61500 ns, At safepoint: 6300 ns, Total: 141600 ns
[1036.116s][info ][safepoint      ] Safepoint "ParallelGCFailedAllocation", Time since last: 953517296 ns, Reaching safepoint: 5400 ns, Cleanup: 3200 ns, At safepoint: 7500 ns, Total: 16100 ns
[1036.117s][info ][gc,start       ] GC(74) Pause Young (GCLocker Initiated GC)
[1036.141s][debug][gc,phases      ] GC(74) Scavenge 23.955ms
[1036.141s][debug][gc,ref         ] GC(74) Skipped phase 1 of Reference Processing: no references
[1036.141s][debug][gc,ref         ] GC(74) ReferenceProcessor::execute queues: 1, RefProcThreadModel::Single, marks_oops_alive: false
[1036.141s][debug][gc,ref         ] GC(74) Skipped phase 3 of Reference Processing: no references
[1036.141s][debug][gc,ref         ] GC(74) ReferenceProcessor::execute queues: 1, RefProcThreadModel::Single, marks_oops_alive: false
[1036.141s][debug][gc,phases      ] GC(74) Reference Processing 0.127ms
[1036.141s][debug][gc,phases      ] GC(74)   VM Weak                        Min:  0.0, Avg:  0.0, Max:  0.0, Diff:  0.0, Sum:  0.0, Workers: 4
[1036.141s][debug][gc,phases      ] GC(74)     Dead                           Min: 0, Avg:  0.0, Max: 0, Diff: 0, Sum: 0, Workers: 4
[1036.141s][debug][gc,phases      ] GC(74)     Total                          Min: 0, Avg: 244.8, Max: 832, Diff: 832, Sum: 979, Workers: 4
[1036.141s][debug][gc,phases      ] GC(74)   ObjectSynchronizer Weak        Min:  0.0, Avg:  0.0, Max:  0.0, Diff:  0.0, Sum:  0.0, Workers: 4
[1036.141s][debug][gc,phases      ] GC(74)     Dead                           Min: 0, Avg:  0.0, Max: 0, Diff: 0, Sum: 0, Workers: 4
[1036.141s][debug][gc,phases      ] GC(74)     Total                          Min: 0, Avg:  1.5, Max: 6, Diff: 6, Sum: 6, Workers: 4
[1036.141s][debug][gc,phases      ] GC(74)   JVMTI Tag Weak OopStorage      Min:  0.0, Avg:  0.0, Max:  0.0, Diff:  0.0, Sum:  0.0, Workers: 4
[1036.141s][debug][gc,phases      ] GC(74)     Dead                           Min: 0, Avg:  0.0, Max: 0, Diff: 0, Sum: 0, Workers: 4
[1036.141s][debug][gc,phases      ] GC(74)     Total                          Min: 0, Avg:  0.0, Max: 0, Diff: 0, Sum: 0, Workers: 4
[1036.141s][debug][gc,phases      ] GC(74)   StringTable Weak               Min:  0.0, Avg:  0.1, Max:  0.1, Diff:  0.1, Sum:  0.4, Workers: 4
[1036.141s][debug][gc,phases      ] GC(74)     Dead                           Min: 0, Avg:  0.0, Max: 0, Diff: 0, Sum: 0, Workers: 4
[1036.141s][debug][gc,phases      ] GC(74)     Total                          Min: 0, Avg: 11255.2, Max: 19072, Diff: 19072, Sum: 45021, Workers: 4
[1036.141s][debug][gc,phases      ] GC(74)   ResolvedMethodTable Weak       Min:  0.0, Avg:  0.0, Max:  0.0, Diff:  0.0, Sum:  0.1, Workers: 4
[1036.141s][debug][gc,phases      ] GC(74)     Dead                           Min: 0, Avg:  0.0, Max: 0, Diff: 0, Sum: 0, Workers: 4
[1036.141s][debug][gc,phases      ] GC(74)     Total                          Min: 0, Avg: 2889.8, Max: 5159, Diff: 5159, Sum: 11559, Workers: 4
[1036.141s][debug][gc,phases      ] GC(74)   JNI Weak                       Min:  0.0, Avg:  0.0, Max:  0.0, Diff:  0.0, Sum:  0.0, Workers: 4
[1036.141s][debug][gc,phases      ] GC(74)     Dead                           Min: 0, Avg:  0.0, Max: 0, Diff: 0, Sum: 0, Workers: 4
[1036.141s][debug][gc,phases      ] GC(74)     Total                          Min: 0, Avg: 12.0, Max: 48, Diff: 48, Sum: 48, Workers: 4
[1036.141s][debug][gc,phases      ] GC(74)   StringDedup Table Weak         Min:  0.0, Avg:  0.0, Max:  0.0, Diff:  0.0, Sum:  0.0, Workers: 4
[1036.141s][debug][gc,phases      ] GC(74)     Dead                           Min: 0, Avg:  0.0, Max: 0, Diff: 0, Sum: 0, Workers: 4
[1036.141s][debug][gc,phases      ] GC(74)     Total                          Min: 0, Avg:  0.0, Max: 0, Diff: 0, Sum: 0, Workers: 4
[1036.141s][debug][gc,phases      ] GC(74)   StringDedup Requests0 Weak     Min:  0.0, Avg:  0.0, Max:  0.0, Diff:  0.0, Sum:  0.0, Workers: 4
[1036.141s][debug][gc,phases      ] GC(74)     Dead                           Min: 0, Avg:  0.0, Max: 0, Diff: 0, Sum: 0, Workers: 4
[1036.141s][debug][gc,phases      ] GC(74)     Total                          Min: 0, Avg:  0.0, Max: 0, Diff: 0, Sum: 0, Workers: 4
[1036.141s][debug][gc,phases      ] GC(74)   StringDedup Requests1 Weak     Min:  0.0, Avg:  0.0, Max:  0.0, Diff:  0.0, Sum:  0.0, Workers: 4
[1036.141s][debug][gc,phases      ] GC(74)     Dead                           Min: 0, Avg:  0.0, Max: 0, Diff: 0, Sum: 0, Workers: 4
[1036.141s][debug][gc,phases      ] GC(74)     Total                          Min: 0, Avg:  0.0, Max: 0, Diff: 0, Sum: 0, Workers: 4
[1036.141s][debug][gc,phases      ] GC(74)   Weak JFR Old Object Samples    Min:  0.0, Avg:  0.0, Max:  0.0, Diff:  0.0, Sum:  0.0, Workers: 4
[1036.141s][debug][gc,phases      ] GC(74)     Dead                           Min: 0, Avg:  0.0, Max: 0, Diff: 0, Sum: 0, Workers: 4
[1036.141s][debug][gc,phases      ] GC(74)     Total                          Min: 0, Avg:  0.0, Max: 0, Diff: 0, Sum: 0, Workers: 4
[1036.141s][debug][gc,phases      ] GC(74) Weak Processing 0.321ms
[1036.141s][debug][gc,age         ] GC(74) Desired survivor size 135266304 bytes, new threshold 15 (max threshold 15)
[1036.141s][info ][gc,heap        ] GC(74) PSYoungGen: 1922964K(1964544K)->85571K(1927168K) Eden: 1841152K(1841152K)->0K(1841152K) From: 81812K(123392K)->85571K(86016K)
[1036.141s][info ][gc,heap        ] GC(74) ParOldGen: 413834K(478720K)->414282K(478720K)
[1036.141s][info ][gc,metaspace   ] GC(74) Metaspace: 90606K(91840K)->90606K(91840K) NonClass: 77501K(78144K)->77501K(78144K) Class: 13104K(13696K)->13104K(13696K)
[1036.141s][info ][gc             ] GC(74) Pause Young (GCLocker Initiated GC) 2282M->488M(2349M) 24.503ms
[1036.141s][info ][gc,cpu         ] GC(74) User=0.09s Sys=0.00s Real=0.02s
[1036.141s][info ][safepoint      ] Safepoint "ParallelGCSystemGC", Time since last: 770896 ns, Reaching safepoint: 77400 ns, Cleanup: 2200 ns, At safepoint: 24569076 ns, Total: 24648676 ns
[1037.141s][info ][safepoint      ] Safepoint "Cleanup", Time since last: 1000082962 ns, Reaching safepoint: 4000 ns, Cleanup: 8999 ns, At safepoint: 2000 ns, Total: 14999 ns
[1038.142s][info ][safepoint      ] Safepoint "Cleanup", Time since last: 1000104562 ns, Reaching safepoint: 176999 ns, Cleanup: 46000 ns, At safepoint: 15700 ns, Total: 238699 ns
[1039.142s][info ][safepoint      ] Safepoint "Cleanup", Time since last: 1000102861 ns, Reaching safepoint: 4600 ns, Cleanup: 13100 ns, At safepoint: 28100 ns, Total: 45800 ns
[1040.142s][info ][safepoint      ] Safepoint "Cleanup", Time since last: 1000097129 ns, Reaching safepoint: 14500 ns, Cleanup: 16000 ns, At safepoint: 3400 ns, Total: 33900 ns
[1041.142s][info ][safepoint      ] Safepoint "Cleanup", Time since last: 1000100813 ns, Reaching safepoint: 87200 ns, Cleanup: 33700 ns, At safepoint: 12800 ns, Total: 133700 ns
[1042.142s][info ][safepoint      ] Safepoint "Cleanup", Time since last: 1000103413 ns, Reaching safepoint: 5300 ns, Cleanup: 24700 ns, At safepoint: 2100 ns, Total: 32100 ns
[1043.516s][info ][gc,start       ] GC(75) Pause Young (Allocation Failure)
[1043.543s][debug][gc,phases      ] GC(75) Scavenge 26.864ms
[1043.543s][debug][gc,ref         ] GC(75) Skipped phase 1 of Reference Processing: no references
[1043.543s][debug][gc,ref         ] GC(75) ReferenceProcessor::execute queues: 1, RefProcThreadModel::Single, marks_oops_alive: false
[1043.543s][debug][gc,ref         ] GC(75) Skipped phase 3 of Reference Processing: no references
[1043.543s][debug][gc,ref         ] GC(75) ReferenceProcessor::execute queues: 1, RefProcThreadModel::Single, marks_oops_alive: false
[1043.543s][debug][gc,phases      ] GC(75) Reference Processing 0.160ms
[1043.543s][debug][gc,phases      ] GC(75)   VM Weak                        Min:  0.0, Avg:  0.0, Max:  0.0, Diff:  0.0, Sum:  0.0, Workers: 4
[1043.543s][debug][gc,phases      ] GC(75)     Dead                           Min: 0, Avg:  0.0, Max: 0, Diff: 0, Sum: 0, Workers: 4
[1043.543s][debug][gc,phases      ] GC(75)     Total                          Min: 0, Avg: 244.8, Max: 531, Diff: 531, Sum: 979, Workers: 4
[1043.543s][debug][gc,phases      ] GC(75)   ObjectSynchronizer Weak        Min:  0.0, Avg:  0.0, Max:  0.0, Diff:  0.0, Sum:  0.0, Workers: 4
[1043.543s][debug][gc,phases      ] GC(75)     Dead                           Min: 0, Avg:  0.0, Max: 0, Diff: 0, Sum: 0, Workers: 4
[1043.543s][debug][gc,phases      ] GC(75)     Total                          Min: 0, Avg:  1.5, Max: 6, Diff: 6, Sum: 6, Workers: 4
[1043.543s][debug][gc,phases      ] GC(75)   JVMTI Tag Weak OopStorage      Min:  0.0, Avg:  0.0, Max:  0.0, Diff:  0.0, Sum:  0.0, Workers: 4
[1043.543s][debug][gc,phases      ] GC(75)     Dead                           Min: 0, Avg:  0.0, Max: 0, Diff: 0, Sum: 0, Workers: 4
[1043.543s][debug][gc,phases      ] GC(75)     Total                          Min: 0, Avg:  0.0, Max: 0, Diff: 0, Sum: 0, Workers: 4
[1043.543s][debug][gc,phases      ] GC(75)   StringTable Weak               Min:  0.0, Avg:  0.1, Max:  0.1, Diff:  0.1, Sum:  0.4, Workers: 4
[1043.543s][debug][gc,phases      ] GC(75)     Dead                           Min: 0, Avg:  0.0, Max: 0, Diff: 0, Sum: 0, Workers: 4
[1043.543s][debug][gc,phases      ] GC(75)     Total                          Min: 0, Avg: 11255.5, Max: 18911, Diff: 18911, Sum: 45022, Workers: 4
[1043.543s][debug][gc,phases      ] GC(75)   ResolvedMethodTable Weak       Min:  0.0, Avg:  0.0, Max:  0.0, Diff:  0.0, Sum:  0.1, Workers: 4
[1043.543s][debug][gc,phases      ] GC(75)     Dead                           Min: 0, Avg:  0.0, Max: 0, Diff: 0, Sum: 0, Workers: 4
[1043.543s][debug][gc,phases      ] GC(75)     Total                          Min: 0, Avg: 2889.8, Max: 4864, Diff: 4864, Sum: 11559, Workers: 4
[1043.543s][debug][gc,phases      ] GC(75)   JNI Weak                       Min:  0.0, Avg:  0.0, Max:  0.0, Diff:  0.0, Sum:  0.0, Workers: 4
[1043.543s][debug][gc,phases      ] GC(75)     Dead                           Min: 0, Avg:  0.0, Max: 0, Diff: 0, Sum: 0, Workers: 4
[1043.543s][debug][gc,phases      ] GC(75)     Total                          Min: 0, Avg: 12.2, Max: 49, Diff: 49, Sum: 49, Workers: 4
[1043.543s][debug][gc,phases      ] GC(75)   StringDedup Table Weak         Min:  0.0, Avg:  0.0, Max:  0.0, Diff:  0.0, Sum:  0.0, Workers: 4
[1043.543s][debug][gc,phases      ] GC(75)     Dead                           Min: 0, Avg:  0.0, Max: 0, Diff: 0, Sum: 0, Workers: 4
[1043.543s][debug][gc,phases      ] GC(75)     Total                          Min: 0, Avg:  0.0, Max: 0, Diff: 0, Sum: 0, Workers: 4
[1043.543s][debug][gc,phases      ] GC(75)   StringDedup Requests0 Weak     Min:  0.0, Avg:  0.0, Max:  0.0, Diff:  0.0, Sum:  0.0, Workers: 4
[1043.543s][debug][gc,phases      ] GC(75)     Dead                           Min: 0, Avg:  0.0, Max: 0, Diff: 0, Sum: 0, Workers: 4
[1043.543s][debug][gc,phases      ] GC(75)     Total                          Min: 0, Avg:  0.0, Max: 0, Diff: 0, Sum: 0, Workers: 4
[1043.544s][debug][gc,phases      ] GC(75)   StringDedup Requests1 Weak     Min:  0.0, Avg:  0.0, Max:  0.0, Diff:  0.0, Sum:  0.0, Workers: 4
[1043.544s][debug][gc,phases      ] GC(75)     Dead                           Min: 0, Avg:  0.0, Max: 0, Diff: 0, Sum: 0, Workers: 4
[1043.544s][debug][gc,phases      ] GC(75)     Total                          Min: 0, Avg:  0.0, Max: 0, Diff: 0, Sum: 0, Workers: 4
[1043.544s][debug][gc,phases      ] GC(75)   Weak JFR Old Object Samples    Min:  0.0, Avg:  0.0, Max:  0.0, Diff:  0.0, Sum:  0.0, Workers: 4
[1043.544s][debug][gc,phases      ] GC(75)     Dead                           Min: 0, Avg:  0.0, Max: 0, Diff: 0, Sum: 0, Workers: 4
[1043.544s][debug][gc,phases      ] GC(75)     Total                          Min: 0, Avg:  0.0, Max: 0, Diff: 0, Sum: 0, Workers: 4
[1043.544s][debug][gc,phases      ] GC(75) Weak Processing 0.336ms
[1043.544s][debug][gc,age         ] GC(75) Desired survivor size 141033472 bytes, new threshold 15 (max threshold 15)
[1043.544s][info ][gc,heap        ] GC(75) PSYoungGen: 1926723K(1927168K)->92020K(1953792K) Eden: 1841152K(1841152K)->0K(1821696K) From: 85571K(86016K)->92020K(132096K)
[1043.544s][info ][gc,heap        ] GC(75) ParOldGen: 415106K(478720K)->418522K(478720K)
[1043.544s][info ][gc,metaspace   ] GC(75) Metaspace: 90635K(91840K)->90635K(91840K) NonClass: 77531K(78144K)->77531K(78144K) Class: 13104K(13696K)->13104K(13696K)
[1043.544s][info ][gc             ] GC(75) Pause Young (Allocation Failure) 2286M->498M(2375M) 27.475ms
[1043.544s][info ][gc,cpu         ] GC(75) User=0.10s Sys=0.01s Real=0.03s
[1043.544s][info ][safepoint      ] Safepoint "ParallelGCFailedAllocation", Time since last: 1373585685 ns, Reaching safepoint: 79199 ns, Cleanup: 9300 ns, At safepoint: 27560657 ns, Total: 27649156 ns
[1045.526s][info ][safepoint      ] Safepoint "Cleanup", Time since last: 1981879530 ns, Reaching safepoint: 5400 ns, Cleanup: 73699 ns, At safepoint: 3000 ns, Total: 82099 ns
[1046.526s][info ][safepoint      ] Safepoint "Cleanup", Time since last: 1000096818 ns, Reaching safepoint: 4200 ns, Cleanup: 12200 ns, At safepoint: 1800 ns, Total: 18200 ns
[1047.526s][info ][safepoint      ] Safepoint "Cleanup", Time since last: 1000102317 ns, Reaching safepoint: 5900 ns, Cleanup: 18100 ns, At safepoint: 2200 ns, Total: 26200 ns
[1048.526s][info ][safepoint      ] Safepoint "Cleanup", Time since last: 1000115541 ns, Reaching safepoint: 5700 ns, Cleanup: 12800 ns, At safepoint: 2500 ns, Total: 21000 ns
[1049.526s][info ][safepoint      ] Safepoint "Cleanup", Time since last: 1000107048 ns, Reaching safepoint: 4800 ns, Cleanup: 10100 ns, At safepoint: 1900 ns, Total: 16800 ns
[1050.526s][info ][safepoint      ] Safepoint "Cleanup", Time since last: 1000100549 ns, Reaching safepoint: 6300 ns, Cleanup: 14800 ns, At safepoint: 2200 ns, Total: 23300 ns
[1052.522s][info ][safepoint      ] Safepoint "Cleanup", Time since last: 1995774520 ns, Reaching safepoint: 4300 ns, Cleanup: 20700 ns, At safepoint: 1900 ns, Total: 26900 ns
[1053.522s][info ][safepoint      ] Safepoint "Cleanup", Time since last: 1000092349 ns, Reaching safepoint: 5200 ns, Cleanup: 7200 ns, At safepoint: 1700 ns, Total: 14100 ns
[1054.522s][info ][safepoint      ] Safepoint "Cleanup", Time since last: 1000098549 ns, Reaching safepoint: 4800 ns, Cleanup: 13200 ns, At safepoint: 2200 ns, Total: 20200 ns
[1055.522s][info ][safepoint      ] Safepoint "Cleanup", Time since last: 1000108149 ns, Reaching safepoint: 5500 ns, Cleanup: 12799 ns, At safepoint: 5800 ns, Total: 24099 ns
[1056.522s][info ][safepoint      ] Safepoint "Cleanup", Time since last: 1000098887 ns, Reaching safepoint: 4700 ns, Cleanup: 6900 ns, At safepoint: 1800 ns, Total: 13400 ns
[1057.523s][info ][safepoint      ] Safepoint "Cleanup", Time since last: 1000100200 ns, Reaching safepoint: 4800 ns, Cleanup: 11200 ns, At safepoint: 5500 ns, Total: 21500 ns
[1059.605s][info ][safepoint      ] Safepoint "Cleanup", Time since last: 2082694380 ns, Reaching safepoint: 74900 ns, Cleanup: 17300 ns, At safepoint: 12000 ns, Total: 104200 ns
[1059.607s][info ][gc,start       ] GC(76) Pause Young (Allocation Failure)
[1059.632s][debug][gc,phases      ] GC(76) Scavenge 24.992ms
[1059.632s][debug][gc,ref         ] GC(76) Skipped phase 1 of Reference Processing: no references
[1059.633s][debug][gc,ref         ] GC(76) ReferenceProcessor::execute queues: 1, RefProcThreadModel::Single, marks_oops_alive: false
[1059.633s][debug][gc,ref         ] GC(76) Skipped phase 3 of Reference Processing: no references
[1059.633s][debug][gc,ref         ] GC(76) ReferenceProcessor::execute queues: 1, RefProcThreadModel::Single, marks_oops_alive: false
[1059.633s][debug][gc,phases      ] GC(76) Reference Processing 0.124ms
[1059.633s][debug][gc,phases      ] GC(76)   VM Weak                        Min:  0.0, Avg:  0.0, Max:  0.0, Diff:  0.0, Sum:  0.0, Workers: 4
[1059.633s][debug][gc,phases      ] GC(76)     Dead                           Min: 0, Avg:  0.0, Max: 0, Diff: 0, Sum: 0, Workers: 4
[1059.633s][debug][gc,phases      ] GC(76)     Total                          Min: 0, Avg: 244.8, Max: 960, Diff: 960, Sum: 979, Workers: 4
[1059.633s][debug][gc,phases      ] GC(76)   ObjectSynchronizer Weak        Min:  0.0, Avg:  0.0, Max:  0.0, Diff:  0.0, Sum:  0.0, Workers: 4
[1059.633s][debug][gc,phases      ] GC(76)     Dead                           Min: 0, Avg:  0.0, Max: 0, Diff: 0, Sum: 0, Workers: 4
[1059.633s][debug][gc,phases      ] GC(76)     Total                          Min: 0, Avg:  1.8, Max: 7, Diff: 7, Sum: 7, Workers: 4
[1059.633s][debug][gc,phases      ] GC(76)   JVMTI Tag Weak OopStorage      Min:  0.0, Avg:  0.0, Max:  0.0, Diff:  0.0, Sum:  0.0, Workers: 4
[1059.633s][debug][gc,phases      ] GC(76)     Dead                           Min: 0, Avg:  0.0, Max: 0, Diff: 0, Sum: 0, Workers: 4
[1059.633s][debug][gc,phases      ] GC(76)     Total                          Min: 0, Avg:  0.0, Max: 0, Diff: 0, Sum: 0, Workers: 4
[1059.633s][debug][gc,phases      ] GC(76)   StringTable Weak               Min:  0.0, Avg:  0.1, Max:  0.1, Diff:  0.1, Sum:  0.4, Workers: 4
[1059.633s][debug][gc,phases      ] GC(76)     Dead                           Min: 0, Avg:  0.0, Max: 0, Diff: 0, Sum: 0, Workers: 4
[1059.633s][debug][gc,phases      ] GC(76)     Total                          Min: 0, Avg: 11256.0, Max: 18530, Diff: 18530, Sum: 45024, Workers: 4
[1059.633s][debug][gc,phases      ] GC(76)   ResolvedMethodTable Weak       Min:  0.0, Avg:  0.0, Max:  0.0, Diff:  0.0, Sum:  0.1, Workers: 4
[1059.633s][debug][gc,phases      ] GC(76)     Dead                           Min: 0, Avg:  0.0, Max: 0, Diff: 0, Sum: 0, Workers: 4
[1059.633s][debug][gc,phases      ] GC(76)     Total                          Min: 0, Avg: 2889.8, Max: 5031, Diff: 5031, Sum: 11559, Workers: 4
[1059.633s][debug][gc,phases      ] GC(76)   JNI Weak                       Min:  0.0, Avg:  0.0, Max:  0.0, Diff:  0.0, Sum:  0.0, Workers: 4
[1059.633s][debug][gc,phases      ] GC(76)     Dead                           Min: 0, Avg:  0.0, Max: 0, Diff: 0, Sum: 0, Workers: 4
[1059.633s][debug][gc,phases      ] GC(76)     Total                          Min: 0, Avg: 12.5, Max: 50, Diff: 50, Sum: 50, Workers: 4
[1059.633s][debug][gc,phases      ] GC(76)   StringDedup Table Weak         Min:  0.0, Avg:  0.0, Max:  0.0, Diff:  0.0, Sum:  0.0, Workers: 4
[1059.633s][debug][gc,phases      ] GC(76)     Dead                           Min: 0, Avg:  0.0, Max: 0, Diff: 0, Sum: 0, Workers: 4
[1059.633s][debug][gc,phases      ] GC(76)     Total                          Min: 0, Avg:  0.0, Max: 0, Diff: 0, Sum: 0, Workers: 4
[1059.633s][debug][gc,phases      ] GC(76)   StringDedup Requests0 Weak     Min:  0.0, Avg:  0.0, Max:  0.0, Diff:  0.0, Sum:  0.0, Workers: 4
[1059.633s][debug][gc,phases      ] GC(76)     Dead                           Min: 0, Avg:  0.0, Max: 0, Diff: 0, Sum: 0, Workers: 4
[1059.633s][debug][gc,phases      ] GC(76)     Total                          Min: 0, Avg:  0.0, Max: 0, Diff: 0, Sum: 0, Workers: 4
[1059.633s][debug][gc,phases      ] GC(76)   StringDedup Requests1 Weak     Min:  0.0, Avg:  0.0, Max:  0.0, Diff:  0.0, Sum:  0.0, Workers: 4
[1059.633s][debug][gc,phases      ] GC(76)     Dead                           Min: 0, Avg:  0.0, Max: 0, Diff: 0, Sum: 0, Workers: 4
[1059.633s][debug][gc,phases      ] GC(76)     Total                          Min: 0, Avg:  0.0, Max: 0, Diff: 0, Sum: 0, Workers: 4
[1059.633s][debug][gc,phases      ] GC(76)   Weak JFR Old Object Samples    Min:  0.0, Avg:  0.0, Max:  0.0, Diff:  0.0, Sum:  0.0, Workers: 4
[1059.633s][debug][gc,phases      ] GC(76)     Dead                           Min: 0, Avg:  0.0, Max: 0, Diff: 0, Sum: 0, Workers: 4
[1059.633s][debug][gc,phases      ] GC(76)     Total                          Min: 0, Avg:  0.0, Max: 0, Diff: 0, Sum: 0, Workers: 4
[1059.633s][debug][gc,phases      ] GC(76) Weak Processing 0.335ms
[1059.633s][debug][gc,age         ] GC(76) Desired survivor size 145752064 bytes, new threshold 15 (max threshold 15)
[1059.633s][info ][gc,heap        ] GC(76) PSYoungGen: 1913716K(1953792K)->93292K(1915392K) Eden: 1821696K(1821696K)->0K(1821696K) From: 92020K(132096K)->93292K(93696K)
[1059.633s][info ][gc,heap        ] GC(76) ParOldGen: 418522K(478720K)->418810K(478720K)
[1059.633s][info ][gc,metaspace   ] GC(76) Metaspace: 90664K(91904K)->90664K(91904K) NonClass: 77560K(78208K)->77560K(78208K) Class: 13104K(13696K)->13104K(13696K)
[1059.633s][info ][gc             ] GC(76) Pause Young (Allocation Failure) 2277M->500M(2338M) 25.552ms
[1059.633s][info ][gc,cpu         ] GC(76) User=0.09s Sys=0.01s Real=0.02s
[1059.633s][info ][safepoint      ] Safepoint "ParallelGCFailedAllocation", Time since last: 1947990 ns, Reaching safepoint: 72199 ns, Cleanup: 1600 ns, At safepoint: 25618170 ns, Total: 25691969 ns
[1060.633s][info ][safepoint      ] Safepoint "Cleanup", Time since last: 1000083900 ns, Reaching safepoint: 4200 ns, Cleanup: 13700 ns, At safepoint: 2100 ns, Total: 20000 ns
[1061.633s][info ][safepoint      ] Safepoint "Cleanup", Time since last: 1000106000 ns, Reaching safepoint: 5100 ns, Cleanup: 11900 ns, At safepoint: 2100 ns, Total: 19100 ns
[1062.633s][info ][safepoint      ] Safepoint "Cleanup", Time since last: 1000112100 ns, Reaching safepoint: 4500 ns, Cleanup: 13000 ns, At safepoint: 2300 ns, Total: 19800 ns
[1064.634s][info ][safepoint      ] Safepoint "Cleanup", Time since last: 2000173699 ns, Reaching safepoint: 5200 ns, Cleanup: 10000 ns, At safepoint: 1900 ns, Total: 17100 ns
[1067.634s][info ][safepoint      ] Safepoint "Cleanup", Time since last: 3000220393 ns, Reaching safepoint: 4300 ns, Cleanup: 8500 ns, At safepoint: 2000 ns, Total: 14800 ns
[1068.634s][info ][safepoint      ] Safepoint "Cleanup", Time since last: 1000096198 ns, Reaching safepoint: 4600 ns, Cleanup: 9500 ns, At safepoint: 2000 ns, Total: 16100 ns
[1077.635s][info ][safepoint      ] Safepoint "Cleanup", Time since last: 9000594629 ns, Reaching safepoint: 5300 ns, Cleanup: 11800 ns, At safepoint: 2300 ns, Total: 19400 ns
[1077.751s][info ][gc,start       ] GC(77) Pause Young (Allocation Failure)
[1077.775s][debug][gc,phases      ] GC(77) Scavenge 24.544ms
[1077.775s][debug][gc,ref         ] GC(77) Skipped phase 1 of Reference Processing: no references
[1077.775s][debug][gc,ref         ] GC(77) ReferenceProcessor::execute queues: 1, RefProcThreadModel::Single, marks_oops_alive: false
[1077.775s][debug][gc,ref         ] GC(77) Skipped phase 3 of Reference Processing: no references
[1077.775s][debug][gc,ref         ] GC(77) ReferenceProcessor::execute queues: 1, RefProcThreadModel::Single, marks_oops_alive: false
[1077.775s][debug][gc,phases      ] GC(77) Reference Processing 0.130ms
[1077.776s][debug][gc,phases      ] GC(77)   VM Weak                        Min:  0.0, Avg:  0.0, Max:  0.0, Diff:  0.0, Sum:  0.0, Workers: 4
[1077.776s][debug][gc,phases      ] GC(77)     Dead                           Min: 0, Avg:  0.0, Max: 0, Diff: 0, Sum: 0, Workers: 4
[1077.776s][debug][gc,phases      ] GC(77)     Total                          Min: 0, Avg: 244.8, Max: 512, Diff: 512, Sum: 979, Workers: 4
[1077.776s][debug][gc,phases      ] GC(77)   ObjectSynchronizer Weak        Min:  0.0, Avg:  0.0, Max:  0.0, Diff:  0.0, Sum:  0.0, Workers: 4
[1077.776s][debug][gc,phases      ] GC(77)     Dead                           Min: 0, Avg:  0.0, Max: 0, Diff: 0, Sum: 0, Workers: 4
[1077.776s][debug][gc,phases      ] GC(77)     Total                          Min: 0, Avg:  1.8, Max: 7, Diff: 7, Sum: 7, Workers: 4
[1077.776s][debug][gc,phases      ] GC(77)   JVMTI Tag Weak OopStorage      Min:  0.0, Avg:  0.0, Max:  0.0, Diff:  0.0, Sum:  0.0, Workers: 4
[1077.776s][debug][gc,phases      ] GC(77)     Dead                           Min: 0, Avg:  0.0, Max: 0, Diff: 0, Sum: 0, Workers: 4
[1077.776s][debug][gc,phases      ] GC(77)     Total                          Min: 0, Avg:  0.0, Max: 0, Diff: 0, Sum: 0, Workers: 4
[1077.776s][debug][gc,phases      ] GC(77)   StringTable Weak               Min:  0.0, Avg:  0.1, Max:  0.1, Diff:  0.1, Sum:  0.4, Workers: 4
[1077.776s][debug][gc,phases      ] GC(77)     Dead                           Min: 0, Avg:  0.0, Max: 0, Diff: 0, Sum: 0, Workers: 4
[1077.776s][debug][gc,phases      ] GC(77)     Total                          Min: 0, Avg: 11256.2, Max: 20259, Diff: 20259, Sum: 45025, Workers: 4
[1077.776s][debug][gc,phases      ] GC(77)   ResolvedMethodTable Weak       Min:  0.0, Avg:  0.0, Max:  0.0, Diff:  0.0, Sum:  0.1, Workers: 4
[1077.776s][debug][gc,phases      ] GC(77)     Dead                           Min: 0, Avg:  0.0, Max: 0, Diff: 0, Sum: 0, Workers: 4
[1077.776s][debug][gc,phases      ] GC(77)     Total                          Min: 0, Avg: 2889.8, Max: 4976, Diff: 4976, Sum: 11559, Workers: 4
[1077.776s][debug][gc,phases      ] GC(77)   JNI Weak                       Min:  0.0, Avg:  0.0, Max:  0.0, Diff:  0.0, Sum:  0.0, Workers: 4
[1077.776s][debug][gc,phases      ] GC(77)     Dead                           Min: 0, Avg:  0.0, Max: 0, Diff: 0, Sum: 0, Workers: 4
[1077.776s][debug][gc,phases      ] GC(77)     Total                          Min: 0, Avg: 12.0, Max: 48, Diff: 48, Sum: 48, Workers: 4
[1077.776s][debug][gc,phases      ] GC(77)   StringDedup Table Weak         Min:  0.0, Avg:  0.0, Max:  0.0, Diff:  0.0, Sum:  0.0, Workers: 4
[1077.776s][debug][gc,phases      ] GC(77)     Dead                           Min: 0, Avg:  0.0, Max: 0, Diff: 0, Sum: 0, Workers: 4
[1077.776s][debug][gc,phases      ] GC(77)     Total                          Min: 0, Avg:  0.0, Max: 0, Diff: 0, Sum: 0, Workers: 4
[1077.776s][debug][gc,phases      ] GC(77)   StringDedup Requests0 Weak     Min:  0.0, Avg:  0.0, Max:  0.0, Diff:  0.0, Sum:  0.0, Workers: 4
[1077.776s][debug][gc,phases      ] GC(77)     Dead                           Min: 0, Avg:  0.0, Max: 0, Diff: 0, Sum: 0, Workers: 4
[1077.776s][debug][gc,phases      ] GC(77)     Total                          Min: 0, Avg:  0.0, Max: 0, Diff: 0, Sum: 0, Workers: 4
[1077.776s][debug][gc,phases      ] GC(77)   StringDedup Requests1 Weak     Min:  0.0, Avg:  0.0, Max:  0.0, Diff:  0.0, Sum:  0.0, Workers: 4
[1077.776s][debug][gc,phases      ] GC(77)     Dead                           Min: 0, Avg:  0.0, Max: 0, Diff: 0, Sum: 0, Workers: 4
[1077.776s][debug][gc,phases      ] GC(77)     Total                          Min: 0, Avg:  0.0, Max: 0, Diff: 0, Sum: 0, Workers: 4
[1077.776s][debug][gc,phases      ] GC(77)   Weak JFR Old Object Samples    Min:  0.0, Avg:  0.0, Max:  0.0, Diff:  0.0, Sum:  0.0, Workers: 4
[1077.776s][debug][gc,phases      ] GC(77)     Dead                           Min: 0, Avg:  0.0, Max: 0, Diff: 0, Sum: 0, Workers: 4
[1077.776s][debug][gc,phases      ] GC(77)     Total                          Min: 0, Avg:  0.0, Max: 0, Diff: 0, Sum: 0, Workers: 4
[1077.776s][debug][gc,phases      ] GC(77) Weak Processing 0.331ms
[1077.776s][debug][gc,age         ] GC(77) Desired survivor size 148373504 bytes, new threshold 15 (max threshold 15)
[1077.776s][info ][gc,heap        ] GC(77) PSYoungGen: 1914988K(1915392K)->92228K(1949696K) Eden: 1821696K(1821696K)->0K(1807360K) From: 93292K(93696K)->92228K(142336K)
[1077.776s][info ][gc,heap        ] GC(77) ParOldGen: 418810K(478720K)->419083K(478720K)
[1077.776s][info ][gc,metaspace   ] GC(77) Metaspace: 90671K(91904K)->90671K(91904K) NonClass: 77567K(78208K)->77567K(78208K) Class: 13104K(13696K)->13104K(13696K)
[1077.776s][info ][gc             ] GC(77) Pause Young (Allocation Failure) 2279M->499M(2371M) 25.122ms
[1077.776s][info ][gc,cpu         ] GC(77) User=0.09s Sys=0.00s Real=0.03s
[1077.776s][info ][safepoint      ] Safepoint "ParallelGCFailedAllocation", Time since last: 115978321 ns, Reaching safepoint: 84500 ns, Cleanup: 4500 ns, At safepoint: 25195174 ns, Total: 25284174 ns
[1081.350s][info ][safepoint      ] Safepoint "Cleanup", Time since last: 3574441278 ns, Reaching safepoint: 77300 ns, Cleanup: 8900 ns, At safepoint: 13800 ns, Total: 100000 ns
[1082.351s][info ][safepoint      ] Safepoint "Cleanup", Time since last: 1000156989 ns, Reaching safepoint: 85600 ns, Cleanup: 9600 ns, At safepoint: 10300 ns, Total: 105500 ns
[1083.351s][info ][safepoint      ] Safepoint "Cleanup", Time since last: 1000113690 ns, Reaching safepoint: 75399 ns, Cleanup: 9100 ns, At safepoint: 5900 ns, Total: 90399 ns
[1086.351s][info ][safepoint      ] Safepoint "Cleanup", Time since last: 3000239370 ns, Reaching safepoint: 72600 ns, Cleanup: 11800 ns, At safepoint: 4800 ns, Total: 89200 ns
[1087.351s][info ][safepoint      ] Safepoint "Cleanup", Time since last: 1000112190 ns, Reaching safepoint: 75499 ns, Cleanup: 23500 ns, At safepoint: 6600 ns, Total: 105599 ns
[1088.352s][info ][safepoint      ] Safepoint "Cleanup", Time since last: 1000122352 ns, Reaching safepoint: 76499 ns, Cleanup: 11500 ns, At safepoint: 6100 ns, Total: 94099 ns
[1091.352s][info ][safepoint      ] Safepoint "Cleanup", Time since last: 3000265918 ns, Reaching safepoint: 71700 ns, Cleanup: 8300 ns, At safepoint: 5300 ns, Total: 85300 ns
[1092.352s][info ][safepoint      ] Safepoint "Cleanup", Time since last: 1000109606 ns, Reaching safepoint: 77399 ns, Cleanup: 11800 ns, At safepoint: 5800 ns, Total: 94999 ns
[1093.352s][info ][safepoint      ] Safepoint "Cleanup", Time since last: 1000098006 ns, Reaching safepoint: 87500 ns, Cleanup: 10300 ns, At safepoint: 6300 ns, Total: 104100 ns
[1095.353s][info ][safepoint      ] Safepoint "Cleanup", Time since last: 2000188512 ns, Reaching safepoint: 79099 ns, Cleanup: 9600 ns, At safepoint: 7400 ns, Total: 96099 ns
[1097.353s][info ][safepoint      ] Safepoint "Cleanup", Time since last: 2000183136 ns, Reaching safepoint: 77199 ns, Cleanup: 9600 ns, At safepoint: 6400 ns, Total: 93199 ns
[1098.353s][info ][safepoint      ] Safepoint "Cleanup", Time since last: 1000099025 ns, Reaching safepoint: 80000 ns, Cleanup: 8199 ns, At safepoint: 8000 ns, Total: 96199 ns
[1098.453s][info ][gc,start       ] GC(78) Pause Young (Allocation Failure)
[1098.515s][debug][gc,phases      ] GC(78) Scavenge 62.240ms
[1098.515s][debug][gc,ref         ] GC(78) Skipped phase 1 of Reference Processing: no references
[1098.515s][debug][gc,ref         ] GC(78) ReferenceProcessor::execute queues: 1, RefProcThreadModel::Single, marks_oops_alive: false
[1098.515s][debug][gc,ref         ] GC(78) Skipped phase 3 of Reference Processing: no references
[1098.515s][debug][gc,ref         ] GC(78) ReferenceProcessor::execute queues: 1, RefProcThreadModel::Single, marks_oops_alive: false
[1098.515s][debug][gc,phases      ] GC(78) Reference Processing 0.148ms
[1098.516s][debug][gc,phases      ] GC(78)   VM Weak                        Min:  0.0, Avg:  0.0, Max:  0.0, Diff:  0.0, Sum:  0.0, Workers: 4
[1098.516s][debug][gc,phases      ] GC(78)     Dead                           Min: 0, Avg:  0.0, Max: 0, Diff: 0, Sum: 0, Workers: 4
[1098.516s][debug][gc,phases      ] GC(78)     Total                          Min: 0, Avg: 244.8, Max: 979, Diff: 979, Sum: 979, Workers: 4
[1098.516s][debug][gc,phases      ] GC(78)   ObjectSynchronizer Weak        Min:  0.0, Avg:  0.0, Max:  0.0, Diff:  0.0, Sum:  0.0, Workers: 4
[1098.516s][debug][gc,phases      ] GC(78)     Dead                           Min: 0, Avg:  0.0, Max: 0, Diff: 0, Sum: 0, Workers: 4
[1098.516s][debug][gc,phases      ] GC(78)     Total                          Min: 0, Avg:  1.5, Max: 6, Diff: 6, Sum: 6, Workers: 4
[1098.516s][debug][gc,phases      ] GC(78)   JVMTI Tag Weak OopStorage      Min:  0.0, Avg:  0.0, Max:  0.0, Diff:  0.0, Sum:  0.0, Workers: 4
[1098.516s][debug][gc,phases      ] GC(78)     Dead                           Min: 0, Avg:  0.0, Max: 0, Diff: 0, Sum: 0, Workers: 4
[1098.516s][debug][gc,phases      ] GC(78)     Total                          Min: 0, Avg:  0.0, Max: 0, Diff: 0, Sum: 0, Workers: 4
[1098.516s][debug][gc,phases      ] GC(78)   StringTable Weak               Min:  0.0, Avg:  0.1, Max:  0.4, Diff:  0.4, Sum:  0.4, Workers: 4
[1098.516s][debug][gc,phases      ] GC(78)     Dead                           Min: 0, Avg:  0.0, Max: 0, Diff: 0, Sum: 0, Workers: 4
[1098.516s][debug][gc,phases      ] GC(78)     Total                          Min: 0, Avg: 11256.5, Max: 45026, Diff: 45026, Sum: 45026, Workers: 4
[1098.516s][debug][gc,phases      ] GC(78)   ResolvedMethodTable Weak       Min:  0.0, Avg:  0.0, Max:  0.1, Diff:  0.1, Sum:  0.1, Workers: 4
[1098.516s][debug][gc,phases      ] GC(78)     Dead                           Min: 0, Avg:  0.0, Max: 0, Diff: 0, Sum: 0, Workers: 4
[1098.516s][debug][gc,phases      ] GC(78)     Total                          Min: 0, Avg: 2889.8, Max: 11559, Diff: 11559, Sum: 11559, Workers: 4
[1098.516s][debug][gc,phases      ] GC(78)   JNI Weak                       Min:  0.0, Avg:  0.0, Max:  0.0, Diff:  0.0, Sum:  0.0, Workers: 4
[1098.516s][debug][gc,phases      ] GC(78)     Dead                           Min: 0, Avg:  0.0, Max: 0, Diff: 0, Sum: 0, Workers: 4
[1098.516s][debug][gc,phases      ] GC(78)     Total                          Min: 0, Avg: 12.0, Max: 48, Diff: 48, Sum: 48, Workers: 4
[1098.516s][debug][gc,phases      ] GC(78)   StringDedup Table Weak         Min:  0.0, Avg:  0.0, Max:  0.0, Diff:  0.0, Sum:  0.0, Workers: 4
[1098.516s][debug][gc,phases      ] GC(78)     Dead                           Min: 0, Avg:  0.0, Max: 0, Diff: 0, Sum: 0, Workers: 4
[1098.516s][debug][gc,phases      ] GC(78)     Total                          Min: 0, Avg:  0.0, Max: 0, Diff: 0, Sum: 0, Workers: 4
[1098.516s][debug][gc,phases      ] GC(78)   StringDedup Requests0 Weak     Min:  0.0, Avg:  0.0, Max:  0.0, Diff:  0.0, Sum:  0.0, Workers: 4
[1098.516s][debug][gc,phases      ] GC(78)     Dead                           Min: 0, Avg:  0.0, Max: 0, Diff: 0, Sum: 0, Workers: 4
[1098.516s][debug][gc,phases      ] GC(78)     Total                          Min: 0, Avg:  0.0, Max: 0, Diff: 0, Sum: 0, Workers: 4
[1098.516s][debug][gc,phases      ] GC(78)   StringDedup Requests1 Weak     Min:  0.0, Avg:  0.0, Max:  0.0, Diff:  0.0, Sum:  0.0, Workers: 4
[1098.516s][debug][gc,phases      ] GC(78)     Dead                           Min: 0, Avg:  0.0, Max: 0, Diff: 0, Sum: 0, Workers: 4
[1098.516s][debug][gc,phases      ] GC(78)     Total                          Min: 0, Avg:  0.0, Max: 0, Diff: 0, Sum: 0, Workers: 4
[1098.516s][debug][gc,phases      ] GC(78)   Weak JFR Old Object Samples    Min:  0.0, Avg:  0.0, Max:  0.0, Diff:  0.0, Sum:  0.0, Workers: 4
[1098.516s][debug][gc,phases      ] GC(78)     Dead                           Min: 0, Avg:  0.0, Max: 0, Diff: 0, Sum: 0, Workers: 4
[1098.516s][debug][gc,phases      ] GC(78)     Total                          Min: 0, Avg:  0.0, Max: 0, Diff: 0, Sum: 0, Workers: 4
[1098.516s][debug][gc,phases      ] GC(78) Weak Processing 0.781ms
[1098.516s][debug][gc,age         ] GC(78) Desired survivor size 149946368 bytes, new threshold 15 (max threshold 15)
[1098.516s][info ][gc,heap        ] GC(78) PSYoungGen: 1899588K(1949696K)->92108K(1899520K) Eden: 1807360K(1807360K)->0K(1807360K) From: 92228K(142336K)->92108K(92160K)
[1098.516s][info ][gc,heap        ] GC(78) ParOldGen: 419083K(478720K)->419587K(478720K)
[1098.516s][info ][gc,metaspace   ] GC(78) Metaspace: 90676K(91904K)->90676K(91904K) NonClass: 77572K(78208K)->77572K(78208K) Class: 13104K(13696K)->13104K(13696K)
[1098.516s][info ][gc             ] GC(78) Pause Young (Allocation Failure) 2264M->499M(2322M) 63.290ms
[1098.516s][info ][gc,cpu         ] GC(78) User=0.10s Sys=0.00s Real=0.07s
[1098.516s][info ][safepoint      ] Safepoint "ParallelGCFailedAllocation", Time since last: 99745084 ns, Reaching safepoint: 5900 ns, Cleanup: 3800 ns, At safepoint: 63373072 ns, Total: 63382772 ns
[1099.516s][info ][safepoint      ] Safepoint "Cleanup", Time since last: 1000090425 ns, Reaching safepoint: 79100 ns, Cleanup: 10900 ns, At safepoint: 7700 ns, Total: 97700 ns
[1102.517s][info ][safepoint      ] Safepoint "Cleanup", Time since last: 3000264074 ns, Reaching safepoint: 80700 ns, Cleanup: 10400 ns, At safepoint: 7200 ns, Total: 98300 ns
[1104.517s][info ][safepoint      ] Safepoint "Cleanup", Time since last: 2000183797 ns, Reaching safepoint: 76899 ns, Cleanup: 14700 ns, At safepoint: 7300 ns, Total: 98899 ns
[1105.517s][info ][safepoint      ] Safepoint "Cleanup", Time since last: 1000114694 ns, Reaching safepoint: 85500 ns, Cleanup: 10600 ns, At safepoint: 7500 ns, Total: 103600 ns
[1108.518s][info ][safepoint      ] Safepoint "Cleanup", Time since last: 3000248383 ns, Reaching safepoint: 75099 ns, Cleanup: 8800 ns, At safepoint: 7800 ns, Total: 91699 ns
[1109.518s][info ][safepoint      ] Safepoint "Cleanup", Time since last: 1000119194 ns, Reaching safepoint: 78500 ns, Cleanup: 10500 ns, At safepoint: 4300 ns, Total: 93300 ns
[1113.518s][info ][safepoint      ] Safepoint "Cleanup", Time since last: 4000321109 ns, Reaching safepoint: 77699 ns, Cleanup: 10000 ns, At safepoint: 8100 ns, Total: 95799 ns
[1115.901s][info ][gc,start       ] GC(79) Pause Young (Allocation Failure)
[1115.969s][debug][gc,phases      ] GC(79) Scavenge 67.790ms
[1115.969s][debug][gc,ref         ] GC(79) Skipped phase 1 of Reference Processing: no references
[1115.969s][debug][gc,ref         ] GC(79) ReferenceProcessor::execute queues: 1, RefProcThreadModel::Single, marks_oops_alive: false
[1115.969s][debug][gc,ref         ] GC(79) Skipped phase 3 of Reference Processing: no references
[1115.969s][debug][gc,ref         ] GC(79) ReferenceProcessor::execute queues: 1, RefProcThreadModel::Single, marks_oops_alive: false
[1115.969s][debug][gc,phases      ] GC(79) Reference Processing 0.190ms
[1115.969s][debug][gc,phases      ] GC(79)   VM Weak                        Min:  0.0, Avg:  0.0, Max:  0.0, Diff:  0.0, Sum:  0.0, Workers: 4
[1115.969s][debug][gc,phases      ] GC(79)     Dead                           Min: 0, Avg:  0.0, Max: 0, Diff: 0, Sum: 0, Workers: 4
[1115.969s][debug][gc,phases      ] GC(79)     Total                          Min: 0, Avg: 244.8, Max: 979, Diff: 979, Sum: 979, Workers: 4
[1115.969s][debug][gc,phases      ] GC(79)   ObjectSynchronizer Weak        Min:  0.0, Avg:  0.0, Max:  0.0, Diff:  0.0, Sum:  0.0, Workers: 4
[1115.969s][debug][gc,phases      ] GC(79)     Dead                           Min: 0, Avg:  0.0, Max: 0, Diff: 0, Sum: 0, Workers: 4
[1115.969s][debug][gc,phases      ] GC(79)     Total                          Min: 0, Avg:  2.0, Max: 8, Diff: 8, Sum: 8, Workers: 4
[1115.969s][debug][gc,phases      ] GC(79)   JVMTI Tag Weak OopStorage      Min:  0.0, Avg:  0.0, Max:  0.0, Diff:  0.0, Sum:  0.0, Workers: 4
[1115.969s][debug][gc,phases      ] GC(79)     Dead                           Min: 0, Avg:  0.0, Max: 0, Diff: 0, Sum: 0, Workers: 4
[1115.969s][debug][gc,phases      ] GC(79)     Total                          Min: 0, Avg:  0.0, Max: 0, Diff: 0, Sum: 0, Workers: 4
[1115.969s][debug][gc,phases      ] GC(79)   StringTable Weak               Min:  0.0, Avg:  0.1, Max:  0.4, Diff:  0.4, Sum:  0.4, Workers: 4
[1115.969s][debug][gc,phases      ] GC(79)     Dead                           Min: 0, Avg:  0.0, Max: 0, Diff: 0, Sum: 0, Workers: 4
[1115.969s][debug][gc,phases      ] GC(79)     Total                          Min: 0, Avg: 11257.2, Max: 39423, Diff: 39423, Sum: 45029, Workers: 4
[1115.969s][debug][gc,phases      ] GC(79)   ResolvedMethodTable Weak       Min:  0.0, Avg:  0.0, Max:  0.1, Diff:  0.1, Sum:  0.1, Workers: 4
[1115.969s][debug][gc,phases      ] GC(79)     Dead                           Min: 0, Avg:  0.0, Max: 0, Diff: 0, Sum: 0, Workers: 4
[1115.969s][debug][gc,phases      ] GC(79)     Total                          Min: 0, Avg: 2889.8, Max: 5815, Diff: 5815, Sum: 11559, Workers: 4
[1115.969s][debug][gc,phases      ] GC(79)   JNI Weak                       Min:  0.0, Avg:  0.0, Max:  0.0, Diff:  0.0, Sum:  0.0, Workers: 4
[1115.969s][debug][gc,phases      ] GC(79)     Dead                           Min: 0, Avg:  0.0, Max: 0, Diff: 0, Sum: 0, Workers: 4
[1115.969s][debug][gc,phases      ] GC(79)     Total                          Min: 0, Avg: 12.0, Max: 48, Diff: 48, Sum: 48, Workers: 4
[1115.970s][debug][gc,phases      ] GC(79)   StringDedup Table Weak         Min:  0.0, Avg:  0.0, Max:  0.0, Diff:  0.0, Sum:  0.0, Workers: 4
[1115.970s][debug][gc,phases      ] GC(79)     Dead                           Min: 0, Avg:  0.0, Max: 0, Diff: 0, Sum: 0, Workers: 4
[1115.970s][debug][gc,phases      ] GC(79)     Total                          Min: 0, Avg:  0.0, Max: 0, Diff: 0, Sum: 0, Workers: 4
[1115.970s][debug][gc,phases      ] GC(79)   StringDedup Requests0 Weak     Min:  0.0, Avg:  0.0, Max:  0.0, Diff:  0.0, Sum:  0.0, Workers: 4
[1115.970s][debug][gc,phases      ] GC(79)     Dead                           Min: 0, Avg:  0.0, Max: 0, Diff: 0, Sum: 0, Workers: 4
[1115.970s][debug][gc,phases      ] GC(79)     Total                          Min: 0, Avg:  0.0, Max: 0, Diff: 0, Sum: 0, Workers: 4
[1115.970s][debug][gc,phases      ] GC(79)   StringDedup Requests1 Weak     Min:  0.0, Avg:  0.0, Max:  0.0, Diff:  0.0, Sum:  0.0, Workers: 4
[1115.970s][debug][gc,phases      ] GC(79)     Dead                           Min: 0, Avg:  0.0, Max: 0, Diff: 0, Sum: 0, Workers: 4
[1115.970s][debug][gc,phases      ] GC(79)     Total                          Min: 0, Avg:  0.0, Max: 0, Diff: 0, Sum: 0, Workers: 4
[1115.970s][debug][gc,phases      ] GC(79)   Weak JFR Old Object Samples    Min:  0.0, Avg:  0.0, Max:  0.0, Diff:  0.0, Sum:  0.0, Workers: 4
[1115.970s][debug][gc,phases      ] GC(79)     Dead                           Min: 0, Avg:  0.0, Max: 0, Diff: 0, Sum: 0, Workers: 4
[1115.970s][debug][gc,phases      ] GC(79)     Total                          Min: 0, Avg:  0.0, Max: 0, Diff: 0, Sum: 0, Workers: 4
[1115.970s][debug][gc,phases      ] GC(79) Weak Processing 0.689ms
[1115.970s][debug][gc,age         ] GC(79) Desired survivor size 150994944 bytes, new threshold 15 (max threshold 15)
[1115.970s][info ][gc,heap        ] GC(79) PSYoungGen: 1899468K(1899520K)->91752K(1948672K) Eden: 1807360K(1807360K)->0K(1802240K) From: 92108K(92160K)->91752K(146432K)
[1115.970s][info ][gc,heap        ] GC(79) ParOldGen: 419587K(478720K)->420131K(478720K)
[1115.970s][info ][gc,metaspace   ] GC(79) Metaspace: 90685K(91904K)->90685K(91904K) NonClass: 77581K(78208K)->77581K(78208K) Class: 13104K(13696K)->13104K(13696K)
[1115.970s][info ][gc             ] GC(79) Pause Young (Allocation Failure) 2264M->499M(2370M) 68.801ms
[1115.970s][info ][gc,cpu         ] GC(79) User=0.10s Sys=0.00s Real=0.07s
[1115.970s][info ][safepoint      ] Safepoint "ParallelGCFailedAllocation", Time since last: 2382494282 ns, Reaching safepoint: 78999 ns, Cleanup: 3700 ns, At safepoint: 68879050 ns, Total: 68961749 ns
[1116.970s][info ][safepoint      ] Safepoint "Cleanup", Time since last: 1000093713 ns, Reaching safepoint: 81400 ns, Cleanup: 11600 ns, At safepoint: 9199 ns, Total: 102199 ns
[1118.975s][info ][safepoint      ] Safepoint "Cleanup", Time since last: 2001209521 ns, Reaching safepoint: 3420383 ns, Cleanup: 11800 ns, At safepoint: 13300 ns, Total: 3445483 ns
[1119.976s][info ][safepoint      ] Safepoint "Cleanup", Time since last: 1001046006 ns, Reaching safepoint: 84299 ns, Cleanup: 33000 ns, At safepoint: 9100 ns, Total: 126399 ns
[1120.976s][info ][safepoint      ] Safepoint "Cleanup", Time since last: 1000102795 ns, Reaching safepoint: 4300 ns, Cleanup: 27300 ns, At safepoint: 1700 ns, Total: 33300 ns
[1122.976s][info ][safepoint      ] Safepoint "Cleanup", Time since last: 2000182489 ns, Reaching safepoint: 77700 ns, Cleanup: 11600 ns, At safepoint: 6700 ns, Total: 96000 ns
[1124.976s][info ][safepoint      ] Safepoint "Cleanup", Time since last: 2000175189 ns, Reaching safepoint: 6500 ns, Cleanup: 11500 ns, At safepoint: 2600 ns, Total: 20600 ns
[1125.664s][info ][gc,start       ] GC(80) Pause Young (Allocation Failure)
[1125.718s][debug][gc,phases      ] GC(80) Scavenge 53.884ms
[1125.718s][debug][gc,ref         ] GC(80) Skipped phase 1 of Reference Processing: no references
[1125.718s][debug][gc,ref         ] GC(80) ReferenceProcessor::execute queues: 1, RefProcThreadModel::Single, marks_oops_alive: false
[1125.718s][debug][gc,ref         ] GC(80) Skipped phase 3 of Reference Processing: no references
[1125.718s][debug][gc,ref         ] GC(80) ReferenceProcessor::execute queues: 1, RefProcThreadModel::Single, marks_oops_alive: false
[1125.718s][debug][gc,phases      ] GC(80) Reference Processing 0.108ms
[1125.718s][debug][gc,phases      ] GC(80)   VM Weak                        Min:  0.0, Avg:  0.0, Max:  0.0, Diff:  0.0, Sum:  0.0, Workers: 4
[1125.718s][debug][gc,phases      ] GC(80)     Dead                           Min: 0, Avg:  0.0, Max: 0, Diff: 0, Sum: 0, Workers: 4
[1125.718s][debug][gc,phases      ] GC(80)     Total                          Min: 0, Avg: 244.8, Max: 595, Diff: 595, Sum: 979, Workers: 4
[1125.718s][debug][gc,phases      ] GC(80)   ObjectSynchronizer Weak        Min:  0.0, Avg:  0.0, Max:  0.0, Diff:  0.0, Sum:  0.0, Workers: 4
[1125.718s][debug][gc,phases      ] GC(80)     Dead                           Min: 0, Avg:  0.0, Max: 0, Diff: 0, Sum: 0, Workers: 4
[1125.718s][debug][gc,phases      ] GC(80)     Total                          Min: 0, Avg:  2.0, Max: 8, Diff: 8, Sum: 8, Workers: 4
[1125.718s][debug][gc,phases      ] GC(80)   JVMTI Tag Weak OopStorage      Min:  0.0, Avg:  0.0, Max:  0.0, Diff:  0.0, Sum:  0.0, Workers: 4
[1125.718s][debug][gc,phases      ] GC(80)     Dead                           Min: 0, Avg:  0.0, Max: 0, Diff: 0, Sum: 0, Workers: 4
[1125.718s][debug][gc,phases      ] GC(80)     Total                          Min: 0, Avg:  0.0, Max: 0, Diff: 0, Sum: 0, Workers: 4
[1125.719s][debug][gc,phases      ] GC(80)   StringTable Weak               Min:  0.0, Avg:  0.1, Max:  0.2, Diff:  0.2, Sum:  0.4, Workers: 4
[1125.719s][debug][gc,phases      ] GC(80)     Dead                           Min: 0, Avg:  0.0, Max: 0, Diff: 0, Sum: 0, Workers: 4
[1125.719s][debug][gc,phases      ] GC(80)     Total                          Min: 0, Avg: 11260.0, Max: 25904, Diff: 25904, Sum: 45040, Workers: 4
[1125.719s][debug][gc,phases      ] GC(80)   ResolvedMethodTable Weak       Min:  0.0, Avg:  0.0, Max:  0.0, Diff:  0.0, Sum:  0.1, Workers: 4
[1125.719s][debug][gc,phases      ] GC(80)     Dead                           Min: 0, Avg:  0.0, Max: 0, Diff: 0, Sum: 0, Workers: 4
[1125.719s][debug][gc,phases      ] GC(80)     Total                          Min: 0, Avg: 2889.8, Max: 6631, Diff: 6631, Sum: 11559, Workers: 4
[1125.719s][debug][gc,phases      ] GC(80)   JNI Weak                       Min:  0.0, Avg:  0.0, Max:  0.0, Diff:  0.0, Sum:  0.0, Workers: 4
[1125.719s][debug][gc,phases      ] GC(80)     Dead                           Min: 0, Avg:  0.0, Max: 0, Diff: 0, Sum: 0, Workers: 4
[1125.719s][debug][gc,phases      ] GC(80)     Total                          Min: 0, Avg: 12.0, Max: 48, Diff: 48, Sum: 48, Workers: 4
[1125.719s][debug][gc,phases      ] GC(80)   StringDedup Table Weak         Min:  0.0, Avg:  0.0, Max:  0.0, Diff:  0.0, Sum:  0.0, Workers: 4
[1125.719s][debug][gc,phases      ] GC(80)     Dead                           Min: 0, Avg:  0.0, Max: 0, Diff: 0, Sum: 0, Workers: 4
[1125.719s][debug][gc,phases      ] GC(80)     Total                          Min: 0, Avg:  0.0, Max: 0, Diff: 0, Sum: 0, Workers: 4
[1125.719s][debug][gc,phases      ] GC(80)   StringDedup Requests0 Weak     Min:  0.0, Avg:  0.0, Max:  0.0, Diff:  0.0, Sum:  0.0, Workers: 4
[1125.719s][debug][gc,phases      ] GC(80)     Dead                           Min: 0, Avg:  0.0, Max: 0, Diff: 0, Sum: 0, Workers: 4
[1125.719s][debug][gc,phases      ] GC(80)     Total                          Min: 0, Avg:  0.0, Max: 0, Diff: 0, Sum: 0, Workers: 4
[1125.719s][debug][gc,phases      ] GC(80)   StringDedup Requests1 Weak     Min:  0.0, Avg:  0.0, Max:  0.0, Diff:  0.0, Sum:  0.0, Workers: 4
[1125.719s][debug][gc,phases      ] GC(80)     Dead                           Min: 0, Avg:  0.0, Max: 0, Diff: 0, Sum: 0, Workers: 4
[1125.719s][debug][gc,phases      ] GC(80)     Total                          Min: 0, Avg:  0.0, Max: 0, Diff: 0, Sum: 0, Workers: 4
[1125.719s][debug][gc,phases      ] GC(80)   Weak JFR Old Object Samples    Min:  0.0, Avg:  0.0, Max:  0.0, Diff:  0.0, Sum:  0.0, Workers: 4
[1125.719s][debug][gc,phases      ] GC(80)     Dead                           Min: 0, Avg:  0.0, Max: 0, Diff: 0, Sum: 0, Workers: 4
[1125.719s][debug][gc,phases      ] GC(80)     Total                          Min: 0, Avg:  0.0, Max: 0, Diff: 0, Sum: 0, Workers: 4
[1125.719s][debug][gc,phases      ] GC(80) Weak Processing 0.418ms
[1125.719s][debug][gc,age         ] GC(80) Desired survivor size 152567808 bytes, new threshold 15 (max threshold 15)
[1125.719s][info ][gc,heap        ] GC(80) PSYoungGen: 1893992K(1948672K)->97004K(1899520K) Eden: 1802240K(1802240K)->0K(1802240K) From: 91752K(146432K)->97004K(97280K)
[1125.719s][info ][gc,heap        ] GC(80) ParOldGen: 420131K(478720K)->429503K(478720K)
[1125.719s][info ][gc,metaspace   ] GC(80) Metaspace: 90746K(91968K)->90746K(91968K) NonClass: 77642K(78272K)->77642K(78272K) Class: 13104K(13696K)->13104K(13696K)
[1125.719s][info ][gc             ] GC(80) Pause Young (Allocation Failure) 2259M->514M(2322M) 54.523ms
[1125.719s][info ][gc,cpu         ] GC(80) User=0.11s Sys=0.00s Real=0.05s
[1125.719s][info ][safepoint      ] Safepoint "ParallelGCFailedAllocation", Time since last: 683471211 ns, Reaching safepoint: 4265678 ns, Cleanup: 4000 ns, At safepoint: 54603022 ns, Total: 58872700 ns
[1126.719s][info ][safepoint      ] Safepoint "Cleanup", Time since last: 1000081994 ns, Reaching safepoint: 4500 ns, Cleanup: 9100 ns, At safepoint: 1600 ns, Total: 15200 ns
[1128.719s][info ][safepoint      ] Safepoint "Cleanup", Time since last: 2000170709 ns, Reaching safepoint: 6400 ns, Cleanup: 28300 ns, At safepoint: 2100 ns, Total: 36800 ns
[1129.719s][info ][safepoint      ] Safepoint "Cleanup", Time since last: 1000086017 ns, Reaching safepoint: 4400 ns, Cleanup: 62200 ns, At safepoint: 2000 ns, Total: 68600 ns
[1130.719s][info ][safepoint      ] Safepoint "Cleanup", Time since last: 1000100917 ns, Reaching safepoint: 4700 ns, Cleanup: 6200 ns, At safepoint: 1600 ns, Total: 12500 ns
[1131.719s][info ][safepoint      ] Safepoint "Cleanup", Time since last: 1000098917 ns, Reaching safepoint: 4500 ns, Cleanup: 10300 ns, At safepoint: 2100 ns, Total: 16900 ns
[1132.720s][info ][safepoint      ] Safepoint "Cleanup", Time since last: 1000102117 ns, Reaching safepoint: 6100 ns, Cleanup: 55299 ns, At safepoint: 2500 ns, Total: 63899 ns
[1133.722s][info ][gc,start       ] GC(81) Pause Young (Allocation Failure)
[1133.765s][debug][gc,phases      ] GC(81) Scavenge 43.548ms
[1133.765s][debug][gc,ref         ] GC(81) Skipped phase 1 of Reference Processing: no references
[1133.765s][debug][gc,ref         ] GC(81) ReferenceProcessor::execute queues: 1, RefProcThreadModel::Single, marks_oops_alive: false
[1133.765s][debug][gc,ref         ] GC(81) ReferenceProcessor::execute queues: 4, RefProcThreadModel::Multi, marks_oops_alive: true
[1133.765s][debug][gc,ref         ] GC(81) ReferenceProcessor::execute queues: 1, RefProcThreadModel::Single, marks_oops_alive: false
[1133.765s][debug][gc,phases      ] GC(81) Reference Processing 0.184ms
[1133.766s][debug][gc,phases      ] GC(81)   VM Weak                        Min:  0.0, Avg:  0.0, Max:  0.0, Diff:  0.0, Sum:  0.0, Workers: 4
[1133.766s][debug][gc,phases      ] GC(81)     Dead                           Min: 0, Avg:  0.0, Max: 0, Diff: 0, Sum: 0, Workers: 4
[1133.766s][debug][gc,phases      ] GC(81)     Total                          Min: 0, Avg: 245.0, Max: 576, Diff: 576, Sum: 980, Workers: 4
[1133.766s][debug][gc,phases      ] GC(81)   ObjectSynchronizer Weak        Min:  0.0, Avg:  0.0, Max:  0.0, Diff:  0.0, Sum:  0.0, Workers: 4
[1133.766s][debug][gc,phases      ] GC(81)     Dead                           Min: 0, Avg:  0.5, Max: 2, Diff: 2, Sum: 2, Workers: 4
[1133.766s][debug][gc,phases      ] GC(81)     Total                          Min: 0, Avg:  2.8, Max: 11, Diff: 11, Sum: 11, Workers: 4
[1133.766s][debug][gc,phases      ] GC(81)   JVMTI Tag Weak OopStorage      Min:  0.0, Avg:  0.0, Max:  0.0, Diff:  0.0, Sum:  0.0, Workers: 4
[1133.766s][debug][gc,phases      ] GC(81)     Dead                           Min: 0, Avg:  0.0, Max: 0, Diff: 0, Sum: 0, Workers: 4
[1133.766s][debug][gc,phases      ] GC(81)     Total                          Min: 0, Avg:  0.0, Max: 0, Diff: 0, Sum: 0, Workers: 4
[1133.766s][debug][gc,phases      ] GC(81)   StringTable Weak               Min:  0.0, Avg:  0.1, Max:  0.2, Diff:  0.2, Sum:  0.5, Workers: 4
[1133.766s][debug][gc,phases      ] GC(81)     Dead                           Min: 0, Avg:  0.0, Max: 0, Diff: 0, Sum: 0, Workers: 4
[1133.766s][debug][gc,phases      ] GC(81)     Total                          Min: 0, Avg: 11280.5, Max: 17984, Diff: 17984, Sum: 45122, Workers: 4
[1133.766s][debug][gc,phases      ] GC(81)   ResolvedMethodTable Weak       Min:  0.0, Avg:  0.0, Max:  0.0, Diff:  0.0, Sum:  0.1, Workers: 4
[1133.766s][debug][gc,phases      ] GC(81)     Dead                           Min: 0, Avg:  0.0, Max: 0, Diff: 0, Sum: 0, Workers: 4
[1133.766s][debug][gc,phases      ] GC(81)     Total                          Min: 0, Avg: 2891.5, Max: 4087, Diff: 4087, Sum: 11566, Workers: 4
[1133.766s][debug][gc,phases      ] GC(81)   JNI Weak                       Min:  0.0, Avg:  0.0, Max:  0.0, Diff:  0.0, Sum:  0.0, Workers: 4
[1133.766s][debug][gc,phases      ] GC(81)     Dead                           Min: 0, Avg:  0.0, Max: 0, Diff: 0, Sum: 0, Workers: 4
[1133.766s][debug][gc,phases      ] GC(81)     Total                          Min: 0, Avg: 12.0, Max: 48, Diff: 48, Sum: 48, Workers: 4
[1133.766s][debug][gc,phases      ] GC(81)   StringDedup Table Weak         Min:  0.0, Avg:  0.0, Max:  0.0, Diff:  0.0, Sum:  0.0, Workers: 4
[1133.766s][debug][gc,phases      ] GC(81)     Dead                           Min: 0, Avg:  0.0, Max: 0, Diff: 0, Sum: 0, Workers: 4
[1133.766s][debug][gc,phases      ] GC(81)     Total                          Min: 0, Avg:  0.0, Max: 0, Diff: 0, Sum: 0, Workers: 4
[1133.766s][debug][gc,phases      ] GC(81)   StringDedup Requests0 Weak     Min:  0.0, Avg:  0.0, Max:  0.0, Diff:  0.0, Sum:  0.0, Workers: 4
[1133.766s][debug][gc,phases      ] GC(81)     Dead                           Min: 0, Avg:  0.0, Max: 0, Diff: 0, Sum: 0, Workers: 4
[1133.766s][debug][gc,phases      ] GC(81)     Total                          Min: 0, Avg:  0.0, Max: 0, Diff: 0, Sum: 0, Workers: 4
[1133.766s][debug][gc,phases      ] GC(81)   StringDedup Requests1 Weak     Min:  0.0, Avg:  0.0, Max:  0.0, Diff:  0.0, Sum:  0.0, Workers: 4
[1133.766s][debug][gc,phases      ] GC(81)     Dead                           Min: 0, Avg:  0.0, Max: 0, Diff: 0, Sum: 0, Workers: 4
[1133.766s][debug][gc,phases      ] GC(81)     Total                          Min: 0, Avg:  0.0, Max: 0, Diff: 0, Sum: 0, Workers: 4
[1133.766s][debug][gc,phases      ] GC(81)   Weak JFR Old Object Samples    Min:  0.0, Avg:  0.0, Max:  0.0, Diff:  0.0, Sum:  0.0, Workers: 4
[1133.766s][debug][gc,phases      ] GC(81)     Dead                           Min: 0, Avg:  0.0, Max: 0, Diff: 0, Sum: 0, Workers: 4
[1133.766s][debug][gc,phases      ] GC(81)     Total                          Min: 0, Avg:  0.0, Max: 0, Diff: 0, Sum: 0, Workers: 4
[1133.766s][debug][gc,phases      ] GC(81) Weak Processing 0.383ms
[1133.766s][debug][gc,age         ] GC(81) Desired survivor size 148373504 bytes, new threshold 15 (max threshold 15)
[1133.766s][info ][gc,heap        ] GC(81) PSYoungGen: 1899244K(1899520K)->83088K(1952256K) Eden: 1802240K(1802240K)->0K(1803264K) From: 97004K(97280K)->83088K(148992K)
[1133.766s][info ][gc,heap        ] GC(81) ParOldGen: 429503K(478720K)->430835K(478720K)
[1133.766s][info ][gc,metaspace   ] GC(81) Metaspace: 90869K(92032K)->90869K(92032K) NonClass: 77757K(78336K)->77757K(78336K) Class: 13111K(13696K)->13111K(13696K)
[1133.766s][info ][gc             ] GC(81) Pause Young (Allocation Failure) 2274M->501M(2374M) 44.243ms
[1133.766s][info ][gc,cpu         ] GC(81) User=0.11s Sys=0.00s Real=0.05s
[1133.766s][info ][safepoint      ] Safepoint "ParallelGCFailedAllocation", Time since last: 1001722309 ns, Reaching safepoint: 77900 ns, Cleanup: 137399 ns, At safepoint: 44333875 ns, Total: 44549174 ns
[1134.766s][info ][safepoint      ] Safepoint "Cleanup", Time since last: 1000084217 ns, Reaching safepoint: 72200 ns, Cleanup: 11400 ns, At safepoint: 5900 ns, Total: 89500 ns
[1135.766s][info ][safepoint      ] Safepoint "Cleanup", Time since last: 1000099117 ns, Reaching safepoint: 4600 ns, Cleanup: 14800 ns, At safepoint: 2200 ns, Total: 21600 ns
[1138.766s][info ][safepoint      ] Safepoint "Cleanup", Time since last: 3000243034 ns, Reaching safepoint: 5200 ns, Cleanup: 10600 ns, At safepoint: 1700 ns, Total: 17500 ns
[1139.767s][info ][safepoint      ] Safepoint "Cleanup", Time since last: 1000107612 ns, Reaching safepoint: 80099 ns, Cleanup: 13100 ns, At safepoint: 6100 ns, Total: 99299 ns
[1143.408s][info ][safepoint      ] Safepoint "Cleanup", Time since last: 3640947174 ns, Reaching safepoint: 77300 ns, Cleanup: 8600 ns, At safepoint: 6700 ns, Total: 92600 ns
[1144.408s][info ][safepoint      ] Safepoint "Cleanup", Time since last: 1000070111 ns, Reaching safepoint: 76500 ns, Cleanup: 13100 ns, At safepoint: 6000 ns, Total: 95600 ns
[1144.772s][info ][gc,start       ] GC(82) Pause Young (Allocation Failure)
[1144.807s][debug][gc,phases      ] GC(82) Scavenge 35.146ms
[1144.807s][debug][gc,ref         ] GC(82) Skipped phase 1 of Reference Processing: no references
[1144.807s][debug][gc,ref         ] GC(82) ReferenceProcessor::execute queues: 1, RefProcThreadModel::Single, marks_oops_alive: false
[1144.807s][debug][gc,ref         ] GC(82) ReferenceProcessor::execute queues: 4, RefProcThreadModel::Multi, marks_oops_alive: true
[1144.807s][debug][gc,ref         ] GC(82) ReferenceProcessor::execute queues: 1, RefProcThreadModel::Single, marks_oops_alive: false
[1144.807s][debug][gc,phases      ] GC(82) Reference Processing 0.282ms
[1144.807s][debug][gc,phases      ] GC(82)   VM Weak                        Min:  0.0, Avg:  0.0, Max:  0.0, Diff:  0.0, Sum:  0.0, Workers: 4
[1144.808s][debug][gc,phases      ] GC(82)     Dead                           Min: 0, Avg:  0.0, Max: 0, Diff: 0, Sum: 0, Workers: 4
[1144.808s][debug][gc,phases      ] GC(82)     Total                          Min: 0, Avg: 245.0, Max: 832, Diff: 832, Sum: 980, Workers: 4
[1144.808s][debug][gc,phases      ] GC(82)   ObjectSynchronizer Weak        Min:  0.0, Avg:  0.0, Max:  0.0, Diff:  0.0, Sum:  0.0, Workers: 4
[1144.808s][debug][gc,phases      ] GC(82)     Dead                           Min: 0, Avg:  0.0, Max: 0, Diff: 0, Sum: 0, Workers: 4
[1144.808s][debug][gc,phases      ] GC(82)     Total                          Min: 0, Avg:  1.5, Max: 6, Diff: 6, Sum: 6, Workers: 4
[1144.808s][debug][gc,phases      ] GC(82)   JVMTI Tag Weak OopStorage      Min:  0.0, Avg:  0.0, Max:  0.0, Diff:  0.0, Sum:  0.0, Workers: 4
[1144.808s][debug][gc,phases      ] GC(82)     Dead                           Min: 0, Avg:  0.0, Max: 0, Diff: 0, Sum: 0, Workers: 4
[1144.808s][debug][gc,phases      ] GC(82)     Total                          Min: 0, Avg:  0.0, Max: 0, Diff: 0, Sum: 0, Workers: 4
[1144.808s][debug][gc,phases      ] GC(82)   StringTable Weak               Min:  0.0, Avg:  0.1, Max:  0.1, Diff:  0.1, Sum:  0.4, Workers: 4
[1144.808s][debug][gc,phases      ] GC(82)     Dead                           Min: 0, Avg:  0.0, Max: 0, Diff: 0, Sum: 0, Workers: 4
[1144.808s][debug][gc,phases      ] GC(82)     Total                          Min: 0, Avg: 11281.0, Max: 18372, Diff: 18372, Sum: 45124, Workers: 4
[1144.808s][debug][gc,phases      ] GC(82)   ResolvedMethodTable Weak       Min:  0.0, Avg:  0.0, Max:  0.0, Diff:  0.0, Sum:  0.1, Workers: 4
[1144.808s][debug][gc,phases      ] GC(82)     Dead                           Min: 0, Avg:  0.0, Max: 0, Diff: 0, Sum: 0, Workers: 4
[1144.808s][debug][gc,phases      ] GC(82)     Total                          Min: 0, Avg: 2891.5, Max: 4992, Diff: 4992, Sum: 11566, Workers: 4
[1144.808s][debug][gc,phases      ] GC(82)   JNI Weak                       Min:  0.0, Avg:  0.0, Max:  0.0, Diff:  0.0, Sum:  0.0, Workers: 4
[1144.808s][debug][gc,phases      ] GC(82)     Dead                           Min: 0, Avg:  0.0, Max: 0, Diff: 0, Sum: 0, Workers: 4
[1144.808s][debug][gc,phases      ] GC(82)     Total                          Min: 0, Avg: 12.0, Max: 48, Diff: 48, Sum: 48, Workers: 4
[1144.808s][debug][gc,phases      ] GC(82)   StringDedup Table Weak         Min:  0.0, Avg:  0.0, Max:  0.0, Diff:  0.0, Sum:  0.0, Workers: 4
[1144.808s][debug][gc,phases      ] GC(82)     Dead                           Min: 0, Avg:  0.0, Max: 0, Diff: 0, Sum: 0, Workers: 4
[1144.808s][debug][gc,phases      ] GC(82)     Total                          Min: 0, Avg:  0.0, Max: 0, Diff: 0, Sum: 0, Workers: 4
[1144.808s][debug][gc,phases      ] GC(82)   StringDedup Requests0 Weak     Min:  0.0, Avg:  0.0, Max:  0.0, Diff:  0.0, Sum:  0.0, Workers: 4
[1144.808s][debug][gc,phases      ] GC(82)     Dead                           Min: 0, Avg:  0.0, Max: 0, Diff: 0, Sum: 0, Workers: 4
[1144.808s][debug][gc,phases      ] GC(82)     Total                          Min: 0, Avg:  0.0, Max: 0, Diff: 0, Sum: 0, Workers: 4
[1144.808s][debug][gc,phases      ] GC(82)   StringDedup Requests1 Weak     Min:  0.0, Avg:  0.0, Max:  0.0, Diff:  0.0, Sum:  0.0, Workers: 4
[1144.808s][debug][gc,phases      ] GC(82)     Dead                           Min: 0, Avg:  0.0, Max: 0, Diff: 0, Sum: 0, Workers: 4
[1144.808s][debug][gc,phases      ] GC(82)     Total                          Min: 0, Avg:  0.0, Max: 0, Diff: 0, Sum: 0, Workers: 4
[1144.808s][debug][gc,phases      ] GC(82)   Weak JFR Old Object Samples    Min:  0.0, Avg:  0.0, Max:  0.0, Diff:  0.0, Sum:  0.0, Workers: 4
[1144.808s][debug][gc,phases      ] GC(82)     Dead                           Min: 0, Avg:  0.0, Max: 0, Diff: 0, Sum: 0, Workers: 4
[1144.808s][debug][gc,phases      ] GC(82)     Total                          Min: 0, Avg:  0.0, Max: 0, Diff: 0, Sum: 0, Workers: 4
[1144.808s][debug][gc,phases      ] GC(82) Weak Processing 0.334ms
[1144.808s][debug][gc,age         ] GC(82) Desired survivor size 155189248 bytes, new threshold 15 (max threshold 15)
[1144.808s][info ][gc,heap        ] GC(82) PSYoungGen: 1886352K(1952256K)->111512K(1914880K) Eden: 1803264K(1803264K)->0K(1803264K) From: 83088K(148992K)->111512K(111616K)
[1144.808s][info ][gc,heap        ] GC(82) ParOldGen: 430835K(478720K)->432179K(478720K)
[1144.808s][info ][gc,metaspace   ] GC(82) Metaspace: 90881K(92096K)->90881K(92096K) NonClass: 77769K(78400K)->77769K(78400K) Class: 13111K(13696K)->13111K(13696K)
[1144.808s][info ][gc             ] GC(82) Pause Young (Allocation Failure) 2262M->530M(2337M) 35.893ms
[1144.808s][info ][gc,cpu         ] GC(82) User=0.12s Sys=0.00s Real=0.04s
[1144.808s][info ][safepoint      ] Safepoint "ParallelGCFailedAllocation", Time since last: 363865948 ns, Reaching safepoint: 81200 ns, Cleanup: 16900 ns, At safepoint: 35975417 ns, Total: 36073517 ns
[1145.808s][info ][safepoint      ] Safepoint "Cleanup", Time since last: 1000084511 ns, Reaching safepoint: 80800 ns, Cleanup: 51999 ns, At safepoint: 12400 ns, Total: 145199 ns
[1146.808s][info ][safepoint      ] Safepoint "Cleanup", Time since last: 1000095912 ns, Reaching safepoint: 73499 ns, Cleanup: 20800 ns, At safepoint: 5400 ns, Total: 99699 ns
[1147.808s][info ][safepoint      ] Safepoint "Cleanup", Time since last: 1000097311 ns, Reaching safepoint: 73500 ns, Cleanup: 24000 ns, At safepoint: 5400 ns, Total: 102900 ns
[1148.809s][info ][safepoint      ] Safepoint "Cleanup", Time since last: 1000109211 ns, Reaching safepoint: 75500 ns, Cleanup: 16300 ns, At safepoint: 5500 ns, Total: 97300 ns
[1149.809s][info ][safepoint      ] Safepoint "Cleanup", Time since last: 1000105611 ns, Reaching safepoint: 74899 ns, Cleanup: 31700 ns, At safepoint: 10900 ns, Total: 117499 ns
[1150.809s][info ][safepoint      ] Safepoint "Cleanup", Time since last: 1000110311 ns, Reaching safepoint: 74000 ns, Cleanup: 23700 ns, At safepoint: 6500 ns, Total: 104200 ns
[1150.970s][info ][gc,start       ] GC(83) Pause Young (Allocation Failure)
[1151.055s][debug][gc,phases      ] GC(83) Scavenge 84.927ms
[1151.055s][debug][gc,ref         ] GC(83) Skipped phase 1 of Reference Processing: no references
[1151.055s][debug][gc,ref         ] GC(83) ReferenceProcessor::execute queues: 1, RefProcThreadModel::Single, marks_oops_alive: false
[1151.055s][debug][gc,ref         ] GC(83) Skipped phase 3 of Reference Processing: no references
[1151.055s][debug][gc,ref         ] GC(83) ReferenceProcessor::execute queues: 1, RefProcThreadModel::Single, marks_oops_alive: false
[1151.055s][debug][gc,phases      ] GC(83) Reference Processing 0.182ms
[1151.056s][debug][gc,phases      ] GC(83)   VM Weak                        Min:  0.0, Avg:  0.0, Max:  0.0, Diff:  0.0, Sum:  0.0, Workers: 4
[1151.056s][debug][gc,phases      ] GC(83)     Dead                           Min: 0, Avg:  0.0, Max: 0, Diff: 0, Sum: 0, Workers: 4
[1151.056s][debug][gc,phases      ] GC(83)     Total                          Min: 0, Avg: 245.0, Max: 980, Diff: 980, Sum: 980, Workers: 4
[1151.056s][debug][gc,phases      ] GC(83)   ObjectSynchronizer Weak        Min:  0.0, Avg:  0.0, Max:  0.0, Diff:  0.0, Sum:  0.0, Workers: 4
[1151.056s][debug][gc,phases      ] GC(83)     Dead                           Min: 0, Avg:  0.0, Max: 0, Diff: 0, Sum: 0, Workers: 4
[1151.056s][debug][gc,phases      ] GC(83)     Total                          Min: 0, Avg:  1.5, Max: 6, Diff: 6, Sum: 6, Workers: 4
[1151.056s][debug][gc,phases      ] GC(83)   JVMTI Tag Weak OopStorage      Min:  0.0, Avg:  0.0, Max:  0.0, Diff:  0.0, Sum:  0.0, Workers: 4
[1151.056s][debug][gc,phases      ] GC(83)     Dead                           Min: 0, Avg:  0.0, Max: 0, Diff: 0, Sum: 0, Workers: 4
[1151.056s][debug][gc,phases      ] GC(83)     Total                          Min: 0, Avg:  0.0, Max: 0, Diff: 0, Sum: 0, Workers: 4
[1151.056s][debug][gc,phases      ] GC(83)   StringTable Weak               Min:  0.0, Avg:  0.1, Max:  0.4, Diff:  0.4, Sum:  0.4, Workers: 4
[1151.056s][debug][gc,phases      ] GC(83)     Dead                           Min: 0, Avg:  0.0, Max: 0, Diff: 0, Sum: 0, Workers: 4
[1151.056s][debug][gc,phases      ] GC(83)     Total                          Min: 0, Avg: 11288.5, Max: 45154, Diff: 45154, Sum: 45154, Workers: 4
[1151.056s][debug][gc,phases      ] GC(83)   ResolvedMethodTable Weak       Min:  0.0, Avg:  0.0, Max:  0.1, Diff:  0.1, Sum:  0.1, Workers: 4
[1151.056s][debug][gc,phases      ] GC(83)     Dead                           Min: 0, Avg:  0.0, Max: 0, Diff: 0, Sum: 0, Workers: 4
[1151.056s][debug][gc,phases      ] GC(83)     Total                          Min: 0, Avg: 2891.5, Max: 11566, Diff: 11566, Sum: 11566, Workers: 4
[1151.056s][debug][gc,phases      ] GC(83)   JNI Weak                       Min:  0.0, Avg:  0.0, Max:  0.0, Diff:  0.0, Sum:  0.0, Workers: 4
[1151.056s][debug][gc,phases      ] GC(83)     Dead                           Min: 0, Avg:  0.0, Max: 0, Diff: 0, Sum: 0, Workers: 4
[1151.056s][debug][gc,phases      ] GC(83)     Total                          Min: 0, Avg: 12.0, Max: 48, Diff: 48, Sum: 48, Workers: 4
[1151.056s][debug][gc,phases      ] GC(83)   StringDedup Table Weak         Min:  0.0, Avg:  0.0, Max:  0.0, Diff:  0.0, Sum:  0.0, Workers: 4
[1151.056s][debug][gc,phases      ] GC(83)     Dead                           Min: 0, Avg:  0.0, Max: 0, Diff: 0, Sum: 0, Workers: 4
[1151.056s][debug][gc,phases      ] GC(83)     Total                          Min: 0, Avg:  0.0, Max: 0, Diff: 0, Sum: 0, Workers: 4
[1151.056s][debug][gc,phases      ] GC(83)   StringDedup Requests0 Weak     Min:  0.0, Avg:  0.0, Max:  0.0, Diff:  0.0, Sum:  0.0, Workers: 4
[1151.056s][debug][gc,phases      ] GC(83)     Dead                           Min: 0, Avg:  0.0, Max: 0, Diff: 0, Sum: 0, Workers: 4
[1151.056s][debug][gc,phases      ] GC(83)     Total                          Min: 0, Avg:  0.0, Max: 0, Diff: 0, Sum: 0, Workers: 4
[1151.056s][debug][gc,phases      ] GC(83)   StringDedup Requests1 Weak     Min:  0.0, Avg:  0.0, Max:  0.0, Diff:  0.0, Sum:  0.0, Workers: 4
[1151.056s][debug][gc,phases      ] GC(83)     Dead                           Min: 0, Avg:  0.0, Max: 0, Diff: 0, Sum: 0, Workers: 4
[1151.056s][debug][gc,phases      ] GC(83)     Total                          Min: 0, Avg:  0.0, Max: 0, Diff: 0, Sum: 0, Workers: 4
[1151.056s][debug][gc,phases      ] GC(83)   Weak JFR Old Object Samples    Min:  0.0, Avg:  0.0, Max:  0.0, Diff:  0.0, Sum:  0.0, Workers: 4
[1151.056s][debug][gc,phases      ] GC(83)     Dead                           Min: 0, Avg:  0.0, Max: 0, Diff: 0, Sum: 0, Workers: 4
[1151.056s][debug][gc,phases      ] GC(83)     Total                          Min: 0, Avg:  0.0, Max: 0, Diff: 0, Sum: 0, Workers: 4
[1151.056s][debug][gc,phases      ] GC(83) Weak Processing 0.807ms
[1151.056s][debug][gc,age         ] GC(83) Desired survivor size 159907840 bytes, new threshold 15 (max threshold 15)
[1151.056s][info ][gc,heap        ] GC(83) PSYoungGen: 1914776K(1914880K)->109666K(1936384K) Eden: 1803264K(1803264K)->0K(1784832K) From: 111512K(111616K)->109666K(151552K)
[1151.056s][info ][gc,heap        ] GC(83) ParOldGen: 432179K(478720K)->447243K(478720K)
[1151.056s][info ][gc,metaspace   ] GC(83) Metaspace: 90951K(92160K)->90951K(92160K) NonClass: 77838K(78464K)->77838K(78464K) Class: 13113K(13696K)->13113K(13696K)
[1151.056s][info ][gc             ] GC(83) Pause Young (Allocation Failure) 2291M->543M(2358M) 86.073ms
[1151.056s][info ][gc,cpu         ] GC(83) User=0.14s Sys=0.00s Real=0.09s
[1151.056s][info ][safepoint      ] Safepoint "ParallelGCFailedAllocation", Time since last: 161172680 ns, Reaching safepoint: 5700 ns, Cleanup: 3200 ns, At safepoint: 86164961 ns, Total: 86173861 ns
[1152.057s][info ][safepoint      ] Safepoint "Cleanup", Time since last: 1000080722 ns, Reaching safepoint: 73400 ns, Cleanup: 25800 ns, At safepoint: 5500 ns, Total: 104700 ns
[1153.057s][info ][safepoint      ] Safepoint "Cleanup", Time since last: 1000122970 ns, Reaching safepoint: 76499 ns, Cleanup: 9500 ns, At safepoint: 25700 ns, Total: 111699 ns
[1154.057s][info ][safepoint      ] Safepoint "Cleanup", Time since last: 1000105571 ns, Reaching safepoint: 73599 ns, Cleanup: 26700 ns, At safepoint: 5600 ns, Total: 105899 ns
[1155.057s][info ][safepoint      ] Safepoint "Cleanup", Time since last: 1000102871 ns, Reaching safepoint: 79799 ns, Cleanup: 21800 ns, At safepoint: 10600 ns, Total: 112199 ns
[1156.057s][info ][safepoint      ] Safepoint "Cleanup", Time since last: 1000121270 ns, Reaching safepoint: 77300 ns, Cleanup: 18700 ns, At safepoint: 8400 ns, Total: 104400 ns
[1158.058s][info ][safepoint      ] Safepoint "Cleanup", Time since last: 2000161341 ns, Reaching safepoint: 73499 ns, Cleanup: 10800 ns, At safepoint: 5700 ns, Total: 89999 ns
[1159.058s][info ][safepoint      ] Safepoint "Cleanup", Time since last: 1000101271 ns, Reaching safepoint: 86699 ns, Cleanup: 24000 ns, At safepoint: 7100 ns, Total: 117799 ns
[1159.846s][info ][gc,start       ] GC(84) Pause Young (Allocation Failure)
[1159.877s][debug][gc,phases      ] GC(84) Scavenge 31.016ms
[1159.877s][debug][gc,ref         ] GC(84) Skipped phase 1 of Reference Processing: no references
[1159.877s][debug][gc,ref         ] GC(84) ReferenceProcessor::execute queues: 1, RefProcThreadModel::Single, marks_oops_alive: false
[1159.877s][debug][gc,ref         ] GC(84) Skipped phase 3 of Reference Processing: no references
[1159.877s][debug][gc,ref         ] GC(84) ReferenceProcessor::execute queues: 1, RefProcThreadModel::Single, marks_oops_alive: false
[1159.877s][debug][gc,phases      ] GC(84) Reference Processing 0.109ms
[1159.877s][debug][gc,phases      ] GC(84)   VM Weak                        Min:  0.0, Avg:  0.0, Max:  0.0, Diff:  0.0, Sum:  0.0, Workers: 4
[1159.877s][debug][gc,phases      ] GC(84)     Dead                           Min: 0, Avg:  0.0, Max: 0, Diff: 0, Sum: 0, Workers: 4
[1159.877s][debug][gc,phases      ] GC(84)     Total                          Min: 0, Avg: 245.0, Max: 832, Diff: 832, Sum: 980, Workers: 4
[1159.877s][debug][gc,phases      ] GC(84)   ObjectSynchronizer Weak        Min:  0.0, Avg:  0.0, Max:  0.0, Diff:  0.0, Sum:  0.0, Workers: 4
[1159.877s][debug][gc,phases      ] GC(84)     Dead                           Min: 0, Avg:  0.0, Max: 0, Diff: 0, Sum: 0, Workers: 4
[1159.877s][debug][gc,phases      ] GC(84)     Total                          Min: 0, Avg:  2.0, Max: 8, Diff: 8, Sum: 8, Workers: 4
[1159.877s][debug][gc,phases      ] GC(84)   JVMTI Tag Weak OopStorage      Min:  0.0, Avg:  0.0, Max:  0.0, Diff:  0.0, Sum:  0.0, Workers: 4
[1159.877s][debug][gc,phases      ] GC(84)     Dead                           Min: 0, Avg:  0.0, Max: 0, Diff: 0, Sum: 0, Workers: 4
[1159.877s][debug][gc,phases      ] GC(84)     Total                          Min: 0, Avg:  0.0, Max: 0, Diff: 0, Sum: 0, Workers: 4
[1159.877s][debug][gc,phases      ] GC(84)   StringTable Weak               Min:  0.0, Avg:  0.1, Max:  0.2, Diff:  0.2, Sum:  0.3, Workers: 4
[1159.877s][debug][gc,phases      ] GC(84)     Dead                           Min: 0, Avg:  0.0, Max: 0, Diff: 0, Sum: 0, Workers: 4
[1159.877s][debug][gc,phases      ] GC(84)     Total                          Min: 0, Avg: 11288.8, Max: 27236, Diff: 27236, Sum: 45155, Workers: 4
[1159.877s][debug][gc,phases      ] GC(84)   ResolvedMethodTable Weak       Min:  0.0, Avg:  0.0, Max:  0.0, Diff:  0.0, Sum:  0.1, Workers: 4
[1159.877s][debug][gc,phases      ] GC(84)     Dead                           Min: 0, Avg:  0.0, Max: 0, Diff: 0, Sum: 0, Workers: 4
[1159.877s][debug][gc,phases      ] GC(84)     Total                          Min: 0, Avg: 2891.5, Max: 6839, Diff: 6839, Sum: 11566, Workers: 4
[1159.877s][debug][gc,phases      ] GC(84)   JNI Weak                       Min:  0.0, Avg:  0.0, Max:  0.0, Diff:  0.0, Sum:  0.0, Workers: 4
[1159.877s][debug][gc,phases      ] GC(84)     Dead                           Min: 0, Avg:  0.0, Max: 0, Diff: 0, Sum: 0, Workers: 4
[1159.877s][debug][gc,phases      ] GC(84)     Total                          Min: 0, Avg: 12.0, Max: 48, Diff: 48, Sum: 48, Workers: 4
[1159.877s][debug][gc,phases      ] GC(84)   StringDedup Table Weak         Min:  0.0, Avg:  0.0, Max:  0.0, Diff:  0.0, Sum:  0.0, Workers: 4
[1159.877s][debug][gc,phases      ] GC(84)     Dead                           Min: 0, Avg:  0.0, Max: 0, Diff: 0, Sum: 0, Workers: 4
[1159.877s][debug][gc,phases      ] GC(84)     Total                          Min: 0, Avg:  0.0, Max: 0, Diff: 0, Sum: 0, Workers: 4
[1159.877s][debug][gc,phases      ] GC(84)   StringDedup Requests0 Weak     Min:  0.0, Avg:  0.0, Max:  0.0, Diff:  0.0, Sum:  0.0, Workers: 4
[1159.877s][debug][gc,phases      ] GC(84)     Dead                           Min: 0, Avg:  0.0, Max: 0, Diff: 0, Sum: 0, Workers: 4
[1159.877s][debug][gc,phases      ] GC(84)     Total                          Min: 0, Avg:  0.0, Max: 0, Diff: 0, Sum: 0, Workers: 4
[1159.877s][debug][gc,phases      ] GC(84)   StringDedup Requests1 Weak     Min:  0.0, Avg:  0.0, Max:  0.0, Diff:  0.0, Sum:  0.0, Workers: 4
[1159.877s][debug][gc,phases      ] GC(84)     Dead                           Min: 0, Avg:  0.0, Max: 0, Diff: 0, Sum: 0, Workers: 4
[1159.877s][debug][gc,phases      ] GC(84)     Total                          Min: 0, Avg:  0.0, Max: 0, Diff: 0, Sum: 0, Workers: 4
[1159.877s][debug][gc,phases      ] GC(84)   Weak JFR Old Object Samples    Min:  0.0, Avg:  0.0, Max:  0.0, Diff:  0.0, Sum:  0.0, Workers: 4
[1159.877s][debug][gc,phases      ] GC(84)     Dead                           Min: 0, Avg:  0.0, Max: 0, Diff: 0, Sum: 0, Workers: 4
[1159.877s][debug][gc,phases      ] GC(84)     Total                          Min: 0, Avg:  0.0, Max: 0, Diff: 0, Sum: 0, Workers: 4
[1159.877s][debug][gc,phases      ] GC(84) Weak Processing 0.397ms
[1159.877s][debug][gc,age         ] GC(84) Desired survivor size 158859264 bytes, new threshold 15 (max threshold 15)
[1159.877s][info ][gc,heap        ] GC(84) PSYoungGen: 1894498K(1936384K)->100007K(1940992K) Eden: 1784832K(1784832K)->0K(1784832K) From: 109666K(151552K)->100007K(156160K)
[1159.877s][info ][gc,heap        ] GC(84) ParOldGen: 447243K(478720K)->460122K(478720K)
[1159.877s][info ][gc,metaspace   ] GC(84) Metaspace: 90958K(92160K)->90958K(92160K) NonClass: 77845K(78464K)->77845K(78464K) Class: 13113K(13696K)->13113K(13696K)
[1159.877s][info ][gc             ] GC(84) Pause Young (Allocation Failure) 2286M->547M(2363M) 31.642ms
[1159.877s][info ][gc,cpu         ] GC(84) User=0.11s Sys=0.00s Real=0.03s
[1159.877s][info ][safepoint      ] Safepoint "ParallelGCFailedAllocation", Time since last: 787632039 ns, Reaching safepoint: 4800 ns, Cleanup: 3000 ns, At safepoint: 31714241 ns, Total: 31722041 ns
[1160.877s][info ][safepoint      ] Safepoint "Cleanup", Time since last: 1000080961 ns, Reaching safepoint: 5800 ns, Cleanup: 11500 ns, At safepoint: 2800 ns, Total: 20100 ns
[1162.098s][info ][safepoint      ] Safepoint "Cleanup", Time since last: 1220740849 ns, Reaching safepoint: 76599 ns, Cleanup: 40500 ns, At safepoint: 5000 ns, Total: 122099 ns
[1163.098s][info ][safepoint      ] Safepoint "Cleanup", Time since last: 1000101361 ns, Reaching safepoint: 73500 ns, Cleanup: 11900 ns, At safepoint: 4800 ns, Total: 90200 ns
[1167.099s][info ][safepoint      ] Safepoint "Cleanup", Time since last: 4000312044 ns, Reaching safepoint: 70999 ns, Cleanup: 12700 ns, At safepoint: 8600 ns, Total: 92299 ns
[1171.099s][info ][safepoint      ] Safepoint "Cleanup", Time since last: 4000314775 ns, Reaching safepoint: 74200 ns, Cleanup: 22199 ns, At safepoint: 4700 ns, Total: 101099 ns
[1172.099s][info ][safepoint      ] Safepoint "Cleanup", Time since last: 1000094027 ns, Reaching safepoint: 76800 ns, Cleanup: 18799 ns, At safepoint: 6500 ns, Total: 102099 ns
[1173.100s][info ][safepoint      ] Safepoint "Cleanup", Time since last: 1000107827 ns, Reaching safepoint: 73600 ns, Cleanup: 9799 ns, At safepoint: 5400 ns, Total: 88799 ns
[1176.100s][info ][safepoint      ] Safepoint "Cleanup", Time since last: 3000222150 ns, Reaching safepoint: 6400 ns, Cleanup: 9800 ns, At safepoint: 9800 ns, Total: 26000 ns
[1176.625s][info ][gc,start       ] GC(85) Pause Young (Allocation Failure)
[1176.654s][debug][gc,phases      ] GC(85) Scavenge 28.260ms
[1176.654s][debug][gc,ref         ] GC(85) Skipped phase 1 of Reference Processing: no references
[1176.654s][debug][gc,ref         ] GC(85) ReferenceProcessor::execute queues: 1, RefProcThreadModel::Single, marks_oops_alive: false
[1176.654s][debug][gc,ref         ] GC(85) Skipped phase 3 of Reference Processing: no references
[1176.654s][debug][gc,ref         ] GC(85) ReferenceProcessor::execute queues: 1, RefProcThreadModel::Single, marks_oops_alive: false
[1176.654s][debug][gc,phases      ] GC(85) Reference Processing 0.103ms
[1176.654s][debug][gc,phases      ] GC(85)   VM Weak                        Min:  0.0, Avg:  0.0, Max:  0.0, Diff:  0.0, Sum:  0.0, Workers: 4
[1176.654s][debug][gc,phases      ] GC(85)     Dead                           Min: 0, Avg:  0.0, Max: 0, Diff: 0, Sum: 0, Workers: 4
[1176.654s][debug][gc,phases      ] GC(85)     Total                          Min: 0, Avg: 246.0, Max: 768, Diff: 768, Sum: 984, Workers: 4
[1176.654s][debug][gc,phases      ] GC(85)   ObjectSynchronizer Weak        Min:  0.0, Avg:  0.0, Max:  0.0, Diff:  0.0, Sum:  0.0, Workers: 4
[1176.654s][debug][gc,phases      ] GC(85)     Dead                           Min: 0, Avg:  0.0, Max: 0, Diff: 0, Sum: 0, Workers: 4
[1176.654s][debug][gc,phases      ] GC(85)     Total                          Min: 0, Avg:  2.0, Max: 8, Diff: 8, Sum: 8, Workers: 4
[1176.654s][debug][gc,phases      ] GC(85)   JVMTI Tag Weak OopStorage      Min:  0.0, Avg:  0.0, Max:  0.0, Diff:  0.0, Sum:  0.0, Workers: 4
[1176.654s][debug][gc,phases      ] GC(85)     Dead                           Min: 0, Avg:  0.0, Max: 0, Diff: 0, Sum: 0, Workers: 4
[1176.654s][debug][gc,phases      ] GC(85)     Total                          Min: 0, Avg:  0.0, Max: 0, Diff: 0, Sum: 0, Workers: 4
[1176.654s][debug][gc,phases      ] GC(85)   StringTable Weak               Min:  0.0, Avg:  0.1, Max:  0.1, Diff:  0.1, Sum:  0.4, Workers: 4
[1176.654s][debug][gc,phases      ] GC(85)     Dead                           Min: 0, Avg:  0.2, Max: 1, Diff: 1, Sum: 1, Workers: 4
[1176.654s][debug][gc,phases      ] GC(85)     Total                          Min: 0, Avg: 11289.8, Max: 18600, Diff: 18600, Sum: 45159, Workers: 4
[1176.654s][debug][gc,phases      ] GC(85)   ResolvedMethodTable Weak       Min:  0.0, Avg:  0.0, Max:  0.1, Diff:  0.1, Sum:  0.2, Workers: 4
[1176.654s][debug][gc,phases      ] GC(85)     Dead                           Min: 0, Avg:  0.0, Max: 0, Diff: 0, Sum: 0, Workers: 4
[1176.654s][debug][gc,phases      ] GC(85)     Total                          Min: 0, Avg: 2894.8, Max: 6080, Diff: 6080, Sum: 11579, Workers: 4
[1176.654s][debug][gc,phases      ] GC(85)   JNI Weak                       Min:  0.0, Avg:  0.0, Max:  0.0, Diff:  0.0, Sum:  0.0, Workers: 4
[1176.654s][debug][gc,phases      ] GC(85)     Dead                           Min: 0, Avg:  0.0, Max: 0, Diff: 0, Sum: 0, Workers: 4
[1176.654s][debug][gc,phases      ] GC(85)     Total                          Min: 0, Avg: 12.0, Max: 48, Diff: 48, Sum: 48, Workers: 4
[1176.654s][debug][gc,phases      ] GC(85)   StringDedup Table Weak         Min:  0.0, Avg:  0.0, Max:  0.0, Diff:  0.0, Sum:  0.0, Workers: 4
[1176.654s][debug][gc,phases      ] GC(85)     Dead                           Min: 0, Avg:  0.0, Max: 0, Diff: 0, Sum: 0, Workers: 4
[1176.654s][debug][gc,phases      ] GC(85)     Total                          Min: 0, Avg:  0.0, Max: 0, Diff: 0, Sum: 0, Workers: 4
[1176.654s][debug][gc,phases      ] GC(85)   StringDedup Requests0 Weak     Min:  0.0, Avg:  0.0, Max:  0.0, Diff:  0.0, Sum:  0.0, Workers: 4
[1176.654s][debug][gc,phases      ] GC(85)     Dead                           Min: 0, Avg:  0.0, Max: 0, Diff: 0, Sum: 0, Workers: 4
[1176.654s][debug][gc,phases      ] GC(85)     Total                          Min: 0, Avg:  0.0, Max: 0, Diff: 0, Sum: 0, Workers: 4
[1176.654s][debug][gc,phases      ] GC(85)   StringDedup Requests1 Weak     Min:  0.0, Avg:  0.0, Max:  0.0, Diff:  0.0, Sum:  0.0, Workers: 4
[1176.654s][debug][gc,phases      ] GC(85)     Dead                           Min: 0, Avg:  0.0, Max: 0, Diff: 0, Sum: 0, Workers: 4
[1176.654s][debug][gc,phases      ] GC(85)     Total                          Min: 0, Avg:  0.0, Max: 0, Diff: 0, Sum: 0, Workers: 4
[1176.654s][debug][gc,phases      ] GC(85)   Weak JFR Old Object Samples    Min:  0.0, Avg:  0.0, Max:  0.0, Diff:  0.0, Sum:  0.0, Workers: 4
[1176.654s][debug][gc,phases      ] GC(85)     Dead                           Min: 0, Avg:  0.0, Max: 0, Diff: 0, Sum: 0, Workers: 4
[1176.654s][debug][gc,phases      ] GC(85)     Total                          Min: 0, Avg:  0.0, Max: 0, Diff: 0, Sum: 0, Workers: 4
[1176.654s][debug][gc,phases      ] GC(85) Weak Processing 0.362ms
[1176.654s][debug][gc,age         ] GC(85) Desired survivor size 155713536 bytes, new threshold 15 (max threshold 15)
[1176.654s][info ][gc,heap        ] GC(85) PSYoungGen: 1884839K(1940992K)->94321K(1945088K) Eden: 1784832K(1784832K)->0K(1789952K) From: 100007K(156160K)->94321K(155136K)
[1176.654s][info ][gc,heap        ] GC(85) ParOldGen: 460122K(478720K)->462655K(478720K)
[1176.654s][info ][gc,metaspace   ] GC(85) Metaspace: 90992K(92160K)->90992K(92160K) NonClass: 77874K(78464K)->77874K(78464K) Class: 13118K(13696K)->13118K(13696K)
[1176.654s][info ][gc             ] GC(85) Pause Young (Allocation Failure) 2290M->543M(2367M) 28.833ms
[1176.654s][info ][gc,cpu         ] GC(85) User=0.09s Sys=0.01s Real=0.02s
[1176.654s][info ][safepoint      ] Safepoint "ParallelGCFailedAllocation", Time since last: 525384861 ns, Reaching safepoint: 5100 ns, Cleanup: 3800 ns, At safepoint: 28910055 ns, Total: 28918955 ns
[1179.654s][info ][safepoint      ] Safepoint "Cleanup", Time since last: 3000223327 ns, Reaching safepoint: 75900 ns, Cleanup: 9800 ns, At safepoint: 7000 ns, Total: 92700 ns
[1181.156s][info ][safepoint      ] Safepoint "Cleanup", Time since last: 1501268558 ns, Reaching safepoint: 73900 ns, Cleanup: 16999 ns, At safepoint: 6000 ns, Total: 96899 ns
[1184.156s][info ][safepoint      ] Safepoint "Cleanup", Time since last: 3000247520 ns, Reaching safepoint: 73399 ns, Cleanup: 11900 ns, At safepoint: 4800 ns, Total: 90099 ns
[1186.156s][info ][safepoint      ] Safepoint "Cleanup", Time since last: 2000162283 ns, Reaching safepoint: 72400 ns, Cleanup: 11500 ns, At safepoint: 5500 ns, Total: 89400 ns
[1189.157s][info ][safepoint      ] Safepoint "Cleanup", Time since last: 3000231025 ns, Reaching safepoint: 78100 ns, Cleanup: 9399 ns, At safepoint: 6200 ns, Total: 93699 ns
[1191.157s][info ][safepoint      ] Safepoint "Cleanup", Time since last: 2000177884 ns, Reaching safepoint: 78599 ns, Cleanup: 8900 ns, At safepoint: 5400 ns, Total: 92899 ns
[1192.157s][info ][safepoint      ] Safepoint "Cleanup", Time since last: 1000099142 ns, Reaching safepoint: 72100 ns, Cleanup: 8700 ns, At safepoint: 5500 ns, Total: 86300 ns
[1195.056s][info ][gc,start       ] GC(86) Pause Young (Allocation Failure)
[1195.084s][debug][gc,phases      ] GC(86) Scavenge 28.264ms
[1195.084s][debug][gc,ref         ] GC(86) Skipped phase 1 of Reference Processing: no references
[1195.084s][debug][gc,ref         ] GC(86) ReferenceProcessor::execute queues: 1, RefProcThreadModel::Single, marks_oops_alive: false
[1195.084s][debug][gc,ref         ] GC(86) Skipped phase 3 of Reference Processing: no references
[1195.084s][debug][gc,ref         ] GC(86) ReferenceProcessor::execute queues: 1, RefProcThreadModel::Single, marks_oops_alive: false
[1195.084s][debug][gc,phases      ] GC(86) Reference Processing 0.153ms
[1195.084s][debug][gc,phases      ] GC(86)   VM Weak                        Min:  0.0, Avg:  0.0, Max:  0.0, Diff:  0.0, Sum:  0.0, Workers: 4
[1195.084s][debug][gc,phases      ] GC(86)     Dead                           Min: 0, Avg:  0.0, Max: 0, Diff: 0, Sum: 0, Workers: 4
[1195.084s][debug][gc,phases      ] GC(86)     Total                          Min: 0, Avg: 246.0, Max: 984, Diff: 984, Sum: 984, Workers: 4
[1195.084s][debug][gc,phases      ] GC(86)   ObjectSynchronizer Weak        Min:  0.0, Avg:  0.0, Max:  0.0, Diff:  0.0, Sum:  0.0, Workers: 4
[1195.084s][debug][gc,phases      ] GC(86)     Dead                           Min: 0, Avg:  0.0, Max: 0, Diff: 0, Sum: 0, Workers: 4
[1195.084s][debug][gc,phases      ] GC(86)     Total                          Min: 0, Avg:  2.0, Max: 8, Diff: 8, Sum: 8, Workers: 4
[1195.084s][debug][gc,phases      ] GC(86)   JVMTI Tag Weak OopStorage      Min:  0.0, Avg:  0.0, Max:  0.0, Diff:  0.0, Sum:  0.0, Workers: 4
[1195.084s][debug][gc,phases      ] GC(86)     Dead                           Min: 0, Avg:  0.0, Max: 0, Diff: 0, Sum: 0, Workers: 4
[1195.084s][debug][gc,phases      ] GC(86)     Total                          Min: 0, Avg:  0.0, Max: 0, Diff: 0, Sum: 0, Workers: 4
[1195.084s][debug][gc,phases      ] GC(86)   StringTable Weak               Min:  0.1, Avg:  0.1, Max:  0.1, Diff:  0.0, Sum:  0.5, Workers: 4
[1195.084s][debug][gc,phases      ] GC(86)     Dead                           Min: 0, Avg:  0.0, Max: 0, Diff: 0, Sum: 0, Workers: 4
[1195.084s][debug][gc,phases      ] GC(86)     Total                          Min: 10240, Avg: 11290.0, Max: 11946, Diff: 1706, Sum: 45160, Workers: 4
[1195.084s][debug][gc,phases      ] GC(86)   ResolvedMethodTable Weak       Min:  0.0, Avg:  0.0, Max:  0.0, Diff:  0.0, Sum:  0.1, Workers: 4
[1195.084s][debug][gc,phases      ] GC(86)     Dead                           Min: 0, Avg:  0.0, Max: 0, Diff: 0, Sum: 0, Workers: 4
[1195.084s][debug][gc,phases      ] GC(86)     Total                          Min: 2875, Avg: 2894.8, Max: 2944, Diff: 69, Sum: 11579, Workers: 4
[1195.084s][debug][gc,phases      ] GC(86)   JNI Weak                       Min:  0.0, Avg:  0.0, Max:  0.0, Diff:  0.0, Sum:  0.0, Workers: 4
[1195.084s][debug][gc,phases      ] GC(86)     Dead                           Min: 0, Avg:  0.0, Max: 0, Diff: 0, Sum: 0, Workers: 4
[1195.084s][debug][gc,phases      ] GC(86)     Total                          Min: 0, Avg: 12.0, Max: 48, Diff: 48, Sum: 48, Workers: 4
[1195.084s][debug][gc,phases      ] GC(86)   StringDedup Table Weak         Min:  0.0, Avg:  0.0, Max:  0.0, Diff:  0.0, Sum:  0.0, Workers: 4
[1195.084s][debug][gc,phases      ] GC(86)     Dead                           Min: 0, Avg:  0.0, Max: 0, Diff: 0, Sum: 0, Workers: 4
[1195.084s][debug][gc,phases      ] GC(86)     Total                          Min: 0, Avg:  0.0, Max: 0, Diff: 0, Sum: 0, Workers: 4
[1195.084s][debug][gc,phases      ] GC(86)   StringDedup Requests0 Weak     Min:  0.0, Avg:  0.0, Max:  0.0, Diff:  0.0, Sum:  0.0, Workers: 4
[1195.084s][debug][gc,phases      ] GC(86)     Dead                           Min: 0, Avg:  0.0, Max: 0, Diff: 0, Sum: 0, Workers: 4
[1195.084s][debug][gc,phases      ] GC(86)     Total                          Min: 0, Avg:  0.0, Max: 0, Diff: 0, Sum: 0, Workers: 4
[1195.084s][debug][gc,phases      ] GC(86)   StringDedup Requests1 Weak     Min:  0.0, Avg:  0.0, Max:  0.0, Diff:  0.0, Sum:  0.0, Workers: 4
[1195.084s][debug][gc,phases      ] GC(86)     Dead                           Min: 0, Avg:  0.0, Max: 0, Diff: 0, Sum: 0, Workers: 4
[1195.084s][debug][gc,phases      ] GC(86)     Total                          Min: 0, Avg:  0.0, Max: 0, Diff: 0, Sum: 0, Workers: 4
[1195.084s][debug][gc,phases      ] GC(86)   Weak JFR Old Object Samples    Min:  0.0, Avg:  0.0, Max:  0.0, Diff:  0.0, Sum:  0.0, Workers: 4
[1195.084s][debug][gc,phases      ] GC(86)     Dead                           Min: 0, Avg:  0.0, Max: 0, Diff: 0, Sum: 0, Workers: 4
[1195.084s][debug][gc,phases      ] GC(86)     Total                          Min: 0, Avg:  0.0, Max: 0, Diff: 0, Sum: 0, Workers: 4
[1195.084s][debug][gc,phases      ] GC(86) Weak Processing 0.324ms
[1195.084s][debug][gc,age         ] GC(86) Desired survivor size 150994944 bytes, new threshold 15 (max threshold 15)
[1195.084s][info ][gc,heap        ] GC(86) PSYoungGen: 1884273K(1945088K)->90295K(1942016K) Eden: 1789952K(1789952K)->0K(1789952K) From: 94321K(155136K)->90295K(152064K)
[1195.084s][info ][gc,heap        ] GC(86) ParOldGen: 462655K(478720K)->465883K(478720K)
[1195.084s][info ][gc,metaspace   ] GC(86) Metaspace: 91004K(92160K)->91004K(92160K) NonClass: 77886K(78464K)->77886K(78464K) Class: 13118K(13696K)->13118K(13696K)
[1195.084s][info ][gc             ] GC(86) Pause Young (Allocation Failure) 2291M->543M(2364M) 28.864ms
[1195.084s][info ][gc,cpu         ] GC(86) User=0.10s Sys=0.00s Real=0.03s
[1195.085s][debug][gc,phases      ] GC(87) Pre Compact 0.009ms
[1195.085s][info ][gc,start       ] GC(87) Pause Full (Ergonomics)
[1195.085s][info ][gc,phases,start] GC(87) Marking Phase
[1195.215s][debug][gc,phases      ] GC(87) Par Mark 130.035ms
[1195.215s][debug][gc,ref         ] GC(87) Skipped phase 1 of Reference Processing: no references
[1195.215s][debug][gc,ref         ] GC(87) ReferenceProcessor::execute queues: 4, RefProcThreadModel::Multi, marks_oops_alive: false
[1195.215s][debug][gc,ref         ] GC(87) ReferenceProcessor::execute queues: 4, RefProcThreadModel::Multi, marks_oops_alive: true
[1195.215s][debug][gc,ref         ] GC(87) ReferenceProcessor::execute queues: 1, RefProcThreadModel::Single, marks_oops_alive: false
[1195.215s][debug][gc,phases      ] GC(87) Reference Processing 0.582ms
[1195.216s][debug][gc,phases      ] GC(87)   VM Weak                        Min:  0.0, Avg:  0.0, Max:  0.0, Diff:  0.0, Sum:  0.0, Workers: 4
[1195.216s][debug][gc,phases      ] GC(87)     Dead                           Min: 0, Avg:  0.2, Max: 1, Diff: 1, Sum: 1, Workers: 4
[1195.216s][debug][gc,phases      ] GC(87)     Total                          Min: 0, Avg: 246.0, Max: 472, Diff: 472, Sum: 984, Workers: 4
[1195.216s][debug][gc,phases      ] GC(87)   ObjectSynchronizer Weak        Min:  0.0, Avg:  0.0, Max:  0.0, Diff:  0.0, Sum:  0.0, Workers: 4
[1195.216s][debug][gc,phases      ] GC(87)     Dead                           Min: 0, Avg:  0.0, Max: 0, Diff: 0, Sum: 0, Workers: 4
[1195.216s][debug][gc,phases      ] GC(87)     Total                          Min: 0, Avg:  2.0, Max: 8, Diff: 8, Sum: 8, Workers: 4
[1195.216s][debug][gc,phases      ] GC(87)   JVMTI Tag Weak OopStorage      Min:  0.0, Avg:  0.0, Max:  0.0, Diff:  0.0, Sum:  0.0, Workers: 4
[1195.216s][debug][gc,phases      ] GC(87)     Dead                           Min: 0, Avg:  0.0, Max: 0, Diff: 0, Sum: 0, Workers: 4
[1195.216s][debug][gc,phases      ] GC(87)     Total                          Min: 0, Avg:  0.0, Max: 0, Diff: 0, Sum: 0, Workers: 4
[1195.216s][debug][gc,phases      ] GC(87)   StringTable Weak               Min:  0.0, Avg:  0.2, Max:  0.2, Diff:  0.2, Sum:  0.6, Workers: 4
[1195.216s][debug][gc,phases      ] GC(87)     Dead                           Min: 0, Avg:  0.0, Max: 0, Diff: 0, Sum: 0, Workers: 4
[1195.216s][debug][gc,phases      ] GC(87)     Total                          Min: 0, Avg: 11290.0, Max: 16832, Diff: 16832, Sum: 45160, Workers: 4
[1195.216s][debug][gc,phases      ] GC(87)   ResolvedMethodTable Weak       Min:  0.0, Avg:  0.0, Max:  0.0, Diff:  0.0, Sum:  0.1, Workers: 4
[1195.216s][debug][gc,phases      ] GC(87)     Dead                           Min: 0, Avg:  0.2, Max: 1, Diff: 1, Sum: 1, Workers: 4
[1195.216s][debug][gc,phases      ] GC(87)     Total                          Min: 0, Avg: 2894.8, Max: 4475, Diff: 4475, Sum: 11579, Workers: 4
[1195.216s][debug][gc,phases      ] GC(87)   JNI Weak                       Min:  0.0, Avg:  0.0, Max:  0.0, Diff:  0.0, Sum:  0.0, Workers: 4
[1195.216s][debug][gc,phases      ] GC(87)     Dead                           Min: 0, Avg:  0.0, Max: 0, Diff: 0, Sum: 0, Workers: 4
[1195.216s][debug][gc,phases      ] GC(87)     Total                          Min: 0, Avg: 12.0, Max: 48, Diff: 48, Sum: 48, Workers: 4
[1195.216s][debug][gc,phases      ] GC(87)   StringDedup Table Weak         Min:  0.0, Avg:  0.0, Max:  0.0, Diff:  0.0, Sum:  0.0, Workers: 4
[1195.216s][debug][gc,phases      ] GC(87)     Dead                           Min: 0, Avg:  0.0, Max: 0, Diff: 0, Sum: 0, Workers: 4
[1195.216s][debug][gc,phases      ] GC(87)     Total                          Min: 0, Avg:  0.0, Max: 0, Diff: 0, Sum: 0, Workers: 4
[1195.216s][debug][gc,phases      ] GC(87)   StringDedup Requests0 Weak     Min:  0.0, Avg:  0.0, Max:  0.0, Diff:  0.0, Sum:  0.0, Workers: 4
[1195.216s][debug][gc,phases      ] GC(87)     Dead                           Min: 0, Avg:  0.0, Max: 0, Diff: 0, Sum: 0, Workers: 4
[1195.216s][debug][gc,phases      ] GC(87)     Total                          Min: 0, Avg:  0.0, Max: 0, Diff: 0, Sum: 0, Workers: 4
[1195.216s][debug][gc,phases      ] GC(87)   StringDedup Requests1 Weak     Min:  0.0, Avg:  0.0, Max:  0.0, Diff:  0.0, Sum:  0.0, Workers: 4
[1195.216s][debug][gc,phases      ] GC(87)     Dead                           Min: 0, Avg:  0.0, Max: 0, Diff: 0, Sum: 0, Workers: 4
[1195.216s][debug][gc,phases      ] GC(87)     Total                          Min: 0, Avg:  0.0, Max: 0, Diff: 0, Sum: 0, Workers: 4
[1195.216s][debug][gc,phases      ] GC(87)   Weak JFR Old Object Samples    Min:  0.0, Avg:  0.0, Max:  0.0, Diff:  0.0, Sum:  0.0, Workers: 4
[1195.216s][debug][gc,phases      ] GC(87)     Dead                           Min: 0, Avg:  0.0, Max: 0, Diff: 0, Sum: 0, Workers: 4
[1195.216s][debug][gc,phases      ] GC(87)     Total                          Min: 0, Avg:  0.0, Max: 0, Diff: 0, Sum: 0, Workers: 4
[1195.216s][debug][gc,phases      ] GC(87) Weak Processing 0.429ms
[1195.216s][debug][gc,phases      ] GC(87) ClassLoaderData 0.210ms
[1195.216s][debug][gc,phases      ] GC(87) Trigger cleanups 0.006ms
[1195.252s][debug][gc,phases      ] GC(87) Class Unloading 36.362ms
[1195.252s][debug][gc,phases      ] GC(87) Report Object Count 0.001ms
[1195.252s][info ][gc,phases      ] GC(87) Marking Phase 167.598ms
[1195.252s][info ][gc,phases,start] GC(87) Summary Phase
[1195.252s][info ][gc,phases      ] GC(87) Summary Phase 0.017ms
[1195.252s][info ][gc,phases,start] GC(87) Adjust Roots
[1195.272s][info ][gc,phases      ] GC(87) Adjust Roots 20.005ms
[1195.272s][info ][gc,phases,start] GC(87) Compaction Phase
[1195.576s][info ][gc,phases      ] GC(87) Compaction Phase 303.465ms
[1195.576s][info ][gc,phases,start] GC(87) Post Compact
[1195.579s][info ][gc,phases      ] GC(87) Post Compact 3.723ms
[1195.580s][info ][gc,heap        ] GC(87) PSYoungGen: 90295K(1942016K)->9822K(1942016K) Eden: 0K(1789952K)->0K(1789952K) From: 90295K(152064K)->9822K(152064K)
[1195.580s][info ][gc,heap        ] GC(87) ParOldGen: 465883K(478720K)->478357K(579584K)
[1195.580s][info ][gc,metaspace   ] GC(87) Metaspace: 91004K(92160K)->91003K(92160K) NonClass: 77886K(78464K)->77885K(78464K) Class: 13118K(13696K)->13117K(13696K)
[1195.580s][info ][gc             ] GC(87) Pause Full (Ergonomics) 543M->476M(2462M) 495.051ms
[1195.580s][info ][gc,cpu         ] GC(87) User=1.62s Sys=0.02s Real=0.49s
[1195.580s][info ][safepoint      ] Safepoint "ParallelGCFailedAllocation", Time since last: 2898377421 ns, Reaching safepoint: 5400 ns, Cleanup: 3400 ns, At safepoint: 524212049 ns, Total: 524220849 ns
[1196.580s][info ][safepoint      ] Safepoint "Cleanup", Time since last: 1000085141 ns, Reaching safepoint: 5300 ns, Cleanup: 8700 ns, At safepoint: 2300 ns, Total: 16300 ns
[1197.580s][info ][safepoint      ] Safepoint "Cleanup", Time since last: 1000100142 ns, Reaching safepoint: 5500 ns, Cleanup: 8300 ns, At safepoint: 2200 ns, Total: 16000 ns
[1201.423s][info ][safepoint      ] Safepoint "Cleanup", Time since last: 3842648878 ns, Reaching safepoint: 5500 ns, Cleanup: 10700 ns, At safepoint: 2200 ns, Total: 18400 ns
[1204.423s][info ][safepoint      ] Safepoint "Cleanup", Time since last: 3000224252 ns, Reaching safepoint: 4800 ns, Cleanup: 10400 ns, At safepoint: 2100 ns, Total: 17300 ns
[1206.423s][info ][safepoint      ] Safepoint "Cleanup", Time since last: 2000179334 ns, Reaching safepoint: 6400 ns, Cleanup: 9800 ns, At safepoint: 7800 ns, Total: 24000 ns
[1214.992s][info ][gc,start       ] GC(88) Pause Young (Allocation Failure)
[1215.048s][debug][gc,phases      ] GC(88) Scavenge 56.071ms
[1215.048s][debug][gc,ref         ] GC(88) Skipped phase 1 of Reference Processing: no references
[1215.048s][debug][gc,ref         ] GC(88) ReferenceProcessor::execute queues: 1, RefProcThreadModel::Single, marks_oops_alive: false
[1215.048s][debug][gc,ref         ] GC(88) Skipped phase 3 of Reference Processing: no references
[1215.048s][debug][gc,ref         ] GC(88) Skipped phase 4 of Reference Processing: no references
[1215.048s][debug][gc,phases      ] GC(88) Reference Processing 0.099ms
[1215.049s][debug][gc,phases      ] GC(88)   VM Weak                        Min:  0.0, Avg:  0.0, Max:  0.0, Diff:  0.0, Sum:  0.0, Workers: 4
[1215.049s][debug][gc,phases      ] GC(88)     Dead                           Min: 0, Avg:  0.0, Max: 0, Diff: 0, Sum: 0, Workers: 4
[1215.049s][debug][gc,phases      ] GC(88)     Total                          Min: 0, Avg: 245.8, Max: 703, Diff: 703, Sum: 983, Workers: 4
[1215.049s][debug][gc,phases      ] GC(88)   ObjectSynchronizer Weak        Min:  0.0, Avg:  0.0, Max:  0.0, Diff:  0.0, Sum:  0.0, Workers: 4
[1215.049s][debug][gc,phases      ] GC(88)     Dead                           Min: 0, Avg:  0.0, Max: 0, Diff: 0, Sum: 0, Workers: 4
[1215.049s][debug][gc,phases      ] GC(88)     Total                          Min: 0, Avg:  2.0, Max: 8, Diff: 8, Sum: 8, Workers: 4
[1215.049s][debug][gc,phases      ] GC(88)   JVMTI Tag Weak OopStorage      Min:  0.0, Avg:  0.0, Max:  0.0, Diff:  0.0, Sum:  0.0, Workers: 4
[1215.049s][debug][gc,phases      ] GC(88)     Dead                           Min: 0, Avg:  0.0, Max: 0, Diff: 0, Sum: 0, Workers: 4
[1215.049s][debug][gc,phases      ] GC(88)     Total                          Min: 0, Avg:  0.0, Max: 0, Diff: 0, Sum: 0, Workers: 4
[1215.049s][debug][gc,phases      ] GC(88)   StringTable Weak               Min:  0.1, Avg:  0.1, Max:  0.1, Diff:  0.0, Sum:  0.4, Workers: 4
[1215.049s][debug][gc,phases      ] GC(88)     Dead                           Min: 0, Avg:  0.0, Max: 0, Diff: 0, Sum: 0, Workers: 4
[1215.049s][debug][gc,phases      ] GC(88)     Total                          Min: 10624, Avg: 11290.0, Max: 11710, Diff: 1086, Sum: 45160, Workers: 4
[1215.049s][debug][gc,phases      ] GC(88)   ResolvedMethodTable Weak       Min:  0.0, Avg:  0.0, Max:  0.0, Diff:  0.0, Sum:  0.1, Workers: 4
[1215.049s][debug][gc,phases      ] GC(88)     Dead                           Min: 0, Avg:  0.0, Max: 0, Diff: 0, Sum: 0, Workers: 4
[1215.049s][debug][gc,phases      ] GC(88)     Total                          Min: 1472, Avg: 2894.8, Max: 3776, Diff: 2304, Sum: 11579, Workers: 4
[1215.049s][debug][gc,phases      ] GC(88)   JNI Weak                       Min:  0.0, Avg:  0.0, Max:  0.0, Diff:  0.0, Sum:  0.0, Workers: 4
[1215.049s][debug][gc,phases      ] GC(88)     Dead                           Min: 0, Avg:  0.0, Max: 0, Diff: 0, Sum: 0, Workers: 4
[1215.049s][debug][gc,phases      ] GC(88)     Total                          Min: 0, Avg: 12.0, Max: 48, Diff: 48, Sum: 48, Workers: 4
[1215.049s][debug][gc,phases      ] GC(88)   StringDedup Table Weak         Min:  0.0, Avg:  0.0, Max:  0.0, Diff:  0.0, Sum:  0.0, Workers: 4
[1215.049s][debug][gc,phases      ] GC(88)     Dead                           Min: 0, Avg:  0.0, Max: 0, Diff: 0, Sum: 0, Workers: 4
[1215.049s][debug][gc,phases      ] GC(88)     Total                          Min: 0, Avg:  0.0, Max: 0, Diff: 0, Sum: 0, Workers: 4
[1215.049s][debug][gc,phases      ] GC(88)   StringDedup Requests0 Weak     Min:  0.0, Avg:  0.0, Max:  0.0, Diff:  0.0, Sum:  0.0, Workers: 4
[1215.049s][debug][gc,phases      ] GC(88)     Dead                           Min: 0, Avg:  0.0, Max: 0, Diff: 0, Sum: 0, Workers: 4
[1215.049s][debug][gc,phases      ] GC(88)     Total                          Min: 0, Avg:  0.0, Max: 0, Diff: 0, Sum: 0, Workers: 4
[1215.049s][debug][gc,phases      ] GC(88)   StringDedup Requests1 Weak     Min:  0.0, Avg:  0.0, Max:  0.0, Diff:  0.0, Sum:  0.0, Workers: 4
[1215.049s][debug][gc,phases      ] GC(88)     Dead                           Min: 0, Avg:  0.0, Max: 0, Diff: 0, Sum: 0, Workers: 4
[1215.049s][debug][gc,phases      ] GC(88)     Total                          Min: 0, Avg:  0.0, Max: 0, Diff: 0, Sum: 0, Workers: 4
[1215.049s][debug][gc,phases      ] GC(88)   Weak JFR Old Object Samples    Min:  0.0, Avg:  0.0, Max:  0.0, Diff:  0.0, Sum:  0.0, Workers: 4
[1215.049s][debug][gc,phases      ] GC(88)     Dead                           Min: 0, Avg:  0.0, Max: 0, Diff: 0, Sum: 0, Workers: 4
[1215.049s][debug][gc,phases      ] GC(88)     Total                          Min: 0, Avg:  0.0, Max: 0, Diff: 0, Sum: 0, Workers: 4
[1215.049s][debug][gc,phases      ] GC(88) Weak Processing 0.305ms
[1215.049s][debug][gc,age         ] GC(88) Desired survivor size 157286400 bytes, new threshold 15 (max threshold 15)
[1215.049s][info ][gc,heap        ] GC(88) PSYoungGen: 1799774K(1942016K)->13386K(1937408K) Eden: 1789952K(1789952K)->0K(1789952K) From: 9822K(152064K)->13386K(147456K)
[1215.049s][info ][gc,heap        ] GC(88) ParOldGen: 478357K(579584K)->478713K(579584K)
[1215.049s][info ][gc,metaspace   ] GC(88) Metaspace: 91003K(92160K)->91003K(92160K) NonClass: 77885K(78464K)->77885K(78464K) Class: 13117K(13696K)->13117K(13696K)
[1215.049s][info ][gc             ] GC(88) Pause Young (Allocation Failure) 2224M->480M(2458M) 56.590ms
[1215.049s][info ][gc,cpu         ] GC(88) User=0.19s Sys=0.00s Real=0.06s
[1215.049s][info ][safepoint      ] Safepoint "ParallelGCFailedAllocation", Time since last: 8568927217 ns, Reaching safepoint: 15000 ns, Cleanup: 3900 ns, At safepoint: 56659318 ns, Total: 56678218 ns
[1216.625s][info ][safepoint      ] Safepoint "Cleanup", Time since last: 1575994450 ns, Reaching safepoint: 3100 ns, Cleanup: 10200 ns, At safepoint: 5200 ns, Total: 18500 ns
[1217.625s][info ][safepoint      ] Safepoint "Cleanup", Time since last: 1000104919 ns, Reaching safepoint: 5900 ns, Cleanup: 20300 ns, At safepoint: 2700 ns, Total: 28900 ns
[1219.625s][info ][safepoint      ] Safepoint "Cleanup", Time since last: 2000193637 ns, Reaching safepoint: 5200 ns, Cleanup: 28700 ns, At safepoint: 2100 ns, Total: 36000 ns
[1220.625s][info ][safepoint      ] Safepoint "Cleanup", Time since last: 1000114619 ns, Reaching safepoint: 6600 ns, Cleanup: 10400 ns, At safepoint: 2200 ns, Total: 19200 ns
[1221.625s][info ][safepoint      ] Safepoint "Cleanup", Time since last: 1000110919 ns, Reaching safepoint: 5700 ns, Cleanup: 9100 ns, At safepoint: 2200 ns, Total: 17000 ns
[1224.626s][info ][safepoint      ] Safepoint "Cleanup", Time since last: 3000240457 ns, Reaching safepoint: 5500 ns, Cleanup: 8500 ns, At safepoint: 11100 ns, Total: 25100 ns
[1228.626s][info ][safepoint      ] Safepoint "Cleanup", Time since last: 4000314477 ns, Reaching safepoint: 4900 ns, Cleanup: 6900 ns, At safepoint: 4300 ns, Total: 16100 ns
[1233.760s][info ][gc,start       ] GC(89) Pause Young (Allocation Failure)
[1233.768s][debug][gc,phases      ] GC(89) Scavenge 8.509ms
[1233.768s][debug][gc,ref         ] GC(89) Skipped phase 1 of Reference Processing: no references
[1233.768s][debug][gc,ref         ] GC(89) ReferenceProcessor::execute queues: 1, RefProcThreadModel::Single, marks_oops_alive: false
[1233.768s][debug][gc,ref         ] GC(89) Skipped phase 3 of Reference Processing: no references
[1233.768s][debug][gc,ref         ] GC(89) Skipped phase 4 of Reference Processing: no references
[1233.768s][debug][gc,phases      ] GC(89) Reference Processing 0.091ms
[1233.769s][debug][gc,phases      ] GC(89)   VM Weak                        Min:  0.0, Avg:  0.0, Max:  0.0, Diff:  0.0, Sum:  0.0, Workers: 4
[1233.769s][debug][gc,phases      ] GC(89)     Dead                           Min: 0, Avg:  0.0, Max: 0, Diff: 0, Sum: 0, Workers: 4
[1233.769s][debug][gc,phases      ] GC(89)     Total                          Min: 0, Avg: 245.8, Max: 600, Diff: 600, Sum: 983, Workers: 4
[1233.769s][debug][gc,phases      ] GC(89)   ObjectSynchronizer Weak        Min:  0.0, Avg:  0.0, Max:  0.0, Diff:  0.0, Sum:  0.0, Workers: 4
[1233.769s][debug][gc,phases      ] GC(89)     Dead                           Min: 0, Avg:  0.0, Max: 0, Diff: 0, Sum: 0, Workers: 4
[1233.769s][debug][gc,phases      ] GC(89)     Total                          Min: 0, Avg:  2.0, Max: 8, Diff: 8, Sum: 8, Workers: 4
[1233.769s][debug][gc,phases      ] GC(89)   JVMTI Tag Weak OopStorage      Min:  0.0, Avg:  0.0, Max:  0.0, Diff:  0.0, Sum:  0.0, Workers: 4
[1233.769s][debug][gc,phases      ] GC(89)     Dead                           Min: 0, Avg:  0.0, Max: 0, Diff: 0, Sum: 0, Workers: 4
[1233.769s][debug][gc,phases      ] GC(89)     Total                          Min: 0, Avg:  0.0, Max: 0, Diff: 0, Sum: 0, Workers: 4
[1233.769s][debug][gc,phases      ] GC(89)   StringTable Weak               Min:  0.0, Avg:  0.1, Max:  0.1, Diff:  0.1, Sum:  0.4, Workers: 4
[1233.769s][debug][gc,phases      ] GC(89)     Dead                           Min: 0, Avg:  0.0, Max: 0, Diff: 0, Sum: 0, Workers: 4
[1233.769s][debug][gc,phases      ] GC(89)     Total                          Min: 0, Avg: 11290.5, Max: 19115, Diff: 19115, Sum: 45162, Workers: 4
[1233.769s][debug][gc,phases      ] GC(89)   ResolvedMethodTable Weak       Min:  0.0, Avg:  0.0, Max:  0.0, Diff:  0.0, Sum:  0.1, Workers: 4
[1233.769s][debug][gc,phases      ] GC(89)     Dead                           Min: 0, Avg:  0.0, Max: 0, Diff: 0, Sum: 0, Workers: 4
[1233.769s][debug][gc,phases      ] GC(89)     Total                          Min: 0, Avg: 2894.8, Max: 4800, Diff: 4800, Sum: 11579, Workers: 4
[1233.769s][debug][gc,phases      ] GC(89)   JNI Weak                       Min:  0.0, Avg:  0.0, Max:  0.0, Diff:  0.0, Sum:  0.0, Workers: 4
[1233.769s][debug][gc,phases      ] GC(89)     Dead                           Min: 0, Avg:  0.0, Max: 0, Diff: 0, Sum: 0, Workers: 4
[1233.769s][debug][gc,phases      ] GC(89)     Total                          Min: 0, Avg: 12.0, Max: 48, Diff: 48, Sum: 48, Workers: 4
[1233.769s][debug][gc,phases      ] GC(89)   StringDedup Table Weak         Min:  0.0, Avg:  0.0, Max:  0.0, Diff:  0.0, Sum:  0.0, Workers: 4
[1233.769s][debug][gc,phases      ] GC(89)     Dead                           Min: 0, Avg:  0.0, Max: 0, Diff: 0, Sum: 0, Workers: 4
[1233.769s][debug][gc,phases      ] GC(89)     Total                          Min: 0, Avg:  0.0, Max: 0, Diff: 0, Sum: 0, Workers: 4
[1233.769s][debug][gc,phases      ] GC(89)   StringDedup Requests0 Weak     Min:  0.0, Avg:  0.0, Max:  0.0, Diff:  0.0, Sum:  0.0, Workers: 4
[1233.769s][debug][gc,phases      ] GC(89)     Dead                           Min: 0, Avg:  0.0, Max: 0, Diff: 0, Sum: 0, Workers: 4
[1233.769s][debug][gc,phases      ] GC(89)     Total                          Min: 0, Avg:  0.0, Max: 0, Diff: 0, Sum: 0, Workers: 4
[1233.769s][debug][gc,phases      ] GC(89)   StringDedup Requests1 Weak     Min:  0.0, Avg:  0.0, Max:  0.0, Diff:  0.0, Sum:  0.0, Workers: 4
[1233.769s][debug][gc,phases      ] GC(89)     Dead                           Min: 0, Avg:  0.0, Max: 0, Diff: 0, Sum: 0, Workers: 4
[1233.769s][debug][gc,phases      ] GC(89)     Total                          Min: 0, Avg:  0.0, Max: 0, Diff: 0, Sum: 0, Workers: 4
[1233.769s][debug][gc,phases      ] GC(89)   Weak JFR Old Object Samples    Min:  0.0, Avg:  0.0, Max:  0.0, Diff:  0.0, Sum:  0.0, Workers: 4
[1233.769s][debug][gc,phases      ] GC(89)     Dead                           Min: 0, Avg:  0.0, Max: 0, Diff: 0, Sum: 0, Workers: 4
[1233.769s][debug][gc,phases      ] GC(89)     Total                          Min: 0, Avg:  0.0, Max: 0, Diff: 0, Sum: 0, Workers: 4
[1233.769s][debug][gc,phases      ] GC(89) Weak Processing 0.347ms
[1233.769s][debug][gc,age         ] GC(89) Desired survivor size 160432128 bytes, new threshold 15 (max threshold 15)
[1233.769s][info ][gc,heap        ] GC(89) PSYoungGen: 1803338K(1937408K)->13920K(1804288K) Eden: 1789952K(1789952K)->0K(1789952K) From: 13386K(147456K)->13920K(14336K)
[1233.769s][info ][gc,heap        ] GC(89) ParOldGen: 478713K(579584K)->479427K(579584K)
[1233.769s][info ][gc,metaspace   ] GC(89) Metaspace: 91006K(92160K)->91006K(92160K) NonClass: 77889K(78464K)->77889K(78464K) Class: 13117K(13696K)->13117K(13696K)
[1233.769s][info ][gc             ] GC(89) Pause Young (Allocation Failure) 2228M->481M(2328M) 9.053ms
[1233.769s][info ][gc,cpu         ] GC(89) User=0.04s Sys=0.00s Real=0.01s
[1233.769s][info ][safepoint      ] Safepoint "ParallelGCFailedAllocation", Time since last: 5133702441 ns, Reaching safepoint: 5300 ns, Cleanup: 3400 ns, At safepoint: 9116854 ns, Total: 9125554 ns
[1234.769s][info ][safepoint      ] Safepoint "Cleanup", Time since last: 1000043824 ns, Reaching safepoint: 5200 ns, Cleanup: 8500 ns, At safepoint: 2400 ns, Total: 16100 ns
[1237.769s][info ][safepoint      ] Safepoint "Cleanup", Time since last: 3000230171 ns, Reaching safepoint: 7300 ns, Cleanup: 17000 ns, At safepoint: 2200 ns, Total: 26500 ns
[1238.769s][info ][safepoint      ] Safepoint "Cleanup", Time since last: 1000066424 ns, Reaching safepoint: 4800 ns, Cleanup: 8000 ns, At safepoint: 2099 ns, Total: 14899 ns
[1242.770s][info ][safepoint      ] Safepoint "Cleanup", Time since last: 4000297394 ns, Reaching safepoint: 5600 ns, Cleanup: 8800 ns, At safepoint: 2100 ns, Total: 16500 ns
[1244.770s][info ][safepoint      ] Safepoint "Cleanup", Time since last: 2000169446 ns, Reaching safepoint: 5200 ns, Cleanup: 17600 ns, At safepoint: 2400 ns, Total: 25200 ns
[1248.770s][info ][safepoint      ] Safepoint "Cleanup", Time since last: 4000305919 ns, Reaching safepoint: 4900 ns, Cleanup: 7500 ns, At safepoint: 2000 ns, Total: 14400 ns
[1249.770s][info ][safepoint      ] Safepoint "Cleanup", Time since last: 1000098956 ns, Reaching safepoint: 6200 ns, Cleanup: 10400 ns, At safepoint: 2200 ns, Total: 18800 ns
[1252.100s][info ][gc,start       ] GC(90) Pause Young (Allocation Failure)
[1252.109s][debug][gc,phases      ] GC(90) Scavenge 8.554ms
[1252.109s][debug][gc,ref         ] GC(90) Skipped phase 1 of Reference Processing: no references
[1252.109s][debug][gc,ref         ] GC(90) ReferenceProcessor::execute queues: 1, RefProcThreadModel::Single, marks_oops_alive: false
[1252.109s][debug][gc,ref         ] GC(90) Skipped phase 3 of Reference Processing: no references
[1252.109s][debug][gc,ref         ] GC(90) ReferenceProcessor::execute queues: 1, RefProcThreadModel::Single, marks_oops_alive: false
[1252.109s][debug][gc,phases      ] GC(90) Reference Processing 0.108ms
[1252.109s][debug][gc,phases      ] GC(90)   VM Weak                        Min:  0.0, Avg:  0.0, Max:  0.0, Diff:  0.0, Sum:  0.0, Workers: 4
[1252.109s][debug][gc,phases      ] GC(90)     Dead                           Min: 0, Avg:  0.0, Max: 0, Diff: 0, Sum: 0, Workers: 4
[1252.109s][debug][gc,phases      ] GC(90)     Total                          Min: 0, Avg: 245.8, Max: 536, Diff: 536, Sum: 983, Workers: 4
[1252.109s][debug][gc,phases      ] GC(90)   ObjectSynchronizer Weak        Min:  0.0, Avg:  0.0, Max:  0.0, Diff:  0.0, Sum:  0.0, Workers: 4
[1252.109s][debug][gc,phases      ] GC(90)     Dead                           Min: 0, Avg:  0.0, Max: 0, Diff: 0, Sum: 0, Workers: 4
[1252.109s][debug][gc,phases      ] GC(90)     Total                          Min: 0, Avg:  2.0, Max: 8, Diff: 8, Sum: 8, Workers: 4
[1252.109s][debug][gc,phases      ] GC(90)   JVMTI Tag Weak OopStorage      Min:  0.0, Avg:  0.0, Max:  0.0, Diff:  0.0, Sum:  0.0, Workers: 4
[1252.109s][debug][gc,phases      ] GC(90)     Dead                           Min: 0, Avg:  0.0, Max: 0, Diff: 0, Sum: 0, Workers: 4
[1252.109s][debug][gc,phases      ] GC(90)     Total                          Min: 0, Avg:  0.0, Max: 0, Diff: 0, Sum: 0, Workers: 4
[1252.109s][debug][gc,phases      ] GC(90)   StringTable Weak               Min:  0.0, Avg:  0.1, Max:  0.1, Diff:  0.1, Sum:  0.4, Workers: 4
[1252.109s][debug][gc,phases      ] GC(90)     Dead                           Min: 0, Avg:  0.0, Max: 0, Diff: 0, Sum: 0, Workers: 4
[1252.109s][debug][gc,phases      ] GC(90)     Total                          Min: 0, Avg: 11290.8, Max: 19774, Diff: 19774, Sum: 45163, Workers: 4
[1252.109s][debug][gc,phases      ] GC(90)   ResolvedMethodTable Weak       Min:  0.0, Avg:  0.0, Max:  0.0, Diff:  0.0, Sum:  0.1, Workers: 4
[1252.109s][debug][gc,phases      ] GC(90)     Dead                           Min: 0, Avg:  0.0, Max: 0, Diff: 0, Sum: 0, Workers: 4
[1252.109s][debug][gc,phases      ] GC(90)     Total                          Min: 0, Avg: 2894.8, Max: 4795, Diff: 4795, Sum: 11579, Workers: 4
[1252.109s][debug][gc,phases      ] GC(90)   JNI Weak                       Min:  0.0, Avg:  0.0, Max:  0.0, Diff:  0.0, Sum:  0.0, Workers: 4
[1252.109s][debug][gc,phases      ] GC(90)     Dead                           Min: 0, Avg:  0.0, Max: 0, Diff: 0, Sum: 0, Workers: 4
[1252.109s][debug][gc,phases      ] GC(90)     Total                          Min: 0, Avg: 12.0, Max: 48, Diff: 48, Sum: 48, Workers: 4
[1252.109s][debug][gc,phases      ] GC(90)   StringDedup Table Weak         Min:  0.0, Avg:  0.0, Max:  0.0, Diff:  0.0, Sum:  0.0, Workers: 4
[1252.109s][debug][gc,phases      ] GC(90)     Dead                           Min: 0, Avg:  0.0, Max: 0, Diff: 0, Sum: 0, Workers: 4
[1252.109s][debug][gc,phases      ] GC(90)     Total                          Min: 0, Avg:  0.0, Max: 0, Diff: 0, Sum: 0, Workers: 4
[1252.109s][debug][gc,phases      ] GC(90)   StringDedup Requests0 Weak     Min:  0.0, Avg:  0.0, Max:  0.0, Diff:  0.0, Sum:  0.0, Workers: 4
[1252.109s][debug][gc,phases      ] GC(90)     Dead                           Min: 0, Avg:  0.0, Max: 0, Diff: 0, Sum: 0, Workers: 4
[1252.109s][debug][gc,phases      ] GC(90)     Total                          Min: 0, Avg:  0.0, Max: 0, Diff: 0, Sum: 0, Workers: 4
[1252.109s][debug][gc,phases      ] GC(90)   StringDedup Requests1 Weak     Min:  0.0, Avg:  0.0, Max:  0.0, Diff:  0.0, Sum:  0.0, Workers: 4
[1252.109s][debug][gc,phases      ] GC(90)     Dead                           Min: 0, Avg:  0.0, Max: 0, Diff: 0, Sum: 0, Workers: 4
[1252.109s][debug][gc,phases      ] GC(90)     Total                          Min: 0, Avg:  0.0, Max: 0, Diff: 0, Sum: 0, Workers: 4
[1252.109s][debug][gc,phases      ] GC(90)   Weak JFR Old Object Samples    Min:  0.0, Avg:  0.0, Max:  0.0, Diff:  0.0, Sum:  0.0, Workers: 4
[1252.109s][debug][gc,phases      ] GC(90)     Dead                           Min: 0, Avg:  0.0, Max: 0, Diff: 0, Sum: 0, Workers: 4
[1252.109s][debug][gc,phases      ] GC(90)     Total                          Min: 0, Avg:  0.0, Max: 0, Diff: 0, Sum: 0, Workers: 4
[1252.109s][debug][gc,phases      ] GC(90) Weak Processing 0.340ms
[1252.109s][debug][gc,age         ] GC(90) Desired survivor size 162004992 bytes, new threshold 15 (max threshold 15)
[1252.109s][info ][gc,heap        ] GC(90) PSYoungGen: 1803872K(1804288K)->14272K(1937408K) Eden: 1789952K(1789952K)->0K(1780736K) From: 13920K(14336K)->14272K(156672K)
[1252.109s][info ][gc,heap        ] GC(90) ParOldGen: 479427K(579584K)->479852K(579584K)
[1252.109s][info ][gc,metaspace   ] GC(90) Metaspace: 91022K(92224K)->91022K(92224K) NonClass: 77904K(78528K)->77904K(78528K) Class: 13117K(13696K)->13117K(13696K)
[1252.109s][info ][gc             ] GC(90) Pause Young (Allocation Failure) 2229M->482M(2458M) 9.121ms
[1252.109s][info ][gc,cpu         ] GC(90) User=0.03s Sys=0.00s Real=0.01s
[1252.109s][info ][safepoint      ] Safepoint "ParallelGCFailedAllocation", Time since last: 2329666384 ns, Reaching safepoint: 72900 ns, Cleanup: 3600 ns, At safepoint: 9185155 ns, Total: 9261655 ns
[1256.109s][info ][safepoint      ] Safepoint "Cleanup", Time since last: 4000187520 ns, Reaching safepoint: 74100 ns, Cleanup: 9600 ns, At safepoint: 5000 ns, Total: 88700 ns
[1258.110s][info ][safepoint      ] Safepoint "Cleanup", Time since last: 2000189428 ns, Reaching safepoint: 75900 ns, Cleanup: 13699 ns, At safepoint: 5100 ns, Total: 94699 ns
[1261.438s][info ][safepoint      ] Safepoint "Cleanup", Time since last: 3328009909 ns, Reaching safepoint: 4800 ns, Cleanup: 8700 ns, At safepoint: 1900 ns, Total: 15400 ns
[1267.438s][info ][safepoint      ] Safepoint "Cleanup", Time since last: 6000412997 ns, Reaching safepoint: 4500 ns, Cleanup: 7000 ns, At safepoint: 20400 ns, Total: 31900 ns
[1268.438s][info ][safepoint      ] Safepoint "Cleanup", Time since last: 1000075517 ns, Reaching safepoint: 5300 ns, Cleanup: 8800 ns, At safepoint: 1700 ns, Total: 15800 ns
[1269.438s][info ][safepoint      ] Safepoint "Cleanup", Time since last: 1000091618 ns, Reaching safepoint: 4500 ns, Cleanup: 10000 ns, At safepoint: 1700 ns, Total: 16200 ns
[1272.262s][info ][gc,start       ] GC(91) Pause Young (Allocation Failure)
[1272.279s][debug][gc,phases      ] GC(91) Scavenge 16.858ms
[1272.279s][debug][gc,ref         ] GC(91) Skipped phase 1 of Reference Processing: no references
[1272.279s][debug][gc,ref         ] GC(91) ReferenceProcessor::execute queues: 1, RefProcThreadModel::Single, marks_oops_alive: false
[1272.279s][debug][gc,ref         ] GC(91) Skipped phase 3 of Reference Processing: no references
[1272.279s][debug][gc,ref         ] GC(91) ReferenceProcessor::execute queues: 1, RefProcThreadModel::Single, marks_oops_alive: false
[1272.279s][debug][gc,phases      ] GC(91) Reference Processing 0.103ms
[1272.280s][debug][gc,phases      ] GC(91)   VM Weak                        Min:  0.0, Avg:  0.0, Max:  0.0, Diff:  0.0, Sum:  0.0, Workers: 4
[1272.280s][debug][gc,phases      ] GC(91)     Dead                           Min: 0, Avg:  0.0, Max: 0, Diff: 0, Sum: 0, Workers: 4
[1272.280s][debug][gc,phases      ] GC(91)     Total                          Min: 0, Avg: 245.8, Max: 511, Diff: 511, Sum: 983, Workers: 4
[1272.280s][debug][gc,phases      ] GC(91)   ObjectSynchronizer Weak        Min:  0.0, Avg:  0.0, Max:  0.0, Diff:  0.0, Sum:  0.0, Workers: 4
[1272.280s][debug][gc,phases      ] GC(91)     Dead                           Min: 0, Avg:  0.0, Max: 0, Diff: 0, Sum: 0, Workers: 4
[1272.280s][debug][gc,phases      ] GC(91)     Total                          Min: 0, Avg:  2.0, Max: 8, Diff: 8, Sum: 8, Workers: 4
[1272.280s][debug][gc,phases      ] GC(91)   JVMTI Tag Weak OopStorage      Min:  0.0, Avg:  0.0, Max:  0.0, Diff:  0.0, Sum:  0.0, Workers: 4
[1272.280s][debug][gc,phases      ] GC(91)     Dead                           Min: 0, Avg:  0.0, Max: 0, Diff: 0, Sum: 0, Workers: 4
[1272.280s][debug][gc,phases      ] GC(91)     Total                          Min: 0, Avg:  0.0, Max: 0, Diff: 0, Sum: 0, Workers: 4
[1272.280s][debug][gc,phases      ] GC(91)   StringTable Weak               Min:  0.0, Avg:  0.1, Max:  0.2, Diff:  0.2, Sum:  0.4, Workers: 4
[1272.280s][debug][gc,phases      ] GC(91)     Dead                           Min: 0, Avg:  0.0, Max: 0, Diff: 0, Sum: 0, Workers: 4
[1272.280s][debug][gc,phases      ] GC(91)     Total                          Min: 0, Avg: 11291.5, Max: 24494, Diff: 24494, Sum: 45166, Workers: 4
[1272.280s][debug][gc,phases      ] GC(91)   ResolvedMethodTable Weak       Min:  0.0, Avg:  0.0, Max:  0.1, Diff:  0.1, Sum:  0.1, Workers: 4
[1272.280s][debug][gc,phases      ] GC(91)     Dead                           Min: 0, Avg:  0.0, Max: 0, Diff: 0, Sum: 0, Workers: 4
[1272.280s][debug][gc,phases      ] GC(91)     Total                          Min: 0, Avg: 2894.8, Max: 6203, Diff: 6203, Sum: 11579, Workers: 4
[1272.280s][debug][gc,phases      ] GC(91)   JNI Weak                       Min:  0.0, Avg:  0.0, Max:  0.0, Diff:  0.0, Sum:  0.0, Workers: 4
[1272.280s][debug][gc,phases      ] GC(91)     Dead                           Min: 0, Avg:  0.0, Max: 0, Diff: 0, Sum: 0, Workers: 4
[1272.280s][debug][gc,phases      ] GC(91)     Total                          Min: 0, Avg: 12.0, Max: 48, Diff: 48, Sum: 48, Workers: 4
[1272.280s][debug][gc,phases      ] GC(91)   StringDedup Table Weak         Min:  0.0, Avg:  0.0, Max:  0.0, Diff:  0.0, Sum:  0.0, Workers: 4
[1272.280s][debug][gc,phases      ] GC(91)     Dead                           Min: 0, Avg:  0.0, Max: 0, Diff: 0, Sum: 0, Workers: 4
[1272.280s][debug][gc,phases      ] GC(91)     Total                          Min: 0, Avg:  0.0, Max: 0, Diff: 0, Sum: 0, Workers: 4
[1272.280s][debug][gc,phases      ] GC(91)   StringDedup Requests0 Weak     Min:  0.0, Avg:  0.0, Max:  0.0, Diff:  0.0, Sum:  0.0, Workers: 4
[1272.280s][debug][gc,phases      ] GC(91)     Dead                           Min: 0, Avg:  0.0, Max: 0, Diff: 0, Sum: 0, Workers: 4
[1272.280s][debug][gc,phases      ] GC(91)     Total                          Min: 0, Avg:  0.0, Max: 0, Diff: 0, Sum: 0, Workers: 4
[1272.280s][debug][gc,phases      ] GC(91)   StringDedup Requests1 Weak     Min:  0.0, Avg:  0.0, Max:  0.0, Diff:  0.0, Sum:  0.0, Workers: 4
[1272.280s][debug][gc,phases      ] GC(91)     Dead                           Min: 0, Avg:  0.0, Max: 0, Diff: 0, Sum: 0, Workers: 4
[1272.280s][debug][gc,phases      ] GC(91)     Total                          Min: 0, Avg:  0.0, Max: 0, Diff: 0, Sum: 0, Workers: 4
[1272.280s][debug][gc,phases      ] GC(91)   Weak JFR Old Object Samples    Min:  0.0, Avg:  0.0, Max:  0.0, Diff:  0.0, Sum:  0.0, Workers: 4
[1272.280s][debug][gc,phases      ] GC(91)     Dead                           Min: 0, Avg:  0.0, Max: 0, Diff: 0, Sum: 0, Workers: 4
[1272.280s][debug][gc,phases      ] GC(91)     Total                          Min: 0, Avg:  0.0, Max: 0, Diff: 0, Sum: 0, Workers: 4
[1272.280s][debug][gc,phases      ] GC(91) Weak Processing 0.586ms
[1272.280s][debug][gc,age         ] GC(91) Desired survivor size 161480704 bytes, new threshold 15 (max threshold 15)
[1272.280s][info ][gc,heap        ] GC(91) PSYoungGen: 1795008K(1937408K)->15072K(1938944K) Eden: 1780736K(1780736K)->0K(1780736K) From: 14272K(156672K)->15072K(158208K)
[1272.280s][info ][gc,heap        ] GC(91) ParOldGen: 479852K(579584K)->479980K(579584K)
[1272.280s][info ][gc,metaspace   ] GC(91) Metaspace: 91029K(92224K)->91029K(92224K) NonClass: 77911K(78528K)->77911K(78528K) Class: 13117K(13696K)->13117K(13696K)
[1272.280s][info ][gc             ] GC(91) Pause Young (Allocation Failure) 2221M->483M(2459M) 17.690ms
[1272.280s][info ][gc,cpu         ] GC(91) User=0.03s Sys=0.00s Real=0.02s
[1272.280s][info ][safepoint      ] Safepoint "ParallelGCFailedAllocation", Time since last: 2823884821 ns, Reaching safepoint: 77500 ns, Cleanup: 3800 ns, At safepoint: 17774011 ns, Total: 17855311 ns
[1277.280s][info ][safepoint      ] Safepoint "Cleanup", Time since last: 5000323809 ns, Reaching safepoint: 4400 ns, Cleanup: 17300 ns, At safepoint: 2200 ns, Total: 23900 ns
[1279.281s][info ][safepoint      ] Safepoint "Cleanup", Time since last: 2000156063 ns, Reaching safepoint: 5000 ns, Cleanup: 9800 ns, At safepoint: 1900 ns, Total: 16700 ns
[1282.281s][info ][safepoint      ] Safepoint "Cleanup", Time since last: 3000182304 ns, Reaching safepoint: 5599 ns, Cleanup: 11700 ns, At safepoint: 1700 ns, Total: 18999 ns
[1290.281s][info ][safepoint      ] Safepoint "Cleanup", Time since last: 8000548506 ns, Reaching safepoint: 4900 ns, Cleanup: 8700 ns, At safepoint: 1800 ns, Total: 15400 ns
[1291.281s][info ][safepoint      ] Safepoint "Cleanup", Time since last: 1000105265 ns, Reaching safepoint: 5300 ns, Cleanup: 13600 ns, At safepoint: 2100 ns, Total: 21000 ns
[1295.642s][info ][gc,start       ] GC(92) Pause Young (Allocation Failure)
[1295.650s][debug][gc,phases      ] GC(92) Scavenge 7.840ms
[1295.650s][debug][gc,ref         ] GC(92) Skipped phase 1 of Reference Processing: no references
[1295.650s][debug][gc,ref         ] GC(92) ReferenceProcessor::execute queues: 1, RefProcThreadModel::Single, marks_oops_alive: false
[1295.650s][debug][gc,ref         ] GC(92) Skipped phase 3 of Reference Processing: no references
[1295.650s][debug][gc,ref         ] GC(92) ReferenceProcessor::execute queues: 1, RefProcThreadModel::Single, marks_oops_alive: false
[1295.650s][debug][gc,phases      ] GC(92) Reference Processing 0.103ms
[1295.650s][debug][gc,phases      ] GC(92)   VM Weak                        Min:  0.0, Avg:  0.0, Max:  0.0, Diff:  0.0, Sum:  0.0, Workers: 4
[1295.650s][debug][gc,phases      ] GC(92)     Dead                           Min: 0, Avg:  0.0, Max: 0, Diff: 0, Sum: 0, Workers: 4
[1295.650s][debug][gc,phases      ] GC(92)     Total                          Min: 0, Avg: 245.8, Max: 511, Diff: 511, Sum: 983, Workers: 4
[1295.650s][debug][gc,phases      ] GC(92)   ObjectSynchronizer Weak        Min:  0.0, Avg:  0.0, Max:  0.0, Diff:  0.0, Sum:  0.0, Workers: 4
[1295.650s][debug][gc,phases      ] GC(92)     Dead                           Min: 0, Avg:  0.0, Max: 0, Diff: 0, Sum: 0, Workers: 4
[1295.650s][debug][gc,phases      ] GC(92)     Total                          Min: 0, Avg:  2.0, Max: 8, Diff: 8, Sum: 8, Workers: 4
[1295.650s][debug][gc,phases      ] GC(92)   JVMTI Tag Weak OopStorage      Min:  0.0, Avg:  0.0, Max:  0.0, Diff:  0.0, Sum:  0.0, Workers: 4
[1295.650s][debug][gc,phases      ] GC(92)     Dead                           Min: 0, Avg:  0.0, Max: 0, Diff: 0, Sum: 0, Workers: 4
[1295.650s][debug][gc,phases      ] GC(92)     Total                          Min: 0, Avg:  0.0, Max: 0, Diff: 0, Sum: 0, Workers: 4
[1295.650s][debug][gc,phases      ] GC(92)   StringTable Weak               Min:  0.0, Avg:  0.1, Max:  0.1, Diff:  0.1, Sum:  0.4, Workers: 4
[1295.650s][debug][gc,phases      ] GC(92)     Dead                           Min: 0, Avg:  0.2, Max: 1, Diff: 1, Sum: 1, Workers: 4
[1295.650s][debug][gc,phases      ] GC(92)     Total                          Min: 0, Avg: 11292.2, Max: 19262, Diff: 19262, Sum: 45169, Workers: 4
[1295.650s][debug][gc,phases      ] GC(92)   ResolvedMethodTable Weak       Min:  0.0, Avg:  0.0, Max:  0.0, Diff:  0.0, Sum:  0.1, Workers: 4
[1295.650s][debug][gc,phases      ] GC(92)     Dead                           Min: 0, Avg:  0.0, Max: 0, Diff: 0, Sum: 0, Workers: 4
[1295.650s][debug][gc,phases      ] GC(92)     Total                          Min: 0, Avg: 2895.5, Max: 4736, Diff: 4736, Sum: 11582, Workers: 4
[1295.650s][debug][gc,phases      ] GC(92)   JNI Weak                       Min:  0.0, Avg:  0.0, Max:  0.0, Diff:  0.0, Sum:  0.0, Workers: 4
[1295.650s][debug][gc,phases      ] GC(92)     Dead                           Min: 0, Avg:  0.0, Max: 0, Diff: 0, Sum: 0, Workers: 4
[1295.650s][debug][gc,phases      ] GC(92)     Total                          Min: 0, Avg: 12.0, Max: 48, Diff: 48, Sum: 48, Workers: 4
[1295.650s][debug][gc,phases      ] GC(92)   StringDedup Table Weak         Min:  0.0, Avg:  0.0, Max:  0.0, Diff:  0.0, Sum:  0.0, Workers: 4
[1295.650s][debug][gc,phases      ] GC(92)     Dead                           Min: 0, Avg:  0.0, Max: 0, Diff: 0, Sum: 0, Workers: 4
[1295.650s][debug][gc,phases      ] GC(92)     Total                          Min: 0, Avg:  0.0, Max: 0, Diff: 0, Sum: 0, Workers: 4
[1295.650s][debug][gc,phases      ] GC(92)   StringDedup Requests0 Weak     Min:  0.0, Avg:  0.0, Max:  0.0, Diff:  0.0, Sum:  0.0, Workers: 4
[1295.650s][debug][gc,phases      ] GC(92)     Dead                           Min: 0, Avg:  0.0, Max: 0, Diff: 0, Sum: 0, Workers: 4
[1295.650s][debug][gc,phases      ] GC(92)     Total                          Min: 0, Avg:  0.0, Max: 0, Diff: 0, Sum: 0, Workers: 4
[1295.650s][debug][gc,phases      ] GC(92)   StringDedup Requests1 Weak     Min:  0.0, Avg:  0.0, Max:  0.0, Diff:  0.0, Sum:  0.0, Workers: 4
[1295.650s][debug][gc,phases      ] GC(92)     Dead                           Min: 0, Avg:  0.0, Max: 0, Diff: 0, Sum: 0, Workers: 4
[1295.650s][debug][gc,phases      ] GC(92)     Total                          Min: 0, Avg:  0.0, Max: 0, Diff: 0, Sum: 0, Workers: 4
[1295.650s][debug][gc,phases      ] GC(92)   Weak JFR Old Object Samples    Min:  0.0, Avg:  0.0, Max:  0.0, Diff:  0.0, Sum:  0.0, Workers: 4
[1295.650s][debug][gc,phases      ] GC(92)     Dead                           Min: 0, Avg:  0.0, Max: 0, Diff: 0, Sum: 0, Workers: 4
[1295.650s][debug][gc,phases      ] GC(92)     Total                          Min: 0, Avg:  0.0, Max: 0, Diff: 0, Sum: 0, Workers: 4
[1295.650s][debug][gc,phases      ] GC(92) Weak Processing 0.338ms
[1295.650s][debug][gc,age         ] GC(92) Desired survivor size 159383552 bytes, new threshold 15 (max threshold 15)
[1295.650s][info ][gc,heap        ] GC(92) PSYoungGen: 1795808K(1938944K)->13648K(1941504K) Eden: 1780736K(1780736K)->0K(1783808K) From: 15072K(158208K)->13648K(157696K)
[1295.650s][info ][gc,heap        ] GC(92) ParOldGen: 479980K(579584K)->480012K(579584K)
[1295.650s][info ][gc,metaspace   ] GC(92) Metaspace: 91042K(92224K)->91042K(92224K) NonClass: 77922K(78528K)->77922K(78528K) Class: 13119K(13696K)->13119K(13696K)
[1295.650s][info ][gc             ] GC(92) Pause Young (Allocation Failure) 2222M->482M(2462M) 8.376ms
[1295.650s][info ][gc,cpu         ] GC(92) User=0.03s Sys=0.00s Real=0.01s
[1295.650s][info ][safepoint      ] Safepoint "ParallelGCFailedAllocation", Time since last: 4360437912 ns, Reaching safepoint: 4800 ns, Cleanup: 3800 ns, At safepoint: 8441558 ns, Total: 8450158 ns
[1300.651s][info ][safepoint      ] Safepoint "Cleanup", Time since last: 5000349551 ns, Reaching safepoint: 75300 ns, Cleanup: 18500 ns, At safepoint: 5400 ns, Total: 99200 ns
[1301.651s][info ][safepoint      ] Safepoint "Cleanup", Time since last: 1000103373 ns, Reaching safepoint: 74399 ns, Cleanup: 14300 ns, At safepoint: 6600 ns, Total: 95299 ns
[1302.651s][info ][safepoint      ] Safepoint "Cleanup", Time since last: 1000105973 ns, Reaching safepoint: 72599 ns, Cleanup: 10000 ns, At safepoint: 6900 ns, Total: 89499 ns
[1309.652s][info ][safepoint      ] Safepoint "Cleanup", Time since last: 7000504771 ns, Reaching safepoint: 75899 ns, Cleanup: 9300 ns, At safepoint: 6000 ns, Total: 91199 ns
[1311.652s][info ][safepoint      ] Safepoint "Cleanup", Time since last: 2000179835 ns, Reaching safepoint: 77499 ns, Cleanup: 10000 ns, At safepoint: 6800 ns, Total: 94299 ns
[1312.652s][info ][safepoint      ] Safepoint "Cleanup", Time since last: 1000106560 ns, Reaching safepoint: 73000 ns, Cleanup: 8600 ns, At safepoint: 6200 ns, Total: 87800 ns
[1315.653s][info ][safepoint      ] Safepoint "Cleanup", Time since last: 3000215218 ns, Reaching safepoint: 74400 ns, Cleanup: 11400 ns, At safepoint: 5300 ns, Total: 91100 ns
[1317.653s][info ][safepoint      ] Safepoint "Cleanup", Time since last: 2000177879 ns, Reaching safepoint: 74400 ns, Cleanup: 8700 ns, At safepoint: 6299 ns, Total: 89399 ns
[1320.849s][info ][gc,start       ] GC(93) Pause Young (Allocation Failure)
[1320.857s][debug][gc,phases      ] GC(93) Scavenge 7.425ms
[1320.857s][debug][gc,ref         ] GC(93) Skipped phase 1 of Reference Processing: no references
[1320.857s][debug][gc,ref         ] GC(93) ReferenceProcessor::execute queues: 1, RefProcThreadModel::Single, marks_oops_alive: false
[1320.857s][debug][gc,ref         ] GC(93) Skipped phase 3 of Reference Processing: no references
[1320.857s][debug][gc,ref         ] GC(93) ReferenceProcessor::execute queues: 1, RefProcThreadModel::Single, marks_oops_alive: false
[1320.857s][debug][gc,phases      ] GC(93) Reference Processing 0.100ms
[1320.857s][debug][gc,phases      ] GC(93)   VM Weak                        Min:  0.0, Avg:  0.0, Max:  0.0, Diff:  0.0, Sum:  0.0, Workers: 4
[1320.857s][debug][gc,phases      ] GC(93)     Dead                           Min: 0, Avg:  0.0, Max: 0, Diff: 0, Sum: 0, Workers: 4
[1320.857s][debug][gc,phases      ] GC(93)     Total                          Min: 0, Avg: 245.8, Max: 792, Diff: 792, Sum: 983, Workers: 4
[1320.857s][debug][gc,phases      ] GC(93)   ObjectSynchronizer Weak        Min:  0.0, Avg:  0.0, Max:  0.0, Diff:  0.0, Sum:  0.0, Workers: 4
[1320.857s][debug][gc,phases      ] GC(93)     Dead                           Min: 0, Avg:  0.0, Max: 0, Diff: 0, Sum: 0, Workers: 4
[1320.857s][debug][gc,phases      ] GC(93)     Total                          Min: 0, Avg:  1.2, Max: 5, Diff: 5, Sum: 5, Workers: 4
[1320.857s][debug][gc,phases      ] GC(93)   JVMTI Tag Weak OopStorage      Min:  0.0, Avg:  0.0, Max:  0.0, Diff:  0.0, Sum:  0.0, Workers: 4
[1320.857s][debug][gc,phases      ] GC(93)     Dead                           Min: 0, Avg:  0.0, Max: 0, Diff: 0, Sum: 0, Workers: 4
[1320.857s][debug][gc,phases      ] GC(93)     Total                          Min: 0, Avg:  0.0, Max: 0, Diff: 0, Sum: 0, Workers: 4
[1320.857s][debug][gc,phases      ] GC(93)   StringTable Weak               Min:  0.0, Avg:  0.1, Max:  0.1, Diff:  0.1, Sum:  0.4, Workers: 4
[1320.857s][debug][gc,phases      ] GC(93)     Dead                           Min: 0, Avg:  0.0, Max: 0, Diff: 0, Sum: 0, Workers: 4
[1320.857s][debug][gc,phases      ] GC(93)     Total                          Min: 0, Avg: 11292.2, Max: 19456, Diff: 19456, Sum: 45169, Workers: 4
[1320.857s][debug][gc,phases      ] GC(93)   ResolvedMethodTable Weak       Min:  0.0, Avg:  0.0, Max:  0.0, Diff:  0.0, Sum:  0.1, Workers: 4
[1320.857s][debug][gc,phases      ] GC(93)     Dead                           Min: 0, Avg:  0.0, Max: 0, Diff: 0, Sum: 0, Workers: 4
[1320.857s][debug][gc,phases      ] GC(93)     Total                          Min: 0, Avg: 2895.5, Max: 4736, Diff: 4736, Sum: 11582, Workers: 4
[1320.857s][debug][gc,phases      ] GC(93)   JNI Weak                       Min:  0.0, Avg:  0.0, Max:  0.0, Diff:  0.0, Sum:  0.0, Workers: 4
[1320.857s][debug][gc,phases      ] GC(93)     Dead                           Min: 0, Avg:  0.0, Max: 0, Diff: 0, Sum: 0, Workers: 4
[1320.857s][debug][gc,phases      ] GC(93)     Total                          Min: 0, Avg: 12.0, Max: 48, Diff: 48, Sum: 48, Workers: 4
[1320.857s][debug][gc,phases      ] GC(93)   StringDedup Table Weak         Min:  0.0, Avg:  0.0, Max:  0.0, Diff:  0.0, Sum:  0.0, Workers: 4
[1320.857s][debug][gc,phases      ] GC(93)     Dead                           Min: 0, Avg:  0.0, Max: 0, Diff: 0, Sum: 0, Workers: 4
[1320.857s][debug][gc,phases      ] GC(93)     Total                          Min: 0, Avg:  0.0, Max: 0, Diff: 0, Sum: 0, Workers: 4
[1320.857s][debug][gc,phases      ] GC(93)   StringDedup Requests0 Weak     Min:  0.0, Avg:  0.0, Max:  0.0, Diff:  0.0, Sum:  0.0, Workers: 4
[1320.857s][debug][gc,phases      ] GC(93)     Dead                           Min: 0, Avg:  0.0, Max: 0, Diff: 0, Sum: 0, Workers: 4
[1320.857s][debug][gc,phases      ] GC(93)     Total                          Min: 0, Avg:  0.0, Max: 0, Diff: 0, Sum: 0, Workers: 4
[1320.857s][debug][gc,phases      ] GC(93)   StringDedup Requests1 Weak     Min:  0.0, Avg:  0.0, Max:  0.0, Diff:  0.0, Sum:  0.0, Workers: 4
[1320.857s][debug][gc,phases      ] GC(93)     Dead                           Min: 0, Avg:  0.0, Max: 0, Diff: 0, Sum: 0, Workers: 4
[1320.857s][debug][gc,phases      ] GC(93)     Total                          Min: 0, Avg:  0.0, Max: 0, Diff: 0, Sum: 0, Workers: 4
[1320.857s][debug][gc,phases      ] GC(93)   Weak JFR Old Object Samples    Min:  0.0, Avg:  0.0, Max:  0.0, Diff:  0.0, Sum:  0.0, Workers: 4
[1320.857s][debug][gc,phases      ] GC(93)     Dead                           Min: 0, Avg:  0.0, Max: 0, Diff: 0, Sum: 0, Workers: 4
[1320.857s][debug][gc,phases      ] GC(93)     Total                          Min: 0, Avg:  0.0, Max: 0, Diff: 0, Sum: 0, Workers: 4
[1320.857s][debug][gc,phases      ] GC(93) Weak Processing 0.338ms
[1320.857s][debug][gc,age         ] GC(93) Desired survivor size 156762112 bytes, new threshold 15 (max threshold 15)
[1320.857s][info ][gc,heap        ] GC(93) PSYoungGen: 1797456K(1941504K)->14224K(1939456K) Eden: 1783808K(1783808K)->0K(1783808K) From: 13648K(157696K)->14224K(155648K)
[1320.857s][info ][gc,heap        ] GC(93) ParOldGen: 480012K(579584K)->480044K(579584K)
[1320.857s][info ][gc,metaspace   ] GC(93) Metaspace: 91051K(92224K)->91051K(92224K) NonClass: 77931K(78528K)->77931K(78528K) Class: 13119K(13696K)->13119K(13696K)
[1320.857s][info ][gc             ] GC(93) Pause Young (Allocation Failure) 2224M->482M(2460M) 7.980ms
[1320.857s][info ][gc,cpu         ] GC(93) User=0.03s Sys=0.00s Real=0.01s
[1320.857s][info ][safepoint      ] Safepoint "ParallelGCFailedAllocation", Time since last: 3196350021 ns, Reaching safepoint: 72600 ns, Cleanup: 3499 ns, At safepoint: 8043260 ns, Total: 8119359 ns
[1324.858s][info ][safepoint      ] Safepoint "Cleanup", Time since last: 4000242130 ns, Reaching safepoint: 78199 ns, Cleanup: 10300 ns, At safepoint: 6600 ns, Total: 95099 ns
[1325.858s][info ][safepoint      ] Safepoint "Cleanup", Time since last: 1000114833 ns, Reaching safepoint: 72899 ns, Cleanup: 9300 ns, At safepoint: 6000 ns, Total: 88199 ns
[1326.858s][info ][safepoint      ] Safepoint "Cleanup", Time since last: 1000116032 ns, Reaching safepoint: 73800 ns, Cleanup: 12100 ns, At safepoint: 6900 ns, Total: 92800 ns
[1328.858s][info ][safepoint      ] Safepoint "Cleanup", Time since last: 2000184783 ns, Reaching safepoint: 76799 ns, Cleanup: 10400 ns, At safepoint: 4900 ns, Total: 92099 ns
[1336.859s][info ][safepoint      ] Safepoint "Cleanup", Time since last: 8000608159 ns, Reaching safepoint: 71700 ns, Cleanup: 10300 ns, At safepoint: 5000 ns, Total: 87000 ns
[1337.859s][info ][safepoint      ] Safepoint "Cleanup", Time since last: 1000122365 ns, Reaching safepoint: 72199 ns, Cleanup: 13800 ns, At safepoint: 5100 ns, Total: 91099 ns
[1338.859s][info ][safepoint      ] Safepoint "Cleanup", Time since last: 1000115665 ns, Reaching safepoint: 77500 ns, Cleanup: 12400 ns, At safepoint: 6900 ns, Total: 96800 ns
[1340.860s][info ][safepoint      ] Safepoint "Cleanup", Time since last: 2000136830 ns, Reaching safepoint: 72899 ns, Cleanup: 7000 ns, At safepoint: 5100 ns, Total: 84999 ns
[1341.860s][info ][safepoint      ] Safepoint "Cleanup", Time since last: 1000109965 ns, Reaching safepoint: 77400 ns, Cleanup: 9900 ns, At safepoint: 6600 ns, Total: 93900 ns
[1343.761s][info ][gc,start       ] GC(94) Pause Young (Allocation Failure)
[1343.769s][debug][gc,phases      ] GC(94) Scavenge 7.868ms
[1343.769s][debug][gc,ref         ] GC(94) Skipped phase 1 of Reference Processing: no references
[1343.769s][debug][gc,ref         ] GC(94) ReferenceProcessor::execute queues: 1, RefProcThreadModel::Single, marks_oops_alive: false
[1343.769s][debug][gc,ref         ] GC(94) Skipped phase 3 of Reference Processing: no references
[1343.769s][debug][gc,ref         ] GC(94) ReferenceProcessor::execute queues: 1, RefProcThreadModel::Single, marks_oops_alive: false
[1343.769s][debug][gc,phases      ] GC(94) Reference Processing 0.101ms
[1343.769s][debug][gc,phases      ] GC(94)   VM Weak                        Min:  0.0, Avg:  0.0, Max:  0.0, Diff:  0.0, Sum:  0.0, Workers: 4
[1343.769s][debug][gc,phases      ] GC(94)     Dead                           Min: 0, Avg:  0.0, Max: 0, Diff: 0, Sum: 0, Workers: 4
[1343.769s][debug][gc,phases      ] GC(94)     Total                          Min: 0, Avg: 245.8, Max: 831, Diff: 831, Sum: 983, Workers: 4
[1343.769s][debug][gc,phases      ] GC(94)   ObjectSynchronizer Weak        Min:  0.0, Avg:  0.0, Max:  0.0, Diff:  0.0, Sum:  0.0, Workers: 4
[1343.769s][debug][gc,phases      ] GC(94)     Dead                           Min: 0, Avg:  0.0, Max: 0, Diff: 0, Sum: 0, Workers: 4
[1343.769s][debug][gc,phases      ] GC(94)     Total                          Min: 0, Avg:  1.5, Max: 6, Diff: 6, Sum: 6, Workers: 4
[1343.769s][debug][gc,phases      ] GC(94)   JVMTI Tag Weak OopStorage      Min:  0.0, Avg:  0.0, Max:  0.0, Diff:  0.0, Sum:  0.0, Workers: 4
[1343.769s][debug][gc,phases      ] GC(94)     Dead                           Min: 0, Avg:  0.0, Max: 0, Diff: 0, Sum: 0, Workers: 4
[1343.769s][debug][gc,phases      ] GC(94)     Total                          Min: 0, Avg:  0.0, Max: 0, Diff: 0, Sum: 0, Workers: 4
[1343.769s][debug][gc,phases      ] GC(94)   StringTable Weak               Min:  0.0, Avg:  0.1, Max:  0.1, Diff:  0.1, Sum:  0.4, Workers: 4
[1343.769s][debug][gc,phases      ] GC(94)     Dead                           Min: 0, Avg:  0.2, Max: 1, Diff: 1, Sum: 1, Workers: 4
[1343.769s][debug][gc,phases      ] GC(94)     Total                          Min: 0, Avg: 11293.5, Max: 20095, Diff: 20095, Sum: 45174, Workers: 4
[1343.769s][debug][gc,phases      ] GC(94)   ResolvedMethodTable Weak       Min:  0.0, Avg:  0.0, Max:  0.0, Diff:  0.0, Sum:  0.1, Workers: 4
[1343.769s][debug][gc,phases      ] GC(94)     Dead                           Min: 0, Avg:  0.0, Max: 0, Diff: 0, Sum: 0, Workers: 4
[1343.769s][debug][gc,phases      ] GC(94)     Total                          Min: 0, Avg: 2896.5, Max: 4608, Diff: 4608, Sum: 11586, Workers: 4
[1343.769s][debug][gc,phases      ] GC(94)   JNI Weak                       Min:  0.0, Avg:  0.0, Max:  0.0, Diff:  0.0, Sum:  0.0, Workers: 4
[1343.769s][debug][gc,phases      ] GC(94)     Dead                           Min: 0, Avg:  0.0, Max: 0, Diff: 0, Sum: 0, Workers: 4
[1343.769s][debug][gc,phases      ] GC(94)     Total                          Min: 0, Avg: 12.0, Max: 48, Diff: 48, Sum: 48, Workers: 4
[1343.769s][debug][gc,phases      ] GC(94)   StringDedup Table Weak         Min:  0.0, Avg:  0.0, Max:  0.0, Diff:  0.0, Sum:  0.0, Workers: 4
[1343.769s][debug][gc,phases      ] GC(94)     Dead                           Min: 0, Avg:  0.0, Max: 0, Diff: 0, Sum: 0, Workers: 4
[1343.769s][debug][gc,phases      ] GC(94)     Total                          Min: 0, Avg:  0.0, Max: 0, Diff: 0, Sum: 0, Workers: 4
[1343.769s][debug][gc,phases      ] GC(94)   StringDedup Requests0 Weak     Min:  0.0, Avg:  0.0, Max:  0.0, Diff:  0.0, Sum:  0.0, Workers: 4
[1343.769s][debug][gc,phases      ] GC(94)     Dead                           Min: 0, Avg:  0.0, Max: 0, Diff: 0, Sum: 0, Workers: 4
[1343.769s][debug][gc,phases      ] GC(94)     Total                          Min: 0, Avg:  0.0, Max: 0, Diff: 0, Sum: 0, Workers: 4
[1343.769s][debug][gc,phases      ] GC(94)   StringDedup Requests1 Weak     Min:  0.0, Avg:  0.0, Max:  0.0, Diff:  0.0, Sum:  0.0, Workers: 4
[1343.769s][debug][gc,phases      ] GC(94)     Dead                           Min: 0, Avg:  0.0, Max: 0, Diff: 0, Sum: 0, Workers: 4
[1343.769s][debug][gc,phases      ] GC(94)     Total                          Min: 0, Avg:  0.0, Max: 0, Diff: 0, Sum: 0, Workers: 4
[1343.769s][debug][gc,phases      ] GC(94)   Weak JFR Old Object Samples    Min:  0.0, Avg:  0.0, Max:  0.0, Diff:  0.0, Sum:  0.0, Workers: 4
[1343.769s][debug][gc,phases      ] GC(94)     Dead                           Min: 0, Avg:  0.0, Max: 0, Diff: 0, Sum: 0, Workers: 4
[1343.769s][debug][gc,phases      ] GC(94)     Total                          Min: 0, Avg:  0.0, Max: 0, Diff: 0, Sum: 0, Workers: 4
[1343.769s][debug][gc,phases      ] GC(94) Weak Processing 0.349ms
[1343.769s][debug][gc,age         ] GC(94) Desired survivor size 153092096 bytes, new threshold 15 (max threshold 15)
[1343.769s][info ][gc,heap        ] GC(94) PSYoungGen: 1798032K(1939456K)->14752K(1947648K) Eden: 1783808K(1783808K)->0K(1794560K) From: 14224K(155648K)->14752K(153088K)
[1343.769s][info ][gc,heap        ] GC(94) ParOldGen: 480044K(579584K)->480084K(579584K)
[1343.769s][info ][gc,metaspace   ] GC(94) Metaspace: 91065K(92224K)->91065K(92224K) NonClass: 77942K(78528K)->77942K(78528K) Class: 13122K(13696K)->13122K(13696K)
[1343.769s][info ][gc             ] GC(94) Pause Young (Allocation Failure) 2224M->483M(2468M) 8.430ms
[1343.769s][info ][gc,cpu         ] GC(94) User=0.03s Sys=0.00s Real=0.01s
[1343.769s][info ][safepoint      ] Safepoint "ParallelGCFailedAllocation", Time since last: 1900685021 ns, Reaching safepoint: 74999 ns, Cleanup: 3900 ns, At safepoint: 8496858 ns, Total: 8575757 ns
[1351.770s][info ][safepoint      ] Safepoint "Cleanup", Time since last: 8000509109 ns, Reaching safepoint: 5000 ns, Cleanup: 10200 ns, At safepoint: 1800 ns, Total: 17000 ns
[1357.770s][info ][safepoint      ] Safepoint "Cleanup", Time since last: 6000378577 ns, Reaching safepoint: 6500 ns, Cleanup: 10400 ns, At safepoint: 19700 ns, Total: 36600 ns
[1362.770s][info ][safepoint      ] Safepoint "Cleanup", Time since last: 5000377450 ns, Reaching safepoint: 5700 ns, Cleanup: 11900 ns, At safepoint: 2300 ns, Total: 19900 ns
[1368.351s][info ][gc,start       ] GC(95) Pause Young (Allocation Failure)
[1368.358s][debug][gc,phases      ] GC(95) Scavenge 6.840ms
[1368.358s][debug][gc,ref         ] GC(95) Skipped phase 1 of Reference Processing: no references
[1368.358s][debug][gc,ref         ] GC(95) ReferenceProcessor::execute queues: 1, RefProcThreadModel::Single, marks_oops_alive: false
[1368.358s][debug][gc,ref         ] GC(95) Skipped phase 3 of Reference Processing: no references
[1368.358s][debug][gc,ref         ] GC(95) ReferenceProcessor::execute queues: 1, RefProcThreadModel::Single, marks_oops_alive: false
[1368.358s][debug][gc,phases      ] GC(95) Reference Processing 0.097ms
[1368.358s][debug][gc,phases      ] GC(95)   VM Weak                        Min:  0.0, Avg:  0.0, Max:  0.0, Diff:  0.0, Sum:  0.0, Workers: 4
[1368.358s][debug][gc,phases      ] GC(95)     Dead                           Min: 0, Avg:  0.0, Max: 0, Diff: 0, Sum: 0, Workers: 4
[1368.358s][debug][gc,phases      ] GC(95)     Total                          Min: 0, Avg: 245.8, Max: 575, Diff: 575, Sum: 983, Workers: 4
[1368.358s][debug][gc,phases      ] GC(95)   ObjectSynchronizer Weak        Min:  0.0, Avg:  0.0, Max:  0.0, Diff:  0.0, Sum:  0.0, Workers: 4
[1368.358s][debug][gc,phases      ] GC(95)     Dead                           Min: 0, Avg:  0.0, Max: 0, Diff: 0, Sum: 0, Workers: 4
[1368.358s][debug][gc,phases      ] GC(95)     Total                          Min: 0, Avg:  1.5, Max: 6, Diff: 6, Sum: 6, Workers: 4
[1368.358s][debug][gc,phases      ] GC(95)   JVMTI Tag Weak OopStorage      Min:  0.0, Avg:  0.0, Max:  0.0, Diff:  0.0, Sum:  0.0, Workers: 4
[1368.358s][debug][gc,phases      ] GC(95)     Dead                           Min: 0, Avg:  0.0, Max: 0, Diff: 0, Sum: 0, Workers: 4
[1368.358s][debug][gc,phases      ] GC(95)     Total                          Min: 0, Avg:  0.0, Max: 0, Diff: 0, Sum: 0, Workers: 4
[1368.358s][debug][gc,phases      ] GC(95)   StringTable Weak               Min:  0.0, Avg:  0.1, Max:  0.2, Diff:  0.2, Sum:  0.4, Workers: 4
[1368.358s][debug][gc,phases      ] GC(95)     Dead                           Min: 0, Avg:  0.0, Max: 0, Diff: 0, Sum: 0, Workers: 4
[1368.358s][debug][gc,phases      ] GC(95)     Total                          Min: 0, Avg: 11295.2, Max: 22717, Diff: 22717, Sum: 45181, Workers: 4
[1368.358s][debug][gc,phases      ] GC(95)   ResolvedMethodTable Weak       Min:  0.0, Avg:  0.0, Max:  0.1, Diff:  0.1, Sum:  0.1, Workers: 4
[1368.358s][debug][gc,phases      ] GC(95)     Dead                           Min: 0, Avg:  0.0, Max: 0, Diff: 0, Sum: 0, Workers: 4
[1368.358s][debug][gc,phases      ] GC(95)     Total                          Min: 0, Avg: 2896.5, Max: 5887, Diff: 5887, Sum: 11586, Workers: 4
[1368.358s][debug][gc,phases      ] GC(95)   JNI Weak                       Min:  0.0, Avg:  0.0, Max:  0.0, Diff:  0.0, Sum:  0.0, Workers: 4
[1368.358s][debug][gc,phases      ] GC(95)     Dead                           Min: 0, Avg:  0.0, Max: 0, Diff: 0, Sum: 0, Workers: 4
[1368.358s][debug][gc,phases      ] GC(95)     Total                          Min: 0, Avg: 12.0, Max: 48, Diff: 48, Sum: 48, Workers: 4
[1368.358s][debug][gc,phases      ] GC(95)   StringDedup Table Weak         Min:  0.0, Avg:  0.0, Max:  0.0, Diff:  0.0, Sum:  0.0, Workers: 4
[1368.358s][debug][gc,phases      ] GC(95)     Dead                           Min: 0, Avg:  0.0, Max: 0, Diff: 0, Sum: 0, Workers: 4
[1368.358s][debug][gc,phases      ] GC(95)     Total                          Min: 0, Avg:  0.0, Max: 0, Diff: 0, Sum: 0, Workers: 4
[1368.358s][debug][gc,phases      ] GC(95)   StringDedup Requests0 Weak     Min:  0.0, Avg:  0.0, Max:  0.0, Diff:  0.0, Sum:  0.0, Workers: 4
[1368.358s][debug][gc,phases      ] GC(95)     Dead                           Min: 0, Avg:  0.0, Max: 0, Diff: 0, Sum: 0, Workers: 4
[1368.358s][debug][gc,phases      ] GC(95)     Total                          Min: 0, Avg:  0.0, Max: 0, Diff: 0, Sum: 0, Workers: 4
[1368.358s][debug][gc,phases      ] GC(95)   StringDedup Requests1 Weak     Min:  0.0, Avg:  0.0, Max:  0.0, Diff:  0.0, Sum:  0.0, Workers: 4
[1368.358s][debug][gc,phases      ] GC(95)     Dead                           Min: 0, Avg:  0.0, Max: 0, Diff: 0, Sum: 0, Workers: 4
[1368.358s][debug][gc,phases      ] GC(95)     Total                          Min: 0, Avg:  0.0, Max: 0, Diff: 0, Sum: 0, Workers: 4
[1368.358s][debug][gc,phases      ] GC(95)   Weak JFR Old Object Samples    Min:  0.0, Avg:  0.0, Max:  0.0, Diff:  0.0, Sum:  0.0, Workers: 4
[1368.358s][debug][gc,phases      ] GC(95)     Dead                           Min: 0, Avg:  0.0, Max: 0, Diff: 0, Sum: 0, Workers: 4
[1368.358s][debug][gc,phases      ] GC(95)     Total                          Min: 0, Avg:  0.0, Max: 0, Diff: 0, Sum: 0, Workers: 4
[1368.358s][debug][gc,phases      ] GC(95) Weak Processing 0.449ms
[1368.358s][debug][gc,age         ] GC(95) Desired survivor size 148373504 bytes, new threshold 15 (max threshold 15)
[1368.358s][info ][gc,heap        ] GC(95) PSYoungGen: 1809312K(1947648K)->14912K(1944064K) Eden: 1794560K(1794560K)->0K(1794560K) From: 14752K(153088K)->14912K(149504K)
[1368.358s][info ][gc,heap        ] GC(95) ParOldGen: 480084K(579584K)->480116K(579584K)
[1368.358s][info ][gc,metaspace   ] GC(95) Metaspace: 91078K(92224K)->91078K(92224K) NonClass: 77956K(78528K)->77956K(78528K) Class: 13122K(13696K)->13122K(13696K)
[1368.358s][info ][gc             ] GC(95) Pause Young (Allocation Failure) 2235M->483M(2464M) 7.503ms
[1368.358s][info ][gc,cpu         ] GC(95) User=0.03s Sys=0.00s Real=0.01s
[1368.358s][info ][safepoint      ] Safepoint "ParallelGCFailedAllocation", Time since last: 5580072554 ns, Reaching safepoint: 72500 ns, Cleanup: 3500 ns, At safepoint: 7584962 ns, Total: 7660962 ns
[1374.359s][info ][safepoint      ] Safepoint "Cleanup", Time since last: 6000426379 ns, Reaching safepoint: 73200 ns, Cleanup: 7900 ns, At safepoint: 6100 ns, Total: 87200 ns
[1376.359s][info ][safepoint      ] Safepoint "Cleanup", Time since last: 2000181753 ns, Reaching safepoint: 76900 ns, Cleanup: 8300 ns, At safepoint: 4400 ns, Total: 89600 ns
[1384.469s][info ][safepoint      ] Safepoint "Cleanup", Time since last: 8110073036 ns, Reaching safepoint: 5000 ns, Cleanup: 9900 ns, At safepoint: 1900 ns, Total: 16800 ns
[1385.469s][info ][safepoint      ] Safepoint "Cleanup", Time since last: 1000106519 ns, Reaching safepoint: 4500 ns, Cleanup: 11700 ns, At safepoint: 1700 ns, Total: 17900 ns
[1388.469s][info ][safepoint      ] Safepoint "Cleanup", Time since last: 3000183959 ns, Reaching safepoint: 4900 ns, Cleanup: 9400 ns, At safepoint: 7100 ns, Total: 21400 ns
[1392.470s][info ][safepoint      ] Safepoint "Cleanup", Time since last: 4000241102 ns, Reaching safepoint: 5400 ns, Cleanup: 12100 ns, At safepoint: 1900 ns, Total: 19400 ns
[1392.992s][info ][gc,start       ] GC(96) Pause Young (Allocation Failure)
[1393.000s][debug][gc,phases      ] GC(96) Scavenge 8.030ms
[1393.000s][debug][gc,ref         ] GC(96) Skipped phase 1 of Reference Processing: no references
[1393.000s][debug][gc,ref         ] GC(96) ReferenceProcessor::execute queues: 1, RefProcThreadModel::Single, marks_oops_alive: false
[1393.000s][debug][gc,ref         ] GC(96) Skipped phase 3 of Reference Processing: no references
[1393.000s][debug][gc,ref         ] GC(96) ReferenceProcessor::execute queues: 1, RefProcThreadModel::Single, marks_oops_alive: false
[1393.000s][debug][gc,phases      ] GC(96) Reference Processing 0.084ms
[1393.000s][debug][gc,phases      ] GC(96)   VM Weak                        Min:  0.0, Avg:  0.0, Max:  0.0, Diff:  0.0, Sum:  0.0, Workers: 4
[1393.000s][debug][gc,phases      ] GC(96)     Dead                           Min: 0, Avg:  0.0, Max: 0, Diff: 0, Sum: 0, Workers: 4
[1393.000s][debug][gc,phases      ] GC(96)     Total                          Min: 0, Avg: 245.8, Max: 664, Diff: 664, Sum: 983, Workers: 4
[1393.000s][debug][gc,phases      ] GC(96)   ObjectSynchronizer Weak        Min:  0.0, Avg:  0.0, Max:  0.0, Diff:  0.0, Sum:  0.0, Workers: 4
[1393.000s][debug][gc,phases      ] GC(96)     Dead                           Min: 0, Avg:  0.0, Max: 0, Diff: 0, Sum: 0, Workers: 4
[1393.000s][debug][gc,phases      ] GC(96)     Total                          Min: 0, Avg:  1.5, Max: 6, Diff: 6, Sum: 6, Workers: 4
[1393.000s][debug][gc,phases      ] GC(96)   JVMTI Tag Weak OopStorage      Min:  0.0, Avg:  0.0, Max:  0.0, Diff:  0.0, Sum:  0.0, Workers: 4
[1393.000s][debug][gc,phases      ] GC(96)     Dead                           Min: 0, Avg:  0.0, Max: 0, Diff: 0, Sum: 0, Workers: 4
[1393.000s][debug][gc,phases      ] GC(96)     Total                          Min: 0, Avg:  0.0, Max: 0, Diff: 0, Sum: 0, Workers: 4
[1393.000s][debug][gc,phases      ] GC(96)   StringTable Weak               Min:  0.0, Avg:  0.1, Max:  0.1, Diff:  0.1, Sum:  0.4, Workers: 4
[1393.000s][debug][gc,phases      ] GC(96)     Dead                           Min: 0, Avg:  0.0, Max: 0, Diff: 0, Sum: 0, Workers: 4
[1393.000s][debug][gc,phases      ] GC(96)     Total                          Min: 0, Avg: 11296.0, Max: 19008, Diff: 19008, Sum: 45184, Workers: 4
[1393.000s][debug][gc,phases      ] GC(96)   ResolvedMethodTable Weak       Min:  0.0, Avg:  0.0, Max:  0.0, Diff:  0.0, Sum:  0.1, Workers: 4
[1393.000s][debug][gc,phases      ] GC(96)     Dead                           Min: 0, Avg:  0.0, Max: 0, Diff: 0, Sum: 0, Workers: 4
[1393.000s][debug][gc,phases      ] GC(96)     Total                          Min: 0, Avg: 2896.5, Max: 4675, Diff: 4675, Sum: 11586, Workers: 4
[1393.000s][debug][gc,phases      ] GC(96)   JNI Weak                       Min:  0.0, Avg:  0.0, Max:  0.0, Diff:  0.0, Sum:  0.0, Workers: 4
[1393.000s][debug][gc,phases      ] GC(96)     Dead                           Min: 0, Avg:  0.0, Max: 0, Diff: 0, Sum: 0, Workers: 4
[1393.000s][debug][gc,phases      ] GC(96)     Total                          Min: 0, Avg: 12.0, Max: 48, Diff: 48, Sum: 48, Workers: 4
[1393.000s][debug][gc,phases      ] GC(96)   StringDedup Table Weak         Min:  0.0, Avg:  0.0, Max:  0.0, Diff:  0.0, Sum:  0.0, Workers: 4
[1393.000s][debug][gc,phases      ] GC(96)     Dead                           Min: 0, Avg:  0.0, Max: 0, Diff: 0, Sum: 0, Workers: 4
[1393.000s][debug][gc,phases      ] GC(96)     Total                          Min: 0, Avg:  0.0, Max: 0, Diff: 0, Sum: 0, Workers: 4
[1393.000s][debug][gc,phases      ] GC(96)   StringDedup Requests0 Weak     Min:  0.0, Avg:  0.0, Max:  0.0, Diff:  0.0, Sum:  0.0, Workers: 4
[1393.000s][debug][gc,phases      ] GC(96)     Dead                           Min: 0, Avg:  0.0, Max: 0, Diff: 0, Sum: 0, Workers: 4
[1393.000s][debug][gc,phases      ] GC(96)     Total                          Min: 0, Avg:  0.0, Max: 0, Diff: 0, Sum: 0, Workers: 4
[1393.000s][debug][gc,phases      ] GC(96)   StringDedup Requests1 Weak     Min:  0.0, Avg:  0.0, Max:  0.0, Diff:  0.0, Sum:  0.0, Workers: 4
[1393.000s][debug][gc,phases      ] GC(96)     Dead                           Min: 0, Avg:  0.0, Max: 0, Diff: 0, Sum: 0, Workers: 4
[1393.000s][debug][gc,phases      ] GC(96)     Total                          Min: 0, Avg:  0.0, Max: 0, Diff: 0, Sum: 0, Workers: 4
[1393.000s][debug][gc,phases      ] GC(96)   Weak JFR Old Object Samples    Min:  0.0, Avg:  0.0, Max:  0.0, Diff:  0.0, Sum:  0.0, Workers: 4
[1393.000s][debug][gc,phases      ] GC(96)     Dead                           Min: 0, Avg:  0.0, Max: 0, Diff: 0, Sum: 0, Workers: 4
[1393.000s][debug][gc,phases      ] GC(96)     Total                          Min: 0, Avg:  0.0, Max: 0, Diff: 0, Sum: 0, Workers: 4
[1393.000s][debug][gc,phases      ] GC(96) Weak Processing 0.338ms
[1393.000s][debug][gc,age         ] GC(96) Desired survivor size 143130624 bytes, new threshold 15 (max threshold 15)
[1393.000s][info ][gc,heap        ] GC(96) PSYoungGen: 1809472K(1944064K)->14800K(1957376K) Eden: 1794560K(1794560K)->0K(1812480K) From: 14912K(149504K)->14800K(144896K)
[1393.000s][info ][gc,heap        ] GC(96) ParOldGen: 480116K(579584K)->480148K(579584K)
[1393.000s][info ][gc,metaspace   ] GC(96) Metaspace: 91082K(92224K)->91082K(92224K) NonClass: 77959K(78528K)->77959K(78528K) Class: 13122K(13696K)->13122K(13696K)
[1393.000s][info ][gc             ] GC(96) Pause Young (Allocation Failure) 2235M->483M(2477M) 8.542ms
[1393.000s][info ][gc,cpu         ] GC(96) User=0.03s Sys=0.00s Real=0.01s
[1393.000s][info ][safepoint      ] Safepoint "ParallelGCFailedAllocation", Time since last: 522058031 ns, Reaching safepoint: 4300 ns, Cleanup: 3800 ns, At safepoint: 8653157 ns, Total: 8661257 ns
[1395.001s][info ][safepoint      ] Safepoint "Cleanup", Time since last: 2000162859 ns, Reaching safepoint: 59799 ns, Cleanup: 8000 ns, At safepoint: 7300 ns, Total: 75099 ns
[1402.001s][info ][safepoint      ] Safepoint "Cleanup", Time since last: 7000529296 ns, Reaching safepoint: 74100 ns, Cleanup: 9000 ns, At safepoint: 5900 ns, Total: 89000 ns
[1404.001s][info ][safepoint      ] Safepoint "Cleanup", Time since last: 2000170398 ns, Reaching safepoint: 77099 ns, Cleanup: 9000 ns, At safepoint: 4700 ns, Total: 90799 ns
[1406.002s][info ][safepoint      ] Safepoint "Cleanup", Time since last: 2000161298 ns, Reaching safepoint: 30200 ns, Cleanup: 10700 ns, At safepoint: 6700 ns, Total: 47600 ns
[1418.409s][info ][gc,start       ] GC(97) Pause Young (Allocation Failure)
[1418.421s][debug][gc,phases      ] GC(97) Scavenge 11.988ms
[1418.421s][debug][gc,ref         ] GC(97) Skipped phase 1 of Reference Processing: no references
[1418.421s][debug][gc,ref         ] GC(97) ReferenceProcessor::execute queues: 1, RefProcThreadModel::Single, marks_oops_alive: false
[1418.421s][debug][gc,ref         ] GC(97) Skipped phase 3 of Reference Processing: no references
[1418.421s][debug][gc,ref         ] GC(97) ReferenceProcessor::execute queues: 1, RefProcThreadModel::Single, marks_oops_alive: false
[1418.421s][debug][gc,phases      ] GC(97) Reference Processing 0.105ms
[1418.422s][debug][gc,phases      ] GC(97)   VM Weak                        Min:  0.0, Avg:  0.0, Max:  0.0, Diff:  0.0, Sum:  0.0, Workers: 4
[1418.422s][debug][gc,phases      ] GC(97)     Dead                           Min: 0, Avg:  0.0, Max: 0, Diff: 0, Sum: 0, Workers: 4
[1418.422s][debug][gc,phases      ] GC(97)     Total                          Min: 0, Avg: 245.8, Max: 831, Diff: 831, Sum: 983, Workers: 4
[1418.422s][debug][gc,phases      ] GC(97)   ObjectSynchronizer Weak        Min:  0.0, Avg:  0.0, Max:  0.0, Diff:  0.0, Sum:  0.0, Workers: 4
[1418.422s][debug][gc,phases      ] GC(97)     Dead                           Min: 0, Avg:  0.0, Max: 0, Diff: 0, Sum: 0, Workers: 4
[1418.422s][debug][gc,phases      ] GC(97)     Total                          Min: 0, Avg:  1.5, Max: 6, Diff: 6, Sum: 6, Workers: 4
[1418.422s][debug][gc,phases      ] GC(97)   JVMTI Tag Weak OopStorage      Min:  0.0, Avg:  0.0, Max:  0.0, Diff:  0.0, Sum:  0.0, Workers: 4
[1418.422s][debug][gc,phases      ] GC(97)     Dead                           Min: 0, Avg:  0.0, Max: 0, Diff: 0, Sum: 0, Workers: 4
[1418.422s][debug][gc,phases      ] GC(97)     Total                          Min: 0, Avg:  0.0, Max: 0, Diff: 0, Sum: 0, Workers: 4
[1418.422s][debug][gc,phases      ] GC(97)   StringTable Weak               Min:  0.0, Avg:  0.1, Max:  0.2, Diff:  0.2, Sum:  0.4, Workers: 4
[1418.422s][debug][gc,phases      ] GC(97)     Dead                           Min: 0, Avg:  0.0, Max: 0, Diff: 0, Sum: 0, Workers: 4
[1418.422s][debug][gc,phases      ] GC(97)     Total                          Min: 0, Avg: 11296.0, Max: 23936, Diff: 23936, Sum: 45184, Workers: 4
[1418.422s][debug][gc,phases      ] GC(97)   ResolvedMethodTable Weak       Min:  0.0, Avg:  0.0, Max:  0.1, Diff:  0.1, Sum:  0.1, Workers: 4
[1418.422s][debug][gc,phases      ] GC(97)     Dead                           Min: 0, Avg:  0.0, Max: 0, Diff: 0, Sum: 0, Workers: 4
[1418.422s][debug][gc,phases      ] GC(97)     Total                          Min: 0, Avg: 2896.5, Max: 6272, Diff: 6272, Sum: 11586, Workers: 4
[1418.422s][debug][gc,phases      ] GC(97)   JNI Weak                       Min:  0.0, Avg:  0.0, Max:  0.0, Diff:  0.0, Sum:  0.0, Workers: 4
[1418.422s][debug][gc,phases      ] GC(97)     Dead                           Min: 0, Avg:  0.0, Max: 0, Diff: 0, Sum: 0, Workers: 4
[1418.422s][debug][gc,phases      ] GC(97)     Total                          Min: 0, Avg: 12.0, Max: 48, Diff: 48, Sum: 48, Workers: 4
[1418.422s][debug][gc,phases      ] GC(97)   StringDedup Table Weak         Min:  0.0, Avg:  0.0, Max:  0.0, Diff:  0.0, Sum:  0.0, Workers: 4
[1418.422s][debug][gc,phases      ] GC(97)     Dead                           Min: 0, Avg:  0.0, Max: 0, Diff: 0, Sum: 0, Workers: 4
[1418.422s][debug][gc,phases      ] GC(97)     Total                          Min: 0, Avg:  0.0, Max: 0, Diff: 0, Sum: 0, Workers: 4
[1418.422s][debug][gc,phases      ] GC(97)   StringDedup Requests0 Weak     Min:  0.0, Avg:  0.0, Max:  0.0, Diff:  0.0, Sum:  0.0, Workers: 4
[1418.422s][debug][gc,phases      ] GC(97)     Dead                           Min: 0, Avg:  0.0, Max: 0, Diff: 0, Sum: 0, Workers: 4
[1418.422s][debug][gc,phases      ] GC(97)     Total                          Min: 0, Avg:  0.0, Max: 0, Diff: 0, Sum: 0, Workers: 4
[1418.422s][debug][gc,phases      ] GC(97)   StringDedup Requests1 Weak     Min:  0.0, Avg:  0.0, Max:  0.0, Diff:  0.0, Sum:  0.0, Workers: 4
[1418.422s][debug][gc,phases      ] GC(97)     Dead                           Min: 0, Avg:  0.0, Max: 0, Diff: 0, Sum: 0, Workers: 4
[1418.422s][debug][gc,phases      ] GC(97)     Total                          Min: 0, Avg:  0.0, Max: 0, Diff: 0, Sum: 0, Workers: 4
[1418.422s][debug][gc,phases      ] GC(97)   Weak JFR Old Object Samples    Min:  0.0, Avg:  0.0, Max:  0.0, Diff:  0.0, Sum:  0.0, Workers: 4
[1418.422s][debug][gc,phases      ] GC(97)     Dead                           Min: 0, Avg:  0.0, Max: 0, Diff: 0, Sum: 0, Workers: 4
[1418.422s][debug][gc,phases      ] GC(97)     Total                          Min: 0, Avg:  0.0, Max: 0, Diff: 0, Sum: 0, Workers: 4
[1418.422s][debug][gc,phases      ] GC(97) Weak Processing 0.498ms
[1418.422s][debug][gc,age         ] GC(97) Desired survivor size 138412032 bytes, new threshold 15 (max threshold 15)
[1418.422s][info ][gc,heap        ] GC(97) PSYoungGen: 1827280K(1957376K)->13488K(1952256K) Eden: 1812480K(1812480K)->0K(1812480K) From: 14800K(144896K)->13488K(139776K)
[1418.422s][info ][gc,heap        ] GC(97) ParOldGen: 480148K(579584K)->481797K(579584K)
[1418.422s][info ][gc,metaspace   ] GC(97) Metaspace: 91095K(92288K)->91095K(92288K) NonClass: 77972K(78592K)->77972K(78592K) Class: 13122K(13696K)->13122K(13696K)
[1418.422s][info ][gc             ] GC(97) Pause Young (Allocation Failure) 2253M->483M(2472M) 12.743ms
[1418.422s][info ][gc,cpu         ] GC(97) User=0.02s Sys=0.00s Real=0.01s
[1418.422s][info ][safepoint      ] Safepoint "ParallelGCFailedAllocation", Time since last: 12407526788 ns, Reaching safepoint: 4200 ns, Cleanup: 3400 ns, At safepoint: 12820627 ns, Total: 12828227 ns
[1420.422s][info ][safepoint      ] Safepoint "Cleanup", Time since last: 2000145802 ns, Reaching safepoint: 5200 ns, Cleanup: 10300 ns, At safepoint: 26799 ns, Total: 42299 ns
[1442.550s][info ][gc,start       ] GC(98) Pause Young (Allocation Failure)
[1442.560s][debug][gc,phases      ] GC(98) Scavenge 10.441ms
[1442.560s][debug][gc,ref         ] GC(98) Skipped phase 1 of Reference Processing: no references
[1442.560s][debug][gc,ref         ] GC(98) ReferenceProcessor::execute queues: 1, RefProcThreadModel::Single, marks_oops_alive: false
[1442.560s][debug][gc,ref         ] GC(98) Skipped phase 3 of Reference Processing: no references
[1442.560s][debug][gc,ref         ] GC(98) ReferenceProcessor::execute queues: 1, RefProcThreadModel::Single, marks_oops_alive: false
[1442.560s][debug][gc,phases      ] GC(98) Reference Processing 0.079ms
[1442.560s][debug][gc,phases      ] GC(98)   VM Weak                        Min:  0.0, Avg:  0.0, Max:  0.0, Diff:  0.0, Sum:  0.0, Workers: 4
[1442.560s][debug][gc,phases      ] GC(98)     Dead                           Min: 0, Avg:  0.0, Max: 0, Diff: 0, Sum: 0, Workers: 4
[1442.560s][debug][gc,phases      ] GC(98)     Total                          Min: 0, Avg: 245.8, Max: 895, Diff: 895, Sum: 983, Workers: 4
[1442.560s][debug][gc,phases      ] GC(98)   ObjectSynchronizer Weak        Min:  0.0, Avg:  0.0, Max:  0.0, Diff:  0.0, Sum:  0.0, Workers: 4
[1442.560s][debug][gc,phases      ] GC(98)     Dead                           Min: 0, Avg:  0.0, Max: 0, Diff: 0, Sum: 0, Workers: 4
[1442.560s][debug][gc,phases      ] GC(98)     Total                          Min: 0, Avg:  1.2, Max: 5, Diff: 5, Sum: 5, Workers: 4
[1442.560s][debug][gc,phases      ] GC(98)   JVMTI Tag Weak OopStorage      Min:  0.0, Avg:  0.0, Max:  0.0, Diff:  0.0, Sum:  0.0, Workers: 4
[1442.560s][debug][gc,phases      ] GC(98)     Dead                           Min: 0, Avg:  0.0, Max: 0, Diff: 0, Sum: 0, Workers: 4
[1442.560s][debug][gc,phases      ] GC(98)     Total                          Min: 0, Avg:  0.0, Max: 0, Diff: 0, Sum: 0, Workers: 4
[1442.560s][debug][gc,phases      ] GC(98)   StringTable Weak               Min:  0.0, Avg:  0.1, Max:  0.1, Diff:  0.1, Sum:  0.4, Workers: 4
[1442.560s][debug][gc,phases      ] GC(98)     Dead                           Min: 0, Avg:  0.0, Max: 0, Diff: 0, Sum: 0, Workers: 4
[1442.560s][debug][gc,phases      ] GC(98)     Total                          Min: 0, Avg: 11296.0, Max: 19264, Diff: 19264, Sum: 45184, Workers: 4
[1442.560s][debug][gc,phases      ] GC(98)   ResolvedMethodTable Weak       Min:  0.0, Avg:  0.0, Max:  0.0, Diff:  0.0, Sum:  0.1, Workers: 4
[1442.560s][debug][gc,phases      ] GC(98)     Dead                           Min: 0, Avg:  0.0, Max: 0, Diff: 0, Sum: 0, Workers: 4
[1442.560s][debug][gc,phases      ] GC(98)     Total                          Min: 0, Avg: 2896.5, Max: 5055, Diff: 5055, Sum: 11586, Workers: 4
[1442.560s][debug][gc,phases      ] GC(98)   JNI Weak                       Min:  0.0, Avg:  0.0, Max:  0.0, Diff:  0.0, Sum:  0.0, Workers: 4
[1442.560s][debug][gc,phases      ] GC(98)     Dead                           Min: 0, Avg:  0.0, Max: 0, Diff: 0, Sum: 0, Workers: 4
[1442.560s][debug][gc,phases      ] GC(98)     Total                          Min: 0, Avg: 12.0, Max: 48, Diff: 48, Sum: 48, Workers: 4
[1442.560s][debug][gc,phases      ] GC(98)   StringDedup Table Weak         Min:  0.0, Avg:  0.0, Max:  0.0, Diff:  0.0, Sum:  0.0, Workers: 4
[1442.560s][debug][gc,phases      ] GC(98)     Dead                           Min: 0, Avg:  0.0, Max: 0, Diff: 0, Sum: 0, Workers: 4
[1442.560s][debug][gc,phases      ] GC(98)     Total                          Min: 0, Avg:  0.0, Max: 0, Diff: 0, Sum: 0, Workers: 4
[1442.560s][debug][gc,phases      ] GC(98)   StringDedup Requests0 Weak     Min:  0.0, Avg:  0.0, Max:  0.0, Diff:  0.0, Sum:  0.0, Workers: 4
[1442.560s][debug][gc,phases      ] GC(98)     Dead                           Min: 0, Avg:  0.0, Max: 0, Diff: 0, Sum: 0, Workers: 4
[1442.560s][debug][gc,phases      ] GC(98)     Total                          Min: 0, Avg:  0.0, Max: 0, Diff: 0, Sum: 0, Workers: 4
[1442.560s][debug][gc,phases      ] GC(98)   StringDedup Requests1 Weak     Min:  0.0, Avg:  0.0, Max:  0.0, Diff:  0.0, Sum:  0.0, Workers: 4
[1442.560s][debug][gc,phases      ] GC(98)     Dead                           Min: 0, Avg:  0.0, Max: 0, Diff: 0, Sum: 0, Workers: 4
[1442.560s][debug][gc,phases      ] GC(98)     Total                          Min: 0, Avg:  0.0, Max: 0, Diff: 0, Sum: 0, Workers: 4
[1442.560s][debug][gc,phases      ] GC(98)   Weak JFR Old Object Samples    Min:  0.0, Avg:  0.0, Max:  0.0, Diff:  0.0, Sum:  0.0, Workers: 4
[1442.560s][debug][gc,phases      ] GC(98)     Dead                           Min: 0, Avg:  0.0, Max: 0, Diff: 0, Sum: 0, Workers: 4
[1442.560s][debug][gc,phases      ] GC(98)     Total                          Min: 0, Avg:  0.0, Max: 0, Diff: 0, Sum: 0, Workers: 4
[1442.560s][debug][gc,phases      ] GC(98) Weak Processing 0.337ms
[1442.560s][debug][gc,age         ] GC(98) Desired survivor size 133169152 bytes, new threshold 15 (max threshold 15)
[1442.560s][info ][gc,heap        ] GC(98) PSYoungGen: 1825968K(1952256K)->11136K(1967104K) Eden: 1812480K(1812480K)->0K(1831936K) From: 13488K(139776K)->11136K(135168K)
[1442.560s][info ][gc,heap        ] GC(98) ParOldGen: 481797K(579584K)->484232K(579584K)
[1442.560s][info ][gc,metaspace   ] GC(98) Metaspace: 91098K(92288K)->91098K(92288K) NonClass: 77976K(78592K)->77976K(78592K) Class: 13122K(13696K)->13122K(13696K)
[1442.560s][info ][gc             ] GC(98) Pause Young (Allocation Failure) 2253M->483M(2487M) 10.946ms
[1442.560s][info ][gc,cpu         ] GC(98) User=0.03s Sys=0.00s Real=0.01s
[1442.561s][info ][safepoint      ] Safepoint "ParallelGCFailedAllocation", Time since last: 22127189645 ns, Reaching safepoint: 75800 ns, Cleanup: 3600 ns, At safepoint: 11010534 ns, Total: 11089934 ns
[1454.561s][info ][safepoint      ] Safepoint "Cleanup", Time since last: 12000737734 ns, Reaching safepoint: 4700 ns, Cleanup: 8100 ns, At safepoint: 1900 ns, Total: 14700 ns
[1459.562s][info ][safepoint      ] Safepoint "Cleanup", Time since last: 5000331116 ns, Reaching safepoint: 4400 ns, Cleanup: 11800 ns, At safepoint: 5300 ns, Total: 21500 ns
[1466.051s][info ][gc,start       ] GC(99) Pause Young (Allocation Failure)
[1466.058s][debug][gc,phases      ] GC(99) Scavenge 7.527ms
[1466.058s][debug][gc,ref         ] GC(99) Skipped phase 1 of Reference Processing: no references
[1466.058s][debug][gc,ref         ] GC(99) ReferenceProcessor::execute queues: 1, RefProcThreadModel::Single, marks_oops_alive: false
[1466.058s][debug][gc,ref         ] GC(99) Skipped phase 3 of Reference Processing: no references
[1466.058s][debug][gc,ref         ] GC(99) ReferenceProcessor::execute queues: 1, RefProcThreadModel::Single, marks_oops_alive: false
[1466.058s][debug][gc,phases      ] GC(99) Reference Processing 0.089ms
[1466.059s][debug][gc,phases      ] GC(99)   VM Weak                        Min:  0.0, Avg:  0.0, Max:  0.0, Diff:  0.0, Sum:  0.0, Workers: 4
[1466.059s][debug][gc,phases      ] GC(99)     Dead                           Min: 0, Avg:  0.0, Max: 0, Diff: 0, Sum: 0, Workers: 4
[1466.059s][debug][gc,phases      ] GC(99)     Total                          Min: 0, Avg: 245.8, Max: 536, Diff: 536, Sum: 983, Workers: 4
[1466.059s][debug][gc,phases      ] GC(99)   ObjectSynchronizer Weak        Min:  0.0, Avg:  0.0, Max:  0.0, Diff:  0.0, Sum:  0.0, Workers: 4
[1466.059s][debug][gc,phases      ] GC(99)     Dead                           Min: 0, Avg:  0.0, Max: 0, Diff: 0, Sum: 0, Workers: 4
[1466.059s][debug][gc,phases      ] GC(99)     Total                          Min: 0, Avg:  1.5, Max: 6, Diff: 6, Sum: 6, Workers: 4
[1466.059s][debug][gc,phases      ] GC(99)   JVMTI Tag Weak OopStorage      Min:  0.0, Avg:  0.0, Max:  0.0, Diff:  0.0, Sum:  0.0, Workers: 4
[1466.059s][debug][gc,phases      ] GC(99)     Dead                           Min: 0, Avg:  0.0, Max: 0, Diff: 0, Sum: 0, Workers: 4
[1466.059s][debug][gc,phases      ] GC(99)     Total                          Min: 0, Avg:  0.0, Max: 0, Diff: 0, Sum: 0, Workers: 4
[1466.059s][debug][gc,phases      ] GC(99)   StringTable Weak               Min:  0.0, Avg:  0.1, Max:  0.1, Diff:  0.1, Sum:  0.4, Workers: 4
[1466.059s][debug][gc,phases      ] GC(99)     Dead                           Min: 0, Avg:  0.0, Max: 0, Diff: 0, Sum: 0, Workers: 4
[1466.059s][debug][gc,phases      ] GC(99)     Total                          Min: 0, Avg: 11296.0, Max: 18880, Diff: 18880, Sum: 45184, Workers: 4
[1466.059s][debug][gc,phases      ] GC(99)   ResolvedMethodTable Weak       Min:  0.0, Avg:  0.0, Max:  0.0, Diff:  0.0, Sum:  0.1, Workers: 4
[1466.059s][debug][gc,phases      ] GC(99)     Dead                           Min: 0, Avg:  0.0, Max: 0, Diff: 0, Sum: 0, Workers: 4
[1466.059s][debug][gc,phases      ] GC(99)     Total                          Min: 0, Avg: 2896.5, Max: 4994, Diff: 4994, Sum: 11586, Workers: 4
[1466.059s][debug][gc,phases      ] GC(99)   JNI Weak                       Min:  0.0, Avg:  0.0, Max:  0.0, Diff:  0.0, Sum:  0.0, Workers: 4
[1466.059s][debug][gc,phases      ] GC(99)     Dead                           Min: 0, Avg:  0.0, Max: 0, Diff: 0, Sum: 0, Workers: 4
[1466.059s][debug][gc,phases      ] GC(99)     Total                          Min: 0, Avg: 12.0, Max: 48, Diff: 48, Sum: 48, Workers: 4
[1466.059s][debug][gc,phases      ] GC(99)   StringDedup Table Weak         Min:  0.0, Avg:  0.0, Max:  0.0, Diff:  0.0, Sum:  0.0, Workers: 4
[1466.059s][debug][gc,phases      ] GC(99)     Dead                           Min: 0, Avg:  0.0, Max: 0, Diff: 0, Sum: 0, Workers: 4
[1466.059s][debug][gc,phases      ] GC(99)     Total                          Min: 0, Avg:  0.0, Max: 0, Diff: 0, Sum: 0, Workers: 4
[1466.059s][debug][gc,phases      ] GC(99)   StringDedup Requests0 Weak     Min:  0.0, Avg:  0.0, Max:  0.0, Diff:  0.0, Sum:  0.0, Workers: 4
[1466.059s][debug][gc,phases      ] GC(99)     Dead                           Min: 0, Avg:  0.0, Max: 0, Diff: 0, Sum: 0, Workers: 4
[1466.059s][debug][gc,phases      ] GC(99)     Total                          Min: 0, Avg:  0.0, Max: 0, Diff: 0, Sum: 0, Workers: 4
[1466.059s][debug][gc,phases      ] GC(99)   StringDedup Requests1 Weak     Min:  0.0, Avg:  0.0, Max:  0.0, Diff:  0.0, Sum:  0.0, Workers: 4
[1466.059s][debug][gc,phases      ] GC(99)     Dead                           Min: 0, Avg:  0.0, Max: 0, Diff: 0, Sum: 0, Workers: 4
[1466.059s][debug][gc,phases      ] GC(99)     Total                          Min: 0, Avg:  0.0, Max: 0, Diff: 0, Sum: 0, Workers: 4
[1466.059s][debug][gc,phases      ] GC(99)   Weak JFR Old Object Samples    Min:  0.0, Avg:  0.0, Max:  0.0, Diff:  0.0, Sum:  0.0, Workers: 4
[1466.059s][debug][gc,phases      ] GC(99)     Dead                           Min: 0, Avg:  0.0, Max: 0, Diff: 0, Sum: 0, Workers: 4
[1466.059s][debug][gc,phases      ] GC(99)     Total                          Min: 0, Avg:  0.0, Max: 0, Diff: 0, Sum: 0, Workers: 4
[1466.059s][debug][gc,phases      ] GC(99) Weak Processing 0.338ms
[1466.059s][debug][gc,age         ] GC(99) Desired survivor size 128450560 bytes, new threshold 15 (max threshold 15)
[1466.059s][info ][gc,heap        ] GC(99) PSYoungGen: 1843072K(1967104K)->9920K(1961984K) Eden: 1831936K(1831936K)->0K(1831936K) From: 11136K(135168K)->9920K(130048K)
[1466.059s][info ][gc,heap        ] GC(99) ParOldGen: 484232K(579584K)->485510K(579584K)
[1466.059s][info ][gc,metaspace   ] GC(99) Metaspace: 91105K(92288K)->91105K(92288K) NonClass: 77983K(78592K)->77983K(78592K) Class: 13122K(13696K)->13122K(13696K)
[1466.059s][info ][gc             ] GC(99) Pause Young (Allocation Failure) 2272M->483M(2482M) 8.069ms
[1466.059s][info ][gc,cpu         ] GC(99) User=0.03s Sys=0.00s Real=0.01s
[1466.059s][info ][safepoint      ] Safepoint "ParallelGCFailedAllocation", Time since last: 6488946176 ns, Reaching safepoint: 77099 ns, Cleanup: 3600 ns, At safepoint: 8135155 ns, Total: 8215854 ns
[1472.059s][info ][safepoint      ] Safepoint "Cleanup", Time since last: 6000398654 ns, Reaching safepoint: 4800 ns, Cleanup: 9700 ns, At safepoint: 1500 ns, Total: 16000 ns
[1476.060s][info ][safepoint      ] Safepoint "Cleanup", Time since last: 4000270508 ns, Reaching safepoint: 76400 ns, Cleanup: 9400 ns, At safepoint: 6200 ns, Total: 92000 ns
[1490.672s][info ][gc,start       ] GC(100) Pause Young (Allocation Failure)
[1490.681s][debug][gc,phases      ] GC(100) Scavenge 9.039ms
[1490.681s][debug][gc,ref         ] GC(100) Skipped phase 1 of Reference Processing: no references
[1490.681s][debug][gc,ref         ] GC(100) ReferenceProcessor::execute queues: 1, RefProcThreadModel::Single, marks_oops_alive: false
[1490.681s][debug][gc,ref         ] GC(100) Skipped phase 3 of Reference Processing: no references
[1490.681s][debug][gc,ref         ] GC(100) Skipped phase 4 of Reference Processing: no references
[1490.681s][debug][gc,phases      ] GC(100) Reference Processing 0.104ms
[1490.681s][debug][gc,phases      ] GC(100)   VM Weak                        Min:  0.0, Avg:  0.0, Max:  0.0, Diff:  0.0, Sum:  0.0, Workers: 4
[1490.681s][debug][gc,phases      ] GC(100)     Dead                           Min: 0, Avg:  0.0, Max: 0, Diff: 0, Sum: 0, Workers: 4
[1490.681s][debug][gc,phases      ] GC(100)     Total                          Min: 0, Avg: 245.8, Max: 511, Diff: 511, Sum: 983, Workers: 4
[1490.681s][debug][gc,phases      ] GC(100)   ObjectSynchronizer Weak        Min:  0.0, Avg:  0.0, Max:  0.0, Diff:  0.0, Sum:  0.0, Workers: 4
[1490.681s][debug][gc,phases      ] GC(100)     Dead                           Min: 0, Avg:  0.0, Max: 0, Diff: 0, Sum: 0, Workers: 4
[1490.681s][debug][gc,phases      ] GC(100)     Total                          Min: 0, Avg:  1.5, Max: 6, Diff: 6, Sum: 6, Workers: 4
[1490.681s][debug][gc,phases      ] GC(100)   JVMTI Tag Weak OopStorage      Min:  0.0, Avg:  0.0, Max:  0.0, Diff:  0.0, Sum:  0.0, Workers: 4
[1490.681s][debug][gc,phases      ] GC(100)     Dead                           Min: 0, Avg:  0.0, Max: 0, Diff: 0, Sum: 0, Workers: 4
[1490.681s][debug][gc,phases      ] GC(100)     Total                          Min: 0, Avg:  0.0, Max: 0, Diff: 0, Sum: 0, Workers: 4
[1490.681s][debug][gc,phases      ] GC(100)   StringTable Weak               Min:  0.0, Avg:  0.1, Max:  0.1, Diff:  0.1, Sum:  0.4, Workers: 4
[1490.681s][debug][gc,phases      ] GC(100)     Dead                           Min: 0, Avg:  0.0, Max: 0, Diff: 0, Sum: 0, Workers: 4
[1490.681s][debug][gc,phases      ] GC(100)     Total                          Min: 0, Avg: 11296.0, Max: 19328, Diff: 19328, Sum: 45184, Workers: 4
[1490.681s][debug][gc,phases      ] GC(100)   ResolvedMethodTable Weak       Min:  0.0, Avg:  0.0, Max:  0.0, Diff:  0.0, Sum:  0.1, Workers: 4
[1490.681s][debug][gc,phases      ] GC(100)     Dead                           Min: 0, Avg:  0.0, Max: 0, Diff: 0, Sum: 0, Workers: 4
[1490.681s][debug][gc,phases      ] GC(100)     Total                          Min: 0, Avg: 2896.5, Max: 5250, Diff: 5250, Sum: 11586, Workers: 4
[1490.681s][debug][gc,phases      ] GC(100)   JNI Weak                       Min:  0.0, Avg:  0.0, Max:  0.0, Diff:  0.0, Sum:  0.0, Workers: 4
[1490.681s][debug][gc,phases      ] GC(100)     Dead                           Min: 0, Avg:  0.0, Max: 0, Diff: 0, Sum: 0, Workers: 4
[1490.681s][debug][gc,phases      ] GC(100)     Total                          Min: 0, Avg: 12.0, Max: 48, Diff: 48, Sum: 48, Workers: 4
[1490.681s][debug][gc,phases      ] GC(100)   StringDedup Table Weak         Min:  0.0, Avg:  0.0, Max:  0.0, Diff:  0.0, Sum:  0.0, Workers: 4
[1490.681s][debug][gc,phases      ] GC(100)     Dead                           Min: 0, Avg:  0.0, Max: 0, Diff: 0, Sum: 0, Workers: 4
[1490.681s][debug][gc,phases      ] GC(100)     Total                          Min: 0, Avg:  0.0, Max: 0, Diff: 0, Sum: 0, Workers: 4
[1490.681s][debug][gc,phases      ] GC(100)   StringDedup Requests0 Weak     Min:  0.0, Avg:  0.0, Max:  0.0, Diff:  0.0, Sum:  0.0, Workers: 4
[1490.681s][debug][gc,phases      ] GC(100)     Dead                           Min: 0, Avg:  0.0, Max: 0, Diff: 0, Sum: 0, Workers: 4
[1490.681s][debug][gc,phases      ] GC(100)     Total                          Min: 0, Avg:  0.0, Max: 0, Diff: 0, Sum: 0, Workers: 4
[1490.681s][debug][gc,phases      ] GC(100)   StringDedup Requests1 Weak     Min:  0.0, Avg:  0.0, Max:  0.0, Diff:  0.0, Sum:  0.0, Workers: 4
[1490.681s][debug][gc,phases      ] GC(100)     Dead                           Min: 0, Avg:  0.0, Max: 0, Diff: 0, Sum: 0, Workers: 4
[1490.681s][debug][gc,phases      ] GC(100)     Total                          Min: 0, Avg:  0.0, Max: 0, Diff: 0, Sum: 0, Workers: 4
[1490.681s][debug][gc,phases      ] GC(100)   Weak JFR Old Object Samples    Min:  0.0, Avg:  0.0, Max:  0.0, Diff:  0.0, Sum:  0.0, Workers: 4
[1490.681s][debug][gc,phases      ] GC(100)     Dead                           Min: 0, Avg:  0.0, Max: 0, Diff: 0, Sum: 0, Workers: 4
[1490.681s][debug][gc,phases      ] GC(100)     Total                          Min: 0, Avg:  0.0, Max: 0, Diff: 0, Sum: 0, Workers: 4
[1490.681s][debug][gc,phases      ] GC(100) Weak Processing 0.357ms
[1490.681s][debug][gc,age         ] GC(100) Desired survivor size 123207680 bytes, new threshold 15 (max threshold 15)
[1490.681s][info ][gc,heap        ] GC(100) PSYoungGen: 1841856K(1961984K)->8816K(1976832K) Eden: 1831936K(1831936K)->0K(1851392K) From: 9920K(130048K)->8816K(125440K)
[1490.681s][info ][gc,heap        ] GC(100) ParOldGen: 485510K(579584K)->486378K(579584K)
[1490.681s][info ][gc,metaspace   ] GC(100) Metaspace: 91106K(92288K)->91106K(92288K) NonClass: 77983K(78592K)->77983K(78592K) Class: 13122K(13696K)->13122K(13696K)
[1490.681s][info ][gc             ] GC(100) Pause Young (Allocation Failure) 2272M->483M(2496M) 9.609ms
[1490.681s][info ][gc,cpu         ] GC(100) User=0.03s Sys=0.00s Real=0.01s
[1490.682s][info ][safepoint      ] Safepoint "ParallelGCFailedAllocation", Time since last: 14612244257 ns, Reaching safepoint: 4300 ns, Cleanup: 3500 ns, At safepoint: 9683846 ns, Total: 9691646 ns
[1492.682s][info ][safepoint      ] Safepoint "Cleanup", Time since last: 2000160758 ns, Reaching safepoint: 6100 ns, Cleanup: 10200 ns, At safepoint: 2200 ns, Total: 18500 ns
[1493.682s][info ][safepoint      ] Safepoint "Cleanup", Time since last: 1000093329 ns, Reaching safepoint: 4100 ns, Cleanup: 9900 ns, At safepoint: 1800 ns, Total: 15800 ns
[1494.682s][info ][safepoint      ] Safepoint "Cleanup", Time since last: 1000095328 ns, Reaching safepoint: 4900 ns, Cleanup: 8300 ns, At safepoint: 2000 ns, Total: 15200 ns
[1495.682s][info ][safepoint      ] Safepoint "Cleanup", Time since last: 1000109829 ns, Reaching safepoint: 4400 ns, Cleanup: 7900 ns, At safepoint: 1700 ns, Total: 14000 ns
[1506.499s][info ][safepoint      ] Safepoint "Cleanup", Time since last: 10817173729 ns, Reaching safepoint: 77800 ns, Cleanup: 11800 ns, At safepoint: 5600 ns, Total: 95200 ns
[1510.500s][info ][safepoint      ] Safepoint "Cleanup", Time since last: 4000309991 ns, Reaching safepoint: 60799 ns, Cleanup: 12600 ns, At safepoint: 6200 ns, Total: 79599 ns
[1511.500s][info ][safepoint      ] Safepoint "Cleanup", Time since last: 1000098998 ns, Reaching safepoint: 71799 ns, Cleanup: 9000 ns, At safepoint: 4200 ns, Total: 84999 ns
[1516.449s][info ][gc,start       ] GC(101) Pause Young (Allocation Failure)
[1516.456s][debug][gc,phases      ] GC(101) Scavenge 6.612ms
[1516.456s][debug][gc,ref         ] GC(101) Skipped phase 1 of Reference Processing: no references
[1516.456s][debug][gc,ref         ] GC(101) ReferenceProcessor::execute queues: 1, RefProcThreadModel::Single, marks_oops_alive: false
[1516.456s][debug][gc,ref         ] GC(101) Skipped phase 3 of Reference Processing: no references
[1516.456s][debug][gc,ref         ] GC(101) Skipped phase 4 of Reference Processing: no references
[1516.456s][debug][gc,phases      ] GC(101) Reference Processing 0.088ms
[1516.456s][debug][gc,phases      ] GC(101)   VM Weak                        Min:  0.0, Avg:  0.0, Max:  0.0, Diff:  0.0, Sum:  0.0, Workers: 4
[1516.456s][debug][gc,phases      ] GC(101)     Dead                           Min: 0, Avg:  0.0, Max: 0, Diff: 0, Sum: 0, Workers: 4
[1516.456s][debug][gc,phases      ] GC(101)     Total                          Min: 0, Avg: 245.8, Max: 576, Diff: 576, Sum: 983, Workers: 4
[1516.456s][debug][gc,phases      ] GC(101)   ObjectSynchronizer Weak        Min:  0.0, Avg:  0.0, Max:  0.0, Diff:  0.0, Sum:  0.0, Workers: 4
[1516.456s][debug][gc,phases      ] GC(101)     Dead                           Min: 0, Avg:  0.0, Max: 0, Diff: 0, Sum: 0, Workers: 4
[1516.456s][debug][gc,phases      ] GC(101)     Total                          Min: 0, Avg:  1.5, Max: 6, Diff: 6, Sum: 6, Workers: 4
[1516.456s][debug][gc,phases      ] GC(101)   JVMTI Tag Weak OopStorage      Min:  0.0, Avg:  0.0, Max:  0.0, Diff:  0.0, Sum:  0.0, Workers: 4
[1516.456s][debug][gc,phases      ] GC(101)     Dead                           Min: 0, Avg:  0.0, Max: 0, Diff: 0, Sum: 0, Workers: 4
[1516.456s][debug][gc,phases      ] GC(101)     Total                          Min: 0, Avg:  0.0, Max: 0, Diff: 0, Sum: 0, Workers: 4
[1516.456s][debug][gc,phases      ] GC(101)   StringTable Weak               Min:  0.0, Avg:  0.1, Max:  0.1, Diff:  0.1, Sum:  0.4, Workers: 4
[1516.456s][debug][gc,phases      ] GC(101)     Dead                           Min: 0, Avg:  0.0, Max: 0, Diff: 0, Sum: 0, Workers: 4
[1516.456s][debug][gc,phases      ] GC(101)     Total                          Min: 0, Avg: 11296.0, Max: 17984, Diff: 17984, Sum: 45184, Workers: 4
[1516.456s][debug][gc,phases      ] GC(101)   ResolvedMethodTable Weak       Min:  0.0, Avg:  0.0, Max:  0.0, Diff:  0.0, Sum:  0.1, Workers: 4
[1516.456s][debug][gc,phases      ] GC(101)     Dead                           Min: 0, Avg:  0.0, Max: 0, Diff: 0, Sum: 0, Workers: 4
[1516.456s][debug][gc,phases      ] GC(101)     Total                          Min: 0, Avg: 2896.5, Max: 5119, Diff: 5119, Sum: 11586, Workers: 4
[1516.456s][debug][gc,phases      ] GC(101)   JNI Weak                       Min:  0.0, Avg:  0.0, Max:  0.0, Diff:  0.0, Sum:  0.0, Workers: 4
[1516.456s][debug][gc,phases      ] GC(101)     Dead                           Min: 0, Avg:  0.0, Max: 0, Diff: 0, Sum: 0, Workers: 4
[1516.456s][debug][gc,phases      ] GC(101)     Total                          Min: 0, Avg: 12.0, Max: 48, Diff: 48, Sum: 48, Workers: 4
[1516.456s][debug][gc,phases      ] GC(101)   StringDedup Table Weak         Min:  0.0, Avg:  0.0, Max:  0.0, Diff:  0.0, Sum:  0.0, Workers: 4
[1516.456s][debug][gc,phases      ] GC(101)     Dead                           Min: 0, Avg:  0.0, Max: 0, Diff: 0, Sum: 0, Workers: 4
[1516.456s][debug][gc,phases      ] GC(101)     Total                          Min: 0, Avg:  0.0, Max: 0, Diff: 0, Sum: 0, Workers: 4
[1516.456s][debug][gc,phases      ] GC(101)   StringDedup Requests0 Weak     Min:  0.0, Avg:  0.0, Max:  0.0, Diff:  0.0, Sum:  0.0, Workers: 4
[1516.456s][debug][gc,phases      ] GC(101)     Dead                           Min: 0, Avg:  0.0, Max: 0, Diff: 0, Sum: 0, Workers: 4
[1516.456s][debug][gc,phases      ] GC(101)     Total                          Min: 0, Avg:  0.0, Max: 0, Diff: 0, Sum: 0, Workers: 4
[1516.456s][debug][gc,phases      ] GC(101)   StringDedup Requests1 Weak     Min:  0.0, Avg:  0.0, Max:  0.0, Diff:  0.0, Sum:  0.0, Workers: 4
[1516.456s][debug][gc,phases      ] GC(101)     Dead                           Min: 0, Avg:  0.0, Max: 0, Diff: 0, Sum: 0, Workers: 4
[1516.456s][debug][gc,phases      ] GC(101)     Total                          Min: 0, Avg:  0.0, Max: 0, Diff: 0, Sum: 0, Workers: 4
[1516.456s][debug][gc,phases      ] GC(101)   Weak JFR Old Object Samples    Min:  0.0, Avg:  0.0, Max:  0.0, Diff:  0.0, Sum:  0.0, Workers: 4
[1516.456s][debug][gc,phases      ] GC(101)     Dead                           Min: 0, Avg:  0.0, Max: 0, Diff: 0, Sum: 0, Workers: 4
[1516.456s][debug][gc,phases      ] GC(101)     Total                          Min: 0, Avg:  0.0, Max: 0, Diff: 0, Sum: 0, Workers: 4
[1516.456s][debug][gc,phases      ] GC(101) Weak Processing 0.350ms
[1516.456s][debug][gc,age         ] GC(101) Desired survivor size 117964800 bytes, new threshold 15 (max threshold 15)
[1516.456s][info ][gc,heap        ] GC(101) PSYoungGen: 1860208K(1976832K)->8896K(1971712K) Eden: 1851392K(1851392K)->0K(1851392K) From: 8816K(125440K)->8896K(120320K)
[1516.456s][info ][gc,heap        ] GC(101) ParOldGen: 486378K(579584K)->486442K(579584K)
[1516.456s][info ][gc,metaspace   ] GC(101) Metaspace: 91108K(92288K)->91108K(92288K) NonClass: 77985K(78592K)->77985K(78592K) Class: 13122K(13696K)->13122K(13696K)
[1516.456s][info ][gc             ] GC(101) Pause Young (Allocation Failure) 2291M->483M(2491M) 7.159ms
[1516.456s][info ][gc,cpu         ] GC(101) User=0.03s Sys=0.00s Real=0.01s
[1516.456s][info ][safepoint      ] Safepoint "ParallelGCFailedAllocation", Time since last: 4949050332 ns, Reaching safepoint: 74800 ns, Cleanup: 3900 ns, At safepoint: 7233758 ns, Total: 7312458 ns
[1517.456s][info ][safepoint      ] Safepoint "Cleanup", Time since last: 1000090485 ns, Reaching safepoint: 54899 ns, Cleanup: 25800 ns, At safepoint: 6400 ns, Total: 87099 ns
[1518.457s][info ][safepoint      ] Safepoint "Cleanup", Time since last: 1000096885 ns, Reaching safepoint: 76499 ns, Cleanup: 14100 ns, At safepoint: 5500 ns, Total: 96099 ns
[1520.457s][info ][safepoint      ] Safepoint "Cleanup", Time since last: 2000154999 ns, Reaching safepoint: 72499 ns, Cleanup: 12500 ns, At safepoint: 5300 ns, Total: 90299 ns
[1521.457s][info ][safepoint      ] Safepoint "Cleanup", Time since last: 1000101896 ns, Reaching safepoint: 77800 ns, Cleanup: 7100 ns, At safepoint: 6300 ns, Total: 91200 ns
[1522.457s][info ][safepoint      ] Safepoint "Cleanup", Time since last: 1000110196 ns, Reaching safepoint: 75099 ns, Cleanup: 8800 ns, At safepoint: 6400 ns, Total: 90299 ns
[1523.457s][info ][safepoint      ] Safepoint "Cleanup", Time since last: 1000100496 ns, Reaching safepoint: 77100 ns, Cleanup: 9600 ns, At safepoint: 6100 ns, Total: 92800 ns
[1525.458s][info ][safepoint      ] Safepoint "Cleanup", Time since last: 2000173792 ns, Reaching safepoint: 4200 ns, Cleanup: 8800 ns, At safepoint: 2100 ns, Total: 15100 ns
[1530.458s][info ][safepoint      ] Safepoint "Cleanup", Time since last: 5000371583 ns, Reaching safepoint: 75299 ns, Cleanup: 9100 ns, At safepoint: 20200 ns, Total: 104599 ns
[1534.458s][info ][safepoint      ] Safepoint "Cleanup", Time since last: 4000281966 ns, Reaching safepoint: 72999 ns, Cleanup: 9100 ns, At safepoint: 5500 ns, Total: 87599 ns
[1541.850s][info ][gc,start       ] GC(102) Pause Young (Allocation Failure)
[1541.859s][debug][gc,phases      ] GC(102) Scavenge 9.120ms
[1541.859s][debug][gc,ref         ] GC(102) Skipped phase 1 of Reference Processing: no references
[1541.859s][debug][gc,ref         ] GC(102) ReferenceProcessor::execute queues: 1, RefProcThreadModel::Single, marks_oops_alive: false
[1541.859s][debug][gc,ref         ] GC(102) Skipped phase 3 of Reference Processing: no references
[1541.859s][debug][gc,ref         ] GC(102) ReferenceProcessor::execute queues: 1, RefProcThreadModel::Single, marks_oops_alive: false
[1541.859s][debug][gc,phases      ] GC(102) Reference Processing 0.078ms
[1541.859s][debug][gc,phases      ] GC(102)   VM Weak                        Min:  0.0, Avg:  0.0, Max:  0.0, Diff:  0.0, Sum:  0.0, Workers: 4
[1541.859s][debug][gc,phases      ] GC(102)     Dead                           Min: 0, Avg:  0.0, Max: 0, Diff: 0, Sum: 0, Workers: 4
[1541.859s][debug][gc,phases      ] GC(102)     Total                          Min: 0, Avg: 245.8, Max: 639, Diff: 639, Sum: 983, Workers: 4
[1541.859s][debug][gc,phases      ] GC(102)   ObjectSynchronizer Weak        Min:  0.0, Avg:  0.0, Max:  0.0, Diff:  0.0, Sum:  0.0, Workers: 4
[1541.859s][debug][gc,phases      ] GC(102)     Dead                           Min: 0, Avg:  0.0, Max: 0, Diff: 0, Sum: 0, Workers: 4
[1541.859s][debug][gc,phases      ] GC(102)     Total                          Min: 0, Avg:  1.5, Max: 6, Diff: 6, Sum: 6, Workers: 4
[1541.859s][debug][gc,phases      ] GC(102)   JVMTI Tag Weak OopStorage      Min:  0.0, Avg:  0.0, Max:  0.0, Diff:  0.0, Sum:  0.0, Workers: 4
[1541.859s][debug][gc,phases      ] GC(102)     Dead                           Min: 0, Avg:  0.0, Max: 0, Diff: 0, Sum: 0, Workers: 4
[1541.859s][debug][gc,phases      ] GC(102)     Total                          Min: 0, Avg:  0.0, Max: 0, Diff: 0, Sum: 0, Workers: 4
[1541.859s][debug][gc,phases      ] GC(102)   StringTable Weak               Min:  0.0, Avg:  0.1, Max:  0.1, Diff:  0.1, Sum:  0.4, Workers: 4
[1541.859s][debug][gc,phases      ] GC(102)     Dead                           Min: 0, Avg:  0.0, Max: 0, Diff: 0, Sum: 0, Workers: 4
[1541.859s][debug][gc,phases      ] GC(102)     Total                          Min: 0, Avg: 11296.5, Max: 20482, Diff: 20482, Sum: 45186, Workers: 4
[1541.859s][debug][gc,phases      ] GC(102)   ResolvedMethodTable Weak       Min:  0.0, Avg:  0.0, Max:  0.0, Diff:  0.0, Sum:  0.1, Workers: 4
[1541.859s][debug][gc,phases      ] GC(102)     Dead                           Min: 0, Avg:  0.0, Max: 0, Diff: 0, Sum: 0, Workers: 4
[1541.859s][debug][gc,phases      ] GC(102)     Total                          Min: 0, Avg: 2896.5, Max: 5187, Diff: 5187, Sum: 11586, Workers: 4
[1541.859s][debug][gc,phases      ] GC(102)   JNI Weak                       Min:  0.0, Avg:  0.0, Max:  0.0, Diff:  0.0, Sum:  0.0, Workers: 4
[1541.859s][debug][gc,phases      ] GC(102)     Dead                           Min: 0, Avg:  0.0, Max: 0, Diff: 0, Sum: 0, Workers: 4
[1541.859s][debug][gc,phases      ] GC(102)     Total                          Min: 0, Avg: 12.0, Max: 48, Diff: 48, Sum: 48, Workers: 4
[1541.859s][debug][gc,phases      ] GC(102)   StringDedup Table Weak         Min:  0.0, Avg:  0.0, Max:  0.0, Diff:  0.0, Sum:  0.0, Workers: 4
[1541.859s][debug][gc,phases      ] GC(102)     Dead                           Min: 0, Avg:  0.0, Max: 0, Diff: 0, Sum: 0, Workers: 4
[1541.859s][debug][gc,phases      ] GC(102)     Total                          Min: 0, Avg:  0.0, Max: 0, Diff: 0, Sum: 0, Workers: 4
[1541.859s][debug][gc,phases      ] GC(102)   StringDedup Requests0 Weak     Min:  0.0, Avg:  0.0, Max:  0.0, Diff:  0.0, Sum:  0.0, Workers: 4
[1541.859s][debug][gc,phases      ] GC(102)     Dead                           Min: 0, Avg:  0.0, Max: 0, Diff: 0, Sum: 0, Workers: 4
[1541.859s][debug][gc,phases      ] GC(102)     Total                          Min: 0, Avg:  0.0, Max: 0, Diff: 0, Sum: 0, Workers: 4
[1541.859s][debug][gc,phases      ] GC(102)   StringDedup Requests1 Weak     Min:  0.0, Avg:  0.0, Max:  0.0, Diff:  0.0, Sum:  0.0, Workers: 4
[1541.859s][debug][gc,phases      ] GC(102)     Dead                           Min: 0, Avg:  0.0, Max: 0, Diff: 0, Sum: 0, Workers: 4
[1541.859s][debug][gc,phases      ] GC(102)     Total                          Min: 0, Avg:  0.0, Max: 0, Diff: 0, Sum: 0, Workers: 4
[1541.859s][debug][gc,phases      ] GC(102)   Weak JFR Old Object Samples    Min:  0.0, Avg:  0.0, Max:  0.0, Diff:  0.0, Sum:  0.0, Workers: 4
[1541.859s][debug][gc,phases      ] GC(102)     Dead                           Min: 0, Avg:  0.0, Max: 0, Diff: 0, Sum: 0, Workers: 4
[1541.859s][debug][gc,phases      ] GC(102)     Total                          Min: 0, Avg:  0.0, Max: 0, Diff: 0, Sum: 0, Workers: 4
[1541.859s][debug][gc,phases      ] GC(102) Weak Processing 0.351ms
[1541.859s][debug][gc,age         ] GC(102) Desired survivor size 112721920 bytes, new threshold 15 (max threshold 15)
[1541.859s][info ][gc,heap        ] GC(102) PSYoungGen: 1860288K(1971712K)->8752K(1987072K) Eden: 1851392K(1851392K)->0K(1871872K) From: 8896K(120320K)->8752K(115200K)
[1541.859s][info ][gc,heap        ] GC(102) ParOldGen: 486442K(579584K)->486666K(579584K)
[1541.859s][info ][gc,metaspace   ] GC(102) Metaspace: 91150K(92352K)->91150K(92352K) NonClass: 78027K(78656K)->78027K(78656K) Class: 13122K(13696K)->13122K(13696K)
[1541.859s][info ][gc             ] GC(102) Pause Young (Allocation Failure) 2291M->483M(2506M) 9.657ms
[1541.859s][info ][gc,cpu         ] GC(102) User=0.02s Sys=0.00s Real=0.01s
[1541.859s][info ][safepoint      ] Safepoint "ParallelGCFailedAllocation", Time since last: 7390965609 ns, Reaching safepoint: 77400 ns, Cleanup: 4000 ns, At safepoint: 9718943 ns, Total: 9800343 ns
[1550.860s][info ][safepoint      ] Safepoint "Cleanup", Time since last: 9000609180 ns, Reaching safepoint: 76300 ns, Cleanup: 9400 ns, At safepoint: 6600 ns, Total: 92300 ns
[1553.860s][info ][safepoint      ] Safepoint "Cleanup", Time since last: 3000227450 ns, Reaching safepoint: 5200 ns, Cleanup: 12600 ns, At safepoint: 5800 ns, Total: 23600 ns
[1556.861s][info ][safepoint      ] Safepoint "Cleanup", Time since last: 3000260173 ns, Reaching safepoint: 80200 ns, Cleanup: 8800 ns, At safepoint: 6300 ns, Total: 95300 ns
[1564.515s][info ][safepoint      ] Safepoint "Cleanup", Time since last: 7654026996 ns, Reaching safepoint: 4800 ns, Cleanup: 18300 ns, At safepoint: 1700 ns, Total: 24800 ns
[1567.250s][info ][gc,start       ] GC(103) Pause Young (Allocation Failure)
[1567.257s][debug][gc,phases      ] GC(103) Scavenge 6.923ms
[1567.257s][debug][gc,ref         ] GC(103) Skipped phase 1 of Reference Processing: no references
[1567.257s][debug][gc,ref         ] GC(103) ReferenceProcessor::execute queues: 1, RefProcThreadModel::Single, marks_oops_alive: false
[1567.257s][debug][gc,ref         ] GC(103) Skipped phase 3 of Reference Processing: no references
[1567.257s][debug][gc,ref         ] GC(103) ReferenceProcessor::execute queues: 1, RefProcThreadModel::Single, marks_oops_alive: false
[1567.257s][debug][gc,phases      ] GC(103) Reference Processing 0.103ms
[1567.257s][debug][gc,phases      ] GC(103)   VM Weak                        Min:  0.0, Avg:  0.0, Max:  0.0, Diff:  0.0, Sum:  0.0, Workers: 4
[1567.257s][debug][gc,phases      ] GC(103)     Dead                           Min: 0, Avg:  0.0, Max: 0, Diff: 0, Sum: 0, Workers: 4
[1567.257s][debug][gc,phases      ] GC(103)     Total                          Min: 0, Avg: 245.8, Max: 728, Diff: 728, Sum: 983, Workers: 4
[1567.257s][debug][gc,phases      ] GC(103)   ObjectSynchronizer Weak        Min:  0.0, Avg:  0.0, Max:  0.0, Diff:  0.0, Sum:  0.0, Workers: 4
[1567.257s][debug][gc,phases      ] GC(103)     Dead                           Min: 0, Avg:  0.0, Max: 0, Diff: 0, Sum: 0, Workers: 4
[1567.257s][debug][gc,phases      ] GC(103)     Total                          Min: 0, Avg:  1.5, Max: 6, Diff: 6, Sum: 6, Workers: 4
[1567.257s][debug][gc,phases      ] GC(103)   JVMTI Tag Weak OopStorage      Min:  0.0, Avg:  0.0, Max:  0.0, Diff:  0.0, Sum:  0.0, Workers: 4
[1567.257s][debug][gc,phases      ] GC(103)     Dead                           Min: 0, Avg:  0.0, Max: 0, Diff: 0, Sum: 0, Workers: 4
[1567.257s][debug][gc,phases      ] GC(103)     Total                          Min: 0, Avg:  0.0, Max: 0, Diff: 0, Sum: 0, Workers: 4
[1567.257s][debug][gc,phases      ] GC(103)   StringTable Weak               Min:  0.0, Avg:  0.1, Max:  0.1, Diff:  0.1, Sum:  0.4, Workers: 4
[1567.257s][debug][gc,phases      ] GC(103)     Dead                           Min: 0, Avg:  0.0, Max: 0, Diff: 0, Sum: 0, Workers: 4
[1567.257s][debug][gc,phases      ] GC(103)     Total                          Min: 0, Avg: 11296.5, Max: 19392, Diff: 19392, Sum: 45186, Workers: 4
[1567.257s][debug][gc,phases      ] GC(103)   ResolvedMethodTable Weak       Min:  0.0, Avg:  0.0, Max:  0.0, Diff:  0.0, Sum:  0.1, Workers: 4
[1567.257s][debug][gc,phases      ] GC(103)     Dead                           Min: 0, Avg:  0.0, Max: 0, Diff: 0, Sum: 0, Workers: 4
[1567.257s][debug][gc,phases      ] GC(103)     Total                          Min: 0, Avg: 2896.5, Max: 5055, Diff: 5055, Sum: 11586, Workers: 4
[1567.257s][debug][gc,phases      ] GC(103)   JNI Weak                       Min:  0.0, Avg:  0.0, Max:  0.0, Diff:  0.0, Sum:  0.0, Workers: 4
[1567.257s][debug][gc,phases      ] GC(103)     Dead                           Min: 0, Avg:  0.0, Max: 0, Diff: 0, Sum: 0, Workers: 4
[1567.257s][debug][gc,phases      ] GC(103)     Total                          Min: 0, Avg: 12.0, Max: 48, Diff: 48, Sum: 48, Workers: 4
[1567.257s][debug][gc,phases      ] GC(103)   StringDedup Table Weak         Min:  0.0, Avg:  0.0, Max:  0.0, Diff:  0.0, Sum:  0.0, Workers: 4
[1567.257s][debug][gc,phases      ] GC(103)     Dead                           Min: 0, Avg:  0.0, Max: 0, Diff: 0, Sum: 0, Workers: 4
[1567.257s][debug][gc,phases      ] GC(103)     Total                          Min: 0, Avg:  0.0, Max: 0, Diff: 0, Sum: 0, Workers: 4
[1567.257s][debug][gc,phases      ] GC(103)   StringDedup Requests0 Weak     Min:  0.0, Avg:  0.0, Max:  0.0, Diff:  0.0, Sum:  0.0, Workers: 4
[1567.257s][debug][gc,phases      ] GC(103)     Dead                           Min: 0, Avg:  0.0, Max: 0, Diff: 0, Sum: 0, Workers: 4
[1567.257s][debug][gc,phases      ] GC(103)     Total                          Min: 0, Avg:  0.0, Max: 0, Diff: 0, Sum: 0, Workers: 4
[1567.257s][debug][gc,phases      ] GC(103)   StringDedup Requests1 Weak     Min:  0.0, Avg:  0.0, Max:  0.0, Diff:  0.0, Sum:  0.0, Workers: 4
[1567.257s][debug][gc,phases      ] GC(103)     Dead                           Min: 0, Avg:  0.0, Max: 0, Diff: 0, Sum: 0, Workers: 4
[1567.257s][debug][gc,phases      ] GC(103)     Total                          Min: 0, Avg:  0.0, Max: 0, Diff: 0, Sum: 0, Workers: 4
[1567.257s][debug][gc,phases      ] GC(103)   Weak JFR Old Object Samples    Min:  0.0, Avg:  0.0, Max:  0.0, Diff:  0.0, Sum:  0.0, Workers: 4
[1567.257s][debug][gc,phases      ] GC(103)     Dead                           Min: 0, Avg:  0.0, Max: 0, Diff: 0, Sum: 0, Workers: 4
[1567.257s][debug][gc,phases      ] GC(103)     Total                          Min: 0, Avg:  0.0, Max: 0, Diff: 0, Sum: 0, Workers: 4
[1567.257s][debug][gc,phases      ] GC(103) Weak Processing 0.336ms
[1567.257s][debug][gc,age         ] GC(103) Desired survivor size 107479040 bytes, new threshold 15 (max threshold 15)
[1567.257s][info ][gc,heap        ] GC(103) PSYoungGen: 1880624K(1987072K)->8016K(1981952K) Eden: 1871872K(1871872K)->0K(1871872K) From: 8752K(115200K)->8016K(110080K)
[1567.257s][info ][gc,heap        ] GC(103) ParOldGen: 486666K(579584K)->487463K(579584K)
[1567.257s][info ][gc,metaspace   ] GC(103) Metaspace: 91167K(92416K)->91167K(92416K) NonClass: 78045K(78720K)->78045K(78720K) Class: 13122K(13696K)->13122K(13696K)
[1567.257s][info ][gc             ] GC(103) Pause Young (Allocation Failure) 2311M->483M(2501M) 7.471ms
[1567.257s][info ][gc,cpu         ] GC(103) User=0.02s Sys=0.00s Real=0.01s
[1567.257s][info ][safepoint      ] Safepoint "ParallelGCFailedAllocation", Time since last: 2735195055 ns, Reaching safepoint: 77500 ns, Cleanup: 3600 ns, At safepoint: 7535557 ns, Total: 7616657 ns
[1578.258s][info ][safepoint      ] Safepoint "Cleanup", Time since last: 11000734349 ns, Reaching safepoint: 72700 ns, Cleanup: 10700 ns, At safepoint: 4700 ns, Total: 88100 ns
[1583.259s][info ][safepoint      ] Safepoint "Cleanup", Time since last: 5000393500 ns, Reaching safepoint: 76199 ns, Cleanup: 12000 ns, At safepoint: 24700 ns, Total: 112899 ns
[1584.259s][info ][safepoint      ] Safepoint "Cleanup", Time since last: 1000120520 ns, Reaching safepoint: 78199 ns, Cleanup: 7900 ns, At safepoint: 5900 ns, Total: 91999 ns
[1585.259s][info ][safepoint      ] Safepoint "Cleanup", Time since last: 1000089484 ns, Reaching safepoint: 72000 ns, Cleanup: 8100 ns, At safepoint: 4800 ns, Total: 84900 ns
[1588.259s][info ][safepoint      ] Safepoint "Cleanup", Time since last: 3000209352 ns, Reaching safepoint: 4700 ns, Cleanup: 8400 ns, At safepoint: 1700 ns, Total: 14800 ns
[1591.260s][info ][safepoint      ] Safepoint "Cleanup", Time since last: 3000228753 ns, Reaching safepoint: 75599 ns, Cleanup: 9800 ns, At safepoint: 6000 ns, Total: 91399 ns
[1592.251s][info ][gc,start       ] GC(104) Pause Young (Allocation Failure)
[1592.257s][debug][gc,phases      ] GC(104) Scavenge 6.400ms
[1592.257s][debug][gc,ref         ] GC(104) Skipped phase 1 of Reference Processing: no references
[1592.257s][debug][gc,ref         ] GC(104) ReferenceProcessor::execute queues: 1, RefProcThreadModel::Single, marks_oops_alive: false
[1592.257s][debug][gc,ref         ] GC(104) Skipped phase 3 of Reference Processing: no references
[1592.257s][debug][gc,ref         ] GC(104) ReferenceProcessor::execute queues: 1, RefProcThreadModel::Single, marks_oops_alive: false
[1592.257s][debug][gc,phases      ] GC(104) Reference Processing 0.086ms
[1592.257s][debug][gc,phases      ] GC(104)   VM Weak                        Min:  0.0, Avg:  0.0, Max:  0.0, Diff:  0.0, Sum:  0.0, Workers: 4
[1592.257s][debug][gc,phases      ] GC(104)     Dead                           Min: 0, Avg:  0.0, Max: 0, Diff: 0, Sum: 0, Workers: 4
[1592.257s][debug][gc,phases      ] GC(104)     Total                          Min: 0, Avg: 245.8, Max: 575, Diff: 575, Sum: 983, Workers: 4
[1592.257s][debug][gc,phases      ] GC(104)   ObjectSynchronizer Weak        Min:  0.0, Avg:  0.0, Max:  0.0, Diff:  0.0, Sum:  0.0, Workers: 4
[1592.257s][debug][gc,phases      ] GC(104)     Dead                           Min: 0, Avg:  0.0, Max: 0, Diff: 0, Sum: 0, Workers: 4
[1592.257s][debug][gc,phases      ] GC(104)     Total                          Min: 0, Avg:  1.5, Max: 6, Diff: 6, Sum: 6, Workers: 4
[1592.257s][debug][gc,phases      ] GC(104)   JVMTI Tag Weak OopStorage      Min:  0.0, Avg:  0.0, Max:  0.0, Diff:  0.0, Sum:  0.0, Workers: 4
[1592.257s][debug][gc,phases      ] GC(104)     Dead                           Min: 0, Avg:  0.0, Max: 0, Diff: 0, Sum: 0, Workers: 4
[1592.257s][debug][gc,phases      ] GC(104)     Total                          Min: 0, Avg:  0.0, Max: 0, Diff: 0, Sum: 0, Workers: 4
[1592.257s][debug][gc,phases      ] GC(104)   StringTable Weak               Min:  0.0, Avg:  0.1, Max:  0.1, Diff:  0.1, Sum:  0.4, Workers: 4
[1592.257s][debug][gc,phases      ] GC(104)     Dead                           Min: 0, Avg:  0.0, Max: 0, Diff: 0, Sum: 0, Workers: 4
[1592.257s][debug][gc,phases      ] GC(104)     Total                          Min: 0, Avg: 11296.5, Max: 19648, Diff: 19648, Sum: 45186, Workers: 4
[1592.257s][debug][gc,phases      ] GC(104)   ResolvedMethodTable Weak       Min:  0.0, Avg:  0.0, Max:  0.0, Diff:  0.0, Sum:  0.1, Workers: 4
[1592.257s][debug][gc,phases      ] GC(104)     Dead                           Min: 0, Avg:  0.0, Max: 0, Diff: 0, Sum: 0, Workers: 4
[1592.257s][debug][gc,phases      ] GC(104)     Total                          Min: 0, Avg: 2896.5, Max: 4928, Diff: 4928, Sum: 11586, Workers: 4
[1592.257s][debug][gc,phases      ] GC(104)   JNI Weak                       Min:  0.0, Avg:  0.0, Max:  0.0, Diff:  0.0, Sum:  0.0, Workers: 4
[1592.257s][debug][gc,phases      ] GC(104)     Dead                           Min: 0, Avg:  0.0, Max: 0, Diff: 0, Sum: 0, Workers: 4
[1592.257s][debug][gc,phases      ] GC(104)     Total                          Min: 0, Avg: 12.0, Max: 48, Diff: 48, Sum: 48, Workers: 4
[1592.257s][debug][gc,phases      ] GC(104)   StringDedup Table Weak         Min:  0.0, Avg:  0.0, Max:  0.0, Diff:  0.0, Sum:  0.0, Workers: 4
[1592.257s][debug][gc,phases      ] GC(104)     Dead                           Min: 0, Avg:  0.0, Max: 0, Diff: 0, Sum: 0, Workers: 4
[1592.257s][debug][gc,phases      ] GC(104)     Total                          Min: 0, Avg:  0.0, Max: 0, Diff: 0, Sum: 0, Workers: 4
[1592.257s][debug][gc,phases      ] GC(104)   StringDedup Requests0 Weak     Min:  0.0, Avg:  0.0, Max:  0.0, Diff:  0.0, Sum:  0.0, Workers: 4
[1592.257s][debug][gc,phases      ] GC(104)     Dead                           Min: 0, Avg:  0.0, Max: 0, Diff: 0, Sum: 0, Workers: 4
[1592.257s][debug][gc,phases      ] GC(104)     Total                          Min: 0, Avg:  0.0, Max: 0, Diff: 0, Sum: 0, Workers: 4
[1592.257s][debug][gc,phases      ] GC(104)   StringDedup Requests1 Weak     Min:  0.0, Avg:  0.0, Max:  0.0, Diff:  0.0, Sum:  0.0, Workers: 4
[1592.257s][debug][gc,phases      ] GC(104)     Dead                           Min: 0, Avg:  0.0, Max: 0, Diff: 0, Sum: 0, Workers: 4
[1592.257s][debug][gc,phases      ] GC(104)     Total                          Min: 0, Avg:  0.0, Max: 0, Diff: 0, Sum: 0, Workers: 4
[1592.257s][debug][gc,phases      ] GC(104)   Weak JFR Old Object Samples    Min:  0.0, Avg:  0.0, Max:  0.0, Diff:  0.0, Sum:  0.0, Workers: 4
[1592.257s][debug][gc,phases      ] GC(104)     Dead                           Min: 0, Avg:  0.0, Max: 0, Diff: 0, Sum: 0, Workers: 4
[1592.257s][debug][gc,phases      ] GC(104)     Total                          Min: 0, Avg:  0.0, Max: 0, Diff: 0, Sum: 0, Workers: 4
[1592.257s][debug][gc,phases      ] GC(104) Weak Processing 0.340ms
[1592.257s][debug][gc,age         ] GC(104) Desired survivor size 102236160 bytes, new threshold 15 (max threshold 15)
[1592.257s][info ][gc,heap        ] GC(104) PSYoungGen: 1879888K(1981952K)->8064K(1997312K) Eden: 1871872K(1871872K)->0K(1892352K) From: 8016K(110080K)->8064K(104960K)
[1592.257s][info ][gc,heap        ] GC(104) ParOldGen: 487463K(579584K)->487739K(579584K)
[1592.257s][info ][gc,metaspace   ] GC(104) Metaspace: 91177K(92416K)->91177K(92416K) NonClass: 78055K(78720K)->78055K(78720K) Class: 13122K(13696K)->13122K(13696K)
[1592.257s][info ][gc             ] GC(104) Pause Young (Allocation Failure) 2311M->484M(2516M) 6.934ms
[1592.258s][info ][gc,cpu         ] GC(104) User=0.02s Sys=0.00s Real=0.01s
[1592.258s][info ][safepoint      ] Safepoint "ParallelGCFailedAllocation", Time since last: 990786036 ns, Reaching safepoint: 75500 ns, Cleanup: 9200 ns, At safepoint: 6993561 ns, Total: 7078261 ns
[1593.258s][info ][safepoint      ] Safepoint "Cleanup", Time since last: 1000088907 ns, Reaching safepoint: 75100 ns, Cleanup: 8800 ns, At safepoint: 5800 ns, Total: 89700 ns
[1602.258s][info ][safepoint      ] Safepoint "Cleanup", Time since last: 9000606643 ns, Reaching safepoint: 74300 ns, Cleanup: 7900 ns, At safepoint: 5500 ns, Total: 87700 ns
[1609.259s][info ][safepoint      ] Safepoint "Cleanup", Time since last: 7000532904 ns, Reaching safepoint: 76399 ns, Cleanup: 7500 ns, At safepoint: 5300 ns, Total: 89199 ns
[1615.260s][info ][safepoint      ] Safepoint "Cleanup", Time since last: 6000422498 ns, Reaching safepoint: 74699 ns, Cleanup: 7700 ns, At safepoint: 6500 ns, Total: 88899 ns
[1618.858s][info ][gc,start       ] GC(105) Pause Young (Allocation Failure)
[1618.864s][debug][gc,phases      ] GC(105) Scavenge 6.157ms
[1618.864s][debug][gc,ref         ] GC(105) Skipped phase 1 of Reference Processing: no references
[1618.864s][debug][gc,ref         ] GC(105) ReferenceProcessor::execute queues: 1, RefProcThreadModel::Single, marks_oops_alive: false
[1618.864s][debug][gc,ref         ] GC(105) Skipped phase 3 of Reference Processing: no references
[1618.864s][debug][gc,ref         ] GC(105) ReferenceProcessor::execute queues: 1, RefProcThreadModel::Single, marks_oops_alive: false
[1618.864s][debug][gc,phases      ] GC(105) Reference Processing 0.112ms
[1618.865s][debug][gc,phases      ] GC(105)   VM Weak                        Min:  0.0, Avg:  0.0, Max:  0.0, Diff:  0.0, Sum:  0.0, Workers: 4
[1618.865s][debug][gc,phases      ] GC(105)     Dead                           Min: 0, Avg:  0.0, Max: 0, Diff: 0, Sum: 0, Workers: 4
[1618.865s][debug][gc,phases      ] GC(105)     Total                          Min: 0, Avg: 245.8, Max: 920, Diff: 920, Sum: 983, Workers: 4
[1618.865s][debug][gc,phases      ] GC(105)   ObjectSynchronizer Weak        Min:  0.0, Avg:  0.0, Max:  0.0, Diff:  0.0, Sum:  0.0, Workers: 4
[1618.865s][debug][gc,phases      ] GC(105)     Dead                           Min: 0, Avg:  0.0, Max: 0, Diff: 0, Sum: 0, Workers: 4
[1618.865s][debug][gc,phases      ] GC(105)     Total                          Min: 0, Avg:  1.5, Max: 6, Diff: 6, Sum: 6, Workers: 4
[1618.865s][debug][gc,phases      ] GC(105)   JVMTI Tag Weak OopStorage      Min:  0.0, Avg:  0.0, Max:  0.0, Diff:  0.0, Sum:  0.0, Workers: 4
[1618.865s][debug][gc,phases      ] GC(105)     Dead                           Min: 0, Avg:  0.0, Max: 0, Diff: 0, Sum: 0, Workers: 4
[1618.865s][debug][gc,phases      ] GC(105)     Total                          Min: 0, Avg:  0.0, Max: 0, Diff: 0, Sum: 0, Workers: 4
[1618.865s][debug][gc,phases      ] GC(105)   StringTable Weak               Min:  0.0, Avg:  0.1, Max:  0.1, Diff:  0.1, Sum:  0.4, Workers: 4
[1618.865s][debug][gc,phases      ] GC(105)     Dead                           Min: 0, Avg:  0.0, Max: 0, Diff: 0, Sum: 0, Workers: 4
[1618.865s][debug][gc,phases      ] GC(105)     Total                          Min: 0, Avg: 11296.5, Max: 19202, Diff: 19202, Sum: 45186, Workers: 4
[1618.865s][debug][gc,phases      ] GC(105)   ResolvedMethodTable Weak       Min:  0.0, Avg:  0.0, Max:  0.0, Diff:  0.0, Sum:  0.1, Workers: 4
[1618.865s][debug][gc,phases      ] GC(105)     Dead                           Min: 0, Avg:  0.0, Max: 0, Diff: 0, Sum: 0, Workers: 4
[1618.865s][debug][gc,phases      ] GC(105)     Total                          Min: 0, Avg: 2896.5, Max: 5186, Diff: 5186, Sum: 11586, Workers: 4
[1618.865s][debug][gc,phases      ] GC(105)   JNI Weak                       Min:  0.0, Avg:  0.0, Max:  0.0, Diff:  0.0, Sum:  0.0, Workers: 4
[1618.865s][debug][gc,phases      ] GC(105)     Dead                           Min: 0, Avg:  0.0, Max: 0, Diff: 0, Sum: 0, Workers: 4
[1618.865s][debug][gc,phases      ] GC(105)     Total                          Min: 0, Avg: 12.0, Max: 48, Diff: 48, Sum: 48, Workers: 4
[1618.865s][debug][gc,phases      ] GC(105)   StringDedup Table Weak         Min:  0.0, Avg:  0.0, Max:  0.0, Diff:  0.0, Sum:  0.0, Workers: 4
[1618.865s][debug][gc,phases      ] GC(105)     Dead                           Min: 0, Avg:  0.0, Max: 0, Diff: 0, Sum: 0, Workers: 4
[1618.865s][debug][gc,phases      ] GC(105)     Total                          Min: 0, Avg:  0.0, Max: 0, Diff: 0, Sum: 0, Workers: 4
[1618.865s][debug][gc,phases      ] GC(105)   StringDedup Requests0 Weak     Min:  0.0, Avg:  0.0, Max:  0.0, Diff:  0.0, Sum:  0.0, Workers: 4
[1618.865s][debug][gc,phases      ] GC(105)     Dead                           Min: 0, Avg:  0.0, Max: 0, Diff: 0, Sum: 0, Workers: 4
[1618.865s][debug][gc,phases      ] GC(105)     Total                          Min: 0, Avg:  0.0, Max: 0, Diff: 0, Sum: 0, Workers: 4
[1618.865s][debug][gc,phases      ] GC(105)   StringDedup Requests1 Weak     Min:  0.0, Avg:  0.0, Max:  0.0, Diff:  0.0, Sum:  0.0, Workers: 4
[1618.865s][debug][gc,phases      ] GC(105)     Dead                           Min: 0, Avg:  0.0, Max: 0, Diff: 0, Sum: 0, Workers: 4
[1618.865s][debug][gc,phases      ] GC(105)     Total                          Min: 0, Avg:  0.0, Max: 0, Diff: 0, Sum: 0, Workers: 4
[1618.865s][debug][gc,phases      ] GC(105)   Weak JFR Old Object Samples    Min:  0.0, Avg:  0.0, Max:  0.0, Diff:  0.0, Sum:  0.0, Workers: 4
[1618.865s][debug][gc,phases      ] GC(105)     Dead                           Min: 0, Avg:  0.0, Max: 0, Diff: 0, Sum: 0, Workers: 4
[1618.865s][debug][gc,phases      ] GC(105)     Total                          Min: 0, Avg:  0.0, Max: 0, Diff: 0, Sum: 0, Workers: 4
[1618.865s][debug][gc,phases      ] GC(105) Weak Processing 0.364ms
[1618.865s][debug][gc,age         ] GC(105) Desired survivor size 96993280 bytes, new threshold 15 (max threshold 15)
[1618.865s][info ][gc,heap        ] GC(105) PSYoungGen: 1900416K(1997312K)->7216K(1992192K) Eden: 1892352K(1892352K)->0K(1892352K) From: 8064K(104960K)->7216K(99840K)
[1618.865s][info ][gc,heap        ] GC(105) ParOldGen: 487739K(579584K)->488287K(579584K)
[1618.865s][info ][gc,metaspace   ] GC(105) Metaspace: 91191K(92416K)->91191K(92416K) NonClass: 78068K(78720K)->78068K(78720K) Class: 13122K(13696K)->13122K(13696K)
[1618.865s][info ][gc             ] GC(105) Pause Young (Allocation Failure) 2332M->483M(2511M) 6.735ms
[1618.865s][info ][gc,cpu         ] GC(105) User=0.02s Sys=0.00s Real=0.01s
[1618.865s][info ][safepoint      ] Safepoint "ParallelGCFailedAllocation", Time since last: 3598384292 ns, Reaching safepoint: 4600 ns, Cleanup: 3800 ns, At safepoint: 6799662 ns, Total: 6808062 ns
[1627.530s][info ][safepoint      ] Safepoint "Cleanup", Time since last: 8665077640 ns, Reaching safepoint: 4400 ns, Cleanup: 8200 ns, At safepoint: 1800 ns, Total: 14400 ns
[1630.530s][info ][safepoint      ] Safepoint "Cleanup", Time since last: 3000221172 ns, Reaching safepoint: 4100 ns, Cleanup: 10800 ns, At safepoint: 1900 ns, Total: 16800 ns
[1632.530s][info ][safepoint      ] Safepoint "Cleanup", Time since last: 2000146997 ns, Reaching safepoint: 4700 ns, Cleanup: 10000 ns, At safepoint: 1500 ns, Total: 16200 ns
[1638.531s][info ][safepoint      ] Safepoint "Cleanup", Time since last: 6000405199 ns, Reaching safepoint: 4600 ns, Cleanup: 7900 ns, At safepoint: 1800 ns, Total: 14300 ns
[1643.150s][info ][gc,start       ] GC(106) Pause Young (Allocation Failure)
[1643.157s][debug][gc,phases      ] GC(106) Scavenge 7.543ms
[1643.157s][debug][gc,ref         ] GC(106) Skipped phase 1 of Reference Processing: no references
[1643.157s][debug][gc,ref         ] GC(106) ReferenceProcessor::execute queues: 1, RefProcThreadModel::Single, marks_oops_alive: false
[1643.157s][debug][gc,ref         ] GC(106) Skipped phase 3 of Reference Processing: no references
[1643.157s][debug][gc,ref         ] GC(106) Skipped phase 4 of Reference Processing: no references
[1643.157s][debug][gc,phases      ] GC(106) Reference Processing 0.086ms
[1643.158s][debug][gc,phases      ] GC(106)   VM Weak                        Min:  0.0, Avg:  0.0, Max:  0.0, Diff:  0.0, Sum:  0.0, Workers: 4
[1643.158s][debug][gc,phases      ] GC(106)     Dead                           Min: 0, Avg:  0.0, Max: 0, Diff: 0, Sum: 0, Workers: 4
[1643.158s][debug][gc,phases      ] GC(106)     Total                          Min: 0, Avg: 245.8, Max: 920, Diff: 920, Sum: 983, Workers: 4
[1643.158s][debug][gc,phases      ] GC(106)   ObjectSynchronizer Weak        Min:  0.0, Avg:  0.0, Max:  0.0, Diff:  0.0, Sum:  0.0, Workers: 4
[1643.158s][debug][gc,phases      ] GC(106)     Dead                           Min: 0, Avg:  0.0, Max: 0, Diff: 0, Sum: 0, Workers: 4
[1643.158s][debug][gc,phases      ] GC(106)     Total                          Min: 0, Avg:  1.5, Max: 6, Diff: 6, Sum: 6, Workers: 4
[1643.158s][debug][gc,phases      ] GC(106)   JVMTI Tag Weak OopStorage      Min:  0.0, Avg:  0.0, Max:  0.0, Diff:  0.0, Sum:  0.0, Workers: 4
[1643.158s][debug][gc,phases      ] GC(106)     Dead                           Min: 0, Avg:  0.0, Max: 0, Diff: 0, Sum: 0, Workers: 4
[1643.158s][debug][gc,phases      ] GC(106)     Total                          Min: 0, Avg:  0.0, Max: 0, Diff: 0, Sum: 0, Workers: 4
[1643.158s][debug][gc,phases      ] GC(106)   StringTable Weak               Min:  0.0, Avg:  0.1, Max:  0.1, Diff:  0.1, Sum:  0.4, Workers: 4
[1643.158s][debug][gc,phases      ] GC(106)     Dead                           Min: 0, Avg:  0.0, Max: 0, Diff: 0, Sum: 0, Workers: 4
[1643.158s][debug][gc,phases      ] GC(106)     Total                          Min: 0, Avg: 11296.5, Max: 15232, Diff: 15232, Sum: 45186, Workers: 4
[1643.158s][debug][gc,phases      ] GC(106)   ResolvedMethodTable Weak       Min:  0.0, Avg:  0.0, Max:  0.0, Diff:  0.0, Sum:  0.1, Workers: 4
[1643.158s][debug][gc,phases      ] GC(106)     Dead                           Min: 0, Avg:  0.0, Max: 0, Diff: 0, Sum: 0, Workers: 4
[1643.158s][debug][gc,phases      ] GC(106)     Total                          Min: 0, Avg: 2896.5, Max: 3904, Diff: 3904, Sum: 11586, Workers: 4
[1643.158s][debug][gc,phases      ] GC(106)   JNI Weak                       Min:  0.0, Avg:  0.0, Max:  0.0, Diff:  0.0, Sum:  0.0, Workers: 4
[1643.158s][debug][gc,phases      ] GC(106)     Dead                           Min: 0, Avg:  0.0, Max: 0, Diff: 0, Sum: 0, Workers: 4
[1643.158s][debug][gc,phases      ] GC(106)     Total                          Min: 0, Avg: 12.0, Max: 48, Diff: 48, Sum: 48, Workers: 4
[1643.158s][debug][gc,phases      ] GC(106)   StringDedup Table Weak         Min:  0.0, Avg:  0.0, Max:  0.0, Diff:  0.0, Sum:  0.0, Workers: 4
[1643.158s][debug][gc,phases      ] GC(106)     Dead                           Min: 0, Avg:  0.0, Max: 0, Diff: 0, Sum: 0, Workers: 4
[1643.158s][debug][gc,phases      ] GC(106)     Total                          Min: 0, Avg:  0.0, Max: 0, Diff: 0, Sum: 0, Workers: 4
[1643.158s][debug][gc,phases      ] GC(106)   StringDedup Requests0 Weak     Min:  0.0, Avg:  0.0, Max:  0.0, Diff:  0.0, Sum:  0.0, Workers: 4
[1643.158s][debug][gc,phases      ] GC(106)     Dead                           Min: 0, Avg:  0.0, Max: 0, Diff: 0, Sum: 0, Workers: 4
[1643.158s][debug][gc,phases      ] GC(106)     Total                          Min: 0, Avg:  0.0, Max: 0, Diff: 0, Sum: 0, Workers: 4
[1643.158s][debug][gc,phases      ] GC(106)   StringDedup Requests1 Weak     Min:  0.0, Avg:  0.0, Max:  0.0, Diff:  0.0, Sum:  0.0, Workers: 4
[1643.158s][debug][gc,phases      ] GC(106)     Dead                           Min: 0, Avg:  0.0, Max: 0, Diff: 0, Sum: 0, Workers: 4
[1643.158s][debug][gc,phases      ] GC(106)     Total                          Min: 0, Avg:  0.0, Max: 0, Diff: 0, Sum: 0, Workers: 4
[1643.158s][debug][gc,phases      ] GC(106)   Weak JFR Old Object Samples    Min:  0.0, Avg:  0.0, Max:  0.0, Diff:  0.0, Sum:  0.0, Workers: 4
[1643.158s][debug][gc,phases      ] GC(106)     Dead                           Min: 0, Avg:  0.0, Max: 0, Diff: 0, Sum: 0, Workers: 4
[1643.158s][debug][gc,phases      ] GC(106)     Total                          Min: 0, Avg:  0.0, Max: 0, Diff: 0, Sum: 0, Workers: 4
[1643.158s][debug][gc,phases      ] GC(106) Weak Processing 0.362ms
[1643.158s][debug][gc,age         ] GC(106) Desired survivor size 92274688 bytes, new threshold 15 (max threshold 15)
[1643.158s][info ][gc,heap        ] GC(106) PSYoungGen: 1899568K(1992192K)->6560K(2007040K) Eden: 1892352K(1892352K)->0K(1912320K) From: 7216K(99840K)->6560K(94720K)
[1643.158s][info ][gc,heap        ] GC(106) ParOldGen: 488287K(579584K)->488719K(579584K)
[1643.158s][info ][gc,metaspace   ] GC(106) Metaspace: 91196K(92416K)->91196K(92416K) NonClass: 78074K(78720K)->78074K(78720K) Class: 13122K(13696K)->13122K(13696K)
[1643.158s][info ][gc             ] GC(106) Pause Young (Allocation Failure) 2331M->483M(2526M) 8.075ms
[1643.158s][info ][gc,cpu         ] GC(106) User=0.02s Sys=0.00s Real=0.01s
[1643.158s][info ][safepoint      ] Safepoint "ParallelGCFailedAllocation", Time since last: 4618921188 ns, Reaching safepoint: 77800 ns, Cleanup: 4100 ns, At safepoint: 8136752 ns, Total: 8218652 ns
[1655.159s][info ][safepoint      ] Safepoint "Cleanup", Time since last: 12000817061 ns, Reaching safepoint: 77199 ns, Cleanup: 17200 ns, At safepoint: 6000 ns, Total: 100399 ns
[1663.159s][info ][safepoint      ] Safepoint "Cleanup", Time since last: 8000595639 ns, Reaching safepoint: 73999 ns, Cleanup: 7200 ns, At safepoint: 5300 ns, Total: 86499 ns
[1668.399s][info ][gc,start       ] GC(107) Pause Young (Allocation Failure)
[1668.405s][debug][gc,phases      ] GC(107) Scavenge 5.937ms
[1668.405s][debug][gc,ref         ] GC(107) Skipped phase 1 of Reference Processing: no references
[1668.405s][debug][gc,ref         ] GC(107) ReferenceProcessor::execute queues: 1, RefProcThreadModel::Single, marks_oops_alive: false
[1668.405s][debug][gc,ref         ] GC(107) Skipped phase 3 of Reference Processing: no references
[1668.405s][debug][gc,ref         ] GC(107) ReferenceProcessor::execute queues: 1, RefProcThreadModel::Single, marks_oops_alive: false
[1668.405s][debug][gc,phases      ] GC(107) Reference Processing 0.108ms
[1668.406s][debug][gc,phases      ] GC(107)   VM Weak                        Min:  0.0, Avg:  0.0, Max:  0.0, Diff:  0.0, Sum:  0.0, Workers: 4
[1668.406s][debug][gc,phases      ] GC(107)     Dead                           Min: 0, Avg:  0.0, Max: 0, Diff: 0, Sum: 0, Workers: 4
[1668.406s][debug][gc,phases      ] GC(107)     Total                          Min: 0, Avg: 245.8, Max: 600, Diff: 600, Sum: 983, Workers: 4
[1668.406s][debug][gc,phases      ] GC(107)   ObjectSynchronizer Weak        Min:  0.0, Avg:  0.0, Max:  0.0, Diff:  0.0, Sum:  0.0, Workers: 4
[1668.406s][debug][gc,phases      ] GC(107)     Dead                           Min: 0, Avg:  0.0, Max: 0, Diff: 0, Sum: 0, Workers: 4
[1668.406s][debug][gc,phases      ] GC(107)     Total                          Min: 0, Avg:  1.5, Max: 6, Diff: 6, Sum: 6, Workers: 4
[1668.406s][debug][gc,phases      ] GC(107)   JVMTI Tag Weak OopStorage      Min:  0.0, Avg:  0.0, Max:  0.0, Diff:  0.0, Sum:  0.0, Workers: 4
[1668.406s][debug][gc,phases      ] GC(107)     Dead                           Min: 0, Avg:  0.0, Max: 0, Diff: 0, Sum: 0, Workers: 4
[1668.406s][debug][gc,phases      ] GC(107)     Total                          Min: 0, Avg:  0.0, Max: 0, Diff: 0, Sum: 0, Workers: 4
[1668.406s][debug][gc,phases      ] GC(107)   StringTable Weak               Min:  0.0, Avg:  0.1, Max:  0.1, Diff:  0.1, Sum:  0.4, Workers: 4
[1668.406s][debug][gc,phases      ] GC(107)     Dead                           Min: 0, Avg:  0.0, Max: 0, Diff: 0, Sum: 0, Workers: 4
[1668.406s][debug][gc,phases      ] GC(107)     Total                          Min: 0, Avg: 11296.8, Max: 19331, Diff: 19331, Sum: 45187, Workers: 4
[1668.406s][debug][gc,phases      ] GC(107)   ResolvedMethodTable Weak       Min:  0.0, Avg:  0.0, Max:  0.0, Diff:  0.0, Sum:  0.1, Workers: 4
[1668.406s][debug][gc,phases      ] GC(107)     Dead                           Min: 0, Avg:  0.0, Max: 0, Diff: 0, Sum: 0, Workers: 4
[1668.406s][debug][gc,phases      ] GC(107)     Total                          Min: 0, Avg: 2896.5, Max: 5119, Diff: 5119, Sum: 11586, Workers: 4
[1668.406s][debug][gc,phases      ] GC(107)   JNI Weak                       Min:  0.0, Avg:  0.0, Max:  0.0, Diff:  0.0, Sum:  0.0, Workers: 4
[1668.406s][debug][gc,phases      ] GC(107)     Dead                           Min: 0, Avg:  0.0, Max: 0, Diff: 0, Sum: 0, Workers: 4
[1668.406s][debug][gc,phases      ] GC(107)     Total                          Min: 0, Avg: 12.0, Max: 48, Diff: 48, Sum: 48, Workers: 4
[1668.406s][debug][gc,phases      ] GC(107)   StringDedup Table Weak         Min:  0.0, Avg:  0.0, Max:  0.0, Diff:  0.0, Sum:  0.0, Workers: 4
[1668.406s][debug][gc,phases      ] GC(107)     Dead                           Min: 0, Avg:  0.0, Max: 0, Diff: 0, Sum: 0, Workers: 4
[1668.406s][debug][gc,phases      ] GC(107)     Total                          Min: 0, Avg:  0.0, Max: 0, Diff: 0, Sum: 0, Workers: 4
[1668.406s][debug][gc,phases      ] GC(107)   StringDedup Requests0 Weak     Min:  0.0, Avg:  0.0, Max:  0.0, Diff:  0.0, Sum:  0.0, Workers: 4
[1668.406s][debug][gc,phases      ] GC(107)     Dead                           Min: 0, Avg:  0.0, Max: 0, Diff: 0, Sum: 0, Workers: 4
[1668.406s][debug][gc,phases      ] GC(107)     Total                          Min: 0, Avg:  0.0, Max: 0, Diff: 0, Sum: 0, Workers: 4
[1668.406s][debug][gc,phases      ] GC(107)   StringDedup Requests1 Weak     Min:  0.0, Avg:  0.0, Max:  0.0, Diff:  0.0, Sum:  0.0, Workers: 4
[1668.406s][debug][gc,phases      ] GC(107)     Dead                           Min: 0, Avg:  0.0, Max: 0, Diff: 0, Sum: 0, Workers: 4
[1668.406s][debug][gc,phases      ] GC(107)     Total                          Min: 0, Avg:  0.0, Max: 0, Diff: 0, Sum: 0, Workers: 4
[1668.406s][debug][gc,phases      ] GC(107)   Weak JFR Old Object Samples    Min:  0.0, Avg:  0.0, Max:  0.0, Diff:  0.0, Sum:  0.0, Workers: 4
[1668.406s][debug][gc,phases      ] GC(107)     Dead                           Min: 0, Avg:  0.0, Max: 0, Diff: 0, Sum: 0, Workers: 4
[1668.406s][debug][gc,phases      ] GC(107)     Total                          Min: 0, Avg:  0.0, Max: 0, Diff: 0, Sum: 0, Workers: 4
[1668.406s][debug][gc,phases      ] GC(107) Weak Processing 0.328ms
[1668.406s][debug][gc,age         ] GC(107) Desired survivor size 87556096 bytes, new threshold 15 (max threshold 15)
[1668.406s][info ][gc,heap        ] GC(107) PSYoungGen: 1918880K(2007040K)->7008K(2002432K) Eden: 1912320K(1912320K)->0K(1912320K) From: 6560K(94720K)->7008K(90112K)
[1668.406s][info ][gc,heap        ] GC(107) ParOldGen: 488719K(579584K)->488863K(579584K)
[1668.406s][info ][gc,metaspace   ] GC(107) Metaspace: 91201K(92416K)->91201K(92416K) NonClass: 78077K(78720K)->78077K(78720K) Class: 13123K(13696K)->13123K(13696K)
[1668.406s][info ][gc             ] GC(107) Pause Young (Allocation Failure) 2351M->484M(2521M) 6.468ms
[1668.406s][info ][gc,cpu         ] GC(107) User=0.02s Sys=0.00s Real=0.01s
[1668.406s][info ][safepoint      ] Safepoint "ParallelGCFailedAllocation", Time since last: 5239800609 ns, Reaching safepoint: 73899 ns, Cleanup: 3900 ns, At safepoint: 6532764 ns, Total: 6610563 ns
[1686.544s][info ][safepoint      ] Safepoint "Cleanup", Time since last: 18138609344 ns, Reaching safepoint: 4300 ns, Cleanup: 10300 ns, At safepoint: 1700 ns, Total: 16300 ns
[1693.545s][info ][safepoint      ] Safepoint "Cleanup", Time since last: 7000488982 ns, Reaching safepoint: 5700 ns, Cleanup: 9399 ns, At safepoint: 1700 ns, Total: 16799 ns
[1693.699s][info ][gc,start       ] GC(108) Pause Young (Allocation Failure)
[1693.705s][debug][gc,phases      ] GC(108) Scavenge 5.885ms
[1693.705s][debug][gc,ref         ] GC(108) Skipped phase 1 of Reference Processing: no references
[1693.705s][debug][gc,ref         ] GC(108) ReferenceProcessor::execute queues: 1, RefProcThreadModel::Single, marks_oops_alive: false
[1693.705s][debug][gc,ref         ] GC(108) Skipped phase 3 of Reference Processing: no references
[1693.705s][debug][gc,ref         ] GC(108) ReferenceProcessor::execute queues: 1, RefProcThreadModel::Single, marks_oops_alive: false
[1693.705s][debug][gc,phases      ] GC(108) Reference Processing 0.085ms
[1693.705s][debug][gc,phases      ] GC(108)   VM Weak                        Min:  0.0, Avg:  0.0, Max:  0.0, Diff:  0.0, Sum:  0.0, Workers: 4
[1693.705s][debug][gc,phases      ] GC(108)     Dead                           Min: 0, Avg:  0.0, Max: 0, Diff: 0, Sum: 0, Workers: 4
[1693.705s][debug][gc,phases      ] GC(108)     Total                          Min: 0, Avg: 245.8, Max: 831, Diff: 831, Sum: 983, Workers: 4
[1693.705s][debug][gc,phases      ] GC(108)   ObjectSynchronizer Weak        Min:  0.0, Avg:  0.0, Max:  0.0, Diff:  0.0, Sum:  0.0, Workers: 4
[1693.705s][debug][gc,phases      ] GC(108)     Dead                           Min: 0, Avg:  0.0, Max: 0, Diff: 0, Sum: 0, Workers: 4
[1693.705s][debug][gc,phases      ] GC(108)     Total                          Min: 0, Avg:  1.5, Max: 6, Diff: 6, Sum: 6, Workers: 4
[1693.705s][debug][gc,phases      ] GC(108)   JVMTI Tag Weak OopStorage      Min:  0.0, Avg:  0.0, Max:  0.0, Diff:  0.0, Sum:  0.0, Workers: 4
[1693.705s][debug][gc,phases      ] GC(108)     Dead                           Min: 0, Avg:  0.0, Max: 0, Diff: 0, Sum: 0, Workers: 4
[1693.705s][debug][gc,phases      ] GC(108)     Total                          Min: 0, Avg:  0.0, Max: 0, Diff: 0, Sum: 0, Workers: 4
[1693.705s][debug][gc,phases      ] GC(108)   StringTable Weak               Min:  0.0, Avg:  0.1, Max:  0.1, Diff:  0.1, Sum:  0.4, Workers: 4
[1693.705s][debug][gc,phases      ] GC(108)     Dead                           Min: 0, Avg:  0.0, Max: 0, Diff: 0, Sum: 0, Workers: 4
[1693.705s][debug][gc,phases      ] GC(108)     Total                          Min: 0, Avg: 11297.0, Max: 19968, Diff: 19968, Sum: 45188, Workers: 4
[1693.705s][debug][gc,phases      ] GC(108)   ResolvedMethodTable Weak       Min:  0.0, Avg:  0.0, Max:  0.0, Diff:  0.0, Sum:  0.1, Workers: 4
[1693.705s][debug][gc,phases      ] GC(108)     Dead                           Min: 0, Avg:  0.0, Max: 0, Diff: 0, Sum: 0, Workers: 4
[1693.705s][debug][gc,phases      ] GC(108)     Total                          Min: 0, Avg: 2896.5, Max: 5250, Diff: 5250, Sum: 11586, Workers: 4
[1693.705s][debug][gc,phases      ] GC(108)   JNI Weak                       Min:  0.0, Avg:  0.0, Max:  0.0, Diff:  0.0, Sum:  0.0, Workers: 4
[1693.705s][debug][gc,phases      ] GC(108)     Dead                           Min: 0, Avg:  0.0, Max: 0, Diff: 0, Sum: 0, Workers: 4
[1693.705s][debug][gc,phases      ] GC(108)     Total                          Min: 0, Avg: 12.0, Max: 48, Diff: 48, Sum: 48, Workers: 4
[1693.705s][debug][gc,phases      ] GC(108)   StringDedup Table Weak         Min:  0.0, Avg:  0.0, Max:  0.0, Diff:  0.0, Sum:  0.0, Workers: 4
[1693.705s][debug][gc,phases      ] GC(108)     Dead                           Min: 0, Avg:  0.0, Max: 0, Diff: 0, Sum: 0, Workers: 4
[1693.705s][debug][gc,phases      ] GC(108)     Total                          Min: 0, Avg:  0.0, Max: 0, Diff: 0, Sum: 0, Workers: 4
[1693.705s][debug][gc,phases      ] GC(108)   StringDedup Requests0 Weak     Min:  0.0, Avg:  0.0, Max:  0.0, Diff:  0.0, Sum:  0.0, Workers: 4
[1693.705s][debug][gc,phases      ] GC(108)     Dead                           Min: 0, Avg:  0.0, Max: 0, Diff: 0, Sum: 0, Workers: 4
[1693.705s][debug][gc,phases      ] GC(108)     Total                          Min: 0, Avg:  0.0, Max: 0, Diff: 0, Sum: 0, Workers: 4
[1693.705s][debug][gc,phases      ] GC(108)   StringDedup Requests1 Weak     Min:  0.0, Avg:  0.0, Max:  0.0, Diff:  0.0, Sum:  0.0, Workers: 4
[1693.705s][debug][gc,phases      ] GC(108)     Dead                           Min: 0, Avg:  0.0, Max: 0, Diff: 0, Sum: 0, Workers: 4
[1693.705s][debug][gc,phases      ] GC(108)     Total                          Min: 0, Avg:  0.0, Max: 0, Diff: 0, Sum: 0, Workers: 4
[1693.705s][debug][gc,phases      ] GC(108)   Weak JFR Old Object Samples    Min:  0.0, Avg:  0.0, Max:  0.0, Diff:  0.0, Sum:  0.0, Workers: 4
[1693.705s][debug][gc,phases      ] GC(108)     Dead                           Min: 0, Avg:  0.0, Max: 0, Diff: 0, Sum: 0, Workers: 4
[1693.705s][debug][gc,phases      ] GC(108)     Total                          Min: 0, Avg:  0.0, Max: 0, Diff: 0, Sum: 0, Workers: 4
[1693.705s][debug][gc,phases      ] GC(108) Weak Processing 0.331ms
[1693.705s][debug][gc,age         ] GC(108) Desired survivor size 82837504 bytes, new threshold 15 (max threshold 15)
[1693.705s][info ][gc,heap        ] GC(108) PSYoungGen: 1919328K(2002432K)->6048K(2016256K) Eden: 1912320K(1912320K)->0K(1930752K) From: 7008K(90112K)->6048K(85504K)
[1693.705s][info ][gc,heap        ] GC(108) ParOldGen: 488863K(579584K)->489707K(579584K)
[1693.705s][info ][gc,metaspace   ] GC(108) Metaspace: 91204K(92416K)->91204K(92416K) NonClass: 78081K(78720K)->78081K(78720K) Class: 13123K(13696K)->13123K(13696K)
[1693.705s][info ][gc             ] GC(108) Pause Young (Allocation Failure) 2351M->484M(2535M) 6.388ms
[1693.705s][info ][gc,cpu         ] GC(108) User=0.02s Sys=0.00s Real=0.01s
[1693.706s][info ][safepoint      ] Safepoint "ParallelGCFailedAllocation", Time since last: 154037678 ns, Reaching safepoint: 80400 ns, Cleanup: 4000 ns, At safepoint: 6465965 ns, Total: 6550365 ns
[1695.706s][info ][safepoint      ] Safepoint "Cleanup", Time since last: 2000149223 ns, Reaching safepoint: 75399 ns, Cleanup: 7800 ns, At safepoint: 5600 ns, Total: 88799 ns
[1697.706s][info ][safepoint      ] Safepoint "Cleanup", Time since last: 2000177011 ns, Reaching safepoint: 76200 ns, Cleanup: 7900 ns, At safepoint: 5700 ns, Total: 89800 ns
[1701.610s][info ][safepoint      ] Safepoint "Cleanup", Time since last: 3903789347 ns, Reaching safepoint: 5200 ns, Cleanup: 23299 ns, At safepoint: 2200 ns, Total: 30699 ns
[1706.610s][info ][safepoint      ] Safepoint "Cleanup", Time since last: 5000392559 ns, Reaching safepoint: 73700 ns, Cleanup: 8200 ns, At safepoint: 18100 ns, Total: 100000 ns
[1707.611s][info ][safepoint      ] Safepoint "Cleanup", Time since last: 1000094846 ns, Reaching safepoint: 81800 ns, Cleanup: 9300 ns, At safepoint: 9299 ns, Total: 100399 ns
[1710.611s][info ][safepoint      ] Safepoint "Cleanup", Time since last: 3000226359 ns, Reaching safepoint: 7400 ns, Cleanup: 8100 ns, At safepoint: 2000 ns, Total: 17500 ns
[1712.611s][info ][safepoint      ] Safepoint "Cleanup", Time since last: 2000157205 ns, Reaching safepoint: 75000 ns, Cleanup: 10300 ns, At safepoint: 5700 ns, Total: 91000 ns
[1718.026s][info ][gc,start       ] GC(109) Pause Young (Allocation Failure)
[1718.033s][debug][gc,phases      ] GC(109) Scavenge 6.984ms
[1718.033s][debug][gc,ref         ] GC(109) Skipped phase 1 of Reference Processing: no references
[1718.034s][debug][gc,ref         ] GC(109) ReferenceProcessor::execute queues: 1, RefProcThreadModel::Single, marks_oops_alive: false
[1718.034s][debug][gc,ref         ] GC(109) Skipped phase 3 of Reference Processing: no references
[1718.034s][debug][gc,ref         ] GC(109) ReferenceProcessor::execute queues: 1, RefProcThreadModel::Single, marks_oops_alive: false
[1718.034s][debug][gc,phases      ] GC(109) Reference Processing 0.101ms
[1718.034s][debug][gc,phases      ] GC(109)   VM Weak                        Min:  0.0, Avg:  0.0, Max:  0.0, Diff:  0.0, Sum:  0.0, Workers: 4
[1718.034s][debug][gc,phases      ] GC(109)     Dead                           Min: 0, Avg:  0.0, Max: 0, Diff: 0, Sum: 0, Workers: 4
[1718.034s][debug][gc,phases      ] GC(109)     Total                          Min: 0, Avg: 245.8, Max: 448, Diff: 448, Sum: 983, Workers: 4
[1718.034s][debug][gc,phases      ] GC(109)   ObjectSynchronizer Weak        Min:  0.0, Avg:  0.0, Max:  0.0, Diff:  0.0, Sum:  0.0, Workers: 4
[1718.034s][debug][gc,phases      ] GC(109)     Dead                           Min: 0, Avg:  0.0, Max: 0, Diff: 0, Sum: 0, Workers: 4
[1718.034s][debug][gc,phases      ] GC(109)     Total                          Min: 0, Avg:  1.5, Max: 6, Diff: 6, Sum: 6, Workers: 4
[1718.034s][debug][gc,phases      ] GC(109)   JVMTI Tag Weak OopStorage      Min:  0.0, Avg:  0.0, Max:  0.0, Diff:  0.0, Sum:  0.0, Workers: 4
[1718.034s][debug][gc,phases      ] GC(109)     Dead                           Min: 0, Avg:  0.0, Max: 0, Diff: 0, Sum: 0, Workers: 4
[1718.034s][debug][gc,phases      ] GC(109)     Total                          Min: 0, Avg:  0.0, Max: 0, Diff: 0, Sum: 0, Workers: 4
[1718.034s][debug][gc,phases      ] GC(109)   StringTable Weak               Min:  0.0, Avg:  0.1, Max:  0.1, Diff:  0.1, Sum:  0.4, Workers: 4
[1718.034s][debug][gc,phases      ] GC(109)     Dead                           Min: 0, Avg:  0.0, Max: 0, Diff: 0, Sum: 0, Workers: 4
[1718.034s][debug][gc,phases      ] GC(109)     Total                          Min: 0, Avg: 11297.2, Max: 18629, Diff: 18629, Sum: 45189, Workers: 4
[1718.034s][debug][gc,phases      ] GC(109)   ResolvedMethodTable Weak       Min:  0.0, Avg:  0.0, Max:  0.0, Diff:  0.0, Sum:  0.1, Workers: 4
[1718.034s][debug][gc,phases      ] GC(109)     Dead                           Min: 0, Avg:  0.0, Max: 0, Diff: 0, Sum: 0, Workers: 4
[1718.034s][debug][gc,phases      ] GC(109)     Total                          Min: 0, Avg: 2896.5, Max: 4803, Diff: 4803, Sum: 11586, Workers: 4
[1718.034s][debug][gc,phases      ] GC(109)   JNI Weak                       Min:  0.0, Avg:  0.0, Max:  0.0, Diff:  0.0, Sum:  0.0, Workers: 4
[1718.034s][debug][gc,phases      ] GC(109)     Dead                           Min: 0, Avg:  0.0, Max: 0, Diff: 0, Sum: 0, Workers: 4
[1718.034s][debug][gc,phases      ] GC(109)     Total                          Min: 0, Avg: 12.0, Max: 48, Diff: 48, Sum: 48, Workers: 4
[1718.034s][debug][gc,phases      ] GC(109)   StringDedup Table Weak         Min:  0.0, Avg:  0.0, Max:  0.0, Diff:  0.0, Sum:  0.0, Workers: 4
[1718.034s][debug][gc,phases      ] GC(109)     Dead                           Min: 0, Avg:  0.0, Max: 0, Diff: 0, Sum: 0, Workers: 4
[1718.034s][debug][gc,phases      ] GC(109)     Total                          Min: 0, Avg:  0.0, Max: 0, Diff: 0, Sum: 0, Workers: 4
[1718.034s][debug][gc,phases      ] GC(109)   StringDedup Requests0 Weak     Min:  0.0, Avg:  0.0, Max:  0.0, Diff:  0.0, Sum:  0.0, Workers: 4
[1718.034s][debug][gc,phases      ] GC(109)     Dead                           Min: 0, Avg:  0.0, Max: 0, Diff: 0, Sum: 0, Workers: 4
[1718.034s][debug][gc,phases      ] GC(109)     Total                          Min: 0, Avg:  0.0, Max: 0, Diff: 0, Sum: 0, Workers: 4
[1718.034s][debug][gc,phases      ] GC(109)   StringDedup Requests1 Weak     Min:  0.0, Avg:  0.0, Max:  0.0, Diff:  0.0, Sum:  0.0, Workers: 4
[1718.034s][debug][gc,phases      ] GC(109)     Dead                           Min: 0, Avg:  0.0, Max: 0, Diff: 0, Sum: 0, Workers: 4
[1718.034s][debug][gc,phases      ] GC(109)     Total                          Min: 0, Avg:  0.0, Max: 0, Diff: 0, Sum: 0, Workers: 4
[1718.034s][debug][gc,phases      ] GC(109)   Weak JFR Old Object Samples    Min:  0.0, Avg:  0.0, Max:  0.0, Diff:  0.0, Sum:  0.0, Workers: 4
[1718.034s][debug][gc,phases      ] GC(109)     Dead                           Min: 0, Avg:  0.0, Max: 0, Diff: 0, Sum: 0, Workers: 4
[1718.034s][debug][gc,phases      ] GC(109)     Total                          Min: 0, Avg:  0.0, Max: 0, Diff: 0, Sum: 0, Workers: 4
[1718.034s][debug][gc,phases      ] GC(109) Weak Processing 0.336ms
[1718.034s][debug][gc,age         ] GC(109) Desired survivor size 78643200 bytes, new threshold 15 (max threshold 15)
[1718.034s][info ][gc,heap        ] GC(109) PSYoungGen: 1936800K(2016256K)->6240K(2011648K) Eden: 1930752K(1930752K)->0K(1930752K) From: 6048K(85504K)->6240K(80896K)
[1718.034s][info ][gc,heap        ] GC(109) ParOldGen: 489707K(579584K)->489939K(579584K)
[1718.034s][info ][gc,metaspace   ] GC(109) Metaspace: 91205K(92416K)->91205K(92416K) NonClass: 78081K(78720K)->78081K(78720K) Class: 13123K(13696K)->13123K(13696K)
[1718.034s][info ][gc             ] GC(109) Pause Young (Allocation Failure) 2369M->484M(2530M) 7.521ms
[1718.034s][info ][gc,cpu         ] GC(109) User=0.02s Sys=0.00s Real=0.00s
[1718.034s][info ][safepoint      ] Safepoint "ParallelGCFailedAllocation", Time since last: 5415378270 ns, Reaching safepoint: 6000 ns, Cleanup: 3500 ns, At safepoint: 7594159 ns, Total: 7603659 ns
[1732.035s][info ][safepoint      ] Safepoint "Cleanup", Time since last: 14000877261 ns, Reaching safepoint: 4600 ns, Cleanup: 7100 ns, At safepoint: 1800 ns, Total: 13500 ns
[1737.035s][info ][safepoint      ] Safepoint "Cleanup", Time since last: 5000328881 ns, Reaching safepoint: 5600 ns, Cleanup: 8900 ns, At safepoint: 17700 ns, Total: 32200 ns
[1743.560s][info ][safepoint      ] Safepoint "Cleanup", Time since last: 6524597143 ns, Reaching safepoint: 59899 ns, Cleanup: 10300 ns, At safepoint: 7000 ns, Total: 77199 ns
[1745.051s][info ][gc,start       ] GC(110) Pause Young (Allocation Failure)
[1745.058s][debug][gc,phases      ] GC(110) Scavenge 6.640ms
[1745.058s][debug][gc,ref         ] GC(110) Skipped phase 1 of Reference Processing: no references
[1745.058s][debug][gc,ref         ] GC(110) ReferenceProcessor::execute queues: 1, RefProcThreadModel::Single, marks_oops_alive: false
[1745.058s][debug][gc,ref         ] GC(110) Skipped phase 3 of Reference Processing: no references
[1745.058s][debug][gc,ref         ] GC(110) ReferenceProcessor::execute queues: 1, RefProcThreadModel::Single, marks_oops_alive: false
[1745.058s][debug][gc,phases      ] GC(110) Reference Processing 0.098ms
[1745.058s][debug][gc,phases      ] GC(110)   VM Weak                        Min:  0.0, Avg:  0.0, Max:  0.0, Diff:  0.0, Sum:  0.0, Workers: 4
[1745.058s][debug][gc,phases      ] GC(110)     Dead                           Min: 0, Avg:  0.0, Max: 0, Diff: 0, Sum: 0, Workers: 4
[1745.058s][debug][gc,phases      ] GC(110)     Total                          Min: 0, Avg: 245.8, Max: 895, Diff: 895, Sum: 983, Workers: 4
[1745.058s][debug][gc,phases      ] GC(110)   ObjectSynchronizer Weak        Min:  0.0, Avg:  0.0, Max:  0.0, Diff:  0.0, Sum:  0.0, Workers: 4
[1745.058s][debug][gc,phases      ] GC(110)     Dead                           Min: 0, Avg:  0.0, Max: 0, Diff: 0, Sum: 0, Workers: 4
[1745.058s][debug][gc,phases      ] GC(110)     Total                          Min: 0, Avg:  1.5, Max: 6, Diff: 6, Sum: 6, Workers: 4
[1745.058s][debug][gc,phases      ] GC(110)   JVMTI Tag Weak OopStorage      Min:  0.0, Avg:  0.0, Max:  0.0, Diff:  0.0, Sum:  0.0, Workers: 4
[1745.058s][debug][gc,phases      ] GC(110)     Dead                           Min: 0, Avg:  0.0, Max: 0, Diff: 0, Sum: 0, Workers: 4
[1745.058s][debug][gc,phases      ] GC(110)     Total                          Min: 0, Avg:  0.0, Max: 0, Diff: 0, Sum: 0, Workers: 4
[1745.058s][debug][gc,phases      ] GC(110)   StringTable Weak               Min:  0.0, Avg:  0.1, Max:  0.1, Diff:  0.1, Sum:  0.4, Workers: 4
[1745.058s][debug][gc,phases      ] GC(110)     Dead                           Min: 0, Avg:  0.0, Max: 0, Diff: 0, Sum: 0, Workers: 4
[1745.058s][debug][gc,phases      ] GC(110)     Total                          Min: 0, Avg: 11297.2, Max: 19077, Diff: 19077, Sum: 45189, Workers: 4
[1745.058s][debug][gc,phases      ] GC(110)   ResolvedMethodTable Weak       Min:  0.0, Avg:  0.0, Max:  0.0, Diff:  0.0, Sum:  0.1, Workers: 4
[1745.058s][debug][gc,phases      ] GC(110)     Dead                           Min: 0, Avg:  0.0, Max: 0, Diff: 0, Sum: 0, Workers: 4
[1745.058s][debug][gc,phases      ] GC(110)     Total                          Min: 0, Avg: 2896.5, Max: 5183, Diff: 5183, Sum: 11586, Workers: 4
[1745.058s][debug][gc,phases      ] GC(110)   JNI Weak                       Min:  0.0, Avg:  0.0, Max:  0.0, Diff:  0.0, Sum:  0.0, Workers: 4
[1745.058s][debug][gc,phases      ] GC(110)     Dead                           Min: 0, Avg:  0.0, Max: 0, Diff: 0, Sum: 0, Workers: 4
[1745.058s][debug][gc,phases      ] GC(110)     Total                          Min: 0, Avg: 12.0, Max: 48, Diff: 48, Sum: 48, Workers: 4
[1745.058s][debug][gc,phases      ] GC(110)   StringDedup Table Weak         Min:  0.0, Avg:  0.0, Max:  0.0, Diff:  0.0, Sum:  0.0, Workers: 4
[1745.058s][debug][gc,phases      ] GC(110)     Dead                           Min: 0, Avg:  0.0, Max: 0, Diff: 0, Sum: 0, Workers: 4
[1745.058s][debug][gc,phases      ] GC(110)     Total                          Min: 0, Avg:  0.0, Max: 0, Diff: 0, Sum: 0, Workers: 4
[1745.058s][debug][gc,phases      ] GC(110)   StringDedup Requests0 Weak     Min:  0.0, Avg:  0.0, Max:  0.0, Diff:  0.0, Sum:  0.0, Workers: 4
[1745.058s][debug][gc,phases      ] GC(110)     Dead                           Min: 0, Avg:  0.0, Max: 0, Diff: 0, Sum: 0, Workers: 4
[1745.058s][debug][gc,phases      ] GC(110)     Total                          Min: 0, Avg:  0.0, Max: 0, Diff: 0, Sum: 0, Workers: 4
[1745.058s][debug][gc,phases      ] GC(110)   StringDedup Requests1 Weak     Min:  0.0, Avg:  0.0, Max:  0.0, Diff:  0.0, Sum:  0.0, Workers: 4
[1745.058s][debug][gc,phases      ] GC(110)     Dead                           Min: 0, Avg:  0.0, Max: 0, Diff: 0, Sum: 0, Workers: 4
[1745.058s][debug][gc,phases      ] GC(110)     Total                          Min: 0, Avg:  0.0, Max: 0, Diff: 0, Sum: 0, Workers: 4
[1745.058s][debug][gc,phases      ] GC(110)   Weak JFR Old Object Samples    Min:  0.0, Avg:  0.0, Max:  0.0, Diff:  0.0, Sum:  0.0, Workers: 4
[1745.058s][debug][gc,phases      ] GC(110)     Dead                           Min: 0, Avg:  0.0, Max: 0, Diff: 0, Sum: 0, Workers: 4
[1745.058s][debug][gc,phases      ] GC(110)     Total                          Min: 0, Avg:  0.0, Max: 0, Diff: 0, Sum: 0, Workers: 4
[1745.058s][debug][gc,phases      ] GC(110) Weak Processing 0.334ms
[1745.058s][debug][gc,age         ] GC(110) Desired survivor size 73924608 bytes, new threshold 15 (max threshold 15)
[1745.058s][info ][gc,heap        ] GC(110) PSYoungGen: 1936992K(2011648K)->5728K(2024960K) Eden: 1930752K(1930752K)->0K(1948160K) From: 6240K(80896K)->5728K(76800K)
[1745.058s][info ][gc,heap        ] GC(110) ParOldGen: 489939K(579584K)->490015K(579584K)
[1745.058s][info ][gc,metaspace   ] GC(110) Metaspace: 91205K(92416K)->91205K(92416K) NonClass: 78081K(78720K)->78081K(78720K) Class: 13123K(13696K)->13123K(13696K)
[1745.058s][info ][gc             ] GC(110) Pause Young (Allocation Failure) 2370M->484M(2543M) 7.183ms
[1745.058s][info ][gc,cpu         ] GC(110) User=0.02s Sys=0.00s Real=0.01s
[1745.058s][info ][safepoint      ] Safepoint "ParallelGCFailedAllocation", Time since last: 1491300026 ns, Reaching safepoint: 5300 ns, Cleanup: 3200 ns, At safepoint: 7244561 ns, Total: 7253061 ns
[1758.059s][info ][safepoint      ] Safepoint "Cleanup", Time since last: 13000860802 ns, Reaching safepoint: 57200 ns, Cleanup: 12300 ns, At safepoint: 6400 ns, Total: 75900 ns
[1759.060s][info ][safepoint      ] Safepoint "Cleanup", Time since last: 1000088733 ns, Reaching safepoint: 5100 ns, Cleanup: 9900 ns, At safepoint: 2100 ns, Total: 17100 ns
[1760.060s][info ][safepoint      ] Safepoint "Cleanup", Time since last: 1000088233 ns, Reaching safepoint: 75000 ns, Cleanup: 7600 ns, At safepoint: 5500 ns, Total: 88100 ns
[1772.061s][info ][safepoint      ] Safepoint "Cleanup", Time since last: 12000811201 ns, Reaching safepoint: 5600 ns, Cleanup: 22000 ns, At safepoint: 2400 ns, Total: 30000 ns
[1772.716s][info ][gc,start       ] GC(111) Pause Young (Allocation Failure)
[1772.722s][debug][gc,phases      ] GC(111) Scavenge 6.057ms
[1772.722s][debug][gc,ref         ] GC(111) Skipped phase 1 of Reference Processing: no references
[1772.722s][debug][gc,ref         ] GC(111) ReferenceProcessor::execute queues: 1, RefProcThreadModel::Single, marks_oops_alive: false
[1772.722s][debug][gc,ref         ] GC(111) Skipped phase 3 of Reference Processing: no references
[1772.722s][debug][gc,ref         ] GC(111) ReferenceProcessor::execute queues: 1, RefProcThreadModel::Single, marks_oops_alive: false
[1772.722s][debug][gc,phases      ] GC(111) Reference Processing 0.096ms
[1772.722s][debug][gc,phases      ] GC(111)   VM Weak                        Min:  0.0, Avg:  0.0, Max:  0.0, Diff:  0.0, Sum:  0.0, Workers: 4
[1772.722s][debug][gc,phases      ] GC(111)     Dead                           Min: 0, Avg:  0.0, Max: 0, Diff: 0, Sum: 0, Workers: 4
[1772.723s][debug][gc,phases      ] GC(111)     Total                          Min: 0, Avg: 245.8, Max: 664, Diff: 664, Sum: 983, Workers: 4
[1772.723s][debug][gc,phases      ] GC(111)   ObjectSynchronizer Weak        Min:  0.0, Avg:  0.0, Max:  0.0, Diff:  0.0, Sum:  0.0, Workers: 4
[1772.723s][debug][gc,phases      ] GC(111)     Dead                           Min: 0, Avg:  0.0, Max: 0, Diff: 0, Sum: 0, Workers: 4
[1772.723s][debug][gc,phases      ] GC(111)     Total                          Min: 0, Avg:  1.5, Max: 6, Diff: 6, Sum: 6, Workers: 4
[1772.723s][debug][gc,phases      ] GC(111)   JVMTI Tag Weak OopStorage      Min:  0.0, Avg:  0.0, Max:  0.0, Diff:  0.0, Sum:  0.0, Workers: 4
[1772.723s][debug][gc,phases      ] GC(111)     Dead                           Min: 0, Avg:  0.0, Max: 0, Diff: 0, Sum: 0, Workers: 4
[1772.723s][debug][gc,phases      ] GC(111)     Total                          Min: 0, Avg:  0.0, Max: 0, Diff: 0, Sum: 0, Workers: 4
[1772.723s][debug][gc,phases      ] GC(111)   StringTable Weak               Min:  0.0, Avg:  0.1, Max:  0.2, Diff:  0.2, Sum:  0.3, Workers: 4
[1772.723s][debug][gc,phases      ] GC(111)     Dead                           Min: 0, Avg:  0.0, Max: 0, Diff: 0, Sum: 0, Workers: 4
[1772.723s][debug][gc,phases      ] GC(111)     Total                          Min: 0, Avg: 11297.5, Max: 28166, Diff: 28166, Sum: 45190, Workers: 4
[1772.723s][debug][gc,phases      ] GC(111)   ResolvedMethodTable Weak       Min:  0.0, Avg:  0.0, Max:  0.0, Diff:  0.0, Sum:  0.1, Workers: 4
[1772.723s][debug][gc,phases      ] GC(111)     Dead                           Min: 0, Avg:  0.0, Max: 0, Diff: 0, Sum: 0, Workers: 4
[1772.723s][debug][gc,phases      ] GC(111)     Total                          Min: 0, Avg: 2896.5, Max: 7106, Diff: 7106, Sum: 11586, Workers: 4
[1772.723s][debug][gc,phases      ] GC(111)   JNI Weak                       Min:  0.0, Avg:  0.0, Max:  0.0, Diff:  0.0, Sum:  0.0, Workers: 4
[1772.723s][debug][gc,phases      ] GC(111)     Dead                           Min: 0, Avg:  0.0, Max: 0, Diff: 0, Sum: 0, Workers: 4
[1772.723s][debug][gc,phases      ] GC(111)     Total                          Min: 0, Avg: 12.0, Max: 48, Diff: 48, Sum: 48, Workers: 4
[1772.723s][debug][gc,phases      ] GC(111)   StringDedup Table Weak         Min:  0.0, Avg:  0.0, Max:  0.0, Diff:  0.0, Sum:  0.0, Workers: 4
[1772.723s][debug][gc,phases      ] GC(111)     Dead                           Min: 0, Avg:  0.0, Max: 0, Diff: 0, Sum: 0, Workers: 4
[1772.723s][debug][gc,phases      ] GC(111)     Total                          Min: 0, Avg:  0.0, Max: 0, Diff: 0, Sum: 0, Workers: 4
[1772.723s][debug][gc,phases      ] GC(111)   StringDedup Requests0 Weak     Min:  0.0, Avg:  0.0, Max:  0.0, Diff:  0.0, Sum:  0.0, Workers: 4
[1772.723s][debug][gc,phases      ] GC(111)     Dead                           Min: 0, Avg:  0.0, Max: 0, Diff: 0, Sum: 0, Workers: 4
[1772.723s][debug][gc,phases      ] GC(111)     Total                          Min: 0, Avg:  0.0, Max: 0, Diff: 0, Sum: 0, Workers: 4
[1772.723s][debug][gc,phases      ] GC(111)   StringDedup Requests1 Weak     Min:  0.0, Avg:  0.0, Max:  0.0, Diff:  0.0, Sum:  0.0, Workers: 4
[1772.723s][debug][gc,phases      ] GC(111)     Dead                           Min: 0, Avg:  0.0, Max: 0, Diff: 0, Sum: 0, Workers: 4
[1772.723s][debug][gc,phases      ] GC(111)     Total                          Min: 0, Avg:  0.0, Max: 0, Diff: 0, Sum: 0, Workers: 4
[1772.723s][debug][gc,phases      ] GC(111)   Weak JFR Old Object Samples    Min:  0.0, Avg:  0.0, Max:  0.0, Diff:  0.0, Sum:  0.0, Workers: 4
[1772.723s][debug][gc,phases      ] GC(111)     Dead                           Min: 0, Avg:  0.0, Max: 0, Diff: 0, Sum: 0, Workers: 4
[1772.723s][debug][gc,phases      ] GC(111)     Total                          Min: 0, Avg:  0.0, Max: 0, Diff: 0, Sum: 0, Workers: 4
[1772.723s][debug][gc,phases      ] GC(111) Weak Processing 0.385ms
[1772.723s][debug][gc,age         ] GC(111) Desired survivor size 70254592 bytes, new threshold 15 (max threshold 15)
[1772.723s][info ][gc,heap        ] GC(111) PSYoungGen: 1953888K(2024960K)->5952K(2020352K) Eden: 1948160K(1948160K)->0K(1948160K) From: 5728K(76800K)->5952K(72192K)
[1772.723s][info ][gc,heap        ] GC(111) ParOldGen: 490015K(579584K)->490159K(579584K)
[1772.723s][info ][gc,metaspace   ] GC(111) Metaspace: 91206K(92416K)->91206K(92416K) NonClass: 78082K(78720K)->78082K(78720K) Class: 13123K(13696K)->13123K(13696K)
[1772.723s][info ][gc             ] GC(111) Pause Young (Allocation Failure) 2386M->484M(2539M) 6.623ms
[1772.723s][info ][gc,cpu         ] GC(111) User=0.02s Sys=0.00s Real=0.00s
[1772.723s][info ][safepoint      ] Safepoint "ParallelGCFailedAllocation", Time since last: 655454139 ns, Reaching safepoint: 5400 ns, Cleanup: 3500 ns, At safepoint: 6684565 ns, Total: 6693465 ns
[1774.723s][info ][safepoint      ] Safepoint "Cleanup", Time since last: 2000149139 ns, Reaching safepoint: 4700 ns, Cleanup: 6500 ns, At safepoint: 1800 ns, Total: 13000 ns
[1784.724s][info ][safepoint      ] Safepoint "Cleanup", Time since last: 10000697688 ns, Reaching safepoint: 5200 ns, Cleanup: 25100 ns, At safepoint: 1900 ns, Total: 32200 ns
[1786.724s][info ][safepoint      ] Safepoint "Cleanup", Time since last: 2000173489 ns, Reaching safepoint: 5200 ns, Cleanup: 10100 ns, At safepoint: 2900 ns, Total: 18200 ns
[1787.724s][info ][safepoint      ] Safepoint "Cleanup", Time since last: 1000101444 ns, Reaching safepoint: 6100 ns, Cleanup: 34400 ns, At safepoint: 1800 ns, Total: 42300 ns
[1788.724s][info ][safepoint      ] Safepoint "Cleanup", Time since last: 1000105544 ns, Reaching safepoint: 6200 ns, Cleanup: 19500 ns, At safepoint: 8500 ns, Total: 34200 ns
[1794.724s][info ][safepoint      ] Safepoint "Cleanup", Time since last: 6000377619 ns, Reaching safepoint: 6600 ns, Cleanup: 13100 ns, At safepoint: 6699 ns, Total: 26399 ns
[1799.725s][info ][safepoint      ] Safepoint "Cleanup", Time since last: 5000382753 ns, Reaching safepoint: 4100 ns, Cleanup: 7400 ns, At safepoint: 1700 ns, Total: 13200 ns
[1799.998s][info ][gc,start       ] GC(112) Pause Young (Allocation Failure)
[1800.004s][debug][gc,phases      ] GC(112) Scavenge 5.467ms
[1800.004s][debug][gc,ref         ] GC(112) Skipped phase 1 of Reference Processing: no references
[1800.004s][debug][gc,ref         ] GC(112) ReferenceProcessor::execute queues: 1, RefProcThreadModel::Single, marks_oops_alive: false
[1800.004s][debug][gc,ref         ] GC(112) ReferenceProcessor::execute queues: 4, RefProcThreadModel::Multi, marks_oops_alive: true
[1800.004s][debug][gc,ref         ] GC(112) ReferenceProcessor::execute queues: 1, RefProcThreadModel::Single, marks_oops_alive: false
[1800.004s][debug][gc,phases      ] GC(112) Reference Processing 0.167ms
[1800.004s][debug][gc,phases      ] GC(112)   VM Weak                        Min:  0.0, Avg:  0.0, Max:  0.0, Diff:  0.0, Sum:  0.0, Workers: 4
[1800.004s][debug][gc,phases      ] GC(112)     Dead                           Min: 0, Avg:  0.0, Max: 0, Diff: 0, Sum: 0, Workers: 4
[1800.004s][debug][gc,phases      ] GC(112)     Total                          Min: 0, Avg: 246.2, Max: 895, Diff: 895, Sum: 985, Workers: 4
[1800.004s][debug][gc,phases      ] GC(112)   ObjectSynchronizer Weak        Min:  0.0, Avg:  0.0, Max:  0.0, Diff:  0.0, Sum:  0.0, Workers: 4
[1800.004s][debug][gc,phases      ] GC(112)     Dead                           Min: 0, Avg:  0.0, Max: 0, Diff: 0, Sum: 0, Workers: 4
[1800.004s][debug][gc,phases      ] GC(112)     Total                          Min: 0, Avg:  1.5, Max: 6, Diff: 6, Sum: 6, Workers: 4
[1800.004s][debug][gc,phases      ] GC(112)   JVMTI Tag Weak OopStorage      Min:  0.0, Avg:  0.0, Max:  0.0, Diff:  0.0, Sum:  0.0, Workers: 4
[1800.004s][debug][gc,phases      ] GC(112)     Dead                           Min: 0, Avg:  0.0, Max: 0, Diff: 0, Sum: 0, Workers: 4
[1800.004s][debug][gc,phases      ] GC(112)     Total                          Min: 0, Avg:  0.0, Max: 0, Diff: 0, Sum: 0, Workers: 4
[1800.004s][debug][gc,phases      ] GC(112)   StringTable Weak               Min:  0.0, Avg:  0.1, Max:  0.1, Diff:  0.1, Sum:  0.4, Workers: 4
[1800.004s][debug][gc,phases      ] GC(112)     Dead                           Min: 0, Avg:  0.0, Max: 0, Diff: 0, Sum: 0, Workers: 4
[1800.004s][debug][gc,phases      ] GC(112)     Total                          Min: 0, Avg: 11298.8, Max: 20096, Diff: 20096, Sum: 45195, Workers: 4
[1800.004s][debug][gc,phases      ] GC(112)   ResolvedMethodTable Weak       Min:  0.0, Avg:  0.0, Max:  0.0, Diff:  0.0, Sum:  0.1, Workers: 4
[1800.004s][debug][gc,phases      ] GC(112)     Dead                           Min: 0, Avg:  0.0, Max: 0, Diff: 0, Sum: 0, Workers: 4
[1800.004s][debug][gc,phases      ] GC(112)     Total                          Min: 0, Avg: 2896.5, Max: 5122, Diff: 5122, Sum: 11586, Workers: 4
[1800.004s][debug][gc,phases      ] GC(112)   JNI Weak                       Min:  0.0, Avg:  0.0, Max:  0.0, Diff:  0.0, Sum:  0.0, Workers: 4
[1800.004s][debug][gc,phases      ] GC(112)     Dead                           Min: 0, Avg:  0.0, Max: 0, Diff: 0, Sum: 0, Workers: 4
[1800.004s][debug][gc,phases      ] GC(112)     Total                          Min: 0, Avg: 12.0, Max: 48, Diff: 48, Sum: 48, Workers: 4
[1800.004s][debug][gc,phases      ] GC(112)   StringDedup Table Weak         Min:  0.0, Avg:  0.0, Max:  0.0, Diff:  0.0, Sum:  0.0, Workers: 4
[1800.004s][debug][gc,phases      ] GC(112)     Dead                           Min: 0, Avg:  0.0, Max: 0, Diff: 0, Sum: 0, Workers: 4
[1800.004s][debug][gc,phases      ] GC(112)     Total                          Min: 0, Avg:  0.0, Max: 0, Diff: 0, Sum: 0, Workers: 4
[1800.004s][debug][gc,phases      ] GC(112)   StringDedup Requests0 Weak     Min:  0.0, Avg:  0.0, Max:  0.0, Diff:  0.0, Sum:  0.0, Workers: 4
[1800.004s][debug][gc,phases      ] GC(112)     Dead                           Min: 0, Avg:  0.0, Max: 0, Diff: 0, Sum: 0, Workers: 4
[1800.004s][debug][gc,phases      ] GC(112)     Total                          Min: 0, Avg:  0.0, Max: 0, Diff: 0, Sum: 0, Workers: 4
[1800.004s][debug][gc,phases      ] GC(112)   StringDedup Requests1 Weak     Min:  0.0, Avg:  0.0, Max:  0.0, Diff:  0.0, Sum:  0.0, Workers: 4
[1800.004s][debug][gc,phases      ] GC(112)     Dead                           Min: 0, Avg:  0.0, Max: 0, Diff: 0, Sum: 0, Workers: 4
[1800.004s][debug][gc,phases      ] GC(112)     Total                          Min: 0, Avg:  0.0, Max: 0, Diff: 0, Sum: 0, Workers: 4
[1800.004s][debug][gc,phases      ] GC(112)   Weak JFR Old Object Samples    Min:  0.0, Avg:  0.0, Max:  0.0, Diff:  0.0, Sum:  0.0, Workers: 4
[1800.004s][debug][gc,phases      ] GC(112)     Dead                           Min: 0, Avg:  0.0, Max: 0, Diff: 0, Sum: 0, Workers: 4
[1800.004s][debug][gc,phases      ] GC(112)     Total                          Min: 0, Avg:  0.0, Max: 0, Diff: 0, Sum: 0, Workers: 4
[1800.004s][debug][gc,phases      ] GC(112) Weak Processing 0.390ms
[1800.004s][debug][gc,age         ] GC(112) Desired survivor size 65011712 bytes, new threshold 15 (max threshold 15)
[1800.004s][info ][gc,heap        ] GC(112) PSYoungGen: 1954112K(2020352K)->11852K(2033664K) Eden: 1948160K(1948160K)->0K(1965056K) From: 5952K(72192K)->11852K(68608K)
[1800.004s][info ][gc,heap        ] GC(112) ParOldGen: 490159K(579584K)->490215K(579584K)
[1800.004s][info ][gc,metaspace   ] GC(112) Metaspace: 91272K(92480K)->91272K(92480K) NonClass: 78147K(78784K)->78147K(78784K) Class: 13125K(13696K)->13125K(13696K)
[1800.004s][info ][gc             ] GC(112) Pause Young (Allocation Failure) 2386M->490M(2552M) 6.120ms
[1800.004s][info ][gc,cpu         ] GC(112) User=0.02s Sys=0.00s Real=0.01s
[1800.004s][info ][safepoint      ] Safepoint "ParallelGCFailedAllocation", Time since last: 273436353 ns, Reaching safepoint: 6700 ns, Cleanup: 4200 ns, At safepoint: 6193967 ns, Total: 6204867 ns
[1801.580s][info ][safepoint      ] Safepoint "Cleanup", Time since last: 1570091947 ns, Reaching safepoint: 5317771 ns, Cleanup: 25700 ns, At safepoint: 10300 ns, Total: 5353771 ns
[1806.583s][info ][safepoint      ] Safepoint "Cleanup", Time since last: 5003171119 ns, Reaching safepoint: 7600 ns, Cleanup: 10300 ns, At safepoint: 2800 ns, Total: 20700 ns
[1813.584s][info ][safepoint      ] Safepoint "Cleanup", Time since last: 7000544378 ns, Reaching safepoint: 5300 ns, Cleanup: 8900 ns, At safepoint: 1900 ns, Total: 16100 ns
[1817.584s][info ][safepoint      ] Safepoint "Cleanup", Time since last: 4000292748 ns, Reaching safepoint: 5500 ns, Cleanup: 16700 ns, At safepoint: 1800 ns, Total: 24000 ns
[1818.584s][info ][safepoint      ] Safepoint "Cleanup", Time since last: 1000093996 ns, Reaching safepoint: 4600 ns, Cleanup: 11100 ns, At safepoint: 1600 ns, Total: 17300 ns
[1825.585s][info ][safepoint      ] Safepoint "Cleanup", Time since last: 7000464725 ns, Reaching safepoint: 4200 ns, Cleanup: 6600 ns, At safepoint: 1700 ns, Total: 12500 ns
[1827.549s][info ][gc,start       ] GC(113) Pause Young (Allocation Failure)
[1827.554s][debug][gc,phases      ] GC(113) Scavenge 5.262ms
[1827.554s][debug][gc,ref         ] GC(113) Skipped phase 1 of Reference Processing: no references
[1827.554s][debug][gc,ref         ] GC(113) ReferenceProcessor::execute queues: 1, RefProcThreadModel::Single, marks_oops_alive: false
[1827.554s][debug][gc,ref         ] GC(113) Skipped phase 3 of Reference Processing: no references
[1827.554s][debug][gc,ref         ] GC(113) ReferenceProcessor::execute queues: 1, RefProcThreadModel::Single, marks_oops_alive: false
[1827.554s][debug][gc,phases      ] GC(113) Reference Processing 0.103ms
[1827.554s][debug][gc,phases      ] GC(113)   VM Weak                        Min:  0.0, Avg:  0.0, Max:  0.0, Diff:  0.0, Sum:  0.0, Workers: 4
[1827.554s][debug][gc,phases      ] GC(113)     Dead                           Min: 0, Avg:  0.0, Max: 0, Diff: 0, Sum: 0, Workers: 4
[1827.554s][debug][gc,phases      ] GC(113)     Total                          Min: 0, Avg: 246.2, Max: 575, Diff: 575, Sum: 985, Workers: 4
[1827.554s][debug][gc,phases      ] GC(113)   ObjectSynchronizer Weak        Min:  0.0, Avg:  0.0, Max:  0.0, Diff:  0.0, Sum:  0.0, Workers: 4
[1827.554s][debug][gc,phases      ] GC(113)     Dead                           Min: 0, Avg:  0.0, Max: 0, Diff: 0, Sum: 0, Workers: 4
[1827.554s][debug][gc,phases      ] GC(113)     Total                          Min: 0, Avg:  1.5, Max: 6, Diff: 6, Sum: 6, Workers: 4
[1827.554s][debug][gc,phases      ] GC(113)   JVMTI Tag Weak OopStorage      Min:  0.0, Avg:  0.0, Max:  0.0, Diff:  0.0, Sum:  0.0, Workers: 4
[1827.554s][debug][gc,phases      ] GC(113)     Dead                           Min: 0, Avg:  0.0, Max: 0, Diff: 0, Sum: 0, Workers: 4
[1827.554s][debug][gc,phases      ] GC(113)     Total                          Min: 0, Avg:  0.0, Max: 0, Diff: 0, Sum: 0, Workers: 4
[1827.554s][debug][gc,phases      ] GC(113)   StringTable Weak               Min:  0.1, Avg:  0.1, Max:  0.1, Diff:  0.0, Sum:  0.4, Workers: 4
[1827.554s][debug][gc,phases      ] GC(113)     Dead                           Min: 0, Avg:  0.5, Max: 2, Diff: 2, Sum: 2, Workers: 4
[1827.554s][debug][gc,phases      ] GC(113)     Total                          Min: 10496, Avg: 11303.5, Max: 11808, Diff: 1312, Sum: 45214, Workers: 4
[1827.554s][debug][gc,phases      ] GC(113)   ResolvedMethodTable Weak       Min:  0.0, Avg:  0.0, Max:  0.0, Diff:  0.0, Sum:  0.1, Workers: 4
[1827.554s][debug][gc,phases      ] GC(113)     Dead                           Min: 0, Avg:  0.0, Max: 0, Diff: 0, Sum: 0, Workers: 4
[1827.554s][debug][gc,phases      ] GC(113)     Total                          Min: 2816, Avg: 2904.0, Max: 2977, Diff: 161, Sum: 11616, Workers: 4
[1827.554s][debug][gc,phases      ] GC(113)   JNI Weak                       Min:  0.0, Avg:  0.0, Max:  0.0, Diff:  0.0, Sum:  0.0, Workers: 4
[1827.555s][debug][gc,phases      ] GC(113)     Dead                           Min: 0, Avg:  0.0, Max: 0, Diff: 0, Sum: 0, Workers: 4
[1827.555s][debug][gc,phases      ] GC(113)     Total                          Min: 0, Avg: 12.0, Max: 48, Diff: 48, Sum: 48, Workers: 4
[1827.555s][debug][gc,phases      ] GC(113)   StringDedup Table Weak         Min:  0.0, Avg:  0.0, Max:  0.0, Diff:  0.0, Sum:  0.0, Workers: 4
[1827.555s][debug][gc,phases      ] GC(113)     Dead                           Min: 0, Avg:  0.0, Max: 0, Diff: 0, Sum: 0, Workers: 4
[1827.555s][debug][gc,phases      ] GC(113)     Total                          Min: 0, Avg:  0.0, Max: 0, Diff: 0, Sum: 0, Workers: 4
[1827.555s][debug][gc,phases      ] GC(113)   StringDedup Requests0 Weak     Min:  0.0, Avg:  0.0, Max:  0.0, Diff:  0.0, Sum:  0.0, Workers: 4
[1827.555s][debug][gc,phases      ] GC(113)     Dead                           Min: 0, Avg:  0.0, Max: 0, Diff: 0, Sum: 0, Workers: 4
[1827.555s][debug][gc,phases      ] GC(113)     Total                          Min: 0, Avg:  0.0, Max: 0, Diff: 0, Sum: 0, Workers: 4
[1827.555s][debug][gc,phases      ] GC(113)   StringDedup Requests1 Weak     Min:  0.0, Avg:  0.0, Max:  0.0, Diff:  0.0, Sum:  0.0, Workers: 4
[1827.555s][debug][gc,phases      ] GC(113)     Dead                           Min: 0, Avg:  0.0, Max: 0, Diff: 0, Sum: 0, Workers: 4
[1827.555s][debug][gc,phases      ] GC(113)     Total                          Min: 0, Avg:  0.0, Max: 0, Diff: 0, Sum: 0, Workers: 4
[1827.555s][debug][gc,phases      ] GC(113)   Weak JFR Old Object Samples    Min:  0.0, Avg:  0.0, Max:  0.0, Diff:  0.0, Sum:  0.0, Workers: 4
[1827.555s][debug][gc,phases      ] GC(113)     Dead                           Min: 0, Avg:  0.0, Max: 0, Diff: 0, Sum: 0, Workers: 4
[1827.555s][debug][gc,phases      ] GC(113)     Total                          Min: 0, Avg:  0.0, Max: 0, Diff: 0, Sum: 0, Workers: 4
[1827.555s][debug][gc,phases      ] GC(113) Weak Processing 0.325ms
[1827.555s][debug][gc,age         ] GC(113) Desired survivor size 60293120 bytes, new threshold 15 (max threshold 15)
[1827.555s][info ][gc,heap        ] GC(113) PSYoungGen: 1976908K(2033664K)->11884K(2028544K) Eden: 1965056K(1965056K)->0K(1965056K) From: 11852K(68608K)->11884K(63488K)
[1827.555s][info ][gc,heap        ] GC(113) ParOldGen: 490215K(579584K)->490263K(579584K)
[1827.555s][info ][gc,metaspace   ] GC(113) Metaspace: 91370K(92608K)->91370K(92608K) NonClass: 78227K(78912K)->78227K(78912K) Class: 13142K(13696K)->13142K(13696K)
[1827.555s][info ][gc             ] GC(113) Pause Young (Allocation Failure) 2409M->490M(2547M) 5.785ms
[1827.555s][info ][gc,cpu         ] GC(113) User=0.02s Sys=0.00s Real=0.00s
[1827.555s][info ][safepoint      ] Safepoint "ParallelGCFailedAllocation", Time since last: 1964172424 ns, Reaching safepoint: 5000 ns, Cleanup: 3900 ns, At safepoint: 5843882 ns, Total: 5852782 ns
[1838.555s][info ][safepoint      ] Safepoint "Cleanup", Time since last: 11000773266 ns, Reaching safepoint: 72400 ns, Cleanup: 8600 ns, At safepoint: 5500 ns, Total: 86500 ns
[1842.556s][info ][safepoint      ] Safepoint "Cleanup", Time since last: 4000298175 ns, Reaching safepoint: 73200 ns, Cleanup: 7600 ns, At safepoint: 5100 ns, Total: 85900 ns
[1848.556s][info ][safepoint      ] Safepoint "Cleanup", Time since last: 6000414978 ns, Reaching safepoint: 77199 ns, Cleanup: 12600 ns, At safepoint: 5100 ns, Total: 94899 ns
[1852.557s][info ][safepoint      ] Safepoint "Cleanup", Time since last: 4000305248 ns, Reaching safepoint: 78300 ns, Cleanup: 16100 ns, At safepoint: 6500 ns, Total: 100900 ns
[1853.557s][info ][safepoint      ] Safepoint "Cleanup", Time since last: 1000109286 ns, Reaching safepoint: 72900 ns, Cleanup: 11400 ns, At safepoint: 5100 ns, Total: 89400 ns
[1855.557s][info ][safepoint      ] Safepoint "Cleanup", Time since last: 2000177374 ns, Reaching safepoint: 76899 ns, Cleanup: 11700 ns, At safepoint: 22300 ns, Total: 110899 ns
[1857.455s][info ][gc,start       ] GC(114) Pause Young (Allocation Failure)
[1857.460s][debug][gc,phases      ] GC(114) Scavenge 5.701ms
[1857.461s][debug][gc,ref         ] GC(114) Skipped phase 1 of Reference Processing: no references
[1857.461s][debug][gc,ref         ] GC(114) ReferenceProcessor::execute queues: 1, RefProcThreadModel::Single, marks_oops_alive: false
[1857.461s][debug][gc,ref         ] GC(114) Skipped phase 3 of Reference Processing: no references
[1857.461s][debug][gc,ref         ] GC(114) ReferenceProcessor::execute queues: 1, RefProcThreadModel::Single, marks_oops_alive: false
[1857.461s][debug][gc,phases      ] GC(114) Reference Processing 0.112ms
[1857.461s][debug][gc,phases      ] GC(114)   VM Weak                        Min:  0.0, Avg:  0.0, Max:  0.0, Diff:  0.0, Sum:  0.0, Workers: 4
[1857.461s][debug][gc,phases      ] GC(114)     Dead                           Min: 0, Avg:  0.0, Max: 0, Diff: 0, Sum: 0, Workers: 4
[1857.461s][debug][gc,phases      ] GC(114)     Total                          Min: 0, Avg: 246.2, Max: 794, Diff: 794, Sum: 985, Workers: 4
[1857.461s][debug][gc,phases      ] GC(114)   ObjectSynchronizer Weak        Min:  0.0, Avg:  0.0, Max:  0.0, Diff:  0.0, Sum:  0.0, Workers: 4
[1857.461s][debug][gc,phases      ] GC(114)     Dead                           Min: 0, Avg:  0.0, Max: 0, Diff: 0, Sum: 0, Workers: 4
[1857.461s][debug][gc,phases      ] GC(114)     Total                          Min: 0, Avg:  1.5, Max: 6, Diff: 6, Sum: 6, Workers: 4
[1857.461s][debug][gc,phases      ] GC(114)   JVMTI Tag Weak OopStorage      Min:  0.0, Avg:  0.0, Max:  0.0, Diff:  0.0, Sum:  0.0, Workers: 4
[1857.461s][debug][gc,phases      ] GC(114)     Dead                           Min: 0, Avg:  0.0, Max: 0, Diff: 0, Sum: 0, Workers: 4
[1857.461s][debug][gc,phases      ] GC(114)     Total                          Min: 0, Avg:  0.0, Max: 0, Diff: 0, Sum: 0, Workers: 4
[1857.461s][debug][gc,phases      ] GC(114)   StringTable Weak               Min:  0.0, Avg:  0.1, Max:  0.1, Diff:  0.1, Sum:  0.4, Workers: 4
[1857.461s][debug][gc,phases      ] GC(114)     Dead                           Min: 0, Avg:  0.0, Max: 0, Diff: 0, Sum: 0, Workers: 4
[1857.461s][debug][gc,phases      ] GC(114)     Total                          Min: 0, Avg: 11303.5, Max: 19582, Diff: 19582, Sum: 45214, Workers: 4
[1857.461s][debug][gc,phases      ] GC(114)   ResolvedMethodTable Weak       Min:  0.0, Avg:  0.0, Max:  0.0, Diff:  0.0, Sum:  0.1, Workers: 4
[1857.461s][debug][gc,phases      ] GC(114)     Dead                           Min: 0, Avg:  0.0, Max: 0, Diff: 0, Sum: 0, Workers: 4
[1857.461s][debug][gc,phases      ] GC(114)     Total                          Min: 0, Avg: 2904.0, Max: 5216, Diff: 5216, Sum: 11616, Workers: 4
[1857.461s][debug][gc,phases      ] GC(114)   JNI Weak                       Min:  0.0, Avg:  0.0, Max:  0.0, Diff:  0.0, Sum:  0.0, Workers: 4
[1857.461s][debug][gc,phases      ] GC(114)     Dead                           Min: 0, Avg:  0.0, Max: 0, Diff: 0, Sum: 0, Workers: 4
[1857.461s][debug][gc,phases      ] GC(114)     Total                          Min: 0, Avg: 12.0, Max: 48, Diff: 48, Sum: 48, Workers: 4
[1857.461s][debug][gc,phases      ] GC(114)   StringDedup Table Weak         Min:  0.0, Avg:  0.0, Max:  0.0, Diff:  0.0, Sum:  0.0, Workers: 4
[1857.461s][debug][gc,phases      ] GC(114)     Dead                           Min: 0, Avg:  0.0, Max: 0, Diff: 0, Sum: 0, Workers: 4
[1857.461s][debug][gc,phases      ] GC(114)     Total                          Min: 0, Avg:  0.0, Max: 0, Diff: 0, Sum: 0, Workers: 4
[1857.461s][debug][gc,phases      ] GC(114)   StringDedup Requests0 Weak     Min:  0.0, Avg:  0.0, Max:  0.0, Diff:  0.0, Sum:  0.0, Workers: 4
[1857.461s][debug][gc,phases      ] GC(114)     Dead                           Min: 0, Avg:  0.0, Max: 0, Diff: 0, Sum: 0, Workers: 4
[1857.461s][debug][gc,phases      ] GC(114)     Total                          Min: 0, Avg:  0.0, Max: 0, Diff: 0, Sum: 0, Workers: 4
[1857.461s][debug][gc,phases      ] GC(114)   StringDedup Requests1 Weak     Min:  0.0, Avg:  0.0, Max:  0.0, Diff:  0.0, Sum:  0.0, Workers: 4
[1857.461s][debug][gc,phases      ] GC(114)     Dead                           Min: 0, Avg:  0.0, Max: 0, Diff: 0, Sum: 0, Workers: 4
[1857.461s][debug][gc,phases      ] GC(114)     Total                          Min: 0, Avg:  0.0, Max: 0, Diff: 0, Sum: 0, Workers: 4
[1857.461s][debug][gc,phases      ] GC(114)   Weak JFR Old Object Samples    Min:  0.0, Avg:  0.0, Max:  0.0, Diff:  0.0, Sum:  0.0, Workers: 4
[1857.461s][debug][gc,phases      ] GC(114)     Dead                           Min: 0, Avg:  0.0, Max: 0, Diff: 0, Sum: 0, Workers: 4
[1857.461s][debug][gc,phases      ] GC(114)     Total                          Min: 0, Avg:  0.0, Max: 0, Diff: 0, Sum: 0, Workers: 4
[1857.461s][debug][gc,phases      ] GC(114) Weak Processing 0.337ms
[1857.461s][debug][gc,age         ] GC(114) Desired survivor size 56098816 bytes, new threshold 15 (max threshold 15)
[1857.461s][info ][gc,heap        ] GC(114) PSYoungGen: 1976940K(2028544K)->12502K(2042368K) Eden: 1965056K(1965056K)->0K(1983488K) From: 11884K(63488K)->12502K(58880K)
[1857.461s][info ][gc,heap        ] GC(114) ParOldGen: 490263K(579584K)->490303K(579584K)
[1857.461s][info ][gc,metaspace   ] GC(114) Metaspace: 91377K(92608K)->91377K(92608K) NonClass: 78234K(78912K)->78234K(78912K) Class: 13142K(13696K)->13142K(13696K)
[1857.461s][info ][gc             ] GC(114) Pause Young (Allocation Failure) 2409M->491M(2560M) 6.257ms
[1857.461s][info ][gc,cpu         ] GC(114) User=0.02s Sys=0.00s Real=0.01s
[1857.461s][info ][safepoint      ] Safepoint "ParallelGCFailedAllocation", Time since last: 1897442395 ns, Reaching safepoint: 5300 ns, Cleanup: 3200 ns, At safepoint: 6319867 ns, Total: 6328367 ns
[1858.461s][info ][safepoint      ] Safepoint "Cleanup", Time since last: 1000086978 ns, Reaching safepoint: 14500 ns, Cleanup: 13900 ns, At safepoint: 5000 ns, Total: 33400 ns
[1866.596s][info ][safepoint      ] Safepoint "Cleanup", Time since last: 8135091934 ns, Reaching safepoint: 6000 ns, Cleanup: 6800 ns, At safepoint: 2000 ns, Total: 14800 ns
[1867.596s][info ][safepoint      ] Safepoint "Cleanup", Time since last: 1000100183 ns, Reaching safepoint: 5500 ns, Cleanup: 10699 ns, At safepoint: 1800 ns, Total: 17999 ns
[1874.597s][info ][safepoint      ] Safepoint "Cleanup", Time since last: 7000442731 ns, Reaching safepoint: 4900 ns, Cleanup: 7200 ns, At safepoint: 1900 ns, Total: 14000 ns
[1877.597s][info ][safepoint      ] Safepoint "Cleanup", Time since last: 3000242321 ns, Reaching safepoint: 5000 ns, Cleanup: 12600 ns, At safepoint: 2000 ns, Total: 19600 ns
[1878.597s][info ][safepoint      ] Safepoint "Cleanup", Time since last: 1000097607 ns, Reaching safepoint: 4600 ns, Cleanup: 8700 ns, At safepoint: 1800 ns, Total: 15100 ns
[1881.597s][info ][safepoint      ] Safepoint "Cleanup", Time since last: 3000223996 ns, Reaching safepoint: 4700 ns, Cleanup: 11100 ns, At safepoint: 1700 ns, Total: 17500 ns
[1882.598s][info ][safepoint      ] Safepoint "Cleanup", Time since last: 1000114482 ns, Reaching safepoint: 4300 ns, Cleanup: 7900 ns, At safepoint: 2000 ns, Total: 14200 ns
[1885.100s][info ][gc,start       ] GC(115) Pause Young (Allocation Failure)
[1885.106s][debug][gc,phases      ] GC(115) Scavenge 5.926ms
[1885.106s][debug][gc,ref         ] GC(115) Skipped phase 1 of Reference Processing: no references
[1885.106s][debug][gc,ref         ] GC(115) ReferenceProcessor::execute queues: 1, RefProcThreadModel::Single, marks_oops_alive: false
[1885.106s][debug][gc,ref         ] GC(115) Skipped phase 3 of Reference Processing: no references
[1885.106s][debug][gc,ref         ] GC(115) ReferenceProcessor::execute queues: 1, RefProcThreadModel::Single, marks_oops_alive: false
[1885.106s][debug][gc,phases      ] GC(115) Reference Processing 0.096ms
[1885.106s][debug][gc,phases      ] GC(115)   VM Weak                        Min:  0.0, Avg:  0.0, Max:  0.0, Diff:  0.0, Sum:  0.0, Workers: 4
[1885.106s][debug][gc,phases      ] GC(115)     Dead                           Min: 0, Avg:  0.0, Max: 0, Diff: 0, Sum: 0, Workers: 4
[1885.106s][debug][gc,phases      ] GC(115)     Total                          Min: 0, Avg: 246.2, Max: 767, Diff: 767, Sum: 985, Workers: 4
[1885.106s][debug][gc,phases      ] GC(115)   ObjectSynchronizer Weak        Min:  0.0, Avg:  0.0, Max:  0.0, Diff:  0.0, Sum:  0.0, Workers: 4
[1885.106s][debug][gc,phases      ] GC(115)     Dead                           Min: 0, Avg:  0.0, Max: 0, Diff: 0, Sum: 0, Workers: 4
[1885.106s][debug][gc,phases      ] GC(115)     Total                          Min: 0, Avg:  1.5, Max: 6, Diff: 6, Sum: 6, Workers: 4
[1885.106s][debug][gc,phases      ] GC(115)   JVMTI Tag Weak OopStorage      Min:  0.0, Avg:  0.0, Max:  0.0, Diff:  0.0, Sum:  0.0, Workers: 4
[1885.106s][debug][gc,phases      ] GC(115)     Dead                           Min: 0, Avg:  0.0, Max: 0, Diff: 0, Sum: 0, Workers: 4
[1885.106s][debug][gc,phases      ] GC(115)     Total                          Min: 0, Avg:  0.0, Max: 0, Diff: 0, Sum: 0, Workers: 4
[1885.106s][debug][gc,phases      ] GC(115)   StringTable Weak               Min:  0.0, Avg:  0.1, Max:  0.1, Diff:  0.1, Sum:  0.4, Workers: 4
[1885.106s][debug][gc,phases      ] GC(115)     Dead                           Min: 0, Avg:  0.0, Max: 0, Diff: 0, Sum: 0, Workers: 4
[1885.106s][debug][gc,phases      ] GC(115)     Total                          Min: 0, Avg: 11304.2, Max: 19937, Diff: 19937, Sum: 45217, Workers: 4
[1885.106s][debug][gc,phases      ] GC(115)   ResolvedMethodTable Weak       Min:  0.0, Avg:  0.0, Max:  0.0, Diff:  0.0, Sum:  0.1, Workers: 4
[1885.106s][debug][gc,phases      ] GC(115)     Dead                           Min: 0, Avg:  0.0, Max: 0, Diff: 0, Sum: 0, Workers: 4
[1885.106s][debug][gc,phases      ] GC(115)     Total                          Min: 0, Avg: 2904.0, Max: 4256, Diff: 4256, Sum: 11616, Workers: 4
[1885.107s][debug][gc,phases      ] GC(115)   JNI Weak                       Min:  0.0, Avg:  0.0, Max:  0.0, Diff:  0.0, Sum:  0.0, Workers: 4
[1885.107s][debug][gc,phases      ] GC(115)     Dead                           Min: 0, Avg:  0.0, Max: 0, Diff: 0, Sum: 0, Workers: 4
[1885.107s][debug][gc,phases      ] GC(115)     Total                          Min: 0, Avg: 12.0, Max: 48, Diff: 48, Sum: 48, Workers: 4
[1885.107s][debug][gc,phases      ] GC(115)   StringDedup Table Weak         Min:  0.0, Avg:  0.0, Max:  0.0, Diff:  0.0, Sum:  0.0, Workers: 4
[1885.107s][debug][gc,phases      ] GC(115)     Dead                           Min: 0, Avg:  0.0, Max: 0, Diff: 0, Sum: 0, Workers: 4
[1885.107s][debug][gc,phases      ] GC(115)     Total                          Min: 0, Avg:  0.0, Max: 0, Diff: 0, Sum: 0, Workers: 4
[1885.107s][debug][gc,phases      ] GC(115)   StringDedup Requests0 Weak     Min:  0.0, Avg:  0.0, Max:  0.0, Diff:  0.0, Sum:  0.0, Workers: 4
[1885.107s][debug][gc,phases      ] GC(115)     Dead                           Min: 0, Avg:  0.0, Max: 0, Diff: 0, Sum: 0, Workers: 4
[1885.107s][debug][gc,phases      ] GC(115)     Total                          Min: 0, Avg:  0.0, Max: 0, Diff: 0, Sum: 0, Workers: 4
[1885.107s][debug][gc,phases      ] GC(115)   StringDedup Requests1 Weak     Min:  0.0, Avg:  0.0, Max:  0.0, Diff:  0.0, Sum:  0.0, Workers: 4
[1885.107s][debug][gc,phases      ] GC(115)     Dead                           Min: 0, Avg:  0.0, Max: 0, Diff: 0, Sum: 0, Workers: 4
[1885.107s][debug][gc,phases      ] GC(115)     Total                          Min: 0, Avg:  0.0, Max: 0, Diff: 0, Sum: 0, Workers: 4
[1885.107s][debug][gc,phases      ] GC(115)   Weak JFR Old Object Samples    Min:  0.0, Avg:  0.0, Max:  0.0, Diff:  0.0, Sum:  0.0, Workers: 4
[1885.107s][debug][gc,phases      ] GC(115)     Dead                           Min: 0, Avg:  0.0, Max: 0, Diff: 0, Sum: 0, Workers: 4
[1885.107s][debug][gc,phases      ] GC(115)     Total                          Min: 0, Avg:  0.0, Max: 0, Diff: 0, Sum: 0, Workers: 4
[1885.107s][debug][gc,phases      ] GC(115) Weak Processing 0.344ms
[1885.107s][debug][gc,age         ] GC(115) Desired survivor size 51904512 bytes, new threshold 15 (max threshold 15)
[1885.107s][info ][gc,heap        ] GC(115) PSYoungGen: 1995990K(2042368K)->12934K(2038272K) Eden: 1983488K(1983488K)->0K(1983488K) From: 12502K(58880K)->12934K(54784K)
[1885.107s][info ][gc,heap        ] GC(115) ParOldGen: 490303K(579584K)->490367K(579584K)
[1885.107s][info ][gc,metaspace   ] GC(115) Metaspace: 91397K(92608K)->91397K(92608K) NonClass: 78254K(78912K)->78254K(78912K) Class: 13142K(13696K)->13142K(13696K)
[1885.107s][info ][gc             ] GC(115) Pause Young (Allocation Failure) 2428M->491M(2556M) 6.474ms
[1885.107s][info ][gc,cpu         ] GC(115) User=0.02s Sys=0.00s Real=0.01s
[1885.107s][info ][safepoint      ] Safepoint "ParallelGCFailedAllocation", Time since last: 2502438146 ns, Reaching safepoint: 73700 ns, Cleanup: 3900 ns, At safepoint: 6542666 ns, Total: 6620266 ns
[1891.107s][info ][safepoint      ] Safepoint "Cleanup", Time since last: 6000423593 ns, Reaching safepoint: 76999 ns, Cleanup: 11300 ns, At safepoint: 5600 ns, Total: 93899 ns
[1894.107s][info ][safepoint      ] Safepoint "Cleanup", Time since last: 3000251044 ns, Reaching safepoint: 73799 ns, Cleanup: 7200 ns, At safepoint: 4400 ns, Total: 85399 ns
[1895.108s][info ][safepoint      ] Safepoint "Cleanup", Time since last: 1000087281 ns, Reaching safepoint: 75700 ns, Cleanup: 8400 ns, At safepoint: 5900 ns, Total: 90000 ns
[1896.108s][info ][safepoint      ] Safepoint "Cleanup", Time since last: 1000101981 ns, Reaching safepoint: 73399 ns, Cleanup: 8900 ns, At safepoint: 4800 ns, Total: 87099 ns
[1904.108s][info ][safepoint      ] Safepoint "Cleanup", Time since last: 8000468428 ns, Reaching safepoint: 75300 ns, Cleanup: 10600 ns, At safepoint: 4300 ns, Total: 90200 ns
[1906.109s][info ][safepoint      ] Safepoint "Cleanup", Time since last: 2000166921 ns, Reaching safepoint: 4700 ns, Cleanup: 10400 ns, At safepoint: 1900 ns, Total: 17000 ns
[1909.109s][info ][safepoint      ] Safepoint "Cleanup", Time since last: 3000235790 ns, Reaching safepoint: 71699 ns, Cleanup: 12900 ns, At safepoint: 5500 ns, Total: 90099 ns
[1914.109s][info ][safepoint      ] Safepoint "Cleanup", Time since last: 5000370247 ns, Reaching safepoint: 4900 ns, Cleanup: 9600 ns, At safepoint: 1700 ns, Total: 16200 ns
[1915.352s][info ][gc,start       ] GC(116) Pause Young (Allocation Failure)
[1915.359s][debug][gc,phases      ] GC(116) Scavenge 6.285ms
[1915.359s][debug][gc,ref         ] GC(116) Skipped phase 1 of Reference Processing: no references
[1915.359s][debug][gc,ref         ] GC(116) ReferenceProcessor::execute queues: 1, RefProcThreadModel::Single, marks_oops_alive: false
[1915.359s][debug][gc,ref         ] GC(116) Skipped phase 3 of Reference Processing: no references
[1915.359s][debug][gc,ref         ] GC(116) ReferenceProcessor::execute queues: 1, RefProcThreadModel::Single, marks_oops_alive: false
[1915.359s][debug][gc,phases      ] GC(116) Reference Processing 0.120ms
[1915.359s][debug][gc,phases      ] GC(116)   VM Weak                        Min:  0.0, Avg:  0.0, Max:  0.0, Diff:  0.0, Sum:  0.0, Workers: 4
[1915.359s][debug][gc,phases      ] GC(116)     Dead                           Min: 0, Avg:  0.0, Max: 0, Diff: 0, Sum: 0, Workers: 4
[1915.359s][debug][gc,phases      ] GC(116)     Total                          Min: 0, Avg: 246.5, Max: 795, Diff: 795, Sum: 986, Workers: 4
[1915.359s][debug][gc,phases      ] GC(116)   ObjectSynchronizer Weak        Min:  0.0, Avg:  0.0, Max:  0.0, Diff:  0.0, Sum:  0.0, Workers: 4
[1915.359s][debug][gc,phases      ] GC(116)     Dead                           Min: 0, Avg:  0.0, Max: 0, Diff: 0, Sum: 0, Workers: 4
[1915.359s][debug][gc,phases      ] GC(116)     Total                          Min: 0, Avg:  1.5, Max: 6, Diff: 6, Sum: 6, Workers: 4
[1915.359s][debug][gc,phases      ] GC(116)   JVMTI Tag Weak OopStorage      Min:  0.0, Avg:  0.0, Max:  0.0, Diff:  0.0, Sum:  0.0, Workers: 4
[1915.359s][debug][gc,phases      ] GC(116)     Dead                           Min: 0, Avg:  0.0, Max: 0, Diff: 0, Sum: 0, Workers: 4
[1915.359s][debug][gc,phases      ] GC(116)     Total                          Min: 0, Avg:  0.0, Max: 0, Diff: 0, Sum: 0, Workers: 4
[1915.359s][debug][gc,phases      ] GC(116)   StringTable Weak               Min:  0.0, Avg:  0.1, Max:  0.1, Diff:  0.1, Sum:  0.4, Workers: 4
[1915.359s][debug][gc,phases      ] GC(116)     Dead                           Min: 0, Avg:  0.2, Max: 1, Diff: 1, Sum: 1, Workers: 4
[1915.359s][debug][gc,phases      ] GC(116)     Total                          Min: 0, Avg: 11307.8, Max: 18943, Diff: 18943, Sum: 45231, Workers: 4
[1915.359s][debug][gc,phases      ] GC(116)   ResolvedMethodTable Weak       Min:  0.0, Avg:  0.0, Max:  0.0, Diff:  0.0, Sum:  0.1, Workers: 4
[1915.359s][debug][gc,phases      ] GC(116)     Dead                           Min: 0, Avg:  0.0, Max: 0, Diff: 0, Sum: 0, Workers: 4
[1915.359s][debug][gc,phases      ] GC(116)     Total                          Min: 0, Avg: 2906.2, Max: 5226, Diff: 5226, Sum: 11625, Workers: 4
[1915.359s][debug][gc,phases      ] GC(116)   JNI Weak                       Min:  0.0, Avg:  0.0, Max:  0.0, Diff:  0.0, Sum:  0.0, Workers: 4
[1915.359s][debug][gc,phases      ] GC(116)     Dead                           Min: 0, Avg:  0.0, Max: 0, Diff: 0, Sum: 0, Workers: 4
[1915.359s][debug][gc,phases      ] GC(116)     Total                          Min: 0, Avg: 12.0, Max: 48, Diff: 48, Sum: 48, Workers: 4
[1915.359s][debug][gc,phases      ] GC(116)   StringDedup Table Weak         Min:  0.0, Avg:  0.0, Max:  0.0, Diff:  0.0, Sum:  0.0, Workers: 4
[1915.359s][debug][gc,phases      ] GC(116)     Dead                           Min: 0, Avg:  0.0, Max: 0, Diff: 0, Sum: 0, Workers: 4
[1915.359s][debug][gc,phases      ] GC(116)     Total                          Min: 0, Avg:  0.0, Max: 0, Diff: 0, Sum: 0, Workers: 4
[1915.359s][debug][gc,phases      ] GC(116)   StringDedup Requests0 Weak     Min:  0.0, Avg:  0.0, Max:  0.0, Diff:  0.0, Sum:  0.0, Workers: 4
[1915.359s][debug][gc,phases      ] GC(116)     Dead                           Min: 0, Avg:  0.0, Max: 0, Diff: 0, Sum: 0, Workers: 4
[1915.359s][debug][gc,phases      ] GC(116)     Total                          Min: 0, Avg:  0.0, Max: 0, Diff: 0, Sum: 0, Workers: 4
[1915.359s][debug][gc,phases      ] GC(116)   StringDedup Requests1 Weak     Min:  0.0, Avg:  0.0, Max:  0.0, Diff:  0.0, Sum:  0.0, Workers: 4
[1915.359s][debug][gc,phases      ] GC(116)     Dead                           Min: 0, Avg:  0.0, Max: 0, Diff: 0, Sum: 0, Workers: 4
[1915.359s][debug][gc,phases      ] GC(116)     Total                          Min: 0, Avg:  0.0, Max: 0, Diff: 0, Sum: 0, Workers: 4
[1915.359s][debug][gc,phases      ] GC(116)   Weak JFR Old Object Samples    Min:  0.0, Avg:  0.0, Max:  0.0, Diff:  0.0, Sum:  0.0, Workers: 4
[1915.359s][debug][gc,phases      ] GC(116)     Dead                           Min: 0, Avg:  0.0, Max: 0, Diff: 0, Sum: 0, Workers: 4
[1915.359s][debug][gc,phases      ] GC(116)     Total                          Min: 0, Avg:  0.0, Max: 0, Diff: 0, Sum: 0, Workers: 4
[1915.359s][debug][gc,phases      ] GC(116) Weak Processing 0.358ms
[1915.359s][debug][gc,age         ] GC(116) Desired survivor size 48234496 bytes, new threshold 15 (max threshold 15)
[1915.359s][info ][gc,heap        ] GC(116) PSYoungGen: 1996422K(2038272K)->12934K(2050048K) Eden: 1983488K(1983488K)->0K(1999360K) From: 12934K(54784K)->12934K(50688K)
[1915.359s][info ][gc,heap        ] GC(116) ParOldGen: 490367K(579584K)->490447K(579584K)
[1915.359s][info ][gc,metaspace   ] GC(116) Metaspace: 91460K(92672K)->91460K(92672K) NonClass: 78310K(78976K)->78310K(78976K) Class: 13149K(13696K)->13149K(13696K)
[1915.359s][info ][gc             ] GC(116) Pause Young (Allocation Failure) 2428M->491M(2568M) 6.856ms
[1915.359s][info ][gc,cpu         ] GC(116) User=0.02s Sys=0.01s Real=0.01s
[1915.359s][info ][safepoint      ] Safepoint "ParallelGCFailedAllocation", Time since last: 1243059135 ns, Reaching safepoint: 4700 ns, Cleanup: 3100 ns, At safepoint: 6918364 ns, Total: 6926164 ns
[1929.614s][info ][safepoint      ] Safepoint "Cleanup", Time since last: 14255131979 ns, Reaching safepoint: 4900 ns, Cleanup: 9400 ns, At safepoint: 2200 ns, Total: 16500 ns
[1935.615s][info ][safepoint      ] Safepoint "Cleanup", Time since last: 6000391953 ns, Reaching safepoint: 4700 ns, Cleanup: 6400 ns, At safepoint: 2000 ns, Total: 13100 ns
[1938.615s][info ][safepoint      ] Safepoint "Cleanup", Time since last: 3000214568 ns, Reaching safepoint: 20299 ns, Cleanup: 10700 ns, At safepoint: 2000 ns, Total: 32999 ns
[1946.450s][info ][gc,start       ] GC(117) Pause Young (Allocation Failure)
[1946.455s][debug][gc,phases      ] GC(117) Scavenge 5.596ms
[1946.455s][debug][gc,ref         ] GC(117) Skipped phase 1 of Reference Processing: no references
[1946.455s][debug][gc,ref         ] GC(117) ReferenceProcessor::execute queues: 1, RefProcThreadModel::Single, marks_oops_alive: false
[1946.455s][debug][gc,ref         ] GC(117) Skipped phase 3 of Reference Processing: no references
[1946.455s][debug][gc,ref         ] GC(117) ReferenceProcessor::execute queues: 1, RefProcThreadModel::Single, marks_oops_alive: false
[1946.455s][debug][gc,phases      ] GC(117) Reference Processing 0.100ms
[1946.456s][debug][gc,phases      ] GC(117)   VM Weak                        Min:  0.0, Avg:  0.0, Max:  0.0, Diff:  0.0, Sum:  0.0, Workers: 4
[1946.456s][debug][gc,phases      ] GC(117)     Dead                           Min: 0, Avg:  0.0, Max: 0, Diff: 0, Sum: 0, Workers: 4
[1946.456s][debug][gc,phases      ] GC(117)     Total                          Min: 0, Avg: 246.5, Max: 511, Diff: 511, Sum: 986, Workers: 4
[1946.456s][debug][gc,phases      ] GC(117)   ObjectSynchronizer Weak        Min:  0.0, Avg:  0.0, Max:  0.0, Diff:  0.0, Sum:  0.0, Workers: 4
[1946.456s][debug][gc,phases      ] GC(117)     Dead                           Min: 0, Avg:  0.0, Max: 0, Diff: 0, Sum: 0, Workers: 4
[1946.456s][debug][gc,phases      ] GC(117)     Total                          Min: 0, Avg:  1.5, Max: 6, Diff: 6, Sum: 6, Workers: 4
[1946.456s][debug][gc,phases      ] GC(117)   JVMTI Tag Weak OopStorage      Min:  0.0, Avg:  0.0, Max:  0.0, Diff:  0.0, Sum:  0.0, Workers: 4
[1946.456s][debug][gc,phases      ] GC(117)     Dead                           Min: 0, Avg:  0.0, Max: 0, Diff: 0, Sum: 0, Workers: 4
[1946.456s][debug][gc,phases      ] GC(117)     Total                          Min: 0, Avg:  0.0, Max: 0, Diff: 0, Sum: 0, Workers: 4
[1946.456s][debug][gc,phases      ] GC(117)   StringTable Weak               Min:  0.0, Avg:  0.1, Max:  0.1, Diff:  0.1, Sum:  0.4, Workers: 4
[1946.456s][debug][gc,phases      ] GC(117)     Dead                           Min: 0, Avg:  0.0, Max: 0, Diff: 0, Sum: 0, Workers: 4
[1946.456s][debug][gc,phases      ] GC(117)     Total                          Min: 0, Avg: 11307.8, Max: 19121, Diff: 19121, Sum: 45231, Workers: 4
[1946.456s][debug][gc,phases      ] GC(117)   ResolvedMethodTable Weak       Min:  0.0, Avg:  0.0, Max:  0.0, Diff:  0.0, Sum:  0.1, Workers: 4
[1946.456s][debug][gc,phases      ] GC(117)     Dead                           Min: 0, Avg:  0.0, Max: 0, Diff: 0, Sum: 0, Workers: 4
[1946.456s][debug][gc,phases      ] GC(117)     Total                          Min: 0, Avg: 2906.2, Max: 4586, Diff: 4586, Sum: 11625, Workers: 4
[1946.456s][debug][gc,phases      ] GC(117)   JNI Weak                       Min:  0.0, Avg:  0.0, Max:  0.0, Diff:  0.0, Sum:  0.0, Workers: 4
[1946.456s][debug][gc,phases      ] GC(117)     Dead                           Min: 0, Avg:  0.0, Max: 0, Diff: 0, Sum: 0, Workers: 4
[1946.456s][debug][gc,phases      ] GC(117)     Total                          Min: 0, Avg: 12.0, Max: 48, Diff: 48, Sum: 48, Workers: 4
[1946.456s][debug][gc,phases      ] GC(117)   StringDedup Table Weak         Min:  0.0, Avg:  0.0, Max:  0.0, Diff:  0.0, Sum:  0.0, Workers: 4
[1946.456s][debug][gc,phases      ] GC(117)     Dead                           Min: 0, Avg:  0.0, Max: 0, Diff: 0, Sum: 0, Workers: 4
[1946.456s][debug][gc,phases      ] GC(117)     Total                          Min: 0, Avg:  0.0, Max: 0, Diff: 0, Sum: 0, Workers: 4
[1946.456s][debug][gc,phases      ] GC(117)   StringDedup Requests0 Weak     Min:  0.0, Avg:  0.0, Max:  0.0, Diff:  0.0, Sum:  0.0, Workers: 4
[1946.456s][debug][gc,phases      ] GC(117)     Dead                           Min: 0, Avg:  0.0, Max: 0, Diff: 0, Sum: 0, Workers: 4
[1946.456s][debug][gc,phases      ] GC(117)     Total                          Min: 0, Avg:  0.0, Max: 0, Diff: 0, Sum: 0, Workers: 4
[1946.456s][debug][gc,phases      ] GC(117)   StringDedup Requests1 Weak     Min:  0.0, Avg:  0.0, Max:  0.0, Diff:  0.0, Sum:  0.0, Workers: 4
[1946.456s][debug][gc,phases      ] GC(117)     Dead                           Min: 0, Avg:  0.0, Max: 0, Diff: 0, Sum: 0, Workers: 4
[1946.456s][debug][gc,phases      ] GC(117)     Total                          Min: 0, Avg:  0.0, Max: 0, Diff: 0, Sum: 0, Workers: 4
[1946.456s][debug][gc,phases      ] GC(117)   Weak JFR Old Object Samples    Min:  0.0, Avg:  0.0, Max:  0.0, Diff:  0.0, Sum:  0.0, Workers: 4
[1946.456s][debug][gc,phases      ] GC(117)     Dead                           Min: 0, Avg:  0.0, Max: 0, Diff: 0, Sum: 0, Workers: 4
[1946.456s][debug][gc,phases      ] GC(117)     Total                          Min: 0, Avg:  0.0, Max: 0, Diff: 0, Sum: 0, Workers: 4
[1946.456s][debug][gc,phases      ] GC(117) Weak Processing 0.336ms
[1946.456s][debug][gc,age         ] GC(117) Desired survivor size 45088768 bytes, new threshold 15 (max threshold 15)
[1946.456s][info ][gc,heap        ] GC(117) PSYoungGen: 2012294K(2050048K)->13612K(2046464K) Eden: 1999360K(1999360K)->0K(1999360K) From: 12934K(50688K)->13612K(47104K)
[1946.456s][info ][gc,heap        ] GC(117) ParOldGen: 490447K(579584K)->490495K(579584K)
[1946.456s][info ][gc,metaspace   ] GC(117) Metaspace: 91464K(92672K)->91464K(92672K) NonClass: 78315K(78976K)->78315K(78976K) Class: 13149K(13696K)->13149K(13696K)
[1946.456s][info ][gc             ] GC(117) Pause Young (Allocation Failure) 2444M->492M(2564M) 6.115ms
[1946.456s][info ][gc,cpu         ] GC(117) User=0.02s Sys=0.00s Real=0.01s
[1946.456s][info ][safepoint      ] Safepoint "ParallelGCFailedAllocation", Time since last: 7834475422 ns, Reaching safepoint: 6200 ns, Cleanup: 4100 ns, At safepoint: 6185067 ns, Total: 6195367 ns
[1948.456s][info ][safepoint      ] Safepoint "Cleanup", Time since last: 2000143843 ns, Reaching safepoint: 71999 ns, Cleanup: 11200 ns, At safepoint: 5500 ns, Total: 88699 ns
[1953.456s][info ][safepoint      ] Safepoint "Cleanup", Time since last: 5000373078 ns, Reaching safepoint: 75400 ns, Cleanup: 10599 ns, At safepoint: 6600 ns, Total: 92599 ns
[1958.457s][info ][safepoint      ] Safepoint "Cleanup", Time since last: 5000399280 ns, Reaching safepoint: 71500 ns, Cleanup: 8500 ns, At safepoint: 5200 ns, Total: 85200 ns
[1959.457s][info ][safepoint      ] Safepoint "Cleanup", Time since last: 1000119495 ns, Reaching safepoint: 72900 ns, Cleanup: 12900 ns, At safepoint: 4700 ns, Total: 90500 ns
[1968.458s][info ][safepoint      ] Safepoint "Cleanup", Time since last: 9000652355 ns, Reaching safepoint: 73700 ns, Cleanup: 8800 ns, At safepoint: 6300 ns, Total: 88800 ns
[1977.746s][info ][gc,start       ] GC(118) Pause Young (Allocation Failure)
[1977.752s][debug][gc,phases      ] GC(118) Scavenge 5.757ms
[1977.752s][debug][gc,ref         ] GC(118) Skipped phase 1 of Reference Processing: no references
[1977.752s][debug][gc,ref         ] GC(118) ReferenceProcessor::execute queues: 1, RefProcThreadModel::Single, marks_oops_alive: false
[1977.752s][debug][gc,ref         ] GC(118) Skipped phase 3 of Reference Processing: no references
[1977.752s][debug][gc,ref         ] GC(118) ReferenceProcessor::execute queues: 1, RefProcThreadModel::Single, marks_oops_alive: false
[1977.752s][debug][gc,phases      ] GC(118) Reference Processing 0.100ms
[1977.752s][debug][gc,phases      ] GC(118)   VM Weak                        Min:  0.0, Avg:  0.0, Max:  0.0, Diff:  0.0, Sum:  0.0, Workers: 4
[1977.752s][debug][gc,phases      ] GC(118)     Dead                           Min: 0, Avg:  0.0, Max: 0, Diff: 0, Sum: 0, Workers: 4
[1977.752s][debug][gc,phases      ] GC(118)     Total                          Min: 0, Avg: 246.5, Max: 511, Diff: 511, Sum: 986, Workers: 4
[1977.752s][debug][gc,phases      ] GC(118)   ObjectSynchronizer Weak        Min:  0.0, Avg:  0.0, Max:  0.0, Diff:  0.0, Sum:  0.0, Workers: 4
[1977.752s][debug][gc,phases      ] GC(118)     Dead                           Min: 0, Avg:  0.0, Max: 0, Diff: 0, Sum: 0, Workers: 4
[1977.752s][debug][gc,phases      ] GC(118)     Total                          Min: 0, Avg:  1.5, Max: 6, Diff: 6, Sum: 6, Workers: 4
[1977.752s][debug][gc,phases      ] GC(118)   JVMTI Tag Weak OopStorage      Min:  0.0, Avg:  0.0, Max:  0.0, Diff:  0.0, Sum:  0.0, Workers: 4
[1977.752s][debug][gc,phases      ] GC(118)     Dead                           Min: 0, Avg:  0.0, Max: 0, Diff: 0, Sum: 0, Workers: 4
[1977.752s][debug][gc,phases      ] GC(118)     Total                          Min: 0, Avg:  0.0, Max: 0, Diff: 0, Sum: 0, Workers: 4
[1977.752s][debug][gc,phases      ] GC(118)   StringTable Weak               Min:  0.0, Avg:  0.1, Max:  0.1, Diff:  0.1, Sum:  0.4, Workers: 4
[1977.752s][debug][gc,phases      ] GC(118)     Dead                           Min: 0, Avg:  0.0, Max: 0, Diff: 0, Sum: 0, Workers: 4
[1977.752s][debug][gc,phases      ] GC(118)     Total                          Min: 0, Avg: 11307.8, Max: 19456, Diff: 19456, Sum: 45231, Workers: 4
[1977.752s][debug][gc,phases      ] GC(118)   ResolvedMethodTable Weak       Min:  0.0, Avg:  0.0, Max:  0.0, Diff:  0.0, Sum:  0.1, Workers: 4
[1977.752s][debug][gc,phases      ] GC(118)     Dead                           Min: 0, Avg:  0.0, Max: 0, Diff: 0, Sum: 0, Workers: 4
[1977.752s][debug][gc,phases      ] GC(118)     Total                          Min: 0, Avg: 2906.2, Max: 5098, Diff: 5098, Sum: 11625, Workers: 4
[1977.752s][debug][gc,phases      ] GC(118)   JNI Weak                       Min:  0.0, Avg:  0.0, Max:  0.0, Diff:  0.0, Sum:  0.0, Workers: 4
[1977.752s][debug][gc,phases      ] GC(118)     Dead                           Min: 0, Avg:  0.0, Max: 0, Diff: 0, Sum: 0, Workers: 4
[1977.752s][debug][gc,phases      ] GC(118)     Total                          Min: 0, Avg: 12.0, Max: 48, Diff: 48, Sum: 48, Workers: 4
[1977.752s][debug][gc,phases      ] GC(118)   StringDedup Table Weak         Min:  0.0, Avg:  0.0, Max:  0.0, Diff:  0.0, Sum:  0.0, Workers: 4
[1977.752s][debug][gc,phases      ] GC(118)     Dead                           Min: 0, Avg:  0.0, Max: 0, Diff: 0, Sum: 0, Workers: 4
[1977.752s][debug][gc,phases      ] GC(118)     Total                          Min: 0, Avg:  0.0, Max: 0, Diff: 0, Sum: 0, Workers: 4
[1977.752s][debug][gc,phases      ] GC(118)   StringDedup Requests0 Weak     Min:  0.0, Avg:  0.0, Max:  0.0, Diff:  0.0, Sum:  0.0, Workers: 4
[1977.752s][debug][gc,phases      ] GC(118)     Dead                           Min: 0, Avg:  0.0, Max: 0, Diff: 0, Sum: 0, Workers: 4
[1977.752s][debug][gc,phases      ] GC(118)     Total                          Min: 0, Avg:  0.0, Max: 0, Diff: 0, Sum: 0, Workers: 4
[1977.752s][debug][gc,phases      ] GC(118)   StringDedup Requests1 Weak     Min:  0.0, Avg:  0.0, Max:  0.0, Diff:  0.0, Sum:  0.0, Workers: 4
[1977.752s][debug][gc,phases      ] GC(118)     Dead                           Min: 0, Avg:  0.0, Max: 0, Diff: 0, Sum: 0, Workers: 4
[1977.752s][debug][gc,phases      ] GC(118)     Total                          Min: 0, Avg:  0.0, Max: 0, Diff: 0, Sum: 0, Workers: 4
[1977.752s][debug][gc,phases      ] GC(118)   Weak JFR Old Object Samples    Min:  0.0, Avg:  0.0, Max:  0.0, Diff:  0.0, Sum:  0.0, Workers: 4
[1977.752s][debug][gc,phases      ] GC(118)     Dead                           Min: 0, Avg:  0.0, Max: 0, Diff: 0, Sum: 0, Workers: 4
[1977.752s][debug][gc,phases      ] GC(118)     Total                          Min: 0, Avg:  0.0, Max: 0, Diff: 0, Sum: 0, Workers: 4
[1977.752s][debug][gc,phases      ] GC(118) Weak Processing 0.332ms
[1977.752s][debug][gc,age         ] GC(118) Desired survivor size 41943040 bytes, new threshold 15 (max threshold 15)
[1977.752s][info ][gc,heap        ] GC(118) PSYoungGen: 2012972K(2046464K)->13052K(2056192K) Eden: 1999360K(1999360K)->0K(2012160K) From: 13612K(47104K)->13052K(44032K)
[1977.752s][info ][gc,heap        ] GC(118) ParOldGen: 490495K(579584K)->490543K(579584K)
[1977.752s][info ][gc,metaspace   ] GC(118) Metaspace: 91472K(92672K)->91472K(92672K) NonClass: 78323K(78976K)->78323K(78976K) Class: 13149K(13696K)->13149K(13696K)
[1977.752s][info ][gc             ] GC(118) Pause Young (Allocation Failure) 2444M->491M(2574M) 6.307ms
[1977.752s][info ][gc,cpu         ] GC(118) User=0.03s Sys=0.00s Real=0.00s
[1977.752s][info ][safepoint      ] Safepoint "ParallelGCFailedAllocation", Time since last: 9287820600 ns, Reaching safepoint: 4700 ns, Cleanup: 3200 ns, At safepoint: 6407966 ns, Total: 6415866 ns
[1982.629s][info ][safepoint      ] Safepoint "Cleanup", Time since last: 4876652195 ns, Reaching safepoint: 5100 ns, Cleanup: 9100 ns, At safepoint: 1900 ns, Total: 16100 ns
[1984.629s][info ][safepoint      ] Safepoint "Cleanup", Time since last: 2000166580 ns, Reaching safepoint: 4200 ns, Cleanup: 10700 ns, At safepoint: 2000 ns, Total: 16900 ns
[1989.629s][info ][safepoint      ] Safepoint "Cleanup", Time since last: 5000318097 ns, Reaching safepoint: 4200 ns, Cleanup: 8300 ns, At safepoint: 4699 ns, Total: 17199 ns
[1997.630s][info ][safepoint      ] Safepoint "Cleanup", Time since last: 8000437680 ns, Reaching safepoint: 5699 ns, Cleanup: 11000 ns, At safepoint: 2400 ns, Total: 19099 ns
[2001.630s][info ][safepoint      ] Safepoint "Cleanup", Time since last: 4000266797 ns, Reaching safepoint: 5500 ns, Cleanup: 8500 ns, At safepoint: 1900 ns, Total: 15900 ns
[2002.630s][info ][safepoint      ] Safepoint "Cleanup", Time since last: 1000092172 ns, Reaching safepoint: 4400 ns, Cleanup: 16100 ns, At safepoint: 2200 ns, Total: 22700 ns
[2003.402s][info ][gc,start       ] GC(119) Pause Young (Allocation Failure)
[2003.410s][debug][gc,phases      ] GC(119) Scavenge 8.287ms
[2003.410s][debug][gc,ref         ] GC(119) Skipped phase 1 of Reference Processing: no references
[2003.410s][debug][gc,ref         ] GC(119) ReferenceProcessor::execute queues: 1, RefProcThreadModel::Single, marks_oops_alive: false
[2003.410s][debug][gc,ref         ] GC(119) Skipped phase 3 of Reference Processing: no references
[2003.410s][debug][gc,ref         ] GC(119) ReferenceProcessor::execute queues: 1, RefProcThreadModel::Single, marks_oops_alive: false
[2003.410s][debug][gc,phases      ] GC(119) Reference Processing 0.103ms
[2003.410s][debug][gc,phases      ] GC(119)   VM Weak                        Min:  0.0, Avg:  0.0, Max:  0.0, Diff:  0.0, Sum:  0.0, Workers: 4
[2003.410s][debug][gc,phases      ] GC(119)     Dead                           Min: 0, Avg:  0.0, Max: 0, Diff: 0, Sum: 0, Workers: 4
[2003.410s][debug][gc,phases      ] GC(119)     Total                          Min: 0, Avg: 246.5, Max: 703, Diff: 703, Sum: 986, Workers: 4
[2003.410s][debug][gc,phases      ] GC(119)   ObjectSynchronizer Weak        Min:  0.0, Avg:  0.0, Max:  0.0, Diff:  0.0, Sum:  0.0, Workers: 4
[2003.410s][debug][gc,phases      ] GC(119)     Dead                           Min: 0, Avg:  0.0, Max: 0, Diff: 0, Sum: 0, Workers: 4
[2003.410s][debug][gc,phases      ] GC(119)     Total                          Min: 0, Avg:  1.5, Max: 6, Diff: 6, Sum: 6, Workers: 4
[2003.410s][debug][gc,phases      ] GC(119)   JVMTI Tag Weak OopStorage      Min:  0.0, Avg:  0.0, Max:  0.0, Diff:  0.0, Sum:  0.0, Workers: 4
[2003.410s][debug][gc,phases      ] GC(119)     Dead                           Min: 0, Avg:  0.0, Max: 0, Diff: 0, Sum: 0, Workers: 4
[2003.410s][debug][gc,phases      ] GC(119)     Total                          Min: 0, Avg:  0.0, Max: 0, Diff: 0, Sum: 0, Workers: 4
[2003.410s][debug][gc,phases      ] GC(119)   StringTable Weak               Min:  0.0, Avg:  0.1, Max:  0.1, Diff:  0.1, Sum:  0.4, Workers: 4
[2003.410s][debug][gc,phases      ] GC(119)     Dead                           Min: 0, Avg:  0.0, Max: 0, Diff: 0, Sum: 0, Workers: 4
[2003.410s][debug][gc,phases      ] GC(119)     Total                          Min: 0, Avg: 11309.8, Max: 19064, Diff: 19064, Sum: 45239, Workers: 4
[2003.410s][debug][gc,phases      ] GC(119)   ResolvedMethodTable Weak       Min:  0.0, Avg:  0.0, Max:  0.0, Diff:  0.0, Sum:  0.1, Workers: 4
[2003.410s][debug][gc,phases      ] GC(119)     Dead                           Min: 0, Avg:  0.0, Max: 0, Diff: 0, Sum: 0, Workers: 4
[2003.410s][debug][gc,phases      ] GC(119)     Total                          Min: 0, Avg: 2906.2, Max: 4927, Diff: 4927, Sum: 11625, Workers: 4
[2003.410s][debug][gc,phases      ] GC(119)   JNI Weak                       Min:  0.0, Avg:  0.0, Max:  0.0, Diff:  0.0, Sum:  0.0, Workers: 4
[2003.410s][debug][gc,phases      ] GC(119)     Dead                           Min: 0, Avg:  0.0, Max: 0, Diff: 0, Sum: 0, Workers: 4
[2003.410s][debug][gc,phases      ] GC(119)     Total                          Min: 0, Avg: 12.0, Max: 48, Diff: 48, Sum: 48, Workers: 4
[2003.410s][debug][gc,phases      ] GC(119)   StringDedup Table Weak         Min:  0.0, Avg:  0.0, Max:  0.0, Diff:  0.0, Sum:  0.0, Workers: 4
[2003.410s][debug][gc,phases      ] GC(119)     Dead                           Min: 0, Avg:  0.0, Max: 0, Diff: 0, Sum: 0, Workers: 4
[2003.410s][debug][gc,phases      ] GC(119)     Total                          Min: 0, Avg:  0.0, Max: 0, Diff: 0, Sum: 0, Workers: 4
[2003.410s][debug][gc,phases      ] GC(119)   StringDedup Requests0 Weak     Min:  0.0, Avg:  0.0, Max:  0.0, Diff:  0.0, Sum:  0.0, Workers: 4
[2003.410s][debug][gc,phases      ] GC(119)     Dead                           Min: 0, Avg:  0.0, Max: 0, Diff: 0, Sum: 0, Workers: 4
[2003.410s][debug][gc,phases      ] GC(119)     Total                          Min: 0, Avg:  0.0, Max: 0, Diff: 0, Sum: 0, Workers: 4
[2003.410s][debug][gc,phases      ] GC(119)   StringDedup Requests1 Weak     Min:  0.0, Avg:  0.0, Max:  0.0, Diff:  0.0, Sum:  0.0, Workers: 4
[2003.410s][debug][gc,phases      ] GC(119)     Dead                           Min: 0, Avg:  0.0, Max: 0, Diff: 0, Sum: 0, Workers: 4
[2003.410s][debug][gc,phases      ] GC(119)     Total                          Min: 0, Avg:  0.0, Max: 0, Diff: 0, Sum: 0, Workers: 4
[2003.410s][debug][gc,phases      ] GC(119)   Weak JFR Old Object Samples    Min:  0.0, Avg:  0.0, Max:  0.0, Diff:  0.0, Sum:  0.0, Workers: 4
[2003.410s][debug][gc,phases      ] GC(119)     Dead                           Min: 0, Avg:  0.0, Max: 0, Diff: 0, Sum: 0, Workers: 4
[2003.410s][debug][gc,phases      ] GC(119)     Total                          Min: 0, Avg:  0.0, Max: 0, Diff: 0, Sum: 0, Workers: 4
[2003.410s][debug][gc,phases      ] GC(119) Weak Processing 0.344ms
[2003.410s][debug][gc,age         ] GC(119) Desired survivor size 41943040 bytes, new threshold 15 (max threshold 15)
[2003.410s][info ][gc,heap        ] GC(119) PSYoungGen: 2025212K(2056192K)->21192K(2053120K) Eden: 2012160K(2012160K)->0K(2012160K) From: 13052K(44032K)->21192K(40960K)
[2003.410s][info ][gc,heap        ] GC(119) ParOldGen: 490543K(579584K)->490575K(579584K)
[2003.410s][info ][gc,metaspace   ] GC(119) Metaspace: 91549K(92736K)->91549K(92736K) NonClass: 78399K(79040K)->78399K(79040K) Class: 13149K(13696K)->13149K(13696K)
[2003.410s][info ][gc             ] GC(119) Pause Young (Allocation Failure) 2456M->499M(2571M) 8.832ms
[2003.410s][info ][gc,cpu         ] GC(119) User=0.03s Sys=0.00s Real=0.01s
[2003.411s][info ][safepoint      ] Safepoint "ParallelGCFailedAllocation", Time since last: 771395768 ns, Reaching safepoint: 4700 ns, Cleanup: 28099 ns, At safepoint: 8897754 ns, Total: 8930553 ns
[2006.411s][info ][safepoint      ] Safepoint "Cleanup", Time since last: 3000194417 ns, Reaching safepoint: 4800 ns, Cleanup: 8100 ns, At safepoint: 1800 ns, Total: 14700 ns
[2011.411s][info ][safepoint      ] Safepoint "Cleanup", Time since last: 5000378242 ns, Reaching safepoint: 75199 ns, Cleanup: 8700 ns, At safepoint: 6800 ns, Total: 90699 ns
[2013.411s][info ][safepoint      ] Safepoint "Cleanup", Time since last: 2000163102 ns, Reaching safepoint: 73299 ns, Cleanup: 8300 ns, At safepoint: 5500 ns, Total: 87099 ns
[2018.412s][info ][safepoint      ] Safepoint "Cleanup", Time since last: 5000354961 ns, Reaching safepoint: 7100 ns, Cleanup: 9600 ns, At safepoint: 2200 ns, Total: 18900 ns
[2025.412s][info ][safepoint      ] Safepoint "Cleanup", Time since last: 7000456673 ns, Reaching safepoint: 7100 ns, Cleanup: 13700 ns, At safepoint: 6200 ns, Total: 27000 ns
[2027.000s][info ][gc,start       ] GC(120) Pause Young (Allocation Failure)
[2027.007s][debug][gc,phases      ] GC(120) Scavenge 7.452ms
[2027.007s][debug][gc,ref         ] GC(120) Skipped phase 1 of Reference Processing: no references
[2027.008s][debug][gc,ref         ] GC(120) ReferenceProcessor::execute queues: 1, RefProcThreadModel::Single, marks_oops_alive: false
[2027.008s][debug][gc,ref         ] GC(120) ReferenceProcessor::execute queues: 4, RefProcThreadModel::Multi, marks_oops_alive: true
[2027.008s][debug][gc,ref         ] GC(120) ReferenceProcessor::execute queues: 1, RefProcThreadModel::Single, marks_oops_alive: false
[2027.008s][debug][gc,phases      ] GC(120) Reference Processing 0.399ms
[2027.008s][debug][gc,phases      ] GC(120)   VM Weak                        Min:  0.0, Avg:  0.0, Max:  0.0, Diff:  0.0, Sum:  0.0, Workers: 4
[2027.008s][debug][gc,phases      ] GC(120)     Dead                           Min: 0, Avg:  0.0, Max: 0, Diff: 0, Sum: 0, Workers: 4
[2027.008s][debug][gc,phases      ] GC(120)     Total                          Min: 0, Avg: 246.5, Max: 831, Diff: 831, Sum: 986, Workers: 4
[2027.008s][debug][gc,phases      ] GC(120)   ObjectSynchronizer Weak        Min:  0.0, Avg:  0.0, Max:  0.0, Diff:  0.0, Sum:  0.0, Workers: 4
[2027.008s][debug][gc,phases      ] GC(120)     Dead                           Min: 0, Avg:  0.0, Max: 0, Diff: 0, Sum: 0, Workers: 4
[2027.008s][debug][gc,phases      ] GC(120)     Total                          Min: 0, Avg:  1.5, Max: 6, Diff: 6, Sum: 6, Workers: 4
[2027.008s][debug][gc,phases      ] GC(120)   JVMTI Tag Weak OopStorage      Min:  0.0, Avg:  0.0, Max:  0.0, Diff:  0.0, Sum:  0.0, Workers: 4
[2027.008s][debug][gc,phases      ] GC(120)     Dead                           Min: 0, Avg:  0.0, Max: 0, Diff: 0, Sum: 0, Workers: 4
[2027.008s][debug][gc,phases      ] GC(120)     Total                          Min: 0, Avg:  0.0, Max: 0, Diff: 0, Sum: 0, Workers: 4
[2027.008s][debug][gc,phases      ] GC(120)   StringTable Weak               Min:  0.0, Avg:  0.1, Max:  0.1, Diff:  0.1, Sum:  0.4, Workers: 4
[2027.008s][debug][gc,phases      ] GC(120)     Dead                           Min: 0, Avg:  0.0, Max: 0, Diff: 0, Sum: 0, Workers: 4
[2027.008s][debug][gc,phases      ] GC(120)     Total                          Min: 0, Avg: 11309.8, Max: 19839, Diff: 19839, Sum: 45239, Workers: 4
[2027.008s][debug][gc,phases      ] GC(120)   ResolvedMethodTable Weak       Min:  0.0, Avg:  0.0, Max:  0.0, Diff:  0.0, Sum:  0.1, Workers: 4
[2027.008s][debug][gc,phases      ] GC(120)     Dead                           Min: 0, Avg:  0.0, Max: 0, Diff: 0, Sum: 0, Workers: 4
[2027.008s][debug][gc,phases      ] GC(120)     Total                          Min: 0, Avg: 2906.2, Max: 5162, Diff: 5162, Sum: 11625, Workers: 4
[2027.008s][debug][gc,phases      ] GC(120)   JNI Weak                       Min:  0.0, Avg:  0.0, Max:  0.0, Diff:  0.0, Sum:  0.0, Workers: 4
[2027.008s][debug][gc,phases      ] GC(120)     Dead                           Min: 0, Avg:  0.0, Max: 0, Diff: 0, Sum: 0, Workers: 4
[2027.008s][debug][gc,phases      ] GC(120)     Total                          Min: 0, Avg: 12.0, Max: 48, Diff: 48, Sum: 48, Workers: 4
[2027.008s][debug][gc,phases      ] GC(120)   StringDedup Table Weak         Min:  0.0, Avg:  0.0, Max:  0.0, Diff:  0.0, Sum:  0.0, Workers: 4
[2027.008s][debug][gc,phases      ] GC(120)     Dead                           Min: 0, Avg:  0.0, Max: 0, Diff: 0, Sum: 0, Workers: 4
[2027.008s][debug][gc,phases      ] GC(120)     Total                          Min: 0, Avg:  0.0, Max: 0, Diff: 0, Sum: 0, Workers: 4
[2027.008s][debug][gc,phases      ] GC(120)   StringDedup Requests0 Weak     Min:  0.0, Avg:  0.0, Max:  0.0, Diff:  0.0, Sum:  0.0, Workers: 4
[2027.008s][debug][gc,phases      ] GC(120)     Dead                           Min: 0, Avg:  0.0, Max: 0, Diff: 0, Sum: 0, Workers: 4
[2027.008s][debug][gc,phases      ] GC(120)     Total                          Min: 0, Avg:  0.0, Max: 0, Diff: 0, Sum: 0, Workers: 4
[2027.008s][debug][gc,phases      ] GC(120)   StringDedup Requests1 Weak     Min:  0.0, Avg:  0.0, Max:  0.0, Diff:  0.0, Sum:  0.0, Workers: 4
[2027.008s][debug][gc,phases      ] GC(120)     Dead                           Min: 0, Avg:  0.0, Max: 0, Diff: 0, Sum: 0, Workers: 4
[2027.008s][debug][gc,phases      ] GC(120)     Total                          Min: 0, Avg:  0.0, Max: 0, Diff: 0, Sum: 0, Workers: 4
[2027.008s][debug][gc,phases      ] GC(120)   Weak JFR Old Object Samples    Min:  0.0, Avg:  0.0, Max:  0.0, Diff:  0.0, Sum:  0.0, Workers: 4
[2027.008s][debug][gc,phases      ] GC(120)     Dead                           Min: 0, Avg:  0.0, Max: 0, Diff: 0, Sum: 0, Workers: 4
[2027.008s][debug][gc,phases      ] GC(120)     Total                          Min: 0, Avg:  0.0, Max: 0, Diff: 0, Sum: 0, Workers: 4
[2027.008s][debug][gc,phases      ] GC(120) Weak Processing 0.329ms
[2027.008s][debug][gc,age         ] GC(120) Desired survivor size 40894464 bytes, new threshold 15 (max threshold 15)
[2027.008s][info ][gc,heap        ] GC(120) PSYoungGen: 2033352K(2053120K)->18786K(2057216K) Eden: 2012160K(2012160K)->0K(2016256K) From: 21192K(40960K)->18786K(40960K)
[2027.008s][info ][gc,heap        ] GC(120) ParOldGen: 490575K(579584K)->490655K(579584K)
[2027.008s][info ][gc,metaspace   ] GC(120) Metaspace: 91561K(92736K)->91561K(92736K) NonClass: 78411K(79040K)->78411K(79040K) Class: 13149K(13696K)->13149K(13696K)
[2027.008s][info ][gc             ] GC(120) Pause Young (Allocation Failure) 2464M->497M(2575M) 8.293ms
[2027.008s][info ][gc,cpu         ] GC(120) User=0.03s Sys=0.00s Real=0.01s
[2027.008s][info ][safepoint      ] Safepoint "ParallelGCFailedAllocation", Time since last: 1587549687 ns, Reaching safepoint: 80900 ns, Cleanup: 4400 ns, At safepoint: 8367457 ns, Total: 8452757 ns
[2030.009s][info ][safepoint      ] Safepoint "Cleanup", Time since last: 3000210580 ns, Reaching safepoint: 73199 ns, Cleanup: 8100 ns, At safepoint: 6000 ns, Total: 87299 ns
[2031.009s][info ][safepoint      ] Safepoint "Cleanup", Time since last: 1000106227 ns, Reaching safepoint: 77799 ns, Cleanup: 12200 ns, At safepoint: 5900 ns, Total: 95899 ns
[2033.009s][info ][safepoint      ] Safepoint "Cleanup", Time since last: 2000186656 ns, Reaching safepoint: 74000 ns, Cleanup: 8299 ns, At safepoint: 5000 ns, Total: 87299 ns
[2034.009s][info ][safepoint      ] Safepoint "Cleanup", Time since last: 1000117333 ns, Reaching safepoint: 74900 ns, Cleanup: 8200 ns, At safepoint: 25800 ns, Total: 108900 ns
[2037.010s][info ][safepoint      ] Safepoint "Cleanup", Time since last: 3000252599 ns, Reaching safepoint: 84199 ns, Cleanup: 12200 ns, At safepoint: 6300 ns, Total: 102699 ns
[2040.643s][info ][safepoint      ] Safepoint "Cleanup", Time since last: 3633218629 ns, Reaching safepoint: 3600 ns, Cleanup: 22200 ns, At safepoint: 5100 ns, Total: 30900 ns
[2041.643s][info ][safepoint      ] Safepoint "Cleanup", Time since last: 1000092994 ns, Reaching safepoint: 4800 ns, Cleanup: 12900 ns, At safepoint: 1800 ns, Total: 19500 ns
[2044.643s][info ][safepoint      ] Safepoint "Cleanup", Time since last: 3000233780 ns, Reaching safepoint: 5700 ns, Cleanup: 8900 ns, At safepoint: 1800 ns, Total: 16400 ns
[2055.766s][info ][gc,start       ] GC(121) Pause Young (Allocation Failure)
[2055.775s][debug][gc,phases      ] GC(121) Scavenge 8.681ms
[2055.775s][debug][gc,ref         ] GC(121) Skipped phase 1 of Reference Processing: no references
[2055.775s][debug][gc,ref         ] GC(121) ReferenceProcessor::execute queues: 1, RefProcThreadModel::Single, marks_oops_alive: false
[2055.775s][debug][gc,ref         ] GC(121) Skipped phase 3 of Reference Processing: no references
[2055.775s][debug][gc,ref         ] GC(121) ReferenceProcessor::execute queues: 1, RefProcThreadModel::Single, marks_oops_alive: false
[2055.775s][debug][gc,phases      ] GC(121) Reference Processing 0.094ms
[2055.775s][debug][gc,phases      ] GC(121)   VM Weak                        Min:  0.0, Avg:  0.0, Max:  0.0, Diff:  0.0, Sum:  0.0, Workers: 4
[2055.775s][debug][gc,phases      ] GC(121)     Dead                           Min: 0, Avg:  0.0, Max: 0, Diff: 0, Sum: 0, Workers: 4
[2055.775s][debug][gc,phases      ] GC(121)     Total                          Min: 0, Avg: 246.5, Max: 511, Diff: 511, Sum: 986, Workers: 4
[2055.775s][debug][gc,phases      ] GC(121)   ObjectSynchronizer Weak        Min:  0.0, Avg:  0.0, Max:  0.0, Diff:  0.0, Sum:  0.0, Workers: 4
[2055.775s][debug][gc,phases      ] GC(121)     Dead                           Min: 0, Avg:  0.0, Max: 0, Diff: 0, Sum: 0, Workers: 4
[2055.775s][debug][gc,phases      ] GC(121)     Total                          Min: 0, Avg:  1.5, Max: 6, Diff: 6, Sum: 6, Workers: 4
[2055.775s][debug][gc,phases      ] GC(121)   JVMTI Tag Weak OopStorage      Min:  0.0, Avg:  0.0, Max:  0.0, Diff:  0.0, Sum:  0.0, Workers: 4
[2055.775s][debug][gc,phases      ] GC(121)     Dead                           Min: 0, Avg:  0.0, Max: 0, Diff: 0, Sum: 0, Workers: 4
[2055.775s][debug][gc,phases      ] GC(121)     Total                          Min: 0, Avg:  0.0, Max: 0, Diff: 0, Sum: 0, Workers: 4
[2055.775s][debug][gc,phases      ] GC(121)   StringTable Weak               Min:  0.0, Avg:  0.1, Max:  0.2, Diff:  0.2, Sum:  0.3, Workers: 4
[2055.775s][debug][gc,phases      ] GC(121)     Dead                           Min: 0, Avg:  0.0, Max: 0, Diff: 0, Sum: 0, Workers: 4
[2055.775s][debug][gc,phases      ] GC(121)     Total                          Min: 0, Avg: 11311.0, Max: 27836, Diff: 27836, Sum: 45244, Workers: 4
[2055.775s][debug][gc,phases      ] GC(121)   ResolvedMethodTable Weak       Min:  0.0, Avg:  0.0, Max:  0.0, Diff:  0.0, Sum:  0.1, Workers: 4
[2055.775s][debug][gc,phases      ] GC(121)     Dead                           Min: 0, Avg:  0.0, Max: 0, Diff: 0, Sum: 0, Workers: 4
[2055.775s][debug][gc,phases      ] GC(121)     Total                          Min: 0, Avg: 2906.2, Max: 6718, Diff: 6718, Sum: 11625, Workers: 4
[2055.775s][debug][gc,phases      ] GC(121)   JNI Weak                       Min:  0.0, Avg:  0.0, Max:  0.0, Diff:  0.0, Sum:  0.0, Workers: 4
[2055.775s][debug][gc,phases      ] GC(121)     Dead                           Min: 0, Avg:  0.0, Max: 0, Diff: 0, Sum: 0, Workers: 4
[2055.775s][debug][gc,phases      ] GC(121)     Total                          Min: 0, Avg: 12.0, Max: 48, Diff: 48, Sum: 48, Workers: 4
[2055.775s][debug][gc,phases      ] GC(121)   StringDedup Table Weak         Min:  0.0, Avg:  0.0, Max:  0.0, Diff:  0.0, Sum:  0.0, Workers: 4
[2055.775s][debug][gc,phases      ] GC(121)     Dead                           Min: 0, Avg:  0.0, Max: 0, Diff: 0, Sum: 0, Workers: 4
[2055.775s][debug][gc,phases      ] GC(121)     Total                          Min: 0, Avg:  0.0, Max: 0, Diff: 0, Sum: 0, Workers: 4
[2055.775s][debug][gc,phases      ] GC(121)   StringDedup Requests0 Weak     Min:  0.0, Avg:  0.0, Max:  0.0, Diff:  0.0, Sum:  0.0, Workers: 4
[2055.775s][debug][gc,phases      ] GC(121)     Dead                           Min: 0, Avg:  0.0, Max: 0, Diff: 0, Sum: 0, Workers: 4
[2055.775s][debug][gc,phases      ] GC(121)     Total                          Min: 0, Avg:  0.0, Max: 0, Diff: 0, Sum: 0, Workers: 4
[2055.775s][debug][gc,phases      ] GC(121)   StringDedup Requests1 Weak     Min:  0.0, Avg:  0.0, Max:  0.0, Diff:  0.0, Sum:  0.0, Workers: 4
[2055.775s][debug][gc,phases      ] GC(121)     Dead                           Min: 0, Avg:  0.0, Max: 0, Diff: 0, Sum: 0, Workers: 4
[2055.775s][debug][gc,phases      ] GC(121)     Total                          Min: 0, Avg:  0.0, Max: 0, Diff: 0, Sum: 0, Workers: 4
[2055.775s][debug][gc,phases      ] GC(121)   Weak JFR Old Object Samples    Min:  0.0, Avg:  0.0, Max:  0.0, Diff:  0.0, Sum:  0.0, Workers: 4
[2055.775s][debug][gc,phases      ] GC(121)     Dead                           Min: 0, Avg:  0.0, Max: 0, Diff: 0, Sum: 0, Workers: 4
[2055.775s][debug][gc,phases      ] GC(121)     Total                          Min: 0, Avg:  0.0, Max: 0, Diff: 0, Sum: 0, Workers: 4
[2055.775s][debug][gc,phases      ] GC(121) Weak Processing 0.408ms
[2055.775s][debug][gc,age         ] GC(121) Desired survivor size 39845888 bytes, new threshold 15 (max threshold 15)
[2055.775s][info ][gc,heap        ] GC(121) PSYoungGen: 2035042K(2057216K)->18584K(2056192K) Eden: 2016256K(2016256K)->0K(2016256K) From: 18786K(40960K)->18584K(39936K)
[2055.775s][info ][gc,heap        ] GC(121) ParOldGen: 490655K(579584K)->490695K(579584K)
[2055.775s][info ][gc,metaspace   ] GC(121) Metaspace: 91574K(92736K)->91574K(92736K) NonClass: 78424K(79040K)->78424K(79040K) Class: 13149K(13696K)->13149K(13696K)
[2055.775s][info ][gc             ] GC(121) Pause Young (Allocation Failure) 2466M->497M(2574M) 9.286ms
[2055.775s][info ][gc,cpu         ] GC(121) User=0.03s Sys=0.00s Real=0.01s
[2055.775s][info ][safepoint      ] Safepoint "ParallelGCFailedAllocation", Time since last: 11122634461 ns, Reaching safepoint: 5200 ns, Cleanup: 3100 ns, At safepoint: 9352953 ns, Total: 9361253 ns
[2061.776s][info ][safepoint      ] Safepoint "Cleanup", Time since last: 6000340304 ns, Reaching safepoint: 4900 ns, Cleanup: 6900 ns, At safepoint: 1800 ns, Total: 13600 ns
[2062.776s][info ][safepoint      ] Safepoint "Cleanup", Time since last: 1000095993 ns, Reaching safepoint: 5100 ns, Cleanup: 9500 ns, At safepoint: 2000 ns, Total: 16600 ns
[2088.505s][info ][gc,start       ] GC(122) Pause Young (Allocation Failure)
[2088.511s][debug][gc,phases      ] GC(122) Scavenge 5.906ms
[2088.511s][debug][gc,ref         ] GC(122) Skipped phase 1 of Reference Processing: no references
[2088.511s][debug][gc,ref         ] GC(122) ReferenceProcessor::execute queues: 1, RefProcThreadModel::Single, marks_oops_alive: false
[2088.511s][debug][gc,ref         ] GC(122) Skipped phase 3 of Reference Processing: no references
[2088.511s][debug][gc,ref         ] GC(122) ReferenceProcessor::execute queues: 1, RefProcThreadModel::Single, marks_oops_alive: false
[2088.511s][debug][gc,phases      ] GC(122) Reference Processing 0.096ms
[2088.512s][debug][gc,phases      ] GC(122)   VM Weak                        Min:  0.0, Avg:  0.0, Max:  0.0, Diff:  0.0, Sum:  0.0, Workers: 4
[2088.512s][debug][gc,phases      ] GC(122)     Dead                           Min: 0, Avg:  0.0, Max: 0, Diff: 0, Sum: 0, Workers: 4
[2088.512s][debug][gc,phases      ] GC(122)     Total                          Min: 0, Avg: 246.5, Max: 895, Diff: 895, Sum: 986, Workers: 4
[2088.512s][debug][gc,phases      ] GC(122)   ObjectSynchronizer Weak        Min:  0.0, Avg:  0.0, Max:  0.0, Diff:  0.0, Sum:  0.0, Workers: 4
[2088.512s][debug][gc,phases      ] GC(122)     Dead                           Min: 0, Avg:  0.0, Max: 0, Diff: 0, Sum: 0, Workers: 4
[2088.512s][debug][gc,phases      ] GC(122)     Total                          Min: 0, Avg:  1.5, Max: 6, Diff: 6, Sum: 6, Workers: 4
[2088.512s][debug][gc,phases      ] GC(122)   JVMTI Tag Weak OopStorage      Min:  0.0, Avg:  0.0, Max:  0.0, Diff:  0.0, Sum:  0.0, Workers: 4
[2088.512s][debug][gc,phases      ] GC(122)     Dead                           Min: 0, Avg:  0.0, Max: 0, Diff: 0, Sum: 0, Workers: 4
[2088.512s][debug][gc,phases      ] GC(122)     Total                          Min: 0, Avg:  0.0, Max: 0, Diff: 0, Sum: 0, Workers: 4
[2088.512s][debug][gc,phases      ] GC(122)   StringTable Weak               Min:  0.0, Avg:  0.1, Max:  0.1, Diff:  0.1, Sum:  0.4, Workers: 4
[2088.512s][debug][gc,phases      ] GC(122)     Dead                           Min: 0, Avg:  0.0, Max: 0, Diff: 0, Sum: 0, Workers: 4
[2088.512s][debug][gc,phases      ] GC(122)     Total                          Min: 0, Avg: 11311.0, Max: 19836, Diff: 19836, Sum: 45244, Workers: 4
[2088.512s][debug][gc,phases      ] GC(122)   ResolvedMethodTable Weak       Min:  0.0, Avg:  0.0, Max:  0.0, Diff:  0.0, Sum:  0.1, Workers: 4
[2088.512s][debug][gc,phases      ] GC(122)     Dead                           Min: 0, Avg:  0.0, Max: 0, Diff: 0, Sum: 0, Workers: 4
[2088.512s][debug][gc,phases      ] GC(122)     Total                          Min: 0, Avg: 2906.2, Max: 4842, Diff: 4842, Sum: 11625, Workers: 4
[2088.512s][debug][gc,phases      ] GC(122)   JNI Weak                       Min:  0.0, Avg:  0.0, Max:  0.0, Diff:  0.0, Sum:  0.0, Workers: 4
[2088.512s][debug][gc,phases      ] GC(122)     Dead                           Min: 0, Avg:  0.0, Max: 0, Diff: 0, Sum: 0, Workers: 4
[2088.512s][debug][gc,phases      ] GC(122)     Total                          Min: 0, Avg: 12.0, Max: 48, Diff: 48, Sum: 48, Workers: 4
[2088.512s][debug][gc,phases      ] GC(122)   StringDedup Table Weak         Min:  0.0, Avg:  0.0, Max:  0.0, Diff:  0.0, Sum:  0.0, Workers: 4
[2088.512s][debug][gc,phases      ] GC(122)     Dead                           Min: 0, Avg:  0.0, Max: 0, Diff: 0, Sum: 0, Workers: 4
[2088.512s][debug][gc,phases      ] GC(122)     Total                          Min: 0, Avg:  0.0, Max: 0, Diff: 0, Sum: 0, Workers: 4
[2088.512s][debug][gc,phases      ] GC(122)   StringDedup Requests0 Weak     Min:  0.0, Avg:  0.0, Max:  0.0, Diff:  0.0, Sum:  0.0, Workers: 4
[2088.512s][debug][gc,phases      ] GC(122)     Dead                           Min: 0, Avg:  0.0, Max: 0, Diff: 0, Sum: 0, Workers: 4
[2088.512s][debug][gc,phases      ] GC(122)     Total                          Min: 0, Avg:  0.0, Max: 0, Diff: 0, Sum: 0, Workers: 4
[2088.512s][debug][gc,phases      ] GC(122)   StringDedup Requests1 Weak     Min:  0.0, Avg:  0.0, Max:  0.0, Diff:  0.0, Sum:  0.0, Workers: 4
[2088.512s][debug][gc,phases      ] GC(122)     Dead                           Min: 0, Avg:  0.0, Max: 0, Diff: 0, Sum: 0, Workers: 4
[2088.512s][debug][gc,phases      ] GC(122)     Total                          Min: 0, Avg:  0.0, Max: 0, Diff: 0, Sum: 0, Workers: 4
[2088.512s][debug][gc,phases      ] GC(122)   Weak JFR Old Object Samples    Min:  0.0, Avg:  0.0, Max:  0.0, Diff:  0.0, Sum:  0.0, Workers: 4
[2088.512s][debug][gc,phases      ] GC(122)     Dead                           Min: 0, Avg:  0.0, Max: 0, Diff: 0, Sum: 0, Workers: 4
[2088.512s][debug][gc,phases      ] GC(122)     Total                          Min: 0, Avg:  0.0, Max: 0, Diff: 0, Sum: 0, Workers: 4
[2088.512s][debug][gc,phases      ] GC(122) Weak Processing 0.340ms
[2088.512s][debug][gc,age         ] GC(122) Desired survivor size 38797312 bytes, new threshold 15 (max threshold 15)
[2088.512s][info ][gc,heap        ] GC(122) PSYoungGen: 2034840K(2056192K)->18344K(2059264K) Eden: 2016256K(2016256K)->0K(2020352K) From: 18584K(39936K)->18344K(38912K)
[2088.512s][info ][gc,heap        ] GC(122) ParOldGen: 490695K(579584K)->490943K(579584K)
[2088.512s][info ][gc,metaspace   ] GC(122) Metaspace: 91578K(92736K)->91578K(92736K) NonClass: 78428K(79040K)->78428K(79040K) Class: 13149K(13696K)->13149K(13696K)
[2088.512s][info ][gc             ] GC(122) Pause Young (Allocation Failure) 2466M->497M(2577M) 6.454ms
[2088.512s][info ][gc,cpu         ] GC(122) User=0.02s Sys=0.00s Real=0.00s
[2088.512s][info ][safepoint      ] Safepoint "ParallelGCFailedAllocation", Time since last: 25729570725 ns, Reaching safepoint: 4700 ns, Cleanup: 3700 ns, At safepoint: 6512066 ns, Total: 6520466 ns
[2090.512s][info ][safepoint      ] Safepoint "Cleanup", Time since last: 2000139665 ns, Reaching safepoint: 5499 ns, Cleanup: 9000 ns, At safepoint: 1900 ns, Total: 16399 ns
[2110.659s][info ][safepoint      ] Safepoint "Cleanup", Time since last: 20147012591 ns, Reaching safepoint: 76799 ns, Cleanup: 16300 ns, At safepoint: 5800 ns, Total: 98899 ns
[2115.660s][info ][safepoint      ] Safepoint "Cleanup", Time since last: 5000372760 ns, Reaching safepoint: 75600 ns, Cleanup: 7700 ns, At safepoint: 6000 ns, Total: 89300 ns
[2116.660s][info ][safepoint      ] Safepoint "Cleanup", Time since last: 1000119139 ns, Reaching safepoint: 76300 ns, Cleanup: 10599 ns, At safepoint: 8100 ns, Total: 94999 ns
[2117.660s][info ][safepoint      ] Safepoint "Cleanup", Time since last: 1000062240 ns, Reaching safepoint: 4500 ns, Cleanup: 7200 ns, At safepoint: 1700 ns, Total: 13400 ns
[2118.660s][info ][safepoint      ] Safepoint "Cleanup", Time since last: 1000096639 ns, Reaching safepoint: 4300 ns, Cleanup: 8300 ns, At safepoint: 1800 ns, Total: 14400 ns
[2119.708s][info ][gc,start       ] GC(123) Pause Young (Allocation Failure)
[2119.715s][debug][gc,phases      ] GC(123) Scavenge 6.836ms
[2119.715s][debug][gc,ref         ] GC(123) Skipped phase 1 of Reference Processing: no references
[2119.715s][debug][gc,ref         ] GC(123) ReferenceProcessor::execute queues: 1, RefProcThreadModel::Single, marks_oops_alive: false
[2119.715s][debug][gc,ref         ] GC(123) Skipped phase 3 of Reference Processing: no references
[2119.715s][debug][gc,ref         ] GC(123) ReferenceProcessor::execute queues: 1, RefProcThreadModel::Single, marks_oops_alive: false
[2119.715s][debug][gc,phases      ] GC(123) Reference Processing 0.126ms
[2119.715s][debug][gc,phases      ] GC(123)   VM Weak                        Min:  0.0, Avg:  0.0, Max:  0.0, Diff:  0.0, Sum:  0.0, Workers: 4
[2119.715s][debug][gc,phases      ] GC(123)     Dead                           Min: 0, Avg:  0.0, Max: 0, Diff: 0, Sum: 0, Workers: 4
[2119.715s][debug][gc,phases      ] GC(123)     Total                          Min: 128, Avg: 246.5, Max: 411, Diff: 283, Sum: 986, Workers: 4
[2119.715s][debug][gc,phases      ] GC(123)   ObjectSynchronizer Weak        Min:  0.0, Avg:  0.0, Max:  0.0, Diff:  0.0, Sum:  0.0, Workers: 4
[2119.715s][debug][gc,phases      ] GC(123)     Dead                           Min: 0, Avg:  0.0, Max: 0, Diff: 0, Sum: 0, Workers: 4
[2119.715s][debug][gc,phases      ] GC(123)     Total                          Min: 0, Avg:  1.5, Max: 6, Diff: 6, Sum: 6, Workers: 4
[2119.715s][debug][gc,phases      ] GC(123)   JVMTI Tag Weak OopStorage      Min:  0.0, Avg:  0.0, Max:  0.0, Diff:  0.0, Sum:  0.0, Workers: 4
[2119.715s][debug][gc,phases      ] GC(123)     Dead                           Min: 0, Avg:  0.0, Max: 0, Diff: 0, Sum: 0, Workers: 4
[2119.715s][debug][gc,phases      ] GC(123)     Total                          Min: 0, Avg:  0.0, Max: 0, Diff: 0, Sum: 0, Workers: 4
[2119.715s][debug][gc,phases      ] GC(123)   StringTable Weak               Min:  0.1, Avg:  0.1, Max:  0.1, Diff:  0.0, Sum:  0.4, Workers: 4
[2119.715s][debug][gc,phases      ] GC(123)     Dead                           Min: 0, Avg:  0.0, Max: 0, Diff: 0, Sum: 0, Workers: 4
[2119.715s][debug][gc,phases      ] GC(123)     Total                          Min: 10822, Avg: 11313.5, Max: 11776, Diff: 954, Sum: 45254, Workers: 4
[2119.715s][debug][gc,phases      ] GC(123)   ResolvedMethodTable Weak       Min:  0.0, Avg:  0.0, Max:  0.0, Diff:  0.0, Sum:  0.1, Workers: 4
[2119.715s][debug][gc,phases      ] GC(123)     Dead                           Min: 0, Avg:  0.0, Max: 0, Diff: 0, Sum: 0, Workers: 4
[2119.715s][debug][gc,phases      ] GC(123)     Total                          Min: 2688, Avg: 2906.8, Max: 3071, Diff: 383, Sum: 11627, Workers: 4
[2119.715s][debug][gc,phases      ] GC(123)   JNI Weak                       Min:  0.0, Avg:  0.0, Max:  0.0, Diff:  0.0, Sum:  0.0, Workers: 4
[2119.715s][debug][gc,phases      ] GC(123)     Dead                           Min: 0, Avg:  0.0, Max: 0, Diff: 0, Sum: 0, Workers: 4
[2119.715s][debug][gc,phases      ] GC(123)     Total                          Min: 0, Avg: 12.0, Max: 48, Diff: 48, Sum: 48, Workers: 4
[2119.715s][debug][gc,phases      ] GC(123)   StringDedup Table Weak         Min:  0.0, Avg:  0.0, Max:  0.0, Diff:  0.0, Sum:  0.0, Workers: 4
[2119.715s][debug][gc,phases      ] GC(123)     Dead                           Min: 0, Avg:  0.0, Max: 0, Diff: 0, Sum: 0, Workers: 4
[2119.715s][debug][gc,phases      ] GC(123)     Total                          Min: 0, Avg:  0.0, Max: 0, Diff: 0, Sum: 0, Workers: 4
[2119.715s][debug][gc,phases      ] GC(123)   StringDedup Requests0 Weak     Min:  0.0, Avg:  0.0, Max:  0.0, Diff:  0.0, Sum:  0.0, Workers: 4
[2119.715s][debug][gc,phases      ] GC(123)     Dead                           Min: 0, Avg:  0.0, Max: 0, Diff: 0, Sum: 0, Workers: 4
[2119.715s][debug][gc,phases      ] GC(123)     Total                          Min: 0, Avg:  0.0, Max: 0, Diff: 0, Sum: 0, Workers: 4
[2119.715s][debug][gc,phases      ] GC(123)   StringDedup Requests1 Weak     Min:  0.0, Avg:  0.0, Max:  0.0, Diff:  0.0, Sum:  0.0, Workers: 4
[2119.715s][debug][gc,phases      ] GC(123)     Dead                           Min: 0, Avg:  0.0, Max: 0, Diff: 0, Sum: 0, Workers: 4
[2119.715s][debug][gc,phases      ] GC(123)     Total                          Min: 0, Avg:  0.0, Max: 0, Diff: 0, Sum: 0, Workers: 4
[2119.715s][debug][gc,phases      ] GC(123)   Weak JFR Old Object Samples    Min:  0.0, Avg:  0.0, Max:  0.0, Diff:  0.0, Sum:  0.0, Workers: 4
[2119.715s][debug][gc,phases      ] GC(123)     Dead                           Min: 0, Avg:  0.0, Max: 0, Diff: 0, Sum: 0, Workers: 4
[2119.715s][debug][gc,phases      ] GC(123)     Total                          Min: 0, Avg:  0.0, Max: 0, Diff: 0, Sum: 0, Workers: 4
[2119.715s][debug][gc,phases      ] GC(123) Weak Processing 0.297ms
[2119.715s][debug][gc,age         ] GC(123) Desired survivor size 37748736 bytes, new threshold 15 (max threshold 15)
[2119.715s][info ][gc,heap        ] GC(123) PSYoungGen: 2038696K(2059264K)->18344K(2058240K) Eden: 2020352K(2020352K)->0K(2020352K) From: 18344K(38912K)->18344K(37888K)
[2119.715s][info ][gc,heap        ] GC(123) ParOldGen: 490943K(579584K)->490983K(579584K)
[2119.715s][info ][gc,metaspace   ] GC(123) Metaspace: 91587K(92800K)->91587K(92800K) NonClass: 78437K(79104K)->78437K(79104K) Class: 13150K(13696K)->13150K(13696K)
[2119.715s][info ][gc             ] GC(123) Pause Young (Allocation Failure) 2470M->497M(2576M) 7.367ms
[2119.715s][info ][gc,cpu         ] GC(123) User=0.02s Sys=0.00s Real=0.01s
[2119.715s][info ][safepoint      ] Safepoint "ParallelGCFailedAllocation", Time since last: 1048098491 ns, Reaching safepoint: 6300 ns, Cleanup: 3600 ns, At safepoint: 7434562 ns, Total: 7444462 ns
[2125.716s][info ][safepoint      ] Safepoint "Cleanup", Time since last: 6000393973 ns, Reaching safepoint: 4800 ns, Cleanup: 7100 ns, At safepoint: 9100 ns, Total: 21000 ns
[2127.716s][info ][safepoint      ] Safepoint "Cleanup", Time since last: 2000149873 ns, Reaching safepoint: 4900 ns, Cleanup: 7700 ns, At safepoint: 1700 ns, Total: 14300 ns
[2139.717s][info ][safepoint      ] Safepoint "Cleanup", Time since last: 12000743874 ns, Reaching safepoint: 4800 ns, Cleanup: 9700 ns, At safepoint: 2100 ns, Total: 16600 ns
[2140.717s][info ][safepoint      ] Safepoint "Cleanup", Time since last: 1000099293 ns, Reaching safepoint: 4200 ns, Cleanup: 9600 ns, At safepoint: 1700 ns, Total: 15500 ns
[2141.717s][info ][safepoint      ] Safepoint "Cleanup", Time since last: 1000114393 ns, Reaching safepoint: 5000 ns, Cleanup: 8300 ns, At safepoint: 1900 ns, Total: 15200 ns
[2148.459s][info ][gc,start       ] GC(124) Pause Young (Allocation Failure)
[2148.468s][debug][gc,phases      ] GC(124) Scavenge 9.598ms
[2148.468s][debug][gc,ref         ] GC(124) Skipped phase 1 of Reference Processing: no references
[2148.469s][debug][gc,ref         ] GC(124) ReferenceProcessor::execute queues: 1, RefProcThreadModel::Single, marks_oops_alive: false
[2148.469s][debug][gc,ref         ] GC(124) Skipped phase 3 of Reference Processing: no references
[2148.469s][debug][gc,ref         ] GC(124) ReferenceProcessor::execute queues: 1, RefProcThreadModel::Single, marks_oops_alive: false
[2148.469s][debug][gc,phases      ] GC(124) Reference Processing 0.101ms
[2148.469s][debug][gc,phases      ] GC(124)   VM Weak                        Min:  0.0, Avg:  0.0, Max:  0.0, Diff:  0.0, Sum:  0.0, Workers: 4
[2148.469s][debug][gc,phases      ] GC(124)     Dead                           Min: 0, Avg:  0.0, Max: 0, Diff: 0, Sum: 0, Workers: 4
[2148.469s][debug][gc,phases      ] GC(124)     Total                          Min: 0, Avg: 246.5, Max: 923, Diff: 923, Sum: 986, Workers: 4
[2148.469s][debug][gc,phases      ] GC(124)   ObjectSynchronizer Weak        Min:  0.0, Avg:  0.0, Max:  0.0, Diff:  0.0, Sum:  0.0, Workers: 4
[2148.469s][debug][gc,phases      ] GC(124)     Dead                           Min: 0, Avg:  0.0, Max: 0, Diff: 0, Sum: 0, Workers: 4
[2148.469s][debug][gc,phases      ] GC(124)     Total                          Min: 0, Avg:  1.5, Max: 6, Diff: 6, Sum: 6, Workers: 4
[2148.469s][debug][gc,phases      ] GC(124)   JVMTI Tag Weak OopStorage      Min:  0.0, Avg:  0.0, Max:  0.0, Diff:  0.0, Sum:  0.0, Workers: 4
[2148.469s][debug][gc,phases      ] GC(124)     Dead                           Min: 0, Avg:  0.0, Max: 0, Diff: 0, Sum: 0, Workers: 4
[2148.469s][debug][gc,phases      ] GC(124)     Total                          Min: 0, Avg:  0.0, Max: 0, Diff: 0, Sum: 0, Workers: 4
[2148.469s][debug][gc,phases      ] GC(124)   StringTable Weak               Min:  0.0, Avg:  0.1, Max:  0.1, Diff:  0.1, Sum:  0.4, Workers: 4
[2148.469s][debug][gc,phases      ] GC(124)     Dead                           Min: 0, Avg:  0.0, Max: 0, Diff: 0, Sum: 0, Workers: 4
[2148.469s][debug][gc,phases      ] GC(124)     Total                          Min: 0, Avg: 11313.8, Max: 18560, Diff: 18560, Sum: 45255, Workers: 4
[2148.469s][debug][gc,phases      ] GC(124)   ResolvedMethodTable Weak       Min:  0.0, Avg:  0.0, Max:  0.0, Diff:  0.0, Sum:  0.1, Workers: 4
[2148.469s][debug][gc,phases      ] GC(124)     Dead                           Min: 0, Avg:  0.0, Max: 0, Diff: 0, Sum: 0, Workers: 4
[2148.469s][debug][gc,phases      ] GC(124)     Total                          Min: 0, Avg: 2906.8, Max: 4799, Diff: 4799, Sum: 11627, Workers: 4
[2148.469s][debug][gc,phases      ] GC(124)   JNI Weak                       Min:  0.0, Avg:  0.0, Max:  0.0, Diff:  0.0, Sum:  0.0, Workers: 4
[2148.469s][debug][gc,phases      ] GC(124)     Dead                           Min: 0, Avg:  0.0, Max: 0, Diff: 0, Sum: 0, Workers: 4
[2148.469s][debug][gc,phases      ] GC(124)     Total                          Min: 0, Avg: 12.0, Max: 48, Diff: 48, Sum: 48, Workers: 4
[2148.469s][debug][gc,phases      ] GC(124)   StringDedup Table Weak         Min:  0.0, Avg:  0.0, Max:  0.0, Diff:  0.0, Sum:  0.0, Workers: 4
[2148.469s][debug][gc,phases      ] GC(124)     Dead                           Min: 0, Avg:  0.0, Max: 0, Diff: 0, Sum: 0, Workers: 4
[2148.469s][debug][gc,phases      ] GC(124)     Total                          Min: 0, Avg:  0.0, Max: 0, Diff: 0, Sum: 0, Workers: 4
[2148.469s][debug][gc,phases      ] GC(124)   StringDedup Requests0 Weak     Min:  0.0, Avg:  0.0, Max:  0.0, Diff:  0.0, Sum:  0.0, Workers: 4
[2148.469s][debug][gc,phases      ] GC(124)     Dead                           Min: 0, Avg:  0.0, Max: 0, Diff: 0, Sum: 0, Workers: 4
[2148.469s][debug][gc,phases      ] GC(124)     Total                          Min: 0, Avg:  0.0, Max: 0, Diff: 0, Sum: 0, Workers: 4
[2148.469s][debug][gc,phases      ] GC(124)   StringDedup Requests1 Weak     Min:  0.0, Avg:  0.0, Max:  0.0, Diff:  0.0, Sum:  0.0, Workers: 4
[2148.469s][debug][gc,phases      ] GC(124)     Dead                           Min: 0, Avg:  0.0, Max: 0, Diff: 0, Sum: 0, Workers: 4
[2148.469s][debug][gc,phases      ] GC(124)     Total                          Min: 0, Avg:  0.0, Max: 0, Diff: 0, Sum: 0, Workers: 4
[2148.469s][debug][gc,phases      ] GC(124)   Weak JFR Old Object Samples    Min:  0.0, Avg:  0.0, Max:  0.0, Diff:  0.0, Sum:  0.0, Workers: 4
[2148.469s][debug][gc,phases      ] GC(124)     Dead                           Min: 0, Avg:  0.0, Max: 0, Diff: 0, Sum: 0, Workers: 4
[2148.469s][debug][gc,phases      ] GC(124)     Total                          Min: 0, Avg:  0.0, Max: 0, Diff: 0, Sum: 0, Workers: 4
[2148.469s][debug][gc,phases      ] GC(124) Weak Processing 0.347ms
[2148.469s][debug][gc,age         ] GC(124) Desired survivor size 36175872 bytes, new threshold 15 (max threshold 15)
[2148.469s][info ][gc,heap        ] GC(124) PSYoungGen: 2038696K(2058240K)->18376K(2061824K) Eden: 2020352K(2020352K)->0K(2024960K) From: 18344K(37888K)->18376K(36864K)
[2148.469s][info ][gc,heap        ] GC(124) ParOldGen: 490983K(579584K)->491039K(579584K)
[2148.469s][info ][gc,metaspace   ] GC(124) Metaspace: 91590K(92800K)->91590K(92800K) NonClass: 78440K(79104K)->78440K(79104K) Class: 13150K(13696K)->13150K(13696K)
[2148.469s][info ][gc             ] GC(124) Pause Young (Allocation Failure) 2470M->497M(2579M) 10.157ms
[2148.469s][info ][gc,cpu         ] GC(124) User=0.02s Sys=0.00s Real=0.01s
[2148.469s][info ][safepoint      ] Safepoint "ParallelGCFailedAllocation", Time since last: 6741680551 ns, Reaching safepoint: 4900 ns, Cleanup: 3700 ns, At safepoint: 10224748 ns, Total: 10233348 ns
[2150.469s][info ][safepoint      ] Safepoint "Cleanup", Time since last: 2000149475 ns, Reaching safepoint: 7400 ns, Cleanup: 11199 ns, At safepoint: 5600 ns, Total: 24199 ns
[2154.469s][info ][safepoint      ] Safepoint "Cleanup", Time since last: 4000298332 ns, Reaching safepoint: 5000 ns, Cleanup: 9600 ns, At safepoint: 5600 ns, Total: 20200 ns
[2158.763s][info ][safepoint      ] Safepoint "Cleanup", Time since last: 4293137409 ns, Reaching safepoint: 4600 ns, Cleanup: 37900 ns, At safepoint: 2300 ns, Total: 44800 ns
[2160.673s][info ][safepoint      ] Safepoint "Cleanup", Time since last: 1910471137 ns, Reaching safepoint: 2400 ns, Cleanup: 9100 ns, At safepoint: 3200 ns, Total: 14700 ns
[2161.673s][info ][safepoint      ] Safepoint "Cleanup", Time since last: 1000098267 ns, Reaching safepoint: 4900 ns, Cleanup: 7300 ns, At safepoint: 2300 ns, Total: 14500 ns
[2163.673s][info ][safepoint      ] Safepoint "Cleanup", Time since last: 2000178048 ns, Reaching safepoint: 6000 ns, Cleanup: 9200 ns, At safepoint: 2300 ns, Total: 17500 ns
[2170.674s][info ][safepoint      ] Safepoint "Cleanup", Time since last: 7000485552 ns, Reaching safepoint: 6400 ns, Cleanup: 9100 ns, At safepoint: 2200 ns, Total: 17700 ns
[2175.674s][info ][safepoint      ] Safepoint "Cleanup", Time since last: 5000389257 ns, Reaching safepoint: 5000 ns, Cleanup: 10000 ns, At safepoint: 1800 ns, Total: 16800 ns
[2178.018s][info ][gc,start       ] GC(125) Pause Young (Allocation Failure)
[2178.025s][debug][gc,phases      ] GC(125) Scavenge 6.540ms
[2178.025s][debug][gc,ref         ] GC(125) Skipped phase 1 of Reference Processing: no references
[2178.025s][debug][gc,ref         ] GC(125) ReferenceProcessor::execute queues: 1, RefProcThreadModel::Single, marks_oops_alive: false
[2178.025s][debug][gc,ref         ] GC(125) Skipped phase 3 of Reference Processing: no references
[2178.025s][debug][gc,ref         ] GC(125) ReferenceProcessor::execute queues: 1, RefProcThreadModel::Single, marks_oops_alive: false
[2178.025s][debug][gc,phases      ] GC(125) Reference Processing 0.103ms
[2178.025s][debug][gc,phases      ] GC(125)   VM Weak                        Min:  0.0, Avg:  0.0, Max:  0.0, Diff:  0.0, Sum:  0.0, Workers: 4
[2178.025s][debug][gc,phases      ] GC(125)     Dead                           Min: 0, Avg:  0.0, Max: 0, Diff: 0, Sum: 0, Workers: 4
[2178.025s][debug][gc,phases      ] GC(125)     Total                          Min: 0, Avg: 246.5, Max: 512, Diff: 512, Sum: 986, Workers: 4
[2178.025s][debug][gc,phases      ] GC(125)   ObjectSynchronizer Weak        Min:  0.0, Avg:  0.0, Max:  0.0, Diff:  0.0, Sum:  0.0, Workers: 4
[2178.025s][debug][gc,phases      ] GC(125)     Dead                           Min: 0, Avg:  0.0, Max: 0, Diff: 0, Sum: 0, Workers: 4
[2178.025s][debug][gc,phases      ] GC(125)     Total                          Min: 0, Avg:  1.5, Max: 6, Diff: 6, Sum: 6, Workers: 4
[2178.025s][debug][gc,phases      ] GC(125)   JVMTI Tag Weak OopStorage      Min:  0.0, Avg:  0.0, Max:  0.0, Diff:  0.0, Sum:  0.0, Workers: 4
[2178.025s][debug][gc,phases      ] GC(125)     Dead                           Min: 0, Avg:  0.0, Max: 0, Diff: 0, Sum: 0, Workers: 4
[2178.025s][debug][gc,phases      ] GC(125)     Total                          Min: 0, Avg:  0.0, Max: 0, Diff: 0, Sum: 0, Workers: 4
[2178.025s][debug][gc,phases      ] GC(125)   StringTable Weak               Min:  0.0, Avg:  0.1, Max:  0.1, Diff:  0.1, Sum:  0.4, Workers: 4
[2178.025s][debug][gc,phases      ] GC(125)     Dead                           Min: 0, Avg:  0.0, Max: 0, Diff: 0, Sum: 0, Workers: 4
[2178.025s][debug][gc,phases      ] GC(125)     Total                          Min: 0, Avg: 11313.8, Max: 15431, Diff: 15431, Sum: 45255, Workers: 4
[2178.025s][debug][gc,phases      ] GC(125)   ResolvedMethodTable Weak       Min:  0.0, Avg:  0.0, Max:  0.0, Diff:  0.0, Sum:  0.1, Workers: 4
[2178.025s][debug][gc,phases      ] GC(125)     Dead                           Min: 0, Avg:  0.0, Max: 0, Diff: 0, Sum: 0, Workers: 4
[2178.025s][debug][gc,phases      ] GC(125)     Total                          Min: 0, Avg: 2906.8, Max: 3968, Diff: 3968, Sum: 11627, Workers: 4
[2178.025s][debug][gc,phases      ] GC(125)   JNI Weak                       Min:  0.0, Avg:  0.0, Max:  0.0, Diff:  0.0, Sum:  0.0, Workers: 4
[2178.025s][debug][gc,phases      ] GC(125)     Dead                           Min: 0, Avg:  0.0, Max: 0, Diff: 0, Sum: 0, Workers: 4
[2178.025s][debug][gc,phases      ] GC(125)     Total                          Min: 0, Avg: 12.0, Max: 48, Diff: 48, Sum: 48, Workers: 4
[2178.025s][debug][gc,phases      ] GC(125)   StringDedup Table Weak         Min:  0.0, Avg:  0.0, Max:  0.0, Diff:  0.0, Sum:  0.0, Workers: 4
[2178.025s][debug][gc,phases      ] GC(125)     Dead                           Min: 0, Avg:  0.0, Max: 0, Diff: 0, Sum: 0, Workers: 4
[2178.025s][debug][gc,phases      ] GC(125)     Total                          Min: 0, Avg:  0.0, Max: 0, Diff: 0, Sum: 0, Workers: 4
[2178.025s][debug][gc,phases      ] GC(125)   StringDedup Requests0 Weak     Min:  0.0, Avg:  0.0, Max:  0.0, Diff:  0.0, Sum:  0.0, Workers: 4
[2178.025s][debug][gc,phases      ] GC(125)     Dead                           Min: 0, Avg:  0.0, Max: 0, Diff: 0, Sum: 0, Workers: 4
[2178.025s][debug][gc,phases      ] GC(125)     Total                          Min: 0, Avg:  0.0, Max: 0, Diff: 0, Sum: 0, Workers: 4
[2178.025s][debug][gc,phases      ] GC(125)   StringDedup Requests1 Weak     Min:  0.0, Avg:  0.0, Max:  0.0, Diff:  0.0, Sum:  0.0, Workers: 4
[2178.025s][debug][gc,phases      ] GC(125)     Dead                           Min: 0, Avg:  0.0, Max: 0, Diff: 0, Sum: 0, Workers: 4
[2178.025s][debug][gc,phases      ] GC(125)     Total                          Min: 0, Avg:  0.0, Max: 0, Diff: 0, Sum: 0, Workers: 4
[2178.025s][debug][gc,phases      ] GC(125)   Weak JFR Old Object Samples    Min:  0.0, Avg:  0.0, Max:  0.0, Diff:  0.0, Sum:  0.0, Workers: 4
[2178.025s][debug][gc,phases      ] GC(125)     Dead                           Min: 0, Avg:  0.0, Max: 0, Diff: 0, Sum: 0, Workers: 4
[2178.025s][debug][gc,phases      ] GC(125)     Total                          Min: 0, Avg:  0.0, Max: 0, Diff: 0, Sum: 0, Workers: 4
[2178.025s][debug][gc,phases      ] GC(125) Weak Processing 0.356ms
[2178.025s][debug][gc,age         ] GC(125) Desired survivor size 35651584 bytes, new threshold 15 (max threshold 15)
[2178.025s][info ][gc,heap        ] GC(125) PSYoungGen: 2043336K(2061824K)->18664K(2060288K) Eden: 2024960K(2024960K)->0K(2024960K) From: 18376K(36864K)->18664K(35328K)
[2178.025s][info ][gc,heap        ] GC(125) ParOldGen: 491039K(579584K)->491087K(579584K)
[2178.025s][info ][gc,metaspace   ] GC(125) Metaspace: 91590K(92800K)->91590K(92800K) NonClass: 78440K(79104K)->78440K(79104K) Class: 13150K(13696K)->13150K(13696K)
[2178.025s][info ][gc             ] GC(125) Pause Young (Allocation Failure) 2474M->497M(2578M) 7.109ms
[2178.025s][info ][gc,cpu         ] GC(125) User=0.02s Sys=0.00s Real=0.01s
[2178.025s][info ][safepoint      ] Safepoint "ParallelGCFailedAllocation", Time since last: 2343583341 ns, Reaching safepoint: 4200 ns, Cleanup: 3000 ns, At safepoint: 7176464 ns, Total: 7183664 ns
[2185.026s][info ][safepoint      ] Safepoint "Cleanup", Time since last: 7000466778 ns, Reaching safepoint: 4500 ns, Cleanup: 6900 ns, At safepoint: 2100 ns, Total: 13500 ns
[2197.026s][info ][safepoint      ] Safepoint "Cleanup", Time since last: 12000855505 ns, Reaching safepoint: 6100 ns, Cleanup: 12700 ns, At safepoint: 2400 ns, Total: 21200 ns
[2200.027s][info ][safepoint      ] Safepoint "Cleanup", Time since last: 3000246837 ns, Reaching safepoint: 5600 ns, Cleanup: 8699 ns, At safepoint: 2100 ns, Total: 16399 ns
[2202.100s][info ][gc,start       ] GC(126) Pause Young (Allocation Failure)
[2202.108s][debug][gc,phases      ] GC(126) Scavenge 8.164ms
[2202.108s][debug][gc,ref         ] GC(126) Skipped phase 1 of Reference Processing: no references
[2202.108s][debug][gc,ref         ] GC(126) ReferenceProcessor::execute queues: 1, RefProcThreadModel::Single, marks_oops_alive: false
[2202.108s][debug][gc,ref         ] GC(126) Skipped phase 3 of Reference Processing: no references
[2202.108s][debug][gc,ref         ] GC(126) ReferenceProcessor::execute queues: 1, RefProcThreadModel::Single, marks_oops_alive: false
[2202.108s][debug][gc,phases      ] GC(126) Reference Processing 0.102ms
[2202.109s][debug][gc,phases      ] GC(126)   VM Weak                        Min:  0.0, Avg:  0.0, Max:  0.0, Diff:  0.0, Sum:  0.0, Workers: 4
[2202.109s][debug][gc,phases      ] GC(126)     Dead                           Min: 0, Avg:  0.0, Max: 0, Diff: 0, Sum: 0, Workers: 4
[2202.109s][debug][gc,phases      ] GC(126)     Total                          Min: 0, Avg: 246.5, Max: 667, Diff: 667, Sum: 986, Workers: 4
[2202.109s][debug][gc,phases      ] GC(126)   ObjectSynchronizer Weak        Min:  0.0, Avg:  0.0, Max:  0.0, Diff:  0.0, Sum:  0.0, Workers: 4
[2202.109s][debug][gc,phases      ] GC(126)     Dead                           Min: 0, Avg:  0.0, Max: 0, Diff: 0, Sum: 0, Workers: 4
[2202.109s][debug][gc,phases      ] GC(126)     Total                          Min: 0, Avg:  1.5, Max: 6, Diff: 6, Sum: 6, Workers: 4
[2202.109s][debug][gc,phases      ] GC(126)   JVMTI Tag Weak OopStorage      Min:  0.0, Avg:  0.0, Max:  0.0, Diff:  0.0, Sum:  0.0, Workers: 4
[2202.109s][debug][gc,phases      ] GC(126)     Dead                           Min: 0, Avg:  0.0, Max: 0, Diff: 0, Sum: 0, Workers: 4
[2202.109s][debug][gc,phases      ] GC(126)     Total                          Min: 0, Avg:  0.0, Max: 0, Diff: 0, Sum: 0, Workers: 4
[2202.109s][debug][gc,phases      ] GC(126)   StringTable Weak               Min:  0.0, Avg:  0.1, Max:  0.1, Diff:  0.1, Sum:  0.3, Workers: 4
[2202.109s][debug][gc,phases      ] GC(126)     Dead                           Min: 0, Avg:  0.0, Max: 0, Diff: 0, Sum: 0, Workers: 4
[2202.109s][debug][gc,phases      ] GC(126)     Total                          Min: 0, Avg: 11313.8, Max: 20359, Diff: 20359, Sum: 45255, Workers: 4
[2202.109s][debug][gc,phases      ] GC(126)   ResolvedMethodTable Weak       Min:  0.0, Avg:  0.0, Max:  0.0, Diff:  0.0, Sum:  0.1, Workers: 4
[2202.109s][debug][gc,phases      ] GC(126)     Dead                           Min: 0, Avg:  0.0, Max: 0, Diff: 0, Sum: 0, Workers: 4
[2202.109s][debug][gc,phases      ] GC(126)     Total                          Min: 0, Avg: 2906.8, Max: 4927, Diff: 4927, Sum: 11627, Workers: 4
[2202.109s][debug][gc,phases      ] GC(126)   JNI Weak                       Min:  0.0, Avg:  0.0, Max:  0.0, Diff:  0.0, Sum:  0.0, Workers: 4
[2202.109s][debug][gc,phases      ] GC(126)     Dead                           Min: 0, Avg:  0.0, Max: 0, Diff: 0, Sum: 0, Workers: 4
[2202.109s][debug][gc,phases      ] GC(126)     Total                          Min: 0, Avg: 12.0, Max: 48, Diff: 48, Sum: 48, Workers: 4
[2202.109s][debug][gc,phases      ] GC(126)   StringDedup Table Weak         Min:  0.0, Avg:  0.0, Max:  0.0, Diff:  0.0, Sum:  0.0, Workers: 4
[2202.109s][debug][gc,phases      ] GC(126)     Dead                           Min: 0, Avg:  0.0, Max: 0, Diff: 0, Sum: 0, Workers: 4
[2202.109s][debug][gc,phases      ] GC(126)     Total                          Min: 0, Avg:  0.0, Max: 0, Diff: 0, Sum: 0, Workers: 4
[2202.109s][debug][gc,phases      ] GC(126)   StringDedup Requests0 Weak     Min:  0.0, Avg:  0.0, Max:  0.0, Diff:  0.0, Sum:  0.0, Workers: 4
[2202.109s][debug][gc,phases      ] GC(126)     Dead                           Min: 0, Avg:  0.0, Max: 0, Diff: 0, Sum: 0, Workers: 4
[2202.109s][debug][gc,phases      ] GC(126)     Total                          Min: 0, Avg:  0.0, Max: 0, Diff: 0, Sum: 0, Workers: 4
[2202.109s][debug][gc,phases      ] GC(126)   StringDedup Requests1 Weak     Min:  0.0, Avg:  0.0, Max:  0.0, Diff:  0.0, Sum:  0.0, Workers: 4
[2202.109s][debug][gc,phases      ] GC(126)     Dead                           Min: 0, Avg:  0.0, Max: 0, Diff: 0, Sum: 0, Workers: 4
[2202.109s][debug][gc,phases      ] GC(126)     Total                          Min: 0, Avg:  0.0, Max: 0, Diff: 0, Sum: 0, Workers: 4
[2202.109s][debug][gc,phases      ] GC(126)   Weak JFR Old Object Samples    Min:  0.0, Avg:  0.0, Max:  0.0, Diff:  0.0, Sum:  0.0, Workers: 4
[2202.109s][debug][gc,phases      ] GC(126)     Dead                           Min: 0, Avg:  0.0, Max: 0, Diff: 0, Sum: 0, Workers: 4
[2202.109s][debug][gc,phases      ] GC(126)     Total                          Min: 0, Avg:  0.0, Max: 0, Diff: 0, Sum: 0, Workers: 4
[2202.109s][debug][gc,phases      ] GC(126) Weak Processing 0.328ms
[2202.109s][debug][gc,age         ] GC(126) Desired survivor size 35651584 bytes, new threshold 15 (max threshold 15)
[2202.109s][info ][gc,heap        ] GC(126) PSYoungGen: 2043624K(2060288K)->21400K(2062336K) Eden: 2024960K(2024960K)->0K(2027520K) From: 18664K(35328K)->21400K(34816K)
[2202.109s][info ][gc,heap        ] GC(126) ParOldGen: 491087K(579584K)->491356K(579584K)
[2202.109s][info ][gc,metaspace   ] GC(126) Metaspace: 91597K(92800K)->91597K(92800K) NonClass: 78447K(79104K)->78447K(79104K) Class: 13150K(13696K)->13150K(13696K)
[2202.109s][info ][gc             ] GC(126) Pause Young (Allocation Failure) 2475M->500M(2580M) 8.719ms
[2202.109s][info ][gc,cpu         ] GC(126) User=0.03s Sys=0.00s Real=0.01s
[2202.109s][info ][safepoint      ] Safepoint "ParallelGCFailedAllocation", Time since last: 2073097554 ns, Reaching safepoint: 75699 ns, Cleanup: 3700 ns, At safepoint: 8788356 ns, Total: 8867755 ns
[2210.109s][info ][safepoint      ] Safepoint "Cleanup", Time since last: 8000563976 ns, Reaching safepoint: 72600 ns, Cleanup: 8600 ns, At safepoint: 5599 ns, Total: 86799 ns
[2211.110s][info ][safepoint      ] Safepoint "Cleanup", Time since last: 1000111477 ns, Reaching safepoint: 71600 ns, Cleanup: 8100 ns, At safepoint: 5500 ns, Total: 85200 ns
[2217.110s][info ][safepoint      ] Safepoint "Cleanup", Time since last: 6000402804 ns, Reaching safepoint: 74700 ns, Cleanup: 9400 ns, At safepoint: 6600 ns, Total: 90700 ns
[2218.110s][info ][safepoint      ] Safepoint "Cleanup", Time since last: 1000104483 ns, Reaching safepoint: 4900 ns, Cleanup: 7900 ns, At safepoint: 17500 ns, Total: 30300 ns
[2221.696s][info ][safepoint      ] Safepoint "Cleanup", Time since last: 3586262952 ns, Reaching safepoint: 5300 ns, Cleanup: 8400 ns, At safepoint: 1900 ns, Total: 15600 ns
[2224.349s][info ][gc,start       ] GC(127) Pause Young (Allocation Failure)
[2224.358s][debug][gc,phases      ] GC(127) Scavenge 7.980ms
[2224.358s][debug][gc,ref         ] GC(127) Skipped phase 1 of Reference Processing: no references
[2224.358s][debug][gc,ref         ] GC(127) ReferenceProcessor::execute queues: 1, RefProcThreadModel::Single, marks_oops_alive: false
[2224.358s][debug][gc,ref         ] GC(127) Skipped phase 3 of Reference Processing: no references
[2224.358s][debug][gc,ref         ] GC(127) ReferenceProcessor::execute queues: 1, RefProcThreadModel::Single, marks_oops_alive: false
[2224.358s][debug][gc,phases      ] GC(127) Reference Processing 0.095ms
[2224.358s][debug][gc,phases      ] GC(127)   VM Weak                        Min:  0.0, Avg:  0.0, Max:  0.0, Diff:  0.0, Sum:  0.0, Workers: 4
[2224.358s][debug][gc,phases      ] GC(127)     Dead                           Min: 0, Avg:  0.0, Max: 0, Diff: 0, Sum: 0, Workers: 4
[2224.358s][debug][gc,phases      ] GC(127)     Total                          Min: 0, Avg: 246.5, Max: 895, Diff: 895, Sum: 986, Workers: 4
[2224.358s][debug][gc,phases      ] GC(127)   ObjectSynchronizer Weak        Min:  0.0, Avg:  0.0, Max:  0.0, Diff:  0.0, Sum:  0.0, Workers: 4
[2224.358s][debug][gc,phases      ] GC(127)     Dead                           Min: 0, Avg:  0.0, Max: 0, Diff: 0, Sum: 0, Workers: 4
[2224.358s][debug][gc,phases      ] GC(127)     Total                          Min: 0, Avg:  1.5, Max: 6, Diff: 6, Sum: 6, Workers: 4
[2224.358s][debug][gc,phases      ] GC(127)   JVMTI Tag Weak OopStorage      Min:  0.0, Avg:  0.0, Max:  0.0, Diff:  0.0, Sum:  0.0, Workers: 4
[2224.358s][debug][gc,phases      ] GC(127)     Dead                           Min: 0, Avg:  0.0, Max: 0, Diff: 0, Sum: 0, Workers: 4
[2224.358s][debug][gc,phases      ] GC(127)     Total                          Min: 0, Avg:  0.0, Max: 0, Diff: 0, Sum: 0, Workers: 4
[2224.358s][debug][gc,phases      ] GC(127)   StringTable Weak               Min:  0.1, Avg:  0.1, Max:  0.1, Diff:  0.0, Sum:  0.4, Workers: 4
[2224.358s][debug][gc,phases      ] GC(127)     Dead                           Min: 0, Avg:  0.0, Max: 0, Diff: 0, Sum: 0, Workers: 4
[2224.358s][debug][gc,phases      ] GC(127)     Total                          Min: 8320, Avg: 11313.8, Max: 12544, Diff: 4224, Sum: 45255, Workers: 4
[2224.358s][debug][gc,phases      ] GC(127)   ResolvedMethodTable Weak       Min:  0.0, Avg:  0.0, Max:  0.0, Diff:  0.0, Sum:  0.1, Workers: 4
[2224.358s][debug][gc,phases      ] GC(127)     Dead                           Min: 0, Avg:  0.0, Max: 0, Diff: 0, Sum: 0, Workers: 4
[2224.358s][debug][gc,phases      ] GC(127)     Total                          Min: 2816, Avg: 2906.8, Max: 3072, Diff: 256, Sum: 11627, Workers: 4
[2224.358s][debug][gc,phases      ] GC(127)   JNI Weak                       Min:  0.0, Avg:  0.0, Max:  0.0, Diff:  0.0, Sum:  0.0, Workers: 4
[2224.358s][debug][gc,phases      ] GC(127)     Dead                           Min: 0, Avg:  0.0, Max: 0, Diff: 0, Sum: 0, Workers: 4
[2224.358s][debug][gc,phases      ] GC(127)     Total                          Min: 0, Avg: 12.0, Max: 48, Diff: 48, Sum: 48, Workers: 4
[2224.358s][debug][gc,phases      ] GC(127)   StringDedup Table Weak         Min:  0.0, Avg:  0.0, Max:  0.0, Diff:  0.0, Sum:  0.0, Workers: 4
[2224.358s][debug][gc,phases      ] GC(127)     Dead                           Min: 0, Avg:  0.0, Max: 0, Diff: 0, Sum: 0, Workers: 4
[2224.358s][debug][gc,phases      ] GC(127)     Total                          Min: 0, Avg:  0.0, Max: 0, Diff: 0, Sum: 0, Workers: 4
[2224.358s][debug][gc,phases      ] GC(127)   StringDedup Requests0 Weak     Min:  0.0, Avg:  0.0, Max:  0.0, Diff:  0.0, Sum:  0.0, Workers: 4
[2224.358s][debug][gc,phases      ] GC(127)     Dead                           Min: 0, Avg:  0.0, Max: 0, Diff: 0, Sum: 0, Workers: 4
[2224.358s][debug][gc,phases      ] GC(127)     Total                          Min: 0, Avg:  0.0, Max: 0, Diff: 0, Sum: 0, Workers: 4
[2224.358s][debug][gc,phases      ] GC(127)   StringDedup Requests1 Weak     Min:  0.0, Avg:  0.0, Max:  0.0, Diff:  0.0, Sum:  0.0, Workers: 4
[2224.358s][debug][gc,phases      ] GC(127)     Dead                           Min: 0, Avg:  0.0, Max: 0, Diff: 0, Sum: 0, Workers: 4
[2224.358s][debug][gc,phases      ] GC(127)     Total                          Min: 0, Avg:  0.0, Max: 0, Diff: 0, Sum: 0, Workers: 4
[2224.358s][debug][gc,phases      ] GC(127)   Weak JFR Old Object Samples    Min:  0.0, Avg:  0.0, Max:  0.0, Diff:  0.0, Sum:  0.0, Workers: 4
[2224.358s][debug][gc,phases      ] GC(127)     Dead                           Min: 0, Avg:  0.0, Max: 0, Diff: 0, Sum: 0, Workers: 4
[2224.358s][debug][gc,phases      ] GC(127)     Total                          Min: 0, Avg:  0.0, Max: 0, Diff: 0, Sum: 0, Workers: 4
[2224.358s][debug][gc,phases      ] GC(127) Weak Processing 0.335ms
[2224.358s][debug][gc,age         ] GC(127) Desired survivor size 34078720 bytes, new threshold 15 (max threshold 15)
[2224.358s][info ][gc,heap        ] GC(127) PSYoungGen: 2048920K(2062336K)->15820K(2062336K) Eden: 2027520K(2027520K)->0K(2027520K) From: 21400K(34816K)->15820K(34816K)
[2224.358s][info ][gc,heap        ] GC(127) ParOldGen: 491356K(579584K)->496916K(579584K)
[2224.358s][info ][gc,metaspace   ] GC(127) Metaspace: 91602K(92800K)->91602K(92800K) NonClass: 78452K(79104K)->78452K(79104K) Class: 13150K(13696K)->13150K(13696K)
[2224.358s][info ][gc             ] GC(127) Pause Young (Allocation Failure) 2480M->500M(2580M) 8.520ms
[2224.358s][info ][gc,cpu         ] GC(127) User=0.02s Sys=0.01s Real=0.01s
[2224.358s][info ][safepoint      ] Safepoint "ParallelGCFailedAllocation", Time since last: 2652906028 ns, Reaching safepoint: 75300 ns, Cleanup: 3400 ns, At safepoint: 8597456 ns, Total: 8676156 ns
[2229.363s][info ][safepoint      ] Safepoint "Cleanup", Time since last: 5004676122 ns, Reaching safepoint: 4500 ns, Cleanup: 25900 ns, At safepoint: 1900 ns, Total: 32300 ns
[2235.363s][info ][safepoint      ] Safepoint "Cleanup", Time since last: 6000364296 ns, Reaching safepoint: 4500 ns, Cleanup: 7900 ns, At safepoint: 2200 ns, Total: 14600 ns
[2236.363s][info ][safepoint      ] Safepoint "Cleanup", Time since last: 1000062629 ns, Reaching safepoint: 4600 ns, Cleanup: 15900 ns, At safepoint: 2000 ns, Total: 22500 ns
[2247.250s][info ][gc,start       ] GC(128) Pause Young (Allocation Failure)
[2247.257s][debug][gc,phases      ] GC(128) Scavenge 7.042ms
[2247.257s][debug][gc,ref         ] GC(128) Skipped phase 1 of Reference Processing: no references
[2247.257s][debug][gc,ref         ] GC(128) ReferenceProcessor::execute queues: 1, RefProcThreadModel::Single, marks_oops_alive: false
[2247.257s][debug][gc,ref         ] GC(128) Skipped phase 3 of Reference Processing: no references
[2247.257s][debug][gc,ref         ] GC(128) ReferenceProcessor::execute queues: 1, RefProcThreadModel::Single, marks_oops_alive: false
[2247.257s][debug][gc,phases      ] GC(128) Reference Processing 0.095ms
[2247.257s][debug][gc,phases      ] GC(128)   VM Weak                        Min:  0.0, Avg:  0.0, Max:  0.0, Diff:  0.0, Sum:  0.0, Workers: 4
[2247.257s][debug][gc,phases      ] GC(128)     Dead                           Min: 0, Avg:  0.0, Max: 0, Diff: 0, Sum: 0, Workers: 4
[2247.257s][debug][gc,phases      ] GC(128)     Total                          Min: 0, Avg: 246.5, Max: 667, Diff: 667, Sum: 986, Workers: 4
[2247.257s][debug][gc,phases      ] GC(128)   ObjectSynchronizer Weak        Min:  0.0, Avg:  0.0, Max:  0.0, Diff:  0.0, Sum:  0.0, Workers: 4
[2247.257s][debug][gc,phases      ] GC(128)     Dead                           Min: 0, Avg:  0.0, Max: 0, Diff: 0, Sum: 0, Workers: 4
[2247.257s][debug][gc,phases      ] GC(128)     Total                          Min: 0, Avg:  1.5, Max: 6, Diff: 6, Sum: 6, Workers: 4
[2247.257s][debug][gc,phases      ] GC(128)   JVMTI Tag Weak OopStorage      Min:  0.0, Avg:  0.0, Max:  0.0, Diff:  0.0, Sum:  0.0, Workers: 4
[2247.257s][debug][gc,phases      ] GC(128)     Dead                           Min: 0, Avg:  0.0, Max: 0, Diff: 0, Sum: 0, Workers: 4
[2247.257s][debug][gc,phases      ] GC(128)     Total                          Min: 0, Avg:  0.0, Max: 0, Diff: 0, Sum: 0, Workers: 4
[2247.257s][debug][gc,phases      ] GC(128)   StringTable Weak               Min:  0.0, Avg:  0.1, Max:  0.1, Diff:  0.1, Sum:  0.4, Workers: 4
[2247.257s][debug][gc,phases      ] GC(128)     Dead                           Min: 0, Avg:  0.0, Max: 0, Diff: 0, Sum: 0, Workers: 4
[2247.257s][debug][gc,phases      ] GC(128)     Total                          Min: 0, Avg: 11314.0, Max: 19272, Diff: 19272, Sum: 45256, Workers: 4
[2247.257s][debug][gc,phases      ] GC(128)   ResolvedMethodTable Weak       Min:  0.0, Avg:  0.0, Max:  0.0, Diff:  0.0, Sum:  0.1, Workers: 4
[2247.257s][debug][gc,phases      ] GC(128)     Dead                           Min: 0, Avg:  0.0, Max: 0, Diff: 0, Sum: 0, Workers: 4
[2247.257s][debug][gc,phases      ] GC(128)     Total                          Min: 0, Avg: 2907.2, Max: 4671, Diff: 4671, Sum: 11629, Workers: 4
[2247.257s][debug][gc,phases      ] GC(128)   JNI Weak                       Min:  0.0, Avg:  0.0, Max:  0.0, Diff:  0.0, Sum:  0.0, Workers: 4
[2247.257s][debug][gc,phases      ] GC(128)     Dead                           Min: 0, Avg:  0.0, Max: 0, Diff: 0, Sum: 0, Workers: 4
[2247.257s][debug][gc,phases      ] GC(128)     Total                          Min: 0, Avg: 12.0, Max: 48, Diff: 48, Sum: 48, Workers: 4
[2247.257s][debug][gc,phases      ] GC(128)   StringDedup Table Weak         Min:  0.0, Avg:  0.0, Max:  0.0, Diff:  0.0, Sum:  0.0, Workers: 4
[2247.257s][debug][gc,phases      ] GC(128)     Dead                           Min: 0, Avg:  0.0, Max: 0, Diff: 0, Sum: 0, Workers: 4
[2247.257s][debug][gc,phases      ] GC(128)     Total                          Min: 0, Avg:  0.0, Max: 0, Diff: 0, Sum: 0, Workers: 4
[2247.257s][debug][gc,phases      ] GC(128)   StringDedup Requests0 Weak     Min:  0.0, Avg:  0.0, Max:  0.0, Diff:  0.0, Sum:  0.0, Workers: 4
[2247.257s][debug][gc,phases      ] GC(128)     Dead                           Min: 0, Avg:  0.0, Max: 0, Diff: 0, Sum: 0, Workers: 4
[2247.257s][debug][gc,phases      ] GC(128)     Total                          Min: 0, Avg:  0.0, Max: 0, Diff: 0, Sum: 0, Workers: 4
[2247.257s][debug][gc,phases      ] GC(128)   StringDedup Requests1 Weak     Min:  0.0, Avg:  0.0, Max:  0.0, Diff:  0.0, Sum:  0.0, Workers: 4
[2247.257s][debug][gc,phases      ] GC(128)     Dead                           Min: 0, Avg:  0.0, Max: 0, Diff: 0, Sum: 0, Workers: 4
[2247.257s][debug][gc,phases      ] GC(128)     Total                          Min: 0, Avg:  0.0, Max: 0, Diff: 0, Sum: 0, Workers: 4
[2247.257s][debug][gc,phases      ] GC(128)   Weak JFR Old Object Samples    Min:  0.0, Avg:  0.0, Max:  0.0, Diff:  0.0, Sum:  0.0, Workers: 4
[2247.257s][debug][gc,phases      ] GC(128)     Dead                           Min: 0, Avg:  0.0, Max: 0, Diff: 0, Sum: 0, Workers: 4
[2247.257s][debug][gc,phases      ] GC(128)     Total                          Min: 0, Avg:  0.0, Max: 0, Diff: 0, Sum: 0, Workers: 4
[2247.257s][debug][gc,phases      ] GC(128) Weak Processing 0.338ms
[2247.257s][debug][gc,age         ] GC(128) Desired survivor size 33030144 bytes, new threshold 15 (max threshold 15)
[2247.257s][info ][gc,heap        ] GC(128) PSYoungGen: 2043340K(2062336K)->12908K(2064896K) Eden: 2027520K(2027520K)->0K(2031616K) From: 15820K(34816K)->12908K(33280K)
[2247.257s][info ][gc,heap        ] GC(128) ParOldGen: 496916K(579584K)->497140K(579584K)
[2247.257s][info ][gc,metaspace   ] GC(128) Metaspace: 91606K(92800K)->91606K(92800K) NonClass: 78456K(79104K)->78456K(79104K) Class: 13150K(13696K)->13150K(13696K)
[2247.257s][info ][gc             ] GC(128) Pause Young (Allocation Failure) 2480M->498M(2582M) 7.583ms
[2247.257s][info ][gc,cpu         ] GC(128) User=0.02s Sys=0.00s Real=0.01s
[2247.257s][info ][safepoint      ] Safepoint "ParallelGCFailedAllocation", Time since last: 10886329960 ns, Reaching safepoint: 71499 ns, Cleanup: 3500 ns, At safepoint: 7651462 ns, Total: 7726461 ns
[2261.258s][info ][safepoint      ] Safepoint "Cleanup", Time since last: 14000901088 ns, Reaching safepoint: 71400 ns, Cleanup: 10099 ns, At safepoint: 4700 ns, Total: 86199 ns
[2262.258s][info ][safepoint      ] Safepoint "Cleanup", Time since last: 1000129863 ns, Reaching safepoint: 76200 ns, Cleanup: 8099 ns, At safepoint: 5900 ns, Total: 90199 ns
[2263.259s][info ][safepoint      ] Safepoint "Cleanup", Time since last: 1000110063 ns, Reaching safepoint: 73900 ns, Cleanup: 8900 ns, At safepoint: 4500 ns, Total: 87300 ns
[2264.259s][info ][safepoint      ] Safepoint "Cleanup", Time since last: 1000098162 ns, Reaching safepoint: 76200 ns, Cleanup: 8300 ns, At safepoint: 4800 ns, Total: 89300 ns
[2265.259s][info ][safepoint      ] Safepoint "Cleanup", Time since last: 1000102517 ns, Reaching safepoint: 75699 ns, Cleanup: 9100 ns, At safepoint: 14700 ns, Total: 99499 ns
[2271.460s][info ][safepoint      ] Safepoint "ParallelGCFailedAllocation", Time since last: 6201007168 ns, Reaching safepoint: 3800 ns, Cleanup: 3500 ns, At safepoint: 6600 ns, Total: 13900 ns
[2271.461s][info ][gc,start       ] GC(129) Pause Young (GCLocker Initiated GC)
[2271.468s][debug][gc,phases      ] GC(129) Scavenge 6.489ms
[2271.468s][debug][gc,ref         ] GC(129) Skipped phase 1 of Reference Processing: no references
[2271.468s][debug][gc,ref         ] GC(129) ReferenceProcessor::execute queues: 1, RefProcThreadModel::Single, marks_oops_alive: false
[2271.468s][debug][gc,ref         ] GC(129) Skipped phase 3 of Reference Processing: no references
[2271.468s][debug][gc,ref         ] GC(129) ReferenceProcessor::execute queues: 1, RefProcThreadModel::Single, marks_oops_alive: false
[2271.468s][debug][gc,phases      ] GC(129) Reference Processing 0.094ms
[2271.468s][debug][gc,phases      ] GC(129)   VM Weak                        Min:  0.0, Avg:  0.0, Max:  0.0, Diff:  0.0, Sum:  0.0, Workers: 4
[2271.468s][debug][gc,phases      ] GC(129)     Dead                           Min: 0, Avg:  0.0, Max: 0, Diff: 0, Sum: 0, Workers: 4
[2271.468s][debug][gc,phases      ] GC(129)     Total                          Min: 0, Avg: 246.5, Max: 767, Diff: 767, Sum: 986, Workers: 4
[2271.468s][debug][gc,phases      ] GC(129)   ObjectSynchronizer Weak        Min:  0.0, Avg:  0.0, Max:  0.0, Diff:  0.0, Sum:  0.0, Workers: 4
[2271.468s][debug][gc,phases      ] GC(129)     Dead                           Min: 0, Avg:  0.0, Max: 0, Diff: 0, Sum: 0, Workers: 4
[2271.468s][debug][gc,phases      ] GC(129)     Total                          Min: 0, Avg:  1.5, Max: 6, Diff: 6, Sum: 6, Workers: 4
[2271.468s][debug][gc,phases      ] GC(129)   JVMTI Tag Weak OopStorage      Min:  0.0, Avg:  0.0, Max:  0.0, Diff:  0.0, Sum:  0.0, Workers: 4
[2271.468s][debug][gc,phases      ] GC(129)     Dead                           Min: 0, Avg:  0.0, Max: 0, Diff: 0, Sum: 0, Workers: 4
[2271.468s][debug][gc,phases      ] GC(129)     Total                          Min: 0, Avg:  0.0, Max: 0, Diff: 0, Sum: 0, Workers: 4
[2271.468s][debug][gc,phases      ] GC(129)   StringTable Weak               Min:  0.0, Avg:  0.1, Max:  0.1, Diff:  0.1, Sum:  0.4, Workers: 4
[2271.468s][debug][gc,phases      ] GC(129)     Dead                           Min: 0, Avg:  0.0, Max: 0, Diff: 0, Sum: 0, Workers: 4
[2271.468s][debug][gc,phases      ] GC(129)     Total                          Min: 0, Avg: 11315.0, Max: 16128, Diff: 16128, Sum: 45260, Workers: 4
[2271.468s][debug][gc,phases      ] GC(129)   ResolvedMethodTable Weak       Min:  0.0, Avg:  0.0, Max:  0.0, Diff:  0.0, Sum:  0.1, Workers: 4
[2271.468s][debug][gc,phases      ] GC(129)     Dead                           Min: 0, Avg:  4.0, Max: 13, Diff: 13, Sum: 16, Workers: 4
[2271.468s][debug][gc,phases      ] GC(129)     Total                          Min: 0, Avg: 2909.8, Max: 4927, Diff: 4927, Sum: 11639, Workers: 4
[2271.468s][debug][gc,phases      ] GC(129)   JNI Weak                       Min:  0.0, Avg:  0.0, Max:  0.0, Diff:  0.0, Sum:  0.0, Workers: 4
[2271.468s][debug][gc,phases      ] GC(129)     Dead                           Min: 0, Avg:  0.0, Max: 0, Diff: 0, Sum: 0, Workers: 4
[2271.468s][debug][gc,phases      ] GC(129)     Total                          Min: 0, Avg: 12.0, Max: 48, Diff: 48, Sum: 48, Workers: 4
[2271.468s][debug][gc,phases      ] GC(129)   StringDedup Table Weak         Min:  0.0, Avg:  0.0, Max:  0.0, Diff:  0.0, Sum:  0.0, Workers: 4
[2271.468s][debug][gc,phases      ] GC(129)     Dead                           Min: 0, Avg:  0.0, Max: 0, Diff: 0, Sum: 0, Workers: 4
[2271.468s][debug][gc,phases      ] GC(129)     Total                          Min: 0, Avg:  0.0, Max: 0, Diff: 0, Sum: 0, Workers: 4
[2271.468s][debug][gc,phases      ] GC(129)   StringDedup Requests0 Weak     Min:  0.0, Avg:  0.0, Max:  0.0, Diff:  0.0, Sum:  0.0, Workers: 4
[2271.468s][debug][gc,phases      ] GC(129)     Dead                           Min: 0, Avg:  0.0, Max: 0, Diff: 0, Sum: 0, Workers: 4
[2271.468s][debug][gc,phases      ] GC(129)     Total                          Min: 0, Avg:  0.0, Max: 0, Diff: 0, Sum: 0, Workers: 4
[2271.468s][debug][gc,phases      ] GC(129)   StringDedup Requests1 Weak     Min:  0.0, Avg:  0.0, Max:  0.0, Diff:  0.0, Sum:  0.0, Workers: 4
[2271.468s][debug][gc,phases      ] GC(129)     Dead                           Min: 0, Avg:  0.0, Max: 0, Diff: 0, Sum: 0, Workers: 4
[2271.468s][debug][gc,phases      ] GC(129)     Total                          Min: 0, Avg:  0.0, Max: 0, Diff: 0, Sum: 0, Workers: 4
[2271.468s][debug][gc,phases      ] GC(129)   Weak JFR Old Object Samples    Min:  0.0, Avg:  0.0, Max:  0.0, Diff:  0.0, Sum:  0.0, Workers: 4
[2271.468s][debug][gc,phases      ] GC(129)     Dead                           Min: 0, Avg:  0.0, Max: 0, Diff: 0, Sum: 0, Workers: 4
[2271.468s][debug][gc,phases      ] GC(129)     Total                          Min: 0, Avg:  0.0, Max: 0, Diff: 0, Sum: 0, Workers: 4
[2271.468s][debug][gc,phases      ] GC(129) Weak Processing 0.338ms
[2271.468s][debug][gc,age         ] GC(129) Desired survivor size 31981568 bytes, new threshold 15 (max threshold 15)
[2271.468s][info ][gc,heap        ] GC(129) PSYoungGen: 2044516K(2064896K)->12061K(2063872K) Eden: 2031607K(2031616K)->0K(2031616K) From: 12908K(33280K)->12061K(32256K)
[2271.468s][info ][gc,heap        ] GC(129) ParOldGen: 497652K(579584K)->497816K(579584K)
[2271.468s][info ][gc,metaspace   ] GC(129) Metaspace: 91630K(92864K)->91630K(92864K) NonClass: 78477K(79168K)->78477K(79168K) Class: 13152K(13696K)->13152K(13696K)
[2271.468s][info ][gc             ] GC(129) Pause Young (GCLocker Initiated GC) 2482M->497M(2581M) 7.000ms
[2271.468s][info ][gc,cpu         ] GC(129) User=0.03s Sys=0.00s Real=0.01s
[2271.468s][info ][safepoint      ] Safepoint "ParallelGCSystemGC", Time since last: 984595 ns, Reaching safepoint: 1500 ns, Cleanup: 900 ns, At safepoint: 7056764 ns, Total: 7059164 ns
[2272.468s][info ][safepoint      ] Safepoint "Cleanup", Time since last: 1000085596 ns, Reaching safepoint: 5800 ns, Cleanup: 10100 ns, At safepoint: 2600 ns, Total: 18500 ns
[2279.469s][info ][safepoint      ] Safepoint "Cleanup", Time since last: 7000419211 ns, Reaching safepoint: 73799 ns, Cleanup: 12500 ns, At safepoint: 22400 ns, Total: 108699 ns
[2283.445s][info ][safepoint      ] Safepoint "Cleanup", Time since last: 3975468632 ns, Reaching safepoint: 274099 ns, Cleanup: 5199 ns, At safepoint: 9000 ns, Total: 288298 ns
[2286.445s][info ][safepoint      ] Safepoint "Cleanup", Time since last: 3000217406 ns, Reaching safepoint: 4500 ns, Cleanup: 10700 ns, At safepoint: 1800 ns, Total: 17000 ns
[2289.445s][info ][safepoint      ] Safepoint "Cleanup", Time since last: 3000181500 ns, Reaching safepoint: 4100 ns, Cleanup: 10600 ns, At safepoint: 1800 ns, Total: 16500 ns
[2292.445s][info ][safepoint      ] Safepoint "Cleanup", Time since last: 3000233177 ns, Reaching safepoint: 4700 ns, Cleanup: 9100 ns, At safepoint: 1700 ns, Total: 15500 ns
[2293.445s][info ][safepoint      ] Safepoint "Cleanup", Time since last: 1000118792 ns, Reaching safepoint: 5899 ns, Cleanup: 15400 ns, At safepoint: 2100 ns, Total: 23399 ns
[2297.446s][info ][safepoint      ] Safepoint "Cleanup", Time since last: 4000276569 ns, Reaching safepoint: 73300 ns, Cleanup: 9200 ns, At safepoint: 7200 ns, Total: 89700 ns
[2297.757s][info ][gc,start       ] GC(130) Pause Young (Allocation Failure)
[2297.763s][debug][gc,phases      ] GC(130) Scavenge 5.961ms
[2297.763s][debug][gc,ref         ] GC(130) Skipped phase 1 of Reference Processing: no references
[2297.763s][debug][gc,ref         ] GC(130) ReferenceProcessor::execute queues: 1, RefProcThreadModel::Single, marks_oops_alive: false
[2297.763s][debug][gc,ref         ] GC(130) Skipped phase 3 of Reference Processing: no references
[2297.763s][debug][gc,ref         ] GC(130) ReferenceProcessor::execute queues: 1, RefProcThreadModel::Single, marks_oops_alive: false
[2297.763s][debug][gc,phases      ] GC(130) Reference Processing 0.096ms
[2297.763s][debug][gc,phases      ] GC(130)   VM Weak                        Min:  0.0, Avg:  0.0, Max:  0.0, Diff:  0.0, Sum:  0.0, Workers: 4
[2297.763s][debug][gc,phases      ] GC(130)     Dead                           Min: 0, Avg:  0.0, Max: 0, Diff: 0, Sum: 0, Workers: 4
[2297.763s][debug][gc,phases      ] GC(130)     Total                          Min: 0, Avg: 246.5, Max: 539, Diff: 539, Sum: 986, Workers: 4
[2297.763s][debug][gc,phases      ] GC(130)   ObjectSynchronizer Weak        Min:  0.0, Avg:  0.0, Max:  0.0, Diff:  0.0, Sum:  0.0, Workers: 4
[2297.763s][debug][gc,phases      ] GC(130)     Dead                           Min: 0, Avg:  0.0, Max: 0, Diff: 0, Sum: 0, Workers: 4
[2297.763s][debug][gc,phases      ] GC(130)     Total                          Min: 0, Avg:  1.5, Max: 6, Diff: 6, Sum: 6, Workers: 4
[2297.763s][debug][gc,phases      ] GC(130)   JVMTI Tag Weak OopStorage      Min:  0.0, Avg:  0.0, Max:  0.0, Diff:  0.0, Sum:  0.0, Workers: 4
[2297.763s][debug][gc,phases      ] GC(130)     Dead                           Min: 0, Avg:  0.0, Max: 0, Diff: 0, Sum: 0, Workers: 4
[2297.763s][debug][gc,phases      ] GC(130)     Total                          Min: 0, Avg:  0.0, Max: 0, Diff: 0, Sum: 0, Workers: 4
[2297.763s][debug][gc,phases      ] GC(130)   StringTable Weak               Min:  0.1, Avg:  0.1, Max:  0.1, Diff:  0.0, Sum:  0.4, Workers: 4
[2297.763s][debug][gc,phases      ] GC(130)     Dead                           Min: 0, Avg:  0.0, Max: 0, Diff: 0, Sum: 0, Workers: 4
[2297.763s][debug][gc,phases      ] GC(130)     Total                          Min: 10944, Avg: 11315.0, Max: 11904, Diff: 960, Sum: 45260, Workers: 4
[2297.763s][debug][gc,phases      ] GC(130)   ResolvedMethodTable Weak       Min:  0.0, Avg:  0.0, Max:  0.0, Diff:  0.0, Sum:  0.1, Workers: 4
[2297.763s][debug][gc,phases      ] GC(130)     Dead                           Min: 0, Avg:  0.0, Max: 0, Diff: 0, Sum: 0, Workers: 4
[2297.763s][debug][gc,phases      ] GC(130)     Total                          Min: 2816, Avg: 2909.8, Max: 3071, Diff: 255, Sum: 11639, Workers: 4
[2297.763s][debug][gc,phases      ] GC(130)   JNI Weak                       Min:  0.0, Avg:  0.0, Max:  0.0, Diff:  0.0, Sum:  0.0, Workers: 4
[2297.763s][debug][gc,phases      ] GC(130)     Dead                           Min: 0, Avg:  0.0, Max: 0, Diff: 0, Sum: 0, Workers: 4
[2297.763s][debug][gc,phases      ] GC(130)     Total                          Min: 0, Avg: 12.0, Max: 48, Diff: 48, Sum: 48, Workers: 4
[2297.763s][debug][gc,phases      ] GC(130)   StringDedup Table Weak         Min:  0.0, Avg:  0.0, Max:  0.0, Diff:  0.0, Sum:  0.0, Workers: 4
[2297.763s][debug][gc,phases      ] GC(130)     Dead                           Min: 0, Avg:  0.0, Max: 0, Diff: 0, Sum: 0, Workers: 4
[2297.763s][debug][gc,phases      ] GC(130)     Total                          Min: 0, Avg:  0.0, Max: 0, Diff: 0, Sum: 0, Workers: 4
[2297.763s][debug][gc,phases      ] GC(130)   StringDedup Requests0 Weak     Min:  0.0, Avg:  0.0, Max:  0.0, Diff:  0.0, Sum:  0.0, Workers: 4
[2297.763s][debug][gc,phases      ] GC(130)     Dead                           Min: 0, Avg:  0.0, Max: 0, Diff: 0, Sum: 0, Workers: 4
[2297.763s][debug][gc,phases      ] GC(130)     Total                          Min: 0, Avg:  0.0, Max: 0, Diff: 0, Sum: 0, Workers: 4
[2297.763s][debug][gc,phases      ] GC(130)   StringDedup Requests1 Weak     Min:  0.0, Avg:  0.0, Max:  0.0, Diff:  0.0, Sum:  0.0, Workers: 4
[2297.763s][debug][gc,phases      ] GC(130)     Dead                           Min: 0, Avg:  0.0, Max: 0, Diff: 0, Sum: 0, Workers: 4
[2297.763s][debug][gc,phases      ] GC(130)     Total                          Min: 0, Avg:  0.0, Max: 0, Diff: 0, Sum: 0, Workers: 4
[2297.763s][debug][gc,phases      ] GC(130)   Weak JFR Old Object Samples    Min:  0.0, Avg:  0.0, Max:  0.0, Diff:  0.0, Sum:  0.0, Workers: 4
[2297.763s][debug][gc,phases      ] GC(130)     Dead                           Min: 0, Avg:  0.0, Max: 0, Diff: 0, Sum: 0, Workers: 4
[2297.763s][debug][gc,phases      ] GC(130)     Total                          Min: 0, Avg:  0.0, Max: 0, Diff: 0, Sum: 0, Workers: 4
[2297.763s][debug][gc,phases      ] GC(130) Weak Processing 0.327ms
[2297.763s][debug][gc,age         ] GC(130) Desired survivor size 31457280 bytes, new threshold 15 (max threshold 15)
[2297.763s][info ][gc,heap        ] GC(130) PSYoungGen: 2043677K(2063872K)->10988K(2066432K) Eden: 2031616K(2031616K)->0K(2035200K) From: 12061K(32256K)->10988K(31232K)
[2297.763s][info ][gc,heap        ] GC(130) ParOldGen: 498682K(579584K)->499202K(579584K)
[2297.763s][info ][gc,metaspace   ] GC(130) Metaspace: 91641K(92864K)->91641K(92864K) NonClass: 78488K(79168K)->78488K(79168K) Class: 13152K(13696K)->13152K(13696K)
[2297.763s][info ][gc             ] GC(130) Pause Young (Allocation Failure) 2482M->498M(2584M) 6.502ms
[2297.763s][info ][gc,cpu         ] GC(130) User=0.02s Sys=0.00s Real=0.01s
[2297.763s][info ][safepoint      ] Safepoint "ParallelGCFailedAllocation", Time since last: 310911943 ns, Reaching safepoint: 4000 ns, Cleanup: 3900 ns, At safepoint: 6562467 ns, Total: 6570367 ns
[2300.763s][info ][safepoint      ] Safepoint "Cleanup", Time since last: 3000204776 ns, Reaching safepoint: 4800 ns, Cleanup: 12699 ns, At safepoint: 1600 ns, Total: 19099 ns
[2311.764s][info ][safepoint      ] Safepoint "Cleanup", Time since last: 11000673404 ns, Reaching safepoint: 5200 ns, Cleanup: 14799 ns, At safepoint: 1700 ns, Total: 21699 ns
[2312.764s][info ][safepoint      ] Safepoint "Cleanup", Time since last: 1000088106 ns, Reaching safepoint: 4000 ns, Cleanup: 8600 ns, At safepoint: 1700 ns, Total: 14300 ns
[2318.765s][info ][safepoint      ] Safepoint "Cleanup", Time since last: 6000374342 ns, Reaching safepoint: 4200 ns, Cleanup: 10500 ns, At safepoint: 2500 ns, Total: 17200 ns
[2321.765s][info ][safepoint      ] Safepoint "Cleanup", Time since last: 3000231563 ns, Reaching safepoint: 3800 ns, Cleanup: 7900 ns, At safepoint: 1800 ns, Total: 13500 ns
[2323.850s][info ][gc,start       ] GC(131) Pause Young (Allocation Failure)
[2323.858s][debug][gc,phases      ] GC(131) Scavenge 7.903ms
[2323.858s][debug][gc,ref         ] GC(131) Skipped phase 1 of Reference Processing: no references
[2323.858s][debug][gc,ref         ] GC(131) ReferenceProcessor::execute queues: 1, RefProcThreadModel::Single, marks_oops_alive: false
[2323.858s][debug][gc,ref         ] GC(131) Skipped phase 3 of Reference Processing: no references
[2323.858s][debug][gc,ref         ] GC(131) ReferenceProcessor::execute queues: 1, RefProcThreadModel::Single, marks_oops_alive: false
[2323.858s][debug][gc,phases      ] GC(131) Reference Processing 0.108ms
[2323.858s][debug][gc,phases      ] GC(131)   VM Weak                        Min:  0.0, Avg:  0.0, Max:  0.0, Diff:  0.0, Sum:  0.0, Workers: 4
[2323.858s][debug][gc,phases      ] GC(131)     Dead                           Min: 0, Avg:  0.0, Max: 0, Diff: 0, Sum: 0, Workers: 4
[2323.858s][debug][gc,phases      ] GC(131)     Total                          Min: 0, Avg: 246.5, Max: 511, Diff: 511, Sum: 986, Workers: 4
[2323.858s][debug][gc,phases      ] GC(131)   ObjectSynchronizer Weak        Min:  0.0, Avg:  0.0, Max:  0.0, Diff:  0.0, Sum:  0.0, Workers: 4
[2323.858s][debug][gc,phases      ] GC(131)     Dead                           Min: 0, Avg:  0.0, Max: 0, Diff: 0, Sum: 0, Workers: 4
[2323.858s][debug][gc,phases      ] GC(131)     Total                          Min: 0, Avg:  1.5, Max: 6, Diff: 6, Sum: 6, Workers: 4
[2323.858s][debug][gc,phases      ] GC(131)   JVMTI Tag Weak OopStorage      Min:  0.0, Avg:  0.0, Max:  0.0, Diff:  0.0, Sum:  0.0, Workers: 4
[2323.858s][debug][gc,phases      ] GC(131)     Dead                           Min: 0, Avg:  0.0, Max: 0, Diff: 0, Sum: 0, Workers: 4
[2323.858s][debug][gc,phases      ] GC(131)     Total                          Min: 0, Avg:  0.0, Max: 0, Diff: 0, Sum: 0, Workers: 4
[2323.858s][debug][gc,phases      ] GC(131)   StringTable Weak               Min:  0.0, Avg:  0.1, Max:  0.1, Diff:  0.1, Sum:  0.4, Workers: 4
[2323.859s][debug][gc,phases      ] GC(131)     Dead                           Min: 0, Avg:  0.0, Max: 0, Diff: 0, Sum: 0, Workers: 4
[2323.859s][debug][gc,phases      ] GC(131)     Total                          Min: 0, Avg: 11315.0, Max: 19596, Diff: 19596, Sum: 45260, Workers: 4
[2323.859s][debug][gc,phases      ] GC(131)   ResolvedMethodTable Weak       Min:  0.0, Avg:  0.0, Max:  0.0, Diff:  0.0, Sum:  0.1, Workers: 4
[2323.859s][debug][gc,phases      ] GC(131)     Dead                           Min: 0, Avg:  0.0, Max: 0, Diff: 0, Sum: 0, Workers: 4
[2323.859s][debug][gc,phases      ] GC(131)     Total                          Min: 0, Avg: 2909.8, Max: 4991, Diff: 4991, Sum: 11639, Workers: 4
[2323.859s][debug][gc,phases      ] GC(131)   JNI Weak                       Min:  0.0, Avg:  0.0, Max:  0.0, Diff:  0.0, Sum:  0.0, Workers: 4
[2323.859s][debug][gc,phases      ] GC(131)     Dead                           Min: 0, Avg:  0.0, Max: 0, Diff: 0, Sum: 0, Workers: 4
[2323.859s][debug][gc,phases      ] GC(131)     Total                          Min: 0, Avg: 12.0, Max: 48, Diff: 48, Sum: 48, Workers: 4
[2323.859s][debug][gc,phases      ] GC(131)   StringDedup Table Weak         Min:  0.0, Avg:  0.0, Max:  0.0, Diff:  0.0, Sum:  0.0, Workers: 4
[2323.859s][debug][gc,phases      ] GC(131)     Dead                           Min: 0, Avg:  0.0, Max: 0, Diff: 0, Sum: 0, Workers: 4
[2323.859s][debug][gc,phases      ] GC(131)     Total                          Min: 0, Avg:  0.0, Max: 0, Diff: 0, Sum: 0, Workers: 4
[2323.859s][debug][gc,phases      ] GC(131)   StringDedup Requests0 Weak     Min:  0.0, Avg:  0.0, Max:  0.0, Diff:  0.0, Sum:  0.0, Workers: 4
[2323.859s][debug][gc,phases      ] GC(131)     Dead                           Min: 0, Avg:  0.0, Max: 0, Diff: 0, Sum: 0, Workers: 4
[2323.859s][debug][gc,phases      ] GC(131)     Total                          Min: 0, Avg:  0.0, Max: 0, Diff: 0, Sum: 0, Workers: 4
[2323.859s][debug][gc,phases      ] GC(131)   StringDedup Requests1 Weak     Min:  0.0, Avg:  0.0, Max:  0.0, Diff:  0.0, Sum:  0.0, Workers: 4
[2323.859s][debug][gc,phases      ] GC(131)     Dead                           Min: 0, Avg:  0.0, Max: 0, Diff: 0, Sum: 0, Workers: 4
[2323.859s][debug][gc,phases      ] GC(131)     Total                          Min: 0, Avg:  0.0, Max: 0, Diff: 0, Sum: 0, Workers: 4
[2323.859s][debug][gc,phases      ] GC(131)   Weak JFR Old Object Samples    Min:  0.0, Avg:  0.0, Max:  0.0, Diff:  0.0, Sum:  0.0, Workers: 4
[2323.859s][debug][gc,phases      ] GC(131)     Dead                           Min: 0, Avg:  0.0, Max: 0, Diff: 0, Sum: 0, Workers: 4
[2323.859s][debug][gc,phases      ] GC(131)     Total                          Min: 0, Avg:  0.0, Max: 0, Diff: 0, Sum: 0, Workers: 4
[2323.859s][debug][gc,phases      ] GC(131) Weak Processing 0.330ms
[2323.859s][debug][gc,age         ] GC(131) Desired survivor size 30408704 bytes, new threshold 15 (max threshold 15)
[2323.859s][info ][gc,heap        ] GC(131) PSYoungGen: 2046188K(2066432K)->11468K(2065920K) Eden: 2035200K(2035200K)->0K(2035200K) From: 10988K(31232K)->11468K(30720K)
[2323.859s][info ][gc,heap        ] GC(131) ParOldGen: 499202K(579584K)->499378K(579584K)
[2323.859s][info ][gc,metaspace   ] GC(131) Metaspace: 91662K(92864K)->91662K(92864K) NonClass: 78509K(79168K)->78509K(79168K) Class: 13152K(13696K)->13152K(13696K)
[2323.859s][info ][gc             ] GC(131) Pause Young (Allocation Failure) 2485M->498M(2583M) 8.448ms
[2323.859s][info ][gc,cpu         ] GC(131) User=0.03s Sys=0.00s Real=0.01s
[2323.859s][info ][safepoint      ] Safepoint "ParallelGCFailedAllocation", Time since last: 2085196638 ns, Reaching safepoint: 75700 ns, Cleanup: 3700 ns, At safepoint: 8516457 ns, Total: 8595857 ns
[2347.510s][info ][gc,start       ] GC(132) Pause Young (Allocation Failure)
[2347.518s][debug][gc,phases      ] GC(132) Scavenge 7.335ms
[2347.518s][debug][gc,ref         ] GC(132) Skipped phase 1 of Reference Processing: no references
[2347.518s][debug][gc,ref         ] GC(132) ReferenceProcessor::execute queues: 1, RefProcThreadModel::Single, marks_oops_alive: false
[2347.518s][debug][gc,ref         ] GC(132) Skipped phase 3 of Reference Processing: no references
[2347.518s][debug][gc,ref         ] GC(132) ReferenceProcessor::execute queues: 1, RefProcThreadModel::Single, marks_oops_alive: false
[2347.518s][debug][gc,phases      ] GC(132) Reference Processing 0.094ms
[2347.518s][debug][gc,phases      ] GC(132)   VM Weak                        Min:  0.0, Avg:  0.0, Max:  0.0, Diff:  0.0, Sum:  0.0, Workers: 4
[2347.518s][debug][gc,phases      ] GC(132)     Dead                           Min: 0, Avg:  0.0, Max: 0, Diff: 0, Sum: 0, Workers: 4
[2347.518s][debug][gc,phases      ] GC(132)     Total                          Min: 0, Avg: 246.5, Max: 859, Diff: 859, Sum: 986, Workers: 4
[2347.518s][debug][gc,phases      ] GC(132)   ObjectSynchronizer Weak        Min:  0.0, Avg:  0.0, Max:  0.0, Diff:  0.0, Sum:  0.0, Workers: 4
[2347.518s][debug][gc,phases      ] GC(132)     Dead                           Min: 0, Avg:  0.0, Max: 0, Diff: 0, Sum: 0, Workers: 4
[2347.518s][debug][gc,phases      ] GC(132)     Total                          Min: 0, Avg:  1.5, Max: 6, Diff: 6, Sum: 6, Workers: 4
[2347.518s][debug][gc,phases      ] GC(132)   JVMTI Tag Weak OopStorage      Min:  0.0, Avg:  0.0, Max:  0.0, Diff:  0.0, Sum:  0.0, Workers: 4
[2347.518s][debug][gc,phases      ] GC(132)     Dead                           Min: 0, Avg:  0.0, Max: 0, Diff: 0, Sum: 0, Workers: 4
[2347.518s][debug][gc,phases      ] GC(132)     Total                          Min: 0, Avg:  0.0, Max: 0, Diff: 0, Sum: 0, Workers: 4
[2347.518s][debug][gc,phases      ] GC(132)   StringTable Weak               Min:  0.0, Avg:  0.1, Max:  0.1, Diff:  0.1, Sum:  0.3, Workers: 4
[2347.518s][debug][gc,phases      ] GC(132)     Dead                           Min: 0, Avg:  0.0, Max: 0, Diff: 0, Sum: 0, Workers: 4
[2347.518s][debug][gc,phases      ] GC(132)     Total                          Min: 0, Avg: 11315.0, Max: 20544, Diff: 20544, Sum: 45260, Workers: 4
[2347.518s][debug][gc,phases      ] GC(132)   ResolvedMethodTable Weak       Min:  0.0, Avg:  0.0, Max:  0.0, Diff:  0.0, Sum:  0.1, Workers: 4
[2347.518s][debug][gc,phases      ] GC(132)     Dead                           Min: 0, Avg:  0.0, Max: 0, Diff: 0, Sum: 0, Workers: 4
[2347.518s][debug][gc,phases      ] GC(132)     Total                          Min: 0, Avg: 2909.8, Max: 4027, Diff: 4027, Sum: 11639, Workers: 4
[2347.518s][debug][gc,phases      ] GC(132)   JNI Weak                       Min:  0.0, Avg:  0.0, Max:  0.0, Diff:  0.0, Sum:  0.0, Workers: 4
[2347.518s][debug][gc,phases      ] GC(132)     Dead                           Min: 0, Avg:  0.0, Max: 0, Diff: 0, Sum: 0, Workers: 4
[2347.518s][debug][gc,phases      ] GC(132)     Total                          Min: 0, Avg: 12.0, Max: 48, Diff: 48, Sum: 48, Workers: 4
[2347.518s][debug][gc,phases      ] GC(132)   StringDedup Table Weak         Min:  0.0, Avg:  0.0, Max:  0.0, Diff:  0.0, Sum:  0.0, Workers: 4
[2347.518s][debug][gc,phases      ] GC(132)     Dead                           Min: 0, Avg:  0.0, Max: 0, Diff: 0, Sum: 0, Workers: 4
[2347.518s][debug][gc,phases      ] GC(132)     Total                          Min: 0, Avg:  0.0, Max: 0, Diff: 0, Sum: 0, Workers: 4
[2347.518s][debug][gc,phases      ] GC(132)   StringDedup Requests0 Weak     Min:  0.0, Avg:  0.0, Max:  0.0, Diff:  0.0, Sum:  0.0, Workers: 4
[2347.518s][debug][gc,phases      ] GC(132)     Dead                           Min: 0, Avg:  0.0, Max: 0, Diff: 0, Sum: 0, Workers: 4
[2347.518s][debug][gc,phases      ] GC(132)     Total                          Min: 0, Avg:  0.0, Max: 0, Diff: 0, Sum: 0, Workers: 4
[2347.518s][debug][gc,phases      ] GC(132)   StringDedup Requests1 Weak     Min:  0.0, Avg:  0.0, Max:  0.0, Diff:  0.0, Sum:  0.0, Workers: 4
[2347.518s][debug][gc,phases      ] GC(132)     Dead                           Min: 0, Avg:  0.0, Max: 0, Diff: 0, Sum: 0, Workers: 4
[2347.518s][debug][gc,phases      ] GC(132)     Total                          Min: 0, Avg:  0.0, Max: 0, Diff: 0, Sum: 0, Workers: 4
[2347.518s][debug][gc,phases      ] GC(132)   Weak JFR Old Object Samples    Min:  0.0, Avg:  0.0, Max:  0.0, Diff:  0.0, Sum:  0.0, Workers: 4
[2347.518s][debug][gc,phases      ] GC(132)     Dead                           Min: 0, Avg:  0.0, Max: 0, Diff: 0, Sum: 0, Workers: 4
[2347.518s][debug][gc,phases      ] GC(132)     Total                          Min: 0, Avg:  0.0, Max: 0, Diff: 0, Sum: 0, Workers: 4
[2347.518s][debug][gc,phases      ] GC(132) Weak Processing 0.330ms
[2347.518s][debug][gc,age         ] GC(132) Desired survivor size 29360128 bytes, new threshold 15 (max threshold 15)
[2347.518s][info ][gc,heap        ] GC(132) PSYoungGen: 2046668K(2065920K)->14102K(2068480K) Eden: 2035200K(2035200K)->0K(2038784K) From: 11468K(30720K)->14102K(29696K)
[2347.518s][info ][gc,heap        ] GC(132) ParOldGen: 499378K(579584K)->499438K(579584K)
[2347.518s][info ][gc,metaspace   ] GC(132) Metaspace: 91665K(92864K)->91665K(92864K) NonClass: 78512K(79168K)->78512K(79168K) Class: 13152K(13696K)->13152K(13696K)
[2347.518s][info ][gc             ] GC(132) Pause Young (Allocation Failure) 2486M->501M(2586M) 7.898ms
[2347.518s][info ][gc,cpu         ] GC(132) User=0.03s Sys=0.00s Real=0.01s
[2347.518s][info ][safepoint      ] Safepoint "ParallelGCFailedAllocation", Time since last: 23651435368 ns, Reaching safepoint: 75699 ns, Cleanup: 3800 ns, At safepoint: 8005160 ns, Total: 8084659 ns
[2353.519s][info ][safepoint      ] Safepoint "Cleanup", Time since last: 6000404467 ns, Reaching safepoint: 4700 ns, Cleanup: 8200 ns, At safepoint: 1900 ns, Total: 14800 ns
[2359.519s][info ][safepoint      ] Safepoint "Cleanup", Time since last: 6000368325 ns, Reaching safepoint: 4500 ns, Cleanup: 10600 ns, At safepoint: 2500 ns, Total: 17600 ns
[2374.000s][info ][gc,start       ] GC(133) Pause Young (Allocation Failure)
[2374.007s][debug][gc,phases      ] GC(133) Scavenge 6.808ms
[2374.007s][debug][gc,ref         ] GC(133) Skipped phase 1 of Reference Processing: no references
[2374.007s][debug][gc,ref         ] GC(133) ReferenceProcessor::execute queues: 1, RefProcThreadModel::Single, marks_oops_alive: false
[2374.007s][debug][gc,ref         ] GC(133) Skipped phase 3 of Reference Processing: no references
[2374.007s][debug][gc,ref         ] GC(133) ReferenceProcessor::execute queues: 1, RefProcThreadModel::Single, marks_oops_alive: false
[2374.007s][debug][gc,phases      ] GC(133) Reference Processing 0.109ms
[2374.007s][debug][gc,phases      ] GC(133)   VM Weak                        Min:  0.0, Avg:  0.0, Max:  0.0, Diff:  0.0, Sum:  0.0, Workers: 4
[2374.007s][debug][gc,phases      ] GC(133)     Dead                           Min: 0, Avg:  0.0, Max: 0, Diff: 0, Sum: 0, Workers: 4
[2374.007s][debug][gc,phases      ] GC(133)     Total                          Min: 0, Avg: 246.5, Max: 511, Diff: 511, Sum: 986, Workers: 4
[2374.007s][debug][gc,phases      ] GC(133)   ObjectSynchronizer Weak        Min:  0.0, Avg:  0.0, Max:  0.0, Diff:  0.0, Sum:  0.0, Workers: 4
[2374.007s][debug][gc,phases      ] GC(133)     Dead                           Min: 0, Avg:  0.0, Max: 0, Diff: 0, Sum: 0, Workers: 4
[2374.007s][debug][gc,phases      ] GC(133)     Total                          Min: 0, Avg:  1.5, Max: 6, Diff: 6, Sum: 6, Workers: 4
[2374.007s][debug][gc,phases      ] GC(133)   JVMTI Tag Weak OopStorage      Min:  0.0, Avg:  0.0, Max:  0.0, Diff:  0.0, Sum:  0.0, Workers: 4
[2374.007s][debug][gc,phases      ] GC(133)     Dead                           Min: 0, Avg:  0.0, Max: 0, Diff: 0, Sum: 0, Workers: 4
[2374.007s][debug][gc,phases      ] GC(133)     Total                          Min: 0, Avg:  0.0, Max: 0, Diff: 0, Sum: 0, Workers: 4
[2374.007s][debug][gc,phases      ] GC(133)   StringTable Weak               Min:  0.0, Avg:  0.1, Max:  0.1, Diff:  0.1, Sum:  0.3, Workers: 4
[2374.007s][debug][gc,phases      ] GC(133)     Dead                           Min: 0, Avg:  0.0, Max: 0, Diff: 0, Sum: 0, Workers: 4
[2374.007s][debug][gc,phases      ] GC(133)     Total                          Min: 0, Avg: 11315.0, Max: 20300, Diff: 20300, Sum: 45260, Workers: 4
[2374.007s][debug][gc,phases      ] GC(133)   ResolvedMethodTable Weak       Min:  0.0, Avg:  0.0, Max:  0.0, Diff:  0.0, Sum:  0.1, Workers: 4
[2374.007s][debug][gc,phases      ] GC(133)     Dead                           Min: 0, Avg:  0.0, Max: 0, Diff: 0, Sum: 0, Workers: 4
[2374.007s][debug][gc,phases      ] GC(133)     Total                          Min: 0, Avg: 2909.8, Max: 4281, Diff: 4281, Sum: 11639, Workers: 4
[2374.007s][debug][gc,phases      ] GC(133)   JNI Weak                       Min:  0.0, Avg:  0.0, Max:  0.0, Diff:  0.0, Sum:  0.0, Workers: 4
[2374.007s][debug][gc,phases      ] GC(133)     Dead                           Min: 0, Avg:  0.0, Max: 0, Diff: 0, Sum: 0, Workers: 4
[2374.007s][debug][gc,phases      ] GC(133)     Total                          Min: 0, Avg: 12.0, Max: 48, Diff: 48, Sum: 48, Workers: 4
[2374.007s][debug][gc,phases      ] GC(133)   StringDedup Table Weak         Min:  0.0, Avg:  0.0, Max:  0.0, Diff:  0.0, Sum:  0.0, Workers: 4
[2374.007s][debug][gc,phases      ] GC(133)     Dead                           Min: 0, Avg:  0.0, Max: 0, Diff: 0, Sum: 0, Workers: 4
[2374.007s][debug][gc,phases      ] GC(133)     Total                          Min: 0, Avg:  0.0, Max: 0, Diff: 0, Sum: 0, Workers: 4
[2374.007s][debug][gc,phases      ] GC(133)   StringDedup Requests0 Weak     Min:  0.0, Avg:  0.0, Max:  0.0, Diff:  0.0, Sum:  0.0, Workers: 4
[2374.007s][debug][gc,phases      ] GC(133)     Dead                           Min: 0, Avg:  0.0, Max: 0, Diff: 0, Sum: 0, Workers: 4
[2374.007s][debug][gc,phases      ] GC(133)     Total                          Min: 0, Avg:  0.0, Max: 0, Diff: 0, Sum: 0, Workers: 4
[2374.007s][debug][gc,phases      ] GC(133)   StringDedup Requests1 Weak     Min:  0.0, Avg:  0.0, Max:  0.0, Diff:  0.0, Sum:  0.0, Workers: 4
[2374.007s][debug][gc,phases      ] GC(133)     Dead                           Min: 0, Avg:  0.0, Max: 0, Diff: 0, Sum: 0, Workers: 4
[2374.007s][debug][gc,phases      ] GC(133)     Total                          Min: 0, Avg:  0.0, Max: 0, Diff: 0, Sum: 0, Workers: 4
[2374.007s][debug][gc,phases      ] GC(133)   Weak JFR Old Object Samples    Min:  0.0, Avg:  0.0, Max:  0.0, Diff:  0.0, Sum:  0.0, Workers: 4
[2374.007s][debug][gc,phases      ] GC(133)     Dead                           Min: 0, Avg:  0.0, Max: 0, Diff: 0, Sum: 0, Workers: 4
[2374.007s][debug][gc,phases      ] GC(133)     Total                          Min: 0, Avg:  0.0, Max: 0, Diff: 0, Sum: 0, Workers: 4
[2374.007s][debug][gc,phases      ] GC(133) Weak Processing 0.338ms
[2374.007s][debug][gc,age         ] GC(133) Desired survivor size 28311552 bytes, new threshold 15 (max threshold 15)
[2374.007s][info ][gc,heap        ] GC(133) PSYoungGen: 2052886K(2068480K)->11404K(2067456K) Eden: 2038784K(2038784K)->0K(2038784K) From: 14102K(29696K)->11404K(28672K)
[2374.007s][info ][gc,heap        ] GC(133) ParOldGen: 499438K(579584K)->499514K(579584K)
[2374.007s][info ][gc,metaspace   ] GC(133) Metaspace: 91674K(92864K)->91674K(92864K) NonClass: 78521K(79168K)->78521K(79168K) Class: 13152K(13696K)->13152K(13696K)
[2374.007s][info ][gc             ] GC(133) Pause Young (Allocation Failure) 2492M->498M(2585M) 7.359ms
[2374.007s][info ][gc,cpu         ] GC(133) User=0.02s Sys=0.00s Real=0.01s
[2374.007s][info ][safepoint      ] Safepoint "ParallelGCFailedAllocation", Time since last: 14480739474 ns, Reaching safepoint: 77000 ns, Cleanup: 4700 ns, At safepoint: 7445363 ns, Total: 7527063 ns
[2376.008s][info ][safepoint      ] Safepoint "Cleanup", Time since last: 2000160812 ns, Reaching safepoint: 71699 ns, Cleanup: 12100 ns, At safepoint: 5100 ns, Total: 88899 ns
[2378.008s][info ][safepoint      ] Safepoint "Cleanup", Time since last: 2000169907 ns, Reaching safepoint: 78000 ns, Cleanup: 8900 ns, At safepoint: 4200 ns, Total: 91100 ns
[2379.008s][info ][safepoint      ] Safepoint "Cleanup", Time since last: 1000055602 ns, Reaching safepoint: 74599 ns, Cleanup: 9200 ns, At safepoint: 6100 ns, Total: 89899 ns
[2384.008s][info ][safepoint      ] Safepoint "Cleanup", Time since last: 5000384708 ns, Reaching safepoint: 71600 ns, Cleanup: 9400 ns, At safepoint: 5000 ns, Total: 86000 ns
[2385.009s][info ][safepoint      ] Safepoint "Cleanup", Time since last: 1000111601 ns, Reaching safepoint: 76400 ns, Cleanup: 8300 ns, At safepoint: 5800 ns, Total: 90500 ns
[2392.009s][info ][safepoint      ] Safepoint "Cleanup", Time since last: 7000528308 ns, Reaching safepoint: 77099 ns, Cleanup: 9000 ns, At safepoint: 6400 ns, Total: 92499 ns
[2399.010s][info ][safepoint      ] Safepoint "Cleanup", Time since last: 7000563123 ns, Reaching safepoint: 78500 ns, Cleanup: 9700 ns, At safepoint: 6500 ns, Total: 94700 ns
[2400.742s][info ][safepoint      ] Safepoint "Cleanup", Time since last: 1732343888 ns, Reaching safepoint: 2600 ns, Cleanup: 7500 ns, At safepoint: 3500 ns, Total: 13600 ns
[2401.609s][info ][gc,start       ] GC(134) Pause Young (Allocation Failure)
[2401.615s][debug][gc,phases      ] GC(134) Scavenge 6.331ms
[2401.615s][debug][gc,ref         ] GC(134) Skipped phase 1 of Reference Processing: no references
[2401.615s][debug][gc,ref         ] GC(134) Skipped phase 2 of Reference Processing: no references
[2401.615s][debug][gc,ref         ] GC(134) Skipped phase 3 of Reference Processing: no references
[2401.615s][debug][gc,ref         ] GC(134) ReferenceProcessor::execute queues: 1, RefProcThreadModel::Single, marks_oops_alive: false
[2401.615s][debug][gc,phases      ] GC(134) Reference Processing 0.106ms
[2401.616s][debug][gc,phases      ] GC(134)   VM Weak                        Min:  0.0, Avg:  0.0, Max:  0.0, Diff:  0.0, Sum:  0.0, Workers: 4
[2401.616s][debug][gc,phases      ] GC(134)     Dead                           Min: 0, Avg:  0.0, Max: 0, Diff: 0, Sum: 0, Workers: 4
[2401.616s][debug][gc,phases      ] GC(134)     Total                          Min: 0, Avg: 246.5, Max: 831, Diff: 831, Sum: 986, Workers: 4
[2401.616s][debug][gc,phases      ] GC(134)   ObjectSynchronizer Weak        Min:  0.0, Avg:  0.0, Max:  0.0, Diff:  0.0, Sum:  0.0, Workers: 4
[2401.616s][debug][gc,phases      ] GC(134)     Dead                           Min: 0, Avg:  0.0, Max: 0, Diff: 0, Sum: 0, Workers: 4
[2401.616s][debug][gc,phases      ] GC(134)     Total                          Min: 0, Avg:  1.2, Max: 5, Diff: 5, Sum: 5, Workers: 4
[2401.616s][debug][gc,phases      ] GC(134)   JVMTI Tag Weak OopStorage      Min:  0.0, Avg:  0.0, Max:  0.0, Diff:  0.0, Sum:  0.0, Workers: 4
[2401.616s][debug][gc,phases      ] GC(134)     Dead                           Min: 0, Avg:  0.0, Max: 0, Diff: 0, Sum: 0, Workers: 4
[2401.616s][debug][gc,phases      ] GC(134)     Total                          Min: 0, Avg:  0.0, Max: 0, Diff: 0, Sum: 0, Workers: 4
[2401.616s][debug][gc,phases      ] GC(134)   StringTable Weak               Min:  0.1, Avg:  0.1, Max:  0.1, Diff:  0.0, Sum:  0.4, Workers: 4
[2401.616s][debug][gc,phases      ] GC(134)     Dead                           Min: 0, Avg:  0.0, Max: 0, Diff: 0, Sum: 0, Workers: 4
[2401.616s][debug][gc,phases      ] GC(134)     Total                          Min: 10816, Avg: 11315.0, Max: 11712, Diff: 896, Sum: 45260, Workers: 4
[2401.616s][debug][gc,phases      ] GC(134)   ResolvedMethodTable Weak       Min:  0.0, Avg:  0.0, Max:  0.0, Diff:  0.0, Sum:  0.1, Workers: 4
[2401.616s][debug][gc,phases      ] GC(134)     Dead                           Min: 0, Avg:  0.0, Max: 0, Diff: 0, Sum: 0, Workers: 4
[2401.616s][debug][gc,phases      ] GC(134)     Total                          Min: 2815, Avg: 2909.8, Max: 3071, Diff: 256, Sum: 11639, Workers: 4
[2401.616s][debug][gc,phases      ] GC(134)   JNI Weak                       Min:  0.0, Avg:  0.0, Max:  0.0, Diff:  0.0, Sum:  0.0, Workers: 4
[2401.616s][debug][gc,phases      ] GC(134)     Dead                           Min: 0, Avg:  0.0, Max: 0, Diff: 0, Sum: 0, Workers: 4
[2401.616s][debug][gc,phases      ] GC(134)     Total                          Min: 0, Avg: 12.0, Max: 48, Diff: 48, Sum: 48, Workers: 4
[2401.616s][debug][gc,phases      ] GC(134)   StringDedup Table Weak         Min:  0.0, Avg:  0.0, Max:  0.0, Diff:  0.0, Sum:  0.0, Workers: 4
[2401.616s][debug][gc,phases      ] GC(134)     Dead                           Min: 0, Avg:  0.0, Max: 0, Diff: 0, Sum: 0, Workers: 4
[2401.616s][debug][gc,phases      ] GC(134)     Total                          Min: 0, Avg:  0.0, Max: 0, Diff: 0, Sum: 0, Workers: 4
[2401.616s][debug][gc,phases      ] GC(134)   StringDedup Requests0 Weak     Min:  0.0, Avg:  0.0, Max:  0.0, Diff:  0.0, Sum:  0.0, Workers: 4
[2401.616s][debug][gc,phases      ] GC(134)     Dead                           Min: 0, Avg:  0.0, Max: 0, Diff: 0, Sum: 0, Workers: 4
[2401.616s][debug][gc,phases      ] GC(134)     Total                          Min: 0, Avg:  0.0, Max: 0, Diff: 0, Sum: 0, Workers: 4
[2401.616s][debug][gc,phases      ] GC(134)   StringDedup Requests1 Weak     Min:  0.0, Avg:  0.0, Max:  0.0, Diff:  0.0, Sum:  0.0, Workers: 4
[2401.616s][debug][gc,phases      ] GC(134)     Dead                           Min: 0, Avg:  0.0, Max: 0, Diff: 0, Sum: 0, Workers: 4
[2401.616s][debug][gc,phases      ] GC(134)     Total                          Min: 0, Avg:  0.0, Max: 0, Diff: 0, Sum: 0, Workers: 4
[2401.616s][debug][gc,phases      ] GC(134)   Weak JFR Old Object Samples    Min:  0.0, Avg:  0.0, Max:  0.0, Diff:  0.0, Sum:  0.0, Workers: 4
[2401.616s][debug][gc,phases      ] GC(134)     Dead                           Min: 0, Avg:  0.0, Max: 0, Diff: 0, Sum: 0, Workers: 4
[2401.616s][debug][gc,phases      ] GC(134)     Total                          Min: 0, Avg:  0.0, Max: 0, Diff: 0, Sum: 0, Workers: 4
[2401.616s][debug][gc,phases      ] GC(134) Weak Processing 0.304ms
[2401.616s][debug][gc,age         ] GC(134) Desired survivor size 28311552 bytes, new threshold 15 (max threshold 15)
[2401.616s][info ][gc,heap        ] GC(134) PSYoungGen: 2050188K(2067456K)->6608K(2069504K) Eden: 2038784K(2038784K)->0K(2041856K) From: 11404K(28672K)->6608K(27648K)
[2401.616s][info ][gc,heap        ] GC(134) ParOldGen: 499514K(579584K)->504882K(579584K)
[2401.616s][info ][gc,metaspace   ] GC(134) Metaspace: 91689K(92864K)->91689K(92864K) NonClass: 78536K(79168K)->78536K(79168K) Class: 13152K(13696K)->13152K(13696K)
[2401.616s][info ][gc             ] GC(134) Pause Young (Allocation Failure) 2489M->499M(2587M) 6.867ms
[2401.616s][info ][gc,cpu         ] GC(134) User=0.02s Sys=0.00s Real=0.01s
[2401.616s][info ][safepoint      ] Safepoint "ParallelGCFailedAllocation", Time since last: 866475352 ns, Reaching safepoint: 75300 ns, Cleanup: 3700 ns, At safepoint: 6942465 ns, Total: 7021465 ns
[2404.616s][info ][safepoint      ] Safepoint "Cleanup", Time since last: 3000167659 ns, Reaching safepoint: 3800 ns, Cleanup: 8100 ns, At safepoint: 16700 ns, Total: 28600 ns
[2405.616s][info ][safepoint      ] Safepoint "Cleanup", Time since last: 1000089786 ns, Reaching safepoint: 4300 ns, Cleanup: 9300 ns, At safepoint: 2000 ns, Total: 15600 ns
[2416.617s][info ][safepoint      ] Safepoint "Cleanup", Time since last: 11000663438 ns, Reaching safepoint: 70700 ns, Cleanup: 5400 ns, At safepoint: 4600 ns, Total: 80700 ns
[2417.617s][info ][safepoint      ] Safepoint "Cleanup", Time since last: 1000093314 ns, Reaching safepoint: 4700 ns, Cleanup: 11900 ns, At safepoint: 1900 ns, Total: 18500 ns
[2419.617s][info ][safepoint      ] Safepoint "Cleanup", Time since last: 2000173549 ns, Reaching safepoint: 4400 ns, Cleanup: 10300 ns, At safepoint: 1900 ns, Total: 16600 ns
[2428.349s][info ][gc,start       ] GC(135) Pause Young (Allocation Failure)
[2428.355s][debug][gc,phases      ] GC(135) Scavenge 6.041ms
[2428.355s][debug][gc,ref         ] GC(135) Skipped phase 1 of Reference Processing: no references
[2428.355s][debug][gc,ref         ] GC(135) ReferenceProcessor::execute queues: 1, RefProcThreadModel::Single, marks_oops_alive: false
[2428.355s][debug][gc,ref         ] GC(135) Skipped phase 3 of Reference Processing: no references
[2428.355s][debug][gc,ref         ] GC(135) ReferenceProcessor::execute queues: 1, RefProcThreadModel::Single, marks_oops_alive: false
[2428.355s][debug][gc,phases      ] GC(135) Reference Processing 0.090ms
[2428.356s][debug][gc,phases      ] GC(135)   VM Weak                        Min:  0.0, Avg:  0.0, Max:  0.0, Diff:  0.0, Sum:  0.0, Workers: 4
[2428.356s][debug][gc,phases      ] GC(135)     Dead                           Min: 0, Avg:  0.0, Max: 0, Diff: 0, Sum: 0, Workers: 4
[2428.356s][debug][gc,phases      ] GC(135)     Total                          Min: 0, Avg: 246.5, Max: 667, Diff: 667, Sum: 986, Workers: 4
[2428.356s][debug][gc,phases      ] GC(135)   ObjectSynchronizer Weak        Min:  0.0, Avg:  0.0, Max:  0.0, Diff:  0.0, Sum:  0.0, Workers: 4
[2428.356s][debug][gc,phases      ] GC(135)     Dead                           Min: 0, Avg:  0.0, Max: 0, Diff: 0, Sum: 0, Workers: 4
[2428.356s][debug][gc,phases      ] GC(135)     Total                          Min: 0, Avg:  1.5, Max: 6, Diff: 6, Sum: 6, Workers: 4
[2428.356s][debug][gc,phases      ] GC(135)   JVMTI Tag Weak OopStorage      Min:  0.0, Avg:  0.0, Max:  0.0, Diff:  0.0, Sum:  0.0, Workers: 4
[2428.356s][debug][gc,phases      ] GC(135)     Dead                           Min: 0, Avg:  0.0, Max: 0, Diff: 0, Sum: 0, Workers: 4
[2428.356s][debug][gc,phases      ] GC(135)     Total                          Min: 0, Avg:  0.0, Max: 0, Diff: 0, Sum: 0, Workers: 4
[2428.356s][debug][gc,phases      ] GC(135)   StringTable Weak               Min:  0.0, Avg:  0.1, Max:  0.1, Diff:  0.1, Sum:  0.4, Workers: 4
[2428.356s][debug][gc,phases      ] GC(135)     Dead                           Min: 0, Avg:  0.0, Max: 0, Diff: 0, Sum: 0, Workers: 4
[2428.356s][debug][gc,phases      ] GC(135)     Total                          Min: 0, Avg: 11317.2, Max: 18880, Diff: 18880, Sum: 45269, Workers: 4
[2428.356s][debug][gc,phases      ] GC(135)   ResolvedMethodTable Weak       Min:  0.0, Avg:  0.0, Max:  0.0, Diff:  0.0, Sum:  0.1, Workers: 4
[2428.356s][debug][gc,phases      ] GC(135)     Dead                           Min: 0, Avg:  0.0, Max: 0, Diff: 0, Sum: 0, Workers: 4
[2428.356s][debug][gc,phases      ] GC(135)     Total                          Min: 0, Avg: 2910.2, Max: 5179, Diff: 5179, Sum: 11641, Workers: 4
[2428.356s][debug][gc,phases      ] GC(135)   JNI Weak                       Min:  0.0, Avg:  0.0, Max:  0.0, Diff:  0.0, Sum:  0.0, Workers: 4
[2428.356s][debug][gc,phases      ] GC(135)     Dead                           Min: 0, Avg:  0.0, Max: 0, Diff: 0, Sum: 0, Workers: 4
[2428.356s][debug][gc,phases      ] GC(135)     Total                          Min: 0, Avg: 12.0, Max: 48, Diff: 48, Sum: 48, Workers: 4
[2428.356s][debug][gc,phases      ] GC(135)   StringDedup Table Weak         Min:  0.0, Avg:  0.0, Max:  0.0, Diff:  0.0, Sum:  0.0, Workers: 4
[2428.356s][debug][gc,phases      ] GC(135)     Dead                           Min: 0, Avg:  0.0, Max: 0, Diff: 0, Sum: 0, Workers: 4
[2428.356s][debug][gc,phases      ] GC(135)     Total                          Min: 0, Avg:  0.0, Max: 0, Diff: 0, Sum: 0, Workers: 4
[2428.356s][debug][gc,phases      ] GC(135)   StringDedup Requests0 Weak     Min:  0.0, Avg:  0.0, Max:  0.0, Diff:  0.0, Sum:  0.0, Workers: 4
[2428.356s][debug][gc,phases      ] GC(135)     Dead                           Min: 0, Avg:  0.0, Max: 0, Diff: 0, Sum: 0, Workers: 4
[2428.356s][debug][gc,phases      ] GC(135)     Total                          Min: 0, Avg:  0.0, Max: 0, Diff: 0, Sum: 0, Workers: 4
[2428.356s][debug][gc,phases      ] GC(135)   StringDedup Requests1 Weak     Min:  0.0, Avg:  0.0, Max:  0.0, Diff:  0.0, Sum:  0.0, Workers: 4
[2428.356s][debug][gc,phases      ] GC(135)     Dead                           Min: 0, Avg:  0.0, Max: 0, Diff: 0, Sum: 0, Workers: 4
[2428.356s][debug][gc,phases      ] GC(135)     Total                          Min: 0, Avg:  0.0, Max: 0, Diff: 0, Sum: 0, Workers: 4
[2428.356s][debug][gc,phases      ] GC(135)   Weak JFR Old Object Samples    Min:  0.0, Avg:  0.0, Max:  0.0, Diff:  0.0, Sum:  0.0, Workers: 4
[2428.356s][debug][gc,phases      ] GC(135)     Dead                           Min: 0, Avg:  0.0, Max: 0, Diff: 0, Sum: 0, Workers: 4
[2428.356s][debug][gc,phases      ] GC(135)     Total                          Min: 0, Avg:  0.0, Max: 0, Diff: 0, Sum: 0, Workers: 4
[2428.356s][debug][gc,phases      ] GC(135) Weak Processing 0.323ms
[2428.356s][debug][gc,age         ] GC(135) Desired survivor size 28311552 bytes, new threshold 15 (max threshold 15)
[2428.356s][info ][gc,heap        ] GC(135) PSYoungGen: 2048464K(2069504K)->6976K(2069504K) Eden: 2041856K(2041856K)->0K(2041856K) From: 6608K(27648K)->6976K(27648K)
[2428.356s][info ][gc,heap        ] GC(135) ParOldGen: 504882K(579584K)->505042K(579584K)
[2428.356s][info ][gc,metaspace   ] GC(135) Metaspace: 91694K(92928K)->91694K(92928K) NonClass: 78541K(79232K)->78541K(79232K) Class: 13153K(13696K)->13153K(13696K)
[2428.356s][info ][gc             ] GC(135) Pause Young (Allocation Failure) 2493M->500M(2587M) 6.565ms
[2428.356s][info ][gc,cpu         ] GC(135) User=0.01s Sys=0.01s Real=0.01s
[2428.356s][info ][safepoint      ] Safepoint "ParallelGCFailedAllocation", Time since last: 8732137055 ns, Reaching safepoint: 58499 ns, Cleanup: 4400 ns, At safepoint: 6629866 ns, Total: 6692765 ns
[2444.357s][info ][safepoint      ] Safepoint "Cleanup", Time since last: 16001096572 ns, Reaching safepoint: 75300 ns, Cleanup: 9300 ns, At safepoint: 6800 ns, Total: 91400 ns
[2453.661s][info ][gc,start       ] GC(136) Pause Young (Allocation Failure)
[2453.668s][debug][gc,phases      ] GC(136) Scavenge 7.204ms
[2453.669s][debug][gc,ref         ] GC(136) Skipped phase 1 of Reference Processing: no references
[2453.669s][debug][gc,ref         ] GC(136) ReferenceProcessor::execute queues: 1, RefProcThreadModel::Single, marks_oops_alive: false
[2453.669s][debug][gc,ref         ] GC(136) Skipped phase 3 of Reference Processing: no references
[2453.669s][debug][gc,ref         ] GC(136) Skipped phase 4 of Reference Processing: no references
[2453.669s][debug][gc,phases      ] GC(136) Reference Processing 0.106ms
[2453.669s][debug][gc,phases      ] GC(136)   VM Weak                        Min:  0.0, Avg:  0.0, Max:  0.0, Diff:  0.0, Sum:  0.0, Workers: 4
[2453.669s][debug][gc,phases      ] GC(136)     Dead                           Min: 0, Avg:  0.0, Max: 0, Diff: 0, Sum: 0, Workers: 4
[2453.669s][debug][gc,phases      ] GC(136)     Total                          Min: 0, Avg: 246.5, Max: 986, Diff: 986, Sum: 986, Workers: 4
[2453.669s][debug][gc,phases      ] GC(136)   ObjectSynchronizer Weak        Min:  0.0, Avg:  0.0, Max:  0.0, Diff:  0.0, Sum:  0.0, Workers: 4
[2453.669s][debug][gc,phases      ] GC(136)     Dead                           Min: 0, Avg:  0.0, Max: 0, Diff: 0, Sum: 0, Workers: 4
[2453.669s][debug][gc,phases      ] GC(136)     Total                          Min: 0, Avg:  1.5, Max: 6, Diff: 6, Sum: 6, Workers: 4
[2453.669s][debug][gc,phases      ] GC(136)   JVMTI Tag Weak OopStorage      Min:  0.0, Avg:  0.0, Max:  0.0, Diff:  0.0, Sum:  0.0, Workers: 4
[2453.669s][debug][gc,phases      ] GC(136)     Dead                           Min: 0, Avg:  0.0, Max: 0, Diff: 0, Sum: 0, Workers: 4
[2453.669s][debug][gc,phases      ] GC(136)     Total                          Min: 0, Avg:  0.0, Max: 0, Diff: 0, Sum: 0, Workers: 4
[2453.669s][debug][gc,phases      ] GC(136)   StringTable Weak               Min:  0.0, Avg:  0.1, Max:  0.1, Diff:  0.1, Sum:  0.4, Workers: 4
[2453.669s][debug][gc,phases      ] GC(136)     Dead                           Min: 0, Avg:  0.0, Max: 0, Diff: 0, Sum: 0, Workers: 4
[2453.669s][debug][gc,phases      ] GC(136)     Total                          Min: 0, Avg: 11317.5, Max: 17878, Diff: 17878, Sum: 45270, Workers: 4
[2453.669s][debug][gc,phases      ] GC(136)   ResolvedMethodTable Weak       Min:  0.0, Avg:  0.0, Max:  0.0, Diff:  0.0, Sum:  0.1, Workers: 4
[2453.669s][debug][gc,phases      ] GC(136)     Dead                           Min: 0, Avg:  0.0, Max: 0, Diff: 0, Sum: 0, Workers: 4
[2453.669s][debug][gc,phases      ] GC(136)     Total                          Min: 0, Avg: 2910.2, Max: 5114, Diff: 5114, Sum: 11641, Workers: 4
[2453.669s][debug][gc,phases      ] GC(136)   JNI Weak                       Min:  0.0, Avg:  0.0, Max:  0.0, Diff:  0.0, Sum:  0.0, Workers: 4
[2453.669s][debug][gc,phases      ] GC(136)     Dead                           Min: 0, Avg:  0.0, Max: 0, Diff: 0, Sum: 0, Workers: 4
[2453.669s][debug][gc,phases      ] GC(136)     Total                          Min: 0, Avg: 12.0, Max: 48, Diff: 48, Sum: 48, Workers: 4
[2453.669s][debug][gc,phases      ] GC(136)   StringDedup Table Weak         Min:  0.0, Avg:  0.0, Max:  0.0, Diff:  0.0, Sum:  0.0, Workers: 4
[2453.669s][debug][gc,phases      ] GC(136)     Dead                           Min: 0, Avg:  0.0, Max: 0, Diff: 0, Sum: 0, Workers: 4
[2453.669s][debug][gc,phases      ] GC(136)     Total                          Min: 0, Avg:  0.0, Max: 0, Diff: 0, Sum: 0, Workers: 4
[2453.669s][debug][gc,phases      ] GC(136)   StringDedup Requests0 Weak     Min:  0.0, Avg:  0.0, Max:  0.0, Diff:  0.0, Sum:  0.0, Workers: 4
[2453.669s][debug][gc,phases      ] GC(136)     Dead                           Min: 0, Avg:  0.0, Max: 0, Diff: 0, Sum: 0, Workers: 4
[2453.669s][debug][gc,phases      ] GC(136)     Total                          Min: 0, Avg:  0.0, Max: 0, Diff: 0, Sum: 0, Workers: 4
[2453.669s][debug][gc,phases      ] GC(136)   StringDedup Requests1 Weak     Min:  0.0, Avg:  0.0, Max:  0.0, Diff:  0.0, Sum:  0.0, Workers: 4
[2453.669s][debug][gc,phases      ] GC(136)     Dead                           Min: 0, Avg:  0.0, Max: 0, Diff: 0, Sum: 0, Workers: 4
[2453.669s][debug][gc,phases      ] GC(136)     Total                          Min: 0, Avg:  0.0, Max: 0, Diff: 0, Sum: 0, Workers: 4
[2453.669s][debug][gc,phases      ] GC(136)   Weak JFR Old Object Samples    Min:  0.0, Avg:  0.0, Max:  0.0, Diff:  0.0, Sum:  0.0, Workers: 4
[2453.669s][debug][gc,phases      ] GC(136)     Dead                           Min: 0, Avg:  0.0, Max: 0, Diff: 0, Sum: 0, Workers: 4
[2453.669s][debug][gc,phases      ] GC(136)     Total                          Min: 0, Avg:  0.0, Max: 0, Diff: 0, Sum: 0, Workers: 4
[2453.669s][debug][gc,phases      ] GC(136) Weak Processing 0.340ms
[2453.669s][debug][gc,age         ] GC(136) Desired survivor size 27787264 bytes, new threshold 15 (max threshold 15)
[2453.669s][info ][gc,heap        ] GC(136) PSYoungGen: 2048832K(2069504K)->7344K(2070016K) Eden: 2041856K(2041856K)->0K(2042368K) From: 6976K(27648K)->7344K(27648K)
[2453.669s][info ][gc,heap        ] GC(136) ParOldGen: 505042K(579584K)->505082K(579584K)
[2453.669s][info ][gc,metaspace   ] GC(136) Metaspace: 91694K(92928K)->91694K(92928K) NonClass: 78541K(79232K)->78541K(79232K) Class: 13153K(13696K)->13153K(13696K)
[2453.669s][info ][gc             ] GC(136) Pause Young (Allocation Failure) 2494M->500M(2587M) 7.760ms
[2453.669s][info ][gc,cpu         ] GC(136) User=0.02s Sys=0.00s Real=0.01s
[2453.669s][info ][safepoint      ] Safepoint "ParallelGCFailedAllocation", Time since last: 9304035431 ns, Reaching safepoint: 74500 ns, Cleanup: 6200 ns, At safepoint: 7835361 ns, Total: 7916061 ns
[2454.669s][info ][safepoint      ] Safepoint "Cleanup", Time since last: 1000082188 ns, Reaching safepoint: 4700 ns, Cleanup: 8200 ns, At safepoint: 1700 ns, Total: 14600 ns
[2462.758s][info ][safepoint      ] Safepoint "Cleanup", Time since last: 8088739488 ns, Reaching safepoint: 72900 ns, Cleanup: 10200 ns, At safepoint: 6000 ns, Total: 89100 ns
[2479.149s][info ][gc,start       ] GC(137) Pause Young (Allocation Failure)
[2479.157s][debug][gc,phases      ] GC(137) Scavenge 7.779ms
[2479.157s][debug][gc,ref         ] GC(137) Skipped phase 1 of Reference Processing: no references
[2479.157s][debug][gc,ref         ] GC(137) ReferenceProcessor::execute queues: 1, RefProcThreadModel::Single, marks_oops_alive: false
[2479.157s][debug][gc,ref         ] GC(137) Skipped phase 3 of Reference Processing: no references
[2479.157s][debug][gc,ref         ] GC(137) Skipped phase 4 of Reference Processing: no references
[2479.157s][debug][gc,phases      ] GC(137) Reference Processing 0.100ms
[2479.157s][debug][gc,phases      ] GC(137)   VM Weak                        Min:  0.0, Avg:  0.0, Max:  0.0, Diff:  0.0, Sum:  0.0, Workers: 4
[2479.157s][debug][gc,phases      ] GC(137)     Dead                           Min: 0, Avg:  0.0, Max: 0, Diff: 0, Sum: 0, Workers: 4
[2479.157s][debug][gc,phases      ] GC(137)     Total                          Min: 0, Avg: 246.5, Max: 703, Diff: 703, Sum: 986, Workers: 4
[2479.157s][debug][gc,phases      ] GC(137)   ObjectSynchronizer Weak        Min:  0.0, Avg:  0.0, Max:  0.0, Diff:  0.0, Sum:  0.0, Workers: 4
[2479.157s][debug][gc,phases      ] GC(137)     Dead                           Min: 0, Avg:  0.0, Max: 0, Diff: 0, Sum: 0, Workers: 4
[2479.157s][debug][gc,phases      ] GC(137)     Total                          Min: 0, Avg:  1.5, Max: 6, Diff: 6, Sum: 6, Workers: 4
[2479.157s][debug][gc,phases      ] GC(137)   JVMTI Tag Weak OopStorage      Min:  0.0, Avg:  0.0, Max:  0.0, Diff:  0.0, Sum:  0.0, Workers: 4
[2479.157s][debug][gc,phases      ] GC(137)     Dead                           Min: 0, Avg:  0.0, Max: 0, Diff: 0, Sum: 0, Workers: 4
[2479.157s][debug][gc,phases      ] GC(137)     Total                          Min: 0, Avg:  0.0, Max: 0, Diff: 0, Sum: 0, Workers: 4
[2479.157s][debug][gc,phases      ] GC(137)   StringTable Weak               Min:  0.0, Avg:  0.1, Max:  0.1, Diff:  0.1, Sum:  0.3, Workers: 4
[2479.157s][debug][gc,phases      ] GC(137)     Dead                           Min: 0, Avg:  0.0, Max: 0, Diff: 0, Sum: 0, Workers: 4
[2479.157s][debug][gc,phases      ] GC(137)     Total                          Min: 0, Avg: 11317.8, Max: 19159, Diff: 19159, Sum: 45271, Workers: 4
[2479.157s][debug][gc,phases      ] GC(137)   ResolvedMethodTable Weak       Min:  0.0, Avg:  0.0, Max:  0.0, Diff:  0.0, Sum:  0.1, Workers: 4
[2479.157s][debug][gc,phases      ] GC(137)     Dead                           Min: 0, Avg:  0.0, Max: 0, Diff: 0, Sum: 0, Workers: 4
[2479.157s][debug][gc,phases      ] GC(137)     Total                          Min: 0, Avg: 2910.2, Max: 4924, Diff: 4924, Sum: 11641, Workers: 4
[2479.157s][debug][gc,phases      ] GC(137)   JNI Weak                       Min:  0.0, Avg:  0.0, Max:  0.0, Diff:  0.0, Sum:  0.0, Workers: 4
[2479.157s][debug][gc,phases      ] GC(137)     Dead                           Min: 0, Avg:  0.0, Max: 0, Diff: 0, Sum: 0, Workers: 4
[2479.157s][debug][gc,phases      ] GC(137)     Total                          Min: 0, Avg: 12.0, Max: 48, Diff: 48, Sum: 48, Workers: 4
[2479.157s][debug][gc,phases      ] GC(137)   StringDedup Table Weak         Min:  0.0, Avg:  0.0, Max:  0.0, Diff:  0.0, Sum:  0.0, Workers: 4
[2479.157s][debug][gc,phases      ] GC(137)     Dead                           Min: 0, Avg:  0.0, Max: 0, Diff: 0, Sum: 0, Workers: 4
[2479.157s][debug][gc,phases      ] GC(137)     Total                          Min: 0, Avg:  0.0, Max: 0, Diff: 0, Sum: 0, Workers: 4
[2479.157s][debug][gc,phases      ] GC(137)   StringDedup Requests0 Weak     Min:  0.0, Avg:  0.0, Max:  0.0, Diff:  0.0, Sum:  0.0, Workers: 4
[2479.157s][debug][gc,phases      ] GC(137)     Dead                           Min: 0, Avg:  0.0, Max: 0, Diff: 0, Sum: 0, Workers: 4
[2479.157s][debug][gc,phases      ] GC(137)     Total                          Min: 0, Avg:  0.0, Max: 0, Diff: 0, Sum: 0, Workers: 4
[2479.157s][debug][gc,phases      ] GC(137)   StringDedup Requests1 Weak     Min:  0.0, Avg:  0.0, Max:  0.0, Diff:  0.0, Sum:  0.0, Workers: 4
[2479.157s][debug][gc,phases      ] GC(137)     Dead                           Min: 0, Avg:  0.0, Max: 0, Diff: 0, Sum: 0, Workers: 4
[2479.157s][debug][gc,phases      ] GC(137)     Total                          Min: 0, Avg:  0.0, Max: 0, Diff: 0, Sum: 0, Workers: 4
[2479.157s][debug][gc,phases      ] GC(137)   Weak JFR Old Object Samples    Min:  0.0, Avg:  0.0, Max:  0.0, Diff:  0.0, Sum:  0.0, Workers: 4
[2479.157s][debug][gc,phases      ] GC(137)     Dead                           Min: 0, Avg:  0.0, Max: 0, Diff: 0, Sum: 0, Workers: 4
[2479.157s][debug][gc,phases      ] GC(137)     Total                          Min: 0, Avg:  0.0, Max: 0, Diff: 0, Sum: 0, Workers: 4
[2479.157s][debug][gc,phases      ] GC(137) Weak Processing 0.329ms
[2479.157s][debug][gc,age         ] GC(137) Desired survivor size 27262976 bytes, new threshold 15 (max threshold 15)
[2479.157s][info ][gc,heap        ] GC(137) PSYoungGen: 2049712K(2070016K)->7904K(2069504K) Eden: 2042368K(2042368K)->0K(2042368K) From: 7344K(27648K)->7904K(27136K)
[2479.157s][info ][gc,heap        ] GC(137) ParOldGen: 505082K(579584K)->505114K(579584K)
[2479.157s][info ][gc,metaspace   ] GC(137) Metaspace: 91700K(92928K)->91700K(92928K) NonClass: 78546K(79232K)->78546K(79232K) Class: 13153K(13696K)->13153K(13696K)
[2479.157s][info ][gc             ] GC(137) Pause Young (Allocation Failure) 2494M->500M(2587M) 8.312ms
[2479.157s][info ][gc,cpu         ] GC(137) User=0.02s Sys=0.00s Real=0.01s
[2479.157s][info ][safepoint      ] Safepoint "ParallelGCFailedAllocation", Time since last: 16391002998 ns, Reaching safepoint: 75900 ns, Cleanup: 3800 ns, At safepoint: 8396458 ns, Total: 8476158 ns
[2494.159s][info ][safepoint      ] Safepoint "Cleanup", Time since last: 15001014095 ns, Reaching safepoint: 73100 ns, Cleanup: 12400 ns, At safepoint: 4900 ns, Total: 90400 ns
[2496.159s][info ][safepoint      ] Safepoint "Cleanup", Time since last: 2000167234 ns, Reaching safepoint: 74800 ns, Cleanup: 15600 ns, At safepoint: 6300 ns, Total: 96700 ns
[2501.159s][info ][safepoint      ] Safepoint "Cleanup", Time since last: 5000375936 ns, Reaching safepoint: 76999 ns, Cleanup: 26600 ns, At safepoint: 5200 ns, Total: 108799 ns
[2502.159s][info ][safepoint      ] Safepoint "Cleanup", Time since last: 1000063194 ns, Reaching safepoint: 73700 ns, Cleanup: 11000 ns, At safepoint: 5200 ns, Total: 89900 ns
[2503.160s][info ][safepoint      ] Safepoint "Cleanup", Time since last: 1000099494 ns, Reaching safepoint: 72699 ns, Cleanup: 7800 ns, At safepoint: 5100 ns, Total: 85599 ns
[2504.835s][info ][gc,start       ] GC(138) Pause Young (Allocation Failure)
[2504.841s][debug][gc,phases      ] GC(138) Scavenge 6.099ms
[2504.841s][debug][gc,ref         ] GC(138) Skipped phase 1 of Reference Processing: no references
[2504.841s][debug][gc,ref         ] GC(138) ReferenceProcessor::execute queues: 1, RefProcThreadModel::Single, marks_oops_alive: false
[2504.841s][debug][gc,ref         ] GC(138) Skipped phase 3 of Reference Processing: no references
[2504.841s][debug][gc,ref         ] GC(138) Skipped phase 4 of Reference Processing: no references
[2504.841s][debug][gc,phases      ] GC(138) Reference Processing 0.092ms
[2504.841s][debug][gc,phases      ] GC(138)   VM Weak                        Min:  0.0, Avg:  0.0, Max:  0.0, Diff:  0.0, Sum:  0.0, Workers: 4
[2504.841s][debug][gc,phases      ] GC(138)     Dead                           Min: 0, Avg:  0.0, Max: 0, Diff: 0, Sum: 0, Workers: 4
[2504.841s][debug][gc,phases      ] GC(138)     Total                          Min: 0, Avg: 246.5, Max: 795, Diff: 795, Sum: 986, Workers: 4
[2504.841s][debug][gc,phases      ] GC(138)   ObjectSynchronizer Weak        Min:  0.0, Avg:  0.0, Max:  0.0, Diff:  0.0, Sum:  0.0, Workers: 4
[2504.841s][debug][gc,phases      ] GC(138)     Dead                           Min: 0, Avg:  0.0, Max: 0, Diff: 0, Sum: 0, Workers: 4
[2504.841s][debug][gc,phases      ] GC(138)     Total                          Min: 0, Avg:  1.5, Max: 6, Diff: 6, Sum: 6, Workers: 4
[2504.841s][debug][gc,phases      ] GC(138)   JVMTI Tag Weak OopStorage      Min:  0.0, Avg:  0.0, Max:  0.0, Diff:  0.0, Sum:  0.0, Workers: 4
[2504.841s][debug][gc,phases      ] GC(138)     Dead                           Min: 0, Avg:  0.0, Max: 0, Diff: 0, Sum: 0, Workers: 4
[2504.841s][debug][gc,phases      ] GC(138)     Total                          Min: 0, Avg:  0.0, Max: 0, Diff: 0, Sum: 0, Workers: 4
[2504.841s][debug][gc,phases      ] GC(138)   StringTable Weak               Min:  0.0, Avg:  0.1, Max:  0.1, Diff:  0.1, Sum:  0.4, Workers: 4
[2504.841s][debug][gc,phases      ] GC(138)     Dead                           Min: 0, Avg:  0.0, Max: 0, Diff: 0, Sum: 0, Workers: 4
[2504.841s][debug][gc,phases      ] GC(138)     Total                          Min: 0, Avg: 11317.8, Max: 19351, Diff: 19351, Sum: 45271, Workers: 4
[2504.841s][debug][gc,phases      ] GC(138)   ResolvedMethodTable Weak       Min:  0.0, Avg:  0.0, Max:  0.0, Diff:  0.0, Sum:  0.1, Workers: 4
[2504.841s][debug][gc,phases      ] GC(138)     Dead                           Min: 0, Avg:  0.0, Max: 0, Diff: 0, Sum: 0, Workers: 4
[2504.841s][debug][gc,phases      ] GC(138)     Total                          Min: 0, Avg: 2910.2, Max: 4988, Diff: 4988, Sum: 11641, Workers: 4
[2504.841s][debug][gc,phases      ] GC(138)   JNI Weak                       Min:  0.0, Avg:  0.0, Max:  0.0, Diff:  0.0, Sum:  0.0, Workers: 4
[2504.841s][debug][gc,phases      ] GC(138)     Dead                           Min: 0, Avg:  0.0, Max: 0, Diff: 0, Sum: 0, Workers: 4
[2504.841s][debug][gc,phases      ] GC(138)     Total                          Min: 0, Avg: 12.0, Max: 48, Diff: 48, Sum: 48, Workers: 4
[2504.841s][debug][gc,phases      ] GC(138)   StringDedup Table Weak         Min:  0.0, Avg:  0.0, Max:  0.0, Diff:  0.0, Sum:  0.0, Workers: 4
[2504.841s][debug][gc,phases      ] GC(138)     Dead                           Min: 0, Avg:  0.0, Max: 0, Diff: 0, Sum: 0, Workers: 4
[2504.841s][debug][gc,phases      ] GC(138)     Total                          Min: 0, Avg:  0.0, Max: 0, Diff: 0, Sum: 0, Workers: 4
[2504.841s][debug][gc,phases      ] GC(138)   StringDedup Requests0 Weak     Min:  0.0, Avg:  0.0, Max:  0.0, Diff:  0.0, Sum:  0.0, Workers: 4
[2504.841s][debug][gc,phases      ] GC(138)     Dead                           Min: 0, Avg:  0.0, Max: 0, Diff: 0, Sum: 0, Workers: 4
[2504.841s][debug][gc,phases      ] GC(138)     Total                          Min: 0, Avg:  0.0, Max: 0, Diff: 0, Sum: 0, Workers: 4
[2504.841s][debug][gc,phases      ] GC(138)   StringDedup Requests1 Weak     Min:  0.0, Avg:  0.0, Max:  0.0, Diff:  0.0, Sum:  0.0, Workers: 4
[2504.841s][debug][gc,phases      ] GC(138)     Dead                           Min: 0, Avg:  0.0, Max: 0, Diff: 0, Sum: 0, Workers: 4
[2504.841s][debug][gc,phases      ] GC(138)     Total                          Min: 0, Avg:  0.0, Max: 0, Diff: 0, Sum: 0, Workers: 4
[2504.841s][debug][gc,phases      ] GC(138)   Weak JFR Old Object Samples    Min:  0.0, Avg:  0.0, Max:  0.0, Diff:  0.0, Sum:  0.0, Workers: 4
[2504.841s][debug][gc,phases      ] GC(138)     Dead                           Min: 0, Avg:  0.0, Max: 0, Diff: 0, Sum: 0, Workers: 4
[2504.841s][debug][gc,phases      ] GC(138)     Total                          Min: 0, Avg:  0.0, Max: 0, Diff: 0, Sum: 0, Workers: 4
[2504.841s][debug][gc,phases      ] GC(138) Weak Processing 0.327ms
[2504.841s][debug][gc,age         ] GC(138) Desired survivor size 26214400 bytes, new threshold 15 (max threshold 15)
[2504.841s][info ][gc,heap        ] GC(138) PSYoungGen: 2050272K(2069504K)->7568K(2071552K) Eden: 2042368K(2042368K)->0K(2044928K) From: 7904K(27136K)->7568K(26624K)
[2504.841s][info ][gc,heap        ] GC(138) ParOldGen: 505114K(579584K)->505170K(579584K)
[2504.841s][info ][gc,metaspace   ] GC(138) Metaspace: 91702K(92928K)->91702K(92928K) NonClass: 78548K(79232K)->78548K(79232K) Class: 13153K(13696K)->13153K(13696K)
[2504.842s][info ][gc             ] GC(138) Pause Young (Allocation Failure) 2495M->500M(2589M) 6.620ms
[2504.842s][info ][gc,cpu         ] GC(138) User=0.02s Sys=0.00s Real=0.01s
[2504.842s][info ][safepoint      ] Safepoint "ParallelGCFailedAllocation", Time since last: 1675210915 ns, Reaching safepoint: 5900 ns, Cleanup: 4800 ns, At safepoint: 6716266 ns, Total: 6726966 ns
[2509.842s][info ][safepoint      ] Safepoint "Cleanup", Time since last: 5000312475 ns, Reaching safepoint: 4400 ns, Cleanup: 31900 ns, At safepoint: 1800 ns, Total: 38100 ns
[2510.842s][info ][safepoint      ] Safepoint "Cleanup", Time since last: 1000121994 ns, Reaching safepoint: 4700 ns, Cleanup: 18000 ns, At safepoint: 2000 ns, Total: 24700 ns
[2511.842s][info ][safepoint      ] Safepoint "Cleanup", Time since last: 1000101495 ns, Reaching safepoint: 5100 ns, Cleanup: 11800 ns, At safepoint: 2400 ns, Total: 19300 ns
[2512.842s][info ][safepoint      ] Safepoint "Cleanup", Time since last: 1000107594 ns, Reaching safepoint: 4500 ns, Cleanup: 9200 ns, At safepoint: 1800 ns, Total: 15500 ns
[2517.843s][info ][safepoint      ] Safepoint "Cleanup", Time since last: 5000358956 ns, Reaching safepoint: 5300 ns, Cleanup: 11500 ns, At safepoint: 2100 ns, Total: 18900 ns
[2518.843s][info ][safepoint      ] Safepoint "Cleanup", Time since last: 1000101691 ns, Reaching safepoint: 4400 ns, Cleanup: 9600 ns, At safepoint: 1900 ns, Total: 15900 ns
[2519.843s][info ][safepoint      ] Safepoint "Cleanup", Time since last: 1000100191 ns, Reaching safepoint: 3900 ns, Cleanup: 9200 ns, At safepoint: 1700 ns, Total: 14800 ns
[2521.773s][info ][safepoint      ] Safepoint "Cleanup", Time since last: 1929829934 ns, Reaching safepoint: 4800 ns, Cleanup: 11300 ns, At safepoint: 2500 ns, Total: 18600 ns
[2524.773s][info ][safepoint      ] Safepoint "Cleanup", Time since last: 3000234372 ns, Reaching safepoint: 4100 ns, Cleanup: 10600 ns, At safepoint: 2100 ns, Total: 16800 ns
[2528.773s][info ][safepoint      ] Safepoint "Cleanup", Time since last: 4000309463 ns, Reaching safepoint: 5500 ns, Cleanup: 9500 ns, At safepoint: 2200 ns, Total: 17200 ns
[2530.311s][info ][gc,start       ] GC(139) Pause Young (Allocation Failure)
[2530.319s][debug][gc,phases      ] GC(139) Scavenge 8.518ms
[2530.319s][debug][gc,ref         ] GC(139) Skipped phase 1 of Reference Processing: no references
[2530.320s][debug][gc,ref         ] GC(139) ReferenceProcessor::execute queues: 1, RefProcThreadModel::Single, marks_oops_alive: false
[2530.320s][debug][gc,ref         ] GC(139) Skipped phase 3 of Reference Processing: no references
[2530.320s][debug][gc,ref         ] GC(139) ReferenceProcessor::execute queues: 1, RefProcThreadModel::Single, marks_oops_alive: false
[2530.320s][debug][gc,phases      ] GC(139) Reference Processing 0.116ms
[2530.320s][debug][gc,phases      ] GC(139)   VM Weak                        Min:  0.0, Avg:  0.0, Max:  0.0, Diff:  0.0, Sum:  0.0, Workers: 4
[2530.320s][debug][gc,phases      ] GC(139)     Dead                           Min: 0, Avg:  0.0, Max: 0, Diff: 0, Sum: 0, Workers: 4
[2530.320s][debug][gc,phases      ] GC(139)     Total                          Min: 0, Avg: 248.8, Max: 639, Diff: 639, Sum: 995, Workers: 4
[2530.320s][debug][gc,phases      ] GC(139)   ObjectSynchronizer Weak        Min:  0.0, Avg:  0.0, Max:  0.0, Diff:  0.0, Sum:  0.0, Workers: 4
[2530.320s][debug][gc,phases      ] GC(139)     Dead                           Min: 0, Avg:  0.0, Max: 0, Diff: 0, Sum: 0, Workers: 4
[2530.320s][debug][gc,phases      ] GC(139)     Total                          Min: 0, Avg:  1.5, Max: 6, Diff: 6, Sum: 6, Workers: 4
[2530.320s][debug][gc,phases      ] GC(139)   JVMTI Tag Weak OopStorage      Min:  0.0, Avg:  0.0, Max:  0.0, Diff:  0.0, Sum:  0.0, Workers: 4
[2530.320s][debug][gc,phases      ] GC(139)     Dead                           Min: 0, Avg:  0.0, Max: 0, Diff: 0, Sum: 0, Workers: 4
[2530.320s][debug][gc,phases      ] GC(139)     Total                          Min: 0, Avg:  0.0, Max: 0, Diff: 0, Sum: 0, Workers: 4
[2530.320s][debug][gc,phases      ] GC(139)   StringTable Weak               Min:  0.0, Avg:  0.1, Max:  0.2, Diff:  0.2, Sum:  0.3, Workers: 4
[2530.320s][debug][gc,phases      ] GC(139)     Dead                           Min: 0, Avg:  0.2, Max: 1, Diff: 1, Sum: 1, Workers: 4
[2530.320s][debug][gc,phases      ] GC(139)     Total                          Min: 0, Avg: 11323.5, Max: 28223, Diff: 28223, Sum: 45294, Workers: 4
[2530.320s][debug][gc,phases      ] GC(139)   ResolvedMethodTable Weak       Min:  0.0, Avg:  0.0, Max:  0.0, Diff:  0.0, Sum:  0.1, Workers: 4
[2530.320s][debug][gc,phases      ] GC(139)     Dead                           Min: 0, Avg:  0.0, Max: 0, Diff: 0, Sum: 0, Workers: 4
[2530.320s][debug][gc,phases      ] GC(139)     Total                          Min: 0, Avg: 2919.0, Max: 7196, Diff: 7196, Sum: 11676, Workers: 4
[2530.320s][debug][gc,phases      ] GC(139)   JNI Weak                       Min:  0.0, Avg:  0.0, Max:  0.0, Diff:  0.0, Sum:  0.0, Workers: 4
[2530.320s][debug][gc,phases      ] GC(139)     Dead                           Min: 0, Avg:  0.0, Max: 0, Diff: 0, Sum: 0, Workers: 4
[2530.320s][debug][gc,phases      ] GC(139)     Total                          Min: 0, Avg: 12.0, Max: 48, Diff: 48, Sum: 48, Workers: 4
[2530.320s][debug][gc,phases      ] GC(139)   StringDedup Table Weak         Min:  0.0, Avg:  0.0, Max:  0.0, Diff:  0.0, Sum:  0.0, Workers: 4
[2530.320s][debug][gc,phases      ] GC(139)     Dead                           Min: 0, Avg:  0.0, Max: 0, Diff: 0, Sum: 0, Workers: 4
[2530.320s][debug][gc,phases      ] GC(139)     Total                          Min: 0, Avg:  0.0, Max: 0, Diff: 0, Sum: 0, Workers: 4
[2530.320s][debug][gc,phases      ] GC(139)   StringDedup Requests0 Weak     Min:  0.0, Avg:  0.0, Max:  0.0, Diff:  0.0, Sum:  0.0, Workers: 4
[2530.320s][debug][gc,phases      ] GC(139)     Dead                           Min: 0, Avg:  0.0, Max: 0, Diff: 0, Sum: 0, Workers: 4
[2530.320s][debug][gc,phases      ] GC(139)     Total                          Min: 0, Avg:  0.0, Max: 0, Diff: 0, Sum: 0, Workers: 4
[2530.320s][debug][gc,phases      ] GC(139)   StringDedup Requests1 Weak     Min:  0.0, Avg:  0.0, Max:  0.0, Diff:  0.0, Sum:  0.0, Workers: 4
[2530.320s][debug][gc,phases      ] GC(139)     Dead                           Min: 0, Avg:  0.0, Max: 0, Diff: 0, Sum: 0, Workers: 4
[2530.320s][debug][gc,phases      ] GC(139)     Total                          Min: 0, Avg:  0.0, Max: 0, Diff: 0, Sum: 0, Workers: 4
[2530.320s][debug][gc,phases      ] GC(139)   Weak JFR Old Object Samples    Min:  0.0, Avg:  0.0, Max:  0.0, Diff:  0.0, Sum:  0.0, Workers: 4
[2530.320s][debug][gc,phases      ] GC(139)     Dead                           Min: 0, Avg:  0.0, Max: 0, Diff: 0, Sum: 0, Workers: 4
[2530.320s][debug][gc,phases      ] GC(139)     Total                          Min: 0, Avg:  0.0, Max: 0, Diff: 0, Sum: 0, Workers: 4
[2530.320s][debug][gc,phases      ] GC(139) Weak Processing 0.372ms
[2530.320s][debug][gc,age         ] GC(139) Desired survivor size 25165824 bytes, new threshold 15 (max threshold 15)
[2530.320s][info ][gc,heap        ] GC(139) PSYoungGen: 2052496K(2071552K)->10656K(2070528K) Eden: 2044928K(2044928K)->0K(2044928K) From: 7568K(26624K)->10656K(25600K)
[2530.320s][info ][gc,heap        ] GC(139) ParOldGen: 505170K(579584K)->505291K(579584K)
[2530.320s][info ][gc,metaspace   ] GC(139) Metaspace: 91795K(92992K)->91795K(92992K) NonClass: 78629K(79296K)->78629K(79296K) Class: 13166K(13696K)->13166K(13696K)
[2530.320s][info ][gc             ] GC(139) Pause Young (Allocation Failure) 2497M->503M(2588M) 9.115ms
[2530.320s][info ][gc,cpu         ] GC(139) User=0.03s Sys=0.01s Real=0.01s
[2530.320s][info ][safepoint      ] Safepoint "ParallelGCFailedAllocation", Time since last: 1537512512 ns, Reaching safepoint: 4000 ns, Cleanup: 3200 ns, At safepoint: 9194354 ns, Total: 9201554 ns
[2550.321s][info ][safepoint      ] Safepoint "Cleanup", Time since last: 20001270092 ns, Reaching safepoint: 4100 ns, Cleanup: 8300 ns, At safepoint: 1800 ns, Total: 14200 ns
[2556.359s][info ][gc,start       ] GC(140) Pause Young (Allocation Failure)
[2556.366s][debug][gc,phases      ] GC(140) Scavenge 6.473ms
[2556.366s][debug][gc,ref         ] GC(140) Skipped phase 1 of Reference Processing: no references
[2556.366s][debug][gc,ref         ] GC(140) ReferenceProcessor::execute queues: 1, RefProcThreadModel::Single, marks_oops_alive: false
[2556.366s][debug][gc,ref         ] GC(140) Skipped phase 3 of Reference Processing: no references
[2556.366s][debug][gc,ref         ] GC(140) ReferenceProcessor::execute queues: 1, RefProcThreadModel::Single, marks_oops_alive: false
[2556.366s][debug][gc,phases      ] GC(140) Reference Processing 0.119ms
[2556.366s][debug][gc,phases      ] GC(140)   VM Weak                        Min:  0.0, Avg:  0.0, Max:  0.0, Diff:  0.0, Sum:  0.0, Workers: 4
[2556.366s][debug][gc,phases      ] GC(140)     Dead                           Min: 0, Avg:  0.0, Max: 0, Diff: 0, Sum: 0, Workers: 4
[2556.366s][debug][gc,phases      ] GC(140)     Total                          Min: 0, Avg: 248.8, Max: 895, Diff: 895, Sum: 995, Workers: 4
[2556.366s][debug][gc,phases      ] GC(140)   ObjectSynchronizer Weak        Min:  0.0, Avg:  0.0, Max:  0.0, Diff:  0.0, Sum:  0.0, Workers: 4
[2556.366s][debug][gc,phases      ] GC(140)     Dead                           Min: 0, Avg:  0.0, Max: 0, Diff: 0, Sum: 0, Workers: 4
[2556.366s][debug][gc,phases      ] GC(140)     Total                          Min: 0, Avg:  1.5, Max: 6, Diff: 6, Sum: 6, Workers: 4
[2556.366s][debug][gc,phases      ] GC(140)   JVMTI Tag Weak OopStorage      Min:  0.0, Avg:  0.0, Max:  0.0, Diff:  0.0, Sum:  0.0, Workers: 4
[2556.366s][debug][gc,phases      ] GC(140)     Dead                           Min: 0, Avg:  0.0, Max: 0, Diff: 0, Sum: 0, Workers: 4
[2556.366s][debug][gc,phases      ] GC(140)     Total                          Min: 0, Avg:  0.0, Max: 0, Diff: 0, Sum: 0, Workers: 4
[2556.366s][debug][gc,phases      ] GC(140)   StringTable Weak               Min:  0.0, Avg:  0.1, Max:  0.1, Diff:  0.1, Sum:  0.4, Workers: 4
[2556.366s][debug][gc,phases      ] GC(140)     Dead                           Min: 0, Avg:  0.0, Max: 0, Diff: 0, Sum: 0, Workers: 4
[2556.366s][debug][gc,phases      ] GC(140)     Total                          Min: 2303, Avg: 11324.2, Max: 16832, Diff: 14529, Sum: 45297, Workers: 4
[2556.366s][debug][gc,phases      ] GC(140)   ResolvedMethodTable Weak       Min:  0.0, Avg:  0.0, Max:  0.0, Diff:  0.0, Sum:  0.1, Workers: 4
[2556.366s][debug][gc,phases      ] GC(140)     Dead                           Min: 0, Avg:  0.0, Max: 0, Diff: 0, Sum: 0, Workers: 4
[2556.366s][debug][gc,phases      ] GC(140)     Total                          Min: 2816, Avg: 2920.0, Max: 3136, Diff: 320, Sum: 11680, Workers: 4
[2556.366s][debug][gc,phases      ] GC(140)   JNI Weak                       Min:  0.0, Avg:  0.0, Max:  0.0, Diff:  0.0, Sum:  0.0, Workers: 4
[2556.366s][debug][gc,phases      ] GC(140)     Dead                           Min: 0, Avg:  0.0, Max: 0, Diff: 0, Sum: 0, Workers: 4
[2556.366s][debug][gc,phases      ] GC(140)     Total                          Min: 0, Avg: 12.0, Max: 48, Diff: 48, Sum: 48, Workers: 4
[2556.366s][debug][gc,phases      ] GC(140)   StringDedup Table Weak         Min:  0.0, Avg:  0.0, Max:  0.0, Diff:  0.0, Sum:  0.0, Workers: 4
[2556.366s][debug][gc,phases      ] GC(140)     Dead                           Min: 0, Avg:  0.0, Max: 0, Diff: 0, Sum: 0, Workers: 4
[2556.366s][debug][gc,phases      ] GC(140)     Total                          Min: 0, Avg:  0.0, Max: 0, Diff: 0, Sum: 0, Workers: 4
[2556.366s][debug][gc,phases      ] GC(140)   StringDedup Requests0 Weak     Min:  0.0, Avg:  0.0, Max:  0.0, Diff:  0.0, Sum:  0.0, Workers: 4
[2556.366s][debug][gc,phases      ] GC(140)     Dead                           Min: 0, Avg:  0.0, Max: 0, Diff: 0, Sum: 0, Workers: 4
[2556.366s][debug][gc,phases      ] GC(140)     Total                          Min: 0, Avg:  0.0, Max: 0, Diff: 0, Sum: 0, Workers: 4
[2556.366s][debug][gc,phases      ] GC(140)   StringDedup Requests1 Weak     Min:  0.0, Avg:  0.0, Max:  0.0, Diff:  0.0, Sum:  0.0, Workers: 4
[2556.366s][debug][gc,phases      ] GC(140)     Dead                           Min: 0, Avg:  0.0, Max: 0, Diff: 0, Sum: 0, Workers: 4
[2556.366s][debug][gc,phases      ] GC(140)     Total                          Min: 0, Avg:  0.0, Max: 0, Diff: 0, Sum: 0, Workers: 4
[2556.366s][debug][gc,phases      ] GC(140)   Weak JFR Old Object Samples    Min:  0.0, Avg:  0.0, Max:  0.0, Diff:  0.0, Sum:  0.0, Workers: 4
[2556.366s][debug][gc,phases      ] GC(140)     Dead                           Min: 0, Avg:  0.0, Max: 0, Diff: 0, Sum: 0, Workers: 4
[2556.366s][debug][gc,phases      ] GC(140)     Total                          Min: 0, Avg:  0.0, Max: 0, Diff: 0, Sum: 0, Workers: 4
[2556.366s][debug][gc,phases      ] GC(140) Weak Processing 0.319ms
[2556.366s][debug][gc,age         ] GC(140) Desired survivor size 24641536 bytes, new threshold 15 (max threshold 15)
[2556.366s][info ][gc,heap        ] GC(140) PSYoungGen: 2055584K(2070528K)->8400K(2073088K) Eden: 2044928K(2044928K)->0K(2048512K) From: 10656K(25600K)->8400K(24576K)
[2556.366s][info ][gc,heap        ] GC(140) ParOldGen: 505291K(579584K)->505331K(579584K)
[2556.366s][info ][gc,metaspace   ] GC(140) Metaspace: 91804K(92992K)->91804K(92992K) NonClass: 78637K(79296K)->78637K(79296K) Class: 13167K(13696K)->13167K(13696K)
[2556.366s][info ][gc             ] GC(140) Pause Young (Allocation Failure) 2500M->501M(2590M) 7.014ms
[2556.366s][info ][gc,cpu         ] GC(140) User=0.02s Sys=0.00s Real=0.01s
[2556.366s][info ][safepoint      ] Safepoint "ParallelGCFailedAllocation", Time since last: 6037927661 ns, Reaching safepoint: 4400 ns, Cleanup: 3600 ns, At safepoint: 7094165 ns, Total: 7102165 ns
[2562.367s][info ][safepoint      ] Safepoint "Cleanup", Time since last: 6000362951 ns, Reaching safepoint: 4100 ns, Cleanup: 8700 ns, At safepoint: 15199 ns, Total: 27999 ns
[2564.367s][info ][safepoint      ] Safepoint "Cleanup", Time since last: 2000131784 ns, Reaching safepoint: 6200 ns, Cleanup: 12699 ns, At safepoint: 2000 ns, Total: 20899 ns
[2568.367s][info ][safepoint      ] Safepoint "Cleanup", Time since last: 4000250167 ns, Reaching safepoint: 4200 ns, Cleanup: 7700 ns, At safepoint: 1700 ns, Total: 13600 ns
[2573.368s][info ][safepoint      ] Safepoint "Cleanup", Time since last: 5000351966 ns, Reaching safepoint: 4500 ns, Cleanup: 8500 ns, At safepoint: 1800 ns, Total: 14800 ns
[2581.914s][info ][safepoint      ] Safepoint "ParallelGCFailedAllocation", Time since last: 8546423089 ns, Reaching safepoint: 3900 ns, Cleanup: 7800 ns, At safepoint: 6100 ns, Total: 17800 ns
[2581.915s][info ][gc,start       ] GC(141) Pause Young (GCLocker Initiated GC)
[2581.922s][debug][gc,phases      ] GC(141) Scavenge 7.669ms
[2581.922s][debug][gc,ref         ] GC(141) Skipped phase 1 of Reference Processing: no references
[2581.923s][debug][gc,ref         ] GC(141) ReferenceProcessor::execute queues: 1, RefProcThreadModel::Single, marks_oops_alive: false
[2581.923s][debug][gc,ref         ] GC(141) Skipped phase 3 of Reference Processing: no references
[2581.923s][debug][gc,ref         ] GC(141) Skipped phase 4 of Reference Processing: no references
[2581.923s][debug][gc,phases      ] GC(141) Reference Processing 0.089ms
[2581.923s][debug][gc,phases      ] GC(141)   VM Weak                        Min:  0.0, Avg:  0.0, Max:  0.0, Diff:  0.0, Sum:  0.0, Workers: 4
[2581.923s][debug][gc,phases      ] GC(141)     Dead                           Min: 0, Avg:  0.0, Max: 0, Diff: 0, Sum: 0, Workers: 4
[2581.923s][debug][gc,phases      ] GC(141)     Total                          Min: 0, Avg: 248.8, Max: 932, Diff: 932, Sum: 995, Workers: 4
[2581.923s][debug][gc,phases      ] GC(141)   ObjectSynchronizer Weak        Min:  0.0, Avg:  0.0, Max:  0.0, Diff:  0.0, Sum:  0.0, Workers: 4
[2581.923s][debug][gc,phases      ] GC(141)     Dead                           Min: 0, Avg:  0.0, Max: 0, Diff: 0, Sum: 0, Workers: 4
[2581.923s][debug][gc,phases      ] GC(141)     Total                          Min: 0, Avg:  1.5, Max: 6, Diff: 6, Sum: 6, Workers: 4
[2581.923s][debug][gc,phases      ] GC(141)   JVMTI Tag Weak OopStorage      Min:  0.0, Avg:  0.0, Max:  0.0, Diff:  0.0, Sum:  0.0, Workers: 4
[2581.923s][debug][gc,phases      ] GC(141)     Dead                           Min: 0, Avg:  0.0, Max: 0, Diff: 0, Sum: 0, Workers: 4
[2581.923s][debug][gc,phases      ] GC(141)     Total                          Min: 0, Avg:  0.0, Max: 0, Diff: 0, Sum: 0, Workers: 4
[2581.923s][debug][gc,phases      ] GC(141)   StringTable Weak               Min:  0.0, Avg:  0.1, Max:  0.2, Diff:  0.2, Sum:  0.3, Workers: 4
[2581.923s][debug][gc,phases      ] GC(141)     Dead                           Min: 0, Avg:  0.0, Max: 0, Diff: 0, Sum: 0, Workers: 4
[2581.923s][debug][gc,phases      ] GC(141)     Total                          Min: 0, Avg: 11324.8, Max: 28147, Diff: 28147, Sum: 45299, Workers: 4
[2581.923s][debug][gc,phases      ] GC(141)   ResolvedMethodTable Weak       Min:  0.0, Avg:  0.0, Max:  0.0, Diff:  0.0, Sum:  0.1, Workers: 4
[2581.923s][debug][gc,phases      ] GC(141)     Dead                           Min: 0, Avg:  0.0, Max: 0, Diff: 0, Sum: 0, Workers: 4
[2581.923s][debug][gc,phases      ] GC(141)     Total                          Min: 0, Avg: 2920.0, Max: 7103, Diff: 7103, Sum: 11680, Workers: 4
[2581.923s][debug][gc,phases      ] GC(141)   JNI Weak                       Min:  0.0, Avg:  0.0, Max:  0.0, Diff:  0.0, Sum:  0.0, Workers: 4
[2581.923s][debug][gc,phases      ] GC(141)     Dead                           Min: 0, Avg:  0.0, Max: 0, Diff: 0, Sum: 0, Workers: 4
[2581.923s][debug][gc,phases      ] GC(141)     Total                          Min: 0, Avg: 12.0, Max: 48, Diff: 48, Sum: 48, Workers: 4
[2581.923s][debug][gc,phases      ] GC(141)   StringDedup Table Weak         Min:  0.0, Avg:  0.0, Max:  0.0, Diff:  0.0, Sum:  0.0, Workers: 4
[2581.923s][debug][gc,phases      ] GC(141)     Dead                           Min: 0, Avg:  0.0, Max: 0, Diff: 0, Sum: 0, Workers: 4
[2581.923s][debug][gc,phases      ] GC(141)     Total                          Min: 0, Avg:  0.0, Max: 0, Diff: 0, Sum: 0, Workers: 4
[2581.923s][debug][gc,phases      ] GC(141)   StringDedup Requests0 Weak     Min:  0.0, Avg:  0.0, Max:  0.0, Diff:  0.0, Sum:  0.0, Workers: 4
[2581.923s][debug][gc,phases      ] GC(141)     Dead                           Min: 0, Avg:  0.0, Max: 0, Diff: 0, Sum: 0, Workers: 4
[2581.923s][debug][gc,phases      ] GC(141)     Total                          Min: 0, Avg:  0.0, Max: 0, Diff: 0, Sum: 0, Workers: 4
[2581.923s][debug][gc,phases      ] GC(141)   StringDedup Requests1 Weak     Min:  0.0, Avg:  0.0, Max:  0.0, Diff:  0.0, Sum:  0.0, Workers: 4
[2581.923s][debug][gc,phases      ] GC(141)     Dead                           Min: 0, Avg:  0.0, Max: 0, Diff: 0, Sum: 0, Workers: 4
[2581.923s][debug][gc,phases      ] GC(141)     Total                          Min: 0, Avg:  0.0, Max: 0, Diff: 0, Sum: 0, Workers: 4
[2581.923s][debug][gc,phases      ] GC(141)   Weak JFR Old Object Samples    Min:  0.0, Avg:  0.0, Max:  0.0, Diff:  0.0, Sum:  0.0, Workers: 4
[2581.923s][debug][gc,phases      ] GC(141)     Dead                           Min: 0, Avg:  0.0, Max: 0, Diff: 0, Sum: 0, Workers: 4
[2581.923s][debug][gc,phases      ] GC(141)     Total                          Min: 0, Avg:  0.0, Max: 0, Diff: 0, Sum: 0, Workers: 4
[2581.923s][debug][gc,phases      ] GC(141) Weak Processing 0.366ms
[2581.923s][debug][gc,age         ] GC(141) Desired survivor size 23068672 bytes, new threshold 15 (max threshold 15)
[2581.923s][info ][gc,heap        ] GC(141) PSYoungGen: 2056912K(2073088K)->10575K(2072576K) Eden: 2048512K(2048512K)->0K(2048512K) From: 8400K(24576K)->10575K(24064K)
[2581.923s][info ][gc,heap        ] GC(141) ParOldGen: 505434K(579584K)->505658K(579584K)
[2581.923s][info ][gc,metaspace   ] GC(141) Metaspace: 91830K(92992K)->91830K(92992K) NonClass: 78662K(79296K)->78662K(79296K) Class: 13167K(13696K)->13167K(13696K)
[2581.923s][info ][gc             ] GC(141) Pause Young (GCLocker Initiated GC) 2502M->504M(2590M) 8.207ms
[2581.923s][info ][gc,cpu         ] GC(141) User=0.03s Sys=0.00s Real=0.01s
[2581.923s][info ][safepoint      ] Safepoint "ParallelGCSystemGC", Time since last: 696797 ns, Reaching safepoint: 1400 ns, Cleanup: 900 ns, At safepoint: 8273758 ns, Total: 8276058 ns
[2584.923s][info ][safepoint      ] Safepoint "Cleanup", Time since last: 3000216964 ns, Reaching safepoint: 5600 ns, Cleanup: 8400 ns, At safepoint: 2300 ns, Total: 16300 ns
[2587.923s][info ][safepoint      ] Safepoint "Cleanup", Time since last: 3000234477 ns, Reaching safepoint: 3499 ns, Cleanup: 19800 ns, At safepoint: 1700 ns, Total: 24999 ns
[2601.924s][info ][safepoint      ] Safepoint "Cleanup", Time since last: 14000927435 ns, Reaching safepoint: 4599 ns, Cleanup: 9200 ns, At safepoint: 1800 ns, Total: 15599 ns
[2604.925s][info ][safepoint      ] Safepoint "Cleanup", Time since last: 3000236480 ns, Reaching safepoint: 4000 ns, Cleanup: 6899 ns, At safepoint: 2400 ns, Total: 13299 ns
[2608.099s][info ][gc,start       ] GC(142) Pause Young (Allocation Failure)
[2608.105s][debug][gc,phases      ] GC(142) Scavenge 6.063ms
[2608.105s][debug][gc,ref         ] GC(142) Skipped phase 1 of Reference Processing: no references
[2608.105s][debug][gc,ref         ] GC(142) ReferenceProcessor::execute queues: 1, RefProcThreadModel::Single, marks_oops_alive: false
[2608.105s][debug][gc,ref         ] GC(142) Skipped phase 3 of Reference Processing: no references
[2608.105s][debug][gc,ref         ] GC(142) ReferenceProcessor::execute queues: 1, RefProcThreadModel::Single, marks_oops_alive: false
[2608.105s][debug][gc,phases      ] GC(142) Reference Processing 0.111ms
[2608.106s][debug][gc,phases      ] GC(142)   VM Weak                        Min:  0.0, Avg:  0.0, Max:  0.0, Diff:  0.0, Sum:  0.0, Workers: 4
[2608.106s][debug][gc,phases      ] GC(142)     Dead                           Min: 0, Avg:  0.0, Max: 0, Diff: 0, Sum: 0, Workers: 4
[2608.106s][debug][gc,phases      ] GC(142)     Total                          Min: 0, Avg: 248.8, Max: 511, Diff: 511, Sum: 995, Workers: 4
[2608.106s][debug][gc,phases      ] GC(142)   ObjectSynchronizer Weak        Min:  0.0, Avg:  0.0, Max:  0.0, Diff:  0.0, Sum:  0.0, Workers: 4
[2608.106s][debug][gc,phases      ] GC(142)     Dead                           Min: 0, Avg:  0.0, Max: 0, Diff: 0, Sum: 0, Workers: 4
[2608.106s][debug][gc,phases      ] GC(142)     Total                          Min: 0, Avg:  1.5, Max: 6, Diff: 6, Sum: 6, Workers: 4
[2608.106s][debug][gc,phases      ] GC(142)   JVMTI Tag Weak OopStorage      Min:  0.0, Avg:  0.0, Max:  0.0, Diff:  0.0, Sum:  0.0, Workers: 4
[2608.106s][debug][gc,phases      ] GC(142)     Dead                           Min: 0, Avg:  0.0, Max: 0, Diff: 0, Sum: 0, Workers: 4
[2608.106s][debug][gc,phases      ] GC(142)     Total                          Min: 0, Avg:  0.0, Max: 0, Diff: 0, Sum: 0, Workers: 4
[2608.106s][debug][gc,phases      ] GC(142)   StringTable Weak               Min:  0.0, Avg:  0.1, Max:  0.1, Diff:  0.1, Sum:  0.4, Workers: 4
[2608.106s][debug][gc,phases      ] GC(142)     Dead                           Min: 0, Avg:  0.0, Max: 0, Diff: 0, Sum: 0, Workers: 4
[2608.106s][debug][gc,phases      ] GC(142)     Total                          Min: 0, Avg: 11324.8, Max: 18932, Diff: 18932, Sum: 45299, Workers: 4
[2608.106s][debug][gc,phases      ] GC(142)   ResolvedMethodTable Weak       Min:  0.0, Avg:  0.0, Max:  0.0, Diff:  0.0, Sum:  0.1, Workers: 4
[2608.106s][debug][gc,phases      ] GC(142)     Dead                           Min: 0, Avg:  0.0, Max: 0, Diff: 0, Sum: 0, Workers: 4
[2608.106s][debug][gc,phases      ] GC(142)     Total                          Min: 0, Avg: 2920.0, Max: 5056, Diff: 5056, Sum: 11680, Workers: 4
[2608.106s][debug][gc,phases      ] GC(142)   JNI Weak                       Min:  0.0, Avg:  0.0, Max:  0.0, Diff:  0.0, Sum:  0.0, Workers: 4
[2608.106s][debug][gc,phases      ] GC(142)     Dead                           Min: 0, Avg:  0.0, Max: 0, Diff: 0, Sum: 0, Workers: 4
[2608.106s][debug][gc,phases      ] GC(142)     Total                          Min: 0, Avg: 12.0, Max: 48, Diff: 48, Sum: 48, Workers: 4
[2608.106s][debug][gc,phases      ] GC(142)   StringDedup Table Weak         Min:  0.0, Avg:  0.0, Max:  0.0, Diff:  0.0, Sum:  0.0, Workers: 4
[2608.106s][debug][gc,phases      ] GC(142)     Dead                           Min: 0, Avg:  0.0, Max: 0, Diff: 0, Sum: 0, Workers: 4
[2608.106s][debug][gc,phases      ] GC(142)     Total                          Min: 0, Avg:  0.0, Max: 0, Diff: 0, Sum: 0, Workers: 4
[2608.106s][debug][gc,phases      ] GC(142)   StringDedup Requests0 Weak     Min:  0.0, Avg:  0.0, Max:  0.0, Diff:  0.0, Sum:  0.0, Workers: 4
[2608.106s][debug][gc,phases      ] GC(142)     Dead                           Min: 0, Avg:  0.0, Max: 0, Diff: 0, Sum: 0, Workers: 4
[2608.106s][debug][gc,phases      ] GC(142)     Total                          Min: 0, Avg:  0.0, Max: 0, Diff: 0, Sum: 0, Workers: 4
[2608.106s][debug][gc,phases      ] GC(142)   StringDedup Requests1 Weak     Min:  0.0, Avg:  0.0, Max:  0.0, Diff:  0.0, Sum:  0.0, Workers: 4
[2608.106s][debug][gc,phases      ] GC(142)     Dead                           Min: 0, Avg:  0.0, Max: 0, Diff: 0, Sum: 0, Workers: 4
[2608.106s][debug][gc,phases      ] GC(142)     Total                          Min: 0, Avg:  0.0, Max: 0, Diff: 0, Sum: 0, Workers: 4
[2608.106s][debug][gc,phases      ] GC(142)   Weak JFR Old Object Samples    Min:  0.0, Avg:  0.0, Max:  0.0, Diff:  0.0, Sum:  0.0, Workers: 4
[2608.106s][debug][gc,phases      ] GC(142)     Dead                           Min: 0, Avg:  0.0, Max: 0, Diff: 0, Sum: 0, Workers: 4
[2608.106s][debug][gc,phases      ] GC(142)     Total                          Min: 0, Avg:  0.0, Max: 0, Diff: 0, Sum: 0, Workers: 4
[2608.106s][debug][gc,phases      ] GC(142) Weak Processing 0.340ms
[2608.106s][debug][gc,age         ] GC(142) Desired survivor size 22544384 bytes, new threshold 15 (max threshold 15)
[2608.106s][info ][gc,heap        ] GC(142) PSYoungGen: 2059087K(2072576K)->7648K(2075136K) Eden: 2048512K(2048512K)->0K(2052608K) From: 10575K(24064K)->7648K(22528K)
[2608.106s][info ][gc,heap        ] GC(142) ParOldGen: 506428K(579584K)->506468K(579584K)
[2608.106s][info ][gc,metaspace   ] GC(142) Metaspace: 91835K(93056K)->91835K(93056K) NonClass: 78667K(79360K)->78667K(79360K) Class: 13167K(13696K)->13167K(13696K)
[2608.106s][info ][gc             ] GC(142) Pause Young (Allocation Failure) 2505M->502M(2592M) 6.621ms
[2608.106s][info ][gc,cpu         ] GC(142) User=0.02s Sys=0.00s Real=0.01s
[2608.106s][info ][safepoint      ] Safepoint "ParallelGCFailedAllocation", Time since last: 3174542407 ns, Reaching safepoint: 31800 ns, Cleanup: 4700 ns, At safepoint: 6691466 ns, Total: 6727966 ns
[2628.107s][info ][safepoint      ] Safepoint "Cleanup", Time since last: 20001353289 ns, Reaching safepoint: 75500 ns, Cleanup: 18000 ns, At safepoint: 6400 ns, Total: 99900 ns
[2629.108s][info ][safepoint      ] Safepoint "Cleanup", Time since last: 1000134132 ns, Reaching safepoint: 71999 ns, Cleanup: 15200 ns, At safepoint: 5200 ns, Total: 92399 ns
[2635.108s][info ][safepoint      ] Safepoint "Cleanup", Time since last: 6000435645 ns, Reaching safepoint: 55300 ns, Cleanup: 10600 ns, At safepoint: 6300 ns, Total: 72200 ns
[2635.813s][info ][gc,start       ] GC(143) Pause Young (Allocation Failure)
[2635.820s][debug][gc,phases      ] GC(143) Scavenge 7.240ms
[2635.820s][debug][gc,ref         ] GC(143) Skipped phase 1 of Reference Processing: no references
[2635.820s][debug][gc,ref         ] GC(143) ReferenceProcessor::execute queues: 1, RefProcThreadModel::Single, marks_oops_alive: false
[2635.820s][debug][gc,ref         ] GC(143) Skipped phase 3 of Reference Processing: no references
[2635.820s][debug][gc,ref         ] GC(143) ReferenceProcessor::execute queues: 1, RefProcThreadModel::Single, marks_oops_alive: false
[2635.820s][debug][gc,phases      ] GC(143) Reference Processing 0.092ms
[2635.820s][debug][gc,phases      ] GC(143)   VM Weak                        Min:  0.0, Avg:  0.0, Max:  0.0, Diff:  0.0, Sum:  0.0, Workers: 4
[2635.820s][debug][gc,phases      ] GC(143)     Dead                           Min: 0, Avg:  0.0, Max: 0, Diff: 0, Sum: 0, Workers: 4
[2635.820s][debug][gc,phases      ] GC(143)     Total                          Min: 0, Avg: 248.8, Max: 959, Diff: 959, Sum: 995, Workers: 4
[2635.820s][debug][gc,phases      ] GC(143)   ObjectSynchronizer Weak        Min:  0.0, Avg:  0.0, Max:  0.0, Diff:  0.0, Sum:  0.0, Workers: 4
[2635.820s][debug][gc,phases      ] GC(143)     Dead                           Min: 0, Avg:  0.0, Max: 0, Diff: 0, Sum: 0, Workers: 4
[2635.820s][debug][gc,phases      ] GC(143)     Total                          Min: 0, Avg:  1.5, Max: 6, Diff: 6, Sum: 6, Workers: 4
[2635.820s][debug][gc,phases      ] GC(143)   JVMTI Tag Weak OopStorage      Min:  0.0, Avg:  0.0, Max:  0.0, Diff:  0.0, Sum:  0.0, Workers: 4
[2635.820s][debug][gc,phases      ] GC(143)     Dead                           Min: 0, Avg:  0.0, Max: 0, Diff: 0, Sum: 0, Workers: 4
[2635.820s][debug][gc,phases      ] GC(143)     Total                          Min: 0, Avg:  0.0, Max: 0, Diff: 0, Sum: 0, Workers: 4
[2635.820s][debug][gc,phases      ] GC(143)   StringTable Weak               Min:  0.0, Avg:  0.1, Max:  0.1, Diff:  0.1, Sum:  0.4, Workers: 4
[2635.820s][debug][gc,phases      ] GC(143)     Dead                           Min: 0, Avg:  0.0, Max: 0, Diff: 0, Sum: 0, Workers: 4
[2635.820s][debug][gc,phases      ] GC(143)     Total                          Min: 0, Avg: 11324.8, Max: 15232, Diff: 15232, Sum: 45299, Workers: 4
[2635.820s][debug][gc,phases      ] GC(143)   ResolvedMethodTable Weak       Min:  0.0, Avg:  0.0, Max:  0.0, Diff:  0.0, Sum:  0.1, Workers: 4
[2635.820s][debug][gc,phases      ] GC(143)     Dead                           Min: 0, Avg:  0.0, Max: 0, Diff: 0, Sum: 0, Workers: 4
[2635.820s][debug][gc,phases      ] GC(143)     Total                          Min: 0, Avg: 2920.0, Max: 4001, Diff: 4001, Sum: 11680, Workers: 4
[2635.820s][debug][gc,phases      ] GC(143)   JNI Weak                       Min:  0.0, Avg:  0.0, Max:  0.0, Diff:  0.0, Sum:  0.0, Workers: 4
[2635.820s][debug][gc,phases      ] GC(143)     Dead                           Min: 0, Avg:  0.0, Max: 0, Diff: 0, Sum: 0, Workers: 4
[2635.820s][debug][gc,phases      ] GC(143)     Total                          Min: 0, Avg: 12.0, Max: 48, Diff: 48, Sum: 48, Workers: 4
[2635.820s][debug][gc,phases      ] GC(143)   StringDedup Table Weak         Min:  0.0, Avg:  0.0, Max:  0.0, Diff:  0.0, Sum:  0.0, Workers: 4
[2635.820s][debug][gc,phases      ] GC(143)     Dead                           Min: 0, Avg:  0.0, Max: 0, Diff: 0, Sum: 0, Workers: 4
[2635.820s][debug][gc,phases      ] GC(143)     Total                          Min: 0, Avg:  0.0, Max: 0, Diff: 0, Sum: 0, Workers: 4
[2635.820s][debug][gc,phases      ] GC(143)   StringDedup Requests0 Weak     Min:  0.0, Avg:  0.0, Max:  0.0, Diff:  0.0, Sum:  0.0, Workers: 4
[2635.820s][debug][gc,phases      ] GC(143)     Dead                           Min: 0, Avg:  0.0, Max: 0, Diff: 0, Sum: 0, Workers: 4
[2635.820s][debug][gc,phases      ] GC(143)     Total                          Min: 0, Avg:  0.0, Max: 0, Diff: 0, Sum: 0, Workers: 4
[2635.820s][debug][gc,phases      ] GC(143)   StringDedup Requests1 Weak     Min:  0.0, Avg:  0.0, Max:  0.0, Diff:  0.0, Sum:  0.0, Workers: 4
[2635.820s][debug][gc,phases      ] GC(143)     Dead                           Min: 0, Avg:  0.0, Max: 0, Diff: 0, Sum: 0, Workers: 4
[2635.820s][debug][gc,phases      ] GC(143)     Total                          Min: 0, Avg:  0.0, Max: 0, Diff: 0, Sum: 0, Workers: 4
[2635.820s][debug][gc,phases      ] GC(143)   Weak JFR Old Object Samples    Min:  0.0, Avg:  0.0, Max:  0.0, Diff:  0.0, Sum:  0.0, Workers: 4
[2635.820s][debug][gc,phases      ] GC(143)     Dead                           Min: 0, Avg:  0.0, Max: 0, Diff: 0, Sum: 0, Workers: 4
[2635.820s][debug][gc,phases      ] GC(143)     Total                          Min: 0, Avg:  0.0, Max: 0, Diff: 0, Sum: 0, Workers: 4
[2635.820s][debug][gc,phases      ] GC(143) Weak Processing 0.341ms
[2635.820s][debug][gc,age         ] GC(143) Desired survivor size 22020096 bytes, new threshold 15 (max threshold 15)
[2635.820s][info ][gc,heap        ] GC(143) PSYoungGen: 2060256K(2075136K)->8400K(2074624K) Eden: 2052608K(2052608K)->0K(2052608K) From: 7648K(22528K)->8400K(22016K)
[2635.820s][info ][gc,heap        ] GC(143) ParOldGen: 506468K(579584K)->506540K(579584K)
[2635.820s][info ][gc,metaspace   ] GC(143) Metaspace: 91840K(93056K)->91840K(93056K) NonClass: 78672K(79360K)->78672K(79360K) Class: 13167K(13696K)->13167K(13696K)
[2635.820s][info ][gc             ] GC(143) Pause Young (Allocation Failure) 2506M->502M(2592M) 7.780ms
[2635.820s][info ][gc,cpu         ] GC(143) User=0.03s Sys=0.00s Real=0.01s
[2635.820s][info ][safepoint      ] Safepoint "ParallelGCFailedAllocation", Time since last: 704385784 ns, Reaching safepoint: 4300 ns, Cleanup: 3300 ns, At safepoint: 7846461 ns, Total: 7854061 ns
[2642.802s][info ][safepoint      ] Safepoint "Cleanup", Time since last: 6982001930 ns, Reaching safepoint: 74999 ns, Cleanup: 16700 ns, At safepoint: 6500 ns, Total: 98199 ns
[2646.803s][info ][safepoint      ] Safepoint "Cleanup", Time since last: 4000315091 ns, Reaching safepoint: 74699 ns, Cleanup: 9300 ns, At safepoint: 6400 ns, Total: 90399 ns
[2648.803s][info ][safepoint      ] Safepoint "Cleanup", Time since last: 2000185595 ns, Reaching safepoint: 72400 ns, Cleanup: 13100 ns, At safepoint: 5100 ns, Total: 90600 ns
[2662.867s][info ][gc,start       ] GC(144) Pause Young (Allocation Failure)
[2662.873s][debug][gc,phases      ] GC(144) Scavenge 6.104ms
[2662.873s][debug][gc,ref         ] GC(144) Skipped phase 1 of Reference Processing: no references
[2662.873s][debug][gc,ref         ] GC(144) ReferenceProcessor::execute queues: 1, RefProcThreadModel::Single, marks_oops_alive: false
[2662.873s][debug][gc,ref         ] GC(144) Skipped phase 3 of Reference Processing: no references
[2662.873s][debug][gc,ref         ] GC(144) ReferenceProcessor::execute queues: 1, RefProcThreadModel::Single, marks_oops_alive: false
[2662.873s][debug][gc,phases      ] GC(144) Reference Processing 0.089ms
[2662.873s][debug][gc,phases      ] GC(144)   VM Weak                        Min:  0.0, Avg:  0.0, Max:  0.0, Diff:  0.0, Sum:  0.0, Workers: 4
[2662.873s][debug][gc,phases      ] GC(144)     Dead                           Min: 0, Avg:  0.0, Max: 0, Diff: 0, Sum: 0, Workers: 4
[2662.873s][debug][gc,phases      ] GC(144)     Total                          Min: 0, Avg: 248.8, Max: 932, Diff: 932, Sum: 995, Workers: 4
[2662.873s][debug][gc,phases      ] GC(144)   ObjectSynchronizer Weak        Min:  0.0, Avg:  0.0, Max:  0.0, Diff:  0.0, Sum:  0.0, Workers: 4
[2662.873s][debug][gc,phases      ] GC(144)     Dead                           Min: 0, Avg:  0.0, Max: 0, Diff: 0, Sum: 0, Workers: 4
[2662.873s][debug][gc,phases      ] GC(144)     Total                          Min: 0, Avg:  1.5, Max: 6, Diff: 6, Sum: 6, Workers: 4
[2662.873s][debug][gc,phases      ] GC(144)   JVMTI Tag Weak OopStorage      Min:  0.0, Avg:  0.0, Max:  0.0, Diff:  0.0, Sum:  0.0, Workers: 4
[2662.873s][debug][gc,phases      ] GC(144)     Dead                           Min: 0, Avg:  0.0, Max: 0, Diff: 0, Sum: 0, Workers: 4
[2662.873s][debug][gc,phases      ] GC(144)     Total                          Min: 0, Avg:  0.0, Max: 0, Diff: 0, Sum: 0, Workers: 4
[2662.873s][debug][gc,phases      ] GC(144)   StringTable Weak               Min:  0.0, Avg:  0.1, Max:  0.2, Diff:  0.2, Sum:  0.4, Workers: 4
[2662.873s][debug][gc,phases      ] GC(144)     Dead                           Min: 0, Avg:  0.0, Max: 0, Diff: 0, Sum: 0, Workers: 4
[2662.873s][debug][gc,phases      ] GC(144)     Total                          Min: 0, Avg: 11324.8, Max: 23871, Diff: 23871, Sum: 45299, Workers: 4
[2662.873s][debug][gc,phases      ] GC(144)   ResolvedMethodTable Weak       Min:  0.0, Avg:  0.0, Max:  0.1, Diff:  0.1, Sum:  0.1, Workers: 4
[2662.873s][debug][gc,phases      ] GC(144)     Dead                           Min: 0, Avg:  0.0, Max: 0, Diff: 0, Sum: 0, Workers: 4
[2662.873s][debug][gc,phases      ] GC(144)     Total                          Min: 0, Avg: 2920.0, Max: 6014, Diff: 6014, Sum: 11680, Workers: 4
[2662.873s][debug][gc,phases      ] GC(144)   JNI Weak                       Min:  0.0, Avg:  0.0, Max:  0.0, Diff:  0.0, Sum:  0.0, Workers: 4
[2662.873s][debug][gc,phases      ] GC(144)     Dead                           Min: 0, Avg:  0.0, Max: 0, Diff: 0, Sum: 0, Workers: 4
[2662.873s][debug][gc,phases      ] GC(144)     Total                          Min: 0, Avg: 12.0, Max: 48, Diff: 48, Sum: 48, Workers: 4
[2662.873s][debug][gc,phases      ] GC(144)   StringDedup Table Weak         Min:  0.0, Avg:  0.0, Max:  0.0, Diff:  0.0, Sum:  0.0, Workers: 4
[2662.873s][debug][gc,phases      ] GC(144)     Dead                           Min: 0, Avg:  0.0, Max: 0, Diff: 0, Sum: 0, Workers: 4
[2662.873s][debug][gc,phases      ] GC(144)     Total                          Min: 0, Avg:  0.0, Max: 0, Diff: 0, Sum: 0, Workers: 4
[2662.873s][debug][gc,phases      ] GC(144)   StringDedup Requests0 Weak     Min:  0.0, Avg:  0.0, Max:  0.0, Diff:  0.0, Sum:  0.0, Workers: 4
[2662.873s][debug][gc,phases      ] GC(144)     Dead                           Min: 0, Avg:  0.0, Max: 0, Diff: 0, Sum: 0, Workers: 4
[2662.873s][debug][gc,phases      ] GC(144)     Total                          Min: 0, Avg:  0.0, Max: 0, Diff: 0, Sum: 0, Workers: 4
[2662.873s][debug][gc,phases      ] GC(144)   StringDedup Requests1 Weak     Min:  0.0, Avg:  0.0, Max:  0.0, Diff:  0.0, Sum:  0.0, Workers: 4
[2662.873s][debug][gc,phases      ] GC(144)     Dead                           Min: 0, Avg:  0.0, Max: 0, Diff: 0, Sum: 0, Workers: 4
[2662.873s][debug][gc,phases      ] GC(144)     Total                          Min: 0, Avg:  0.0, Max: 0, Diff: 0, Sum: 0, Workers: 4
[2662.873s][debug][gc,phases      ] GC(144)   Weak JFR Old Object Samples    Min:  0.0, Avg:  0.0, Max:  0.0, Diff:  0.0, Sum:  0.0, Workers: 4
[2662.873s][debug][gc,phases      ] GC(144)     Dead                           Min: 0, Avg:  0.0, Max: 0, Diff: 0, Sum: 0, Workers: 4
[2662.873s][debug][gc,phases      ] GC(144)     Total                          Min: 0, Avg:  0.0, Max: 0, Diff: 0, Sum: 0, Workers: 4
[2662.873s][debug][gc,phases      ] GC(144) Weak Processing 0.421ms
[2662.873s][debug][gc,age         ] GC(144) Desired survivor size 20971520 bytes, new threshold 15 (max threshold 15)
[2662.873s][info ][gc,heap        ] GC(144) PSYoungGen: 2061008K(2074624K)->8928K(2076672K) Eden: 2052608K(2052608K)->0K(2055168K) From: 8400K(22016K)->8928K(21504K)
[2662.873s][info ][gc,heap        ] GC(144) ParOldGen: 506540K(579584K)->506604K(579584K)
[2662.873s][info ][gc,metaspace   ] GC(144) Metaspace: 91841K(93056K)->91841K(93056K) NonClass: 78674K(79360K)->78674K(79360K) Class: 13167K(13696K)->13167K(13696K)
[2662.873s][info ][gc             ] GC(144) Pause Young (Allocation Failure) 2507M->503M(2594M) 6.723ms
[2662.873s][info ][gc,cpu         ] GC(144) User=0.02s Sys=0.00s Real=0.00s
[2662.873s][info ][safepoint      ] Safepoint "ParallelGCFailedAllocation", Time since last: 14063461237 ns, Reaching safepoint: 4200 ns, Cleanup: 3500 ns, At safepoint: 6791866 ns, Total: 6799566 ns
[2668.874s][info ][safepoint      ] Safepoint "Cleanup", Time since last: 6000404393 ns, Reaching safepoint: 4300 ns, Cleanup: 7600 ns, At safepoint: 1900 ns, Total: 13800 ns
[2670.874s][info ][safepoint      ] Safepoint "Cleanup", Time since last: 2000170458 ns, Reaching safepoint: 5300 ns, Cleanup: 22400 ns, At safepoint: 2200 ns, Total: 29900 ns
[2683.875s][info ][safepoint      ] Safepoint "Cleanup", Time since last: 13000917737 ns, Reaching safepoint: 4000 ns, Cleanup: 8100 ns, At safepoint: 1800 ns, Total: 13900 ns
[2684.875s][info ][safepoint      ] Safepoint "Cleanup", Time since last: 1000099424 ns, Reaching safepoint: 4900 ns, Cleanup: 8200 ns, At safepoint: 1900 ns, Total: 15000 ns
[2686.875s][info ][safepoint      ] Safepoint "Cleanup", Time since last: 2000180747 ns, Reaching safepoint: 3900 ns, Cleanup: 8000 ns, At safepoint: 2100 ns, Total: 14000 ns
[2689.949s][info ][gc,start       ] GC(145) Pause Young (Allocation Failure)
[2689.955s][debug][gc,phases      ] GC(145) Scavenge 6.102ms
[2689.955s][debug][gc,ref         ] GC(145) Skipped phase 1 of Reference Processing: no references
[2689.955s][debug][gc,ref         ] GC(145) ReferenceProcessor::execute queues: 1, RefProcThreadModel::Single, marks_oops_alive: false
[2689.955s][debug][gc,ref         ] GC(145) Skipped phase 3 of Reference Processing: no references
[2689.955s][debug][gc,ref         ] GC(145) ReferenceProcessor::execute queues: 1, RefProcThreadModel::Single, marks_oops_alive: false
[2689.955s][debug][gc,phases      ] GC(145) Reference Processing 0.100ms
[2689.956s][debug][gc,phases      ] GC(145)   VM Weak                        Min:  0.0, Avg:  0.0, Max:  0.0, Diff:  0.0, Sum:  0.0, Workers: 4
[2689.956s][debug][gc,phases      ] GC(145)     Dead                           Min: 0, Avg:  0.0, Max: 0, Diff: 0, Sum: 0, Workers: 4
[2689.956s][debug][gc,phases      ] GC(145)     Total                          Min: 0, Avg: 248.8, Max: 576, Diff: 576, Sum: 995, Workers: 4
[2689.956s][debug][gc,phases      ] GC(145)   ObjectSynchronizer Weak        Min:  0.0, Avg:  0.0, Max:  0.0, Diff:  0.0, Sum:  0.0, Workers: 4
[2689.956s][debug][gc,phases      ] GC(145)     Dead                           Min: 0, Avg:  0.0, Max: 0, Diff: 0, Sum: 0, Workers: 4
[2689.956s][debug][gc,phases      ] GC(145)     Total                          Min: 0, Avg:  1.5, Max: 6, Diff: 6, Sum: 6, Workers: 4
[2689.956s][debug][gc,phases      ] GC(145)   JVMTI Tag Weak OopStorage      Min:  0.0, Avg:  0.0, Max:  0.0, Diff:  0.0, Sum:  0.0, Workers: 4
[2689.956s][debug][gc,phases      ] GC(145)     Dead                           Min: 0, Avg:  0.0, Max: 0, Diff: 0, Sum: 0, Workers: 4
[2689.956s][debug][gc,phases      ] GC(145)     Total                          Min: 0, Avg:  0.0, Max: 0, Diff: 0, Sum: 0, Workers: 4
[2689.956s][debug][gc,phases      ] GC(145)   StringTable Weak               Min:  0.0, Avg:  0.1, Max:  0.1, Diff:  0.1, Sum:  0.4, Workers: 4
[2689.956s][debug][gc,phases      ] GC(145)     Dead                           Min: 0, Avg:  0.0, Max: 0, Diff: 0, Sum: 0, Workers: 4
[2689.956s][debug][gc,phases      ] GC(145)     Total                          Min: 0, Avg: 11326.5, Max: 18303, Diff: 18303, Sum: 45306, Workers: 4
[2689.956s][debug][gc,phases      ] GC(145)   ResolvedMethodTable Weak       Min:  0.0, Avg:  0.0, Max:  0.0, Diff:  0.0, Sum:  0.1, Workers: 4
[2689.956s][debug][gc,phases      ] GC(145)     Dead                           Min: 0, Avg:  0.0, Max: 0, Diff: 0, Sum: 0, Workers: 4
[2689.956s][debug][gc,phases      ] GC(145)     Total                          Min: 0, Avg: 2920.0, Max: 5153, Diff: 5153, Sum: 11680, Workers: 4
[2689.956s][debug][gc,phases      ] GC(145)   JNI Weak                       Min:  0.0, Avg:  0.0, Max:  0.0, Diff:  0.0, Sum:  0.0, Workers: 4
[2689.956s][debug][gc,phases      ] GC(145)     Dead                           Min: 0, Avg:  0.0, Max: 0, Diff: 0, Sum: 0, Workers: 4
[2689.956s][debug][gc,phases      ] GC(145)     Total                          Min: 0, Avg: 12.0, Max: 48, Diff: 48, Sum: 48, Workers: 4
[2689.956s][debug][gc,phases      ] GC(145)   StringDedup Table Weak         Min:  0.0, Avg:  0.0, Max:  0.0, Diff:  0.0, Sum:  0.0, Workers: 4
[2689.956s][debug][gc,phases      ] GC(145)     Dead                           Min: 0, Avg:  0.0, Max: 0, Diff: 0, Sum: 0, Workers: 4
[2689.956s][debug][gc,phases      ] GC(145)     Total                          Min: 0, Avg:  0.0, Max: 0, Diff: 0, Sum: 0, Workers: 4
[2689.956s][debug][gc,phases      ] GC(145)   StringDedup Requests0 Weak     Min:  0.0, Avg:  0.0, Max:  0.0, Diff:  0.0, Sum:  0.0, Workers: 4
[2689.956s][debug][gc,phases      ] GC(145)     Dead                           Min: 0, Avg:  0.0, Max: 0, Diff: 0, Sum: 0, Workers: 4
[2689.956s][debug][gc,phases      ] GC(145)     Total                          Min: 0, Avg:  0.0, Max: 0, Diff: 0, Sum: 0, Workers: 4
[2689.956s][debug][gc,phases      ] GC(145)   StringDedup Requests1 Weak     Min:  0.0, Avg:  0.0, Max:  0.0, Diff:  0.0, Sum:  0.0, Workers: 4
[2689.956s][debug][gc,phases      ] GC(145)     Dead                           Min: 0, Avg:  0.0, Max: 0, Diff: 0, Sum: 0, Workers: 4
[2689.956s][debug][gc,phases      ] GC(145)     Total                          Min: 0, Avg:  0.0, Max: 0, Diff: 0, Sum: 0, Workers: 4
[2689.956s][debug][gc,phases      ] GC(145)   Weak JFR Old Object Samples    Min:  0.0, Avg:  0.0, Max:  0.0, Diff:  0.0, Sum:  0.0, Workers: 4
[2689.956s][debug][gc,phases      ] GC(145)     Dead                           Min: 0, Avg:  0.0, Max: 0, Diff: 0, Sum: 0, Workers: 4
[2689.956s][debug][gc,phases      ] GC(145)     Total                          Min: 0, Avg:  0.0, Max: 0, Diff: 0, Sum: 0, Workers: 4
[2689.956s][debug][gc,phases      ] GC(145) Weak Processing 0.334ms
[2689.956s][debug][gc,age         ] GC(145) Desired survivor size 20447232 bytes, new threshold 15 (max threshold 15)
[2689.956s][info ][gc,heap        ] GC(145) PSYoungGen: 2064096K(2076672K)->8608K(2075648K) Eden: 2055168K(2055168K)->0K(2055168K) From: 8928K(21504K)->8608K(20480K)
[2689.956s][info ][gc,heap        ] GC(145) ParOldGen: 506604K(579584K)->506672K(579584K)
[2689.956s][info ][gc,metaspace   ] GC(145) Metaspace: 91844K(93056K)->91844K(93056K) NonClass: 78677K(79360K)->78677K(79360K) Class: 13167K(13696K)->13167K(13696K)
[2689.956s][info ][gc             ] GC(145) Pause Young (Allocation Failure) 2510M->503M(2593M) 6.643ms
[2689.956s][info ][gc,cpu         ] GC(145) User=0.02s Sys=0.00s Real=0.01s
[2689.956s][info ][safepoint      ] Safepoint "ParallelGCFailedAllocation", Time since last: 3073831315 ns, Reaching safepoint: 73400 ns, Cleanup: 3300 ns, At safepoint: 6708666 ns, Total: 6785366 ns
[2692.956s][info ][safepoint      ] Safepoint "Cleanup", Time since last: 3000207012 ns, Reaching safepoint: 71799 ns, Cleanup: 7100 ns, At safepoint: 5100 ns, Total: 83999 ns
[2697.957s][info ][safepoint      ] Safepoint "Cleanup", Time since last: 5000384173 ns, Reaching safepoint: 72399 ns, Cleanup: 12100 ns, At safepoint: 5200 ns, Total: 89699 ns
[2698.957s][info ][safepoint      ] Safepoint "Cleanup", Time since last: 1000098019 ns, Reaching safepoint: 72900 ns, Cleanup: 11500 ns, At safepoint: 5600 ns, Total: 90000 ns
[2701.818s][info ][safepoint      ] Safepoint "Cleanup", Time since last: 2860750452 ns, Reaching safepoint: 4000 ns, Cleanup: 7800 ns, At safepoint: 1700 ns, Total: 13500 ns
[2703.818s][info ][safepoint      ] Safepoint "Cleanup", Time since last: 2000163139 ns, Reaching safepoint: 4600 ns, Cleanup: 9600 ns, At safepoint: 1900 ns, Total: 16100 ns
[2716.149s][info ][gc,start       ] GC(146) Pause Young (Allocation Failure)
[2716.156s][debug][gc,phases      ] GC(146) Scavenge 7.119ms
[2716.156s][debug][gc,ref         ] GC(146) Skipped phase 1 of Reference Processing: no references
[2716.156s][debug][gc,ref         ] GC(146) ReferenceProcessor::execute queues: 1, RefProcThreadModel::Single, marks_oops_alive: false
[2716.156s][debug][gc,ref         ] GC(146) Skipped phase 3 of Reference Processing: no references
[2716.156s][debug][gc,ref         ] GC(146) ReferenceProcessor::execute queues: 1, RefProcThreadModel::Single, marks_oops_alive: false
[2716.156s][debug][gc,phases      ] GC(146) Reference Processing 0.091ms
[2716.157s][debug][gc,phases      ] GC(146)   VM Weak                        Min:  0.0, Avg:  0.0, Max:  0.0, Diff:  0.0, Sum:  0.0, Workers: 4
[2716.157s][debug][gc,phases      ] GC(146)     Dead                           Min: 0, Avg:  0.0, Max: 0, Diff: 0, Sum: 0, Workers: 4
[2716.157s][debug][gc,phases      ] GC(146)     Total                          Min: 0, Avg: 248.8, Max: 896, Diff: 896, Sum: 995, Workers: 4
[2716.157s][debug][gc,phases      ] GC(146)   ObjectSynchronizer Weak        Min:  0.0, Avg:  0.0, Max:  0.0, Diff:  0.0, Sum:  0.0, Workers: 4
[2716.157s][debug][gc,phases      ] GC(146)     Dead                           Min: 0, Avg:  0.0, Max: 0, Diff: 0, Sum: 0, Workers: 4
[2716.157s][debug][gc,phases      ] GC(146)     Total                          Min: 0, Avg:  1.5, Max: 6, Diff: 6, Sum: 6, Workers: 4
[2716.157s][debug][gc,phases      ] GC(146)   JVMTI Tag Weak OopStorage      Min:  0.0, Avg:  0.0, Max:  0.0, Diff:  0.0, Sum:  0.0, Workers: 4
[2716.157s][debug][gc,phases      ] GC(146)     Dead                           Min: 0, Avg:  0.0, Max: 0, Diff: 0, Sum: 0, Workers: 4
[2716.157s][debug][gc,phases      ] GC(146)     Total                          Min: 0, Avg:  0.0, Max: 0, Diff: 0, Sum: 0, Workers: 4
[2716.157s][debug][gc,phases      ] GC(146)   StringTable Weak               Min:  0.0, Avg:  0.1, Max:  0.1, Diff:  0.1, Sum:  0.4, Workers: 4
[2716.157s][debug][gc,phases      ] GC(146)     Dead                           Min: 0, Avg:  0.0, Max: 0, Diff: 0, Sum: 0, Workers: 4
[2716.157s][debug][gc,phases      ] GC(146)     Total                          Min: 0, Avg: 11326.5, Max: 18496, Diff: 18496, Sum: 45306, Workers: 4
[2716.157s][debug][gc,phases      ] GC(146)   ResolvedMethodTable Weak       Min:  0.0, Avg:  0.0, Max:  0.0, Diff:  0.0, Sum:  0.1, Workers: 4
[2716.157s][debug][gc,phases      ] GC(146)     Dead                           Min: 0, Avg:  0.0, Max: 0, Diff: 0, Sum: 0, Workers: 4
[2716.157s][debug][gc,phases      ] GC(146)     Total                          Min: 0, Avg: 2920.0, Max: 4608, Diff: 4608, Sum: 11680, Workers: 4
[2716.157s][debug][gc,phases      ] GC(146)   JNI Weak                       Min:  0.0, Avg:  0.0, Max:  0.0, Diff:  0.0, Sum:  0.0, Workers: 4
[2716.157s][debug][gc,phases      ] GC(146)     Dead                           Min: 0, Avg:  0.0, Max: 0, Diff: 0, Sum: 0, Workers: 4
[2716.157s][debug][gc,phases      ] GC(146)     Total                          Min: 0, Avg: 12.0, Max: 48, Diff: 48, Sum: 48, Workers: 4
[2716.157s][debug][gc,phases      ] GC(146)   StringDedup Table Weak         Min:  0.0, Avg:  0.0, Max:  0.0, Diff:  0.0, Sum:  0.0, Workers: 4
[2716.157s][debug][gc,phases      ] GC(146)     Dead                           Min: 0, Avg:  0.0, Max: 0, Diff: 0, Sum: 0, Workers: 4
[2716.157s][debug][gc,phases      ] GC(146)     Total                          Min: 0, Avg:  0.0, Max: 0, Diff: 0, Sum: 0, Workers: 4
[2716.157s][debug][gc,phases      ] GC(146)   StringDedup Requests0 Weak     Min:  0.0, Avg:  0.0, Max:  0.0, Diff:  0.0, Sum:  0.0, Workers: 4
[2716.157s][debug][gc,phases      ] GC(146)     Dead                           Min: 0, Avg:  0.0, Max: 0, Diff: 0, Sum: 0, Workers: 4
[2716.157s][debug][gc,phases      ] GC(146)     Total                          Min: 0, Avg:  0.0, Max: 0, Diff: 0, Sum: 0, Workers: 4
[2716.157s][debug][gc,phases      ] GC(146)   StringDedup Requests1 Weak     Min:  0.0, Avg:  0.0, Max:  0.0, Diff:  0.0, Sum:  0.0, Workers: 4
[2716.157s][debug][gc,phases      ] GC(146)     Dead                           Min: 0, Avg:  0.0, Max: 0, Diff: 0, Sum: 0, Workers: 4
[2716.157s][debug][gc,phases      ] GC(146)     Total                          Min: 0, Avg:  0.0, Max: 0, Diff: 0, Sum: 0, Workers: 4
[2716.157s][debug][gc,phases      ] GC(146)   Weak JFR Old Object Samples    Min:  0.0, Avg:  0.0, Max:  0.0, Diff:  0.0, Sum:  0.0, Workers: 4
[2716.157s][debug][gc,phases      ] GC(146)     Dead                           Min: 0, Avg:  0.0, Max: 0, Diff: 0, Sum: 0, Workers: 4
[2716.157s][debug][gc,phases      ] GC(146)     Total                          Min: 0, Avg:  0.0, Max: 0, Diff: 0, Sum: 0, Workers: 4
[2716.157s][debug][gc,phases      ] GC(146) Weak Processing 0.344ms
[2716.157s][debug][gc,age         ] GC(146) Desired survivor size 19398656 bytes, new threshold 15 (max threshold 15)
[2716.157s][info ][gc,heap        ] GC(146) PSYoungGen: 2063776K(2075648K)->10640K(2078208K) Eden: 2055168K(2055168K)->0K(2058240K) From: 8608K(20480K)->10640K(19968K)
[2716.157s][info ][gc,heap        ] GC(146) ParOldGen: 506672K(579584K)->506704K(579584K)
[2716.157s][info ][gc,metaspace   ] GC(146) Metaspace: 91855K(93056K)->91855K(93056K) NonClass: 78687K(79360K)->78687K(79360K) Class: 13167K(13696K)->13167K(13696K)
[2716.157s][info ][gc             ] GC(146) Pause Young (Allocation Failure) 2510M->505M(2595M) 7.673ms
[2716.157s][info ][gc,cpu         ] GC(146) User=0.02s Sys=0.00s Real=0.01s
[2716.157s][info ][safepoint      ] Safepoint "ParallelGCFailedAllocation", Time since last: 12331153744 ns, Reaching safepoint: 76399 ns, Cleanup: 4000 ns, At safepoint: 7743262 ns, Total: 7823661 ns
[2717.157s][info ][safepoint      ] Safepoint "Cleanup", Time since last: 1000086404 ns, Reaching safepoint: 73800 ns, Cleanup: 12800 ns, At safepoint: 5200 ns, Total: 91800 ns
[2720.157s][info ][safepoint      ] Safepoint "Cleanup", Time since last: 3000198814 ns, Reaching safepoint: 77399 ns, Cleanup: 8000 ns, At safepoint: 6000 ns, Total: 91399 ns
[2723.158s][info ][safepoint      ] Safepoint "Cleanup", Time since last: 3000243343 ns, Reaching safepoint: 72799 ns, Cleanup: 7000 ns, At safepoint: 7200 ns, Total: 86999 ns
[2724.158s][info ][safepoint      ] Safepoint "Cleanup", Time since last: 1000114920 ns, Reaching safepoint: 74500 ns, Cleanup: 10200 ns, At safepoint: 5699 ns, Total: 90399 ns
[2730.158s][info ][safepoint      ] Safepoint "Cleanup", Time since last: 6000438799 ns, Reaching safepoint: 77300 ns, Cleanup: 9599 ns, At safepoint: 6700 ns, Total: 93599 ns
[2737.159s][info ][safepoint      ] Safepoint "Cleanup", Time since last: 7000487684 ns, Reaching safepoint: 75199 ns, Cleanup: 9100 ns, At safepoint: 6500 ns, Total: 90799 ns
[2743.599s][info ][gc,start       ] GC(147) Pause Young (Allocation Failure)
[2743.607s][debug][gc,phases      ] GC(147) Scavenge 7.894ms
[2743.607s][debug][gc,ref         ] GC(147) Skipped phase 1 of Reference Processing: no references
[2743.607s][debug][gc,ref         ] GC(147) ReferenceProcessor::execute queues: 1, RefProcThreadModel::Single, marks_oops_alive: false
[2743.607s][debug][gc,ref         ] GC(147) Skipped phase 3 of Reference Processing: no references
[2743.607s][debug][gc,ref         ] GC(147) ReferenceProcessor::execute queues: 1, RefProcThreadModel::Single, marks_oops_alive: false
[2743.607s][debug][gc,phases      ] GC(147) Reference Processing 0.092ms
[2743.608s][debug][gc,phases      ] GC(147)   VM Weak                        Min:  0.0, Avg:  0.0, Max:  0.0, Diff:  0.0, Sum:  0.0, Workers: 4
[2743.608s][debug][gc,phases      ] GC(147)     Dead                           Min: 0, Avg:  0.0, Max: 0, Diff: 0, Sum: 0, Workers: 4
[2743.608s][debug][gc,phases      ] GC(147)     Total                          Min: 0, Avg: 248.8, Max: 484, Diff: 484, Sum: 995, Workers: 4
[2743.608s][debug][gc,phases      ] GC(147)   ObjectSynchronizer Weak        Min:  0.0, Avg:  0.0, Max:  0.0, Diff:  0.0, Sum:  0.0, Workers: 4
[2743.608s][debug][gc,phases      ] GC(147)     Dead                           Min: 0, Avg:  0.0, Max: 0, Diff: 0, Sum: 0, Workers: 4
[2743.608s][debug][gc,phases      ] GC(147)     Total                          Min: 0, Avg:  1.5, Max: 6, Diff: 6, Sum: 6, Workers: 4
[2743.608s][debug][gc,phases      ] GC(147)   JVMTI Tag Weak OopStorage      Min:  0.0, Avg:  0.0, Max:  0.0, Diff:  0.0, Sum:  0.0, Workers: 4
[2743.608s][debug][gc,phases      ] GC(147)     Dead                           Min: 0, Avg:  0.0, Max: 0, Diff: 0, Sum: 0, Workers: 4
[2743.608s][debug][gc,phases      ] GC(147)     Total                          Min: 0, Avg:  0.0, Max: 0, Diff: 0, Sum: 0, Workers: 4
[2743.608s][debug][gc,phases      ] GC(147)   StringTable Weak               Min:  0.0, Avg:  0.1, Max:  0.1, Diff:  0.1, Sum:  0.4, Workers: 4
[2743.608s][debug][gc,phases      ] GC(147)     Dead                           Min: 0, Avg:  0.0, Max: 0, Diff: 0, Sum: 0, Workers: 4
[2743.608s][debug][gc,phases      ] GC(147)     Total                          Min: 0, Avg: 11326.5, Max: 20602, Diff: 20602, Sum: 45306, Workers: 4
[2743.608s][debug][gc,phases      ] GC(147)   ResolvedMethodTable Weak       Min:  0.0, Avg:  0.0, Max:  0.0, Diff:  0.0, Sum:  0.1, Workers: 4
[2743.608s][debug][gc,phases      ] GC(147)     Dead                           Min: 0, Avg:  0.0, Max: 0, Diff: 0, Sum: 0, Workers: 4
[2743.608s][debug][gc,phases      ] GC(147)     Total                          Min: 0, Avg: 2920.0, Max: 4992, Diff: 4992, Sum: 11680, Workers: 4
[2743.608s][debug][gc,phases      ] GC(147)   JNI Weak                       Min:  0.0, Avg:  0.0, Max:  0.0, Diff:  0.0, Sum:  0.0, Workers: 4
[2743.608s][debug][gc,phases      ] GC(147)     Dead                           Min: 0, Avg:  0.0, Max: 0, Diff: 0, Sum: 0, Workers: 4
[2743.608s][debug][gc,phases      ] GC(147)     Total                          Min: 0, Avg: 12.0, Max: 48, Diff: 48, Sum: 48, Workers: 4
[2743.608s][debug][gc,phases      ] GC(147)   StringDedup Table Weak         Min:  0.0, Avg:  0.0, Max:  0.0, Diff:  0.0, Sum:  0.0, Workers: 4
[2743.608s][debug][gc,phases      ] GC(147)     Dead                           Min: 0, Avg:  0.0, Max: 0, Diff: 0, Sum: 0, Workers: 4
[2743.608s][debug][gc,phases      ] GC(147)     Total                          Min: 0, Avg:  0.0, Max: 0, Diff: 0, Sum: 0, Workers: 4
[2743.608s][debug][gc,phases      ] GC(147)   StringDedup Requests0 Weak     Min:  0.0, Avg:  0.0, Max:  0.0, Diff:  0.0, Sum:  0.0, Workers: 4
[2743.608s][debug][gc,phases      ] GC(147)     Dead                           Min: 0, Avg:  0.0, Max: 0, Diff: 0, Sum: 0, Workers: 4
[2743.608s][debug][gc,phases      ] GC(147)     Total                          Min: 0, Avg:  0.0, Max: 0, Diff: 0, Sum: 0, Workers: 4
[2743.608s][debug][gc,phases      ] GC(147)   StringDedup Requests1 Weak     Min:  0.0, Avg:  0.0, Max:  0.0, Diff:  0.0, Sum:  0.0, Workers: 4
[2743.608s][debug][gc,phases      ] GC(147)     Dead                           Min: 0, Avg:  0.0, Max: 0, Diff: 0, Sum: 0, Workers: 4
[2743.608s][debug][gc,phases      ] GC(147)     Total                          Min: 0, Avg:  0.0, Max: 0, Diff: 0, Sum: 0, Workers: 4
[2743.608s][debug][gc,phases      ] GC(147)   Weak JFR Old Object Samples    Min:  0.0, Avg:  0.0, Max:  0.0, Diff:  0.0, Sum:  0.0, Workers: 4
[2743.608s][debug][gc,phases      ] GC(147)     Dead                           Min: 0, Avg:  0.0, Max: 0, Diff: 0, Sum: 0, Workers: 4
[2743.608s][debug][gc,phases      ] GC(147)     Total                          Min: 0, Avg:  0.0, Max: 0, Diff: 0, Sum: 0, Workers: 4
[2743.608s][debug][gc,phases      ] GC(147) Weak Processing 0.326ms
[2743.608s][debug][gc,age         ] GC(147) Desired survivor size 18874368 bytes, new threshold 15 (max threshold 15)
[2743.608s][info ][gc,heap        ] GC(147) PSYoungGen: 2068880K(2078208K)->10720K(2077184K) Eden: 2058240K(2058240K)->0K(2058240K) From: 10640K(19968K)->10720K(18944K)
[2743.608s][info ][gc,heap        ] GC(147) ParOldGen: 506704K(579584K)->507000K(579584K)
[2743.608s][info ][gc,metaspace   ] GC(147) Metaspace: 91861K(93056K)->91861K(93056K) NonClass: 78693K(79360K)->78693K(79360K) Class: 13167K(13696K)->13167K(13696K)
[2743.608s][info ][gc             ] GC(147) Pause Young (Allocation Failure) 2515M->505M(2594M) 8.427ms
[2743.608s][info ][gc,cpu         ] GC(147) User=0.02s Sys=0.00s Real=0.01s
[2743.608s][info ][safepoint      ] Safepoint "ParallelGCFailedAllocation", Time since last: 6440307286 ns, Reaching safepoint: 75199 ns, Cleanup: 4100 ns, At safepoint: 8496258 ns, Total: 8575557 ns
[2752.608s][info ][safepoint      ] Safepoint "Cleanup", Time since last: 9000623473 ns, Reaching safepoint: 73299 ns, Cleanup: 10700 ns, At safepoint: 4600 ns, Total: 88599 ns
[2753.609s][info ][safepoint      ] Safepoint "Cleanup", Time since last: 1000107097 ns, Reaching safepoint: 72700 ns, Cleanup: 8200 ns, At safepoint: 5100 ns, Total: 86000 ns
[2767.700s][info ][gc,start       ] GC(148) Pause Young (Allocation Failure)
[2767.708s][debug][gc,phases      ] GC(148) Scavenge 8.479ms
[2767.708s][debug][gc,ref         ] GC(148) Skipped phase 1 of Reference Processing: no references
[2767.708s][debug][gc,ref         ] GC(148) ReferenceProcessor::execute queues: 1, RefProcThreadModel::Single, marks_oops_alive: false
[2767.708s][debug][gc,ref         ] GC(148) Skipped phase 3 of Reference Processing: no references
[2767.708s][debug][gc,ref         ] GC(148) ReferenceProcessor::execute queues: 1, RefProcThreadModel::Single, marks_oops_alive: false
[2767.708s][debug][gc,phases      ] GC(148) Reference Processing 0.104ms
[2767.708s][debug][gc,phases      ] GC(148)   VM Weak                        Min:  0.0, Avg:  0.0, Max:  0.0, Diff:  0.0, Sum:  0.0, Workers: 4
[2767.708s][debug][gc,phases      ] GC(148)     Dead                           Min: 0, Avg:  0.0, Max: 0, Diff: 0, Sum: 0, Workers: 4
[2767.708s][debug][gc,phases      ] GC(148)     Total                          Min: 0, Avg: 248.8, Max: 447, Diff: 447, Sum: 995, Workers: 4
[2767.708s][debug][gc,phases      ] GC(148)   ObjectSynchronizer Weak        Min:  0.0, Avg:  0.0, Max:  0.0, Diff:  0.0, Sum:  0.0, Workers: 4
[2767.708s][debug][gc,phases      ] GC(148)     Dead                           Min: 0, Avg:  0.0, Max: 0, Diff: 0, Sum: 0, Workers: 4
[2767.708s][debug][gc,phases      ] GC(148)     Total                          Min: 0, Avg:  1.5, Max: 6, Diff: 6, Sum: 6, Workers: 4
[2767.708s][debug][gc,phases      ] GC(148)   JVMTI Tag Weak OopStorage      Min:  0.0, Avg:  0.0, Max:  0.0, Diff:  0.0, Sum:  0.0, Workers: 4
[2767.708s][debug][gc,phases      ] GC(148)     Dead                           Min: 0, Avg:  0.0, Max: 0, Diff: 0, Sum: 0, Workers: 4
[2767.708s][debug][gc,phases      ] GC(148)     Total                          Min: 0, Avg:  0.0, Max: 0, Diff: 0, Sum: 0, Workers: 4
[2767.708s][debug][gc,phases      ] GC(148)   StringTable Weak               Min:  0.0, Avg:  0.1, Max:  0.1, Diff:  0.1, Sum:  0.4, Workers: 4
[2767.708s][debug][gc,phases      ] GC(148)     Dead                           Min: 0, Avg:  0.0, Max: 0, Diff: 0, Sum: 0, Workers: 4
[2767.708s][debug][gc,phases      ] GC(148)     Total                          Min: 0, Avg: 11326.5, Max: 19904, Diff: 19904, Sum: 45306, Workers: 4
[2767.708s][debug][gc,phases      ] GC(148)   ResolvedMethodTable Weak       Min:  0.0, Avg:  0.0, Max:  0.0, Diff:  0.0, Sum:  0.1, Workers: 4
[2767.708s][debug][gc,phases      ] GC(148)     Dead                           Min: 0, Avg:  0.0, Max: 0, Diff: 0, Sum: 0, Workers: 4
[2767.708s][debug][gc,phases      ] GC(148)     Total                          Min: 0, Avg: 2920.0, Max: 5090, Diff: 5090, Sum: 11680, Workers: 4
[2767.708s][debug][gc,phases      ] GC(148)   JNI Weak                       Min:  0.0, Avg:  0.0, Max:  0.0, Diff:  0.0, Sum:  0.0, Workers: 4
[2767.708s][debug][gc,phases      ] GC(148)     Dead                           Min: 0, Avg:  0.0, Max: 0, Diff: 0, Sum: 0, Workers: 4
[2767.708s][debug][gc,phases      ] GC(148)     Total                          Min: 0, Avg: 12.0, Max: 48, Diff: 48, Sum: 48, Workers: 4
[2767.708s][debug][gc,phases      ] GC(148)   StringDedup Table Weak         Min:  0.0, Avg:  0.0, Max:  0.0, Diff:  0.0, Sum:  0.0, Workers: 4
[2767.708s][debug][gc,phases      ] GC(148)     Dead                           Min: 0, Avg:  0.0, Max: 0, Diff: 0, Sum: 0, Workers: 4
[2767.708s][debug][gc,phases      ] GC(148)     Total                          Min: 0, Avg:  0.0, Max: 0, Diff: 0, Sum: 0, Workers: 4
[2767.708s][debug][gc,phases      ] GC(148)   StringDedup Requests0 Weak     Min:  0.0, Avg:  0.0, Max:  0.0, Diff:  0.0, Sum:  0.0, Workers: 4
[2767.708s][debug][gc,phases      ] GC(148)     Dead                           Min: 0, Avg:  0.0, Max: 0, Diff: 0, Sum: 0, Workers: 4
[2767.708s][debug][gc,phases      ] GC(148)     Total                          Min: 0, Avg:  0.0, Max: 0, Diff: 0, Sum: 0, Workers: 4
[2767.708s][debug][gc,phases      ] GC(148)   StringDedup Requests1 Weak     Min:  0.0, Avg:  0.0, Max:  0.0, Diff:  0.0, Sum:  0.0, Workers: 4
[2767.708s][debug][gc,phases      ] GC(148)     Dead                           Min: 0, Avg:  0.0, Max: 0, Diff: 0, Sum: 0, Workers: 4
[2767.709s][debug][gc,phases      ] GC(148)     Total                          Min: 0, Avg:  0.0, Max: 0, Diff: 0, Sum: 0, Workers: 4
[2767.709s][debug][gc,phases      ] GC(148)   Weak JFR Old Object Samples    Min:  0.0, Avg:  0.0, Max:  0.0, Diff:  0.0, Sum:  0.0, Workers: 4
[2767.709s][debug][gc,phases      ] GC(148)     Dead                           Min: 0, Avg:  0.0, Max: 0, Diff: 0, Sum: 0, Workers: 4
[2767.709s][debug][gc,phases      ] GC(148)     Total                          Min: 0, Avg:  0.0, Max: 0, Diff: 0, Sum: 0, Workers: 4
[2767.709s][debug][gc,phases      ] GC(148) Weak Processing 0.321ms
[2767.709s][debug][gc,age         ] GC(148) Desired survivor size 19398656 bytes, new threshold 15 (max threshold 15)
[2767.709s][info ][gc,heap        ] GC(148) PSYoungGen: 2068960K(2077184K)->13088K(2077696K) Eden: 2058240K(2058240K)->0K(2059264K) From: 10720K(18944K)->13088K(18432K)
[2767.709s][info ][gc,heap        ] GC(148) ParOldGen: 507000K(579584K)->507032K(579584K)
[2767.709s][info ][gc,metaspace   ] GC(148) Metaspace: 91867K(93056K)->91867K(93056K) NonClass: 78699K(79360K)->78699K(79360K) Class: 13167K(13696K)->13167K(13696K)
[2767.709s][info ][gc             ] GC(148) Pause Young (Allocation Failure) 2515M->507M(2595M) 9.015ms
[2767.709s][info ][gc,cpu         ] GC(148) User=0.03s Sys=0.00s Real=0.01s
[2767.709s][info ][safepoint      ] Safepoint "ParallelGCFailedAllocation", Time since last: 14090788737 ns, Reaching safepoint: 78000 ns, Cleanup: 4100 ns, At safepoint: 9091454 ns, Total: 9173554 ns
[2780.710s][info ][safepoint      ] Safepoint "Cleanup", Time since last: 13000905346 ns, Reaching safepoint: 78300 ns, Cleanup: 11300 ns, At safepoint: 6100 ns, Total: 95700 ns
[2786.710s][info ][safepoint      ] Safepoint "Cleanup", Time since last: 6000463406 ns, Reaching safepoint: 72800 ns, Cleanup: 18299 ns, At safepoint: 5100 ns, Total: 96199 ns
[2787.710s][info ][safepoint      ] Safepoint "Cleanup", Time since last: 1000096606 ns, Reaching safepoint: 3900 ns, Cleanup: 15600 ns, At safepoint: 2000 ns, Total: 21500 ns
[2788.710s][info ][safepoint      ] Safepoint "Cleanup", Time since last: 1000105405 ns, Reaching safepoint: 5700 ns, Cleanup: 12400 ns, At safepoint: 2400 ns, Total: 20500 ns
[2792.711s][info ][safepoint      ] Safepoint "Cleanup", Time since last: 4000305223 ns, Reaching safepoint: 79699 ns, Cleanup: 8600 ns, At safepoint: 5600 ns, Total: 93899 ns
[2793.711s][info ][safepoint      ] Safepoint "Cleanup", Time since last: 1000130305 ns, Reaching safepoint: 79999 ns, Cleanup: 11400 ns, At safepoint: 6000 ns, Total: 97399 ns
[2793.749s][info ][gc,start       ] GC(149) Pause Young (Allocation Failure)
[2793.757s][debug][gc,phases      ] GC(149) Scavenge 7.842ms
[2793.757s][debug][gc,ref         ] GC(149) Skipped phase 1 of Reference Processing: no references
[2793.757s][debug][gc,ref         ] GC(149) ReferenceProcessor::execute queues: 1, RefProcThreadModel::Single, marks_oops_alive: false
[2793.757s][debug][gc,ref         ] GC(149) Skipped phase 3 of Reference Processing: no references
[2793.757s][debug][gc,ref         ] GC(149) ReferenceProcessor::execute queues: 1, RefProcThreadModel::Single, marks_oops_alive: false
[2793.757s][debug][gc,phases      ] GC(149) Reference Processing 0.119ms
[2793.757s][debug][gc,phases      ] GC(149)   VM Weak                        Min:  0.0, Avg:  0.0, Max:  0.0, Diff:  0.0, Sum:  0.0, Workers: 4
[2793.757s][debug][gc,phases      ] GC(149)     Dead                           Min: 0, Avg:  0.0, Max: 0, Diff: 0, Sum: 0, Workers: 4
[2793.757s][debug][gc,phases      ] GC(149)     Total                          Min: 0, Avg: 248.8, Max: 640, Diff: 640, Sum: 995, Workers: 4
[2793.757s][debug][gc,phases      ] GC(149)   ObjectSynchronizer Weak        Min:  0.0, Avg:  0.0, Max:  0.0, Diff:  0.0, Sum:  0.0, Workers: 4
[2793.757s][debug][gc,phases      ] GC(149)     Dead                           Min: 0, Avg:  0.0, Max: 0, Diff: 0, Sum: 0, Workers: 4
[2793.757s][debug][gc,phases      ] GC(149)     Total                          Min: 0, Avg:  1.5, Max: 6, Diff: 6, Sum: 6, Workers: 4
[2793.757s][debug][gc,phases      ] GC(149)   JVMTI Tag Weak OopStorage      Min:  0.0, Avg:  0.0, Max:  0.0, Diff:  0.0, Sum:  0.0, Workers: 4
[2793.757s][debug][gc,phases      ] GC(149)     Dead                           Min: 0, Avg:  0.0, Max: 0, Diff: 0, Sum: 0, Workers: 4
[2793.757s][debug][gc,phases      ] GC(149)     Total                          Min: 0, Avg:  0.0, Max: 0, Diff: 0, Sum: 0, Workers: 4
[2793.757s][debug][gc,phases      ] GC(149)   StringTable Weak               Min:  0.0, Avg:  0.1, Max:  0.1, Diff:  0.1, Sum:  0.4, Workers: 4
[2793.757s][debug][gc,phases      ] GC(149)     Dead                           Min: 0, Avg:  0.2, Max: 1, Diff: 1, Sum: 1, Workers: 4
[2793.757s][debug][gc,phases      ] GC(149)     Total                          Min: 0, Avg: 11327.8, Max: 18687, Diff: 18687, Sum: 45311, Workers: 4
[2793.757s][debug][gc,phases      ] GC(149)   ResolvedMethodTable Weak       Min:  0.0, Avg:  0.0, Max:  0.0, Diff:  0.0, Sum:  0.1, Workers: 4
[2793.757s][debug][gc,phases      ] GC(149)     Dead                           Min: 0, Avg:  0.0, Max: 0, Diff: 0, Sum: 0, Workers: 4
[2793.757s][debug][gc,phases      ] GC(149)     Total                          Min: 0, Avg: 2921.2, Max: 5286, Diff: 5286, Sum: 11685, Workers: 4
[2793.757s][debug][gc,phases      ] GC(149)   JNI Weak                       Min:  0.0, Avg:  0.0, Max:  0.0, Diff:  0.0, Sum:  0.0, Workers: 4
[2793.757s][debug][gc,phases      ] GC(149)     Dead                           Min: 0, Avg:  0.0, Max: 0, Diff: 0, Sum: 0, Workers: 4
[2793.757s][debug][gc,phases      ] GC(149)     Total                          Min: 0, Avg: 12.0, Max: 48, Diff: 48, Sum: 48, Workers: 4
[2793.757s][debug][gc,phases      ] GC(149)   StringDedup Table Weak         Min:  0.0, Avg:  0.0, Max:  0.0, Diff:  0.0, Sum:  0.0, Workers: 4
[2793.757s][debug][gc,phases      ] GC(149)     Dead                           Min: 0, Avg:  0.0, Max: 0, Diff: 0, Sum: 0, Workers: 4
[2793.757s][debug][gc,phases      ] GC(149)     Total                          Min: 0, Avg:  0.0, Max: 0, Diff: 0, Sum: 0, Workers: 4
[2793.757s][debug][gc,phases      ] GC(149)   StringDedup Requests0 Weak     Min:  0.0, Avg:  0.0, Max:  0.0, Diff:  0.0, Sum:  0.0, Workers: 4
[2793.757s][debug][gc,phases      ] GC(149)     Dead                           Min: 0, Avg:  0.0, Max: 0, Diff: 0, Sum: 0, Workers: 4
[2793.757s][debug][gc,phases      ] GC(149)     Total                          Min: 0, Avg:  0.0, Max: 0, Diff: 0, Sum: 0, Workers: 4
[2793.757s][debug][gc,phases      ] GC(149)   StringDedup Requests1 Weak     Min:  0.0, Avg:  0.0, Max:  0.0, Diff:  0.0, Sum:  0.0, Workers: 4
[2793.757s][debug][gc,phases      ] GC(149)     Dead                           Min: 0, Avg:  0.0, Max: 0, Diff: 0, Sum: 0, Workers: 4
[2793.757s][debug][gc,phases      ] GC(149)     Total                          Min: 0, Avg:  0.0, Max: 0, Diff: 0, Sum: 0, Workers: 4
[2793.757s][debug][gc,phases      ] GC(149)   Weak JFR Old Object Samples    Min:  0.0, Avg:  0.0, Max:  0.0, Diff:  0.0, Sum:  0.0, Workers: 4
[2793.757s][debug][gc,phases      ] GC(149)     Dead                           Min: 0, Avg:  0.0, Max: 0, Diff: 0, Sum: 0, Workers: 4
[2793.757s][debug][gc,phases      ] GC(149)     Total                          Min: 0, Avg:  0.0, Max: 0, Diff: 0, Sum: 0, Workers: 4
[2793.757s][debug][gc,phases      ] GC(149) Weak Processing 0.340ms
[2793.757s][debug][gc,age         ] GC(149) Desired survivor size 19398656 bytes, new threshold 15 (max threshold 15)
[2793.758s][info ][gc,heap        ] GC(149) PSYoungGen: 2072352K(2077696K)->13648K(2078208K) Eden: 2059264K(2059264K)->0K(2059264K) From: 13088K(18432K)->13648K(18944K)
[2793.758s][info ][gc,heap        ] GC(149) ParOldGen: 507032K(579584K)->507096K(579584K)
[2793.758s][info ][gc,metaspace   ] GC(149) Metaspace: 91894K(93056K)->91894K(93056K) NonClass: 78724K(79360K)->78724K(79360K) Class: 13170K(13696K)->13170K(13696K)
[2793.758s][info ][gc             ] GC(149) Pause Young (Allocation Failure) 2518M->508M(2595M) 8.398ms
[2793.758s][info ][gc,cpu         ] GC(149) User=0.03s Sys=0.00s Real=0.01s
[2793.758s][info ][safepoint      ] Safepoint "ParallelGCFailedAllocation", Time since last: 37984810 ns, Reaching safepoint: 72600 ns, Cleanup: 2500 ns, At safepoint: 8475658 ns, Total: 8550758 ns
[2794.758s][info ][safepoint      ] Safepoint "Cleanup", Time since last: 1000097903 ns, Reaching safepoint: 77499 ns, Cleanup: 12000 ns, At safepoint: 6900 ns, Total: 96399 ns
[2799.758s][info ][safepoint      ] Safepoint "Cleanup", Time since last: 5000388416 ns, Reaching safepoint: 74199 ns, Cleanup: 18100 ns, At safepoint: 5900 ns, Total: 98199 ns
[2803.759s][info ][safepoint      ] Safepoint "Cleanup", Time since last: 4000318607 ns, Reaching safepoint: 75700 ns, Cleanup: 16200 ns, At safepoint: 6000 ns, Total: 97900 ns
[2806.759s][info ][safepoint      ] Safepoint "Cleanup", Time since last: 3000255103 ns, Reaching safepoint: 74099 ns, Cleanup: 9600 ns, At safepoint: 21000 ns, Total: 104699 ns
[2808.016s][info ][safepoint      ] Safepoint "Cleanup", Time since last: 1256867717 ns, Reaching safepoint: 4200 ns, Cleanup: 21300 ns, At safepoint: 1900 ns, Total: 27400 ns
[2812.016s][info ][safepoint      ] Safepoint "Cleanup", Time since last: 4000303622 ns, Reaching safepoint: 3600 ns, Cleanup: 7100 ns, At safepoint: 1700 ns, Total: 12400 ns
[2813.016s][info ][safepoint      ] Safepoint "Cleanup", Time since last: 1000117607 ns, Reaching safepoint: 3800 ns, Cleanup: 11900 ns, At safepoint: 2100 ns, Total: 17800 ns
[2817.109s][info ][gc,start       ] GC(150) Pause Young (Allocation Failure)
[2817.118s][debug][gc,phases      ] GC(150) Scavenge 8.287ms
[2817.118s][debug][gc,ref         ] GC(150) Skipped phase 1 of Reference Processing: no references
[2817.118s][debug][gc,ref         ] GC(150) ReferenceProcessor::execute queues: 1, RefProcThreadModel::Single, marks_oops_alive: false
[2817.118s][debug][gc,ref         ] GC(150) Skipped phase 3 of Reference Processing: no references
[2817.118s][debug][gc,ref         ] GC(150) ReferenceProcessor::execute queues: 1, RefProcThreadModel::Single, marks_oops_alive: false
[2817.118s][debug][gc,phases      ] GC(150) Reference Processing 0.096ms
[2817.118s][debug][gc,phases      ] GC(150)   VM Weak                        Min:  0.0, Avg:  0.0, Max:  0.0, Diff:  0.0, Sum:  0.0, Workers: 4
[2817.118s][debug][gc,phases      ] GC(150)     Dead                           Min: 0, Avg:  0.0, Max: 0, Diff: 0, Sum: 0, Workers: 4
[2817.118s][debug][gc,phases      ] GC(150)     Total                          Min: 0, Avg: 248.8, Max: 959, Diff: 959, Sum: 995, Workers: 4
[2817.118s][debug][gc,phases      ] GC(150)   ObjectSynchronizer Weak        Min:  0.0, Avg:  0.0, Max:  0.0, Diff:  0.0, Sum:  0.0, Workers: 4
[2817.118s][debug][gc,phases      ] GC(150)     Dead                           Min: 0, Avg:  0.0, Max: 0, Diff: 0, Sum: 0, Workers: 4
[2817.118s][debug][gc,phases      ] GC(150)     Total                          Min: 0, Avg:  1.5, Max: 6, Diff: 6, Sum: 6, Workers: 4
[2817.118s][debug][gc,phases      ] GC(150)   JVMTI Tag Weak OopStorage      Min:  0.0, Avg:  0.0, Max:  0.0, Diff:  0.0, Sum:  0.0, Workers: 4
[2817.118s][debug][gc,phases      ] GC(150)     Dead                           Min: 0, Avg:  0.0, Max: 0, Diff: 0, Sum: 0, Workers: 4
[2817.118s][debug][gc,phases      ] GC(150)     Total                          Min: 0, Avg:  0.0, Max: 0, Diff: 0, Sum: 0, Workers: 4
[2817.118s][debug][gc,phases      ] GC(150)   StringTable Weak               Min:  0.0, Avg:  0.1, Max:  0.1, Diff:  0.1, Sum:  0.3, Workers: 4
[2817.118s][debug][gc,phases      ] GC(150)     Dead                           Min: 0, Avg:  0.0, Max: 0, Diff: 0, Sum: 0, Workers: 4
[2817.118s][debug][gc,phases      ] GC(150)     Total                          Min: 0, Avg: 11327.8, Max: 20543, Diff: 20543, Sum: 45311, Workers: 4
[2817.118s][debug][gc,phases      ] GC(150)   ResolvedMethodTable Weak       Min:  0.0, Avg:  0.0, Max:  0.0, Diff:  0.0, Sum:  0.1, Workers: 4
[2817.118s][debug][gc,phases      ] GC(150)     Dead                           Min: 0, Avg:  0.0, Max: 0, Diff: 0, Sum: 0, Workers: 4
[2817.118s][debug][gc,phases      ] GC(150)     Total                          Min: 0, Avg: 2921.2, Max: 5349, Diff: 5349, Sum: 11685, Workers: 4
[2817.118s][debug][gc,phases      ] GC(150)   JNI Weak                       Min:  0.0, Avg:  0.0, Max:  0.0, Diff:  0.0, Sum:  0.0, Workers: 4
[2817.118s][debug][gc,phases      ] GC(150)     Dead                           Min: 0, Avg:  0.0, Max: 0, Diff: 0, Sum: 0, Workers: 4
[2817.118s][debug][gc,phases      ] GC(150)     Total                          Min: 0, Avg: 12.0, Max: 48, Diff: 48, Sum: 48, Workers: 4
[2817.118s][debug][gc,phases      ] GC(150)   StringDedup Table Weak         Min:  0.0, Avg:  0.0, Max:  0.0, Diff:  0.0, Sum:  0.0, Workers: 4
[2817.118s][debug][gc,phases      ] GC(150)     Dead                           Min: 0, Avg:  0.0, Max: 0, Diff: 0, Sum: 0, Workers: 4
[2817.118s][debug][gc,phases      ] GC(150)     Total                          Min: 0, Avg:  0.0, Max: 0, Diff: 0, Sum: 0, Workers: 4
[2817.118s][debug][gc,phases      ] GC(150)   StringDedup Requests0 Weak     Min:  0.0, Avg:  0.0, Max:  0.0, Diff:  0.0, Sum:  0.0, Workers: 4
[2817.118s][debug][gc,phases      ] GC(150)     Dead                           Min: 0, Avg:  0.0, Max: 0, Diff: 0, Sum: 0, Workers: 4
[2817.118s][debug][gc,phases      ] GC(150)     Total                          Min: 0, Avg:  0.0, Max: 0, Diff: 0, Sum: 0, Workers: 4
[2817.118s][debug][gc,phases      ] GC(150)   StringDedup Requests1 Weak     Min:  0.0, Avg:  0.0, Max:  0.0, Diff:  0.0, Sum:  0.0, Workers: 4
[2817.118s][debug][gc,phases      ] GC(150)     Dead                           Min: 0, Avg:  0.0, Max: 0, Diff: 0, Sum: 0, Workers: 4
[2817.118s][debug][gc,phases      ] GC(150)     Total                          Min: 0, Avg:  0.0, Max: 0, Diff: 0, Sum: 0, Workers: 4
[2817.118s][debug][gc,phases      ] GC(150)   Weak JFR Old Object Samples    Min:  0.0, Avg:  0.0, Max:  0.0, Diff:  0.0, Sum:  0.0, Workers: 4
[2817.118s][debug][gc,phases      ] GC(150)     Dead                           Min: 0, Avg:  0.0, Max: 0, Diff: 0, Sum: 0, Workers: 4
[2817.118s][debug][gc,phases      ] GC(150)     Total                          Min: 0, Avg:  0.0, Max: 0, Diff: 0, Sum: 0, Workers: 4
[2817.118s][debug][gc,phases      ] GC(150) Weak Processing 0.324ms
[2817.118s][debug][gc,age         ] GC(150) Desired survivor size 19398656 bytes, new threshold 15 (max threshold 15)
[2817.118s][info ][gc,heap        ] GC(150) PSYoungGen: 2072912K(2078208K)->13024K(2078208K) Eden: 2059264K(2059264K)->0K(2059264K) From: 13648K(18944K)->13024K(18944K)
[2817.118s][info ][gc,heap        ] GC(150) ParOldGen: 507096K(579584K)->507484K(579584K)
[2817.118s][info ][gc,metaspace   ] GC(150) Metaspace: 91897K(93056K)->91897K(93056K) NonClass: 78727K(79360K)->78727K(79360K) Class: 13170K(13696K)->13170K(13696K)
[2817.118s][info ][gc             ] GC(150) Pause Young (Allocation Failure) 2519M->508M(2595M) 8.837ms
[2817.118s][info ][gc,cpu         ] GC(150) User=0.02s Sys=0.00s Real=0.01s
[2817.118s][info ][safepoint      ] Safepoint "ParallelGCFailedAllocation", Time since last: 4092755369 ns, Reaching safepoint: 4400 ns, Cleanup: 3600 ns, At safepoint: 8903855 ns, Total: 8911855 ns
[2825.848s][info ][safepoint      ] Safepoint "Cleanup", Time since last: 8729444873 ns, Reaching safepoint: 4000 ns, Cleanup: 13100 ns, At safepoint: 1900 ns, Total: 19000 ns
[2827.848s][info ][safepoint      ] Safepoint "Cleanup", Time since last: 2000137301 ns, Reaching safepoint: 75100 ns, Cleanup: 9600 ns, At safepoint: 4000 ns, Total: 88700 ns
[2838.849s][info ][safepoint      ] Safepoint "Cleanup", Time since last: 11000707596 ns, Reaching safepoint: 75600 ns, Cleanup: 12100 ns, At safepoint: 26600 ns, Total: 114300 ns
[2840.750s][info ][gc,start       ] GC(151) Pause Young (Allocation Failure)
[2840.761s][debug][gc,phases      ] GC(151) Scavenge 10.475ms
[2840.761s][debug][gc,ref         ] GC(151) Skipped phase 1 of Reference Processing: no references
[2840.761s][debug][gc,ref         ] GC(151) ReferenceProcessor::execute queues: 1, RefProcThreadModel::Single, marks_oops_alive: false
[2840.761s][debug][gc,ref         ] GC(151) Skipped phase 3 of Reference Processing: no references
[2840.761s][debug][gc,ref         ] GC(151) ReferenceProcessor::execute queues: 1, RefProcThreadModel::Single, marks_oops_alive: false
[2840.761s][debug][gc,phases      ] GC(151) Reference Processing 0.105ms
[2840.761s][debug][gc,phases      ] GC(151)   VM Weak                        Min:  0.0, Avg:  0.0, Max:  0.0, Diff:  0.0, Sum:  0.0, Workers: 4
[2840.761s][debug][gc,phases      ] GC(151)     Dead                           Min: 0, Avg:  0.0, Max: 0, Diff: 0, Sum: 0, Workers: 4
[2840.761s][debug][gc,phases      ] GC(151)     Total                          Min: 0, Avg: 248.8, Max: 767, Diff: 767, Sum: 995, Workers: 4
[2840.761s][debug][gc,phases      ] GC(151)   ObjectSynchronizer Weak        Min:  0.0, Avg:  0.0, Max:  0.0, Diff:  0.0, Sum:  0.0, Workers: 4
[2840.761s][debug][gc,phases      ] GC(151)     Dead                           Min: 0, Avg:  0.0, Max: 0, Diff: 0, Sum: 0, Workers: 4
[2840.761s][debug][gc,phases      ] GC(151)     Total                          Min: 0, Avg:  1.5, Max: 6, Diff: 6, Sum: 6, Workers: 4
[2840.761s][debug][gc,phases      ] GC(151)   JVMTI Tag Weak OopStorage      Min:  0.0, Avg:  0.0, Max:  0.0, Diff:  0.0, Sum:  0.0, Workers: 4
[2840.761s][debug][gc,phases      ] GC(151)     Dead                           Min: 0, Avg:  0.0, Max: 0, Diff: 0, Sum: 0, Workers: 4
[2840.761s][debug][gc,phases      ] GC(151)     Total                          Min: 0, Avg:  0.0, Max: 0, Diff: 0, Sum: 0, Workers: 4
[2840.761s][debug][gc,phases      ] GC(151)   StringTable Weak               Min:  0.0, Avg:  0.1, Max:  0.1, Diff:  0.1, Sum:  0.3, Workers: 4
[2840.761s][debug][gc,phases      ] GC(151)     Dead                           Min: 0, Avg:  0.0, Max: 0, Diff: 0, Sum: 0, Workers: 4
[2840.761s][debug][gc,phases      ] GC(151)     Total                          Min: 0, Avg: 11327.8, Max: 20096, Diff: 20096, Sum: 45311, Workers: 4
[2840.761s][debug][gc,phases      ] GC(151)   ResolvedMethodTable Weak       Min:  0.0, Avg:  0.0, Max:  0.0, Diff:  0.0, Sum:  0.1, Workers: 4
[2840.761s][debug][gc,phases      ] GC(151)     Dead                           Min: 0, Avg:  0.0, Max: 0, Diff: 0, Sum: 0, Workers: 4
[2840.761s][debug][gc,phases      ] GC(151)     Total                          Min: 0, Avg: 2921.2, Max: 5095, Diff: 5095, Sum: 11685, Workers: 4
[2840.761s][debug][gc,phases      ] GC(151)   JNI Weak                       Min:  0.0, Avg:  0.0, Max:  0.0, Diff:  0.0, Sum:  0.0, Workers: 4
[2840.761s][debug][gc,phases      ] GC(151)     Dead                           Min: 0, Avg:  0.0, Max: 0, Diff: 0, Sum: 0, Workers: 4
[2840.761s][debug][gc,phases      ] GC(151)     Total                          Min: 0, Avg: 12.0, Max: 48, Diff: 48, Sum: 48, Workers: 4
[2840.761s][debug][gc,phases      ] GC(151)   StringDedup Table Weak         Min:  0.0, Avg:  0.0, Max:  0.0, Diff:  0.0, Sum:  0.0, Workers: 4
[2840.761s][debug][gc,phases      ] GC(151)     Dead                           Min: 0, Avg:  0.0, Max: 0, Diff: 0, Sum: 0, Workers: 4
[2840.761s][debug][gc,phases      ] GC(151)     Total                          Min: 0, Avg:  0.0, Max: 0, Diff: 0, Sum: 0, Workers: 4
[2840.761s][debug][gc,phases      ] GC(151)   StringDedup Requests0 Weak     Min:  0.0, Avg:  0.0, Max:  0.0, Diff:  0.0, Sum:  0.0, Workers: 4
[2840.761s][debug][gc,phases      ] GC(151)     Dead                           Min: 0, Avg:  0.0, Max: 0, Diff: 0, Sum: 0, Workers: 4
[2840.761s][debug][gc,phases      ] GC(151)     Total                          Min: 0, Avg:  0.0, Max: 0, Diff: 0, Sum: 0, Workers: 4
[2840.761s][debug][gc,phases      ] GC(151)   StringDedup Requests1 Weak     Min:  0.0, Avg:  0.0, Max:  0.0, Diff:  0.0, Sum:  0.0, Workers: 4
[2840.761s][debug][gc,phases      ] GC(151)     Dead                           Min: 0, Avg:  0.0, Max: 0, Diff: 0, Sum: 0, Workers: 4
[2840.761s][debug][gc,phases      ] GC(151)     Total                          Min: 0, Avg:  0.0, Max: 0, Diff: 0, Sum: 0, Workers: 4
[2840.761s][debug][gc,phases      ] GC(151)   Weak JFR Old Object Samples    Min:  0.0, Avg:  0.0, Max:  0.0, Diff:  0.0, Sum:  0.0, Workers: 4
[2840.761s][debug][gc,phases      ] GC(151)     Dead                           Min: 0, Avg:  0.0, Max: 0, Diff: 0, Sum: 0, Workers: 4
[2840.761s][debug][gc,phases      ] GC(151)     Total                          Min: 0, Avg:  0.0, Max: 0, Diff: 0, Sum: 0, Workers: 4
[2840.761s][debug][gc,phases      ] GC(151) Weak Processing 0.324ms
[2840.761s][debug][gc,age         ] GC(151) Desired survivor size 19398656 bytes, new threshold 15 (max threshold 15)
[2840.761s][info ][gc,heap        ] GC(151) PSYoungGen: 2072288K(2078208K)->12592K(2078208K) Eden: 2059264K(2059264K)->0K(2059264K) From: 13024K(18944K)->12592K(18944K)
[2840.761s][info ][gc,heap        ] GC(151) ParOldGen: 507484K(579584K)->507913K(579584K)
[2840.761s][info ][gc,metaspace   ] GC(151) Metaspace: 91897K(93056K)->91897K(93056K) NonClass: 78727K(79360K)->78727K(79360K) Class: 13170K(13696K)->13170K(13696K)
[2840.761s][info ][gc             ] GC(151) Pause Young (Allocation Failure) 2519M->508M(2595M) 11.013ms
[2840.761s][info ][gc,cpu         ] GC(151) User=0.03s Sys=0.00s Real=0.01s
[2840.762s][info ][safepoint      ] Safepoint "ParallelGCFailedAllocation", Time since last: 1901808488 ns, Reaching safepoint: 72800 ns, Cleanup: 4800 ns, At safepoint: 11088344 ns, Total: 11165944 ns
[2852.762s][info ][safepoint      ] Safepoint "Cleanup", Time since last: 12000814096 ns, Reaching safepoint: 4800 ns, Cleanup: 8500 ns, At safepoint: 2300 ns, Total: 15600 ns
[2853.762s][info ][safepoint      ] Safepoint "Cleanup", Time since last: 1000108796 ns, Reaching safepoint: 3800 ns, Cleanup: 15400 ns, At safepoint: 1700 ns, Total: 20900 ns
[2861.763s][info ][safepoint      ] Safepoint "Cleanup", Time since last: 8000510872 ns, Reaching safepoint: 3700 ns, Cleanup: 10400 ns, At safepoint: 1700 ns, Total: 15800 ns
[2864.549s][info ][gc,start       ] GC(152) Pause Young (Allocation Failure)
[2864.558s][debug][gc,phases      ] GC(152) Scavenge 8.754ms
[2864.558s][debug][gc,ref         ] GC(152) Skipped phase 1 of Reference Processing: no references
[2864.558s][debug][gc,ref         ] GC(152) ReferenceProcessor::execute queues: 1, RefProcThreadModel::Single, marks_oops_alive: false
[2864.558s][debug][gc,ref         ] GC(152) Skipped phase 3 of Reference Processing: no references
[2864.558s][debug][gc,ref         ] GC(152) ReferenceProcessor::execute queues: 1, RefProcThreadModel::Single, marks_oops_alive: false
[2864.558s][debug][gc,phases      ] GC(152) Reference Processing 0.101ms
[2864.559s][debug][gc,phases      ] GC(152)   VM Weak                        Min:  0.0, Avg:  0.0, Max:  0.0, Diff:  0.0, Sum:  0.0, Workers: 4
[2864.559s][debug][gc,phases      ] GC(152)     Dead                           Min: 0, Avg:  0.0, Max: 0, Diff: 0, Sum: 0, Workers: 4
[2864.559s][debug][gc,phases      ] GC(152)     Total                          Min: 0, Avg: 249.8, Max: 424, Diff: 424, Sum: 999, Workers: 4
[2864.559s][debug][gc,phases      ] GC(152)   ObjectSynchronizer Weak        Min:  0.0, Avg:  0.0, Max:  0.0, Diff:  0.0, Sum:  0.0, Workers: 4
[2864.559s][debug][gc,phases      ] GC(152)     Dead                           Min: 0, Avg:  0.0, Max: 0, Diff: 0, Sum: 0, Workers: 4
[2864.559s][debug][gc,phases      ] GC(152)     Total                          Min: 0, Avg:  1.5, Max: 6, Diff: 6, Sum: 6, Workers: 4
[2864.559s][debug][gc,phases      ] GC(152)   JVMTI Tag Weak OopStorage      Min:  0.0, Avg:  0.0, Max:  0.0, Diff:  0.0, Sum:  0.0, Workers: 4
[2864.559s][debug][gc,phases      ] GC(152)     Dead                           Min: 0, Avg:  0.0, Max: 0, Diff: 0, Sum: 0, Workers: 4
[2864.559s][debug][gc,phases      ] GC(152)     Total                          Min: 0, Avg:  0.0, Max: 0, Diff: 0, Sum: 0, Workers: 4
[2864.559s][debug][gc,phases      ] GC(152)   StringTable Weak               Min:  0.0, Avg:  0.1, Max:  0.1, Diff:  0.1, Sum:  0.4, Workers: 4
[2864.559s][debug][gc,phases      ] GC(152)     Dead                           Min: 0, Avg:  0.0, Max: 0, Diff: 0, Sum: 0, Workers: 4
[2864.559s][debug][gc,phases      ] GC(152)     Total                          Min: 0, Avg: 11328.0, Max: 18880, Diff: 18880, Sum: 45312, Workers: 4
[2864.559s][debug][gc,phases      ] GC(152)   ResolvedMethodTable Weak       Min:  0.0, Avg:  0.0, Max:  0.0, Diff:  0.0, Sum:  0.1, Workers: 4
[2864.559s][debug][gc,phases      ] GC(152)     Dead                           Min: 0, Avg:  0.0, Max: 0, Diff: 0, Sum: 0, Workers: 4
[2864.559s][debug][gc,phases      ] GC(152)     Total                          Min: 0, Avg: 2923.8, Max: 5041, Diff: 5041, Sum: 11695, Workers: 4
[2864.559s][debug][gc,phases      ] GC(152)   JNI Weak                       Min:  0.0, Avg:  0.0, Max:  0.0, Diff:  0.0, Sum:  0.0, Workers: 4
[2864.559s][debug][gc,phases      ] GC(152)     Dead                           Min: 0, Avg:  0.0, Max: 0, Diff: 0, Sum: 0, Workers: 4
[2864.559s][debug][gc,phases      ] GC(152)     Total                          Min: 0, Avg: 12.0, Max: 48, Diff: 48, Sum: 48, Workers: 4
[2864.559s][debug][gc,phases      ] GC(152)   StringDedup Table Weak         Min:  0.0, Avg:  0.0, Max:  0.0, Diff:  0.0, Sum:  0.0, Workers: 4
[2864.559s][debug][gc,phases      ] GC(152)     Dead                           Min: 0, Avg:  0.0, Max: 0, Diff: 0, Sum: 0, Workers: 4
[2864.559s][debug][gc,phases      ] GC(152)     Total                          Min: 0, Avg:  0.0, Max: 0, Diff: 0, Sum: 0, Workers: 4
[2864.559s][debug][gc,phases      ] GC(152)   StringDedup Requests0 Weak     Min:  0.0, Avg:  0.0, Max:  0.0, Diff:  0.0, Sum:  0.0, Workers: 4
[2864.559s][debug][gc,phases      ] GC(152)     Dead                           Min: 0, Avg:  0.0, Max: 0, Diff: 0, Sum: 0, Workers: 4
[2864.559s][debug][gc,phases      ] GC(152)     Total                          Min: 0, Avg:  0.0, Max: 0, Diff: 0, Sum: 0, Workers: 4
[2864.559s][debug][gc,phases      ] GC(152)   StringDedup Requests1 Weak     Min:  0.0, Avg:  0.0, Max:  0.0, Diff:  0.0, Sum:  0.0, Workers: 4
[2864.559s][debug][gc,phases      ] GC(152)     Dead                           Min: 0, Avg:  0.0, Max: 0, Diff: 0, Sum: 0, Workers: 4
[2864.559s][debug][gc,phases      ] GC(152)     Total                          Min: 0, Avg:  0.0, Max: 0, Diff: 0, Sum: 0, Workers: 4
[2864.559s][debug][gc,phases      ] GC(152)   Weak JFR Old Object Samples    Min:  0.0, Avg:  0.0, Max:  0.0, Diff:  0.0, Sum:  0.0, Workers: 4
[2864.559s][debug][gc,phases      ] GC(152)     Dead                           Min: 0, Avg:  0.0, Max: 0, Diff: 0, Sum: 0, Workers: 4
[2864.559s][debug][gc,phases      ] GC(152)     Total                          Min: 0, Avg:  0.0, Max: 0, Diff: 0, Sum: 0, Workers: 4
[2864.559s][debug][gc,phases      ] GC(152) Weak Processing 0.335ms
[2864.559s][debug][gc,age         ] GC(152) Desired survivor size 18874368 bytes, new threshold 15 (max threshold 15)
[2864.559s][info ][gc,heap        ] GC(152) PSYoungGen: 2071856K(2078208K)->11568K(2078720K) Eden: 2059264K(2059264K)->0K(2059776K) From: 12592K(18944K)->11568K(18944K)
[2864.559s][info ][gc,heap        ] GC(152) ParOldGen: 507913K(579584K)->508714K(579584K)
[2864.559s][info ][gc,metaspace   ] GC(152) Metaspace: 91917K(93184K)->91917K(93184K) NonClass: 78745K(79424K)->78745K(79424K) Class: 13172K(13760K)->13172K(13760K)
[2864.559s][info ][gc             ] GC(152) Pause Young (Allocation Failure) 2519M->508M(2596M) 9.326ms
[2864.559s][info ][gc,cpu         ] GC(152) User=0.02s Sys=0.01s Real=0.01s
[2864.559s][info ][safepoint      ] Safepoint "ParallelGCFailedAllocation", Time since last: 2786338858 ns, Reaching safepoint: 71599 ns, Cleanup: 3400 ns, At safepoint: 9399653 ns, Total: 9474652 ns
[2867.559s][info ][safepoint      ] Safepoint "Cleanup", Time since last: 3000224289 ns, Reaching safepoint: 50200 ns, Cleanup: 9200 ns, At safepoint: 5600 ns, Total: 65000 ns
[2877.560s][info ][safepoint      ] Safepoint "Cleanup", Time since last: 10000673069 ns, Reaching safepoint: 76300 ns, Cleanup: 8400 ns, At safepoint: 6099 ns, Total: 90799 ns
[2879.560s][info ][safepoint      ] Safepoint "Cleanup", Time since last: 2000169595 ns, Reaching safepoint: 4000 ns, Cleanup: 7800 ns, At safepoint: 3700 ns, Total: 15500 ns
[2887.863s][info ][safepoint      ] Safepoint "Cleanup", Time since last: 8303188924 ns, Reaching safepoint: 3900 ns, Cleanup: 12000 ns, At safepoint: 1900 ns, Total: 17800 ns
[2888.411s][info ][gc,start       ] GC(153) Pause Young (Allocation Failure)
[2888.421s][debug][gc,phases      ] GC(153) Scavenge 9.670ms
[2888.421s][debug][gc,ref         ] GC(153) Skipped phase 1 of Reference Processing: no references
[2888.421s][debug][gc,ref         ] GC(153) ReferenceProcessor::execute queues: 1, RefProcThreadModel::Single, marks_oops_alive: false
[2888.421s][debug][gc,ref         ] GC(153) Skipped phase 3 of Reference Processing: no references
[2888.421s][debug][gc,ref         ] GC(153) ReferenceProcessor::execute queues: 1, RefProcThreadModel::Single, marks_oops_alive: false
[2888.421s][debug][gc,phases      ] GC(153) Reference Processing 0.120ms
[2888.422s][debug][gc,phases      ] GC(153)   VM Weak                        Min:  0.0, Avg:  0.0, Max:  0.0, Diff:  0.0, Sum:  0.0, Workers: 4
[2888.422s][debug][gc,phases      ] GC(153)     Dead                           Min: 0, Avg:  0.0, Max: 0, Diff: 0, Sum: 0, Workers: 4
[2888.422s][debug][gc,phases      ] GC(153)     Total                          Min: 0, Avg: 249.8, Max: 703, Diff: 703, Sum: 999, Workers: 4
[2888.422s][debug][gc,phases      ] GC(153)   ObjectSynchronizer Weak        Min:  0.0, Avg:  0.0, Max:  0.0, Diff:  0.0, Sum:  0.0, Workers: 4
[2888.422s][debug][gc,phases      ] GC(153)     Dead                           Min: 0, Avg:  0.0, Max: 0, Diff: 0, Sum: 0, Workers: 4
[2888.422s][debug][gc,phases      ] GC(153)     Total                          Min: 0, Avg:  1.5, Max: 6, Diff: 6, Sum: 6, Workers: 4
[2888.422s][debug][gc,phases      ] GC(153)   JVMTI Tag Weak OopStorage      Min:  0.0, Avg:  0.0, Max:  0.0, Diff:  0.0, Sum:  0.0, Workers: 4
[2888.422s][debug][gc,phases      ] GC(153)     Dead                           Min: 0, Avg:  0.0, Max: 0, Diff: 0, Sum: 0, Workers: 4
[2888.422s][debug][gc,phases      ] GC(153)     Total                          Min: 0, Avg:  0.0, Max: 0, Diff: 0, Sum: 0, Workers: 4
[2888.422s][debug][gc,phases      ] GC(153)   StringTable Weak               Min:  0.0, Avg:  0.1, Max:  0.2, Diff:  0.2, Sum:  0.4, Workers: 4
[2888.422s][debug][gc,phases      ] GC(153)     Dead                           Min: 0, Avg:  0.0, Max: 0, Diff: 0, Sum: 0, Workers: 4
[2888.422s][debug][gc,phases      ] GC(153)     Total                          Min: 0, Avg: 11328.2, Max: 23296, Diff: 23296, Sum: 45313, Workers: 4
[2888.422s][debug][gc,phases      ] GC(153)   ResolvedMethodTable Weak       Min:  0.0, Avg:  0.0, Max:  0.1, Diff:  0.1, Sum:  0.1, Workers: 4
[2888.422s][debug][gc,phases      ] GC(153)     Dead                           Min: 0, Avg:  0.0, Max: 0, Diff: 0, Sum: 0, Workers: 4
[2888.422s][debug][gc,phases      ] GC(153)     Total                          Min: 0, Avg: 2923.8, Max: 6128, Diff: 6128, Sum: 11695, Workers: 4
[2888.422s][debug][gc,phases      ] GC(153)   JNI Weak                       Min:  0.0, Avg:  0.0, Max:  0.0, Diff:  0.0, Sum:  0.0, Workers: 4
[2888.422s][debug][gc,phases      ] GC(153)     Dead                           Min: 0, Avg:  0.0, Max: 0, Diff: 0, Sum: 0, Workers: 4
[2888.422s][debug][gc,phases      ] GC(153)     Total                          Min: 0, Avg: 12.0, Max: 48, Diff: 48, Sum: 48, Workers: 4
[2888.422s][debug][gc,phases      ] GC(153)   StringDedup Table Weak         Min:  0.0, Avg:  0.0, Max:  0.0, Diff:  0.0, Sum:  0.0, Workers: 4
[2888.422s][debug][gc,phases      ] GC(153)     Dead                           Min: 0, Avg:  0.0, Max: 0, Diff: 0, Sum: 0, Workers: 4
[2888.422s][debug][gc,phases      ] GC(153)     Total                          Min: 0, Avg:  0.0, Max: 0, Diff: 0, Sum: 0, Workers: 4
[2888.422s][debug][gc,phases      ] GC(153)   StringDedup Requests0 Weak     Min:  0.0, Avg:  0.0, Max:  0.0, Diff:  0.0, Sum:  0.0, Workers: 4
[2888.422s][debug][gc,phases      ] GC(153)     Dead                           Min: 0, Avg:  0.0, Max: 0, Diff: 0, Sum: 0, Workers: 4
[2888.422s][debug][gc,phases      ] GC(153)     Total                          Min: 0, Avg:  0.0, Max: 0, Diff: 0, Sum: 0, Workers: 4
[2888.422s][debug][gc,phases      ] GC(153)   StringDedup Requests1 Weak     Min:  0.0, Avg:  0.0, Max:  0.0, Diff:  0.0, Sum:  0.0, Workers: 4
[2888.422s][debug][gc,phases      ] GC(153)     Dead                           Min: 0, Avg:  0.0, Max: 0, Diff: 0, Sum: 0, Workers: 4
[2888.422s][debug][gc,phases      ] GC(153)     Total                          Min: 0, Avg:  0.0, Max: 0, Diff: 0, Sum: 0, Workers: 4
[2888.422s][debug][gc,phases      ] GC(153)   Weak JFR Old Object Samples    Min:  0.0, Avg:  0.0, Max:  0.0, Diff:  0.0, Sum:  0.0, Workers: 4
[2888.422s][debug][gc,phases      ] GC(153)     Dead                           Min: 0, Avg:  0.0, Max: 0, Diff: 0, Sum: 0, Workers: 4
[2888.422s][debug][gc,phases      ] GC(153)     Total                          Min: 0, Avg:  0.0, Max: 0, Diff: 0, Sum: 0, Workers: 4
[2888.422s][debug][gc,phases      ] GC(153) Weak Processing 0.429ms
[2888.422s][debug][gc,age         ] GC(153) Desired survivor size 18874368 bytes, new threshold 15 (max threshold 15)
[2888.422s][info ][gc,heap        ] GC(153) PSYoungGen: 2071344K(2078720K)->14145K(2078208K) Eden: 2059776K(2059776K)->0K(2059776K) From: 11568K(18944K)->14145K(18432K)
[2888.422s][info ][gc,heap        ] GC(153) ParOldGen: 508714K(579584K)->508854K(579584K)
[2888.422s][info ][gc,metaspace   ] GC(153) Metaspace: 91919K(93184K)->91919K(93184K) NonClass: 78746K(79424K)->78746K(79424K) Class: 13172K(13760K)->13172K(13760K)
[2888.422s][info ][gc             ] GC(153) Pause Young (Allocation Failure) 2519M->510M(2595M) 10.342ms
[2888.422s][info ][gc,cpu         ] GC(153) User=0.03s Sys=0.00s Real=0.01s
[2888.422s][info ][safepoint      ] Safepoint "ParallelGCFailedAllocation", Time since last: 547972037 ns, Reaching safepoint: 74200 ns, Cleanup: 3600 ns, At safepoint: 10408746 ns, Total: 10486546 ns
[2891.422s][info ][safepoint      ] Safepoint "Cleanup", Time since last: 3000203168 ns, Reaching safepoint: 5700 ns, Cleanup: 14700 ns, At safepoint: 2400 ns, Total: 22800 ns
[2898.423s][info ][safepoint      ] Safepoint "Cleanup", Time since last: 7000491381 ns, Reaching safepoint: 77100 ns, Cleanup: 43300 ns, At safepoint: 6500 ns, Total: 126900 ns
[2899.423s][info ][safepoint      ] Safepoint "Cleanup", Time since last: 1000102195 ns, Reaching safepoint: 76500 ns, Cleanup: 56199 ns, At safepoint: 5000 ns, Total: 137699 ns
[2900.423s][info ][safepoint      ] Safepoint "Cleanup", Time since last: 1000103596 ns, Reaching safepoint: 74700 ns, Cleanup: 10399 ns, At safepoint: 6500 ns, Total: 91599 ns
[2901.423s][info ][safepoint      ] Safepoint "Cleanup", Time since last: 1000088396 ns, Reaching safepoint: 5100 ns, Cleanup: 7200 ns, At safepoint: 1700 ns, Total: 14000 ns
[2905.427s][info ][safepoint      ] Safepoint "Cleanup", Time since last: 4004120563 ns, Reaching safepoint: 4800 ns, Cleanup: 7800 ns, At safepoint: 1900 ns, Total: 14500 ns
[2906.115s][info ][gc,start       ] GC(154) Pause Young (Allocation Failure)
[2906.141s][debug][gc,phases      ] GC(154) Scavenge 25.974ms
[2906.141s][debug][gc,ref         ] GC(154) Skipped phase 1 of Reference Processing: no references
[2906.141s][debug][gc,ref         ] GC(154) ReferenceProcessor::execute queues: 1, RefProcThreadModel::Single, marks_oops_alive: false
[2906.141s][debug][gc,ref         ] GC(154) Skipped phase 3 of Reference Processing: no references
[2906.141s][debug][gc,ref         ] GC(154) ReferenceProcessor::execute queues: 1, RefProcThreadModel::Single, marks_oops_alive: false
[2906.141s][debug][gc,phases      ] GC(154) Reference Processing 0.143ms
[2906.142s][debug][gc,phases      ] GC(154)   VM Weak                        Min:  0.0, Avg:  0.0, Max:  0.0, Diff:  0.0, Sum:  0.0, Workers: 4
[2906.142s][debug][gc,phases      ] GC(154)     Dead                           Min: 0, Avg:  0.0, Max: 0, Diff: 0, Sum: 0, Workers: 4
[2906.142s][debug][gc,phases      ] GC(154)     Total                          Min: 0, Avg: 249.8, Max: 640, Diff: 640, Sum: 999, Workers: 4
[2906.142s][debug][gc,phases      ] GC(154)   ObjectSynchronizer Weak        Min:  0.0, Avg:  0.0, Max:  0.0, Diff:  0.0, Sum:  0.0, Workers: 4
[2906.142s][debug][gc,phases      ] GC(154)     Dead                           Min: 0, Avg:  0.0, Max: 0, Diff: 0, Sum: 0, Workers: 4
[2906.142s][debug][gc,phases      ] GC(154)     Total                          Min: 0, Avg:  1.5, Max: 6, Diff: 6, Sum: 6, Workers: 4
[2906.142s][debug][gc,phases      ] GC(154)   JVMTI Tag Weak OopStorage      Min:  0.0, Avg:  0.0, Max:  0.0, Diff:  0.0, Sum:  0.0, Workers: 4
[2906.142s][debug][gc,phases      ] GC(154)     Dead                           Min: 0, Avg:  0.0, Max: 0, Diff: 0, Sum: 0, Workers: 4
[2906.142s][debug][gc,phases      ] GC(154)     Total                          Min: 0, Avg:  0.0, Max: 0, Diff: 0, Sum: 0, Workers: 4
[2906.142s][debug][gc,phases      ] GC(154)   StringTable Weak               Min:  0.0, Avg:  0.1, Max:  0.2, Diff:  0.2, Sum:  0.5, Workers: 4
[2906.142s][debug][gc,phases      ] GC(154)     Dead                           Min: 0, Avg:  0.2, Max: 1, Diff: 1, Sum: 1, Workers: 4
[2906.142s][debug][gc,phases      ] GC(154)     Total                          Min: 0, Avg: 11331.2, Max: 17471, Diff: 17471, Sum: 45325, Workers: 4
[2906.142s][debug][gc,phases      ] GC(154)   ResolvedMethodTable Weak       Min:  0.0, Avg:  0.0, Max:  0.0, Diff:  0.0, Sum:  0.1, Workers: 4
[2906.142s][debug][gc,phases      ] GC(154)     Dead                           Min: 0, Avg:  0.0, Max: 0, Diff: 0, Sum: 0, Workers: 4
[2906.142s][debug][gc,phases      ] GC(154)     Total                          Min: 0, Avg: 2923.8, Max: 6063, Diff: 6063, Sum: 11695, Workers: 4
[2906.142s][debug][gc,phases      ] GC(154)   JNI Weak                       Min:  0.0, Avg:  0.0, Max:  0.0, Diff:  0.0, Sum:  0.0, Workers: 4
[2906.142s][debug][gc,phases      ] GC(154)     Dead                           Min: 0, Avg:  0.0, Max: 0, Diff: 0, Sum: 0, Workers: 4
[2906.142s][debug][gc,phases      ] GC(154)     Total                          Min: 0, Avg: 12.0, Max: 48, Diff: 48, Sum: 48, Workers: 4
[2906.142s][debug][gc,phases      ] GC(154)   StringDedup Table Weak         Min:  0.0, Avg:  0.0, Max:  0.0, Diff:  0.0, Sum:  0.0, Workers: 4
[2906.142s][debug][gc,phases      ] GC(154)     Dead                           Min: 0, Avg:  0.0, Max: 0, Diff: 0, Sum: 0, Workers: 4
[2906.142s][debug][gc,phases      ] GC(154)     Total                          Min: 0, Avg:  0.0, Max: 0, Diff: 0, Sum: 0, Workers: 4
[2906.142s][debug][gc,phases      ] GC(154)   StringDedup Requests0 Weak     Min:  0.0, Avg:  0.0, Max:  0.0, Diff:  0.0, Sum:  0.0, Workers: 4
[2906.142s][debug][gc,phases      ] GC(154)     Dead                           Min: 0, Avg:  0.0, Max: 0, Diff: 0, Sum: 0, Workers: 4
[2906.142s][debug][gc,phases      ] GC(154)     Total                          Min: 0, Avg:  0.0, Max: 0, Diff: 0, Sum: 0, Workers: 4
[2906.142s][debug][gc,phases      ] GC(154)   StringDedup Requests1 Weak     Min:  0.0, Avg:  0.0, Max:  0.0, Diff:  0.0, Sum:  0.0, Workers: 4
[2906.142s][debug][gc,phases      ] GC(154)     Dead                           Min: 0, Avg:  0.0, Max: 0, Diff: 0, Sum: 0, Workers: 4
[2906.142s][debug][gc,phases      ] GC(154)     Total                          Min: 0, Avg:  0.0, Max: 0, Diff: 0, Sum: 0, Workers: 4
[2906.142s][debug][gc,phases      ] GC(154)   Weak JFR Old Object Samples    Min:  0.0, Avg:  0.0, Max:  0.0, Diff:  0.0, Sum:  0.0, Workers: 4
[2906.142s][debug][gc,phases      ] GC(154)     Dead                           Min: 0, Avg:  0.0, Max: 0, Diff: 0, Sum: 0, Workers: 4
[2906.142s][debug][gc,phases      ] GC(154)     Total                          Min: 0, Avg:  0.0, Max: 0, Diff: 0, Sum: 0, Workers: 4
[2906.142s][debug][gc,phases      ] GC(154) Weak Processing 0.430ms
[2906.142s][debug][gc,age         ] GC(154) Desired survivor size 20971520 bytes, new threshold 14 (max threshold 15)
[2906.142s][info ][gc,heap        ] GC(154) PSYoungGen: 2073921K(2078208K)->18425K(2074624K) Eden: 2059776K(2059776K)->0K(2056192K) From: 14145K(18432K)->18425K(18432K)
[2906.142s][info ][gc,heap        ] GC(154) ParOldGen: 508854K(579584K)->509518K(579584K)
[2906.142s][info ][gc,metaspace   ] GC(154) Metaspace: 91991K(93184K)->91991K(93184K) NonClass: 78818K(79424K)->78818K(79424K) Class: 13173K(13760K)->13173K(13760K)
[2906.142s][info ][gc             ] GC(154) Pause Young (Allocation Failure) 2522M->515M(2592M) 26.694ms
[2906.142s][info ][gc,cpu         ] GC(154) User=0.04s Sys=0.01s Real=0.02s
[2906.142s][info ][safepoint      ] Safepoint "ParallelGCFailedAllocation", Time since last: 687924457 ns, Reaching safepoint: 5500 ns, Cleanup: 2800 ns, At safepoint: 26780366 ns, Total: 26788666 ns
[2907.142s][info ][safepoint      ] Safepoint "Cleanup", Time since last: 1000080095 ns, Reaching safepoint: 5900 ns, Cleanup: 20399 ns, At safepoint: 2300 ns, Total: 28599 ns
[2910.142s][info ][safepoint      ] Safepoint "Cleanup", Time since last: 3000236784 ns, Reaching safepoint: 3900 ns, Cleanup: 15900 ns, At safepoint: 1900 ns, Total: 21700 ns
[2911.142s][info ][safepoint      ] Safepoint "Cleanup", Time since last: 1000078794 ns, Reaching safepoint: 5500 ns, Cleanup: 13300 ns, At safepoint: 1700 ns, Total: 20500 ns
[2912.143s][info ][safepoint      ] Safepoint "Cleanup", Time since last: 1000097194 ns, Reaching safepoint: 4900 ns, Cleanup: 8400 ns, At safepoint: 1600 ns, Total: 14900 ns
[2913.143s][info ][safepoint      ] Safepoint "Cleanup", Time since last: 1000058295 ns, Reaching safepoint: 4800 ns, Cleanup: 9300 ns, At safepoint: 1800 ns, Total: 15900 ns
[2920.143s][info ][safepoint      ] Safepoint "Cleanup", Time since last: 7000412429 ns, Reaching safepoint: 4000 ns, Cleanup: 7600 ns, At safepoint: 1800 ns, Total: 13400 ns
[2921.143s][info ][safepoint      ] Safepoint "Cleanup", Time since last: 1000098800 ns, Reaching safepoint: 5400 ns, Cleanup: 11200 ns, At safepoint: 1900 ns, Total: 18500 ns
[2923.143s][info ][safepoint      ] Safepoint "Cleanup", Time since last: 2000163118 ns, Reaching safepoint: 4500 ns, Cleanup: 8400 ns, At safepoint: 1900 ns, Total: 14800 ns
[2926.144s][info ][safepoint      ] Safepoint "Cleanup", Time since last: 3000212930 ns, Reaching safepoint: 5500 ns, Cleanup: 13400 ns, At safepoint: 2100 ns, Total: 21000 ns
[2928.050s][info ][gc,start       ] GC(155) Pause Young (Allocation Failure)
[2928.058s][debug][gc,phases      ] GC(155) Scavenge 8.572ms
[2928.058s][debug][gc,ref         ] GC(155) Skipped phase 1 of Reference Processing: no references
[2928.058s][debug][gc,ref         ] GC(155) ReferenceProcessor::execute queues: 1, RefProcThreadModel::Single, marks_oops_alive: false
[2928.058s][debug][gc,ref         ] GC(155) ReferenceProcessor::execute queues: 4, RefProcThreadModel::Multi, marks_oops_alive: true
[2928.058s][debug][gc,ref         ] GC(155) ReferenceProcessor::execute queues: 1, RefProcThreadModel::Single, marks_oops_alive: false
[2928.058s][debug][gc,phases      ] GC(155) Reference Processing 0.175ms
[2928.059s][debug][gc,phases      ] GC(155)   VM Weak                        Min:  0.0, Avg:  0.0, Max:  0.0, Diff:  0.0, Sum:  0.0, Workers: 4
[2928.059s][debug][gc,phases      ] GC(155)     Dead                           Min: 0, Avg:  0.0, Max: 0, Diff: 0, Sum: 0, Workers: 4
[2928.059s][debug][gc,phases      ] GC(155)     Total                          Min: 0, Avg: 249.8, Max: 640, Diff: 640, Sum: 999, Workers: 4
[2928.059s][debug][gc,phases      ] GC(155)   ObjectSynchronizer Weak        Min:  0.0, Avg:  0.0, Max:  0.0, Diff:  0.0, Sum:  0.0, Workers: 4
[2928.059s][debug][gc,phases      ] GC(155)     Dead                           Min: 0, Avg:  0.0, Max: 0, Diff: 0, Sum: 0, Workers: 4
[2928.059s][debug][gc,phases      ] GC(155)     Total                          Min: 0, Avg:  1.5, Max: 6, Diff: 6, Sum: 6, Workers: 4
[2928.059s][debug][gc,phases      ] GC(155)   JVMTI Tag Weak OopStorage      Min:  0.0, Avg:  0.0, Max:  0.0, Diff:  0.0, Sum:  0.0, Workers: 4
[2928.059s][debug][gc,phases      ] GC(155)     Dead                           Min: 0, Avg:  0.0, Max: 0, Diff: 0, Sum: 0, Workers: 4
[2928.059s][debug][gc,phases      ] GC(155)     Total                          Min: 0, Avg:  0.0, Max: 0, Diff: 0, Sum: 0, Workers: 4
[2928.059s][debug][gc,phases      ] GC(155)   StringTable Weak               Min:  0.0, Avg:  0.1, Max:  0.1, Diff:  0.1, Sum:  0.4, Workers: 4
[2928.059s][debug][gc,phases      ] GC(155)     Dead                           Min: 0, Avg:  0.8, Max: 3, Diff: 3, Sum: 3, Workers: 4
[2928.059s][debug][gc,phases      ] GC(155)     Total                          Min: 0, Avg: 11346.0, Max: 18568, Diff: 18568, Sum: 45384, Workers: 4
[2928.059s][debug][gc,phases      ] GC(155)   ResolvedMethodTable Weak       Min:  0.0, Avg:  0.0, Max:  0.0, Diff:  0.0, Sum:  0.1, Workers: 4
[2928.059s][debug][gc,phases      ] GC(155)     Dead                           Min: 0, Avg:  0.0, Max: 0, Diff: 0, Sum: 0, Workers: 4
[2928.059s][debug][gc,phases      ] GC(155)     Total                          Min: 0, Avg: 2936.2, Max: 5346, Diff: 5346, Sum: 11745, Workers: 4
[2928.059s][debug][gc,phases      ] GC(155)   JNI Weak                       Min:  0.0, Avg:  0.0, Max:  0.0, Diff:  0.0, Sum:  0.0, Workers: 4
[2928.059s][debug][gc,phases      ] GC(155)     Dead                           Min: 0, Avg:  0.0, Max: 0, Diff: 0, Sum: 0, Workers: 4
[2928.059s][debug][gc,phases      ] GC(155)     Total                          Min: 0, Avg: 12.0, Max: 48, Diff: 48, Sum: 48, Workers: 4
[2928.059s][debug][gc,phases      ] GC(155)   StringDedup Table Weak         Min:  0.0, Avg:  0.0, Max:  0.0, Diff:  0.0, Sum:  0.0, Workers: 4
[2928.059s][debug][gc,phases      ] GC(155)     Dead                           Min: 0, Avg:  0.0, Max: 0, Diff: 0, Sum: 0, Workers: 4
[2928.059s][debug][gc,phases      ] GC(155)     Total                          Min: 0, Avg:  0.0, Max: 0, Diff: 0, Sum: 0, Workers: 4
[2928.059s][debug][gc,phases      ] GC(155)   StringDedup Requests0 Weak     Min:  0.0, Avg:  0.0, Max:  0.0, Diff:  0.0, Sum:  0.0, Workers: 4
[2928.059s][debug][gc,phases      ] GC(155)     Dead                           Min: 0, Avg:  0.0, Max: 0, Diff: 0, Sum: 0, Workers: 4
[2928.059s][debug][gc,phases      ] GC(155)     Total                          Min: 0, Avg:  0.0, Max: 0, Diff: 0, Sum: 0, Workers: 4
[2928.059s][debug][gc,phases      ] GC(155)   StringDedup Requests1 Weak     Min:  0.0, Avg:  0.0, Max:  0.0, Diff:  0.0, Sum:  0.0, Workers: 4
[2928.059s][debug][gc,phases      ] GC(155)     Dead                           Min: 0, Avg:  0.0, Max: 0, Diff: 0, Sum: 0, Workers: 4
[2928.059s][debug][gc,phases      ] GC(155)     Total                          Min: 0, Avg:  0.0, Max: 0, Diff: 0, Sum: 0, Workers: 4
[2928.059s][debug][gc,phases      ] GC(155)   Weak JFR Old Object Samples    Min:  0.0, Avg:  0.0, Max:  0.0, Diff:  0.0, Sum:  0.0, Workers: 4
[2928.059s][debug][gc,phases      ] GC(155)     Dead                           Min: 0, Avg:  0.0, Max: 0, Diff: 0, Sum: 0, Workers: 4
[2928.059s][debug][gc,phases      ] GC(155)     Total                          Min: 0, Avg:  0.0, Max: 0, Diff: 0, Sum: 0, Workers: 4
[2928.059s][debug][gc,phases      ] GC(155) Weak Processing 0.343ms
[2928.059s][debug][gc,age         ] GC(155) Desired survivor size 22544384 bytes, new threshold 15 (max threshold 15)
[2928.059s][info ][gc,heap        ] GC(155) PSYoungGen: 2074617K(2074624K)->18620K(2075136K) Eden: 2056192K(2056192K)->0K(2056192K) From: 18425K(18432K)->18620K(18944K)
[2928.059s][info ][gc,heap        ] GC(155) ParOldGen: 509518K(579584K)->509711K(579584K)
[2928.059s][info ][gc,metaspace   ] GC(155) Metaspace: 92172K(93312K)->92172K(93312K) NonClass: 78964K(79552K)->78964K(79552K) Class: 13208K(13760K)->13208K(13760K)
[2928.059s][info ][gc             ] GC(155) Pause Young (Allocation Failure) 2523M->515M(2592M) 9.202ms
[2928.059s][info ][gc,cpu         ] GC(155) User=0.03s Sys=0.00s Real=0.01s
[2928.059s][info ][safepoint      ] Safepoint "ParallelGCFailedAllocation", Time since last: 1905961800 ns, Reaching safepoint: 84500 ns, Cleanup: 17300 ns, At safepoint: 9275752 ns, Total: 9377552 ns
[2929.059s][info ][safepoint      ] Safepoint "Cleanup", Time since last: 1000082010 ns, Reaching safepoint: 73500 ns, Cleanup: 8600 ns, At safepoint: 4800 ns, Total: 86900 ns
[2934.060s][info ][safepoint      ] Safepoint "Cleanup", Time since last: 5000367374 ns, Reaching safepoint: 72600 ns, Cleanup: 7200 ns, At safepoint: 4700 ns, Total: 84500 ns
[2935.060s][info ][safepoint      ] Safepoint "Cleanup", Time since last: 1000107889 ns, Reaching safepoint: 76399 ns, Cleanup: 8500 ns, At safepoint: 6200 ns, Total: 91099 ns
[2936.060s][info ][safepoint      ] Safepoint "Cleanup", Time since last: 1000108590 ns, Reaching safepoint: 74799 ns, Cleanup: 8700 ns, At safepoint: 5600 ns, Total: 89099 ns
[2938.060s][info ][safepoint      ] Safepoint "Cleanup", Time since last: 2000155928 ns, Reaching safepoint: 78300 ns, Cleanup: 7900 ns, At safepoint: 6800 ns, Total: 93000 ns
[2940.060s][info ][safepoint      ] Safepoint "Cleanup", Time since last: 2000169462 ns, Reaching safepoint: 72899 ns, Cleanup: 7800 ns, At safepoint: 5200 ns, Total: 85899 ns
[2943.886s][info ][safepoint      ] Safepoint "Cleanup", Time since last: 3825591997 ns, Reaching safepoint: 4500 ns, Cleanup: 8300 ns, At safepoint: 1700 ns, Total: 14500 ns
[2944.886s][info ][safepoint      ] Safepoint "Cleanup", Time since last: 1000095331 ns, Reaching safepoint: 4500 ns, Cleanup: 9800 ns, At safepoint: 1700 ns, Total: 16000 ns
[2945.886s][info ][safepoint      ] Safepoint "Cleanup", Time since last: 1000124303 ns, Reaching safepoint: 5100 ns, Cleanup: 7500 ns, At safepoint: 2000 ns, Total: 14600 ns
[2949.300s][info ][gc,start       ] GC(156) Pause Young (Allocation Failure)
[2949.309s][debug][gc,phases      ] GC(156) Scavenge 8.288ms
[2949.309s][debug][gc,ref         ] GC(156) Skipped phase 1 of Reference Processing: no references
[2949.309s][debug][gc,ref         ] GC(156) ReferenceProcessor::execute queues: 1, RefProcThreadModel::Single, marks_oops_alive: false
[2949.309s][debug][gc,ref         ] GC(156) ReferenceProcessor::execute queues: 4, RefProcThreadModel::Multi, marks_oops_alive: true
[2949.309s][debug][gc,ref         ] GC(156) ReferenceProcessor::execute queues: 1, RefProcThreadModel::Single, marks_oops_alive: false
[2949.309s][debug][gc,phases      ] GC(156) Reference Processing 0.193ms
[2949.309s][debug][gc,phases      ] GC(156)   VM Weak                        Min:  0.0, Avg:  0.0, Max:  0.0, Diff:  0.0, Sum:  0.0, Workers: 4
[2949.309s][debug][gc,phases      ] GC(156)     Dead                           Min: 0, Avg:  0.0, Max: 0, Diff: 0, Sum: 0, Workers: 4
[2949.309s][debug][gc,phases      ] GC(156)     Total                          Min: 0, Avg: 249.8, Max: 639, Diff: 639, Sum: 999, Workers: 4
[2949.309s][debug][gc,phases      ] GC(156)   ObjectSynchronizer Weak        Min:  0.0, Avg:  0.0, Max:  0.0, Diff:  0.0, Sum:  0.0, Workers: 4
[2949.309s][debug][gc,phases      ] GC(156)     Dead                           Min: 0, Avg:  0.0, Max: 0, Diff: 0, Sum: 0, Workers: 4
[2949.309s][debug][gc,phases      ] GC(156)     Total                          Min: 0, Avg:  1.5, Max: 6, Diff: 6, Sum: 6, Workers: 4
[2949.309s][debug][gc,phases      ] GC(156)   JVMTI Tag Weak OopStorage      Min:  0.0, Avg:  0.0, Max:  0.0, Diff:  0.0, Sum:  0.0, Workers: 4
[2949.309s][debug][gc,phases      ] GC(156)     Dead                           Min: 0, Avg:  0.0, Max: 0, Diff: 0, Sum: 0, Workers: 4
[2949.309s][debug][gc,phases      ] GC(156)     Total                          Min: 0, Avg:  0.0, Max: 0, Diff: 0, Sum: 0, Workers: 4
[2949.309s][debug][gc,phases      ] GC(156)   StringTable Weak               Min:  0.0, Avg:  0.1, Max:  0.1, Diff:  0.1, Sum:  0.3, Workers: 4
[2949.309s][debug][gc,phases      ] GC(156)     Dead                           Min: 0, Avg:  0.0, Max: 0, Diff: 0, Sum: 0, Workers: 4
[2949.309s][debug][gc,phases      ] GC(156)     Total                          Min: 0, Avg: 11347.0, Max: 21248, Diff: 21248, Sum: 45388, Workers: 4
[2949.309s][debug][gc,phases      ] GC(156)   ResolvedMethodTable Weak       Min:  0.0, Avg:  0.0, Max:  0.0, Diff:  0.0, Sum:  0.1, Workers: 4
[2949.309s][debug][gc,phases      ] GC(156)     Dead                           Min: 0, Avg:  0.0, Max: 0, Diff: 0, Sum: 0, Workers: 4
[2949.309s][debug][gc,phases      ] GC(156)     Total                          Min: 0, Avg: 2936.2, Max: 5247, Diff: 5247, Sum: 11745, Workers: 4
[2949.309s][debug][gc,phases      ] GC(156)   JNI Weak                       Min:  0.0, Avg:  0.0, Max:  0.0, Diff:  0.0, Sum:  0.0, Workers: 4
[2949.309s][debug][gc,phases      ] GC(156)     Dead                           Min: 0, Avg:  0.0, Max: 0, Diff: 0, Sum: 0, Workers: 4
[2949.309s][debug][gc,phases      ] GC(156)     Total                          Min: 0, Avg: 12.0, Max: 48, Diff: 48, Sum: 48, Workers: 4
[2949.309s][debug][gc,phases      ] GC(156)   StringDedup Table Weak         Min:  0.0, Avg:  0.0, Max:  0.0, Diff:  0.0, Sum:  0.0, Workers: 4
[2949.309s][debug][gc,phases      ] GC(156)     Dead                           Min: 0, Avg:  0.0, Max: 0, Diff: 0, Sum: 0, Workers: 4
[2949.309s][debug][gc,phases      ] GC(156)     Total                          Min: 0, Avg:  0.0, Max: 0, Diff: 0, Sum: 0, Workers: 4
[2949.309s][debug][gc,phases      ] GC(156)   StringDedup Requests0 Weak     Min:  0.0, Avg:  0.0, Max:  0.0, Diff:  0.0, Sum:  0.0, Workers: 4
[2949.309s][debug][gc,phases      ] GC(156)     Dead                           Min: 0, Avg:  0.0, Max: 0, Diff: 0, Sum: 0, Workers: 4
[2949.309s][debug][gc,phases      ] GC(156)     Total                          Min: 0, Avg:  0.0, Max: 0, Diff: 0, Sum: 0, Workers: 4
[2949.309s][debug][gc,phases      ] GC(156)   StringDedup Requests1 Weak     Min:  0.0, Avg:  0.0, Max:  0.0, Diff:  0.0, Sum:  0.0, Workers: 4
[2949.309s][debug][gc,phases      ] GC(156)     Dead                           Min: 0, Avg:  0.0, Max: 0, Diff: 0, Sum: 0, Workers: 4
[2949.309s][debug][gc,phases      ] GC(156)     Total                          Min: 0, Avg:  0.0, Max: 0, Diff: 0, Sum: 0, Workers: 4
[2949.309s][debug][gc,phases      ] GC(156)   Weak JFR Old Object Samples    Min:  0.0, Avg:  0.0, Max:  0.0, Diff:  0.0, Sum:  0.0, Workers: 4
[2949.309s][debug][gc,phases      ] GC(156)     Dead                           Min: 0, Avg:  0.0, Max: 0, Diff: 0, Sum: 0, Workers: 4
[2949.309s][debug][gc,phases      ] GC(156)     Total                          Min: 0, Avg:  0.0, Max: 0, Diff: 0, Sum: 0, Workers: 4
[2949.309s][debug][gc,phases      ] GC(156) Weak Processing 0.310ms
[2949.309s][debug][gc,age         ] GC(156) Desired survivor size 24117248 bytes, new threshold 15 (max threshold 15)
[2949.309s][info ][gc,heap        ] GC(156) PSYoungGen: 2074812K(2075136K)->18492K(2072064K) Eden: 2056192K(2056192K)->0K(2050048K) From: 18620K(18944K)->18492K(22016K)
[2949.309s][info ][gc,heap        ] GC(156) ParOldGen: 509711K(579584K)->509711K(579584K)
[2949.309s][info ][gc,metaspace   ] GC(156) Metaspace: 92184K(93440K)->92184K(93440K) NonClass: 78975K(79680K)->78975K(79680K) Class: 13208K(13760K)->13208K(13760K)
[2949.309s][info ][gc             ] GC(156) Pause Young (Allocation Failure) 2523M->515M(2589M) 8.901ms
[2949.309s][info ][gc,cpu         ] GC(156) User=0.03s Sys=0.00s Real=0.01s
[2949.309s][info ][safepoint      ] Safepoint "ParallelGCFailedAllocation", Time since last: 3414081437 ns, Reaching safepoint: 48700 ns, Cleanup: 4200 ns, At safepoint: 8978252 ns, Total: 9031152 ns
[2958.310s][info ][safepoint      ] Safepoint "Cleanup", Time since last: 9000577284 ns, Reaching safepoint: 74900 ns, Cleanup: 9700 ns, At safepoint: 5700 ns, Total: 90300 ns
[2960.310s][info ][safepoint      ] Safepoint "Cleanup", Time since last: 2000180155 ns, Reaching safepoint: 73699 ns, Cleanup: 12300 ns, At safepoint: 7200 ns, Total: 93199 ns
[2963.311s][info ][safepoint      ] Safepoint "Cleanup", Time since last: 3000267209 ns, Reaching safepoint: 77300 ns, Cleanup: 8700 ns, At safepoint: 6400 ns, Total: 92400 ns
[2971.150s][info ][gc,start       ] GC(157) Pause Young (Allocation Failure)
[2971.158s][debug][gc,phases      ] GC(157) Scavenge 7.985ms
[2971.158s][debug][gc,ref         ] GC(157) Skipped phase 1 of Reference Processing: no references
[2971.159s][debug][gc,ref         ] GC(157) ReferenceProcessor::execute queues: 1, RefProcThreadModel::Single, marks_oops_alive: false
[2971.159s][debug][gc,ref         ] GC(157) Skipped phase 3 of Reference Processing: no references
[2971.159s][debug][gc,ref         ] GC(157) ReferenceProcessor::execute queues: 1, RefProcThreadModel::Single, marks_oops_alive: false
[2971.159s][debug][gc,phases      ] GC(157) Reference Processing 0.105ms
[2971.159s][debug][gc,phases      ] GC(157)   VM Weak                        Min:  0.0, Avg:  0.0, Max:  0.0, Diff:  0.0, Sum:  0.0, Workers: 4
[2971.159s][debug][gc,phases      ] GC(157)     Dead                           Min: 0, Avg:  0.0, Max: 0, Diff: 0, Sum: 0, Workers: 4
[2971.159s][debug][gc,phases      ] GC(157)     Total                          Min: 0, Avg: 249.8, Max: 999, Diff: 999, Sum: 999, Workers: 4
[2971.159s][debug][gc,phases      ] GC(157)   ObjectSynchronizer Weak        Min:  0.0, Avg:  0.0, Max:  0.0, Diff:  0.0, Sum:  0.0, Workers: 4
[2971.159s][debug][gc,phases      ] GC(157)     Dead                           Min: 0, Avg:  0.0, Max: 0, Diff: 0, Sum: 0, Workers: 4
[2971.159s][debug][gc,phases      ] GC(157)     Total                          Min: 0, Avg:  1.5, Max: 6, Diff: 6, Sum: 6, Workers: 4
[2971.159s][debug][gc,phases      ] GC(157)   JVMTI Tag Weak OopStorage      Min:  0.0, Avg:  0.0, Max:  0.0, Diff:  0.0, Sum:  0.0, Workers: 4
[2971.159s][debug][gc,phases      ] GC(157)     Dead                           Min: 0, Avg:  0.0, Max: 0, Diff: 0, Sum: 0, Workers: 4
[2971.159s][debug][gc,phases      ] GC(157)     Total                          Min: 0, Avg:  0.0, Max: 0, Diff: 0, Sum: 0, Workers: 4
[2971.159s][debug][gc,phases      ] GC(157)   StringTable Weak               Min:  0.0, Avg:  0.1, Max:  0.1, Diff:  0.1, Sum:  0.3, Workers: 4
[2971.159s][debug][gc,phases      ] GC(157)     Dead                           Min: 0, Avg:  0.0, Max: 0, Diff: 0, Sum: 0, Workers: 4
[2971.159s][debug][gc,phases      ] GC(157)     Total                          Min: 0, Avg: 11347.0, Max: 20416, Diff: 20416, Sum: 45388, Workers: 4
[2971.159s][debug][gc,phases      ] GC(157)   ResolvedMethodTable Weak       Min:  0.0, Avg:  0.0, Max:  0.0, Diff:  0.0, Sum:  0.1, Workers: 4
[2971.159s][debug][gc,phases      ] GC(157)     Dead                           Min: 0, Avg:  0.0, Max: 0, Diff: 0, Sum: 0, Workers: 4
[2971.159s][debug][gc,phases      ] GC(157)     Total                          Min: 0, Avg: 2936.2, Max: 4578, Diff: 4578, Sum: 11745, Workers: 4
[2971.159s][debug][gc,phases      ] GC(157)   JNI Weak                       Min:  0.0, Avg:  0.0, Max:  0.0, Diff:  0.0, Sum:  0.0, Workers: 4
[2971.159s][debug][gc,phases      ] GC(157)     Dead                           Min: 0, Avg:  0.0, Max: 0, Diff: 0, Sum: 0, Workers: 4
[2971.159s][debug][gc,phases      ] GC(157)     Total                          Min: 0, Avg: 12.0, Max: 48, Diff: 48, Sum: 48, Workers: 4
[2971.159s][debug][gc,phases      ] GC(157)   StringDedup Table Weak         Min:  0.0, Avg:  0.0, Max:  0.0, Diff:  0.0, Sum:  0.0, Workers: 4
[2971.159s][debug][gc,phases      ] GC(157)     Dead                           Min: 0, Avg:  0.0, Max: 0, Diff: 0, Sum: 0, Workers: 4
[2971.159s][debug][gc,phases      ] GC(157)     Total                          Min: 0, Avg:  0.0, Max: 0, Diff: 0, Sum: 0, Workers: 4
[2971.159s][debug][gc,phases      ] GC(157)   StringDedup Requests0 Weak     Min:  0.0, Avg:  0.0, Max:  0.0, Diff:  0.0, Sum:  0.0, Workers: 4
[2971.159s][debug][gc,phases      ] GC(157)     Dead                           Min: 0, Avg:  0.0, Max: 0, Diff: 0, Sum: 0, Workers: 4
[2971.159s][debug][gc,phases      ] GC(157)     Total                          Min: 0, Avg:  0.0, Max: 0, Diff: 0, Sum: 0, Workers: 4
[2971.159s][debug][gc,phases      ] GC(157)   StringDedup Requests1 Weak     Min:  0.0, Avg:  0.0, Max:  0.0, Diff:  0.0, Sum:  0.0, Workers: 4
[2971.159s][debug][gc,phases      ] GC(157)     Dead                           Min: 0, Avg:  0.0, Max: 0, Diff: 0, Sum: 0, Workers: 4
[2971.159s][debug][gc,phases      ] GC(157)     Total                          Min: 0, Avg:  0.0, Max: 0, Diff: 0, Sum: 0, Workers: 4
[2971.159s][debug][gc,phases      ] GC(157)   Weak JFR Old Object Samples    Min:  0.0, Avg:  0.0, Max:  0.0, Diff:  0.0, Sum:  0.0, Workers: 4
[2971.159s][debug][gc,phases      ] GC(157)     Dead                           Min: 0, Avg:  0.0, Max: 0, Diff: 0, Sum: 0, Workers: 4
[2971.159s][debug][gc,phases      ] GC(157)     Total                          Min: 0, Avg:  0.0, Max: 0, Diff: 0, Sum: 0, Workers: 4
[2971.159s][debug][gc,phases      ] GC(157) Weak Processing 0.327ms
[2971.159s][debug][gc,age         ] GC(157) Desired survivor size 24117248 bytes, new threshold 15 (max threshold 15)
[2971.159s][info ][gc,heap        ] GC(157) PSYoungGen: 2068540K(2072064K)->15958K(2073600K) Eden: 2050048K(2050048K)->0K(2050048K) From: 18492K(22016K)->15958K(23552K)
[2971.159s][info ][gc,heap        ] GC(157) ParOldGen: 509711K(579584K)->509791K(579584K)
[2971.159s][info ][gc,metaspace   ] GC(157) Metaspace: 92185K(93440K)->92185K(93440K) NonClass: 78976K(79680K)->78976K(79680K) Class: 13208K(13760K)->13208K(13760K)
[2971.159s][info ][gc             ] GC(157) Pause Young (Allocation Failure) 2517M->513M(2591M) 8.539ms
[2971.159s][info ][gc,cpu         ] GC(157) User=0.03s Sys=0.00s Real=0.01s
[2971.159s][info ][safepoint      ] Safepoint "ParallelGCFailedAllocation", Time since last: 7839614856 ns, Reaching safepoint: 74100 ns, Cleanup: 3500 ns, At safepoint: 8628252 ns, Total: 8705852 ns
[2974.159s][info ][safepoint      ] Safepoint "Cleanup", Time since last: 3000233317 ns, Reaching safepoint: 82000 ns, Cleanup: 8500 ns, At safepoint: 6200 ns, Total: 96700 ns
[2975.160s][info ][safepoint      ] Safepoint "Cleanup", Time since last: 1000106239 ns, Reaching safepoint: 73200 ns, Cleanup: 14400 ns, At safepoint: 5699 ns, Total: 93299 ns
[2976.160s][info ][safepoint      ] Safepoint "Cleanup", Time since last: 1000111140 ns, Reaching safepoint: 77499 ns, Cleanup: 11800 ns, At safepoint: 5400 ns, Total: 94699 ns
[2977.160s][info ][safepoint      ] Safepoint "Cleanup", Time since last: 1000120239 ns, Reaching safepoint: 75700 ns, Cleanup: 10100 ns, At safepoint: 6599 ns, Total: 92399 ns
[2979.160s][info ][safepoint      ] Safepoint "Cleanup", Time since last: 2000190891 ns, Reaching safepoint: 75300 ns, Cleanup: 10500 ns, At safepoint: 6100 ns, Total: 91900 ns
[2980.160s][info ][safepoint      ] Safepoint "Cleanup", Time since last: 1000108633 ns, Reaching safepoint: 74699 ns, Cleanup: 9800 ns, At safepoint: 5800 ns, Total: 90299 ns
[2982.161s][info ][safepoint      ] Safepoint "Cleanup", Time since last: 2000174566 ns, Reaching safepoint: 75800 ns, Cleanup: 10600 ns, At safepoint: 6000 ns, Total: 92400 ns
[2992.101s][info ][gc,start       ] GC(158) Pause Young (Allocation Failure)
[2992.109s][debug][gc,phases      ] GC(158) Scavenge 8.303ms
[2992.109s][debug][gc,ref         ] GC(158) Skipped phase 1 of Reference Processing: no references
[2992.109s][debug][gc,ref         ] GC(158) ReferenceProcessor::execute queues: 1, RefProcThreadModel::Single, marks_oops_alive: false
[2992.109s][debug][gc,ref         ] GC(158) Skipped phase 3 of Reference Processing: no references
[2992.109s][debug][gc,ref         ] GC(158) ReferenceProcessor::execute queues: 1, RefProcThreadModel::Single, marks_oops_alive: false
[2992.109s][debug][gc,phases      ] GC(158) Reference Processing 0.133ms
[2992.109s][debug][gc,phases      ] GC(158)   VM Weak                        Min:  0.0, Avg:  0.0, Max:  0.0, Diff:  0.0, Sum:  0.0, Workers: 4
[2992.109s][debug][gc,phases      ] GC(158)     Dead                           Min: 0, Avg:  0.0, Max: 0, Diff: 0, Sum: 0, Workers: 4
[2992.109s][debug][gc,phases      ] GC(158)     Total                          Min: 0, Avg: 249.8, Max: 511, Diff: 511, Sum: 999, Workers: 4
[2992.109s][debug][gc,phases      ] GC(158)   ObjectSynchronizer Weak        Min:  0.0, Avg:  0.0, Max:  0.0, Diff:  0.0, Sum:  0.0, Workers: 4
[2992.109s][debug][gc,phases      ] GC(158)     Dead                           Min: 0, Avg:  0.0, Max: 0, Diff: 0, Sum: 0, Workers: 4
[2992.109s][debug][gc,phases      ] GC(158)     Total                          Min: 0, Avg:  1.5, Max: 6, Diff: 6, Sum: 6, Workers: 4
[2992.109s][debug][gc,phases      ] GC(158)   JVMTI Tag Weak OopStorage      Min:  0.0, Avg:  0.0, Max:  0.0, Diff:  0.0, Sum:  0.0, Workers: 4
[2992.109s][debug][gc,phases      ] GC(158)     Dead                           Min: 0, Avg:  0.0, Max: 0, Diff: 0, Sum: 0, Workers: 4
[2992.109s][debug][gc,phases      ] GC(158)     Total                          Min: 0, Avg:  0.0, Max: 0, Diff: 0, Sum: 0, Workers: 4
[2992.109s][debug][gc,phases      ] GC(158)   StringTable Weak               Min:  0.0, Avg:  0.1, Max:  0.2, Diff:  0.2, Sum:  0.4, Workers: 4
[2992.109s][debug][gc,phases      ] GC(158)     Dead                           Min: 0, Avg:  0.0, Max: 0, Diff: 0, Sum: 0, Workers: 4
[2992.109s][debug][gc,phases      ] GC(158)     Total                          Min: 0, Avg: 11347.0, Max: 20172, Diff: 20172, Sum: 45388, Workers: 4
[2992.109s][debug][gc,phases      ] GC(158)   ResolvedMethodTable Weak       Min:  0.0, Avg:  0.0, Max:  0.0, Diff:  0.0, Sum:  0.1, Workers: 4
[2992.109s][debug][gc,phases      ] GC(158)     Dead                           Min: 0, Avg:  0.0, Max: 0, Diff: 0, Sum: 0, Workers: 4
[2992.109s][debug][gc,phases      ] GC(158)     Total                          Min: 0, Avg: 2936.2, Max: 5055, Diff: 5055, Sum: 11745, Workers: 4
[2992.109s][debug][gc,phases      ] GC(158)   JNI Weak                       Min:  0.0, Avg:  0.0, Max:  0.0, Diff:  0.0, Sum:  0.0, Workers: 4
[2992.109s][debug][gc,phases      ] GC(158)     Dead                           Min: 0, Avg:  0.0, Max: 0, Diff: 0, Sum: 0, Workers: 4
[2992.109s][debug][gc,phases      ] GC(158)     Total                          Min: 0, Avg: 12.0, Max: 48, Diff: 48, Sum: 48, Workers: 4
[2992.109s][debug][gc,phases      ] GC(158)   StringDedup Table Weak         Min:  0.0, Avg:  0.0, Max:  0.0, Diff:  0.0, Sum:  0.0, Workers: 4
[2992.109s][debug][gc,phases      ] GC(158)     Dead                           Min: 0, Avg:  0.0, Max: 0, Diff: 0, Sum: 0, Workers: 4
[2992.109s][debug][gc,phases      ] GC(158)     Total                          Min: 0, Avg:  0.0, Max: 0, Diff: 0, Sum: 0, Workers: 4
[2992.109s][debug][gc,phases      ] GC(158)   StringDedup Requests0 Weak     Min:  0.0, Avg:  0.0, Max:  0.0, Diff:  0.0, Sum:  0.0, Workers: 4
[2992.109s][debug][gc,phases      ] GC(158)     Dead                           Min: 0, Avg:  0.0, Max: 0, Diff: 0, Sum: 0, Workers: 4
[2992.109s][debug][gc,phases      ] GC(158)     Total                          Min: 0, Avg:  0.0, Max: 0, Diff: 0, Sum: 0, Workers: 4
[2992.109s][debug][gc,phases      ] GC(158)   StringDedup Requests1 Weak     Min:  0.0, Avg:  0.0, Max:  0.0, Diff:  0.0, Sum:  0.0, Workers: 4
[2992.109s][debug][gc,phases      ] GC(158)     Dead                           Min: 0, Avg:  0.0, Max: 0, Diff: 0, Sum: 0, Workers: 4
[2992.109s][debug][gc,phases      ] GC(158)     Total                          Min: 0, Avg:  0.0, Max: 0, Diff: 0, Sum: 0, Workers: 4
[2992.109s][debug][gc,phases      ] GC(158)   Weak JFR Old Object Samples    Min:  0.0, Avg:  0.0, Max:  0.0, Diff:  0.0, Sum:  0.0, Workers: 4
[2992.109s][debug][gc,phases      ] GC(158)     Dead                           Min: 0, Avg:  0.0, Max: 0, Diff: 0, Sum: 0, Workers: 4
[2992.109s][debug][gc,phases      ] GC(158)     Total                          Min: 0, Avg:  0.0, Max: 0, Diff: 0, Sum: 0, Workers: 4
[2992.109s][debug][gc,phases      ] GC(158) Weak Processing 0.383ms
[2992.109s][debug][gc,age         ] GC(158) Desired survivor size 23592960 bytes, new threshold 15 (max threshold 15)
[2992.109s][info ][gc,heap        ] GC(158) PSYoungGen: 2066006K(2073600K)->15196K(2074112K) Eden: 2050048K(2050048K)->0K(2050560K) From: 15958K(23552K)->15196K(23552K)
[2992.109s][info ][gc,heap        ] GC(158) ParOldGen: 509791K(579584K)->509871K(579584K)
[2992.109s][info ][gc,metaspace   ] GC(158) Metaspace: 92192K(93440K)->92192K(93440K) NonClass: 78983K(79680K)->78983K(79680K) Class: 13208K(13760K)->13208K(13760K)
[2992.109s][info ][gc             ] GC(158) Pause Young (Allocation Failure) 2515M->512M(2591M) 8.949ms
[2992.109s][info ][gc,cpu         ] GC(158) User=0.03s Sys=0.00s Real=0.01s
[2992.110s][info ][safepoint      ] Safepoint "ParallelGCFailedAllocation", Time since last: 9939694001 ns, Reaching safepoint: 76799 ns, Cleanup: 12300 ns, At safepoint: 9028850 ns, Total: 9117949 ns
[2994.110s][info ][safepoint      ] Safepoint "Cleanup", Time since last: 2000156425 ns, Reaching safepoint: 73899 ns, Cleanup: 9300 ns, At safepoint: 5000 ns, Total: 88199 ns
[3003.901s][info ][safepoint      ] Safepoint "Cleanup", Time since last: 9790642572 ns, Reaching safepoint: 75600 ns, Cleanup: 9700 ns, At safepoint: 8600 ns, Total: 93900 ns
[3004.901s][info ][safepoint      ] Safepoint "Cleanup", Time since last: 1000112102 ns, Reaching safepoint: 71100 ns, Cleanup: 9900 ns, At safepoint: 4100 ns, Total: 85100 ns
[3013.551s][info ][gc,start       ] GC(159) Pause Young (Allocation Failure)
[3013.562s][debug][gc,phases      ] GC(159) Scavenge 11.160ms
[3013.562s][debug][gc,ref         ] GC(159) Skipped phase 1 of Reference Processing: no references
[3013.562s][debug][gc,ref         ] GC(159) ReferenceProcessor::execute queues: 1, RefProcThreadModel::Single, marks_oops_alive: false
[3013.562s][debug][gc,ref         ] GC(159) Skipped phase 3 of Reference Processing: no references
[3013.562s][debug][gc,ref         ] GC(159) ReferenceProcessor::execute queues: 1, RefProcThreadModel::Single, marks_oops_alive: false
[3013.562s][debug][gc,phases      ] GC(159) Reference Processing 0.113ms
[3013.563s][debug][gc,phases      ] GC(159)   VM Weak                        Min:  0.0, Avg:  0.0, Max:  0.0, Diff:  0.0, Sum:  0.0, Workers: 4
[3013.563s][debug][gc,phases      ] GC(159)     Dead                           Min: 0, Avg:  0.0, Max: 0, Diff: 0, Sum: 0, Workers: 4
[3013.563s][debug][gc,phases      ] GC(159)     Total                          Min: 0, Avg: 249.8, Max: 999, Diff: 999, Sum: 999, Workers: 4
[3013.563s][debug][gc,phases      ] GC(159)   ObjectSynchronizer Weak        Min:  0.0, Avg:  0.0, Max:  0.0, Diff:  0.0, Sum:  0.0, Workers: 4
[3013.563s][debug][gc,phases      ] GC(159)     Dead                           Min: 0, Avg:  0.0, Max: 0, Diff: 0, Sum: 0, Workers: 4
[3013.563s][debug][gc,phases      ] GC(159)     Total                          Min: 0, Avg:  1.5, Max: 6, Diff: 6, Sum: 6, Workers: 4
[3013.563s][debug][gc,phases      ] GC(159)   JVMTI Tag Weak OopStorage      Min:  0.0, Avg:  0.0, Max:  0.0, Diff:  0.0, Sum:  0.0, Workers: 4
[3013.563s][debug][gc,phases      ] GC(159)     Dead                           Min: 0, Avg:  0.0, Max: 0, Diff: 0, Sum: 0, Workers: 4
[3013.563s][debug][gc,phases      ] GC(159)     Total                          Min: 0, Avg:  0.0, Max: 0, Diff: 0, Sum: 0, Workers: 4
[3013.563s][debug][gc,phases      ] GC(159)   StringTable Weak               Min:  0.0, Avg:  0.1, Max:  0.1, Diff:  0.1, Sum:  0.4, Workers: 4
[3013.563s][debug][gc,phases      ] GC(159)     Dead                           Min: 0, Avg:  0.0, Max: 0, Diff: 0, Sum: 0, Workers: 4
[3013.563s][debug][gc,phases      ] GC(159)     Total                          Min: 0, Avg: 11347.0, Max: 19724, Diff: 19724, Sum: 45388, Workers: 4
[3013.563s][debug][gc,phases      ] GC(159)   ResolvedMethodTable Weak       Min:  0.0, Avg:  0.0, Max:  0.0, Diff:  0.0, Sum:  0.1, Workers: 4
[3013.563s][debug][gc,phases      ] GC(159)     Dead                           Min: 0, Avg:  0.0, Max: 0, Diff: 0, Sum: 0, Workers: 4
[3013.563s][debug][gc,phases      ] GC(159)     Total                          Min: 0, Avg: 2936.2, Max: 5118, Diff: 5118, Sum: 11745, Workers: 4
[3013.563s][debug][gc,phases      ] GC(159)   JNI Weak                       Min:  0.0, Avg:  0.0, Max:  0.0, Diff:  0.0, Sum:  0.0, Workers: 4
[3013.563s][debug][gc,phases      ] GC(159)     Dead                           Min: 0, Avg:  0.0, Max: 0, Diff: 0, Sum: 0, Workers: 4
[3013.563s][debug][gc,phases      ] GC(159)     Total                          Min: 0, Avg: 12.0, Max: 48, Diff: 48, Sum: 48, Workers: 4
[3013.563s][debug][gc,phases      ] GC(159)   StringDedup Table Weak         Min:  0.0, Avg:  0.0, Max:  0.0, Diff:  0.0, Sum:  0.0, Workers: 4
[3013.563s][debug][gc,phases      ] GC(159)     Dead                           Min: 0, Avg:  0.0, Max: 0, Diff: 0, Sum: 0, Workers: 4
[3013.563s][debug][gc,phases      ] GC(159)     Total                          Min: 0, Avg:  0.0, Max: 0, Diff: 0, Sum: 0, Workers: 4
[3013.563s][debug][gc,phases      ] GC(159)   StringDedup Requests0 Weak     Min:  0.0, Avg:  0.0, Max:  0.0, Diff:  0.0, Sum:  0.0, Workers: 4
[3013.563s][debug][gc,phases      ] GC(159)     Dead                           Min: 0, Avg:  0.0, Max: 0, Diff: 0, Sum: 0, Workers: 4
[3013.563s][debug][gc,phases      ] GC(159)     Total                          Min: 0, Avg:  0.0, Max: 0, Diff: 0, Sum: 0, Workers: 4
[3013.563s][debug][gc,phases      ] GC(159)   StringDedup Requests1 Weak     Min:  0.0, Avg:  0.0, Max:  0.0, Diff:  0.0, Sum:  0.0, Workers: 4
[3013.563s][debug][gc,phases      ] GC(159)     Dead                           Min: 0, Avg:  0.0, Max: 0, Diff: 0, Sum: 0, Workers: 4
[3013.563s][debug][gc,phases      ] GC(159)     Total                          Min: 0, Avg:  0.0, Max: 0, Diff: 0, Sum: 0, Workers: 4
[3013.563s][debug][gc,phases      ] GC(159)   Weak JFR Old Object Samples    Min:  0.0, Avg:  0.0, Max:  0.0, Diff:  0.0, Sum:  0.0, Workers: 4
[3013.563s][debug][gc,phases      ] GC(159)     Dead                           Min: 0, Avg:  0.0, Max: 0, Diff: 0, Sum: 0, Workers: 4
[3013.563s][debug][gc,phases      ] GC(159)     Total                          Min: 0, Avg:  0.0, Max: 0, Diff: 0, Sum: 0, Workers: 4
[3013.563s][debug][gc,phases      ] GC(159) Weak Processing 0.322ms
[3013.563s][debug][gc,age         ] GC(159) Desired survivor size 23068672 bytes, new threshold 15 (max threshold 15)
[3013.563s][info ][gc,heap        ] GC(159) PSYoungGen: 2065756K(2074112K)->15692K(2073600K) Eden: 2050560K(2050560K)->0K(2050560K) From: 15196K(23552K)->15692K(23040K)
[3013.563s][info ][gc,heap        ] GC(159) ParOldGen: 509871K(579584K)->509911K(579584K)
[3013.563s][info ][gc,metaspace   ] GC(159) Metaspace: 92192K(93440K)->92192K(93440K) NonClass: 78984K(79680K)->78984K(79680K) Class: 13208K(13760K)->13208K(13760K)
[3013.563s][info ][gc             ] GC(159) Pause Young (Allocation Failure) 2515M->513M(2591M) 11.714ms
[3013.563s][info ][gc,cpu         ] GC(159) User=0.03s Sys=0.00s Real=0.01s
[3013.563s][info ][safepoint      ] Safepoint "ParallelGCFailedAllocation", Time since last: 8650314766 ns, Reaching safepoint: 5200 ns, Cleanup: 3700 ns, At safepoint: 11814936 ns, Total: 11823836 ns
[3014.563s][info ][safepoint      ] Safepoint "Cleanup", Time since last: 1000080955 ns, Reaching safepoint: 4300 ns, Cleanup: 10100 ns, At safepoint: 1900 ns, Total: 16300 ns
[3017.563s][info ][safepoint      ] Safepoint "Cleanup", Time since last: 3000226254 ns, Reaching safepoint: 73100 ns, Cleanup: 12200 ns, At safepoint: 5000 ns, Total: 90300 ns
[3018.563s][info ][safepoint      ] Safepoint "Cleanup", Time since last: 1000108895 ns, Reaching safepoint: 4500 ns, Cleanup: 8799 ns, At safepoint: 1700 ns, Total: 14999 ns
[3022.564s][info ][safepoint      ] Safepoint "Cleanup", Time since last: 4000278380 ns, Reaching safepoint: 4500 ns, Cleanup: 8500 ns, At safepoint: 1900 ns, Total: 14900 ns
[3023.564s][info ][safepoint      ] Safepoint "Cleanup", Time since last: 1000097095 ns, Reaching safepoint: 4400 ns, Cleanup: 19300 ns, At safepoint: 1800 ns, Total: 25500 ns
[3026.564s][info ][safepoint      ] Safepoint "Cleanup", Time since last: 3000220511 ns, Reaching safepoint: 5400 ns, Cleanup: 10600 ns, At safepoint: 2000 ns, Total: 18000 ns
[3027.564s][info ][safepoint      ] Safepoint "Cleanup", Time since last: 1000097620 ns, Reaching safepoint: 4400 ns, Cleanup: 14000 ns, At safepoint: 2100 ns, Total: 20500 ns
[3032.317s][info ][gc,start       ] GC(160) Pause Young (Allocation Failure)
[3032.331s][debug][gc,phases      ] GC(160) Scavenge 13.814ms
[3032.331s][debug][gc,ref         ] GC(160) Skipped phase 1 of Reference Processing: no references
[3032.331s][debug][gc,ref         ] GC(160) ReferenceProcessor::execute queues: 1, RefProcThreadModel::Single, marks_oops_alive: false
[3032.331s][debug][gc,ref         ] GC(160) Skipped phase 3 of Reference Processing: no references
[3032.331s][debug][gc,ref         ] GC(160) ReferenceProcessor::execute queues: 1, RefProcThreadModel::Single, marks_oops_alive: false
[3032.331s][debug][gc,phases      ] GC(160) Reference Processing 0.104ms
[3032.331s][debug][gc,phases      ] GC(160)   VM Weak                        Min:  0.0, Avg:  0.0, Max:  0.0, Diff:  0.0, Sum:  0.0, Workers: 4
[3032.331s][debug][gc,phases      ] GC(160)     Dead                           Min: 0, Avg:  0.0, Max: 0, Diff: 0, Sum: 0, Workers: 4
[3032.331s][debug][gc,phases      ] GC(160)     Total                          Min: 0, Avg: 249.8, Max: 999, Diff: 999, Sum: 999, Workers: 4
[3032.331s][debug][gc,phases      ] GC(160)   ObjectSynchronizer Weak        Min:  0.0, Avg:  0.0, Max:  0.0, Diff:  0.0, Sum:  0.0, Workers: 4
[3032.331s][debug][gc,phases      ] GC(160)     Dead                           Min: 0, Avg:  0.0, Max: 0, Diff: 0, Sum: 0, Workers: 4
[3032.331s][debug][gc,phases      ] GC(160)     Total                          Min: 0, Avg:  1.5, Max: 6, Diff: 6, Sum: 6, Workers: 4
[3032.331s][debug][gc,phases      ] GC(160)   JVMTI Tag Weak OopStorage      Min:  0.0, Avg:  0.0, Max:  0.0, Diff:  0.0, Sum:  0.0, Workers: 4
[3032.331s][debug][gc,phases      ] GC(160)     Dead                           Min: 0, Avg:  0.0, Max: 0, Diff: 0, Sum: 0, Workers: 4
[3032.331s][debug][gc,phases      ] GC(160)     Total                          Min: 0, Avg:  0.0, Max: 0, Diff: 0, Sum: 0, Workers: 4
[3032.331s][debug][gc,phases      ] GC(160)   StringTable Weak               Min:  0.0, Avg:  0.1, Max:  0.2, Diff:  0.2, Sum:  0.4, Workers: 4
[3032.331s][debug][gc,phases      ] GC(160)     Dead                           Min: 0, Avg:  0.0, Max: 0, Diff: 0, Sum: 0, Workers: 4
[3032.331s][debug][gc,phases      ] GC(160)     Total                          Min: 0, Avg: 11347.0, Max: 21696, Diff: 21696, Sum: 45388, Workers: 4
[3032.331s][debug][gc,phases      ] GC(160)   ResolvedMethodTable Weak       Min:  0.0, Avg:  0.0, Max:  0.0, Diff:  0.0, Sum:  0.1, Workers: 4
[3032.331s][debug][gc,phases      ] GC(160)     Dead                           Min: 0, Avg:  0.0, Max: 0, Diff: 0, Sum: 0, Workers: 4
[3032.331s][debug][gc,phases      ] GC(160)     Total                          Min: 0, Avg: 2936.2, Max: 4323, Diff: 4323, Sum: 11745, Workers: 4
[3032.331s][debug][gc,phases      ] GC(160)   JNI Weak                       Min:  0.0, Avg:  0.0, Max:  0.0, Diff:  0.0, Sum:  0.0, Workers: 4
[3032.331s][debug][gc,phases      ] GC(160)     Dead                           Min: 0, Avg:  0.0, Max: 0, Diff: 0, Sum: 0, Workers: 4
[3032.331s][debug][gc,phases      ] GC(160)     Total                          Min: 0, Avg: 12.0, Max: 48, Diff: 48, Sum: 48, Workers: 4
[3032.331s][debug][gc,phases      ] GC(160)   StringDedup Table Weak         Min:  0.0, Avg:  0.0, Max:  0.0, Diff:  0.0, Sum:  0.0, Workers: 4
[3032.331s][debug][gc,phases      ] GC(160)     Dead                           Min: 0, Avg:  0.0, Max: 0, Diff: 0, Sum: 0, Workers: 4
[3032.331s][debug][gc,phases      ] GC(160)     Total                          Min: 0, Avg:  0.0, Max: 0, Diff: 0, Sum: 0, Workers: 4
[3032.331s][debug][gc,phases      ] GC(160)   StringDedup Requests0 Weak     Min:  0.0, Avg:  0.0, Max:  0.0, Diff:  0.0, Sum:  0.0, Workers: 4
[3032.331s][debug][gc,phases      ] GC(160)     Dead                           Min: 0, Avg:  0.0, Max: 0, Diff: 0, Sum: 0, Workers: 4
[3032.331s][debug][gc,phases      ] GC(160)     Total                          Min: 0, Avg:  0.0, Max: 0, Diff: 0, Sum: 0, Workers: 4
[3032.331s][debug][gc,phases      ] GC(160)   StringDedup Requests1 Weak     Min:  0.0, Avg:  0.0, Max:  0.0, Diff:  0.0, Sum:  0.0, Workers: 4
[3032.331s][debug][gc,phases      ] GC(160)     Dead                           Min: 0, Avg:  0.0, Max: 0, Diff: 0, Sum: 0, Workers: 4
[3032.331s][debug][gc,phases      ] GC(160)     Total                          Min: 0, Avg:  0.0, Max: 0, Diff: 0, Sum: 0, Workers: 4
[3032.331s][debug][gc,phases      ] GC(160)   Weak JFR Old Object Samples    Min:  0.0, Avg:  0.0, Max:  0.0, Diff:  0.0, Sum:  0.0, Workers: 4
[3032.331s][debug][gc,phases      ] GC(160)     Dead                           Min: 0, Avg:  0.0, Max: 0, Diff: 0, Sum: 0, Workers: 4
[3032.331s][debug][gc,phases      ] GC(160)     Total                          Min: 0, Avg:  0.0, Max: 0, Diff: 0, Sum: 0, Workers: 4
[3032.331s][debug][gc,phases      ] GC(160) Weak Processing 0.380ms
[3032.331s][debug][gc,age         ] GC(160) Desired survivor size 26738688 bytes, new threshold 14 (max threshold 15)
[3032.331s][info ][gc,heap        ] GC(160) PSYoungGen: 2066252K(2073600K)->22520K(2067456K) Eden: 2050560K(2050560K)->0K(2044928K) From: 15692K(23040K)->22520K(22528K)
[3032.331s][info ][gc,heap        ] GC(160) ParOldGen: 509911K(579584K)->512727K(579584K)
[3032.331s][info ][gc,metaspace   ] GC(160) Metaspace: 92195K(93440K)->92195K(93440K) NonClass: 78987K(79680K)->78987K(79680K) Class: 13208K(13760K)->13208K(13760K)
[3032.331s][info ][gc             ] GC(160) Pause Young (Allocation Failure) 2515M->522M(2585M) 14.424ms
[3032.331s][info ][gc,cpu         ] GC(160) User=0.04s Sys=0.00s Real=0.01s
[3032.331s][info ][safepoint      ] Safepoint "ParallelGCFailedAllocation", Time since last: 4752762157 ns, Reaching safepoint: 4100 ns, Cleanup: 3000 ns, At safepoint: 14493921 ns, Total: 14501021 ns
[3033.332s][info ][safepoint      ] Safepoint "Cleanup", Time since last: 1000083820 ns, Reaching safepoint: 4100 ns, Cleanup: 8300 ns, At safepoint: 2100 ns, Total: 14500 ns
[3034.332s][info ][safepoint      ] Safepoint "Cleanup", Time since last: 1000096212 ns, Reaching safepoint: 4600 ns, Cleanup: 8300 ns, At safepoint: 1900 ns, Total: 14800 ns
[3035.332s][info ][safepoint      ] Safepoint "Cleanup", Time since last: 1000099611 ns, Reaching safepoint: 4400 ns, Cleanup: 7700 ns, At safepoint: 1900 ns, Total: 14000 ns
[3045.332s][info ][safepoint      ] Safepoint "Cleanup", Time since last: 10000561633 ns, Reaching safepoint: 4100 ns, Cleanup: 8500 ns, At safepoint: 1800 ns, Total: 14400 ns
[3054.265s][info ][gc,start       ] GC(161) Pause Young (Allocation Failure)
[3054.275s][debug][gc,phases      ] GC(161) Scavenge 10.367ms
[3054.275s][debug][gc,ref         ] GC(161) Skipped phase 1 of Reference Processing: no references
[3054.275s][debug][gc,ref         ] GC(161) ReferenceProcessor::execute queues: 1, RefProcThreadModel::Single, marks_oops_alive: false
[3054.275s][debug][gc,ref         ] GC(161) Skipped phase 3 of Reference Processing: no references
[3054.275s][debug][gc,ref         ] GC(161) ReferenceProcessor::execute queues: 1, RefProcThreadModel::Single, marks_oops_alive: false
[3054.275s][debug][gc,phases      ] GC(161) Reference Processing 0.135ms
[3054.276s][debug][gc,phases      ] GC(161)   VM Weak                        Min:  0.0, Avg:  0.0, Max:  0.0, Diff:  0.0, Sum:  0.0, Workers: 4
[3054.276s][debug][gc,phases      ] GC(161)     Dead                           Min: 0, Avg:  0.0, Max: 0, Diff: 0, Sum: 0, Workers: 4
[3054.276s][debug][gc,phases      ] GC(161)     Total                          Min: 0, Avg: 249.8, Max: 616, Diff: 616, Sum: 999, Workers: 4
[3054.276s][debug][gc,phases      ] GC(161)   ObjectSynchronizer Weak        Min:  0.0, Avg:  0.0, Max:  0.0, Diff:  0.0, Sum:  0.0, Workers: 4
[3054.276s][debug][gc,phases      ] GC(161)     Dead                           Min: 0, Avg:  0.0, Max: 0, Diff: 0, Sum: 0, Workers: 4
[3054.276s][debug][gc,phases      ] GC(161)     Total                          Min: 0, Avg:  1.5, Max: 6, Diff: 6, Sum: 6, Workers: 4
[3054.276s][debug][gc,phases      ] GC(161)   JVMTI Tag Weak OopStorage      Min:  0.0, Avg:  0.0, Max:  0.0, Diff:  0.0, Sum:  0.0, Workers: 4
[3054.276s][debug][gc,phases      ] GC(161)     Dead                           Min: 0, Avg:  0.0, Max: 0, Diff: 0, Sum: 0, Workers: 4
[3054.276s][debug][gc,phases      ] GC(161)     Total                          Min: 0, Avg:  0.0, Max: 0, Diff: 0, Sum: 0, Workers: 4
[3054.276s][debug][gc,phases      ] GC(161)   StringTable Weak               Min:  0.0, Avg:  0.1, Max:  0.1, Diff:  0.1, Sum:  0.4, Workers: 4
[3054.276s][debug][gc,phases      ] GC(161)     Dead                           Min: 0, Avg:  0.0, Max: 0, Diff: 0, Sum: 0, Workers: 4
[3054.276s][debug][gc,phases      ] GC(161)     Total                          Min: 0, Avg: 11347.0, Max: 15436, Diff: 15436, Sum: 45388, Workers: 4
[3054.276s][debug][gc,phases      ] GC(161)   ResolvedMethodTable Weak       Min:  0.0, Avg:  0.0, Max:  0.0, Diff:  0.0, Sum:  0.1, Workers: 4
[3054.276s][debug][gc,phases      ] GC(161)     Dead                           Min: 0, Avg:  0.0, Max: 0, Diff: 0, Sum: 0, Workers: 4
[3054.276s][debug][gc,phases      ] GC(161)     Total                          Min: 0, Avg: 2936.2, Max: 4160, Diff: 4160, Sum: 11745, Workers: 4
[3054.276s][debug][gc,phases      ] GC(161)   JNI Weak                       Min:  0.0, Avg:  0.0, Max:  0.0, Diff:  0.0, Sum:  0.0, Workers: 4
[3054.276s][debug][gc,phases      ] GC(161)     Dead                           Min: 0, Avg:  0.0, Max: 0, Diff: 0, Sum: 0, Workers: 4
[3054.276s][debug][gc,phases      ] GC(161)     Total                          Min: 0, Avg: 12.0, Max: 48, Diff: 48, Sum: 48, Workers: 4
[3054.276s][debug][gc,phases      ] GC(161)   StringDedup Table Weak         Min:  0.0, Avg:  0.0, Max:  0.0, Diff:  0.0, Sum:  0.0, Workers: 4
[3054.276s][debug][gc,phases      ] GC(161)     Dead                           Min: 0, Avg:  0.0, Max: 0, Diff: 0, Sum: 0, Workers: 4
[3054.276s][debug][gc,phases      ] GC(161)     Total                          Min: 0, Avg:  0.0, Max: 0, Diff: 0, Sum: 0, Workers: 4
[3054.276s][debug][gc,phases      ] GC(161)   StringDedup Requests0 Weak     Min:  0.0, Avg:  0.0, Max:  0.0, Diff:  0.0, Sum:  0.0, Workers: 4
[3054.276s][debug][gc,phases      ] GC(161)     Dead                           Min: 0, Avg:  0.0, Max: 0, Diff: 0, Sum: 0, Workers: 4
[3054.276s][debug][gc,phases      ] GC(161)     Total                          Min: 0, Avg:  0.0, Max: 0, Diff: 0, Sum: 0, Workers: 4
[3054.276s][debug][gc,phases      ] GC(161)   StringDedup Requests1 Weak     Min:  0.0, Avg:  0.0, Max:  0.0, Diff:  0.0, Sum:  0.0, Workers: 4
[3054.276s][debug][gc,phases      ] GC(161)     Dead                           Min: 0, Avg:  0.0, Max: 0, Diff: 0, Sum: 0, Workers: 4
[3054.276s][debug][gc,phases      ] GC(161)     Total                          Min: 0, Avg:  0.0, Max: 0, Diff: 0, Sum: 0, Workers: 4
[3054.276s][debug][gc,phases      ] GC(161)   Weak JFR Old Object Samples    Min:  0.0, Avg:  0.0, Max:  0.0, Diff:  0.0, Sum:  0.0, Workers: 4
[3054.276s][debug][gc,phases      ] GC(161)     Dead                           Min: 0, Avg:  0.0, Max: 0, Diff: 0, Sum: 0, Workers: 4
[3054.276s][debug][gc,phases      ] GC(161)     Total                          Min: 0, Avg:  0.0, Max: 0, Diff: 0, Sum: 0, Workers: 4
[3054.276s][debug][gc,phases      ] GC(161) Weak Processing 0.354ms
[3054.276s][debug][gc,age         ] GC(161) Desired survivor size 28835840 bytes, new threshold 15 (max threshold 15)
[3054.276s][info ][gc,heap        ] GC(161) PSYoungGen: 2067448K(2067456K)->23836K(2068992K) Eden: 2044928K(2044928K)->0K(2044928K) From: 22520K(22528K)->23836K(24064K)
[3054.276s][info ][gc,heap        ] GC(161) ParOldGen: 512727K(579584K)->512855K(579584K)
[3054.276s][info ][gc,metaspace   ] GC(161) Metaspace: 92222K(93440K)->92222K(93440K) NonClass: 79014K(79680K)->79014K(79680K) Class: 13208K(13760K)->13208K(13760K)
[3054.276s][info ][gc             ] GC(161) Pause Young (Allocation Failure) 2519M->524M(2586M) 10.983ms
[3054.276s][info ][gc,cpu         ] GC(161) User=0.03s Sys=0.00s Real=0.01s
[3054.276s][info ][safepoint      ] Safepoint "ParallelGCFailedAllocation", Time since last: 8932326198 ns, Reaching safepoint: 12200 ns, Cleanup: 13700 ns, At safepoint: 11050141 ns, Total: 11076041 ns
[3062.311s][info ][safepoint      ] Safepoint "Cleanup", Time since last: 8035322495 ns, Reaching safepoint: 61299 ns, Cleanup: 6800 ns, At safepoint: 15900 ns, Total: 83999 ns
[3063.311s][info ][safepoint      ] Safepoint "Cleanup", Time since last: 1000103057 ns, Reaching safepoint: 4500 ns, Cleanup: 20500 ns, At safepoint: 23599 ns, Total: 48599 ns
[3068.312s][info ][safepoint      ] Safepoint "Cleanup", Time since last: 5000354948 ns, Reaching safepoint: 7500 ns, Cleanup: 16800 ns, At safepoint: 21800 ns, Total: 46100 ns
[3073.312s][info ][safepoint      ] Safepoint "Cleanup", Time since last: 5000354299 ns, Reaching safepoint: 4100 ns, Cleanup: 6800 ns, At safepoint: 1800 ns, Total: 12700 ns
[3075.312s][info ][safepoint      ] Safepoint "Cleanup", Time since last: 2000167492 ns, Reaching safepoint: 4500 ns, Cleanup: 9600 ns, At safepoint: 1700 ns, Total: 15800 ns
[3078.849s][info ][gc,start       ] GC(162) Pause Young (Allocation Failure)
[3078.858s][debug][gc,phases      ] GC(162) Scavenge 8.955ms
[3078.858s][debug][gc,ref         ] GC(162) Skipped phase 1 of Reference Processing: no references
[3078.858s][debug][gc,ref         ] GC(162) ReferenceProcessor::execute queues: 1, RefProcThreadModel::Single, marks_oops_alive: false
[3078.858s][debug][gc,ref         ] GC(162) Skipped phase 3 of Reference Processing: no references
[3078.858s][debug][gc,ref         ] GC(162) ReferenceProcessor::execute queues: 1, RefProcThreadModel::Single, marks_oops_alive: false
[3078.858s][debug][gc,phases      ] GC(162) Reference Processing 0.113ms
[3078.859s][debug][gc,phases      ] GC(162)   VM Weak                        Min:  0.0, Avg:  0.0, Max:  0.0, Diff:  0.0, Sum:  0.0, Workers: 4
[3078.859s][debug][gc,phases      ] GC(162)     Dead                           Min: 0, Avg:  0.0, Max: 0, Diff: 0, Sum: 0, Workers: 4
[3078.859s][debug][gc,phases      ] GC(162)     Total                          Min: 64, Avg: 249.8, Max: 424, Diff: 360, Sum: 999, Workers: 4
[3078.859s][debug][gc,phases      ] GC(162)   ObjectSynchronizer Weak        Min:  0.0, Avg:  0.0, Max:  0.0, Diff:  0.0, Sum:  0.0, Workers: 4
[3078.859s][debug][gc,phases      ] GC(162)     Dead                           Min: 0, Avg:  0.0, Max: 0, Diff: 0, Sum: 0, Workers: 4
[3078.859s][debug][gc,phases      ] GC(162)     Total                          Min: 0, Avg:  1.5, Max: 6, Diff: 6, Sum: 6, Workers: 4
[3078.859s][debug][gc,phases      ] GC(162)   JVMTI Tag Weak OopStorage      Min:  0.0, Avg:  0.0, Max:  0.0, Diff:  0.0, Sum:  0.0, Workers: 4
[3078.859s][debug][gc,phases      ] GC(162)     Dead                           Min: 0, Avg:  0.0, Max: 0, Diff: 0, Sum: 0, Workers: 4
[3078.859s][debug][gc,phases      ] GC(162)     Total                          Min: 0, Avg:  0.0, Max: 0, Diff: 0, Sum: 0, Workers: 4
[3078.859s][debug][gc,phases      ] GC(162)   StringTable Weak               Min:  0.1, Avg:  0.1, Max:  0.1, Diff:  0.0, Sum:  0.4, Workers: 4
[3078.859s][debug][gc,phases      ] GC(162)     Dead                           Min: 0, Avg:  0.0, Max: 0, Diff: 0, Sum: 0, Workers: 4
[3078.859s][debug][gc,phases      ] GC(162)     Total                          Min: 11264, Avg: 11347.0, Max: 11520, Diff: 256, Sum: 45388, Workers: 4
[3078.859s][debug][gc,phases      ] GC(162)   ResolvedMethodTable Weak       Min:  0.0, Avg:  0.0, Max:  0.0, Diff:  0.0, Sum:  0.1, Workers: 4
[3078.859s][debug][gc,phases      ] GC(162)     Dead                           Min: 0, Avg:  0.0, Max: 0, Diff: 0, Sum: 0, Workers: 4
[3078.859s][debug][gc,phases      ] GC(162)     Total                          Min: 2816, Avg: 2936.2, Max: 3072, Diff: 256, Sum: 11745, Workers: 4
[3078.859s][debug][gc,phases      ] GC(162)   JNI Weak                       Min:  0.0, Avg:  0.0, Max:  0.0, Diff:  0.0, Sum:  0.0, Workers: 4
[3078.859s][debug][gc,phases      ] GC(162)     Dead                           Min: 0, Avg:  0.0, Max: 0, Diff: 0, Sum: 0, Workers: 4
[3078.859s][debug][gc,phases      ] GC(162)     Total                          Min: 0, Avg: 12.0, Max: 48, Diff: 48, Sum: 48, Workers: 4
[3078.859s][debug][gc,phases      ] GC(162)   StringDedup Table Weak         Min:  0.0, Avg:  0.0, Max:  0.0, Diff:  0.0, Sum:  0.0, Workers: 4
[3078.859s][debug][gc,phases      ] GC(162)     Dead                           Min: 0, Avg:  0.0, Max: 0, Diff: 0, Sum: 0, Workers: 4
[3078.859s][debug][gc,phases      ] GC(162)     Total                          Min: 0, Avg:  0.0, Max: 0, Diff: 0, Sum: 0, Workers: 4
[3078.859s][debug][gc,phases      ] GC(162)   StringDedup Requests0 Weak     Min:  0.0, Avg:  0.0, Max:  0.0, Diff:  0.0, Sum:  0.0, Workers: 4
[3078.859s][debug][gc,phases      ] GC(162)     Dead                           Min: 0, Avg:  0.0, Max: 0, Diff: 0, Sum: 0, Workers: 4
[3078.859s][debug][gc,phases      ] GC(162)     Total                          Min: 0, Avg:  0.0, Max: 0, Diff: 0, Sum: 0, Workers: 4
[3078.859s][debug][gc,phases      ] GC(162)   StringDedup Requests1 Weak     Min:  0.0, Avg:  0.0, Max:  0.0, Diff:  0.0, Sum:  0.0, Workers: 4
[3078.859s][debug][gc,phases      ] GC(162)     Dead                           Min: 0, Avg:  0.0, Max: 0, Diff: 0, Sum: 0, Workers: 4
[3078.859s][debug][gc,phases      ] GC(162)     Total                          Min: 0, Avg:  0.0, Max: 0, Diff: 0, Sum: 0, Workers: 4
[3078.859s][debug][gc,phases      ] GC(162)   Weak JFR Old Object Samples    Min:  0.0, Avg:  0.0, Max:  0.0, Diff:  0.0, Sum:  0.0, Workers: 4
[3078.859s][debug][gc,phases      ] GC(162)     Dead                           Min: 0, Avg:  0.0, Max: 0, Diff: 0, Sum: 0, Workers: 4
[3078.859s][debug][gc,phases      ] GC(162)     Total                          Min: 0, Avg:  0.0, Max: 0, Diff: 0, Sum: 0, Workers: 4
[3078.859s][debug][gc,phases      ] GC(162) Weak Processing 0.310ms
[3078.859s][debug][gc,age         ] GC(162) Desired survivor size 30408704 bytes, new threshold 15 (max threshold 15)
[3078.859s][info ][gc,heap        ] GC(162) PSYoungGen: 2068764K(2068992K)->23532K(2065920K) Eden: 2044928K(2044928K)->0K(2037760K) From: 23836K(24064K)->23532K(28160K)
[3078.859s][info ][gc,heap        ] GC(162) ParOldGen: 512855K(579584K)->512863K(579584K)
[3078.859s][info ][gc,metaspace   ] GC(162) Metaspace: 92223K(93440K)->92223K(93440K) NonClass: 79014K(79680K)->79014K(79680K) Class: 13208K(13760K)->13208K(13760K)
[3078.859s][info ][gc             ] GC(162) Pause Young (Allocation Failure) 2521M->523M(2583M) 9.498ms
[3078.859s][info ][gc,cpu         ] GC(162) User=0.03s Sys=0.00s Real=0.01s
[3078.859s][info ][safepoint      ] Safepoint "ParallelGCFailedAllocation", Time since last: 3536868399 ns, Reaching safepoint: 74599 ns, Cleanup: 4100 ns, At safepoint: 9573448 ns, Total: 9652147 ns
[3083.859s][info ][safepoint      ] Safepoint "Cleanup", Time since last: 5000370351 ns, Reaching safepoint: 79599 ns, Cleanup: 8300 ns, At safepoint: 9900 ns, Total: 97799 ns
[3084.859s][info ][safepoint      ] Safepoint "Cleanup", Time since last: 1000113469 ns, Reaching safepoint: 4900 ns, Cleanup: 12500 ns, At safepoint: 2100 ns, Total: 19500 ns
[3094.860s][info ][safepoint      ] Safepoint "Cleanup", Time since last: 10000695653 ns, Reaching safepoint: 72600 ns, Cleanup: 8499 ns, At safepoint: 5000 ns, Total: 86099 ns
[3098.861s][info ][safepoint      ] Safepoint "Cleanup", Time since last: 4000309144 ns, Reaching safepoint: 72200 ns, Cleanup: 10700 ns, At safepoint: 5600 ns, Total: 88500 ns
[3104.350s][info ][gc,start       ] GC(163) Pause Young (Allocation Failure)
[3104.358s][debug][gc,phases      ] GC(163) Scavenge 8.486ms
[3104.358s][debug][gc,ref         ] GC(163) Skipped phase 1 of Reference Processing: no references
[3104.359s][debug][gc,ref         ] GC(163) ReferenceProcessor::execute queues: 1, RefProcThreadModel::Single, marks_oops_alive: false
[3104.359s][debug][gc,ref         ] GC(163) ReferenceProcessor::execute queues: 4, RefProcThreadModel::Multi, marks_oops_alive: true
[3104.359s][debug][gc,ref         ] GC(163) ReferenceProcessor::execute queues: 1, RefProcThreadModel::Single, marks_oops_alive: false
[3104.359s][debug][gc,phases      ] GC(163) Reference Processing 0.178ms
[3104.359s][debug][gc,phases      ] GC(163)   VM Weak                        Min:  0.0, Avg:  0.0, Max:  0.0, Diff:  0.0, Sum:  0.0, Workers: 4
[3104.359s][debug][gc,phases      ] GC(163)     Dead                           Min: 0, Avg:  0.0, Max: 0, Diff: 0, Sum: 0, Workers: 4
[3104.359s][debug][gc,phases      ] GC(163)     Total                          Min: 0, Avg: 249.8, Max: 831, Diff: 831, Sum: 999, Workers: 4
[3104.359s][debug][gc,phases      ] GC(163)   ObjectSynchronizer Weak        Min:  0.0, Avg:  0.0, Max:  0.0, Diff:  0.0, Sum:  0.0, Workers: 4
[3104.359s][debug][gc,phases      ] GC(163)     Dead                           Min: 0, Avg:  0.0, Max: 0, Diff: 0, Sum: 0, Workers: 4
[3104.359s][debug][gc,phases      ] GC(163)     Total                          Min: 0, Avg:  1.5, Max: 6, Diff: 6, Sum: 6, Workers: 4
[3104.359s][debug][gc,phases      ] GC(163)   JVMTI Tag Weak OopStorage      Min:  0.0, Avg:  0.0, Max:  0.0, Diff:  0.0, Sum:  0.0, Workers: 4
[3104.359s][debug][gc,phases      ] GC(163)     Dead                           Min: 0, Avg:  0.0, Max: 0, Diff: 0, Sum: 0, Workers: 4
[3104.359s][debug][gc,phases      ] GC(163)     Total                          Min: 0, Avg:  0.0, Max: 0, Diff: 0, Sum: 0, Workers: 4
[3104.359s][debug][gc,phases      ] GC(163)   StringTable Weak               Min:  0.0, Avg:  0.1, Max:  0.1, Diff:  0.1, Sum:  0.4, Workers: 4
[3104.359s][debug][gc,phases      ] GC(163)     Dead                           Min: 0, Avg:  0.0, Max: 0, Diff: 0, Sum: 0, Workers: 4
[3104.359s][debug][gc,phases      ] GC(163)     Total                          Min: 0, Avg: 11348.0, Max: 19136, Diff: 19136, Sum: 45392, Workers: 4
[3104.359s][debug][gc,phases      ] GC(163)   ResolvedMethodTable Weak       Min:  0.0, Avg:  0.0, Max:  0.0, Diff:  0.0, Sum:  0.1, Workers: 4
[3104.359s][debug][gc,phases      ] GC(163)     Dead                           Min: 0, Avg:  0.0, Max: 0, Diff: 0, Sum: 0, Workers: 4
[3104.359s][debug][gc,phases      ] GC(163)     Total                          Min: 0, Avg: 2936.2, Max: 5311, Diff: 5311, Sum: 11745, Workers: 4
[3104.359s][debug][gc,phases      ] GC(163)   JNI Weak                       Min:  0.0, Avg:  0.0, Max:  0.0, Diff:  0.0, Sum:  0.0, Workers: 4
[3104.359s][debug][gc,phases      ] GC(163)     Dead                           Min: 0, Avg:  0.0, Max: 0, Diff: 0, Sum: 0, Workers: 4
[3104.359s][debug][gc,phases      ] GC(163)     Total                          Min: 0, Avg: 12.0, Max: 48, Diff: 48, Sum: 48, Workers: 4
[3104.359s][debug][gc,phases      ] GC(163)   StringDedup Table Weak         Min:  0.0, Avg:  0.0, Max:  0.0, Diff:  0.0, Sum:  0.0, Workers: 4
[3104.359s][debug][gc,phases      ] GC(163)     Dead                           Min: 0, Avg:  0.0, Max: 0, Diff: 0, Sum: 0, Workers: 4
[3104.359s][debug][gc,phases      ] GC(163)     Total                          Min: 0, Avg:  0.0, Max: 0, Diff: 0, Sum: 0, Workers: 4
[3104.359s][debug][gc,phases      ] GC(163)   StringDedup Requests0 Weak     Min:  0.0, Avg:  0.0, Max:  0.0, Diff:  0.0, Sum:  0.0, Workers: 4
[3104.359s][debug][gc,phases      ] GC(163)     Dead                           Min: 0, Avg:  0.0, Max: 0, Diff: 0, Sum: 0, Workers: 4
[3104.359s][debug][gc,phases      ] GC(163)     Total                          Min: 0, Avg:  0.0, Max: 0, Diff: 0, Sum: 0, Workers: 4
[3104.359s][debug][gc,phases      ] GC(163)   StringDedup Requests1 Weak     Min:  0.0, Avg:  0.0, Max:  0.0, Diff:  0.0, Sum:  0.0, Workers: 4
[3104.359s][debug][gc,phases      ] GC(163)     Dead                           Min: 0, Avg:  0.0, Max: 0, Diff: 0, Sum: 0, Workers: 4
[3104.359s][debug][gc,phases      ] GC(163)     Total                          Min: 0, Avg:  0.0, Max: 0, Diff: 0, Sum: 0, Workers: 4
[3104.359s][debug][gc,phases      ] GC(163)   Weak JFR Old Object Samples    Min:  0.0, Avg:  0.0, Max:  0.0, Diff:  0.0, Sum:  0.0, Workers: 4
[3104.359s][debug][gc,phases      ] GC(163)     Dead                           Min: 0, Avg:  0.0, Max: 0, Diff: 0, Sum: 0, Workers: 4
[3104.359s][debug][gc,phases      ] GC(163)     Total                          Min: 0, Avg:  0.0, Max: 0, Diff: 0, Sum: 0, Workers: 4
[3104.359s][debug][gc,phases      ] GC(163) Weak Processing 0.324ms
[3104.359s][debug][gc,age         ] GC(163) Desired survivor size 31981568 bytes, new threshold 15 (max threshold 15)
[3104.359s][info ][gc,heap        ] GC(163) PSYoungGen: 2061292K(2065920K)->23628K(2061824K) Eden: 2037760K(2037760K)->0K(2037760K) From: 23532K(28160K)->23628K(24064K)
[3104.359s][info ][gc,heap        ] GC(163) ParOldGen: 512863K(579584K)->512903K(579584K)
[3104.359s][info ][gc,metaspace   ] GC(163) Metaspace: 92229K(93440K)->92229K(93440K) NonClass: 79021K(79680K)->79021K(79680K) Class: 13208K(13760K)->13208K(13760K)
[3104.359s][info ][gc             ] GC(163) Pause Young (Allocation Failure) 2513M->523M(2579M) 9.113ms
[3104.359s][info ][gc,cpu         ] GC(163) User=0.03s Sys=0.00s Real=0.01s
[3104.359s][info ][safepoint      ] Safepoint "ParallelGCFailedAllocation", Time since last: 5489226296 ns, Reaching safepoint: 77700 ns, Cleanup: 4899 ns, At safepoint: 9207452 ns, Total: 9290051 ns
[3111.360s][info ][safepoint      ] Safepoint "Cleanup", Time since last: 7000488690 ns, Reaching safepoint: 75899 ns, Cleanup: 10000 ns, At safepoint: 7800 ns, Total: 93699 ns
[3113.360s][info ][safepoint      ] Safepoint "Cleanup", Time since last: 2000174043 ns, Reaching safepoint: 73600 ns, Cleanup: 8900 ns, At safepoint: 5300 ns, Total: 87800 ns
[3114.360s][info ][safepoint      ] Safepoint "Cleanup", Time since last: 1000103572 ns, Reaching safepoint: 4300 ns, Cleanup: 9100 ns, At safepoint: 2300 ns, Total: 15700 ns
[3118.360s][info ][safepoint      ] Safepoint "Cleanup", Time since last: 4000313680 ns, Reaching safepoint: 4500 ns, Cleanup: 8700 ns, At safepoint: 1700 ns, Total: 14900 ns
[3129.931s][info ][safepoint      ] Safepoint "Cleanup", Time since last: 11570912504 ns, Reaching safepoint: 4600 ns, Cleanup: 6000 ns, At safepoint: 1600 ns, Total: 12200 ns
[3130.931s][info ][safepoint      ] Safepoint "Cleanup", Time since last: 1000101096 ns, Reaching safepoint: 4900 ns, Cleanup: 10600 ns, At safepoint: 2100 ns, Total: 17600 ns
[3130.941s][info ][gc,start       ] GC(164) Pause Young (Allocation Failure)
[3130.950s][debug][gc,phases      ] GC(164) Scavenge 8.927ms
[3130.950s][debug][gc,ref         ] GC(164) Skipped phase 1 of Reference Processing: no references
[3130.950s][debug][gc,ref         ] GC(164) ReferenceProcessor::execute queues: 1, RefProcThreadModel::Single, marks_oops_alive: false
[3130.950s][debug][gc,ref         ] GC(164) ReferenceProcessor::execute queues: 4, RefProcThreadModel::Multi, marks_oops_alive: true
[3130.950s][debug][gc,ref         ] GC(164) ReferenceProcessor::execute queues: 1, RefProcThreadModel::Single, marks_oops_alive: false
[3130.950s][debug][gc,phases      ] GC(164) Reference Processing 0.178ms
[3130.950s][debug][gc,phases      ] GC(164)   VM Weak                        Min:  0.0, Avg:  0.0, Max:  0.0, Diff:  0.0, Sum:  0.0, Workers: 4
[3130.950s][debug][gc,phases      ] GC(164)     Dead                           Min: 0, Avg:  0.0, Max: 0, Diff: 0, Sum: 0, Workers: 4
[3130.950s][debug][gc,phases      ] GC(164)     Total                          Min: 0, Avg: 249.8, Max: 679, Diff: 679, Sum: 999, Workers: 4
[3130.950s][debug][gc,phases      ] GC(164)   ObjectSynchronizer Weak        Min:  0.0, Avg:  0.0, Max:  0.0, Diff:  0.0, Sum:  0.0, Workers: 4
[3130.950s][debug][gc,phases      ] GC(164)     Dead                           Min: 0, Avg:  0.0, Max: 0, Diff: 0, Sum: 0, Workers: 4
[3130.951s][debug][gc,phases      ] GC(164)     Total                          Min: 0, Avg:  1.2, Max: 5, Diff: 5, Sum: 5, Workers: 4
[3130.951s][debug][gc,phases      ] GC(164)   JVMTI Tag Weak OopStorage      Min:  0.0, Avg:  0.0, Max:  0.0, Diff:  0.0, Sum:  0.0, Workers: 4
[3130.951s][debug][gc,phases      ] GC(164)     Dead                           Min: 0, Avg:  0.0, Max: 0, Diff: 0, Sum: 0, Workers: 4
[3130.951s][debug][gc,phases      ] GC(164)     Total                          Min: 0, Avg:  0.0, Max: 0, Diff: 0, Sum: 0, Workers: 4
[3130.951s][debug][gc,phases      ] GC(164)   StringTable Weak               Min:  0.0, Avg:  0.1, Max:  0.1, Diff:  0.1, Sum:  0.4, Workers: 4
[3130.951s][debug][gc,phases      ] GC(164)     Dead                           Min: 0, Avg:  0.0, Max: 0, Diff: 0, Sum: 0, Workers: 4
[3130.951s][debug][gc,phases      ] GC(164)     Total                          Min: 0, Avg: 11348.2, Max: 18385, Diff: 18385, Sum: 45393, Workers: 4
[3130.951s][debug][gc,phases      ] GC(164)   ResolvedMethodTable Weak       Min:  0.0, Avg:  0.0, Max:  0.0, Diff:  0.0, Sum:  0.1, Workers: 4
[3130.951s][debug][gc,phases      ] GC(164)     Dead                           Min: 0, Avg:  0.0, Max: 0, Diff: 0, Sum: 0, Workers: 4
[3130.951s][debug][gc,phases      ] GC(164)     Total                          Min: 0, Avg: 2936.2, Max: 5247, Diff: 5247, Sum: 11745, Workers: 4
[3130.951s][debug][gc,phases      ] GC(164)   JNI Weak                       Min:  0.0, Avg:  0.0, Max:  0.0, Diff:  0.0, Sum:  0.0, Workers: 4
[3130.951s][debug][gc,phases      ] GC(164)     Dead                           Min: 0, Avg:  0.0, Max: 0, Diff: 0, Sum: 0, Workers: 4
[3130.951s][debug][gc,phases      ] GC(164)     Total                          Min: 0, Avg: 12.0, Max: 48, Diff: 48, Sum: 48, Workers: 4
[3130.951s][debug][gc,phases      ] GC(164)   StringDedup Table Weak         Min:  0.0, Avg:  0.0, Max:  0.0, Diff:  0.0, Sum:  0.0, Workers: 4
[3130.951s][debug][gc,phases      ] GC(164)     Dead                           Min: 0, Avg:  0.0, Max: 0, Diff: 0, Sum: 0, Workers: 4
[3130.951s][debug][gc,phases      ] GC(164)     Total                          Min: 0, Avg:  0.0, Max: 0, Diff: 0, Sum: 0, Workers: 4
[3130.951s][debug][gc,phases      ] GC(164)   StringDedup Requests0 Weak     Min:  0.0, Avg:  0.0, Max:  0.0, Diff:  0.0, Sum:  0.0, Workers: 4
[3130.951s][debug][gc,phases      ] GC(164)     Dead                           Min: 0, Avg:  0.0, Max: 0, Diff: 0, Sum: 0, Workers: 4
[3130.951s][debug][gc,phases      ] GC(164)     Total                          Min: 0, Avg:  0.0, Max: 0, Diff: 0, Sum: 0, Workers: 4
[3130.951s][debug][gc,phases      ] GC(164)   StringDedup Requests1 Weak     Min:  0.0, Avg:  0.0, Max:  0.0, Diff:  0.0, Sum:  0.0, Workers: 4
[3130.951s][debug][gc,phases      ] GC(164)     Dead                           Min: 0, Avg:  0.0, Max: 0, Diff: 0, Sum: 0, Workers: 4
[3130.951s][debug][gc,phases      ] GC(164)     Total                          Min: 0, Avg:  0.0, Max: 0, Diff: 0, Sum: 0, Workers: 4
[3130.951s][debug][gc,phases      ] GC(164)   Weak JFR Old Object Samples    Min:  0.0, Avg:  0.0, Max:  0.0, Diff:  0.0, Sum:  0.0, Workers: 4
[3130.951s][debug][gc,phases      ] GC(164)     Dead                           Min: 0, Avg:  0.0, Max: 0, Diff: 0, Sum: 0, Workers: 4
[3130.951s][debug][gc,phases      ] GC(164)     Total                          Min: 0, Avg:  0.0, Max: 0, Diff: 0, Sum: 0, Workers: 4
[3130.951s][debug][gc,phases      ] GC(164) Weak Processing 0.338ms
[3130.951s][debug][gc,age         ] GC(164) Desired survivor size 32505856 bytes, new threshold 15 (max threshold 15)
[3130.951s][info ][gc,heap        ] GC(164) PSYoungGen: 2061388K(2061824K)->23260K(2064896K) Eden: 2037760K(2037760K)->0K(2033664K) From: 23628K(24064K)->23260K(31232K)
[3130.951s][info ][gc,heap        ] GC(164) ParOldGen: 512903K(579584K)->513419K(579584K)
[3130.951s][info ][gc,metaspace   ] GC(164) Metaspace: 92237K(93440K)->92237K(93440K) NonClass: 79029K(79680K)->79029K(79680K) Class: 13208K(13760K)->13208K(13760K)
[3130.951s][info ][gc             ] GC(164) Pause Young (Allocation Failure) 2513M->524M(2582M) 9.541ms
[3130.951s][info ][gc,cpu         ] GC(164) User=0.04s Sys=0.00s Real=0.01s
[3130.951s][info ][safepoint      ] Safepoint "ParallelGCFailedAllocation", Time since last: 9704548 ns, Reaching safepoint: 2100 ns, Cleanup: 1500 ns, At safepoint: 9612849 ns, Total: 9616449 ns
[3131.951s][info ][safepoint      ] Safepoint "Cleanup", Time since last: 1000081896 ns, Reaching safepoint: 72800 ns, Cleanup: 9100 ns, At safepoint: 5500 ns, Total: 87400 ns
[3155.749s][info ][gc,start       ] GC(165) Pause Young (Allocation Failure)
[3155.757s][debug][gc,phases      ] GC(165) Scavenge 8.041ms
[3155.757s][debug][gc,ref         ] GC(165) Skipped phase 1 of Reference Processing: no references
[3155.757s][debug][gc,ref         ] GC(165) ReferenceProcessor::execute queues: 1, RefProcThreadModel::Single, marks_oops_alive: false
[3155.757s][debug][gc,ref         ] GC(165) ReferenceProcessor::execute queues: 4, RefProcThreadModel::Multi, marks_oops_alive: true
[3155.758s][debug][gc,ref         ] GC(165) ReferenceProcessor::execute queues: 1, RefProcThreadModel::Single, marks_oops_alive: false
[3155.758s][debug][gc,phases      ] GC(165) Reference Processing 0.266ms
[3155.758s][debug][gc,phases      ] GC(165)   VM Weak                        Min:  0.0, Avg:  0.0, Max:  0.0, Diff:  0.0, Sum:  0.0, Workers: 4
[3155.758s][debug][gc,phases      ] GC(165)     Dead                           Min: 0, Avg:  0.0, Max: 0, Diff: 0, Sum: 0, Workers: 4
[3155.758s][debug][gc,phases      ] GC(165)     Total                          Min: 0, Avg: 249.8, Max: 703, Diff: 703, Sum: 999, Workers: 4
[3155.758s][debug][gc,phases      ] GC(165)   ObjectSynchronizer Weak        Min:  0.0, Avg:  0.0, Max:  0.0, Diff:  0.0, Sum:  0.0, Workers: 4
[3155.758s][debug][gc,phases      ] GC(165)     Dead                           Min: 0, Avg:  0.0, Max: 0, Diff: 0, Sum: 0, Workers: 4
[3155.758s][debug][gc,phases      ] GC(165)     Total                          Min: 0, Avg:  1.5, Max: 6, Diff: 6, Sum: 6, Workers: 4
[3155.758s][debug][gc,phases      ] GC(165)   JVMTI Tag Weak OopStorage      Min:  0.0, Avg:  0.0, Max:  0.0, Diff:  0.0, Sum:  0.0, Workers: 4
[3155.758s][debug][gc,phases      ] GC(165)     Dead                           Min: 0, Avg:  0.0, Max: 0, Diff: 0, Sum: 0, Workers: 4
[3155.758s][debug][gc,phases      ] GC(165)     Total                          Min: 0, Avg:  0.0, Max: 0, Diff: 0, Sum: 0, Workers: 4
[3155.758s][debug][gc,phases      ] GC(165)   StringTable Weak               Min:  0.0, Avg:  0.1, Max:  0.2, Diff:  0.2, Sum:  0.4, Workers: 4
[3155.758s][debug][gc,phases      ] GC(165)     Dead                           Min: 0, Avg:  0.0, Max: 0, Diff: 0, Sum: 0, Workers: 4
[3155.758s][debug][gc,phases      ] GC(165)     Total                          Min: 0, Avg: 11348.2, Max: 22865, Diff: 22865, Sum: 45393, Workers: 4
[3155.758s][debug][gc,phases      ] GC(165)   ResolvedMethodTable Weak       Min:  0.0, Avg:  0.0, Max:  0.1, Diff:  0.1, Sum:  0.1, Workers: 4
[3155.758s][debug][gc,phases      ] GC(165)     Dead                           Min: 0, Avg:  0.0, Max: 0, Diff: 0, Sum: 0, Workers: 4
[3155.758s][debug][gc,phases      ] GC(165)     Total                          Min: 0, Avg: 2936.2, Max: 5986, Diff: 5986, Sum: 11745, Workers: 4
[3155.758s][debug][gc,phases      ] GC(165)   JNI Weak                       Min:  0.0, Avg:  0.0, Max:  0.0, Diff:  0.0, Sum:  0.0, Workers: 4
[3155.758s][debug][gc,phases      ] GC(165)     Dead                           Min: 0, Avg:  0.0, Max: 0, Diff: 0, Sum: 0, Workers: 4
[3155.758s][debug][gc,phases      ] GC(165)     Total                          Min: 0, Avg: 12.0, Max: 48, Diff: 48, Sum: 48, Workers: 4
[3155.758s][debug][gc,phases      ] GC(165)   StringDedup Table Weak         Min:  0.0, Avg:  0.0, Max:  0.0, Diff:  0.0, Sum:  0.0, Workers: 4
[3155.758s][debug][gc,phases      ] GC(165)     Dead                           Min: 0, Avg:  0.0, Max: 0, Diff: 0, Sum: 0, Workers: 4
[3155.758s][debug][gc,phases      ] GC(165)     Total                          Min: 0, Avg:  0.0, Max: 0, Diff: 0, Sum: 0, Workers: 4
[3155.758s][debug][gc,phases      ] GC(165)   StringDedup Requests0 Weak     Min:  0.0, Avg:  0.0, Max:  0.0, Diff:  0.0, Sum:  0.0, Workers: 4
[3155.758s][debug][gc,phases      ] GC(165)     Dead                           Min: 0, Avg:  0.0, Max: 0, Diff: 0, Sum: 0, Workers: 4
[3155.758s][debug][gc,phases      ] GC(165)     Total                          Min: 0, Avg:  0.0, Max: 0, Diff: 0, Sum: 0, Workers: 4
[3155.758s][debug][gc,phases      ] GC(165)   StringDedup Requests1 Weak     Min:  0.0, Avg:  0.0, Max:  0.0, Diff:  0.0, Sum:  0.0, Workers: 4
[3155.758s][debug][gc,phases      ] GC(165)     Dead                           Min: 0, Avg:  0.0, Max: 0, Diff: 0, Sum: 0, Workers: 4
[3155.758s][debug][gc,phases      ] GC(165)     Total                          Min: 0, Avg:  0.0, Max: 0, Diff: 0, Sum: 0, Workers: 4
[3155.758s][debug][gc,phases      ] GC(165)   Weak JFR Old Object Samples    Min:  0.0, Avg:  0.0, Max:  0.0, Diff:  0.0, Sum:  0.0, Workers: 4
[3155.758s][debug][gc,phases      ] GC(165)     Dead                           Min: 0, Avg:  0.0, Max: 0, Diff: 0, Sum: 0, Workers: 4
[3155.758s][debug][gc,phases      ] GC(165)     Total                          Min: 0, Avg:  0.0, Max: 0, Diff: 0, Sum: 0, Workers: 4
[3155.758s][debug][gc,phases      ] GC(165) Weak Processing 0.438ms
[3155.758s][debug][gc,age         ] GC(165) Desired survivor size 33030144 bytes, new threshold 15 (max threshold 15)
[3155.758s][info ][gc,heap        ] GC(165) PSYoungGen: 2056924K(2064896K)->23142K(2057216K) Eden: 2033664K(2033664K)->0K(2033664K) From: 23260K(31232K)->23142K(23552K)
[3155.758s][info ][gc,heap        ] GC(165) ParOldGen: 513419K(579584K)->513459K(579584K)
[3155.758s][info ][gc,metaspace   ] GC(165) Metaspace: 92237K(93440K)->92237K(93440K) NonClass: 79029K(79680K)->79029K(79680K) Class: 13208K(13760K)->13208K(13760K)
[3155.758s][info ][gc             ] GC(165) Pause Young (Allocation Failure) 2510M->524M(2575M) 8.863ms
[3155.758s][info ][gc,cpu         ] GC(165) User=0.03s Sys=0.00s Real=0.01s
[3155.758s][info ][safepoint      ] Safepoint "ParallelGCFailedAllocation", Time since last: 23798253654 ns, Reaching safepoint: 75600 ns, Cleanup: 3399 ns, At safepoint: 8944854 ns, Total: 9023853 ns
[3157.209s][info ][safepoint      ] Safepoint "Cleanup", Time since last: 1450443282 ns, Reaching safepoint: 76100 ns, Cleanup: 7700 ns, At safepoint: 6900 ns, Total: 90700 ns
[3158.209s][info ][safepoint      ] Safepoint "Cleanup", Time since last: 1000109816 ns, Reaching safepoint: 71400 ns, Cleanup: 15000 ns, At safepoint: 4800 ns, Total: 91200 ns
[3160.209s][info ][safepoint      ] Safepoint "Cleanup", Time since last: 2000174533 ns, Reaching safepoint: 71900 ns, Cleanup: 11399 ns, At safepoint: 4800 ns, Total: 88099 ns
[3161.209s][info ][safepoint      ] Safepoint "Cleanup", Time since last: 1000121617 ns, Reaching safepoint: 75899 ns, Cleanup: 12000 ns, At safepoint: 5500 ns, Total: 93399 ns
[3176.210s][info ][safepoint      ] Safepoint "Cleanup", Time since last: 15001046573 ns, Reaching safepoint: 5000 ns, Cleanup: 11800 ns, At safepoint: 1800 ns, Total: 18600 ns
[3180.945s][info ][safepoint      ] Safepoint "Cleanup", Time since last: 4735032754 ns, Reaching safepoint: 3400 ns, Cleanup: 12300 ns, At safepoint: 3900 ns, Total: 19600 ns
[3181.699s][info ][gc,start       ] GC(166) Pause Young (Allocation Failure)
[3181.708s][debug][gc,phases      ] GC(166) Scavenge 8.589ms
[3181.708s][debug][gc,ref         ] GC(166) Skipped phase 1 of Reference Processing: no references
[3181.708s][debug][gc,ref         ] GC(166) ReferenceProcessor::execute queues: 1, RefProcThreadModel::Single, marks_oops_alive: false
[3181.708s][debug][gc,ref         ] GC(166) ReferenceProcessor::execute queues: 4, RefProcThreadModel::Multi, marks_oops_alive: true
[3181.708s][debug][gc,ref         ] GC(166) ReferenceProcessor::execute queues: 1, RefProcThreadModel::Single, marks_oops_alive: false
[3181.708s][debug][gc,phases      ] GC(166) Reference Processing 0.185ms
[3181.708s][debug][gc,phases      ] GC(166)   VM Weak                        Min:  0.0, Avg:  0.0, Max:  0.0, Diff:  0.0, Sum:  0.0, Workers: 4
[3181.709s][debug][gc,phases      ] GC(166)     Dead                           Min: 0, Avg:  0.0, Max: 0, Diff: 0, Sum: 0, Workers: 4
[3181.709s][debug][gc,phases      ] GC(166)     Total                          Min: 0, Avg: 250.0, Max: 959, Diff: 959, Sum: 1000, Workers: 4
[3181.709s][debug][gc,phases      ] GC(166)   ObjectSynchronizer Weak        Min:  0.0, Avg:  0.0, Max:  0.0, Diff:  0.0, Sum:  0.0, Workers: 4
[3181.709s][debug][gc,phases      ] GC(166)     Dead                           Min: 0, Avg:  0.0, Max: 0, Diff: 0, Sum: 0, Workers: 4
[3181.709s][debug][gc,phases      ] GC(166)     Total                          Min: 0, Avg:  1.2, Max: 5, Diff: 5, Sum: 5, Workers: 4
[3181.709s][debug][gc,phases      ] GC(166)   JVMTI Tag Weak OopStorage      Min:  0.0, Avg:  0.0, Max:  0.0, Diff:  0.0, Sum:  0.0, Workers: 4
[3181.709s][debug][gc,phases      ] GC(166)     Dead                           Min: 0, Avg:  0.0, Max: 0, Diff: 0, Sum: 0, Workers: 4
[3181.709s][debug][gc,phases      ] GC(166)     Total                          Min: 0, Avg:  0.0, Max: 0, Diff: 0, Sum: 0, Workers: 4
[3181.709s][debug][gc,phases      ] GC(166)   StringTable Weak               Min:  0.0, Avg:  0.1, Max:  0.1, Diff:  0.1, Sum:  0.4, Workers: 4
[3181.709s][debug][gc,phases      ] GC(166)     Dead                           Min: 0, Avg:  0.0, Max: 0, Diff: 0, Sum: 0, Workers: 4
[3181.709s][debug][gc,phases      ] GC(166)     Total                          Min: 0, Avg: 11349.2, Max: 15808, Diff: 15808, Sum: 45397, Workers: 4
[3181.709s][debug][gc,phases      ] GC(166)   ResolvedMethodTable Weak       Min:  0.0, Avg:  0.0, Max:  0.0, Diff:  0.0, Sum:  0.1, Workers: 4
[3181.709s][debug][gc,phases      ] GC(166)     Dead                           Min: 0, Avg:  0.0, Max: 0, Diff: 0, Sum: 0, Workers: 4
[3181.709s][debug][gc,phases      ] GC(166)     Total                          Min: 0, Avg: 2936.2, Max: 4032, Diff: 4032, Sum: 11745, Workers: 4
[3181.709s][debug][gc,phases      ] GC(166)   JNI Weak                       Min:  0.0, Avg:  0.0, Max:  0.0, Diff:  0.0, Sum:  0.0, Workers: 4
[3181.709s][debug][gc,phases      ] GC(166)     Dead                           Min: 0, Avg:  0.0, Max: 0, Diff: 0, Sum: 0, Workers: 4
[3181.709s][debug][gc,phases      ] GC(166)     Total                          Min: 0, Avg: 12.0, Max: 48, Diff: 48, Sum: 48, Workers: 4
[3181.709s][debug][gc,phases      ] GC(166)   StringDedup Table Weak         Min:  0.0, Avg:  0.0, Max:  0.0, Diff:  0.0, Sum:  0.0, Workers: 4
[3181.709s][debug][gc,phases      ] GC(166)     Dead                           Min: 0, Avg:  0.0, Max: 0, Diff: 0, Sum: 0, Workers: 4
[3181.709s][debug][gc,phases      ] GC(166)     Total                          Min: 0, Avg:  0.0, Max: 0, Diff: 0, Sum: 0, Workers: 4
[3181.709s][debug][gc,phases      ] GC(166)   StringDedup Requests0 Weak     Min:  0.0, Avg:  0.0, Max:  0.0, Diff:  0.0, Sum:  0.0, Workers: 4
[3181.709s][debug][gc,phases      ] GC(166)     Dead                           Min: 0, Avg:  0.0, Max: 0, Diff: 0, Sum: 0, Workers: 4
[3181.709s][debug][gc,phases      ] GC(166)     Total                          Min: 0, Avg:  0.0, Max: 0, Diff: 0, Sum: 0, Workers: 4
[3181.709s][debug][gc,phases      ] GC(166)   StringDedup Requests1 Weak     Min:  0.0, Avg:  0.0, Max:  0.0, Diff:  0.0, Sum:  0.0, Workers: 4
[3181.709s][debug][gc,phases      ] GC(166)     Dead                           Min: 0, Avg:  0.0, Max: 0, Diff: 0, Sum: 0, Workers: 4
[3181.709s][debug][gc,phases      ] GC(166)     Total                          Min: 0, Avg:  0.0, Max: 0, Diff: 0, Sum: 0, Workers: 4
[3181.709s][debug][gc,phases      ] GC(166)   Weak JFR Old Object Samples    Min:  0.0, Avg:  0.0, Max:  0.0, Diff:  0.0, Sum:  0.0, Workers: 4
[3181.709s][debug][gc,phases      ] GC(166)     Dead                           Min: 0, Avg:  0.0, Max: 0, Diff: 0, Sum: 0, Workers: 4
[3181.709s][debug][gc,phases      ] GC(166)     Total                          Min: 0, Avg:  0.0, Max: 0, Diff: 0, Sum: 0, Workers: 4
[3181.709s][debug][gc,phases      ] GC(166) Weak Processing 0.363ms
[3181.709s][debug][gc,age         ] GC(166) Desired survivor size 33554432 bytes, new threshold 15 (max threshold 15)
[3181.709s][info ][gc,heap        ] GC(166) PSYoungGen: 2056806K(2057216K)->23372K(2063872K) Eden: 2033664K(2033664K)->0K(2031616K) From: 23142K(23552K)->23372K(32256K)
[3181.709s][info ][gc,heap        ] GC(166) ParOldGen: 513459K(579584K)->513575K(579584K)
[3181.709s][info ][gc,metaspace   ] GC(166) Metaspace: 92254K(93440K)->92254K(93440K) NonClass: 79045K(79680K)->79045K(79680K) Class: 13208K(13760K)->13208K(13760K)
[3181.709s][info ][gc             ] GC(166) Pause Young (Allocation Failure) 2510M->524M(2581M) 9.251ms
[3181.709s][info ][gc,cpu         ] GC(166) User=0.03s Sys=0.00s Real=0.01s
[3181.709s][info ][safepoint      ] Safepoint "ParallelGCFailedAllocation", Time since last: 753813956 ns, Reaching safepoint: 76900 ns, Cleanup: 3700 ns, At safepoint: 9328351 ns, Total: 9408951 ns
[3183.709s][info ][safepoint      ] Safepoint "Cleanup", Time since last: 2000137137 ns, Reaching safepoint: 73399 ns, Cleanup: 9000 ns, At safepoint: 6400 ns, Total: 88799 ns
[3184.709s][info ][safepoint      ] Safepoint "Cleanup", Time since last: 1000102468 ns, Reaching safepoint: 4900 ns, Cleanup: 10600 ns, At safepoint: 1900 ns, Total: 17400 ns
[3187.709s][info ][safepoint      ] Safepoint "Cleanup", Time since last: 3000232770 ns, Reaching safepoint: 71700 ns, Cleanup: 6600 ns, At safepoint: 5200 ns, Total: 83500 ns
[3191.710s][info ][safepoint      ] Safepoint "Cleanup", Time since last: 4000321493 ns, Reaching safepoint: 77500 ns, Cleanup: 8900 ns, At safepoint: 6200 ns, Total: 92600 ns
[3195.710s][info ][safepoint      ] Safepoint "Cleanup", Time since last: 4000300220 ns, Reaching safepoint: 76500 ns, Cleanup: 10500 ns, At safepoint: 5900 ns, Total: 92900 ns
[3197.333s][info ][safepoint      ] Safepoint "Cleanup", Time since last: 1622924177 ns, Reaching safepoint: 4500 ns, Cleanup: 11000 ns, At safepoint: 2200 ns, Total: 17700 ns
[3203.334s][info ][safepoint      ] Safepoint "Cleanup", Time since last: 6000419520 ns, Reaching safepoint: 4800 ns, Cleanup: 7900 ns, At safepoint: 1700 ns, Total: 14400 ns
[3207.334s][info ][safepoint      ] Safepoint "Cleanup", Time since last: 4000288636 ns, Reaching safepoint: 6300 ns, Cleanup: 11000 ns, At safepoint: 1800 ns, Total: 19100 ns
[3207.954s][info ][gc,start       ] GC(167) Pause Young (Allocation Failure)
[3207.962s][debug][gc,phases      ] GC(167) Scavenge 8.133ms
[3207.962s][debug][gc,ref         ] GC(167) Skipped phase 1 of Reference Processing: no references
[3207.962s][debug][gc,ref         ] GC(167) ReferenceProcessor::execute queues: 1, RefProcThreadModel::Single, marks_oops_alive: false
[3207.963s][debug][gc,ref         ] GC(167) ReferenceProcessor::execute queues: 4, RefProcThreadModel::Multi, marks_oops_alive: true
[3207.963s][debug][gc,ref         ] GC(167) ReferenceProcessor::execute queues: 1, RefProcThreadModel::Single, marks_oops_alive: false
[3207.963s][debug][gc,phases      ] GC(167) Reference Processing 0.175ms
[3207.963s][debug][gc,phases      ] GC(167)   VM Weak                        Min:  0.0, Avg:  0.0, Max:  0.0, Diff:  0.0, Sum:  0.0, Workers: 4
[3207.963s][debug][gc,phases      ] GC(167)     Dead                           Min: 0, Avg:  0.0, Max: 0, Diff: 0, Sum: 0, Workers: 4
[3207.963s][debug][gc,phases      ] GC(167)     Total                          Min: 0, Avg: 250.0, Max: 895, Diff: 895, Sum: 1000, Workers: 4
[3207.963s][debug][gc,phases      ] GC(167)   ObjectSynchronizer Weak        Min:  0.0, Avg:  0.0, Max:  0.0, Diff:  0.0, Sum:  0.0, Workers: 4
[3207.963s][debug][gc,phases      ] GC(167)     Dead                           Min: 0, Avg:  0.0, Max: 0, Diff: 0, Sum: 0, Workers: 4
[3207.963s][debug][gc,phases      ] GC(167)     Total                          Min: 0, Avg:  1.5, Max: 6, Diff: 6, Sum: 6, Workers: 4
[3207.963s][debug][gc,phases      ] GC(167)   JVMTI Tag Weak OopStorage      Min:  0.0, Avg:  0.0, Max:  0.0, Diff:  0.0, Sum:  0.0, Workers: 4
[3207.963s][debug][gc,phases      ] GC(167)     Dead                           Min: 0, Avg:  0.0, Max: 0, Diff: 0, Sum: 0, Workers: 4
[3207.963s][debug][gc,phases      ] GC(167)     Total                          Min: 0, Avg:  0.0, Max: 0, Diff: 0, Sum: 0, Workers: 4
[3207.963s][debug][gc,phases      ] GC(167)   StringTable Weak               Min:  0.0, Avg:  0.1, Max:  0.1, Diff:  0.1, Sum:  0.4, Workers: 4
[3207.963s][debug][gc,phases      ] GC(167)     Dead                           Min: 0, Avg:  0.0, Max: 0, Diff: 0, Sum: 0, Workers: 4
[3207.963s][debug][gc,phases      ] GC(167)     Total                          Min: 0, Avg: 11351.0, Max: 19776, Diff: 19776, Sum: 45404, Workers: 4
[3207.963s][debug][gc,phases      ] GC(167)   ResolvedMethodTable Weak       Min:  0.0, Avg:  0.0, Max:  0.0, Diff:  0.0, Sum:  0.1, Workers: 4
[3207.963s][debug][gc,phases      ] GC(167)     Dead                           Min: 0, Avg:  0.0, Max: 0, Diff: 0, Sum: 0, Workers: 4
[3207.963s][debug][gc,phases      ] GC(167)     Total                          Min: 0, Avg: 2936.2, Max: 4927, Diff: 4927, Sum: 11745, Workers: 4
[3207.963s][debug][gc,phases      ] GC(167)   JNI Weak                       Min:  0.0, Avg:  0.0, Max:  0.0, Diff:  0.0, Sum:  0.0, Workers: 4
[3207.963s][debug][gc,phases      ] GC(167)     Dead                           Min: 0, Avg:  0.0, Max: 0, Diff: 0, Sum: 0, Workers: 4
[3207.963s][debug][gc,phases      ] GC(167)     Total                          Min: 0, Avg: 12.0, Max: 48, Diff: 48, Sum: 48, Workers: 4
[3207.963s][debug][gc,phases      ] GC(167)   StringDedup Table Weak         Min:  0.0, Avg:  0.0, Max:  0.0, Diff:  0.0, Sum:  0.0, Workers: 4
[3207.963s][debug][gc,phases      ] GC(167)     Dead                           Min: 0, Avg:  0.0, Max: 0, Diff: 0, Sum: 0, Workers: 4
[3207.963s][debug][gc,phases      ] GC(167)     Total                          Min: 0, Avg:  0.0, Max: 0, Diff: 0, Sum: 0, Workers: 4
[3207.963s][debug][gc,phases      ] GC(167)   StringDedup Requests0 Weak     Min:  0.0, Avg:  0.0, Max:  0.0, Diff:  0.0, Sum:  0.0, Workers: 4
[3207.963s][debug][gc,phases      ] GC(167)     Dead                           Min: 0, Avg:  0.0, Max: 0, Diff: 0, Sum: 0, Workers: 4
[3207.963s][debug][gc,phases      ] GC(167)     Total                          Min: 0, Avg:  0.0, Max: 0, Diff: 0, Sum: 0, Workers: 4
[3207.963s][debug][gc,phases      ] GC(167)   StringDedup Requests1 Weak     Min:  0.0, Avg:  0.0, Max:  0.0, Diff:  0.0, Sum:  0.0, Workers: 4
[3207.963s][debug][gc,phases      ] GC(167)     Dead                           Min: 0, Avg:  0.0, Max: 0, Diff: 0, Sum: 0, Workers: 4
[3207.963s][debug][gc,phases      ] GC(167)     Total                          Min: 0, Avg:  0.0, Max: 0, Diff: 0, Sum: 0, Workers: 4
[3207.963s][debug][gc,phases      ] GC(167)   Weak JFR Old Object Samples    Min:  0.0, Avg:  0.0, Max:  0.0, Diff:  0.0, Sum:  0.0, Workers: 4
[3207.963s][debug][gc,phases      ] GC(167)     Dead                           Min: 0, Avg:  0.0, Max: 0, Diff: 0, Sum: 0, Workers: 4
[3207.963s][debug][gc,phases      ] GC(167)     Total                          Min: 0, Avg:  0.0, Max: 0, Diff: 0, Sum: 0, Workers: 4
[3207.963s][debug][gc,phases      ] GC(167) Weak Processing 0.327ms
[3207.963s][debug][gc,age         ] GC(167) Desired survivor size 33554432 bytes, new threshold 15 (max threshold 15)
[3207.963s][info ][gc,heap        ] GC(167) PSYoungGen: 2054988K(2063872K)->23334K(2064384K) Eden: 2031616K(2031616K)->0K(2031616K) From: 23372K(32256K)->23334K(32768K)
[3207.963s][info ][gc,heap        ] GC(167) ParOldGen: 513575K(579584K)->513631K(579584K)
[3207.963s][info ][gc,metaspace   ] GC(167) Metaspace: 92284K(93440K)->92284K(93440K) NonClass: 79075K(79680K)->79075K(79680K) Class: 13208K(13760K)->13208K(13760K)
[3207.963s][info ][gc             ] GC(167) Pause Young (Allocation Failure) 2508M->524M(2582M) 8.744ms
[3207.963s][info ][gc,cpu         ] GC(167) User=0.04s Sys=0.00s Real=0.01s
[3207.963s][info ][safepoint      ] Safepoint "ParallelGCFailedAllocation", Time since last: 620263949 ns, Reaching safepoint: 73100 ns, Cleanup: 3800 ns, At safepoint: 8813154 ns, Total: 8890054 ns
[3215.964s][info ][safepoint      ] Safepoint "Cleanup", Time since last: 8000521077 ns, Reaching safepoint: 4700 ns, Cleanup: 12900 ns, At safepoint: 1800 ns, Total: 19400 ns
[3218.964s][info ][safepoint      ] Safepoint "Cleanup", Time since last: 3000169966 ns, Reaching safepoint: 3800 ns, Cleanup: 8000 ns, At safepoint: 2000 ns, Total: 13800 ns
[3219.964s][info ][safepoint      ] Safepoint "Cleanup", Time since last: 1000088692 ns, Reaching safepoint: 4000 ns, Cleanup: 10000 ns, At safepoint: 1799 ns, Total: 15799 ns
[3223.964s][info ][safepoint      ] Safepoint "Cleanup", Time since last: 4000268867 ns, Reaching safepoint: 3800 ns, Cleanup: 6800 ns, At safepoint: 1600 ns, Total: 12200 ns
[3224.964s][info ][safepoint      ] Safepoint "Cleanup", Time since last: 1000064292 ns, Reaching safepoint: 4100 ns, Cleanup: 7900 ns, At safepoint: 1700 ns, Total: 13700 ns
[3230.965s][info ][safepoint      ] Safepoint "Cleanup", Time since last: 6000407005 ns, Reaching safepoint: 5300 ns, Cleanup: 7900 ns, At safepoint: 2200 ns, Total: 15400 ns
[3233.099s][info ][gc,start       ] GC(168) Pause Young (Allocation Failure)
[3233.108s][debug][gc,phases      ] GC(168) Scavenge 8.559ms
[3233.108s][debug][gc,ref         ] GC(168) Skipped phase 1 of Reference Processing: no references
[3233.108s][debug][gc,ref         ] GC(168) ReferenceProcessor::execute queues: 1, RefProcThreadModel::Single, marks_oops_alive: false
[3233.108s][debug][gc,ref         ] GC(168) ReferenceProcessor::execute queues: 4, RefProcThreadModel::Multi, marks_oops_alive: true
[3233.108s][debug][gc,ref         ] GC(168) ReferenceProcessor::execute queues: 1, RefProcThreadModel::Single, marks_oops_alive: false
[3233.108s][debug][gc,phases      ] GC(168) Reference Processing 0.198ms
[3233.109s][debug][gc,phases      ] GC(168)   VM Weak                        Min:  0.0, Avg:  0.0, Max:  0.0, Diff:  0.0, Sum:  0.0, Workers: 4
[3233.109s][debug][gc,phases      ] GC(168)     Dead                           Min: 0, Avg:  0.0, Max: 0, Diff: 0, Sum: 0, Workers: 4
[3233.109s][debug][gc,phases      ] GC(168)     Total                          Min: 0, Avg: 250.0, Max: 703, Diff: 703, Sum: 1000, Workers: 4
[3233.109s][debug][gc,phases      ] GC(168)   ObjectSynchronizer Weak        Min:  0.0, Avg:  0.0, Max:  0.0, Diff:  0.0, Sum:  0.0, Workers: 4
[3233.109s][debug][gc,phases      ] GC(168)     Dead                           Min: 0, Avg:  0.0, Max: 0, Diff: 0, Sum: 0, Workers: 4
[3233.109s][debug][gc,phases      ] GC(168)     Total                          Min: 0, Avg:  1.5, Max: 6, Diff: 6, Sum: 6, Workers: 4
[3233.109s][debug][gc,phases      ] GC(168)   JVMTI Tag Weak OopStorage      Min:  0.0, Avg:  0.0, Max:  0.0, Diff:  0.0, Sum:  0.0, Workers: 4
[3233.109s][debug][gc,phases      ] GC(168)     Dead                           Min: 0, Avg:  0.0, Max: 0, Diff: 0, Sum: 0, Workers: 4
[3233.109s][debug][gc,phases      ] GC(168)     Total                          Min: 0, Avg:  0.0, Max: 0, Diff: 0, Sum: 0, Workers: 4
[3233.109s][debug][gc,phases      ] GC(168)   StringTable Weak               Min:  0.0, Avg:  0.1, Max:  0.1, Diff:  0.1, Sum:  0.4, Workers: 4
[3233.109s][debug][gc,phases      ] GC(168)     Dead                           Min: 0, Avg:  0.0, Max: 0, Diff: 0, Sum: 0, Workers: 4
[3233.109s][debug][gc,phases      ] GC(168)     Total                          Min: 0, Avg: 11353.5, Max: 17254, Diff: 17254, Sum: 45414, Workers: 4
[3233.109s][debug][gc,phases      ] GC(168)   ResolvedMethodTable Weak       Min:  0.0, Avg:  0.0, Max:  0.0, Diff:  0.0, Sum:  0.1, Workers: 4
[3233.109s][debug][gc,phases      ] GC(168)     Dead                           Min: 0, Avg:  0.0, Max: 0, Diff: 0, Sum: 0, Workers: 4
[3233.109s][debug][gc,phases      ] GC(168)     Total                          Min: 0, Avg: 2936.2, Max: 5247, Diff: 5247, Sum: 11745, Workers: 4
[3233.109s][debug][gc,phases      ] GC(168)   JNI Weak                       Min:  0.0, Avg:  0.0, Max:  0.0, Diff:  0.0, Sum:  0.0, Workers: 4
[3233.109s][debug][gc,phases      ] GC(168)     Dead                           Min: 0, Avg:  0.0, Max: 0, Diff: 0, Sum: 0, Workers: 4
[3233.109s][debug][gc,phases      ] GC(168)     Total                          Min: 0, Avg: 12.0, Max: 48, Diff: 48, Sum: 48, Workers: 4
[3233.109s][debug][gc,phases      ] GC(168)   StringDedup Table Weak         Min:  0.0, Avg:  0.0, Max:  0.0, Diff:  0.0, Sum:  0.0, Workers: 4
[3233.109s][debug][gc,phases      ] GC(168)     Dead                           Min: 0, Avg:  0.0, Max: 0, Diff: 0, Sum: 0, Workers: 4
[3233.109s][debug][gc,phases      ] GC(168)     Total                          Min: 0, Avg:  0.0, Max: 0, Diff: 0, Sum: 0, Workers: 4
[3233.109s][debug][gc,phases      ] GC(168)   StringDedup Requests0 Weak     Min:  0.0, Avg:  0.0, Max:  0.0, Diff:  0.0, Sum:  0.0, Workers: 4
[3233.109s][debug][gc,phases      ] GC(168)     Dead                           Min: 0, Avg:  0.0, Max: 0, Diff: 0, Sum: 0, Workers: 4
[3233.109s][debug][gc,phases      ] GC(168)     Total                          Min: 0, Avg:  0.0, Max: 0, Diff: 0, Sum: 0, Workers: 4
[3233.109s][debug][gc,phases      ] GC(168)   StringDedup Requests1 Weak     Min:  0.0, Avg:  0.0, Max:  0.0, Diff:  0.0, Sum:  0.0, Workers: 4
[3233.109s][debug][gc,phases      ] GC(168)     Dead                           Min: 0, Avg:  0.0, Max: 0, Diff: 0, Sum: 0, Workers: 4
[3233.109s][debug][gc,phases      ] GC(168)     Total                          Min: 0, Avg:  0.0, Max: 0, Diff: 0, Sum: 0, Workers: 4
[3233.109s][debug][gc,phases      ] GC(168)   Weak JFR Old Object Samples    Min:  0.0, Avg:  0.0, Max:  0.0, Diff:  0.0, Sum:  0.0, Workers: 4
[3233.109s][debug][gc,phases      ] GC(168)     Dead                           Min: 0, Avg:  0.0, Max: 0, Diff: 0, Sum: 0, Workers: 4
[3233.109s][debug][gc,phases      ] GC(168)     Total                          Min: 0, Avg:  0.0, Max: 0, Diff: 0, Sum: 0, Workers: 4
[3233.109s][debug][gc,phases      ] GC(168) Weak Processing 0.350ms
[3233.109s][debug][gc,age         ] GC(168) Desired survivor size 34078720 bytes, new threshold 15 (max threshold 15)
[3233.109s][info ][gc,heap        ] GC(168) PSYoungGen: 2054950K(2064384K)->23324K(2063360K) Eden: 2031616K(2031616K)->0K(2030592K) From: 23334K(32768K)->23324K(32768K)
[3233.109s][info ][gc,heap        ] GC(168) ParOldGen: 513631K(579584K)->513699K(579584K)
[3233.109s][info ][gc,metaspace   ] GC(168) Metaspace: 92324K(93568K)->92324K(93568K) NonClass: 79115K(79808K)->79115K(79808K) Class: 13208K(13760K)->13208K(13760K)
[3233.109s][info ][gc             ] GC(168) Pause Young (Allocation Failure) 2508M->524M(2581M) 9.225ms
[3233.109s][info ][gc,cpu         ] GC(168) User=0.04s Sys=0.00s Real=0.01s
[3233.109s][info ][safepoint      ] Safepoint "ParallelGCFailedAllocation", Time since last: 2134765104 ns, Reaching safepoint: 75700 ns, Cleanup: 3900 ns, At safepoint: 9299452 ns, Total: 9379052 ns
[3243.961s][info ][safepoint      ] Safepoint "Cleanup", Time since last: 10852201564 ns, Reaching safepoint: 4500 ns, Cleanup: 7800 ns, At safepoint: 1800 ns, Total: 14100 ns
[3245.961s][info ][safepoint      ] Safepoint "Cleanup", Time since last: 2000158700 ns, Reaching safepoint: 4100 ns, Cleanup: 5899 ns, At safepoint: 1800 ns, Total: 11799 ns
[3246.961s][info ][safepoint      ] Safepoint "Cleanup", Time since last: 1000094900 ns, Reaching safepoint: 3700 ns, Cleanup: 6600 ns, At safepoint: 1600 ns, Total: 11900 ns
[3248.961s][info ][safepoint      ] Safepoint "Cleanup", Time since last: 2000150199 ns, Reaching safepoint: 4200 ns, Cleanup: 7400 ns, At safepoint: 2000 ns, Total: 13600 ns
[3251.962s][info ][safepoint      ] Safepoint "Cleanup", Time since last: 3000219872 ns, Reaching safepoint: 4200 ns, Cleanup: 6400 ns, At safepoint: 1800 ns, Total: 12400 ns
[3257.962s][info ][safepoint      ] Safepoint "Cleanup", Time since last: 6000386295 ns, Reaching safepoint: 5700 ns, Cleanup: 9400 ns, At safepoint: 2300 ns, Total: 17400 ns
[3259.400s][info ][gc,start       ] GC(169) Pause Young (Allocation Failure)
[3259.409s][debug][gc,phases      ] GC(169) Scavenge 9.191ms
[3259.409s][debug][gc,ref         ] GC(169) Skipped phase 1 of Reference Processing: no references
[3259.409s][debug][gc,ref         ] GC(169) ReferenceProcessor::execute queues: 1, RefProcThreadModel::Single, marks_oops_alive: false
[3259.409s][debug][gc,ref         ] GC(169) ReferenceProcessor::execute queues: 4, RefProcThreadModel::Multi, marks_oops_alive: true
[3259.409s][debug][gc,ref         ] GC(169) ReferenceProcessor::execute queues: 1, RefProcThreadModel::Single, marks_oops_alive: false
[3259.409s][debug][gc,phases      ] GC(169) Reference Processing 0.193ms
[3259.410s][debug][gc,phases      ] GC(169)   VM Weak                        Min:  0.0, Avg:  0.0, Max:  0.0, Diff:  0.0, Sum:  0.0, Workers: 4
[3259.410s][debug][gc,phases      ] GC(169)     Dead                           Min: 0, Avg:  0.0, Max: 0, Diff: 0, Sum: 0, Workers: 4
[3259.410s][debug][gc,phases      ] GC(169)     Total                          Min: 0, Avg: 250.0, Max: 512, Diff: 512, Sum: 1000, Workers: 4
[3259.410s][debug][gc,phases      ] GC(169)   ObjectSynchronizer Weak        Min:  0.0, Avg:  0.0, Max:  0.0, Diff:  0.0, Sum:  0.0, Workers: 4
[3259.410s][debug][gc,phases      ] GC(169)     Dead                           Min: 0, Avg:  0.0, Max: 0, Diff: 0, Sum: 0, Workers: 4
[3259.410s][debug][gc,phases      ] GC(169)     Total                          Min: 0, Avg:  1.5, Max: 6, Diff: 6, Sum: 6, Workers: 4
[3259.410s][debug][gc,phases      ] GC(169)   JVMTI Tag Weak OopStorage      Min:  0.0, Avg:  0.0, Max:  0.0, Diff:  0.0, Sum:  0.0, Workers: 4
[3259.410s][debug][gc,phases      ] GC(169)     Dead                           Min: 0, Avg:  0.0, Max: 0, Diff: 0, Sum: 0, Workers: 4
[3259.410s][debug][gc,phases      ] GC(169)     Total                          Min: 0, Avg:  0.0, Max: 0, Diff: 0, Sum: 0, Workers: 4
[3259.410s][debug][gc,phases      ] GC(169)   StringTable Weak               Min:  0.0, Avg:  0.1, Max:  0.1, Diff:  0.1, Sum:  0.4, Workers: 4
[3259.410s][debug][gc,phases      ] GC(169)     Dead                           Min: 0, Avg:  0.0, Max: 0, Diff: 0, Sum: 0, Workers: 4
[3259.410s][debug][gc,phases      ] GC(169)     Total                          Min: 0, Avg: 11354.8, Max: 19499, Diff: 19499, Sum: 45419, Workers: 4
[3259.410s][debug][gc,phases      ] GC(169)   ResolvedMethodTable Weak       Min:  0.0, Avg:  0.0, Max:  0.0, Diff:  0.0, Sum:  0.1, Workers: 4
[3259.410s][debug][gc,phases      ] GC(169)     Dead                           Min: 0, Avg:  0.0, Max: 0, Diff: 0, Sum: 0, Workers: 4
[3259.410s][debug][gc,phases      ] GC(169)     Total                          Min: 0, Avg: 2936.2, Max: 5282, Diff: 5282, Sum: 11745, Workers: 4
[3259.410s][debug][gc,phases      ] GC(169)   JNI Weak                       Min:  0.0, Avg:  0.0, Max:  0.0, Diff:  0.0, Sum:  0.0, Workers: 4
[3259.410s][debug][gc,phases      ] GC(169)     Dead                           Min: 0, Avg:  0.0, Max: 0, Diff: 0, Sum: 0, Workers: 4
[3259.410s][debug][gc,phases      ] GC(169)     Total                          Min: 0, Avg: 12.0, Max: 48, Diff: 48, Sum: 48, Workers: 4
[3259.410s][debug][gc,phases      ] GC(169)   StringDedup Table Weak         Min:  0.0, Avg:  0.0, Max:  0.0, Diff:  0.0, Sum:  0.0, Workers: 4
[3259.410s][debug][gc,phases      ] GC(169)     Dead                           Min: 0, Avg:  0.0, Max: 0, Diff: 0, Sum: 0, Workers: 4
[3259.410s][debug][gc,phases      ] GC(169)     Total                          Min: 0, Avg:  0.0, Max: 0, Diff: 0, Sum: 0, Workers: 4
[3259.410s][debug][gc,phases      ] GC(169)   StringDedup Requests0 Weak     Min:  0.0, Avg:  0.0, Max:  0.0, Diff:  0.0, Sum:  0.0, Workers: 4
[3259.410s][debug][gc,phases      ] GC(169)     Dead                           Min: 0, Avg:  0.0, Max: 0, Diff: 0, Sum: 0, Workers: 4
[3259.410s][debug][gc,phases      ] GC(169)     Total                          Min: 0, Avg:  0.0, Max: 0, Diff: 0, Sum: 0, Workers: 4
[3259.410s][debug][gc,phases      ] GC(169)   StringDedup Requests1 Weak     Min:  0.0, Avg:  0.0, Max:  0.0, Diff:  0.0, Sum:  0.0, Workers: 4
[3259.410s][debug][gc,phases      ] GC(169)     Dead                           Min: 0, Avg:  0.0, Max: 0, Diff: 0, Sum: 0, Workers: 4
[3259.410s][debug][gc,phases      ] GC(169)     Total                          Min: 0, Avg:  0.0, Max: 0, Diff: 0, Sum: 0, Workers: 4
[3259.410s][debug][gc,phases      ] GC(169)   Weak JFR Old Object Samples    Min:  0.0, Avg:  0.0, Max:  0.0, Diff:  0.0, Sum:  0.0, Workers: 4
[3259.410s][debug][gc,phases      ] GC(169)     Dead                           Min: 0, Avg:  0.0, Max: 0, Diff: 0, Sum: 0, Workers: 4
[3259.410s][debug][gc,phases      ] GC(169)     Total                          Min: 0, Avg:  0.0, Max: 0, Diff: 0, Sum: 0, Workers: 4
[3259.410s][debug][gc,phases      ] GC(169) Weak Processing 0.324ms
[3259.410s][debug][gc,age         ] GC(169) Desired survivor size 33030144 bytes, new threshold 15 (max threshold 15)
[3259.410s][info ][gc,heap        ] GC(169) PSYoungGen: 2053916K(2063360K)->17328K(2063872K) Eden: 2030592K(2030592K)->0K(2030592K) From: 23324K(32768K)->17328K(33280K)
[3259.410s][info ][gc,heap        ] GC(169) ParOldGen: 513699K(579584K)->519895K(579584K)
[3259.410s][info ][gc,metaspace   ] GC(169) Metaspace: 92351K(93568K)->92351K(93568K) NonClass: 79143K(79808K)->79143K(79808K) Class: 13208K(13760K)->13208K(13760K)
[3259.410s][info ][gc             ] GC(169) Pause Young (Allocation Failure) 2507M->524M(2581M) 9.820ms
[3259.410s][info ][gc,cpu         ] GC(169) User=0.04s Sys=0.00s Real=0.01s
[3259.410s][info ][safepoint      ] Safepoint "ParallelGCFailedAllocation", Time since last: 1437848639 ns, Reaching safepoint: 76399 ns, Cleanup: 3000 ns, At safepoint: 9890549 ns, Total: 9969948 ns
[3261.410s][info ][safepoint      ] Safepoint "Cleanup", Time since last: 2000146521 ns, Reaching safepoint: 4200 ns, Cleanup: 6500 ns, At safepoint: 1600 ns, Total: 12300 ns
[3264.410s][info ][safepoint      ] Safepoint "Cleanup", Time since last: 3000211631 ns, Reaching safepoint: 4700 ns, Cleanup: 8000 ns, At safepoint: 1800 ns, Total: 14500 ns
[3268.411s][info ][safepoint      ] Safepoint "Cleanup", Time since last: 4000258192 ns, Reaching safepoint: 4000 ns, Cleanup: 8800 ns, At safepoint: 1600 ns, Total: 14400 ns
[3275.411s][info ][safepoint      ] Safepoint "Cleanup", Time since last: 7000490286 ns, Reaching safepoint: 3900 ns, Cleanup: 10400 ns, At safepoint: 2800 ns, Total: 17100 ns
[3282.164s][info ][gc,start       ] GC(170) Pause Young (Allocation Failure)
[3282.174s][debug][gc,phases      ] GC(170) Scavenge 9.564ms
[3282.174s][debug][gc,ref         ] GC(170) Skipped phase 1 of Reference Processing: no references
[3282.174s][debug][gc,ref         ] GC(170) ReferenceProcessor::execute queues: 1, RefProcThreadModel::Single, marks_oops_alive: false
[3282.174s][debug][gc,ref         ] GC(170) ReferenceProcessor::execute queues: 4, RefProcThreadModel::Multi, marks_oops_alive: true
[3282.174s][debug][gc,ref         ] GC(170) ReferenceProcessor::execute queues: 1, RefProcThreadModel::Single, marks_oops_alive: false
[3282.174s][debug][gc,phases      ] GC(170) Reference Processing 0.185ms
[3282.174s][debug][gc,phases      ] GC(170)   VM Weak                        Min:  0.0, Avg:  0.0, Max:  0.0, Diff:  0.0, Sum:  0.0, Workers: 4
[3282.174s][debug][gc,phases      ] GC(170)     Dead                           Min: 0, Avg:  0.0, Max: 0, Diff: 0, Sum: 0, Workers: 4
[3282.174s][debug][gc,phases      ] GC(170)     Total                          Min: 0, Avg: 250.0, Max: 511, Diff: 511, Sum: 1000, Workers: 4
[3282.174s][debug][gc,phases      ] GC(170)   ObjectSynchronizer Weak        Min:  0.0, Avg:  0.0, Max:  0.0, Diff:  0.0, Sum:  0.0, Workers: 4
[3282.174s][debug][gc,phases      ] GC(170)     Dead                           Min: 0, Avg:  0.0, Max: 0, Diff: 0, Sum: 0, Workers: 4
[3282.174s][debug][gc,phases      ] GC(170)     Total                          Min: 0, Avg:  1.5, Max: 6, Diff: 6, Sum: 6, Workers: 4
[3282.174s][debug][gc,phases      ] GC(170)   JVMTI Tag Weak OopStorage      Min:  0.0, Avg:  0.0, Max:  0.0, Diff:  0.0, Sum:  0.0, Workers: 4
[3282.174s][debug][gc,phases      ] GC(170)     Dead                           Min: 0, Avg:  0.0, Max: 0, Diff: 0, Sum: 0, Workers: 4
[3282.174s][debug][gc,phases      ] GC(170)     Total                          Min: 0, Avg:  0.0, Max: 0, Diff: 0, Sum: 0, Workers: 4
[3282.174s][debug][gc,phases      ] GC(170)   StringTable Weak               Min:  0.0, Avg:  0.1, Max:  0.1, Diff:  0.1, Sum:  0.3, Workers: 4
[3282.174s][debug][gc,phases      ] GC(170)     Dead                           Min: 0, Avg:  0.0, Max: 0, Diff: 0, Sum: 0, Workers: 4
[3282.174s][debug][gc,phases      ] GC(170)     Total                          Min: 0, Avg: 11355.5, Max: 20096, Diff: 20096, Sum: 45422, Workers: 4
[3282.174s][debug][gc,phases      ] GC(170)   ResolvedMethodTable Weak       Min:  0.0, Avg:  0.0, Max:  0.0, Diff:  0.0, Sum:  0.1, Workers: 4
[3282.174s][debug][gc,phases      ] GC(170)     Dead                           Min: 0, Avg:  0.0, Max: 0, Diff: 0, Sum: 0, Workers: 4
[3282.174s][debug][gc,phases      ] GC(170)     Total                          Min: 0, Avg: 2936.2, Max: 5247, Diff: 5247, Sum: 11745, Workers: 4
[3282.174s][debug][gc,phases      ] GC(170)   JNI Weak                       Min:  0.0, Avg:  0.0, Max:  0.0, Diff:  0.0, Sum:  0.0, Workers: 4
[3282.174s][debug][gc,phases      ] GC(170)     Dead                           Min: 0, Avg:  0.0, Max: 0, Diff: 0, Sum: 0, Workers: 4
[3282.174s][debug][gc,phases      ] GC(170)     Total                          Min: 0, Avg: 12.0, Max: 48, Diff: 48, Sum: 48, Workers: 4
[3282.174s][debug][gc,phases      ] GC(170)   StringDedup Table Weak         Min:  0.0, Avg:  0.0, Max:  0.0, Diff:  0.0, Sum:  0.0, Workers: 4
[3282.174s][debug][gc,phases      ] GC(170)     Dead                           Min: 0, Avg:  0.0, Max: 0, Diff: 0, Sum: 0, Workers: 4
[3282.174s][debug][gc,phases      ] GC(170)     Total                          Min: 0, Avg:  0.0, Max: 0, Diff: 0, Sum: 0, Workers: 4
[3282.174s][debug][gc,phases      ] GC(170)   StringDedup Requests0 Weak     Min:  0.0, Avg:  0.0, Max:  0.0, Diff:  0.0, Sum:  0.0, Workers: 4
[3282.174s][debug][gc,phases      ] GC(170)     Dead                           Min: 0, Avg:  0.0, Max: 0, Diff: 0, Sum: 0, Workers: 4
[3282.174s][debug][gc,phases      ] GC(170)     Total                          Min: 0, Avg:  0.0, Max: 0, Diff: 0, Sum: 0, Workers: 4
[3282.174s][debug][gc,phases      ] GC(170)   StringDedup Requests1 Weak     Min:  0.0, Avg:  0.0, Max:  0.0, Diff:  0.0, Sum:  0.0, Workers: 4
[3282.174s][debug][gc,phases      ] GC(170)     Dead                           Min: 0, Avg:  0.0, Max: 0, Diff: 0, Sum: 0, Workers: 4
[3282.174s][debug][gc,phases      ] GC(170)     Total                          Min: 0, Avg:  0.0, Max: 0, Diff: 0, Sum: 0, Workers: 4
[3282.174s][debug][gc,phases      ] GC(170)   Weak JFR Old Object Samples    Min:  0.0, Avg:  0.0, Max:  0.0, Diff:  0.0, Sum:  0.0, Workers: 4
[3282.174s][debug][gc,phases      ] GC(170)     Dead                           Min: 0, Avg:  0.0, Max: 0, Diff: 0, Sum: 0, Workers: 4
[3282.174s][debug][gc,phases      ] GC(170)     Total                          Min: 0, Avg:  0.0, Max: 0, Diff: 0, Sum: 0, Workers: 4
[3282.174s][debug][gc,phases      ] GC(170) Weak Processing 0.324ms
[3282.174s][debug][gc,age         ] GC(170) Desired survivor size 31981568 bytes, new threshold 15 (max threshold 15)
[3282.174s][info ][gc,heap        ] GC(170) PSYoungGen: 2047920K(2063872K)->19760K(2065920K) Eden: 2030592K(2030592K)->0K(2033664K) From: 17328K(33280K)->19760K(32256K)
[3282.174s][info ][gc,heap        ] GC(170) ParOldGen: 519895K(579584K)->520007K(579584K)
[3282.175s][info ][gc,metaspace   ] GC(170) Metaspace: 92358K(93568K)->92358K(93568K) NonClass: 79149K(79808K)->79149K(79808K) Class: 13208K(13760K)->13208K(13760K)
[3282.175s][info ][gc             ] GC(170) Pause Young (Allocation Failure) 2507M->527M(2583M) 10.183ms
[3282.175s][info ][gc,cpu         ] GC(170) User=0.04s Sys=0.00s Real=0.00s
[3282.175s][info ][safepoint      ] Safepoint "ParallelGCFailedAllocation", Time since last: 6753255591 ns, Reaching safepoint: 3900 ns, Cleanup: 3400 ns, At safepoint: 10250149 ns, Total: 10257449 ns
[3286.175s][info ][safepoint      ] Safepoint "Cleanup", Time since last: 4000245723 ns, Reaching safepoint: 81100 ns, Cleanup: 8300 ns, At safepoint: 11900 ns, Total: 101300 ns
[3294.175s][info ][safepoint      ] Safepoint "Cleanup", Time since last: 8000530912 ns, Reaching safepoint: 4000 ns, Cleanup: 7700 ns, At safepoint: 1800 ns, Total: 13500 ns
[3297.856s][info ][safepoint      ] Safepoint "ParallelGCFailedAllocation", Time since last: 3680653951 ns, Reaching safepoint: 80900 ns, Cleanup: 2500 ns, At safepoint: 16300 ns, Total: 99700 ns
[3297.857s][info ][gc,start       ] GC(171) Pause Young (GCLocker Initiated GC)
[3297.885s][debug][gc,phases      ] GC(171) Scavenge 28.469ms
[3297.885s][debug][gc,ref         ] GC(171) Skipped phase 1 of Reference Processing: no references
[3297.885s][debug][gc,ref         ] GC(171) ReferenceProcessor::execute queues: 1, RefProcThreadModel::Single, marks_oops_alive: false
[3297.885s][debug][gc,ref         ] GC(171) Skipped phase 3 of Reference Processing: no references
[3297.885s][debug][gc,ref         ] GC(171) ReferenceProcessor::execute queues: 1, RefProcThreadModel::Single, marks_oops_alive: false
[3297.885s][debug][gc,phases      ] GC(171) Reference Processing 0.097ms
[3297.886s][debug][gc,phases      ] GC(171)   VM Weak                        Min:  0.0, Avg:  0.0, Max:  0.0, Diff:  0.0, Sum:  0.0, Workers: 4
[3297.886s][debug][gc,phases      ] GC(171)     Dead                           Min: 0, Avg:  0.0, Max: 0, Diff: 0, Sum: 0, Workers: 4
[3297.886s][debug][gc,phases      ] GC(171)     Total                          Min: 0, Avg: 250.0, Max: 832, Diff: 832, Sum: 1000, Workers: 4
[3297.886s][debug][gc,phases      ] GC(171)   ObjectSynchronizer Weak        Min:  0.0, Avg:  0.0, Max:  0.0, Diff:  0.0, Sum:  0.0, Workers: 4
[3297.886s][debug][gc,phases      ] GC(171)     Dead                           Min: 0, Avg:  0.0, Max: 0, Diff: 0, Sum: 0, Workers: 4
[3297.886s][debug][gc,phases      ] GC(171)     Total                          Min: 0, Avg:  1.5, Max: 6, Diff: 6, Sum: 6, Workers: 4
[3297.886s][debug][gc,phases      ] GC(171)   JVMTI Tag Weak OopStorage      Min:  0.0, Avg:  0.0, Max:  0.0, Diff:  0.0, Sum:  0.0, Workers: 4
[3297.886s][debug][gc,phases      ] GC(171)     Dead                           Min: 0, Avg:  0.0, Max: 0, Diff: 0, Sum: 0, Workers: 4
[3297.886s][debug][gc,phases      ] GC(171)     Total                          Min: 0, Avg:  0.0, Max: 0, Diff: 0, Sum: 0, Workers: 4
[3297.886s][debug][gc,phases      ] GC(171)   StringTable Weak               Min:  0.0, Avg:  0.1, Max:  0.1, Diff:  0.1, Sum:  0.3, Workers: 4
[3297.886s][debug][gc,phases      ] GC(171)     Dead                           Min: 0, Avg:  0.0, Max: 0, Diff: 0, Sum: 0, Workers: 4
[3297.886s][debug][gc,phases      ] GC(171)     Total                          Min: 0, Avg: 11355.5, Max: 19182, Diff: 19182, Sum: 45422, Workers: 4
[3297.886s][debug][gc,phases      ] GC(171)   ResolvedMethodTable Weak       Min:  0.0, Avg:  0.0, Max:  0.0, Diff:  0.0, Sum:  0.1, Workers: 4
[3297.886s][debug][gc,phases      ] GC(171)     Dead                           Min: 0, Avg:  0.0, Max: 0, Diff: 0, Sum: 0, Workers: 4
[3297.886s][debug][gc,phases      ] GC(171)     Total                          Min: 0, Avg: 2936.2, Max: 4671, Diff: 4671, Sum: 11745, Workers: 4
[3297.886s][debug][gc,phases      ] GC(171)   JNI Weak                       Min:  0.0, Avg:  0.0, Max:  0.0, Diff:  0.0, Sum:  0.0, Workers: 4
[3297.886s][debug][gc,phases      ] GC(171)     Dead                           Min: 0, Avg:  0.0, Max: 0, Diff: 0, Sum: 0, Workers: 4
[3297.886s][debug][gc,phases      ] GC(171)     Total                          Min: 0, Avg: 12.0, Max: 48, Diff: 48, Sum: 48, Workers: 4
[3297.886s][debug][gc,phases      ] GC(171)   StringDedup Table Weak         Min:  0.0, Avg:  0.0, Max:  0.0, Diff:  0.0, Sum:  0.0, Workers: 4
[3297.886s][debug][gc,phases      ] GC(171)     Dead                           Min: 0, Avg:  0.0, Max: 0, Diff: 0, Sum: 0, Workers: 4
[3297.886s][debug][gc,phases      ] GC(171)     Total                          Min: 0, Avg:  0.0, Max: 0, Diff: 0, Sum: 0, Workers: 4
[3297.886s][debug][gc,phases      ] GC(171)   StringDedup Requests0 Weak     Min:  0.0, Avg:  0.0, Max:  0.0, Diff:  0.0, Sum:  0.0, Workers: 4
[3297.886s][debug][gc,phases      ] GC(171)     Dead                           Min: 0, Avg:  0.0, Max: 0, Diff: 0, Sum: 0, Workers: 4
[3297.886s][debug][gc,phases      ] GC(171)     Total                          Min: 0, Avg:  0.0, Max: 0, Diff: 0, Sum: 0, Workers: 4
[3297.886s][debug][gc,phases      ] GC(171)   StringDedup Requests1 Weak     Min:  0.0, Avg:  0.0, Max:  0.0, Diff:  0.0, Sum:  0.0, Workers: 4
[3297.886s][debug][gc,phases      ] GC(171)     Dead                           Min: 0, Avg:  0.0, Max: 0, Diff: 0, Sum: 0, Workers: 4
[3297.886s][debug][gc,phases      ] GC(171)     Total                          Min: 0, Avg:  0.0, Max: 0, Diff: 0, Sum: 0, Workers: 4
[3297.886s][debug][gc,phases      ] GC(171)   Weak JFR Old Object Samples    Min:  0.0, Avg:  0.0, Max:  0.0, Diff:  0.0, Sum:  0.0, Workers: 4
[3297.886s][debug][gc,phases      ] GC(171)     Dead                           Min: 0, Avg:  0.0, Max: 0, Diff: 0, Sum: 0, Workers: 4
[3297.886s][debug][gc,phases      ] GC(171)     Total                          Min: 0, Avg:  0.0, Max: 0, Diff: 0, Sum: 0, Workers: 4
[3297.886s][debug][gc,phases      ] GC(171) Weak Processing 0.309ms
[3297.886s][debug][gc,age         ] GC(171) Desired survivor size 48234496 bytes, new threshold 14 (max threshold 15)
[3297.886s][info ][gc,heap        ] GC(171) PSYoungGen: 2053424K(2065920K)->31215K(2062848K) Eden: 2033664K(2033664K)->0K(2031616K) From: 19760K(32256K)->31215K(31232K)
[3297.886s][info ][gc,heap        ] GC(171) ParOldGen: 520040K(579584K)->554953K(579584K)
[3297.886s][info ][gc,metaspace   ] GC(171) Metaspace: 92364K(93568K)->92364K(93568K) NonClass: 79155K(79808K)->79155K(79808K) Class: 13208K(13760K)->13208K(13760K)
[3297.886s][info ][gc             ] GC(171) Pause Young (GCLocker Initiated GC) 2513M->572M(2580M) 28.976ms
[3297.886s][info ][gc,cpu         ] GC(171) User=0.09s Sys=0.02s Real=0.03s
[3297.886s][info ][safepoint      ] Safepoint "ParallelGCSystemGC", Time since last: 464898 ns, Reaching safepoint: 72099 ns, Cleanup: 900 ns, At safepoint: 29047861 ns, Total: 29120860 ns
[3298.886s][info ][safepoint      ] Safepoint "Cleanup", Time since last: 1000080690 ns, Reaching safepoint: 4900 ns, Cleanup: 9599 ns, At safepoint: 2200 ns, Total: 16699 ns
[3300.886s][info ][safepoint      ] Safepoint "Cleanup", Time since last: 2000160280 ns, Reaching safepoint: 5000 ns, Cleanup: 12200 ns, At safepoint: 2200 ns, Total: 19400 ns
[3301.975s][info ][safepoint      ] Safepoint "Cleanup", Time since last: 1089372960 ns, Reaching safepoint: 5100 ns, Cleanup: 9600 ns, At safepoint: 2200 ns, Total: 16900 ns
[3306.976s][info ][safepoint      ] Safepoint "Cleanup", Time since last: 5000304819 ns, Reaching safepoint: 4400 ns, Cleanup: 9000 ns, At safepoint: 14000 ns, Total: 27400 ns
[3308.524s][info ][safepoint      ] Safepoint "Cleanup", Time since last: 1548613904 ns, Reaching safepoint: 4300 ns, Cleanup: 9300 ns, At safepoint: 1700 ns, Total: 15300 ns
[3313.500s][info ][gc,start       ] GC(172) Pause Young (Allocation Failure)
[3313.514s][debug][gc,phases      ] GC(172) Scavenge 13.946ms
[3313.514s][debug][gc,ref         ] GC(172) Skipped phase 1 of Reference Processing: no references
[3313.514s][debug][gc,ref         ] GC(172) ReferenceProcessor::execute queues: 1, RefProcThreadModel::Single, marks_oops_alive: false
[3313.514s][debug][gc,ref         ] GC(172) Skipped phase 3 of Reference Processing: no references
[3313.514s][debug][gc,ref         ] GC(172) ReferenceProcessor::execute queues: 1, RefProcThreadModel::Single, marks_oops_alive: false
[3313.514s][debug][gc,phases      ] GC(172) Reference Processing 0.095ms
[3313.514s][debug][gc,phases      ] GC(172)   VM Weak                        Min:  0.0, Avg:  0.0, Max:  0.0, Diff:  0.0, Sum:  0.0, Workers: 4
[3313.515s][debug][gc,phases      ] GC(172)     Dead                           Min: 0, Avg:  0.0, Max: 0, Diff: 0, Sum: 0, Workers: 4
[3313.515s][debug][gc,phases      ] GC(172)     Total                          Min: 0, Avg: 250.0, Max: 447, Diff: 447, Sum: 1000, Workers: 4
[3313.515s][debug][gc,phases      ] GC(172)   ObjectSynchronizer Weak        Min:  0.0, Avg:  0.0, Max:  0.0, Diff:  0.0, Sum:  0.0, Workers: 4
[3313.515s][debug][gc,phases      ] GC(172)     Dead                           Min: 0, Avg:  0.0, Max: 0, Diff: 0, Sum: 0, Workers: 4
[3313.515s][debug][gc,phases      ] GC(172)     Total                          Min: 0, Avg:  1.5, Max: 6, Diff: 6, Sum: 6, Workers: 4
[3313.515s][debug][gc,phases      ] GC(172)   JVMTI Tag Weak OopStorage      Min:  0.0, Avg:  0.0, Max:  0.0, Diff:  0.0, Sum:  0.0, Workers: 4
[3313.515s][debug][gc,phases      ] GC(172)     Dead                           Min: 0, Avg:  0.0, Max: 0, Diff: 0, Sum: 0, Workers: 4
[3313.515s][debug][gc,phases      ] GC(172)     Total                          Min: 0, Avg:  0.0, Max: 0, Diff: 0, Sum: 0, Workers: 4
[3313.515s][debug][gc,phases      ] GC(172)   StringTable Weak               Min:  0.0, Avg:  0.1, Max:  0.1, Diff:  0.1, Sum:  0.4, Workers: 4
[3313.515s][debug][gc,phases      ] GC(172)     Dead                           Min: 0, Avg:  0.5, Max: 2, Diff: 2, Sum: 2, Workers: 4
[3313.515s][debug][gc,phases      ] GC(172)     Total                          Min: 0, Avg: 11357.5, Max: 20407, Diff: 20407, Sum: 45430, Workers: 4
[3313.515s][debug][gc,phases      ] GC(172)   ResolvedMethodTable Weak       Min:  0.0, Avg:  0.0, Max:  0.0, Diff:  0.0, Sum:  0.1, Workers: 4
[3313.515s][debug][gc,phases      ] GC(172)     Dead                           Min: 0, Avg:  4.2, Max: 17, Diff: 17, Sum: 17, Workers: 4
[3313.515s][debug][gc,phases      ] GC(172)     Total                          Min: 0, Avg: 2941.2, Max: 5046, Diff: 5046, Sum: 11765, Workers: 4
[3313.515s][debug][gc,phases      ] GC(172)   JNI Weak                       Min:  0.0, Avg:  0.0, Max:  0.0, Diff:  0.0, Sum:  0.0, Workers: 4
[3313.515s][debug][gc,phases      ] GC(172)     Dead                           Min: 0, Avg:  0.0, Max: 0, Diff: 0, Sum: 0, Workers: 4
[3313.515s][debug][gc,phases      ] GC(172)     Total                          Min: 0, Avg: 12.0, Max: 48, Diff: 48, Sum: 48, Workers: 4
[3313.515s][debug][gc,phases      ] GC(172)   StringDedup Table Weak         Min:  0.0, Avg:  0.0, Max:  0.0, Diff:  0.0, Sum:  0.0, Workers: 4
[3313.515s][debug][gc,phases      ] GC(172)     Dead                           Min: 0, Avg:  0.0, Max: 0, Diff: 0, Sum: 0, Workers: 4
[3313.515s][debug][gc,phases      ] GC(172)     Total                          Min: 0, Avg:  0.0, Max: 0, Diff: 0, Sum: 0, Workers: 4
[3313.515s][debug][gc,phases      ] GC(172)   StringDedup Requests0 Weak     Min:  0.0, Avg:  0.0, Max:  0.0, Diff:  0.0, Sum:  0.0, Workers: 4
[3313.515s][debug][gc,phases      ] GC(172)     Dead                           Min: 0, Avg:  0.0, Max: 0, Diff: 0, Sum: 0, Workers: 4
[3313.515s][debug][gc,phases      ] GC(172)     Total                          Min: 0, Avg:  0.0, Max: 0, Diff: 0, Sum: 0, Workers: 4
[3313.515s][debug][gc,phases      ] GC(172)   StringDedup Requests1 Weak     Min:  0.0, Avg:  0.0, Max:  0.0, Diff:  0.0, Sum:  0.0, Workers: 4
[3313.515s][debug][gc,phases      ] GC(172)     Dead                           Min: 0, Avg:  0.0, Max: 0, Diff: 0, Sum: 0, Workers: 4
[3313.515s][debug][gc,phases      ] GC(172)     Total                          Min: 0, Avg:  0.0, Max: 0, Diff: 0, Sum: 0, Workers: 4
[3313.515s][debug][gc,phases      ] GC(172)   Weak JFR Old Object Samples    Min:  0.0, Avg:  0.0, Max:  0.0, Diff:  0.0, Sum:  0.0, Workers: 4
[3313.515s][debug][gc,phases      ] GC(172)     Dead                           Min: 0, Avg:  0.0, Max: 0, Diff: 0, Sum: 0, Workers: 4
[3313.515s][debug][gc,phases      ] GC(172)     Total                          Min: 0, Avg:  0.0, Max: 0, Diff: 0, Sum: 0, Workers: 4
[3313.515s][debug][gc,phases      ] GC(172) Weak Processing 0.329ms
[3313.515s][debug][gc,age         ] GC(172) Desired survivor size 49807360 bytes, new threshold 13 (max threshold 15)
[3313.515s][info ][gc,heap        ] GC(172) PSYoungGen: 2062831K(2062848K)->32224K(2032128K) Eden: 2031616K(2031616K)->0K(1999872K) From: 31215K(31232K)->32224K(32256K)
[3313.515s][info ][gc,heap        ] GC(172) ParOldGen: 554955K(579584K)->557405K(579584K)
[3313.515s][info ][gc,metaspace   ] GC(172) Metaspace: 92397K(93568K)->92397K(93568K) NonClass: 79181K(79808K)->79181K(79808K) Class: 13215K(13760K)->13215K(13760K)
[3313.515s][info ][gc             ] GC(172) Pause Young (Allocation Failure) 2556M->575M(2550M) 14.485ms
[3313.515s][info ][gc,cpu         ] GC(172) User=0.05s Sys=0.00s Real=0.01s
[3313.515s][info ][safepoint      ] Safepoint "ParallelGCFailedAllocation", Time since last: 4975641652 ns, Reaching safepoint: 76199 ns, Cleanup: 18800 ns, At safepoint: 14562327 ns, Total: 14657326 ns
[3314.515s][info ][safepoint      ] Safepoint "Cleanup", Time since last: 1000095850 ns, Reaching safepoint: 77900 ns, Cleanup: 8500 ns, At safepoint: 6099 ns, Total: 92499 ns
[3317.515s][info ][safepoint      ] Safepoint "Cleanup", Time since last: 3000215237 ns, Reaching safepoint: 73499 ns, Cleanup: 26100 ns, At safepoint: 6000 ns, Total: 105599 ns
[3318.515s][info ][safepoint      ] Safepoint "Cleanup", Time since last: 1000100146 ns, Reaching safepoint: 73199 ns, Cleanup: 12100 ns, At safepoint: 4400 ns, Total: 89699 ns
[3320.516s][info ][safepoint      ] Safepoint "Cleanup", Time since last: 2000139891 ns, Reaching safepoint: 73800 ns, Cleanup: 10800 ns, At safepoint: 4899 ns, Total: 89499 ns
[3321.516s][info ][safepoint      ] Safepoint "Cleanup", Time since last: 1000115446 ns, Reaching safepoint: 77199 ns, Cleanup: 11200 ns, At safepoint: 5700 ns, Total: 94099 ns
[3322.516s][info ][safepoint      ] Safepoint "Cleanup", Time since last: 1000106121 ns, Reaching safepoint: 73099 ns, Cleanup: 7500 ns, At safepoint: 5800 ns, Total: 86399 ns
[3323.516s][info ][safepoint      ] Safepoint "Cleanup", Time since last: 1000102046 ns, Reaching safepoint: 74199 ns, Cleanup: 9300 ns, At safepoint: 6900 ns, Total: 90399 ns
[3325.517s][info ][safepoint      ] Safepoint "Cleanup", Time since last: 2000175691 ns, Reaching safepoint: 76700 ns, Cleanup: 10400 ns, At safepoint: 6600 ns, Total: 93700 ns
[3326.517s][info ][safepoint      ] Safepoint "Cleanup", Time since last: 1000118945 ns, Reaching safepoint: 79100 ns, Cleanup: 9700 ns, At safepoint: 6900 ns, Total: 95700 ns
[3328.517s][info ][safepoint      ] Safepoint "Cleanup", Time since last: 2000170791 ns, Reaching safepoint: 4300 ns, Cleanup: 6900 ns, At safepoint: 1800 ns, Total: 13000 ns
[3329.512s][info ][gc,start       ] GC(173) Pause Young (Allocation Failure)
[3329.525s][debug][gc,phases      ] GC(173) Scavenge 12.691ms
[3329.525s][debug][gc,ref         ] GC(173) Skipped phase 1 of Reference Processing: no references
[3329.525s][debug][gc,ref         ] GC(173) ReferenceProcessor::execute queues: 1, RefProcThreadModel::Single, marks_oops_alive: false
[3329.525s][debug][gc,ref         ] GC(173) Skipped phase 3 of Reference Processing: no references
[3329.525s][debug][gc,ref         ] GC(173) ReferenceProcessor::execute queues: 1, RefProcThreadModel::Single, marks_oops_alive: false
[3329.525s][debug][gc,phases      ] GC(173) Reference Processing 0.099ms
[3329.525s][debug][gc,phases      ] GC(173)   VM Weak                        Min:  0.0, Avg:  0.0, Max:  0.0, Diff:  0.0, Sum:  0.0, Workers: 4
[3329.525s][debug][gc,phases      ] GC(173)     Dead                           Min: 0, Avg:  0.0, Max: 0, Diff: 0, Sum: 0, Workers: 4
[3329.525s][debug][gc,phases      ] GC(173)     Total                          Min: 0, Avg: 250.0, Max: 767, Diff: 767, Sum: 1000, Workers: 4
[3329.525s][debug][gc,phases      ] GC(173)   ObjectSynchronizer Weak        Min:  0.0, Avg:  0.0, Max:  0.0, Diff:  0.0, Sum:  0.0, Workers: 4
[3329.525s][debug][gc,phases      ] GC(173)     Dead                           Min: 0, Avg:  0.0, Max: 0, Diff: 0, Sum: 0, Workers: 4
[3329.525s][debug][gc,phases      ] GC(173)     Total                          Min: 0, Avg:  1.5, Max: 6, Diff: 6, Sum: 6, Workers: 4
[3329.525s][debug][gc,phases      ] GC(173)   JVMTI Tag Weak OopStorage      Min:  0.0, Avg:  0.0, Max:  0.0, Diff:  0.0, Sum:  0.0, Workers: 4
[3329.525s][debug][gc,phases      ] GC(173)     Dead                           Min: 0, Avg:  0.0, Max: 0, Diff: 0, Sum: 0, Workers: 4
[3329.525s][debug][gc,phases      ] GC(173)     Total                          Min: 0, Avg:  0.0, Max: 0, Diff: 0, Sum: 0, Workers: 4
[3329.525s][debug][gc,phases      ] GC(173)   StringTable Weak               Min:  0.0, Avg:  0.1, Max:  0.1, Diff:  0.1, Sum:  0.3, Workers: 4
[3329.525s][debug][gc,phases      ] GC(173)     Dead                           Min: 0, Avg:  0.0, Max: 0, Diff: 0, Sum: 0, Workers: 4
[3329.525s][debug][gc,phases      ] GC(173)     Total                          Min: 0, Avg: 11357.8, Max: 19902, Diff: 19902, Sum: 45431, Workers: 4
[3329.525s][debug][gc,phases      ] GC(173)   ResolvedMethodTable Weak       Min:  0.0, Avg:  0.0, Max:  0.0, Diff:  0.0, Sum:  0.1, Workers: 4
[3329.525s][debug][gc,phases      ] GC(173)     Dead                           Min: 0, Avg:  0.0, Max: 0, Diff: 0, Sum: 0, Workers: 4
[3329.525s][debug][gc,phases      ] GC(173)     Total                          Min: 0, Avg: 2941.2, Max: 5367, Diff: 5367, Sum: 11765, Workers: 4
[3329.525s][debug][gc,phases      ] GC(173)   JNI Weak                       Min:  0.0, Avg:  0.0, Max:  0.0, Diff:  0.0, Sum:  0.0, Workers: 4
[3329.525s][debug][gc,phases      ] GC(173)     Dead                           Min: 0, Avg:  0.0, Max: 0, Diff: 0, Sum: 0, Workers: 4
[3329.525s][debug][gc,phases      ] GC(173)     Total                          Min: 0, Avg: 12.0, Max: 48, Diff: 48, Sum: 48, Workers: 4
[3329.525s][debug][gc,phases      ] GC(173)   StringDedup Table Weak         Min:  0.0, Avg:  0.0, Max:  0.0, Diff:  0.0, Sum:  0.0, Workers: 4
[3329.525s][debug][gc,phases      ] GC(173)     Dead                           Min: 0, Avg:  0.0, Max: 0, Diff: 0, Sum: 0, Workers: 4
[3329.525s][debug][gc,phases      ] GC(173)     Total                          Min: 0, Avg:  0.0, Max: 0, Diff: 0, Sum: 0, Workers: 4
[3329.525s][debug][gc,phases      ] GC(173)   StringDedup Requests0 Weak     Min:  0.0, Avg:  0.0, Max:  0.0, Diff:  0.0, Sum:  0.0, Workers: 4
[3329.525s][debug][gc,phases      ] GC(173)     Dead                           Min: 0, Avg:  0.0, Max: 0, Diff: 0, Sum: 0, Workers: 4
[3329.525s][debug][gc,phases      ] GC(173)     Total                          Min: 0, Avg:  0.0, Max: 0, Diff: 0, Sum: 0, Workers: 4
[3329.525s][debug][gc,phases      ] GC(173)   StringDedup Requests1 Weak     Min:  0.0, Avg:  0.0, Max:  0.0, Diff:  0.0, Sum:  0.0, Workers: 4
[3329.525s][debug][gc,phases      ] GC(173)     Dead                           Min: 0, Avg:  0.0, Max: 0, Diff: 0, Sum: 0, Workers: 4
[3329.525s][debug][gc,phases      ] GC(173)     Total                          Min: 0, Avg:  0.0, Max: 0, Diff: 0, Sum: 0, Workers: 4
[3329.525s][debug][gc,phases      ] GC(173)   Weak JFR Old Object Samples    Min:  0.0, Avg:  0.0, Max:  0.0, Diff:  0.0, Sum:  0.0, Workers: 4
[3329.525s][debug][gc,phases      ] GC(173)     Dead                           Min: 0, Avg:  0.0, Max: 0, Diff: 0, Sum: 0, Workers: 4
[3329.525s][debug][gc,phases      ] GC(173)     Total                          Min: 0, Avg:  0.0, Max: 0, Diff: 0, Sum: 0, Workers: 4
[3329.525s][debug][gc,phases      ] GC(173) Weak Processing 0.326ms
[3329.525s][debug][gc,age         ] GC(173) Desired survivor size 50331648 bytes, new threshold 14 (max threshold 15)
[3329.525s][info ][gc,heap        ] GC(173) PSYoungGen: 2032096K(2032128K)->32576K(2032640K) Eden: 1999872K(1999872K)->0K(1999872K) From: 32224K(32256K)->32576K(32768K)
[3329.525s][info ][gc,heap        ] GC(173) ParOldGen: 557405K(579584K)->558285K(579584K)
[3329.525s][info ][gc,metaspace   ] GC(173) Metaspace: 92433K(93632K)->92433K(93632K) NonClass: 79218K(79872K)->79218K(79872K) Class: 13215K(13760K)->13215K(13760K)
[3329.525s][info ][gc             ] GC(173) Pause Young (Allocation Failure) 2528M->577M(2551M) 13.225ms
[3329.525s][info ][gc,cpu         ] GC(173) User=0.05s Sys=0.00s Real=0.02s
[3329.525s][info ][safepoint      ] Safepoint "ParallelGCFailedAllocation", Time since last: 994829571 ns, Reaching safepoint: 4100 ns, Cleanup: 5800 ns, At safepoint: 13289734 ns, Total: 13299634 ns
[3334.525s][info ][safepoint      ] Safepoint "Cleanup", Time since last: 5000299682 ns, Reaching safepoint: 6600 ns, Cleanup: 8200 ns, At safepoint: 20000 ns, Total: 34800 ns
[3335.525s][info ][safepoint      ] Safepoint "Cleanup", Time since last: 1000094673 ns, Reaching safepoint: 4600 ns, Cleanup: 10699 ns, At safepoint: 1800 ns, Total: 17099 ns
[3336.526s][info ][safepoint      ] Safepoint "Cleanup", Time since last: 1000092573 ns, Reaching safepoint: 4300 ns, Cleanup: 7500 ns, At safepoint: 1900 ns, Total: 13700 ns
[3337.526s][info ][safepoint      ] Safepoint "Cleanup", Time since last: 1000095673 ns, Reaching safepoint: 4700 ns, Cleanup: 10000 ns, At safepoint: 5600 ns, Total: 20300 ns
[3340.526s][info ][safepoint      ] Safepoint "Cleanup", Time since last: 3000225937 ns, Reaching safepoint: 4300 ns, Cleanup: 8000 ns, At safepoint: 1900 ns, Total: 14200 ns
[3341.526s][info ][safepoint      ] Safepoint "Cleanup", Time since last: 1000101079 ns, Reaching safepoint: 4300 ns, Cleanup: 7000 ns, At safepoint: 1900 ns, Total: 13200 ns
[3344.400s][info ][gc,start       ] GC(174) Pause Young (Allocation Failure)
[3344.413s][debug][gc,phases      ] GC(174) Scavenge 13.418ms
[3344.413s][debug][gc,ref         ] GC(174) Skipped phase 1 of Reference Processing: no references
[3344.413s][debug][gc,ref         ] GC(174) ReferenceProcessor::execute queues: 1, RefProcThreadModel::Single, marks_oops_alive: false
[3344.413s][debug][gc,ref         ] GC(174) Skipped phase 3 of Reference Processing: no references
[3344.413s][debug][gc,ref         ] GC(174) ReferenceProcessor::execute queues: 1, RefProcThreadModel::Single, marks_oops_alive: false
[3344.413s][debug][gc,phases      ] GC(174) Reference Processing 0.099ms
[3344.413s][debug][gc,phases      ] GC(174)   VM Weak                        Min:  0.0, Avg:  0.0, Max:  0.0, Diff:  0.0, Sum:  0.0, Workers: 4
[3344.413s][debug][gc,phases      ] GC(174)     Dead                           Min: 0, Avg:  0.0, Max: 0, Diff: 0, Sum: 0, Workers: 4
[3344.413s][debug][gc,phases      ] GC(174)     Total                          Min: 0, Avg: 250.0, Max: 768, Diff: 768, Sum: 1000, Workers: 4
[3344.413s][debug][gc,phases      ] GC(174)   ObjectSynchronizer Weak        Min:  0.0, Avg:  0.0, Max:  0.0, Diff:  0.0, Sum:  0.0, Workers: 4
[3344.413s][debug][gc,phases      ] GC(174)     Dead                           Min: 0, Avg:  0.0, Max: 0, Diff: 0, Sum: 0, Workers: 4
[3344.413s][debug][gc,phases      ] GC(174)     Total                          Min: 0, Avg:  1.5, Max: 6, Diff: 6, Sum: 6, Workers: 4
[3344.413s][debug][gc,phases      ] GC(174)   JVMTI Tag Weak OopStorage      Min:  0.0, Avg:  0.0, Max:  0.0, Diff:  0.0, Sum:  0.0, Workers: 4
[3344.413s][debug][gc,phases      ] GC(174)     Dead                           Min: 0, Avg:  0.0, Max: 0, Diff: 0, Sum: 0, Workers: 4
[3344.413s][debug][gc,phases      ] GC(174)     Total                          Min: 0, Avg:  0.0, Max: 0, Diff: 0, Sum: 0, Workers: 4
[3344.413s][debug][gc,phases      ] GC(174)   StringTable Weak               Min:  0.0, Avg:  0.1, Max:  0.1, Diff:  0.1, Sum:  0.4, Workers: 4
[3344.413s][debug][gc,phases      ] GC(174)     Dead                           Min: 0, Avg:  0.0, Max: 0, Diff: 0, Sum: 0, Workers: 4
[3344.413s][debug][gc,phases      ] GC(174)     Total                          Min: 0, Avg: 11357.8, Max: 18752, Diff: 18752, Sum: 45431, Workers: 4
[3344.413s][debug][gc,phases      ] GC(174)   ResolvedMethodTable Weak       Min:  0.0, Avg:  0.0, Max:  0.0, Diff:  0.0, Sum:  0.1, Workers: 4
[3344.413s][debug][gc,phases      ] GC(174)     Dead                           Min: 0, Avg:  0.0, Max: 0, Diff: 0, Sum: 0, Workers: 4
[3344.413s][debug][gc,phases      ] GC(174)     Total                          Min: 0, Avg: 2941.2, Max: 4855, Diff: 4855, Sum: 11765, Workers: 4
[3344.413s][debug][gc,phases      ] GC(174)   JNI Weak                       Min:  0.0, Avg:  0.0, Max:  0.0, Diff:  0.0, Sum:  0.0, Workers: 4
[3344.413s][debug][gc,phases      ] GC(174)     Dead                           Min: 0, Avg:  0.0, Max: 0, Diff: 0, Sum: 0, Workers: 4
[3344.413s][debug][gc,phases      ] GC(174)     Total                          Min: 0, Avg: 12.0, Max: 48, Diff: 48, Sum: 48, Workers: 4
[3344.413s][debug][gc,phases      ] GC(174)   StringDedup Table Weak         Min:  0.0, Avg:  0.0, Max:  0.0, Diff:  0.0, Sum:  0.0, Workers: 4
[3344.413s][debug][gc,phases      ] GC(174)     Dead                           Min: 0, Avg:  0.0, Max: 0, Diff: 0, Sum: 0, Workers: 4
[3344.413s][debug][gc,phases      ] GC(174)     Total                          Min: 0, Avg:  0.0, Max: 0, Diff: 0, Sum: 0, Workers: 4
[3344.413s][debug][gc,phases      ] GC(174)   StringDedup Requests0 Weak     Min:  0.0, Avg:  0.0, Max:  0.0, Diff:  0.0, Sum:  0.0, Workers: 4
[3344.413s][debug][gc,phases      ] GC(174)     Dead                           Min: 0, Avg:  0.0, Max: 0, Diff: 0, Sum: 0, Workers: 4
[3344.413s][debug][gc,phases      ] GC(174)     Total                          Min: 0, Avg:  0.0, Max: 0, Diff: 0, Sum: 0, Workers: 4
[3344.413s][debug][gc,phases      ] GC(174)   StringDedup Requests1 Weak     Min:  0.0, Avg:  0.0, Max:  0.0, Diff:  0.0, Sum:  0.0, Workers: 4
[3344.413s][debug][gc,phases      ] GC(174)     Dead                           Min: 0, Avg:  0.0, Max: 0, Diff: 0, Sum: 0, Workers: 4
[3344.413s][debug][gc,phases      ] GC(174)     Total                          Min: 0, Avg:  0.0, Max: 0, Diff: 0, Sum: 0, Workers: 4
[3344.414s][debug][gc,phases      ] GC(174)   Weak JFR Old Object Samples    Min:  0.0, Avg:  0.0, Max:  0.0, Diff:  0.0, Sum:  0.0, Workers: 4
[3344.414s][debug][gc,phases      ] GC(174)     Dead                           Min: 0, Avg:  0.0, Max: 0, Diff: 0, Sum: 0, Workers: 4
[3344.414s][debug][gc,phases      ] GC(174)     Total                          Min: 0, Avg:  0.0, Max: 0, Diff: 0, Sum: 0, Workers: 4
[3344.414s][debug][gc,phases      ] GC(174) Weak Processing 0.336ms
[3344.414s][debug][gc,age         ] GC(174) Desired survivor size 52428800 bytes, new threshold 15 (max threshold 15)
[3344.414s][info ][gc,heap        ] GC(174) PSYoungGen: 2032448K(2032640K)->37488K(2043904K) Eden: 1999872K(1999872K)->0K(1994752K) From: 32576K(32768K)->37488K(49152K)
[3344.414s][info ][gc,heap        ] GC(174) ParOldGen: 558285K(579584K)->558285K(579584K)
[3344.414s][info ][gc,metaspace   ] GC(174) Metaspace: 92440K(93632K)->92440K(93632K) NonClass: 79224K(79872K)->79224K(79872K) Class: 13215K(13760K)->13215K(13760K)
[3344.414s][info ][gc             ] GC(174) Pause Young (Allocation Failure) 2530M->581M(2562M) 13.980ms
[3344.414s][info ][gc,cpu         ] GC(174) User=0.05s Sys=0.00s Real=0.01s
[3344.414s][info ][safepoint      ] Safepoint "ParallelGCFailedAllocation", Time since last: 2873426325 ns, Reaching safepoint: 75099 ns, Cleanup: 3800 ns, At safepoint: 14059224 ns, Total: 14138123 ns
[3349.414s][info ][safepoint      ] Safepoint "Cleanup", Time since last: 5000354748 ns, Reaching safepoint: 77800 ns, Cleanup: 9600 ns, At safepoint: 4700 ns, Total: 92100 ns
[3355.415s][info ][safepoint      ] Safepoint "Cleanup", Time since last: 6000424820 ns, Reaching safepoint: 72200 ns, Cleanup: 8100 ns, At safepoint: 4900 ns, Total: 85200 ns
[3359.799s][info ][gc,start       ] GC(175) Pause Young (Allocation Failure)
[3359.812s][debug][gc,phases      ] GC(175) Scavenge 12.566ms
[3359.812s][debug][gc,ref         ] GC(175) Skipped phase 1 of Reference Processing: no references
[3359.812s][debug][gc,ref         ] GC(175) ReferenceProcessor::execute queues: 1, RefProcThreadModel::Single, marks_oops_alive: false
[3359.812s][debug][gc,ref         ] GC(175) Skipped phase 3 of Reference Processing: no references
[3359.812s][debug][gc,ref         ] GC(175) ReferenceProcessor::execute queues: 1, RefProcThreadModel::Single, marks_oops_alive: false
[3359.812s][debug][gc,phases      ] GC(175) Reference Processing 0.106ms
[3359.812s][debug][gc,phases      ] GC(175)   VM Weak                        Min:  0.0, Avg:  0.0, Max:  0.0, Diff:  0.0, Sum:  0.0, Workers: 4
[3359.812s][debug][gc,phases      ] GC(175)     Dead                           Min: 0, Avg:  0.0, Max: 0, Diff: 0, Sum: 0, Workers: 4
[3359.812s][debug][gc,phases      ] GC(175)     Total                          Min: 0, Avg: 250.0, Max: 1000, Diff: 1000, Sum: 1000, Workers: 4
[3359.812s][debug][gc,phases      ] GC(175)   ObjectSynchronizer Weak        Min:  0.0, Avg:  0.0, Max:  0.0, Diff:  0.0, Sum:  0.0, Workers: 4
[3359.812s][debug][gc,phases      ] GC(175)     Dead                           Min: 0, Avg:  0.0, Max: 0, Diff: 0, Sum: 0, Workers: 4
[3359.812s][debug][gc,phases      ] GC(175)     Total                          Min: 0, Avg:  1.8, Max: 7, Diff: 7, Sum: 7, Workers: 4
[3359.812s][debug][gc,phases      ] GC(175)   JVMTI Tag Weak OopStorage      Min:  0.0, Avg:  0.0, Max:  0.0, Diff:  0.0, Sum:  0.0, Workers: 4
[3359.812s][debug][gc,phases      ] GC(175)     Dead                           Min: 0, Avg:  0.0, Max: 0, Diff: 0, Sum: 0, Workers: 4
[3359.812s][debug][gc,phases      ] GC(175)     Total                          Min: 0, Avg:  0.0, Max: 0, Diff: 0, Sum: 0, Workers: 4
[3359.812s][debug][gc,phases      ] GC(175)   StringTable Weak               Min:  0.1, Avg:  0.1, Max:  0.1, Diff:  0.0, Sum:  0.4, Workers: 4
[3359.812s][debug][gc,phases      ] GC(175)     Dead                           Min: 0, Avg:  0.0, Max: 0, Diff: 0, Sum: 0, Workers: 4
[3359.812s][debug][gc,phases      ] GC(175)     Total                          Min: 10240, Avg: 11359.0, Max: 12798, Diff: 2558, Sum: 45436, Workers: 4
[3359.812s][debug][gc,phases      ] GC(175)   ResolvedMethodTable Weak       Min:  0.0, Avg:  0.0, Max:  0.0, Diff:  0.0, Sum:  0.1, Workers: 4
[3359.812s][debug][gc,phases      ] GC(175)     Dead                           Min: 0, Avg:  0.0, Max: 0, Diff: 0, Sum: 0, Workers: 4
[3359.812s][debug][gc,phases      ] GC(175)     Total                          Min: 2687, Avg: 2941.2, Max: 3384, Diff: 697, Sum: 11765, Workers: 4
[3359.812s][debug][gc,phases      ] GC(175)   JNI Weak                       Min:  0.0, Avg:  0.0, Max:  0.0, Diff:  0.0, Sum:  0.0, Workers: 4
[3359.812s][debug][gc,phases      ] GC(175)     Dead                           Min: 0, Avg:  0.0, Max: 0, Diff: 0, Sum: 0, Workers: 4
[3359.812s][debug][gc,phases      ] GC(175)     Total                          Min: 0, Avg: 12.0, Max: 48, Diff: 48, Sum: 48, Workers: 4
[3359.812s][debug][gc,phases      ] GC(175)   StringDedup Table Weak         Min:  0.0, Avg:  0.0, Max:  0.0, Diff:  0.0, Sum:  0.0, Workers: 4
[3359.812s][debug][gc,phases      ] GC(175)     Dead                           Min: 0, Avg:  0.0, Max: 0, Diff: 0, Sum: 0, Workers: 4
[3359.812s][debug][gc,phases      ] GC(175)     Total                          Min: 0, Avg:  0.0, Max: 0, Diff: 0, Sum: 0, Workers: 4
[3359.812s][debug][gc,phases      ] GC(175)   StringDedup Requests0 Weak     Min:  0.0, Avg:  0.0, Max:  0.0, Diff:  0.0, Sum:  0.0, Workers: 4
[3359.812s][debug][gc,phases      ] GC(175)     Dead                           Min: 0, Avg:  0.0, Max: 0, Diff: 0, Sum: 0, Workers: 4
[3359.812s][debug][gc,phases      ] GC(175)     Total                          Min: 0, Avg:  0.0, Max: 0, Diff: 0, Sum: 0, Workers: 4
[3359.812s][debug][gc,phases      ] GC(175)   StringDedup Requests1 Weak     Min:  0.0, Avg:  0.0, Max:  0.0, Diff:  0.0, Sum:  0.0, Workers: 4
[3359.812s][debug][gc,phases      ] GC(175)     Dead                           Min: 0, Avg:  0.0, Max: 0, Diff: 0, Sum: 0, Workers: 4
[3359.812s][debug][gc,phases      ] GC(175)     Total                          Min: 0, Avg:  0.0, Max: 0, Diff: 0, Sum: 0, Workers: 4
[3359.812s][debug][gc,phases      ] GC(175)   Weak JFR Old Object Samples    Min:  0.0, Avg:  0.0, Max:  0.0, Diff:  0.0, Sum:  0.0, Workers: 4
[3359.812s][debug][gc,phases      ] GC(175)     Dead                           Min: 0, Avg:  0.0, Max: 0, Diff: 0, Sum: 0, Workers: 4
[3359.812s][debug][gc,phases      ] GC(175)     Total                          Min: 0, Avg:  0.0, Max: 0, Diff: 0, Sum: 0, Workers: 4
[3359.812s][debug][gc,phases      ] GC(175) Weak Processing 0.301ms
[3359.812s][debug][gc,age         ] GC(175) Desired survivor size 54001664 bytes, new threshold 15 (max threshold 15)
[3359.812s][info ][gc,heap        ] GC(175) PSYoungGen: 2032240K(2043904K)->37984K(2033152K) Eden: 1994752K(1994752K)->0K(1994752K) From: 37488K(49152K)->37984K(38400K)
[3359.812s][info ][gc,heap        ] GC(175) ParOldGen: 558285K(579584K)->558285K(579584K)
[3359.812s][info ][gc,metaspace   ] GC(175) Metaspace: 92442K(93632K)->92442K(93632K) NonClass: 79227K(79872K)->79227K(79872K) Class: 13215K(13760K)->13215K(13760K)
[3359.813s][info ][gc             ] GC(175) Pause Young (Allocation Failure) 2529M->582M(2551M) 13.089ms
[3359.813s][info ][gc,cpu         ] GC(175) User=0.05s Sys=0.00s Real=0.01s
[3359.813s][info ][safepoint      ] Safepoint "ParallelGCFailedAllocation", Time since last: 4384733376 ns, Reaching safepoint: 75700 ns, Cleanup: 3800 ns, At safepoint: 13163935 ns, Total: 13243435 ns
[3360.813s][info ][safepoint      ] Safepoint "Cleanup", Time since last: 1000094768 ns, Reaching safepoint: 77999 ns, Cleanup: 8300 ns, At safepoint: 6400 ns, Total: 92699 ns
[3368.991s][info ][safepoint      ] Safepoint "Cleanup", Time since last: 8177770721 ns, Reaching safepoint: 6500 ns, Cleanup: 20600 ns, At safepoint: 2000 ns, Total: 29100 ns
[3371.991s][info ][safepoint      ] Safepoint "Cleanup", Time since last: 3000202199 ns, Reaching safepoint: 4500 ns, Cleanup: 9600 ns, At safepoint: 1900 ns, Total: 16000 ns
[3374.900s][info ][gc,start       ] GC(176) Pause Young (Allocation Failure)
[3374.912s][debug][gc,phases      ] GC(176) Scavenge 12.804ms
[3374.913s][debug][gc,ref         ] GC(176) Skipped phase 1 of Reference Processing: no references
[3374.913s][debug][gc,ref         ] GC(176) ReferenceProcessor::execute queues: 1, RefProcThreadModel::Single, marks_oops_alive: false
[3374.913s][debug][gc,ref         ] GC(176) Skipped phase 3 of Reference Processing: no references
[3374.913s][debug][gc,ref         ] GC(176) ReferenceProcessor::execute queues: 1, RefProcThreadModel::Single, marks_oops_alive: false
[3374.913s][debug][gc,phases      ] GC(176) Reference Processing 0.102ms
[3374.913s][debug][gc,phases      ] GC(176)   VM Weak                        Min:  0.0, Avg:  0.0, Max:  0.0, Diff:  0.0, Sum:  0.0, Workers: 4
[3374.913s][debug][gc,phases      ] GC(176)     Dead                           Min: 0, Avg:  0.0, Max: 0, Diff: 0, Sum: 0, Workers: 4
[3374.913s][debug][gc,phases      ] GC(176)     Total                          Min: 0, Avg: 250.0, Max: 1000, Diff: 1000, Sum: 1000, Workers: 4
[3374.913s][debug][gc,phases      ] GC(176)   ObjectSynchronizer Weak        Min:  0.0, Avg:  0.0, Max:  0.0, Diff:  0.0, Sum:  0.0, Workers: 4
[3374.913s][debug][gc,phases      ] GC(176)     Dead                           Min: 0, Avg:  0.0, Max: 0, Diff: 0, Sum: 0, Workers: 4
[3374.913s][debug][gc,phases      ] GC(176)     Total                          Min: 0, Avg:  1.5, Max: 6, Diff: 6, Sum: 6, Workers: 4
[3374.913s][debug][gc,phases      ] GC(176)   JVMTI Tag Weak OopStorage      Min:  0.0, Avg:  0.0, Max:  0.0, Diff:  0.0, Sum:  0.0, Workers: 4
[3374.913s][debug][gc,phases      ] GC(176)     Dead                           Min: 0, Avg:  0.0, Max: 0, Diff: 0, Sum: 0, Workers: 4
[3374.913s][debug][gc,phases      ] GC(176)     Total                          Min: 0, Avg:  0.0, Max: 0, Diff: 0, Sum: 0, Workers: 4
[3374.913s][debug][gc,phases      ] GC(176)   StringTable Weak               Min:  0.0, Avg:  0.1, Max:  0.1, Diff:  0.1, Sum:  0.3, Workers: 4
[3374.913s][debug][gc,phases      ] GC(176)     Dead                           Min: 0, Avg:  0.0, Max: 0, Diff: 0, Sum: 0, Workers: 4
[3374.913s][debug][gc,phases      ] GC(176)     Total                          Min: 0, Avg: 11359.0, Max: 19966, Diff: 19966, Sum: 45436, Workers: 4
[3374.913s][debug][gc,phases      ] GC(176)   ResolvedMethodTable Weak       Min:  0.0, Avg:  0.0, Max:  0.0, Diff:  0.0, Sum:  0.1, Workers: 4
[3374.913s][debug][gc,phases      ] GC(176)     Dead                           Min: 0, Avg:  0.0, Max: 0, Diff: 0, Sum: 0, Workers: 4
[3374.913s][debug][gc,phases      ] GC(176)     Total                          Min: 0, Avg: 2941.2, Max: 5374, Diff: 5374, Sum: 11765, Workers: 4
[3374.913s][debug][gc,phases      ] GC(176)   JNI Weak                       Min:  0.0, Avg:  0.0, Max:  0.0, Diff:  0.0, Sum:  0.0, Workers: 4
[3374.913s][debug][gc,phases      ] GC(176)     Dead                           Min: 0, Avg:  0.0, Max: 0, Diff: 0, Sum: 0, Workers: 4
[3374.913s][debug][gc,phases      ] GC(176)     Total                          Min: 0, Avg: 12.0, Max: 48, Diff: 48, Sum: 48, Workers: 4
[3374.913s][debug][gc,phases      ] GC(176)   StringDedup Table Weak         Min:  0.0, Avg:  0.0, Max:  0.0, Diff:  0.0, Sum:  0.0, Workers: 4
[3374.913s][debug][gc,phases      ] GC(176)     Dead                           Min: 0, Avg:  0.0, Max: 0, Diff: 0, Sum: 0, Workers: 4
[3374.913s][debug][gc,phases      ] GC(176)     Total                          Min: 0, Avg:  0.0, Max: 0, Diff: 0, Sum: 0, Workers: 4
[3374.913s][debug][gc,phases      ] GC(176)   StringDedup Requests0 Weak     Min:  0.0, Avg:  0.0, Max:  0.0, Diff:  0.0, Sum:  0.0, Workers: 4
[3374.913s][debug][gc,phases      ] GC(176)     Dead                           Min: 0, Avg:  0.0, Max: 0, Diff: 0, Sum: 0, Workers: 4
[3374.913s][debug][gc,phases      ] GC(176)     Total                          Min: 0, Avg:  0.0, Max: 0, Diff: 0, Sum: 0, Workers: 4
[3374.913s][debug][gc,phases      ] GC(176)   StringDedup Requests1 Weak     Min:  0.0, Avg:  0.0, Max:  0.0, Diff:  0.0, Sum:  0.0, Workers: 4
[3374.913s][debug][gc,phases      ] GC(176)     Dead                           Min: 0, Avg:  0.0, Max: 0, Diff: 0, Sum: 0, Workers: 4
[3374.913s][debug][gc,phases      ] GC(176)     Total                          Min: 0, Avg:  0.0, Max: 0, Diff: 0, Sum: 0, Workers: 4
[3374.913s][debug][gc,phases      ] GC(176)   Weak JFR Old Object Samples    Min:  0.0, Avg:  0.0, Max:  0.0, Diff:  0.0, Sum:  0.0, Workers: 4
[3374.913s][debug][gc,phases      ] GC(176)     Dead                           Min: 0, Avg:  0.0, Max: 0, Diff: 0, Sum: 0, Workers: 4
[3374.913s][debug][gc,phases      ] GC(176)     Total                          Min: 0, Avg:  0.0, Max: 0, Diff: 0, Sum: 0, Workers: 4
[3374.913s][debug][gc,phases      ] GC(176) Weak Processing 0.310ms
[3374.913s][debug][gc,age         ] GC(176) Desired survivor size 54525952 bytes, new threshold 15 (max threshold 15)
[3374.913s][info ][gc,heap        ] GC(176) PSYoungGen: 2032736K(2033152K)->35696K(2043392K) Eden: 1994752K(1994752K)->0K(1990656K) From: 37984K(38400K)->35696K(52736K)
[3374.913s][info ][gc,heap        ] GC(176) ParOldGen: 558285K(579584K)->560661K(579584K)
[3374.913s][info ][gc,metaspace   ] GC(176) Metaspace: 92450K(93632K)->92450K(93632K) NonClass: 79234K(79872K)->79234K(79872K) Class: 13215K(13760K)->13215K(13760K)
[3374.913s][info ][gc             ] GC(176) Pause Young (Allocation Failure) 2530M->582M(2561M) 13.328ms
[3374.913s][info ][gc,cpu         ] GC(176) User=0.05s Sys=0.00s Real=0.01s
[3374.913s][info ][safepoint      ] Safepoint "ParallelGCFailedAllocation", Time since last: 2908768313 ns, Reaching safepoint: 75899 ns, Cleanup: 4000 ns, At safepoint: 13398132 ns, Total: 13478031 ns
[3381.913s][info ][safepoint      ] Safepoint "Cleanup", Time since last: 7000419572 ns, Reaching safepoint: 4100 ns, Cleanup: 12400 ns, At safepoint: 1900 ns, Total: 18400 ns
[3390.602s][info ][gc,start       ] GC(177) Pause Young (Allocation Failure)
[3390.614s][debug][gc,phases      ] GC(177) Scavenge 11.880ms
[3390.614s][debug][gc,ref         ] GC(177) Skipped phase 1 of Reference Processing: no references
[3390.614s][debug][gc,ref         ] GC(177) ReferenceProcessor::execute queues: 1, RefProcThreadModel::Single, marks_oops_alive: false
[3390.614s][debug][gc,ref         ] GC(177) Skipped phase 3 of Reference Processing: no references
[3390.614s][debug][gc,ref         ] GC(177) ReferenceProcessor::execute queues: 1, RefProcThreadModel::Single, marks_oops_alive: false
[3390.614s][debug][gc,phases      ] GC(177) Reference Processing 0.096ms
[3390.614s][debug][gc,phases      ] GC(177)   VM Weak                        Min:  0.0, Avg:  0.0, Max:  0.0, Diff:  0.0, Sum:  0.0, Workers: 4
[3390.614s][debug][gc,phases      ] GC(177)     Dead                           Min: 0, Avg:  0.0, Max: 0, Diff: 0, Sum: 0, Workers: 4
[3390.614s][debug][gc,phases      ] GC(177)     Total                          Min: 0, Avg: 250.0, Max: 680, Diff: 680, Sum: 1000, Workers: 4
[3390.614s][debug][gc,phases      ] GC(177)   ObjectSynchronizer Weak        Min:  0.0, Avg:  0.0, Max:  0.0, Diff:  0.0, Sum:  0.0, Workers: 4
[3390.614s][debug][gc,phases      ] GC(177)     Dead                           Min: 0, Avg:  0.0, Max: 0, Diff: 0, Sum: 0, Workers: 4
[3390.614s][debug][gc,phases      ] GC(177)     Total                          Min: 0, Avg:  1.5, Max: 6, Diff: 6, Sum: 6, Workers: 4
[3390.614s][debug][gc,phases      ] GC(177)   JVMTI Tag Weak OopStorage      Min:  0.0, Avg:  0.0, Max:  0.0, Diff:  0.0, Sum:  0.0, Workers: 4
[3390.614s][debug][gc,phases      ] GC(177)     Dead                           Min: 0, Avg:  0.0, Max: 0, Diff: 0, Sum: 0, Workers: 4
[3390.614s][debug][gc,phases      ] GC(177)     Total                          Min: 0, Avg:  0.0, Max: 0, Diff: 0, Sum: 0, Workers: 4
[3390.614s][debug][gc,phases      ] GC(177)   StringTable Weak               Min:  0.0, Avg:  0.1, Max:  0.1, Diff:  0.1, Sum:  0.3, Workers: 4
[3390.614s][debug][gc,phases      ] GC(177)     Dead                           Min: 0, Avg:  0.0, Max: 0, Diff: 0, Sum: 0, Workers: 4
[3390.614s][debug][gc,phases      ] GC(177)     Total                          Min: 0, Avg: 11359.0, Max: 19711, Diff: 19711, Sum: 45436, Workers: 4
[3390.614s][debug][gc,phases      ] GC(177)   ResolvedMethodTable Weak       Min:  0.0, Avg:  0.0, Max:  0.0, Diff:  0.0, Sum:  0.1, Workers: 4
[3390.614s][debug][gc,phases      ] GC(177)     Dead                           Min: 0, Avg:  0.0, Max: 0, Diff: 0, Sum: 0, Workers: 4
[3390.614s][debug][gc,phases      ] GC(177)     Total                          Min: 0, Avg: 2941.2, Max: 5048, Diff: 5048, Sum: 11765, Workers: 4
[3390.614s][debug][gc,phases      ] GC(177)   JNI Weak                       Min:  0.0, Avg:  0.0, Max:  0.0, Diff:  0.0, Sum:  0.0, Workers: 4
[3390.614s][debug][gc,phases      ] GC(177)     Dead                           Min: 0, Avg:  0.0, Max: 0, Diff: 0, Sum: 0, Workers: 4
[3390.614s][debug][gc,phases      ] GC(177)     Total                          Min: 0, Avg: 12.0, Max: 48, Diff: 48, Sum: 48, Workers: 4
[3390.614s][debug][gc,phases      ] GC(177)   StringDedup Table Weak         Min:  0.0, Avg:  0.0, Max:  0.0, Diff:  0.0, Sum:  0.0, Workers: 4
[3390.614s][debug][gc,phases      ] GC(177)     Dead                           Min: 0, Avg:  0.0, Max: 0, Diff: 0, Sum: 0, Workers: 4
[3390.614s][debug][gc,phases      ] GC(177)     Total                          Min: 0, Avg:  0.0, Max: 0, Diff: 0, Sum: 0, Workers: 4
[3390.614s][debug][gc,phases      ] GC(177)   StringDedup Requests0 Weak     Min:  0.0, Avg:  0.0, Max:  0.0, Diff:  0.0, Sum:  0.0, Workers: 4
[3390.614s][debug][gc,phases      ] GC(177)     Dead                           Min: 0, Avg:  0.0, Max: 0, Diff: 0, Sum: 0, Workers: 4
[3390.614s][debug][gc,phases      ] GC(177)     Total                          Min: 0, Avg:  0.0, Max: 0, Diff: 0, Sum: 0, Workers: 4
[3390.614s][debug][gc,phases      ] GC(177)   StringDedup Requests1 Weak     Min:  0.0, Avg:  0.0, Max:  0.0, Diff:  0.0, Sum:  0.0, Workers: 4
[3390.614s][debug][gc,phases      ] GC(177)     Dead                           Min: 0, Avg:  0.0, Max: 0, Diff: 0, Sum: 0, Workers: 4
[3390.614s][debug][gc,phases      ] GC(177)     Total                          Min: 0, Avg:  0.0, Max: 0, Diff: 0, Sum: 0, Workers: 4
[3390.614s][debug][gc,phases      ] GC(177)   Weak JFR Old Object Samples    Min:  0.0, Avg:  0.0, Max:  0.0, Diff:  0.0, Sum:  0.0, Workers: 4
[3390.614s][debug][gc,phases      ] GC(177)     Dead                           Min: 0, Avg:  0.0, Max: 0, Diff: 0, Sum: 0, Workers: 4
[3390.614s][debug][gc,phases      ] GC(177)     Total                          Min: 0, Avg:  0.0, Max: 0, Diff: 0, Sum: 0, Workers: 4
[3390.614s][debug][gc,phases      ] GC(177) Weak Processing 0.304ms
[3390.614s][debug][gc,age         ] GC(177) Desired survivor size 54001664 bytes, new threshold 15 (max threshold 15)
[3390.614s][info ][gc,heap        ] GC(177) PSYoungGen: 2026352K(2043392K)->35168K(2043904K) Eden: 1990656K(1990656K)->0K(1990656K) From: 35696K(52736K)->35168K(53248K)
[3390.614s][info ][gc,heap        ] GC(177) ParOldGen: 560661K(579584K)->560713K(579584K)
[3390.614s][info ][gc,metaspace   ] GC(177) Metaspace: 92451K(93632K)->92451K(93632K) NonClass: 79236K(79872K)->79236K(79872K) Class: 13215K(13760K)->13215K(13760K)
[3390.614s][info ][gc             ] GC(177) Pause Young (Allocation Failure) 2526M->581M(2562M) 12.390ms
[3390.614s][info ][gc,cpu         ] GC(177) User=0.05s Sys=0.00s Real=0.01s
[3390.614s][info ][safepoint      ] Safepoint "ParallelGCFailedAllocation", Time since last: 8688246901 ns, Reaching safepoint: 4300 ns, Cleanup: 3600 ns, At safepoint: 12458638 ns, Total: 12466538 ns
[3393.614s][info ][safepoint      ] Safepoint "Cleanup", Time since last: 3000217678 ns, Reaching safepoint: 72900 ns, Cleanup: 7799 ns, At safepoint: 6100 ns, Total: 86799 ns
[3395.615s][info ][safepoint      ] Safepoint "Cleanup", Time since last: 2000170534 ns, Reaching safepoint: 74500 ns, Cleanup: 7400 ns, At safepoint: 24300 ns, Total: 106200 ns
[3397.615s][info ][safepoint      ] Safepoint "Cleanup", Time since last: 2000161923 ns, Reaching safepoint: 75600 ns, Cleanup: 19900 ns, At safepoint: 5999 ns, Total: 101499 ns
[3398.615s][info ][safepoint      ] Safepoint "Cleanup", Time since last: 1000103112 ns, Reaching safepoint: 72400 ns, Cleanup: 10000 ns, At safepoint: 5400 ns, Total: 87800 ns
[3400.615s][info ][safepoint      ] Safepoint "Cleanup", Time since last: 2000165723 ns, Reaching safepoint: 5500 ns, Cleanup: 7800 ns, At safepoint: 2000 ns, Total: 15300 ns
[3403.616s][info ][safepoint      ] Safepoint "Cleanup", Time since last: 3000224541 ns, Reaching safepoint: 71000 ns, Cleanup: 7900 ns, At safepoint: 5500 ns, Total: 84400 ns
[3403.765s][info ][gc,start       ] GC(178) Pause Young (Allocation Failure)
[3403.777s][debug][gc,phases      ] GC(178) Scavenge 12.487ms
[3403.777s][debug][gc,ref         ] GC(178) Skipped phase 1 of Reference Processing: no references
[3403.777s][debug][gc,ref         ] GC(178) ReferenceProcessor::execute queues: 1, RefProcThreadModel::Single, marks_oops_alive: false
[3403.777s][debug][gc,ref         ] GC(178) Skipped phase 3 of Reference Processing: no references
[3403.777s][debug][gc,ref         ] GC(178) ReferenceProcessor::execute queues: 1, RefProcThreadModel::Single, marks_oops_alive: false
[3403.777s][debug][gc,phases      ] GC(178) Reference Processing 0.096ms
[3403.777s][debug][gc,phases      ] GC(178)   VM Weak                        Min:  0.0, Avg:  0.0, Max:  0.0, Diff:  0.0, Sum:  0.0, Workers: 4
[3403.777s][debug][gc,phases      ] GC(178)     Dead                           Min: 0, Avg:  0.0, Max: 0, Diff: 0, Sum: 0, Workers: 4
[3403.777s][debug][gc,phases      ] GC(178)     Total                          Min: 0, Avg: 250.0, Max: 873, Diff: 873, Sum: 1000, Workers: 4
[3403.777s][debug][gc,phases      ] GC(178)   ObjectSynchronizer Weak        Min:  0.0, Avg:  0.0, Max:  0.0, Diff:  0.0, Sum:  0.0, Workers: 4
[3403.777s][debug][gc,phases      ] GC(178)     Dead                           Min: 0, Avg:  0.0, Max: 0, Diff: 0, Sum: 0, Workers: 4
[3403.777s][debug][gc,phases      ] GC(178)     Total                          Min: 0, Avg:  1.5, Max: 6, Diff: 6, Sum: 6, Workers: 4
[3403.777s][debug][gc,phases      ] GC(178)   JVMTI Tag Weak OopStorage      Min:  0.0, Avg:  0.0, Max:  0.0, Diff:  0.0, Sum:  0.0, Workers: 4
[3403.777s][debug][gc,phases      ] GC(178)     Dead                           Min: 0, Avg:  0.0, Max: 0, Diff: 0, Sum: 0, Workers: 4
[3403.777s][debug][gc,phases      ] GC(178)     Total                          Min: 0, Avg:  0.0, Max: 0, Diff: 0, Sum: 0, Workers: 4
[3403.777s][debug][gc,phases      ] GC(178)   StringTable Weak               Min:  0.0, Avg:  0.1, Max:  0.1, Diff:  0.1, Sum:  0.3, Workers: 4
[3403.778s][debug][gc,phases      ] GC(178)     Dead                           Min: 0, Avg:  0.0, Max: 0, Diff: 0, Sum: 0, Workers: 4
[3403.778s][debug][gc,phases      ] GC(178)     Total                          Min: 0, Avg: 11359.0, Max: 20030, Diff: 20030, Sum: 45436, Workers: 4
[3403.778s][debug][gc,phases      ] GC(178)   ResolvedMethodTable Weak       Min:  0.0, Avg:  0.0, Max:  0.0, Diff:  0.0, Sum:  0.1, Workers: 4
[3403.778s][debug][gc,phases      ] GC(178)     Dead                           Min: 0, Avg:  0.0, Max: 0, Diff: 0, Sum: 0, Workers: 4
[3403.778s][debug][gc,phases      ] GC(178)     Total                          Min: 0, Avg: 2941.2, Max: 5239, Diff: 5239, Sum: 11765, Workers: 4
[3403.778s][debug][gc,phases      ] GC(178)   JNI Weak                       Min:  0.0, Avg:  0.0, Max:  0.0, Diff:  0.0, Sum:  0.0, Workers: 4
[3403.778s][debug][gc,phases      ] GC(178)     Dead                           Min: 0, Avg:  0.0, Max: 0, Diff: 0, Sum: 0, Workers: 4
[3403.778s][debug][gc,phases      ] GC(178)     Total                          Min: 0, Avg: 12.0, Max: 48, Diff: 48, Sum: 48, Workers: 4
[3403.778s][debug][gc,phases      ] GC(178)   StringDedup Table Weak         Min:  0.0, Avg:  0.0, Max:  0.0, Diff:  0.0, Sum:  0.0, Workers: 4
[3403.778s][debug][gc,phases      ] GC(178)     Dead                           Min: 0, Avg:  0.0, Max: 0, Diff: 0, Sum: 0, Workers: 4
[3403.778s][debug][gc,phases      ] GC(178)     Total                          Min: 0, Avg:  0.0, Max: 0, Diff: 0, Sum: 0, Workers: 4
[3403.778s][debug][gc,phases      ] GC(178)   StringDedup Requests0 Weak     Min:  0.0, Avg:  0.0, Max:  0.0, Diff:  0.0, Sum:  0.0, Workers: 4
[3403.778s][debug][gc,phases      ] GC(178)     Dead                           Min: 0, Avg:  0.0, Max: 0, Diff: 0, Sum: 0, Workers: 4
[3403.778s][debug][gc,phases      ] GC(178)     Total                          Min: 0, Avg:  0.0, Max: 0, Diff: 0, Sum: 0, Workers: 4
[3403.778s][debug][gc,phases      ] GC(178)   StringDedup Requests1 Weak     Min:  0.0, Avg:  0.0, Max:  0.0, Diff:  0.0, Sum:  0.0, Workers: 4
[3403.778s][debug][gc,phases      ] GC(178)     Dead                           Min: 0, Avg:  0.0, Max: 0, Diff: 0, Sum: 0, Workers: 4
[3403.778s][debug][gc,phases      ] GC(178)     Total                          Min: 0, Avg:  0.0, Max: 0, Diff: 0, Sum: 0, Workers: 4
[3403.778s][debug][gc,phases      ] GC(178)   Weak JFR Old Object Samples    Min:  0.0, Avg:  0.0, Max:  0.0, Diff:  0.0, Sum:  0.0, Workers: 4
[3403.778s][debug][gc,phases      ] GC(178)     Dead                           Min: 0, Avg:  0.0, Max: 0, Diff: 0, Sum: 0, Workers: 4
[3403.778s][debug][gc,phases      ] GC(178)     Total                          Min: 0, Avg:  0.0, Max: 0, Diff: 0, Sum: 0, Workers: 4
[3403.778s][debug][gc,phases      ] GC(178) Weak Processing 0.311ms
[3403.778s][debug][gc,age         ] GC(178) Desired survivor size 54001664 bytes, new threshold 15 (max threshold 15)
[3403.778s][info ][gc,heap        ] GC(178) PSYoungGen: 2025824K(2043904K)->35936K(2044416K) Eden: 1990656K(1990656K)->0K(1991680K) From: 35168K(53248K)->35936K(52736K)
[3403.778s][info ][gc,heap        ] GC(178) ParOldGen: 560713K(579584K)->560761K(579584K)
[3403.778s][info ][gc,metaspace   ] GC(178) Metaspace: 92456K(93632K)->92456K(93632K) NonClass: 79240K(79872K)->79240K(79872K) Class: 13215K(13760K)->13215K(13760K)
[3403.778s][info ][gc             ] GC(178) Pause Young (Allocation Failure) 2525M->582M(2562M) 13.005ms
[3403.778s][info ][gc,cpu         ] GC(178) User=0.05s Sys=0.00s Real=0.01s
[3403.778s][info ][safepoint      ] Safepoint "ParallelGCFailedAllocation", Time since last: 148897043 ns, Reaching safepoint: 4300 ns, Cleanup: 3600 ns, At safepoint: 13074133 ns, Total: 13082033 ns
[3404.778s][info ][safepoint      ] Safepoint "Cleanup", Time since last: 1000084216 ns, Reaching safepoint: 3900 ns, Cleanup: 12200 ns, At safepoint: 1800 ns, Total: 17900 ns
[3405.778s][info ][safepoint      ] Safepoint "Cleanup", Time since last: 1000092515 ns, Reaching safepoint: 70800 ns, Cleanup: 13499 ns, At safepoint: 4600 ns, Total: 88899 ns
[3406.778s][info ][safepoint      ] Safepoint "Cleanup", Time since last: 1000100416 ns, Reaching safepoint: 4300 ns, Cleanup: 8300 ns, At safepoint: 2000 ns, Total: 14600 ns
[3410.778s][info ][safepoint      ] Safepoint "Cleanup", Time since last: 4000261845 ns, Reaching safepoint: 4500 ns, Cleanup: 13399 ns, At safepoint: 2800 ns, Total: 20699 ns
[3414.779s][info ][safepoint      ] Safepoint "Cleanup", Time since last: 4000299585 ns, Reaching safepoint: 4500 ns, Cleanup: 8700 ns, At safepoint: 1800 ns, Total: 15000 ns
[3417.150s][info ][gc,start       ] GC(179) Pause Young (Allocation Failure)
[3417.162s][debug][gc,phases      ] GC(179) Scavenge 12.048ms
[3417.162s][debug][gc,ref         ] GC(179) Skipped phase 1 of Reference Processing: no references
[3417.162s][debug][gc,ref         ] GC(179) ReferenceProcessor::execute queues: 1, RefProcThreadModel::Single, marks_oops_alive: false
[3417.162s][debug][gc,ref         ] GC(179) Skipped phase 3 of Reference Processing: no references
[3417.162s][debug][gc,ref         ] GC(179) ReferenceProcessor::execute queues: 1, RefProcThreadModel::Single, marks_oops_alive: false
[3417.162s][debug][gc,phases      ] GC(179) Reference Processing 0.098ms
[3417.162s][debug][gc,phases      ] GC(179)   VM Weak                        Min:  0.0, Avg:  0.0, Max:  0.0, Diff:  0.0, Sum:  0.0, Workers: 4
[3417.162s][debug][gc,phases      ] GC(179)     Dead                           Min: 0, Avg:  0.0, Max: 0, Diff: 0, Sum: 0, Workers: 4
[3417.162s][debug][gc,phases      ] GC(179)     Total                          Min: 0, Avg: 250.0, Max: 703, Diff: 703, Sum: 1000, Workers: 4
[3417.162s][debug][gc,phases      ] GC(179)   ObjectSynchronizer Weak        Min:  0.0, Avg:  0.0, Max:  0.0, Diff:  0.0, Sum:  0.0, Workers: 4
[3417.162s][debug][gc,phases      ] GC(179)     Dead                           Min: 0, Avg:  0.0, Max: 0, Diff: 0, Sum: 0, Workers: 4
[3417.162s][debug][gc,phases      ] GC(179)     Total                          Min: 0, Avg:  1.5, Max: 6, Diff: 6, Sum: 6, Workers: 4
[3417.162s][debug][gc,phases      ] GC(179)   JVMTI Tag Weak OopStorage      Min:  0.0, Avg:  0.0, Max:  0.0, Diff:  0.0, Sum:  0.0, Workers: 4
[3417.162s][debug][gc,phases      ] GC(179)     Dead                           Min: 0, Avg:  0.0, Max: 0, Diff: 0, Sum: 0, Workers: 4
[3417.162s][debug][gc,phases      ] GC(179)     Total                          Min: 0, Avg:  0.0, Max: 0, Diff: 0, Sum: 0, Workers: 4
[3417.162s][debug][gc,phases      ] GC(179)   StringTable Weak               Min:  0.0, Avg:  0.1, Max:  0.1, Diff:  0.1, Sum:  0.3, Workers: 4
[3417.162s][debug][gc,phases      ] GC(179)     Dead                           Min: 0, Avg:  0.0, Max: 0, Diff: 0, Sum: 0, Workers: 4
[3417.162s][debug][gc,phases      ] GC(179)     Total                          Min: 0, Avg: 11361.5, Max: 20352, Diff: 20352, Sum: 45446, Workers: 4
[3417.162s][debug][gc,phases      ] GC(179)   ResolvedMethodTable Weak       Min:  0.0, Avg:  0.0, Max:  0.0, Diff:  0.0, Sum:  0.1, Workers: 4
[3417.162s][debug][gc,phases      ] GC(179)     Dead                           Min: 0, Avg:  0.0, Max: 0, Diff: 0, Sum: 0, Workers: 4
[3417.162s][debug][gc,phases      ] GC(179)     Total                          Min: 0, Avg: 2941.2, Max: 4983, Diff: 4983, Sum: 11765, Workers: 4
[3417.162s][debug][gc,phases      ] GC(179)   JNI Weak                       Min:  0.0, Avg:  0.0, Max:  0.0, Diff:  0.0, Sum:  0.0, Workers: 4
[3417.162s][debug][gc,phases      ] GC(179)     Dead                           Min: 0, Avg:  0.0, Max: 0, Diff: 0, Sum: 0, Workers: 4
[3417.162s][debug][gc,phases      ] GC(179)     Total                          Min: 0, Avg: 12.0, Max: 48, Diff: 48, Sum: 48, Workers: 4
[3417.162s][debug][gc,phases      ] GC(179)   StringDedup Table Weak         Min:  0.0, Avg:  0.0, Max:  0.0, Diff:  0.0, Sum:  0.0, Workers: 4
[3417.162s][debug][gc,phases      ] GC(179)     Dead                           Min: 0, Avg:  0.0, Max: 0, Diff: 0, Sum: 0, Workers: 4
[3417.162s][debug][gc,phases      ] GC(179)     Total                          Min: 0, Avg:  0.0, Max: 0, Diff: 0, Sum: 0, Workers: 4
[3417.162s][debug][gc,phases      ] GC(179)   StringDedup Requests0 Weak     Min:  0.0, Avg:  0.0, Max:  0.0, Diff:  0.0, Sum:  0.0, Workers: 4
[3417.162s][debug][gc,phases      ] GC(179)     Dead                           Min: 0, Avg:  0.0, Max: 0, Diff: 0, Sum: 0, Workers: 4
[3417.162s][debug][gc,phases      ] GC(179)     Total                          Min: 0, Avg:  0.0, Max: 0, Diff: 0, Sum: 0, Workers: 4
[3417.162s][debug][gc,phases      ] GC(179)   StringDedup Requests1 Weak     Min:  0.0, Avg:  0.0, Max:  0.0, Diff:  0.0, Sum:  0.0, Workers: 4
[3417.162s][debug][gc,phases      ] GC(179)     Dead                           Min: 0, Avg:  0.0, Max: 0, Diff: 0, Sum: 0, Workers: 4
[3417.162s][debug][gc,phases      ] GC(179)     Total                          Min: 0, Avg:  0.0, Max: 0, Diff: 0, Sum: 0, Workers: 4
[3417.162s][debug][gc,phases      ] GC(179)   Weak JFR Old Object Samples    Min:  0.0, Avg:  0.0, Max:  0.0, Diff:  0.0, Sum:  0.0, Workers: 4
[3417.162s][debug][gc,phases      ] GC(179)     Dead                           Min: 0, Avg:  0.0, Max: 0, Diff: 0, Sum: 0, Workers: 4
[3417.162s][debug][gc,phases      ] GC(179)     Total                          Min: 0, Avg:  0.0, Max: 0, Diff: 0, Sum: 0, Workers: 4
[3417.162s][debug][gc,phases      ] GC(179) Weak Processing 0.347ms
[3417.162s][debug][gc,age         ] GC(179) Desired survivor size 54001664 bytes, new threshold 15 (max threshold 15)
[3417.162s][info ][gc,heap        ] GC(179) PSYoungGen: 2027616K(2044416K)->35712K(2044416K) Eden: 1991680K(1991680K)->0K(1991680K) From: 35936K(52736K)->35712K(52736K)
[3417.162s][info ][gc,heap        ] GC(179) ParOldGen: 560761K(579584K)->560917K(579584K)
[3417.162s][info ][gc,metaspace   ] GC(179) Metaspace: 92466K(93632K)->92466K(93632K) NonClass: 79251K(79872K)->79251K(79872K) Class: 13215K(13760K)->13215K(13760K)
[3417.162s][info ][gc             ] GC(179) Pause Young (Allocation Failure) 2527M->582M(2562M) 12.608ms
[3417.162s][info ][gc,cpu         ] GC(179) User=0.05s Sys=0.00s Real=0.01s
[3417.162s][info ][safepoint      ] Safepoint "ParallelGCFailedAllocation", Time since last: 2370880870 ns, Reaching safepoint: 78400 ns, Cleanup: 4000 ns, At safepoint: 12690639 ns, Total: 12773039 ns
[3422.006s][info ][safepoint      ] Safepoint "Cleanup", Time since last: 4843513961 ns, Reaching safepoint: 72400 ns, Cleanup: 7600 ns, At safepoint: 5300 ns, Total: 85300 ns
[3424.006s][info ][safepoint      ] Safepoint "Cleanup", Time since last: 2000155814 ns, Reaching safepoint: 70900 ns, Cleanup: 11900 ns, At safepoint: 5400 ns, Total: 88200 ns
[3428.007s][info ][safepoint      ] Safepoint "Cleanup", Time since last: 4000317073 ns, Reaching safepoint: 74699 ns, Cleanup: 8600 ns, At safepoint: 5800 ns, Total: 89099 ns
[3429.800s][info ][gc,start       ] GC(180) Pause Young (Allocation Failure)
[3429.812s][debug][gc,phases      ] GC(180) Scavenge 12.066ms
[3429.812s][debug][gc,ref         ] GC(180) Skipped phase 1 of Reference Processing: no references
[3429.812s][debug][gc,ref         ] GC(180) ReferenceProcessor::execute queues: 1, RefProcThreadModel::Single, marks_oops_alive: false
[3429.812s][debug][gc,ref         ] GC(180) Skipped phase 3 of Reference Processing: no references
[3429.812s][debug][gc,ref         ] GC(180) ReferenceProcessor::execute queues: 1, RefProcThreadModel::Single, marks_oops_alive: false
[3429.812s][debug][gc,phases      ] GC(180) Reference Processing 0.097ms
[3429.812s][debug][gc,phases      ] GC(180)   VM Weak                        Min:  0.0, Avg:  0.0, Max:  0.0, Diff:  0.0, Sum:  0.0, Workers: 4
[3429.812s][debug][gc,phases      ] GC(180)     Dead                           Min: 0, Avg:  0.0, Max: 0, Diff: 0, Sum: 0, Workers: 4
[3429.812s][debug][gc,phases      ] GC(180)     Total                          Min: 0, Avg: 250.0, Max: 640, Diff: 640, Sum: 1000, Workers: 4
[3429.812s][debug][gc,phases      ] GC(180)   ObjectSynchronizer Weak        Min:  0.0, Avg:  0.0, Max:  0.0, Diff:  0.0, Sum:  0.0, Workers: 4
[3429.812s][debug][gc,phases      ] GC(180)     Dead                           Min: 0, Avg:  0.0, Max: 0, Diff: 0, Sum: 0, Workers: 4
[3429.812s][debug][gc,phases      ] GC(180)     Total                          Min: 0, Avg:  1.5, Max: 6, Diff: 6, Sum: 6, Workers: 4
[3429.812s][debug][gc,phases      ] GC(180)   JVMTI Tag Weak OopStorage      Min:  0.0, Avg:  0.0, Max:  0.0, Diff:  0.0, Sum:  0.0, Workers: 4
[3429.813s][debug][gc,phases      ] GC(180)     Dead                           Min: 0, Avg:  0.0, Max: 0, Diff: 0, Sum: 0, Workers: 4
[3429.813s][debug][gc,phases      ] GC(180)     Total                          Min: 0, Avg:  0.0, Max: 0, Diff: 0, Sum: 0, Workers: 4
[3429.813s][debug][gc,phases      ] GC(180)   StringTable Weak               Min:  0.0, Avg:  0.1, Max:  0.1, Diff:  0.1, Sum:  0.3, Workers: 4
[3429.813s][debug][gc,phases      ] GC(180)     Dead                           Min: 0, Avg:  0.0, Max: 0, Diff: 0, Sum: 0, Workers: 4
[3429.813s][debug][gc,phases      ] GC(180)     Total                          Min: 0, Avg: 11361.5, Max: 20352, Diff: 20352, Sum: 45446, Workers: 4
[3429.813s][debug][gc,phases      ] GC(180)   ResolvedMethodTable Weak       Min:  0.0, Avg:  0.0, Max:  0.0, Diff:  0.0, Sum:  0.1, Workers: 4
[3429.813s][debug][gc,phases      ] GC(180)     Dead                           Min: 0, Avg:  0.0, Max: 0, Diff: 0, Sum: 0, Workers: 4
[3429.813s][debug][gc,phases      ] GC(180)     Total                          Min: 0, Avg: 2941.2, Max: 5247, Diff: 5247, Sum: 11765, Workers: 4
[3429.813s][debug][gc,phases      ] GC(180)   JNI Weak                       Min:  0.0, Avg:  0.0, Max:  0.0, Diff:  0.0, Sum:  0.0, Workers: 4
[3429.813s][debug][gc,phases      ] GC(180)     Dead                           Min: 0, Avg:  0.0, Max: 0, Diff: 0, Sum: 0, Workers: 4
[3429.813s][debug][gc,phases      ] GC(180)     Total                          Min: 0, Avg: 12.0, Max: 48, Diff: 48, Sum: 48, Workers: 4
[3429.813s][debug][gc,phases      ] GC(180)   StringDedup Table Weak         Min:  0.0, Avg:  0.0, Max:  0.0, Diff:  0.0, Sum:  0.0, Workers: 4
[3429.813s][debug][gc,phases      ] GC(180)     Dead                           Min: 0, Avg:  0.0, Max: 0, Diff: 0, Sum: 0, Workers: 4
[3429.813s][debug][gc,phases      ] GC(180)     Total                          Min: 0, Avg:  0.0, Max: 0, Diff: 0, Sum: 0, Workers: 4
[3429.813s][debug][gc,phases      ] GC(180)   StringDedup Requests0 Weak     Min:  0.0, Avg:  0.0, Max:  0.0, Diff:  0.0, Sum:  0.0, Workers: 4
[3429.813s][debug][gc,phases      ] GC(180)     Dead                           Min: 0, Avg:  0.0, Max: 0, Diff: 0, Sum: 0, Workers: 4
[3429.813s][debug][gc,phases      ] GC(180)     Total                          Min: 0, Avg:  0.0, Max: 0, Diff: 0, Sum: 0, Workers: 4
[3429.813s][debug][gc,phases      ] GC(180)   StringDedup Requests1 Weak     Min:  0.0, Avg:  0.0, Max:  0.0, Diff:  0.0, Sum:  0.0, Workers: 4
[3429.813s][debug][gc,phases      ] GC(180)     Dead                           Min: 0, Avg:  0.0, Max: 0, Diff: 0, Sum: 0, Workers: 4
[3429.813s][debug][gc,phases      ] GC(180)     Total                          Min: 0, Avg:  0.0, Max: 0, Diff: 0, Sum: 0, Workers: 4
[3429.813s][debug][gc,phases      ] GC(180)   Weak JFR Old Object Samples    Min:  0.0, Avg:  0.0, Max:  0.0, Diff:  0.0, Sum:  0.0, Workers: 4
[3429.813s][debug][gc,phases      ] GC(180)     Dead                           Min: 0, Avg:  0.0, Max: 0, Diff: 0, Sum: 0, Workers: 4
[3429.813s][debug][gc,phases      ] GC(180)     Total                          Min: 0, Avg:  0.0, Max: 0, Diff: 0, Sum: 0, Workers: 4
[3429.813s][debug][gc,phases      ] GC(180) Weak Processing 0.352ms
[3429.813s][debug][gc,age         ] GC(180) Desired survivor size 53477376 bytes, new threshold 15 (max threshold 15)
[3429.813s][info ][gc,heap        ] GC(180) PSYoungGen: 2027392K(2044416K)->35696K(2044928K) Eden: 1991680K(1991680K)->0K(1992192K) From: 35712K(52736K)->35696K(52736K)
[3429.813s][info ][gc,heap        ] GC(180) ParOldGen: 560917K(579584K)->561013K(579584K)
[3429.813s][info ][gc,metaspace   ] GC(180) Metaspace: 92467K(93632K)->92467K(93632K) NonClass: 79252K(79872K)->79252K(79872K) Class: 13215K(13760K)->13215K(13760K)
[3429.813s][info ][gc             ] GC(180) Pause Young (Allocation Failure) 2527M->582M(2563M) 12.633ms
[3429.813s][info ][gc,cpu         ] GC(180) User=0.05s Sys=0.00s Real=0.01s
[3429.813s][info ][safepoint      ] Safepoint "ParallelGCFailedAllocation", Time since last: 1793342831 ns, Reaching safepoint: 79199 ns, Cleanup: 9200 ns, At safepoint: 12710339 ns, Total: 12798738 ns
[3432.813s][info ][safepoint      ] Safepoint "Cleanup", Time since last: 3000220595 ns, Reaching safepoint: 73000 ns, Cleanup: 9600 ns, At safepoint: 4700 ns, Total: 87300 ns
[3435.813s][info ][safepoint      ] Safepoint "Cleanup", Time since last: 3000239834 ns, Reaching safepoint: 74499 ns, Cleanup: 7500 ns, At safepoint: 5900 ns, Total: 87899 ns
[3441.814s][info ][safepoint      ] Safepoint "Cleanup", Time since last: 6000462969 ns, Reaching safepoint: 76099 ns, Cleanup: 11200 ns, At safepoint: 6700 ns, Total: 93999 ns
[3443.320s][info ][gc,start       ] GC(181) Pause Young (Allocation Failure)
[3443.332s][debug][gc,phases      ] GC(181) Scavenge 11.516ms
[3443.332s][debug][gc,ref         ] GC(181) Skipped phase 1 of Reference Processing: no references
[3443.332s][debug][gc,ref         ] GC(181) ReferenceProcessor::execute queues: 1, RefProcThreadModel::Single, marks_oops_alive: false
[3443.332s][debug][gc,ref         ] GC(181) Skipped phase 3 of Reference Processing: no references
[3443.332s][debug][gc,ref         ] GC(181) ReferenceProcessor::execute queues: 1, RefProcThreadModel::Single, marks_oops_alive: false
[3443.332s][debug][gc,phases      ] GC(181) Reference Processing 0.117ms
[3443.332s][debug][gc,phases      ] GC(181)   VM Weak                        Min:  0.0, Avg:  0.0, Max:  0.0, Diff:  0.0, Sum:  0.0, Workers: 4
[3443.332s][debug][gc,phases      ] GC(181)     Dead                           Min: 0, Avg:  0.0, Max: 0, Diff: 0, Sum: 0, Workers: 4
[3443.332s][debug][gc,phases      ] GC(181)     Total                          Min: 0, Avg: 250.0, Max: 937, Diff: 937, Sum: 1000, Workers: 4
[3443.332s][debug][gc,phases      ] GC(181)   ObjectSynchronizer Weak        Min:  0.0, Avg:  0.0, Max:  0.0, Diff:  0.0, Sum:  0.0, Workers: 4
[3443.332s][debug][gc,phases      ] GC(181)     Dead                           Min: 0, Avg:  0.0, Max: 0, Diff: 0, Sum: 0, Workers: 4
[3443.332s][debug][gc,phases      ] GC(181)     Total                          Min: 0, Avg:  1.5, Max: 6, Diff: 6, Sum: 6, Workers: 4
[3443.332s][debug][gc,phases      ] GC(181)   JVMTI Tag Weak OopStorage      Min:  0.0, Avg:  0.0, Max:  0.0, Diff:  0.0, Sum:  0.0, Workers: 4
[3443.332s][debug][gc,phases      ] GC(181)     Dead                           Min: 0, Avg:  0.0, Max: 0, Diff: 0, Sum: 0, Workers: 4
[3443.332s][debug][gc,phases      ] GC(181)     Total                          Min: 0, Avg:  0.0, Max: 0, Diff: 0, Sum: 0, Workers: 4
[3443.332s][debug][gc,phases      ] GC(181)   StringTable Weak               Min:  0.0, Avg:  0.1, Max:  0.1, Diff:  0.1, Sum:  0.3, Workers: 4
[3443.332s][debug][gc,phases      ] GC(181)     Dead                           Min: 0, Avg:  0.0, Max: 0, Diff: 0, Sum: 0, Workers: 4
[3443.332s][debug][gc,phases      ] GC(181)     Total                          Min: 0, Avg: 11361.5, Max: 19654, Diff: 19654, Sum: 45446, Workers: 4
[3443.332s][debug][gc,phases      ] GC(181)   ResolvedMethodTable Weak       Min:  0.0, Avg:  0.0, Max:  0.0, Diff:  0.0, Sum:  0.1, Workers: 4
[3443.332s][debug][gc,phases      ] GC(181)     Dead                           Min: 0, Avg:  0.0, Max: 0, Diff: 0, Sum: 0, Workers: 4
[3443.332s][debug][gc,phases      ] GC(181)     Total                          Min: 0, Avg: 2941.2, Max: 5366, Diff: 5366, Sum: 11765, Workers: 4
[3443.332s][debug][gc,phases      ] GC(181)   JNI Weak                       Min:  0.0, Avg:  0.0, Max:  0.0, Diff:  0.0, Sum:  0.0, Workers: 4
[3443.332s][debug][gc,phases      ] GC(181)     Dead                           Min: 0, Avg:  0.0, Max: 0, Diff: 0, Sum: 0, Workers: 4
[3443.332s][debug][gc,phases      ] GC(181)     Total                          Min: 0, Avg: 12.0, Max: 48, Diff: 48, Sum: 48, Workers: 4
[3443.332s][debug][gc,phases      ] GC(181)   StringDedup Table Weak         Min:  0.0, Avg:  0.0, Max:  0.0, Diff:  0.0, Sum:  0.0, Workers: 4
[3443.332s][debug][gc,phases      ] GC(181)     Dead                           Min: 0, Avg:  0.0, Max: 0, Diff: 0, Sum: 0, Workers: 4
[3443.332s][debug][gc,phases      ] GC(181)     Total                          Min: 0, Avg:  0.0, Max: 0, Diff: 0, Sum: 0, Workers: 4
[3443.332s][debug][gc,phases      ] GC(181)   StringDedup Requests0 Weak     Min:  0.0, Avg:  0.0, Max:  0.0, Diff:  0.0, Sum:  0.0, Workers: 4
[3443.332s][debug][gc,phases      ] GC(181)     Dead                           Min: 0, Avg:  0.0, Max: 0, Diff: 0, Sum: 0, Workers: 4
[3443.332s][debug][gc,phases      ] GC(181)     Total                          Min: 0, Avg:  0.0, Max: 0, Diff: 0, Sum: 0, Workers: 4
[3443.332s][debug][gc,phases      ] GC(181)   StringDedup Requests1 Weak     Min:  0.0, Avg:  0.0, Max:  0.0, Diff:  0.0, Sum:  0.0, Workers: 4
[3443.332s][debug][gc,phases      ] GC(181)     Dead                           Min: 0, Avg:  0.0, Max: 0, Diff: 0, Sum: 0, Workers: 4
[3443.332s][debug][gc,phases      ] GC(181)     Total                          Min: 0, Avg:  0.0, Max: 0, Diff: 0, Sum: 0, Workers: 4
[3443.332s][debug][gc,phases      ] GC(181)   Weak JFR Old Object Samples    Min:  0.0, Avg:  0.0, Max:  0.0, Diff:  0.0, Sum:  0.0, Workers: 4
[3443.332s][debug][gc,phases      ] GC(181)     Dead                           Min: 0, Avg:  0.0, Max: 0, Diff: 0, Sum: 0, Workers: 4
[3443.332s][debug][gc,phases      ] GC(181)     Total                          Min: 0, Avg:  0.0, Max: 0, Diff: 0, Sum: 0, Workers: 4
[3443.332s][debug][gc,phases      ] GC(181) Weak Processing 0.317ms
[3443.332s][debug][gc,age         ] GC(181) Desired survivor size 52953088 bytes, new threshold 15 (max threshold 15)
[3443.332s][info ][gc,heap        ] GC(181) PSYoungGen: 2027888K(2044928K)->35296K(2044416K) Eden: 1992192K(1992192K)->0K(1992192K) From: 35696K(52736K)->35296K(52224K)
[3443.332s][info ][gc,heap        ] GC(181) ParOldGen: 561013K(579584K)->561129K(579584K)
[3443.332s][info ][gc,metaspace   ] GC(181) Metaspace: 92478K(93632K)->92478K(93632K) NonClass: 79262K(79872K)->79262K(79872K) Class: 13216K(13760K)->13216K(13760K)
[3443.332s][info ][gc             ] GC(181) Pause Young (Allocation Failure) 2528M->582M(2562M) 12.061ms
[3443.332s][info ][gc,cpu         ] GC(181) User=0.04s Sys=0.00s Real=0.01s
[3443.332s][info ][safepoint      ] Safepoint "ParallelGCFailedAllocation", Time since last: 1506080327 ns, Reaching safepoint: 4700 ns, Cleanup: 3100 ns, At safepoint: 12128939 ns, Total: 12136739 ns
[3448.332s][info ][safepoint      ] Safepoint "Cleanup", Time since last: 5000341955 ns, Reaching safepoint: 4000 ns, Cleanup: 10000 ns, At safepoint: 2100 ns, Total: 16100 ns
[3455.333s][info ][safepoint      ] Safepoint "Cleanup", Time since last: 7000477658 ns, Reaching safepoint: 4700 ns, Cleanup: 8600 ns, At safepoint: 1800 ns, Total: 15100 ns
[3456.333s][info ][safepoint      ] Safepoint "Cleanup", Time since last: 1000110563 ns, Reaching safepoint: 4500 ns, Cleanup: 13100 ns, At safepoint: 1700 ns, Total: 19300 ns
[3457.333s][info ][safepoint      ] Safepoint "Cleanup", Time since last: 1000126164 ns, Reaching safepoint: 4900 ns, Cleanup: 11000 ns, At safepoint: 7100 ns, Total: 23000 ns
[3458.333s][info ][safepoint      ] Safepoint "Cleanup", Time since last: 1000103359 ns, Reaching safepoint: 7400 ns, Cleanup: 9700 ns, At safepoint: 7000 ns, Total: 24100 ns
[3458.349s][info ][gc,start       ] GC(182) Pause Young (Allocation Failure)
[3458.361s][debug][gc,phases      ] GC(182) Scavenge 12.101ms
[3458.361s][debug][gc,ref         ] GC(182) Skipped phase 1 of Reference Processing: no references
[3458.361s][debug][gc,ref         ] GC(182) ReferenceProcessor::execute queues: 1, RefProcThreadModel::Single, marks_oops_alive: false
[3458.361s][debug][gc,ref         ] GC(182) Skipped phase 3 of Reference Processing: no references
[3458.361s][debug][gc,ref         ] GC(182) ReferenceProcessor::execute queues: 1, RefProcThreadModel::Single, marks_oops_alive: false
[3458.361s][debug][gc,phases      ] GC(182) Reference Processing 0.097ms
[3458.362s][debug][gc,phases      ] GC(182)   VM Weak                        Min:  0.0, Avg:  0.0, Max:  0.0, Diff:  0.0, Sum:  0.0, Workers: 4
[3458.362s][debug][gc,phases      ] GC(182)     Dead                           Min: 0, Avg:  0.0, Max: 0, Diff: 0, Sum: 0, Workers: 4
[3458.362s][debug][gc,phases      ] GC(182)     Total                          Min: 0, Avg: 250.0, Max: 1000, Diff: 1000, Sum: 1000, Workers: 4
[3458.362s][debug][gc,phases      ] GC(182)   ObjectSynchronizer Weak        Min:  0.0, Avg:  0.0, Max:  0.0, Diff:  0.0, Sum:  0.0, Workers: 4
[3458.362s][debug][gc,phases      ] GC(182)     Dead                           Min: 0, Avg:  0.0, Max: 0, Diff: 0, Sum: 0, Workers: 4
[3458.362s][debug][gc,phases      ] GC(182)     Total                          Min: 0, Avg:  1.5, Max: 6, Diff: 6, Sum: 6, Workers: 4
[3458.362s][debug][gc,phases      ] GC(182)   JVMTI Tag Weak OopStorage      Min:  0.0, Avg:  0.0, Max:  0.0, Diff:  0.0, Sum:  0.0, Workers: 4
[3458.362s][debug][gc,phases      ] GC(182)     Dead                           Min: 0, Avg:  0.0, Max: 0, Diff: 0, Sum: 0, Workers: 4
[3458.362s][debug][gc,phases      ] GC(182)     Total                          Min: 0, Avg:  0.0, Max: 0, Diff: 0, Sum: 0, Workers: 4
[3458.362s][debug][gc,phases      ] GC(182)   StringTable Weak               Min:  0.0, Avg:  0.1, Max:  0.1, Diff:  0.1, Sum:  0.3, Workers: 4
[3458.362s][debug][gc,phases      ] GC(182)     Dead                           Min: 0, Avg:  0.0, Max: 0, Diff: 0, Sum: 0, Workers: 4
[3458.362s][debug][gc,phases      ] GC(182)     Total                          Min: 0, Avg: 11361.5, Max: 19718, Diff: 19718, Sum: 45446, Workers: 4
[3458.362s][debug][gc,phases      ] GC(182)   ResolvedMethodTable Weak       Min:  0.0, Avg:  0.0, Max:  0.0, Diff:  0.0, Sum:  0.1, Workers: 4
[3458.362s][debug][gc,phases      ] GC(182)     Dead                           Min: 0, Avg:  0.2, Max: 1, Diff: 1, Sum: 1, Workers: 4
[3458.362s][debug][gc,phases      ] GC(182)     Total                          Min: 0, Avg: 2941.5, Max: 5056, Diff: 5056, Sum: 11766, Workers: 4
[3458.362s][debug][gc,phases      ] GC(182)   JNI Weak                       Min:  0.0, Avg:  0.0, Max:  0.0, Diff:  0.0, Sum:  0.0, Workers: 4
[3458.362s][debug][gc,phases      ] GC(182)     Dead                           Min: 0, Avg:  0.0, Max: 0, Diff: 0, Sum: 0, Workers: 4
[3458.362s][debug][gc,phases      ] GC(182)     Total                          Min: 0, Avg: 12.0, Max: 48, Diff: 48, Sum: 48, Workers: 4
[3458.362s][debug][gc,phases      ] GC(182)   StringDedup Table Weak         Min:  0.0, Avg:  0.0, Max:  0.0, Diff:  0.0, Sum:  0.0, Workers: 4
[3458.362s][debug][gc,phases      ] GC(182)     Dead                           Min: 0, Avg:  0.0, Max: 0, Diff: 0, Sum: 0, Workers: 4
[3458.362s][debug][gc,phases      ] GC(182)     Total                          Min: 0, Avg:  0.0, Max: 0, Diff: 0, Sum: 0, Workers: 4
[3458.362s][debug][gc,phases      ] GC(182)   StringDedup Requests0 Weak     Min:  0.0, Avg:  0.0, Max:  0.0, Diff:  0.0, Sum:  0.0, Workers: 4
[3458.362s][debug][gc,phases      ] GC(182)     Dead                           Min: 0, Avg:  0.0, Max: 0, Diff: 0, Sum: 0, Workers: 4
[3458.362s][debug][gc,phases      ] GC(182)     Total                          Min: 0, Avg:  0.0, Max: 0, Diff: 0, Sum: 0, Workers: 4
[3458.362s][debug][gc,phases      ] GC(182)   StringDedup Requests1 Weak     Min:  0.0, Avg:  0.0, Max:  0.0, Diff:  0.0, Sum:  0.0, Workers: 4
[3458.362s][debug][gc,phases      ] GC(182)     Dead                           Min: 0, Avg:  0.0, Max: 0, Diff: 0, Sum: 0, Workers: 4
[3458.362s][debug][gc,phases      ] GC(182)     Total                          Min: 0, Avg:  0.0, Max: 0, Diff: 0, Sum: 0, Workers: 4
[3458.362s][debug][gc,phases      ] GC(182)   Weak JFR Old Object Samples    Min:  0.0, Avg:  0.0, Max:  0.0, Diff:  0.0, Sum:  0.0, Workers: 4
[3458.362s][debug][gc,phases      ] GC(182)     Dead                           Min: 0, Avg:  0.0, Max: 0, Diff: 0, Sum: 0, Workers: 4
[3458.362s][debug][gc,phases      ] GC(182)     Total                          Min: 0, Avg:  0.0, Max: 0, Diff: 0, Sum: 0, Workers: 4
[3458.362s][debug][gc,phases      ] GC(182) Weak Processing 0.311ms
[3458.362s][debug][gc,age         ] GC(182) Desired survivor size 52428800 bytes, new threshold 15 (max threshold 15)
[3458.362s][info ][gc,heap        ] GC(182) PSYoungGen: 2027488K(2044416K)->35312K(2045952K) Eden: 1992192K(1992192K)->0K(1994240K) From: 35296K(52224K)->35312K(51712K)
[3458.362s][info ][gc,heap        ] GC(182) ParOldGen: 561129K(579584K)->561277K(579584K)
[3458.362s][info ][gc,metaspace   ] GC(182) Metaspace: 92486K(93632K)->92486K(93632K) NonClass: 79270K(79872K)->79270K(79872K) Class: 13216K(13760K)->13216K(13760K)
[3458.362s][info ][gc             ] GC(182) Pause Young (Allocation Failure) 2527M->582M(2564M) 12.606ms
[3458.362s][info ][gc,cpu         ] GC(182) User=0.05s Sys=0.00s Real=0.01s
[3458.362s][info ][safepoint      ] Safepoint "ParallelGCFailedAllocation", Time since last: 15725620 ns, Reaching safepoint: 2000 ns, Cleanup: 1400 ns, At safepoint: 12671636 ns, Total: 12675036 ns
[3460.362s][info ][safepoint      ] Safepoint "Cleanup", Time since last: 2000142205 ns, Reaching safepoint: 75000 ns, Cleanup: 8400 ns, At safepoint: 6200 ns, Total: 89600 ns
[3462.362s][info ][safepoint      ] Safepoint "Cleanup", Time since last: 2000173505 ns, Reaching safepoint: 71100 ns, Cleanup: 14700 ns, At safepoint: 4900 ns, Total: 90700 ns
[3465.363s][info ][safepoint      ] Safepoint "Cleanup", Time since last: 3000249457 ns, Reaching safepoint: 76200 ns, Cleanup: 8400 ns, At safepoint: 6200 ns, Total: 90800 ns
[3466.363s][info ][safepoint      ] Safepoint "Cleanup", Time since last: 1000099050 ns, Reaching safepoint: 73300 ns, Cleanup: 63200 ns, At safepoint: 6500 ns, Total: 143000 ns
[3467.363s][info ][safepoint      ] Safepoint "Cleanup", Time since last: 1000102448 ns, Reaching safepoint: 81199 ns, Cleanup: 18600 ns, At safepoint: 6000 ns, Total: 105799 ns
[3468.363s][info ][safepoint      ] Safepoint "Cleanup", Time since last: 1000134348 ns, Reaching safepoint: 77300 ns, Cleanup: 12300 ns, At safepoint: 7200 ns, Total: 96800 ns
[3472.502s][info ][gc,start       ] GC(183) Pause Young (Allocation Failure)
[3472.523s][debug][gc,phases      ] GC(183) Scavenge 21.159ms
[3472.523s][debug][gc,ref         ] GC(183) Skipped phase 1 of Reference Processing: no references
[3472.523s][debug][gc,ref         ] GC(183) ReferenceProcessor::execute queues: 1, RefProcThreadModel::Single, marks_oops_alive: false
[3472.523s][debug][gc,ref         ] GC(183) Skipped phase 3 of Reference Processing: no references
[3472.523s][debug][gc,ref         ] GC(183) ReferenceProcessor::execute queues: 1, RefProcThreadModel::Single, marks_oops_alive: false
[3472.523s][debug][gc,phases      ] GC(183) Reference Processing 0.100ms
[3472.524s][debug][gc,phases      ] GC(183)   VM Weak                        Min:  0.0, Avg:  0.0, Max:  0.0, Diff:  0.0, Sum:  0.0, Workers: 4
[3472.524s][debug][gc,phases      ] GC(183)     Dead                           Min: 0, Avg:  0.0, Max: 0, Diff: 0, Sum: 0, Workers: 4
[3472.524s][debug][gc,phases      ] GC(183)     Total                          Min: 0, Avg: 250.0, Max: 1000, Diff: 1000, Sum: 1000, Workers: 4
[3472.524s][debug][gc,phases      ] GC(183)   ObjectSynchronizer Weak        Min:  0.0, Avg:  0.0, Max:  0.0, Diff:  0.0, Sum:  0.0, Workers: 4
[3472.524s][debug][gc,phases      ] GC(183)     Dead                           Min: 0, Avg:  0.0, Max: 0, Diff: 0, Sum: 0, Workers: 4
[3472.524s][debug][gc,phases      ] GC(183)     Total                          Min: 0, Avg:  1.5, Max: 6, Diff: 6, Sum: 6, Workers: 4
[3472.524s][debug][gc,phases      ] GC(183)   JVMTI Tag Weak OopStorage      Min:  0.0, Avg:  0.0, Max:  0.0, Diff:  0.0, Sum:  0.0, Workers: 4
[3472.524s][debug][gc,phases      ] GC(183)     Dead                           Min: 0, Avg:  0.0, Max: 0, Diff: 0, Sum: 0, Workers: 4
[3472.524s][debug][gc,phases      ] GC(183)     Total                          Min: 0, Avg:  0.0, Max: 0, Diff: 0, Sum: 0, Workers: 4
[3472.524s][debug][gc,phases      ] GC(183)   StringTable Weak               Min:  0.0, Avg:  0.1, Max:  0.4, Diff:  0.4, Sum:  0.4, Workers: 4
[3472.524s][debug][gc,phases      ] GC(183)     Dead                           Min: 0, Avg:  0.0, Max: 0, Diff: 0, Sum: 0, Workers: 4
[3472.524s][debug][gc,phases      ] GC(183)     Total                          Min: 0, Avg: 11361.5, Max: 45446, Diff: 45446, Sum: 45446, Workers: 4
[3472.524s][debug][gc,phases      ] GC(183)   ResolvedMethodTable Weak       Min:  0.0, Avg:  0.0, Max:  0.1, Diff:  0.1, Sum:  0.1, Workers: 4
[3472.524s][debug][gc,phases      ] GC(183)     Dead                           Min: 0, Avg:  0.0, Max: 0, Diff: 0, Sum: 0, Workers: 4
[3472.524s][debug][gc,phases      ] GC(183)     Total                          Min: 0, Avg: 2941.5, Max: 11766, Diff: 11766, Sum: 11766, Workers: 4
[3472.524s][debug][gc,phases      ] GC(183)   JNI Weak                       Min:  0.0, Avg:  0.0, Max:  0.0, Diff:  0.0, Sum:  0.0, Workers: 4
[3472.524s][debug][gc,phases      ] GC(183)     Dead                           Min: 0, Avg:  0.0, Max: 0, Diff: 0, Sum: 0, Workers: 4
[3472.524s][debug][gc,phases      ] GC(183)     Total                          Min: 0, Avg: 12.0, Max: 48, Diff: 48, Sum: 48, Workers: 4
[3472.524s][debug][gc,phases      ] GC(183)   StringDedup Table Weak         Min:  0.0, Avg:  0.0, Max:  0.0, Diff:  0.0, Sum:  0.0, Workers: 4
[3472.524s][debug][gc,phases      ] GC(183)     Dead                           Min: 0, Avg:  0.0, Max: 0, Diff: 0, Sum: 0, Workers: 4
[3472.524s][debug][gc,phases      ] GC(183)     Total                          Min: 0, Avg:  0.0, Max: 0, Diff: 0, Sum: 0, Workers: 4
[3472.524s][debug][gc,phases      ] GC(183)   StringDedup Requests0 Weak     Min:  0.0, Avg:  0.0, Max:  0.0, Diff:  0.0, Sum:  0.0, Workers: 4
[3472.524s][debug][gc,phases      ] GC(183)     Dead                           Min: 0, Avg:  0.0, Max: 0, Diff: 0, Sum: 0, Workers: 4
[3472.524s][debug][gc,phases      ] GC(183)     Total                          Min: 0, Avg:  0.0, Max: 0, Diff: 0, Sum: 0, Workers: 4
[3472.524s][debug][gc,phases      ] GC(183)   StringDedup Requests1 Weak     Min:  0.0, Avg:  0.0, Max:  0.0, Diff:  0.0, Sum:  0.0, Workers: 4
[3472.524s][debug][gc,phases      ] GC(183)     Dead                           Min: 0, Avg:  0.0, Max: 0, Diff: 0, Sum: 0, Workers: 4
[3472.524s][debug][gc,phases      ] GC(183)     Total                          Min: 0, Avg:  0.0, Max: 0, Diff: 0, Sum: 0, Workers: 4
[3472.524s][debug][gc,phases      ] GC(183)   Weak JFR Old Object Samples    Min:  0.0, Avg:  0.0, Max:  0.0, Diff:  0.0, Sum:  0.0, Workers: 4
[3472.524s][debug][gc,phases      ] GC(183)     Dead                           Min: 0, Avg:  0.0, Max: 0, Diff: 0, Sum: 0, Workers: 4
[3472.524s][debug][gc,phases      ] GC(183)     Total                          Min: 0, Avg:  0.0, Max: 0, Diff: 0, Sum: 0, Workers: 4
[3472.524s][debug][gc,phases      ] GC(183) Weak Processing 0.752ms
[3472.524s][debug][gc,age         ] GC(183) Desired survivor size 51904512 bytes, new threshold 15 (max threshold 15)
[3472.524s][info ][gc,heap        ] GC(183) PSYoungGen: 2029552K(2045952K)->35280K(2045440K) Eden: 1994240K(1994240K)->0K(1994240K) From: 35312K(51712K)->35280K(51200K)
[3472.524s][info ][gc,heap        ] GC(183) ParOldGen: 561277K(579584K)->561517K(579584K)
[3472.524s][info ][gc,metaspace   ] GC(183) Metaspace: 92493K(93632K)->92493K(93632K) NonClass: 79277K(79872K)->79277K(79872K) Class: 13216K(13760K)->13216K(13760K)
[3472.524s][info ][gc             ] GC(183) Pause Young (Allocation Failure) 2530M->582M(2563M) 22.127ms
[3472.524s][info ][gc,cpu         ] GC(183) User=0.04s Sys=0.01s Real=0.03s
[3472.524s][info ][safepoint      ] Safepoint "ParallelGCFailedAllocation", Time since last: 4138513895 ns, Reaching safepoint: 81999 ns, Cleanup: 3300 ns, At safepoint: 22213288 ns, Total: 22298587 ns
[3473.524s][info ][safepoint      ] Safepoint "Cleanup", Time since last: 1000086848 ns, Reaching safepoint: 79700 ns, Cleanup: 11300 ns, At safepoint: 4600 ns, Total: 95600 ns
[3474.524s][info ][safepoint      ] Safepoint "Cleanup", Time since last: 1000108121 ns, Reaching safepoint: 80199 ns, Cleanup: 11700 ns, At safepoint: 8700 ns, Total: 100599 ns
[3482.022s][info ][safepoint      ] Safepoint "Cleanup", Time since last: 7497866570 ns, Reaching safepoint: 79299 ns, Cleanup: 11000 ns, At safepoint: 4300 ns, Total: 94599 ns
[3483.023s][info ][safepoint      ] Safepoint "Cleanup", Time since last: 1000107505 ns, Reaching safepoint: 80299 ns, Cleanup: 12600 ns, At safepoint: 4700 ns, Total: 97599 ns
[3487.232s][info ][gc,start       ] GC(184) Pause Young (Allocation Failure)
[3487.261s][debug][gc,phases      ] GC(184) Scavenge 29.279ms
[3487.261s][debug][gc,ref         ] GC(184) Skipped phase 1 of Reference Processing: no references
[3487.261s][debug][gc,ref         ] GC(184) ReferenceProcessor::execute queues: 1, RefProcThreadModel::Single, marks_oops_alive: false
[3487.261s][debug][gc,ref         ] GC(184) Skipped phase 3 of Reference Processing: no references
[3487.261s][debug][gc,ref         ] GC(184) ReferenceProcessor::execute queues: 1, RefProcThreadModel::Single, marks_oops_alive: false
[3487.261s][debug][gc,phases      ] GC(184) Reference Processing 0.112ms
[3487.262s][debug][gc,phases      ] GC(184)   VM Weak                        Min:  0.0, Avg:  0.0, Max:  0.0, Diff:  0.0, Sum:  0.0, Workers: 4
[3487.262s][debug][gc,phases      ] GC(184)     Dead                           Min: 0, Avg:  0.0, Max: 0, Diff: 0, Sum: 0, Workers: 4
[3487.262s][debug][gc,phases      ] GC(184)     Total                          Min: 0, Avg: 250.0, Max: 1000, Diff: 1000, Sum: 1000, Workers: 4
[3487.262s][debug][gc,phases      ] GC(184)   ObjectSynchronizer Weak        Min:  0.0, Avg:  0.0, Max:  0.0, Diff:  0.0, Sum:  0.0, Workers: 4
[3487.262s][debug][gc,phases      ] GC(184)     Dead                           Min: 0, Avg:  0.0, Max: 0, Diff: 0, Sum: 0, Workers: 4
[3487.262s][debug][gc,phases      ] GC(184)     Total                          Min: 0, Avg:  1.5, Max: 6, Diff: 6, Sum: 6, Workers: 4
[3487.262s][debug][gc,phases      ] GC(184)   JVMTI Tag Weak OopStorage      Min:  0.0, Avg:  0.0, Max:  0.0, Diff:  0.0, Sum:  0.0, Workers: 4
[3487.262s][debug][gc,phases      ] GC(184)     Dead                           Min: 0, Avg:  0.0, Max: 0, Diff: 0, Sum: 0, Workers: 4
[3487.262s][debug][gc,phases      ] GC(184)     Total                          Min: 0, Avg:  0.0, Max: 0, Diff: 0, Sum: 0, Workers: 4
[3487.262s][debug][gc,phases      ] GC(184)   StringTable Weak               Min:  0.0, Avg:  0.1, Max:  0.4, Diff:  0.4, Sum:  0.4, Workers: 4
[3487.262s][debug][gc,phases      ] GC(184)     Dead                           Min: 0, Avg:  0.0, Max: 0, Diff: 0, Sum: 0, Workers: 4
[3487.262s][debug][gc,phases      ] GC(184)     Total                          Min: 0, Avg: 11361.5, Max: 45446, Diff: 45446, Sum: 45446, Workers: 4
[3487.262s][debug][gc,phases      ] GC(184)   ResolvedMethodTable Weak       Min:  0.0, Avg:  0.0, Max:  0.1, Diff:  0.1, Sum:  0.1, Workers: 4
[3487.262s][debug][gc,phases      ] GC(184)     Dead                           Min: 0, Avg:  0.0, Max: 0, Diff: 0, Sum: 0, Workers: 4
[3487.262s][debug][gc,phases      ] GC(184)     Total                          Min: 0, Avg: 2941.5, Max: 11766, Diff: 11766, Sum: 11766, Workers: 4
[3487.262s][debug][gc,phases      ] GC(184)   JNI Weak                       Min:  0.0, Avg:  0.0, Max:  0.0, Diff:  0.0, Sum:  0.0, Workers: 4
[3487.262s][debug][gc,phases      ] GC(184)     Dead                           Min: 0, Avg:  0.0, Max: 0, Diff: 0, Sum: 0, Workers: 4
[3487.262s][debug][gc,phases      ] GC(184)     Total                          Min: 0, Avg: 12.0, Max: 48, Diff: 48, Sum: 48, Workers: 4
[3487.262s][debug][gc,phases      ] GC(184)   StringDedup Table Weak         Min:  0.0, Avg:  0.0, Max:  0.0, Diff:  0.0, Sum:  0.0, Workers: 4
[3487.262s][debug][gc,phases      ] GC(184)     Dead                           Min: 0, Avg:  0.0, Max: 0, Diff: 0, Sum: 0, Workers: 4
[3487.262s][debug][gc,phases      ] GC(184)     Total                          Min: 0, Avg:  0.0, Max: 0, Diff: 0, Sum: 0, Workers: 4
[3487.262s][debug][gc,phases      ] GC(184)   StringDedup Requests0 Weak     Min:  0.0, Avg:  0.0, Max:  0.0, Diff:  0.0, Sum:  0.0, Workers: 4
[3487.262s][debug][gc,phases      ] GC(184)     Dead                           Min: 0, Avg:  0.0, Max: 0, Diff: 0, Sum: 0, Workers: 4
[3487.262s][debug][gc,phases      ] GC(184)     Total                          Min: 0, Avg:  0.0, Max: 0, Diff: 0, Sum: 0, Workers: 4
[3487.262s][debug][gc,phases      ] GC(184)   StringDedup Requests1 Weak     Min:  0.0, Avg:  0.0, Max:  0.0, Diff:  0.0, Sum:  0.0, Workers: 4
[3487.262s][debug][gc,phases      ] GC(184)     Dead                           Min: 0, Avg:  0.0, Max: 0, Diff: 0, Sum: 0, Workers: 4
[3487.262s][debug][gc,phases      ] GC(184)     Total                          Min: 0, Avg:  0.0, Max: 0, Diff: 0, Sum: 0, Workers: 4
[3487.262s][debug][gc,phases      ] GC(184)   Weak JFR Old Object Samples    Min:  0.0, Avg:  0.0, Max:  0.0, Diff:  0.0, Sum:  0.0, Workers: 4
[3487.262s][debug][gc,phases      ] GC(184)     Dead                           Min: 0, Avg:  0.0, Max: 0, Diff: 0, Sum: 0, Workers: 4
[3487.262s][debug][gc,phases      ] GC(184)     Total                          Min: 0, Avg:  0.0, Max: 0, Diff: 0, Sum: 0, Workers: 4
[3487.262s][debug][gc,phases      ] GC(184) Weak Processing 0.733ms
[3487.262s][debug][gc,age         ] GC(184) Desired survivor size 50855936 bytes, new threshold 15 (max threshold 15)
[3487.262s][info ][gc,heap        ] GC(184) PSYoungGen: 2029520K(2045440K)->34848K(2047488K) Eden: 1994240K(1994240K)->0K(1996800K) From: 35280K(51200K)->34848K(50688K)
[3487.262s][info ][gc,heap        ] GC(184) ParOldGen: 561517K(579584K)->561981K(579584K)
[3487.262s][info ][gc,metaspace   ] GC(184) Metaspace: 92494K(93632K)->92494K(93632K) NonClass: 79277K(79872K)->79277K(79872K) Class: 13216K(13760K)->13216K(13760K)
[3487.262s][info ][gc             ] GC(184) Pause Young (Allocation Failure) 2530M->582M(2565M) 30.256ms
[3487.262s][info ][gc,cpu         ] GC(184) User=0.04s Sys=0.00s Real=0.03s
[3487.262s][info ][safepoint      ] Safepoint "ParallelGCFailedAllocation", Time since last: 4204939495 ns, Reaching safepoint: 4228079 ns, Cleanup: 4200 ns, At safepoint: 30346048 ns, Total: 34578327 ns
[3492.263s][info ][safepoint      ] Safepoint "Cleanup", Time since last: 5000358087 ns, Reaching safepoint: 83400 ns, Cleanup: 9700 ns, At safepoint: 6000 ns, Total: 99100 ns
[3494.263s][info ][safepoint      ] Safepoint "Cleanup", Time since last: 2000180265 ns, Reaching safepoint: 81900 ns, Cleanup: 14000 ns, At safepoint: 8700 ns, Total: 104600 ns
[3496.263s][info ][safepoint      ] Safepoint "Cleanup", Time since last: 2000200865 ns, Reaching safepoint: 80999 ns, Cleanup: 7000 ns, At safepoint: 5400 ns, Total: 93399 ns
[3499.691s][info ][gc,start       ] GC(185) Pause Young (Allocation Failure)
[3499.719s][debug][gc,phases      ] GC(185) Scavenge 27.797ms
[3499.719s][debug][gc,ref         ] GC(185) Skipped phase 1 of Reference Processing: no references
[3499.719s][debug][gc,ref         ] GC(185) ReferenceProcessor::execute queues: 1, RefProcThreadModel::Single, marks_oops_alive: false
[3499.719s][debug][gc,ref         ] GC(185) Skipped phase 3 of Reference Processing: no references
[3499.719s][debug][gc,ref         ] GC(185) ReferenceProcessor::execute queues: 1, RefProcThreadModel::Single, marks_oops_alive: false
[3499.719s][debug][gc,phases      ] GC(185) Reference Processing 0.139ms
[3499.720s][debug][gc,phases      ] GC(185)   VM Weak                        Min:  0.0, Avg:  0.0, Max:  0.0, Diff:  0.0, Sum:  0.0, Workers: 4
[3499.720s][debug][gc,phases      ] GC(185)     Dead                           Min: 0, Avg:  0.0, Max: 0, Diff: 0, Sum: 0, Workers: 4
[3499.720s][debug][gc,phases      ] GC(185)     Total                          Min: 0, Avg: 250.0, Max: 1000, Diff: 1000, Sum: 1000, Workers: 4
[3499.720s][debug][gc,phases      ] GC(185)   ObjectSynchronizer Weak        Min:  0.0, Avg:  0.0, Max:  0.0, Diff:  0.0, Sum:  0.0, Workers: 4
[3499.720s][debug][gc,phases      ] GC(185)     Dead                           Min: 0, Avg:  0.0, Max: 0, Diff: 0, Sum: 0, Workers: 4
[3499.720s][debug][gc,phases      ] GC(185)     Total                          Min: 0, Avg:  1.5, Max: 6, Diff: 6, Sum: 6, Workers: 4
[3499.720s][debug][gc,phases      ] GC(185)   JVMTI Tag Weak OopStorage      Min:  0.0, Avg:  0.0, Max:  0.0, Diff:  0.0, Sum:  0.0, Workers: 4
[3499.720s][debug][gc,phases      ] GC(185)     Dead                           Min: 0, Avg:  0.0, Max: 0, Diff: 0, Sum: 0, Workers: 4
[3499.720s][debug][gc,phases      ] GC(185)     Total                          Min: 0, Avg:  0.0, Max: 0, Diff: 0, Sum: 0, Workers: 4
[3499.720s][debug][gc,phases      ] GC(185)   StringTable Weak               Min:  0.0, Avg:  0.1, Max:  0.4, Diff:  0.4, Sum:  0.4, Workers: 4
[3499.720s][debug][gc,phases      ] GC(185)     Dead                           Min: 0, Avg:  0.0, Max: 0, Diff: 0, Sum: 0, Workers: 4
[3499.720s][debug][gc,phases      ] GC(185)     Total                          Min: 0, Avg: 11361.5, Max: 45446, Diff: 45446, Sum: 45446, Workers: 4
[3499.720s][debug][gc,phases      ] GC(185)   ResolvedMethodTable Weak       Min:  0.0, Avg:  0.0, Max:  0.1, Diff:  0.1, Sum:  0.1, Workers: 4
[3499.720s][debug][gc,phases      ] GC(185)     Dead                           Min: 0, Avg:  0.0, Max: 0, Diff: 0, Sum: 0, Workers: 4
[3499.720s][debug][gc,phases      ] GC(185)     Total                          Min: 0, Avg: 2941.5, Max: 11766, Diff: 11766, Sum: 11766, Workers: 4
[3499.720s][debug][gc,phases      ] GC(185)   JNI Weak                       Min:  0.0, Avg:  0.0, Max:  0.0, Diff:  0.0, Sum:  0.0, Workers: 4
[3499.720s][debug][gc,phases      ] GC(185)     Dead                           Min: 0, Avg:  0.0, Max: 0, Diff: 0, Sum: 0, Workers: 4
[3499.720s][debug][gc,phases      ] GC(185)     Total                          Min: 0, Avg: 12.0, Max: 48, Diff: 48, Sum: 48, Workers: 4
[3499.720s][debug][gc,phases      ] GC(185)   StringDedup Table Weak         Min:  0.0, Avg:  0.0, Max:  0.0, Diff:  0.0, Sum:  0.0, Workers: 4
[3499.720s][debug][gc,phases      ] GC(185)     Dead                           Min: 0, Avg:  0.0, Max: 0, Diff: 0, Sum: 0, Workers: 4
[3499.720s][debug][gc,phases      ] GC(185)     Total                          Min: 0, Avg:  0.0, Max: 0, Diff: 0, Sum: 0, Workers: 4
[3499.720s][debug][gc,phases      ] GC(185)   StringDedup Requests0 Weak     Min:  0.0, Avg:  0.0, Max:  0.0, Diff:  0.0, Sum:  0.0, Workers: 4
[3499.720s][debug][gc,phases      ] GC(185)     Dead                           Min: 0, Avg:  0.0, Max: 0, Diff: 0, Sum: 0, Workers: 4
[3499.720s][debug][gc,phases      ] GC(185)     Total                          Min: 0, Avg:  0.0, Max: 0, Diff: 0, Sum: 0, Workers: 4
[3499.720s][debug][gc,phases      ] GC(185)   StringDedup Requests1 Weak     Min:  0.0, Avg:  0.0, Max:  0.0, Diff:  0.0, Sum:  0.0, Workers: 4
[3499.720s][debug][gc,phases      ] GC(185)     Dead                           Min: 0, Avg:  0.0, Max: 0, Diff: 0, Sum: 0, Workers: 4
[3499.720s][debug][gc,phases      ] GC(185)     Total                          Min: 0, Avg:  0.0, Max: 0, Diff: 0, Sum: 0, Workers: 4
[3499.720s][debug][gc,phases      ] GC(185)   Weak JFR Old Object Samples    Min:  0.0, Avg:  0.0, Max:  0.0, Diff:  0.0, Sum:  0.0, Workers: 4
[3499.720s][debug][gc,phases      ] GC(185)     Dead                           Min: 0, Avg:  0.0, Max: 0, Diff: 0, Sum: 0, Workers: 4
[3499.720s][debug][gc,phases      ] GC(185)     Total                          Min: 0, Avg:  0.0, Max: 0, Diff: 0, Sum: 0, Workers: 4
[3499.720s][debug][gc,phases      ] GC(185) Weak Processing 0.762ms
[3499.720s][debug][gc,age         ] GC(185) Desired survivor size 49283072 bytes, new threshold 15 (max threshold 15)
[3499.720s][info ][gc,heap        ] GC(185) PSYoungGen: 2031460K(2047488K)->32368K(2046464K) Eden: 1996611K(1996800K)->0K(1996800K) From: 34848K(50688K)->32368K(49664K)
[3499.720s][info ][gc,heap        ] GC(185) ParOldGen: 561981K(579584K)->564993K(579584K)
[3499.720s][info ][gc,metaspace   ] GC(185) Metaspace: 92501K(93632K)->92501K(93632K) NonClass: 79285K(79872K)->79285K(79872K) Class: 13216K(13760K)->13216K(13760K)
[3499.720s][info ][gc             ] GC(185) Pause Young (Allocation Failure) 2532M->583M(2564M) 28.834ms
[3499.720s][info ][gc,cpu         ] GC(185) User=0.05s Sys=0.01s Real=0.03s
[3499.720s][info ][safepoint      ] Safepoint "ParallelGCFailedAllocation", Time since last: 3427882996 ns, Reaching safepoint: 3900 ns, Cleanup: 7700 ns, At safepoint: 28922555 ns, Total: 28934155 ns
[3502.720s][info ][safepoint      ] Safepoint "Cleanup", Time since last: 3000230163 ns, Reaching safepoint: 86399 ns, Cleanup: 8300 ns, At safepoint: 5200 ns, Total: 99899 ns
[3504.020s][info ][safepoint      ] Safepoint "Cleanup", Time since last: 1299098989 ns, Reaching safepoint: 83800 ns, Cleanup: 16500 ns, At safepoint: 31100 ns, Total: 131400 ns
[3508.020s][info ][safepoint      ] Safepoint "Cleanup", Time since last: 4000313341 ns, Reaching safepoint: 81999 ns, Cleanup: 11700 ns, At safepoint: 6200 ns, Total: 99899 ns
[3512.573s][info ][gc,start       ] GC(186) Pause Young (Allocation Failure)
[3512.598s][debug][gc,phases      ] GC(186) Scavenge 24.823ms
[3512.598s][debug][gc,ref         ] GC(186) Skipped phase 1 of Reference Processing: no references
[3512.598s][debug][gc,ref         ] GC(186) ReferenceProcessor::execute queues: 1, RefProcThreadModel::Single, marks_oops_alive: false
[3512.598s][debug][gc,ref         ] GC(186) Skipped phase 3 of Reference Processing: no references
[3512.598s][debug][gc,ref         ] GC(186) ReferenceProcessor::execute queues: 1, RefProcThreadModel::Single, marks_oops_alive: false
[3512.598s][debug][gc,phases      ] GC(186) Reference Processing 0.099ms
[3512.598s][debug][gc,phases      ] GC(186)   VM Weak                        Min:  0.0, Avg:  0.0, Max:  0.0, Diff:  0.0, Sum:  0.0, Workers: 4
[3512.598s][debug][gc,phases      ] GC(186)     Dead                           Min: 0, Avg:  0.0, Max: 0, Diff: 0, Sum: 0, Workers: 4
[3512.598s][debug][gc,phases      ] GC(186)     Total                          Min: 0, Avg: 250.0, Max: 553, Diff: 553, Sum: 1000, Workers: 4
[3512.598s][debug][gc,phases      ] GC(186)   ObjectSynchronizer Weak        Min:  0.0, Avg:  0.0, Max:  0.0, Diff:  0.0, Sum:  0.0, Workers: 4
[3512.598s][debug][gc,phases      ] GC(186)     Dead                           Min: 0, Avg:  0.0, Max: 0, Diff: 0, Sum: 0, Workers: 4
[3512.598s][debug][gc,phases      ] GC(186)     Total                          Min: 0, Avg:  1.5, Max: 6, Diff: 6, Sum: 6, Workers: 4
[3512.598s][debug][gc,phases      ] GC(186)   JVMTI Tag Weak OopStorage      Min:  0.0, Avg:  0.0, Max:  0.0, Diff:  0.0, Sum:  0.0, Workers: 4
[3512.598s][debug][gc,phases      ] GC(186)     Dead                           Min: 0, Avg:  0.0, Max: 0, Diff: 0, Sum: 0, Workers: 4
[3512.598s][debug][gc,phases      ] GC(186)     Total                          Min: 0, Avg:  0.0, Max: 0, Diff: 0, Sum: 0, Workers: 4
[3512.598s][debug][gc,phases      ] GC(186)   StringTable Weak               Min:  0.0, Avg:  0.1, Max:  0.1, Diff:  0.1, Sum:  0.4, Workers: 4
[3512.598s][debug][gc,phases      ] GC(186)     Dead                           Min: 0, Avg:  0.0, Max: 0, Diff: 0, Sum: 0, Workers: 4
[3512.598s][debug][gc,phases      ] GC(186)     Total                          Min: 0, Avg: 11361.5, Max: 16512, Diff: 16512, Sum: 45446, Workers: 4
[3512.598s][debug][gc,phases      ] GC(186)   ResolvedMethodTable Weak       Min:  0.0, Avg:  0.0, Max:  0.0, Diff:  0.0, Sum:  0.1, Workers: 4
[3512.598s][debug][gc,phases      ] GC(186)     Dead                           Min: 0, Avg:  0.0, Max: 0, Diff: 0, Sum: 0, Workers: 4
[3512.598s][debug][gc,phases      ] GC(186)     Total                          Min: 0, Avg: 2941.5, Max: 3968, Diff: 3968, Sum: 11766, Workers: 4
[3512.598s][debug][gc,phases      ] GC(186)   JNI Weak                       Min:  0.0, Avg:  0.0, Max:  0.0, Diff:  0.0, Sum:  0.0, Workers: 4
[3512.598s][debug][gc,phases      ] GC(186)     Dead                           Min: 0, Avg:  0.0, Max: 0, Diff: 0, Sum: 0, Workers: 4
[3512.598s][debug][gc,phases      ] GC(186)     Total                          Min: 0, Avg: 12.0, Max: 48, Diff: 48, Sum: 48, Workers: 4
[3512.598s][debug][gc,phases      ] GC(186)   StringDedup Table Weak         Min:  0.0, Avg:  0.0, Max:  0.0, Diff:  0.0, Sum:  0.0, Workers: 4
[3512.598s][debug][gc,phases      ] GC(186)     Dead                           Min: 0, Avg:  0.0, Max: 0, Diff: 0, Sum: 0, Workers: 4
[3512.598s][debug][gc,phases      ] GC(186)     Total                          Min: 0, Avg:  0.0, Max: 0, Diff: 0, Sum: 0, Workers: 4
[3512.598s][debug][gc,phases      ] GC(186)   StringDedup Requests0 Weak     Min:  0.0, Avg:  0.0, Max:  0.0, Diff:  0.0, Sum:  0.0, Workers: 4
[3512.598s][debug][gc,phases      ] GC(186)     Dead                           Min: 0, Avg:  0.0, Max: 0, Diff: 0, Sum: 0, Workers: 4
[3512.598s][debug][gc,phases      ] GC(186)     Total                          Min: 0, Avg:  0.0, Max: 0, Diff: 0, Sum: 0, Workers: 4
[3512.598s][debug][gc,phases      ] GC(186)   StringDedup Requests1 Weak     Min:  0.0, Avg:  0.0, Max:  0.0, Diff:  0.0, Sum:  0.0, Workers: 4
[3512.598s][debug][gc,phases      ] GC(186)     Dead                           Min: 0, Avg:  0.0, Max: 0, Diff: 0, Sum: 0, Workers: 4
[3512.598s][debug][gc,phases      ] GC(186)     Total                          Min: 0, Avg:  0.0, Max: 0, Diff: 0, Sum: 0, Workers: 4
[3512.598s][debug][gc,phases      ] GC(186)   Weak JFR Old Object Samples    Min:  0.0, Avg:  0.0, Max:  0.0, Diff:  0.0, Sum:  0.0, Workers: 4
[3512.598s][debug][gc,phases      ] GC(186)     Dead                           Min: 0, Avg:  0.0, Max: 0, Diff: 0, Sum: 0, Workers: 4
[3512.598s][debug][gc,phases      ] GC(186)     Total                          Min: 0, Avg:  0.0, Max: 0, Diff: 0, Sum: 0, Workers: 4
[3512.598s][debug][gc,phases      ] GC(186) Weak Processing 0.351ms
[3512.598s][debug][gc,age         ] GC(186) Desired survivor size 49807360 bytes, new threshold 15 (max threshold 15)
[3512.598s][info ][gc,heap        ] GC(186) PSYoungGen: 2029168K(2046464K)->21056K(2048000K) Eden: 1996800K(1996800K)->0K(1999872K) From: 32368K(49664K)->21056K(48128K)
[3512.598s][info ][gc,heap        ] GC(186) ParOldGen: 564993K(579584K)->576926K(579584K)
[3512.598s][info ][gc,metaspace   ] GC(186) Metaspace: 92504K(93696K)->92504K(93696K) NonClass: 79288K(79936K)->79288K(79936K) Class: 13216K(13760K)->13216K(13760K)
[3512.598s][info ][gc             ] GC(186) Pause Young (Allocation Failure) 2533M->583M(2566M) 25.388ms
[3512.598s][info ][gc,cpu         ] GC(186) User=0.05s Sys=0.01s Real=0.03s
[3512.599s][debug][gc,phases      ] GC(187) Pre Compact 0.009ms
[3512.599s][info ][gc,start       ] GC(187) Pause Full (Ergonomics)
[3512.599s][info ][gc,phases,start] GC(187) Marking Phase
[3512.740s][debug][gc,phases      ] GC(187) Par Mark 140.915ms
[3512.740s][debug][gc,ref         ] GC(187) Skipped phase 1 of Reference Processing: no references
[3512.740s][debug][gc,ref         ] GC(187) ReferenceProcessor::execute queues: 4, RefProcThreadModel::Multi, marks_oops_alive: false
[3512.740s][debug][gc,ref         ] GC(187) Skipped phase 3 of Reference Processing: no references
[3512.740s][debug][gc,ref         ] GC(187) ReferenceProcessor::execute queues: 1, RefProcThreadModel::Single, marks_oops_alive: false
[3512.740s][debug][gc,phases      ] GC(187) Reference Processing 0.594ms
[3512.740s][debug][gc,phases      ] GC(187)   VM Weak                        Min:  0.0, Avg:  0.0, Max:  0.0, Diff:  0.0, Sum:  0.0, Workers: 4
[3512.740s][debug][gc,phases      ] GC(187)     Dead                           Min: 0, Avg:  0.0, Max: 0, Diff: 0, Sum: 0, Workers: 4
[3512.740s][debug][gc,phases      ] GC(187)     Total                          Min: 0, Avg: 250.0, Max: 575, Diff: 575, Sum: 1000, Workers: 4
[3512.740s][debug][gc,phases      ] GC(187)   ObjectSynchronizer Weak        Min:  0.0, Avg:  0.0, Max:  0.0, Diff:  0.0, Sum:  0.0, Workers: 4
[3512.740s][debug][gc,phases      ] GC(187)     Dead                           Min: 0, Avg:  0.0, Max: 0, Diff: 0, Sum: 0, Workers: 4
[3512.740s][debug][gc,phases      ] GC(187)     Total                          Min: 0, Avg:  1.5, Max: 6, Diff: 6, Sum: 6, Workers: 4
[3512.740s][debug][gc,phases      ] GC(187)   JVMTI Tag Weak OopStorage      Min:  0.0, Avg:  0.0, Max:  0.0, Diff:  0.0, Sum:  0.0, Workers: 4
[3512.740s][debug][gc,phases      ] GC(187)     Dead                           Min: 0, Avg:  0.0, Max: 0, Diff: 0, Sum: 0, Workers: 4
[3512.740s][debug][gc,phases      ] GC(187)     Total                          Min: 0, Avg:  0.0, Max: 0, Diff: 0, Sum: 0, Workers: 4
[3512.740s][debug][gc,phases      ] GC(187)   StringTable Weak               Min:  0.0, Avg:  0.1, Max:  0.2, Diff:  0.2, Sum:  0.5, Workers: 4
[3512.740s][debug][gc,phases      ] GC(187)     Dead                           Min: 0, Avg:  0.0, Max: 0, Diff: 0, Sum: 0, Workers: 4
[3512.740s][debug][gc,phases      ] GC(187)     Total                          Min: 0, Avg: 11361.5, Max: 17030, Diff: 17030, Sum: 45446, Workers: 4
[3512.740s][debug][gc,phases      ] GC(187)   ResolvedMethodTable Weak       Min:  0.0, Avg:  0.0, Max:  0.0, Diff:  0.0, Sum:  0.1, Workers: 4
[3512.740s][debug][gc,phases      ] GC(187)     Dead                           Min: 0, Avg:  0.0, Max: 0, Diff: 0, Sum: 0, Workers: 4
[3512.740s][debug][gc,phases      ] GC(187)     Total                          Min: 0, Avg: 2941.5, Max: 4479, Diff: 4479, Sum: 11766, Workers: 4
[3512.740s][debug][gc,phases      ] GC(187)   JNI Weak                       Min:  0.0, Avg:  0.0, Max:  0.0, Diff:  0.0, Sum:  0.0, Workers: 4
[3512.740s][debug][gc,phases      ] GC(187)     Dead                           Min: 0, Avg:  0.0, Max: 0, Diff: 0, Sum: 0, Workers: 4
[3512.740s][debug][gc,phases      ] GC(187)     Total                          Min: 0, Avg: 12.0, Max: 48, Diff: 48, Sum: 48, Workers: 4
[3512.740s][debug][gc,phases      ] GC(187)   StringDedup Table Weak         Min:  0.0, Avg:  0.0, Max:  0.0, Diff:  0.0, Sum:  0.0, Workers: 4
[3512.741s][debug][gc,phases      ] GC(187)     Dead                           Min: 0, Avg:  0.0, Max: 0, Diff: 0, Sum: 0, Workers: 4
[3512.741s][debug][gc,phases      ] GC(187)     Total                          Min: 0, Avg:  0.0, Max: 0, Diff: 0, Sum: 0, Workers: 4
[3512.741s][debug][gc,phases      ] GC(187)   StringDedup Requests0 Weak     Min:  0.0, Avg:  0.0, Max:  0.0, Diff:  0.0, Sum:  0.0, Workers: 4
[3512.741s][debug][gc,phases      ] GC(187)     Dead                           Min: 0, Avg:  0.0, Max: 0, Diff: 0, Sum: 0, Workers: 4
[3512.741s][debug][gc,phases      ] GC(187)     Total                          Min: 0, Avg:  0.0, Max: 0, Diff: 0, Sum: 0, Workers: 4
[3512.741s][debug][gc,phases      ] GC(187)   StringDedup Requests1 Weak     Min:  0.0, Avg:  0.0, Max:  0.0, Diff:  0.0, Sum:  0.0, Workers: 4
[3512.741s][debug][gc,phases      ] GC(187)     Dead                           Min: 0, Avg:  0.0, Max: 0, Diff: 0, Sum: 0, Workers: 4
[3512.741s][debug][gc,phases      ] GC(187)     Total                          Min: 0, Avg:  0.0, Max: 0, Diff: 0, Sum: 0, Workers: 4
[3512.741s][debug][gc,phases      ] GC(187)   Weak JFR Old Object Samples    Min:  0.0, Avg:  0.0, Max:  0.0, Diff:  0.0, Sum:  0.0, Workers: 4
[3512.741s][debug][gc,phases      ] GC(187)     Dead                           Min: 0, Avg:  0.0, Max: 0, Diff: 0, Sum: 0, Workers: 4
[3512.741s][debug][gc,phases      ] GC(187)     Total                          Min: 0, Avg:  0.0, Max: 0, Diff: 0, Sum: 0, Workers: 4
[3512.741s][debug][gc,phases      ] GC(187) Weak Processing 0.378ms
[3512.741s][debug][gc,phases      ] GC(187) ClassLoaderData 0.102ms
[3512.741s][debug][gc,phases      ] GC(187) Trigger cleanups 0.000ms
[3512.764s][debug][gc,phases      ] GC(187) Class Unloading 23.694ms
[3512.764s][debug][gc,phases      ] GC(187) Report Object Count 0.001ms
[3512.764s][info ][gc,phases      ] GC(187) Marking Phase 165.758ms
[3512.764s][info ][gc,phases,start] GC(187) Summary Phase
[3512.764s][info ][gc,phases      ] GC(187) Summary Phase 0.017ms
[3512.764s][info ][gc,phases,start] GC(187) Adjust Roots
[3512.784s][info ][gc,phases      ] GC(187) Adjust Roots 19.210ms
[3512.784s][info ][gc,phases,start] GC(187) Compaction Phase
[3512.926s][info ][gc,phases      ] GC(187) Compaction Phase 142.081ms
[3512.926s][info ][gc,phases,start] GC(187) Post Compact
[3512.929s][info ][gc,phases      ] GC(187) Post Compact 3.026ms
[3512.929s][info ][gc,heap        ] GC(187) PSYoungGen: 21056K(2048000K)->0K(2048512K) Eden: 0K(1999872K)->0K(1999872K) From: 21056K(48128K)->0K(48640K)
[3512.929s][info ][gc,heap        ] GC(187) ParOldGen: 576926K(579584K)->484600K(608768K)
[3512.929s][info ][gc,metaspace   ] GC(187) Metaspace: 92504K(93696K)->92504K(93696K) NonClass: 79288K(79936K)->79288K(79936K) Class: 13216K(13760K)->13216K(13760K)
[3512.929s][info ][gc             ] GC(187) Pause Full (Ergonomics) 583M->473M(2595M) 330.322ms
[3512.929s][info ][gc,cpu         ] GC(187) User=0.94s Sys=0.00s Real=0.33s
[3512.929s][info ][safepoint      ] Safepoint "ParallelGCFailedAllocation", Time since last: 4553048720 ns, Reaching safepoint: 4400 ns, Cleanup: 3600 ns, At safepoint: 356098865 ns, Total: 356106865 ns
[3520.252s][info ][safepoint      ] Safepoint "Cleanup", Time since last: 7322385814 ns, Reaching safepoint: 76000 ns, Cleanup: 8600 ns, At safepoint: 5400 ns, Total: 90000 ns
[3523.252s][info ][safepoint      ] Safepoint "Cleanup", Time since last: 3000241767 ns, Reaching safepoint: 12600 ns, Cleanup: 7100 ns, At safepoint: 4000 ns, Total: 23700 ns
[3525.101s][info ][gc,start       ] GC(188) Pause Young (Allocation Failure)
[3525.105s][debug][gc,phases      ] GC(188) Scavenge 4.534ms
[3525.105s][debug][gc,ref         ] GC(188) Skipped phase 1 of Reference Processing: no references
[3525.105s][debug][gc,ref         ] GC(188) Skipped phase 2 of Reference Processing: no references
[3525.105s][debug][gc,ref         ] GC(188) Skipped phase 3 of Reference Processing: no references
[3525.105s][debug][gc,ref         ] GC(188) Skipped phase 4 of Reference Processing: no references
[3525.105s][debug][gc,phases      ] GC(188) Reference Processing 0.021ms
[3525.106s][debug][gc,phases      ] GC(188)   VM Weak                        Min:  0.0, Avg:  0.0, Max:  0.0, Diff:  0.0, Sum:  0.0, Workers: 4
[3525.106s][debug][gc,phases      ] GC(188)     Dead                           Min: 0, Avg:  0.0, Max: 0, Diff: 0, Sum: 0, Workers: 4
[3525.106s][debug][gc,phases      ] GC(188)     Total                          Min: 0, Avg: 250.0, Max: 575, Diff: 575, Sum: 1000, Workers: 4
[3525.106s][debug][gc,phases      ] GC(188)   ObjectSynchronizer Weak        Min:  0.0, Avg:  0.0, Max:  0.0, Diff:  0.0, Sum:  0.0, Workers: 4
[3525.106s][debug][gc,phases      ] GC(188)     Dead                           Min: 0, Avg:  0.0, Max: 0, Diff: 0, Sum: 0, Workers: 4
[3525.106s][debug][gc,phases      ] GC(188)     Total                          Min: 0, Avg:  1.5, Max: 6, Diff: 6, Sum: 6, Workers: 4
[3525.106s][debug][gc,phases      ] GC(188)   JVMTI Tag Weak OopStorage      Min:  0.0, Avg:  0.0, Max:  0.0, Diff:  0.0, Sum:  0.0, Workers: 4
[3525.106s][debug][gc,phases      ] GC(188)     Dead                           Min: 0, Avg:  0.0, Max: 0, Diff: 0, Sum: 0, Workers: 4
[3525.106s][debug][gc,phases      ] GC(188)     Total                          Min: 0, Avg:  0.0, Max: 0, Diff: 0, Sum: 0, Workers: 4
[3525.106s][debug][gc,phases      ] GC(188)   StringTable Weak               Min:  0.0, Avg:  0.1, Max:  0.1, Diff:  0.1, Sum:  0.4, Workers: 4
[3525.106s][debug][gc,phases      ] GC(188)     Dead                           Min: 0, Avg:  0.0, Max: 0, Diff: 0, Sum: 0, Workers: 4
[3525.106s][debug][gc,phases      ] GC(188)     Total                          Min: 0, Avg: 11361.5, Max: 17286, Diff: 17286, Sum: 45446, Workers: 4
[3525.106s][debug][gc,phases      ] GC(188)   ResolvedMethodTable Weak       Min:  0.0, Avg:  0.0, Max:  0.0, Diff:  0.0, Sum:  0.1, Workers: 4
[3525.106s][debug][gc,phases      ] GC(188)     Dead                           Min: 0, Avg:  0.0, Max: 0, Diff: 0, Sum: 0, Workers: 4
[3525.106s][debug][gc,phases      ] GC(188)     Total                          Min: 0, Avg: 2941.5, Max: 5311, Diff: 5311, Sum: 11766, Workers: 4
[3525.106s][debug][gc,phases      ] GC(188)   JNI Weak                       Min:  0.0, Avg:  0.0, Max:  0.0, Diff:  0.0, Sum:  0.0, Workers: 4
[3525.106s][debug][gc,phases      ] GC(188)     Dead                           Min: 0, Avg:  0.0, Max: 0, Diff: 0, Sum: 0, Workers: 4
[3525.106s][debug][gc,phases      ] GC(188)     Total                          Min: 0, Avg: 12.0, Max: 48, Diff: 48, Sum: 48, Workers: 4
[3525.106s][debug][gc,phases      ] GC(188)   StringDedup Table Weak         Min:  0.0, Avg:  0.0, Max:  0.0, Diff:  0.0, Sum:  0.0, Workers: 4
[3525.106s][debug][gc,phases      ] GC(188)     Dead                           Min: 0, Avg:  0.0, Max: 0, Diff: 0, Sum: 0, Workers: 4
[3525.106s][debug][gc,phases      ] GC(188)     Total                          Min: 0, Avg:  0.0, Max: 0, Diff: 0, Sum: 0, Workers: 4
[3525.106s][debug][gc,phases      ] GC(188)   StringDedup Requests0 Weak     Min:  0.0, Avg:  0.0, Max:  0.0, Diff:  0.0, Sum:  0.0, Workers: 4
[3525.106s][debug][gc,phases      ] GC(188)     Dead                           Min: 0, Avg:  0.0, Max: 0, Diff: 0, Sum: 0, Workers: 4
[3525.106s][debug][gc,phases      ] GC(188)     Total                          Min: 0, Avg:  0.0, Max: 0, Diff: 0, Sum: 0, Workers: 4
[3525.106s][debug][gc,phases      ] GC(188)   StringDedup Requests1 Weak     Min:  0.0, Avg:  0.0, Max:  0.0, Diff:  0.0, Sum:  0.0, Workers: 4
[3525.106s][debug][gc,phases      ] GC(188)     Dead                           Min: 0, Avg:  0.0, Max: 0, Diff: 0, Sum: 0, Workers: 4
[3525.106s][debug][gc,phases      ] GC(188)     Total                          Min: 0, Avg:  0.0, Max: 0, Diff: 0, Sum: 0, Workers: 4
[3525.106s][debug][gc,phases      ] GC(188)   Weak JFR Old Object Samples    Min:  0.0, Avg:  0.0, Max:  0.0, Diff:  0.0, Sum:  0.0, Workers: 4
[3525.106s][debug][gc,phases      ] GC(188)     Dead                           Min: 0, Avg:  0.0, Max: 0, Diff: 0, Sum: 0, Workers: 4
[3525.106s][debug][gc,phases      ] GC(188)     Total                          Min: 0, Avg:  0.0, Max: 0, Diff: 0, Sum: 0, Workers: 4
[3525.106s][debug][gc,phases      ] GC(188) Weak Processing 0.350ms
[3525.106s][debug][gc,age         ] GC(188) Desired survivor size 52428800 bytes, new threshold 15 (max threshold 15)
[3525.106s][info ][gc,heap        ] GC(188) PSYoungGen: 1999872K(2048512K)->4096K(2043392K) Eden: 1999872K(1999872K)->0K(1994752K) From: 0K(48640K)->4096K(48640K)
[3525.106s][info ][gc,heap        ] GC(188) ParOldGen: 484600K(608768K)->484600K(608768K)
[3525.106s][info ][gc,metaspace   ] GC(188) Metaspace: 92506K(93696K)->92506K(93696K) NonClass: 79290K(79936K)->79290K(79936K) Class: 13216K(13760K)->13216K(13760K)
[3525.106s][info ][gc             ] GC(188) Pause Young (Allocation Failure) 2426M->477M(2590M) 5.030ms
[3525.106s][info ][gc,cpu         ] GC(188) User=0.01s Sys=0.00s Real=0.01s
[3525.106s][info ][safepoint      ] Safepoint "ParallelGCFailedAllocation", Time since last: 1848821987 ns, Reaching safepoint: 77099 ns, Cleanup: 3900 ns, At safepoint: 5098775 ns, Total: 5179774 ns
[3539.400s][info ][gc,start       ] GC(189) Pause Young (Allocation Failure)
[3539.405s][debug][gc,phases      ] GC(189) Scavenge 4.877ms
[3539.405s][debug][gc,ref         ] GC(189) Skipped phase 1 of Reference Processing: no references
[3539.405s][debug][gc,ref         ] GC(189) Skipped phase 2 of Reference Processing: no references
[3539.405s][debug][gc,ref         ] GC(189) Skipped phase 3 of Reference Processing: no references
[3539.405s][debug][gc,ref         ] GC(189) Skipped phase 4 of Reference Processing: no references
[3539.405s][debug][gc,phases      ] GC(189) Reference Processing 0.022ms
[3539.405s][debug][gc,phases      ] GC(189)   VM Weak                        Min:  0.0, Avg:  0.0, Max:  0.0, Diff:  0.0, Sum:  0.0, Workers: 4
[3539.405s][debug][gc,phases      ] GC(189)     Dead                           Min: 0, Avg:  0.0, Max: 0, Diff: 0, Sum: 0, Workers: 4
[3539.405s][debug][gc,phases      ] GC(189)     Total                          Min: 0, Avg: 250.0, Max: 640, Diff: 640, Sum: 1000, Workers: 4
[3539.405s][debug][gc,phases      ] GC(189)   ObjectSynchronizer Weak        Min:  0.0, Avg:  0.0, Max:  0.0, Diff:  0.0, Sum:  0.0, Workers: 4
[3539.405s][debug][gc,phases      ] GC(189)     Dead                           Min: 0, Avg:  0.0, Max: 0, Diff: 0, Sum: 0, Workers: 4
[3539.405s][debug][gc,phases      ] GC(189)     Total                          Min: 0, Avg:  1.5, Max: 6, Diff: 6, Sum: 6, Workers: 4
[3539.405s][debug][gc,phases      ] GC(189)   JVMTI Tag Weak OopStorage      Min:  0.0, Avg:  0.0, Max:  0.0, Diff:  0.0, Sum:  0.0, Workers: 4
[3539.405s][debug][gc,phases      ] GC(189)     Dead                           Min: 0, Avg:  0.0, Max: 0, Diff: 0, Sum: 0, Workers: 4
[3539.405s][debug][gc,phases      ] GC(189)     Total                          Min: 0, Avg:  0.0, Max: 0, Diff: 0, Sum: 0, Workers: 4
[3539.405s][debug][gc,phases      ] GC(189)   StringTable Weak               Min:  0.0, Avg:  0.1, Max:  0.1, Diff:  0.1, Sum:  0.3, Workers: 4
[3539.405s][debug][gc,phases      ] GC(189)     Dead                           Min: 0, Avg:  0.0, Max: 0, Diff: 0, Sum: 0, Workers: 4
[3539.405s][debug][gc,phases      ] GC(189)     Total                          Min: 0, Avg: 11361.5, Max: 18816, Diff: 18816, Sum: 45446, Workers: 4
[3539.405s][debug][gc,phases      ] GC(189)   ResolvedMethodTable Weak       Min:  0.0, Avg:  0.0, Max:  0.0, Diff:  0.0, Sum:  0.1, Workers: 4
[3539.405s][debug][gc,phases      ] GC(189)     Dead                           Min: 0, Avg:  0.0, Max: 0, Diff: 0, Sum: 0, Workers: 4
[3539.405s][debug][gc,phases      ] GC(189)     Total                          Min: 0, Avg: 2941.5, Max: 5110, Diff: 5110, Sum: 11766, Workers: 4
[3539.405s][debug][gc,phases      ] GC(189)   JNI Weak                       Min:  0.0, Avg:  0.0, Max:  0.0, Diff:  0.0, Sum:  0.0, Workers: 4
[3539.405s][debug][gc,phases      ] GC(189)     Dead                           Min: 0, Avg:  0.0, Max: 0, Diff: 0, Sum: 0, Workers: 4
[3539.405s][debug][gc,phases      ] GC(189)     Total                          Min: 0, Avg: 12.0, Max: 48, Diff: 48, Sum: 48, Workers: 4
[3539.405s][debug][gc,phases      ] GC(189)   StringDedup Table Weak         Min:  0.0, Avg:  0.0, Max:  0.0, Diff:  0.0, Sum:  0.0, Workers: 4
[3539.405s][debug][gc,phases      ] GC(189)     Dead                           Min: 0, Avg:  0.0, Max: 0, Diff: 0, Sum: 0, Workers: 4
[3539.405s][debug][gc,phases      ] GC(189)     Total                          Min: 0, Avg:  0.0, Max: 0, Diff: 0, Sum: 0, Workers: 4
[3539.405s][debug][gc,phases      ] GC(189)   StringDedup Requests0 Weak     Min:  0.0, Avg:  0.0, Max:  0.0, Diff:  0.0, Sum:  0.0, Workers: 4
[3539.405s][debug][gc,phases      ] GC(189)     Dead                           Min: 0, Avg:  0.0, Max: 0, Diff: 0, Sum: 0, Workers: 4
[3539.405s][debug][gc,phases      ] GC(189)     Total                          Min: 0, Avg:  0.0, Max: 0, Diff: 0, Sum: 0, Workers: 4
[3539.405s][debug][gc,phases      ] GC(189)   StringDedup Requests1 Weak     Min:  0.0, Avg:  0.0, Max:  0.0, Diff:  0.0, Sum:  0.0, Workers: 4
[3539.405s][debug][gc,phases      ] GC(189)     Dead                           Min: 0, Avg:  0.0, Max: 0, Diff: 0, Sum: 0, Workers: 4
[3539.405s][debug][gc,phases      ] GC(189)     Total                          Min: 0, Avg:  0.0, Max: 0, Diff: 0, Sum: 0, Workers: 4
[3539.405s][debug][gc,phases      ] GC(189)   Weak JFR Old Object Samples    Min:  0.0, Avg:  0.0, Max:  0.0, Diff:  0.0, Sum:  0.0, Workers: 4
[3539.405s][debug][gc,phases      ] GC(189)     Dead                           Min: 0, Avg:  0.0, Max: 0, Diff: 0, Sum: 0, Workers: 4
[3539.405s][debug][gc,phases      ] GC(189)     Total                          Min: 0, Avg:  0.0, Max: 0, Diff: 0, Sum: 0, Workers: 4
[3539.405s][debug][gc,phases      ] GC(189) Weak Processing 0.323ms
[3539.405s][debug][gc,age         ] GC(189) Desired survivor size 54525952 bytes, new threshold 15 (max threshold 15)
[3539.405s][info ][gc,heap        ] GC(189) PSYoungGen: 1998848K(2043392K)->4512K(1999360K) Eden: 1994752K(1994752K)->0K(1994752K) From: 4096K(48640K)->4512K(4608K)
[3539.405s][info ][gc,heap        ] GC(189) ParOldGen: 484600K(608768K)->484600K(608768K)
[3539.405s][info ][gc,metaspace   ] GC(189) Metaspace: 92507K(93696K)->92507K(93696K) NonClass: 79291K(79936K)->79291K(79936K) Class: 13216K(13760K)->13216K(13760K)
[3539.405s][info ][gc             ] GC(189) Pause Young (Allocation Failure) 2425M->477M(2547M) 5.319ms
[3539.405s][info ][gc,cpu         ] GC(189) User=0.01s Sys=0.00s Real=0.01s
[3539.405s][info ][safepoint      ] Safepoint "ParallelGCFailedAllocation", Time since last: 14293664128 ns, Reaching safepoint: 77300 ns, Cleanup: 4500 ns, At safepoint: 5390872 ns, Total: 5472672 ns
[3544.048s][info ][safepoint      ] Safepoint "Cleanup", Time since last: 4643274704 ns, Reaching safepoint: 72999 ns, Cleanup: 9100 ns, At safepoint: 5100 ns, Total: 87199 ns
[3554.049s][info ][safepoint      ] Safepoint "Cleanup", Time since last: 10000689768 ns, Reaching safepoint: 76900 ns, Cleanup: 10999 ns, At safepoint: 4600 ns, Total: 92499 ns
[3558.050s][info ][safepoint      ] Safepoint "Cleanup", Time since last: 4000294407 ns, Reaching safepoint: 32100 ns, Cleanup: 7400 ns, At safepoint: 6300 ns, Total: 45800 ns
[3560.501s][info ][gc,start       ] GC(190) Pause Young (Allocation Failure)
[3560.507s][debug][gc,phases      ] GC(190) Scavenge 6.468ms
[3560.507s][debug][gc,ref         ] GC(190) Skipped phase 1 of Reference Processing: no references
[3560.507s][debug][gc,ref         ] GC(190) Skipped phase 2 of Reference Processing: no references
[3560.507s][debug][gc,ref         ] GC(190) Skipped phase 3 of Reference Processing: no references
[3560.507s][debug][gc,ref         ] GC(190) ReferenceProcessor::execute queues: 1, RefProcThreadModel::Single, marks_oops_alive: false
[3560.507s][debug][gc,phases      ] GC(190) Reference Processing 0.111ms
[3560.508s][debug][gc,phases      ] GC(190)   VM Weak                        Min:  0.0, Avg:  0.0, Max:  0.0, Diff:  0.0, Sum:  0.0, Workers: 4
[3560.508s][debug][gc,phases      ] GC(190)     Dead                           Min: 0, Avg:  0.0, Max: 0, Diff: 0, Sum: 0, Workers: 4
[3560.508s][debug][gc,phases      ] GC(190)     Total                          Min: 0, Avg: 250.0, Max: 617, Diff: 617, Sum: 1000, Workers: 4
[3560.508s][debug][gc,phases      ] GC(190)   ObjectSynchronizer Weak        Min:  0.0, Avg:  0.0, Max:  0.0, Diff:  0.0, Sum:  0.0, Workers: 4
[3560.508s][debug][gc,phases      ] GC(190)     Dead                           Min: 0, Avg:  0.0, Max: 0, Diff: 0, Sum: 0, Workers: 4
[3560.508s][debug][gc,phases      ] GC(190)     Total                          Min: 0, Avg:  1.5, Max: 6, Diff: 6, Sum: 6, Workers: 4
[3560.508s][debug][gc,phases      ] GC(190)   JVMTI Tag Weak OopStorage      Min:  0.0, Avg:  0.0, Max:  0.0, Diff:  0.0, Sum:  0.0, Workers: 4
[3560.508s][debug][gc,phases      ] GC(190)     Dead                           Min: 0, Avg:  0.0, Max: 0, Diff: 0, Sum: 0, Workers: 4
[3560.508s][debug][gc,phases      ] GC(190)     Total                          Min: 0, Avg:  0.0, Max: 0, Diff: 0, Sum: 0, Workers: 4
[3560.508s][debug][gc,phases      ] GC(190)   StringTable Weak               Min:  0.0, Avg:  0.1, Max:  0.2, Diff:  0.2, Sum:  0.3, Workers: 4
[3560.508s][debug][gc,phases      ] GC(190)     Dead                           Min: 0, Avg:  0.0, Max: 0, Diff: 0, Sum: 0, Workers: 4
[3560.508s][debug][gc,phases      ] GC(190)     Total                          Min: 0, Avg: 11362.5, Max: 27200, Diff: 27200, Sum: 45450, Workers: 4
[3560.508s][debug][gc,phases      ] GC(190)   ResolvedMethodTable Weak       Min:  0.0, Avg:  0.0, Max:  0.0, Diff:  0.0, Sum:  0.1, Workers: 4
[3560.508s][debug][gc,phases      ] GC(190)     Dead                           Min: 0, Avg:  0.0, Max: 0, Diff: 0, Sum: 0, Workers: 4
[3560.508s][debug][gc,phases      ] GC(190)     Total                          Min: 0, Avg: 2941.5, Max: 7415, Diff: 7415, Sum: 11766, Workers: 4
[3560.508s][debug][gc,phases      ] GC(190)   JNI Weak                       Min:  0.0, Avg:  0.0, Max:  0.0, Diff:  0.0, Sum:  0.0, Workers: 4
[3560.508s][debug][gc,phases      ] GC(190)     Dead                           Min: 0, Avg:  0.0, Max: 0, Diff: 0, Sum: 0, Workers: 4
[3560.508s][debug][gc,phases      ] GC(190)     Total                          Min: 0, Avg: 12.0, Max: 48, Diff: 48, Sum: 48, Workers: 4
[3560.508s][debug][gc,phases      ] GC(190)   StringDedup Table Weak         Min:  0.0, Avg:  0.0, Max:  0.0, Diff:  0.0, Sum:  0.0, Workers: 4
[3560.508s][debug][gc,phases      ] GC(190)     Dead                           Min: 0, Avg:  0.0, Max: 0, Diff: 0, Sum: 0, Workers: 4
[3560.508s][debug][gc,phases      ] GC(190)     Total                          Min: 0, Avg:  0.0, Max: 0, Diff: 0, Sum: 0, Workers: 4
[3560.508s][debug][gc,phases      ] GC(190)   StringDedup Requests0 Weak     Min:  0.0, Avg:  0.0, Max:  0.0, Diff:  0.0, Sum:  0.0, Workers: 4
[3560.508s][debug][gc,phases      ] GC(190)     Dead                           Min: 0, Avg:  0.0, Max: 0, Diff: 0, Sum: 0, Workers: 4
[3560.508s][debug][gc,phases      ] GC(190)     Total                          Min: 0, Avg:  0.0, Max: 0, Diff: 0, Sum: 0, Workers: 4
[3560.508s][debug][gc,phases      ] GC(190)   StringDedup Requests1 Weak     Min:  0.0, Avg:  0.0, Max:  0.0, Diff:  0.0, Sum:  0.0, Workers: 4
[3560.508s][debug][gc,phases      ] GC(190)     Dead                           Min: 0, Avg:  0.0, Max: 0, Diff: 0, Sum: 0, Workers: 4
[3560.508s][debug][gc,phases      ] GC(190)     Total                          Min: 0, Avg:  0.0, Max: 0, Diff: 0, Sum: 0, Workers: 4
[3560.508s][debug][gc,phases      ] GC(190)   Weak JFR Old Object Samples    Min:  0.0, Avg:  0.0, Max:  0.0, Diff:  0.0, Sum:  0.0, Workers: 4
[3560.508s][debug][gc,phases      ] GC(190)     Dead                           Min: 0, Avg:  0.0, Max: 0, Diff: 0, Sum: 0, Workers: 4
[3560.508s][debug][gc,phases      ] GC(190)     Total                          Min: 0, Avg:  0.0, Max: 0, Diff: 0, Sum: 0, Workers: 4
[3560.508s][debug][gc,phases      ] GC(190) Weak Processing 0.389ms
[3560.508s][debug][gc,age         ] GC(190) Desired survivor size 55574528 bytes, new threshold 15 (max threshold 15)
[3560.508s][info ][gc,heap        ] GC(190) PSYoungGen: 1999264K(1999360K)->5072K(2041856K) Eden: 1994752K(1994752K)->0K(1988608K) From: 4512K(4608K)->5072K(53248K)
[3560.508s][info ][gc,heap        ] GC(190) ParOldGen: 484600K(608768K)->484608K(608768K)
[3560.508s][info ][gc,metaspace   ] GC(190) Metaspace: 92520K(93696K)->92520K(93696K) NonClass: 79304K(79936K)->79304K(79936K) Class: 13216K(13760K)->13216K(13760K)
[3560.508s][info ][gc             ] GC(190) Pause Young (Allocation Failure) 2425M->478M(2588M) 7.063ms
[3560.508s][info ][gc,cpu         ] GC(190) User=0.01s Sys=0.00s Real=0.01s
[3560.508s][info ][safepoint      ] Safepoint "ParallelGCFailedAllocation", Time since last: 2451018997 ns, Reaching safepoint: 83999 ns, Cleanup: 3200 ns, At safepoint: 7136164 ns, Total: 7223363 ns
[3563.508s][info ][safepoint      ] Safepoint "Cleanup", Time since last: 3000230437 ns, Reaching safepoint: 79099 ns, Cleanup: 7000 ns, At safepoint: 5300 ns, Total: 91399 ns
[3565.508s][info ][safepoint      ] Safepoint "Cleanup", Time since last: 2000157209 ns, Reaching safepoint: 71400 ns, Cleanup: 6400 ns, At safepoint: 28399 ns, Total: 106199 ns
[3567.509s][info ][safepoint      ] Safepoint "Cleanup", Time since last: 2000169641 ns, Reaching safepoint: 78200 ns, Cleanup: 12800 ns, At safepoint: 6800 ns, Total: 97800 ns
[3568.509s][info ][safepoint      ] Safepoint "Cleanup", Time since last: 1000118220 ns, Reaching safepoint: 72400 ns, Cleanup: 11900 ns, At safepoint: 5299 ns, Total: 89599 ns
[3571.509s][info ][safepoint      ] Safepoint "Cleanup", Time since last: 3000250804 ns, Reaching safepoint: 76700 ns, Cleanup: 10500 ns, At safepoint: 6800 ns, Total: 94000 ns
[3572.509s][info ][safepoint      ] Safepoint "Cleanup", Time since last: 1000112343 ns, Reaching safepoint: 72899 ns, Cleanup: 18900 ns, At safepoint: 6700 ns, Total: 98499 ns
[3573.510s][info ][safepoint      ] Safepoint "Cleanup", Time since last: 1000106232 ns, Reaching safepoint: 73599 ns, Cleanup: 16500 ns, At safepoint: 5800 ns, Total: 95899 ns
[3574.510s][info ][safepoint      ] Safepoint "Cleanup", Time since last: 1000107540 ns, Reaching safepoint: 7400 ns, Cleanup: 40700 ns, At safepoint: 9700 ns, Total: 57800 ns
[3581.510s][info ][safepoint      ] Safepoint "Cleanup", Time since last: 7000565654 ns, Reaching safepoint: 76299 ns, Cleanup: 9000 ns, At safepoint: 5300 ns, Total: 90599 ns
[3582.511s][info ][safepoint      ] Safepoint "Cleanup", Time since last: 1000110619 ns, Reaching safepoint: 4800 ns, Cleanup: 16799 ns, At safepoint: 2700 ns, Total: 24299 ns
[3583.511s][info ][safepoint      ] Safepoint "Cleanup", Time since last: 1000107819 ns, Reaching safepoint: 74699 ns, Cleanup: 25900 ns, At safepoint: 5400 ns, Total: 105999 ns
[3585.100s][info ][gc,start       ] GC(191) Pause Young (Allocation Failure)
[3585.108s][debug][gc,phases      ] GC(191) Scavenge 8.532ms
[3585.108s][debug][gc,ref         ] GC(191) Skipped phase 1 of Reference Processing: no references
[3585.108s][debug][gc,ref         ] GC(191) ReferenceProcessor::execute queues: 1, RefProcThreadModel::Single, marks_oops_alive: false
[3585.108s][debug][gc,ref         ] GC(191) ReferenceProcessor::execute queues: 4, RefProcThreadModel::Multi, marks_oops_alive: true
[3585.109s][debug][gc,ref         ] GC(191) ReferenceProcessor::execute queues: 1, RefProcThreadModel::Single, marks_oops_alive: false
[3585.109s][debug][gc,phases      ] GC(191) Reference Processing 0.177ms
[3585.109s][debug][gc,phases      ] GC(191)   VM Weak                        Min:  0.0, Avg:  0.0, Max:  0.0, Diff:  0.0, Sum:  0.0, Workers: 4
[3585.109s][debug][gc,phases      ] GC(191)     Dead                           Min: 0, Avg:  0.0, Max: 0, Diff: 0, Sum: 0, Workers: 4
[3585.109s][debug][gc,phases      ] GC(191)     Total                          Min: 0, Avg: 250.5, Max: 575, Diff: 575, Sum: 1002, Workers: 4
[3585.109s][debug][gc,phases      ] GC(191)   ObjectSynchronizer Weak        Min:  0.0, Avg:  0.0, Max:  0.0, Diff:  0.0, Sum:  0.0, Workers: 4
[3585.109s][debug][gc,phases      ] GC(191)     Dead                           Min: 0, Avg:  0.0, Max: 0, Diff: 0, Sum: 0, Workers: 4
[3585.109s][debug][gc,phases      ] GC(191)     Total                          Min: 0, Avg:  1.5, Max: 6, Diff: 6, Sum: 6, Workers: 4
[3585.109s][debug][gc,phases      ] GC(191)   JVMTI Tag Weak OopStorage      Min:  0.0, Avg:  0.0, Max:  0.0, Diff:  0.0, Sum:  0.0, Workers: 4
[3585.109s][debug][gc,phases      ] GC(191)     Dead                           Min: 0, Avg:  0.0, Max: 0, Diff: 0, Sum: 0, Workers: 4
[3585.109s][debug][gc,phases      ] GC(191)     Total                          Min: 0, Avg:  0.0, Max: 0, Diff: 0, Sum: 0, Workers: 4
[3585.109s][debug][gc,phases      ] GC(191)   StringTable Weak               Min:  0.0, Avg:  0.1, Max:  0.1, Diff:  0.1, Sum:  0.4, Workers: 4
[3585.109s][debug][gc,phases      ] GC(191)     Dead                           Min: 0, Avg:  0.0, Max: 0, Diff: 0, Sum: 0, Workers: 4
[3585.109s][debug][gc,phases      ] GC(191)     Total                          Min: 0, Avg: 11363.8, Max: 18191, Diff: 18191, Sum: 45455, Workers: 4
[3585.109s][debug][gc,phases      ] GC(191)   ResolvedMethodTable Weak       Min:  0.0, Avg:  0.0, Max:  0.0, Diff:  0.0, Sum:  0.1, Workers: 4
[3585.109s][debug][gc,phases      ] GC(191)     Dead                           Min: 0, Avg:  0.0, Max: 0, Diff: 0, Sum: 0, Workers: 4
[3585.109s][debug][gc,phases      ] GC(191)     Total                          Min: 0, Avg: 2941.5, Max: 4031, Diff: 4031, Sum: 11766, Workers: 4
[3585.109s][debug][gc,phases      ] GC(191)   JNI Weak                       Min:  0.0, Avg:  0.0, Max:  0.0, Diff:  0.0, Sum:  0.0, Workers: 4
[3585.109s][debug][gc,phases      ] GC(191)     Dead                           Min: 0, Avg:  0.0, Max: 0, Diff: 0, Sum: 0, Workers: 4
[3585.109s][debug][gc,phases      ] GC(191)     Total                          Min: 0, Avg: 12.0, Max: 48, Diff: 48, Sum: 48, Workers: 4
[3585.109s][debug][gc,phases      ] GC(191)   StringDedup Table Weak         Min:  0.0, Avg:  0.0, Max:  0.0, Diff:  0.0, Sum:  0.0, Workers: 4
[3585.109s][debug][gc,phases      ] GC(191)     Dead                           Min: 0, Avg:  0.0, Max: 0, Diff: 0, Sum: 0, Workers: 4
[3585.109s][debug][gc,phases      ] GC(191)     Total                          Min: 0, Avg:  0.0, Max: 0, Diff: 0, Sum: 0, Workers: 4
[3585.109s][debug][gc,phases      ] GC(191)   StringDedup Requests0 Weak     Min:  0.0, Avg:  0.0, Max:  0.0, Diff:  0.0, Sum:  0.0, Workers: 4
[3585.109s][debug][gc,phases      ] GC(191)     Dead                           Min: 0, Avg:  0.0, Max: 0, Diff: 0, Sum: 0, Workers: 4
[3585.109s][debug][gc,phases      ] GC(191)     Total                          Min: 0, Avg:  0.0, Max: 0, Diff: 0, Sum: 0, Workers: 4
[3585.109s][debug][gc,phases      ] GC(191)   StringDedup Requests1 Weak     Min:  0.0, Avg:  0.0, Max:  0.0, Diff:  0.0, Sum:  0.0, Workers: 4
[3585.109s][debug][gc,phases      ] GC(191)     Dead                           Min: 0, Avg:  0.0, Max: 0, Diff: 0, Sum: 0, Workers: 4
[3585.109s][debug][gc,phases      ] GC(191)     Total                          Min: 0, Avg:  0.0, Max: 0, Diff: 0, Sum: 0, Workers: 4
[3585.109s][debug][gc,phases      ] GC(191)   Weak JFR Old Object Samples    Min:  0.0, Avg:  0.0, Max:  0.0, Diff:  0.0, Sum:  0.0, Workers: 4
[3585.109s][debug][gc,phases      ] GC(191)     Dead                           Min: 0, Avg:  0.0, Max: 0, Diff: 0, Sum: 0, Workers: 4
[3585.109s][debug][gc,phases      ] GC(191)     Total                          Min: 0, Avg:  0.0, Max: 0, Diff: 0, Sum: 0, Workers: 4
[3585.109s][debug][gc,phases      ] GC(191) Weak Processing 0.340ms
[3585.109s][debug][gc,age         ] GC(191) Desired survivor size 53477376 bytes, new threshold 15 (max threshold 15)
[3585.109s][info ][gc,heap        ] GC(191) PSYoungGen: 1993680K(2041856K)->19064K(2042880K) Eden: 1988608K(1988608K)->0K(1988608K) From: 5072K(53248K)->19064K(54272K)
[3585.109s][info ][gc,heap        ] GC(191) ParOldGen: 484608K(608768K)->484608K(608768K)
[3585.109s][info ][gc,metaspace   ] GC(191) Metaspace: 92592K(93760K)->92592K(93760K) NonClass: 79375K(80000K)->79375K(80000K) Class: 13217K(13760K)->13217K(13760K)
[3585.109s][info ][gc             ] GC(191) Pause Young (Allocation Failure) 2420M->491M(2589M) 9.161ms
[3585.109s][info ][gc,cpu         ] GC(191) User=0.03s Sys=0.00s Real=0.01s
[3585.109s][info ][safepoint      ] Safepoint "ParallelGCFailedAllocation", Time since last: 1588920114 ns, Reaching safepoint: 77800 ns, Cleanup: 3800 ns, At safepoint: 9236846 ns, Total: 9318446 ns
[3586.109s][info ][safepoint      ] Safepoint "Cleanup", Time since last: 1000078772 ns, Reaching safepoint: 77700 ns, Cleanup: 11800 ns, At safepoint: 5800 ns, Total: 95300 ns
[3589.109s][info ][safepoint      ] Safepoint "Cleanup", Time since last: 3000242197 ns, Reaching safepoint: 78299 ns, Cleanup: 9400 ns, At safepoint: 6100 ns, Total: 93799 ns
[3590.110s][info ][safepoint      ] Safepoint "Cleanup", Time since last: 1000112566 ns, Reaching safepoint: 37900 ns, Cleanup: 11899 ns, At safepoint: 5400 ns, Total: 55199 ns
[3591.110s][info ][safepoint      ] Safepoint "Cleanup", Time since last: 1000097966 ns, Reaching safepoint: 77200 ns, Cleanup: 9800 ns, At safepoint: 5699 ns, Total: 92699 ns
[3594.110s][info ][safepoint      ] Safepoint "Cleanup", Time since last: 3000248793 ns, Reaching safepoint: 73799 ns, Cleanup: 10500 ns, At safepoint: 5500 ns, Total: 89799 ns
[3606.858s][info ][gc,start       ] GC(192) Pause Young (Allocation Failure)
[3606.867s][debug][gc,phases      ] GC(192) Scavenge 8.850ms
[3606.867s][debug][gc,ref         ] GC(192) Skipped phase 1 of Reference Processing: no references
[3606.867s][debug][gc,ref         ] GC(192) ReferenceProcessor::execute queues: 1, RefProcThreadModel::Single, marks_oops_alive: false
[3606.867s][debug][gc,ref         ] GC(192) ReferenceProcessor::execute queues: 4, RefProcThreadModel::Multi, marks_oops_alive: true
[3606.867s][debug][gc,ref         ] GC(192) ReferenceProcessor::execute queues: 1, RefProcThreadModel::Single, marks_oops_alive: false
[3606.867s][debug][gc,phases      ] GC(192) Reference Processing 0.163ms
[3606.868s][debug][gc,phases      ] GC(192)   VM Weak                        Min:  0.0, Avg:  0.0, Max:  0.0, Diff:  0.0, Sum:  0.0, Workers: 4
[3606.868s][debug][gc,phases      ] GC(192)     Dead                           Min: 0, Avg:  0.0, Max: 0, Diff: 0, Sum: 0, Workers: 4
[3606.868s][debug][gc,phases      ] GC(192)     Total                          Min: 0, Avg: 250.5, Max: 682, Diff: 682, Sum: 1002, Workers: 4
[3606.868s][debug][gc,phases      ] GC(192)   ObjectSynchronizer Weak        Min:  0.0, Avg:  0.0, Max:  0.0, Diff:  0.0, Sum:  0.0, Workers: 4
[3606.868s][debug][gc,phases      ] GC(192)     Dead                           Min: 0, Avg:  0.0, Max: 0, Diff: 0, Sum: 0, Workers: 4
[3606.868s][debug][gc,phases      ] GC(192)     Total                          Min: 0, Avg:  1.5, Max: 6, Diff: 6, Sum: 6, Workers: 4
[3606.868s][debug][gc,phases      ] GC(192)   JVMTI Tag Weak OopStorage      Min:  0.0, Avg:  0.0, Max:  0.0, Diff:  0.0, Sum:  0.0, Workers: 4
[3606.868s][debug][gc,phases      ] GC(192)     Dead                           Min: 0, Avg:  0.0, Max: 0, Diff: 0, Sum: 0, Workers: 4
[3606.868s][debug][gc,phases      ] GC(192)     Total                          Min: 0, Avg:  0.0, Max: 0, Diff: 0, Sum: 0, Workers: 4
[3606.868s][debug][gc,phases      ] GC(192)   StringTable Weak               Min:  0.1, Avg:  0.1, Max:  0.1, Diff:  0.0, Sum:  0.4, Workers: 4
[3606.868s][debug][gc,phases      ] GC(192)     Dead                           Min: 0, Avg:  0.0, Max: 0, Diff: 0, Sum: 0, Workers: 4
[3606.868s][debug][gc,phases      ] GC(192)     Total                          Min: 9216, Avg: 11364.2, Max: 13760, Diff: 4544, Sum: 45457, Workers: 4
[3606.868s][debug][gc,phases      ] GC(192)   ResolvedMethodTable Weak       Min:  0.0, Avg:  0.0, Max:  0.0, Diff:  0.0, Sum:  0.1, Workers: 4
[3606.868s][debug][gc,phases      ] GC(192)     Dead                           Min: 0, Avg:  0.0, Max: 0, Diff: 0, Sum: 0, Workers: 4
[3606.868s][debug][gc,phases      ] GC(192)     Total                          Min: 2688, Avg: 2941.8, Max: 3392, Diff: 704, Sum: 11767, Workers: 4
[3606.868s][debug][gc,phases      ] GC(192)   JNI Weak                       Min:  0.0, Avg:  0.0, Max:  0.0, Diff:  0.0, Sum:  0.0, Workers: 4
[3606.868s][debug][gc,phases      ] GC(192)     Dead                           Min: 0, Avg:  0.0, Max: 0, Diff: 0, Sum: 0, Workers: 4
[3606.868s][debug][gc,phases      ] GC(192)     Total                          Min: 0, Avg: 12.0, Max: 48, Diff: 48, Sum: 48, Workers: 4
[3606.868s][debug][gc,phases      ] GC(192)   StringDedup Table Weak         Min:  0.0, Avg:  0.0, Max:  0.0, Diff:  0.0, Sum:  0.0, Workers: 4
[3606.868s][debug][gc,phases      ] GC(192)     Dead                           Min: 0, Avg:  0.0, Max: 0, Diff: 0, Sum: 0, Workers: 4
[3606.868s][debug][gc,phases      ] GC(192)     Total                          Min: 0, Avg:  0.0, Max: 0, Diff: 0, Sum: 0, Workers: 4
[3606.868s][debug][gc,phases      ] GC(192)   StringDedup Requests0 Weak     Min:  0.0, Avg:  0.0, Max:  0.0, Diff:  0.0, Sum:  0.0, Workers: 4
[3606.868s][debug][gc,phases      ] GC(192)     Dead                           Min: 0, Avg:  0.0, Max: 0, Diff: 0, Sum: 0, Workers: 4
[3606.868s][debug][gc,phases      ] GC(192)     Total                          Min: 0, Avg:  0.0, Max: 0, Diff: 0, Sum: 0, Workers: 4
[3606.868s][debug][gc,phases      ] GC(192)   StringDedup Requests1 Weak     Min:  0.0, Avg:  0.0, Max:  0.0, Diff:  0.0, Sum:  0.0, Workers: 4
[3606.868s][debug][gc,phases      ] GC(192)     Dead                           Min: 0, Avg:  0.0, Max: 0, Diff: 0, Sum: 0, Workers: 4
[3606.868s][debug][gc,phases      ] GC(192)     Total                          Min: 0, Avg:  0.0, Max: 0, Diff: 0, Sum: 0, Workers: 4
[3606.868s][debug][gc,phases      ] GC(192)   Weak JFR Old Object Samples    Min:  0.0, Avg:  0.0, Max:  0.0, Diff:  0.0, Sum:  0.0, Workers: 4
[3606.868s][debug][gc,phases      ] GC(192)     Dead                           Min: 0, Avg:  0.0, Max: 0, Diff: 0, Sum: 0, Workers: 4
[3606.868s][debug][gc,phases      ] GC(192)     Total                          Min: 0, Avg:  0.0, Max: 0, Diff: 0, Sum: 0, Workers: 4
[3606.868s][debug][gc,phases      ] GC(192) Weak Processing 0.312ms
[3606.868s][debug][gc,age         ] GC(192) Desired survivor size 51380224 bytes, new threshold 15 (max threshold 15)
[3606.868s][info ][gc,heap        ] GC(192) PSYoungGen: 2007672K(2042880K)->19304K(2046976K) Eden: 1988608K(1988608K)->0K(1994752K) From: 19064K(54272K)->19304K(52224K)
[3606.868s][info ][gc,heap        ] GC(192) ParOldGen: 484608K(608768K)->484608K(608768K)
[3606.868s][info ][gc,metaspace   ] GC(192) Metaspace: 92594K(93760K)->92594K(93760K) NonClass: 79377K(80000K)->79377K(80000K) Class: 13217K(13760K)->13217K(13760K)
[3606.868s][info ][gc             ] GC(192) Pause Young (Allocation Failure) 2433M->492M(2593M) 9.437ms
[3606.868s][info ][gc,cpu         ] GC(192) User=0.02s Sys=0.00s Real=0.01s
[3606.868s][info ][safepoint      ] Safepoint "ParallelGCFailedAllocation", Time since last: 12748157362 ns, Reaching safepoint: 4000 ns, Cleanup: 4000 ns, At safepoint: 9500246 ns, Total: 9508246 ns
[3608.868s][info ][safepoint      ] Safepoint "Cleanup", Time since last: 2000148058 ns, Reaching safepoint: 74199 ns, Cleanup: 15900 ns, At safepoint: 7200 ns, Total: 97299 ns
[3610.868s][info ][safepoint      ] Safepoint "Cleanup", Time since last: 2000160290 ns, Reaching safepoint: 6400 ns, Cleanup: 11900 ns, At safepoint: 2800 ns, Total: 21100 ns
[3612.868s][info ][safepoint      ] Safepoint "Cleanup", Time since last: 2000163967 ns, Reaching safepoint: 6200 ns, Cleanup: 9300 ns, At safepoint: 2700 ns, Total: 18200 ns
[3615.869s][info ][safepoint      ] Safepoint "Cleanup", Time since last: 3000234501 ns, Reaching safepoint: 4900 ns, Cleanup: 8400 ns, At safepoint: 2000 ns, Total: 15300 ns
[3622.869s][info ][safepoint      ] Safepoint "Cleanup", Time since last: 7000441251 ns, Reaching safepoint: 5000 ns, Cleanup: 17400 ns, At safepoint: 2200 ns, Total: 24600 ns
[3625.869s][info ][safepoint      ] Safepoint "Cleanup", Time since last: 3000200524 ns, Reaching safepoint: 4900 ns, Cleanup: 9200 ns, At safepoint: 2100 ns, Total: 16200 ns
[3628.000s][info ][gc,start       ] GC(193) Pause Young (Allocation Failure)
[3628.008s][debug][gc,phases      ] GC(193) Scavenge 8.095ms
[3628.008s][debug][gc,ref         ] GC(193) Skipped phase 1 of Reference Processing: no references
[3628.008s][debug][gc,ref         ] GC(193) ReferenceProcessor::execute queues: 1, RefProcThreadModel::Single, marks_oops_alive: false
[3628.008s][debug][gc,ref         ] GC(193) Skipped phase 3 of Reference Processing: no references
[3628.008s][debug][gc,ref         ] GC(193) ReferenceProcessor::execute queues: 1, RefProcThreadModel::Single, marks_oops_alive: false
[3628.008s][debug][gc,phases      ] GC(193) Reference Processing 0.098ms
[3628.008s][debug][gc,phases      ] GC(193)   VM Weak                        Min:  0.0, Avg:  0.0, Max:  0.0, Diff:  0.0, Sum:  0.0, Workers: 4
[3628.008s][debug][gc,phases      ] GC(193)     Dead                           Min: 0, Avg:  0.0, Max: 0, Diff: 0, Sum: 0, Workers: 4
[3628.008s][debug][gc,phases      ] GC(193)     Total                          Min: 0, Avg: 250.5, Max: 747, Diff: 747, Sum: 1002, Workers: 4
[3628.008s][debug][gc,phases      ] GC(193)   ObjectSynchronizer Weak        Min:  0.0, Avg:  0.0, Max:  0.0, Diff:  0.0, Sum:  0.0, Workers: 4
[3628.008s][debug][gc,phases      ] GC(193)     Dead                           Min: 0, Avg:  0.0, Max: 0, Diff: 0, Sum: 0, Workers: 4
[3628.008s][debug][gc,phases      ] GC(193)     Total                          Min: 0, Avg:  1.5, Max: 6, Diff: 6, Sum: 6, Workers: 4
[3628.008s][debug][gc,phases      ] GC(193)   JVMTI Tag Weak OopStorage      Min:  0.0, Avg:  0.0, Max:  0.0, Diff:  0.0, Sum:  0.0, Workers: 4
[3628.008s][debug][gc,phases      ] GC(193)     Dead                           Min: 0, Avg:  0.0, Max: 0, Diff: 0, Sum: 0, Workers: 4
[3628.008s][debug][gc,phases      ] GC(193)     Total                          Min: 0, Avg:  0.0, Max: 0, Diff: 0, Sum: 0, Workers: 4
[3628.008s][debug][gc,phases      ] GC(193)   StringTable Weak               Min:  0.0, Avg:  0.1, Max:  0.1, Diff:  0.1, Sum:  0.2, Workers: 4
[3628.008s][debug][gc,phases      ] GC(193)     Dead                           Min: 0, Avg:  0.0, Max: 0, Diff: 0, Sum: 0, Workers: 4
[3628.008s][debug][gc,phases      ] GC(193)     Total                          Min: 0, Avg: 11364.5, Max: 23058, Diff: 23058, Sum: 45458, Workers: 4
[3628.008s][debug][gc,phases      ] GC(193)   ResolvedMethodTable Weak       Min:  0.0, Avg:  0.0, Max:  0.0, Diff:  0.0, Sum:  0.1, Workers: 4
[3628.008s][debug][gc,phases      ] GC(193)     Dead                           Min: 0, Avg:  0.0, Max: 0, Diff: 0, Sum: 0, Workers: 4
[3628.008s][debug][gc,phases      ] GC(193)     Total                          Min: 0, Avg: 2942.2, Max: 7546, Diff: 7546, Sum: 11769, Workers: 4
[3628.008s][debug][gc,phases      ] GC(193)   JNI Weak                       Min:  0.0, Avg:  0.0, Max:  0.0, Diff:  0.0, Sum:  0.0, Workers: 4
[3628.008s][debug][gc,phases      ] GC(193)     Dead                           Min: 0, Avg:  0.0, Max: 0, Diff: 0, Sum: 0, Workers: 4
[3628.008s][debug][gc,phases      ] GC(193)     Total                          Min: 0, Avg: 12.0, Max: 48, Diff: 48, Sum: 48, Workers: 4
[3628.008s][debug][gc,phases      ] GC(193)   StringDedup Table Weak         Min:  0.0, Avg:  0.0, Max:  0.0, Diff:  0.0, Sum:  0.0, Workers: 4
[3628.008s][debug][gc,phases      ] GC(193)     Dead                           Min: 0, Avg:  0.0, Max: 0, Diff: 0, Sum: 0, Workers: 4
[3628.008s][debug][gc,phases      ] GC(193)     Total                          Min: 0, Avg:  0.0, Max: 0, Diff: 0, Sum: 0, Workers: 4
[3628.008s][debug][gc,phases      ] GC(193)   StringDedup Requests0 Weak     Min:  0.0, Avg:  0.0, Max:  0.0, Diff:  0.0, Sum:  0.0, Workers: 4
[3628.008s][debug][gc,phases      ] GC(193)     Dead                           Min: 0, Avg:  0.0, Max: 0, Diff: 0, Sum: 0, Workers: 4
[3628.008s][debug][gc,phases      ] GC(193)     Total                          Min: 0, Avg:  0.0, Max: 0, Diff: 0, Sum: 0, Workers: 4
[3628.008s][debug][gc,phases      ] GC(193)   StringDedup Requests1 Weak     Min:  0.0, Avg:  0.0, Max:  0.0, Diff:  0.0, Sum:  0.0, Workers: 4
[3628.008s][debug][gc,phases      ] GC(193)     Dead                           Min: 0, Avg:  0.0, Max: 0, Diff: 0, Sum: 0, Workers: 4
[3628.008s][debug][gc,phases      ] GC(193)     Total                          Min: 0, Avg:  0.0, Max: 0, Diff: 0, Sum: 0, Workers: 4
[3628.008s][debug][gc,phases      ] GC(193)   Weak JFR Old Object Samples    Min:  0.0, Avg:  0.0, Max:  0.0, Diff:  0.0, Sum:  0.0, Workers: 4
[3628.008s][debug][gc,phases      ] GC(193)     Dead                           Min: 0, Avg:  0.0, Max: 0, Diff: 0, Sum: 0, Workers: 4
[3628.008s][debug][gc,phases      ] GC(193)     Total                          Min: 0, Avg:  0.0, Max: 0, Diff: 0, Sum: 0, Workers: 4
[3628.008s][debug][gc,phases      ] GC(193) Weak Processing 0.339ms
[3628.008s][debug][gc,age         ] GC(193) Desired survivor size 49283072 bytes, new threshold 15 (max threshold 15)
[3628.008s][info ][gc,heap        ] GC(193) PSYoungGen: 2014056K(2046976K)->17160K(2044928K) Eden: 1994752K(1994752K)->0K(1994752K) From: 19304K(52224K)->17160K(50176K)
[3628.008s][info ][gc,heap        ] GC(193) ParOldGen: 484608K(608768K)->484608K(608768K)
[3628.008s][info ][gc,metaspace   ] GC(193) Metaspace: 92602K(93760K)->92602K(93760K) NonClass: 79384K(80000K)->79384K(80000K) Class: 13218K(13760K)->13218K(13760K)
[3628.008s][info ][gc             ] GC(193) Pause Young (Allocation Failure) 2440M->490M(2591M) 8.637ms
[3628.008s][info ][gc,cpu         ] GC(193) User=0.02s Sys=0.00s Real=0.01s
[3628.008s][info ][safepoint      ] Safepoint "ParallelGCFailedAllocation", Time since last: 2130147550 ns, Reaching safepoint: 77999 ns, Cleanup: 3900 ns, At safepoint: 8733552 ns, Total: 8815451 ns
[3629.009s][info ][safepoint      ] Safepoint "Cleanup", Time since last: 1000083917 ns, Reaching safepoint: 75399 ns, Cleanup: 11300 ns, At safepoint: 6300 ns, Total: 92999 ns
[3635.009s][info ][safepoint      ] Safepoint "Cleanup", Time since last: 6000375863 ns, Reaching safepoint: 75999 ns, Cleanup: 15000 ns, At safepoint: 6300 ns, Total: 97299 ns
[3637.009s][info ][safepoint      ] Safepoint "Cleanup", Time since last: 2000191658 ns, Reaching safepoint: 82799 ns, Cleanup: 9600 ns, At safepoint: 6000 ns, Total: 98399 ns
[3641.010s][info ][safepoint      ] Safepoint "Cleanup", Time since last: 4000318515 ns, Reaching safepoint: 77000 ns, Cleanup: 8600 ns, At safepoint: 5500 ns, Total: 91100 ns
[3650.400s][info ][gc,start       ] GC(194) Pause Young (Allocation Failure)
[3650.407s][debug][gc,phases      ] GC(194) Scavenge 6.793ms
[3650.407s][debug][gc,ref         ] GC(194) Skipped phase 1 of Reference Processing: no references
[3650.407s][debug][gc,ref         ] GC(194) ReferenceProcessor::execute queues: 1, RefProcThreadModel::Single, marks_oops_alive: false
[3650.407s][debug][gc,ref         ] GC(194) Skipped phase 3 of Reference Processing: no references
[3650.407s][debug][gc,ref         ] GC(194) ReferenceProcessor::execute queues: 1, RefProcThreadModel::Single, marks_oops_alive: false
[3650.407s][debug][gc,phases      ] GC(194) Reference Processing 0.104ms
[3650.407s][debug][gc,phases      ] GC(194)   VM Weak                        Min:  0.0, Avg:  0.0, Max:  0.0, Diff:  0.0, Sum:  0.0, Workers: 4
[3650.407s][debug][gc,phases      ] GC(194)     Dead                           Min: 0, Avg:  0.0, Max: 0, Diff: 0, Sum: 0, Workers: 4
[3650.407s][debug][gc,phases      ] GC(194)     Total                          Min: 0, Avg: 250.5, Max: 575, Diff: 575, Sum: 1002, Workers: 4
[3650.407s][debug][gc,phases      ] GC(194)   ObjectSynchronizer Weak        Min:  0.0, Avg:  0.0, Max:  0.0, Diff:  0.0, Sum:  0.0, Workers: 4
[3650.407s][debug][gc,phases      ] GC(194)     Dead                           Min: 0, Avg:  0.0, Max: 0, Diff: 0, Sum: 0, Workers: 4
[3650.407s][debug][gc,phases      ] GC(194)     Total                          Min: 0, Avg:  1.5, Max: 6, Diff: 6, Sum: 6, Workers: 4
[3650.407s][debug][gc,phases      ] GC(194)   JVMTI Tag Weak OopStorage      Min:  0.0, Avg:  0.0, Max:  0.0, Diff:  0.0, Sum:  0.0, Workers: 4
[3650.407s][debug][gc,phases      ] GC(194)     Dead                           Min: 0, Avg:  0.0, Max: 0, Diff: 0, Sum: 0, Workers: 4
[3650.407s][debug][gc,phases      ] GC(194)     Total                          Min: 0, Avg:  0.0, Max: 0, Diff: 0, Sum: 0, Workers: 4
[3650.407s][debug][gc,phases      ] GC(194)   StringTable Weak               Min:  0.0, Avg:  0.1, Max:  0.1, Diff:  0.1, Sum:  0.3, Workers: 4
[3650.407s][debug][gc,phases      ] GC(194)     Dead                           Min: 0, Avg:  0.0, Max: 0, Diff: 0, Sum: 0, Workers: 4
[3650.407s][debug][gc,phases      ] GC(194)     Total                          Min: 0, Avg: 11364.5, Max: 20160, Diff: 20160, Sum: 45458, Workers: 4
[3650.407s][debug][gc,phases      ] GC(194)   ResolvedMethodTable Weak       Min:  0.0, Avg:  0.0, Max:  0.1, Diff:  0.1, Sum:  0.2, Workers: 4
[3650.407s][debug][gc,phases      ] GC(194)     Dead                           Min: 0, Avg:  0.0, Max: 0, Diff: 0, Sum: 0, Workers: 4
[3650.407s][debug][gc,phases      ] GC(194)     Total                          Min: 0, Avg: 2942.2, Max: 5050, Diff: 5050, Sum: 11769, Workers: 4
[3650.407s][debug][gc,phases      ] GC(194)   JNI Weak                       Min:  0.0, Avg:  0.0, Max:  0.0, Diff:  0.0, Sum:  0.0, Workers: 4
[3650.407s][debug][gc,phases      ] GC(194)     Dead                           Min: 0, Avg:  0.0, Max: 0, Diff: 0, Sum: 0, Workers: 4
[3650.407s][debug][gc,phases      ] GC(194)     Total                          Min: 0, Avg: 12.0, Max: 48, Diff: 48, Sum: 48, Workers: 4
[3650.407s][debug][gc,phases      ] GC(194)   StringDedup Table Weak         Min:  0.0, Avg:  0.0, Max:  0.0, Diff:  0.0, Sum:  0.0, Workers: 4
[3650.407s][debug][gc,phases      ] GC(194)     Dead                           Min: 0, Avg:  0.0, Max: 0, Diff: 0, Sum: 0, Workers: 4
[3650.407s][debug][gc,phases      ] GC(194)     Total                          Min: 0, Avg:  0.0, Max: 0, Diff: 0, Sum: 0, Workers: 4
[3650.407s][debug][gc,phases      ] GC(194)   StringDedup Requests0 Weak     Min:  0.0, Avg:  0.0, Max:  0.0, Diff:  0.0, Sum:  0.0, Workers: 4
[3650.407s][debug][gc,phases      ] GC(194)     Dead                           Min: 0, Avg:  0.0, Max: 0, Diff: 0, Sum: 0, Workers: 4
[3650.407s][debug][gc,phases      ] GC(194)     Total                          Min: 0, Avg:  0.0, Max: 0, Diff: 0, Sum: 0, Workers: 4
[3650.407s][debug][gc,phases      ] GC(194)   StringDedup Requests1 Weak     Min:  0.0, Avg:  0.0, Max:  0.0, Diff:  0.0, Sum:  0.0, Workers: 4
[3650.407s][debug][gc,phases      ] GC(194)     Dead                           Min: 0, Avg:  0.0, Max: 0, Diff: 0, Sum: 0, Workers: 4
[3650.407s][debug][gc,phases      ] GC(194)     Total                          Min: 0, Avg:  0.0, Max: 0, Diff: 0, Sum: 0, Workers: 4
[3650.407s][debug][gc,phases      ] GC(194)   Weak JFR Old Object Samples    Min:  0.0, Avg:  0.0, Max:  0.0, Diff:  0.0, Sum:  0.0, Workers: 4
[3650.407s][debug][gc,phases      ] GC(194)     Dead                           Min: 0, Avg:  0.0, Max: 0, Diff: 0, Sum: 0, Workers: 4
[3650.407s][debug][gc,phases      ] GC(194)     Total                          Min: 0, Avg:  0.0, Max: 0, Diff: 0, Sum: 0, Workers: 4
[3650.407s][debug][gc,phases      ] GC(194) Weak Processing 0.368ms
[3650.407s][debug][gc,age         ] GC(194) Desired survivor size 47710208 bytes, new threshold 15 (max threshold 15)
[3650.407s][info ][gc,heap        ] GC(194) PSYoungGen: 2011912K(2044928K)->18226K(2050560K) Eden: 1994752K(1994752K)->0K(2002432K) From: 17160K(50176K)->18226K(48128K)
[3650.407s][info ][gc,heap        ] GC(194) ParOldGen: 484608K(608768K)->484608K(608768K)
[3650.407s][info ][gc,metaspace   ] GC(194) Metaspace: 92616K(93824K)->92616K(93824K) NonClass: 79397K(80064K)->79397K(80064K) Class: 13218K(13760K)->13218K(13760K)
[3650.407s][info ][gc             ] GC(194) Pause Young (Allocation Failure) 2438M->491M(2597M) 7.380ms
[3650.407s][info ][gc,cpu         ] GC(194) User=0.03s Sys=0.00s Real=0.01s
[3650.407s][info ][safepoint      ] Safepoint "ParallelGCFailedAllocation", Time since last: 9389848163 ns, Reaching safepoint: 77000 ns, Cleanup: 3800 ns, At safepoint: 7470659 ns, Total: 7551459 ns
[3652.407s][info ][safepoint      ] Safepoint "Cleanup", Time since last: 2000168877 ns, Reaching safepoint: 74799 ns, Cleanup: 7600 ns, At safepoint: 4700 ns, Total: 87099 ns
[3661.079s][info ][safepoint      ] Safepoint "Cleanup", Time since last: 8671926575 ns, Reaching safepoint: 77800 ns, Cleanup: 7000 ns, At safepoint: 12000 ns, Total: 96800 ns
[3663.080s][info ][safepoint      ] Safepoint "Cleanup", Time since last: 2000167954 ns, Reaching safepoint: 4700 ns, Cleanup: 8900 ns, At safepoint: 1900 ns, Total: 15500 ns
[3664.080s][info ][safepoint      ] Safepoint "Cleanup", Time since last: 1000106877 ns, Reaching safepoint: 4900 ns, Cleanup: 10600 ns, At safepoint: 2100 ns, Total: 17600 ns
[3671.080s][info ][safepoint      ] Safepoint "Cleanup", Time since last: 7000528913 ns, Reaching safepoint: 4300 ns, Cleanup: 12200 ns, At safepoint: 1800 ns, Total: 18300 ns
[3674.459s][info ][gc,start       ] GC(195) Pause Young (Allocation Failure)
[3674.466s][debug][gc,phases      ] GC(195) Scavenge 6.734ms
[3674.466s][debug][gc,ref         ] GC(195) Skipped phase 1 of Reference Processing: no references
[3674.466s][debug][gc,ref         ] GC(195) ReferenceProcessor::execute queues: 1, RefProcThreadModel::Single, marks_oops_alive: false
[3674.466s][debug][gc,ref         ] GC(195) Skipped phase 3 of Reference Processing: no references
[3674.466s][debug][gc,ref         ] GC(195) ReferenceProcessor::execute queues: 1, RefProcThreadModel::Single, marks_oops_alive: false
[3674.466s][debug][gc,phases      ] GC(195) Reference Processing 0.091ms
[3674.466s][debug][gc,phases      ] GC(195)   VM Weak                        Min:  0.0, Avg:  0.0, Max:  0.0, Diff:  0.0, Sum:  0.0, Workers: 4
[3674.466s][debug][gc,phases      ] GC(195)     Dead                           Min: 0, Avg:  0.0, Max: 0, Diff: 0, Sum: 0, Workers: 4
[3674.466s][debug][gc,phases      ] GC(195)     Total                          Min: 0, Avg: 250.5, Max: 511, Diff: 511, Sum: 1002, Workers: 4
[3674.466s][debug][gc,phases      ] GC(195)   ObjectSynchronizer Weak        Min:  0.0, Avg:  0.0, Max:  0.0, Diff:  0.0, Sum:  0.0, Workers: 4
[3674.466s][debug][gc,phases      ] GC(195)     Dead                           Min: 0, Avg:  0.0, Max: 0, Diff: 0, Sum: 0, Workers: 4
[3674.466s][debug][gc,phases      ] GC(195)     Total                          Min: 0, Avg:  1.5, Max: 6, Diff: 6, Sum: 6, Workers: 4
[3674.466s][debug][gc,phases      ] GC(195)   JVMTI Tag Weak OopStorage      Min:  0.0, Avg:  0.0, Max:  0.0, Diff:  0.0, Sum:  0.0, Workers: 4
[3674.466s][debug][gc,phases      ] GC(195)     Dead                           Min: 0, Avg:  0.0, Max: 0, Diff: 0, Sum: 0, Workers: 4
[3674.466s][debug][gc,phases      ] GC(195)     Total                          Min: 0, Avg:  0.0, Max: 0, Diff: 0, Sum: 0, Workers: 4
[3674.466s][debug][gc,phases      ] GC(195)   StringTable Weak               Min:  0.0, Avg:  0.1, Max:  0.1, Diff:  0.1, Sum:  0.3, Workers: 4
[3674.466s][debug][gc,phases      ] GC(195)     Dead                           Min: 0, Avg:  0.0, Max: 0, Diff: 0, Sum: 0, Workers: 4
[3674.466s][debug][gc,phases      ] GC(195)     Total                          Min: 0, Avg: 11364.5, Max: 20352, Diff: 20352, Sum: 45458, Workers: 4
[3674.466s][debug][gc,phases      ] GC(195)   ResolvedMethodTable Weak       Min:  0.0, Avg:  0.0, Max:  0.0, Diff:  0.0, Sum:  0.1, Workers: 4
[3674.466s][debug][gc,phases      ] GC(195)     Dead                           Min: 0, Avg:  0.0, Max: 0, Diff: 0, Sum: 0, Workers: 4
[3674.466s][debug][gc,phases      ] GC(195)     Total                          Min: 0, Avg: 2942.2, Max: 5183, Diff: 5183, Sum: 11769, Workers: 4
[3674.466s][debug][gc,phases      ] GC(195)   JNI Weak                       Min:  0.0, Avg:  0.0, Max:  0.0, Diff:  0.0, Sum:  0.0, Workers: 4
[3674.466s][debug][gc,phases      ] GC(195)     Dead                           Min: 0, Avg:  0.0, Max: 0, Diff: 0, Sum: 0, Workers: 4
[3674.466s][debug][gc,phases      ] GC(195)     Total                          Min: 0, Avg: 12.0, Max: 48, Diff: 48, Sum: 48, Workers: 4
[3674.466s][debug][gc,phases      ] GC(195)   StringDedup Table Weak         Min:  0.0, Avg:  0.0, Max:  0.0, Diff:  0.0, Sum:  0.0, Workers: 4
[3674.466s][debug][gc,phases      ] GC(195)     Dead                           Min: 0, Avg:  0.0, Max: 0, Diff: 0, Sum: 0, Workers: 4
[3674.466s][debug][gc,phases      ] GC(195)     Total                          Min: 0, Avg:  0.0, Max: 0, Diff: 0, Sum: 0, Workers: 4
[3674.466s][debug][gc,phases      ] GC(195)   StringDedup Requests0 Weak     Min:  0.0, Avg:  0.0, Max:  0.0, Diff:  0.0, Sum:  0.0, Workers: 4
[3674.466s][debug][gc,phases      ] GC(195)     Dead                           Min: 0, Avg:  0.0, Max: 0, Diff: 0, Sum: 0, Workers: 4
[3674.466s][debug][gc,phases      ] GC(195)     Total                          Min: 0, Avg:  0.0, Max: 0, Diff: 0, Sum: 0, Workers: 4
[3674.466s][debug][gc,phases      ] GC(195)   StringDedup Requests1 Weak     Min:  0.0, Avg:  0.0, Max:  0.0, Diff:  0.0, Sum:  0.0, Workers: 4
[3674.466s][debug][gc,phases      ] GC(195)     Dead                           Min: 0, Avg:  0.0, Max: 0, Diff: 0, Sum: 0, Workers: 4
[3674.466s][debug][gc,phases      ] GC(195)     Total                          Min: 0, Avg:  0.0, Max: 0, Diff: 0, Sum: 0, Workers: 4
[3674.466s][debug][gc,phases      ] GC(195)   Weak JFR Old Object Samples    Min:  0.0, Avg:  0.0, Max:  0.0, Diff:  0.0, Sum:  0.0, Workers: 4
[3674.466s][debug][gc,phases      ] GC(195)     Dead                           Min: 0, Avg:  0.0, Max: 0, Diff: 0, Sum: 0, Workers: 4
[3674.466s][debug][gc,phases      ] GC(195)     Total                          Min: 0, Avg:  0.0, Max: 0, Diff: 0, Sum: 0, Workers: 4
[3674.466s][debug][gc,phases      ] GC(195) Weak Processing 0.336ms
[3674.466s][debug][gc,age         ] GC(195) Desired survivor size 45613056 bytes, new threshold 15 (max threshold 15)
[3674.466s][info ][gc,heap        ] GC(195) PSYoungGen: 2020658K(2050560K)->18498K(2049024K) Eden: 2002432K(2002432K)->0K(2002432K) From: 18226K(48128K)->18498K(46592K)
[3674.466s][info ][gc,heap        ] GC(195) ParOldGen: 484608K(608768K)->484608K(608768K)
[3674.466s][info ][gc,metaspace   ] GC(195) Metaspace: 92618K(93824K)->92618K(93824K) NonClass: 79400K(80064K)->79400K(80064K) Class: 13218K(13760K)->13218K(13760K)
[3674.466s][info ][gc             ] GC(195) Pause Young (Allocation Failure) 2446M->491M(2595M) 7.278ms
[3674.466s][info ][gc,cpu         ] GC(195) User=0.02s Sys=0.00s Real=0.01s
[3674.466s][info ][safepoint      ] Safepoint "ParallelGCFailedAllocation", Time since last: 3378738764 ns, Reaching safepoint: 72999 ns, Cleanup: 3900 ns, At safepoint: 7355452 ns, Total: 7432351 ns
[3678.467s][info ][safepoint      ] Safepoint "Cleanup", Time since last: 4000265251 ns, Reaching safepoint: 4100 ns, Cleanup: 7800 ns, At safepoint: 1700 ns, Total: 13600 ns
[3680.467s][info ][safepoint      ] Safepoint "Cleanup", Time since last: 2000167880 ns, Reaching safepoint: 4500 ns, Cleanup: 7900 ns, At safepoint: 1800 ns, Total: 14200 ns
[3681.467s][info ][safepoint      ] Safepoint "Cleanup", Time since last: 1000099045 ns, Reaching safepoint: 4700 ns, Cleanup: 7600 ns, At safepoint: 4700 ns, Total: 17000 ns
[3684.467s][info ][safepoint      ] Safepoint "Cleanup", Time since last: 3000219678 ns, Reaching safepoint: 4800 ns, Cleanup: 8900 ns, At safepoint: 1900 ns, Total: 15600 ns
[3694.459s][info ][gc,start       ] GC(196) Pause Young (Allocation Failure)
[3694.469s][debug][gc,phases      ] GC(196) Scavenge 9.633ms
[3694.469s][debug][gc,ref         ] GC(196) Skipped phase 1 of Reference Processing: no references
[3694.469s][debug][gc,ref         ] GC(196) ReferenceProcessor::execute queues: 1, RefProcThreadModel::Single, marks_oops_alive: false
[3694.469s][debug][gc,ref         ] GC(196) Skipped phase 3 of Reference Processing: no references
[3694.469s][debug][gc,ref         ] GC(196) ReferenceProcessor::execute queues: 1, RefProcThreadModel::Single, marks_oops_alive: false
[3694.469s][debug][gc,phases      ] GC(196) Reference Processing 0.108ms
[3694.469s][debug][gc,phases      ] GC(196)   VM Weak                        Min:  0.0, Avg:  0.0, Max:  0.0, Diff:  0.0, Sum:  0.0, Workers: 4
[3694.469s][debug][gc,phases      ] GC(196)     Dead                           Min: 0, Avg:  0.0, Max: 0, Diff: 0, Sum: 0, Workers: 4
[3694.469s][debug][gc,phases      ] GC(196)     Total                          Min: 0, Avg: 250.5, Max: 1002, Diff: 1002, Sum: 1002, Workers: 4
[3694.469s][debug][gc,phases      ] GC(196)   ObjectSynchronizer Weak        Min:  0.0, Avg:  0.0, Max:  0.0, Diff:  0.0, Sum:  0.0, Workers: 4
[3694.469s][debug][gc,phases      ] GC(196)     Dead                           Min: 0, Avg:  0.0, Max: 0, Diff: 0, Sum: 0, Workers: 4
[3694.469s][debug][gc,phases      ] GC(196)     Total                          Min: 0, Avg:  1.5, Max: 6, Diff: 6, Sum: 6, Workers: 4
[3694.469s][debug][gc,phases      ] GC(196)   JVMTI Tag Weak OopStorage      Min:  0.0, Avg:  0.0, Max:  0.0, Diff:  0.0, Sum:  0.0, Workers: 4
[3694.469s][debug][gc,phases      ] GC(196)     Dead                           Min: 0, Avg:  0.0, Max: 0, Diff: 0, Sum: 0, Workers: 4
[3694.469s][debug][gc,phases      ] GC(196)     Total                          Min: 0, Avg:  0.0, Max: 0, Diff: 0, Sum: 0, Workers: 4
[3694.469s][debug][gc,phases      ] GC(196)   StringTable Weak               Min:  0.0, Avg:  0.1, Max:  0.1, Diff:  0.1, Sum:  0.4, Workers: 4
[3694.469s][debug][gc,phases      ] GC(196)     Dead                           Min: 0, Avg:  0.0, Max: 0, Diff: 0, Sum: 0, Workers: 4
[3694.469s][debug][gc,phases      ] GC(196)     Total                          Min: 0, Avg: 11364.8, Max: 19520, Diff: 19520, Sum: 45459, Workers: 4
[3694.469s][debug][gc,phases      ] GC(196)   ResolvedMethodTable Weak       Min:  0.0, Avg:  0.0, Max:  0.0, Diff:  0.0, Sum:  0.1, Workers: 4
[3694.469s][debug][gc,phases      ] GC(196)     Dead                           Min: 0, Avg:  0.0, Max: 0, Diff: 0, Sum: 0, Workers: 4
[3694.469s][debug][gc,phases      ] GC(196)     Total                          Min: 0, Avg: 2942.2, Max: 4735, Diff: 4735, Sum: 11769, Workers: 4
[3694.469s][debug][gc,phases      ] GC(196)   JNI Weak                       Min:  0.0, Avg:  0.0, Max:  0.0, Diff:  0.0, Sum:  0.0, Workers: 4
[3694.469s][debug][gc,phases      ] GC(196)     Dead                           Min: 0, Avg:  0.0, Max: 0, Diff: 0, Sum: 0, Workers: 4
[3694.469s][debug][gc,phases      ] GC(196)     Total                          Min: 0, Avg: 12.0, Max: 48, Diff: 48, Sum: 48, Workers: 4
[3694.469s][debug][gc,phases      ] GC(196)   StringDedup Table Weak         Min:  0.0, Avg:  0.0, Max:  0.0, Diff:  0.0, Sum:  0.0, Workers: 4
[3694.469s][debug][gc,phases      ] GC(196)     Dead                           Min: 0, Avg:  0.0, Max: 0, Diff: 0, Sum: 0, Workers: 4
[3694.469s][debug][gc,phases      ] GC(196)     Total                          Min: 0, Avg:  0.0, Max: 0, Diff: 0, Sum: 0, Workers: 4
[3694.469s][debug][gc,phases      ] GC(196)   StringDedup Requests0 Weak     Min:  0.0, Avg:  0.0, Max:  0.0, Diff:  0.0, Sum:  0.0, Workers: 4
[3694.469s][debug][gc,phases      ] GC(196)     Dead                           Min: 0, Avg:  0.0, Max: 0, Diff: 0, Sum: 0, Workers: 4
[3694.469s][debug][gc,phases      ] GC(196)     Total                          Min: 0, Avg:  0.0, Max: 0, Diff: 0, Sum: 0, Workers: 4
[3694.469s][debug][gc,phases      ] GC(196)   StringDedup Requests1 Weak     Min:  0.0, Avg:  0.0, Max:  0.0, Diff:  0.0, Sum:  0.0, Workers: 4
[3694.469s][debug][gc,phases      ] GC(196)     Dead                           Min: 0, Avg:  0.0, Max: 0, Diff: 0, Sum: 0, Workers: 4
[3694.469s][debug][gc,phases      ] GC(196)     Total                          Min: 0, Avg:  0.0, Max: 0, Diff: 0, Sum: 0, Workers: 4
[3694.469s][debug][gc,phases      ] GC(196)   Weak JFR Old Object Samples    Min:  0.0, Avg:  0.0, Max:  0.0, Diff:  0.0, Sum:  0.0, Workers: 4
[3694.469s][debug][gc,phases      ] GC(196)     Dead                           Min: 0, Avg:  0.0, Max: 0, Diff: 0, Sum: 0, Workers: 4
[3694.469s][debug][gc,phases      ] GC(196)     Total                          Min: 0, Avg:  0.0, Max: 0, Diff: 0, Sum: 0, Workers: 4
[3694.469s][debug][gc,phases      ] GC(196) Weak Processing 0.322ms
[3694.469s][debug][gc,age         ] GC(196) Desired survivor size 45088768 bytes, new threshold 15 (max threshold 15)
[3694.469s][info ][gc,heap        ] GC(196) PSYoungGen: 2020930K(2049024K)->26178K(2053120K) Eden: 2002432K(2002432K)->0K(2008576K) From: 18498K(46592K)->26178K(44544K)
[3694.469s][info ][gc,heap        ] GC(196) ParOldGen: 484608K(608768K)->484608K(608768K)
[3694.469s][info ][gc,metaspace   ] GC(196) Metaspace: 92620K(93824K)->92620K(93824K) NonClass: 79401K(80064K)->79401K(80064K) Class: 13218K(13760K)->13218K(13760K)
[3694.469s][info ][gc             ] GC(196) Pause Young (Allocation Failure) 2446M->498M(2599M) 10.177ms
[3694.469s][info ][gc,cpu         ] GC(196) User=0.04s Sys=0.00s Real=0.01s
[3694.469s][info ][safepoint      ] Safepoint "ParallelGCFailedAllocation", Time since last: 9991813615 ns, Reaching safepoint: 4800 ns, Cleanup: 3300 ns, At safepoint: 10252442 ns, Total: 10260542 ns
[3702.470s][info ][safepoint      ] Safepoint "Cleanup", Time since last: 8000522083 ns, Reaching safepoint: 5600 ns, Cleanup: 8600 ns, At safepoint: 1900 ns, Total: 16100 ns
[3703.470s][info ][safepoint      ] Safepoint "Cleanup", Time since last: 1000100586 ns, Reaching safepoint: 5500 ns, Cleanup: 9300 ns, At safepoint: 2000 ns, Total: 16800 ns
[3710.470s][info ][safepoint      ] Safepoint "Cleanup", Time since last: 7000408566 ns, Reaching safepoint: 5000 ns, Cleanup: 8300 ns, At safepoint: 2000 ns, Total: 15300 ns
[3711.471s][info ][safepoint      ] Safepoint "Cleanup", Time since last: 1000113646 ns, Reaching safepoint: 5000 ns, Cleanup: 8000 ns, At safepoint: 2000 ns, Total: 15000 ns
[3711.512s][info ][gc,start       ] GC(197) Pause Young (Allocation Failure)
[3711.521s][debug][gc,phases      ] GC(197) Scavenge 8.940ms
[3711.521s][debug][gc,ref         ] GC(197) Skipped phase 1 of Reference Processing: no references
[3711.521s][debug][gc,ref         ] GC(197) ReferenceProcessor::execute queues: 1, RefProcThreadModel::Single, marks_oops_alive: false
[3711.521s][debug][gc,ref         ] GC(197) Skipped phase 3 of Reference Processing: no references
[3711.521s][debug][gc,ref         ] GC(197) ReferenceProcessor::execute queues: 1, RefProcThreadModel::Single, marks_oops_alive: false
[3711.521s][debug][gc,phases      ] GC(197) Reference Processing 0.101ms
[3711.522s][debug][gc,phases      ] GC(197)   VM Weak                        Min:  0.0, Avg:  0.0, Max:  0.0, Diff:  0.0, Sum:  0.0, Workers: 4
[3711.522s][debug][gc,phases      ] GC(197)     Dead                           Min: 0, Avg:  0.0, Max: 0, Diff: 0, Sum: 0, Workers: 4
[3711.522s][debug][gc,phases      ] GC(197)     Total                          Min: 63, Avg: 250.5, Max: 427, Diff: 364, Sum: 1002, Workers: 4
[3711.522s][debug][gc,phases      ] GC(197)   ObjectSynchronizer Weak        Min:  0.0, Avg:  0.0, Max:  0.0, Diff:  0.0, Sum:  0.0, Workers: 4
[3711.522s][debug][gc,phases      ] GC(197)     Dead                           Min: 0, Avg:  0.0, Max: 0, Diff: 0, Sum: 0, Workers: 4
[3711.522s][debug][gc,phases      ] GC(197)     Total                          Min: 0, Avg:  1.5, Max: 6, Diff: 6, Sum: 6, Workers: 4
[3711.522s][debug][gc,phases      ] GC(197)   JVMTI Tag Weak OopStorage      Min:  0.0, Avg:  0.0, Max:  0.0, Diff:  0.0, Sum:  0.0, Workers: 4
[3711.522s][debug][gc,phases      ] GC(197)     Dead                           Min: 0, Avg:  0.0, Max: 0, Diff: 0, Sum: 0, Workers: 4
[3711.522s][debug][gc,phases      ] GC(197)     Total                          Min: 0, Avg:  0.0, Max: 0, Diff: 0, Sum: 0, Workers: 4
[3711.522s][debug][gc,phases      ] GC(197)   StringTable Weak               Min:  0.1, Avg:  0.1, Max:  0.1, Diff:  0.0, Sum:  0.4, Workers: 4
[3711.522s][debug][gc,phases      ] GC(197)     Dead                           Min: 0, Avg:  0.0, Max: 0, Diff: 0, Sum: 0, Workers: 4
[3711.522s][debug][gc,phases      ] GC(197)     Total                          Min: 9856, Avg: 11364.8, Max: 12096, Diff: 2240, Sum: 45459, Workers: 4
[3711.522s][debug][gc,phases      ] GC(197)   ResolvedMethodTable Weak       Min:  0.0, Avg:  0.0, Max:  0.0, Diff:  0.0, Sum:  0.1, Workers: 4
[3711.522s][debug][gc,phases      ] GC(197)     Dead                           Min: 0, Avg:  0.0, Max: 0, Diff: 0, Sum: 0, Workers: 4
[3711.522s][debug][gc,phases      ] GC(197)     Total                          Min: 2752, Avg: 2942.2, Max: 3131, Diff: 379, Sum: 11769, Workers: 4
[3711.522s][debug][gc,phases      ] GC(197)   JNI Weak                       Min:  0.0, Avg:  0.0, Max:  0.0, Diff:  0.0, Sum:  0.0, Workers: 4
[3711.522s][debug][gc,phases      ] GC(197)     Dead                           Min: 0, Avg:  0.0, Max: 0, Diff: 0, Sum: 0, Workers: 4
[3711.522s][debug][gc,phases      ] GC(197)     Total                          Min: 0, Avg: 12.0, Max: 48, Diff: 48, Sum: 48, Workers: 4
[3711.522s][debug][gc,phases      ] GC(197)   StringDedup Table Weak         Min:  0.0, Avg:  0.0, Max:  0.0, Diff:  0.0, Sum:  0.0, Workers: 4
[3711.522s][debug][gc,phases      ] GC(197)     Dead                           Min: 0, Avg:  0.0, Max: 0, Diff: 0, Sum: 0, Workers: 4
[3711.522s][debug][gc,phases      ] GC(197)     Total                          Min: 0, Avg:  0.0, Max: 0, Diff: 0, Sum: 0, Workers: 4
[3711.522s][debug][gc,phases      ] GC(197)   StringDedup Requests0 Weak     Min:  0.0, Avg:  0.0, Max:  0.0, Diff:  0.0, Sum:  0.0, Workers: 4
[3711.522s][debug][gc,phases      ] GC(197)     Dead                           Min: 0, Avg:  0.0, Max: 0, Diff: 0, Sum: 0, Workers: 4
[3711.522s][debug][gc,phases      ] GC(197)     Total                          Min: 0, Avg:  0.0, Max: 0, Diff: 0, Sum: 0, Workers: 4
[3711.522s][debug][gc,phases      ] GC(197)   StringDedup Requests1 Weak     Min:  0.0, Avg:  0.0, Max:  0.0, Diff:  0.0, Sum:  0.0, Workers: 4
[3711.522s][debug][gc,phases      ] GC(197)     Dead                           Min: 0, Avg:  0.0, Max: 0, Diff: 0, Sum: 0, Workers: 4
[3711.522s][debug][gc,phases      ] GC(197)     Total                          Min: 0, Avg:  0.0, Max: 0, Diff: 0, Sum: 0, Workers: 4
[3711.522s][debug][gc,phases      ] GC(197)   Weak JFR Old Object Samples    Min:  0.0, Avg:  0.0, Max:  0.0, Diff:  0.0, Sum:  0.0, Workers: 4
[3711.522s][debug][gc,phases      ] GC(197)     Dead                           Min: 0, Avg:  0.0, Max: 0, Diff: 0, Sum: 0, Workers: 4
[3711.522s][debug][gc,phases      ] GC(197)     Total                          Min: 0, Avg:  0.0, Max: 0, Diff: 0, Sum: 0, Workers: 4
[3711.522s][debug][gc,phases      ] GC(197) Weak Processing 0.322ms
[3711.522s][debug][gc,age         ] GC(197) Desired survivor size 44564480 bytes, new threshold 15 (max threshold 15)
[3711.522s][info ][gc,heap        ] GC(197) PSYoungGen: 2034754K(2053120K)->26674K(2052608K) Eden: 2008576K(2008576K)->0K(2008576K) From: 26178K(44544K)->26674K(44032K)
[3711.522s][info ][gc,heap        ] GC(197) ParOldGen: 484608K(608768K)->484608K(608768K)
[3711.522s][info ][gc,metaspace   ] GC(197) Metaspace: 92624K(93824K)->92624K(93824K) NonClass: 79406K(80064K)->79406K(80064K) Class: 13218K(13760K)->13218K(13760K)
[3711.522s][info ][gc             ] GC(197) Pause Young (Allocation Failure) 2460M->499M(2599M) 9.473ms
[3711.522s][info ][gc,cpu         ] GC(197) User=0.04s Sys=0.00s Real=0.01s
[3711.522s][info ][safepoint      ] Safepoint "ParallelGCFailedAllocation", Time since last: 41735660 ns, Reaching safepoint: 75100 ns, Cleanup: 3700 ns, At safepoint: 9542645 ns, Total: 9621445 ns
[3720.522s][info ][safepoint      ] Safepoint "Cleanup", Time since last: 9000544914 ns, Reaching safepoint: 4700 ns, Cleanup: 12000 ns, At safepoint: 1800 ns, Total: 18500 ns
[3729.095s][info ][safepoint      ] Safepoint "Cleanup", Time since last: 8572445639 ns, Reaching safepoint: 5100 ns, Cleanup: 9200 ns, At safepoint: 14600 ns, Total: 28900 ns
[3731.649s][info ][gc,start       ] GC(198) Pause Young (Allocation Failure)
[3731.658s][debug][gc,phases      ] GC(198) Scavenge 8.324ms
[3731.658s][debug][gc,ref         ] GC(198) Skipped phase 1 of Reference Processing: no references
[3731.658s][debug][gc,ref         ] GC(198) ReferenceProcessor::execute queues: 1, RefProcThreadModel::Single, marks_oops_alive: false
[3731.658s][debug][gc,ref         ] GC(198) Skipped phase 3 of Reference Processing: no references
[3731.658s][debug][gc,ref         ] GC(198) ReferenceProcessor::execute queues: 1, RefProcThreadModel::Single, marks_oops_alive: false
[3731.658s][debug][gc,phases      ] GC(198) Reference Processing 0.122ms
[3731.658s][debug][gc,phases      ] GC(198)   VM Weak                        Min:  0.0, Avg:  0.0, Max:  0.0, Diff:  0.0, Sum:  0.0, Workers: 4
[3731.658s][debug][gc,phases      ] GC(198)     Dead                           Min: 0, Avg:  0.0, Max: 0, Diff: 0, Sum: 0, Workers: 4
[3731.658s][debug][gc,phases      ] GC(198)     Total                          Min: 0, Avg: 250.5, Max: 959, Diff: 959, Sum: 1002, Workers: 4
[3731.658s][debug][gc,phases      ] GC(198)   ObjectSynchronizer Weak        Min:  0.0, Avg:  0.0, Max:  0.0, Diff:  0.0, Sum:  0.0, Workers: 4
[3731.658s][debug][gc,phases      ] GC(198)     Dead                           Min: 0, Avg:  0.0, Max: 0, Diff: 0, Sum: 0, Workers: 4
[3731.658s][debug][gc,phases      ] GC(198)     Total                          Min: 0, Avg:  1.5, Max: 6, Diff: 6, Sum: 6, Workers: 4
[3731.658s][debug][gc,phases      ] GC(198)   JVMTI Tag Weak OopStorage      Min:  0.0, Avg:  0.0, Max:  0.0, Diff:  0.0, Sum:  0.0, Workers: 4
[3731.658s][debug][gc,phases      ] GC(198)     Dead                           Min: 0, Avg:  0.0, Max: 0, Diff: 0, Sum: 0, Workers: 4
[3731.658s][debug][gc,phases      ] GC(198)     Total                          Min: 0, Avg:  0.0, Max: 0, Diff: 0, Sum: 0, Workers: 4
[3731.658s][debug][gc,phases      ] GC(198)   StringTable Weak               Min:  0.0, Avg:  0.1, Max:  0.1, Diff:  0.1, Sum:  0.3, Workers: 4
[3731.658s][debug][gc,phases      ] GC(198)     Dead                           Min: 0, Avg:  0.0, Max: 0, Diff: 0, Sum: 0, Workers: 4
[3731.658s][debug][gc,phases      ] GC(198)     Total                          Min: 0, Avg: 11364.8, Max: 20224, Diff: 20224, Sum: 45459, Workers: 4
[3731.658s][debug][gc,phases      ] GC(198)   ResolvedMethodTable Weak       Min:  0.0, Avg:  0.0, Max:  0.0, Diff:  0.0, Sum:  0.1, Workers: 4
[3731.658s][debug][gc,phases      ] GC(198)     Dead                           Min: 0, Avg:  0.0, Max: 0, Diff: 0, Sum: 0, Workers: 4
[3731.658s][debug][gc,phases      ] GC(198)     Total                          Min: 0, Avg: 2942.2, Max: 4671, Diff: 4671, Sum: 11769, Workers: 4
[3731.658s][debug][gc,phases      ] GC(198)   JNI Weak                       Min:  0.0, Avg:  0.0, Max:  0.0, Diff:  0.0, Sum:  0.0, Workers: 4
[3731.658s][debug][gc,phases      ] GC(198)     Dead                           Min: 0, Avg:  0.0, Max: 0, Diff: 0, Sum: 0, Workers: 4
[3731.658s][debug][gc,phases      ] GC(198)     Total                          Min: 0, Avg: 12.0, Max: 48, Diff: 48, Sum: 48, Workers: 4
[3731.658s][debug][gc,phases      ] GC(198)   StringDedup Table Weak         Min:  0.0, Avg:  0.0, Max:  0.0, Diff:  0.0, Sum:  0.0, Workers: 4
[3731.658s][debug][gc,phases      ] GC(198)     Dead                           Min: 0, Avg:  0.0, Max: 0, Diff: 0, Sum: 0, Workers: 4
[3731.658s][debug][gc,phases      ] GC(198)     Total                          Min: 0, Avg:  0.0, Max: 0, Diff: 0, Sum: 0, Workers: 4
[3731.658s][debug][gc,phases      ] GC(198)   StringDedup Requests0 Weak     Min:  0.0, Avg:  0.0, Max:  0.0, Diff:  0.0, Sum:  0.0, Workers: 4
[3731.658s][debug][gc,phases      ] GC(198)     Dead                           Min: 0, Avg:  0.0, Max: 0, Diff: 0, Sum: 0, Workers: 4
[3731.658s][debug][gc,phases      ] GC(198)     Total                          Min: 0, Avg:  0.0, Max: 0, Diff: 0, Sum: 0, Workers: 4
[3731.658s][debug][gc,phases      ] GC(198)   StringDedup Requests1 Weak     Min:  0.0, Avg:  0.0, Max:  0.0, Diff:  0.0, Sum:  0.0, Workers: 4
[3731.658s][debug][gc,phases      ] GC(198)     Dead                           Min: 0, Avg:  0.0, Max: 0, Diff: 0, Sum: 0, Workers: 4
[3731.658s][debug][gc,phases      ] GC(198)     Total                          Min: 0, Avg:  0.0, Max: 0, Diff: 0, Sum: 0, Workers: 4
[3731.658s][debug][gc,phases      ] GC(198)   Weak JFR Old Object Samples    Min:  0.0, Avg:  0.0, Max:  0.0, Diff:  0.0, Sum:  0.0, Workers: 4
[3731.658s][debug][gc,phases      ] GC(198)     Dead                           Min: 0, Avg:  0.0, Max: 0, Diff: 0, Sum: 0, Workers: 4
[3731.658s][debug][gc,phases      ] GC(198)     Total                          Min: 0, Avg:  0.0, Max: 0, Diff: 0, Sum: 0, Workers: 4
[3731.658s][debug][gc,phases      ] GC(198) Weak Processing 0.319ms
[3731.658s][debug][gc,age         ] GC(198) Desired survivor size 42991616 bytes, new threshold 15 (max threshold 15)
[3731.658s][info ][gc,heap        ] GC(198) PSYoungGen: 2035250K(2052608K)->23960K(2055168K) Eden: 2008576K(2008576K)->0K(2011648K) From: 26674K(44032K)->23960K(43520K)
[3731.658s][info ][gc,heap        ] GC(198) ParOldGen: 484608K(608768K)->484608K(608768K)
[3731.658s][info ][gc,metaspace   ] GC(198) Metaspace: 92628K(93824K)->92628K(93824K) NonClass: 79409K(80064K)->79409K(80064K) Class: 13218K(13760K)->13218K(13760K)
[3731.658s][info ][gc             ] GC(198) Pause Young (Allocation Failure) 2460M->496M(2601M) 8.888ms
[3731.658s][info ][gc,cpu         ] GC(198) User=0.03s Sys=0.00s Real=0.01s
[3731.658s][info ][safepoint      ] Safepoint "ParallelGCFailedAllocation", Time since last: 2554436542 ns, Reaching safepoint: 78900 ns, Cleanup: 4200 ns, At safepoint: 8964651 ns, Total: 9047751 ns
[3733.659s][info ][safepoint      ] Safepoint "Cleanup", Time since last: 2000162780 ns, Reaching safepoint: 74700 ns, Cleanup: 8100 ns, At safepoint: 4800 ns, Total: 87600 ns
[3734.659s][info ][safepoint      ] Safepoint "Cleanup", Time since last: 1000112040 ns, Reaching safepoint: 78900 ns, Cleanup: 9200 ns, At safepoint: 27800 ns, Total: 115900 ns
[3735.659s][info ][safepoint      ] Safepoint "Cleanup", Time since last: 1000109140 ns, Reaching safepoint: 75899 ns, Cleanup: 8800 ns, At safepoint: 5900 ns, Total: 90599 ns
[3738.659s][info ][safepoint      ] Safepoint "Cleanup", Time since last: 3000257798 ns, Reaching safepoint: 60300 ns, Cleanup: 11500 ns, At safepoint: 6800 ns, Total: 78600 ns
[3740.663s][info ][safepoint      ] Safepoint "Cleanup", Time since last: 2000180181 ns, Reaching safepoint: 3502980 ns, Cleanup: 11500 ns, At safepoint: 8200 ns, Total: 3522680 ns
[3746.664s][info ][safepoint      ] Safepoint "Cleanup", Time since last: 6000417608 ns, Reaching safepoint: 4599 ns, Cleanup: 8400 ns, At safepoint: 5300 ns, Total: 18299 ns
[3752.562s][info ][gc,start       ] GC(199) Pause Young (Allocation Failure)
[3752.571s][debug][gc,phases      ] GC(199) Scavenge 8.923ms
[3752.571s][debug][gc,ref         ] GC(199) Skipped phase 1 of Reference Processing: no references
[3752.571s][debug][gc,ref         ] GC(199) ReferenceProcessor::execute queues: 1, RefProcThreadModel::Single, marks_oops_alive: false
[3752.571s][debug][gc,ref         ] GC(199) Skipped phase 3 of Reference Processing: no references
[3752.571s][debug][gc,ref         ] GC(199) ReferenceProcessor::execute queues: 1, RefProcThreadModel::Single, marks_oops_alive: false
[3752.571s][debug][gc,phases      ] GC(199) Reference Processing 0.100ms
[3752.571s][debug][gc,phases      ] GC(199)   VM Weak                        Min:  0.0, Avg:  0.0, Max:  0.0, Diff:  0.0, Sum:  0.0, Workers: 4
[3752.571s][debug][gc,phases      ] GC(199)     Dead                           Min: 0, Avg:  0.0, Max: 0, Diff: 0, Sum: 0, Workers: 4
[3752.571s][debug][gc,phases      ] GC(199)     Total                          Min: 0, Avg: 250.5, Max: 895, Diff: 895, Sum: 1002, Workers: 4
[3752.571s][debug][gc,phases      ] GC(199)   ObjectSynchronizer Weak        Min:  0.0, Avg:  0.0, Max:  0.0, Diff:  0.0, Sum:  0.0, Workers: 4
[3752.571s][debug][gc,phases      ] GC(199)     Dead                           Min: 0, Avg:  0.0, Max: 0, Diff: 0, Sum: 0, Workers: 4
[3752.571s][debug][gc,phases      ] GC(199)     Total                          Min: 0, Avg:  1.8, Max: 7, Diff: 7, Sum: 7, Workers: 4
[3752.571s][debug][gc,phases      ] GC(199)   JVMTI Tag Weak OopStorage      Min:  0.0, Avg:  0.0, Max:  0.0, Diff:  0.0, Sum:  0.0, Workers: 4
[3752.571s][debug][gc,phases      ] GC(199)     Dead                           Min: 0, Avg:  0.0, Max: 0, Diff: 0, Sum: 0, Workers: 4
[3752.571s][debug][gc,phases      ] GC(199)     Total                          Min: 0, Avg:  0.0, Max: 0, Diff: 0, Sum: 0, Workers: 4
[3752.571s][debug][gc,phases      ] GC(199)   StringTable Weak               Min:  0.0, Avg:  0.1, Max:  0.1, Diff:  0.1, Sum:  0.3, Workers: 4
[3752.571s][debug][gc,phases      ] GC(199)     Dead                           Min: 0, Avg:  0.0, Max: 0, Diff: 0, Sum: 0, Workers: 4
[3752.571s][debug][gc,phases      ] GC(199)     Total                          Min: 0, Avg: 11365.0, Max: 19988, Diff: 19988, Sum: 45460, Workers: 4
[3752.571s][debug][gc,phases      ] GC(199)   ResolvedMethodTable Weak       Min:  0.0, Avg:  0.0, Max:  0.0, Diff:  0.0, Sum:  0.1, Workers: 4
[3752.571s][debug][gc,phases      ] GC(199)     Dead                           Min: 0, Avg:  0.0, Max: 0, Diff: 0, Sum: 0, Workers: 4
[3752.571s][debug][gc,phases      ] GC(199)     Total                          Min: 0, Avg: 2942.2, Max: 5375, Diff: 5375, Sum: 11769, Workers: 4
[3752.571s][debug][gc,phases      ] GC(199)   JNI Weak                       Min:  0.0, Avg:  0.0, Max:  0.0, Diff:  0.0, Sum:  0.0, Workers: 4
[3752.571s][debug][gc,phases      ] GC(199)     Dead                           Min: 0, Avg:  0.0, Max: 0, Diff: 0, Sum: 0, Workers: 4
[3752.571s][debug][gc,phases      ] GC(199)     Total                          Min: 0, Avg: 12.0, Max: 48, Diff: 48, Sum: 48, Workers: 4
[3752.571s][debug][gc,phases      ] GC(199)   StringDedup Table Weak         Min:  0.0, Avg:  0.0, Max:  0.0, Diff:  0.0, Sum:  0.0, Workers: 4
[3752.571s][debug][gc,phases      ] GC(199)     Dead                           Min: 0, Avg:  0.0, Max: 0, Diff: 0, Sum: 0, Workers: 4
[3752.571s][debug][gc,phases      ] GC(199)     Total                          Min: 0, Avg:  0.0, Max: 0, Diff: 0, Sum: 0, Workers: 4
[3752.571s][debug][gc,phases      ] GC(199)   StringDedup Requests0 Weak     Min:  0.0, Avg:  0.0, Max:  0.0, Diff:  0.0, Sum:  0.0, Workers: 4
[3752.571s][debug][gc,phases      ] GC(199)     Dead                           Min: 0, Avg:  0.0, Max: 0, Diff: 0, Sum: 0, Workers: 4
[3752.571s][debug][gc,phases      ] GC(199)     Total                          Min: 0, Avg:  0.0, Max: 0, Diff: 0, Sum: 0, Workers: 4
[3752.571s][debug][gc,phases      ] GC(199)   StringDedup Requests1 Weak     Min:  0.0, Avg:  0.0, Max:  0.0, Diff:  0.0, Sum:  0.0, Workers: 4
[3752.571s][debug][gc,phases      ] GC(199)     Dead                           Min: 0, Avg:  0.0, Max: 0, Diff: 0, Sum: 0, Workers: 4
[3752.571s][debug][gc,phases      ] GC(199)     Total                          Min: 0, Avg:  0.0, Max: 0, Diff: 0, Sum: 0, Workers: 4
[3752.571s][debug][gc,phases      ] GC(199)   Weak JFR Old Object Samples    Min:  0.0, Avg:  0.0, Max:  0.0, Diff:  0.0, Sum:  0.0, Workers: 4
[3752.571s][debug][gc,phases      ] GC(199)     Dead                           Min: 0, Avg:  0.0, Max: 0, Diff: 0, Sum: 0, Workers: 4
[3752.571s][debug][gc,phases      ] GC(199)     Total                          Min: 0, Avg:  0.0, Max: 0, Diff: 0, Sum: 0, Workers: 4
[3752.571s][debug][gc,phases      ] GC(199) Weak Processing 0.352ms
[3752.571s][debug][gc,age         ] GC(199) Desired survivor size 41418752 bytes, new threshold 15 (max threshold 15)
[3752.571s][info ][gc,heap        ] GC(199) PSYoungGen: 2035608K(2055168K)->24056K(2053632K) Eden: 2011648K(2011648K)->0K(2011648K) From: 23960K(43520K)->24056K(41984K)
[3752.571s][info ][gc,heap        ] GC(199) ParOldGen: 484608K(608768K)->484616K(608768K)
[3752.571s][info ][gc,metaspace   ] GC(199) Metaspace: 92632K(93824K)->92632K(93824K) NonClass: 79413K(80064K)->79413K(80064K) Class: 13218K(13760K)->13218K(13760K)
[3752.571s][info ][gc             ] GC(199) Pause Young (Allocation Failure) 2461M->496M(2600M) 9.505ms
[3752.571s][info ][gc,cpu         ] GC(199) User=0.03s Sys=0.00s Real=0.01s
[3752.571s][info ][safepoint      ] Safepoint "ParallelGCFailedAllocation", Time since last: 5898118004 ns, Reaching safepoint: 4700 ns, Cleanup: 3200 ns, At safepoint: 9577244 ns, Total: 9585144 ns
[3756.571s][info ][safepoint      ] Safepoint "Cleanup", Time since last: 4000224724 ns, Reaching safepoint: 4500 ns, Cleanup: 8600 ns, At safepoint: 1900 ns, Total: 15000 ns
[3767.572s][info ][safepoint      ] Safepoint "Cleanup", Time since last: 11000741754 ns, Reaching safepoint: 4800 ns, Cleanup: 6700 ns, At safepoint: 1700 ns, Total: 13200 ns
[3769.572s][info ][safepoint      ] Safepoint "Cleanup", Time since last: 2000151287 ns, Reaching safepoint: 4000 ns, Cleanup: 7800 ns, At safepoint: 1600 ns, Total: 13400 ns
[3774.573s][info ][safepoint      ] Safepoint "Cleanup", Time since last: 5000313790 ns, Reaching safepoint: 4800 ns, Cleanup: 13100 ns, At safepoint: 1900 ns, Total: 19800 ns
[3774.859s][info ][gc,start       ] GC(200) Pause Young (Allocation Failure)
[3774.867s][debug][gc,phases      ] GC(200) Scavenge 7.434ms
[3774.867s][debug][gc,ref         ] GC(200) Skipped phase 1 of Reference Processing: no references
[3774.867s][debug][gc,ref         ] GC(200) ReferenceProcessor::execute queues: 1, RefProcThreadModel::Single, marks_oops_alive: false
[3774.867s][debug][gc,ref         ] GC(200) Skipped phase 3 of Reference Processing: no references
[3774.867s][debug][gc,ref         ] GC(200) ReferenceProcessor::execute queues: 1, RefProcThreadModel::Single, marks_oops_alive: false
[3774.867s][debug][gc,phases      ] GC(200) Reference Processing 0.096ms
[3774.867s][debug][gc,phases      ] GC(200)   VM Weak                        Min:  0.0, Avg:  0.0, Max:  0.0, Diff:  0.0, Sum:  0.0, Workers: 4
[3774.867s][debug][gc,phases      ] GC(200)     Dead                           Min: 0, Avg:  0.0, Max: 0, Diff: 0, Sum: 0, Workers: 4
[3774.867s][debug][gc,phases      ] GC(200)     Total                          Min: 0, Avg: 250.5, Max: 1002, Diff: 1002, Sum: 1002, Workers: 4
[3774.867s][debug][gc,phases      ] GC(200)   ObjectSynchronizer Weak        Min:  0.0, Avg:  0.0, Max:  0.0, Diff:  0.0, Sum:  0.0, Workers: 4
[3774.867s][debug][gc,phases      ] GC(200)     Dead                           Min: 0, Avg:  0.0, Max: 0, Diff: 0, Sum: 0, Workers: 4
[3774.867s][debug][gc,phases      ] GC(200)     Total                          Min: 0, Avg:  1.8, Max: 7, Diff: 7, Sum: 7, Workers: 4
[3774.867s][debug][gc,phases      ] GC(200)   JVMTI Tag Weak OopStorage      Min:  0.0, Avg:  0.0, Max:  0.0, Diff:  0.0, Sum:  0.0, Workers: 4
[3774.867s][debug][gc,phases      ] GC(200)     Dead                           Min: 0, Avg:  0.0, Max: 0, Diff: 0, Sum: 0, Workers: 4
[3774.867s][debug][gc,phases      ] GC(200)     Total                          Min: 0, Avg:  0.0, Max: 0, Diff: 0, Sum: 0, Workers: 4
[3774.867s][debug][gc,phases      ] GC(200)   StringTable Weak               Min:  0.0, Avg:  0.1, Max:  0.1, Diff:  0.1, Sum:  0.4, Workers: 4
[3774.867s][debug][gc,phases      ] GC(200)     Dead                           Min: 0, Avg:  0.0, Max: 0, Diff: 0, Sum: 0, Workers: 4
[3774.867s][debug][gc,phases      ] GC(200)     Total                          Min: 0, Avg: 11365.0, Max: 19520, Diff: 19520, Sum: 45460, Workers: 4
[3774.867s][debug][gc,phases      ] GC(200)   ResolvedMethodTable Weak       Min:  0.0, Avg:  0.0, Max:  0.0, Diff:  0.0, Sum:  0.1, Workers: 4
[3774.867s][debug][gc,phases      ] GC(200)     Dead                           Min: 0, Avg:  0.0, Max: 0, Diff: 0, Sum: 0, Workers: 4
[3774.867s][debug][gc,phases      ] GC(200)     Total                          Min: 0, Avg: 2942.2, Max: 5311, Diff: 5311, Sum: 11769, Workers: 4
[3774.867s][debug][gc,phases      ] GC(200)   JNI Weak                       Min:  0.0, Avg:  0.0, Max:  0.0, Diff:  0.0, Sum:  0.0, Workers: 4
[3774.867s][debug][gc,phases      ] GC(200)     Dead                           Min: 0, Avg:  0.0, Max: 0, Diff: 0, Sum: 0, Workers: 4
[3774.867s][debug][gc,phases      ] GC(200)     Total                          Min: 0, Avg: 12.0, Max: 48, Diff: 48, Sum: 48, Workers: 4
[3774.867s][debug][gc,phases      ] GC(200)   StringDedup Table Weak         Min:  0.0, Avg:  0.0, Max:  0.0, Diff:  0.0, Sum:  0.0, Workers: 4
[3774.867s][debug][gc,phases      ] GC(200)     Dead                           Min: 0, Avg:  0.0, Max: 0, Diff: 0, Sum: 0, Workers: 4
[3774.867s][debug][gc,phases      ] GC(200)     Total                          Min: 0, Avg:  0.0, Max: 0, Diff: 0, Sum: 0, Workers: 4
[3774.867s][debug][gc,phases      ] GC(200)   StringDedup Requests0 Weak     Min:  0.0, Avg:  0.0, Max:  0.0, Diff:  0.0, Sum:  0.0, Workers: 4
[3774.867s][debug][gc,phases      ] GC(200)     Dead                           Min: 0, Avg:  0.0, Max: 0, Diff: 0, Sum: 0, Workers: 4
[3774.867s][debug][gc,phases      ] GC(200)     Total                          Min: 0, Avg:  0.0, Max: 0, Diff: 0, Sum: 0, Workers: 4
[3774.867s][debug][gc,phases      ] GC(200)   StringDedup Requests1 Weak     Min:  0.0, Avg:  0.0, Max:  0.0, Diff:  0.0, Sum:  0.0, Workers: 4
[3774.867s][debug][gc,phases      ] GC(200)     Dead                           Min: 0, Avg:  0.0, Max: 0, Diff: 0, Sum: 0, Workers: 4
[3774.867s][debug][gc,phases      ] GC(200)     Total                          Min: 0, Avg:  0.0, Max: 0, Diff: 0, Sum: 0, Workers: 4
[3774.867s][debug][gc,phases      ] GC(200)   Weak JFR Old Object Samples    Min:  0.0, Avg:  0.0, Max:  0.0, Diff:  0.0, Sum:  0.0, Workers: 4
[3774.867s][debug][gc,phases      ] GC(200)     Dead                           Min: 0, Avg:  0.0, Max: 0, Diff: 0, Sum: 0, Workers: 4
[3774.867s][debug][gc,phases      ] GC(200)     Total                          Min: 0, Avg:  0.0, Max: 0, Diff: 0, Sum: 0, Workers: 4
[3774.867s][debug][gc,phases      ] GC(200) Weak Processing 0.328ms
[3774.867s][debug][gc,age         ] GC(200) Desired survivor size 40370176 bytes, new threshold 15 (max threshold 15)
[3774.867s][info ][gc,heap        ] GC(200) PSYoungGen: 2035704K(2053632K)->24450K(2057728K) Eden: 2011648K(2011648K)->0K(2017280K) From: 24056K(41984K)->24450K(40448K)
[3774.867s][info ][gc,heap        ] GC(200) ParOldGen: 484616K(608768K)->484616K(608768K)
[3774.867s][info ][gc,metaspace   ] GC(200) Metaspace: 92647K(93824K)->92647K(93824K) NonClass: 79428K(80064K)->79428K(80064K) Class: 13218K(13760K)->13218K(13760K)
[3774.867s][info ][gc             ] GC(200) Pause Young (Allocation Failure) 2461M->497M(2604M) 7.978ms
[3774.867s][info ][gc,cpu         ] GC(200) User=0.03s Sys=0.00s Real=0.01s
[3774.867s][info ][safepoint      ] Safepoint "ParallelGCFailedAllocation", Time since last: 286274329 ns, Reaching safepoint: 4500 ns, Cleanup: 3300 ns, At safepoint: 8071756 ns, Total: 8079556 ns
[3776.867s][info ][safepoint      ] Safepoint "Cleanup", Time since last: 2000144122 ns, Reaching safepoint: 4300 ns, Cleanup: 16200 ns, At safepoint: 1800 ns, Total: 22300 ns
[3786.110s][info ][safepoint      ] Safepoint "Cleanup", Time since last: 9242903365 ns, Reaching safepoint: 76200 ns, Cleanup: 9500 ns, At safepoint: 5700 ns, Total: 91400 ns
[3787.110s][info ][safepoint      ] Safepoint "Cleanup", Time since last: 1000102643 ns, Reaching safepoint: 74999 ns, Cleanup: 16000 ns, At safepoint: 5300 ns, Total: 96299 ns
[3794.111s][info ][safepoint      ] Safepoint "Cleanup", Time since last: 7000526566 ns, Reaching safepoint: 78499 ns, Cleanup: 11400 ns, At safepoint: 30000 ns, Total: 119899 ns
[3796.111s][info ][safepoint      ] Safepoint "Cleanup", Time since last: 2000171773 ns, Reaching safepoint: 71399 ns, Cleanup: 11000 ns, At safepoint: 21500 ns, Total: 103899 ns
[3796.500s][info ][gc,start       ] GC(201) Pause Young (Allocation Failure)
[3796.509s][debug][gc,phases      ] GC(201) Scavenge 8.996ms
[3796.509s][debug][gc,ref         ] GC(201) Skipped phase 1 of Reference Processing: no references
[3796.509s][debug][gc,ref         ] GC(201) ReferenceProcessor::execute queues: 1, RefProcThreadModel::Single, marks_oops_alive: false
[3796.509s][debug][gc,ref         ] GC(201) Skipped phase 3 of Reference Processing: no references
[3796.509s][debug][gc,ref         ] GC(201) ReferenceProcessor::execute queues: 1, RefProcThreadModel::Single, marks_oops_alive: false
[3796.509s][debug][gc,phases      ] GC(201) Reference Processing 0.117ms
[3796.510s][debug][gc,phases      ] GC(201)   VM Weak                        Min:  0.0, Avg:  0.0, Max:  0.0, Diff:  0.0, Sum:  0.0, Workers: 4
[3796.510s][debug][gc,phases      ] GC(201)     Dead                           Min: 0, Avg:  0.0, Max: 0, Diff: 0, Sum: 0, Workers: 4
[3796.510s][debug][gc,phases      ] GC(201)     Total                          Min: 0, Avg: 250.5, Max: 555, Diff: 555, Sum: 1002, Workers: 4
[3796.510s][debug][gc,phases      ] GC(201)   ObjectSynchronizer Weak        Min:  0.0, Avg:  0.0, Max:  0.0, Diff:  0.0, Sum:  0.0, Workers: 4
[3796.510s][debug][gc,phases      ] GC(201)     Dead                           Min: 0, Avg:  0.0, Max: 0, Diff: 0, Sum: 0, Workers: 4
[3796.510s][debug][gc,phases      ] GC(201)     Total                          Min: 0, Avg:  1.5, Max: 6, Diff: 6, Sum: 6, Workers: 4
[3796.510s][debug][gc,phases      ] GC(201)   JVMTI Tag Weak OopStorage      Min:  0.0, Avg:  0.0, Max:  0.0, Diff:  0.0, Sum:  0.0, Workers: 4
[3796.510s][debug][gc,phases      ] GC(201)     Dead                           Min: 0, Avg:  0.0, Max: 0, Diff: 0, Sum: 0, Workers: 4
[3796.510s][debug][gc,phases      ] GC(201)     Total                          Min: 0, Avg:  0.0, Max: 0, Diff: 0, Sum: 0, Workers: 4
[3796.510s][debug][gc,phases      ] GC(201)   StringTable Weak               Min:  0.0, Avg:  0.1, Max:  0.1, Diff:  0.1, Sum:  0.4, Workers: 4
[3796.510s][debug][gc,phases      ] GC(201)     Dead                           Min: 0, Avg:  0.0, Max: 0, Diff: 0, Sum: 0, Workers: 4
[3796.510s][debug][gc,phases      ] GC(201)     Total                          Min: 0, Avg: 11365.0, Max: 19092, Diff: 19092, Sum: 45460, Workers: 4
[3796.510s][debug][gc,phases      ] GC(201)   ResolvedMethodTable Weak       Min:  0.0, Avg:  0.0, Max:  0.0, Diff:  0.0, Sum:  0.1, Workers: 4
[3796.510s][debug][gc,phases      ] GC(201)     Dead                           Min: 0, Avg:  0.0, Max: 0, Diff: 0, Sum: 0, Workers: 4
[3796.510s][debug][gc,phases      ] GC(201)     Total                          Min: 0, Avg: 2942.2, Max: 4863, Diff: 4863, Sum: 11769, Workers: 4
[3796.510s][debug][gc,phases      ] GC(201)   JNI Weak                       Min:  0.0, Avg:  0.0, Max:  0.0, Diff:  0.0, Sum:  0.0, Workers: 4
[3796.510s][debug][gc,phases      ] GC(201)     Dead                           Min: 0, Avg:  0.0, Max: 0, Diff: 0, Sum: 0, Workers: 4
[3796.510s][debug][gc,phases      ] GC(201)     Total                          Min: 0, Avg: 12.0, Max: 48, Diff: 48, Sum: 48, Workers: 4
[3796.510s][debug][gc,phases      ] GC(201)   StringDedup Table Weak         Min:  0.0, Avg:  0.0, Max:  0.0, Diff:  0.0, Sum:  0.0, Workers: 4
[3796.510s][debug][gc,phases      ] GC(201)     Dead                           Min: 0, Avg:  0.0, Max: 0, Diff: 0, Sum: 0, Workers: 4
[3796.510s][debug][gc,phases      ] GC(201)     Total                          Min: 0, Avg:  0.0, Max: 0, Diff: 0, Sum: 0, Workers: 4
[3796.510s][debug][gc,phases      ] GC(201)   StringDedup Requests0 Weak     Min:  0.0, Avg:  0.0, Max:  0.0, Diff:  0.0, Sum:  0.0, Workers: 4
[3796.510s][debug][gc,phases      ] GC(201)     Dead                           Min: 0, Avg:  0.0, Max: 0, Diff: 0, Sum: 0, Workers: 4
[3796.510s][debug][gc,phases      ] GC(201)     Total                          Min: 0, Avg:  0.0, Max: 0, Diff: 0, Sum: 0, Workers: 4
[3796.510s][debug][gc,phases      ] GC(201)   StringDedup Requests1 Weak     Min:  0.0, Avg:  0.0, Max:  0.0, Diff:  0.0, Sum:  0.0, Workers: 4
[3796.510s][debug][gc,phases      ] GC(201)     Dead                           Min: 0, Avg:  0.0, Max: 0, Diff: 0, Sum: 0, Workers: 4
[3796.510s][debug][gc,phases      ] GC(201)     Total                          Min: 0, Avg:  0.0, Max: 0, Diff: 0, Sum: 0, Workers: 4
[3796.510s][debug][gc,phases      ] GC(201)   Weak JFR Old Object Samples    Min:  0.0, Avg:  0.0, Max:  0.0, Diff:  0.0, Sum:  0.0, Workers: 4
[3796.510s][debug][gc,phases      ] GC(201)     Dead                           Min: 0, Avg:  0.0, Max: 0, Diff: 0, Sum: 0, Workers: 4
[3796.510s][debug][gc,phases      ] GC(201)     Total                          Min: 0, Avg:  0.0, Max: 0, Diff: 0, Sum: 0, Workers: 4
[3796.510s][debug][gc,phases      ] GC(201) Weak Processing 0.319ms
[3796.510s][debug][gc,age         ] GC(201) Desired survivor size 40370176 bytes, new threshold 15 (max threshold 15)
[3796.510s][info ][gc,heap        ] GC(201) PSYoungGen: 2041730K(2057728K)->27176K(2056704K) Eden: 2017280K(2017280K)->0K(2017280K) From: 24450K(40448K)->27176K(39424K)
[3796.510s][info ][gc,heap        ] GC(201) ParOldGen: 484616K(608768K)->484616K(608768K)
[3796.510s][info ][gc,metaspace   ] GC(201) Metaspace: 92647K(93824K)->92647K(93824K) NonClass: 79428K(80064K)->79428K(80064K) Class: 13218K(13760K)->13218K(13760K)
[3796.510s][info ][gc             ] GC(201) Pause Young (Allocation Failure) 2467M->499M(2603M) 9.542ms
[3796.510s][info ][gc,cpu         ] GC(201) User=0.03s Sys=0.00s Real=0.01s
[3796.510s][info ][safepoint      ] Safepoint "ParallelGCFailedAllocation", Time since last: 388789118 ns, Reaching safepoint: 75900 ns, Cleanup: 4000 ns, At safepoint: 9616546 ns, Total: 9696446 ns
[3798.510s][info ][safepoint      ] Safepoint "Cleanup", Time since last: 2000155076 ns, Reaching safepoint: 73000 ns, Cleanup: 60699 ns, At safepoint: 5100 ns, Total: 138799 ns
[3800.510s][info ][safepoint      ] Safepoint "Cleanup", Time since last: 2000169176 ns, Reaching safepoint: 73500 ns, Cleanup: 14000 ns, At safepoint: 5400 ns, Total: 92900 ns
[3802.511s][info ][safepoint      ] Safepoint "Cleanup", Time since last: 2000177319 ns, Reaching safepoint: 76100 ns, Cleanup: 14000 ns, At safepoint: 6600 ns, Total: 96700 ns
[3806.511s][info ][safepoint      ] Safepoint "Cleanup", Time since last: 4000321050 ns, Reaching safepoint: 77199 ns, Cleanup: 11100 ns, At safepoint: 5800 ns, Total: 94099 ns
[3807.511s][info ][safepoint      ] Safepoint "Cleanup", Time since last: 1000115437 ns, Reaching safepoint: 80800 ns, Cleanup: 9600 ns, At safepoint: 7500 ns, Total: 97900 ns
[3810.807s][info ][gc,start       ] GC(202) Pause Young (Allocation Failure)
[3810.817s][debug][gc,phases      ] GC(202) Scavenge 9.893ms
[3810.817s][debug][gc,ref         ] GC(202) Skipped phase 1 of Reference Processing: no references
[3810.817s][debug][gc,ref         ] GC(202) ReferenceProcessor::execute queues: 1, RefProcThreadModel::Single, marks_oops_alive: false
[3810.817s][debug][gc,ref         ] GC(202) Skipped phase 3 of Reference Processing: no references
[3810.817s][debug][gc,ref         ] GC(202) ReferenceProcessor::execute queues: 1, RefProcThreadModel::Single, marks_oops_alive: false
[3810.817s][debug][gc,phases      ] GC(202) Reference Processing 0.101ms
[3810.817s][debug][gc,phases      ] GC(202)   VM Weak                        Min:  0.0, Avg:  0.0, Max:  0.0, Diff:  0.0, Sum:  0.0, Workers: 4
[3810.817s][debug][gc,phases      ] GC(202)     Dead                           Min: 0, Avg:  0.0, Max: 0, Diff: 0, Sum: 0, Workers: 4
[3810.817s][debug][gc,phases      ] GC(202)     Total                          Min: 0, Avg: 251.5, Max: 703, Diff: 703, Sum: 1006, Workers: 4
[3810.817s][debug][gc,phases      ] GC(202)   ObjectSynchronizer Weak        Min:  0.0, Avg:  0.0, Max:  0.0, Diff:  0.0, Sum:  0.0, Workers: 4
[3810.817s][debug][gc,phases      ] GC(202)     Dead                           Min: 0, Avg:  0.0, Max: 0, Diff: 0, Sum: 0, Workers: 4
[3810.817s][debug][gc,phases      ] GC(202)     Total                          Min: 0, Avg:  1.5, Max: 6, Diff: 6, Sum: 6, Workers: 4
[3810.817s][debug][gc,phases      ] GC(202)   JVMTI Tag Weak OopStorage      Min:  0.0, Avg:  0.0, Max:  0.0, Diff:  0.0, Sum:  0.0, Workers: 4
[3810.817s][debug][gc,phases      ] GC(202)     Dead                           Min: 0, Avg:  0.0, Max: 0, Diff: 0, Sum: 0, Workers: 4
[3810.817s][debug][gc,phases      ] GC(202)     Total                          Min: 0, Avg:  0.0, Max: 0, Diff: 0, Sum: 0, Workers: 4
[3810.817s][debug][gc,phases      ] GC(202)   StringTable Weak               Min:  0.0, Avg:  0.1, Max:  0.1, Diff:  0.1, Sum:  0.4, Workers: 4
[3810.818s][debug][gc,phases      ] GC(202)     Dead                           Min: 0, Avg:  0.0, Max: 0, Diff: 0, Sum: 0, Workers: 4
[3810.818s][debug][gc,phases      ] GC(202)     Total                          Min: 0, Avg: 11367.0, Max: 18816, Diff: 18816, Sum: 45468, Workers: 4
[3810.818s][debug][gc,phases      ] GC(202)   ResolvedMethodTable Weak       Min:  0.0, Avg:  0.0, Max:  0.0, Diff:  0.0, Sum:  0.1, Workers: 4
[3810.818s][debug][gc,phases      ] GC(202)     Dead                           Min: 0, Avg:  0.0, Max: 0, Diff: 0, Sum: 0, Workers: 4
[3810.818s][debug][gc,phases      ] GC(202)     Total                          Min: 0, Avg: 2945.5, Max: 4992, Diff: 4992, Sum: 11782, Workers: 4
[3810.818s][debug][gc,phases      ] GC(202)   JNI Weak                       Min:  0.0, Avg:  0.0, Max:  0.0, Diff:  0.0, Sum:  0.0, Workers: 4
[3810.818s][debug][gc,phases      ] GC(202)     Dead                           Min: 0, Avg:  0.0, Max: 0, Diff: 0, Sum: 0, Workers: 4
[3810.818s][debug][gc,phases      ] GC(202)     Total                          Min: 0, Avg: 12.0, Max: 48, Diff: 48, Sum: 48, Workers: 4
[3810.818s][debug][gc,phases      ] GC(202)   StringDedup Table Weak         Min:  0.0, Avg:  0.0, Max:  0.0, Diff:  0.0, Sum:  0.0, Workers: 4
[3810.818s][debug][gc,phases      ] GC(202)     Dead                           Min: 0, Avg:  0.0, Max: 0, Diff: 0, Sum: 0, Workers: 4
[3810.818s][debug][gc,phases      ] GC(202)     Total                          Min: 0, Avg:  0.0, Max: 0, Diff: 0, Sum: 0, Workers: 4
[3810.818s][debug][gc,phases      ] GC(202)   StringDedup Requests0 Weak     Min:  0.0, Avg:  0.0, Max:  0.0, Diff:  0.0, Sum:  0.0, Workers: 4
[3810.818s][debug][gc,phases      ] GC(202)     Dead                           Min: 0, Avg:  0.0, Max: 0, Diff: 0, Sum: 0, Workers: 4
[3810.818s][debug][gc,phases      ] GC(202)     Total                          Min: 0, Avg:  0.0, Max: 0, Diff: 0, Sum: 0, Workers: 4
[3810.818s][debug][gc,phases      ] GC(202)   StringDedup Requests1 Weak     Min:  0.0, Avg:  0.0, Max:  0.0, Diff:  0.0, Sum:  0.0, Workers: 4
[3810.818s][debug][gc,phases      ] GC(202)     Dead                           Min: 0, Avg:  0.0, Max: 0, Diff: 0, Sum: 0, Workers: 4
[3810.818s][debug][gc,phases      ] GC(202)     Total                          Min: 0, Avg:  0.0, Max: 0, Diff: 0, Sum: 0, Workers: 4
[3810.818s][debug][gc,phases      ] GC(202)   Weak JFR Old Object Samples    Min:  0.0, Avg:  0.0, Max:  0.0, Diff:  0.0, Sum:  0.0, Workers: 4
[3810.818s][debug][gc,phases      ] GC(202)     Dead                           Min: 0, Avg:  0.0, Max: 0, Diff: 0, Sum: 0, Workers: 4
[3810.818s][debug][gc,phases      ] GC(202)     Total                          Min: 0, Avg:  0.0, Max: 0, Diff: 0, Sum: 0, Workers: 4
[3810.818s][debug][gc,phases      ] GC(202) Weak Processing 0.326ms
[3810.818s][debug][gc,age         ] GC(202) Desired survivor size 40894464 bytes, new threshold 15 (max threshold 15)
[3810.818s][info ][gc,heap        ] GC(202) PSYoungGen: 2044456K(2056704K)->28914K(2056704K) Eden: 2017280K(2017280K)->0K(2017280K) From: 27176K(39424K)->28914K(39424K)
[3810.818s][info ][gc,heap        ] GC(202) ParOldGen: 484616K(608768K)->484616K(608768K)
[3810.818s][info ][gc,metaspace   ] GC(202) Metaspace: 92671K(93824K)->92671K(93824K) NonClass: 79447K(80064K)->79447K(80064K) Class: 13224K(13760K)->13224K(13760K)
[3810.818s][info ][gc             ] GC(202) Pause Young (Allocation Failure) 2469M->501M(2603M) 10.429ms
[3810.818s][info ][gc,cpu         ] GC(202) User=0.04s Sys=0.00s Real=0.01s
[3810.818s][info ][safepoint      ] Safepoint "ParallelGCFailedAllocation", Time since last: 3295821087 ns, Reaching safepoint: 4100 ns, Cleanup: 3200 ns, At safepoint: 10492542 ns, Total: 10499842 ns
[3814.818s][info ][safepoint      ] Safepoint "Cleanup", Time since last: 4000305175 ns, Reaching safepoint: 77799 ns, Cleanup: 9600 ns, At safepoint: 5400 ns, Total: 92799 ns
[3815.818s][info ][safepoint      ] Safepoint "Cleanup", Time since last: 1000114819 ns, Reaching safepoint: 11800 ns, Cleanup: 8300 ns, At safepoint: 4300 ns, Total: 24400 ns
[3819.819s][info ][safepoint      ] Safepoint "Cleanup", Time since last: 4000328708 ns, Reaching safepoint: 71200 ns, Cleanup: 21999 ns, At safepoint: 5400 ns, Total: 98599 ns
[3820.443s][info ][gc,start       ] GC(203) Pause Young (Allocation Failure)
[3820.453s][debug][gc,phases      ] GC(203) Scavenge 10.211ms
[3820.453s][debug][gc,ref         ] GC(203) Skipped phase 1 of Reference Processing: no references
[3820.453s][debug][gc,ref         ] GC(203) ReferenceProcessor::execute queues: 1, RefProcThreadModel::Single, marks_oops_alive: false
[3820.453s][debug][gc,ref         ] GC(203) Skipped phase 3 of Reference Processing: no references
[3820.453s][debug][gc,ref         ] GC(203) ReferenceProcessor::execute queues: 1, RefProcThreadModel::Single, marks_oops_alive: false
[3820.453s][debug][gc,phases      ] GC(203) Reference Processing 0.108ms
[3820.454s][debug][gc,phases      ] GC(203)   VM Weak                        Min:  0.0, Avg:  0.0, Max:  0.0, Diff:  0.0, Sum:  0.0, Workers: 4
[3820.454s][debug][gc,phases      ] GC(203)     Dead                           Min: 0, Avg:  0.0, Max: 0, Diff: 0, Sum: 0, Workers: 4
[3820.454s][debug][gc,phases      ] GC(203)     Total                          Min: 0, Avg: 251.5, Max: 895, Diff: 895, Sum: 1006, Workers: 4
[3820.454s][debug][gc,phases      ] GC(203)   ObjectSynchronizer Weak        Min:  0.0, Avg:  0.0, Max:  0.0, Diff:  0.0, Sum:  0.0, Workers: 4
[3820.454s][debug][gc,phases      ] GC(203)     Dead                           Min: 0, Avg:  0.0, Max: 0, Diff: 0, Sum: 0, Workers: 4
[3820.454s][debug][gc,phases      ] GC(203)     Total                          Min: 0, Avg:  1.5, Max: 6, Diff: 6, Sum: 6, Workers: 4
[3820.454s][debug][gc,phases      ] GC(203)   JVMTI Tag Weak OopStorage      Min:  0.0, Avg:  0.0, Max:  0.0, Diff:  0.0, Sum:  0.0, Workers: 4
[3820.454s][debug][gc,phases      ] GC(203)     Dead                           Min: 0, Avg:  0.0, Max: 0, Diff: 0, Sum: 0, Workers: 4
[3820.454s][debug][gc,phases      ] GC(203)     Total                          Min: 0, Avg:  0.0, Max: 0, Diff: 0, Sum: 0, Workers: 4
[3820.454s][debug][gc,phases      ] GC(203)   StringTable Weak               Min:  0.0, Avg:  0.1, Max:  0.1, Diff:  0.1, Sum:  0.4, Workers: 4
[3820.454s][debug][gc,phases      ] GC(203)     Dead                           Min: 0, Avg:  0.0, Max: 0, Diff: 0, Sum: 0, Workers: 4
[3820.454s][debug][gc,phases      ] GC(203)     Total                          Min: 0, Avg: 11367.0, Max: 19996, Diff: 19996, Sum: 45468, Workers: 4
[3820.454s][debug][gc,phases      ] GC(203)   ResolvedMethodTable Weak       Min:  0.0, Avg:  0.0, Max:  0.0, Diff:  0.0, Sum:  0.1, Workers: 4
[3820.454s][debug][gc,phases      ] GC(203)     Dead                           Min: 0, Avg:  0.0, Max: 0, Diff: 0, Sum: 0, Workers: 4
[3820.454s][debug][gc,phases      ] GC(203)     Total                          Min: 0, Avg: 2945.5, Max: 4864, Diff: 4864, Sum: 11782, Workers: 4
[3820.454s][debug][gc,phases      ] GC(203)   JNI Weak                       Min:  0.0, Avg:  0.0, Max:  0.0, Diff:  0.0, Sum:  0.0, Workers: 4
[3820.454s][debug][gc,phases      ] GC(203)     Dead                           Min: 0, Avg:  0.0, Max: 0, Diff: 0, Sum: 0, Workers: 4
[3820.454s][debug][gc,phases      ] GC(203)     Total                          Min: 0, Avg: 12.0, Max: 48, Diff: 48, Sum: 48, Workers: 4
[3820.454s][debug][gc,phases      ] GC(203)   StringDedup Table Weak         Min:  0.0, Avg:  0.0, Max:  0.0, Diff:  0.0, Sum:  0.0, Workers: 4
[3820.454s][debug][gc,phases      ] GC(203)     Dead                           Min: 0, Avg:  0.0, Max: 0, Diff: 0, Sum: 0, Workers: 4
[3820.454s][debug][gc,phases      ] GC(203)     Total                          Min: 0, Avg:  0.0, Max: 0, Diff: 0, Sum: 0, Workers: 4
[3820.454s][debug][gc,phases      ] GC(203)   StringDedup Requests0 Weak     Min:  0.0, Avg:  0.0, Max:  0.0, Diff:  0.0, Sum:  0.0, Workers: 4
[3820.454s][debug][gc,phases      ] GC(203)     Dead                           Min: 0, Avg:  0.0, Max: 0, Diff: 0, Sum: 0, Workers: 4
[3820.454s][debug][gc,phases      ] GC(203)     Total                          Min: 0, Avg:  0.0, Max: 0, Diff: 0, Sum: 0, Workers: 4
[3820.454s][debug][gc,phases      ] GC(203)   StringDedup Requests1 Weak     Min:  0.0, Avg:  0.0, Max:  0.0, Diff:  0.0, Sum:  0.0, Workers: 4
[3820.454s][debug][gc,phases      ] GC(203)     Dead                           Min: 0, Avg:  0.0, Max: 0, Diff: 0, Sum: 0, Workers: 4
[3820.454s][debug][gc,phases      ] GC(203)     Total                          Min: 0, Avg:  0.0, Max: 0, Diff: 0, Sum: 0, Workers: 4
[3820.454s][debug][gc,phases      ] GC(203)   Weak JFR Old Object Samples    Min:  0.0, Avg:  0.0, Max:  0.0, Diff:  0.0, Sum:  0.0, Workers: 4
[3820.454s][debug][gc,phases      ] GC(203)     Dead                           Min: 0, Avg:  0.0, Max: 0, Diff: 0, Sum: 0, Workers: 4
[3820.454s][debug][gc,phases      ] GC(203)     Total                          Min: 0, Avg:  0.0, Max: 0, Diff: 0, Sum: 0, Workers: 4
[3820.454s][debug][gc,phases      ] GC(203) Weak Processing 0.326ms
[3820.454s][debug][gc,age         ] GC(203) Desired survivor size 41418752 bytes, new threshold 15 (max threshold 15)
[3820.454s][info ][gc,heap        ] GC(203) PSYoungGen: 2046194K(2056704K)->30021K(2047488K) Eden: 2017280K(2017280K)->0K(2017280K) From: 28914K(39424K)->30021K(30208K)
[3820.454s][info ][gc,heap        ] GC(203) ParOldGen: 484616K(608768K)->484876K(608768K)
[3820.454s][info ][gc,metaspace   ] GC(203) Metaspace: 92677K(93888K)->92677K(93888K) NonClass: 79453K(80128K)->79453K(80128K) Class: 13224K(13760K)->13224K(13760K)
[3820.454s][info ][gc             ] GC(203) Pause Young (Allocation Failure) 2471M->502M(2594M) 10.767ms
[3820.454s][info ][gc,cpu         ] GC(203) User=0.04s Sys=0.00s Real=0.01s
[3820.454s][info ][safepoint      ] Safepoint "ParallelGCFailedAllocation", Time since last: 624408413 ns, Reaching safepoint: 4200 ns, Cleanup: 3200 ns, At safepoint: 10836639 ns, Total: 10844039 ns
[3822.454s][info ][safepoint      ] Safepoint "Cleanup", Time since last: 2000144528 ns, Reaching safepoint: 80399 ns, Cleanup: 7100 ns, At safepoint: 16400 ns, Total: 103899 ns
[3823.454s][info ][safepoint      ] Safepoint "Cleanup", Time since last: 1000075514 ns, Reaching safepoint: 72699 ns, Cleanup: 19400 ns, At safepoint: 4300 ns, Total: 96399 ns
[3828.501s][info ][gc,start       ] GC(204) Pause Young (Allocation Failure)
[3828.519s][debug][gc,phases      ] GC(204) Scavenge 17.728ms
[3828.519s][debug][gc,ref         ] GC(204) Skipped phase 1 of Reference Processing: no references
[3828.519s][debug][gc,ref         ] GC(204) ReferenceProcessor::execute queues: 1, RefProcThreadModel::Single, marks_oops_alive: false
[3828.519s][debug][gc,ref         ] GC(204) Skipped phase 3 of Reference Processing: no references
[3828.519s][debug][gc,ref         ] GC(204) ReferenceProcessor::execute queues: 1, RefProcThreadModel::Single, marks_oops_alive: false
[3828.519s][debug][gc,phases      ] GC(204) Reference Processing 0.116ms
[3828.519s][debug][gc,phases      ] GC(204)   VM Weak                        Min:  0.0, Avg:  0.0, Max:  0.0, Diff:  0.0, Sum:  0.0, Workers: 4
[3828.519s][debug][gc,phases      ] GC(204)     Dead                           Min: 0, Avg:  0.0, Max: 0, Diff: 0, Sum: 0, Workers: 4
[3828.519s][debug][gc,phases      ] GC(204)     Total                          Min: 0, Avg: 251.5, Max: 511, Diff: 511, Sum: 1006, Workers: 4
[3828.519s][debug][gc,phases      ] GC(204)   ObjectSynchronizer Weak        Min:  0.0, Avg:  0.0, Max:  0.0, Diff:  0.0, Sum:  0.0, Workers: 4
[3828.519s][debug][gc,phases      ] GC(204)     Dead                           Min: 0, Avg:  0.0, Max: 0, Diff: 0, Sum: 0, Workers: 4
[3828.519s][debug][gc,phases      ] GC(204)     Total                          Min: 0, Avg:  1.5, Max: 6, Diff: 6, Sum: 6, Workers: 4
[3828.519s][debug][gc,phases      ] GC(204)   JVMTI Tag Weak OopStorage      Min:  0.0, Avg:  0.0, Max:  0.0, Diff:  0.0, Sum:  0.0, Workers: 4
[3828.519s][debug][gc,phases      ] GC(204)     Dead                           Min: 0, Avg:  0.0, Max: 0, Diff: 0, Sum: 0, Workers: 4
[3828.519s][debug][gc,phases      ] GC(204)     Total                          Min: 0, Avg:  0.0, Max: 0, Diff: 0, Sum: 0, Workers: 4
[3828.519s][debug][gc,phases      ] GC(204)   StringTable Weak               Min:  0.1, Avg:  0.1, Max:  0.1, Diff:  0.0, Sum:  0.4, Workers: 4
[3828.519s][debug][gc,phases      ] GC(204)     Dead                           Min: 0, Avg:  0.0, Max: 0, Diff: 0, Sum: 0, Workers: 4
[3828.519s][debug][gc,phases      ] GC(204)     Total                          Min: 10140, Avg: 11367.0, Max: 12032, Diff: 1892, Sum: 45468, Workers: 4
[3828.519s][debug][gc,phases      ] GC(204)   ResolvedMethodTable Weak       Min:  0.0, Avg:  0.0, Max:  0.0, Diff:  0.0, Sum:  0.1, Workers: 4
[3828.519s][debug][gc,phases      ] GC(204)     Dead                           Min: 0, Avg:  0.0, Max: 0, Diff: 0, Sum: 0, Workers: 4
[3828.519s][debug][gc,phases      ] GC(204)     Total                          Min: 2880, Avg: 2945.5, Max: 3072, Diff: 192, Sum: 11782, Workers: 4
[3828.519s][debug][gc,phases      ] GC(204)   JNI Weak                       Min:  0.0, Avg:  0.0, Max:  0.0, Diff:  0.0, Sum:  0.0, Workers: 4
[3828.519s][debug][gc,phases      ] GC(204)     Dead                           Min: 0, Avg:  0.0, Max: 0, Diff: 0, Sum: 0, Workers: 4
[3828.519s][debug][gc,phases      ] GC(204)     Total                          Min: 0, Avg: 12.0, Max: 48, Diff: 48, Sum: 48, Workers: 4
[3828.519s][debug][gc,phases      ] GC(204)   StringDedup Table Weak         Min:  0.0, Avg:  0.0, Max:  0.0, Diff:  0.0, Sum:  0.0, Workers: 4
[3828.519s][debug][gc,phases      ] GC(204)     Dead                           Min: 0, Avg:  0.0, Max: 0, Diff: 0, Sum: 0, Workers: 4
[3828.519s][debug][gc,phases      ] GC(204)     Total                          Min: 0, Avg:  0.0, Max: 0, Diff: 0, Sum: 0, Workers: 4
[3828.519s][debug][gc,phases      ] GC(204)   StringDedup Requests0 Weak     Min:  0.0, Avg:  0.0, Max:  0.0, Diff:  0.0, Sum:  0.0, Workers: 4
[3828.519s][debug][gc,phases      ] GC(204)     Dead                           Min: 0, Avg:  0.0, Max: 0, Diff: 0, Sum: 0, Workers: 4
[3828.519s][debug][gc,phases      ] GC(204)     Total                          Min: 0, Avg:  0.0, Max: 0, Diff: 0, Sum: 0, Workers: 4
[3828.519s][debug][gc,phases      ] GC(204)   StringDedup Requests1 Weak     Min:  0.0, Avg:  0.0, Max:  0.0, Diff:  0.0, Sum:  0.0, Workers: 4
[3828.519s][debug][gc,phases      ] GC(204)     Dead                           Min: 0, Avg:  0.0, Max: 0, Diff: 0, Sum: 0, Workers: 4
[3828.519s][debug][gc,phases      ] GC(204)     Total                          Min: 0, Avg:  0.0, Max: 0, Diff: 0, Sum: 0, Workers: 4
[3828.519s][debug][gc,phases      ] GC(204)   Weak JFR Old Object Samples    Min:  0.0, Avg:  0.0, Max:  0.0, Diff:  0.0, Sum:  0.0, Workers: 4
[3828.519s][debug][gc,phases      ] GC(204)     Dead                           Min: 0, Avg:  0.0, Max: 0, Diff: 0, Sum: 0, Workers: 4
[3828.519s][debug][gc,phases      ] GC(204)     Total                          Min: 0, Avg:  0.0, Max: 0, Diff: 0, Sum: 0, Workers: 4
[3828.519s][debug][gc,phases      ] GC(204) Weak Processing 0.302ms
[3828.519s][debug][gc,age         ] GC(204) Desired survivor size 54001664 bytes, new threshold 14 (max threshold 15)
[3828.519s][info ][gc,heap        ] GC(204) PSYoungGen: 2047301K(2047488K)->40440K(2032128K) Eden: 2017280K(2017280K)->0K(1991680K) From: 30021K(30208K)->40440K(40448K)
[3828.519s][info ][gc,heap        ] GC(204) ParOldGen: 484876K(608768K)->506769K(608768K)
[3828.519s][info ][gc,metaspace   ] GC(204) Metaspace: 92686K(93888K)->92686K(93888K) NonClass: 79461K(80128K)->79461K(80128K) Class: 13224K(13760K)->13224K(13760K)
[3828.519s][info ][gc             ] GC(204) Pause Young (Allocation Failure) 2472M->534M(2579M) 18.261ms
[3828.519s][info ][gc,cpu         ] GC(204) User=0.07s Sys=0.00s Real=0.02s
[3828.520s][info ][safepoint      ] Safepoint "ParallelGCFailedAllocation", Time since last: 5046806992 ns, Reaching safepoint: 76799 ns, Cleanup: 3900 ns, At safepoint: 18360497 ns, Total: 18441196 ns
[3836.520s][info ][safepoint      ] Safepoint "Cleanup", Time since last: 8000591422 ns, Reaching safepoint: 76300 ns, Cleanup: 10900 ns, At safepoint: 6800 ns, Total: 94000 ns
[3839.057s][info ][gc,start       ] GC(205) Pause Young (Allocation Failure)
[3839.069s][debug][gc,phases      ] GC(205) Scavenge 11.529ms
[3839.069s][debug][gc,ref         ] GC(205) Skipped phase 1 of Reference Processing: no references
[3839.069s][debug][gc,ref         ] GC(205) ReferenceProcessor::execute queues: 1, RefProcThreadModel::Single, marks_oops_alive: false
[3839.069s][debug][gc,ref         ] GC(205) Skipped phase 3 of Reference Processing: no references
[3839.069s][debug][gc,ref         ] GC(205) ReferenceProcessor::execute queues: 1, RefProcThreadModel::Single, marks_oops_alive: false
[3839.069s][debug][gc,phases      ] GC(205) Reference Processing 0.108ms
[3839.069s][debug][gc,phases      ] GC(205)   VM Weak                        Min:  0.0, Avg:  0.0, Max:  0.0, Diff:  0.0, Sum:  0.0, Workers: 4
[3839.069s][debug][gc,phases      ] GC(205)     Dead                           Min: 0, Avg:  0.0, Max: 0, Diff: 0, Sum: 0, Workers: 4
[3839.069s][debug][gc,phases      ] GC(205)     Total                          Min: 47, Avg: 251.5, Max: 448, Diff: 401, Sum: 1006, Workers: 4
[3839.069s][debug][gc,phases      ] GC(205)   ObjectSynchronizer Weak        Min:  0.0, Avg:  0.0, Max:  0.0, Diff:  0.0, Sum:  0.0, Workers: 4
[3839.069s][debug][gc,phases      ] GC(205)     Dead                           Min: 0, Avg:  0.0, Max: 0, Diff: 0, Sum: 0, Workers: 4
[3839.069s][debug][gc,phases      ] GC(205)     Total                          Min: 0, Avg:  1.5, Max: 6, Diff: 6, Sum: 6, Workers: 4
[3839.069s][debug][gc,phases      ] GC(205)   JVMTI Tag Weak OopStorage      Min:  0.0, Avg:  0.0, Max:  0.0, Diff:  0.0, Sum:  0.0, Workers: 4
[3839.069s][debug][gc,phases      ] GC(205)     Dead                           Min: 0, Avg:  0.0, Max: 0, Diff: 0, Sum: 0, Workers: 4
[3839.069s][debug][gc,phases      ] GC(205)     Total                          Min: 0, Avg:  0.0, Max: 0, Diff: 0, Sum: 0, Workers: 4
[3839.069s][debug][gc,phases      ] GC(205)   StringTable Weak               Min:  0.1, Avg:  0.1, Max:  0.1, Diff:  0.0, Sum:  0.4, Workers: 4
[3839.069s][debug][gc,phases      ] GC(205)     Dead                           Min: 0, Avg:  0.0, Max: 0, Diff: 0, Sum: 0, Workers: 4
[3839.069s][debug][gc,phases      ] GC(205)     Total                          Min: 10048, Avg: 11367.0, Max: 11968, Diff: 1920, Sum: 45468, Workers: 4
[3839.069s][debug][gc,phases      ] GC(205)   ResolvedMethodTable Weak       Min:  0.0, Avg:  0.0, Max:  0.0, Diff:  0.0, Sum:  0.1, Workers: 4
[3839.069s][debug][gc,phases      ] GC(205)     Dead                           Min: 0, Avg:  0.0, Max: 0, Diff: 0, Sum: 0, Workers: 4
[3839.069s][debug][gc,phases      ] GC(205)     Total                          Min: 2752, Avg: 2945.5, Max: 3264, Diff: 512, Sum: 11782, Workers: 4
[3839.069s][debug][gc,phases      ] GC(205)   JNI Weak                       Min:  0.0, Avg:  0.0, Max:  0.0, Diff:  0.0, Sum:  0.0, Workers: 4
[3839.069s][debug][gc,phases      ] GC(205)     Dead                           Min: 0, Avg:  0.0, Max: 0, Diff: 0, Sum: 0, Workers: 4
[3839.069s][debug][gc,phases      ] GC(205)     Total                          Min: 0, Avg: 12.0, Max: 48, Diff: 48, Sum: 48, Workers: 4
[3839.069s][debug][gc,phases      ] GC(205)   StringDedup Table Weak         Min:  0.0, Avg:  0.0, Max:  0.0, Diff:  0.0, Sum:  0.0, Workers: 4
[3839.069s][debug][gc,phases      ] GC(205)     Dead                           Min: 0, Avg:  0.0, Max: 0, Diff: 0, Sum: 0, Workers: 4
[3839.069s][debug][gc,phases      ] GC(205)     Total                          Min: 0, Avg:  0.0, Max: 0, Diff: 0, Sum: 0, Workers: 4
[3839.069s][debug][gc,phases      ] GC(205)   StringDedup Requests0 Weak     Min:  0.0, Avg:  0.0, Max:  0.0, Diff:  0.0, Sum:  0.0, Workers: 4
[3839.069s][debug][gc,phases      ] GC(205)     Dead                           Min: 0, Avg:  0.0, Max: 0, Diff: 0, Sum: 0, Workers: 4
[3839.069s][debug][gc,phases      ] GC(205)     Total                          Min: 0, Avg:  0.0, Max: 0, Diff: 0, Sum: 0, Workers: 4
[3839.069s][debug][gc,phases      ] GC(205)   StringDedup Requests1 Weak     Min:  0.0, Avg:  0.0, Max:  0.0, Diff:  0.0, Sum:  0.0, Workers: 4
[3839.069s][debug][gc,phases      ] GC(205)     Dead                           Min: 0, Avg:  0.0, Max: 0, Diff: 0, Sum: 0, Workers: 4
[3839.069s][debug][gc,phases      ] GC(205)     Total                          Min: 0, Avg:  0.0, Max: 0, Diff: 0, Sum: 0, Workers: 4
[3839.069s][debug][gc,phases      ] GC(205)   Weak JFR Old Object Samples    Min:  0.0, Avg:  0.0, Max:  0.0, Diff:  0.0, Sum:  0.0, Workers: 4
[3839.069s][debug][gc,phases      ] GC(205)     Dead                           Min: 0, Avg:  0.0, Max: 0, Diff: 0, Sum: 0, Workers: 4
[3839.069s][debug][gc,phases      ] GC(205)     Total                          Min: 0, Avg:  0.0, Max: 0, Diff: 0, Sum: 0, Workers: 4
[3839.069s][debug][gc,phases      ] GC(205) Weak Processing 0.317ms
[3839.069s][debug][gc,age         ] GC(205) Desired survivor size 54525952 bytes, new threshold 15 (max threshold 15)
[3839.069s][info ][gc,heap        ] GC(205) PSYoungGen: 2032120K(2032128K)->35856K(2028032K) Eden: 1991680K(1991680K)->0K(1991680K) From: 40440K(40448K)->35856K(36352K)
[3839.069s][info ][gc,heap        ] GC(205) ParOldGen: 506769K(608768K)->512766K(608768K)
[3839.069s][info ][gc,metaspace   ] GC(205) Metaspace: 92687K(93888K)->92687K(93888K) NonClass: 79463K(80128K)->79463K(80128K) Class: 13224K(13760K)->13224K(13760K)
[3839.069s][info ][gc             ] GC(205) Pause Young (Allocation Failure) 2479M->535M(2575M) 12.073ms
[3839.069s][info ][gc,cpu         ] GC(205) User=0.04s Sys=0.00s Real=0.01s
[3839.069s][info ][safepoint      ] Safepoint "ParallelGCFailedAllocation", Time since last: 2536794365 ns, Reaching safepoint: 71800 ns, Cleanup: 3400 ns, At safepoint: 12142932 ns, Total: 12218132 ns
[3848.127s][info ][safepoint      ] Safepoint "Cleanup", Time since last: 9057307913 ns, Reaching safepoint: 76800 ns, Cleanup: 7900 ns, At safepoint: 6700 ns, Total: 91400 ns
[3849.584s][info ][gc,start       ] GC(206) Pause Young (Allocation Failure)
[3849.598s][debug][gc,phases      ] GC(206) Scavenge 14.476ms
[3849.598s][debug][gc,ref         ] GC(206) Skipped phase 1 of Reference Processing: no references
[3849.598s][debug][gc,ref         ] GC(206) ReferenceProcessor::execute queues: 1, RefProcThreadModel::Single, marks_oops_alive: false
[3849.598s][debug][gc,ref         ] GC(206) Skipped phase 3 of Reference Processing: no references
[3849.598s][debug][gc,ref         ] GC(206) ReferenceProcessor::execute queues: 1, RefProcThreadModel::Single, marks_oops_alive: false
[3849.598s][debug][gc,phases      ] GC(206) Reference Processing 0.086ms
[3849.599s][debug][gc,phases      ] GC(206)   VM Weak                        Min:  0.0, Avg:  0.0, Max:  0.0, Diff:  0.0, Sum:  0.0, Workers: 4
[3849.599s][debug][gc,phases      ] GC(206)     Dead                           Min: 0, Avg:  0.0, Max: 0, Diff: 0, Sum: 0, Workers: 4
[3849.599s][debug][gc,phases      ] GC(206)     Total                          Min: 0, Avg: 251.5, Max: 687, Diff: 687, Sum: 1006, Workers: 4
[3849.599s][debug][gc,phases      ] GC(206)   ObjectSynchronizer Weak        Min:  0.0, Avg:  0.0, Max:  0.0, Diff:  0.0, Sum:  0.0, Workers: 4
[3849.599s][debug][gc,phases      ] GC(206)     Dead                           Min: 0, Avg:  0.0, Max: 0, Diff: 0, Sum: 0, Workers: 4
[3849.599s][debug][gc,phases      ] GC(206)     Total                          Min: 0, Avg:  1.5, Max: 6, Diff: 6, Sum: 6, Workers: 4
[3849.599s][debug][gc,phases      ] GC(206)   JVMTI Tag Weak OopStorage      Min:  0.0, Avg:  0.0, Max:  0.0, Diff:  0.0, Sum:  0.0, Workers: 4
[3849.599s][debug][gc,phases      ] GC(206)     Dead                           Min: 0, Avg:  0.0, Max: 0, Diff: 0, Sum: 0, Workers: 4
[3849.599s][debug][gc,phases      ] GC(206)     Total                          Min: 0, Avg:  0.0, Max: 0, Diff: 0, Sum: 0, Workers: 4
[3849.599s][debug][gc,phases      ] GC(206)   StringTable Weak               Min:  0.0, Avg:  0.1, Max:  0.1, Diff:  0.1, Sum:  0.4, Workers: 4
[3849.599s][debug][gc,phases      ] GC(206)     Dead                           Min: 0, Avg:  0.0, Max: 0, Diff: 0, Sum: 0, Workers: 4
[3849.599s][debug][gc,phases      ] GC(206)     Total                          Min: 0, Avg: 11367.0, Max: 19100, Diff: 19100, Sum: 45468, Workers: 4
[3849.599s][debug][gc,phases      ] GC(206)   ResolvedMethodTable Weak       Min:  0.0, Avg:  0.0, Max:  0.0, Diff:  0.0, Sum:  0.1, Workers: 4
[3849.599s][debug][gc,phases      ] GC(206)     Dead                           Min: 0, Avg:  0.0, Max: 0, Diff: 0, Sum: 0, Workers: 4
[3849.599s][debug][gc,phases      ] GC(206)     Total                          Min: 0, Avg: 2945.5, Max: 5062, Diff: 5062, Sum: 11782, Workers: 4
[3849.599s][debug][gc,phases      ] GC(206)   JNI Weak                       Min:  0.0, Avg:  0.0, Max:  0.0, Diff:  0.0, Sum:  0.0, Workers: 4
[3849.599s][debug][gc,phases      ] GC(206)     Dead                           Min: 0, Avg:  0.0, Max: 0, Diff: 0, Sum: 0, Workers: 4
[3849.599s][debug][gc,phases      ] GC(206)     Total                          Min: 0, Avg: 12.0, Max: 48, Diff: 48, Sum: 48, Workers: 4
[3849.599s][debug][gc,phases      ] GC(206)   StringDedup Table Weak         Min:  0.0, Avg:  0.0, Max:  0.0, Diff:  0.0, Sum:  0.0, Workers: 4
[3849.599s][debug][gc,phases      ] GC(206)     Dead                           Min: 0, Avg:  0.0, Max: 0, Diff: 0, Sum: 0, Workers: 4
[3849.599s][debug][gc,phases      ] GC(206)     Total                          Min: 0, Avg:  0.0, Max: 0, Diff: 0, Sum: 0, Workers: 4
[3849.599s][debug][gc,phases      ] GC(206)   StringDedup Requests0 Weak     Min:  0.0, Avg:  0.0, Max:  0.0, Diff:  0.0, Sum:  0.0, Workers: 4
[3849.599s][debug][gc,phases      ] GC(206)     Dead                           Min: 0, Avg:  0.0, Max: 0, Diff: 0, Sum: 0, Workers: 4
[3849.599s][debug][gc,phases      ] GC(206)     Total                          Min: 0, Avg:  0.0, Max: 0, Diff: 0, Sum: 0, Workers: 4
[3849.599s][debug][gc,phases      ] GC(206)   StringDedup Requests1 Weak     Min:  0.0, Avg:  0.0, Max:  0.0, Diff:  0.0, Sum:  0.0, Workers: 4
[3849.599s][debug][gc,phases      ] GC(206)     Dead                           Min: 0, Avg:  0.0, Max: 0, Diff: 0, Sum: 0, Workers: 4
[3849.599s][debug][gc,phases      ] GC(206)     Total                          Min: 0, Avg:  0.0, Max: 0, Diff: 0, Sum: 0, Workers: 4
[3849.599s][debug][gc,phases      ] GC(206)   Weak JFR Old Object Samples    Min:  0.0, Avg:  0.0, Max:  0.0, Diff:  0.0, Sum:  0.0, Workers: 4
[3849.599s][debug][gc,phases      ] GC(206)     Dead                           Min: 0, Avg:  0.0, Max: 0, Diff: 0, Sum: 0, Workers: 4
[3849.599s][debug][gc,phases      ] GC(206)     Total                          Min: 0, Avg:  0.0, Max: 0, Diff: 0, Sum: 0, Workers: 4
[3849.599s][debug][gc,phases      ] GC(206) Weak Processing 0.337ms
[3849.599s][debug][gc,age         ] GC(206) Desired survivor size 55050240 bytes, new threshold 15 (max threshold 15)
[3849.599s][info ][gc,heap        ] GC(206) PSYoungGen: 2027536K(2028032K)->36832K(2042880K) Eden: 1991680K(1991680K)->0K(1989632K) From: 35856K(36352K)->36832K(53248K)
[3849.599s][info ][gc,heap        ] GC(206) ParOldGen: 512766K(608768K)->512766K(608768K)
[3849.599s][info ][gc,metaspace   ] GC(206) Metaspace: 92687K(93888K)->92687K(93888K) NonClass: 79463K(80128K)->79463K(80128K) Class: 13224K(13760K)->13224K(13760K)
[3849.599s][info ][gc             ] GC(206) Pause Young (Allocation Failure) 2480M->536M(2589M) 15.028ms
[3849.599s][info ][gc,cpu         ] GC(206) User=0.04s Sys=0.00s Real=0.01s
[3849.599s][info ][safepoint      ] Safepoint "ParallelGCFailedAllocation", Time since last: 1457138693 ns, Reaching safepoint: 6000 ns, Cleanup: 4700 ns, At safepoint: 15110517 ns, Total: 15121217 ns
[3857.600s][info ][safepoint      ] Safepoint "Cleanup", Time since last: 8000524005 ns, Reaching safepoint: 74499 ns, Cleanup: 9000 ns, At safepoint: 5400 ns, Total: 88899 ns
[3858.600s][info ][safepoint      ] Safepoint "Cleanup", Time since last: 1000150121 ns, Reaching safepoint: 64199 ns, Cleanup: 10700 ns, At safepoint: 8100 ns, Total: 82999 ns
[3859.600s][info ][safepoint      ] Safepoint "Cleanup", Time since last: 1000115250 ns, Reaching safepoint: 74200 ns, Cleanup: 8000 ns, At safepoint: 14200 ns, Total: 96400 ns
[3860.301s][info ][gc,start       ] GC(207) Pause Young (Allocation Failure)
[3860.318s][debug][gc,phases      ] GC(207) Scavenge 16.374ms
[3860.318s][debug][gc,ref         ] GC(207) Skipped phase 1 of Reference Processing: no references
[3860.318s][debug][gc,ref         ] GC(207) ReferenceProcessor::execute queues: 1, RefProcThreadModel::Single, marks_oops_alive: false
[3860.318s][debug][gc,ref         ] GC(207) Skipped phase 3 of Reference Processing: no references
[3860.318s][debug][gc,ref         ] GC(207) ReferenceProcessor::execute queues: 1, RefProcThreadModel::Single, marks_oops_alive: false
[3860.318s][debug][gc,phases      ] GC(207) Reference Processing 0.133ms
[3860.318s][debug][gc,phases      ] GC(207)   VM Weak                        Min:  0.0, Avg:  0.0, Max:  0.0, Diff:  0.0, Sum:  0.0, Workers: 4
[3860.318s][debug][gc,phases      ] GC(207)     Dead                           Min: 0, Avg:  0.0, Max: 0, Diff: 0, Sum: 0, Workers: 4
[3860.318s][debug][gc,phases      ] GC(207)     Total                          Min: 0, Avg: 251.5, Max: 623, Diff: 623, Sum: 1006, Workers: 4
[3860.318s][debug][gc,phases      ] GC(207)   ObjectSynchronizer Weak        Min:  0.0, Avg:  0.0, Max:  0.0, Diff:  0.0, Sum:  0.0, Workers: 4
[3860.318s][debug][gc,phases      ] GC(207)     Dead                           Min: 0, Avg:  0.2, Max: 1, Diff: 1, Sum: 1, Workers: 4
[3860.318s][debug][gc,phases      ] GC(207)     Total                          Min: 0, Avg:  1.8, Max: 7, Diff: 7, Sum: 7, Workers: 4
[3860.318s][debug][gc,phases      ] GC(207)   JVMTI Tag Weak OopStorage      Min:  0.0, Avg:  0.0, Max:  0.0, Diff:  0.0, Sum:  0.0, Workers: 4
[3860.318s][debug][gc,phases      ] GC(207)     Dead                           Min: 0, Avg:  0.0, Max: 0, Diff: 0, Sum: 0, Workers: 4
[3860.318s][debug][gc,phases      ] GC(207)     Total                          Min: 0, Avg:  0.0, Max: 0, Diff: 0, Sum: 0, Workers: 4
[3860.318s][debug][gc,phases      ] GC(207)   StringTable Weak               Min:  0.0, Avg:  0.1, Max:  0.2, Diff:  0.2, Sum:  0.4, Workers: 4
[3860.318s][debug][gc,phases      ] GC(207)     Dead                           Min: 0, Avg:  0.0, Max: 0, Diff: 0, Sum: 0, Workers: 4
[3860.318s][debug][gc,phases      ] GC(207)     Total                          Min: 0, Avg: 11367.0, Max: 23232, Diff: 23232, Sum: 45468, Workers: 4
[3860.318s][debug][gc,phases      ] GC(207)   ResolvedMethodTable Weak       Min:  0.0, Avg:  0.0, Max:  0.1, Diff:  0.1, Sum:  0.1, Workers: 4
[3860.318s][debug][gc,phases      ] GC(207)     Dead                           Min: 0, Avg:  0.0, Max: 0, Diff: 0, Sum: 0, Workers: 4
[3860.318s][debug][gc,phases      ] GC(207)     Total                          Min: 0, Avg: 2945.5, Max: 5952, Diff: 5952, Sum: 11782, Workers: 4
[3860.318s][debug][gc,phases      ] GC(207)   JNI Weak                       Min:  0.0, Avg:  0.0, Max:  0.0, Diff:  0.0, Sum:  0.0, Workers: 4
[3860.319s][debug][gc,phases      ] GC(207)     Dead                           Min: 0, Avg:  0.0, Max: 0, Diff: 0, Sum: 0, Workers: 4
[3860.319s][debug][gc,phases      ] GC(207)     Total                          Min: 0, Avg: 12.0, Max: 48, Diff: 48, Sum: 48, Workers: 4
[3860.319s][debug][gc,phases      ] GC(207)   StringDedup Table Weak         Min:  0.0, Avg:  0.0, Max:  0.0, Diff:  0.0, Sum:  0.0, Workers: 4
[3860.319s][debug][gc,phases      ] GC(207)     Dead                           Min: 0, Avg:  0.0, Max: 0, Diff: 0, Sum: 0, Workers: 4
[3860.319s][debug][gc,phases      ] GC(207)     Total                          Min: 0, Avg:  0.0, Max: 0, Diff: 0, Sum: 0, Workers: 4
[3860.319s][debug][gc,phases      ] GC(207)   StringDedup Requests0 Weak     Min:  0.0, Avg:  0.0, Max:  0.0, Diff:  0.0, Sum:  0.0, Workers: 4
[3860.319s][debug][gc,phases      ] GC(207)     Dead                           Min: 0, Avg:  0.0, Max: 0, Diff: 0, Sum: 0, Workers: 4
[3860.319s][debug][gc,phases      ] GC(207)     Total                          Min: 0, Avg:  0.0, Max: 0, Diff: 0, Sum: 0, Workers: 4
[3860.319s][debug][gc,phases      ] GC(207)   StringDedup Requests1 Weak     Min:  0.0, Avg:  0.0, Max:  0.0, Diff:  0.0, Sum:  0.0, Workers: 4
[3860.319s][debug][gc,phases      ] GC(207)     Dead                           Min: 0, Avg:  0.0, Max: 0, Diff: 0, Sum: 0, Workers: 4
[3860.319s][debug][gc,phases      ] GC(207)     Total                          Min: 0, Avg:  0.0, Max: 0, Diff: 0, Sum: 0, Workers: 4
[3860.319s][debug][gc,phases      ] GC(207)   Weak JFR Old Object Samples    Min:  0.0, Avg:  0.0, Max:  0.0, Diff:  0.0, Sum:  0.0, Workers: 4
[3860.319s][debug][gc,phases      ] GC(207)     Dead                           Min: 0, Avg:  0.0, Max: 0, Diff: 0, Sum: 0, Workers: 4
[3860.319s][debug][gc,phases      ] GC(207)     Total                          Min: 0, Avg:  0.0, Max: 0, Diff: 0, Sum: 0, Workers: 4
[3860.319s][debug][gc,phases      ] GC(207) Weak Processing 0.522ms
[3860.319s][debug][gc,age         ] GC(207) Desired survivor size 55574528 bytes, new threshold 15 (max threshold 15)
[3860.319s][info ][gc,heap        ] GC(207) PSYoungGen: 2026464K(2042880K)->37824K(2027520K) Eden: 1989632K(1989632K)->0K(1989632K) From: 36832K(53248K)->37824K(37888K)
[3860.319s][info ][gc,heap        ] GC(207) ParOldGen: 512766K(608768K)->512814K(608768K)
[3860.319s][info ][gc,metaspace   ] GC(207) Metaspace: 92687K(93888K)->92687K(93888K) NonClass: 79463K(80128K)->79463K(80128K) Class: 13224K(13760K)->13224K(13760K)
[3860.319s][info ][gc             ] GC(207) Pause Young (Allocation Failure) 2479M->537M(2574M) 17.166ms
[3860.319s][info ][gc,cpu         ] GC(207) User=0.05s Sys=0.00s Real=0.02s
[3860.319s][info ][safepoint      ] Safepoint "ParallelGCFailedAllocation", Time since last: 701433177 ns, Reaching safepoint: 76900 ns, Cleanup: 8600 ns, At safepoint: 17255506 ns, Total: 17341006 ns
[3863.319s][info ][safepoint      ] Safepoint "Cleanup", Time since last: 3000223650 ns, Reaching safepoint: 87200 ns, Cleanup: 9000 ns, At safepoint: 5200 ns, Total: 101400 ns
[3864.319s][info ][safepoint      ] Safepoint "Cleanup", Time since last: 1000128050 ns, Reaching safepoint: 77199 ns, Cleanup: 10700 ns, At safepoint: 6400 ns, Total: 94299 ns
[3871.350s][info ][gc,start       ] GC(208) Pause Young (Allocation Failure)
[3871.362s][debug][gc,phases      ] GC(208) Scavenge 11.566ms
[3871.362s][debug][gc,ref         ] GC(208) Skipped phase 1 of Reference Processing: no references
[3871.362s][debug][gc,ref         ] GC(208) ReferenceProcessor::execute queues: 1, RefProcThreadModel::Single, marks_oops_alive: false
[3871.362s][debug][gc,ref         ] GC(208) Skipped phase 3 of Reference Processing: no references
[3871.362s][debug][gc,ref         ] GC(208) ReferenceProcessor::execute queues: 1, RefProcThreadModel::Single, marks_oops_alive: false
[3871.362s][debug][gc,phases      ] GC(208) Reference Processing 0.110ms
[3871.362s][debug][gc,phases      ] GC(208)   VM Weak                        Min:  0.0, Avg:  0.0, Max:  0.0, Diff:  0.0, Sum:  0.0, Workers: 4
[3871.362s][debug][gc,phases      ] GC(208)     Dead                           Min: 0, Avg:  0.0, Max: 0, Diff: 0, Sum: 0, Workers: 4
[3871.362s][debug][gc,phases      ] GC(208)     Total                          Min: 0, Avg: 251.5, Max: 703, Diff: 703, Sum: 1006, Workers: 4
[3871.362s][debug][gc,phases      ] GC(208)   ObjectSynchronizer Weak        Min:  0.0, Avg:  0.0, Max:  0.0, Diff:  0.0, Sum:  0.0, Workers: 4
[3871.362s][debug][gc,phases      ] GC(208)     Dead                           Min: 0, Avg:  0.0, Max: 0, Diff: 0, Sum: 0, Workers: 4
[3871.362s][debug][gc,phases      ] GC(208)     Total                          Min: 0, Avg:  1.8, Max: 7, Diff: 7, Sum: 7, Workers: 4
[3871.362s][debug][gc,phases      ] GC(208)   JVMTI Tag Weak OopStorage      Min:  0.0, Avg:  0.0, Max:  0.0, Diff:  0.0, Sum:  0.0, Workers: 4
[3871.362s][debug][gc,phases      ] GC(208)     Dead                           Min: 0, Avg:  0.0, Max: 0, Diff: 0, Sum: 0, Workers: 4
[3871.362s][debug][gc,phases      ] GC(208)     Total                          Min: 0, Avg:  0.0, Max: 0, Diff: 0, Sum: 0, Workers: 4
[3871.362s][debug][gc,phases      ] GC(208)   StringTable Weak               Min:  0.0, Avg:  0.1, Max:  0.1, Diff:  0.1, Sum:  0.4, Workers: 4
[3871.362s][debug][gc,phases      ] GC(208)     Dead                           Min: 0, Avg:  0.0, Max: 0, Diff: 0, Sum: 0, Workers: 4
[3871.362s][debug][gc,phases      ] GC(208)     Total                          Min: 0, Avg: 11367.0, Max: 20124, Diff: 20124, Sum: 45468, Workers: 4
[3871.362s][debug][gc,phases      ] GC(208)   ResolvedMethodTable Weak       Min:  0.0, Avg:  0.0, Max:  0.0, Diff:  0.0, Sum:  0.1, Workers: 4
[3871.362s][debug][gc,phases      ] GC(208)     Dead                           Min: 0, Avg:  0.0, Max: 0, Diff: 0, Sum: 0, Workers: 4
[3871.362s][debug][gc,phases      ] GC(208)     Total                          Min: 0, Avg: 2945.5, Max: 5056, Diff: 5056, Sum: 11782, Workers: 4
[3871.362s][debug][gc,phases      ] GC(208)   JNI Weak                       Min:  0.0, Avg:  0.0, Max:  0.0, Diff:  0.0, Sum:  0.0, Workers: 4
[3871.362s][debug][gc,phases      ] GC(208)     Dead                           Min: 0, Avg:  0.0, Max: 0, Diff: 0, Sum: 0, Workers: 4
[3871.362s][debug][gc,phases      ] GC(208)     Total                          Min: 0, Avg: 12.0, Max: 48, Diff: 48, Sum: 48, Workers: 4
[3871.362s][debug][gc,phases      ] GC(208)   StringDedup Table Weak         Min:  0.0, Avg:  0.0, Max:  0.0, Diff:  0.0, Sum:  0.0, Workers: 4
[3871.362s][debug][gc,phases      ] GC(208)     Dead                           Min: 0, Avg:  0.0, Max: 0, Diff: 0, Sum: 0, Workers: 4
[3871.362s][debug][gc,phases      ] GC(208)     Total                          Min: 0, Avg:  0.0, Max: 0, Diff: 0, Sum: 0, Workers: 4
[3871.362s][debug][gc,phases      ] GC(208)   StringDedup Requests0 Weak     Min:  0.0, Avg:  0.0, Max:  0.0, Diff:  0.0, Sum:  0.0, Workers: 4
[3871.362s][debug][gc,phases      ] GC(208)     Dead                           Min: 0, Avg:  0.0, Max: 0, Diff: 0, Sum: 0, Workers: 4
[3871.362s][debug][gc,phases      ] GC(208)     Total                          Min: 0, Avg:  0.0, Max: 0, Diff: 0, Sum: 0, Workers: 4
[3871.362s][debug][gc,phases      ] GC(208)   StringDedup Requests1 Weak     Min:  0.0, Avg:  0.0, Max:  0.0, Diff:  0.0, Sum:  0.0, Workers: 4
[3871.362s][debug][gc,phases      ] GC(208)     Dead                           Min: 0, Avg:  0.0, Max: 0, Diff: 0, Sum: 0, Workers: 4
[3871.362s][debug][gc,phases      ] GC(208)     Total                          Min: 0, Avg:  0.0, Max: 0, Diff: 0, Sum: 0, Workers: 4
[3871.362s][debug][gc,phases      ] GC(208)   Weak JFR Old Object Samples    Min:  0.0, Avg:  0.0, Max:  0.0, Diff:  0.0, Sum:  0.0, Workers: 4
[3871.362s][debug][gc,phases      ] GC(208)     Dead                           Min: 0, Avg:  0.0, Max: 0, Diff: 0, Sum: 0, Workers: 4
[3871.362s][debug][gc,phases      ] GC(208)     Total                          Min: 0, Avg:  0.0, Max: 0, Diff: 0, Sum: 0, Workers: 4
[3871.362s][debug][gc,phases      ] GC(208) Weak Processing 0.335ms
[3871.362s][debug][gc,age         ] GC(208) Desired survivor size 55574528 bytes, new threshold 15 (max threshold 15)
[3871.362s][info ][gc,heap        ] GC(208) PSYoungGen: 2027456K(2027520K)->37824K(2042880K) Eden: 1989632K(1989632K)->0K(1988608K) From: 37824K(37888K)->37824K(54272K)
[3871.362s][info ][gc,heap        ] GC(208) ParOldGen: 512814K(608768K)->512934K(608768K)
[3871.362s][info ][gc,metaspace   ] GC(208) Metaspace: 92687K(93888K)->92687K(93888K) NonClass: 79463K(80128K)->79463K(80128K) Class: 13224K(13760K)->13224K(13760K)
[3871.362s][info ][gc             ] GC(208) Pause Young (Allocation Failure) 2480M->537M(2589M) 12.125ms
[3871.362s][info ][gc,cpu         ] GC(208) User=0.04s Sys=0.00s Real=0.01s
[3871.363s][info ][safepoint      ] Safepoint "ParallelGCFailedAllocation", Time since last: 7030962018 ns, Reaching safepoint: 76599 ns, Cleanup: 4400 ns, At safepoint: 12201035 ns, Total: 12282034 ns
[3872.363s][info ][safepoint      ] Safepoint "Cleanup", Time since last: 1000099935 ns, Reaching safepoint: 76900 ns, Cleanup: 9100 ns, At safepoint: 5500 ns, Total: 91500 ns
[3875.363s][info ][safepoint      ] Safepoint "Cleanup", Time since last: 3000280652 ns, Reaching safepoint: 76500 ns, Cleanup: 10000 ns, At safepoint: 5400 ns, Total: 91900 ns
[3882.300s][info ][gc,start       ] GC(209) Pause Young (Allocation Failure)
[3882.312s][debug][gc,phases      ] GC(209) Scavenge 11.336ms
[3882.312s][debug][gc,ref         ] GC(209) Skipped phase 1 of Reference Processing: no references
[3882.312s][debug][gc,ref         ] GC(209) ReferenceProcessor::execute queues: 1, RefProcThreadModel::Single, marks_oops_alive: false
[3882.312s][debug][gc,ref         ] GC(209) Skipped phase 3 of Reference Processing: no references
[3882.312s][debug][gc,ref         ] GC(209) ReferenceProcessor::execute queues: 1, RefProcThreadModel::Single, marks_oops_alive: false
[3882.312s][debug][gc,phases      ] GC(209) Reference Processing 0.095ms
[3882.312s][debug][gc,phases      ] GC(209)   VM Weak                        Min:  0.0, Avg:  0.0, Max:  0.0, Diff:  0.0, Sum:  0.0, Workers: 4
[3882.312s][debug][gc,phases      ] GC(209)     Dead                           Min: 0, Avg:  0.0, Max: 0, Diff: 0, Sum: 0, Workers: 4
[3882.312s][debug][gc,phases      ] GC(209)     Total                          Min: 0, Avg: 251.5, Max: 558, Diff: 558, Sum: 1006, Workers: 4
[3882.312s][debug][gc,phases      ] GC(209)   ObjectSynchronizer Weak        Min:  0.0, Avg:  0.0, Max:  0.0, Diff:  0.0, Sum:  0.0, Workers: 4
[3882.312s][debug][gc,phases      ] GC(209)     Dead                           Min: 0, Avg:  0.0, Max: 0, Diff: 0, Sum: 0, Workers: 4
[3882.312s][debug][gc,phases      ] GC(209)     Total                          Min: 0, Avg:  1.8, Max: 7, Diff: 7, Sum: 7, Workers: 4
[3882.312s][debug][gc,phases      ] GC(209)   JVMTI Tag Weak OopStorage      Min:  0.0, Avg:  0.0, Max:  0.0, Diff:  0.0, Sum:  0.0, Workers: 4
[3882.312s][debug][gc,phases      ] GC(209)     Dead                           Min: 0, Avg:  0.0, Max: 0, Diff: 0, Sum: 0, Workers: 4
[3882.312s][debug][gc,phases      ] GC(209)     Total                          Min: 0, Avg:  0.0, Max: 0, Diff: 0, Sum: 0, Workers: 4
[3882.312s][debug][gc,phases      ] GC(209)   StringTable Weak               Min:  0.0, Avg:  0.1, Max:  0.1, Diff:  0.1, Sum:  0.4, Workers: 4
[3882.312s][debug][gc,phases      ] GC(209)     Dead                           Min: 0, Avg:  0.0, Max: 0, Diff: 0, Sum: 0, Workers: 4
[3882.312s][debug][gc,phases      ] GC(209)     Total                          Min: 0, Avg: 11367.0, Max: 19904, Diff: 19904, Sum: 45468, Workers: 4
[3882.312s][debug][gc,phases      ] GC(209)   ResolvedMethodTable Weak       Min:  0.0, Avg:  0.0, Max:  0.0, Diff:  0.0, Sum:  0.1, Workers: 4
[3882.312s][debug][gc,phases      ] GC(209)     Dead                           Min: 0, Avg:  0.0, Max: 0, Diff: 0, Sum: 0, Workers: 4
[3882.312s][debug][gc,phases      ] GC(209)     Total                          Min: 0, Avg: 2945.5, Max: 5254, Diff: 5254, Sum: 11782, Workers: 4
[3882.312s][debug][gc,phases      ] GC(209)   JNI Weak                       Min:  0.0, Avg:  0.0, Max:  0.0, Diff:  0.0, Sum:  0.0, Workers: 4
[3882.312s][debug][gc,phases      ] GC(209)     Dead                           Min: 0, Avg:  0.0, Max: 0, Diff: 0, Sum: 0, Workers: 4
[3882.312s][debug][gc,phases      ] GC(209)     Total                          Min: 0, Avg: 12.0, Max: 48, Diff: 48, Sum: 48, Workers: 4
[3882.312s][debug][gc,phases      ] GC(209)   StringDedup Table Weak         Min:  0.0, Avg:  0.0, Max:  0.0, Diff:  0.0, Sum:  0.0, Workers: 4
[3882.312s][debug][gc,phases      ] GC(209)     Dead                           Min: 0, Avg:  0.0, Max: 0, Diff: 0, Sum: 0, Workers: 4
[3882.312s][debug][gc,phases      ] GC(209)     Total                          Min: 0, Avg:  0.0, Max: 0, Diff: 0, Sum: 0, Workers: 4
[3882.312s][debug][gc,phases      ] GC(209)   StringDedup Requests0 Weak     Min:  0.0, Avg:  0.0, Max:  0.0, Diff:  0.0, Sum:  0.0, Workers: 4
[3882.312s][debug][gc,phases      ] GC(209)     Dead                           Min: 0, Avg:  0.0, Max: 0, Diff: 0, Sum: 0, Workers: 4
[3882.312s][debug][gc,phases      ] GC(209)     Total                          Min: 0, Avg:  0.0, Max: 0, Diff: 0, Sum: 0, Workers: 4
[3882.312s][debug][gc,phases      ] GC(209)   StringDedup Requests1 Weak     Min:  0.0, Avg:  0.0, Max:  0.0, Diff:  0.0, Sum:  0.0, Workers: 4
[3882.312s][debug][gc,phases      ] GC(209)     Dead                           Min: 0, Avg:  0.0, Max: 0, Diff: 0, Sum: 0, Workers: 4
[3882.312s][debug][gc,phases      ] GC(209)     Total                          Min: 0, Avg:  0.0, Max: 0, Diff: 0, Sum: 0, Workers: 4
[3882.312s][debug][gc,phases      ] GC(209)   Weak JFR Old Object Samples    Min:  0.0, Avg:  0.0, Max:  0.0, Diff:  0.0, Sum:  0.0, Workers: 4
[3882.312s][debug][gc,phases      ] GC(209)     Dead                           Min: 0, Avg:  0.0, Max: 0, Diff: 0, Sum: 0, Workers: 4
[3882.312s][debug][gc,phases      ] GC(209)     Total                          Min: 0, Avg:  0.0, Max: 0, Diff: 0, Sum: 0, Workers: 4
[3882.312s][debug][gc,phases      ] GC(209) Weak Processing 0.327ms
[3882.312s][debug][gc,age         ] GC(209) Desired survivor size 56098816 bytes, new threshold 15 (max threshold 15)
[3882.312s][info ][gc,heap        ] GC(209) PSYoungGen: 2026432K(2042880K)->38320K(2027008K) Eden: 1988608K(1988608K)->0K(1988608K) From: 37824K(54272K)->38320K(38400K)
[3882.312s][info ][gc,heap        ] GC(209) ParOldGen: 512934K(608768K)->513094K(608768K)
[3882.312s][info ][gc,metaspace   ] GC(209) Metaspace: 92688K(93888K)->92688K(93888K) NonClass: 79464K(80128K)->79464K(80128K) Class: 13224K(13760K)->13224K(13760K)
[3882.312s][info ][gc             ] GC(209) Pause Young (Allocation Failure) 2479M->538M(2574M) 11.870ms
[3882.312s][info ][gc,cpu         ] GC(209) User=0.05s Sys=0.00s Real=0.01s
[3882.312s][info ][safepoint      ] Safepoint "ParallelGCFailedAllocation", Time since last: 6937086176 ns, Reaching safepoint: 79299 ns, Cleanup: 3700 ns, At safepoint: 11947337 ns, Total: 12030336 ns
[3883.312s][info ][safepoint      ] Safepoint "Cleanup", Time since last: 1000085320 ns, Reaching safepoint: 74300 ns, Cleanup: 8200 ns, At safepoint: 6000 ns, Total: 88500 ns
[3893.278s][info ][gc,start       ] GC(210) Pause Young (Allocation Failure)
[3893.293s][debug][gc,phases      ] GC(210) Scavenge 14.427ms
[3893.293s][debug][gc,ref         ] GC(210) Skipped phase 1 of Reference Processing: no references
[3893.293s][debug][gc,ref         ] GC(210) ReferenceProcessor::execute queues: 1, RefProcThreadModel::Single, marks_oops_alive: false
[3893.293s][debug][gc,ref         ] GC(210) Skipped phase 3 of Reference Processing: no references
[3893.293s][debug][gc,ref         ] GC(210) ReferenceProcessor::execute queues: 1, RefProcThreadModel::Single, marks_oops_alive: false
[3893.293s][debug][gc,phases      ] GC(210) Reference Processing 0.096ms
[3893.293s][debug][gc,phases      ] GC(210)   VM Weak                        Min:  0.0, Avg:  0.0, Max:  0.0, Diff:  0.0, Sum:  0.0, Workers: 4
[3893.293s][debug][gc,phases      ] GC(210)     Dead                           Min: 0, Avg:  0.0, Max: 0, Diff: 0, Sum: 0, Workers: 4
[3893.293s][debug][gc,phases      ] GC(210)     Total                          Min: 0, Avg: 251.5, Max: 559, Diff: 559, Sum: 1006, Workers: 4
[3893.293s][debug][gc,phases      ] GC(210)   ObjectSynchronizer Weak        Min:  0.0, Avg:  0.0, Max:  0.0, Diff:  0.0, Sum:  0.0, Workers: 4
[3893.293s][debug][gc,phases      ] GC(210)     Dead                           Min: 0, Avg:  0.0, Max: 0, Diff: 0, Sum: 0, Workers: 4
[3893.293s][debug][gc,phases      ] GC(210)     Total                          Min: 0, Avg:  1.8, Max: 7, Diff: 7, Sum: 7, Workers: 4
[3893.293s][debug][gc,phases      ] GC(210)   JVMTI Tag Weak OopStorage      Min:  0.0, Avg:  0.0, Max:  0.0, Diff:  0.0, Sum:  0.0, Workers: 4
[3893.293s][debug][gc,phases      ] GC(210)     Dead                           Min: 0, Avg:  0.0, Max: 0, Diff: 0, Sum: 0, Workers: 4
[3893.293s][debug][gc,phases      ] GC(210)     Total                          Min: 0, Avg:  0.0, Max: 0, Diff: 0, Sum: 0, Workers: 4
[3893.293s][debug][gc,phases      ] GC(210)   StringTable Weak               Min:  0.0, Avg:  0.1, Max:  0.1, Diff:  0.1, Sum:  0.4, Workers: 4
[3893.293s][debug][gc,phases      ] GC(210)     Dead                           Min: 0, Avg:  0.0, Max: 0, Diff: 0, Sum: 0, Workers: 4
[3893.293s][debug][gc,phases      ] GC(210)     Total                          Min: 0, Avg: 11367.0, Max: 19996, Diff: 19996, Sum: 45468, Workers: 4
[3893.293s][debug][gc,phases      ] GC(210)   ResolvedMethodTable Weak       Min:  0.0, Avg:  0.0, Max:  0.0, Diff:  0.0, Sum:  0.1, Workers: 4
[3893.293s][debug][gc,phases      ] GC(210)     Dead                           Min: 0, Avg:  0.0, Max: 0, Diff: 0, Sum: 0, Workers: 4
[3893.293s][debug][gc,phases      ] GC(210)     Total                          Min: 0, Avg: 2945.5, Max: 5056, Diff: 5056, Sum: 11782, Workers: 4
[3893.293s][debug][gc,phases      ] GC(210)   JNI Weak                       Min:  0.0, Avg:  0.0, Max:  0.0, Diff:  0.0, Sum:  0.0, Workers: 4
[3893.293s][debug][gc,phases      ] GC(210)     Dead                           Min: 0, Avg:  0.0, Max: 0, Diff: 0, Sum: 0, Workers: 4
[3893.293s][debug][gc,phases      ] GC(210)     Total                          Min: 0, Avg: 12.0, Max: 48, Diff: 48, Sum: 48, Workers: 4
[3893.293s][debug][gc,phases      ] GC(210)   StringDedup Table Weak         Min:  0.0, Avg:  0.0, Max:  0.0, Diff:  0.0, Sum:  0.0, Workers: 4
[3893.293s][debug][gc,phases      ] GC(210)     Dead                           Min: 0, Avg:  0.0, Max: 0, Diff: 0, Sum: 0, Workers: 4
[3893.293s][debug][gc,phases      ] GC(210)     Total                          Min: 0, Avg:  0.0, Max: 0, Diff: 0, Sum: 0, Workers: 4
[3893.293s][debug][gc,phases      ] GC(210)   StringDedup Requests0 Weak     Min:  0.0, Avg:  0.0, Max:  0.0, Diff:  0.0, Sum:  0.0, Workers: 4
[3893.293s][debug][gc,phases      ] GC(210)     Dead                           Min: 0, Avg:  0.0, Max: 0, Diff: 0, Sum: 0, Workers: 4
[3893.293s][debug][gc,phases      ] GC(210)     Total                          Min: 0, Avg:  0.0, Max: 0, Diff: 0, Sum: 0, Workers: 4
[3893.293s][debug][gc,phases      ] GC(210)   StringDedup Requests1 Weak     Min:  0.0, Avg:  0.0, Max:  0.0, Diff:  0.0, Sum:  0.0, Workers: 4
[3893.293s][debug][gc,phases      ] GC(210)     Dead                           Min: 0, Avg:  0.0, Max: 0, Diff: 0, Sum: 0, Workers: 4
[3893.293s][debug][gc,phases      ] GC(210)     Total                          Min: 0, Avg:  0.0, Max: 0, Diff: 0, Sum: 0, Workers: 4
[3893.293s][debug][gc,phases      ] GC(210)   Weak JFR Old Object Samples    Min:  0.0, Avg:  0.0, Max:  0.0, Diff:  0.0, Sum:  0.0, Workers: 4
[3893.293s][debug][gc,phases      ] GC(210)     Dead                           Min: 0, Avg:  0.0, Max: 0, Diff: 0, Sum: 0, Workers: 4
[3893.293s][debug][gc,phases      ] GC(210)     Total                          Min: 0, Avg:  0.0, Max: 0, Diff: 0, Sum: 0, Workers: 4
[3893.293s][debug][gc,phases      ] GC(210) Weak Processing 0.327ms
[3893.293s][debug][gc,age         ] GC(210) Desired survivor size 56098816 bytes, new threshold 15 (max threshold 15)
[3893.293s][info ][gc,heap        ] GC(210) PSYoungGen: 2026928K(2027008K)->38545K(2042368K) Eden: 1988608K(1988608K)->0K(1987584K) From: 38320K(38400K)->38545K(54784K)
[3893.293s][info ][gc,heap        ] GC(210) ParOldGen: 513094K(608768K)->513158K(608768K)
[3893.293s][info ][gc,metaspace   ] GC(210) Metaspace: 92688K(93888K)->92688K(93888K) NonClass: 79464K(80128K)->79464K(80128K) Class: 13224K(13760K)->13224K(13760K)
[3893.293s][info ][gc             ] GC(210) Pause Young (Allocation Failure) 2480M->538M(2589M) 14.968ms
[3893.293s][info ][gc,cpu         ] GC(210) User=0.04s Sys=0.00s Real=0.01s
[3893.293s][info ][safepoint      ] Safepoint "ParallelGCFailedAllocation", Time since last: 9965731628 ns, Reaching safepoint: 92000 ns, Cleanup: 4600 ns, At safepoint: 15039222 ns, Total: 15135822 ns
[3900.294s][info ][safepoint      ] Safepoint "Cleanup", Time since last: 7000449441 ns, Reaching safepoint: 4000 ns, Cleanup: 6700 ns, At safepoint: 1400 ns, Total: 12100 ns
[3904.350s][info ][gc,start       ] GC(211) Pause Young (Allocation Failure)
[3904.364s][debug][gc,phases      ] GC(211) Scavenge 13.324ms
[3904.364s][debug][gc,ref         ] GC(211) Skipped phase 1 of Reference Processing: no references
[3904.364s][debug][gc,ref         ] GC(211) ReferenceProcessor::execute queues: 1, RefProcThreadModel::Single, marks_oops_alive: false
[3904.364s][debug][gc,ref         ] GC(211) Skipped phase 3 of Reference Processing: no references
[3904.364s][debug][gc,ref         ] GC(211) ReferenceProcessor::execute queues: 1, RefProcThreadModel::Single, marks_oops_alive: false
[3904.364s][debug][gc,phases      ] GC(211) Reference Processing 0.106ms
[3904.364s][debug][gc,phases      ] GC(211)   VM Weak                        Min:  0.0, Avg:  0.0, Max:  0.0, Diff:  0.0, Sum:  0.0, Workers: 4
[3904.364s][debug][gc,phases      ] GC(211)     Dead                           Min: 0, Avg:  0.0, Max: 0, Diff: 0, Sum: 0, Workers: 4
[3904.364s][debug][gc,phases      ] GC(211)     Total                          Min: 0, Avg: 251.5, Max: 751, Diff: 751, Sum: 1006, Workers: 4
[3904.364s][debug][gc,phases      ] GC(211)   ObjectSynchronizer Weak        Min:  0.0, Avg:  0.0, Max:  0.0, Diff:  0.0, Sum:  0.0, Workers: 4
[3904.364s][debug][gc,phases      ] GC(211)     Dead                           Min: 0, Avg:  0.0, Max: 0, Diff: 0, Sum: 0, Workers: 4
[3904.364s][debug][gc,phases      ] GC(211)     Total                          Min: 0, Avg:  1.5, Max: 6, Diff: 6, Sum: 6, Workers: 4
[3904.364s][debug][gc,phases      ] GC(211)   JVMTI Tag Weak OopStorage      Min:  0.0, Avg:  0.0, Max:  0.0, Diff:  0.0, Sum:  0.0, Workers: 4
[3904.364s][debug][gc,phases      ] GC(211)     Dead                           Min: 0, Avg:  0.0, Max: 0, Diff: 0, Sum: 0, Workers: 4
[3904.364s][debug][gc,phases      ] GC(211)     Total                          Min: 0, Avg:  0.0, Max: 0, Diff: 0, Sum: 0, Workers: 4
[3904.364s][debug][gc,phases      ] GC(211)   StringTable Weak               Min:  0.0, Avg:  0.1, Max:  0.1, Diff:  0.1, Sum:  0.3, Workers: 4
[3904.364s][debug][gc,phases      ] GC(211)     Dead                           Min: 0, Avg:  0.0, Max: 0, Diff: 0, Sum: 0, Workers: 4
[3904.364s][debug][gc,phases      ] GC(211)     Total                          Min: 0, Avg: 11367.0, Max: 22528, Diff: 22528, Sum: 45468, Workers: 4
[3904.364s][debug][gc,phases      ] GC(211)   ResolvedMethodTable Weak       Min:  0.0, Avg:  0.0, Max:  0.0, Diff:  0.0, Sum:  0.1, Workers: 4
[3904.364s][debug][gc,phases      ] GC(211)     Dead                           Min: 0, Avg:  0.0, Max: 0, Diff: 0, Sum: 0, Workers: 4
[3904.364s][debug][gc,phases      ] GC(211)     Total                          Min: 0, Avg: 2945.5, Max: 4928, Diff: 4928, Sum: 11782, Workers: 4
[3904.364s][debug][gc,phases      ] GC(211)   JNI Weak                       Min:  0.0, Avg:  0.0, Max:  0.0, Diff:  0.0, Sum:  0.0, Workers: 4
[3904.364s][debug][gc,phases      ] GC(211)     Dead                           Min: 0, Avg:  0.0, Max: 0, Diff: 0, Sum: 0, Workers: 4
[3904.364s][debug][gc,phases      ] GC(211)     Total                          Min: 0, Avg: 12.0, Max: 48, Diff: 48, Sum: 48, Workers: 4
[3904.364s][debug][gc,phases      ] GC(211)   StringDedup Table Weak         Min:  0.0, Avg:  0.0, Max:  0.0, Diff:  0.0, Sum:  0.0, Workers: 4
[3904.364s][debug][gc,phases      ] GC(211)     Dead                           Min: 0, Avg:  0.0, Max: 0, Diff: 0, Sum: 0, Workers: 4
[3904.364s][debug][gc,phases      ] GC(211)     Total                          Min: 0, Avg:  0.0, Max: 0, Diff: 0, Sum: 0, Workers: 4
[3904.364s][debug][gc,phases      ] GC(211)   StringDedup Requests0 Weak     Min:  0.0, Avg:  0.0, Max:  0.0, Diff:  0.0, Sum:  0.0, Workers: 4
[3904.364s][debug][gc,phases      ] GC(211)     Dead                           Min: 0, Avg:  0.0, Max: 0, Diff: 0, Sum: 0, Workers: 4
[3904.364s][debug][gc,phases      ] GC(211)     Total                          Min: 0, Avg:  0.0, Max: 0, Diff: 0, Sum: 0, Workers: 4
[3904.364s][debug][gc,phases      ] GC(211)   StringDedup Requests1 Weak     Min:  0.0, Avg:  0.0, Max:  0.0, Diff:  0.0, Sum:  0.0, Workers: 4
[3904.364s][debug][gc,phases      ] GC(211)     Dead                           Min: 0, Avg:  0.0, Max: 0, Diff: 0, Sum: 0, Workers: 4
[3904.364s][debug][gc,phases      ] GC(211)     Total                          Min: 0, Avg:  0.0, Max: 0, Diff: 0, Sum: 0, Workers: 4
[3904.364s][debug][gc,phases      ] GC(211)   Weak JFR Old Object Samples    Min:  0.0, Avg:  0.0, Max:  0.0, Diff:  0.0, Sum:  0.0, Workers: 4
[3904.364s][debug][gc,phases      ] GC(211)     Dead                           Min: 0, Avg:  0.0, Max: 0, Diff: 0, Sum: 0, Workers: 4
[3904.364s][debug][gc,phases      ] GC(211)     Total                          Min: 0, Avg:  0.0, Max: 0, Diff: 0, Sum: 0, Workers: 4
[3904.364s][debug][gc,phases      ] GC(211) Weak Processing 0.346ms
[3904.364s][debug][gc,age         ] GC(211) Desired survivor size 55050240 bytes, new threshold 15 (max threshold 15)
[3904.364s][info ][gc,heap        ] GC(211) PSYoungGen: 2026129K(2042368K)->34912K(2042368K) Eden: 1987584K(1987584K)->0K(1987584K) From: 38545K(54784K)->34912K(54784K)
[3904.364s][info ][gc,heap        ] GC(211) ParOldGen: 513158K(608768K)->516910K(608768K)
[3904.364s][info ][gc,metaspace   ] GC(211) Metaspace: 92688K(93888K)->92688K(93888K) NonClass: 79464K(80128K)->79464K(80128K) Class: 13224K(13760K)->13224K(13760K)
[3904.364s][info ][gc             ] GC(211) Pause Young (Allocation Failure) 2479M->538M(2589M) 13.891ms
[3904.364s][info ][gc,cpu         ] GC(211) User=0.05s Sys=0.00s Real=0.02s
[3904.364s][info ][safepoint      ] Safepoint "ParallelGCFailedAllocation", Time since last: 4056340774 ns, Reaching safepoint: 74399 ns, Cleanup: 3600 ns, At safepoint: 13967227 ns, Total: 14045226 ns
[3915.300s][info ][gc,start       ] GC(212) Pause Young (Allocation Failure)
[3915.314s][debug][gc,phases      ] GC(212) Scavenge 13.593ms
[3915.314s][debug][gc,ref         ] GC(212) Skipped phase 1 of Reference Processing: no references
[3915.314s][debug][gc,ref         ] GC(212) ReferenceProcessor::execute queues: 1, RefProcThreadModel::Single, marks_oops_alive: false
[3915.314s][debug][gc,ref         ] GC(212) Skipped phase 3 of Reference Processing: no references
[3915.314s][debug][gc,ref         ] GC(212) ReferenceProcessor::execute queues: 1, RefProcThreadModel::Single, marks_oops_alive: false
[3915.314s][debug][gc,phases      ] GC(212) Reference Processing 0.102ms
[3915.314s][debug][gc,phases      ] GC(212)   VM Weak                        Min:  0.0, Avg:  0.0, Max:  0.0, Diff:  0.0, Sum:  0.0, Workers: 4
[3915.314s][debug][gc,phases      ] GC(212)     Dead                           Min: 0, Avg:  0.0, Max: 0, Diff: 0, Sum: 0, Workers: 4
[3915.314s][debug][gc,phases      ] GC(212)     Total                          Min: 0, Avg: 251.5, Max: 495, Diff: 495, Sum: 1006, Workers: 4
[3915.314s][debug][gc,phases      ] GC(212)   ObjectSynchronizer Weak        Min:  0.0, Avg:  0.0, Max:  0.0, Diff:  0.0, Sum:  0.0, Workers: 4
[3915.314s][debug][gc,phases      ] GC(212)     Dead                           Min: 0, Avg:  0.0, Max: 0, Diff: 0, Sum: 0, Workers: 4
[3915.314s][debug][gc,phases      ] GC(212)     Total                          Min: 0, Avg:  1.5, Max: 6, Diff: 6, Sum: 6, Workers: 4
[3915.314s][debug][gc,phases      ] GC(212)   JVMTI Tag Weak OopStorage      Min:  0.0, Avg:  0.0, Max:  0.0, Diff:  0.0, Sum:  0.0, Workers: 4
[3915.314s][debug][gc,phases      ] GC(212)     Dead                           Min: 0, Avg:  0.0, Max: 0, Diff: 0, Sum: 0, Workers: 4
[3915.314s][debug][gc,phases      ] GC(212)     Total                          Min: 0, Avg:  0.0, Max: 0, Diff: 0, Sum: 0, Workers: 4
[3915.314s][debug][gc,phases      ] GC(212)   StringTable Weak               Min:  0.1, Avg:  0.1, Max:  0.1, Diff:  0.0, Sum:  0.4, Workers: 4
[3915.314s][debug][gc,phases      ] GC(212)     Dead                           Min: 0, Avg:  0.0, Max: 0, Diff: 0, Sum: 0, Workers: 4
[3915.314s][debug][gc,phases      ] GC(212)     Total                          Min: 10972, Avg: 11367.0, Max: 11904, Diff: 932, Sum: 45468, Workers: 4
[3915.314s][debug][gc,phases      ] GC(212)   ResolvedMethodTable Weak       Min:  0.0, Avg:  0.0, Max:  0.0, Diff:  0.0, Sum:  0.1, Workers: 4
[3915.314s][debug][gc,phases      ] GC(212)     Dead                           Min: 0, Avg:  0.0, Max: 0, Diff: 0, Sum: 0, Workers: 4
[3915.314s][debug][gc,phases      ] GC(212)     Total                          Min: 2688, Avg: 2945.5, Max: 3456, Diff: 768, Sum: 11782, Workers: 4
[3915.314s][debug][gc,phases      ] GC(212)   JNI Weak                       Min:  0.0, Avg:  0.0, Max:  0.0, Diff:  0.0, Sum:  0.0, Workers: 4
[3915.314s][debug][gc,phases      ] GC(212)     Dead                           Min: 0, Avg:  0.0, Max: 0, Diff: 0, Sum: 0, Workers: 4
[3915.314s][debug][gc,phases      ] GC(212)     Total                          Min: 0, Avg: 12.0, Max: 48, Diff: 48, Sum: 48, Workers: 4
[3915.314s][debug][gc,phases      ] GC(212)   StringDedup Table Weak         Min:  0.0, Avg:  0.0, Max:  0.0, Diff:  0.0, Sum:  0.0, Workers: 4
[3915.314s][debug][gc,phases      ] GC(212)     Dead                           Min: 0, Avg:  0.0, Max: 0, Diff: 0, Sum: 0, Workers: 4
[3915.314s][debug][gc,phases      ] GC(212)     Total                          Min: 0, Avg:  0.0, Max: 0, Diff: 0, Sum: 0, Workers: 4
[3915.314s][debug][gc,phases      ] GC(212)   StringDedup Requests0 Weak     Min:  0.0, Avg:  0.0, Max:  0.0, Diff:  0.0, Sum:  0.0, Workers: 4
[3915.314s][debug][gc,phases      ] GC(212)     Dead                           Min: 0, Avg:  0.0, Max: 0, Diff: 0, Sum: 0, Workers: 4
[3915.314s][debug][gc,phases      ] GC(212)     Total                          Min: 0, Avg:  0.0, Max: 0, Diff: 0, Sum: 0, Workers: 4
[3915.314s][debug][gc,phases      ] GC(212)   StringDedup Requests1 Weak     Min:  0.0, Avg:  0.0, Max:  0.0, Diff:  0.0, Sum:  0.0, Workers: 4
[3915.314s][debug][gc,phases      ] GC(212)     Dead                           Min: 0, Avg:  0.0, Max: 0, Diff: 0, Sum: 0, Workers: 4
[3915.314s][debug][gc,phases      ] GC(212)     Total                          Min: 0, Avg:  0.0, Max: 0, Diff: 0, Sum: 0, Workers: 4
[3915.314s][debug][gc,phases      ] GC(212)   Weak JFR Old Object Samples    Min:  0.0, Avg:  0.0, Max:  0.0, Diff:  0.0, Sum:  0.0, Workers: 4
[3915.314s][debug][gc,phases      ] GC(212)     Dead                           Min: 0, Avg:  0.0, Max: 0, Diff: 0, Sum: 0, Workers: 4
[3915.314s][debug][gc,phases      ] GC(212)     Total                          Min: 0, Avg:  0.0, Max: 0, Diff: 0, Sum: 0, Workers: 4
[3915.314s][debug][gc,phases      ] GC(212) Weak Processing 0.285ms
[3915.314s][debug][gc,age         ] GC(212) Desired survivor size 53477376 bytes, new threshold 15 (max threshold 15)
[3915.314s][info ][gc,heap        ] GC(212) PSYoungGen: 2022496K(2042368K)->34336K(2044928K) Eden: 1987584K(1987584K)->0K(1991168K) From: 34912K(54784K)->34336K(53760K)
[3915.314s][info ][gc,heap        ] GC(212) ParOldGen: 516910K(608768K)->517686K(608768K)
[3915.314s][info ][gc,metaspace   ] GC(212) Metaspace: 92689K(93888K)->92689K(93888K) NonClass: 79465K(80128K)->79465K(80128K) Class: 13224K(13760K)->13224K(13760K)
[3915.314s][info ][gc             ] GC(212) Pause Young (Allocation Failure) 2479M->539M(2591M) 14.090ms
[3915.314s][info ][gc,cpu         ] GC(212) User=0.04s Sys=0.01s Real=0.01s
[3915.314s][info ][safepoint      ] Safepoint "ParallelGCFailedAllocation", Time since last: 10935996254 ns, Reaching safepoint: 75100 ns, Cleanup: 4200 ns, At safepoint: 14162824 ns, Total: 14242124 ns
[3917.315s][info ][safepoint      ] Safepoint "Cleanup", Time since last: 2000142479 ns, Reaching safepoint: 75599 ns, Cleanup: 11300 ns, At safepoint: 5500 ns, Total: 92399 ns
[3926.613s][info ][gc,start       ] GC(213) Pause Young (Allocation Failure)
[3926.624s][debug][gc,phases      ] GC(213) Scavenge 10.708ms
[3926.624s][debug][gc,ref         ] GC(213) Skipped phase 1 of Reference Processing: no references
[3926.624s][debug][gc,ref         ] GC(213) ReferenceProcessor::execute queues: 1, RefProcThreadModel::Single, marks_oops_alive: false
[3926.624s][debug][gc,ref         ] GC(213) Skipped phase 3 of Reference Processing: no references
[3926.624s][debug][gc,ref         ] GC(213) ReferenceProcessor::execute queues: 1, RefProcThreadModel::Single, marks_oops_alive: false
[3926.624s][debug][gc,phases      ] GC(213) Reference Processing 0.110ms
[3926.624s][debug][gc,phases      ] GC(213)   VM Weak                        Min:  0.0, Avg:  0.0, Max:  0.0, Diff:  0.0, Sum:  0.0, Workers: 4
[3926.624s][debug][gc,phases      ] GC(213)     Dead                           Min: 0, Avg:  0.0, Max: 0, Diff: 0, Sum: 0, Workers: 4
[3926.624s][debug][gc,phases      ] GC(213)     Total                          Min: 0, Avg: 251.5, Max: 640, Diff: 640, Sum: 1006, Workers: 4
[3926.624s][debug][gc,phases      ] GC(213)   ObjectSynchronizer Weak        Min:  0.0, Avg:  0.0, Max:  0.0, Diff:  0.0, Sum:  0.0, Workers: 4
[3926.624s][debug][gc,phases      ] GC(213)     Dead                           Min: 0, Avg:  0.0, Max: 0, Diff: 0, Sum: 0, Workers: 4
[3926.624s][debug][gc,phases      ] GC(213)     Total                          Min: 0, Avg:  1.5, Max: 6, Diff: 6, Sum: 6, Workers: 4
[3926.624s][debug][gc,phases      ] GC(213)   JVMTI Tag Weak OopStorage      Min:  0.0, Avg:  0.0, Max:  0.0, Diff:  0.0, Sum:  0.0, Workers: 4
[3926.624s][debug][gc,phases      ] GC(213)     Dead                           Min: 0, Avg:  0.0, Max: 0, Diff: 0, Sum: 0, Workers: 4
[3926.624s][debug][gc,phases      ] GC(213)     Total                          Min: 0, Avg:  0.0, Max: 0, Diff: 0, Sum: 0, Workers: 4
[3926.624s][debug][gc,phases      ] GC(213)   StringTable Weak               Min:  0.1, Avg:  0.1, Max:  0.1, Diff:  0.0, Sum:  0.4, Workers: 4
[3926.624s][debug][gc,phases      ] GC(213)     Dead                           Min: 0, Avg:  0.0, Max: 0, Diff: 0, Sum: 0, Workers: 4
[3926.624s][debug][gc,phases      ] GC(213)     Total                          Min: 7616, Avg: 11367.2, Max: 13120, Diff: 5504, Sum: 45469, Workers: 4
[3926.624s][debug][gc,phases      ] GC(213)   ResolvedMethodTable Weak       Min:  0.0, Avg:  0.0, Max:  0.0, Diff:  0.0, Sum:  0.1, Workers: 4
[3926.624s][debug][gc,phases      ] GC(213)     Dead                           Min: 0, Avg:  0.0, Max: 0, Diff: 0, Sum: 0, Workers: 4
[3926.624s][debug][gc,phases      ] GC(213)     Total                          Min: 2688, Avg: 2945.5, Max: 3136, Diff: 448, Sum: 11782, Workers: 4
[3926.624s][debug][gc,phases      ] GC(213)   JNI Weak                       Min:  0.0, Avg:  0.0, Max:  0.0, Diff:  0.0, Sum:  0.0, Workers: 4
[3926.624s][debug][gc,phases      ] GC(213)     Dead                           Min: 0, Avg:  0.0, Max: 0, Diff: 0, Sum: 0, Workers: 4
[3926.624s][debug][gc,phases      ] GC(213)     Total                          Min: 0, Avg: 12.0, Max: 48, Diff: 48, Sum: 48, Workers: 4
[3926.624s][debug][gc,phases      ] GC(213)   StringDedup Table Weak         Min:  0.0, Avg:  0.0, Max:  0.0, Diff:  0.0, Sum:  0.0, Workers: 4
[3926.624s][debug][gc,phases      ] GC(213)     Dead                           Min: 0, Avg:  0.0, Max: 0, Diff: 0, Sum: 0, Workers: 4
[3926.624s][debug][gc,phases      ] GC(213)     Total                          Min: 0, Avg:  0.0, Max: 0, Diff: 0, Sum: 0, Workers: 4
[3926.624s][debug][gc,phases      ] GC(213)   StringDedup Requests0 Weak     Min:  0.0, Avg:  0.0, Max:  0.0, Diff:  0.0, Sum:  0.0, Workers: 4
[3926.624s][debug][gc,phases      ] GC(213)     Dead                           Min: 0, Avg:  0.0, Max: 0, Diff: 0, Sum: 0, Workers: 4
[3926.624s][debug][gc,phases      ] GC(213)     Total                          Min: 0, Avg:  0.0, Max: 0, Diff: 0, Sum: 0, Workers: 4
[3926.624s][debug][gc,phases      ] GC(213)   StringDedup Requests1 Weak     Min:  0.0, Avg:  0.0, Max:  0.0, Diff:  0.0, Sum:  0.0, Workers: 4
[3926.624s][debug][gc,phases      ] GC(213)     Dead                           Min: 0, Avg:  0.0, Max: 0, Diff: 0, Sum: 0, Workers: 4
[3926.624s][debug][gc,phases      ] GC(213)     Total                          Min: 0, Avg:  0.0, Max: 0, Diff: 0, Sum: 0, Workers: 4
[3926.624s][debug][gc,phases      ] GC(213)   Weak JFR Old Object Samples    Min:  0.0, Avg:  0.0, Max:  0.0, Diff:  0.0, Sum:  0.0, Workers: 4
[3926.624s][debug][gc,phases      ] GC(213)     Dead                           Min: 0, Avg:  0.0, Max: 0, Diff: 0, Sum: 0, Workers: 4
[3926.624s][debug][gc,phases      ] GC(213)     Total                          Min: 0, Avg:  0.0, Max: 0, Diff: 0, Sum: 0, Workers: 4
[3926.624s][debug][gc,phases      ] GC(213) Weak Processing 0.319ms
[3926.624s][debug][gc,age         ] GC(213) Desired survivor size 51904512 bytes, new threshold 15 (max threshold 15)
[3926.624s][info ][gc,heap        ] GC(213) PSYoungGen: 2025504K(2044928K)->34416K(2043392K) Eden: 1991168K(1991168K)->0K(1991168K) From: 34336K(53760K)->34416K(52224K)
[3926.624s][info ][gc,heap        ] GC(213) ParOldGen: 517686K(608768K)->517906K(608768K)
[3926.624s][info ][gc,metaspace   ] GC(213) Metaspace: 92691K(93888K)->92691K(93888K) NonClass: 79467K(80128K)->79467K(80128K) Class: 13224K(13760K)->13224K(13760K)
[3926.624s][info ][gc             ] GC(213) Pause Young (Allocation Failure) 2483M->539M(2590M) 11.250ms
[3926.624s][info ][gc,cpu         ] GC(213) User=0.05s Sys=0.00s Real=0.02s
[3926.624s][info ][safepoint      ] Safepoint "ParallelGCFailedAllocation", Time since last: 9298419264 ns, Reaching safepoint: 4799 ns, Cleanup: 3200 ns, At safepoint: 11318340 ns, Total: 11326339 ns
[3937.600s][info ][gc,start       ] GC(214) Pause Young (Allocation Failure)
[3937.613s][debug][gc,phases      ] GC(214) Scavenge 12.769ms
[3937.613s][debug][gc,ref         ] GC(214) Skipped phase 1 of Reference Processing: no references
[3937.613s][debug][gc,ref         ] GC(214) ReferenceProcessor::execute queues: 1, RefProcThreadModel::Single, marks_oops_alive: false
[3937.613s][debug][gc,ref         ] GC(214) Skipped phase 3 of Reference Processing: no references
[3937.613s][debug][gc,ref         ] GC(214) ReferenceProcessor::execute queues: 1, RefProcThreadModel::Single, marks_oops_alive: false
[3937.613s][debug][gc,phases      ] GC(214) Reference Processing 0.106ms
[3937.613s][debug][gc,phases      ] GC(214)   VM Weak                        Min:  0.0, Avg:  0.0, Max:  0.0, Diff:  0.0, Sum:  0.0, Workers: 4
[3937.613s][debug][gc,phases      ] GC(214)     Dead                           Min: 0, Avg:  0.0, Max: 0, Diff: 0, Sum: 0, Workers: 4
[3937.613s][debug][gc,phases      ] GC(214)     Total                          Min: 0, Avg: 251.5, Max: 831, Diff: 831, Sum: 1006, Workers: 4
[3937.613s][debug][gc,phases      ] GC(214)   ObjectSynchronizer Weak        Min:  0.0, Avg:  0.0, Max:  0.0, Diff:  0.0, Sum:  0.0, Workers: 4
[3937.613s][debug][gc,phases      ] GC(214)     Dead                           Min: 0, Avg:  0.0, Max: 0, Diff: 0, Sum: 0, Workers: 4
[3937.613s][debug][gc,phases      ] GC(214)     Total                          Min: 0, Avg:  1.5, Max: 6, Diff: 6, Sum: 6, Workers: 4
[3937.613s][debug][gc,phases      ] GC(214)   JVMTI Tag Weak OopStorage      Min:  0.0, Avg:  0.0, Max:  0.0, Diff:  0.0, Sum:  0.0, Workers: 4
[3937.613s][debug][gc,phases      ] GC(214)     Dead                           Min: 0, Avg:  0.0, Max: 0, Diff: 0, Sum: 0, Workers: 4
[3937.613s][debug][gc,phases      ] GC(214)     Total                          Min: 0, Avg:  0.0, Max: 0, Diff: 0, Sum: 0, Workers: 4
[3937.613s][debug][gc,phases      ] GC(214)   StringTable Weak               Min:  0.0, Avg:  0.1, Max:  0.1, Diff:  0.1, Sum:  0.4, Workers: 4
[3937.613s][debug][gc,phases      ] GC(214)     Dead                           Min: 0, Avg:  0.0, Max: 0, Diff: 0, Sum: 0, Workers: 4
[3937.613s][debug][gc,phases      ] GC(214)     Total                          Min: 0, Avg: 11367.2, Max: 20096, Diff: 20096, Sum: 45469, Workers: 4
[3937.613s][debug][gc,phases      ] GC(214)   ResolvedMethodTable Weak       Min:  0.0, Avg:  0.0, Max:  0.0, Diff:  0.0, Sum:  0.1, Workers: 4
[3937.613s][debug][gc,phases      ] GC(214)     Dead                           Min: 0, Avg:  0.0, Max: 0, Diff: 0, Sum: 0, Workers: 4
[3937.613s][debug][gc,phases      ] GC(214)     Total                          Min: 0, Avg: 2945.5, Max: 5318, Diff: 5318, Sum: 11782, Workers: 4
[3937.613s][debug][gc,phases      ] GC(214)   JNI Weak                       Min:  0.0, Avg:  0.0, Max:  0.0, Diff:  0.0, Sum:  0.0, Workers: 4
[3937.613s][debug][gc,phases      ] GC(214)     Dead                           Min: 0, Avg:  0.0, Max: 0, Diff: 0, Sum: 0, Workers: 4
[3937.613s][debug][gc,phases      ] GC(214)     Total                          Min: 0, Avg: 12.0, Max: 48, Diff: 48, Sum: 48, Workers: 4
[3937.613s][debug][gc,phases      ] GC(214)   StringDedup Table Weak         Min:  0.0, Avg:  0.0, Max:  0.0, Diff:  0.0, Sum:  0.0, Workers: 4
[3937.613s][debug][gc,phases      ] GC(214)     Dead                           Min: 0, Avg:  0.0, Max: 0, Diff: 0, Sum: 0, Workers: 4
[3937.613s][debug][gc,phases      ] GC(214)     Total                          Min: 0, Avg:  0.0, Max: 0, Diff: 0, Sum: 0, Workers: 4
[3937.613s][debug][gc,phases      ] GC(214)   StringDedup Requests0 Weak     Min:  0.0, Avg:  0.0, Max:  0.0, Diff:  0.0, Sum:  0.0, Workers: 4
[3937.613s][debug][gc,phases      ] GC(214)     Dead                           Min: 0, Avg:  0.0, Max: 0, Diff: 0, Sum: 0, Workers: 4
[3937.613s][debug][gc,phases      ] GC(214)     Total                          Min: 0, Avg:  0.0, Max: 0, Diff: 0, Sum: 0, Workers: 4
[3937.613s][debug][gc,phases      ] GC(214)   StringDedup Requests1 Weak     Min:  0.0, Avg:  0.0, Max:  0.0, Diff:  0.0, Sum:  0.0, Workers: 4
[3937.613s][debug][gc,phases      ] GC(214)     Dead                           Min: 0, Avg:  0.0, Max: 0, Diff: 0, Sum: 0, Workers: 4
[3937.613s][debug][gc,phases      ] GC(214)     Total                          Min: 0, Avg:  0.0, Max: 0, Diff: 0, Sum: 0, Workers: 4
[3937.613s][debug][gc,phases      ] GC(214)   Weak JFR Old Object Samples    Min:  0.0, Avg:  0.0, Max:  0.0, Diff:  0.0, Sum:  0.0, Workers: 4
[3937.613s][debug][gc,phases      ] GC(214)     Dead                           Min: 0, Avg:  0.0, Max: 0, Diff: 0, Sum: 0, Workers: 4
[3937.613s][debug][gc,phases      ] GC(214)     Total                          Min: 0, Avg:  0.0, Max: 0, Diff: 0, Sum: 0, Workers: 4
[3937.613s][debug][gc,phases      ] GC(214) Weak Processing 0.322ms
[3937.613s][debug][gc,age         ] GC(214) Desired survivor size 50855936 bytes, new threshold 15 (max threshold 15)
[3937.613s][info ][gc,heap        ] GC(214) PSYoungGen: 2025584K(2043392K)->34720K(2047488K) Eden: 1991168K(1991168K)->0K(1996800K) From: 34416K(52224K)->34720K(50688K)
[3937.613s][info ][gc,heap        ] GC(214) ParOldGen: 517906K(608768K)->517986K(608768K)
[3937.613s][info ][gc,metaspace   ] GC(214) Metaspace: 92693K(93888K)->92693K(93888K) NonClass: 79469K(80128K)->79469K(80128K) Class: 13224K(13760K)->13224K(13760K)
[3937.613s][info ][gc             ] GC(214) Pause Young (Allocation Failure) 2483M->539M(2594M) 13.304ms
[3937.613s][info ][gc,cpu         ] GC(214) User=0.05s Sys=0.00s Real=0.01s
[3937.613s][info ][safepoint      ] Safepoint "ParallelGCFailedAllocation", Time since last: 10975395713 ns, Reaching safepoint: 80800 ns, Cleanup: 3700 ns, At safepoint: 13376928 ns, Total: 13461428 ns
[3942.614s][info ][safepoint      ] Safepoint "Cleanup", Time since last: 5000359937 ns, Reaching safepoint: 76199 ns, Cleanup: 8100 ns, At safepoint: 5400 ns, Total: 89699 ns
[3943.614s][info ][safepoint      ] Safepoint "Cleanup", Time since last: 1000105126 ns, Reaching safepoint: 76600 ns, Cleanup: 10100 ns, At safepoint: 6500 ns, Total: 93200 ns
[3944.614s][info ][safepoint      ] Safepoint "Cleanup", Time since last: 1000126825 ns, Reaching safepoint: 55000 ns, Cleanup: 8700 ns, At safepoint: 7300 ns, Total: 71000 ns
[3948.900s][info ][gc,start       ] GC(215) Pause Young (Allocation Failure)
[3948.912s][debug][gc,phases      ] GC(215) Scavenge 11.528ms
[3948.912s][debug][gc,ref         ] GC(215) Skipped phase 1 of Reference Processing: no references
[3948.912s][debug][gc,ref         ] GC(215) ReferenceProcessor::execute queues: 1, RefProcThreadModel::Single, marks_oops_alive: false
[3948.912s][debug][gc,ref         ] GC(215) Skipped phase 3 of Reference Processing: no references
[3948.912s][debug][gc,ref         ] GC(215) ReferenceProcessor::execute queues: 1, RefProcThreadModel::Single, marks_oops_alive: false
[3948.912s][debug][gc,phases      ] GC(215) Reference Processing 0.129ms
[3948.912s][debug][gc,phases      ] GC(215)   VM Weak                        Min:  0.0, Avg:  0.0, Max:  0.2, Diff:  0.2, Sum:  0.2, Workers: 4
[3948.912s][debug][gc,phases      ] GC(215)     Dead                           Min: 0, Avg:  0.0, Max: 0, Diff: 0, Sum: 0, Workers: 4
[3948.912s][debug][gc,phases      ] GC(215)     Total                          Min: 63, Avg: 251.5, Max: 512, Diff: 449, Sum: 1006, Workers: 4
[3948.912s][debug][gc,phases      ] GC(215)   ObjectSynchronizer Weak        Min:  0.0, Avg:  0.0, Max:  0.0, Diff:  0.0, Sum:  0.0, Workers: 4
[3948.912s][debug][gc,phases      ] GC(215)     Dead                           Min: 0, Avg:  0.0, Max: 0, Diff: 0, Sum: 0, Workers: 4
[3948.912s][debug][gc,phases      ] GC(215)     Total                          Min: 0, Avg:  1.5, Max: 6, Diff: 6, Sum: 6, Workers: 4
[3948.912s][debug][gc,phases      ] GC(215)   JVMTI Tag Weak OopStorage      Min:  0.0, Avg:  0.0, Max:  0.0, Diff:  0.0, Sum:  0.0, Workers: 4
[3948.912s][debug][gc,phases      ] GC(215)     Dead                           Min: 0, Avg:  0.0, Max: 0, Diff: 0, Sum: 0, Workers: 4
[3948.912s][debug][gc,phases      ] GC(215)     Total                          Min: 0, Avg:  0.0, Max: 0, Diff: 0, Sum: 0, Workers: 4
[3948.912s][debug][gc,phases      ] GC(215)   StringTable Weak               Min:  0.0, Avg:  0.1, Max:  0.1, Diff:  0.1, Sum:  0.3, Workers: 4
[3948.912s][debug][gc,phases      ] GC(215)     Dead                           Min: 0, Avg:  0.0, Max: 0, Diff: 0, Sum: 0, Workers: 4
[3948.912s][debug][gc,phases      ] GC(215)     Total                          Min: 0, Avg: 11367.2, Max: 20637, Diff: 20637, Sum: 45469, Workers: 4
[3948.912s][debug][gc,phases      ] GC(215)   ResolvedMethodTable Weak       Min:  0.0, Avg:  0.0, Max:  0.0, Diff:  0.0, Sum:  0.1, Workers: 4
[3948.912s][debug][gc,phases      ] GC(215)     Dead                           Min: 0, Avg:  0.0, Max: 0, Diff: 0, Sum: 0, Workers: 4
[3948.912s][debug][gc,phases      ] GC(215)     Total                          Min: 0, Avg: 2945.5, Max: 4736, Diff: 4736, Sum: 11782, Workers: 4
[3948.912s][debug][gc,phases      ] GC(215)   JNI Weak                       Min:  0.0, Avg:  0.0, Max:  0.0, Diff:  0.0, Sum:  0.0, Workers: 4
[3948.912s][debug][gc,phases      ] GC(215)     Dead                           Min: 0, Avg:  0.0, Max: 0, Diff: 0, Sum: 0, Workers: 4
[3948.912s][debug][gc,phases      ] GC(215)     Total                          Min: 0, Avg: 12.0, Max: 48, Diff: 48, Sum: 48, Workers: 4
[3948.912s][debug][gc,phases      ] GC(215)   StringDedup Table Weak         Min:  0.0, Avg:  0.0, Max:  0.0, Diff:  0.0, Sum:  0.0, Workers: 4
[3948.912s][debug][gc,phases      ] GC(215)     Dead                           Min: 0, Avg:  0.0, Max: 0, Diff: 0, Sum: 0, Workers: 4
[3948.912s][debug][gc,phases      ] GC(215)     Total                          Min: 0, Avg:  0.0, Max: 0, Diff: 0, Sum: 0, Workers: 4
[3948.912s][debug][gc,phases      ] GC(215)   StringDedup Requests0 Weak     Min:  0.0, Avg:  0.0, Max:  0.0, Diff:  0.0, Sum:  0.0, Workers: 4
[3948.912s][debug][gc,phases      ] GC(215)     Dead                           Min: 0, Avg:  0.0, Max: 0, Diff: 0, Sum: 0, Workers: 4
[3948.912s][debug][gc,phases      ] GC(215)     Total                          Min: 0, Avg:  0.0, Max: 0, Diff: 0, Sum: 0, Workers: 4
[3948.912s][debug][gc,phases      ] GC(215)   StringDedup Requests1 Weak     Min:  0.0, Avg:  0.0, Max:  0.0, Diff:  0.0, Sum:  0.0, Workers: 4
[3948.912s][debug][gc,phases      ] GC(215)     Dead                           Min: 0, Avg:  0.0, Max: 0, Diff: 0, Sum: 0, Workers: 4
[3948.912s][debug][gc,phases      ] GC(215)     Total                          Min: 0, Avg:  0.0, Max: 0, Diff: 0, Sum: 0, Workers: 4
[3948.912s][debug][gc,phases      ] GC(215)   Weak JFR Old Object Samples    Min:  0.0, Avg:  0.0, Max:  0.0, Diff:  0.0, Sum:  0.0, Workers: 4
[3948.912s][debug][gc,phases      ] GC(215)     Dead                           Min: 0, Avg:  0.0, Max: 0, Diff: 0, Sum: 0, Workers: 4
[3948.912s][debug][gc,phases      ] GC(215)     Total                          Min: 0, Avg:  0.0, Max: 0, Diff: 0, Sum: 0, Workers: 4
[3948.912s][debug][gc,phases      ] GC(215) Weak Processing 0.334ms
[3948.912s][debug][gc,age         ] GC(215) Desired survivor size 49283072 bytes, new threshold 15 (max threshold 15)
[3948.912s][info ][gc,heap        ] GC(215) PSYoungGen: 2031520K(2047488K)->34304K(2046464K) Eden: 1996800K(1996800K)->0K(1996800K) From: 34720K(50688K)->34304K(49664K)
[3948.912s][info ][gc,heap        ] GC(215) ParOldGen: 517986K(608768K)->518194K(608768K)
[3948.913s][info ][gc,metaspace   ] GC(215) Metaspace: 92695K(93888K)->92695K(93888K) NonClass: 79471K(80128K)->79471K(80128K) Class: 13224K(13760K)->13224K(13760K)
[3948.913s][info ][gc             ] GC(215) Pause Young (Allocation Failure) 2489M->539M(2593M) 12.099ms
[3948.913s][info ][gc,cpu         ] GC(215) User=0.04s Sys=0.00s Real=0.01s
[3948.913s][info ][safepoint      ] Safepoint "ParallelGCFailedAllocation", Time since last: 4286300580 ns, Reaching safepoint: 75899 ns, Cleanup: 3800 ns, At safepoint: 12167532 ns, Total: 12247231 ns
[3952.913s][info ][safepoint      ] Safepoint "Cleanup", Time since last: 4000283383 ns, Reaching safepoint: 76100 ns, Cleanup: 10900 ns, At safepoint: 5400 ns, Total: 92400 ns
[3953.913s][info ][safepoint      ] Safepoint "Cleanup", Time since last: 1000112596 ns, Reaching safepoint: 75499 ns, Cleanup: 6500 ns, At safepoint: 6300 ns, Total: 88299 ns
[3954.913s][info ][safepoint      ] Safepoint "Cleanup", Time since last: 1000115624 ns, Reaching safepoint: 73300 ns, Cleanup: 8300 ns, At safepoint: 6900 ns, Total: 88500 ns
[3956.914s][info ][safepoint      ] Safepoint "Cleanup", Time since last: 2000179292 ns, Reaching safepoint: 74400 ns, Cleanup: 7900 ns, At safepoint: 4900 ns, Total: 87200 ns
[3957.914s][info ][safepoint      ] Safepoint "Cleanup", Time since last: 1000103846 ns, Reaching safepoint: 73800 ns, Cleanup: 9500 ns, At safepoint: 6100 ns, Total: 89400 ns
[3959.950s][info ][gc,start       ] GC(216) Pause Young (Allocation Failure)
[3959.961s][debug][gc,phases      ] GC(216) Scavenge 11.159ms
[3959.961s][debug][gc,ref         ] GC(216) Skipped phase 1 of Reference Processing: no references
[3959.961s][debug][gc,ref         ] GC(216) ReferenceProcessor::execute queues: 1, RefProcThreadModel::Single, marks_oops_alive: false
[3959.961s][debug][gc,ref         ] GC(216) Skipped phase 3 of Reference Processing: no references
[3959.961s][debug][gc,ref         ] GC(216) ReferenceProcessor::execute queues: 1, RefProcThreadModel::Single, marks_oops_alive: false
[3959.961s][debug][gc,phases      ] GC(216) Reference Processing 0.100ms
[3959.962s][debug][gc,phases      ] GC(216)   VM Weak                        Min:  0.0, Avg:  0.0, Max:  0.0, Diff:  0.0, Sum:  0.0, Workers: 4
[3959.962s][debug][gc,phases      ] GC(216)     Dead                           Min: 0, Avg:  0.0, Max: 0, Diff: 0, Sum: 0, Workers: 4
[3959.962s][debug][gc,phases      ] GC(216)     Total                          Min: 0, Avg: 251.5, Max: 1006, Diff: 1006, Sum: 1006, Workers: 4
[3959.962s][debug][gc,phases      ] GC(216)   ObjectSynchronizer Weak        Min:  0.0, Avg:  0.0, Max:  0.0, Diff:  0.0, Sum:  0.0, Workers: 4
[3959.962s][debug][gc,phases      ] GC(216)     Dead                           Min: 0, Avg:  0.0, Max: 0, Diff: 0, Sum: 0, Workers: 4
[3959.962s][debug][gc,phases      ] GC(216)     Total                          Min: 0, Avg:  1.5, Max: 6, Diff: 6, Sum: 6, Workers: 4
[3959.962s][debug][gc,phases      ] GC(216)   JVMTI Tag Weak OopStorage      Min:  0.0, Avg:  0.0, Max:  0.0, Diff:  0.0, Sum:  0.0, Workers: 4
[3959.962s][debug][gc,phases      ] GC(216)     Dead                           Min: 0, Avg:  0.0, Max: 0, Diff: 0, Sum: 0, Workers: 4
[3959.962s][debug][gc,phases      ] GC(216)     Total                          Min: 0, Avg:  0.0, Max: 0, Diff: 0, Sum: 0, Workers: 4
[3959.962s][debug][gc,phases      ] GC(216)   StringTable Weak               Min:  0.0, Avg:  0.1, Max:  0.1, Diff:  0.1, Sum:  0.3, Workers: 4
[3959.962s][debug][gc,phases      ] GC(216)     Dead                           Min: 0, Avg:  0.0, Max: 0, Diff: 0, Sum: 0, Workers: 4
[3959.962s][debug][gc,phases      ] GC(216)     Total                          Min: 0, Avg: 11367.2, Max: 19904, Diff: 19904, Sum: 45469, Workers: 4
[3959.962s][debug][gc,phases      ] GC(216)   ResolvedMethodTable Weak       Min:  0.0, Avg:  0.0, Max:  0.0, Diff:  0.0, Sum:  0.1, Workers: 4
[3959.962s][debug][gc,phases      ] GC(216)     Dead                           Min: 0, Avg:  0.0, Max: 0, Diff: 0, Sum: 0, Workers: 4
[3959.962s][debug][gc,phases      ] GC(216)     Total                          Min: 0, Avg: 2945.5, Max: 4934, Diff: 4934, Sum: 11782, Workers: 4
[3959.962s][debug][gc,phases      ] GC(216)   JNI Weak                       Min:  0.0, Avg:  0.0, Max:  0.0, Diff:  0.0, Sum:  0.0, Workers: 4
[3959.962s][debug][gc,phases      ] GC(216)     Dead                           Min: 0, Avg:  0.0, Max: 0, Diff: 0, Sum: 0, Workers: 4
[3959.962s][debug][gc,phases      ] GC(216)     Total                          Min: 0, Avg: 12.0, Max: 48, Diff: 48, Sum: 48, Workers: 4
[3959.962s][debug][gc,phases      ] GC(216)   StringDedup Table Weak         Min:  0.0, Avg:  0.0, Max:  0.0, Diff:  0.0, Sum:  0.0, Workers: 4
[3959.962s][debug][gc,phases      ] GC(216)     Dead                           Min: 0, Avg:  0.0, Max: 0, Diff: 0, Sum: 0, Workers: 4
[3959.962s][debug][gc,phases      ] GC(216)     Total                          Min: 0, Avg:  0.0, Max: 0, Diff: 0, Sum: 0, Workers: 4
[3959.962s][debug][gc,phases      ] GC(216)   StringDedup Requests0 Weak     Min:  0.0, Avg:  0.0, Max:  0.0, Diff:  0.0, Sum:  0.0, Workers: 4
[3959.962s][debug][gc,phases      ] GC(216)     Dead                           Min: 0, Avg:  0.0, Max: 0, Diff: 0, Sum: 0, Workers: 4
[3959.962s][debug][gc,phases      ] GC(216)     Total                          Min: 0, Avg:  0.0, Max: 0, Diff: 0, Sum: 0, Workers: 4
[3959.962s][debug][gc,phases      ] GC(216)   StringDedup Requests1 Weak     Min:  0.0, Avg:  0.0, Max:  0.0, Diff:  0.0, Sum:  0.0, Workers: 4
[3959.962s][debug][gc,phases      ] GC(216)     Dead                           Min: 0, Avg:  0.0, Max: 0, Diff: 0, Sum: 0, Workers: 4
[3959.962s][debug][gc,phases      ] GC(216)     Total                          Min: 0, Avg:  0.0, Max: 0, Diff: 0, Sum: 0, Workers: 4
[3959.962s][debug][gc,phases      ] GC(216)   Weak JFR Old Object Samples    Min:  0.0, Avg:  0.0, Max:  0.0, Diff:  0.0, Sum:  0.0, Workers: 4
[3959.962s][debug][gc,phases      ] GC(216)     Dead                           Min: 0, Avg:  0.0, Max: 0, Diff: 0, Sum: 0, Workers: 4
[3959.962s][debug][gc,phases      ] GC(216)     Total                          Min: 0, Avg:  0.0, Max: 0, Diff: 0, Sum: 0, Workers: 4
[3959.962s][debug][gc,phases      ] GC(216) Weak Processing 0.333ms
[3959.962s][debug][gc,age         ] GC(216) Desired survivor size 48234496 bytes, new threshold 15 (max threshold 15)
[3959.962s][info ][gc,heap        ] GC(216) PSYoungGen: 2031104K(2046464K)->31392K(2050048K) Eden: 1996800K(1996800K)->0K(2001920K) From: 34304K(49664K)->31392K(48128K)
[3959.962s][info ][gc,heap        ] GC(216) ParOldGen: 518194K(608768K)->521250K(608768K)
[3959.962s][info ][gc,metaspace   ] GC(216) Metaspace: 92696K(93888K)->92696K(93888K) NonClass: 79472K(80128K)->79472K(80128K) Class: 13224K(13760K)->13224K(13760K)
[3959.962s][info ][gc             ] GC(216) Pause Young (Allocation Failure) 2489M->539M(2596M) 11.706ms
[3959.962s][info ][gc,cpu         ] GC(216) User=0.04s Sys=0.00s Real=0.01s
[3959.962s][info ][safepoint      ] Safepoint "ParallelGCFailedAllocation", Time since last: 2036170293 ns, Reaching safepoint: 41799 ns, Cleanup: 4800 ns, At safepoint: 11783335 ns, Total: 11829934 ns
[3963.157s][info ][safepoint      ] Safepoint "Cleanup", Time since last: 3195537871 ns, Reaching safepoint: 72700 ns, Cleanup: 9000 ns, At safepoint: 5300 ns, Total: 87000 ns
[3966.158s][info ][safepoint      ] Safepoint "Cleanup", Time since last: 3000236378 ns, Reaching safepoint: 73599 ns, Cleanup: 13000 ns, At safepoint: 7000 ns, Total: 93599 ns
[3970.979s][info ][gc,start       ] GC(217) Pause Young (Allocation Failure)
[3970.993s][debug][gc,phases      ] GC(217) Scavenge 14.120ms
[3970.993s][debug][gc,ref         ] GC(217) Skipped phase 1 of Reference Processing: no references
[3970.993s][debug][gc,ref         ] GC(217) ReferenceProcessor::execute queues: 1, RefProcThreadModel::Single, marks_oops_alive: false
[3970.993s][debug][gc,ref         ] GC(217) Skipped phase 3 of Reference Processing: no references
[3970.993s][debug][gc,ref         ] GC(217) ReferenceProcessor::execute queues: 1, RefProcThreadModel::Single, marks_oops_alive: false
[3970.993s][debug][gc,phases      ] GC(217) Reference Processing 0.072ms
[3970.993s][debug][gc,phases      ] GC(217)   VM Weak                        Min:  0.0, Avg:  0.0, Max:  0.0, Diff:  0.0, Sum:  0.0, Workers: 4
[3970.993s][debug][gc,phases      ] GC(217)     Dead                           Min: 0, Avg:  0.0, Max: 0, Diff: 0, Sum: 0, Workers: 4
[3970.993s][debug][gc,phases      ] GC(217)     Total                          Min: 0, Avg: 251.5, Max: 831, Diff: 831, Sum: 1006, Workers: 4
[3970.993s][debug][gc,phases      ] GC(217)   ObjectSynchronizer Weak        Min:  0.0, Avg:  0.0, Max:  0.0, Diff:  0.0, Sum:  0.0, Workers: 4
[3970.993s][debug][gc,phases      ] GC(217)     Dead                           Min: 0, Avg:  0.0, Max: 0, Diff: 0, Sum: 0, Workers: 4
[3970.993s][debug][gc,phases      ] GC(217)     Total                          Min: 0, Avg:  1.2, Max: 5, Diff: 5, Sum: 5, Workers: 4
[3970.993s][debug][gc,phases      ] GC(217)   JVMTI Tag Weak OopStorage      Min:  0.0, Avg:  0.0, Max:  0.0, Diff:  0.0, Sum:  0.0, Workers: 4
[3970.993s][debug][gc,phases      ] GC(217)     Dead                           Min: 0, Avg:  0.0, Max: 0, Diff: 0, Sum: 0, Workers: 4
[3970.993s][debug][gc,phases      ] GC(217)     Total                          Min: 0, Avg:  0.0, Max: 0, Diff: 0, Sum: 0, Workers: 4
[3970.993s][debug][gc,phases      ] GC(217)   StringTable Weak               Min:  0.0, Avg:  0.1, Max:  0.2, Diff:  0.2, Sum:  0.4, Workers: 4
[3970.993s][debug][gc,phases      ] GC(217)     Dead                           Min: 0, Avg:  0.0, Max: 0, Diff: 0, Sum: 0, Workers: 4
[3970.993s][debug][gc,phases      ] GC(217)     Total                          Min: 0, Avg: 11367.2, Max: 22848, Diff: 22848, Sum: 45469, Workers: 4
[3970.993s][debug][gc,phases      ] GC(217)   ResolvedMethodTable Weak       Min:  0.0, Avg:  0.0, Max:  0.0, Diff:  0.0, Sum:  0.1, Workers: 4
[3970.993s][debug][gc,phases      ] GC(217)     Dead                           Min: 0, Avg:  0.0, Max: 0, Diff: 0, Sum: 0, Workers: 4
[3970.993s][debug][gc,phases      ] GC(217)     Total                          Min: 0, Avg: 2945.5, Max: 6336, Diff: 6336, Sum: 11782, Workers: 4
[3970.993s][debug][gc,phases      ] GC(217)   JNI Weak                       Min:  0.0, Avg:  0.0, Max:  0.0, Diff:  0.0, Sum:  0.0, Workers: 4
[3970.993s][debug][gc,phases      ] GC(217)     Dead                           Min: 0, Avg:  0.0, Max: 0, Diff: 0, Sum: 0, Workers: 4
[3970.993s][debug][gc,phases      ] GC(217)     Total                          Min: 0, Avg: 12.0, Max: 48, Diff: 48, Sum: 48, Workers: 4
[3970.993s][debug][gc,phases      ] GC(217)   StringDedup Table Weak         Min:  0.0, Avg:  0.0, Max:  0.0, Diff:  0.0, Sum:  0.0, Workers: 4
[3970.993s][debug][gc,phases      ] GC(217)     Dead                           Min: 0, Avg:  0.0, Max: 0, Diff: 0, Sum: 0, Workers: 4
[3970.993s][debug][gc,phases      ] GC(217)     Total                          Min: 0, Avg:  0.0, Max: 0, Diff: 0, Sum: 0, Workers: 4
[3970.993s][debug][gc,phases      ] GC(217)   StringDedup Requests0 Weak     Min:  0.0, Avg:  0.0, Max:  0.0, Diff:  0.0, Sum:  0.0, Workers: 4
[3970.993s][debug][gc,phases      ] GC(217)     Dead                           Min: 0, Avg:  0.0, Max: 0, Diff: 0, Sum: 0, Workers: 4
[3970.993s][debug][gc,phases      ] GC(217)     Total                          Min: 0, Avg:  0.0, Max: 0, Diff: 0, Sum: 0, Workers: 4
[3970.993s][debug][gc,phases      ] GC(217)   StringDedup Requests1 Weak     Min:  0.0, Avg:  0.0, Max:  0.0, Diff:  0.0, Sum:  0.0, Workers: 4
[3970.993s][debug][gc,phases      ] GC(217)     Dead                           Min: 0, Avg:  0.0, Max: 0, Diff: 0, Sum: 0, Workers: 4
[3970.993s][debug][gc,phases      ] GC(217)     Total                          Min: 0, Avg:  0.0, Max: 0, Diff: 0, Sum: 0, Workers: 4
[3970.993s][debug][gc,phases      ] GC(217)   Weak JFR Old Object Samples    Min:  0.0, Avg:  0.0, Max:  0.0, Diff:  0.0, Sum:  0.0, Workers: 4
[3970.993s][debug][gc,phases      ] GC(217)     Dead                           Min: 0, Avg:  0.0, Max: 0, Diff: 0, Sum: 0, Workers: 4
[3970.993s][debug][gc,phases      ] GC(217)     Total                          Min: 0, Avg:  0.0, Max: 0, Diff: 0, Sum: 0, Workers: 4
[3970.993s][debug][gc,phases      ] GC(217) Weak Processing 0.424ms
[3970.993s][debug][gc,age         ] GC(217) Desired survivor size 47710208 bytes, new threshold 15 (max threshold 15)
[3970.993s][info ][gc,heap        ] GC(217) PSYoungGen: 2033312K(2050048K)->29408K(2049024K) Eden: 2001920K(2001920K)->0K(2001920K) From: 31392K(48128K)->29408K(47104K)
[3970.993s][info ][gc,heap        ] GC(217) ParOldGen: 521250K(608768K)->523078K(608768K)
[3970.993s][info ][gc,metaspace   ] GC(217) Metaspace: 92697K(93888K)->92697K(93888K) NonClass: 79473K(80128K)->79473K(80128K) Class: 13224K(13760K)->13224K(13760K)
[3970.993s][info ][gc             ] GC(217) Pause Young (Allocation Failure) 2494M->539M(2595M) 14.720ms
[3970.993s][info ][gc,cpu         ] GC(217) User=0.04s Sys=0.00s Real=0.01s
[3970.993s][info ][safepoint      ] Safepoint "ParallelGCFailedAllocation", Time since last: 4820828138 ns, Reaching safepoint: 4600 ns, Cleanup: 3900 ns, At safepoint: 14785120 ns, Total: 14793620 ns
[3974.994s][info ][safepoint      ] Safepoint "Cleanup", Time since last: 4000271900 ns, Reaching safepoint: 4900 ns, Cleanup: 20900 ns, At safepoint: 1900 ns, Total: 27700 ns
[3977.994s][info ][safepoint      ] Safepoint "Cleanup", Time since last: 3000234599 ns, Reaching safepoint: 5900 ns, Cleanup: 12300 ns, At safepoint: 2000 ns, Total: 20200 ns
[3982.175s][info ][gc,start       ] GC(218) Pause Young (Allocation Failure)
[3982.186s][debug][gc,phases      ] GC(218) Scavenge 11.234ms
[3982.186s][debug][gc,ref         ] GC(218) Skipped phase 1 of Reference Processing: no references
[3982.186s][debug][gc,ref         ] GC(218) ReferenceProcessor::execute queues: 1, RefProcThreadModel::Single, marks_oops_alive: false
[3982.186s][debug][gc,ref         ] GC(218) Skipped phase 3 of Reference Processing: no references
[3982.186s][debug][gc,ref         ] GC(218) ReferenceProcessor::execute queues: 1, RefProcThreadModel::Single, marks_oops_alive: false
[3982.186s][debug][gc,phases      ] GC(218) Reference Processing 0.094ms
[3982.187s][debug][gc,phases      ] GC(218)   VM Weak                        Min:  0.0, Avg:  0.0, Max:  0.0, Diff:  0.0, Sum:  0.0, Workers: 4
[3982.187s][debug][gc,phases      ] GC(218)     Dead                           Min: 0, Avg:  0.0, Max: 0, Diff: 0, Sum: 0, Workers: 4
[3982.187s][debug][gc,phases      ] GC(218)     Total                          Min: 0, Avg: 251.5, Max: 703, Diff: 703, Sum: 1006, Workers: 4
[3982.187s][debug][gc,phases      ] GC(218)   ObjectSynchronizer Weak        Min:  0.0, Avg:  0.0, Max:  0.0, Diff:  0.0, Sum:  0.0, Workers: 4
[3982.187s][debug][gc,phases      ] GC(218)     Dead                           Min: 0, Avg:  0.0, Max: 0, Diff: 0, Sum: 0, Workers: 4
[3982.187s][debug][gc,phases      ] GC(218)     Total                          Min: 0, Avg:  1.2, Max: 5, Diff: 5, Sum: 5, Workers: 4
[3982.187s][debug][gc,phases      ] GC(218)   JVMTI Tag Weak OopStorage      Min:  0.0, Avg:  0.0, Max:  0.0, Diff:  0.0, Sum:  0.0, Workers: 4
[3982.187s][debug][gc,phases      ] GC(218)     Dead                           Min: 0, Avg:  0.0, Max: 0, Diff: 0, Sum: 0, Workers: 4
[3982.187s][debug][gc,phases      ] GC(218)     Total                          Min: 0, Avg:  0.0, Max: 0, Diff: 0, Sum: 0, Workers: 4
[3982.187s][debug][gc,phases      ] GC(218)   StringTable Weak               Min:  0.0, Avg:  0.1, Max:  0.1, Diff:  0.1, Sum:  0.3, Workers: 4
[3982.187s][debug][gc,phases      ] GC(218)     Dead                           Min: 0, Avg:  0.0, Max: 0, Diff: 0, Sum: 0, Workers: 4
[3982.187s][debug][gc,phases      ] GC(218)     Total                          Min: 0, Avg: 11367.2, Max: 27712, Diff: 27712, Sum: 45469, Workers: 4
[3982.187s][debug][gc,phases      ] GC(218)   ResolvedMethodTable Weak       Min:  0.0, Avg:  0.0, Max:  0.0, Diff:  0.0, Sum:  0.1, Workers: 4
[3982.187s][debug][gc,phases      ] GC(218)     Dead                           Min: 0, Avg:  0.0, Max: 0, Diff: 0, Sum: 0, Workers: 4
[3982.187s][debug][gc,phases      ] GC(218)     Total                          Min: 0, Avg: 2945.5, Max: 7110, Diff: 7110, Sum: 11782, Workers: 4
[3982.187s][debug][gc,phases      ] GC(218)   JNI Weak                       Min:  0.0, Avg:  0.0, Max:  0.0, Diff:  0.0, Sum:  0.0, Workers: 4
[3982.187s][debug][gc,phases      ] GC(218)     Dead                           Min: 0, Avg:  0.0, Max: 0, Diff: 0, Sum: 0, Workers: 4
[3982.187s][debug][gc,phases      ] GC(218)     Total                          Min: 0, Avg: 12.0, Max: 48, Diff: 48, Sum: 48, Workers: 4
[3982.187s][debug][gc,phases      ] GC(218)   StringDedup Table Weak         Min:  0.0, Avg:  0.0, Max:  0.0, Diff:  0.0, Sum:  0.0, Workers: 4
[3982.187s][debug][gc,phases      ] GC(218)     Dead                           Min: 0, Avg:  0.0, Max: 0, Diff: 0, Sum: 0, Workers: 4
[3982.187s][debug][gc,phases      ] GC(218)     Total                          Min: 0, Avg:  0.0, Max: 0, Diff: 0, Sum: 0, Workers: 4
[3982.187s][debug][gc,phases      ] GC(218)   StringDedup Requests0 Weak     Min:  0.0, Avg:  0.0, Max:  0.0, Diff:  0.0, Sum:  0.0, Workers: 4
[3982.187s][debug][gc,phases      ] GC(218)     Dead                           Min: 0, Avg:  0.0, Max: 0, Diff: 0, Sum: 0, Workers: 4
[3982.187s][debug][gc,phases      ] GC(218)     Total                          Min: 0, Avg:  0.0, Max: 0, Diff: 0, Sum: 0, Workers: 4
[3982.187s][debug][gc,phases      ] GC(218)   StringDedup Requests1 Weak     Min:  0.0, Avg:  0.0, Max:  0.0, Diff:  0.0, Sum:  0.0, Workers: 4
[3982.187s][debug][gc,phases      ] GC(218)     Dead                           Min: 0, Avg:  0.0, Max: 0, Diff: 0, Sum: 0, Workers: 4
[3982.187s][debug][gc,phases      ] GC(218)     Total                          Min: 0, Avg:  0.0, Max: 0, Diff: 0, Sum: 0, Workers: 4
[3982.187s][debug][gc,phases      ] GC(218)   Weak JFR Old Object Samples    Min:  0.0, Avg:  0.0, Max:  0.0, Diff:  0.0, Sum:  0.0, Workers: 4
[3982.187s][debug][gc,phases      ] GC(218)     Dead                           Min: 0, Avg:  0.0, Max: 0, Diff: 0, Sum: 0, Workers: 4
[3982.187s][debug][gc,phases      ] GC(218)     Total                          Min: 0, Avg:  0.0, Max: 0, Diff: 0, Sum: 0, Workers: 4
[3982.187s][debug][gc,phases      ] GC(218) Weak Processing 0.365ms
[3982.187s][debug][gc,age         ] GC(218) Desired survivor size 47185920 bytes, new threshold 15 (max threshold 15)
[3982.187s][info ][gc,heap        ] GC(218) PSYoungGen: 2031328K(2049024K)->27808K(2051072K) Eden: 2001920K(2001920K)->0K(2004480K) From: 29408K(47104K)->27808K(46592K)
[3982.187s][info ][gc,heap        ] GC(218) ParOldGen: 523078K(608768K)->524567K(608768K)
[3982.187s][info ][gc,metaspace   ] GC(218) Metaspace: 92697K(93888K)->92697K(93888K) NonClass: 79473K(80128K)->79473K(80128K) Class: 13224K(13760K)->13224K(13760K)
[3982.187s][info ][gc             ] GC(218) Pause Young (Allocation Failure) 2494M->539M(2597M) 11.793ms
[3982.187s][info ][gc,cpu         ] GC(218) User=0.03s Sys=0.00s Real=0.02s
[3982.187s][info ][safepoint      ] Safepoint "ParallelGCFailedAllocation", Time since last: 4181004427 ns, Reaching safepoint: 12900 ns, Cleanup: 3300 ns, At safepoint: 11853435 ns, Total: 11869635 ns
[3986.187s][info ][safepoint      ] Safepoint "Cleanup", Time since last: 4000225593 ns, Reaching safepoint: 4500 ns, Cleanup: 8400 ns, At safepoint: 1700 ns, Total: 14600 ns
[3993.300s][info ][gc,start       ] GC(219) Pause Young (Allocation Failure)
[3993.311s][debug][gc,phases      ] GC(219) Scavenge 11.462ms
[3993.312s][debug][gc,ref         ] GC(219) Skipped phase 1 of Reference Processing: no references
[3993.312s][debug][gc,ref         ] GC(219) ReferenceProcessor::execute queues: 1, RefProcThreadModel::Single, marks_oops_alive: false
[3993.312s][debug][gc,ref         ] GC(219) Skipped phase 3 of Reference Processing: no references
[3993.312s][debug][gc,ref         ] GC(219) ReferenceProcessor::execute queues: 1, RefProcThreadModel::Single, marks_oops_alive: false
[3993.312s][debug][gc,phases      ] GC(219) Reference Processing 0.098ms
[3993.312s][debug][gc,phases      ] GC(219)   VM Weak                        Min:  0.0, Avg:  0.0, Max:  0.0, Diff:  0.0, Sum:  0.0, Workers: 4
[3993.312s][debug][gc,phases      ] GC(219)     Dead                           Min: 0, Avg:  0.0, Max: 0, Diff: 0, Sum: 0, Workers: 4
[3993.312s][debug][gc,phases      ] GC(219)     Total                          Min: 0, Avg: 251.5, Max: 815, Diff: 815, Sum: 1006, Workers: 4
[3993.312s][debug][gc,phases      ] GC(219)   ObjectSynchronizer Weak        Min:  0.0, Avg:  0.0, Max:  0.0, Diff:  0.0, Sum:  0.0, Workers: 4
[3993.312s][debug][gc,phases      ] GC(219)     Dead                           Min: 0, Avg:  0.0, Max: 0, Diff: 0, Sum: 0, Workers: 4
[3993.312s][debug][gc,phases      ] GC(219)     Total                          Min: 0, Avg:  1.5, Max: 6, Diff: 6, Sum: 6, Workers: 4
[3993.312s][debug][gc,phases      ] GC(219)   JVMTI Tag Weak OopStorage      Min:  0.0, Avg:  0.0, Max:  0.0, Diff:  0.0, Sum:  0.0, Workers: 4
[3993.312s][debug][gc,phases      ] GC(219)     Dead                           Min: 0, Avg:  0.0, Max: 0, Diff: 0, Sum: 0, Workers: 4
[3993.312s][debug][gc,phases      ] GC(219)     Total                          Min: 0, Avg:  0.0, Max: 0, Diff: 0, Sum: 0, Workers: 4
[3993.312s][debug][gc,phases      ] GC(219)   StringTable Weak               Min:  0.0, Avg:  0.1, Max:  0.1, Diff:  0.1, Sum:  0.3, Workers: 4
[3993.312s][debug][gc,phases      ] GC(219)     Dead                           Min: 0, Avg:  0.0, Max: 0, Diff: 0, Sum: 0, Workers: 4
[3993.312s][debug][gc,phases      ] GC(219)     Total                          Min: 0, Avg: 11367.2, Max: 20800, Diff: 20800, Sum: 45469, Workers: 4
[3993.312s][debug][gc,phases      ] GC(219)   ResolvedMethodTable Weak       Min:  0.0, Avg:  0.0, Max:  0.0, Diff:  0.0, Sum:  0.1, Workers: 4
[3993.312s][debug][gc,phases      ] GC(219)     Dead                           Min: 0, Avg:  0.0, Max: 0, Diff: 0, Sum: 0, Workers: 4
[3993.312s][debug][gc,phases      ] GC(219)     Total                          Min: 0, Avg: 2945.5, Max: 4928, Diff: 4928, Sum: 11782, Workers: 4
[3993.312s][debug][gc,phases      ] GC(219)   JNI Weak                       Min:  0.0, Avg:  0.0, Max:  0.0, Diff:  0.0, Sum:  0.0, Workers: 4
[3993.312s][debug][gc,phases      ] GC(219)     Dead                           Min: 0, Avg:  0.0, Max: 0, Diff: 0, Sum: 0, Workers: 4
[3993.312s][debug][gc,phases      ] GC(219)     Total                          Min: 0, Avg: 12.0, Max: 48, Diff: 48, Sum: 48, Workers: 4
[3993.312s][debug][gc,phases      ] GC(219)   StringDedup Table Weak         Min:  0.0, Avg:  0.0, Max:  0.0, Diff:  0.0, Sum:  0.0, Workers: 4
[3993.312s][debug][gc,phases      ] GC(219)     Dead                           Min: 0, Avg:  0.0, Max: 0, Diff: 0, Sum: 0, Workers: 4
[3993.312s][debug][gc,phases      ] GC(219)     Total                          Min: 0, Avg:  0.0, Max: 0, Diff: 0, Sum: 0, Workers: 4
[3993.312s][debug][gc,phases      ] GC(219)   StringDedup Requests0 Weak     Min:  0.0, Avg:  0.0, Max:  0.0, Diff:  0.0, Sum:  0.0, Workers: 4
[3993.312s][debug][gc,phases      ] GC(219)     Dead                           Min: 0, Avg:  0.0, Max: 0, Diff: 0, Sum: 0, Workers: 4
[3993.312s][debug][gc,phases      ] GC(219)     Total                          Min: 0, Avg:  0.0, Max: 0, Diff: 0, Sum: 0, Workers: 4
[3993.312s][debug][gc,phases      ] GC(219)   StringDedup Requests1 Weak     Min:  0.0, Avg:  0.0, Max:  0.0, Diff:  0.0, Sum:  0.0, Workers: 4
[3993.312s][debug][gc,phases      ] GC(219)     Dead                           Min: 0, Avg:  0.0, Max: 0, Diff: 0, Sum: 0, Workers: 4
[3993.312s][debug][gc,phases      ] GC(219)     Total                          Min: 0, Avg:  0.0, Max: 0, Diff: 0, Sum: 0, Workers: 4
[3993.312s][debug][gc,phases      ] GC(219)   Weak JFR Old Object Samples    Min:  0.0, Avg:  0.0, Max:  0.0, Diff:  0.0, Sum:  0.0, Workers: 4
[3993.312s][debug][gc,phases      ] GC(219)     Dead                           Min: 0, Avg:  0.0, Max: 0, Diff: 0, Sum: 0, Workers: 4
[3993.312s][debug][gc,phases      ] GC(219)     Total                          Min: 0, Avg:  0.0, Max: 0, Diff: 0, Sum: 0, Workers: 4
[3993.312s][debug][gc,phases      ] GC(219) Weak Processing 0.321ms
[3993.312s][debug][gc,age         ] GC(219) Desired survivor size 49807360 bytes, new threshold 15 (max threshold 15)
[3993.312s][info ][gc,heap        ] GC(219) PSYoungGen: 2032288K(2051072K)->7536K(2012160K) Eden: 2004480K(2004480K)->0K(2004480K) From: 27808K(46592K)->7536K(7680K)
[3993.312s][info ][gc,heap        ] GC(219) ParOldGen: 524567K(608768K)->545869K(608768K)
[3993.312s][info ][gc,metaspace   ] GC(219) Metaspace: 92698K(93888K)->92698K(93888K) NonClass: 79474K(80128K)->79474K(80128K) Class: 13224K(13760K)->13224K(13760K)
[3993.312s][info ][gc             ] GC(219) Pause Young (Allocation Failure) 2496M->540M(2559M) 11.986ms
[3993.312s][info ][gc,cpu         ] GC(219) User=0.04s Sys=0.00s Real=0.01s
[3993.312s][info ][safepoint      ] Safepoint "ParallelGCFailedAllocation", Time since last: 7112828662 ns, Reaching safepoint: 78700 ns, Cleanup: 3999 ns, At safepoint: 12059736 ns, Total: 12142435 ns
[4000.313s][info ][safepoint      ] Safepoint "Cleanup", Time since last: 7000469594 ns, Reaching safepoint: 72400 ns, Cleanup: 7600 ns, At safepoint: 5600 ns, Total: 85600 ns
[4004.846s][info ][gc,start       ] GC(220) Pause Young (Allocation Failure)
[4004.852s][debug][gc,phases      ] GC(220) Scavenge 6.132ms
[4004.852s][debug][gc,ref         ] GC(220) Skipped phase 1 of Reference Processing: no references
[4004.853s][debug][gc,ref         ] GC(220) ReferenceProcessor::execute queues: 1, RefProcThreadModel::Single, marks_oops_alive: false
[4004.853s][debug][gc,ref         ] GC(220) Skipped phase 3 of Reference Processing: no references
[4004.853s][debug][gc,ref         ] GC(220) ReferenceProcessor::execute queues: 1, RefProcThreadModel::Single, marks_oops_alive: false
[4004.853s][debug][gc,phases      ] GC(220) Reference Processing 0.087ms
[4004.853s][debug][gc,phases      ] GC(220)   VM Weak                        Min:  0.0, Avg:  0.0, Max:  0.0, Diff:  0.0, Sum:  0.0, Workers: 4
[4004.853s][debug][gc,phases      ] GC(220)     Dead                           Min: 0, Avg:  0.0, Max: 0, Diff: 0, Sum: 0, Workers: 4
[4004.853s][debug][gc,phases      ] GC(220)     Total                          Min: 0, Avg: 251.5, Max: 879, Diff: 879, Sum: 1006, Workers: 4
[4004.853s][debug][gc,phases      ] GC(220)   ObjectSynchronizer Weak        Min:  0.0, Avg:  0.0, Max:  0.0, Diff:  0.0, Sum:  0.0, Workers: 4
[4004.853s][debug][gc,phases      ] GC(220)     Dead                           Min: 0, Avg:  0.0, Max: 0, Diff: 0, Sum: 0, Workers: 4
[4004.853s][debug][gc,phases      ] GC(220)     Total                          Min: 0, Avg:  1.5, Max: 6, Diff: 6, Sum: 6, Workers: 4
[4004.853s][debug][gc,phases      ] GC(220)   JVMTI Tag Weak OopStorage      Min:  0.0, Avg:  0.0, Max:  0.0, Diff:  0.0, Sum:  0.0, Workers: 4
[4004.853s][debug][gc,phases      ] GC(220)     Dead                           Min: 0, Avg:  0.0, Max: 0, Diff: 0, Sum: 0, Workers: 4
[4004.853s][debug][gc,phases      ] GC(220)     Total                          Min: 0, Avg:  0.0, Max: 0, Diff: 0, Sum: 0, Workers: 4
[4004.853s][debug][gc,phases      ] GC(220)   StringTable Weak               Min:  0.0, Avg:  0.1, Max:  0.1, Diff:  0.1, Sum:  0.3, Workers: 4
[4004.853s][debug][gc,phases      ] GC(220)     Dead                           Min: 0, Avg:  0.0, Max: 0, Diff: 0, Sum: 0, Workers: 4
[4004.853s][debug][gc,phases      ] GC(220)     Total                          Min: 0, Avg: 11367.2, Max: 19456, Diff: 19456, Sum: 45469, Workers: 4
[4004.853s][debug][gc,phases      ] GC(220)   ResolvedMethodTable Weak       Min:  0.0, Avg:  0.0, Max:  0.0, Diff:  0.0, Sum:  0.1, Workers: 4
[4004.853s][debug][gc,phases      ] GC(220)     Dead                           Min: 0, Avg:  0.0, Max: 0, Diff: 0, Sum: 0, Workers: 4
[4004.853s][debug][gc,phases      ] GC(220)     Total                          Min: 0, Avg: 2945.5, Max: 4992, Diff: 4992, Sum: 11782, Workers: 4
[4004.853s][debug][gc,phases      ] GC(220)   JNI Weak                       Min:  0.0, Avg:  0.0, Max:  0.0, Diff:  0.0, Sum:  0.0, Workers: 4
[4004.853s][debug][gc,phases      ] GC(220)     Dead                           Min: 0, Avg:  0.0, Max: 0, Diff: 0, Sum: 0, Workers: 4
[4004.853s][debug][gc,phases      ] GC(220)     Total                          Min: 0, Avg: 12.0, Max: 48, Diff: 48, Sum: 48, Workers: 4
[4004.853s][debug][gc,phases      ] GC(220)   StringDedup Table Weak         Min:  0.0, Avg:  0.0, Max:  0.0, Diff:  0.0, Sum:  0.0, Workers: 4
[4004.853s][debug][gc,phases      ] GC(220)     Dead                           Min: 0, Avg:  0.0, Max: 0, Diff: 0, Sum: 0, Workers: 4
[4004.853s][debug][gc,phases      ] GC(220)     Total                          Min: 0, Avg:  0.0, Max: 0, Diff: 0, Sum: 0, Workers: 4
[4004.853s][debug][gc,phases      ] GC(220)   StringDedup Requests0 Weak     Min:  0.0, Avg:  0.0, Max:  0.0, Diff:  0.0, Sum:  0.0, Workers: 4
[4004.853s][debug][gc,phases      ] GC(220)     Dead                           Min: 0, Avg:  0.0, Max: 0, Diff: 0, Sum: 0, Workers: 4
[4004.853s][debug][gc,phases      ] GC(220)     Total                          Min: 0, Avg:  0.0, Max: 0, Diff: 0, Sum: 0, Workers: 4
[4004.853s][debug][gc,phases      ] GC(220)   StringDedup Requests1 Weak     Min:  0.0, Avg:  0.0, Max:  0.0, Diff:  0.0, Sum:  0.0, Workers: 4
[4004.853s][debug][gc,phases      ] GC(220)     Dead                           Min: 0, Avg:  0.0, Max: 0, Diff: 0, Sum: 0, Workers: 4
[4004.853s][debug][gc,phases      ] GC(220)     Total                          Min: 0, Avg:  0.0, Max: 0, Diff: 0, Sum: 0, Workers: 4
[4004.853s][debug][gc,phases      ] GC(220)   Weak JFR Old Object Samples    Min:  0.0, Avg:  0.0, Max:  0.0, Diff:  0.0, Sum:  0.0, Workers: 4
[4004.853s][debug][gc,phases      ] GC(220)     Dead                           Min: 0, Avg:  0.0, Max: 0, Diff: 0, Sum: 0, Workers: 4
[4004.853s][debug][gc,phases      ] GC(220)     Total                          Min: 0, Avg:  0.0, Max: 0, Diff: 0, Sum: 0, Workers: 4
[4004.853s][debug][gc,phases      ] GC(220) Weak Processing 0.316ms
[4004.853s][debug][gc,age         ] GC(220) Desired survivor size 51904512 bytes, new threshold 15 (max threshold 15)
[4004.853s][info ][gc,heap        ] GC(220) PSYoungGen: 2012016K(2012160K)->7344K(2044416K) Eden: 2004480K(2004480K)->0K(1995776K) From: 7536K(7680K)->7344K(48640K)
[4004.853s][info ][gc,heap        ] GC(220) ParOldGen: 545869K(608768K)->546101K(608768K)
[4004.853s][info ][gc,metaspace   ] GC(220) Metaspace: 92698K(93888K)->92698K(93888K) NonClass: 79474K(80128K)->79474K(80128K) Class: 13224K(13760K)->13224K(13760K)
[4004.853s][info ][gc             ] GC(220) Pause Young (Allocation Failure) 2497M->540M(2591M) 6.652ms
[4004.853s][info ][gc,cpu         ] GC(220) User=0.01s Sys=0.01s Real=0.00s
[4004.853s][info ][safepoint      ] Safepoint "ParallelGCFailedAllocation", Time since last: 4533637158 ns, Reaching safepoint: 5900 ns, Cleanup: 5100 ns, At safepoint: 6720664 ns, Total: 6731664 ns
[4007.853s][info ][safepoint      ] Safepoint "Cleanup", Time since last: 3000215075 ns, Reaching safepoint: 78400 ns, Cleanup: 11300 ns, At safepoint: 6400 ns, Total: 96100 ns
[4008.853s][info ][safepoint      ] Safepoint "Cleanup", Time since last: 1000109191 ns, Reaching safepoint: 75500 ns, Cleanup: 8600 ns, At safepoint: 6000 ns, Total: 90100 ns
[4012.854s][info ][safepoint      ] Safepoint "Cleanup", Time since last: 4000299956 ns, Reaching safepoint: 73200 ns, Cleanup: 9000 ns, At safepoint: 5200 ns, Total: 87400 ns
[4016.353s][info ][gc,start       ] GC(221) Pause Young (Allocation Failure)
[4016.358s][debug][gc,phases      ] GC(221) Scavenge 4.950ms
[4016.358s][debug][gc,ref         ] GC(221) Skipped phase 1 of Reference Processing: no references
[4016.358s][debug][gc,ref         ] GC(221) ReferenceProcessor::execute queues: 1, RefProcThreadModel::Single, marks_oops_alive: false
[4016.358s][debug][gc,ref         ] GC(221) Skipped phase 3 of Reference Processing: no references
[4016.358s][debug][gc,ref         ] GC(221) ReferenceProcessor::execute queues: 1, RefProcThreadModel::Single, marks_oops_alive: false
[4016.358s][debug][gc,phases      ] GC(221) Reference Processing 0.100ms
[4016.358s][debug][gc,phases      ] GC(221)   VM Weak                        Min:  0.0, Avg:  0.0, Max:  0.0, Diff:  0.0, Sum:  0.0, Workers: 4
[4016.358s][debug][gc,phases      ] GC(221)     Dead                           Min: 0, Avg:  0.0, Max: 0, Diff: 0, Sum: 0, Workers: 4
[4016.358s][debug][gc,phases      ] GC(221)     Total                          Min: 0, Avg: 251.5, Max: 815, Diff: 815, Sum: 1006, Workers: 4
[4016.358s][debug][gc,phases      ] GC(221)   ObjectSynchronizer Weak        Min:  0.0, Avg:  0.0, Max:  0.0, Diff:  0.0, Sum:  0.0, Workers: 4
[4016.358s][debug][gc,phases      ] GC(221)     Dead                           Min: 0, Avg:  0.0, Max: 0, Diff: 0, Sum: 0, Workers: 4
[4016.358s][debug][gc,phases      ] GC(221)     Total                          Min: 0, Avg:  1.5, Max: 6, Diff: 6, Sum: 6, Workers: 4
[4016.358s][debug][gc,phases      ] GC(221)   JVMTI Tag Weak OopStorage      Min:  0.0, Avg:  0.0, Max:  0.0, Diff:  0.0, Sum:  0.0, Workers: 4
[4016.358s][debug][gc,phases      ] GC(221)     Dead                           Min: 0, Avg:  0.0, Max: 0, Diff: 0, Sum: 0, Workers: 4
[4016.358s][debug][gc,phases      ] GC(221)     Total                          Min: 0, Avg:  0.0, Max: 0, Diff: 0, Sum: 0, Workers: 4
[4016.358s][debug][gc,phases      ] GC(221)   StringTable Weak               Min:  0.0, Avg:  0.1, Max:  0.1, Diff:  0.1, Sum:  0.4, Workers: 4
[4016.358s][debug][gc,phases      ] GC(221)     Dead                           Min: 0, Avg:  0.2, Max: 1, Diff: 1, Sum: 1, Workers: 4
[4016.358s][debug][gc,phases      ] GC(221)     Total                          Min: 0, Avg: 11367.2, Max: 19968, Diff: 19968, Sum: 45469, Workers: 4
[4016.358s][debug][gc,phases      ] GC(221)   ResolvedMethodTable Weak       Min:  0.0, Avg:  0.0, Max:  0.0, Diff:  0.0, Sum:  0.1, Workers: 4
[4016.358s][debug][gc,phases      ] GC(221)     Dead                           Min: 0, Avg:  0.0, Max: 0, Diff: 0, Sum: 0, Workers: 4
[4016.358s][debug][gc,phases      ] GC(221)     Total                          Min: 0, Avg: 2946.0, Max: 5064, Diff: 5064, Sum: 11784, Workers: 4
[4016.358s][debug][gc,phases      ] GC(221)   JNI Weak                       Min:  0.0, Avg:  0.0, Max:  0.0, Diff:  0.0, Sum:  0.0, Workers: 4
[4016.358s][debug][gc,phases      ] GC(221)     Dead                           Min: 0, Avg:  0.0, Max: 0, Diff: 0, Sum: 0, Workers: 4
[4016.358s][debug][gc,phases      ] GC(221)     Total                          Min: 0, Avg: 12.0, Max: 48, Diff: 48, Sum: 48, Workers: 4
[4016.358s][debug][gc,phases      ] GC(221)   StringDedup Table Weak         Min:  0.0, Avg:  0.0, Max:  0.0, Diff:  0.0, Sum:  0.0, Workers: 4
[4016.358s][debug][gc,phases      ] GC(221)     Dead                           Min: 0, Avg:  0.0, Max: 0, Diff: 0, Sum: 0, Workers: 4
[4016.358s][debug][gc,phases      ] GC(221)     Total                          Min: 0, Avg:  0.0, Max: 0, Diff: 0, Sum: 0, Workers: 4
[4016.358s][debug][gc,phases      ] GC(221)   StringDedup Requests0 Weak     Min:  0.0, Avg:  0.0, Max:  0.0, Diff:  0.0, Sum:  0.0, Workers: 4
[4016.358s][debug][gc,phases      ] GC(221)     Dead                           Min: 0, Avg:  0.0, Max: 0, Diff: 0, Sum: 0, Workers: 4
[4016.358s][debug][gc,phases      ] GC(221)     Total                          Min: 0, Avg:  0.0, Max: 0, Diff: 0, Sum: 0, Workers: 4
[4016.358s][debug][gc,phases      ] GC(221)   StringDedup Requests1 Weak     Min:  0.0, Avg:  0.0, Max:  0.0, Diff:  0.0, Sum:  0.0, Workers: 4
[4016.358s][debug][gc,phases      ] GC(221)     Dead                           Min: 0, Avg:  0.0, Max: 0, Diff: 0, Sum: 0, Workers: 4
[4016.358s][debug][gc,phases      ] GC(221)     Total                          Min: 0, Avg:  0.0, Max: 0, Diff: 0, Sum: 0, Workers: 4
[4016.358s][debug][gc,phases      ] GC(221)   Weak JFR Old Object Samples    Min:  0.0, Avg:  0.0, Max:  0.0, Diff:  0.0, Sum:  0.0, Workers: 4
[4016.358s][debug][gc,phases      ] GC(221)     Dead                           Min: 0, Avg:  0.0, Max: 0, Diff: 0, Sum: 0, Workers: 4
[4016.358s][debug][gc,phases      ] GC(221)     Total                          Min: 0, Avg:  0.0, Max: 0, Diff: 0, Sum: 0, Workers: 4
[4016.358s][debug][gc,phases      ] GC(221) Weak Processing 0.327ms
[4016.358s][debug][gc,age         ] GC(221) Desired survivor size 53477376 bytes, new threshold 15 (max threshold 15)
[4016.358s][info ][gc,heap        ] GC(221) PSYoungGen: 2003120K(2044416K)->7136K(2002944K) Eden: 1995776K(1995776K)->0K(1995776K) From: 7344K(48640K)->7136K(7168K)
[4016.358s][info ][gc,heap        ] GC(221) ParOldGen: 546101K(608768K)->546441K(608768K)
[4016.358s][info ][gc,metaspace   ] GC(221) Metaspace: 92705K(93888K)->92705K(93888K) NonClass: 79480K(80128K)->79480K(80128K) Class: 13225K(13760K)->13225K(13760K)
[4016.358s][info ][gc             ] GC(221) Pause Young (Allocation Failure) 2489M->540M(2550M) 5.475ms
[4016.358s][info ][gc,cpu         ] GC(221) User=0.02s Sys=0.00s Real=0.01s
[4016.358s][info ][safepoint      ] Safepoint "ParallelGCFailedAllocation", Time since last: 3498875807 ns, Reaching safepoint: 4300 ns, Cleanup: 3800 ns, At safepoint: 5548670 ns, Total: 5556770 ns
[4018.359s][info ][safepoint      ] Safepoint "Cleanup", Time since last: 2000158957 ns, Reaching safepoint: 73999 ns, Cleanup: 7600 ns, At safepoint: 4900 ns, Total: 86499 ns
[4023.173s][info ][safepoint      ] Safepoint "Cleanup", Time since last: 4814567803 ns, Reaching safepoint: 75499 ns, Cleanup: 8100 ns, At safepoint: 4400 ns, Total: 87999 ns
[4027.574s][info ][gc,start       ] GC(222) Pause Young (Allocation Failure)
[4027.580s][debug][gc,phases      ] GC(222) Scavenge 5.354ms
[4027.580s][debug][gc,ref         ] GC(222) Skipped phase 1 of Reference Processing: no references
[4027.580s][debug][gc,ref         ] GC(222) ReferenceProcessor::execute queues: 1, RefProcThreadModel::Single, marks_oops_alive: false
[4027.580s][debug][gc,ref         ] GC(222) Skipped phase 3 of Reference Processing: no references
[4027.580s][debug][gc,ref         ] GC(222) ReferenceProcessor::execute queues: 1, RefProcThreadModel::Single, marks_oops_alive: false
[4027.580s][debug][gc,phases      ] GC(222) Reference Processing 0.094ms
[4027.580s][debug][gc,phases      ] GC(222)   VM Weak                        Min:  0.0, Avg:  0.0, Max:  0.0, Diff:  0.0, Sum:  0.0, Workers: 4
[4027.580s][debug][gc,phases      ] GC(222)     Dead                           Min: 0, Avg:  0.0, Max: 0, Diff: 0, Sum: 0, Workers: 4
[4027.580s][debug][gc,phases      ] GC(222)     Total                          Min: 0, Avg: 251.5, Max: 703, Diff: 703, Sum: 1006, Workers: 4
[4027.580s][debug][gc,phases      ] GC(222)   ObjectSynchronizer Weak        Min:  0.0, Avg:  0.0, Max:  0.0, Diff:  0.0, Sum:  0.0, Workers: 4
[4027.580s][debug][gc,phases      ] GC(222)     Dead                           Min: 0, Avg:  0.0, Max: 0, Diff: 0, Sum: 0, Workers: 4
[4027.580s][debug][gc,phases      ] GC(222)     Total                          Min: 0, Avg:  1.5, Max: 6, Diff: 6, Sum: 6, Workers: 4
[4027.580s][debug][gc,phases      ] GC(222)   JVMTI Tag Weak OopStorage      Min:  0.0, Avg:  0.0, Max:  0.0, Diff:  0.0, Sum:  0.0, Workers: 4
[4027.580s][debug][gc,phases      ] GC(222)     Dead                           Min: 0, Avg:  0.0, Max: 0, Diff: 0, Sum: 0, Workers: 4
[4027.580s][debug][gc,phases      ] GC(222)     Total                          Min: 0, Avg:  0.0, Max: 0, Diff: 0, Sum: 0, Workers: 4
[4027.580s][debug][gc,phases      ] GC(222)   StringTable Weak               Min:  0.0, Avg:  0.1, Max:  0.1, Diff:  0.1, Sum:  0.3, Workers: 4
[4027.580s][debug][gc,phases      ] GC(222)     Dead                           Min: 0, Avg:  0.0, Max: 0, Diff: 0, Sum: 0, Workers: 4
[4027.580s][debug][gc,phases      ] GC(222)     Total                          Min: 0, Avg: 11367.2, Max: 20702, Diff: 20702, Sum: 45469, Workers: 4
[4027.580s][debug][gc,phases      ] GC(222)   ResolvedMethodTable Weak       Min:  0.0, Avg:  0.0, Max:  0.0, Diff:  0.0, Sum:  0.1, Workers: 4
[4027.580s][debug][gc,phases      ] GC(222)     Dead                           Min: 0, Avg:  0.0, Max: 0, Diff: 0, Sum: 0, Workers: 4
[4027.580s][debug][gc,phases      ] GC(222)     Total                          Min: 0, Avg: 2946.0, Max: 4160, Diff: 4160, Sum: 11784, Workers: 4
[4027.580s][debug][gc,phases      ] GC(222)   JNI Weak                       Min:  0.0, Avg:  0.0, Max:  0.0, Diff:  0.0, Sum:  0.0, Workers: 4
[4027.580s][debug][gc,phases      ] GC(222)     Dead                           Min: 0, Avg:  0.0, Max: 0, Diff: 0, Sum: 0, Workers: 4
[4027.580s][debug][gc,phases      ] GC(222)     Total                          Min: 0, Avg: 12.0, Max: 48, Diff: 48, Sum: 48, Workers: 4
[4027.580s][debug][gc,phases      ] GC(222)   StringDedup Table Weak         Min:  0.0, Avg:  0.0, Max:  0.0, Diff:  0.0, Sum:  0.0, Workers: 4
[4027.580s][debug][gc,phases      ] GC(222)     Dead                           Min: 0, Avg:  0.0, Max: 0, Diff: 0, Sum: 0, Workers: 4
[4027.580s][debug][gc,phases      ] GC(222)     Total                          Min: 0, Avg:  0.0, Max: 0, Diff: 0, Sum: 0, Workers: 4
[4027.580s][debug][gc,phases      ] GC(222)   StringDedup Requests0 Weak     Min:  0.0, Avg:  0.0, Max:  0.0, Diff:  0.0, Sum:  0.0, Workers: 4
[4027.580s][debug][gc,phases      ] GC(222)     Dead                           Min: 0, Avg:  0.0, Max: 0, Diff: 0, Sum: 0, Workers: 4
[4027.580s][debug][gc,phases      ] GC(222)     Total                          Min: 0, Avg:  0.0, Max: 0, Diff: 0, Sum: 0, Workers: 4
[4027.580s][debug][gc,phases      ] GC(222)   StringDedup Requests1 Weak     Min:  0.0, Avg:  0.0, Max:  0.0, Diff:  0.0, Sum:  0.0, Workers: 4
[4027.580s][debug][gc,phases      ] GC(222)     Dead                           Min: 0, Avg:  0.0, Max: 0, Diff: 0, Sum: 0, Workers: 4
[4027.580s][debug][gc,phases      ] GC(222)     Total                          Min: 0, Avg:  0.0, Max: 0, Diff: 0, Sum: 0, Workers: 4
[4027.580s][debug][gc,phases      ] GC(222)   Weak JFR Old Object Samples    Min:  0.0, Avg:  0.0, Max:  0.0, Diff:  0.0, Sum:  0.0, Workers: 4
[4027.580s][debug][gc,phases      ] GC(222)     Dead                           Min: 0, Avg:  0.0, Max: 0, Diff: 0, Sum: 0, Workers: 4
[4027.580s][debug][gc,phases      ] GC(222)     Total                          Min: 0, Avg:  0.0, Max: 0, Diff: 0, Sum: 0, Workers: 4
[4027.580s][debug][gc,phases      ] GC(222) Weak Processing 0.363ms
[4027.580s][debug][gc,age         ] GC(222) Desired survivor size 53477376 bytes, new threshold 15 (max threshold 15)
[4027.580s][info ][gc,heap        ] GC(222) PSYoungGen: 2002912K(2002944K)->7584K(2044928K) Eden: 1995776K(1995776K)->0K(1992704K) From: 7136K(7168K)->7584K(52224K)
[4027.580s][info ][gc,heap        ] GC(222) ParOldGen: 546441K(608768K)->546561K(608768K)
[4027.580s][info ][gc,metaspace   ] GC(222) Metaspace: 92706K(93888K)->92706K(93888K) NonClass: 79481K(80128K)->79481K(80128K) Class: 13225K(13760K)->13225K(13760K)
[4027.580s][info ][gc             ] GC(222) Pause Young (Allocation Failure) 2489M->541M(2591M) 5.917ms
[4027.580s][info ][gc,cpu         ] GC(222) User=0.02s Sys=0.00s Real=0.01s
[4027.580s][info ][safepoint      ] Safepoint "ParallelGCFailedAllocation", Time since last: 4401218764 ns, Reaching safepoint: 72800 ns, Cleanup: 3800 ns, At safepoint: 5981468 ns, Total: 6058068 ns
[4028.581s][info ][safepoint      ] Safepoint "Cleanup", Time since last: 1000078041 ns, Reaching safepoint: 5100 ns, Cleanup: 8800 ns, At safepoint: 2200 ns, Total: 16100 ns
[4031.581s][info ][safepoint      ] Safepoint "Cleanup", Time since last: 3000230221 ns, Reaching safepoint: 4900 ns, Cleanup: 12400 ns, At safepoint: 1900 ns, Total: 19200 ns
[4033.581s][info ][safepoint      ] Safepoint "Cleanup", Time since last: 2000182280 ns, Reaching safepoint: 5900 ns, Cleanup: 11300 ns, At safepoint: 2300 ns, Total: 19500 ns
[4038.590s][info ][gc,start       ] GC(223) Pause Young (Allocation Failure)
[4038.596s][debug][gc,phases      ] GC(223) Scavenge 5.251ms
[4038.596s][debug][gc,ref         ] GC(223) Skipped phase 1 of Reference Processing: no references
[4038.596s][debug][gc,ref         ] GC(223) ReferenceProcessor::execute queues: 1, RefProcThreadModel::Single, marks_oops_alive: false
[4038.596s][debug][gc,ref         ] GC(223) Skipped phase 3 of Reference Processing: no references
[4038.596s][debug][gc,ref         ] GC(223) ReferenceProcessor::execute queues: 1, RefProcThreadModel::Single, marks_oops_alive: false
[4038.596s][debug][gc,phases      ] GC(223) Reference Processing 0.092ms
[4038.596s][debug][gc,phases      ] GC(223)   VM Weak                        Min:  0.0, Avg:  0.0, Max:  0.0, Diff:  0.0, Sum:  0.0, Workers: 4
[4038.596s][debug][gc,phases      ] GC(223)     Dead                           Min: 0, Avg:  0.0, Max: 0, Diff: 0, Sum: 0, Workers: 4
[4038.596s][debug][gc,phases      ] GC(223)     Total                          Min: 0, Avg: 251.5, Max: 511, Diff: 511, Sum: 1006, Workers: 4
[4038.596s][debug][gc,phases      ] GC(223)   ObjectSynchronizer Weak        Min:  0.0, Avg:  0.0, Max:  0.0, Diff:  0.0, Sum:  0.0, Workers: 4
[4038.596s][debug][gc,phases      ] GC(223)     Dead                           Min: 0, Avg:  0.0, Max: 0, Diff: 0, Sum: 0, Workers: 4
[4038.596s][debug][gc,phases      ] GC(223)     Total                          Min: 0, Avg:  1.5, Max: 6, Diff: 6, Sum: 6, Workers: 4
[4038.596s][debug][gc,phases      ] GC(223)   JVMTI Tag Weak OopStorage      Min:  0.0, Avg:  0.0, Max:  0.0, Diff:  0.0, Sum:  0.0, Workers: 4
[4038.596s][debug][gc,phases      ] GC(223)     Dead                           Min: 0, Avg:  0.0, Max: 0, Diff: 0, Sum: 0, Workers: 4
[4038.596s][debug][gc,phases      ] GC(223)     Total                          Min: 0, Avg:  0.0, Max: 0, Diff: 0, Sum: 0, Workers: 4
[4038.596s][debug][gc,phases      ] GC(223)   StringTable Weak               Min:  0.0, Avg:  0.1, Max:  0.1, Diff:  0.1, Sum:  0.4, Workers: 4
[4038.596s][debug][gc,phases      ] GC(223)     Dead                           Min: 0, Avg:  0.0, Max: 0, Diff: 0, Sum: 0, Workers: 4
[4038.596s][debug][gc,phases      ] GC(223)     Total                          Min: 0, Avg: 11367.2, Max: 21214, Diff: 21214, Sum: 45469, Workers: 4
[4038.596s][debug][gc,phases      ] GC(223)   ResolvedMethodTable Weak       Min:  0.0, Avg:  0.0, Max:  0.0, Diff:  0.0, Sum:  0.1, Workers: 4
[4038.596s][debug][gc,phases      ] GC(223)     Dead                           Min: 0, Avg:  0.0, Max: 0, Diff: 0, Sum: 0, Workers: 4
[4038.596s][debug][gc,phases      ] GC(223)     Total                          Min: 0, Avg: 2946.0, Max: 5184, Diff: 5184, Sum: 11784, Workers: 4
[4038.596s][debug][gc,phases      ] GC(223)   JNI Weak                       Min:  0.0, Avg:  0.0, Max:  0.0, Diff:  0.0, Sum:  0.0, Workers: 4
[4038.596s][debug][gc,phases      ] GC(223)     Dead                           Min: 0, Avg:  0.0, Max: 0, Diff: 0, Sum: 0, Workers: 4
[4038.596s][debug][gc,phases      ] GC(223)     Total                          Min: 0, Avg: 12.0, Max: 48, Diff: 48, Sum: 48, Workers: 4
[4038.596s][debug][gc,phases      ] GC(223)   StringDedup Table Weak         Min:  0.0, Avg:  0.0, Max:  0.0, Diff:  0.0, Sum:  0.0, Workers: 4
[4038.596s][debug][gc,phases      ] GC(223)     Dead                           Min: 0, Avg:  0.0, Max: 0, Diff: 0, Sum: 0, Workers: 4
[4038.596s][debug][gc,phases      ] GC(223)     Total                          Min: 0, Avg:  0.0, Max: 0, Diff: 0, Sum: 0, Workers: 4
[4038.596s][debug][gc,phases      ] GC(223)   StringDedup Requests0 Weak     Min:  0.0, Avg:  0.0, Max:  0.0, Diff:  0.0, Sum:  0.0, Workers: 4
[4038.596s][debug][gc,phases      ] GC(223)     Dead                           Min: 0, Avg:  0.0, Max: 0, Diff: 0, Sum: 0, Workers: 4
[4038.596s][debug][gc,phases      ] GC(223)     Total                          Min: 0, Avg:  0.0, Max: 0, Diff: 0, Sum: 0, Workers: 4
[4038.596s][debug][gc,phases      ] GC(223)   StringDedup Requests1 Weak     Min:  0.0, Avg:  0.0, Max:  0.0, Diff:  0.0, Sum:  0.0, Workers: 4
[4038.596s][debug][gc,phases      ] GC(223)     Dead                           Min: 0, Avg:  0.0, Max: 0, Diff: 0, Sum: 0, Workers: 4
[4038.596s][debug][gc,phases      ] GC(223)     Total                          Min: 0, Avg:  0.0, Max: 0, Diff: 0, Sum: 0, Workers: 4
[4038.596s][debug][gc,phases      ] GC(223)   Weak JFR Old Object Samples    Min:  0.0, Avg:  0.0, Max:  0.0, Diff:  0.0, Sum:  0.0, Workers: 4
[4038.596s][debug][gc,phases      ] GC(223)     Dead                           Min: 0, Avg:  0.0, Max: 0, Diff: 0, Sum: 0, Workers: 4
[4038.596s][debug][gc,phases      ] GC(223)     Total                          Min: 0, Avg:  0.0, Max: 0, Diff: 0, Sum: 0, Workers: 4
[4038.596s][debug][gc,phases      ] GC(223) Weak Processing 0.342ms
[4038.596s][debug][gc,age         ] GC(223) Desired survivor size 53477376 bytes, new threshold 15 (max threshold 15)
[4038.596s][info ][gc,heap        ] GC(223) PSYoungGen: 2000288K(2044928K)->7616K(2044928K) Eden: 1992704K(1992704K)->0K(1992704K) From: 7584K(52224K)->7616K(52224K)
[4038.596s][info ][gc,heap        ] GC(223) ParOldGen: 546561K(608768K)->546637K(608768K)
[4038.596s][info ][gc,metaspace   ] GC(223) Metaspace: 92709K(93888K)->92709K(93888K) NonClass: 79484K(80128K)->79484K(80128K) Class: 13225K(13760K)->13225K(13760K)
[4038.596s][info ][gc             ] GC(223) Pause Young (Allocation Failure) 2487M->541M(2591M) 5.794ms
[4038.596s][info ][gc,cpu         ] GC(223) User=0.02s Sys=0.00s Real=0.01s
[4038.596s][info ][safepoint      ] Safepoint "ParallelGCFailedAllocation", Time since last: 5009442535 ns, Reaching safepoint: 5999 ns, Cleanup: 3700 ns, At safepoint: 5860869 ns, Total: 5870568 ns
[4049.597s][info ][safepoint      ] Safepoint "Cleanup", Time since last: 11000646132 ns, Reaching safepoint: 5800 ns, Cleanup: 10900 ns, At safepoint: 2700 ns, Total: 19400 ns
[4049.650s][info ][gc,start       ] GC(224) Pause Young (Allocation Failure)
[4049.655s][debug][gc,phases      ] GC(224) Scavenge 4.923ms
[4049.655s][debug][gc,ref         ] GC(224) Skipped phase 1 of Reference Processing: no references
[4049.656s][debug][gc,ref         ] GC(224) ReferenceProcessor::execute queues: 1, RefProcThreadModel::Single, marks_oops_alive: false
[4049.656s][debug][gc,ref         ] GC(224) Skipped phase 3 of Reference Processing: no references
[4049.656s][debug][gc,ref         ] GC(224) ReferenceProcessor::execute queues: 1, RefProcThreadModel::Single, marks_oops_alive: false
[4049.656s][debug][gc,phases      ] GC(224) Reference Processing 0.115ms
[4049.656s][debug][gc,phases      ] GC(224)   VM Weak                        Min:  0.0, Avg:  0.0, Max:  0.0, Diff:  0.0, Sum:  0.0, Workers: 4
[4049.656s][debug][gc,phases      ] GC(224)     Dead                           Min: 0, Avg:  0.0, Max: 0, Diff: 0, Sum: 0, Workers: 4
[4049.656s][debug][gc,phases      ] GC(224)     Total                          Min: 63, Avg: 251.5, Max: 448, Diff: 385, Sum: 1006, Workers: 4
[4049.656s][debug][gc,phases      ] GC(224)   ObjectSynchronizer Weak        Min:  0.0, Avg:  0.0, Max:  0.0, Diff:  0.0, Sum:  0.0, Workers: 4
[4049.656s][debug][gc,phases      ] GC(224)     Dead                           Min: 0, Avg:  0.0, Max: 0, Diff: 0, Sum: 0, Workers: 4
[4049.656s][debug][gc,phases      ] GC(224)     Total                          Min: 0, Avg:  1.5, Max: 6, Diff: 6, Sum: 6, Workers: 4
[4049.656s][debug][gc,phases      ] GC(224)   JVMTI Tag Weak OopStorage      Min:  0.0, Avg:  0.0, Max:  0.0, Diff:  0.0, Sum:  0.0, Workers: 4
[4049.656s][debug][gc,phases      ] GC(224)     Dead                           Min: 0, Avg:  0.0, Max: 0, Diff: 0, Sum: 0, Workers: 4
[4049.656s][debug][gc,phases      ] GC(224)     Total                          Min: 0, Avg:  0.0, Max: 0, Diff: 0, Sum: 0, Workers: 4
[4049.656s][debug][gc,phases      ] GC(224)   StringTable Weak               Min:  0.1, Avg:  0.1, Max:  0.1, Diff:  0.0, Sum:  0.5, Workers: 4
[4049.656s][debug][gc,phases      ] GC(224)     Dead                           Min: 0, Avg:  0.0, Max: 0, Diff: 0, Sum: 0, Workers: 4
[4049.656s][debug][gc,phases      ] GC(224)     Total                          Min: 7774, Avg: 11367.2, Max: 13568, Diff: 5794, Sum: 45469, Workers: 4
[4049.656s][debug][gc,phases      ] GC(224)   ResolvedMethodTable Weak       Min:  0.0, Avg:  0.0, Max:  0.0, Diff:  0.0, Sum:  0.1, Workers: 4
[4049.656s][debug][gc,phases      ] GC(224)     Dead                           Min: 0, Avg:  0.0, Max: 0, Diff: 0, Sum: 0, Workers: 4
[4049.656s][debug][gc,phases      ] GC(224)     Total                          Min: 2816, Avg: 2946.0, Max: 3136, Diff: 320, Sum: 11784, Workers: 4
[4049.656s][debug][gc,phases      ] GC(224)   JNI Weak                       Min:  0.0, Avg:  0.0, Max:  0.0, Diff:  0.0, Sum:  0.0, Workers: 4
[4049.656s][debug][gc,phases      ] GC(224)     Dead                           Min: 0, Avg:  0.0, Max: 0, Diff: 0, Sum: 0, Workers: 4
[4049.656s][debug][gc,phases      ] GC(224)     Total                          Min: 0, Avg: 12.0, Max: 48, Diff: 48, Sum: 48, Workers: 4
[4049.656s][debug][gc,phases      ] GC(224)   StringDedup Table Weak         Min:  0.0, Avg:  0.0, Max:  0.0, Diff:  0.0, Sum:  0.0, Workers: 4
[4049.656s][debug][gc,phases      ] GC(224)     Dead                           Min: 0, Avg:  0.0, Max: 0, Diff: 0, Sum: 0, Workers: 4
[4049.656s][debug][gc,phases      ] GC(224)     Total                          Min: 0, Avg:  0.0, Max: 0, Diff: 0, Sum: 0, Workers: 4
[4049.656s][debug][gc,phases      ] GC(224)   StringDedup Requests0 Weak     Min:  0.0, Avg:  0.0, Max:  0.0, Diff:  0.0, Sum:  0.0, Workers: 4
[4049.656s][debug][gc,phases      ] GC(224)     Dead                           Min: 0, Avg:  0.0, Max: 0, Diff: 0, Sum: 0, Workers: 4
[4049.656s][debug][gc,phases      ] GC(224)     Total                          Min: 0, Avg:  0.0, Max: 0, Diff: 0, Sum: 0, Workers: 4
[4049.656s][debug][gc,phases      ] GC(224)   StringDedup Requests1 Weak     Min:  0.0, Avg:  0.0, Max:  0.0, Diff:  0.0, Sum:  0.0, Workers: 4
[4049.656s][debug][gc,phases      ] GC(224)     Dead                           Min: 0, Avg:  0.0, Max: 0, Diff: 0, Sum: 0, Workers: 4
[4049.656s][debug][gc,phases      ] GC(224)     Total                          Min: 0, Avg:  0.0, Max: 0, Diff: 0, Sum: 0, Workers: 4
[4049.656s][debug][gc,phases      ] GC(224)   Weak JFR Old Object Samples    Min:  0.0, Avg:  0.0, Max:  0.0, Diff:  0.0, Sum:  0.0, Workers: 4
[4049.656s][debug][gc,phases      ] GC(224)     Dead                           Min: 0, Avg:  0.0, Max: 0, Diff: 0, Sum: 0, Workers: 4
[4049.656s][debug][gc,phases      ] GC(224)     Total                          Min: 0, Avg:  0.0, Max: 0, Diff: 0, Sum: 0, Workers: 4
[4049.656s][debug][gc,phases      ] GC(224) Weak Processing 0.317ms
[4049.656s][debug][gc,age         ] GC(224) Desired survivor size 52953088 bytes, new threshold 15 (max threshold 15)
[4049.656s][info ][gc,heap        ] GC(224) PSYoungGen: 2000320K(2044928K)->7536K(2045440K) Eden: 1992704K(1992704K)->0K(1993216K) From: 7616K(52224K)->7536K(52224K)
[4049.656s][info ][gc,heap        ] GC(224) ParOldGen: 546637K(608768K)->546777K(608768K)
[4049.656s][info ][gc,metaspace   ] GC(224) Metaspace: 92709K(93888K)->92709K(93888K) NonClass: 79484K(80128K)->79484K(80128K) Class: 13225K(13760K)->13225K(13760K)
[4049.656s][info ][gc             ] GC(224) Pause Young (Allocation Failure) 2487M->541M(2592M) 5.440ms
[4049.656s][info ][gc,cpu         ] GC(224) User=0.02s Sys=0.00s Real=0.01s
[4049.656s][info ][safepoint      ] Safepoint "ParallelGCFailedAllocation", Time since last: 53410016 ns, Reaching safepoint: 77400 ns, Cleanup: 2700 ns, At safepoint: 5508871 ns, Total: 5588971 ns
[4050.656s][info ][safepoint      ] Safepoint "Cleanup", Time since last: 1000093010 ns, Reaching safepoint: 76800 ns, Cleanup: 8200 ns, At safepoint: 6200 ns, Total: 91200 ns
[4056.657s][info ][safepoint      ] Safepoint "Cleanup", Time since last: 6000453231 ns, Reaching safepoint: 73700 ns, Cleanup: 8700 ns, At safepoint: 4900 ns, Total: 87300 ns
[4059.974s][info ][safepoint      ] Safepoint "Cleanup", Time since last: 3317058656 ns, Reaching safepoint: 74900 ns, Cleanup: 31199 ns, At safepoint: 12000 ns, Total: 118099 ns
[4060.900s][info ][gc,start       ] GC(225) Pause Young (Allocation Failure)
[4060.905s][debug][gc,phases      ] GC(225) Scavenge 4.829ms
[4060.905s][debug][gc,ref         ] GC(225) Skipped phase 1 of Reference Processing: no references
[4060.905s][debug][gc,ref         ] GC(225) ReferenceProcessor::execute queues: 1, RefProcThreadModel::Single, marks_oops_alive: false
[4060.905s][debug][gc,ref         ] GC(225) Skipped phase 3 of Reference Processing: no references
[4060.905s][debug][gc,ref         ] GC(225) ReferenceProcessor::execute queues: 1, RefProcThreadModel::Single, marks_oops_alive: false
[4060.905s][debug][gc,phases      ] GC(225) Reference Processing 0.088ms
[4060.905s][debug][gc,phases      ] GC(225)   VM Weak                        Min:  0.0, Avg:  0.0, Max:  0.0, Diff:  0.0, Sum:  0.0, Workers: 4
[4060.905s][debug][gc,phases      ] GC(225)     Dead                           Min: 0, Avg:  0.0, Max: 0, Diff: 0, Sum: 0, Workers: 4
[4060.905s][debug][gc,phases      ] GC(225)     Total                          Min: 0, Avg: 251.5, Max: 942, Diff: 942, Sum: 1006, Workers: 4
[4060.905s][debug][gc,phases      ] GC(225)   ObjectSynchronizer Weak        Min:  0.0, Avg:  0.0, Max:  0.0, Diff:  0.0, Sum:  0.0, Workers: 4
[4060.905s][debug][gc,phases      ] GC(225)     Dead                           Min: 0, Avg:  0.0, Max: 0, Diff: 0, Sum: 0, Workers: 4
[4060.905s][debug][gc,phases      ] GC(225)     Total                          Min: 0, Avg:  1.5, Max: 6, Diff: 6, Sum: 6, Workers: 4
[4060.905s][debug][gc,phases      ] GC(225)   JVMTI Tag Weak OopStorage      Min:  0.0, Avg:  0.0, Max:  0.0, Diff:  0.0, Sum:  0.0, Workers: 4
[4060.905s][debug][gc,phases      ] GC(225)     Dead                           Min: 0, Avg:  0.0, Max: 0, Diff: 0, Sum: 0, Workers: 4
[4060.905s][debug][gc,phases      ] GC(225)     Total                          Min: 0, Avg:  0.0, Max: 0, Diff: 0, Sum: 0, Workers: 4
[4060.905s][debug][gc,phases      ] GC(225)   StringTable Weak               Min:  0.0, Avg:  0.1, Max:  0.1, Diff:  0.1, Sum:  0.3, Workers: 4
[4060.905s][debug][gc,phases      ] GC(225)     Dead                           Min: 0, Avg:  0.0, Max: 0, Diff: 0, Sum: 0, Workers: 4
[4060.905s][debug][gc,phases      ] GC(225)     Total                          Min: 0, Avg: 11367.2, Max: 19839, Diff: 19839, Sum: 45469, Workers: 4
[4060.905s][debug][gc,phases      ] GC(225)   ResolvedMethodTable Weak       Min:  0.0, Avg:  0.0, Max:  0.0, Diff:  0.0, Sum:  0.1, Workers: 4
[4060.905s][debug][gc,phases      ] GC(225)     Dead                           Min: 0, Avg:  0.0, Max: 0, Diff: 0, Sum: 0, Workers: 4
[4060.905s][debug][gc,phases      ] GC(225)     Total                          Min: 0, Avg: 2946.0, Max: 5256, Diff: 5256, Sum: 11784, Workers: 4
[4060.905s][debug][gc,phases      ] GC(225)   JNI Weak                       Min:  0.0, Avg:  0.0, Max:  0.0, Diff:  0.0, Sum:  0.0, Workers: 4
[4060.905s][debug][gc,phases      ] GC(225)     Dead                           Min: 0, Avg:  0.0, Max: 0, Diff: 0, Sum: 0, Workers: 4
[4060.905s][debug][gc,phases      ] GC(225)     Total                          Min: 0, Avg: 12.0, Max: 48, Diff: 48, Sum: 48, Workers: 4
[4060.905s][debug][gc,phases      ] GC(225)   StringDedup Table Weak         Min:  0.0, Avg:  0.0, Max:  0.0, Diff:  0.0, Sum:  0.0, Workers: 4
[4060.905s][debug][gc,phases      ] GC(225)     Dead                           Min: 0, Avg:  0.0, Max: 0, Diff: 0, Sum: 0, Workers: 4
[4060.905s][debug][gc,phases      ] GC(225)     Total                          Min: 0, Avg:  0.0, Max: 0, Diff: 0, Sum: 0, Workers: 4
[4060.905s][debug][gc,phases      ] GC(225)   StringDedup Requests0 Weak     Min:  0.0, Avg:  0.0, Max:  0.0, Diff:  0.0, Sum:  0.0, Workers: 4
[4060.905s][debug][gc,phases      ] GC(225)     Dead                           Min: 0, Avg:  0.0, Max: 0, Diff: 0, Sum: 0, Workers: 4
[4060.905s][debug][gc,phases      ] GC(225)     Total                          Min: 0, Avg:  0.0, Max: 0, Diff: 0, Sum: 0, Workers: 4
[4060.905s][debug][gc,phases      ] GC(225)   StringDedup Requests1 Weak     Min:  0.0, Avg:  0.0, Max:  0.0, Diff:  0.0, Sum:  0.0, Workers: 4
[4060.905s][debug][gc,phases      ] GC(225)     Dead                           Min: 0, Avg:  0.0, Max: 0, Diff: 0, Sum: 0, Workers: 4
[4060.905s][debug][gc,phases      ] GC(225)     Total                          Min: 0, Avg:  0.0, Max: 0, Diff: 0, Sum: 0, Workers: 4
[4060.905s][debug][gc,phases      ] GC(225)   Weak JFR Old Object Samples    Min:  0.0, Avg:  0.0, Max:  0.0, Diff:  0.0, Sum:  0.0, Workers: 4
[4060.905s][debug][gc,phases      ] GC(225)     Dead                           Min: 0, Avg:  0.0, Max: 0, Diff: 0, Sum: 0, Workers: 4
[4060.905s][debug][gc,phases      ] GC(225)     Total                          Min: 0, Avg:  0.0, Max: 0, Diff: 0, Sum: 0, Workers: 4
[4060.905s][debug][gc,phases      ] GC(225) Weak Processing 0.317ms
[4060.905s][debug][gc,age         ] GC(225) Desired survivor size 52428800 bytes, new threshold 15 (max threshold 15)
[4060.905s][info ][gc,heap        ] GC(225) PSYoungGen: 2000752K(2045440K)->7408K(2044928K) Eden: 1993216K(1993216K)->0K(1993216K) From: 7536K(52224K)->7408K(51712K)
[4060.905s][info ][gc,heap        ] GC(225) ParOldGen: 546777K(608768K)->546897K(608768K)
[4060.905s][info ][gc,metaspace   ] GC(225) Metaspace: 92712K(93888K)->92712K(93888K) NonClass: 79486K(80128K)->79486K(80128K) Class: 13225K(13760K)->13225K(13760K)
[4060.905s][info ][gc             ] GC(225) Pause Young (Allocation Failure) 2487M->541M(2591M) 5.340ms
[4060.905s][info ][gc,cpu         ] GC(225) User=0.02s Sys=0.00s Real=0.01s
[4060.905s][info ][safepoint      ] Safepoint "ParallelGCFailedAllocation", Time since last: 925901737 ns, Reaching safepoint: 75299 ns, Cleanup: 3900 ns, At safepoint: 5410771 ns, Total: 5489970 ns
[4072.350s][info ][gc,start       ] GC(226) Pause Young (Allocation Failure)
[4072.355s][debug][gc,phases      ] GC(226) Scavenge 4.942ms
[4072.355s][debug][gc,ref         ] GC(226) Skipped phase 1 of Reference Processing: no references
[4072.355s][debug][gc,ref         ] GC(226) ReferenceProcessor::execute queues: 1, RefProcThreadModel::Single, marks_oops_alive: false
[4072.355s][debug][gc,ref         ] GC(226) Skipped phase 3 of Reference Processing: no references
[4072.355s][debug][gc,ref         ] GC(226) ReferenceProcessor::execute queues: 1, RefProcThreadModel::Single, marks_oops_alive: false
[4072.355s][debug][gc,phases      ] GC(226) Reference Processing 0.090ms
[4072.355s][debug][gc,phases      ] GC(226)   VM Weak                        Min:  0.0, Avg:  0.0, Max:  0.0, Diff:  0.0, Sum:  0.0, Workers: 4
[4072.355s][debug][gc,phases      ] GC(226)     Dead                           Min: 0, Avg:  0.0, Max: 0, Diff: 0, Sum: 0, Workers: 4
[4072.355s][debug][gc,phases      ] GC(226)     Total                          Min: 0, Avg: 251.5, Max: 575, Diff: 575, Sum: 1006, Workers: 4
[4072.355s][debug][gc,phases      ] GC(226)   ObjectSynchronizer Weak        Min:  0.0, Avg:  0.0, Max:  0.0, Diff:  0.0, Sum:  0.0, Workers: 4
[4072.355s][debug][gc,phases      ] GC(226)     Dead                           Min: 0, Avg:  0.0, Max: 0, Diff: 0, Sum: 0, Workers: 4
[4072.355s][debug][gc,phases      ] GC(226)     Total                          Min: 0, Avg:  1.5, Max: 6, Diff: 6, Sum: 6, Workers: 4
[4072.355s][debug][gc,phases      ] GC(226)   JVMTI Tag Weak OopStorage      Min:  0.0, Avg:  0.0, Max:  0.0, Diff:  0.0, Sum:  0.0, Workers: 4
[4072.355s][debug][gc,phases      ] GC(226)     Dead                           Min: 0, Avg:  0.0, Max: 0, Diff: 0, Sum: 0, Workers: 4
[4072.355s][debug][gc,phases      ] GC(226)     Total                          Min: 0, Avg:  0.0, Max: 0, Diff: 0, Sum: 0, Workers: 4
[4072.355s][debug][gc,phases      ] GC(226)   StringTable Weak               Min:  0.0, Avg:  0.1, Max:  0.1, Diff:  0.1, Sum:  0.4, Workers: 4
[4072.355s][debug][gc,phases      ] GC(226)     Dead                           Min: 0, Avg:  0.0, Max: 0, Diff: 0, Sum: 0, Workers: 4
[4072.355s][debug][gc,phases      ] GC(226)     Total                          Min: 0, Avg: 11367.2, Max: 19968, Diff: 19968, Sum: 45469, Workers: 4
[4072.355s][debug][gc,phases      ] GC(226)   ResolvedMethodTable Weak       Min:  0.0, Avg:  0.0, Max:  0.0, Diff:  0.0, Sum:  0.1, Workers: 4
[4072.355s][debug][gc,phases      ] GC(226)     Dead                           Min: 0, Avg:  0.0, Max: 0, Diff: 0, Sum: 0, Workers: 4
[4072.355s][debug][gc,phases      ] GC(226)     Total                          Min: 0, Avg: 2946.0, Max: 5312, Diff: 5312, Sum: 11784, Workers: 4
[4072.355s][debug][gc,phases      ] GC(226)   JNI Weak                       Min:  0.0, Avg:  0.0, Max:  0.0, Diff:  0.0, Sum:  0.0, Workers: 4
[4072.355s][debug][gc,phases      ] GC(226)     Dead                           Min: 0, Avg:  0.0, Max: 0, Diff: 0, Sum: 0, Workers: 4
[4072.355s][debug][gc,phases      ] GC(226)     Total                          Min: 0, Avg: 12.0, Max: 48, Diff: 48, Sum: 48, Workers: 4
[4072.355s][debug][gc,phases      ] GC(226)   StringDedup Table Weak         Min:  0.0, Avg:  0.0, Max:  0.0, Diff:  0.0, Sum:  0.0, Workers: 4
[4072.355s][debug][gc,phases      ] GC(226)     Dead                           Min: 0, Avg:  0.0, Max: 0, Diff: 0, Sum: 0, Workers: 4
[4072.355s][debug][gc,phases      ] GC(226)     Total                          Min: 0, Avg:  0.0, Max: 0, Diff: 0, Sum: 0, Workers: 4
[4072.355s][debug][gc,phases      ] GC(226)   StringDedup Requests0 Weak     Min:  0.0, Avg:  0.0, Max:  0.0, Diff:  0.0, Sum:  0.0, Workers: 4
[4072.355s][debug][gc,phases      ] GC(226)     Dead                           Min: 0, Avg:  0.0, Max: 0, Diff: 0, Sum: 0, Workers: 4
[4072.355s][debug][gc,phases      ] GC(226)     Total                          Min: 0, Avg:  0.0, Max: 0, Diff: 0, Sum: 0, Workers: 4
[4072.355s][debug][gc,phases      ] GC(226)   StringDedup Requests1 Weak     Min:  0.0, Avg:  0.0, Max:  0.0, Diff:  0.0, Sum:  0.0, Workers: 4
[4072.355s][debug][gc,phases      ] GC(226)     Dead                           Min: 0, Avg:  0.0, Max: 0, Diff: 0, Sum: 0, Workers: 4
[4072.355s][debug][gc,phases      ] GC(226)     Total                          Min: 0, Avg:  0.0, Max: 0, Diff: 0, Sum: 0, Workers: 4
[4072.355s][debug][gc,phases      ] GC(226)   Weak JFR Old Object Samples    Min:  0.0, Avg:  0.0, Max:  0.0, Diff:  0.0, Sum:  0.0, Workers: 4
[4072.355s][debug][gc,phases      ] GC(226)     Dead                           Min: 0, Avg:  0.0, Max: 0, Diff: 0, Sum: 0, Workers: 4
[4072.355s][debug][gc,phases      ] GC(226)     Total                          Min: 0, Avg:  0.0, Max: 0, Diff: 0, Sum: 0, Workers: 4
[4072.355s][debug][gc,phases      ] GC(226) Weak Processing 0.346ms
[4072.355s][debug][gc,age         ] GC(226) Desired survivor size 51380224 bytes, new threshold 15 (max threshold 15)
[4072.355s][info ][gc,heap        ] GC(226) PSYoungGen: 2000624K(2044928K)->7232K(2046976K) Eden: 1993216K(1993216K)->0K(1995776K) From: 7408K(51712K)->7232K(51200K)
[4072.355s][info ][gc,heap        ] GC(226) ParOldGen: 546897K(608768K)->546961K(608768K)
[4072.355s][info ][gc,metaspace   ] GC(226) Metaspace: 92712K(93888K)->92712K(93888K) NonClass: 79486K(80128K)->79486K(80128K) Class: 13225K(13760K)->13225K(13760K)
[4072.355s][info ][gc             ] GC(226) Pause Young (Allocation Failure) 2487M->541M(2593M) 5.475ms
[4072.355s][info ][gc,cpu         ] GC(226) User=0.02s Sys=0.00s Real=0.01s
[4072.355s][info ][safepoint      ] Safepoint "ParallelGCFailedAllocation", Time since last: 11444583769 ns, Reaching safepoint: 76599 ns, Cleanup: 4000 ns, At safepoint: 5569471 ns, Total: 5650070 ns
[4081.188s][info ][safepoint      ] Safepoint "Cleanup", Time since last: 8832446145 ns, Reaching safepoint: 2300 ns, Cleanup: 5900 ns, At safepoint: 3300 ns, Total: 11500 ns
[4083.188s][info ][safepoint      ] Safepoint "Cleanup", Time since last: 2000129490 ns, Reaching safepoint: 5200 ns, Cleanup: 5999 ns, At safepoint: 2100 ns, Total: 13299 ns
[4083.810s][info ][gc,start       ] GC(227) Pause Young (Allocation Failure)
[4083.815s][debug][gc,phases      ] GC(227) Scavenge 4.735ms
[4083.815s][debug][gc,ref         ] GC(227) Skipped phase 1 of Reference Processing: no references
[4083.815s][debug][gc,ref         ] GC(227) ReferenceProcessor::execute queues: 1, RefProcThreadModel::Single, marks_oops_alive: false
[4083.815s][debug][gc,ref         ] GC(227) Skipped phase 3 of Reference Processing: no references
[4083.815s][debug][gc,ref         ] GC(227) ReferenceProcessor::execute queues: 1, RefProcThreadModel::Single, marks_oops_alive: false
[4083.815s][debug][gc,phases      ] GC(227) Reference Processing 0.089ms
[4083.815s][debug][gc,phases      ] GC(227)   VM Weak                        Min:  0.0, Avg:  0.0, Max:  0.0, Diff:  0.0, Sum:  0.0, Workers: 4
[4083.815s][debug][gc,phases      ] GC(227)     Dead                           Min: 0, Avg:  0.0, Max: 0, Diff: 0, Sum: 0, Workers: 4
[4083.815s][debug][gc,phases      ] GC(227)     Total                          Min: 0, Avg: 251.5, Max: 575, Diff: 575, Sum: 1006, Workers: 4
[4083.815s][debug][gc,phases      ] GC(227)   ObjectSynchronizer Weak        Min:  0.0, Avg:  0.0, Max:  0.0, Diff:  0.0, Sum:  0.0, Workers: 4
[4083.815s][debug][gc,phases      ] GC(227)     Dead                           Min: 0, Avg:  0.0, Max: 0, Diff: 0, Sum: 0, Workers: 4
[4083.815s][debug][gc,phases      ] GC(227)     Total                          Min: 0, Avg:  1.2, Max: 5, Diff: 5, Sum: 5, Workers: 4
[4083.815s][debug][gc,phases      ] GC(227)   JVMTI Tag Weak OopStorage      Min:  0.0, Avg:  0.0, Max:  0.0, Diff:  0.0, Sum:  0.0, Workers: 4
[4083.815s][debug][gc,phases      ] GC(227)     Dead                           Min: 0, Avg:  0.0, Max: 0, Diff: 0, Sum: 0, Workers: 4
[4083.815s][debug][gc,phases      ] GC(227)     Total                          Min: 0, Avg:  0.0, Max: 0, Diff: 0, Sum: 0, Workers: 4
[4083.815s][debug][gc,phases      ] GC(227)   StringTable Weak               Min:  0.1, Avg:  0.1, Max:  0.1, Diff:  0.0, Sum:  0.5, Workers: 4
[4083.815s][debug][gc,phases      ] GC(227)     Dead                           Min: 0, Avg:  0.0, Max: 0, Diff: 0, Sum: 0, Workers: 4
[4083.815s][debug][gc,phases      ] GC(227)     Total                          Min: 10112, Avg: 11367.5, Max: 11904, Diff: 1792, Sum: 45470, Workers: 4
[4083.815s][debug][gc,phases      ] GC(227)   ResolvedMethodTable Weak       Min:  0.0, Avg:  0.0, Max:  0.0, Diff:  0.0, Sum:  0.1, Workers: 4
[4083.815s][debug][gc,phases      ] GC(227)     Dead                           Min: 0, Avg:  0.0, Max: 0, Diff: 0, Sum: 0, Workers: 4
[4083.815s][debug][gc,phases      ] GC(227)     Total                          Min: 960, Avg: 2946.5, Max: 4362, Diff: 3402, Sum: 11786, Workers: 4
[4083.815s][debug][gc,phases      ] GC(227)   JNI Weak                       Min:  0.0, Avg:  0.0, Max:  0.0, Diff:  0.0, Sum:  0.0, Workers: 4
[4083.815s][debug][gc,phases      ] GC(227)     Dead                           Min: 0, Avg:  0.0, Max: 0, Diff: 0, Sum: 0, Workers: 4
[4083.815s][debug][gc,phases      ] GC(227)     Total                          Min: 0, Avg: 12.0, Max: 48, Diff: 48, Sum: 48, Workers: 4
[4083.815s][debug][gc,phases      ] GC(227)   StringDedup Table Weak         Min:  0.0, Avg:  0.0, Max:  0.0, Diff:  0.0, Sum:  0.0, Workers: 4
[4083.815s][debug][gc,phases      ] GC(227)     Dead                           Min: 0, Avg:  0.0, Max: 0, Diff: 0, Sum: 0, Workers: 4
[4083.815s][debug][gc,phases      ] GC(227)     Total                          Min: 0, Avg:  0.0, Max: 0, Diff: 0, Sum: 0, Workers: 4
[4083.815s][debug][gc,phases      ] GC(227)   StringDedup Requests0 Weak     Min:  0.0, Avg:  0.0, Max:  0.0, Diff:  0.0, Sum:  0.0, Workers: 4
[4083.815s][debug][gc,phases      ] GC(227)     Dead                           Min: 0, Avg:  0.0, Max: 0, Diff: 0, Sum: 0, Workers: 4
[4083.815s][debug][gc,phases      ] GC(227)     Total                          Min: 0, Avg:  0.0, Max: 0, Diff: 0, Sum: 0, Workers: 4
[4083.815s][debug][gc,phases      ] GC(227)   StringDedup Requests1 Weak     Min:  0.0, Avg:  0.0, Max:  0.0, Diff:  0.0, Sum:  0.0, Workers: 4
[4083.815s][debug][gc,phases      ] GC(227)     Dead                           Min: 0, Avg:  0.0, Max: 0, Diff: 0, Sum: 0, Workers: 4
[4083.815s][debug][gc,phases      ] GC(227)     Total                          Min: 0, Avg:  0.0, Max: 0, Diff: 0, Sum: 0, Workers: 4
[4083.815s][debug][gc,phases      ] GC(227)   Weak JFR Old Object Samples    Min:  0.0, Avg:  0.0, Max:  0.0, Diff:  0.0, Sum:  0.0, Workers: 4
[4083.815s][debug][gc,phases      ] GC(227)     Dead                           Min: 0, Avg:  0.0, Max: 0, Diff: 0, Sum: 0, Workers: 4
[4083.815s][debug][gc,phases      ] GC(227)     Total                          Min: 0, Avg:  0.0, Max: 0, Diff: 0, Sum: 0, Workers: 4
[4083.815s][debug][gc,phases      ] GC(227) Weak Processing 0.315ms
[4083.815s][debug][gc,age         ] GC(227) Desired survivor size 49807360 bytes, new threshold 15 (max threshold 15)
[4083.815s][info ][gc,heap        ] GC(227) PSYoungGen: 2003008K(2046976K)->7296K(2045952K) Eden: 1995776K(1995776K)->0K(1995776K) From: 7232K(51200K)->7296K(50176K)
[4083.815s][info ][gc,heap        ] GC(227) ParOldGen: 546961K(608768K)->547049K(608768K)
[4083.815s][info ][gc,metaspace   ] GC(227) Metaspace: 92713K(93888K)->92713K(93888K) NonClass: 79487K(80128K)->79487K(80128K) Class: 13225K(13760K)->13225K(13760K)
[4083.815s][info ][gc             ] GC(227) Pause Young (Allocation Failure) 2490M->541M(2592M) 5.234ms
[4083.815s][info ][gc,cpu         ] GC(227) User=0.02s Sys=0.00s Real=0.01s
[4083.815s][info ][safepoint      ] Safepoint "ParallelGCFailedAllocation", Time since last: 621925270 ns, Reaching safepoint: 5600 ns, Cleanup: 3600 ns, At safepoint: 5295572 ns, Total: 5304772 ns
[4086.816s][info ][safepoint      ] Safepoint "Cleanup", Time since last: 3000198135 ns, Reaching safepoint: 73300 ns, Cleanup: 6900 ns, At safepoint: 5000 ns, Total: 85200 ns
[4087.816s][info ][safepoint      ] Safepoint "Cleanup", Time since last: 1000094545 ns, Reaching safepoint: 75599 ns, Cleanup: 8300 ns, At safepoint: 5700 ns, Total: 89599 ns
[4090.816s][info ][safepoint      ] Safepoint "Cleanup", Time since last: 3000240960 ns, Reaching safepoint: 85399 ns, Cleanup: 10500 ns, At safepoint: 6500 ns, Total: 102399 ns
[4095.100s][info ][gc,start       ] GC(228) Pause Young (Allocation Failure)
[4095.106s][debug][gc,phases      ] GC(228) Scavenge 5.615ms
[4095.106s][debug][gc,ref         ] GC(228) Skipped phase 1 of Reference Processing: no references
[4095.106s][debug][gc,ref         ] GC(228) ReferenceProcessor::execute queues: 1, RefProcThreadModel::Single, marks_oops_alive: false
[4095.106s][debug][gc,ref         ] GC(228) Skipped phase 3 of Reference Processing: no references
[4095.106s][debug][gc,ref         ] GC(228) ReferenceProcessor::execute queues: 1, RefProcThreadModel::Single, marks_oops_alive: false
[4095.106s][debug][gc,phases      ] GC(228) Reference Processing 0.112ms
[4095.106s][debug][gc,phases      ] GC(228)   VM Weak                        Min:  0.0, Avg:  0.0, Max:  0.0, Diff:  0.0, Sum:  0.0, Workers: 4
[4095.106s][debug][gc,phases      ] GC(228)     Dead                           Min: 0, Avg:  0.0, Max: 0, Diff: 0, Sum: 0, Workers: 4
[4095.106s][debug][gc,phases      ] GC(228)     Total                          Min: 0, Avg: 251.5, Max: 623, Diff: 623, Sum: 1006, Workers: 4
[4095.106s][debug][gc,phases      ] GC(228)   ObjectSynchronizer Weak        Min:  0.0, Avg:  0.0, Max:  0.0, Diff:  0.0, Sum:  0.0, Workers: 4
[4095.106s][debug][gc,phases      ] GC(228)     Dead                           Min: 0, Avg:  0.0, Max: 0, Diff: 0, Sum: 0, Workers: 4
[4095.106s][debug][gc,phases      ] GC(228)     Total                          Min: 0, Avg:  1.2, Max: 5, Diff: 5, Sum: 5, Workers: 4
[4095.106s][debug][gc,phases      ] GC(228)   JVMTI Tag Weak OopStorage      Min:  0.0, Avg:  0.0, Max:  0.0, Diff:  0.0, Sum:  0.0, Workers: 4
[4095.106s][debug][gc,phases      ] GC(228)     Dead                           Min: 0, Avg:  0.0, Max: 0, Diff: 0, Sum: 0, Workers: 4
[4095.106s][debug][gc,phases      ] GC(228)     Total                          Min: 0, Avg:  0.0, Max: 0, Diff: 0, Sum: 0, Workers: 4
[4095.106s][debug][gc,phases      ] GC(228)   StringTable Weak               Min:  0.0, Avg:  0.1, Max:  0.1, Diff:  0.1, Sum:  0.4, Workers: 4
[4095.106s][debug][gc,phases      ] GC(228)     Dead                           Min: 0, Avg:  0.0, Max: 0, Diff: 0, Sum: 0, Workers: 4
[4095.106s][debug][gc,phases      ] GC(228)     Total                          Min: 0, Avg: 11367.8, Max: 18528, Diff: 18528, Sum: 45471, Workers: 4
[4095.106s][debug][gc,phases      ] GC(228)   ResolvedMethodTable Weak       Min:  0.0, Avg:  0.0, Max:  0.0, Diff:  0.0, Sum:  0.1, Workers: 4
[4095.106s][debug][gc,phases      ] GC(228)     Dead                           Min: 0, Avg:  0.0, Max: 0, Diff: 0, Sum: 0, Workers: 4
[4095.106s][debug][gc,phases      ] GC(228)     Total                          Min: 0, Avg: 2946.5, Max: 5322, Diff: 5322, Sum: 11786, Workers: 4
[4095.106s][debug][gc,phases      ] GC(228)   JNI Weak                       Min:  0.0, Avg:  0.0, Max:  0.0, Diff:  0.0, Sum:  0.0, Workers: 4
[4095.106s][debug][gc,phases      ] GC(228)     Dead                           Min: 0, Avg:  0.0, Max: 0, Diff: 0, Sum: 0, Workers: 4
[4095.106s][debug][gc,phases      ] GC(228)     Total                          Min: 0, Avg: 12.0, Max: 48, Diff: 48, Sum: 48, Workers: 4
[4095.106s][debug][gc,phases      ] GC(228)   StringDedup Table Weak         Min:  0.0, Avg:  0.0, Max:  0.0, Diff:  0.0, Sum:  0.0, Workers: 4
[4095.106s][debug][gc,phases      ] GC(228)     Dead                           Min: 0, Avg:  0.0, Max: 0, Diff: 0, Sum: 0, Workers: 4
[4095.106s][debug][gc,phases      ] GC(228)     Total                          Min: 0, Avg:  0.0, Max: 0, Diff: 0, Sum: 0, Workers: 4
[4095.106s][debug][gc,phases      ] GC(228)   StringDedup Requests0 Weak     Min:  0.0, Avg:  0.0, Max:  0.0, Diff:  0.0, Sum:  0.0, Workers: 4
[4095.106s][debug][gc,phases      ] GC(228)     Dead                           Min: 0, Avg:  0.0, Max: 0, Diff: 0, Sum: 0, Workers: 4
[4095.106s][debug][gc,phases      ] GC(228)     Total                          Min: 0, Avg:  0.0, Max: 0, Diff: 0, Sum: 0, Workers: 4
[4095.106s][debug][gc,phases      ] GC(228)   StringDedup Requests1 Weak     Min:  0.0, Avg:  0.0, Max:  0.0, Diff:  0.0, Sum:  0.0, Workers: 4
[4095.106s][debug][gc,phases      ] GC(228)     Dead                           Min: 0, Avg:  0.0, Max: 0, Diff: 0, Sum: 0, Workers: 4
[4095.106s][debug][gc,phases      ] GC(228)     Total                          Min: 0, Avg:  0.0, Max: 0, Diff: 0, Sum: 0, Workers: 4
[4095.106s][debug][gc,phases      ] GC(228)   Weak JFR Old Object Samples    Min:  0.0, Avg:  0.0, Max:  0.0, Diff:  0.0, Sum:  0.0, Workers: 4
[4095.106s][debug][gc,phases      ] GC(228)     Dead                           Min: 0, Avg:  0.0, Max: 0, Diff: 0, Sum: 0, Workers: 4
[4095.106s][debug][gc,phases      ] GC(228)     Total                          Min: 0, Avg:  0.0, Max: 0, Diff: 0, Sum: 0, Workers: 4
[4095.106s][debug][gc,phases      ] GC(228) Weak Processing 0.337ms
[4095.106s][debug][gc,age         ] GC(228) Desired survivor size 48234496 bytes, new threshold 15 (max threshold 15)
[4095.106s][info ][gc,heap        ] GC(228) PSYoungGen: 2003072K(2045952K)->7392K(2050048K) Eden: 1995776K(1995776K)->0K(2001408K) From: 7296K(50176K)->7392K(48640K)
[4095.106s][info ][gc,heap        ] GC(228) ParOldGen: 547049K(608768K)->547137K(608768K)
[4095.106s][info ][gc,metaspace   ] GC(228) Metaspace: 92718K(93888K)->92718K(93888K) NonClass: 79492K(80128K)->79492K(80128K) Class: 13225K(13760K)->13225K(13760K)
[4095.106s][info ][gc             ] GC(228) Pause Young (Allocation Failure) 2490M->541M(2596M) 6.153ms
[4095.106s][info ][gc,cpu         ] GC(228) User=0.02s Sys=0.00s Real=0.01s
[4095.106s][info ][safepoint      ] Safepoint "ParallelGCFailedAllocation", Time since last: 4283958867 ns, Reaching safepoint: 81699 ns, Cleanup: 3600 ns, At safepoint: 6221467 ns, Total: 6306766 ns
[4099.107s][info ][safepoint      ] Safepoint "Cleanup", Time since last: 4000252605 ns, Reaching safepoint: 72700 ns, Cleanup: 9100 ns, At safepoint: 4600 ns, Total: 86400 ns
[4106.302s][info ][gc,start       ] GC(229) Pause Young (Allocation Failure)
[4106.307s][debug][gc,phases      ] GC(229) Scavenge 4.776ms
[4106.307s][debug][gc,ref         ] GC(229) Skipped phase 1 of Reference Processing: no references
[4106.307s][debug][gc,ref         ] GC(229) ReferenceProcessor::execute queues: 1, RefProcThreadModel::Single, marks_oops_alive: false
[4106.307s][debug][gc,ref         ] GC(229) Skipped phase 3 of Reference Processing: no references
[4106.307s][debug][gc,ref         ] GC(229) ReferenceProcessor::execute queues: 1, RefProcThreadModel::Single, marks_oops_alive: false
[4106.307s][debug][gc,phases      ] GC(229) Reference Processing 0.077ms
[4106.307s][debug][gc,phases      ] GC(229)   VM Weak                        Min:  0.0, Avg:  0.0, Max:  0.0, Diff:  0.0, Sum:  0.0, Workers: 4
[4106.307s][debug][gc,phases      ] GC(229)     Dead                           Min: 0, Avg:  0.0, Max: 0, Diff: 0, Sum: 0, Workers: 4
[4106.307s][debug][gc,phases      ] GC(229)     Total                          Min: 0, Avg: 251.5, Max: 895, Diff: 895, Sum: 1006, Workers: 4
[4106.307s][debug][gc,phases      ] GC(229)   ObjectSynchronizer Weak        Min:  0.0, Avg:  0.0, Max:  0.0, Diff:  0.0, Sum:  0.0, Workers: 4
[4106.307s][debug][gc,phases      ] GC(229)     Dead                           Min: 0, Avg:  0.0, Max: 0, Diff: 0, Sum: 0, Workers: 4
[4106.307s][debug][gc,phases      ] GC(229)     Total                          Min: 0, Avg:  1.5, Max: 6, Diff: 6, Sum: 6, Workers: 4
[4106.307s][debug][gc,phases      ] GC(229)   JVMTI Tag Weak OopStorage      Min:  0.0, Avg:  0.0, Max:  0.0, Diff:  0.0, Sum:  0.0, Workers: 4
[4106.307s][debug][gc,phases      ] GC(229)     Dead                           Min: 0, Avg:  0.0, Max: 0, Diff: 0, Sum: 0, Workers: 4
[4106.307s][debug][gc,phases      ] GC(229)     Total                          Min: 0, Avg:  0.0, Max: 0, Diff: 0, Sum: 0, Workers: 4
[4106.307s][debug][gc,phases      ] GC(229)   StringTable Weak               Min:  0.0, Avg:  0.1, Max:  0.1, Diff:  0.1, Sum:  0.3, Workers: 4
[4106.307s][debug][gc,phases      ] GC(229)     Dead                           Min: 0, Avg:  0.0, Max: 0, Diff: 0, Sum: 0, Workers: 4
[4106.307s][debug][gc,phases      ] GC(229)     Total                          Min: 0, Avg: 11367.8, Max: 20480, Diff: 20480, Sum: 45471, Workers: 4
[4106.307s][debug][gc,phases      ] GC(229)   ResolvedMethodTable Weak       Min:  0.0, Avg:  0.0, Max:  0.0, Diff:  0.0, Sum:  0.1, Workers: 4
[4106.307s][debug][gc,phases      ] GC(229)     Dead                           Min: 0, Avg:  0.0, Max: 0, Diff: 0, Sum: 0, Workers: 4
[4106.307s][debug][gc,phases      ] GC(229)     Total                          Min: 0, Avg: 2946.5, Max: 5194, Diff: 5194, Sum: 11786, Workers: 4
[4106.307s][debug][gc,phases      ] GC(229)   JNI Weak                       Min:  0.0, Avg:  0.0, Max:  0.0, Diff:  0.0, Sum:  0.0, Workers: 4
[4106.307s][debug][gc,phases      ] GC(229)     Dead                           Min: 0, Avg:  0.0, Max: 0, Diff: 0, Sum: 0, Workers: 4
[4106.307s][debug][gc,phases      ] GC(229)     Total                          Min: 0, Avg: 12.0, Max: 48, Diff: 48, Sum: 48, Workers: 4
[4106.307s][debug][gc,phases      ] GC(229)   StringDedup Table Weak         Min:  0.0, Avg:  0.0, Max:  0.0, Diff:  0.0, Sum:  0.0, Workers: 4
[4106.307s][debug][gc,phases      ] GC(229)     Dead                           Min: 0, Avg:  0.0, Max: 0, Diff: 0, Sum: 0, Workers: 4
[4106.307s][debug][gc,phases      ] GC(229)     Total                          Min: 0, Avg:  0.0, Max: 0, Diff: 0, Sum: 0, Workers: 4
[4106.307s][debug][gc,phases      ] GC(229)   StringDedup Requests0 Weak     Min:  0.0, Avg:  0.0, Max:  0.0, Diff:  0.0, Sum:  0.0, Workers: 4
[4106.307s][debug][gc,phases      ] GC(229)     Dead                           Min: 0, Avg:  0.0, Max: 0, Diff: 0, Sum: 0, Workers: 4
[4106.307s][debug][gc,phases      ] GC(229)     Total                          Min: 0, Avg:  0.0, Max: 0, Diff: 0, Sum: 0, Workers: 4
[4106.307s][debug][gc,phases      ] GC(229)   StringDedup Requests1 Weak     Min:  0.0, Avg:  0.0, Max:  0.0, Diff:  0.0, Sum:  0.0, Workers: 4
[4106.307s][debug][gc,phases      ] GC(229)     Dead                           Min: 0, Avg:  0.0, Max: 0, Diff: 0, Sum: 0, Workers: 4
[4106.307s][debug][gc,phases      ] GC(229)     Total                          Min: 0, Avg:  0.0, Max: 0, Diff: 0, Sum: 0, Workers: 4
[4106.307s][debug][gc,phases      ] GC(229)   Weak JFR Old Object Samples    Min:  0.0, Avg:  0.0, Max:  0.0, Diff:  0.0, Sum:  0.0, Workers: 4
[4106.307s][debug][gc,phases      ] GC(229)     Dead                           Min: 0, Avg:  0.0, Max: 0, Diff: 0, Sum: 0, Workers: 4
[4106.307s][debug][gc,phases      ] GC(229)     Total                          Min: 0, Avg:  0.0, Max: 0, Diff: 0, Sum: 0, Workers: 4
[4106.307s][debug][gc,phases      ] GC(229) Weak Processing 0.325ms
[4106.307s][debug][gc,age         ] GC(229) Desired survivor size 46661632 bytes, new threshold 15 (max threshold 15)
[4106.307s][info ][gc,heap        ] GC(229) PSYoungGen: 2008800K(2050048K)->7232K(2048512K) Eden: 2001408K(2001408K)->0K(2001408K) From: 7392K(48640K)->7232K(47104K)
[4106.307s][info ][gc,heap        ] GC(229) ParOldGen: 547137K(608768K)->547265K(608768K)
[4106.307s][info ][gc,metaspace   ] GC(229) Metaspace: 92718K(93888K)->92718K(93888K) NonClass: 79492K(80128K)->79492K(80128K) Class: 13225K(13760K)->13225K(13760K)
[4106.307s][info ][gc             ] GC(229) Pause Young (Allocation Failure) 2496M->541M(2595M) 5.265ms
[4106.307s][info ][gc,cpu         ] GC(229) User=0.02s Sys=0.00s Real=0.01s
[4106.307s][info ][safepoint      ] Safepoint "ParallelGCFailedAllocation", Time since last: 7195119504 ns, Reaching safepoint: 74000 ns, Cleanup: 4100 ns, At safepoint: 5345871 ns, Total: 5423971 ns
[4117.308s][info ][safepoint      ] Safepoint "Cleanup", Time since last: 11000739183 ns, Reaching safepoint: 76300 ns, Cleanup: 8000 ns, At safepoint: 6200 ns, Total: 90500 ns
[4117.700s][info ][gc,start       ] GC(230) Pause Young (Allocation Failure)
[4117.706s][debug][gc,phases      ] GC(230) Scavenge 5.287ms
[4117.706s][debug][gc,ref         ] GC(230) Skipped phase 1 of Reference Processing: no references
[4117.706s][debug][gc,ref         ] GC(230) ReferenceProcessor::execute queues: 1, RefProcThreadModel::Single, marks_oops_alive: false
[4117.706s][debug][gc,ref         ] GC(230) Skipped phase 3 of Reference Processing: no references
[4117.706s][debug][gc,ref         ] GC(230) ReferenceProcessor::execute queues: 1, RefProcThreadModel::Single, marks_oops_alive: false
[4117.706s][debug][gc,phases      ] GC(230) Reference Processing 0.091ms
[4117.706s][debug][gc,phases      ] GC(230)   VM Weak                        Min:  0.0, Avg:  0.0, Max:  0.0, Diff:  0.0, Sum:  0.0, Workers: 4
[4117.706s][debug][gc,phases      ] GC(230)     Dead                           Min: 0, Avg:  0.0, Max: 0, Diff: 0, Sum: 0, Workers: 4
[4117.706s][debug][gc,phases      ] GC(230)     Total                          Min: 0, Avg: 251.5, Max: 639, Diff: 639, Sum: 1006, Workers: 4
[4117.706s][debug][gc,phases      ] GC(230)   ObjectSynchronizer Weak        Min:  0.0, Avg:  0.0, Max:  0.0, Diff:  0.0, Sum:  0.0, Workers: 4
[4117.706s][debug][gc,phases      ] GC(230)     Dead                           Min: 0, Avg:  0.0, Max: 0, Diff: 0, Sum: 0, Workers: 4
[4117.706s][debug][gc,phases      ] GC(230)     Total                          Min: 0, Avg:  1.5, Max: 6, Diff: 6, Sum: 6, Workers: 4
[4117.706s][debug][gc,phases      ] GC(230)   JVMTI Tag Weak OopStorage      Min:  0.0, Avg:  0.0, Max:  0.0, Diff:  0.0, Sum:  0.0, Workers: 4
[4117.706s][debug][gc,phases      ] GC(230)     Dead                           Min: 0, Avg:  0.0, Max: 0, Diff: 0, Sum: 0, Workers: 4
[4117.706s][debug][gc,phases      ] GC(230)     Total                          Min: 0, Avg:  0.0, Max: 0, Diff: 0, Sum: 0, Workers: 4
[4117.706s][debug][gc,phases      ] GC(230)   StringTable Weak               Min:  0.1, Avg:  0.1, Max:  0.1, Diff:  0.0, Sum:  0.4, Workers: 4
[4117.706s][debug][gc,phases      ] GC(230)     Dead                           Min: 0, Avg:  0.0, Max: 0, Diff: 0, Sum: 0, Workers: 4
[4117.706s][debug][gc,phases      ] GC(230)     Total                          Min: 11264, Avg: 11367.8, Max: 11584, Diff: 320, Sum: 45471, Workers: 4
[4117.706s][debug][gc,phases      ] GC(230)   ResolvedMethodTable Weak       Min:  0.0, Avg:  0.0, Max:  0.0, Diff:  0.0, Sum:  0.1, Workers: 4
[4117.706s][debug][gc,phases      ] GC(230)     Dead                           Min: 0, Avg:  0.0, Max: 0, Diff: 0, Sum: 0, Workers: 4
[4117.706s][debug][gc,phases      ] GC(230)     Total                          Min: 2762, Avg: 2946.5, Max: 3072, Diff: 310, Sum: 11786, Workers: 4
[4117.706s][debug][gc,phases      ] GC(230)   JNI Weak                       Min:  0.0, Avg:  0.0, Max:  0.0, Diff:  0.0, Sum:  0.0, Workers: 4
[4117.706s][debug][gc,phases      ] GC(230)     Dead                           Min: 0, Avg:  0.0, Max: 0, Diff: 0, Sum: 0, Workers: 4
[4117.706s][debug][gc,phases      ] GC(230)     Total                          Min: 0, Avg: 12.0, Max: 48, Diff: 48, Sum: 48, Workers: 4
[4117.706s][debug][gc,phases      ] GC(230)   StringDedup Table Weak         Min:  0.0, Avg:  0.0, Max:  0.0, Diff:  0.0, Sum:  0.0, Workers: 4
[4117.706s][debug][gc,phases      ] GC(230)     Dead                           Min: 0, Avg:  0.0, Max: 0, Diff: 0, Sum: 0, Workers: 4
[4117.706s][debug][gc,phases      ] GC(230)     Total                          Min: 0, Avg:  0.0, Max: 0, Diff: 0, Sum: 0, Workers: 4
[4117.706s][debug][gc,phases      ] GC(230)   StringDedup Requests0 Weak     Min:  0.0, Avg:  0.0, Max:  0.0, Diff:  0.0, Sum:  0.0, Workers: 4
[4117.706s][debug][gc,phases      ] GC(230)     Dead                           Min: 0, Avg:  0.0, Max: 0, Diff: 0, Sum: 0, Workers: 4
[4117.706s][debug][gc,phases      ] GC(230)     Total                          Min: 0, Avg:  0.0, Max: 0, Diff: 0, Sum: 0, Workers: 4
[4117.706s][debug][gc,phases      ] GC(230)   StringDedup Requests1 Weak     Min:  0.0, Avg:  0.0, Max:  0.0, Diff:  0.0, Sum:  0.0, Workers: 4
[4117.706s][debug][gc,phases      ] GC(230)     Dead                           Min: 0, Avg:  0.0, Max: 0, Diff: 0, Sum: 0, Workers: 4
[4117.706s][debug][gc,phases      ] GC(230)     Total                          Min: 0, Avg:  0.0, Max: 0, Diff: 0, Sum: 0, Workers: 4
[4117.706s][debug][gc,phases      ] GC(230)   Weak JFR Old Object Samples    Min:  0.0, Avg:  0.0, Max:  0.0, Diff:  0.0, Sum:  0.0, Workers: 4
[4117.706s][debug][gc,phases      ] GC(230)     Dead                           Min: 0, Avg:  0.0, Max: 0, Diff: 0, Sum: 0, Workers: 4
[4117.706s][debug][gc,phases      ] GC(230)     Total                          Min: 0, Avg:  0.0, Max: 0, Diff: 0, Sum: 0, Workers: 4
[4117.706s][debug][gc,phases      ] GC(230) Weak Processing 0.298ms
[4117.706s][debug][gc,age         ] GC(230) Desired survivor size 45088768 bytes, new threshold 15 (max threshold 15)
[4117.706s][info ][gc,heap        ] GC(230) PSYoungGen: 2008640K(2048512K)->7040K(2053120K) Eden: 2001408K(2001408K)->0K(2007552K) From: 7232K(47104K)->7040K(45568K)
[4117.706s][info ][gc,heap        ] GC(230) ParOldGen: 547265K(608768K)->547329K(608768K)
[4117.706s][info ][gc,metaspace   ] GC(230) Metaspace: 92718K(93888K)->92718K(93888K) NonClass: 79493K(80128K)->79493K(80128K) Class: 13225K(13760K)->13225K(13760K)
[4117.706s][info ][gc             ] GC(230) Pause Young (Allocation Failure) 2496M->541M(2599M) 5.767ms
[4117.706s][info ][gc,cpu         ] GC(230) User=0.02s Sys=0.00s Real=0.01s
[4117.706s][info ][safepoint      ] Safepoint "ParallelGCFailedAllocation", Time since last: 392065935 ns, Reaching safepoint: 73299 ns, Cleanup: 3400 ns, At safepoint: 5836069 ns, Total: 5912768 ns
[4120.706s][info ][safepoint      ] Safepoint "Cleanup", Time since last: 3000234299 ns, Reaching safepoint: 74599 ns, Cleanup: 8100 ns, At safepoint: 5300 ns, Total: 87999 ns
[4128.799s][info ][gc,start       ] GC(231) Pause Young (Allocation Failure)
[4128.805s][debug][gc,phases      ] GC(231) Scavenge 5.891ms
[4128.805s][debug][gc,ref         ] GC(231) Skipped phase 1 of Reference Processing: no references
[4128.806s][debug][gc,ref         ] GC(231) ReferenceProcessor::execute queues: 1, RefProcThreadModel::Single, marks_oops_alive: false
[4128.806s][debug][gc,ref         ] GC(231) Skipped phase 3 of Reference Processing: no references
[4128.806s][debug][gc,ref         ] GC(231) ReferenceProcessor::execute queues: 1, RefProcThreadModel::Single, marks_oops_alive: false
[4128.806s][debug][gc,phases      ] GC(231) Reference Processing 0.088ms
[4128.806s][debug][gc,phases      ] GC(231)   VM Weak                        Min:  0.0, Avg:  0.0, Max:  0.0, Diff:  0.0, Sum:  0.0, Workers: 4
[4128.806s][debug][gc,phases      ] GC(231)     Dead                           Min: 0, Avg:  0.0, Max: 0, Diff: 0, Sum: 0, Workers: 4
[4128.806s][debug][gc,phases      ] GC(231)     Total                          Min: 0, Avg: 251.5, Max: 895, Diff: 895, Sum: 1006, Workers: 4
[4128.806s][debug][gc,phases      ] GC(231)   ObjectSynchronizer Weak        Min:  0.0, Avg:  0.0, Max:  0.0, Diff:  0.0, Sum:  0.0, Workers: 4
[4128.806s][debug][gc,phases      ] GC(231)     Dead                           Min: 0, Avg:  0.0, Max: 0, Diff: 0, Sum: 0, Workers: 4
[4128.806s][debug][gc,phases      ] GC(231)     Total                          Min: 0, Avg:  1.5, Max: 6, Diff: 6, Sum: 6, Workers: 4
[4128.806s][debug][gc,phases      ] GC(231)   JVMTI Tag Weak OopStorage      Min:  0.0, Avg:  0.0, Max:  0.0, Diff:  0.0, Sum:  0.0, Workers: 4
[4128.806s][debug][gc,phases      ] GC(231)     Dead                           Min: 0, Avg:  0.0, Max: 0, Diff: 0, Sum: 0, Workers: 4
[4128.806s][debug][gc,phases      ] GC(231)     Total                          Min: 0, Avg:  0.0, Max: 0, Diff: 0, Sum: 0, Workers: 4
[4128.806s][debug][gc,phases      ] GC(231)   StringTable Weak               Min:  0.0, Avg:  0.1, Max:  0.1, Diff:  0.1, Sum:  0.3, Workers: 4
[4128.806s][debug][gc,phases      ] GC(231)     Dead                           Min: 0, Avg:  0.0, Max: 0, Diff: 0, Sum: 0, Workers: 4
[4128.806s][debug][gc,phases      ] GC(231)     Total                          Min: 0, Avg: 11367.8, Max: 20447, Diff: 20447, Sum: 45471, Workers: 4
[4128.806s][debug][gc,phases      ] GC(231)   ResolvedMethodTable Weak       Min:  0.0, Avg:  0.0, Max:  0.0, Diff:  0.0, Sum:  0.1, Workers: 4
[4128.806s][debug][gc,phases      ] GC(231)     Dead                           Min: 0, Avg:  0.0, Max: 0, Diff: 0, Sum: 0, Workers: 4
[4128.806s][debug][gc,phases      ] GC(231)     Total                          Min: 0, Avg: 2946.5, Max: 5184, Diff: 5184, Sum: 11786, Workers: 4
[4128.806s][debug][gc,phases      ] GC(231)   JNI Weak                       Min:  0.0, Avg:  0.0, Max:  0.0, Diff:  0.0, Sum:  0.0, Workers: 4
[4128.806s][debug][gc,phases      ] GC(231)     Dead                           Min: 0, Avg:  0.0, Max: 0, Diff: 0, Sum: 0, Workers: 4
[4128.806s][debug][gc,phases      ] GC(231)     Total                          Min: 0, Avg: 12.0, Max: 48, Diff: 48, Sum: 48, Workers: 4
[4128.806s][debug][gc,phases      ] GC(231)   StringDedup Table Weak         Min:  0.0, Avg:  0.0, Max:  0.0, Diff:  0.0, Sum:  0.0, Workers: 4
[4128.806s][debug][gc,phases      ] GC(231)     Dead                           Min: 0, Avg:  0.0, Max: 0, Diff: 0, Sum: 0, Workers: 4
[4128.806s][debug][gc,phases      ] GC(231)     Total                          Min: 0, Avg:  0.0, Max: 0, Diff: 0, Sum: 0, Workers: 4
[4128.806s][debug][gc,phases      ] GC(231)   StringDedup Requests0 Weak     Min:  0.0, Avg:  0.0, Max:  0.0, Diff:  0.0, Sum:  0.0, Workers: 4
[4128.806s][debug][gc,phases      ] GC(231)     Dead                           Min: 0, Avg:  0.0, Max: 0, Diff: 0, Sum: 0, Workers: 4
[4128.806s][debug][gc,phases      ] GC(231)     Total                          Min: 0, Avg:  0.0, Max: 0, Diff: 0, Sum: 0, Workers: 4
[4128.806s][debug][gc,phases      ] GC(231)   StringDedup Requests1 Weak     Min:  0.0, Avg:  0.0, Max:  0.0, Diff:  0.0, Sum:  0.0, Workers: 4
[4128.806s][debug][gc,phases      ] GC(231)     Dead                           Min: 0, Avg:  0.0, Max: 0, Diff: 0, Sum: 0, Workers: 4
[4128.806s][debug][gc,phases      ] GC(231)     Total                          Min: 0, Avg:  0.0, Max: 0, Diff: 0, Sum: 0, Workers: 4
[4128.806s][debug][gc,phases      ] GC(231)   Weak JFR Old Object Samples    Min:  0.0, Avg:  0.0, Max:  0.0, Diff:  0.0, Sum:  0.0, Workers: 4
[4128.806s][debug][gc,phases      ] GC(231)     Dead                           Min: 0, Avg:  0.0, Max: 0, Diff: 0, Sum: 0, Workers: 4
[4128.806s][debug][gc,phases      ] GC(231)     Total                          Min: 0, Avg:  0.0, Max: 0, Diff: 0, Sum: 0, Workers: 4
[4128.806s][debug][gc,phases      ] GC(231) Weak Processing 0.302ms
[4128.806s][debug][gc,age         ] GC(231) Desired survivor size 43515904 bytes, new threshold 15 (max threshold 15)
[4128.806s][info ][gc,heap        ] GC(231) PSYoungGen: 2014592K(2053120K)->6976K(2051584K) Eden: 2007552K(2007552K)->0K(2007552K) From: 7040K(45568K)->6976K(44032K)
[4128.806s][info ][gc,heap        ] GC(231) ParOldGen: 547329K(608768K)->547473K(608768K)
[4128.806s][info ][gc,metaspace   ] GC(231) Metaspace: 92718K(93888K)->92718K(93888K) NonClass: 79493K(80128K)->79493K(80128K) Class: 13225K(13760K)->13225K(13760K)
[4128.806s][info ][gc             ] GC(231) Pause Young (Allocation Failure) 2501M->541M(2598M) 6.391ms
[4128.806s][info ][gc,cpu         ] GC(231) User=0.02s Sys=0.00s Real=0.01s
[4128.806s][info ][safepoint      ] Safepoint "ParallelGCFailedAllocation", Time since last: 8092975184 ns, Reaching safepoint: 77000 ns, Cleanup: 3500 ns, At safepoint: 6461566 ns, Total: 6542066 ns
[4137.807s][info ][safepoint      ] Safepoint "Cleanup", Time since last: 9000649962 ns, Reaching safepoint: 79200 ns, Cleanup: 15100 ns, At safepoint: 6500 ns, Total: 100800 ns
[4140.750s][info ][gc,start       ] GC(232) Pause Young (Allocation Failure)
[4140.755s][debug][gc,phases      ] GC(232) Scavenge 4.417ms
[4140.755s][debug][gc,ref         ] GC(232) Skipped phase 1 of Reference Processing: no references
[4140.755s][debug][gc,ref         ] GC(232) ReferenceProcessor::execute queues: 1, RefProcThreadModel::Single, marks_oops_alive: false
[4140.755s][debug][gc,ref         ] GC(232) Skipped phase 3 of Reference Processing: no references
[4140.755s][debug][gc,ref         ] GC(232) ReferenceProcessor::execute queues: 1, RefProcThreadModel::Single, marks_oops_alive: false
[4140.755s][debug][gc,phases      ] GC(232) Reference Processing 0.094ms
[4140.755s][debug][gc,phases      ] GC(232)   VM Weak                        Min:  0.0, Avg:  0.0, Max:  0.0, Diff:  0.0, Sum:  0.0, Workers: 4
[4140.755s][debug][gc,phases      ] GC(232)     Dead                           Min: 0, Avg:  0.0, Max: 0, Diff: 0, Sum: 0, Workers: 4
[4140.755s][debug][gc,phases      ] GC(232)     Total                          Min: 0, Avg: 251.5, Max: 815, Diff: 815, Sum: 1006, Workers: 4
[4140.755s][debug][gc,phases      ] GC(232)   ObjectSynchronizer Weak        Min:  0.0, Avg:  0.0, Max:  0.0, Diff:  0.0, Sum:  0.0, Workers: 4
[4140.755s][debug][gc,phases      ] GC(232)     Dead                           Min: 0, Avg:  0.0, Max: 0, Diff: 0, Sum: 0, Workers: 4
[4140.755s][debug][gc,phases      ] GC(232)     Total                          Min: 0, Avg:  1.5, Max: 6, Diff: 6, Sum: 6, Workers: 4
[4140.755s][debug][gc,phases      ] GC(232)   JVMTI Tag Weak OopStorage      Min:  0.0, Avg:  0.0, Max:  0.0, Diff:  0.0, Sum:  0.0, Workers: 4
[4140.755s][debug][gc,phases      ] GC(232)     Dead                           Min: 0, Avg:  0.0, Max: 0, Diff: 0, Sum: 0, Workers: 4
[4140.755s][debug][gc,phases      ] GC(232)     Total                          Min: 0, Avg:  0.0, Max: 0, Diff: 0, Sum: 0, Workers: 4
[4140.755s][debug][gc,phases      ] GC(232)   StringTable Weak               Min:  0.0, Avg:  0.1, Max:  0.1, Diff:  0.1, Sum:  0.3, Workers: 4
[4140.755s][debug][gc,phases      ] GC(232)     Dead                           Min: 0, Avg:  0.0, Max: 0, Diff: 0, Sum: 0, Workers: 4
[4140.755s][debug][gc,phases      ] GC(232)     Total                          Min: 0, Avg: 11367.8, Max: 20000, Diff: 20000, Sum: 45471, Workers: 4
[4140.755s][debug][gc,phases      ] GC(232)   ResolvedMethodTable Weak       Min:  0.0, Avg:  0.0, Max:  0.0, Diff:  0.0, Sum:  0.1, Workers: 4
[4140.755s][debug][gc,phases      ] GC(232)     Dead                           Min: 0, Avg:  0.0, Max: 0, Diff: 0, Sum: 0, Workers: 4
[4140.755s][debug][gc,phases      ] GC(232)     Total                          Min: 0, Avg: 2946.5, Max: 5184, Diff: 5184, Sum: 11786, Workers: 4
[4140.755s][debug][gc,phases      ] GC(232)   JNI Weak                       Min:  0.0, Avg:  0.0, Max:  0.0, Diff:  0.0, Sum:  0.0, Workers: 4
[4140.755s][debug][gc,phases      ] GC(232)     Dead                           Min: 0, Avg:  0.0, Max: 0, Diff: 0, Sum: 0, Workers: 4
[4140.755s][debug][gc,phases      ] GC(232)     Total                          Min: 0, Avg: 12.0, Max: 48, Diff: 48, Sum: 48, Workers: 4
[4140.755s][debug][gc,phases      ] GC(232)   StringDedup Table Weak         Min:  0.0, Avg:  0.0, Max:  0.0, Diff:  0.0, Sum:  0.0, Workers: 4
[4140.755s][debug][gc,phases      ] GC(232)     Dead                           Min: 0, Avg:  0.0, Max: 0, Diff: 0, Sum: 0, Workers: 4
[4140.755s][debug][gc,phases      ] GC(232)     Total                          Min: 0, Avg:  0.0, Max: 0, Diff: 0, Sum: 0, Workers: 4
[4140.755s][debug][gc,phases      ] GC(232)   StringDedup Requests0 Weak     Min:  0.0, Avg:  0.0, Max:  0.0, Diff:  0.0, Sum:  0.0, Workers: 4
[4140.755s][debug][gc,phases      ] GC(232)     Dead                           Min: 0, Avg:  0.0, Max: 0, Diff: 0, Sum: 0, Workers: 4
[4140.755s][debug][gc,phases      ] GC(232)     Total                          Min: 0, Avg:  0.0, Max: 0, Diff: 0, Sum: 0, Workers: 4
[4140.755s][debug][gc,phases      ] GC(232)   StringDedup Requests1 Weak     Min:  0.0, Avg:  0.0, Max:  0.0, Diff:  0.0, Sum:  0.0, Workers: 4
[4140.755s][debug][gc,phases      ] GC(232)     Dead                           Min: 0, Avg:  0.0, Max: 0, Diff: 0, Sum: 0, Workers: 4
[4140.755s][debug][gc,phases      ] GC(232)     Total                          Min: 0, Avg:  0.0, Max: 0, Diff: 0, Sum: 0, Workers: 4
[4140.755s][debug][gc,phases      ] GC(232)   Weak JFR Old Object Samples    Min:  0.0, Avg:  0.0, Max:  0.0, Diff:  0.0, Sum:  0.0, Workers: 4
[4140.755s][debug][gc,phases      ] GC(232)     Dead                           Min: 0, Avg:  0.0, Max: 0, Diff: 0, Sum: 0, Workers: 4
[4140.755s][debug][gc,phases      ] GC(232)     Total                          Min: 0, Avg:  0.0, Max: 0, Diff: 0, Sum: 0, Workers: 4
[4140.755s][debug][gc,phases      ] GC(232) Weak Processing 0.308ms
[4140.755s][debug][gc,age         ] GC(232) Desired survivor size 41418752 bytes, new threshold 15 (max threshold 15)
[4140.755s][info ][gc,heap        ] GC(232) PSYoungGen: 2014528K(2051584K)->7024K(2056704K) Eden: 2007552K(2007552K)->0K(2014208K) From: 6976K(44032K)->7024K(42496K)
[4140.755s][info ][gc,heap        ] GC(232) ParOldGen: 547473K(608768K)->547553K(608768K)
[4140.755s][info ][gc,metaspace   ] GC(232) Metaspace: 92720K(93888K)->92720K(93888K) NonClass: 79495K(80128K)->79495K(80128K) Class: 13225K(13760K)->13225K(13760K)
[4140.755s][info ][gc             ] GC(232) Pause Young (Allocation Failure) 2501M->541M(2603M) 4.919ms
[4140.755s][info ][gc,cpu         ] GC(232) User=0.02s Sys=0.00s Real=0.00s
[4140.755s][info ][safepoint      ] Safepoint "ParallelGCFailedAllocation", Time since last: 2943256849 ns, Reaching safepoint: 78000 ns, Cleanup: 3700 ns, At safepoint: 4992674 ns, Total: 5074374 ns
[4142.208s][info ][safepoint      ] Safepoint "Cleanup", Time since last: 1452581951 ns, Reaching safepoint: 74399 ns, Cleanup: 8800 ns, At safepoint: 8800 ns, Total: 91999 ns
[4152.350s][info ][gc,start       ] GC(233) Pause Young (Allocation Failure)
[4152.355s][debug][gc,phases      ] GC(233) Scavenge 4.816ms
[4152.355s][debug][gc,ref         ] GC(233) Skipped phase 1 of Reference Processing: no references
[4152.355s][debug][gc,ref         ] GC(233) ReferenceProcessor::execute queues: 1, RefProcThreadModel::Single, marks_oops_alive: false
[4152.355s][debug][gc,ref         ] GC(233) Skipped phase 3 of Reference Processing: no references
[4152.355s][debug][gc,ref         ] GC(233) ReferenceProcessor::execute queues: 1, RefProcThreadModel::Single, marks_oops_alive: false
[4152.355s][debug][gc,phases      ] GC(233) Reference Processing 0.093ms
[4152.355s][debug][gc,phases      ] GC(233)   VM Weak                        Min:  0.0, Avg:  0.0, Max:  0.0, Diff:  0.0, Sum:  0.0, Workers: 4
[4152.355s][debug][gc,phases      ] GC(233)     Dead                           Min: 0, Avg:  0.0, Max: 0, Diff: 0, Sum: 0, Workers: 4
[4152.355s][debug][gc,phases      ] GC(233)     Total                          Min: 0, Avg: 251.5, Max: 879, Diff: 879, Sum: 1006, Workers: 4
[4152.355s][debug][gc,phases      ] GC(233)   ObjectSynchronizer Weak        Min:  0.0, Avg:  0.0, Max:  0.0, Diff:  0.0, Sum:  0.0, Workers: 4
[4152.355s][debug][gc,phases      ] GC(233)     Dead                           Min: 0, Avg:  0.0, Max: 0, Diff: 0, Sum: 0, Workers: 4
[4152.355s][debug][gc,phases      ] GC(233)     Total                          Min: 0, Avg:  1.5, Max: 6, Diff: 6, Sum: 6, Workers: 4
[4152.355s][debug][gc,phases      ] GC(233)   JVMTI Tag Weak OopStorage      Min:  0.0, Avg:  0.0, Max:  0.0, Diff:  0.0, Sum:  0.0, Workers: 4
[4152.355s][debug][gc,phases      ] GC(233)     Dead                           Min: 0, Avg:  0.0, Max: 0, Diff: 0, Sum: 0, Workers: 4
[4152.355s][debug][gc,phases      ] GC(233)     Total                          Min: 0, Avg:  0.0, Max: 0, Diff: 0, Sum: 0, Workers: 4
[4152.355s][debug][gc,phases      ] GC(233)   StringTable Weak               Min:  0.0, Avg:  0.1, Max:  0.1, Diff:  0.1, Sum:  0.3, Workers: 4
[4152.355s][debug][gc,phases      ] GC(233)     Dead                           Min: 0, Avg:  0.0, Max: 0, Diff: 0, Sum: 0, Workers: 4
[4152.355s][debug][gc,phases      ] GC(233)     Total                          Min: 0, Avg: 11367.8, Max: 19967, Diff: 19967, Sum: 45471, Workers: 4
[4152.355s][debug][gc,phases      ] GC(233)   ResolvedMethodTable Weak       Min:  0.0, Avg:  0.0, Max:  0.0, Diff:  0.0, Sum:  0.1, Workers: 4
[4152.355s][debug][gc,phases      ] GC(233)     Dead                           Min: 0, Avg:  0.0, Max: 0, Diff: 0, Sum: 0, Workers: 4
[4152.355s][debug][gc,phases      ] GC(233)     Total                          Min: 0, Avg: 2946.5, Max: 5066, Diff: 5066, Sum: 11786, Workers: 4
[4152.355s][debug][gc,phases      ] GC(233)   JNI Weak                       Min:  0.0, Avg:  0.0, Max:  0.0, Diff:  0.0, Sum:  0.0, Workers: 4
[4152.355s][debug][gc,phases      ] GC(233)     Dead                           Min: 0, Avg:  0.0, Max: 0, Diff: 0, Sum: 0, Workers: 4
[4152.355s][debug][gc,phases      ] GC(233)     Total                          Min: 0, Avg: 12.0, Max: 48, Diff: 48, Sum: 48, Workers: 4
[4152.355s][debug][gc,phases      ] GC(233)   StringDedup Table Weak         Min:  0.0, Avg:  0.0, Max:  0.0, Diff:  0.0, Sum:  0.0, Workers: 4
[4152.355s][debug][gc,phases      ] GC(233)     Dead                           Min: 0, Avg:  0.0, Max: 0, Diff: 0, Sum: 0, Workers: 4
[4152.355s][debug][gc,phases      ] GC(233)     Total                          Min: 0, Avg:  0.0, Max: 0, Diff: 0, Sum: 0, Workers: 4
[4152.355s][debug][gc,phases      ] GC(233)   StringDedup Requests0 Weak     Min:  0.0, Avg:  0.0, Max:  0.0, Diff:  0.0, Sum:  0.0, Workers: 4
[4152.355s][debug][gc,phases      ] GC(233)     Dead                           Min: 0, Avg:  0.0, Max: 0, Diff: 0, Sum: 0, Workers: 4
[4152.355s][debug][gc,phases      ] GC(233)     Total                          Min: 0, Avg:  0.0, Max: 0, Diff: 0, Sum: 0, Workers: 4
[4152.355s][debug][gc,phases      ] GC(233)   StringDedup Requests1 Weak     Min:  0.0, Avg:  0.0, Max:  0.0, Diff:  0.0, Sum:  0.0, Workers: 4
[4152.355s][debug][gc,phases      ] GC(233)     Dead                           Min: 0, Avg:  0.0, Max: 0, Diff: 0, Sum: 0, Workers: 4
[4152.355s][debug][gc,phases      ] GC(233)     Total                          Min: 0, Avg:  0.0, Max: 0, Diff: 0, Sum: 0, Workers: 4
[4152.355s][debug][gc,phases      ] GC(233)   Weak JFR Old Object Samples    Min:  0.0, Avg:  0.0, Max:  0.0, Diff:  0.0, Sum:  0.0, Workers: 4
[4152.355s][debug][gc,phases      ] GC(233)     Dead                           Min: 0, Avg:  0.0, Max: 0, Diff: 0, Sum: 0, Workers: 4
[4152.355s][debug][gc,phases      ] GC(233)     Total                          Min: 0, Avg:  0.0, Max: 0, Diff: 0, Sum: 0, Workers: 4
[4152.355s][debug][gc,phases      ] GC(233) Weak Processing 0.309ms
[4152.355s][debug][gc,age         ] GC(233) Desired survivor size 39845888 bytes, new threshold 15 (max threshold 15)
[4152.355s][info ][gc,heap        ] GC(233) PSYoungGen: 2021232K(2056704K)->7232K(2054656K) Eden: 2014208K(2014208K)->0K(2014208K) From: 7024K(42496K)->7232K(40448K)
[4152.355s][info ][gc,heap        ] GC(233) ParOldGen: 547553K(608768K)->547609K(608768K)
[4152.355s][info ][gc,metaspace   ] GC(233) Metaspace: 92722K(93888K)->92722K(93888K) NonClass: 79496K(80128K)->79496K(80128K) Class: 13225K(13760K)->13225K(13760K)
[4152.355s][info ][gc             ] GC(233) Pause Young (Allocation Failure) 2508M->541M(2601M) 5.331ms
[4152.355s][info ][gc,cpu         ] GC(233) User=0.01s Sys=0.01s Real=0.01s
[4152.355s][info ][safepoint      ] Safepoint "ParallelGCFailedAllocation", Time since last: 10141989085 ns, Reaching safepoint: 76199 ns, Cleanup: 3900 ns, At safepoint: 5401472 ns, Total: 5481571 ns
[4161.927s][info ][safepoint      ] Safepoint "Cleanup", Time since last: 9571658279 ns, Reaching safepoint: 5000 ns, Cleanup: 47100 ns, At safepoint: 2100 ns, Total: 54200 ns
[4162.927s][info ][safepoint      ] Safepoint "Cleanup", Time since last: 1000113196 ns, Reaching safepoint: 5100 ns, Cleanup: 9900 ns, At safepoint: 1700 ns, Total: 16700 ns
[4163.850s][info ][gc,start       ] GC(234) Pause Young (Allocation Failure)
[4163.855s][debug][gc,phases      ] GC(234) Scavenge 4.957ms
[4163.855s][debug][gc,ref         ] GC(234) Skipped phase 1 of Reference Processing: no references
[4163.855s][debug][gc,ref         ] GC(234) ReferenceProcessor::execute queues: 1, RefProcThreadModel::Single, marks_oops_alive: false
[4163.855s][debug][gc,ref         ] GC(234) Skipped phase 3 of Reference Processing: no references
[4163.855s][debug][gc,ref         ] GC(234) ReferenceProcessor::execute queues: 1, RefProcThreadModel::Single, marks_oops_alive: false
[4163.855s][debug][gc,phases      ] GC(234) Reference Processing 0.083ms
[4163.855s][debug][gc,phases      ] GC(234)   VM Weak                        Min:  0.0, Avg:  0.0, Max:  0.0, Diff:  0.0, Sum:  0.0, Workers: 4
[4163.855s][debug][gc,phases      ] GC(234)     Dead                           Min: 0, Avg:  0.0, Max: 0, Diff: 0, Sum: 0, Workers: 4
[4163.855s][debug][gc,phases      ] GC(234)     Total                          Min: 0, Avg: 251.5, Max: 623, Diff: 623, Sum: 1006, Workers: 4
[4163.855s][debug][gc,phases      ] GC(234)   ObjectSynchronizer Weak        Min:  0.0, Avg:  0.0, Max:  0.0, Diff:  0.0, Sum:  0.0, Workers: 4
[4163.855s][debug][gc,phases      ] GC(234)     Dead                           Min: 0, Avg:  0.0, Max: 0, Diff: 0, Sum: 0, Workers: 4
[4163.855s][debug][gc,phases      ] GC(234)     Total                          Min: 0, Avg:  1.5, Max: 6, Diff: 6, Sum: 6, Workers: 4
[4163.855s][debug][gc,phases      ] GC(234)   JVMTI Tag Weak OopStorage      Min:  0.0, Avg:  0.0, Max:  0.0, Diff:  0.0, Sum:  0.0, Workers: 4
[4163.855s][debug][gc,phases      ] GC(234)     Dead                           Min: 0, Avg:  0.0, Max: 0, Diff: 0, Sum: 0, Workers: 4
[4163.855s][debug][gc,phases      ] GC(234)     Total                          Min: 0, Avg:  0.0, Max: 0, Diff: 0, Sum: 0, Workers: 4
[4163.855s][debug][gc,phases      ] GC(234)   StringTable Weak               Min:  0.0, Avg:  0.1, Max:  0.1, Diff:  0.1, Sum:  0.3, Workers: 4
[4163.855s][debug][gc,phases      ] GC(234)     Dead                           Min: 0, Avg:  0.0, Max: 0, Diff: 0, Sum: 0, Workers: 4
[4163.855s][debug][gc,phases      ] GC(234)     Total                          Min: 0, Avg: 11367.8, Max: 20768, Diff: 20768, Sum: 45471, Workers: 4
[4163.855s][debug][gc,phases      ] GC(234)   ResolvedMethodTable Weak       Min:  0.0, Avg:  0.0, Max:  0.0, Diff:  0.0, Sum:  0.1, Workers: 4
[4163.855s][debug][gc,phases      ] GC(234)     Dead                           Min: 0, Avg:  0.0, Max: 0, Diff: 0, Sum: 0, Workers: 4
[4163.855s][debug][gc,phases      ] GC(234)     Total                          Min: 0, Avg: 2946.5, Max: 5376, Diff: 5376, Sum: 11786, Workers: 4
[4163.855s][debug][gc,phases      ] GC(234)   JNI Weak                       Min:  0.0, Avg:  0.0, Max:  0.0, Diff:  0.0, Sum:  0.0, Workers: 4
[4163.855s][debug][gc,phases      ] GC(234)     Dead                           Min: 0, Avg:  0.0, Max: 0, Diff: 0, Sum: 0, Workers: 4
[4163.855s][debug][gc,phases      ] GC(234)     Total                          Min: 0, Avg: 12.0, Max: 48, Diff: 48, Sum: 48, Workers: 4
[4163.855s][debug][gc,phases      ] GC(234)   StringDedup Table Weak         Min:  0.0, Avg:  0.0, Max:  0.0, Diff:  0.0, Sum:  0.0, Workers: 4
[4163.855s][debug][gc,phases      ] GC(234)     Dead                           Min: 0, Avg:  0.0, Max: 0, Diff: 0, Sum: 0, Workers: 4
[4163.855s][debug][gc,phases      ] GC(234)     Total                          Min: 0, Avg:  0.0, Max: 0, Diff: 0, Sum: 0, Workers: 4
[4163.855s][debug][gc,phases      ] GC(234)   StringDedup Requests0 Weak     Min:  0.0, Avg:  0.0, Max:  0.0, Diff:  0.0, Sum:  0.0, Workers: 4
[4163.855s][debug][gc,phases      ] GC(234)     Dead                           Min: 0, Avg:  0.0, Max: 0, Diff: 0, Sum: 0, Workers: 4
[4163.855s][debug][gc,phases      ] GC(234)     Total                          Min: 0, Avg:  0.0, Max: 0, Diff: 0, Sum: 0, Workers: 4
[4163.855s][debug][gc,phases      ] GC(234)   StringDedup Requests1 Weak     Min:  0.0, Avg:  0.0, Max:  0.0, Diff:  0.0, Sum:  0.0, Workers: 4
[4163.855s][debug][gc,phases      ] GC(234)     Dead                           Min: 0, Avg:  0.0, Max: 0, Diff: 0, Sum: 0, Workers: 4
[4163.855s][debug][gc,phases      ] GC(234)     Total                          Min: 0, Avg:  0.0, Max: 0, Diff: 0, Sum: 0, Workers: 4
[4163.855s][debug][gc,phases      ] GC(234)   Weak JFR Old Object Samples    Min:  0.0, Avg:  0.0, Max:  0.0, Diff:  0.0, Sum:  0.0, Workers: 4
[4163.855s][debug][gc,phases      ] GC(234)     Dead                           Min: 0, Avg:  0.0, Max: 0, Diff: 0, Sum: 0, Workers: 4
[4163.855s][debug][gc,phases      ] GC(234)     Total                          Min: 0, Avg:  0.0, Max: 0, Diff: 0, Sum: 0, Workers: 4
[4163.855s][debug][gc,phases      ] GC(234) Weak Processing 0.327ms
[4163.855s][debug][gc,age         ] GC(234) Desired survivor size 37748736 bytes, new threshold 15 (max threshold 15)
[4163.855s][info ][gc,heap        ] GC(234) PSYoungGen: 2021440K(2054656K)->7664K(2060288K) Eden: 2014208K(2014208K)->0K(2021376K) From: 7232K(40448K)->7664K(38912K)
[4163.855s][info ][gc,heap        ] GC(234) ParOldGen: 547609K(608768K)->547649K(608768K)
[4163.855s][info ][gc,metaspace   ] GC(234) Metaspace: 92722K(93888K)->92722K(93888K) NonClass: 79496K(80128K)->79496K(80128K) Class: 13225K(13760K)->13225K(13760K)
[4163.855s][info ][gc             ] GC(234) Pause Young (Allocation Failure) 2508M->542M(2606M) 5.468ms
[4163.855s][info ][gc,cpu         ] GC(234) User=0.02s Sys=0.00s Real=0.01s
[4163.855s][info ][safepoint      ] Safepoint "ParallelGCFailedAllocation", Time since last: 922580590 ns, Reaching safepoint: 78699 ns, Cleanup: 11700 ns, At safepoint: 5537171 ns, Total: 5627570 ns
[4175.347s][info ][gc,start       ] GC(235) Pause Young (Allocation Failure)
[4175.353s][debug][gc,phases      ] GC(235) Scavenge 6.594ms
[4175.353s][debug][gc,ref         ] GC(235) Skipped phase 1 of Reference Processing: no references
[4175.353s][debug][gc,ref         ] GC(235) ReferenceProcessor::execute queues: 1, RefProcThreadModel::Single, marks_oops_alive: false
[4175.353s][debug][gc,ref         ] GC(235) Skipped phase 3 of Reference Processing: no references
[4175.353s][debug][gc,ref         ] GC(235) ReferenceProcessor::execute queues: 1, RefProcThreadModel::Single, marks_oops_alive: false
[4175.353s][debug][gc,phases      ] GC(235) Reference Processing 0.091ms
[4175.354s][debug][gc,phases      ] GC(235)   VM Weak                        Min:  0.0, Avg:  0.0, Max:  0.2, Diff:  0.2, Sum:  0.2, Workers: 4
[4175.354s][debug][gc,phases      ] GC(235)     Dead                           Min: 0, Avg:  0.0, Max: 0, Diff: 0, Sum: 0, Workers: 4
[4175.354s][debug][gc,phases      ] GC(235)     Total                          Min: 0, Avg: 251.5, Max: 639, Diff: 639, Sum: 1006, Workers: 4
[4175.354s][debug][gc,phases      ] GC(235)   ObjectSynchronizer Weak        Min:  0.0, Avg:  0.0, Max:  0.0, Diff:  0.0, Sum:  0.0, Workers: 4
[4175.354s][debug][gc,phases      ] GC(235)     Dead                           Min: 0, Avg:  0.0, Max: 0, Diff: 0, Sum: 0, Workers: 4
[4175.354s][debug][gc,phases      ] GC(235)     Total                          Min: 0, Avg:  1.5, Max: 6, Diff: 6, Sum: 6, Workers: 4
[4175.354s][debug][gc,phases      ] GC(235)   JVMTI Tag Weak OopStorage      Min:  0.0, Avg:  0.0, Max:  0.0, Diff:  0.0, Sum:  0.0, Workers: 4
[4175.354s][debug][gc,phases      ] GC(235)     Dead                           Min: 0, Avg:  0.0, Max: 0, Diff: 0, Sum: 0, Workers: 4
[4175.354s][debug][gc,phases      ] GC(235)     Total                          Min: 0, Avg:  0.0, Max: 0, Diff: 0, Sum: 0, Workers: 4
[4175.354s][debug][gc,phases      ] GC(235)   StringTable Weak               Min:  0.0, Avg:  0.1, Max:  0.1, Diff:  0.1, Sum:  0.3, Workers: 4
[4175.354s][debug][gc,phases      ] GC(235)     Dead                           Min: 0, Avg:  0.0, Max: 0, Diff: 0, Sum: 0, Workers: 4
[4175.354s][debug][gc,phases      ] GC(235)     Total                          Min: 0, Avg: 11367.8, Max: 20095, Diff: 20095, Sum: 45471, Workers: 4
[4175.354s][debug][gc,phases      ] GC(235)   ResolvedMethodTable Weak       Min:  0.0, Avg:  0.0, Max:  0.0, Diff:  0.0, Sum:  0.1, Workers: 4
[4175.354s][debug][gc,phases      ] GC(235)     Dead                           Min: 0, Avg:  0.0, Max: 0, Diff: 0, Sum: 0, Workers: 4
[4175.354s][debug][gc,phases      ] GC(235)     Total                          Min: 0, Avg: 2946.5, Max: 5322, Diff: 5322, Sum: 11786, Workers: 4
[4175.354s][debug][gc,phases      ] GC(235)   JNI Weak                       Min:  0.0, Avg:  0.0, Max:  0.0, Diff:  0.0, Sum:  0.0, Workers: 4
[4175.354s][debug][gc,phases      ] GC(235)     Dead                           Min: 0, Avg:  0.0, Max: 0, Diff: 0, Sum: 0, Workers: 4
[4175.354s][debug][gc,phases      ] GC(235)     Total                          Min: 0, Avg: 12.0, Max: 48, Diff: 48, Sum: 48, Workers: 4
[4175.354s][debug][gc,phases      ] GC(235)   StringDedup Table Weak         Min:  0.0, Avg:  0.0, Max:  0.0, Diff:  0.0, Sum:  0.0, Workers: 4
[4175.354s][debug][gc,phases      ] GC(235)     Dead                           Min: 0, Avg:  0.0, Max: 0, Diff: 0, Sum: 0, Workers: 4
[4175.354s][debug][gc,phases      ] GC(235)     Total                          Min: 0, Avg:  0.0, Max: 0, Diff: 0, Sum: 0, Workers: 4
[4175.354s][debug][gc,phases      ] GC(235)   StringDedup Requests0 Weak     Min:  0.0, Avg:  0.0, Max:  0.0, Diff:  0.0, Sum:  0.0, Workers: 4
[4175.354s][debug][gc,phases      ] GC(235)     Dead                           Min: 0, Avg:  0.0, Max: 0, Diff: 0, Sum: 0, Workers: 4
[4175.354s][debug][gc,phases      ] GC(235)     Total                          Min: 0, Avg:  0.0, Max: 0, Diff: 0, Sum: 0, Workers: 4
[4175.354s][debug][gc,phases      ] GC(235)   StringDedup Requests1 Weak     Min:  0.0, Avg:  0.0, Max:  0.0, Diff:  0.0, Sum:  0.0, Workers: 4
[4175.354s][debug][gc,phases      ] GC(235)     Dead                           Min: 0, Avg:  0.0, Max: 0, Diff: 0, Sum: 0, Workers: 4
[4175.354s][debug][gc,phases      ] GC(235)     Total                          Min: 0, Avg:  0.0, Max: 0, Diff: 0, Sum: 0, Workers: 4
[4175.354s][debug][gc,phases      ] GC(235)   Weak JFR Old Object Samples    Min:  0.0, Avg:  0.0, Max:  0.0, Diff:  0.0, Sum:  0.0, Workers: 4
[4175.354s][debug][gc,phases      ] GC(235)     Dead                           Min: 0, Avg:  0.0, Max: 0, Diff: 0, Sum: 0, Workers: 4
[4175.354s][debug][gc,phases      ] GC(235)     Total                          Min: 0, Avg:  0.0, Max: 0, Diff: 0, Sum: 0, Workers: 4
[4175.354s][debug][gc,phases      ] GC(235) Weak Processing 0.314ms
[4175.354s][debug][gc,age         ] GC(235) Desired survivor size 36175872 bytes, new threshold 15 (max threshold 15)
[4175.354s][info ][gc,heap        ] GC(235) PSYoungGen: 2029040K(2060288K)->7568K(2058240K) Eden: 2021376K(2021376K)->0K(2021376K) From: 7664K(38912K)->7568K(36864K)
[4175.354s][info ][gc,heap        ] GC(235) ParOldGen: 547649K(608768K)->547705K(608768K)
[4175.354s][info ][gc,metaspace   ] GC(235) Metaspace: 92722K(93888K)->92722K(93888K) NonClass: 79497K(80128K)->79497K(80128K) Class: 13225K(13760K)->13225K(13760K)
[4175.354s][info ][gc             ] GC(235) Pause Young (Allocation Failure) 2516M->542M(2604M) 7.108ms
[4175.354s][info ][gc,cpu         ] GC(235) User=0.02s Sys=0.00s Real=0.00s
[4175.354s][info ][safepoint      ] Safepoint "ParallelGCFailedAllocation", Time since last: 11491352141 ns, Reaching safepoint: 4400 ns, Cleanup: 3500 ns, At safepoint: 7195063 ns, Total: 7202963 ns
[4178.873s][info ][safepoint      ] Safepoint "Cleanup", Time since last: 3519127968 ns, Reaching safepoint: 73700 ns, Cleanup: 18799 ns, At safepoint: 6000 ns, Total: 98499 ns
[4181.873s][info ][safepoint      ] Safepoint "Cleanup", Time since last: 3000229446 ns, Reaching safepoint: 74600 ns, Cleanup: 11500 ns, At safepoint: 8600 ns, Total: 94700 ns
[4182.873s][info ][safepoint      ] Safepoint "Cleanup", Time since last: 1000094815 ns, Reaching safepoint: 72100 ns, Cleanup: 7900 ns, At safepoint: 5000 ns, Total: 85000 ns
[4187.151s][info ][gc,start       ] GC(236) Pause Young (Allocation Failure)
[4187.156s][debug][gc,phases      ] GC(236) Scavenge 4.907ms
[4187.156s][debug][gc,ref         ] GC(236) Skipped phase 1 of Reference Processing: no references
[4187.156s][debug][gc,ref         ] GC(236) ReferenceProcessor::execute queues: 1, RefProcThreadModel::Single, marks_oops_alive: false
[4187.156s][debug][gc,ref         ] GC(236) Skipped phase 3 of Reference Processing: no references
[4187.156s][debug][gc,ref         ] GC(236) ReferenceProcessor::execute queues: 1, RefProcThreadModel::Single, marks_oops_alive: false
[4187.156s][debug][gc,phases      ] GC(236) Reference Processing 0.087ms
[4187.156s][debug][gc,phases      ] GC(236)   VM Weak                        Min:  0.0, Avg:  0.0, Max:  0.0, Diff:  0.0, Sum:  0.0, Workers: 4
[4187.156s][debug][gc,phases      ] GC(236)     Dead                           Min: 0, Avg:  0.0, Max: 0, Diff: 0, Sum: 0, Workers: 4
[4187.156s][debug][gc,phases      ] GC(236)     Total                          Min: 0, Avg: 251.5, Max: 511, Diff: 511, Sum: 1006, Workers: 4
[4187.156s][debug][gc,phases      ] GC(236)   ObjectSynchronizer Weak        Min:  0.0, Avg:  0.0, Max:  0.0, Diff:  0.0, Sum:  0.0, Workers: 4
[4187.156s][debug][gc,phases      ] GC(236)     Dead                           Min: 0, Avg:  0.2, Max: 1, Diff: 1, Sum: 1, Workers: 4
[4187.156s][debug][gc,phases      ] GC(236)     Total                          Min: 0, Avg:  1.8, Max: 7, Diff: 7, Sum: 7, Workers: 4
[4187.156s][debug][gc,phases      ] GC(236)   JVMTI Tag Weak OopStorage      Min:  0.0, Avg:  0.0, Max:  0.0, Diff:  0.0, Sum:  0.0, Workers: 4
[4187.156s][debug][gc,phases      ] GC(236)     Dead                           Min: 0, Avg:  0.0, Max: 0, Diff: 0, Sum: 0, Workers: 4
[4187.156s][debug][gc,phases      ] GC(236)     Total                          Min: 0, Avg:  0.0, Max: 0, Diff: 0, Sum: 0, Workers: 4
[4187.156s][debug][gc,phases      ] GC(236)   StringTable Weak               Min:  0.0, Avg:  0.1, Max:  0.1, Diff:  0.1, Sum:  0.3, Workers: 4
[4187.156s][debug][gc,phases      ] GC(236)     Dead                           Min: 0, Avg:  0.2, Max: 1, Diff: 1, Sum: 1, Workers: 4
[4187.156s][debug][gc,phases      ] GC(236)     Total                          Min: 0, Avg: 11367.8, Max: 20671, Diff: 20671, Sum: 45471, Workers: 4
[4187.156s][debug][gc,phases      ] GC(236)   ResolvedMethodTable Weak       Min:  0.0, Avg:  0.0, Max:  0.0, Diff:  0.0, Sum:  0.1, Workers: 4
[4187.156s][debug][gc,phases      ] GC(236)     Dead                           Min: 0, Avg:  0.0, Max: 0, Diff: 0, Sum: 0, Workers: 4
[4187.156s][debug][gc,phases      ] GC(236)     Total                          Min: 0, Avg: 2946.8, Max: 5312, Diff: 5312, Sum: 11787, Workers: 4
[4187.156s][debug][gc,phases      ] GC(236)   JNI Weak                       Min:  0.0, Avg:  0.0, Max:  0.0, Diff:  0.0, Sum:  0.0, Workers: 4
[4187.156s][debug][gc,phases      ] GC(236)     Dead                           Min: 0, Avg:  0.0, Max: 0, Diff: 0, Sum: 0, Workers: 4
[4187.156s][debug][gc,phases      ] GC(236)     Total                          Min: 0, Avg: 12.0, Max: 48, Diff: 48, Sum: 48, Workers: 4
[4187.156s][debug][gc,phases      ] GC(236)   StringDedup Table Weak         Min:  0.0, Avg:  0.0, Max:  0.0, Diff:  0.0, Sum:  0.0, Workers: 4
[4187.156s][debug][gc,phases      ] GC(236)     Dead                           Min: 0, Avg:  0.0, Max: 0, Diff: 0, Sum: 0, Workers: 4
[4187.156s][debug][gc,phases      ] GC(236)     Total                          Min: 0, Avg:  0.0, Max: 0, Diff: 0, Sum: 0, Workers: 4
[4187.156s][debug][gc,phases      ] GC(236)   StringDedup Requests0 Weak     Min:  0.0, Avg:  0.0, Max:  0.0, Diff:  0.0, Sum:  0.0, Workers: 4
[4187.156s][debug][gc,phases      ] GC(236)     Dead                           Min: 0, Avg:  0.0, Max: 0, Diff: 0, Sum: 0, Workers: 4
[4187.156s][debug][gc,phases      ] GC(236)     Total                          Min: 0, Avg:  0.0, Max: 0, Diff: 0, Sum: 0, Workers: 4
[4187.156s][debug][gc,phases      ] GC(236)   StringDedup Requests1 Weak     Min:  0.0, Avg:  0.0, Max:  0.0, Diff:  0.0, Sum:  0.0, Workers: 4
[4187.156s][debug][gc,phases      ] GC(236)     Dead                           Min: 0, Avg:  0.0, Max: 0, Diff: 0, Sum: 0, Workers: 4
[4187.156s][debug][gc,phases      ] GC(236)     Total                          Min: 0, Avg:  0.0, Max: 0, Diff: 0, Sum: 0, Workers: 4
[4187.156s][debug][gc,phases      ] GC(236)   Weak JFR Old Object Samples    Min:  0.0, Avg:  0.0, Max:  0.0, Diff:  0.0, Sum:  0.0, Workers: 4
[4187.156s][debug][gc,phases      ] GC(236)     Dead                           Min: 0, Avg:  0.0, Max: 0, Diff: 0, Sum: 0, Workers: 4
[4187.156s][debug][gc,phases      ] GC(236)     Total                          Min: 0, Avg:  0.0, Max: 0, Diff: 0, Sum: 0, Workers: 4
[4187.156s][debug][gc,phases      ] GC(236) Weak Processing 0.304ms
[4187.156s][debug][gc,age         ] GC(236) Desired survivor size 34603008 bytes, new threshold 15 (max threshold 15)
[4187.156s][info ][gc,heap        ] GC(236) PSYoungGen: 2028944K(2058240K)->7600K(2063360K) Eden: 2021376K(2021376K)->0K(2028032K) From: 7568K(36864K)->7600K(35328K)
[4187.156s][info ][gc,heap        ] GC(236) ParOldGen: 547705K(608768K)->547857K(608768K)
[4187.156s][info ][gc,metaspace   ] GC(236) Metaspace: 92727K(93888K)->92727K(93888K) NonClass: 79501K(80128K)->79501K(80128K) Class: 13226K(13760K)->13226K(13760K)
[4187.156s][info ][gc             ] GC(236) Pause Young (Allocation Failure) 2516M->542M(2609M) 5.389ms
[4187.156s][info ][gc,cpu         ] GC(236) User=0.02s Sys=0.00s Real=0.01s
[4187.156s][info ][safepoint      ] Safepoint "ParallelGCFailedAllocation", Time since last: 4277387534 ns, Reaching safepoint: 75800 ns, Cleanup: 2900 ns, At safepoint: 5461471 ns, Total: 5540171 ns
[4195.157s][info ][safepoint      ] Safepoint "Cleanup", Time since last: 8000528623 ns, Reaching safepoint: 75400 ns, Cleanup: 9600 ns, At safepoint: 5900 ns, Total: 90900 ns
[4198.126s][info ][gc,start       ] GC(237) Pause Young (Allocation Failure)
[4198.132s][debug][gc,phases      ] GC(237) Scavenge 6.549ms
[4198.132s][debug][gc,ref         ] GC(237) Skipped phase 1 of Reference Processing: no references
[4198.133s][debug][gc,ref         ] GC(237) ReferenceProcessor::execute queues: 1, RefProcThreadModel::Single, marks_oops_alive: false
[4198.133s][debug][gc,ref         ] GC(237) Skipped phase 3 of Reference Processing: no references
[4198.133s][debug][gc,ref         ] GC(237) ReferenceProcessor::execute queues: 1, RefProcThreadModel::Single, marks_oops_alive: false
[4198.133s][debug][gc,phases      ] GC(237) Reference Processing 0.097ms
[4198.133s][debug][gc,phases      ] GC(237)   VM Weak                        Min:  0.0, Avg:  0.0, Max:  0.0, Diff:  0.0, Sum:  0.0, Workers: 4
[4198.133s][debug][gc,phases      ] GC(237)     Dead                           Min: 0, Avg:  0.0, Max: 0, Diff: 0, Sum: 0, Workers: 4
[4198.133s][debug][gc,phases      ] GC(237)     Total                          Min: 0, Avg: 251.5, Max: 623, Diff: 623, Sum: 1006, Workers: 4
[4198.133s][debug][gc,phases      ] GC(237)   ObjectSynchronizer Weak        Min:  0.0, Avg:  0.0, Max:  0.0, Diff:  0.0, Sum:  0.0, Workers: 4
[4198.133s][debug][gc,phases      ] GC(237)     Dead                           Min: 0, Avg:  0.0, Max: 0, Diff: 0, Sum: 0, Workers: 4
[4198.133s][debug][gc,phases      ] GC(237)     Total                          Min: 0, Avg:  1.8, Max: 7, Diff: 7, Sum: 7, Workers: 4
[4198.133s][debug][gc,phases      ] GC(237)   JVMTI Tag Weak OopStorage      Min:  0.0, Avg:  0.0, Max:  0.0, Diff:  0.0, Sum:  0.0, Workers: 4
[4198.133s][debug][gc,phases      ] GC(237)     Dead                           Min: 0, Avg:  0.0, Max: 0, Diff: 0, Sum: 0, Workers: 4
[4198.133s][debug][gc,phases      ] GC(237)     Total                          Min: 0, Avg:  0.0, Max: 0, Diff: 0, Sum: 0, Workers: 4
[4198.133s][debug][gc,phases      ] GC(237)   StringTable Weak               Min:  0.0, Avg:  0.1, Max:  0.1, Diff:  0.1, Sum:  0.3, Workers: 4
[4198.133s][debug][gc,phases      ] GC(237)     Dead                           Min: 0, Avg:  0.0, Max: 0, Diff: 0, Sum: 0, Workers: 4
[4198.133s][debug][gc,phases      ] GC(237)     Total                          Min: 0, Avg: 11367.8, Max: 19903, Diff: 19903, Sum: 45471, Workers: 4
[4198.133s][debug][gc,phases      ] GC(237)   ResolvedMethodTable Weak       Min:  0.0, Avg:  0.0, Max:  0.0, Diff:  0.0, Sum:  0.1, Workers: 4
[4198.133s][debug][gc,phases      ] GC(237)     Dead                           Min: 0, Avg:  0.0, Max: 0, Diff: 0, Sum: 0, Workers: 4
[4198.133s][debug][gc,phases      ] GC(237)     Total                          Min: 0, Avg: 2946.8, Max: 4992, Diff: 4992, Sum: 11787, Workers: 4
[4198.133s][debug][gc,phases      ] GC(237)   JNI Weak                       Min:  0.0, Avg:  0.0, Max:  0.0, Diff:  0.0, Sum:  0.0, Workers: 4
[4198.133s][debug][gc,phases      ] GC(237)     Dead                           Min: 0, Avg:  0.0, Max: 0, Diff: 0, Sum: 0, Workers: 4
[4198.133s][debug][gc,phases      ] GC(237)     Total                          Min: 0, Avg: 12.0, Max: 48, Diff: 48, Sum: 48, Workers: 4
[4198.133s][debug][gc,phases      ] GC(237)   StringDedup Table Weak         Min:  0.0, Avg:  0.0, Max:  0.0, Diff:  0.0, Sum:  0.0, Workers: 4
[4198.133s][debug][gc,phases      ] GC(237)     Dead                           Min: 0, Avg:  0.0, Max: 0, Diff: 0, Sum: 0, Workers: 4
[4198.133s][debug][gc,phases      ] GC(237)     Total                          Min: 0, Avg:  0.0, Max: 0, Diff: 0, Sum: 0, Workers: 4
[4198.133s][debug][gc,phases      ] GC(237)   StringDedup Requests0 Weak     Min:  0.0, Avg:  0.0, Max:  0.0, Diff:  0.0, Sum:  0.0, Workers: 4
[4198.133s][debug][gc,phases      ] GC(237)     Dead                           Min: 0, Avg:  0.0, Max: 0, Diff: 0, Sum: 0, Workers: 4
[4198.133s][debug][gc,phases      ] GC(237)     Total                          Min: 0, Avg:  0.0, Max: 0, Diff: 0, Sum: 0, Workers: 4
[4198.133s][debug][gc,phases      ] GC(237)   StringDedup Requests1 Weak     Min:  0.0, Avg:  0.0, Max:  0.0, Diff:  0.0, Sum:  0.0, Workers: 4
[4198.133s][debug][gc,phases      ] GC(237)     Dead                           Min: 0, Avg:  0.0, Max: 0, Diff: 0, Sum: 0, Workers: 4
[4198.133s][debug][gc,phases      ] GC(237)     Total                          Min: 0, Avg:  0.0, Max: 0, Diff: 0, Sum: 0, Workers: 4
[4198.133s][debug][gc,phases      ] GC(237)   Weak JFR Old Object Samples    Min:  0.0, Avg:  0.0, Max:  0.0, Diff:  0.0, Sum:  0.0, Workers: 4
[4198.133s][debug][gc,phases      ] GC(237)     Dead                           Min: 0, Avg:  0.0, Max: 0, Diff: 0, Sum: 0, Workers: 4
[4198.133s][debug][gc,phases      ] GC(237)     Total                          Min: 0, Avg:  0.0, Max: 0, Diff: 0, Sum: 0, Workers: 4
[4198.133s][debug][gc,phases      ] GC(237) Weak Processing 0.309ms
[4198.133s][debug][gc,age         ] GC(237) Desired survivor size 32505856 bytes, new threshold 15 (max threshold 15)
[4198.133s][info ][gc,heap        ] GC(237) PSYoungGen: 2035632K(2063360K)->7536K(2061824K) Eden: 2028032K(2028032K)->0K(2028032K) From: 7600K(35328K)->7536K(33792K)
[4198.133s][info ][gc,heap        ] GC(237) ParOldGen: 547857K(608768K)->547897K(608768K)
[4198.133s][info ][gc,metaspace   ] GC(237) Metaspace: 92727K(93888K)->92727K(93888K) NonClass: 79501K(80128K)->79501K(80128K) Class: 13226K(13760K)->13226K(13760K)
[4198.133s][info ][gc             ] GC(237) Pause Young (Allocation Failure) 2522M->542M(2608M) 7.046ms
[4198.133s][info ][gc,cpu         ] GC(237) User=0.02s Sys=0.00s Real=0.00s
[4198.133s][info ][safepoint      ] Safepoint "ParallelGCFailedAllocation", Time since last: 2968804092 ns, Reaching safepoint: 3900 ns, Cleanup: 3500 ns, At safepoint: 7109663 ns, Total: 7117063 ns
[4209.224s][info ][safepoint      ] Safepoint "Cleanup", Time since last: 11091424568 ns, Reaching safepoint: 82699 ns, Cleanup: 11600 ns, At safepoint: 8000 ns, Total: 102299 ns
[4209.701s][info ][gc,start       ] GC(238) Pause Young (Allocation Failure)
[4209.708s][debug][gc,phases      ] GC(238) Scavenge 7.001ms
[4209.708s][debug][gc,ref         ] GC(238) Skipped phase 1 of Reference Processing: no references
[4209.708s][debug][gc,ref         ] GC(238) ReferenceProcessor::execute queues: 1, RefProcThreadModel::Single, marks_oops_alive: false
[4209.708s][debug][gc,ref         ] GC(238) Skipped phase 3 of Reference Processing: no references
[4209.708s][debug][gc,ref         ] GC(238) ReferenceProcessor::execute queues: 1, RefProcThreadModel::Single, marks_oops_alive: false
[4209.708s][debug][gc,phases      ] GC(238) Reference Processing 0.126ms
[4209.708s][debug][gc,phases      ] GC(238)   VM Weak                        Min:  0.0, Avg:  0.0, Max:  0.0, Diff:  0.0, Sum:  0.0, Workers: 4
[4209.708s][debug][gc,phases      ] GC(238)     Dead                           Min: 0, Avg:  0.0, Max: 0, Diff: 0, Sum: 0, Workers: 4
[4209.708s][debug][gc,phases      ] GC(238)     Total                          Min: 0, Avg: 251.5, Max: 623, Diff: 623, Sum: 1006, Workers: 4
[4209.708s][debug][gc,phases      ] GC(238)   ObjectSynchronizer Weak        Min:  0.0, Avg:  0.0, Max:  0.0, Diff:  0.0, Sum:  0.0, Workers: 4
[4209.708s][debug][gc,phases      ] GC(238)     Dead                           Min: 0, Avg:  0.2, Max: 1, Diff: 1, Sum: 1, Workers: 4
[4209.708s][debug][gc,phases      ] GC(238)     Total                          Min: 0, Avg:  1.8, Max: 7, Diff: 7, Sum: 7, Workers: 4
[4209.708s][debug][gc,phases      ] GC(238)   JVMTI Tag Weak OopStorage      Min:  0.0, Avg:  0.0, Max:  0.0, Diff:  0.0, Sum:  0.0, Workers: 4
[4209.708s][debug][gc,phases      ] GC(238)     Dead                           Min: 0, Avg:  0.0, Max: 0, Diff: 0, Sum: 0, Workers: 4
[4209.708s][debug][gc,phases      ] GC(238)     Total                          Min: 0, Avg:  0.0, Max: 0, Diff: 0, Sum: 0, Workers: 4
[4209.708s][debug][gc,phases      ] GC(238)   StringTable Weak               Min:  0.0, Avg:  0.1, Max:  0.1, Diff:  0.1, Sum:  0.4, Workers: 4
[4209.708s][debug][gc,phases      ] GC(238)     Dead                           Min: 0, Avg:  0.0, Max: 0, Diff: 0, Sum: 0, Workers: 4
[4209.708s][debug][gc,phases      ] GC(238)     Total                          Min: 0, Avg: 11367.8, Max: 16000, Diff: 16000, Sum: 45471, Workers: 4
[4209.708s][debug][gc,phases      ] GC(238)   ResolvedMethodTable Weak       Min:  0.0, Avg:  0.0, Max:  0.0, Diff:  0.0, Sum:  0.1, Workers: 4
[4209.708s][debug][gc,phases      ] GC(238)     Dead                           Min: 0, Avg:  0.0, Max: 0, Diff: 0, Sum: 0, Workers: 4
[4209.708s][debug][gc,phases      ] GC(238)     Total                          Min: 0, Avg: 2946.8, Max: 4160, Diff: 4160, Sum: 11787, Workers: 4
[4209.708s][debug][gc,phases      ] GC(238)   JNI Weak                       Min:  0.0, Avg:  0.0, Max:  0.0, Diff:  0.0, Sum:  0.0, Workers: 4
[4209.708s][debug][gc,phases      ] GC(238)     Dead                           Min: 0, Avg:  0.0, Max: 0, Diff: 0, Sum: 0, Workers: 4
[4209.708s][debug][gc,phases      ] GC(238)     Total                          Min: 0, Avg: 12.0, Max: 48, Diff: 48, Sum: 48, Workers: 4
[4209.708s][debug][gc,phases      ] GC(238)   StringDedup Table Weak         Min:  0.0, Avg:  0.0, Max:  0.0, Diff:  0.0, Sum:  0.0, Workers: 4
[4209.708s][debug][gc,phases      ] GC(238)     Dead                           Min: 0, Avg:  0.0, Max: 0, Diff: 0, Sum: 0, Workers: 4
[4209.708s][debug][gc,phases      ] GC(238)     Total                          Min: 0, Avg:  0.0, Max: 0, Diff: 0, Sum: 0, Workers: 4
[4209.708s][debug][gc,phases      ] GC(238)   StringDedup Requests0 Weak     Min:  0.0, Avg:  0.0, Max:  0.0, Diff:  0.0, Sum:  0.0, Workers: 4
[4209.708s][debug][gc,phases      ] GC(238)     Dead                           Min: 0, Avg:  0.0, Max: 0, Diff: 0, Sum: 0, Workers: 4
[4209.708s][debug][gc,phases      ] GC(238)     Total                          Min: 0, Avg:  0.0, Max: 0, Diff: 0, Sum: 0, Workers: 4
[4209.708s][debug][gc,phases      ] GC(238)   StringDedup Requests1 Weak     Min:  0.0, Avg:  0.0, Max:  0.0, Diff:  0.0, Sum:  0.0, Workers: 4
[4209.708s][debug][gc,phases      ] GC(238)     Dead                           Min: 0, Avg:  0.0, Max: 0, Diff: 0, Sum: 0, Workers: 4
[4209.708s][debug][gc,phases      ] GC(238)     Total                          Min: 0, Avg:  0.0, Max: 0, Diff: 0, Sum: 0, Workers: 4
[4209.708s][debug][gc,phases      ] GC(238)   Weak JFR Old Object Samples    Min:  0.0, Avg:  0.0, Max:  0.0, Diff:  0.0, Sum:  0.0, Workers: 4
[4209.708s][debug][gc,phases      ] GC(238)     Dead                           Min: 0, Avg:  0.0, Max: 0, Diff: 0, Sum: 0, Workers: 4
[4209.708s][debug][gc,phases      ] GC(238)     Total                          Min: 0, Avg:  0.0, Max: 0, Diff: 0, Sum: 0, Workers: 4
[4209.708s][debug][gc,phases      ] GC(238) Weak Processing 0.357ms
[4209.708s][debug][gc,age         ] GC(238) Desired survivor size 30932992 bytes, new threshold 15 (max threshold 15)
[4209.708s][info ][gc,heap        ] GC(238) PSYoungGen: 2035568K(2061824K)->7680K(2066944K) Eden: 2028032K(2028032K)->0K(2035200K) From: 7536K(33792K)->7680K(31744K)
[4209.708s][info ][gc,heap        ] GC(238) ParOldGen: 547897K(608768K)->547998K(608768K)
[4209.708s][info ][gc,metaspace   ] GC(238) Metaspace: 92729K(93888K)->92729K(93888K) NonClass: 79503K(80128K)->79503K(80128K) Class: 13226K(13760K)->13226K(13760K)
[4209.708s][info ][gc             ] GC(238) Pause Young (Allocation Failure) 2522M->542M(2613M) 7.589ms
[4209.708s][info ][gc,cpu         ] GC(238) User=0.02s Sys=0.00s Real=0.01s
[4209.708s][info ][safepoint      ] Safepoint "ParallelGCFailedAllocation", Time since last: 476000789 ns, Reaching safepoint: 76600 ns, Cleanup: 4000 ns, At safepoint: 7655659 ns, Total: 7736259 ns
[4219.709s][info ][safepoint      ] Safepoint "Cleanup", Time since last: 10000717713 ns, Reaching safepoint: 79000 ns, Cleanup: 10000 ns, At safepoint: 6300 ns, Total: 95300 ns
[4221.100s][info ][gc,start       ] GC(239) Pause Young (Allocation Failure)
[4221.105s][debug][gc,phases      ] GC(239) Scavenge 5.478ms
[4221.105s][debug][gc,ref         ] GC(239) Skipped phase 1 of Reference Processing: no references
[4221.106s][debug][gc,ref         ] GC(239) ReferenceProcessor::execute queues: 1, RefProcThreadModel::Single, marks_oops_alive: false
[4221.106s][debug][gc,ref         ] GC(239) Skipped phase 3 of Reference Processing: no references
[4221.106s][debug][gc,ref         ] GC(239) ReferenceProcessor::execute queues: 1, RefProcThreadModel::Single, marks_oops_alive: false
[4221.106s][debug][gc,phases      ] GC(239) Reference Processing 0.087ms
[4221.106s][debug][gc,phases      ] GC(239)   VM Weak                        Min:  0.0, Avg:  0.0, Max:  0.0, Diff:  0.0, Sum:  0.0, Workers: 4
[4221.106s][debug][gc,phases      ] GC(239)     Dead                           Min: 0, Avg:  0.0, Max: 0, Diff: 0, Sum: 0, Workers: 4
[4221.106s][debug][gc,phases      ] GC(239)     Total                          Min: 0, Avg: 251.5, Max: 943, Diff: 943, Sum: 1006, Workers: 4
[4221.106s][debug][gc,phases      ] GC(239)   ObjectSynchronizer Weak        Min:  0.0, Avg:  0.0, Max:  0.0, Diff:  0.0, Sum:  0.0, Workers: 4
[4221.106s][debug][gc,phases      ] GC(239)     Dead                           Min: 0, Avg:  0.0, Max: 0, Diff: 0, Sum: 0, Workers: 4
[4221.106s][debug][gc,phases      ] GC(239)     Total                          Min: 0, Avg:  1.8, Max: 7, Diff: 7, Sum: 7, Workers: 4
[4221.106s][debug][gc,phases      ] GC(239)   JVMTI Tag Weak OopStorage      Min:  0.0, Avg:  0.0, Max:  0.0, Diff:  0.0, Sum:  0.0, Workers: 4
[4221.106s][debug][gc,phases      ] GC(239)     Dead                           Min: 0, Avg:  0.0, Max: 0, Diff: 0, Sum: 0, Workers: 4
[4221.106s][debug][gc,phases      ] GC(239)     Total                          Min: 0, Avg:  0.0, Max: 0, Diff: 0, Sum: 0, Workers: 4
[4221.106s][debug][gc,phases      ] GC(239)   StringTable Weak               Min:  0.0, Avg:  0.1, Max:  0.1, Diff:  0.1, Sum:  0.3, Workers: 4
[4221.106s][debug][gc,phases      ] GC(239)     Dead                           Min: 0, Avg:  0.0, Max: 0, Diff: 0, Sum: 0, Workers: 4
[4221.106s][debug][gc,phases      ] GC(239)     Total                          Min: 0, Avg: 11367.8, Max: 20287, Diff: 20287, Sum: 45471, Workers: 4
[4221.106s][debug][gc,phases      ] GC(239)   ResolvedMethodTable Weak       Min:  0.0, Avg:  0.0, Max:  0.0, Diff:  0.0, Sum:  0.1, Workers: 4
[4221.106s][debug][gc,phases      ] GC(239)     Dead                           Min: 0, Avg:  0.0, Max: 0, Diff: 0, Sum: 0, Workers: 4
[4221.106s][debug][gc,phases      ] GC(239)     Total                          Min: 0, Avg: 2946.8, Max: 4736, Diff: 4736, Sum: 11787, Workers: 4
[4221.106s][debug][gc,phases      ] GC(239)   JNI Weak                       Min:  0.0, Avg:  0.0, Max:  0.0, Diff:  0.0, Sum:  0.0, Workers: 4
[4221.106s][debug][gc,phases      ] GC(239)     Dead                           Min: 0, Avg:  0.0, Max: 0, Diff: 0, Sum: 0, Workers: 4
[4221.106s][debug][gc,phases      ] GC(239)     Total                          Min: 0, Avg: 12.0, Max: 48, Diff: 48, Sum: 48, Workers: 4
[4221.106s][debug][gc,phases      ] GC(239)   StringDedup Table Weak         Min:  0.0, Avg:  0.0, Max:  0.0, Diff:  0.0, Sum:  0.0, Workers: 4
[4221.106s][debug][gc,phases      ] GC(239)     Dead                           Min: 0, Avg:  0.0, Max: 0, Diff: 0, Sum: 0, Workers: 4
[4221.106s][debug][gc,phases      ] GC(239)     Total                          Min: 0, Avg:  0.0, Max: 0, Diff: 0, Sum: 0, Workers: 4
[4221.106s][debug][gc,phases      ] GC(239)   StringDedup Requests0 Weak     Min:  0.0, Avg:  0.0, Max:  0.0, Diff:  0.0, Sum:  0.0, Workers: 4
[4221.106s][debug][gc,phases      ] GC(239)     Dead                           Min: 0, Avg:  0.0, Max: 0, Diff: 0, Sum: 0, Workers: 4
[4221.106s][debug][gc,phases      ] GC(239)     Total                          Min: 0, Avg:  0.0, Max: 0, Diff: 0, Sum: 0, Workers: 4
[4221.106s][debug][gc,phases      ] GC(239)   StringDedup Requests1 Weak     Min:  0.0, Avg:  0.0, Max:  0.0, Diff:  0.0, Sum:  0.0, Workers: 4
[4221.106s][debug][gc,phases      ] GC(239)     Dead                           Min: 0, Avg:  0.0, Max: 0, Diff: 0, Sum: 0, Workers: 4
[4221.106s][debug][gc,phases      ] GC(239)     Total                          Min: 0, Avg:  0.0, Max: 0, Diff: 0, Sum: 0, Workers: 4
[4221.106s][debug][gc,phases      ] GC(239)   Weak JFR Old Object Samples    Min:  0.0, Avg:  0.0, Max:  0.0, Diff:  0.0, Sum:  0.0, Workers: 4
[4221.106s][debug][gc,phases      ] GC(239)     Dead                           Min: 0, Avg:  0.0, Max: 0, Diff: 0, Sum: 0, Workers: 4
[4221.106s][debug][gc,phases      ] GC(239)     Total                          Min: 0, Avg:  0.0, Max: 0, Diff: 0, Sum: 0, Workers: 4
[4221.106s][debug][gc,phases      ] GC(239) Weak Processing 0.309ms
[4221.106s][debug][gc,age         ] GC(239) Desired survivor size 29884416 bytes, new threshold 15 (max threshold 15)
[4221.106s][info ][gc,heap        ] GC(239) PSYoungGen: 2042880K(2066944K)->7488K(2065408K) Eden: 2035200K(2035200K)->0K(2035200K) From: 7680K(31744K)->7488K(30208K)
[4221.106s][info ][gc,heap        ] GC(239) ParOldGen: 547998K(608768K)->548070K(608768K)
[4221.106s][info ][gc,metaspace   ] GC(239) Metaspace: 92732K(93888K)->92732K(93888K) NonClass: 79505K(80128K)->79505K(80128K) Class: 13226K(13760K)->13226K(13760K)
[4221.106s][info ][gc             ] GC(239) Pause Young (Allocation Failure) 2530M->542M(2611M) 5.977ms
[4221.106s][info ][gc,cpu         ] GC(239) User=0.02s Sys=0.00s Real=0.01s
[4221.106s][info ][safepoint      ] Safepoint "ParallelGCFailedAllocation", Time since last: 1390766204 ns, Reaching safepoint: 76400 ns, Cleanup: 4100 ns, At safepoint: 6047670 ns, Total: 6128170 ns
[4228.107s][info ][safepoint      ] Safepoint "Cleanup", Time since last: 7000510197 ns, Reaching safepoint: 73900 ns, Cleanup: 12100 ns, At safepoint: 5100 ns, Total: 91100 ns
[4232.250s][info ][gc,start       ] GC(240) Pause Young (Allocation Failure)
[4232.256s][debug][gc,phases      ] GC(240) Scavenge 5.590ms
[4232.256s][debug][gc,ref         ] GC(240) Skipped phase 1 of Reference Processing: no references
[4232.256s][debug][gc,ref         ] GC(240) ReferenceProcessor::execute queues: 1, RefProcThreadModel::Single, marks_oops_alive: false
[4232.256s][debug][gc,ref         ] GC(240) Skipped phase 3 of Reference Processing: no references
[4232.256s][debug][gc,ref         ] GC(240) ReferenceProcessor::execute queues: 1, RefProcThreadModel::Single, marks_oops_alive: false
[4232.256s][debug][gc,phases      ] GC(240) Reference Processing 0.099ms
[4232.256s][debug][gc,phases      ] GC(240)   VM Weak                        Min:  0.0, Avg:  0.0, Max:  0.0, Diff:  0.0, Sum:  0.0, Workers: 4
[4232.256s][debug][gc,phases      ] GC(240)     Dead                           Min: 0, Avg:  0.0, Max: 0, Diff: 0, Sum: 0, Workers: 4
[4232.256s][debug][gc,phases      ] GC(240)     Total                          Min: 0, Avg: 251.5, Max: 895, Diff: 895, Sum: 1006, Workers: 4
[4232.256s][debug][gc,phases      ] GC(240)   ObjectSynchronizer Weak        Min:  0.0, Avg:  0.0, Max:  0.0, Diff:  0.0, Sum:  0.0, Workers: 4
[4232.256s][debug][gc,phases      ] GC(240)     Dead                           Min: 0, Avg:  0.0, Max: 0, Diff: 0, Sum: 0, Workers: 4
[4232.256s][debug][gc,phases      ] GC(240)     Total                          Min: 0, Avg:  1.8, Max: 7, Diff: 7, Sum: 7, Workers: 4
[4232.256s][debug][gc,phases      ] GC(240)   JVMTI Tag Weak OopStorage      Min:  0.0, Avg:  0.0, Max:  0.0, Diff:  0.0, Sum:  0.0, Workers: 4
[4232.256s][debug][gc,phases      ] GC(240)     Dead                           Min: 0, Avg:  0.0, Max: 0, Diff: 0, Sum: 0, Workers: 4
[4232.256s][debug][gc,phases      ] GC(240)     Total                          Min: 0, Avg:  0.0, Max: 0, Diff: 0, Sum: 0, Workers: 4
[4232.256s][debug][gc,phases      ] GC(240)   StringTable Weak               Min:  0.0, Avg:  0.1, Max:  0.1, Diff:  0.1, Sum:  0.3, Workers: 4
[4232.256s][debug][gc,phases      ] GC(240)     Dead                           Min: 0, Avg:  0.0, Max: 0, Diff: 0, Sum: 0, Workers: 4
[4232.256s][debug][gc,phases      ] GC(240)     Total                          Min: 0, Avg: 11367.8, Max: 20607, Diff: 20607, Sum: 45471, Workers: 4
[4232.256s][debug][gc,phases      ] GC(240)   ResolvedMethodTable Weak       Min:  0.0, Avg:  0.0, Max:  0.0, Diff:  0.0, Sum:  0.1, Workers: 4
[4232.256s][debug][gc,phases      ] GC(240)     Dead                           Min: 0, Avg:  0.0, Max: 0, Diff: 0, Sum: 0, Workers: 4
[4232.256s][debug][gc,phases      ] GC(240)     Total                          Min: 0, Avg: 2946.8, Max: 5056, Diff: 5056, Sum: 11787, Workers: 4
[4232.256s][debug][gc,phases      ] GC(240)   JNI Weak                       Min:  0.0, Avg:  0.0, Max:  0.0, Diff:  0.0, Sum:  0.0, Workers: 4
[4232.256s][debug][gc,phases      ] GC(240)     Dead                           Min: 0, Avg:  0.0, Max: 0, Diff: 0, Sum: 0, Workers: 4
[4232.256s][debug][gc,phases      ] GC(240)     Total                          Min: 0, Avg: 12.0, Max: 48, Diff: 48, Sum: 48, Workers: 4
[4232.256s][debug][gc,phases      ] GC(240)   StringDedup Table Weak         Min:  0.0, Avg:  0.0, Max:  0.0, Diff:  0.0, Sum:  0.0, Workers: 4
[4232.256s][debug][gc,phases      ] GC(240)     Dead                           Min: 0, Avg:  0.0, Max: 0, Diff: 0, Sum: 0, Workers: 4
[4232.256s][debug][gc,phases      ] GC(240)     Total                          Min: 0, Avg:  0.0, Max: 0, Diff: 0, Sum: 0, Workers: 4
[4232.256s][debug][gc,phases      ] GC(240)   StringDedup Requests0 Weak     Min:  0.0, Avg:  0.0, Max:  0.0, Diff:  0.0, Sum:  0.0, Workers: 4
[4232.256s][debug][gc,phases      ] GC(240)     Dead                           Min: 0, Avg:  0.0, Max: 0, Diff: 0, Sum: 0, Workers: 4
[4232.256s][debug][gc,phases      ] GC(240)     Total                          Min: 0, Avg:  0.0, Max: 0, Diff: 0, Sum: 0, Workers: 4
[4232.256s][debug][gc,phases      ] GC(240)   StringDedup Requests1 Weak     Min:  0.0, Avg:  0.0, Max:  0.0, Diff:  0.0, Sum:  0.0, Workers: 4
[4232.256s][debug][gc,phases      ] GC(240)     Dead                           Min: 0, Avg:  0.0, Max: 0, Diff: 0, Sum: 0, Workers: 4
[4232.256s][debug][gc,phases      ] GC(240)     Total                          Min: 0, Avg:  0.0, Max: 0, Diff: 0, Sum: 0, Workers: 4
[4232.256s][debug][gc,phases      ] GC(240)   Weak JFR Old Object Samples    Min:  0.0, Avg:  0.0, Max:  0.0, Diff:  0.0, Sum:  0.0, Workers: 4
[4232.256s][debug][gc,phases      ] GC(240)     Dead                           Min: 0, Avg:  0.0, Max: 0, Diff: 0, Sum: 0, Workers: 4
[4232.256s][debug][gc,phases      ] GC(240)     Total                          Min: 0, Avg:  0.0, Max: 0, Diff: 0, Sum: 0, Workers: 4
[4232.256s][debug][gc,phases      ] GC(240) Weak Processing 0.308ms
[4232.256s][debug][gc,age         ] GC(240) Desired survivor size 28311552 bytes, new threshold 15 (max threshold 15)
[4232.256s][info ][gc,heap        ] GC(240) PSYoungGen: 2042688K(2065408K)->8272K(2069504K) Eden: 2035200K(2035200K)->0K(2040320K) From: 7488K(30208K)->8272K(29184K)
[4232.256s][info ][gc,heap        ] GC(240) ParOldGen: 548070K(608768K)->548118K(608768K)
[4232.256s][info ][gc,metaspace   ] GC(240) Metaspace: 92732K(93888K)->92732K(93888K) NonClass: 79506K(80128K)->79506K(80128K) Class: 13226K(13760K)->13226K(13760K)
[4232.256s][info ][gc             ] GC(240) Pause Young (Allocation Failure) 2530M->543M(2615M) 6.096ms
[4232.256s][info ][gc,cpu         ] GC(240) User=0.02s Sys=0.00s Real=0.01s
[4232.256s][info ][safepoint      ] Safepoint "ParallelGCFailedAllocation", Time since last: 4143349135 ns, Reaching safepoint: 73500 ns, Cleanup: 3600 ns, At safepoint: 6179868 ns, Total: 6256968 ns
[4243.050s][info ][gc,start       ] GC(241) Pause Young (Allocation Failure)
[4243.055s][debug][gc,phases      ] GC(241) Scavenge 5.000ms
[4243.055s][debug][gc,ref         ] GC(241) Skipped phase 1 of Reference Processing: no references
[4243.055s][debug][gc,ref         ] GC(241) ReferenceProcessor::execute queues: 1, RefProcThreadModel::Single, marks_oops_alive: false
[4243.055s][debug][gc,ref         ] GC(241) Skipped phase 3 of Reference Processing: no references
[4243.055s][debug][gc,ref         ] GC(241) ReferenceProcessor::execute queues: 1, RefProcThreadModel::Single, marks_oops_alive: false
[4243.055s][debug][gc,phases      ] GC(241) Reference Processing 0.091ms
[4243.056s][debug][gc,phases      ] GC(241)   VM Weak                        Min:  0.0, Avg:  0.0, Max:  0.0, Diff:  0.0, Sum:  0.0, Workers: 4
[4243.056s][debug][gc,phases      ] GC(241)     Dead                           Min: 0, Avg:  0.0, Max: 0, Diff: 0, Sum: 0, Workers: 4
[4243.056s][debug][gc,phases      ] GC(241)     Total                          Min: 0, Avg: 251.5, Max: 815, Diff: 815, Sum: 1006, Workers: 4
[4243.056s][debug][gc,phases      ] GC(241)   ObjectSynchronizer Weak        Min:  0.0, Avg:  0.0, Max:  0.0, Diff:  0.0, Sum:  0.0, Workers: 4
[4243.056s][debug][gc,phases      ] GC(241)     Dead                           Min: 0, Avg:  0.0, Max: 0, Diff: 0, Sum: 0, Workers: 4
[4243.056s][debug][gc,phases      ] GC(241)     Total                          Min: 0, Avg:  1.8, Max: 7, Diff: 7, Sum: 7, Workers: 4
[4243.056s][debug][gc,phases      ] GC(241)   JVMTI Tag Weak OopStorage      Min:  0.0, Avg:  0.0, Max:  0.0, Diff:  0.0, Sum:  0.0, Workers: 4
[4243.056s][debug][gc,phases      ] GC(241)     Dead                           Min: 0, Avg:  0.0, Max: 0, Diff: 0, Sum: 0, Workers: 4
[4243.056s][debug][gc,phases      ] GC(241)     Total                          Min: 0, Avg:  0.0, Max: 0, Diff: 0, Sum: 0, Workers: 4
[4243.056s][debug][gc,phases      ] GC(241)   StringTable Weak               Min:  0.0, Avg:  0.1, Max:  0.1, Diff:  0.1, Sum:  0.3, Workers: 4
[4243.056s][debug][gc,phases      ] GC(241)     Dead                           Min: 0, Avg:  0.0, Max: 0, Diff: 0, Sum: 0, Workers: 4
[4243.056s][debug][gc,phases      ] GC(241)     Total                          Min: 0, Avg: 11367.8, Max: 19807, Diff: 19807, Sum: 45471, Workers: 4
[4243.056s][debug][gc,phases      ] GC(241)   ResolvedMethodTable Weak       Min:  0.0, Avg:  0.0, Max:  0.0, Diff:  0.0, Sum:  0.1, Workers: 4
[4243.056s][debug][gc,phases      ] GC(241)     Dead                           Min: 0, Avg:  0.0, Max: 0, Diff: 0, Sum: 0, Workers: 4
[4243.056s][debug][gc,phases      ] GC(241)     Total                          Min: 0, Avg: 2946.8, Max: 5184, Diff: 5184, Sum: 11787, Workers: 4
[4243.056s][debug][gc,phases      ] GC(241)   JNI Weak                       Min:  0.0, Avg:  0.0, Max:  0.0, Diff:  0.0, Sum:  0.0, Workers: 4
[4243.056s][debug][gc,phases      ] GC(241)     Dead                           Min: 0, Avg:  0.0, Max: 0, Diff: 0, Sum: 0, Workers: 4
[4243.056s][debug][gc,phases      ] GC(241)     Total                          Min: 0, Avg: 12.0, Max: 48, Diff: 48, Sum: 48, Workers: 4
[4243.056s][debug][gc,phases      ] GC(241)   StringDedup Table Weak         Min:  0.0, Avg:  0.0, Max:  0.0, Diff:  0.0, Sum:  0.0, Workers: 4
[4243.056s][debug][gc,phases      ] GC(241)     Dead                           Min: 0, Avg:  0.0, Max: 0, Diff: 0, Sum: 0, Workers: 4
[4243.056s][debug][gc,phases      ] GC(241)     Total                          Min: 0, Avg:  0.0, Max: 0, Diff: 0, Sum: 0, Workers: 4
[4243.056s][debug][gc,phases      ] GC(241)   StringDedup Requests0 Weak     Min:  0.0, Avg:  0.0, Max:  0.0, Diff:  0.0, Sum:  0.0, Workers: 4
[4243.056s][debug][gc,phases      ] GC(241)     Dead                           Min: 0, Avg:  0.0, Max: 0, Diff: 0, Sum: 0, Workers: 4
[4243.056s][debug][gc,phases      ] GC(241)     Total                          Min: 0, Avg:  0.0, Max: 0, Diff: 0, Sum: 0, Workers: 4
[4243.056s][debug][gc,phases      ] GC(241)   StringDedup Requests1 Weak     Min:  0.0, Avg:  0.0, Max:  0.0, Diff:  0.0, Sum:  0.0, Workers: 4
[4243.056s][debug][gc,phases      ] GC(241)     Dead                           Min: 0, Avg:  0.0, Max: 0, Diff: 0, Sum: 0, Workers: 4
[4243.056s][debug][gc,phases      ] GC(241)     Total                          Min: 0, Avg:  0.0, Max: 0, Diff: 0, Sum: 0, Workers: 4
[4243.056s][debug][gc,phases      ] GC(241)   Weak JFR Old Object Samples    Min:  0.0, Avg:  0.0, Max:  0.0, Diff:  0.0, Sum:  0.0, Workers: 4
[4243.056s][debug][gc,phases      ] GC(241)     Dead                           Min: 0, Avg:  0.0, Max: 0, Diff: 0, Sum: 0, Workers: 4
[4243.056s][debug][gc,phases      ] GC(241)     Total                          Min: 0, Avg:  0.0, Max: 0, Diff: 0, Sum: 0, Workers: 4
[4243.056s][debug][gc,phases      ] GC(241) Weak Processing 0.308ms
[4243.056s][debug][gc,age         ] GC(241) Desired survivor size 26738688 bytes, new threshold 15 (max threshold 15)
[4243.056s][info ][gc,heap        ] GC(241) PSYoungGen: 2048592K(2069504K)->8272K(2067968K) Eden: 2040320K(2040320K)->0K(2040320K) From: 8272K(29184K)->8272K(27648K)
[4243.056s][info ][gc,heap        ] GC(241) ParOldGen: 548118K(608768K)->548190K(608768K)
[4243.056s][info ][gc,metaspace   ] GC(241) Metaspace: 92736K(93888K)->92736K(93888K) NonClass: 79510K(80128K)->79510K(80128K) Class: 13226K(13760K)->13226K(13760K)
[4243.056s][info ][gc             ] GC(241) Pause Young (Allocation Failure) 2535M->543M(2614M) 5.504ms
[4243.056s][info ][gc,cpu         ] GC(241) User=0.02s Sys=0.00s Real=0.01s
[4243.056s][info ][safepoint      ] Safepoint "ParallelGCFailedAllocation", Time since last: 10793908403 ns, Reaching safepoint: 76200 ns, Cleanup: 4400 ns, At safepoint: 5577171 ns, Total: 5657771 ns
[4253.599s][info ][gc,start       ] GC(242) Pause Young (Allocation Failure)
[4253.606s][debug][gc,phases      ] GC(242) Scavenge 6.595ms
[4253.606s][debug][gc,ref         ] GC(242) Skipped phase 1 of Reference Processing: no references
[4253.606s][debug][gc,ref         ] GC(242) ReferenceProcessor::execute queues: 1, RefProcThreadModel::Single, marks_oops_alive: false
[4253.606s][debug][gc,ref         ] GC(242) Skipped phase 3 of Reference Processing: no references
[4253.606s][debug][gc,ref         ] GC(242) ReferenceProcessor::execute queues: 1, RefProcThreadModel::Single, marks_oops_alive: false
[4253.606s][debug][gc,phases      ] GC(242) Reference Processing 0.087ms
[4253.606s][debug][gc,phases      ] GC(242)   VM Weak                        Min:  0.0, Avg:  0.0, Max:  0.0, Diff:  0.0, Sum:  0.0, Workers: 4
[4253.606s][debug][gc,phases      ] GC(242)     Dead                           Min: 0, Avg:  0.0, Max: 0, Diff: 0, Sum: 0, Workers: 4
[4253.606s][debug][gc,phases      ] GC(242)     Total                          Min: 0, Avg: 251.5, Max: 447, Diff: 447, Sum: 1006, Workers: 4
[4253.606s][debug][gc,phases      ] GC(242)   ObjectSynchronizer Weak        Min:  0.0, Avg:  0.0, Max:  0.0, Diff:  0.0, Sum:  0.0, Workers: 4
[4253.606s][debug][gc,phases      ] GC(242)     Dead                           Min: 0, Avg:  0.0, Max: 0, Diff: 0, Sum: 0, Workers: 4
[4253.606s][debug][gc,phases      ] GC(242)     Total                          Min: 0, Avg:  1.8, Max: 7, Diff: 7, Sum: 7, Workers: 4
[4253.606s][debug][gc,phases      ] GC(242)   JVMTI Tag Weak OopStorage      Min:  0.0, Avg:  0.0, Max:  0.0, Diff:  0.0, Sum:  0.0, Workers: 4
[4253.606s][debug][gc,phases      ] GC(242)     Dead                           Min: 0, Avg:  0.0, Max: 0, Diff: 0, Sum: 0, Workers: 4
[4253.606s][debug][gc,phases      ] GC(242)     Total                          Min: 0, Avg:  0.0, Max: 0, Diff: 0, Sum: 0, Workers: 4
[4253.606s][debug][gc,phases      ] GC(242)   StringTable Weak               Min:  0.1, Avg:  0.1, Max:  0.1, Diff:  0.0, Sum:  0.4, Workers: 4
[4253.606s][debug][gc,phases      ] GC(242)     Dead                           Min: 0, Avg:  0.0, Max: 0, Diff: 0, Sum: 0, Workers: 4
[4253.606s][debug][gc,phases      ] GC(242)     Total                          Min: 11232, Avg: 11367.8, Max: 11456, Diff: 224, Sum: 45471, Workers: 4
[4253.606s][debug][gc,phases      ] GC(242)   ResolvedMethodTable Weak       Min:  0.0, Avg:  0.0, Max:  0.0, Diff:  0.0, Sum:  0.1, Workers: 4
[4253.606s][debug][gc,phases      ] GC(242)     Dead                           Min: 0, Avg:  0.0, Max: 0, Diff: 0, Sum: 0, Workers: 4
[4253.606s][debug][gc,phases      ] GC(242)     Total                          Min: 2880, Avg: 2946.8, Max: 3083, Diff: 203, Sum: 11787, Workers: 4
[4253.606s][debug][gc,phases      ] GC(242)   JNI Weak                       Min:  0.0, Avg:  0.0, Max:  0.0, Diff:  0.0, Sum:  0.0, Workers: 4
[4253.606s][debug][gc,phases      ] GC(242)     Dead                           Min: 0, Avg:  0.0, Max: 0, Diff: 0, Sum: 0, Workers: 4
[4253.606s][debug][gc,phases      ] GC(242)     Total                          Min: 0, Avg: 12.0, Max: 48, Diff: 48, Sum: 48, Workers: 4
[4253.606s][debug][gc,phases      ] GC(242)   StringDedup Table Weak         Min:  0.0, Avg:  0.0, Max:  0.0, Diff:  0.0, Sum:  0.0, Workers: 4
[4253.606s][debug][gc,phases      ] GC(242)     Dead                           Min: 0, Avg:  0.0, Max: 0, Diff: 0, Sum: 0, Workers: 4
[4253.606s][debug][gc,phases      ] GC(242)     Total                          Min: 0, Avg:  0.0, Max: 0, Diff: 0, Sum: 0, Workers: 4
[4253.606s][debug][gc,phases      ] GC(242)   StringDedup Requests0 Weak     Min:  0.0, Avg:  0.0, Max:  0.0, Diff:  0.0, Sum:  0.0, Workers: 4
[4253.606s][debug][gc,phases      ] GC(242)     Dead                           Min: 0, Avg:  0.0, Max: 0, Diff: 0, Sum: 0, Workers: 4
[4253.606s][debug][gc,phases      ] GC(242)     Total                          Min: 0, Avg:  0.0, Max: 0, Diff: 0, Sum: 0, Workers: 4
[4253.606s][debug][gc,phases      ] GC(242)   StringDedup Requests1 Weak     Min:  0.0, Avg:  0.0, Max:  0.0, Diff:  0.0, Sum:  0.0, Workers: 4
[4253.606s][debug][gc,phases      ] GC(242)     Dead                           Min: 0, Avg:  0.0, Max: 0, Diff: 0, Sum: 0, Workers: 4
[4253.606s][debug][gc,phases      ] GC(242)     Total                          Min: 0, Avg:  0.0, Max: 0, Diff: 0, Sum: 0, Workers: 4
[4253.606s][debug][gc,phases      ] GC(242)   Weak JFR Old Object Samples    Min:  0.0, Avg:  0.0, Max:  0.0, Diff:  0.0, Sum:  0.0, Workers: 4
[4253.606s][debug][gc,phases      ] GC(242)     Dead                           Min: 0, Avg:  0.0, Max: 0, Diff: 0, Sum: 0, Workers: 4
[4253.606s][debug][gc,phases      ] GC(242)     Total                          Min: 0, Avg:  0.0, Max: 0, Diff: 0, Sum: 0, Workers: 4
[4253.606s][debug][gc,phases      ] GC(242) Weak Processing 0.300ms
[4253.606s][debug][gc,age         ] GC(242) Desired survivor size 25165824 bytes, new threshold 15 (max threshold 15)
[4253.606s][info ][gc,heap        ] GC(242) PSYoungGen: 2048592K(2067968K)->8944K(2072576K) Eden: 2040320K(2040320K)->0K(2046464K) From: 8272K(27648K)->8944K(26112K)
[4253.606s][info ][gc,heap        ] GC(242) ParOldGen: 548190K(608768K)->548246K(608768K)
[4253.607s][info ][gc,metaspace   ] GC(242) Metaspace: 92736K(93888K)->92736K(93888K) NonClass: 79510K(80128K)->79510K(80128K) Class: 13226K(13760K)->13226K(13760K)
[4253.607s][info ][gc             ] GC(242) Pause Young (Allocation Failure) 2535M->544M(2618M) 7.084ms
[4253.607s][info ][gc,cpu         ] GC(242) User=0.02s Sys=0.00s Real=0.01s
[4253.607s][info ][safepoint      ] Safepoint "ParallelGCFailedAllocation", Time since last: 10543614221 ns, Reaching safepoint: 73700 ns, Cleanup: 3600 ns, At safepoint: 7155175 ns, Total: 7232475 ns
[4261.240s][info ][safepoint      ] Safepoint "Cleanup", Time since last: 7632996219 ns, Reaching safepoint: 73400 ns, Cleanup: 7000 ns, At safepoint: 8700 ns, Total: 89100 ns
[4264.711s][info ][gc,start       ] GC(243) Pause Young (Allocation Failure)
[4264.720s][debug][gc,phases      ] GC(243) Scavenge 9.346ms
[4264.720s][debug][gc,ref         ] GC(243) Skipped phase 1 of Reference Processing: no references
[4264.720s][debug][gc,ref         ] GC(243) ReferenceProcessor::execute queues: 1, RefProcThreadModel::Single, marks_oops_alive: false
[4264.720s][debug][gc,ref         ] GC(243) Skipped phase 3 of Reference Processing: no references
[4264.720s][debug][gc,ref         ] GC(243) ReferenceProcessor::execute queues: 1, RefProcThreadModel::Single, marks_oops_alive: false
[4264.720s][debug][gc,phases      ] GC(243) Reference Processing 0.102ms
[4264.721s][debug][gc,phases      ] GC(243)   VM Weak                        Min:  0.0, Avg:  0.0, Max:  0.0, Diff:  0.0, Sum:  0.0, Workers: 4
[4264.721s][debug][gc,phases      ] GC(243)     Dead                           Min: 0, Avg:  0.0, Max: 0, Diff: 0, Sum: 0, Workers: 4
[4264.721s][debug][gc,phases      ] GC(243)     Total                          Min: 0, Avg: 251.5, Max: 511, Diff: 511, Sum: 1006, Workers: 4
[4264.721s][debug][gc,phases      ] GC(243)   ObjectSynchronizer Weak        Min:  0.0, Avg:  0.0, Max:  0.0, Diff:  0.0, Sum:  0.0, Workers: 4
[4264.721s][debug][gc,phases      ] GC(243)     Dead                           Min: 0, Avg:  0.0, Max: 0, Diff: 0, Sum: 0, Workers: 4
[4264.721s][debug][gc,phases      ] GC(243)     Total                          Min: 0, Avg:  1.5, Max: 6, Diff: 6, Sum: 6, Workers: 4
[4264.721s][debug][gc,phases      ] GC(243)   JVMTI Tag Weak OopStorage      Min:  0.0, Avg:  0.0, Max:  0.0, Diff:  0.0, Sum:  0.0, Workers: 4
[4264.721s][debug][gc,phases      ] GC(243)     Dead                           Min: 0, Avg:  0.0, Max: 0, Diff: 0, Sum: 0, Workers: 4
[4264.721s][debug][gc,phases      ] GC(243)     Total                          Min: 0, Avg:  0.0, Max: 0, Diff: 0, Sum: 0, Workers: 4
[4264.721s][debug][gc,phases      ] GC(243)   StringTable Weak               Min:  0.0, Avg:  0.1, Max:  0.2, Diff:  0.2, Sum:  0.4, Workers: 4
[4264.721s][debug][gc,phases      ] GC(243)     Dead                           Min: 0, Avg:  0.0, Max: 0, Diff: 0, Sum: 0, Workers: 4
[4264.721s][debug][gc,phases      ] GC(243)     Total                          Min: 0, Avg: 11367.8, Max: 24351, Diff: 24351, Sum: 45471, Workers: 4
[4264.721s][debug][gc,phases      ] GC(243)   ResolvedMethodTable Weak       Min:  0.0, Avg:  0.0, Max:  0.1, Diff:  0.1, Sum:  0.1, Workers: 4
[4264.721s][debug][gc,phases      ] GC(243)     Dead                           Min: 0, Avg:  0.0, Max: 0, Diff: 0, Sum: 0, Workers: 4
[4264.721s][debug][gc,phases      ] GC(243)     Total                          Min: 0, Avg: 2946.8, Max: 7040, Diff: 7040, Sum: 11787, Workers: 4
[4264.721s][debug][gc,phases      ] GC(243)   JNI Weak                       Min:  0.0, Avg:  0.0, Max:  0.0, Diff:  0.0, Sum:  0.0, Workers: 4
[4264.721s][debug][gc,phases      ] GC(243)     Dead                           Min: 0, Avg:  0.0, Max: 0, Diff: 0, Sum: 0, Workers: 4
[4264.721s][debug][gc,phases      ] GC(243)     Total                          Min: 0, Avg: 12.0, Max: 48, Diff: 48, Sum: 48, Workers: 4
[4264.721s][debug][gc,phases      ] GC(243)   StringDedup Table Weak         Min:  0.0, Avg:  0.0, Max:  0.0, Diff:  0.0, Sum:  0.0, Workers: 4
[4264.721s][debug][gc,phases      ] GC(243)     Dead                           Min: 0, Avg:  0.0, Max: 0, Diff: 0, Sum: 0, Workers: 4
[4264.721s][debug][gc,phases      ] GC(243)     Total                          Min: 0, Avg:  0.0, Max: 0, Diff: 0, Sum: 0, Workers: 4
[4264.721s][debug][gc,phases      ] GC(243)   StringDedup Requests0 Weak     Min:  0.0, Avg:  0.0, Max:  0.0, Diff:  0.0, Sum:  0.0, Workers: 4
[4264.721s][debug][gc,phases      ] GC(243)     Dead                           Min: 0, Avg:  0.0, Max: 0, Diff: 0, Sum: 0, Workers: 4
[4264.721s][debug][gc,phases      ] GC(243)     Total                          Min: 0, Avg:  0.0, Max: 0, Diff: 0, Sum: 0, Workers: 4
[4264.721s][debug][gc,phases      ] GC(243)   StringDedup Requests1 Weak     Min:  0.0, Avg:  0.0, Max:  0.0, Diff:  0.0, Sum:  0.0, Workers: 4
[4264.721s][debug][gc,phases      ] GC(243)     Dead                           Min: 0, Avg:  0.0, Max: 0, Diff: 0, Sum: 0, Workers: 4
[4264.721s][debug][gc,phases      ] GC(243)     Total                          Min: 0, Avg:  0.0, Max: 0, Diff: 0, Sum: 0, Workers: 4
[4264.721s][debug][gc,phases      ] GC(243)   Weak JFR Old Object Samples    Min:  0.0, Avg:  0.0, Max:  0.0, Diff:  0.0, Sum:  0.0, Workers: 4
[4264.721s][debug][gc,phases      ] GC(243)     Dead                           Min: 0, Avg:  0.0, Max: 0, Diff: 0, Sum: 0, Workers: 4
[4264.721s][debug][gc,phases      ] GC(243)     Total                          Min: 0, Avg:  0.0, Max: 0, Diff: 0, Sum: 0, Workers: 4
[4264.721s][debug][gc,phases      ] GC(243) Weak Processing 0.590ms
[4264.721s][debug][gc,age         ] GC(243) Desired survivor size 23592960 bytes, new threshold 15 (max threshold 15)
[4264.721s][info ][gc,heap        ] GC(243) PSYoungGen: 2055408K(2072576K)->8912K(2071040K) Eden: 2046464K(2046464K)->0K(2046464K) From: 8944K(26112K)->8912K(24576K)
[4264.721s][info ][gc,heap        ] GC(243) ParOldGen: 548246K(608768K)->548326K(608768K)
[4264.721s][info ][gc,metaspace   ] GC(243) Metaspace: 92737K(93888K)->92737K(93888K) NonClass: 79511K(80128K)->79511K(80128K) Class: 13226K(13760K)->13226K(13760K)
[4264.721s][info ][gc             ] GC(243) Pause Young (Allocation Failure) 2542M->544M(2617M) 10.167ms
[4264.721s][info ][gc,cpu         ] GC(243) User=0.02s Sys=0.00s Real=0.01s
[4264.721s][info ][safepoint      ] Safepoint "ParallelGCFailedAllocation", Time since last: 3471042700 ns, Reaching safepoint: 82199 ns, Cleanup: 4100 ns, At safepoint: 10258548 ns, Total: 10344847 ns
[4269.721s][info ][safepoint      ] Safepoint "Cleanup", Time since last: 5000370690 ns, Reaching safepoint: 74500 ns, Cleanup: 6900 ns, At safepoint: 5700 ns, Total: 87100 ns
[4276.102s][info ][gc,start       ] GC(244) Pause Young (Allocation Failure)
[4276.117s][debug][gc,phases      ] GC(244) Scavenge 15.026ms
[4276.117s][debug][gc,ref         ] GC(244) Skipped phase 1 of Reference Processing: no references
[4276.117s][debug][gc,ref         ] GC(244) ReferenceProcessor::execute queues: 1, RefProcThreadModel::Single, marks_oops_alive: false
[4276.117s][debug][gc,ref         ] GC(244) Skipped phase 3 of Reference Processing: no references
[4276.117s][debug][gc,ref         ] GC(244) ReferenceProcessor::execute queues: 1, RefProcThreadModel::Single, marks_oops_alive: false
[4276.117s][debug][gc,phases      ] GC(244) Reference Processing 0.118ms
[4276.118s][debug][gc,phases      ] GC(244)   VM Weak                        Min:  0.0, Avg:  0.0, Max:  0.0, Diff:  0.0, Sum:  0.0, Workers: 4
[4276.118s][debug][gc,phases      ] GC(244)     Dead                           Min: 0, Avg:  0.0, Max: 0, Diff: 0, Sum: 0, Workers: 4
[4276.118s][debug][gc,phases      ] GC(244)     Total                          Min: 0, Avg: 251.5, Max: 1006, Diff: 1006, Sum: 1006, Workers: 4
[4276.118s][debug][gc,phases      ] GC(244)   ObjectSynchronizer Weak        Min:  0.0, Avg:  0.0, Max:  0.0, Diff:  0.0, Sum:  0.0, Workers: 4
[4276.118s][debug][gc,phases      ] GC(244)     Dead                           Min: 0, Avg:  0.2, Max: 1, Diff: 1, Sum: 1, Workers: 4
[4276.118s][debug][gc,phases      ] GC(244)     Total                          Min: 0, Avg:  1.8, Max: 7, Diff: 7, Sum: 7, Workers: 4
[4276.118s][debug][gc,phases      ] GC(244)   JVMTI Tag Weak OopStorage      Min:  0.0, Avg:  0.0, Max:  0.0, Diff:  0.0, Sum:  0.0, Workers: 4
[4276.118s][debug][gc,phases      ] GC(244)     Dead                           Min: 0, Avg:  0.0, Max: 0, Diff: 0, Sum: 0, Workers: 4
[4276.118s][debug][gc,phases      ] GC(244)     Total                          Min: 0, Avg:  0.0, Max: 0, Diff: 0, Sum: 0, Workers: 4
[4276.118s][debug][gc,phases      ] GC(244)   StringTable Weak               Min:  0.0, Avg:  0.1, Max:  0.4, Diff:  0.4, Sum:  0.4, Workers: 4
[4276.118s][debug][gc,phases      ] GC(244)     Dead                           Min: 0, Avg:  0.0, Max: 0, Diff: 0, Sum: 0, Workers: 4
[4276.118s][debug][gc,phases      ] GC(244)     Total                          Min: 0, Avg: 11367.8, Max: 45471, Diff: 45471, Sum: 45471, Workers: 4
[4276.118s][debug][gc,phases      ] GC(244)   ResolvedMethodTable Weak       Min:  0.0, Avg:  0.0, Max:  0.1, Diff:  0.1, Sum:  0.1, Workers: 4
[4276.118s][debug][gc,phases      ] GC(244)     Dead                           Min: 0, Avg:  0.0, Max: 0, Diff: 0, Sum: 0, Workers: 4
[4276.118s][debug][gc,phases      ] GC(244)     Total                          Min: 0, Avg: 2946.8, Max: 11787, Diff: 11787, Sum: 11787, Workers: 4
[4276.118s][debug][gc,phases      ] GC(244)   JNI Weak                       Min:  0.0, Avg:  0.0, Max:  0.0, Diff:  0.0, Sum:  0.0, Workers: 4
[4276.118s][debug][gc,phases      ] GC(244)     Dead                           Min: 0, Avg:  0.0, Max: 0, Diff: 0, Sum: 0, Workers: 4
[4276.118s][debug][gc,phases      ] GC(244)     Total                          Min: 0, Avg: 12.0, Max: 48, Diff: 48, Sum: 48, Workers: 4
[4276.118s][debug][gc,phases      ] GC(244)   StringDedup Table Weak         Min:  0.0, Avg:  0.0, Max:  0.0, Diff:  0.0, Sum:  0.0, Workers: 4
[4276.118s][debug][gc,phases      ] GC(244)     Dead                           Min: 0, Avg:  0.0, Max: 0, Diff: 0, Sum: 0, Workers: 4
[4276.118s][debug][gc,phases      ] GC(244)     Total                          Min: 0, Avg:  0.0, Max: 0, Diff: 0, Sum: 0, Workers: 4
[4276.118s][debug][gc,phases      ] GC(244)   StringDedup Requests0 Weak     Min:  0.0, Avg:  0.0, Max:  0.0, Diff:  0.0, Sum:  0.0, Workers: 4
[4276.118s][debug][gc,phases      ] GC(244)     Dead                           Min: 0, Avg:  0.0, Max: 0, Diff: 0, Sum: 0, Workers: 4
[4276.118s][debug][gc,phases      ] GC(244)     Total                          Min: 0, Avg:  0.0, Max: 0, Diff: 0, Sum: 0, Workers: 4
[4276.118s][debug][gc,phases      ] GC(244)   StringDedup Requests1 Weak     Min:  0.0, Avg:  0.0, Max:  0.0, Diff:  0.0, Sum:  0.0, Workers: 4
[4276.118s][debug][gc,phases      ] GC(244)     Dead                           Min: 0, Avg:  0.0, Max: 0, Diff: 0, Sum: 0, Workers: 4
[4276.118s][debug][gc,phases      ] GC(244)     Total                          Min: 0, Avg:  0.0, Max: 0, Diff: 0, Sum: 0, Workers: 4
[4276.118s][debug][gc,phases      ] GC(244)   Weak JFR Old Object Samples    Min:  0.0, Avg:  0.0, Max:  0.0, Diff:  0.0, Sum:  0.0, Workers: 4
[4276.118s][debug][gc,phases      ] GC(244)     Dead                           Min: 0, Avg:  0.0, Max: 0, Diff: 0, Sum: 0, Workers: 4
[4276.118s][debug][gc,phases      ] GC(244)     Total                          Min: 0, Avg:  0.0, Max: 0, Diff: 0, Sum: 0, Workers: 4
[4276.118s][debug][gc,phases      ] GC(244) Weak Processing 0.773ms
[4276.118s][debug][gc,age         ] GC(244) Desired survivor size 22544384 bytes, new threshold 15 (max threshold 15)
[4276.118s][info ][gc,heap        ] GC(244) PSYoungGen: 2055376K(2071040K)->9104K(2075136K) Eden: 2046464K(2046464K)->0K(2052096K) From: 8912K(24576K)->9104K(23040K)
[4276.118s][info ][gc,heap        ] GC(244) ParOldGen: 548326K(608768K)->548454K(608768K)
[4276.118s][info ][gc,metaspace   ] GC(244) Metaspace: 92737K(93888K)->92737K(93888K) NonClass: 79511K(80128K)->79511K(80128K) Class: 13226K(13760K)->13226K(13760K)
[4276.118s][info ][gc             ] GC(244) Pause Young (Allocation Failure) 2542M->544M(2621M) 16.047ms
[4276.118s][info ][gc,cpu         ] GC(244) User=0.02s Sys=0.00s Real=0.02s
[4276.118s][info ][safepoint      ] Safepoint "ParallelGCFailedAllocation", Time since last: 6380582687 ns, Reaching safepoint: 77099 ns, Cleanup: 3200 ns, At safepoint: 16132522 ns, Total: 16212821 ns
[4285.119s][info ][safepoint      ] Safepoint "Cleanup", Time since last: 9000629386 ns, Reaching safepoint: 73000 ns, Cleanup: 15800 ns, At safepoint: 5800 ns, Total: 94600 ns
[4286.119s][info ][safepoint      ] Safepoint "Cleanup", Time since last: 1000111891 ns, Reaching safepoint: 79300 ns, Cleanup: 9100 ns, At safepoint: 5600 ns, Total: 94000 ns
[4287.850s][info ][gc,start       ] GC(245) Pause Young (Allocation Failure)
[4287.855s][debug][gc,phases      ] GC(245) Scavenge 5.099ms
[4287.855s][debug][gc,ref         ] GC(245) Skipped phase 1 of Reference Processing: no references
[4287.855s][debug][gc,ref         ] GC(245) ReferenceProcessor::execute queues: 1, RefProcThreadModel::Single, marks_oops_alive: false
[4287.855s][debug][gc,ref         ] GC(245) Skipped phase 3 of Reference Processing: no references
[4287.855s][debug][gc,ref         ] GC(245) ReferenceProcessor::execute queues: 1, RefProcThreadModel::Single, marks_oops_alive: false
[4287.855s][debug][gc,phases      ] GC(245) Reference Processing 0.102ms
[4287.855s][debug][gc,phases      ] GC(245)   VM Weak                        Min:  0.0, Avg:  0.0, Max:  0.0, Diff:  0.0, Sum:  0.0, Workers: 4
[4287.855s][debug][gc,phases      ] GC(245)     Dead                           Min: 0, Avg:  0.0, Max: 0, Diff: 0, Sum: 0, Workers: 4
[4287.855s][debug][gc,phases      ] GC(245)     Total                          Min: 0, Avg: 251.5, Max: 1006, Diff: 1006, Sum: 1006, Workers: 4
[4287.855s][debug][gc,phases      ] GC(245)   ObjectSynchronizer Weak        Min:  0.0, Avg:  0.0, Max:  0.0, Diff:  0.0, Sum:  0.0, Workers: 4
[4287.855s][debug][gc,phases      ] GC(245)     Dead                           Min: 0, Avg:  0.0, Max: 0, Diff: 0, Sum: 0, Workers: 4
[4287.855s][debug][gc,phases      ] GC(245)     Total                          Min: 0, Avg:  1.8, Max: 7, Diff: 7, Sum: 7, Workers: 4
[4287.855s][debug][gc,phases      ] GC(245)   JVMTI Tag Weak OopStorage      Min:  0.0, Avg:  0.0, Max:  0.0, Diff:  0.0, Sum:  0.0, Workers: 4
[4287.855s][debug][gc,phases      ] GC(245)     Dead                           Min: 0, Avg:  0.0, Max: 0, Diff: 0, Sum: 0, Workers: 4
[4287.855s][debug][gc,phases      ] GC(245)     Total                          Min: 0, Avg:  0.0, Max: 0, Diff: 0, Sum: 0, Workers: 4
[4287.855s][debug][gc,phases      ] GC(245)   StringTable Weak               Min:  0.0, Avg:  0.1, Max:  0.1, Diff:  0.1, Sum:  0.4, Workers: 4
[4287.855s][debug][gc,phases      ] GC(245)     Dead                           Min: 0, Avg:  0.0, Max: 0, Diff: 0, Sum: 0, Workers: 4
[4287.855s][debug][gc,phases      ] GC(245)     Total                          Min: 0, Avg: 11367.8, Max: 19936, Diff: 19936, Sum: 45471, Workers: 4
[4287.855s][debug][gc,phases      ] GC(245)   ResolvedMethodTable Weak       Min:  0.0, Avg:  0.0, Max:  0.0, Diff:  0.0, Sum:  0.1, Workers: 4
[4287.855s][debug][gc,phases      ] GC(245)     Dead                           Min: 0, Avg:  0.0, Max: 0, Diff: 0, Sum: 0, Workers: 4
[4287.855s][debug][gc,phases      ] GC(245)     Total                          Min: 0, Avg: 2946.8, Max: 5259, Diff: 5259, Sum: 11787, Workers: 4
[4287.855s][debug][gc,phases      ] GC(245)   JNI Weak                       Min:  0.0, Avg:  0.0, Max:  0.0, Diff:  0.0, Sum:  0.0, Workers: 4
[4287.855s][debug][gc,phases      ] GC(245)     Dead                           Min: 0, Avg:  0.0, Max: 0, Diff: 0, Sum: 0, Workers: 4
[4287.855s][debug][gc,phases      ] GC(245)     Total                          Min: 0, Avg: 12.0, Max: 48, Diff: 48, Sum: 48, Workers: 4
[4287.855s][debug][gc,phases      ] GC(245)   StringDedup Table Weak         Min:  0.0, Avg:  0.0, Max:  0.0, Diff:  0.0, Sum:  0.0, Workers: 4
[4287.855s][debug][gc,phases      ] GC(245)     Dead                           Min: 0, Avg:  0.0, Max: 0, Diff: 0, Sum: 0, Workers: 4
[4287.855s][debug][gc,phases      ] GC(245)     Total                          Min: 0, Avg:  0.0, Max: 0, Diff: 0, Sum: 0, Workers: 4
[4287.855s][debug][gc,phases      ] GC(245)   StringDedup Requests0 Weak     Min:  0.0, Avg:  0.0, Max:  0.0, Diff:  0.0, Sum:  0.0, Workers: 4
[4287.855s][debug][gc,phases      ] GC(245)     Dead                           Min: 0, Avg:  0.0, Max: 0, Diff: 0, Sum: 0, Workers: 4
[4287.855s][debug][gc,phases      ] GC(245)     Total                          Min: 0, Avg:  0.0, Max: 0, Diff: 0, Sum: 0, Workers: 4
[4287.855s][debug][gc,phases      ] GC(245)   StringDedup Requests1 Weak     Min:  0.0, Avg:  0.0, Max:  0.0, Diff:  0.0, Sum:  0.0, Workers: 4
[4287.855s][debug][gc,phases      ] GC(245)     Dead                           Min: 0, Avg:  0.0, Max: 0, Diff: 0, Sum: 0, Workers: 4
[4287.855s][debug][gc,phases      ] GC(245)     Total                          Min: 0, Avg:  0.0, Max: 0, Diff: 0, Sum: 0, Workers: 4
[4287.855s][debug][gc,phases      ] GC(245)   Weak JFR Old Object Samples    Min:  0.0, Avg:  0.0, Max:  0.0, Diff:  0.0, Sum:  0.0, Workers: 4
[4287.855s][debug][gc,phases      ] GC(245)     Dead                           Min: 0, Avg:  0.0, Max: 0, Diff: 0, Sum: 0, Workers: 4
[4287.855s][debug][gc,phases      ] GC(245)     Total                          Min: 0, Avg:  0.0, Max: 0, Diff: 0, Sum: 0, Workers: 4
[4287.855s][debug][gc,phases      ] GC(245) Weak Processing 0.327ms
[4287.855s][debug][gc,age         ] GC(245) Desired survivor size 21495808 bytes, new threshold 15 (max threshold 15)
[4287.855s][info ][gc,heap        ] GC(245) PSYoungGen: 2061200K(2075136K)->8800K(2074112K) Eden: 2052096K(2052096K)->0K(2052096K) From: 9104K(23040K)->8800K(22016K)
[4287.855s][info ][gc,heap        ] GC(245) ParOldGen: 548454K(608768K)->548494K(608768K)
[4287.855s][info ][gc,metaspace   ] GC(245) Metaspace: 92739K(93888K)->92739K(93888K) NonClass: 79512K(80128K)->79512K(80128K) Class: 13226K(13760K)->13226K(13760K)
[4287.856s][info ][gc             ] GC(245) Pause Young (Allocation Failure) 2548M->544M(2620M) 5.622ms
[4287.856s][info ][gc,cpu         ] GC(245) User=0.02s Sys=0.00s Real=0.01s
[4287.856s][info ][safepoint      ] Safepoint "ParallelGCFailedAllocation", Time since last: 1730573133 ns, Reaching safepoint: 76900 ns, Cleanup: 3400 ns, At safepoint: 5692972 ns, Total: 5773272 ns
[4298.903s][info ][gc,start       ] GC(246) Pause Young (Allocation Failure)
[4298.914s][debug][gc,phases      ] GC(246) Scavenge 11.387ms
[4298.914s][debug][gc,ref         ] GC(246) Skipped phase 1 of Reference Processing: no references
[4298.914s][debug][gc,ref         ] GC(246) ReferenceProcessor::execute queues: 1, RefProcThreadModel::Single, marks_oops_alive: false
[4298.914s][debug][gc,ref         ] GC(246) Skipped phase 3 of Reference Processing: no references
[4298.914s][debug][gc,ref         ] GC(246) ReferenceProcessor::execute queues: 1, RefProcThreadModel::Single, marks_oops_alive: false
[4298.914s][debug][gc,phases      ] GC(246) Reference Processing 0.106ms
[4298.915s][debug][gc,phases      ] GC(246)   VM Weak                        Min:  0.0, Avg:  0.0, Max:  0.0, Diff:  0.0, Sum:  0.0, Workers: 4
[4298.915s][debug][gc,phases      ] GC(246)     Dead                           Min: 0, Avg:  0.0, Max: 0, Diff: 0, Sum: 0, Workers: 4
[4298.915s][debug][gc,phases      ] GC(246)     Total                          Min: 0, Avg: 251.5, Max: 448, Diff: 448, Sum: 1006, Workers: 4
[4298.915s][debug][gc,phases      ] GC(246)   ObjectSynchronizer Weak        Min:  0.0, Avg:  0.0, Max:  0.0, Diff:  0.0, Sum:  0.0, Workers: 4
[4298.915s][debug][gc,phases      ] GC(246)     Dead                           Min: 0, Avg:  0.0, Max: 0, Diff: 0, Sum: 0, Workers: 4
[4298.915s][debug][gc,phases      ] GC(246)     Total                          Min: 0, Avg:  1.8, Max: 7, Diff: 7, Sum: 7, Workers: 4
[4298.915s][debug][gc,phases      ] GC(246)   JVMTI Tag Weak OopStorage      Min:  0.0, Avg:  0.0, Max:  0.0, Diff:  0.0, Sum:  0.0, Workers: 4
[4298.915s][debug][gc,phases      ] GC(246)     Dead                           Min: 0, Avg:  0.0, Max: 0, Diff: 0, Sum: 0, Workers: 4
[4298.915s][debug][gc,phases      ] GC(246)     Total                          Min: 0, Avg:  0.0, Max: 0, Diff: 0, Sum: 0, Workers: 4
[4298.915s][debug][gc,phases      ] GC(246)   StringTable Weak               Min:  0.0, Avg:  0.1, Max:  0.1, Diff:  0.1, Sum:  0.4, Workers: 4
[4298.915s][debug][gc,phases      ] GC(246)     Dead                           Min: 0, Avg:  0.0, Max: 0, Diff: 0, Sum: 0, Workers: 4
[4298.915s][debug][gc,phases      ] GC(246)     Total                          Min: 0, Avg: 11367.8, Max: 15487, Diff: 15487, Sum: 45471, Workers: 4
[4298.915s][debug][gc,phases      ] GC(246)   ResolvedMethodTable Weak       Min:  0.0, Avg:  0.0, Max:  0.0, Diff:  0.0, Sum:  0.1, Workers: 4
[4298.915s][debug][gc,phases      ] GC(246)     Dead                           Min: 0, Avg:  0.0, Max: 0, Diff: 0, Sum: 0, Workers: 4
[4298.915s][debug][gc,phases      ] GC(246)     Total                          Min: 0, Avg: 2946.8, Max: 4032, Diff: 4032, Sum: 11787, Workers: 4
[4298.915s][debug][gc,phases      ] GC(246)   JNI Weak                       Min:  0.0, Avg:  0.0, Max:  0.0, Diff:  0.0, Sum:  0.0, Workers: 4
[4298.915s][debug][gc,phases      ] GC(246)     Dead                           Min: 0, Avg:  0.0, Max: 0, Diff: 0, Sum: 0, Workers: 4
[4298.915s][debug][gc,phases      ] GC(246)     Total                          Min: 0, Avg: 12.0, Max: 48, Diff: 48, Sum: 48, Workers: 4
[4298.915s][debug][gc,phases      ] GC(246)   StringDedup Table Weak         Min:  0.0, Avg:  0.0, Max:  0.0, Diff:  0.0, Sum:  0.0, Workers: 4
[4298.915s][debug][gc,phases      ] GC(246)     Dead                           Min: 0, Avg:  0.0, Max: 0, Diff: 0, Sum: 0, Workers: 4
[4298.915s][debug][gc,phases      ] GC(246)     Total                          Min: 0, Avg:  0.0, Max: 0, Diff: 0, Sum: 0, Workers: 4
[4298.915s][debug][gc,phases      ] GC(246)   StringDedup Requests0 Weak     Min:  0.0, Avg:  0.0, Max:  0.0, Diff:  0.0, Sum:  0.0, Workers: 4
[4298.915s][debug][gc,phases      ] GC(246)     Dead                           Min: 0, Avg:  0.0, Max: 0, Diff: 0, Sum: 0, Workers: 4
[4298.915s][debug][gc,phases      ] GC(246)     Total                          Min: 0, Avg:  0.0, Max: 0, Diff: 0, Sum: 0, Workers: 4
[4298.915s][debug][gc,phases      ] GC(246)   StringDedup Requests1 Weak     Min:  0.0, Avg:  0.0, Max:  0.0, Diff:  0.0, Sum:  0.0, Workers: 4
[4298.915s][debug][gc,phases      ] GC(246)     Dead                           Min: 0, Avg:  0.0, Max: 0, Diff: 0, Sum: 0, Workers: 4
[4298.915s][debug][gc,phases      ] GC(246)     Total                          Min: 0, Avg:  0.0, Max: 0, Diff: 0, Sum: 0, Workers: 4
[4298.915s][debug][gc,phases      ] GC(246)   Weak JFR Old Object Samples    Min:  0.0, Avg:  0.0, Max:  0.0, Diff:  0.0, Sum:  0.0, Workers: 4
[4298.915s][debug][gc,phases      ] GC(246)     Dead                           Min: 0, Avg:  0.0, Max: 0, Diff: 0, Sum: 0, Workers: 4
[4298.915s][debug][gc,phases      ] GC(246)     Total                          Min: 0, Avg:  0.0, Max: 0, Diff: 0, Sum: 0, Workers: 4
[4298.915s][debug][gc,phases      ] GC(246) Weak Processing 0.361ms
[4298.915s][debug][gc,age         ] GC(246) Desired survivor size 20447232 bytes, new threshold 15 (max threshold 15)
[4298.915s][info ][gc,heap        ] GC(246) PSYoungGen: 2060896K(2074112K)->8560K(2077184K) Eden: 2052096K(2052096K)->0K(2056192K) From: 8800K(22016K)->8560K(20992K)
[4298.915s][info ][gc,heap        ] GC(246) ParOldGen: 548494K(608768K)->548526K(608768K)
[4298.915s][info ][gc,metaspace   ] GC(246) Metaspace: 92739K(93888K)->92739K(93888K) NonClass: 79512K(80128K)->79512K(80128K) Class: 13226K(13760K)->13226K(13760K)
[4298.915s][info ][gc             ] GC(246) Pause Young (Allocation Failure) 2548M->544M(2623M) 11.965ms
[4298.915s][info ][gc,cpu         ] GC(246) User=0.02s Sys=0.00s Real=0.01s
[4298.915s][info ][safepoint      ] Safepoint "ParallelGCFailedAllocation", Time since last: 11047009845 ns, Reaching safepoint: 87000 ns, Cleanup: 4100 ns, At safepoint: 12060839 ns, Total: 12151939 ns
[4300.915s][info ][safepoint      ] Safepoint "Cleanup", Time since last: 2000175139 ns, Reaching safepoint: 78800 ns, Cleanup: 13800 ns, At safepoint: 8100 ns, Total: 100700 ns
[4301.915s][info ][safepoint      ] Safepoint "Cleanup", Time since last: 1000125319 ns, Reaching safepoint: 77700 ns, Cleanup: 12300 ns, At safepoint: 8800 ns, Total: 98800 ns
[4309.742s][info ][gc,start       ] GC(247) Pause Young (Allocation Failure)
[4309.755s][debug][gc,phases      ] GC(247) Scavenge 13.003ms
[4309.755s][debug][gc,ref         ] GC(247) Skipped phase 1 of Reference Processing: no references
[4309.755s][debug][gc,ref         ] GC(247) ReferenceProcessor::execute queues: 1, RefProcThreadModel::Single, marks_oops_alive: false
[4309.755s][debug][gc,ref         ] GC(247) Skipped phase 3 of Reference Processing: no references
[4309.755s][debug][gc,ref         ] GC(247) ReferenceProcessor::execute queues: 1, RefProcThreadModel::Single, marks_oops_alive: false
[4309.755s][debug][gc,phases      ] GC(247) Reference Processing 0.100ms
[4309.755s][debug][gc,phases      ] GC(247)   VM Weak                        Min:  0.0, Avg:  0.0, Max:  0.0, Diff:  0.0, Sum:  0.0, Workers: 4
[4309.755s][debug][gc,phases      ] GC(247)     Dead                           Min: 0, Avg:  0.0, Max: 0, Diff: 0, Sum: 0, Workers: 4
[4309.755s][debug][gc,phases      ] GC(247)     Total                          Min: 0, Avg: 251.5, Max: 943, Diff: 943, Sum: 1006, Workers: 4
[4309.755s][debug][gc,phases      ] GC(247)   ObjectSynchronizer Weak        Min:  0.0, Avg:  0.0, Max:  0.0, Diff:  0.0, Sum:  0.0, Workers: 4
[4309.755s][debug][gc,phases      ] GC(247)     Dead                           Min: 0, Avg:  0.0, Max: 0, Diff: 0, Sum: 0, Workers: 4
[4309.755s][debug][gc,phases      ] GC(247)     Total                          Min: 0, Avg:  1.8, Max: 7, Diff: 7, Sum: 7, Workers: 4
[4309.755s][debug][gc,phases      ] GC(247)   JVMTI Tag Weak OopStorage      Min:  0.0, Avg:  0.0, Max:  0.0, Diff:  0.0, Sum:  0.0, Workers: 4
[4309.755s][debug][gc,phases      ] GC(247)     Dead                           Min: 0, Avg:  0.0, Max: 0, Diff: 0, Sum: 0, Workers: 4
[4309.755s][debug][gc,phases      ] GC(247)     Total                          Min: 0, Avg:  0.0, Max: 0, Diff: 0, Sum: 0, Workers: 4
[4309.755s][debug][gc,phases      ] GC(247)   StringTable Weak               Min:  0.0, Avg:  0.1, Max:  0.2, Diff:  0.2, Sum:  0.4, Workers: 4
[4309.755s][debug][gc,phases      ] GC(247)     Dead                           Min: 0, Avg:  0.0, Max: 0, Diff: 0, Sum: 0, Workers: 4
[4309.755s][debug][gc,phases      ] GC(247)     Total                          Min: 0, Avg: 11367.8, Max: 23871, Diff: 23871, Sum: 45471, Workers: 4
[4309.755s][debug][gc,phases      ] GC(247)   ResolvedMethodTable Weak       Min:  0.0, Avg:  0.0, Max:  0.1, Diff:  0.1, Sum:  0.2, Workers: 4
[4309.755s][debug][gc,phases      ] GC(247)     Dead                           Min: 0, Avg:  0.0, Max: 0, Diff: 0, Sum: 0, Workers: 4
[4309.755s][debug][gc,phases      ] GC(247)     Total                          Min: 0, Avg: 2946.8, Max: 6859, Diff: 6859, Sum: 11787, Workers: 4
[4309.755s][debug][gc,phases      ] GC(247)   JNI Weak                       Min:  0.0, Avg:  0.0, Max:  0.0, Diff:  0.0, Sum:  0.0, Workers: 4
[4309.755s][debug][gc,phases      ] GC(247)     Dead                           Min: 0, Avg:  0.0, Max: 0, Diff: 0, Sum: 0, Workers: 4
[4309.755s][debug][gc,phases      ] GC(247)     Total                          Min: 0, Avg: 12.0, Max: 48, Diff: 48, Sum: 48, Workers: 4
[4309.755s][debug][gc,phases      ] GC(247)   StringDedup Table Weak         Min:  0.0, Avg:  0.0, Max:  0.0, Diff:  0.0, Sum:  0.0, Workers: 4
[4309.755s][debug][gc,phases      ] GC(247)     Dead                           Min: 0, Avg:  0.0, Max: 0, Diff: 0, Sum: 0, Workers: 4
[4309.755s][debug][gc,phases      ] GC(247)     Total                          Min: 0, Avg:  0.0, Max: 0, Diff: 0, Sum: 0, Workers: 4
[4309.755s][debug][gc,phases      ] GC(247)   StringDedup Requests0 Weak     Min:  0.0, Avg:  0.0, Max:  0.0, Diff:  0.0, Sum:  0.0, Workers: 4
[4309.755s][debug][gc,phases      ] GC(247)     Dead                           Min: 0, Avg:  0.0, Max: 0, Diff: 0, Sum: 0, Workers: 4
[4309.755s][debug][gc,phases      ] GC(247)     Total                          Min: 0, Avg:  0.0, Max: 0, Diff: 0, Sum: 0, Workers: 4
[4309.755s][debug][gc,phases      ] GC(247)   StringDedup Requests1 Weak     Min:  0.0, Avg:  0.0, Max:  0.0, Diff:  0.0, Sum:  0.0, Workers: 4
[4309.755s][debug][gc,phases      ] GC(247)     Dead                           Min: 0, Avg:  0.0, Max: 0, Diff: 0, Sum: 0, Workers: 4
[4309.755s][debug][gc,phases      ] GC(247)     Total                          Min: 0, Avg:  0.0, Max: 0, Diff: 0, Sum: 0, Workers: 4
[4309.755s][debug][gc,phases      ] GC(247)   Weak JFR Old Object Samples    Min:  0.0, Avg:  0.0, Max:  0.0, Diff:  0.0, Sum:  0.0, Workers: 4
[4309.755s][debug][gc,phases      ] GC(247)     Dead                           Min: 0, Avg:  0.0, Max: 0, Diff: 0, Sum: 0, Workers: 4
[4309.755s][debug][gc,phases      ] GC(247)     Total                          Min: 0, Avg:  0.0, Max: 0, Diff: 0, Sum: 0, Workers: 4
[4309.755s][debug][gc,phases      ] GC(247) Weak Processing 0.522ms
[4309.755s][debug][gc,age         ] GC(247) Desired survivor size 19398656 bytes, new threshold 15 (max threshold 15)
[4309.755s][info ][gc,heap        ] GC(247) PSYoungGen: 2064752K(2077184K)->8816K(2076160K) Eden: 2056192K(2056192K)->0K(2056192K) From: 8560K(20992K)->8816K(19968K)
[4309.755s][info ][gc,heap        ] GC(247) ParOldGen: 548526K(608768K)->548598K(608768K)
[4309.755s][info ][gc,metaspace   ] GC(247) Metaspace: 92739K(93888K)->92739K(93888K) NonClass: 79512K(80128K)->79512K(80128K) Class: 13226K(13760K)->13226K(13760K)
[4309.755s][info ][gc             ] GC(247) Pause Young (Allocation Failure) 2552M->544M(2622M) 13.766ms
[4309.755s][info ][gc,cpu         ] GC(247) User=0.02s Sys=0.00s Real=0.02s
[4309.755s][info ][safepoint      ] Safepoint "ParallelGCFailedAllocation", Time since last: 7826349794 ns, Reaching safepoint: 7100 ns, Cleanup: 4100 ns, At safepoint: 13860930 ns, Total: 13872130 ns
[4314.756s][info ][safepoint      ] Safepoint "Cleanup", Time since last: 5000350210 ns, Reaching safepoint: 73799 ns, Cleanup: 7400 ns, At safepoint: 4600 ns, Total: 85799 ns
[4320.300s][info ][gc,start       ] GC(248) Pause Young (Allocation Failure)
[4320.306s][debug][gc,phases      ] GC(248) Scavenge 5.520ms
[4320.306s][debug][gc,ref         ] GC(248) Skipped phase 1 of Reference Processing: no references
[4320.306s][debug][gc,ref         ] GC(248) ReferenceProcessor::execute queues: 1, RefProcThreadModel::Single, marks_oops_alive: false
[4320.306s][debug][gc,ref         ] GC(248) Skipped phase 3 of Reference Processing: no references
[4320.306s][debug][gc,ref         ] GC(248) ReferenceProcessor::execute queues: 1, RefProcThreadModel::Single, marks_oops_alive: false
[4320.306s][debug][gc,phases      ] GC(248) Reference Processing 0.102ms
[4320.306s][debug][gc,phases      ] GC(248)   VM Weak                        Min:  0.0, Avg:  0.0, Max:  0.0, Diff:  0.0, Sum:  0.0, Workers: 4
[4320.306s][debug][gc,phases      ] GC(248)     Dead                           Min: 0, Avg:  0.0, Max: 0, Diff: 0, Sum: 0, Workers: 4
[4320.306s][debug][gc,phases      ] GC(248)     Total                          Min: 0, Avg: 251.5, Max: 878, Diff: 878, Sum: 1006, Workers: 4
[4320.306s][debug][gc,phases      ] GC(248)   ObjectSynchronizer Weak        Min:  0.0, Avg:  0.0, Max:  0.0, Diff:  0.0, Sum:  0.0, Workers: 4
[4320.306s][debug][gc,phases      ] GC(248)     Dead                           Min: 0, Avg:  0.0, Max: 0, Diff: 0, Sum: 0, Workers: 4
[4320.306s][debug][gc,phases      ] GC(248)     Total                          Min: 0, Avg:  1.8, Max: 7, Diff: 7, Sum: 7, Workers: 4
[4320.306s][debug][gc,phases      ] GC(248)   JVMTI Tag Weak OopStorage      Min:  0.0, Avg:  0.0, Max:  0.0, Diff:  0.0, Sum:  0.0, Workers: 4
[4320.306s][debug][gc,phases      ] GC(248)     Dead                           Min: 0, Avg:  0.0, Max: 0, Diff: 0, Sum: 0, Workers: 4
[4320.306s][debug][gc,phases      ] GC(248)     Total                          Min: 0, Avg:  0.0, Max: 0, Diff: 0, Sum: 0, Workers: 4
[4320.306s][debug][gc,phases      ] GC(248)   StringTable Weak               Min:  0.0, Avg:  0.1, Max:  0.1, Diff:  0.1, Sum:  0.3, Workers: 4
[4320.306s][debug][gc,phases      ] GC(248)     Dead                           Min: 0, Avg:  0.0, Max: 0, Diff: 0, Sum: 0, Workers: 4
[4320.306s][debug][gc,phases      ] GC(248)     Total                          Min: 0, Avg: 11367.8, Max: 20480, Diff: 20480, Sum: 45471, Workers: 4
[4320.306s][debug][gc,phases      ] GC(248)   ResolvedMethodTable Weak       Min:  0.0, Avg:  0.0, Max:  0.0, Diff:  0.0, Sum:  0.1, Workers: 4
[4320.306s][debug][gc,phases      ] GC(248)     Dead                           Min: 0, Avg:  0.0, Max: 0, Diff: 0, Sum: 0, Workers: 4
[4320.306s][debug][gc,phases      ] GC(248)     Total                          Min: 0, Avg: 2946.8, Max: 4875, Diff: 4875, Sum: 11787, Workers: 4
[4320.306s][debug][gc,phases      ] GC(248)   JNI Weak                       Min:  0.0, Avg:  0.0, Max:  0.0, Diff:  0.0, Sum:  0.0, Workers: 4
[4320.306s][debug][gc,phases      ] GC(248)     Dead                           Min: 0, Avg:  0.0, Max: 0, Diff: 0, Sum: 0, Workers: 4
[4320.306s][debug][gc,phases      ] GC(248)     Total                          Min: 0, Avg: 12.0, Max: 48, Diff: 48, Sum: 48, Workers: 4
[4320.306s][debug][gc,phases      ] GC(248)   StringDedup Table Weak         Min:  0.0, Avg:  0.0, Max:  0.0, Diff:  0.0, Sum:  0.0, Workers: 4
[4320.306s][debug][gc,phases      ] GC(248)     Dead                           Min: 0, Avg:  0.0, Max: 0, Diff: 0, Sum: 0, Workers: 4
[4320.306s][debug][gc,phases      ] GC(248)     Total                          Min: 0, Avg:  0.0, Max: 0, Diff: 0, Sum: 0, Workers: 4
[4320.306s][debug][gc,phases      ] GC(248)   StringDedup Requests0 Weak     Min:  0.0, Avg:  0.0, Max:  0.0, Diff:  0.0, Sum:  0.0, Workers: 4
[4320.306s][debug][gc,phases      ] GC(248)     Dead                           Min: 0, Avg:  0.0, Max: 0, Diff: 0, Sum: 0, Workers: 4
[4320.306s][debug][gc,phases      ] GC(248)     Total                          Min: 0, Avg:  0.0, Max: 0, Diff: 0, Sum: 0, Workers: 4
[4320.306s][debug][gc,phases      ] GC(248)   StringDedup Requests1 Weak     Min:  0.0, Avg:  0.0, Max:  0.0, Diff:  0.0, Sum:  0.0, Workers: 4
[4320.306s][debug][gc,phases      ] GC(248)     Dead                           Min: 0, Avg:  0.0, Max: 0, Diff: 0, Sum: 0, Workers: 4
[4320.306s][debug][gc,phases      ] GC(248)     Total                          Min: 0, Avg:  0.0, Max: 0, Diff: 0, Sum: 0, Workers: 4
[4320.306s][debug][gc,phases      ] GC(248)   Weak JFR Old Object Samples    Min:  0.0, Avg:  0.0, Max:  0.0, Diff:  0.0, Sum:  0.0, Workers: 4
[4320.306s][debug][gc,phases      ] GC(248)     Dead                           Min: 0, Avg:  0.0, Max: 0, Diff: 0, Sum: 0, Workers: 4
[4320.306s][debug][gc,phases      ] GC(248)     Total                          Min: 0, Avg:  0.0, Max: 0, Diff: 0, Sum: 0, Workers: 4
[4320.306s][debug][gc,phases      ] GC(248) Weak Processing 0.324ms
[4320.306s][debug][gc,age         ] GC(248) Desired survivor size 18350080 bytes, new threshold 15 (max threshold 15)
[4320.306s][info ][gc,heap        ] GC(248) PSYoungGen: 2065008K(2076160K)->9328K(2079232K) Eden: 2056192K(2056192K)->0K(2060288K) From: 8816K(19968K)->9328K(18944K)
[4320.306s][info ][gc,heap        ] GC(248) ParOldGen: 548598K(608768K)->548670K(608768K)
[4320.306s][info ][gc,metaspace   ] GC(248) Metaspace: 92739K(93888K)->92739K(93888K) NonClass: 79512K(80128K)->79512K(80128K) Class: 13226K(13760K)->13226K(13760K)
[4320.306s][info ][gc             ] GC(248) Pause Young (Allocation Failure) 2552M->544M(2625M) 6.046ms
[4320.306s][info ][gc,cpu         ] GC(248) User=0.02s Sys=0.00s Real=0.01s
[4320.306s][info ][safepoint      ] Safepoint "ParallelGCFailedAllocation", Time since last: 5544230557 ns, Reaching safepoint: 77399 ns, Cleanup: 3900 ns, At safepoint: 6115368 ns, Total: 6196667 ns
[4328.260s][info ][safepoint      ] Safepoint "Cleanup", Time since last: 7953823428 ns, Reaching safepoint: 77499 ns, Cleanup: 20000 ns, At safepoint: 6200 ns, Total: 103699 ns
[4329.260s][info ][safepoint      ] Safepoint "Cleanup", Time since last: 1000108620 ns, Reaching safepoint: 77500 ns, Cleanup: 10000 ns, At safepoint: 41299 ns, Total: 128799 ns
[4330.100s][info ][gc,start       ] GC(249) Pause Young (Allocation Failure)
[4330.107s][debug][gc,phases      ] GC(249) Scavenge 6.658ms
[4330.107s][debug][gc,ref         ] GC(249) Skipped phase 1 of Reference Processing: no references
[4330.107s][debug][gc,ref         ] GC(249) ReferenceProcessor::execute queues: 1, RefProcThreadModel::Single, marks_oops_alive: false
[4330.107s][debug][gc,ref         ] GC(249) Skipped phase 3 of Reference Processing: no references
[4330.107s][debug][gc,ref         ] GC(249) ReferenceProcessor::execute queues: 1, RefProcThreadModel::Single, marks_oops_alive: false
[4330.107s][debug][gc,phases      ] GC(249) Reference Processing 0.092ms
[4330.107s][debug][gc,phases      ] GC(249)   VM Weak                        Min:  0.0, Avg:  0.0, Max:  0.0, Diff:  0.0, Sum:  0.0, Workers: 4
[4330.107s][debug][gc,phases      ] GC(249)     Dead                           Min: 0, Avg:  0.0, Max: 0, Diff: 0, Sum: 0, Workers: 4
[4330.107s][debug][gc,phases      ] GC(249)     Total                          Min: 0, Avg: 251.5, Max: 751, Diff: 751, Sum: 1006, Workers: 4
[4330.107s][debug][gc,phases      ] GC(249)   ObjectSynchronizer Weak        Min:  0.0, Avg:  0.0, Max:  0.0, Diff:  0.0, Sum:  0.0, Workers: 4
[4330.107s][debug][gc,phases      ] GC(249)     Dead                           Min: 0, Avg:  0.0, Max: 0, Diff: 0, Sum: 0, Workers: 4
[4330.107s][debug][gc,phases      ] GC(249)     Total                          Min: 0, Avg:  1.5, Max: 6, Diff: 6, Sum: 6, Workers: 4
[4330.107s][debug][gc,phases      ] GC(249)   JVMTI Tag Weak OopStorage      Min:  0.0, Avg:  0.0, Max:  0.0, Diff:  0.0, Sum:  0.0, Workers: 4
[4330.107s][debug][gc,phases      ] GC(249)     Dead                           Min: 0, Avg:  0.0, Max: 0, Diff: 0, Sum: 0, Workers: 4
[4330.107s][debug][gc,phases      ] GC(249)     Total                          Min: 0, Avg:  0.0, Max: 0, Diff: 0, Sum: 0, Workers: 4
[4330.107s][debug][gc,phases      ] GC(249)   StringTable Weak               Min:  0.0, Avg:  0.1, Max:  0.1, Diff:  0.1, Sum:  0.4, Workers: 4
[4330.107s][debug][gc,phases      ] GC(249)     Dead                           Min: 0, Avg:  0.0, Max: 0, Diff: 0, Sum: 0, Workers: 4
[4330.107s][debug][gc,phases      ] GC(249)     Total                          Min: 0, Avg: 11367.8, Max: 19552, Diff: 19552, Sum: 45471, Workers: 4
[4330.107s][debug][gc,phases      ] GC(249)   ResolvedMethodTable Weak       Min:  0.0, Avg:  0.0, Max:  0.0, Diff:  0.0, Sum:  0.1, Workers: 4
[4330.107s][debug][gc,phases      ] GC(249)     Dead                           Min: 0, Avg:  0.0, Max: 0, Diff: 0, Sum: 0, Workers: 4
[4330.107s][debug][gc,phases      ] GC(249)     Total                          Min: 0, Avg: 2946.8, Max: 4747, Diff: 4747, Sum: 11787, Workers: 4
[4330.107s][debug][gc,phases      ] GC(249)   JNI Weak                       Min:  0.0, Avg:  0.0, Max:  0.0, Diff:  0.0, Sum:  0.0, Workers: 4
[4330.107s][debug][gc,phases      ] GC(249)     Dead                           Min: 0, Avg:  0.0, Max: 0, Diff: 0, Sum: 0, Workers: 4
[4330.107s][debug][gc,phases      ] GC(249)     Total                          Min: 0, Avg: 12.0, Max: 48, Diff: 48, Sum: 48, Workers: 4
[4330.107s][debug][gc,phases      ] GC(249)   StringDedup Table Weak         Min:  0.0, Avg:  0.0, Max:  0.0, Diff:  0.0, Sum:  0.0, Workers: 4
[4330.107s][debug][gc,phases      ] GC(249)     Dead                           Min: 0, Avg:  0.0, Max: 0, Diff: 0, Sum: 0, Workers: 4
[4330.107s][debug][gc,phases      ] GC(249)     Total                          Min: 0, Avg:  0.0, Max: 0, Diff: 0, Sum: 0, Workers: 4
[4330.107s][debug][gc,phases      ] GC(249)   StringDedup Requests0 Weak     Min:  0.0, Avg:  0.0, Max:  0.0, Diff:  0.0, Sum:  0.0, Workers: 4
[4330.107s][debug][gc,phases      ] GC(249)     Dead                           Min: 0, Avg:  0.0, Max: 0, Diff: 0, Sum: 0, Workers: 4
[4330.107s][debug][gc,phases      ] GC(249)     Total                          Min: 0, Avg:  0.0, Max: 0, Diff: 0, Sum: 0, Workers: 4
[4330.107s][debug][gc,phases      ] GC(249)   StringDedup Requests1 Weak     Min:  0.0, Avg:  0.0, Max:  0.0, Diff:  0.0, Sum:  0.0, Workers: 4
[4330.107s][debug][gc,phases      ] GC(249)     Dead                           Min: 0, Avg:  0.0, Max: 0, Diff: 0, Sum: 0, Workers: 4
[4330.107s][debug][gc,phases      ] GC(249)     Total                          Min: 0, Avg:  0.0, Max: 0, Diff: 0, Sum: 0, Workers: 4
[4330.107s][debug][gc,phases      ] GC(249)   Weak JFR Old Object Samples    Min:  0.0, Avg:  0.0, Max:  0.0, Diff:  0.0, Sum:  0.0, Workers: 4
[4330.107s][debug][gc,phases      ] GC(249)     Dead                           Min: 0, Avg:  0.0, Max: 0, Diff: 0, Sum: 0, Workers: 4
[4330.107s][debug][gc,phases      ] GC(249)     Total                          Min: 0, Avg:  0.0, Max: 0, Diff: 0, Sum: 0, Workers: 4
[4330.107s][debug][gc,phases      ] GC(249) Weak Processing 0.342ms
[4330.107s][debug][gc,age         ] GC(249) Desired survivor size 18350080 bytes, new threshold 15 (max threshold 15)
[4330.107s][info ][gc,heap        ] GC(249) PSYoungGen: 2069616K(2079232K)->10816K(2078208K) Eden: 2060288K(2060288K)->0K(2060288K) From: 9328K(18944K)->10816K(17920K)
[4330.107s][info ][gc,heap        ] GC(249) ParOldGen: 548670K(608768K)->548878K(608768K)
[4330.107s][info ][gc,metaspace   ] GC(249) Metaspace: 92740K(93888K)->92740K(93888K) NonClass: 79513K(80128K)->79513K(80128K) Class: 13226K(13760K)->13226K(13760K)
[4330.107s][info ][gc             ] GC(249) Pause Young (Allocation Failure) 2556M->546M(2624M) 7.199ms
[4330.107s][info ][gc,cpu         ] GC(249) User=0.02s Sys=0.00s Real=0.01s
[4330.107s][info ][safepoint      ] Safepoint "ParallelGCFailedAllocation", Time since last: 839619036 ns, Reaching safepoint: 75999 ns, Cleanup: 7400 ns, At safepoint: 7269763 ns, Total: 7353162 ns
[4332.108s][info ][safepoint      ] Safepoint "Cleanup", Time since last: 2000146177 ns, Reaching safepoint: 82700 ns, Cleanup: 11800 ns, At safepoint: 7800 ns, Total: 102300 ns
[4337.111s][info ][safepoint      ] Safepoint "Cleanup", Time since last: 5000387633 ns, Reaching safepoint: 3032285 ns, Cleanup: 11299 ns, At safepoint: 9600 ns, Total: 3053184 ns
[4339.111s][info ][safepoint      ] Safepoint "Cleanup", Time since last: 2000163903 ns, Reaching safepoint: 72900 ns, Cleanup: 7100 ns, At safepoint: 5400 ns, Total: 85400 ns
[4340.301s][info ][gc,start       ] GC(250) Pause Young (Allocation Failure)
[4340.308s][debug][gc,phases      ] GC(250) Scavenge 7.045ms
[4340.308s][debug][gc,ref         ] GC(250) Skipped phase 1 of Reference Processing: no references
[4340.308s][debug][gc,ref         ] GC(250) ReferenceProcessor::execute queues: 1, RefProcThreadModel::Single, marks_oops_alive: false
[4340.308s][debug][gc,ref         ] GC(250) Skipped phase 3 of Reference Processing: no references
[4340.308s][debug][gc,ref         ] GC(250) ReferenceProcessor::execute queues: 1, RefProcThreadModel::Single, marks_oops_alive: false
[4340.308s][debug][gc,phases      ] GC(250) Reference Processing 0.094ms
[4340.308s][debug][gc,phases      ] GC(250)   VM Weak                        Min:  0.0, Avg:  0.0, Max:  0.0, Diff:  0.0, Sum:  0.0, Workers: 4
[4340.308s][debug][gc,phases      ] GC(250)     Dead                           Min: 0, Avg:  0.0, Max: 0, Diff: 0, Sum: 0, Workers: 4
[4340.308s][debug][gc,phases      ] GC(250)     Total                          Min: 0, Avg: 251.5, Max: 575, Diff: 575, Sum: 1006, Workers: 4
[4340.308s][debug][gc,phases      ] GC(250)   ObjectSynchronizer Weak        Min:  0.0, Avg:  0.0, Max:  0.0, Diff:  0.0, Sum:  0.0, Workers: 4
[4340.308s][debug][gc,phases      ] GC(250)     Dead                           Min: 0, Avg:  0.0, Max: 0, Diff: 0, Sum: 0, Workers: 4
[4340.308s][debug][gc,phases      ] GC(250)     Total                          Min: 0, Avg:  1.5, Max: 6, Diff: 6, Sum: 6, Workers: 4
[4340.308s][debug][gc,phases      ] GC(250)   JVMTI Tag Weak OopStorage      Min:  0.0, Avg:  0.0, Max:  0.0, Diff:  0.0, Sum:  0.0, Workers: 4
[4340.308s][debug][gc,phases      ] GC(250)     Dead                           Min: 0, Avg:  0.0, Max: 0, Diff: 0, Sum: 0, Workers: 4
[4340.308s][debug][gc,phases      ] GC(250)     Total                          Min: 0, Avg:  0.0, Max: 0, Diff: 0, Sum: 0, Workers: 4
[4340.308s][debug][gc,phases      ] GC(250)   StringTable Weak               Min:  0.0, Avg:  0.1, Max:  0.1, Diff:  0.1, Sum:  0.3, Workers: 4
[4340.308s][debug][gc,phases      ] GC(250)     Dead                           Min: 0, Avg:  0.0, Max: 0, Diff: 0, Sum: 0, Workers: 4
[4340.308s][debug][gc,phases      ] GC(250)     Total                          Min: 0, Avg: 11367.8, Max: 20512, Diff: 20512, Sum: 45471, Workers: 4
[4340.308s][debug][gc,phases      ] GC(250)   ResolvedMethodTable Weak       Min:  0.0, Avg:  0.0, Max:  0.0, Diff:  0.0, Sum:  0.1, Workers: 4
[4340.308s][debug][gc,phases      ] GC(250)     Dead                           Min: 0, Avg:  0.0, Max: 0, Diff: 0, Sum: 0, Workers: 4
[4340.308s][debug][gc,phases      ] GC(250)     Total                          Min: 0, Avg: 2946.8, Max: 5312, Diff: 5312, Sum: 11787, Workers: 4
[4340.308s][debug][gc,phases      ] GC(250)   JNI Weak                       Min:  0.0, Avg:  0.0, Max:  0.0, Diff:  0.0, Sum:  0.0, Workers: 4
[4340.308s][debug][gc,phases      ] GC(250)     Dead                           Min: 0, Avg:  0.0, Max: 0, Diff: 0, Sum: 0, Workers: 4
[4340.308s][debug][gc,phases      ] GC(250)     Total                          Min: 0, Avg: 12.0, Max: 48, Diff: 48, Sum: 48, Workers: 4
[4340.308s][debug][gc,phases      ] GC(250)   StringDedup Table Weak         Min:  0.0, Avg:  0.0, Max:  0.0, Diff:  0.0, Sum:  0.0, Workers: 4
[4340.308s][debug][gc,phases      ] GC(250)     Dead                           Min: 0, Avg:  0.0, Max: 0, Diff: 0, Sum: 0, Workers: 4
[4340.308s][debug][gc,phases      ] GC(250)     Total                          Min: 0, Avg:  0.0, Max: 0, Diff: 0, Sum: 0, Workers: 4
[4340.308s][debug][gc,phases      ] GC(250)   StringDedup Requests0 Weak     Min:  0.0, Avg:  0.0, Max:  0.0, Diff:  0.0, Sum:  0.0, Workers: 4
[4340.308s][debug][gc,phases      ] GC(250)     Dead                           Min: 0, Avg:  0.0, Max: 0, Diff: 0, Sum: 0, Workers: 4
[4340.308s][debug][gc,phases      ] GC(250)     Total                          Min: 0, Avg:  0.0, Max: 0, Diff: 0, Sum: 0, Workers: 4
[4340.308s][debug][gc,phases      ] GC(250)   StringDedup Requests1 Weak     Min:  0.0, Avg:  0.0, Max:  0.0, Diff:  0.0, Sum:  0.0, Workers: 4
[4340.308s][debug][gc,phases      ] GC(250)     Dead                           Min: 0, Avg:  0.0, Max: 0, Diff: 0, Sum: 0, Workers: 4
[4340.308s][debug][gc,phases      ] GC(250)     Total                          Min: 0, Avg:  0.0, Max: 0, Diff: 0, Sum: 0, Workers: 4
[4340.308s][debug][gc,phases      ] GC(250)   Weak JFR Old Object Samples    Min:  0.0, Avg:  0.0, Max:  0.0, Diff:  0.0, Sum:  0.0, Workers: 4
[4340.308s][debug][gc,phases      ] GC(250)     Dead                           Min: 0, Avg:  0.0, Max: 0, Diff: 0, Sum: 0, Workers: 4
[4340.308s][debug][gc,phases      ] GC(250)     Total                          Min: 0, Avg:  0.0, Max: 0, Diff: 0, Sum: 0, Workers: 4
[4340.308s][debug][gc,phases      ] GC(250) Weak Processing 0.314ms
[4340.308s][debug][gc,age         ] GC(250) Desired survivor size 18350080 bytes, new threshold 15 (max threshold 15)
[4340.308s][info ][gc,heap        ] GC(250) PSYoungGen: 2071104K(2078208K)->11424K(2079232K) Eden: 2060288K(2060288K)->0K(2061312K) From: 10816K(17920K)->11424K(17920K)
[4340.308s][info ][gc,heap        ] GC(250) ParOldGen: 548878K(608768K)->549122K(608768K)
[4340.308s][info ][gc,metaspace   ] GC(250) Metaspace: 92741K(93888K)->92741K(93888K) NonClass: 79515K(80128K)->79515K(80128K) Class: 13226K(13760K)->13226K(13760K)
[4340.308s][info ][gc             ] GC(250) Pause Young (Allocation Failure) 2558M->547M(2625M) 7.566ms
[4340.308s][info ][gc,cpu         ] GC(250) User=0.02s Sys=0.00s Real=0.01s
[4340.308s][info ][safepoint      ] Safepoint "ParallelGCFailedAllocation", Time since last: 1189048623 ns, Reaching safepoint: 87399 ns, Cleanup: 3500 ns, At safepoint: 7647462 ns, Total: 7738361 ns
[4341.308s][info ][safepoint      ] Safepoint "Cleanup", Time since last: 1000086872 ns, Reaching safepoint: 65100 ns, Cleanup: 10200 ns, At safepoint: 7500 ns, Total: 82800 ns
[4342.309s][info ][safepoint      ] Safepoint "Cleanup", Time since last: 1000093273 ns, Reaching safepoint: 70199 ns, Cleanup: 10900 ns, At safepoint: 7500 ns, Total: 88599 ns
[4343.309s][info ][safepoint      ] Safepoint "Cleanup", Time since last: 1000095273 ns, Reaching safepoint: 76599 ns, Cleanup: 8900 ns, At safepoint: 4200 ns, Total: 89699 ns
[4350.309s][info ][safepoint      ] Safepoint "Cleanup", Time since last: 7000481943 ns, Reaching safepoint: 73400 ns, Cleanup: 7300 ns, At safepoint: 5100 ns, Total: 85800 ns
[4351.309s][info ][safepoint      ] Safepoint "Cleanup", Time since last: 1000085550 ns, Reaching safepoint: 75300 ns, Cleanup: 8400 ns, At safepoint: 5900 ns, Total: 89600 ns
[4351.801s][info ][gc,start       ] GC(251) Pause Young (Allocation Failure)
[4351.807s][debug][gc,phases      ] GC(251) Scavenge 5.849ms
[4351.807s][debug][gc,ref         ] GC(251) Skipped phase 1 of Reference Processing: no references
[4351.807s][debug][gc,ref         ] GC(251) ReferenceProcessor::execute queues: 1, RefProcThreadModel::Single, marks_oops_alive: false
[4351.807s][debug][gc,ref         ] GC(251) Skipped phase 3 of Reference Processing: no references
[4351.807s][debug][gc,ref         ] GC(251) ReferenceProcessor::execute queues: 1, RefProcThreadModel::Single, marks_oops_alive: false
[4351.807s][debug][gc,phases      ] GC(251) Reference Processing 0.095ms
[4351.807s][debug][gc,phases      ] GC(251)   VM Weak                        Min:  0.0, Avg:  0.0, Max:  0.0, Diff:  0.0, Sum:  0.0, Workers: 4
[4351.807s][debug][gc,phases      ] GC(251)     Dead                           Min: 0, Avg:  0.0, Max: 0, Diff: 0, Sum: 0, Workers: 4
[4351.807s][debug][gc,phases      ] GC(251)     Total                          Min: 0, Avg: 251.5, Max: 751, Diff: 751, Sum: 1006, Workers: 4
[4351.807s][debug][gc,phases      ] GC(251)   ObjectSynchronizer Weak        Min:  0.0, Avg:  0.0, Max:  0.0, Diff:  0.0, Sum:  0.0, Workers: 4
[4351.807s][debug][gc,phases      ] GC(251)     Dead                           Min: 0, Avg:  0.0, Max: 0, Diff: 0, Sum: 0, Workers: 4
[4351.807s][debug][gc,phases      ] GC(251)     Total                          Min: 0, Avg:  1.5, Max: 6, Diff: 6, Sum: 6, Workers: 4
[4351.807s][debug][gc,phases      ] GC(251)   JVMTI Tag Weak OopStorage      Min:  0.0, Avg:  0.0, Max:  0.0, Diff:  0.0, Sum:  0.0, Workers: 4
[4351.807s][debug][gc,phases      ] GC(251)     Dead                           Min: 0, Avg:  0.0, Max: 0, Diff: 0, Sum: 0, Workers: 4
[4351.807s][debug][gc,phases      ] GC(251)     Total                          Min: 0, Avg:  0.0, Max: 0, Diff: 0, Sum: 0, Workers: 4
[4351.807s][debug][gc,phases      ] GC(251)   StringTable Weak               Min:  0.0, Avg:  0.1, Max:  0.1, Diff:  0.1, Sum:  0.4, Workers: 4
[4351.807s][debug][gc,phases      ] GC(251)     Dead                           Min: 0, Avg:  0.0, Max: 0, Diff: 0, Sum: 0, Workers: 4
[4351.807s][debug][gc,phases      ] GC(251)     Total                          Min: 0, Avg: 11367.8, Max: 19584, Diff: 19584, Sum: 45471, Workers: 4
[4351.807s][debug][gc,phases      ] GC(251)   ResolvedMethodTable Weak       Min:  0.0, Avg:  0.0, Max:  0.0, Diff:  0.0, Sum:  0.1, Workers: 4
[4351.807s][debug][gc,phases      ] GC(251)     Dead                           Min: 0, Avg:  0.0, Max: 0, Diff: 0, Sum: 0, Workers: 4
[4351.807s][debug][gc,phases      ] GC(251)     Total                          Min: 0, Avg: 2946.8, Max: 5056, Diff: 5056, Sum: 11787, Workers: 4
[4351.807s][debug][gc,phases      ] GC(251)   JNI Weak                       Min:  0.0, Avg:  0.0, Max:  0.0, Diff:  0.0, Sum:  0.0, Workers: 4
[4351.807s][debug][gc,phases      ] GC(251)     Dead                           Min: 0, Avg:  0.0, Max: 0, Diff: 0, Sum: 0, Workers: 4
[4351.807s][debug][gc,phases      ] GC(251)     Total                          Min: 0, Avg: 12.0, Max: 48, Diff: 48, Sum: 48, Workers: 4
[4351.807s][debug][gc,phases      ] GC(251)   StringDedup Table Weak         Min:  0.0, Avg:  0.0, Max:  0.0, Diff:  0.0, Sum:  0.0, Workers: 4
[4351.807s][debug][gc,phases      ] GC(251)     Dead                           Min: 0, Avg:  0.0, Max: 0, Diff: 0, Sum: 0, Workers: 4
[4351.807s][debug][gc,phases      ] GC(251)     Total                          Min: 0, Avg:  0.0, Max: 0, Diff: 0, Sum: 0, Workers: 4
[4351.807s][debug][gc,phases      ] GC(251)   StringDedup Requests0 Weak     Min:  0.0, Avg:  0.0, Max:  0.0, Diff:  0.0, Sum:  0.0, Workers: 4
[4351.807s][debug][gc,phases      ] GC(251)     Dead                           Min: 0, Avg:  0.0, Max: 0, Diff: 0, Sum: 0, Workers: 4
[4351.807s][debug][gc,phases      ] GC(251)     Total                          Min: 0, Avg:  0.0, Max: 0, Diff: 0, Sum: 0, Workers: 4
[4351.807s][debug][gc,phases      ] GC(251)   StringDedup Requests1 Weak     Min:  0.0, Avg:  0.0, Max:  0.0, Diff:  0.0, Sum:  0.0, Workers: 4
[4351.807s][debug][gc,phases      ] GC(251)     Dead                           Min: 0, Avg:  0.0, Max: 0, Diff: 0, Sum: 0, Workers: 4
[4351.807s][debug][gc,phases      ] GC(251)     Total                          Min: 0, Avg:  0.0, Max: 0, Diff: 0, Sum: 0, Workers: 4
[4351.807s][debug][gc,phases      ] GC(251)   Weak JFR Old Object Samples    Min:  0.0, Avg:  0.0, Max:  0.0, Diff:  0.0, Sum:  0.0, Workers: 4
[4351.807s][debug][gc,phases      ] GC(251)     Dead                           Min: 0, Avg:  0.0, Max: 0, Diff: 0, Sum: 0, Workers: 4
[4351.807s][debug][gc,phases      ] GC(251)     Total                          Min: 0, Avg:  0.0, Max: 0, Diff: 0, Sum: 0, Workers: 4
[4351.807s][debug][gc,phases      ] GC(251) Weak Processing 0.328ms
[4351.807s][debug][gc,age         ] GC(251) Desired survivor size 18350080 bytes, new threshold 15 (max threshold 15)
[4351.807s][info ][gc,heap        ] GC(251) PSYoungGen: 2072736K(2079232K)->11808K(2079232K) Eden: 2061312K(2061312K)->0K(2061312K) From: 11424K(17920K)->11808K(17920K)
[4351.807s][info ][gc,heap        ] GC(251) ParOldGen: 549122K(608768K)->549234K(608768K)
[4351.807s][info ][gc,metaspace   ] GC(251) Metaspace: 92743K(93888K)->92743K(93888K) NonClass: 79516K(80128K)->79516K(80128K) Class: 13226K(13760K)->13226K(13760K)
[4351.807s][info ][gc             ] GC(251) Pause Young (Allocation Failure) 2560M->547M(2625M) 6.389ms
[4351.807s][info ][gc,cpu         ] GC(251) User=0.02s Sys=0.00s Real=0.01s
[4351.807s][info ][safepoint      ] Safepoint "ParallelGCFailedAllocation", Time since last: 491065618 ns, Reaching safepoint: 77200 ns, Cleanup: 7400 ns, At safepoint: 6464768 ns, Total: 6549368 ns
[4352.807s][info ][safepoint      ] Safepoint "Cleanup", Time since last: 1000047051 ns, Reaching safepoint: 72200 ns, Cleanup: 9699 ns, At safepoint: 5100 ns, Total: 86999 ns
[4353.807s][info ][safepoint      ] Safepoint "Cleanup", Time since last: 1000094751 ns, Reaching safepoint: 74099 ns, Cleanup: 7700 ns, At safepoint: 5100 ns, Total: 86899 ns
[4357.808s][info ][safepoint      ] Safepoint "Cleanup", Time since last: 4000297090 ns, Reaching safepoint: 77699 ns, Cleanup: 10300 ns, At safepoint: 5900 ns, Total: 93899 ns
[4358.808s][info ][safepoint      ] Safepoint "Cleanup", Time since last: 1000103783 ns, Reaching safepoint: 75600 ns, Cleanup: 18900 ns, At safepoint: 5800 ns, Total: 100300 ns
[4359.808s][info ][safepoint      ] Safepoint "Cleanup", Time since last: 1000095283 ns, Reaching safepoint: 74999 ns, Cleanup: 28900 ns, At safepoint: 6900 ns, Total: 110799 ns
[4360.808s][info ][safepoint      ] Safepoint "Cleanup", Time since last: 1000118183 ns, Reaching safepoint: 84400 ns, Cleanup: 19600 ns, At safepoint: 6700 ns, Total: 110700 ns
[4361.809s][info ][safepoint      ] Safepoint "Cleanup", Time since last: 1000106582 ns, Reaching safepoint: 78400 ns, Cleanup: 11300 ns, At safepoint: 4700 ns, Total: 94400 ns
[4362.809s][info ][safepoint      ] Safepoint "Cleanup", Time since last: 1000107882 ns, Reaching safepoint: 74800 ns, Cleanup: 8500 ns, At safepoint: 5199 ns, Total: 88499 ns
[4363.900s][info ][gc,start       ] GC(252) Pause Young (Allocation Failure)
[4363.906s][debug][gc,phases      ] GC(252) Scavenge 5.736ms
[4363.906s][debug][gc,ref         ] GC(252) Skipped phase 1 of Reference Processing: no references
[4363.906s][debug][gc,ref         ] GC(252) ReferenceProcessor::execute queues: 1, RefProcThreadModel::Single, marks_oops_alive: false
[4363.906s][debug][gc,ref         ] GC(252) ReferenceProcessor::execute queues: 4, RefProcThreadModel::Multi, marks_oops_alive: true
[4363.906s][debug][gc,ref         ] GC(252) ReferenceProcessor::execute queues: 1, RefProcThreadModel::Single, marks_oops_alive: false
[4363.906s][debug][gc,phases      ] GC(252) Reference Processing 0.152ms
[4363.907s][debug][gc,phases      ] GC(252)   VM Weak                        Min:  0.0, Avg:  0.0, Max:  0.0, Diff:  0.0, Sum:  0.0, Workers: 4
[4363.907s][debug][gc,phases      ] GC(252)     Dead                           Min: 0, Avg:  0.0, Max: 0, Diff: 0, Sum: 0, Workers: 4
[4363.907s][debug][gc,phases      ] GC(252)     Total                          Min: 0, Avg: 251.5, Max: 639, Diff: 639, Sum: 1006, Workers: 4
[4363.907s][debug][gc,phases      ] GC(252)   ObjectSynchronizer Weak        Min:  0.0, Avg:  0.0, Max:  0.0, Diff:  0.0, Sum:  0.0, Workers: 4
[4363.907s][debug][gc,phases      ] GC(252)     Dead                           Min: 0, Avg:  0.0, Max: 0, Diff: 0, Sum: 0, Workers: 4
[4363.907s][debug][gc,phases      ] GC(252)     Total                          Min: 0, Avg:  1.5, Max: 6, Diff: 6, Sum: 6, Workers: 4
[4363.907s][debug][gc,phases      ] GC(252)   JVMTI Tag Weak OopStorage      Min:  0.0, Avg:  0.0, Max:  0.0, Diff:  0.0, Sum:  0.0, Workers: 4
[4363.907s][debug][gc,phases      ] GC(252)     Dead                           Min: 0, Avg:  0.0, Max: 0, Diff: 0, Sum: 0, Workers: 4
[4363.907s][debug][gc,phases      ] GC(252)     Total                          Min: 0, Avg:  0.0, Max: 0, Diff: 0, Sum: 0, Workers: 4
[4363.907s][debug][gc,phases      ] GC(252)   StringTable Weak               Min:  0.0, Avg:  0.1, Max:  0.1, Diff:  0.1, Sum:  0.4, Workers: 4
[4363.907s][debug][gc,phases      ] GC(252)     Dead                           Min: 0, Avg:  0.0, Max: 0, Diff: 0, Sum: 0, Workers: 4
[4363.907s][debug][gc,phases      ] GC(252)     Total                          Min: 0, Avg: 11373.5, Max: 19319, Diff: 19319, Sum: 45494, Workers: 4
[4363.907s][debug][gc,phases      ] GC(252)   ResolvedMethodTable Weak       Min:  0.0, Avg:  0.0, Max:  0.0, Diff:  0.0, Sum:  0.1, Workers: 4
[4363.907s][debug][gc,phases      ] GC(252)     Dead                           Min: 0, Avg:  0.0, Max: 0, Diff: 0, Sum: 0, Workers: 4
[4363.907s][debug][gc,phases      ] GC(252)     Total                          Min: 0, Avg: 2946.8, Max: 4928, Diff: 4928, Sum: 11787, Workers: 4
[4363.907s][debug][gc,phases      ] GC(252)   JNI Weak                       Min:  0.0, Avg:  0.0, Max:  0.0, Diff:  0.0, Sum:  0.0, Workers: 4
[4363.907s][debug][gc,phases      ] GC(252)     Dead                           Min: 0, Avg:  0.0, Max: 0, Diff: 0, Sum: 0, Workers: 4
[4363.907s][debug][gc,phases      ] GC(252)     Total                          Min: 0, Avg: 12.0, Max: 48, Diff: 48, Sum: 48, Workers: 4
[4363.907s][debug][gc,phases      ] GC(252)   StringDedup Table Weak         Min:  0.0, Avg:  0.0, Max:  0.0, Diff:  0.0, Sum:  0.0, Workers: 4
[4363.907s][debug][gc,phases      ] GC(252)     Dead                           Min: 0, Avg:  0.0, Max: 0, Diff: 0, Sum: 0, Workers: 4
[4363.907s][debug][gc,phases      ] GC(252)     Total                          Min: 0, Avg:  0.0, Max: 0, Diff: 0, Sum: 0, Workers: 4
[4363.907s][debug][gc,phases      ] GC(252)   StringDedup Requests0 Weak     Min:  0.0, Avg:  0.0, Max:  0.0, Diff:  0.0, Sum:  0.0, Workers: 4
[4363.907s][debug][gc,phases      ] GC(252)     Dead                           Min: 0, Avg:  0.0, Max: 0, Diff: 0, Sum: 0, Workers: 4
[4363.907s][debug][gc,phases      ] GC(252)     Total                          Min: 0, Avg:  0.0, Max: 0, Diff: 0, Sum: 0, Workers: 4
[4363.907s][debug][gc,phases      ] GC(252)   StringDedup Requests1 Weak     Min:  0.0, Avg:  0.0, Max:  0.0, Diff:  0.0, Sum:  0.0, Workers: 4
[4363.907s][debug][gc,phases      ] GC(252)     Dead                           Min: 0, Avg:  0.0, Max: 0, Diff: 0, Sum: 0, Workers: 4
[4363.907s][debug][gc,phases      ] GC(252)     Total                          Min: 0, Avg:  0.0, Max: 0, Diff: 0, Sum: 0, Workers: 4
[4363.907s][debug][gc,phases      ] GC(252)   Weak JFR Old Object Samples    Min:  0.0, Avg:  0.0, Max:  0.0, Diff:  0.0, Sum:  0.0, Workers: 4
[4363.907s][debug][gc,phases      ] GC(252)     Dead                           Min: 0, Avg:  0.0, Max: 0, Diff: 0, Sum: 0, Workers: 4
[4363.907s][debug][gc,phases      ] GC(252)     Total                          Min: 0, Avg:  0.0, Max: 0, Diff: 0, Sum: 0, Workers: 4
[4363.907s][debug][gc,phases      ] GC(252) Weak Processing 0.325ms
[4363.907s][debug][gc,age         ] GC(252) Desired survivor size 17825792 bytes, new threshold 15 (max threshold 15)
[4363.907s][info ][gc,heap        ] GC(252) PSYoungGen: 2073120K(2079232K)->10576K(2079744K) Eden: 2061312K(2061312K)->0K(2061824K) From: 11808K(17920K)->10576K(17920K)
[4363.907s][info ][gc,heap        ] GC(252) ParOldGen: 549234K(608768K)->549326K(608768K)
[4363.907s][info ][gc,metaspace   ] GC(252) Metaspace: 92830K(94016K)->92830K(94016K) NonClass: 79604K(80256K)->79604K(80256K) Class: 13226K(13760K)->13226K(13760K)
[4363.907s][info ][gc             ] GC(252) Pause Young (Allocation Failure) 2560M->546M(2625M) 6.322ms
[4363.907s][info ][gc,cpu         ] GC(252) User=0.02s Sys=0.00s Real=0.01s
[4363.907s][info ][safepoint      ] Safepoint "ParallelGCFailedAllocation", Time since last: 1091485005 ns, Reaching safepoint: 77499 ns, Cleanup: 8300 ns, At safepoint: 6390668 ns, Total: 6476467 ns
[4365.907s][info ][safepoint      ] Safepoint "Cleanup", Time since last: 2000173529 ns, Reaching safepoint: 76700 ns, Cleanup: 10200 ns, At safepoint: 5800 ns, Total: 92700 ns
[4366.907s][info ][safepoint      ] Safepoint "Cleanup", Time since last: 1000079664 ns, Reaching safepoint: 63200 ns, Cleanup: 11800 ns, At safepoint: 6200 ns, Total: 81200 ns
[4369.908s][info ][safepoint      ] Safepoint "Cleanup", Time since last: 3000230693 ns, Reaching safepoint: 74100 ns, Cleanup: 31900 ns, At safepoint: 3200 ns, Total: 109200 ns
[4370.908s][info ][safepoint      ] Safepoint "Cleanup", Time since last: 1000104095 ns, Reaching safepoint: 78900 ns, Cleanup: 24900 ns, At safepoint: 5100 ns, Total: 108900 ns
[4371.908s][info ][safepoint      ] Safepoint "Cleanup", Time since last: 1000111056 ns, Reaching safepoint: 73000 ns, Cleanup: 6900 ns, At safepoint: 5700 ns, Total: 85600 ns
[4372.908s][info ][safepoint      ] Safepoint "Cleanup", Time since last: 1000098457 ns, Reaching safepoint: 74000 ns, Cleanup: 17499 ns, At safepoint: 5100 ns, Total: 96599 ns
[4373.908s][info ][safepoint      ] Safepoint "Cleanup", Time since last: 1000109757 ns, Reaching safepoint: 74800 ns, Cleanup: 8300 ns, At safepoint: 5600 ns, Total: 88700 ns
[4374.283s][info ][gc,start       ] GC(253) Pause Young (Allocation Failure)
[4374.300s][debug][gc,phases      ] GC(253) Scavenge 17.337ms
[4374.300s][debug][gc,ref         ] GC(253) Skipped phase 1 of Reference Processing: no references
[4374.300s][debug][gc,ref         ] GC(253) Skipped phase 2 of Reference Processing: no references
[4374.300s][debug][gc,ref         ] GC(253) Skipped phase 3 of Reference Processing: no references
[4374.300s][debug][gc,ref         ] GC(253) ReferenceProcessor::execute queues: 1, RefProcThreadModel::Single, marks_oops_alive: false
[4374.300s][debug][gc,phases      ] GC(253) Reference Processing 0.095ms
[4374.301s][debug][gc,phases      ] GC(253)   VM Weak                        Min:  0.0, Avg:  0.0, Max:  0.0, Diff:  0.0, Sum:  0.0, Workers: 4
[4374.301s][debug][gc,phases      ] GC(253)     Dead                           Min: 0, Avg:  0.0, Max: 0, Diff: 0, Sum: 0, Workers: 4
[4374.301s][debug][gc,phases      ] GC(253)     Total                          Min: 0, Avg: 251.5, Max: 575, Diff: 575, Sum: 1006, Workers: 4
[4374.301s][debug][gc,phases      ] GC(253)   ObjectSynchronizer Weak        Min:  0.0, Avg:  0.0, Max:  0.0, Diff:  0.0, Sum:  0.0, Workers: 4
[4374.301s][debug][gc,phases      ] GC(253)     Dead                           Min: 0, Avg:  0.0, Max: 0, Diff: 0, Sum: 0, Workers: 4
[4374.301s][debug][gc,phases      ] GC(253)     Total                          Min: 0, Avg:  1.5, Max: 6, Diff: 6, Sum: 6, Workers: 4
[4374.301s][debug][gc,phases      ] GC(253)   JVMTI Tag Weak OopStorage      Min:  0.0, Avg:  0.0, Max:  0.0, Diff:  0.0, Sum:  0.0, Workers: 4
[4374.301s][debug][gc,phases      ] GC(253)     Dead                           Min: 0, Avg:  0.0, Max: 0, Diff: 0, Sum: 0, Workers: 4
[4374.301s][debug][gc,phases      ] GC(253)     Total                          Min: 0, Avg:  0.0, Max: 0, Diff: 0, Sum: 0, Workers: 4
[4374.301s][debug][gc,phases      ] GC(253)   StringTable Weak               Min:  0.0, Avg:  0.1, Max:  0.1, Diff:  0.1, Sum:  0.4, Workers: 4
[4374.301s][debug][gc,phases      ] GC(253)     Dead                           Min: 0, Avg:  0.0, Max: 0, Diff: 0, Sum: 0, Workers: 4
[4374.301s][debug][gc,phases      ] GC(253)     Total                          Min: 0, Avg: 11377.5, Max: 15430, Diff: 15430, Sum: 45510, Workers: 4
[4374.301s][debug][gc,phases      ] GC(253)   ResolvedMethodTable Weak       Min:  0.0, Avg:  0.0, Max:  0.0, Diff:  0.0, Sum:  0.1, Workers: 4
[4374.301s][debug][gc,phases      ] GC(253)     Dead                           Min: 0, Avg:  0.0, Max: 0, Diff: 0, Sum: 0, Workers: 4
[4374.301s][debug][gc,phases      ] GC(253)     Total                          Min: 0, Avg: 2946.8, Max: 4032, Diff: 4032, Sum: 11787, Workers: 4
[4374.301s][debug][gc,phases      ] GC(253)   JNI Weak                       Min:  0.0, Avg:  0.0, Max:  0.0, Diff:  0.0, Sum:  0.0, Workers: 4
[4374.301s][debug][gc,phases      ] GC(253)     Dead                           Min: 0, Avg:  0.0, Max: 0, Diff: 0, Sum: 0, Workers: 4
[4374.301s][debug][gc,phases      ] GC(253)     Total                          Min: 0, Avg: 12.0, Max: 48, Diff: 48, Sum: 48, Workers: 4
[4374.301s][debug][gc,phases      ] GC(253)   StringDedup Table Weak         Min:  0.0, Avg:  0.0, Max:  0.0, Diff:  0.0, Sum:  0.0, Workers: 4
[4374.301s][debug][gc,phases      ] GC(253)     Dead                           Min: 0, Avg:  0.0, Max: 0, Diff: 0, Sum: 0, Workers: 4
[4374.301s][debug][gc,phases      ] GC(253)     Total                          Min: 0, Avg:  0.0, Max: 0, Diff: 0, Sum: 0, Workers: 4
[4374.301s][debug][gc,phases      ] GC(253)   StringDedup Requests0 Weak     Min:  0.0, Avg:  0.0, Max:  0.0, Diff:  0.0, Sum:  0.0, Workers: 4
[4374.301s][debug][gc,phases      ] GC(253)     Dead                           Min: 0, Avg:  0.0, Max: 0, Diff: 0, Sum: 0, Workers: 4
[4374.301s][debug][gc,phases      ] GC(253)     Total                          Min: 0, Avg:  0.0, Max: 0, Diff: 0, Sum: 0, Workers: 4
[4374.301s][debug][gc,phases      ] GC(253)   StringDedup Requests1 Weak     Min:  0.0, Avg:  0.0, Max:  0.0, Diff:  0.0, Sum:  0.0, Workers: 4
[4374.301s][debug][gc,phases      ] GC(253)     Dead                           Min: 0, Avg:  0.0, Max: 0, Diff: 0, Sum: 0, Workers: 4
[4374.301s][debug][gc,phases      ] GC(253)     Total                          Min: 0, Avg:  0.0, Max: 0, Diff: 0, Sum: 0, Workers: 4
[4374.301s][debug][gc,phases      ] GC(253)   Weak JFR Old Object Samples    Min:  0.0, Avg:  0.0, Max:  0.0, Diff:  0.0, Sum:  0.0, Workers: 4
[4374.301s][debug][gc,phases      ] GC(253)     Dead                           Min: 0, Avg:  0.0, Max: 0, Diff: 0, Sum: 0, Workers: 4
[4374.301s][debug][gc,phases      ] GC(253)     Total                          Min: 0, Avg:  0.0, Max: 0, Diff: 0, Sum: 0, Workers: 4
[4374.301s][debug][gc,phases      ] GC(253) Weak Processing 0.347ms
[4374.301s][debug][gc,age         ] GC(253) Desired survivor size 26738688 bytes, new threshold 14 (max threshold 15)
[4374.301s][info ][gc,heap        ] GC(253) PSYoungGen: 2072400K(2079744K)->17400K(2079232K) Eden: 2061824K(2061824K)->0K(2061824K) From: 10576K(17920K)->17400K(17408K)
[4374.301s][info ][gc,heap        ] GC(253) ParOldGen: 549326K(608768K)->568160K(608768K)
[4374.301s][info ][gc,metaspace   ] GC(253) Metaspace: 92850K(94016K)->92850K(94016K) NonClass: 79623K(80256K)->79623K(80256K) Class: 13226K(13760K)->13226K(13760K)
[4374.301s][info ][gc             ] GC(253) Pause Young (Allocation Failure) 2560M->571M(2625M) 17.899ms
[4374.301s][info ][gc,cpu         ] GC(253) User=0.06s Sys=0.00s Real=0.02s
[4374.301s][info ][safepoint      ] Safepoint "ParallelGCFailedAllocation", Time since last: 374496410 ns, Reaching safepoint: 79400 ns, Cleanup: 3900 ns, At safepoint: 17973638 ns, Total: 18056938 ns
[4376.301s][info ][safepoint      ] Safepoint "Cleanup", Time since last: 2000151767 ns, Reaching safepoint: 74900 ns, Cleanup: 8899 ns, At safepoint: 7900 ns, Total: 91699 ns
[4378.301s][info ][safepoint      ] Safepoint "Cleanup", Time since last: 2000184533 ns, Reaching safepoint: 79099 ns, Cleanup: 8100 ns, At safepoint: 11600 ns, Total: 98799 ns
[4384.276s][info ][safepoint      ] Safepoint "Cleanup", Time since last: 5974512752 ns, Reaching safepoint: 76599 ns, Cleanup: 11500 ns, At safepoint: 6100 ns, Total: 94199 ns
[4384.926s][info ][gc,start       ] GC(254) Pause Young (Allocation Failure)
[4384.936s][debug][gc,phases      ] GC(254) Scavenge 10.063ms
[4384.936s][debug][gc,ref         ] GC(254) Skipped phase 1 of Reference Processing: no references
[4384.936s][debug][gc,ref         ] GC(254) Skipped phase 2 of Reference Processing: no references
[4384.936s][debug][gc,ref         ] GC(254) Skipped phase 3 of Reference Processing: no references
[4384.936s][debug][gc,ref         ] GC(254) ReferenceProcessor::execute queues: 1, RefProcThreadModel::Single, marks_oops_alive: false
[4384.936s][debug][gc,phases      ] GC(254) Reference Processing 0.108ms
[4384.936s][debug][gc,phases      ] GC(254)   VM Weak                        Min:  0.0, Avg:  0.0, Max:  0.0, Diff:  0.0, Sum:  0.0, Workers: 4
[4384.936s][debug][gc,phases      ] GC(254)     Dead                           Min: 0, Avg:  0.0, Max: 0, Diff: 0, Sum: 0, Workers: 4
[4384.936s][debug][gc,phases      ] GC(254)     Total                          Min: 0, Avg: 251.5, Max: 814, Diff: 814, Sum: 1006, Workers: 4
[4384.936s][debug][gc,phases      ] GC(254)   ObjectSynchronizer Weak        Min:  0.0, Avg:  0.0, Max:  0.0, Diff:  0.0, Sum:  0.0, Workers: 4
[4384.936s][debug][gc,phases      ] GC(254)     Dead                           Min: 0, Avg:  0.0, Max: 0, Diff: 0, Sum: 0, Workers: 4
[4384.936s][debug][gc,phases      ] GC(254)     Total                          Min: 0, Avg:  1.5, Max: 6, Diff: 6, Sum: 6, Workers: 4
[4384.936s][debug][gc,phases      ] GC(254)   JVMTI Tag Weak OopStorage      Min:  0.0, Avg:  0.0, Max:  0.0, Diff:  0.0, Sum:  0.0, Workers: 4
[4384.936s][debug][gc,phases      ] GC(254)     Dead                           Min: 0, Avg:  0.0, Max: 0, Diff: 0, Sum: 0, Workers: 4
[4384.936s][debug][gc,phases      ] GC(254)     Total                          Min: 0, Avg:  0.0, Max: 0, Diff: 0, Sum: 0, Workers: 4
[4384.936s][debug][gc,phases      ] GC(254)   StringTable Weak               Min:  0.0, Avg:  0.1, Max:  0.1, Diff:  0.1, Sum:  0.4, Workers: 4
[4384.936s][debug][gc,phases      ] GC(254)     Dead                           Min: 0, Avg:  0.0, Max: 0, Diff: 0, Sum: 0, Workers: 4
[4384.936s][debug][gc,phases      ] GC(254)     Total                          Min: 0, Avg: 11377.5, Max: 18374, Diff: 18374, Sum: 45510, Workers: 4
[4384.936s][debug][gc,phases      ] GC(254)   ResolvedMethodTable Weak       Min:  0.0, Avg:  0.0, Max:  0.0, Diff:  0.0, Sum:  0.1, Workers: 4
[4384.936s][debug][gc,phases      ] GC(254)     Dead                           Min: 0, Avg:  0.0, Max: 0, Diff: 0, Sum: 0, Workers: 4
[4384.936s][debug][gc,phases      ] GC(254)     Total                          Min: 0, Avg: 2946.8, Max: 5323, Diff: 5323, Sum: 11787, Workers: 4
[4384.936s][debug][gc,phases      ] GC(254)   JNI Weak                       Min:  0.0, Avg:  0.0, Max:  0.0, Diff:  0.0, Sum:  0.0, Workers: 4
[4384.936s][debug][gc,phases      ] GC(254)     Dead                           Min: 0, Avg:  0.0, Max: 0, Diff: 0, Sum: 0, Workers: 4
[4384.936s][debug][gc,phases      ] GC(254)     Total                          Min: 0, Avg: 12.0, Max: 48, Diff: 48, Sum: 48, Workers: 4
[4384.936s][debug][gc,phases      ] GC(254)   StringDedup Table Weak         Min:  0.0, Avg:  0.0, Max:  0.0, Diff:  0.0, Sum:  0.0, Workers: 4
[4384.936s][debug][gc,phases      ] GC(254)     Dead                           Min: 0, Avg:  0.0, Max: 0, Diff: 0, Sum: 0, Workers: 4
[4384.936s][debug][gc,phases      ] GC(254)     Total                          Min: 0, Avg:  0.0, Max: 0, Diff: 0, Sum: 0, Workers: 4
[4384.936s][debug][gc,phases      ] GC(254)   StringDedup Requests0 Weak     Min:  0.0, Avg:  0.0, Max:  0.0, Diff:  0.0, Sum:  0.0, Workers: 4
[4384.936s][debug][gc,phases      ] GC(254)     Dead                           Min: 0, Avg:  0.0, Max: 0, Diff: 0, Sum: 0, Workers: 4
[4384.936s][debug][gc,phases      ] GC(254)     Total                          Min: 0, Avg:  0.0, Max: 0, Diff: 0, Sum: 0, Workers: 4
[4384.936s][debug][gc,phases      ] GC(254)   StringDedup Requests1 Weak     Min:  0.0, Avg:  0.0, Max:  0.0, Diff:  0.0, Sum:  0.0, Workers: 4
[4384.936s][debug][gc,phases      ] GC(254)     Dead                           Min: 0, Avg:  0.0, Max: 0, Diff: 0, Sum: 0, Workers: 4
[4384.936s][debug][gc,phases      ] GC(254)     Total                          Min: 0, Avg:  0.0, Max: 0, Diff: 0, Sum: 0, Workers: 4
[4384.936s][debug][gc,phases      ] GC(254)   Weak JFR Old Object Samples    Min:  0.0, Avg:  0.0, Max:  0.0, Diff:  0.0, Sum:  0.0, Workers: 4
[4384.936s][debug][gc,phases      ] GC(254)     Dead                           Min: 0, Avg:  0.0, Max: 0, Diff: 0, Sum: 0, Workers: 4
[4384.936s][debug][gc,phases      ] GC(254)     Total                          Min: 0, Avg:  0.0, Max: 0, Diff: 0, Sum: 0, Workers: 4
[4384.936s][debug][gc,phases      ] GC(254) Weak Processing 0.344ms
[4384.936s][debug][gc,age         ] GC(254) Desired survivor size 28311552 bytes, new threshold 13 (max threshold 15)
[4384.936s][info ][gc,heap        ] GC(254) PSYoungGen: 2079224K(2079232K)->17916K(2059776K) Eden: 2061824K(2061824K)->0K(2041856K) From: 17400K(17408K)->17916K(17920K)
[4384.936s][info ][gc,heap        ] GC(254) ParOldGen: 568160K(608768K)->570069K(608768K)
[4384.936s][info ][gc,metaspace   ] GC(254) Metaspace: 92852K(94016K)->92852K(94016K) NonClass: 79626K(80256K)->79626K(80256K) Class: 13226K(13760K)->13226K(13760K)
[4384.936s][info ][gc             ] GC(254) Pause Young (Allocation Failure) 2585M->574M(2606M) 10.630ms
[4384.936s][info ][gc,cpu         ] GC(254) User=0.04s Sys=0.00s Real=0.01s
[4384.936s][info ][safepoint      ] Safepoint "ParallelGCFailedAllocation", Time since last: 649513622 ns, Reaching safepoint: 5100 ns, Cleanup: 13000 ns, At safepoint: 10708046 ns, Total: 10726146 ns
[4385.936s][info ][safepoint      ] Safepoint "Cleanup", Time since last: 1000079052 ns, Reaching safepoint: 5300 ns, Cleanup: 9600 ns, At safepoint: 2000 ns, Total: 16900 ns
[4386.936s][info ][safepoint      ] Safepoint "Cleanup", Time since last: 1000094730 ns, Reaching safepoint: 5200 ns, Cleanup: 9500 ns, At safepoint: 2000 ns, Total: 16700 ns
[4387.937s][info ][safepoint      ] Safepoint "Cleanup", Time since last: 1000104715 ns, Reaching safepoint: 4700 ns, Cleanup: 8700 ns, At safepoint: 2000 ns, Total: 15400 ns
[4390.937s][info ][safepoint      ] Safepoint "Cleanup", Time since last: 3000233646 ns, Reaching safepoint: 5500 ns, Cleanup: 7400 ns, At safepoint: 2400 ns, Total: 15300 ns
[4393.937s][info ][safepoint      ] Safepoint "Cleanup", Time since last: 3000234046 ns, Reaching safepoint: 5000 ns, Cleanup: 9699 ns, At safepoint: 1900 ns, Total: 16599 ns
[4394.937s][info ][safepoint      ] Safepoint "Cleanup", Time since last: 1000078822 ns, Reaching safepoint: 4500 ns, Cleanup: 10300 ns, At safepoint: 1900 ns, Total: 16700 ns
[4395.801s][info ][gc,start       ] GC(255) Pause Young (Allocation Failure)
[4395.808s][debug][gc,phases      ] GC(255) Scavenge 7.380ms
[4395.808s][debug][gc,ref         ] GC(255) Skipped phase 1 of Reference Processing: no references
[4395.808s][debug][gc,ref         ] GC(255) ReferenceProcessor::execute queues: 1, RefProcThreadModel::Single, marks_oops_alive: false
[4395.808s][debug][gc,ref         ] GC(255) Skipped phase 3 of Reference Processing: no references
[4395.808s][debug][gc,ref         ] GC(255) ReferenceProcessor::execute queues: 1, RefProcThreadModel::Single, marks_oops_alive: false
[4395.808s][debug][gc,phases      ] GC(255) Reference Processing 0.105ms
[4395.809s][debug][gc,phases      ] GC(255)   VM Weak                        Min:  0.0, Avg:  0.0, Max:  0.0, Diff:  0.0, Sum:  0.0, Workers: 4
[4395.809s][debug][gc,phases      ] GC(255)     Dead                           Min: 0, Avg:  0.0, Max: 0, Diff: 0, Sum: 0, Workers: 4
[4395.809s][debug][gc,phases      ] GC(255)     Total                          Min: 0, Avg: 251.5, Max: 575, Diff: 575, Sum: 1006, Workers: 4
[4395.809s][debug][gc,phases      ] GC(255)   ObjectSynchronizer Weak        Min:  0.0, Avg:  0.0, Max:  0.0, Diff:  0.0, Sum:  0.0, Workers: 4
[4395.809s][debug][gc,phases      ] GC(255)     Dead                           Min: 0, Avg:  0.0, Max: 0, Diff: 0, Sum: 0, Workers: 4
[4395.809s][debug][gc,phases      ] GC(255)     Total                          Min: 0, Avg:  1.5, Max: 6, Diff: 6, Sum: 6, Workers: 4
[4395.809s][debug][gc,phases      ] GC(255)   JVMTI Tag Weak OopStorage      Min:  0.0, Avg:  0.0, Max:  0.0, Diff:  0.0, Sum:  0.0, Workers: 4
[4395.809s][debug][gc,phases      ] GC(255)     Dead                           Min: 0, Avg:  0.0, Max: 0, Diff: 0, Sum: 0, Workers: 4
[4395.809s][debug][gc,phases      ] GC(255)     Total                          Min: 0, Avg:  0.0, Max: 0, Diff: 0, Sum: 0, Workers: 4
[4395.809s][debug][gc,phases      ] GC(255)   StringTable Weak               Min:  0.0, Avg:  0.1, Max:  0.1, Diff:  0.1, Sum:  0.4, Workers: 4
[4395.809s][debug][gc,phases      ] GC(255)     Dead                           Min: 0, Avg:  0.0, Max: 0, Diff: 0, Sum: 0, Workers: 4
[4395.809s][debug][gc,phases      ] GC(255)     Total                          Min: 0, Avg: 11377.8, Max: 25088, Diff: 25088, Sum: 45511, Workers: 4
[4395.809s][debug][gc,phases      ] GC(255)   ResolvedMethodTable Weak       Min:  0.0, Avg:  0.0, Max:  0.0, Diff:  0.0, Sum:  0.1, Workers: 4
[4395.809s][debug][gc,phases      ] GC(255)     Dead                           Min: 0, Avg:  0.0, Max: 0, Diff: 0, Sum: 0, Workers: 4
[4395.809s][debug][gc,phases      ] GC(255)     Total                          Min: 0, Avg: 2947.2, Max: 4416, Diff: 4416, Sum: 11789, Workers: 4
[4395.809s][debug][gc,phases      ] GC(255)   JNI Weak                       Min:  0.0, Avg:  0.0, Max:  0.0, Diff:  0.0, Sum:  0.0, Workers: 4
[4395.809s][debug][gc,phases      ] GC(255)     Dead                           Min: 0, Avg:  0.0, Max: 0, Diff: 0, Sum: 0, Workers: 4
[4395.809s][debug][gc,phases      ] GC(255)     Total                          Min: 0, Avg: 12.0, Max: 48, Diff: 48, Sum: 48, Workers: 4
[4395.809s][debug][gc,phases      ] GC(255)   StringDedup Table Weak         Min:  0.0, Avg:  0.0, Max:  0.0, Diff:  0.0, Sum:  0.0, Workers: 4
[4395.809s][debug][gc,phases      ] GC(255)     Dead                           Min: 0, Avg:  0.0, Max: 0, Diff: 0, Sum: 0, Workers: 4
[4395.809s][debug][gc,phases      ] GC(255)     Total                          Min: 0, Avg:  0.0, Max: 0, Diff: 0, Sum: 0, Workers: 4
[4395.809s][debug][gc,phases      ] GC(255)   StringDedup Requests0 Weak     Min:  0.0, Avg:  0.0, Max:  0.0, Diff:  0.0, Sum:  0.0, Workers: 4
[4395.809s][debug][gc,phases      ] GC(255)     Dead                           Min: 0, Avg:  0.0, Max: 0, Diff: 0, Sum: 0, Workers: 4
[4395.809s][debug][gc,phases      ] GC(255)     Total                          Min: 0, Avg:  0.0, Max: 0, Diff: 0, Sum: 0, Workers: 4
[4395.809s][debug][gc,phases      ] GC(255)   StringDedup Requests1 Weak     Min:  0.0, Avg:  0.0, Max:  0.0, Diff:  0.0, Sum:  0.0, Workers: 4
[4395.809s][debug][gc,phases      ] GC(255)     Dead                           Min: 0, Avg:  0.0, Max: 0, Diff: 0, Sum: 0, Workers: 4
[4395.809s][debug][gc,phases      ] GC(255)     Total                          Min: 0, Avg:  0.0, Max: 0, Diff: 0, Sum: 0, Workers: 4
[4395.809s][debug][gc,phases      ] GC(255)   Weak JFR Old Object Samples    Min:  0.0, Avg:  0.0, Max:  0.0, Diff:  0.0, Sum:  0.0, Workers: 4
[4395.809s][debug][gc,phases      ] GC(255)     Dead                           Min: 0, Avg:  0.0, Max: 0, Diff: 0, Sum: 0, Workers: 4
[4395.809s][debug][gc,phases      ] GC(255)     Total                          Min: 0, Avg:  0.0, Max: 0, Diff: 0, Sum: 0, Workers: 4
[4395.809s][debug][gc,phases      ] GC(255) Weak Processing 0.349ms
[4395.809s][debug][gc,age         ] GC(255) Desired survivor size 29360128 bytes, new threshold 14 (max threshold 15)
[4395.809s][info ][gc,heap        ] GC(255) PSYoungGen: 2059772K(2059776K)->19644K(2061824K) Eden: 2041856K(2041856K)->0K(2041856K) From: 17916K(17920K)->19644K(19968K)
[4395.809s][info ][gc,heap        ] GC(255) ParOldGen: 570069K(608768K)->570133K(608768K)
[4395.809s][info ][gc,metaspace   ] GC(255) Metaspace: 92865K(94016K)->92865K(94016K) NonClass: 79638K(80256K)->79638K(80256K) Class: 13226K(13760K)->13226K(13760K)
[4395.809s][info ][gc             ] GC(255) Pause Young (Allocation Failure) 2568M->575M(2608M) 7.948ms
[4395.809s][info ][gc,cpu         ] GC(255) User=0.03s Sys=0.00s Real=0.01s
[4395.809s][info ][safepoint      ] Safepoint "ParallelGCFailedAllocation", Time since last: 863523461 ns, Reaching safepoint: 75300 ns, Cleanup: 10100 ns, At safepoint: 8019159 ns, Total: 8104559 ns
[4404.810s][info ][safepoint      ] Safepoint "Cleanup", Time since last: 9000603557 ns, Reaching safepoint: 81700 ns, Cleanup: 9400 ns, At safepoint: 6700 ns, Total: 97800 ns
[4406.852s][info ][gc,start       ] GC(256) Pause Young (Allocation Failure)
[4406.861s][debug][gc,phases      ] GC(256) Scavenge 9.354ms
[4406.861s][debug][gc,ref         ] GC(256) Skipped phase 1 of Reference Processing: no references
[4406.861s][debug][gc,ref         ] GC(256) ReferenceProcessor::execute queues: 1, RefProcThreadModel::Single, marks_oops_alive: false
[4406.861s][debug][gc,ref         ] GC(256) Skipped phase 3 of Reference Processing: no references
[4406.861s][debug][gc,ref         ] GC(256) ReferenceProcessor::execute queues: 1, RefProcThreadModel::Single, marks_oops_alive: false
[4406.861s][debug][gc,phases      ] GC(256) Reference Processing 0.092ms
[4406.861s][debug][gc,phases      ] GC(256)   VM Weak                        Min:  0.0, Avg:  0.0, Max:  0.0, Diff:  0.0, Sum:  0.0, Workers: 4
[4406.861s][debug][gc,phases      ] GC(256)     Dead                           Min: 0, Avg:  0.0, Max: 0, Diff: 0, Sum: 0, Workers: 4
[4406.861s][debug][gc,phases      ] GC(256)     Total                          Min: 0, Avg: 251.5, Max: 959, Diff: 959, Sum: 1006, Workers: 4
[4406.861s][debug][gc,phases      ] GC(256)   ObjectSynchronizer Weak        Min:  0.0, Avg:  0.0, Max:  0.0, Diff:  0.0, Sum:  0.0, Workers: 4
[4406.862s][debug][gc,phases      ] GC(256)     Dead                           Min: 0, Avg:  0.0, Max: 0, Diff: 0, Sum: 0, Workers: 4
[4406.862s][debug][gc,phases      ] GC(256)     Total                          Min: 0, Avg:  1.5, Max: 6, Diff: 6, Sum: 6, Workers: 4
[4406.862s][debug][gc,phases      ] GC(256)   JVMTI Tag Weak OopStorage      Min:  0.0, Avg:  0.0, Max:  0.0, Diff:  0.0, Sum:  0.0, Workers: 4
[4406.862s][debug][gc,phases      ] GC(256)     Dead                           Min: 0, Avg:  0.0, Max: 0, Diff: 0, Sum: 0, Workers: 4
[4406.862s][debug][gc,phases      ] GC(256)     Total                          Min: 0, Avg:  0.0, Max: 0, Diff: 0, Sum: 0, Workers: 4
[4406.862s][debug][gc,phases      ] GC(256)   StringTable Weak               Min:  0.0, Avg:  0.1, Max:  0.1, Diff:  0.1, Sum:  0.4, Workers: 4
[4406.862s][debug][gc,phases      ] GC(256)     Dead                           Min: 0, Avg:  0.0, Max: 0, Diff: 0, Sum: 0, Workers: 4
[4406.862s][debug][gc,phases      ] GC(256)     Total                          Min: 0, Avg: 11377.8, Max: 18503, Diff: 18503, Sum: 45511, Workers: 4
[4406.862s][debug][gc,phases      ] GC(256)   ResolvedMethodTable Weak       Min:  0.0, Avg:  0.0, Max:  0.0, Diff:  0.0, Sum:  0.1, Workers: 4
[4406.862s][debug][gc,phases      ] GC(256)     Dead                           Min: 0, Avg:  0.0, Max: 0, Diff: 0, Sum: 0, Workers: 4
[4406.862s][debug][gc,phases      ] GC(256)     Total                          Min: 0, Avg: 2947.2, Max: 5389, Diff: 5389, Sum: 11789, Workers: 4
[4406.862s][debug][gc,phases      ] GC(256)   JNI Weak                       Min:  0.0, Avg:  0.0, Max:  0.0, Diff:  0.0, Sum:  0.0, Workers: 4
[4406.862s][debug][gc,phases      ] GC(256)     Dead                           Min: 0, Avg:  0.0, Max: 0, Diff: 0, Sum: 0, Workers: 4
[4406.862s][debug][gc,phases      ] GC(256)     Total                          Min: 0, Avg: 12.0, Max: 48, Diff: 48, Sum: 48, Workers: 4
[4406.862s][debug][gc,phases      ] GC(256)   StringDedup Table Weak         Min:  0.0, Avg:  0.0, Max:  0.0, Diff:  0.0, Sum:  0.0, Workers: 4
[4406.862s][debug][gc,phases      ] GC(256)     Dead                           Min: 0, Avg:  0.0, Max: 0, Diff: 0, Sum: 0, Workers: 4
[4406.862s][debug][gc,phases      ] GC(256)     Total                          Min: 0, Avg:  0.0, Max: 0, Diff: 0, Sum: 0, Workers: 4
[4406.862s][debug][gc,phases      ] GC(256)   StringDedup Requests0 Weak     Min:  0.0, Avg:  0.0, Max:  0.0, Diff:  0.0, Sum:  0.0, Workers: 4
[4406.862s][debug][gc,phases      ] GC(256)     Dead                           Min: 0, Avg:  0.0, Max: 0, Diff: 0, Sum: 0, Workers: 4
[4406.862s][debug][gc,phases      ] GC(256)     Total                          Min: 0, Avg:  0.0, Max: 0, Diff: 0, Sum: 0, Workers: 4
[4406.862s][debug][gc,phases      ] GC(256)   StringDedup Requests1 Weak     Min:  0.0, Avg:  0.0, Max:  0.0, Diff:  0.0, Sum:  0.0, Workers: 4
[4406.862s][debug][gc,phases      ] GC(256)     Dead                           Min: 0, Avg:  0.0, Max: 0, Diff: 0, Sum: 0, Workers: 4
[4406.862s][debug][gc,phases      ] GC(256)     Total                          Min: 0, Avg:  0.0, Max: 0, Diff: 0, Sum: 0, Workers: 4
[4406.862s][debug][gc,phases      ] GC(256)   Weak JFR Old Object Samples    Min:  0.0, Avg:  0.0, Max:  0.0, Diff:  0.0, Sum:  0.0, Workers: 4
[4406.862s][debug][gc,phases      ] GC(256)     Dead                           Min: 0, Avg:  0.0, Max: 0, Diff: 0, Sum: 0, Workers: 4
[4406.862s][debug][gc,phases      ] GC(256)     Total                          Min: 0, Avg:  0.0, Max: 0, Diff: 0, Sum: 0, Workers: 4
[4406.862s][debug][gc,phases      ] GC(256) Weak Processing 0.352ms
[4406.862s][debug][gc,age         ] GC(256) Desired survivor size 30408704 bytes, new threshold 15 (max threshold 15)
[4406.862s][info ][gc,heap        ] GC(256) PSYoungGen: 2061500K(2061824K)->20568K(2066432K) Eden: 2041856K(2041856K)->0K(2037760K) From: 19644K(19968K)->20568K(28672K)
[4406.862s][info ][gc,heap        ] GC(256) ParOldGen: 570133K(608768K)->570133K(608768K)
[4406.862s][info ][gc,metaspace   ] GC(256) Metaspace: 92865K(94016K)->92865K(94016K) NonClass: 79638K(80256K)->79638K(80256K) Class: 13226K(13760K)->13226K(13760K)
[4406.862s][info ][gc             ] GC(256) Pause Young (Allocation Failure) 2569M->576M(2612M) 9.919ms
[4406.862s][info ][gc,cpu         ] GC(256) User=0.03s Sys=0.00s Real=0.01s
[4406.862s][info ][safepoint      ] Safepoint "ParallelGCFailedAllocation", Time since last: 2042150231 ns, Reaching safepoint: 45300 ns, Cleanup: 4900 ns, At safepoint: 10005649 ns, Total: 10055849 ns
[4409.862s][info ][safepoint      ] Safepoint "Cleanup", Time since last: 3000224114 ns, Reaching safepoint: 75299 ns, Cleanup: 8700 ns, At safepoint: 6700 ns, Total: 90699 ns
[4417.479s][info ][gc,start       ] GC(257) Pause Young (Allocation Failure)
[4417.487s][debug][gc,phases      ] GC(257) Scavenge 8.317ms
[4417.487s][debug][gc,ref         ] GC(257) Skipped phase 1 of Reference Processing: no references
[4417.487s][debug][gc,ref         ] GC(257) ReferenceProcessor::execute queues: 1, RefProcThreadModel::Single, marks_oops_alive: false
[4417.487s][debug][gc,ref         ] GC(257) Skipped phase 3 of Reference Processing: no references
[4417.487s][debug][gc,ref         ] GC(257) ReferenceProcessor::execute queues: 1, RefProcThreadModel::Single, marks_oops_alive: false
[4417.487s][debug][gc,phases      ] GC(257) Reference Processing 0.107ms
[4417.488s][debug][gc,phases      ] GC(257)   VM Weak                        Min:  0.0, Avg:  0.0, Max:  0.0, Diff:  0.0, Sum:  0.0, Workers: 4
[4417.488s][debug][gc,phases      ] GC(257)     Dead                           Min: 0, Avg:  0.0, Max: 0, Diff: 0, Sum: 0, Workers: 4
[4417.488s][debug][gc,phases      ] GC(257)     Total                          Min: 0, Avg: 251.5, Max: 495, Diff: 495, Sum: 1006, Workers: 4
[4417.488s][debug][gc,phases      ] GC(257)   ObjectSynchronizer Weak        Min:  0.0, Avg:  0.0, Max:  0.0, Diff:  0.0, Sum:  0.0, Workers: 4
[4417.488s][debug][gc,phases      ] GC(257)     Dead                           Min: 0, Avg:  0.0, Max: 0, Diff: 0, Sum: 0, Workers: 4
[4417.488s][debug][gc,phases      ] GC(257)     Total                          Min: 0, Avg:  1.5, Max: 6, Diff: 6, Sum: 6, Workers: 4
[4417.488s][debug][gc,phases      ] GC(257)   JVMTI Tag Weak OopStorage      Min:  0.0, Avg:  0.0, Max:  0.0, Diff:  0.0, Sum:  0.0, Workers: 4
[4417.488s][debug][gc,phases      ] GC(257)     Dead                           Min: 0, Avg:  0.0, Max: 0, Diff: 0, Sum: 0, Workers: 4
[4417.488s][debug][gc,phases      ] GC(257)     Total                          Min: 0, Avg:  0.0, Max: 0, Diff: 0, Sum: 0, Workers: 4
[4417.488s][debug][gc,phases      ] GC(257)   StringTable Weak               Min:  0.1, Avg:  0.1, Max:  0.1, Diff:  0.0, Sum:  0.4, Workers: 4
[4417.488s][debug][gc,phases      ] GC(257)     Dead                           Min: 0, Avg:  0.0, Max: 0, Diff: 0, Sum: 0, Workers: 4
[4417.488s][debug][gc,phases      ] GC(257)     Total                          Min: 10823, Avg: 11377.8, Max: 11776, Diff: 953, Sum: 45511, Workers: 4
[4417.488s][debug][gc,phases      ] GC(257)   ResolvedMethodTable Weak       Min:  0.0, Avg:  0.0, Max:  0.0, Diff:  0.0, Sum:  0.1, Workers: 4
[4417.488s][debug][gc,phases      ] GC(257)     Dead                           Min: 0, Avg:  0.0, Max: 0, Diff: 0, Sum: 0, Workers: 4
[4417.488s][debug][gc,phases      ] GC(257)     Total                          Min: 2816, Avg: 2947.2, Max: 3136, Diff: 320, Sum: 11789, Workers: 4
[4417.488s][debug][gc,phases      ] GC(257)   JNI Weak                       Min:  0.0, Avg:  0.0, Max:  0.0, Diff:  0.0, Sum:  0.0, Workers: 4
[4417.488s][debug][gc,phases      ] GC(257)     Dead                           Min: 0, Avg:  0.0, Max: 0, Diff: 0, Sum: 0, Workers: 4
[4417.488s][debug][gc,phases      ] GC(257)     Total                          Min: 0, Avg: 12.0, Max: 48, Diff: 48, Sum: 48, Workers: 4
[4417.488s][debug][gc,phases      ] GC(257)   StringDedup Table Weak         Min:  0.0, Avg:  0.0, Max:  0.0, Diff:  0.0, Sum:  0.0, Workers: 4
[4417.488s][debug][gc,phases      ] GC(257)     Dead                           Min: 0, Avg:  0.0, Max: 0, Diff: 0, Sum: 0, Workers: 4
[4417.488s][debug][gc,phases      ] GC(257)     Total                          Min: 0, Avg:  0.0, Max: 0, Diff: 0, Sum: 0, Workers: 4
[4417.488s][debug][gc,phases      ] GC(257)   StringDedup Requests0 Weak     Min:  0.0, Avg:  0.0, Max:  0.0, Diff:  0.0, Sum:  0.0, Workers: 4
[4417.488s][debug][gc,phases      ] GC(257)     Dead                           Min: 0, Avg:  0.0, Max: 0, Diff: 0, Sum: 0, Workers: 4
[4417.488s][debug][gc,phases      ] GC(257)     Total                          Min: 0, Avg:  0.0, Max: 0, Diff: 0, Sum: 0, Workers: 4
[4417.488s][debug][gc,phases      ] GC(257)   StringDedup Requests1 Weak     Min:  0.0, Avg:  0.0, Max:  0.0, Diff:  0.0, Sum:  0.0, Workers: 4
[4417.488s][debug][gc,phases      ] GC(257)     Dead                           Min: 0, Avg:  0.0, Max: 0, Diff: 0, Sum: 0, Workers: 4
[4417.488s][debug][gc,phases      ] GC(257)     Total                          Min: 0, Avg:  0.0, Max: 0, Diff: 0, Sum: 0, Workers: 4
[4417.488s][debug][gc,phases      ] GC(257)   Weak JFR Old Object Samples    Min:  0.0, Avg:  0.0, Max:  0.0, Diff:  0.0, Sum:  0.0, Workers: 4
[4417.488s][debug][gc,phases      ] GC(257)     Dead                           Min: 0, Avg:  0.0, Max: 0, Diff: 0, Sum: 0, Workers: 4
[4417.488s][debug][gc,phases      ] GC(257)     Total                          Min: 0, Avg:  0.0, Max: 0, Diff: 0, Sum: 0, Workers: 4
[4417.488s][debug][gc,phases      ] GC(257) Weak Processing 0.316ms
[4417.488s][debug][gc,age         ] GC(257) Desired survivor size 31457280 bytes, new threshold 15 (max threshold 15)
[4417.488s][info ][gc,heap        ] GC(257) PSYoungGen: 2058328K(2066432K)->21362K(2059264K) Eden: 2037760K(2037760K)->0K(2037760K) From: 20568K(28672K)->21362K(21504K)
[4417.488s][info ][gc,heap        ] GC(257) ParOldGen: 570133K(608768K)->570133K(608768K)
[4417.488s][info ][gc,metaspace   ] GC(257) Metaspace: 92865K(94016K)->92865K(94016K) NonClass: 79638K(80256K)->79638K(80256K) Class: 13226K(13760K)->13226K(13760K)
[4417.488s][info ][gc             ] GC(257) Pause Young (Allocation Failure) 2566M->577M(2605M) 8.865ms
[4417.488s][info ][gc,cpu         ] GC(257) User=0.03s Sys=0.00s Real=0.01s
[4417.488s][info ][safepoint      ] Safepoint "ParallelGCFailedAllocation", Time since last: 7616872289 ns, Reaching safepoint: 5000 ns, Cleanup: 3800 ns, At safepoint: 8945955 ns, Total: 8954755 ns
[4427.488s][info ][safepoint      ] Safepoint "Cleanup", Time since last: 10000612066 ns, Reaching safepoint: 5700 ns, Cleanup: 9000 ns, At safepoint: 1900 ns, Total: 16600 ns
[4428.401s][info ][gc,start       ] GC(258) Pause Young (Allocation Failure)
[4428.409s][debug][gc,phases      ] GC(258) Scavenge 8.375ms
[4428.409s][debug][gc,ref         ] GC(258) Skipped phase 1 of Reference Processing: no references
[4428.409s][debug][gc,ref         ] GC(258) ReferenceProcessor::execute queues: 1, RefProcThreadModel::Single, marks_oops_alive: false
[4428.409s][debug][gc,ref         ] GC(258) Skipped phase 3 of Reference Processing: no references
[4428.409s][debug][gc,ref         ] GC(258) ReferenceProcessor::execute queues: 1, RefProcThreadModel::Single, marks_oops_alive: false
[4428.409s][debug][gc,phases      ] GC(258) Reference Processing 0.109ms
[4428.410s][debug][gc,phases      ] GC(258)   VM Weak                        Min:  0.0, Avg:  0.0, Max:  0.0, Diff:  0.0, Sum:  0.0, Workers: 4
[4428.410s][debug][gc,phases      ] GC(258)     Dead                           Min: 0, Avg:  0.0, Max: 0, Diff: 0, Sum: 0, Workers: 4
[4428.410s][debug][gc,phases      ] GC(258)     Total                          Min: 0, Avg: 251.5, Max: 687, Diff: 687, Sum: 1006, Workers: 4
[4428.410s][debug][gc,phases      ] GC(258)   ObjectSynchronizer Weak        Min:  0.0, Avg:  0.0, Max:  0.0, Diff:  0.0, Sum:  0.0, Workers: 4
[4428.410s][debug][gc,phases      ] GC(258)     Dead                           Min: 0, Avg:  0.0, Max: 0, Diff: 0, Sum: 0, Workers: 4
[4428.410s][debug][gc,phases      ] GC(258)     Total                          Min: 0, Avg:  1.5, Max: 6, Diff: 6, Sum: 6, Workers: 4
[4428.410s][debug][gc,phases      ] GC(258)   JVMTI Tag Weak OopStorage      Min:  0.0, Avg:  0.0, Max:  0.0, Diff:  0.0, Sum:  0.0, Workers: 4
[4428.410s][debug][gc,phases      ] GC(258)     Dead                           Min: 0, Avg:  0.0, Max: 0, Diff: 0, Sum: 0, Workers: 4
[4428.410s][debug][gc,phases      ] GC(258)     Total                          Min: 0, Avg:  0.0, Max: 0, Diff: 0, Sum: 0, Workers: 4
[4428.410s][debug][gc,phases      ] GC(258)   StringTable Weak               Min:  0.0, Avg:  0.1, Max:  0.1, Diff:  0.1, Sum:  0.4, Workers: 4
[4428.410s][debug][gc,phases      ] GC(258)     Dead                           Min: 0, Avg:  0.0, Max: 0, Diff: 0, Sum: 0, Workers: 4
[4428.410s][debug][gc,phases      ] GC(258)     Total                          Min: 0, Avg: 11377.8, Max: 19776, Diff: 19776, Sum: 45511, Workers: 4
[4428.410s][debug][gc,phases      ] GC(258)   ResolvedMethodTable Weak       Min:  0.0, Avg:  0.0, Max:  0.0, Diff:  0.0, Sum:  0.1, Workers: 4
[4428.410s][debug][gc,phases      ] GC(258)     Dead                           Min: 0, Avg:  0.0, Max: 0, Diff: 0, Sum: 0, Workers: 4
[4428.410s][debug][gc,phases      ] GC(258)     Total                          Min: 0, Avg: 2947.2, Max: 5312, Diff: 5312, Sum: 11789, Workers: 4
[4428.410s][debug][gc,phases      ] GC(258)   JNI Weak                       Min:  0.0, Avg:  0.0, Max:  0.0, Diff:  0.0, Sum:  0.0, Workers: 4
[4428.410s][debug][gc,phases      ] GC(258)     Dead                           Min: 0, Avg:  0.0, Max: 0, Diff: 0, Sum: 0, Workers: 4
[4428.410s][debug][gc,phases      ] GC(258)     Total                          Min: 0, Avg: 12.0, Max: 48, Diff: 48, Sum: 48, Workers: 4
[4428.410s][debug][gc,phases      ] GC(258)   StringDedup Table Weak         Min:  0.0, Avg:  0.0, Max:  0.0, Diff:  0.0, Sum:  0.0, Workers: 4
[4428.410s][debug][gc,phases      ] GC(258)     Dead                           Min: 0, Avg:  0.0, Max: 0, Diff: 0, Sum: 0, Workers: 4
[4428.410s][debug][gc,phases      ] GC(258)     Total                          Min: 0, Avg:  0.0, Max: 0, Diff: 0, Sum: 0, Workers: 4
[4428.410s][debug][gc,phases      ] GC(258)   StringDedup Requests0 Weak     Min:  0.0, Avg:  0.0, Max:  0.0, Diff:  0.0, Sum:  0.0, Workers: 4
[4428.410s][debug][gc,phases      ] GC(258)     Dead                           Min: 0, Avg:  0.0, Max: 0, Diff: 0, Sum: 0, Workers: 4
[4428.410s][debug][gc,phases      ] GC(258)     Total                          Min: 0, Avg:  0.0, Max: 0, Diff: 0, Sum: 0, Workers: 4
[4428.410s][debug][gc,phases      ] GC(258)   StringDedup Requests1 Weak     Min:  0.0, Avg:  0.0, Max:  0.0, Diff:  0.0, Sum:  0.0, Workers: 4
[4428.410s][debug][gc,phases      ] GC(258)     Dead                           Min: 0, Avg:  0.0, Max: 0, Diff: 0, Sum: 0, Workers: 4
[4428.410s][debug][gc,phases      ] GC(258)     Total                          Min: 0, Avg:  0.0, Max: 0, Diff: 0, Sum: 0, Workers: 4
[4428.410s][debug][gc,phases      ] GC(258)   Weak JFR Old Object Samples    Min:  0.0, Avg:  0.0, Max:  0.0, Diff:  0.0, Sum:  0.0, Workers: 4
[4428.410s][debug][gc,phases      ] GC(258)     Dead                           Min: 0, Avg:  0.0, Max: 0, Diff: 0, Sum: 0, Workers: 4
[4428.410s][debug][gc,phases      ] GC(258)     Total                          Min: 0, Avg:  0.0, Max: 0, Diff: 0, Sum: 0, Workers: 4
[4428.410s][debug][gc,phases      ] GC(258) Weak Processing 0.326ms
[4428.410s][debug][gc,age         ] GC(258) Desired survivor size 31981568 bytes, new threshold 15 (max threshold 15)
[4428.410s][info ][gc,heap        ] GC(258) PSYoungGen: 2059122K(2059264K)->21576K(2065408K) Eden: 2037760K(2037760K)->0K(2034688K) From: 21362K(21504K)->21576K(30720K)
[4428.410s][info ][gc,heap        ] GC(258) ParOldGen: 570133K(608768K)->570173K(608768K)
[4428.410s][info ][gc,metaspace   ] GC(258) Metaspace: 92867K(94016K)->92867K(94016K) NonClass: 79640K(80256K)->79640K(80256K) Class: 13226K(13760K)->13226K(13760K)
[4428.410s][info ][gc             ] GC(258) Pause Young (Allocation Failure) 2567M->577M(2611M) 8.926ms
[4428.410s][info ][gc,cpu         ] GC(258) User=0.03s Sys=0.00s Real=0.01s
[4428.410s][info ][safepoint      ] Safepoint "ParallelGCFailedAllocation", Time since last: 912238475 ns, Reaching safepoint: 75699 ns, Cleanup: 8800 ns, At safepoint: 9000256 ns, Total: 9084755 ns
[4437.411s][info ][safepoint      ] Safepoint "Cleanup", Time since last: 9000653869 ns, Reaching safepoint: 76899 ns, Cleanup: 16100 ns, At safepoint: 5600 ns, Total: 98599 ns
[4439.359s][info ][gc,start       ] GC(259) Pause Young (Allocation Failure)
[4439.368s][debug][gc,phases      ] GC(259) Scavenge 8.669ms
[4439.368s][debug][gc,ref         ] GC(259) Skipped phase 1 of Reference Processing: no references
[4439.368s][debug][gc,ref         ] GC(259) ReferenceProcessor::execute queues: 1, RefProcThreadModel::Single, marks_oops_alive: false
[4439.368s][debug][gc,ref         ] GC(259) Skipped phase 3 of Reference Processing: no references
[4439.368s][debug][gc,ref         ] GC(259) ReferenceProcessor::execute queues: 1, RefProcThreadModel::Single, marks_oops_alive: false
[4439.368s][debug][gc,phases      ] GC(259) Reference Processing 0.113ms
[4439.368s][debug][gc,phases      ] GC(259)   VM Weak                        Min:  0.0, Avg:  0.0, Max:  0.0, Diff:  0.0, Sum:  0.0, Workers: 4
[4439.368s][debug][gc,phases      ] GC(259)     Dead                           Min: 0, Avg:  0.0, Max: 0, Diff: 0, Sum: 0, Workers: 4
[4439.368s][debug][gc,phases      ] GC(259)     Total                          Min: 0, Avg: 251.5, Max: 751, Diff: 751, Sum: 1006, Workers: 4
[4439.368s][debug][gc,phases      ] GC(259)   ObjectSynchronizer Weak        Min:  0.0, Avg:  0.0, Max:  0.0, Diff:  0.0, Sum:  0.0, Workers: 4
[4439.368s][debug][gc,phases      ] GC(259)     Dead                           Min: 0, Avg:  0.0, Max: 0, Diff: 0, Sum: 0, Workers: 4
[4439.368s][debug][gc,phases      ] GC(259)     Total                          Min: 0, Avg:  1.8, Max: 7, Diff: 7, Sum: 7, Workers: 4
[4439.368s][debug][gc,phases      ] GC(259)   JVMTI Tag Weak OopStorage      Min:  0.0, Avg:  0.0, Max:  0.0, Diff:  0.0, Sum:  0.0, Workers: 4
[4439.369s][debug][gc,phases      ] GC(259)     Dead                           Min: 0, Avg:  0.0, Max: 0, Diff: 0, Sum: 0, Workers: 4
[4439.369s][debug][gc,phases      ] GC(259)     Total                          Min: 0, Avg:  0.0, Max: 0, Diff: 0, Sum: 0, Workers: 4
[4439.369s][debug][gc,phases      ] GC(259)   StringTable Weak               Min:  0.0, Avg:  0.1, Max:  0.1, Diff:  0.1, Sum:  0.4, Workers: 4
[4439.369s][debug][gc,phases      ] GC(259)     Dead                           Min: 0, Avg:  0.0, Max: 0, Diff: 0, Sum: 0, Workers: 4
[4439.369s][debug][gc,phases      ] GC(259)     Total                          Min: 0, Avg: 11377.8, Max: 19904, Diff: 19904, Sum: 45511, Workers: 4
[4439.369s][debug][gc,phases      ] GC(259)   ResolvedMethodTable Weak       Min:  0.0, Avg:  0.0, Max:  0.0, Diff:  0.0, Sum:  0.1, Workers: 4
[4439.369s][debug][gc,phases      ] GC(259)     Dead                           Min: 0, Avg:  0.0, Max: 0, Diff: 0, Sum: 0, Workers: 4
[4439.369s][debug][gc,phases      ] GC(259)     Total                          Min: 0, Avg: 2947.2, Max: 4928, Diff: 4928, Sum: 11789, Workers: 4
[4439.369s][debug][gc,phases      ] GC(259)   JNI Weak                       Min:  0.0, Avg:  0.0, Max:  0.0, Diff:  0.0, Sum:  0.0, Workers: 4
[4439.369s][debug][gc,phases      ] GC(259)     Dead                           Min: 0, Avg:  0.0, Max: 0, Diff: 0, Sum: 0, Workers: 4
[4439.369s][debug][gc,phases      ] GC(259)     Total                          Min: 0, Avg: 12.0, Max: 48, Diff: 48, Sum: 48, Workers: 4
[4439.369s][debug][gc,phases      ] GC(259)   StringDedup Table Weak         Min:  0.0, Avg:  0.0, Max:  0.0, Diff:  0.0, Sum:  0.0, Workers: 4
[4439.369s][debug][gc,phases      ] GC(259)     Dead                           Min: 0, Avg:  0.0, Max: 0, Diff: 0, Sum: 0, Workers: 4
[4439.369s][debug][gc,phases      ] GC(259)     Total                          Min: 0, Avg:  0.0, Max: 0, Diff: 0, Sum: 0, Workers: 4
[4439.369s][debug][gc,phases      ] GC(259)   StringDedup Requests0 Weak     Min:  0.0, Avg:  0.0, Max:  0.0, Diff:  0.0, Sum:  0.0, Workers: 4
[4439.369s][debug][gc,phases      ] GC(259)     Dead                           Min: 0, Avg:  0.0, Max: 0, Diff: 0, Sum: 0, Workers: 4
[4439.369s][debug][gc,phases      ] GC(259)     Total                          Min: 0, Avg:  0.0, Max: 0, Diff: 0, Sum: 0, Workers: 4
[4439.369s][debug][gc,phases      ] GC(259)   StringDedup Requests1 Weak     Min:  0.0, Avg:  0.0, Max:  0.0, Diff:  0.0, Sum:  0.0, Workers: 4
[4439.369s][debug][gc,phases      ] GC(259)     Dead                           Min: 0, Avg:  0.0, Max: 0, Diff: 0, Sum: 0, Workers: 4
[4439.369s][debug][gc,phases      ] GC(259)     Total                          Min: 0, Avg:  0.0, Max: 0, Diff: 0, Sum: 0, Workers: 4
[4439.369s][debug][gc,phases      ] GC(259)   Weak JFR Old Object Samples    Min:  0.0, Avg:  0.0, Max:  0.0, Diff:  0.0, Sum:  0.0, Workers: 4
[4439.369s][debug][gc,phases      ] GC(259)     Dead                           Min: 0, Avg:  0.0, Max: 0, Diff: 0, Sum: 0, Workers: 4
[4439.369s][debug][gc,phases      ] GC(259)     Total                          Min: 0, Avg:  0.0, Max: 0, Diff: 0, Sum: 0, Workers: 4
[4439.369s][debug][gc,phases      ] GC(259) Weak Processing 0.326ms
[4439.369s][debug][gc,age         ] GC(259) Desired survivor size 33030144 bytes, new threshold 15 (max threshold 15)
[4439.369s][info ][gc,heap        ] GC(259) PSYoungGen: 2056264K(2065408K)->22466K(2057216K) Eden: 2034688K(2034688K)->0K(2034688K) From: 21576K(30720K)->22466K(22528K)
[4439.369s][info ][gc,heap        ] GC(259) ParOldGen: 570173K(608768K)->570205K(608768K)
[4439.369s][info ][gc,metaspace   ] GC(259) Metaspace: 92869K(94016K)->92869K(94016K) NonClass: 79642K(80256K)->79642K(80256K) Class: 13226K(13760K)->13226K(13760K)
[4439.369s][info ][gc             ] GC(259) Pause Young (Allocation Failure) 2564M->578M(2603M) 9.216ms
[4439.369s][info ][gc,cpu         ] GC(259) User=0.03s Sys=0.00s Real=0.01s
[4439.369s][info ][safepoint      ] Safepoint "ParallelGCFailedAllocation", Time since last: 1948801193 ns, Reaching safepoint: 4300 ns, Cleanup: 3700 ns, At safepoint: 9310453 ns, Total: 9318453 ns
[4440.369s][info ][safepoint      ] Safepoint "Cleanup", Time since last: 1000086067 ns, Reaching safepoint: 74000 ns, Cleanup: 8300 ns, At safepoint: 5200 ns, Total: 87500 ns
[4449.551s][info ][gc,start       ] GC(260) Pause Young (Allocation Failure)
[4449.564s][debug][gc,phases      ] GC(260) Scavenge 12.708ms
[4449.564s][debug][gc,ref         ] GC(260) Skipped phase 1 of Reference Processing: no references
[4449.564s][debug][gc,ref         ] GC(260) ReferenceProcessor::execute queues: 1, RefProcThreadModel::Single, marks_oops_alive: false
[4449.564s][debug][gc,ref         ] GC(260) Skipped phase 3 of Reference Processing: no references
[4449.564s][debug][gc,ref         ] GC(260) ReferenceProcessor::execute queues: 1, RefProcThreadModel::Single, marks_oops_alive: false
[4449.564s][debug][gc,phases      ] GC(260) Reference Processing 0.104ms
[4449.565s][debug][gc,phases      ] GC(260)   VM Weak                        Min:  0.0, Avg:  0.0, Max:  0.0, Diff:  0.0, Sum:  0.0, Workers: 4
[4449.565s][debug][gc,phases      ] GC(260)     Dead                           Min: 0, Avg:  0.0, Max: 0, Diff: 0, Sum: 0, Workers: 4
[4449.565s][debug][gc,phases      ] GC(260)     Total                          Min: 0, Avg: 251.5, Max: 687, Diff: 687, Sum: 1006, Workers: 4
[4449.565s][debug][gc,phases      ] GC(260)   ObjectSynchronizer Weak        Min:  0.0, Avg:  0.0, Max:  0.0, Diff:  0.0, Sum:  0.0, Workers: 4
[4449.565s][debug][gc,phases      ] GC(260)     Dead                           Min: 0, Avg:  0.0, Max: 0, Diff: 0, Sum: 0, Workers: 4
[4449.565s][debug][gc,phases      ] GC(260)     Total                          Min: 0, Avg:  1.5, Max: 6, Diff: 6, Sum: 6, Workers: 4
[4449.565s][debug][gc,phases      ] GC(260)   JVMTI Tag Weak OopStorage      Min:  0.0, Avg:  0.0, Max:  0.0, Diff:  0.0, Sum:  0.0, Workers: 4
[4449.565s][debug][gc,phases      ] GC(260)     Dead                           Min: 0, Avg:  0.0, Max: 0, Diff: 0, Sum: 0, Workers: 4
[4449.565s][debug][gc,phases      ] GC(260)     Total                          Min: 0, Avg:  0.0, Max: 0, Diff: 0, Sum: 0, Workers: 4
[4449.565s][debug][gc,phases      ] GC(260)   StringTable Weak               Min:  0.1, Avg:  0.1, Max:  0.1, Diff:  0.0, Sum:  0.4, Workers: 4
[4449.565s][debug][gc,phases      ] GC(260)     Dead                           Min: 0, Avg:  0.0, Max: 0, Diff: 0, Sum: 0, Workers: 4
[4449.565s][debug][gc,phases      ] GC(260)     Total                          Min: 7936, Avg: 11377.8, Max: 14279, Diff: 6343, Sum: 45511, Workers: 4
[4449.565s][debug][gc,phases      ] GC(260)   ResolvedMethodTable Weak       Min:  0.0, Avg:  0.0, Max:  0.0, Diff:  0.0, Sum:  0.1, Workers: 4
[4449.565s][debug][gc,phases      ] GC(260)     Dead                           Min: 0, Avg:  0.0, Max: 0, Diff: 0, Sum: 0, Workers: 4
[4449.565s][debug][gc,phases      ] GC(260)     Total                          Min: 2509, Avg: 2947.2, Max: 3328, Diff: 819, Sum: 11789, Workers: 4
[4449.565s][debug][gc,phases      ] GC(260)   JNI Weak                       Min:  0.0, Avg:  0.0, Max:  0.0, Diff:  0.0, Sum:  0.0, Workers: 4
[4449.565s][debug][gc,phases      ] GC(260)     Dead                           Min: 0, Avg:  0.0, Max: 0, Diff: 0, Sum: 0, Workers: 4
[4449.565s][debug][gc,phases      ] GC(260)     Total                          Min: 0, Avg: 12.0, Max: 48, Diff: 48, Sum: 48, Workers: 4
[4449.565s][debug][gc,phases      ] GC(260)   StringDedup Table Weak         Min:  0.0, Avg:  0.0, Max:  0.0, Diff:  0.0, Sum:  0.0, Workers: 4
[4449.565s][debug][gc,phases      ] GC(260)     Dead                           Min: 0, Avg:  0.0, Max: 0, Diff: 0, Sum: 0, Workers: 4
[4449.565s][debug][gc,phases      ] GC(260)     Total                          Min: 0, Avg:  0.0, Max: 0, Diff: 0, Sum: 0, Workers: 4
[4449.565s][debug][gc,phases      ] GC(260)   StringDedup Requests0 Weak     Min:  0.0, Avg:  0.0, Max:  0.0, Diff:  0.0, Sum:  0.0, Workers: 4
[4449.565s][debug][gc,phases      ] GC(260)     Dead                           Min: 0, Avg:  0.0, Max: 0, Diff: 0, Sum: 0, Workers: 4
[4449.565s][debug][gc,phases      ] GC(260)     Total                          Min: 0, Avg:  0.0, Max: 0, Diff: 0, Sum: 0, Workers: 4
[4449.565s][debug][gc,phases      ] GC(260)   StringDedup Requests1 Weak     Min:  0.0, Avg:  0.0, Max:  0.0, Diff:  0.0, Sum:  0.0, Workers: 4
[4449.565s][debug][gc,phases      ] GC(260)     Dead                           Min: 0, Avg:  0.0, Max: 0, Diff: 0, Sum: 0, Workers: 4
[4449.565s][debug][gc,phases      ] GC(260)     Total                          Min: 0, Avg:  0.0, Max: 0, Diff: 0, Sum: 0, Workers: 4
[4449.565s][debug][gc,phases      ] GC(260)   Weak JFR Old Object Samples    Min:  0.0, Avg:  0.0, Max:  0.0, Diff:  0.0, Sum:  0.0, Workers: 4
[4449.565s][debug][gc,phases      ] GC(260)     Dead                           Min: 0, Avg:  0.0, Max: 0, Diff: 0, Sum: 0, Workers: 4
[4449.565s][debug][gc,phases      ] GC(260)     Total                          Min: 0, Avg:  0.0, Max: 0, Diff: 0, Sum: 0, Workers: 4
[4449.565s][debug][gc,phases      ] GC(260) Weak Processing 0.319ms
[4449.565s][debug][gc,age         ] GC(260) Desired survivor size 34078720 bytes, new threshold 15 (max threshold 15)
[4449.565s][info ][gc,heap        ] GC(260) PSYoungGen: 2057154K(2057216K)->22776K(2062848K) Eden: 2034688K(2034688K)->0K(2030592K) From: 22466K(22528K)->22776K(32256K)
[4449.565s][info ][gc,heap        ] GC(260) ParOldGen: 570205K(608768K)->570237K(608768K)
[4449.565s][info ][gc,metaspace   ] GC(260) Metaspace: 92870K(94016K)->92870K(94016K) NonClass: 79643K(80256K)->79643K(80256K) Class: 13226K(13760K)->13226K(13760K)
[4449.565s][info ][gc             ] GC(260) Pause Young (Allocation Failure) 2565M->579M(2609M) 13.248ms
[4449.565s][info ][gc,cpu         ] GC(260) User=0.03s Sys=0.00s Real=0.02s
[4449.565s][info ][safepoint      ] Safepoint "ParallelGCFailedAllocation", Time since last: 9182475435 ns, Reaching safepoint: 72100 ns, Cleanup: 7300 ns, At safepoint: 13314532 ns, Total: 13393932 ns
[4451.565s][info ][safepoint      ] Safepoint "Cleanup", Time since last: 2000158908 ns, Reaching safepoint: 73600 ns, Cleanup: 13900 ns, At safepoint: 5300 ns, Total: 92800 ns
[4452.565s][info ][safepoint      ] Safepoint "Cleanup", Time since last: 1000098971 ns, Reaching safepoint: 73900 ns, Cleanup: 9200 ns, At safepoint: 5900 ns, Total: 89000 ns
[4453.565s][info ][safepoint      ] Safepoint "Cleanup", Time since last: 1000108671 ns, Reaching safepoint: 73399 ns, Cleanup: 8600 ns, At safepoint: 5400 ns, Total: 87399 ns
[4458.566s][info ][safepoint      ] Safepoint "Cleanup", Time since last: 5000399057 ns, Reaching safepoint: 78099 ns, Cleanup: 7600 ns, At safepoint: 6200 ns, Total: 91899 ns
[4460.952s][info ][gc,start       ] GC(261) Pause Young (Allocation Failure)
[4460.964s][debug][gc,phases      ] GC(261) Scavenge 11.908ms
[4460.964s][debug][gc,ref         ] GC(261) Skipped phase 1 of Reference Processing: no references
[4460.964s][debug][gc,ref         ] GC(261) ReferenceProcessor::execute queues: 1, RefProcThreadModel::Single, marks_oops_alive: false
[4460.964s][debug][gc,ref         ] GC(261) Skipped phase 3 of Reference Processing: no references
[4460.964s][debug][gc,ref         ] GC(261) ReferenceProcessor::execute queues: 1, RefProcThreadModel::Single, marks_oops_alive: false
[4460.964s][debug][gc,phases      ] GC(261) Reference Processing 0.097ms
[4460.964s][debug][gc,phases      ] GC(261)   VM Weak                        Min:  0.0, Avg:  0.0, Max:  0.0, Diff:  0.0, Sum:  0.0, Workers: 4
[4460.964s][debug][gc,phases      ] GC(261)     Dead                           Min: 0, Avg:  0.0, Max: 0, Diff: 0, Sum: 0, Workers: 4
[4460.964s][debug][gc,phases      ] GC(261)     Total                          Min: 0, Avg: 251.5, Max: 559, Diff: 559, Sum: 1006, Workers: 4
[4460.964s][debug][gc,phases      ] GC(261)   ObjectSynchronizer Weak        Min:  0.0, Avg:  0.0, Max:  0.0, Diff:  0.0, Sum:  0.0, Workers: 4
[4460.964s][debug][gc,phases      ] GC(261)     Dead                           Min: 0, Avg:  0.2, Max: 1, Diff: 1, Sum: 1, Workers: 4
[4460.964s][debug][gc,phases      ] GC(261)     Total                          Min: 0, Avg:  1.8, Max: 7, Diff: 7, Sum: 7, Workers: 4
[4460.964s][debug][gc,phases      ] GC(261)   JVMTI Tag Weak OopStorage      Min:  0.0, Avg:  0.0, Max:  0.0, Diff:  0.0, Sum:  0.0, Workers: 4
[4460.964s][debug][gc,phases      ] GC(261)     Dead                           Min: 0, Avg:  0.0, Max: 0, Diff: 0, Sum: 0, Workers: 4
[4460.964s][debug][gc,phases      ] GC(261)     Total                          Min: 0, Avg:  0.0, Max: 0, Diff: 0, Sum: 0, Workers: 4
[4460.964s][debug][gc,phases      ] GC(261)   StringTable Weak               Min:  0.0, Avg:  0.1, Max:  0.1, Diff:  0.1, Sum:  0.4, Workers: 4
[4460.964s][debug][gc,phases      ] GC(261)     Dead                           Min: 0, Avg:  0.0, Max: 0, Diff: 0, Sum: 0, Workers: 4
[4460.964s][debug][gc,phases      ] GC(261)     Total                          Min: 0, Avg: 11377.8, Max: 20096, Diff: 20096, Sum: 45511, Workers: 4
[4460.964s][debug][gc,phases      ] GC(261)   ResolvedMethodTable Weak       Min:  0.0, Avg:  0.0, Max:  0.0, Diff:  0.0, Sum:  0.1, Workers: 4
[4460.964s][debug][gc,phases      ] GC(261)     Dead                           Min: 0, Avg:  0.0, Max: 0, Diff: 0, Sum: 0, Workers: 4
[4460.964s][debug][gc,phases      ] GC(261)     Total                          Min: 0, Avg: 2947.2, Max: 5325, Diff: 5325, Sum: 11789, Workers: 4
[4460.964s][debug][gc,phases      ] GC(261)   JNI Weak                       Min:  0.0, Avg:  0.0, Max:  0.0, Diff:  0.0, Sum:  0.0, Workers: 4
[4460.964s][debug][gc,phases      ] GC(261)     Dead                           Min: 0, Avg:  0.0, Max: 0, Diff: 0, Sum: 0, Workers: 4
[4460.964s][debug][gc,phases      ] GC(261)     Total                          Min: 0, Avg: 12.0, Max: 48, Diff: 48, Sum: 48, Workers: 4
[4460.964s][debug][gc,phases      ] GC(261)   StringDedup Table Weak         Min:  0.0, Avg:  0.0, Max:  0.0, Diff:  0.0, Sum:  0.0, Workers: 4
[4460.964s][debug][gc,phases      ] GC(261)     Dead                           Min: 0, Avg:  0.0, Max: 0, Diff: 0, Sum: 0, Workers: 4
[4460.964s][debug][gc,phases      ] GC(261)     Total                          Min: 0, Avg:  0.0, Max: 0, Diff: 0, Sum: 0, Workers: 4
[4460.964s][debug][gc,phases      ] GC(261)   StringDedup Requests0 Weak     Min:  0.0, Avg:  0.0, Max:  0.0, Diff:  0.0, Sum:  0.0, Workers: 4
[4460.964s][debug][gc,phases      ] GC(261)     Dead                           Min: 0, Avg:  0.0, Max: 0, Diff: 0, Sum: 0, Workers: 4
[4460.964s][debug][gc,phases      ] GC(261)     Total                          Min: 0, Avg:  0.0, Max: 0, Diff: 0, Sum: 0, Workers: 4
[4460.964s][debug][gc,phases      ] GC(261)   StringDedup Requests1 Weak     Min:  0.0, Avg:  0.0, Max:  0.0, Diff:  0.0, Sum:  0.0, Workers: 4
[4460.964s][debug][gc,phases      ] GC(261)     Dead                           Min: 0, Avg:  0.0, Max: 0, Diff: 0, Sum: 0, Workers: 4
[4460.964s][debug][gc,phases      ] GC(261)     Total                          Min: 0, Avg:  0.0, Max: 0, Diff: 0, Sum: 0, Workers: 4
[4460.964s][debug][gc,phases      ] GC(261)   Weak JFR Old Object Samples    Min:  0.0, Avg:  0.0, Max:  0.0, Diff:  0.0, Sum:  0.0, Workers: 4
[4460.964s][debug][gc,phases      ] GC(261)     Dead                           Min: 0, Avg:  0.0, Max: 0, Diff: 0, Sum: 0, Workers: 4
[4460.964s][debug][gc,phases      ] GC(261)     Total                          Min: 0, Avg:  0.0, Max: 0, Diff: 0, Sum: 0, Workers: 4
[4460.964s][debug][gc,phases      ] GC(261) Weak Processing 0.326ms
[4460.964s][debug][gc,age         ] GC(261) Desired survivor size 34603008 bytes, new threshold 15 (max threshold 15)
[4460.964s][info ][gc,heap        ] GC(261) PSYoungGen: 2053368K(2062848K)->22946K(2053632K) Eden: 2030592K(2030592K)->0K(2030592K) From: 22776K(32256K)->22946K(23040K)
[4460.964s][info ][gc,heap        ] GC(261) ParOldGen: 570237K(608768K)->570269K(608768K)
[4460.964s][info ][gc,metaspace   ] GC(261) Metaspace: 92870K(94016K)->92870K(94016K) NonClass: 79643K(80256K)->79643K(80256K) Class: 13226K(13760K)->13226K(13760K)
[4460.964s][info ][gc             ] GC(261) Pause Young (Allocation Failure) 2562M->579M(2600M) 12.447ms
[4460.964s][info ][gc,cpu         ] GC(261) User=0.04s Sys=0.00s Real=0.02s
[4460.964s][info ][safepoint      ] Safepoint "ParallelGCFailedAllocation", Time since last: 2385811321 ns, Reaching safepoint: 15800 ns, Cleanup: 3800 ns, At safepoint: 12527834 ns, Total: 12547434 ns
[4464.965s][info ][safepoint      ] Safepoint "Cleanup", Time since last: 4000290369 ns, Reaching safepoint: 38700 ns, Cleanup: 10000 ns, At safepoint: 6100 ns, Total: 54800 ns
[4465.965s][info ][safepoint      ] Safepoint "Cleanup", Time since last: 1000097442 ns, Reaching safepoint: 73800 ns, Cleanup: 8900 ns, At safepoint: 5700 ns, Total: 88400 ns
[4468.965s][info ][safepoint      ] Safepoint "Cleanup", Time since last: 3000262986 ns, Reaching safepoint: 76499 ns, Cleanup: 14600 ns, At safepoint: 6400 ns, Total: 97499 ns
[4469.965s][info ][safepoint      ] Safepoint "Cleanup", Time since last: 1000113660 ns, Reaching safepoint: 73499 ns, Cleanup: 16200 ns, At safepoint: 17100 ns, Total: 106799 ns
[4471.227s][info ][gc,start       ] GC(262) Pause Young (Allocation Failure)
[4471.240s][debug][gc,phases      ] GC(262) Scavenge 12.487ms
[4471.240s][debug][gc,ref         ] GC(262) Skipped phase 1 of Reference Processing: no references
[4471.240s][debug][gc,ref         ] GC(262) ReferenceProcessor::execute queues: 1, RefProcThreadModel::Single, marks_oops_alive: false
[4471.240s][debug][gc,ref         ] GC(262) Skipped phase 3 of Reference Processing: no references
[4471.240s][debug][gc,ref         ] GC(262) ReferenceProcessor::execute queues: 1, RefProcThreadModel::Single, marks_oops_alive: false
[4471.240s][debug][gc,phases      ] GC(262) Reference Processing 0.115ms
[4471.240s][debug][gc,phases      ] GC(262)   VM Weak                        Min:  0.0, Avg:  0.0, Max:  0.0, Diff:  0.0, Sum:  0.0, Workers: 4
[4471.240s][debug][gc,phases      ] GC(262)     Dead                           Min: 0, Avg:  0.0, Max: 0, Diff: 0, Sum: 0, Workers: 4
[4471.240s][debug][gc,phases      ] GC(262)     Total                          Min: 0, Avg: 251.5, Max: 878, Diff: 878, Sum: 1006, Workers: 4
[4471.240s][debug][gc,phases      ] GC(262)   ObjectSynchronizer Weak        Min:  0.0, Avg:  0.0, Max:  0.0, Diff:  0.0, Sum:  0.0, Workers: 4
[4471.240s][debug][gc,phases      ] GC(262)     Dead                           Min: 0, Avg:  0.0, Max: 0, Diff: 0, Sum: 0, Workers: 4
[4471.240s][debug][gc,phases      ] GC(262)     Total                          Min: 0, Avg:  1.8, Max: 7, Diff: 7, Sum: 7, Workers: 4
[4471.240s][debug][gc,phases      ] GC(262)   JVMTI Tag Weak OopStorage      Min:  0.0, Avg:  0.0, Max:  0.0, Diff:  0.0, Sum:  0.0, Workers: 4
[4471.240s][debug][gc,phases      ] GC(262)     Dead                           Min: 0, Avg:  0.0, Max: 0, Diff: 0, Sum: 0, Workers: 4
[4471.240s][debug][gc,phases      ] GC(262)     Total                          Min: 0, Avg:  0.0, Max: 0, Diff: 0, Sum: 0, Workers: 4
[4471.240s][debug][gc,phases      ] GC(262)   StringTable Weak               Min:  0.0, Avg:  0.1, Max:  0.1, Diff:  0.1, Sum:  0.4, Workers: 4
[4471.240s][debug][gc,phases      ] GC(262)     Dead                           Min: 0, Avg:  0.0, Max: 0, Diff: 0, Sum: 0, Workers: 4
[4471.240s][debug][gc,phases      ] GC(262)     Total                          Min: 0, Avg: 11378.0, Max: 18952, Diff: 18952, Sum: 45512, Workers: 4
[4471.240s][debug][gc,phases      ] GC(262)   ResolvedMethodTable Weak       Min:  0.0, Avg:  0.0, Max:  0.0, Diff:  0.0, Sum:  0.1, Workers: 4
[4471.240s][debug][gc,phases      ] GC(262)     Dead                           Min: 0, Avg:  0.0, Max: 0, Diff: 0, Sum: 0, Workers: 4
[4471.240s][debug][gc,phases      ] GC(262)     Total                          Min: 0, Avg: 2947.2, Max: 4992, Diff: 4992, Sum: 11789, Workers: 4
[4471.240s][debug][gc,phases      ] GC(262)   JNI Weak                       Min:  0.0, Avg:  0.0, Max:  0.0, Diff:  0.0, Sum:  0.0, Workers: 4
[4471.240s][debug][gc,phases      ] GC(262)     Dead                           Min: 0, Avg:  0.0, Max: 0, Diff: 0, Sum: 0, Workers: 4
[4471.240s][debug][gc,phases      ] GC(262)     Total                          Min: 0, Avg: 12.0, Max: 48, Diff: 48, Sum: 48, Workers: 4
[4471.240s][debug][gc,phases      ] GC(262)   StringDedup Table Weak         Min:  0.0, Avg:  0.0, Max:  0.0, Diff:  0.0, Sum:  0.0, Workers: 4
[4471.240s][debug][gc,phases      ] GC(262)     Dead                           Min: 0, Avg:  0.0, Max: 0, Diff: 0, Sum: 0, Workers: 4
[4471.240s][debug][gc,phases      ] GC(262)     Total                          Min: 0, Avg:  0.0, Max: 0, Diff: 0, Sum: 0, Workers: 4
[4471.240s][debug][gc,phases      ] GC(262)   StringDedup Requests0 Weak     Min:  0.0, Avg:  0.0, Max:  0.0, Diff:  0.0, Sum:  0.0, Workers: 4
[4471.240s][debug][gc,phases      ] GC(262)     Dead                           Min: 0, Avg:  0.0, Max: 0, Diff: 0, Sum: 0, Workers: 4
[4471.240s][debug][gc,phases      ] GC(262)     Total                          Min: 0, Avg:  0.0, Max: 0, Diff: 0, Sum: 0, Workers: 4
[4471.240s][debug][gc,phases      ] GC(262)   StringDedup Requests1 Weak     Min:  0.0, Avg:  0.0, Max:  0.0, Diff:  0.0, Sum:  0.0, Workers: 4
[4471.240s][debug][gc,phases      ] GC(262)     Dead                           Min: 0, Avg:  0.0, Max: 0, Diff: 0, Sum: 0, Workers: 4
[4471.240s][debug][gc,phases      ] GC(262)     Total                          Min: 0, Avg:  0.0, Max: 0, Diff: 0, Sum: 0, Workers: 4
[4471.240s][debug][gc,phases      ] GC(262)   Weak JFR Old Object Samples    Min:  0.0, Avg:  0.0, Max:  0.0, Diff:  0.0, Sum:  0.0, Workers: 4
[4471.240s][debug][gc,phases      ] GC(262)     Dead                           Min: 0, Avg:  0.0, Max: 0, Diff: 0, Sum: 0, Workers: 4
[4471.240s][debug][gc,phases      ] GC(262)     Total                          Min: 0, Avg:  0.0, Max: 0, Diff: 0, Sum: 0, Workers: 4
[4471.240s][debug][gc,phases      ] GC(262) Weak Processing 0.327ms
[4471.240s][debug][gc,age         ] GC(262) Desired survivor size 40370176 bytes, new threshold 14 (max threshold 15)
[4471.240s][info ][gc,heap        ] GC(262) PSYoungGen: 2053538K(2053632K)->33762K(2052096K) Eden: 2030592K(2030592K)->0K(2018304K) From: 22946K(23040K)->33762K(33792K)
[4471.240s][info ][gc,heap        ] GC(262) ParOldGen: 570269K(608768K)->573589K(608768K)
[4471.240s][info ][gc,metaspace   ] GC(262) Metaspace: 92870K(94016K)->92870K(94016K) NonClass: 79643K(80256K)->79643K(80256K) Class: 13226K(13760K)->13226K(13760K)
[4471.240s][info ][gc             ] GC(262) Pause Young (Allocation Failure) 2562M->593M(2598M) 13.055ms
[4471.240s][info ][gc,cpu         ] GC(262) User=0.05s Sys=0.00s Real=0.01s
[4471.240s][info ][safepoint      ] Safepoint "ParallelGCFailedAllocation", Time since last: 1261813041 ns, Reaching safepoint: 4500 ns, Cleanup: 3400 ns, At safepoint: 13120933 ns, Total: 13128833 ns
[4475.241s][info ][safepoint      ] Safepoint "Cleanup", Time since last: 4000271214 ns, Reaching safepoint: 4600 ns, Cleanup: 8200 ns, At safepoint: 1900 ns, Total: 14700 ns
[4477.241s][info ][safepoint      ] Safepoint "Cleanup", Time since last: 2000156385 ns, Reaching safepoint: 5100 ns, Cleanup: 8100 ns, At safepoint: 1900 ns, Total: 15100 ns
[4482.501s][info ][gc,start       ] GC(263) Pause Young (Allocation Failure)
[4482.512s][debug][gc,phases      ] GC(263) Scavenge 11.067ms
[4482.512s][debug][gc,ref         ] GC(263) Skipped phase 1 of Reference Processing: no references
[4482.512s][debug][gc,ref         ] GC(263) ReferenceProcessor::execute queues: 1, RefProcThreadModel::Single, marks_oops_alive: false
[4482.512s][debug][gc,ref         ] GC(263) Skipped phase 3 of Reference Processing: no references
[4482.512s][debug][gc,ref         ] GC(263) ReferenceProcessor::execute queues: 1, RefProcThreadModel::Single, marks_oops_alive: false
[4482.512s][debug][gc,phases      ] GC(263) Reference Processing 0.102ms
[4482.512s][debug][gc,phases      ] GC(263)   VM Weak                        Min:  0.0, Avg:  0.0, Max:  0.0, Diff:  0.0, Sum:  0.0, Workers: 4
[4482.512s][debug][gc,phases      ] GC(263)     Dead                           Min: 0, Avg:  0.0, Max: 0, Diff: 0, Sum: 0, Workers: 4
[4482.512s][debug][gc,phases      ] GC(263)     Total                          Min: 0, Avg: 251.5, Max: 384, Diff: 384, Sum: 1006, Workers: 4
[4482.512s][debug][gc,phases      ] GC(263)   ObjectSynchronizer Weak        Min:  0.0, Avg:  0.0, Max:  0.0, Diff:  0.0, Sum:  0.0, Workers: 4
[4482.512s][debug][gc,phases      ] GC(263)     Dead                           Min: 0, Avg:  0.0, Max: 0, Diff: 0, Sum: 0, Workers: 4
[4482.512s][debug][gc,phases      ] GC(263)     Total                          Min: 0, Avg:  1.8, Max: 7, Diff: 7, Sum: 7, Workers: 4
[4482.512s][debug][gc,phases      ] GC(263)   JVMTI Tag Weak OopStorage      Min:  0.0, Avg:  0.0, Max:  0.0, Diff:  0.0, Sum:  0.0, Workers: 4
[4482.512s][debug][gc,phases      ] GC(263)     Dead                           Min: 0, Avg:  0.0, Max: 0, Diff: 0, Sum: 0, Workers: 4
[4482.512s][debug][gc,phases      ] GC(263)     Total                          Min: 0, Avg:  0.0, Max: 0, Diff: 0, Sum: 0, Workers: 4
[4482.512s][debug][gc,phases      ] GC(263)   StringTable Weak               Min:  0.0, Avg:  0.1, Max:  0.1, Diff:  0.1, Sum:  0.4, Workers: 4
[4482.512s][debug][gc,phases      ] GC(263)     Dead                           Min: 0, Avg:  0.0, Max: 0, Diff: 0, Sum: 0, Workers: 4
[4482.512s][debug][gc,phases      ] GC(263)     Total                          Min: 0, Avg: 11378.0, Max: 20096, Diff: 20096, Sum: 45512, Workers: 4
[4482.512s][debug][gc,phases      ] GC(263)   ResolvedMethodTable Weak       Min:  0.0, Avg:  0.0, Max:  0.0, Diff:  0.0, Sum:  0.1, Workers: 4
[4482.512s][debug][gc,phases      ] GC(263)     Dead                           Min: 0, Avg:  0.0, Max: 0, Diff: 0, Sum: 0, Workers: 4
[4482.512s][debug][gc,phases      ] GC(263)     Total                          Min: 0, Avg: 2947.2, Max: 5184, Diff: 5184, Sum: 11789, Workers: 4
[4482.512s][debug][gc,phases      ] GC(263)   JNI Weak                       Min:  0.0, Avg:  0.0, Max:  0.0, Diff:  0.0, Sum:  0.0, Workers: 4
[4482.512s][debug][gc,phases      ] GC(263)     Dead                           Min: 0, Avg:  0.0, Max: 0, Diff: 0, Sum: 0, Workers: 4
[4482.512s][debug][gc,phases      ] GC(263)     Total                          Min: 0, Avg: 12.0, Max: 48, Diff: 48, Sum: 48, Workers: 4
[4482.512s][debug][gc,phases      ] GC(263)   StringDedup Table Weak         Min:  0.0, Avg:  0.0, Max:  0.0, Diff:  0.0, Sum:  0.0, Workers: 4
[4482.512s][debug][gc,phases      ] GC(263)     Dead                           Min: 0, Avg:  0.0, Max: 0, Diff: 0, Sum: 0, Workers: 4
[4482.512s][debug][gc,phases      ] GC(263)     Total                          Min: 0, Avg:  0.0, Max: 0, Diff: 0, Sum: 0, Workers: 4
[4482.512s][debug][gc,phases      ] GC(263)   StringDedup Requests0 Weak     Min:  0.0, Avg:  0.0, Max:  0.0, Diff:  0.0, Sum:  0.0, Workers: 4
[4482.512s][debug][gc,phases      ] GC(263)     Dead                           Min: 0, Avg:  0.0, Max: 0, Diff: 0, Sum: 0, Workers: 4
[4482.512s][debug][gc,phases      ] GC(263)     Total                          Min: 0, Avg:  0.0, Max: 0, Diff: 0, Sum: 0, Workers: 4
[4482.512s][debug][gc,phases      ] GC(263)   StringDedup Requests1 Weak     Min:  0.0, Avg:  0.0, Max:  0.0, Diff:  0.0, Sum:  0.0, Workers: 4
[4482.512s][debug][gc,phases      ] GC(263)     Dead                           Min: 0, Avg:  0.0, Max: 0, Diff: 0, Sum: 0, Workers: 4
[4482.512s][debug][gc,phases      ] GC(263)     Total                          Min: 0, Avg:  0.0, Max: 0, Diff: 0, Sum: 0, Workers: 4
[4482.512s][debug][gc,phases      ] GC(263)   Weak JFR Old Object Samples    Min:  0.0, Avg:  0.0, Max:  0.0, Diff:  0.0, Sum:  0.0, Workers: 4
[4482.512s][debug][gc,phases      ] GC(263)     Dead                           Min: 0, Avg:  0.0, Max: 0, Diff: 0, Sum: 0, Workers: 4
[4482.512s][debug][gc,phases      ] GC(263)     Total                          Min: 0, Avg:  0.0, Max: 0, Diff: 0, Sum: 0, Workers: 4
[4482.512s][debug][gc,phases      ] GC(263) Weak Processing 0.329ms
[4482.512s][debug][gc,age         ] GC(263) Desired survivor size 42991616 bytes, new threshold 15 (max threshold 15)
[4482.512s][info ][gc,heap        ] GC(263) PSYoungGen: 2052066K(2052096K)->33058K(2051584K) Eden: 2018304K(2018304K)->0K(2018304K) From: 33762K(33792K)->33058K(33280K)
[4482.512s][info ][gc,heap        ] GC(263) ParOldGen: 573589K(608768K)->574478K(608768K)
[4482.512s][info ][gc,metaspace   ] GC(263) Metaspace: 92872K(94016K)->92872K(94016K) NonClass: 79645K(80256K)->79645K(80256K) Class: 13226K(13760K)->13226K(13760K)
[4482.512s][info ][gc             ] GC(263) Pause Young (Allocation Failure) 2564M->593M(2598M) 11.619ms
[4482.512s][info ][gc,cpu         ] GC(263) User=0.05s Sys=0.00s Real=0.01s
[4482.512s][info ][safepoint      ] Safepoint "ParallelGCFailedAllocation", Time since last: 5259692938 ns, Reaching safepoint: 77700 ns, Cleanup: 3800 ns, At safepoint: 11695840 ns, Total: 11777340 ns
[4493.621s][info ][gc,start       ] GC(264) Pause Young (Allocation Failure)
[4493.632s][debug][gc,phases      ] GC(264) Scavenge 11.026ms
[4493.632s][debug][gc,ref         ] GC(264) Skipped phase 1 of Reference Processing: no references
[4493.632s][debug][gc,ref         ] GC(264) ReferenceProcessor::execute queues: 1, RefProcThreadModel::Single, marks_oops_alive: false
[4493.632s][debug][gc,ref         ] GC(264) Skipped phase 3 of Reference Processing: no references
[4493.632s][debug][gc,ref         ] GC(264) ReferenceProcessor::execute queues: 1, RefProcThreadModel::Single, marks_oops_alive: false
[4493.632s][debug][gc,phases      ] GC(264) Reference Processing 0.105ms
[4493.632s][debug][gc,phases      ] GC(264)   VM Weak                        Min:  0.0, Avg:  0.0, Max:  0.0, Diff:  0.0, Sum:  0.0, Workers: 4
[4493.632s][debug][gc,phases      ] GC(264)     Dead                           Min: 0, Avg:  0.0, Max: 0, Diff: 0, Sum: 0, Workers: 4
[4493.632s][debug][gc,phases      ] GC(264)     Total                          Min: 0, Avg: 251.5, Max: 831, Diff: 831, Sum: 1006, Workers: 4
[4493.632s][debug][gc,phases      ] GC(264)   ObjectSynchronizer Weak        Min:  0.0, Avg:  0.0, Max:  0.0, Diff:  0.0, Sum:  0.0, Workers: 4
[4493.632s][debug][gc,phases      ] GC(264)     Dead                           Min: 0, Avg:  0.0, Max: 0, Diff: 0, Sum: 0, Workers: 4
[4493.632s][debug][gc,phases      ] GC(264)     Total                          Min: 0, Avg:  1.8, Max: 7, Diff: 7, Sum: 7, Workers: 4
[4493.632s][debug][gc,phases      ] GC(264)   JVMTI Tag Weak OopStorage      Min:  0.0, Avg:  0.0, Max:  0.0, Diff:  0.0, Sum:  0.0, Workers: 4
[4493.632s][debug][gc,phases      ] GC(264)     Dead                           Min: 0, Avg:  0.0, Max: 0, Diff: 0, Sum: 0, Workers: 4
[4493.632s][debug][gc,phases      ] GC(264)     Total                          Min: 0, Avg:  0.0, Max: 0, Diff: 0, Sum: 0, Workers: 4
[4493.632s][debug][gc,phases      ] GC(264)   StringTable Weak               Min:  0.0, Avg:  0.1, Max:  0.1, Diff:  0.1, Sum:  0.3, Workers: 4
[4493.632s][debug][gc,phases      ] GC(264)     Dead                           Min: 0, Avg:  0.0, Max: 0, Diff: 0, Sum: 0, Workers: 4
[4493.632s][debug][gc,phases      ] GC(264)     Total                          Min: 0, Avg: 11378.0, Max: 19840, Diff: 19840, Sum: 45512, Workers: 4
[4493.632s][debug][gc,phases      ] GC(264)   ResolvedMethodTable Weak       Min:  0.0, Avg:  0.0, Max:  0.0, Diff:  0.0, Sum:  0.1, Workers: 4
[4493.632s][debug][gc,phases      ] GC(264)     Dead                           Min: 0, Avg:  0.0, Max: 0, Diff: 0, Sum: 0, Workers: 4
[4493.632s][debug][gc,phases      ] GC(264)     Total                          Min: 0, Avg: 2947.2, Max: 5120, Diff: 5120, Sum: 11789, Workers: 4
[4493.632s][debug][gc,phases      ] GC(264)   JNI Weak                       Min:  0.0, Avg:  0.0, Max:  0.0, Diff:  0.0, Sum:  0.0, Workers: 4
[4493.632s][debug][gc,phases      ] GC(264)     Dead                           Min: 0, Avg:  0.0, Max: 0, Diff: 0, Sum: 0, Workers: 4
[4493.632s][debug][gc,phases      ] GC(264)     Total                          Min: 0, Avg: 12.0, Max: 48, Diff: 48, Sum: 48, Workers: 4
[4493.632s][debug][gc,phases      ] GC(264)   StringDedup Table Weak         Min:  0.0, Avg:  0.0, Max:  0.0, Diff:  0.0, Sum:  0.0, Workers: 4
[4493.632s][debug][gc,phases      ] GC(264)     Dead                           Min: 0, Avg:  0.0, Max: 0, Diff: 0, Sum: 0, Workers: 4
[4493.632s][debug][gc,phases      ] GC(264)     Total                          Min: 0, Avg:  0.0, Max: 0, Diff: 0, Sum: 0, Workers: 4
[4493.632s][debug][gc,phases      ] GC(264)   StringDedup Requests0 Weak     Min:  0.0, Avg:  0.0, Max:  0.0, Diff:  0.0, Sum:  0.0, Workers: 4
[4493.632s][debug][gc,phases      ] GC(264)     Dead                           Min: 0, Avg:  0.0, Max: 0, Diff: 0, Sum: 0, Workers: 4
[4493.632s][debug][gc,phases      ] GC(264)     Total                          Min: 0, Avg:  0.0, Max: 0, Diff: 0, Sum: 0, Workers: 4
[4493.632s][debug][gc,phases      ] GC(264)   StringDedup Requests1 Weak     Min:  0.0, Avg:  0.0, Max:  0.0, Diff:  0.0, Sum:  0.0, Workers: 4
[4493.632s][debug][gc,phases      ] GC(264)     Dead                           Min: 0, Avg:  0.0, Max: 0, Diff: 0, Sum: 0, Workers: 4
[4493.632s][debug][gc,phases      ] GC(264)     Total                          Min: 0, Avg:  0.0, Max: 0, Diff: 0, Sum: 0, Workers: 4
[4493.632s][debug][gc,phases      ] GC(264)   Weak JFR Old Object Samples    Min:  0.0, Avg:  0.0, Max:  0.0, Diff:  0.0, Sum:  0.0, Workers: 4
[4493.632s][debug][gc,phases      ] GC(264)     Dead                           Min: 0, Avg:  0.0, Max: 0, Diff: 0, Sum: 0, Workers: 4
[4493.632s][debug][gc,phases      ] GC(264)     Total                          Min: 0, Avg:  0.0, Max: 0, Diff: 0, Sum: 0, Workers: 4
[4493.632s][debug][gc,phases      ] GC(264) Weak Processing 0.327ms
[4493.632s][debug][gc,age         ] GC(264) Desired survivor size 45613056 bytes, new threshold 15 (max threshold 15)
[4493.632s][info ][gc,heap        ] GC(264) PSYoungGen: 2051362K(2051584K)->33272K(2050048K) Eden: 2018304K(2018304K)->0K(2008064K) From: 33058K(33280K)->33272K(41984K)
[4493.632s][info ][gc,heap        ] GC(264) ParOldGen: 574478K(608768K)->574478K(608768K)
[4493.632s][info ][gc,metaspace   ] GC(264) Metaspace: 92875K(94016K)->92875K(94016K) NonClass: 79648K(80256K)->79648K(80256K) Class: 13226K(13760K)->13226K(13760K)
[4493.632s][info ][gc             ] GC(264) Pause Young (Allocation Failure) 2564M->593M(2596M) 11.562ms
[4493.632s][info ][gc,cpu         ] GC(264) User=0.05s Sys=0.00s Real=0.01s
[4493.632s][info ][safepoint      ] Safepoint "ParallelGCFailedAllocation", Time since last: 11108391279 ns, Reaching safepoint: 4100 ns, Cleanup: 2800 ns, At safepoint: 11620642 ns, Total: 11627542 ns
[4499.633s][info ][safepoint      ] Safepoint "Cleanup", Time since last: 6000345167 ns, Reaching safepoint: 4800 ns, Cleanup: 8500 ns, At safepoint: 1600 ns, Total: 14900 ns
[4505.251s][info ][gc,start       ] GC(265) Pause Young (Allocation Failure)
[4505.261s][debug][gc,phases      ] GC(265) Scavenge 10.232ms
[4505.261s][debug][gc,ref         ] GC(265) Skipped phase 1 of Reference Processing: no references
[4505.261s][debug][gc,ref         ] GC(265) ReferenceProcessor::execute queues: 1, RefProcThreadModel::Single, marks_oops_alive: false
[4505.261s][debug][gc,ref         ] GC(265) Skipped phase 3 of Reference Processing: no references
[4505.261s][debug][gc,ref         ] GC(265) ReferenceProcessor::execute queues: 1, RefProcThreadModel::Single, marks_oops_alive: false
[4505.261s][debug][gc,phases      ] GC(265) Reference Processing 0.109ms
[4505.261s][debug][gc,phases      ] GC(265)   VM Weak                        Min:  0.0, Avg:  0.0, Max:  0.0, Diff:  0.0, Sum:  0.0, Workers: 4
[4505.261s][debug][gc,phases      ] GC(265)     Dead                           Min: 0, Avg:  0.0, Max: 0, Diff: 0, Sum: 0, Workers: 4
[4505.261s][debug][gc,phases      ] GC(265)     Total                          Min: 0, Avg: 251.5, Max: 751, Diff: 751, Sum: 1006, Workers: 4
[4505.261s][debug][gc,phases      ] GC(265)   ObjectSynchronizer Weak        Min:  0.0, Avg:  0.0, Max:  0.0, Diff:  0.0, Sum:  0.0, Workers: 4
[4505.261s][debug][gc,phases      ] GC(265)     Dead                           Min: 0, Avg:  0.0, Max: 0, Diff: 0, Sum: 0, Workers: 4
[4505.261s][debug][gc,phases      ] GC(265)     Total                          Min: 0, Avg:  1.5, Max: 6, Diff: 6, Sum: 6, Workers: 4
[4505.261s][debug][gc,phases      ] GC(265)   JVMTI Tag Weak OopStorage      Min:  0.0, Avg:  0.0, Max:  0.0, Diff:  0.0, Sum:  0.0, Workers: 4
[4505.261s][debug][gc,phases      ] GC(265)     Dead                           Min: 0, Avg:  0.0, Max: 0, Diff: 0, Sum: 0, Workers: 4
[4505.261s][debug][gc,phases      ] GC(265)     Total                          Min: 0, Avg:  0.0, Max: 0, Diff: 0, Sum: 0, Workers: 4
[4505.261s][debug][gc,phases      ] GC(265)   StringTable Weak               Min:  0.0, Avg:  0.1, Max:  0.1, Diff:  0.1, Sum:  0.4, Workers: 4
[4505.261s][debug][gc,phases      ] GC(265)     Dead                           Min: 0, Avg:  0.0, Max: 0, Diff: 0, Sum: 0, Workers: 4
[4505.261s][debug][gc,phases      ] GC(265)     Total                          Min: 0, Avg: 11378.0, Max: 20096, Diff: 20096, Sum: 45512, Workers: 4
[4505.261s][debug][gc,phases      ] GC(265)   ResolvedMethodTable Weak       Min:  0.0, Avg:  0.0, Max:  0.0, Diff:  0.0, Sum:  0.1, Workers: 4
[4505.261s][debug][gc,phases      ] GC(265)     Dead                           Min: 0, Avg:  0.0, Max: 0, Diff: 0, Sum: 0, Workers: 4
[4505.261s][debug][gc,phases      ] GC(265)     Total                          Min: 0, Avg: 2947.2, Max: 5325, Diff: 5325, Sum: 11789, Workers: 4
[4505.261s][debug][gc,phases      ] GC(265)   JNI Weak                       Min:  0.0, Avg:  0.0, Max:  0.0, Diff:  0.0, Sum:  0.0, Workers: 4
[4505.261s][debug][gc,phases      ] GC(265)     Dead                           Min: 0, Avg:  0.0, Max: 0, Diff: 0, Sum: 0, Workers: 4
[4505.261s][debug][gc,phases      ] GC(265)     Total                          Min: 0, Avg: 12.0, Max: 48, Diff: 48, Sum: 48, Workers: 4
[4505.261s][debug][gc,phases      ] GC(265)   StringDedup Table Weak         Min:  0.0, Avg:  0.0, Max:  0.0, Diff:  0.0, Sum:  0.0, Workers: 4
[4505.261s][debug][gc,phases      ] GC(265)     Dead                           Min: 0, Avg:  0.0, Max: 0, Diff: 0, Sum: 0, Workers: 4
[4505.261s][debug][gc,phases      ] GC(265)     Total                          Min: 0, Avg:  0.0, Max: 0, Diff: 0, Sum: 0, Workers: 4
[4505.261s][debug][gc,phases      ] GC(265)   StringDedup Requests0 Weak     Min:  0.0, Avg:  0.0, Max:  0.0, Diff:  0.0, Sum:  0.0, Workers: 4
[4505.261s][debug][gc,phases      ] GC(265)     Dead                           Min: 0, Avg:  0.0, Max: 0, Diff: 0, Sum: 0, Workers: 4
[4505.261s][debug][gc,phases      ] GC(265)     Total                          Min: 0, Avg:  0.0, Max: 0, Diff: 0, Sum: 0, Workers: 4
[4505.261s][debug][gc,phases      ] GC(265)   StringDedup Requests1 Weak     Min:  0.0, Avg:  0.0, Max:  0.0, Diff:  0.0, Sum:  0.0, Workers: 4
[4505.261s][debug][gc,phases      ] GC(265)     Dead                           Min: 0, Avg:  0.0, Max: 0, Diff: 0, Sum: 0, Workers: 4
[4505.261s][debug][gc,phases      ] GC(265)     Total                          Min: 0, Avg:  0.0, Max: 0, Diff: 0, Sum: 0, Workers: 4
[4505.261s][debug][gc,phases      ] GC(265)   Weak JFR Old Object Samples    Min:  0.0, Avg:  0.0, Max:  0.0, Diff:  0.0, Sum:  0.0, Workers: 4
[4505.261s][debug][gc,phases      ] GC(265)     Dead                           Min: 0, Avg:  0.0, Max: 0, Diff: 0, Sum: 0, Workers: 4
[4505.261s][debug][gc,phases      ] GC(265)     Total                          Min: 0, Avg:  0.0, Max: 0, Diff: 0, Sum: 0, Workers: 4
[4505.261s][debug][gc,phases      ] GC(265) Weak Processing 0.326ms
[4505.261s][debug][gc,age         ] GC(265) Desired survivor size 47185920 bytes, new threshold 15 (max threshold 15)
[4505.262s][info ][gc,heap        ] GC(265) PSYoungGen: 2041336K(2050048K)->32636K(2040832K) Eden: 2008064K(2008064K)->0K(2008064K) From: 33272K(41984K)->32636K(32768K)
[4505.262s][info ][gc,heap        ] GC(265) ParOldGen: 574478K(608768K)->574898K(608768K)
[4505.262s][info ][gc,metaspace   ] GC(265) Metaspace: 92878K(94016K)->92878K(94016K) NonClass: 79651K(80256K)->79651K(80256K) Class: 13226K(13760K)->13226K(13760K)
[4505.262s][info ][gc             ] GC(265) Pause Young (Allocation Failure) 2554M->593M(2587M) 10.775ms
[4505.262s][info ][gc,cpu         ] GC(265) User=0.04s Sys=0.00s Real=0.01s
[4505.262s][info ][safepoint      ] Safepoint "ParallelGCFailedAllocation", Time since last: 5618085015 ns, Reaching safepoint: 54099 ns, Cleanup: 8000 ns, At safepoint: 10845546 ns, Total: 10907645 ns
[4510.262s][info ][safepoint      ] Safepoint "Cleanup", Time since last: 5000356395 ns, Reaching safepoint: 77099 ns, Cleanup: 10000 ns, At safepoint: 8200 ns, Total: 95299 ns
[4515.262s][info ][safepoint      ] Safepoint "Cleanup", Time since last: 5000384513 ns, Reaching safepoint: 74400 ns, Cleanup: 11800 ns, At safepoint: 6200 ns, Total: 92400 ns
[4516.473s][info ][gc,start       ] GC(266) Pause Young (Allocation Failure)
[4516.484s][debug][gc,phases      ] GC(266) Scavenge 10.933ms
[4516.484s][debug][gc,ref         ] GC(266) Skipped phase 1 of Reference Processing: no references
[4516.484s][debug][gc,ref         ] GC(266) ReferenceProcessor::execute queues: 1, RefProcThreadModel::Single, marks_oops_alive: false
[4516.484s][debug][gc,ref         ] GC(266) Skipped phase 3 of Reference Processing: no references
[4516.484s][debug][gc,ref         ] GC(266) ReferenceProcessor::execute queues: 1, RefProcThreadModel::Single, marks_oops_alive: false
[4516.484s][debug][gc,phases      ] GC(266) Reference Processing 0.105ms
[4516.484s][debug][gc,phases      ] GC(266)   VM Weak                        Min:  0.0, Avg:  0.0, Max:  0.0, Diff:  0.0, Sum:  0.0, Workers: 4
[4516.484s][debug][gc,phases      ] GC(266)     Dead                           Min: 0, Avg:  0.0, Max: 0, Diff: 0, Sum: 0, Workers: 4
[4516.484s][debug][gc,phases      ] GC(266)     Total                          Min: 0, Avg: 251.5, Max: 815, Diff: 815, Sum: 1006, Workers: 4
[4516.484s][debug][gc,phases      ] GC(266)   ObjectSynchronizer Weak        Min:  0.0, Avg:  0.0, Max:  0.0, Diff:  0.0, Sum:  0.0, Workers: 4
[4516.484s][debug][gc,phases      ] GC(266)     Dead                           Min: 0, Avg:  0.0, Max: 0, Diff: 0, Sum: 0, Workers: 4
[4516.484s][debug][gc,phases      ] GC(266)     Total                          Min: 0, Avg:  1.5, Max: 6, Diff: 6, Sum: 6, Workers: 4
[4516.484s][debug][gc,phases      ] GC(266)   JVMTI Tag Weak OopStorage      Min:  0.0, Avg:  0.0, Max:  0.0, Diff:  0.0, Sum:  0.0, Workers: 4
[4516.484s][debug][gc,phases      ] GC(266)     Dead                           Min: 0, Avg:  0.0, Max: 0, Diff: 0, Sum: 0, Workers: 4
[4516.484s][debug][gc,phases      ] GC(266)     Total                          Min: 0, Avg:  0.0, Max: 0, Diff: 0, Sum: 0, Workers: 4
[4516.484s][debug][gc,phases      ] GC(266)   StringTable Weak               Min:  0.0, Avg:  0.1, Max:  0.1, Diff:  0.1, Sum:  0.4, Workers: 4
[4516.484s][debug][gc,phases      ] GC(266)     Dead                           Min: 0, Avg:  0.0, Max: 0, Diff: 0, Sum: 0, Workers: 4
[4516.484s][debug][gc,phases      ] GC(266)     Total                          Min: 0, Avg: 11378.0, Max: 20480, Diff: 20480, Sum: 45512, Workers: 4
[4516.484s][debug][gc,phases      ] GC(266)   ResolvedMethodTable Weak       Min:  0.0, Avg:  0.0, Max:  0.0, Diff:  0.0, Sum:  0.1, Workers: 4
[4516.484s][debug][gc,phases      ] GC(266)     Dead                           Min: 0, Avg:  0.0, Max: 0, Diff: 0, Sum: 0, Workers: 4
[4516.484s][debug][gc,phases      ] GC(266)     Total                          Min: 0, Avg: 2947.2, Max: 5376, Diff: 5376, Sum: 11789, Workers: 4
[4516.484s][debug][gc,phases      ] GC(266)   JNI Weak                       Min:  0.0, Avg:  0.0, Max:  0.0, Diff:  0.0, Sum:  0.0, Workers: 4
[4516.484s][debug][gc,phases      ] GC(266)     Dead                           Min: 0, Avg:  0.0, Max: 0, Diff: 0, Sum: 0, Workers: 4
[4516.484s][debug][gc,phases      ] GC(266)     Total                          Min: 0, Avg: 12.0, Max: 48, Diff: 48, Sum: 48, Workers: 4
[4516.484s][debug][gc,phases      ] GC(266)   StringDedup Table Weak         Min:  0.0, Avg:  0.0, Max:  0.0, Diff:  0.0, Sum:  0.0, Workers: 4
[4516.484s][debug][gc,phases      ] GC(266)     Dead                           Min: 0, Avg:  0.0, Max: 0, Diff: 0, Sum: 0, Workers: 4
[4516.484s][debug][gc,phases      ] GC(266)     Total                          Min: 0, Avg:  0.0, Max: 0, Diff: 0, Sum: 0, Workers: 4
[4516.484s][debug][gc,phases      ] GC(266)   StringDedup Requests0 Weak     Min:  0.0, Avg:  0.0, Max:  0.0, Diff:  0.0, Sum:  0.0, Workers: 4
[4516.484s][debug][gc,phases      ] GC(266)     Dead                           Min: 0, Avg:  0.0, Max: 0, Diff: 0, Sum: 0, Workers: 4
[4516.484s][debug][gc,phases      ] GC(266)     Total                          Min: 0, Avg:  0.0, Max: 0, Diff: 0, Sum: 0, Workers: 4
[4516.484s][debug][gc,phases      ] GC(266)   StringDedup Requests1 Weak     Min:  0.0, Avg:  0.0, Max:  0.0, Diff:  0.0, Sum:  0.0, Workers: 4
[4516.484s][debug][gc,phases      ] GC(266)     Dead                           Min: 0, Avg:  0.0, Max: 0, Diff: 0, Sum: 0, Workers: 4
[4516.484s][debug][gc,phases      ] GC(266)     Total                          Min: 0, Avg:  0.0, Max: 0, Diff: 0, Sum: 0, Workers: 4
[4516.484s][debug][gc,phases      ] GC(266)   Weak JFR Old Object Samples    Min:  0.0, Avg:  0.0, Max:  0.0, Diff:  0.0, Sum:  0.0, Workers: 4
[4516.484s][debug][gc,phases      ] GC(266)     Dead                           Min: 0, Avg:  0.0, Max: 0, Diff: 0, Sum: 0, Workers: 4
[4516.484s][debug][gc,phases      ] GC(266)     Total                          Min: 0, Avg:  0.0, Max: 0, Diff: 0, Sum: 0, Workers: 4
[4516.484s][debug][gc,phases      ] GC(266) Weak Processing 0.328ms
[4516.484s][debug][gc,age         ] GC(266) Desired survivor size 48234496 bytes, new threshold 15 (max threshold 15)
[4516.484s][info ][gc,heap        ] GC(266) PSYoungGen: 2040700K(2040832K)->32076K(2049024K) Eden: 2008064K(2008064K)->0K(2002944K) From: 32636K(32768K)->32076K(46080K)
[4516.484s][info ][gc,heap        ] GC(266) ParOldGen: 574898K(608768K)->574946K(608768K)
[4516.484s][info ][gc,metaspace   ] GC(266) Metaspace: 92879K(94016K)->92879K(94016K) NonClass: 79652K(80256K)->79652K(80256K) Class: 13226K(13760K)->13226K(13760K)
[4516.484s][info ][gc             ] GC(266) Pause Young (Allocation Failure) 2554M->592M(2595M) 11.485ms
[4516.484s][info ][gc,cpu         ] GC(266) User=0.04s Sys=0.00s Real=0.02s
[4516.484s][info ][safepoint      ] Safepoint "ParallelGCFailedAllocation", Time since last: 1210106271 ns, Reaching safepoint: 73900 ns, Cleanup: 3600 ns, At safepoint: 11554341 ns, Total: 11631841 ns
[4519.484s][info ][safepoint      ] Safepoint "Cleanup", Time since last: 3000164306 ns, Reaching safepoint: 5300 ns, Cleanup: 13000 ns, At safepoint: 2300 ns, Total: 20600 ns
[4524.485s][info ][safepoint      ] Safepoint "Cleanup", Time since last: 5000334454 ns, Reaching safepoint: 4600 ns, Cleanup: 13400 ns, At safepoint: 1900 ns, Total: 19900 ns
[4527.485s][info ][safepoint      ] Safepoint "Cleanup", Time since last: 3000218564 ns, Reaching safepoint: 4300 ns, Cleanup: 8800 ns, At safepoint: 20800 ns, Total: 33900 ns
[4529.573s][info ][gc,start       ] GC(267) Pause Young (Allocation Failure)
[4529.583s][debug][gc,phases      ] GC(267) Scavenge 10.138ms
[4529.583s][debug][gc,ref         ] GC(267) Skipped phase 1 of Reference Processing: no references
[4529.583s][debug][gc,ref         ] GC(267) ReferenceProcessor::execute queues: 1, RefProcThreadModel::Single, marks_oops_alive: false
[4529.583s][debug][gc,ref         ] GC(267) Skipped phase 3 of Reference Processing: no references
[4529.583s][debug][gc,ref         ] GC(267) ReferenceProcessor::execute queues: 1, RefProcThreadModel::Single, marks_oops_alive: false
[4529.583s][debug][gc,phases      ] GC(267) Reference Processing 0.102ms
[4529.584s][debug][gc,phases      ] GC(267)   VM Weak                        Min:  0.0, Avg:  0.0, Max:  0.0, Diff:  0.0, Sum:  0.0, Workers: 4
[4529.584s][debug][gc,phases      ] GC(267)     Dead                           Min: 0, Avg:  0.0, Max: 0, Diff: 0, Sum: 0, Workers: 4
[4529.584s][debug][gc,phases      ] GC(267)     Total                          Min: 0, Avg: 251.5, Max: 448, Diff: 448, Sum: 1006, Workers: 4
[4529.584s][debug][gc,phases      ] GC(267)   ObjectSynchronizer Weak        Min:  0.0, Avg:  0.0, Max:  0.0, Diff:  0.0, Sum:  0.0, Workers: 4
[4529.584s][debug][gc,phases      ] GC(267)     Dead                           Min: 0, Avg:  0.0, Max: 0, Diff: 0, Sum: 0, Workers: 4
[4529.584s][debug][gc,phases      ] GC(267)     Total                          Min: 0, Avg:  1.5, Max: 6, Diff: 6, Sum: 6, Workers: 4
[4529.584s][debug][gc,phases      ] GC(267)   JVMTI Tag Weak OopStorage      Min:  0.0, Avg:  0.0, Max:  0.0, Diff:  0.0, Sum:  0.0, Workers: 4
[4529.584s][debug][gc,phases      ] GC(267)     Dead                           Min: 0, Avg:  0.0, Max: 0, Diff: 0, Sum: 0, Workers: 4
[4529.584s][debug][gc,phases      ] GC(267)     Total                          Min: 0, Avg:  0.0, Max: 0, Diff: 0, Sum: 0, Workers: 4
[4529.584s][debug][gc,phases      ] GC(267)   StringTable Weak               Min:  0.0, Avg:  0.1, Max:  0.1, Diff:  0.1, Sum:  0.3, Workers: 4
[4529.584s][debug][gc,phases      ] GC(267)     Dead                           Min: 0, Avg:  0.0, Max: 0, Diff: 0, Sum: 0, Workers: 4
[4529.584s][debug][gc,phases      ] GC(267)     Total                          Min: 0, Avg: 11378.0, Max: 20616, Diff: 20616, Sum: 45512, Workers: 4
[4529.584s][debug][gc,phases      ] GC(267)   ResolvedMethodTable Weak       Min:  0.0, Avg:  0.0, Max:  0.0, Diff:  0.0, Sum:  0.1, Workers: 4
[4529.584s][debug][gc,phases      ] GC(267)     Dead                           Min: 0, Avg:  0.0, Max: 0, Diff: 0, Sum: 0, Workers: 4
[4529.584s][debug][gc,phases      ] GC(267)     Total                          Min: 0, Avg: 2947.2, Max: 4288, Diff: 4288, Sum: 11789, Workers: 4
[4529.584s][debug][gc,phases      ] GC(267)   JNI Weak                       Min:  0.0, Avg:  0.0, Max:  0.0, Diff:  0.0, Sum:  0.0, Workers: 4
[4529.584s][debug][gc,phases      ] GC(267)     Dead                           Min: 0, Avg:  0.0, Max: 0, Diff: 0, Sum: 0, Workers: 4
[4529.584s][debug][gc,phases      ] GC(267)     Total                          Min: 0, Avg: 12.0, Max: 48, Diff: 48, Sum: 48, Workers: 4
[4529.584s][debug][gc,phases      ] GC(267)   StringDedup Table Weak         Min:  0.0, Avg:  0.0, Max:  0.0, Diff:  0.0, Sum:  0.0, Workers: 4
[4529.584s][debug][gc,phases      ] GC(267)     Dead                           Min: 0, Avg:  0.0, Max: 0, Diff: 0, Sum: 0, Workers: 4
[4529.584s][debug][gc,phases      ] GC(267)     Total                          Min: 0, Avg:  0.0, Max: 0, Diff: 0, Sum: 0, Workers: 4
[4529.584s][debug][gc,phases      ] GC(267)   StringDedup Requests0 Weak     Min:  0.0, Avg:  0.0, Max:  0.0, Diff:  0.0, Sum:  0.0, Workers: 4
[4529.584s][debug][gc,phases      ] GC(267)     Dead                           Min: 0, Avg:  0.0, Max: 0, Diff: 0, Sum: 0, Workers: 4
[4529.584s][debug][gc,phases      ] GC(267)     Total                          Min: 0, Avg:  0.0, Max: 0, Diff: 0, Sum: 0, Workers: 4
[4529.584s][debug][gc,phases      ] GC(267)   StringDedup Requests1 Weak     Min:  0.0, Avg:  0.0, Max:  0.0, Diff:  0.0, Sum:  0.0, Workers: 4
[4529.584s][debug][gc,phases      ] GC(267)     Dead                           Min: 0, Avg:  0.0, Max: 0, Diff: 0, Sum: 0, Workers: 4
[4529.584s][debug][gc,phases      ] GC(267)     Total                          Min: 0, Avg:  0.0, Max: 0, Diff: 0, Sum: 0, Workers: 4
[4529.584s][debug][gc,phases      ] GC(267)   Weak JFR Old Object Samples    Min:  0.0, Avg:  0.0, Max:  0.0, Diff:  0.0, Sum:  0.0, Workers: 4
[4529.584s][debug][gc,phases      ] GC(267)     Dead                           Min: 0, Avg:  0.0, Max: 0, Diff: 0, Sum: 0, Workers: 4
[4529.584s][debug][gc,phases      ] GC(267)     Total                          Min: 0, Avg:  0.0, Max: 0, Diff: 0, Sum: 0, Workers: 4
[4529.584s][debug][gc,phases      ] GC(267) Weak Processing 0.335ms
[4529.584s][debug][gc,age         ] GC(267) Desired survivor size 49283072 bytes, new threshold 15 (max threshold 15)
[4529.584s][info ][gc,heap        ] GC(267) PSYoungGen: 2035020K(2049024K)->32498K(2035712K) Eden: 2002944K(2002944K)->0K(2002944K) From: 32076K(46080K)->32498K(32768K)
[4529.584s][info ][gc,heap        ] GC(267) ParOldGen: 574946K(608768K)->575214K(608768K)
[4529.584s][info ][gc,metaspace   ] GC(267) Metaspace: 92886K(94016K)->92886K(94016K) NonClass: 79659K(80256K)->79659K(80256K) Class: 13226K(13760K)->13226K(13760K)
[4529.584s][info ][gc             ] GC(267) Pause Young (Allocation Failure) 2548M->593M(2582M) 10.697ms
[4529.584s][info ][gc,cpu         ] GC(267) User=0.04s Sys=0.00s Real=0.02s
[4529.584s][info ][safepoint      ] Safepoint "ParallelGCFailedAllocation", Time since last: 2087979596 ns, Reaching safepoint: 4300 ns, Cleanup: 4100 ns, At safepoint: 10764746 ns, Total: 10773146 ns
[4536.584s][info ][safepoint      ] Safepoint "Cleanup", Time since last: 7000432935 ns, Reaching safepoint: 4000 ns, Cleanup: 5900 ns, At safepoint: 1800 ns, Total: 11700 ns
[4537.584s][info ][safepoint      ] Safepoint "Cleanup", Time since last: 1000095854 ns, Reaching safepoint: 4500 ns, Cleanup: 7300 ns, At safepoint: 1700 ns, Total: 13500 ns
[4539.584s][info ][safepoint      ] Safepoint "Cleanup", Time since last: 2000158313 ns, Reaching safepoint: 4200 ns, Cleanup: 8300 ns, At safepoint: 1600 ns, Total: 14100 ns
[4541.926s][info ][gc,start       ] GC(268) Pause Young (Allocation Failure)
[4541.939s][debug][gc,phases      ] GC(268) Scavenge 12.494ms
[4541.939s][debug][gc,ref         ] GC(268) Skipped phase 1 of Reference Processing: no references
[4541.939s][debug][gc,ref         ] GC(268) ReferenceProcessor::execute queues: 1, RefProcThreadModel::Single, marks_oops_alive: false
[4541.939s][debug][gc,ref         ] GC(268) Skipped phase 3 of Reference Processing: no references
[4541.939s][debug][gc,ref         ] GC(268) ReferenceProcessor::execute queues: 1, RefProcThreadModel::Single, marks_oops_alive: false
[4541.939s][debug][gc,phases      ] GC(268) Reference Processing 0.103ms
[4541.939s][debug][gc,phases      ] GC(268)   VM Weak                        Min:  0.0, Avg:  0.0, Max:  0.0, Diff:  0.0, Sum:  0.0, Workers: 4
[4541.939s][debug][gc,phases      ] GC(268)     Dead                           Min: 0, Avg:  0.0, Max: 0, Diff: 0, Sum: 0, Workers: 4
[4541.939s][debug][gc,phases      ] GC(268)     Total                          Min: 0, Avg: 251.5, Max: 815, Diff: 815, Sum: 1006, Workers: 4
[4541.939s][debug][gc,phases      ] GC(268)   ObjectSynchronizer Weak        Min:  0.0, Avg:  0.0, Max:  0.0, Diff:  0.0, Sum:  0.0, Workers: 4
[4541.939s][debug][gc,phases      ] GC(268)     Dead                           Min: 0, Avg:  0.0, Max: 0, Diff: 0, Sum: 0, Workers: 4
[4541.939s][debug][gc,phases      ] GC(268)     Total                          Min: 0, Avg:  1.5, Max: 6, Diff: 6, Sum: 6, Workers: 4
[4541.939s][debug][gc,phases      ] GC(268)   JVMTI Tag Weak OopStorage      Min:  0.0, Avg:  0.0, Max:  0.0, Diff:  0.0, Sum:  0.0, Workers: 4
[4541.939s][debug][gc,phases      ] GC(268)     Dead                           Min: 0, Avg:  0.0, Max: 0, Diff: 0, Sum: 0, Workers: 4
[4541.939s][debug][gc,phases      ] GC(268)     Total                          Min: 0, Avg:  0.0, Max: 0, Diff: 0, Sum: 0, Workers: 4
[4541.939s][debug][gc,phases      ] GC(268)   StringTable Weak               Min:  0.0, Avg:  0.1, Max:  0.1, Diff:  0.1, Sum:  0.4, Workers: 4
[4541.939s][debug][gc,phases      ] GC(268)     Dead                           Min: 0, Avg:  0.0, Max: 0, Diff: 0, Sum: 0, Workers: 4
[4541.939s][debug][gc,phases      ] GC(268)     Total                          Min: 3456, Avg: 11378.0, Max: 15880, Diff: 12424, Sum: 45512, Workers: 4
[4541.939s][debug][gc,phases      ] GC(268)   ResolvedMethodTable Weak       Min:  0.0, Avg:  0.0, Max:  0.0, Diff:  0.0, Sum:  0.1, Workers: 4
[4541.939s][debug][gc,phases      ] GC(268)     Dead                           Min: 0, Avg:  0.0, Max: 0, Diff: 0, Sum: 0, Workers: 4
[4541.939s][debug][gc,phases      ] GC(268)     Total                          Min: 2560, Avg: 2947.2, Max: 3136, Diff: 576, Sum: 11789, Workers: 4
[4541.939s][debug][gc,phases      ] GC(268)   JNI Weak                       Min:  0.0, Avg:  0.0, Max:  0.0, Diff:  0.0, Sum:  0.0, Workers: 4
[4541.939s][debug][gc,phases      ] GC(268)     Dead                           Min: 0, Avg:  0.0, Max: 0, Diff: 0, Sum: 0, Workers: 4
[4541.939s][debug][gc,phases      ] GC(268)     Total                          Min: 0, Avg: 12.0, Max: 48, Diff: 48, Sum: 48, Workers: 4
[4541.939s][debug][gc,phases      ] GC(268)   StringDedup Table Weak         Min:  0.0, Avg:  0.0, Max:  0.0, Diff:  0.0, Sum:  0.0, Workers: 4
[4541.939s][debug][gc,phases      ] GC(268)     Dead                           Min: 0, Avg:  0.0, Max: 0, Diff: 0, Sum: 0, Workers: 4
[4541.939s][debug][gc,phases      ] GC(268)     Total                          Min: 0, Avg:  0.0, Max: 0, Diff: 0, Sum: 0, Workers: 4
[4541.939s][debug][gc,phases      ] GC(268)   StringDedup Requests0 Weak     Min:  0.0, Avg:  0.0, Max:  0.0, Diff:  0.0, Sum:  0.0, Workers: 4
[4541.939s][debug][gc,phases      ] GC(268)     Dead                           Min: 0, Avg:  0.0, Max: 0, Diff: 0, Sum: 0, Workers: 4
[4541.939s][debug][gc,phases      ] GC(268)     Total                          Min: 0, Avg:  0.0, Max: 0, Diff: 0, Sum: 0, Workers: 4
[4541.939s][debug][gc,phases      ] GC(268)   StringDedup Requests1 Weak     Min:  0.0, Avg:  0.0, Max:  0.0, Diff:  0.0, Sum:  0.0, Workers: 4
[4541.939s][debug][gc,phases      ] GC(268)     Dead                           Min: 0, Avg:  0.0, Max: 0, Diff: 0, Sum: 0, Workers: 4
[4541.939s][debug][gc,phases      ] GC(268)     Total                          Min: 0, Avg:  0.0, Max: 0, Diff: 0, Sum: 0, Workers: 4
[4541.939s][debug][gc,phases      ] GC(268)   Weak JFR Old Object Samples    Min:  0.0, Avg:  0.0, Max:  0.0, Diff:  0.0, Sum:  0.0, Workers: 4
[4541.939s][debug][gc,phases      ] GC(268)     Dead                           Min: 0, Avg:  0.0, Max: 0, Diff: 0, Sum: 0, Workers: 4
[4541.939s][debug][gc,phases      ] GC(268)     Total                          Min: 0, Avg:  0.0, Max: 0, Diff: 0, Sum: 0, Workers: 4
[4541.939s][debug][gc,phases      ] GC(268) Weak Processing 0.333ms
[4541.939s][debug][gc,age         ] GC(268) Desired survivor size 47710208 bytes, new threshold 15 (max threshold 15)
[4541.939s][info ][gc,heap        ] GC(268) PSYoungGen: 2035442K(2035712K)->21392K(2050560K) Eden: 2002944K(2002944K)->0K(2002432K) From: 32498K(32768K)->21392K(48128K)
[4541.939s][info ][gc,heap        ] GC(268) ParOldGen: 575214K(608768K)->587351K(608768K)
[4541.939s][info ][gc,metaspace   ] GC(268) Metaspace: 92890K(94016K)->92890K(94016K) NonClass: 79663K(80256K)->79663K(80256K) Class: 13226K(13760K)->13226K(13760K)
[4541.939s][info ][gc             ] GC(268) Pause Young (Allocation Failure) 2549M->594M(2597M) 13.040ms
[4541.939s][info ][gc,cpu         ] GC(268) User=0.05s Sys=0.00s Real=0.01s
[4541.939s][info ][safepoint      ] Safepoint "ParallelGCFailedAllocation", Time since last: 2341777901 ns, Reaching safepoint: 4000 ns, Cleanup: 3500 ns, At safepoint: 13104634 ns, Total: 13112134 ns
[4545.940s][info ][safepoint      ] Safepoint "Cleanup", Time since last: 4000249645 ns, Reaching safepoint: 5800 ns, Cleanup: 11900 ns, At safepoint: 2300 ns, Total: 20000 ns
[4551.940s][info ][safepoint      ] Safepoint "Cleanup", Time since last: 6000419022 ns, Reaching safepoint: 4500 ns, Cleanup: 8000 ns, At safepoint: 1700 ns, Total: 14200 ns
[4554.750s][info ][gc,start       ] GC(269) Pause Young (Allocation Failure)
[4554.760s][debug][gc,phases      ] GC(269) Scavenge 9.704ms
[4554.760s][debug][gc,ref         ] GC(269) Skipped phase 1 of Reference Processing: no references
[4554.760s][debug][gc,ref         ] GC(269) ReferenceProcessor::execute queues: 1, RefProcThreadModel::Single, marks_oops_alive: false
[4554.760s][debug][gc,ref         ] GC(269) Skipped phase 3 of Reference Processing: no references
[4554.760s][debug][gc,ref         ] GC(269) ReferenceProcessor::execute queues: 1, RefProcThreadModel::Single, marks_oops_alive: false
[4554.760s][debug][gc,phases      ] GC(269) Reference Processing 0.104ms
[4554.760s][debug][gc,phases      ] GC(269)   VM Weak                        Min:  0.0, Avg:  0.0, Max:  0.0, Diff:  0.0, Sum:  0.0, Workers: 4
[4554.760s][debug][gc,phases      ] GC(269)     Dead                           Min: 0, Avg:  0.0, Max: 0, Diff: 0, Sum: 0, Workers: 4
[4554.760s][debug][gc,phases      ] GC(269)     Total                          Min: 0, Avg: 251.5, Max: 511, Diff: 511, Sum: 1006, Workers: 4
[4554.760s][debug][gc,phases      ] GC(269)   ObjectSynchronizer Weak        Min:  0.0, Avg:  0.0, Max:  0.0, Diff:  0.0, Sum:  0.0, Workers: 4
[4554.760s][debug][gc,phases      ] GC(269)     Dead                           Min: 0, Avg:  0.0, Max: 0, Diff: 0, Sum: 0, Workers: 4
[4554.760s][debug][gc,phases      ] GC(269)     Total                          Min: 0, Avg:  1.5, Max: 6, Diff: 6, Sum: 6, Workers: 4
[4554.760s][debug][gc,phases      ] GC(269)   JVMTI Tag Weak OopStorage      Min:  0.0, Avg:  0.0, Max:  0.0, Diff:  0.0, Sum:  0.0, Workers: 4
[4554.760s][debug][gc,phases      ] GC(269)     Dead                           Min: 0, Avg:  0.0, Max: 0, Diff: 0, Sum: 0, Workers: 4
[4554.760s][debug][gc,phases      ] GC(269)     Total                          Min: 0, Avg:  0.0, Max: 0, Diff: 0, Sum: 0, Workers: 4
[4554.760s][debug][gc,phases      ] GC(269)   StringTable Weak               Min:  0.0, Avg:  0.1, Max:  0.1, Diff:  0.1, Sum:  0.3, Workers: 4
[4554.761s][debug][gc,phases      ] GC(269)     Dead                           Min: 0, Avg:  0.0, Max: 0, Diff: 0, Sum: 0, Workers: 4
[4554.761s][debug][gc,phases      ] GC(269)     Total                          Min: 0, Avg: 11378.0, Max: 20608, Diff: 20608, Sum: 45512, Workers: 4
[4554.761s][debug][gc,phases      ] GC(269)   ResolvedMethodTable Weak       Min:  0.0, Avg:  0.0, Max:  0.0, Diff:  0.0, Sum:  0.1, Workers: 4
[4554.761s][debug][gc,phases      ] GC(269)     Dead                           Min: 0, Avg:  0.0, Max: 0, Diff: 0, Sum: 0, Workers: 4
[4554.761s][debug][gc,phases      ] GC(269)     Total                          Min: 0, Avg: 2947.2, Max: 4941, Diff: 4941, Sum: 11789, Workers: 4
[4554.761s][debug][gc,phases      ] GC(269)   JNI Weak                       Min:  0.0, Avg:  0.0, Max:  0.0, Diff:  0.0, Sum:  0.0, Workers: 4
[4554.761s][debug][gc,phases      ] GC(269)     Dead                           Min: 0, Avg:  0.0, Max: 0, Diff: 0, Sum: 0, Workers: 4
[4554.761s][debug][gc,phases      ] GC(269)     Total                          Min: 0, Avg: 12.0, Max: 48, Diff: 48, Sum: 48, Workers: 4
[4554.761s][debug][gc,phases      ] GC(269)   StringDedup Table Weak         Min:  0.0, Avg:  0.0, Max:  0.0, Diff:  0.0, Sum:  0.0, Workers: 4
[4554.761s][debug][gc,phases      ] GC(269)     Dead                           Min: 0, Avg:  0.0, Max: 0, Diff: 0, Sum: 0, Workers: 4
[4554.761s][debug][gc,phases      ] GC(269)     Total                          Min: 0, Avg:  0.0, Max: 0, Diff: 0, Sum: 0, Workers: 4
[4554.761s][debug][gc,phases      ] GC(269)   StringDedup Requests0 Weak     Min:  0.0, Avg:  0.0, Max:  0.0, Diff:  0.0, Sum:  0.0, Workers: 4
[4554.761s][debug][gc,phases      ] GC(269)     Dead                           Min: 0, Avg:  0.0, Max: 0, Diff: 0, Sum: 0, Workers: 4
[4554.761s][debug][gc,phases      ] GC(269)     Total                          Min: 0, Avg:  0.0, Max: 0, Diff: 0, Sum: 0, Workers: 4
[4554.761s][debug][gc,phases      ] GC(269)   StringDedup Requests1 Weak     Min:  0.0, Avg:  0.0, Max:  0.0, Diff:  0.0, Sum:  0.0, Workers: 4
[4554.761s][debug][gc,phases      ] GC(269)     Dead                           Min: 0, Avg:  0.0, Max: 0, Diff: 0, Sum: 0, Workers: 4
[4554.761s][debug][gc,phases      ] GC(269)     Total                          Min: 0, Avg:  0.0, Max: 0, Diff: 0, Sum: 0, Workers: 4
[4554.761s][debug][gc,phases      ] GC(269)   Weak JFR Old Object Samples    Min:  0.0, Avg:  0.0, Max:  0.0, Diff:  0.0, Sum:  0.0, Workers: 4
[4554.761s][debug][gc,phases      ] GC(269)     Dead                           Min: 0, Avg:  0.0, Max: 0, Diff: 0, Sum: 0, Workers: 4
[4554.761s][debug][gc,phases      ] GC(269)     Total                          Min: 0, Avg:  0.0, Max: 0, Diff: 0, Sum: 0, Workers: 4
[4554.761s][debug][gc,phases      ] GC(269) Weak Processing 0.315ms
[4554.761s][debug][gc,age         ] GC(269) Desired survivor size 46137344 bytes, new threshold 15 (max threshold 15)
[4554.761s][info ][gc,heap        ] GC(269) PSYoungGen: 2023824K(2050560K)->21152K(2049024K) Eden: 2002432K(2002432K)->0K(2002432K) From: 21392K(48128K)->21152K(46592K)
[4554.761s][info ][gc,heap        ] GC(269) ParOldGen: 587351K(608768K)->587879K(608768K)
[4554.761s][info ][gc,metaspace   ] GC(269) Metaspace: 92892K(94016K)->92892K(94016K) NonClass: 79665K(80256K)->79665K(80256K) Class: 13226K(13760K)->13226K(13760K)
[4554.761s][info ][gc             ] GC(269) Pause Young (Allocation Failure) 2549M->594M(2595M) 10.252ms
[4554.761s][info ][gc,cpu         ] GC(269) User=0.03s Sys=0.00s Real=0.01s
[4554.761s][info ][safepoint      ] Safepoint "ParallelGCFailedAllocation", Time since last: 2810172828 ns, Reaching safepoint: 78200 ns, Cleanup: 3800 ns, At safepoint: 10325448 ns, Total: 10407448 ns
[4555.761s][info ][safepoint      ] Safepoint "Cleanup", Time since last: 1000088668 ns, Reaching safepoint: 73900 ns, Cleanup: 6500 ns, At safepoint: 4700 ns, Total: 85100 ns
[4562.324s][info ][safepoint      ] Safepoint "Cleanup", Time since last: 6563320147 ns, Reaching safepoint: 75899 ns, Cleanup: 11800 ns, At safepoint: 6500 ns, Total: 94199 ns
[4566.250s][info ][gc,start       ] GC(270) Pause Young (Allocation Failure)
[4566.258s][debug][gc,phases      ] GC(270) Scavenge 8.220ms
[4566.258s][debug][gc,ref         ] GC(270) Skipped phase 1 of Reference Processing: no references
[4566.259s][debug][gc,ref         ] GC(270) ReferenceProcessor::execute queues: 1, RefProcThreadModel::Single, marks_oops_alive: false
[4566.259s][debug][gc,ref         ] GC(270) Skipped phase 3 of Reference Processing: no references
[4566.259s][debug][gc,ref         ] GC(270) ReferenceProcessor::execute queues: 1, RefProcThreadModel::Single, marks_oops_alive: false
[4566.259s][debug][gc,phases      ] GC(270) Reference Processing 0.149ms
[4566.259s][debug][gc,phases      ] GC(270)   VM Weak                        Min:  0.0, Avg:  0.0, Max:  0.0, Diff:  0.0, Sum:  0.0, Workers: 4
[4566.259s][debug][gc,phases      ] GC(270)     Dead                           Min: 0, Avg:  0.0, Max: 0, Diff: 0, Sum: 0, Workers: 4
[4566.259s][debug][gc,phases      ] GC(270)     Total                          Min: 0, Avg: 251.5, Max: 703, Diff: 703, Sum: 1006, Workers: 4
[4566.259s][debug][gc,phases      ] GC(270)   ObjectSynchronizer Weak        Min:  0.0, Avg:  0.0, Max:  0.0, Diff:  0.0, Sum:  0.0, Workers: 4
[4566.259s][debug][gc,phases      ] GC(270)     Dead                           Min: 0, Avg:  0.0, Max: 0, Diff: 0, Sum: 0, Workers: 4
[4566.259s][debug][gc,phases      ] GC(270)     Total                          Min: 0, Avg:  1.5, Max: 6, Diff: 6, Sum: 6, Workers: 4
[4566.259s][debug][gc,phases      ] GC(270)   JVMTI Tag Weak OopStorage      Min:  0.0, Avg:  0.0, Max:  0.0, Diff:  0.0, Sum:  0.0, Workers: 4
[4566.259s][debug][gc,phases      ] GC(270)     Dead                           Min: 0, Avg:  0.0, Max: 0, Diff: 0, Sum: 0, Workers: 4
[4566.259s][debug][gc,phases      ] GC(270)     Total                          Min: 0, Avg:  0.0, Max: 0, Diff: 0, Sum: 0, Workers: 4
[4566.259s][debug][gc,phases      ] GC(270)   StringTable Weak               Min:  0.0, Avg:  0.1, Max:  0.1, Diff:  0.1, Sum:  0.4, Workers: 4
[4566.259s][debug][gc,phases      ] GC(270)     Dead                           Min: 0, Avg:  0.0, Max: 0, Diff: 0, Sum: 0, Workers: 4
[4566.259s][debug][gc,phases      ] GC(270)     Total                          Min: 0, Avg: 11383.5, Max: 19136, Diff: 19136, Sum: 45534, Workers: 4
[4566.259s][debug][gc,phases      ] GC(270)   ResolvedMethodTable Weak       Min:  0.0, Avg:  0.0, Max:  0.0, Diff:  0.0, Sum:  0.1, Workers: 4
[4566.259s][debug][gc,phases      ] GC(270)     Dead                           Min: 0, Avg:  0.0, Max: 0, Diff: 0, Sum: 0, Workers: 4
[4566.259s][debug][gc,phases      ] GC(270)     Total                          Min: 0, Avg: 2947.2, Max: 5440, Diff: 5440, Sum: 11789, Workers: 4
[4566.259s][debug][gc,phases      ] GC(270)   JNI Weak                       Min:  0.0, Avg:  0.0, Max:  0.0, Diff:  0.0, Sum:  0.0, Workers: 4
[4566.259s][debug][gc,phases      ] GC(270)     Dead                           Min: 0, Avg:  0.0, Max: 0, Diff: 0, Sum: 0, Workers: 4
[4566.259s][debug][gc,phases      ] GC(270)     Total                          Min: 0, Avg: 12.0, Max: 48, Diff: 48, Sum: 48, Workers: 4
[4566.259s][debug][gc,phases      ] GC(270)   StringDedup Table Weak         Min:  0.0, Avg:  0.0, Max:  0.0, Diff:  0.0, Sum:  0.0, Workers: 4
[4566.259s][debug][gc,phases      ] GC(270)     Dead                           Min: 0, Avg:  0.0, Max: 0, Diff: 0, Sum: 0, Workers: 4
[4566.259s][debug][gc,phases      ] GC(270)     Total                          Min: 0, Avg:  0.0, Max: 0, Diff: 0, Sum: 0, Workers: 4
[4566.259s][debug][gc,phases      ] GC(270)   StringDedup Requests0 Weak     Min:  0.0, Avg:  0.0, Max:  0.0, Diff:  0.0, Sum:  0.0, Workers: 4
[4566.259s][debug][gc,phases      ] GC(270)     Dead                           Min: 0, Avg:  0.0, Max: 0, Diff: 0, Sum: 0, Workers: 4
[4566.259s][debug][gc,phases      ] GC(270)     Total                          Min: 0, Avg:  0.0, Max: 0, Diff: 0, Sum: 0, Workers: 4
[4566.259s][debug][gc,phases      ] GC(270)   StringDedup Requests1 Weak     Min:  0.0, Avg:  0.0, Max:  0.0, Diff:  0.0, Sum:  0.0, Workers: 4
[4566.259s][debug][gc,phases      ] GC(270)     Dead                           Min: 0, Avg:  0.0, Max: 0, Diff: 0, Sum: 0, Workers: 4
[4566.259s][debug][gc,phases      ] GC(270)     Total                          Min: 0, Avg:  0.0, Max: 0, Diff: 0, Sum: 0, Workers: 4
[4566.259s][debug][gc,phases      ] GC(270)   Weak JFR Old Object Samples    Min:  0.0, Avg:  0.0, Max:  0.0, Diff:  0.0, Sum:  0.0, Workers: 4
[4566.259s][debug][gc,phases      ] GC(270)     Dead                           Min: 0, Avg:  0.0, Max: 0, Diff: 0, Sum: 0, Workers: 4
[4566.259s][debug][gc,phases      ] GC(270)     Total                          Min: 0, Avg:  0.0, Max: 0, Diff: 0, Sum: 0, Workers: 4
[4566.259s][debug][gc,phases      ] GC(270) Weak Processing 0.344ms
[4566.259s][debug][gc,age         ] GC(270) Desired survivor size 44564480 bytes, new threshold 15 (max threshold 15)
[4566.259s][info ][gc,heap        ] GC(270) PSYoungGen: 2023584K(2049024K)->20912K(2053632K) Eden: 2002432K(2002432K)->0K(2008576K) From: 21152K(46592K)->20912K(45056K)
[4566.259s][info ][gc,heap        ] GC(270) ParOldGen: 587879K(608768K)->588115K(608768K)
[4566.259s][info ][gc,metaspace   ] GC(270) Metaspace: 92895K(94016K)->92895K(94016K) NonClass: 79668K(80256K)->79668K(80256K) Class: 13227K(13760K)->13227K(13760K)
[4566.259s][info ][gc             ] GC(270) Pause Young (Allocation Failure) 2550M->594M(2600M) 8.819ms
[4566.259s][info ][gc,cpu         ] GC(270) User=0.03s Sys=0.00s Real=0.01s
[4566.259s][info ][safepoint      ] Safepoint "ParallelGCFailedAllocation", Time since last: 3925861269 ns, Reaching safepoint: 4800 ns, Cleanup: 3200 ns, At safepoint: 8891655 ns, Total: 8899655 ns
[4568.259s][info ][safepoint      ] Safepoint "Cleanup", Time since last: 2000156351 ns, Reaching safepoint: 75400 ns, Cleanup: 8900 ns, At safepoint: 5500 ns, Total: 89800 ns
[4574.260s][info ][safepoint      ] Safepoint "Cleanup", Time since last: 6000397661 ns, Reaching safepoint: 72600 ns, Cleanup: 10800 ns, At safepoint: 4600 ns, Total: 88000 ns
[4577.301s][info ][gc,start       ] GC(271) Pause Young (Allocation Failure)
[4577.310s][debug][gc,phases      ] GC(271) Scavenge 9.672ms
[4577.310s][debug][gc,ref         ] GC(271) Skipped phase 1 of Reference Processing: no references
[4577.310s][debug][gc,ref         ] GC(271) ReferenceProcessor::execute queues: 1, RefProcThreadModel::Single, marks_oops_alive: false
[4577.310s][debug][gc,ref         ] GC(271) Skipped phase 3 of Reference Processing: no references
[4577.310s][debug][gc,ref         ] GC(271) ReferenceProcessor::execute queues: 1, RefProcThreadModel::Single, marks_oops_alive: false
[4577.310s][debug][gc,phases      ] GC(271) Reference Processing 0.094ms
[4577.311s][debug][gc,phases      ] GC(271)   VM Weak                        Min:  0.0, Avg:  0.0, Max:  0.0, Diff:  0.0, Sum:  0.0, Workers: 4
[4577.311s][debug][gc,phases      ] GC(271)     Dead                           Min: 0, Avg:  0.0, Max: 0, Diff: 0, Sum: 0, Workers: 4
[4577.311s][debug][gc,phases      ] GC(271)     Total                          Min: 0, Avg: 251.5, Max: 959, Diff: 959, Sum: 1006, Workers: 4
[4577.311s][debug][gc,phases      ] GC(271)   ObjectSynchronizer Weak        Min:  0.0, Avg:  0.0, Max:  0.0, Diff:  0.0, Sum:  0.0, Workers: 4
[4577.311s][debug][gc,phases      ] GC(271)     Dead                           Min: 0, Avg:  0.0, Max: 0, Diff: 0, Sum: 0, Workers: 4
[4577.311s][debug][gc,phases      ] GC(271)     Total                          Min: 0, Avg:  1.5, Max: 6, Diff: 6, Sum: 6, Workers: 4
[4577.311s][debug][gc,phases      ] GC(271)   JVMTI Tag Weak OopStorage      Min:  0.0, Avg:  0.0, Max:  0.0, Diff:  0.0, Sum:  0.0, Workers: 4
[4577.311s][debug][gc,phases      ] GC(271)     Dead                           Min: 0, Avg:  0.0, Max: 0, Diff: 0, Sum: 0, Workers: 4
[4577.311s][debug][gc,phases      ] GC(271)     Total                          Min: 0, Avg:  0.0, Max: 0, Diff: 0, Sum: 0, Workers: 4
[4577.311s][debug][gc,phases      ] GC(271)   StringTable Weak               Min:  0.0, Avg:  0.1, Max:  0.1, Diff:  0.1, Sum:  0.4, Workers: 4
[4577.311s][debug][gc,phases      ] GC(271)     Dead                           Min: 0, Avg:  0.0, Max: 0, Diff: 0, Sum: 0, Workers: 4
[4577.311s][debug][gc,phases      ] GC(271)     Total                          Min: 0, Avg: 11383.5, Max: 19614, Diff: 19614, Sum: 45534, Workers: 4
[4577.311s][debug][gc,phases      ] GC(271)   ResolvedMethodTable Weak       Min:  0.0, Avg:  0.0, Max:  0.0, Diff:  0.0, Sum:  0.1, Workers: 4
[4577.311s][debug][gc,phases      ] GC(271)     Dead                           Min: 0, Avg:  0.0, Max: 0, Diff: 0, Sum: 0, Workers: 4
[4577.311s][debug][gc,phases      ] GC(271)     Total                          Min: 0, Avg: 2947.2, Max: 5312, Diff: 5312, Sum: 11789, Workers: 4
[4577.311s][debug][gc,phases      ] GC(271)   JNI Weak                       Min:  0.0, Avg:  0.0, Max:  0.0, Diff:  0.0, Sum:  0.0, Workers: 4
[4577.311s][debug][gc,phases      ] GC(271)     Dead                           Min: 0, Avg:  0.0, Max: 0, Diff: 0, Sum: 0, Workers: 4
[4577.311s][debug][gc,phases      ] GC(271)     Total                          Min: 0, Avg: 12.0, Max: 48, Diff: 48, Sum: 48, Workers: 4
[4577.311s][debug][gc,phases      ] GC(271)   StringDedup Table Weak         Min:  0.0, Avg:  0.0, Max:  0.0, Diff:  0.0, Sum:  0.0, Workers: 4
[4577.311s][debug][gc,phases      ] GC(271)     Dead                           Min: 0, Avg:  0.0, Max: 0, Diff: 0, Sum: 0, Workers: 4
[4577.311s][debug][gc,phases      ] GC(271)     Total                          Min: 0, Avg:  0.0, Max: 0, Diff: 0, Sum: 0, Workers: 4
[4577.311s][debug][gc,phases      ] GC(271)   StringDedup Requests0 Weak     Min:  0.0, Avg:  0.0, Max:  0.0, Diff:  0.0, Sum:  0.0, Workers: 4
[4577.311s][debug][gc,phases      ] GC(271)     Dead                           Min: 0, Avg:  0.0, Max: 0, Diff: 0, Sum: 0, Workers: 4
[4577.311s][debug][gc,phases      ] GC(271)     Total                          Min: 0, Avg:  0.0, Max: 0, Diff: 0, Sum: 0, Workers: 4
[4577.311s][debug][gc,phases      ] GC(271)   StringDedup Requests1 Weak     Min:  0.0, Avg:  0.0, Max:  0.0, Diff:  0.0, Sum:  0.0, Workers: 4
[4577.311s][debug][gc,phases      ] GC(271)     Dead                           Min: 0, Avg:  0.0, Max: 0, Diff: 0, Sum: 0, Workers: 4
[4577.311s][debug][gc,phases      ] GC(271)     Total                          Min: 0, Avg:  0.0, Max: 0, Diff: 0, Sum: 0, Workers: 4
[4577.311s][debug][gc,phases      ] GC(271)   Weak JFR Old Object Samples    Min:  0.0, Avg:  0.0, Max:  0.0, Diff:  0.0, Sum:  0.0, Workers: 4
[4577.311s][debug][gc,phases      ] GC(271)     Dead                           Min: 0, Avg:  0.0, Max: 0, Diff: 0, Sum: 0, Workers: 4
[4577.311s][debug][gc,phases      ] GC(271)     Total                          Min: 0, Avg:  0.0, Max: 0, Diff: 0, Sum: 0, Workers: 4
[4577.311s][debug][gc,phases      ] GC(271) Weak Processing 0.328ms
[4577.311s][debug][gc,age         ] GC(271) Desired survivor size 42991616 bytes, new threshold 15 (max threshold 15)
[4577.311s][info ][gc,heap        ] GC(271) PSYoungGen: 2029488K(2053632K)->20944K(2052096K) Eden: 2008576K(2008576K)->0K(2008576K) From: 20912K(45056K)->20944K(43520K)
[4577.311s][info ][gc,heap        ] GC(271) ParOldGen: 588115K(608768K)->588307K(608768K)
[4577.311s][info ][gc,metaspace   ] GC(271) Metaspace: 92895K(94016K)->92895K(94016K) NonClass: 79668K(80256K)->79668K(80256K) Class: 13227K(13760K)->13227K(13760K)
[4577.311s][info ][gc             ] GC(271) Pause Young (Allocation Failure) 2556M->594M(2598M) 10.196ms
[4577.311s][info ][gc,cpu         ] GC(271) User=0.03s Sys=0.00s Real=0.01s
[4577.311s][info ][safepoint      ] Safepoint "ParallelGCFailedAllocation", Time since last: 3040633706 ns, Reaching safepoint: 76899 ns, Cleanup: 3800 ns, At safepoint: 10286750 ns, Total: 10367449 ns
[4588.250s][info ][gc,start       ] GC(272) Pause Young (Allocation Failure)
[4588.259s][debug][gc,phases      ] GC(272) Scavenge 8.235ms
[4588.259s][debug][gc,ref         ] GC(272) Skipped phase 1 of Reference Processing: no references
[4588.259s][debug][gc,ref         ] GC(272) ReferenceProcessor::execute queues: 1, RefProcThreadModel::Single, marks_oops_alive: false
[4588.259s][debug][gc,ref         ] GC(272) Skipped phase 3 of Reference Processing: no references
[4588.259s][debug][gc,ref         ] GC(272) ReferenceProcessor::execute queues: 1, RefProcThreadModel::Single, marks_oops_alive: false
[4588.259s][debug][gc,phases      ] GC(272) Reference Processing 0.107ms
[4588.259s][debug][gc,phases      ] GC(272)   VM Weak                        Min:  0.0, Avg:  0.0, Max:  0.0, Diff:  0.0, Sum:  0.0, Workers: 4
[4588.259s][debug][gc,phases      ] GC(272)     Dead                           Min: 0, Avg:  0.0, Max: 0, Diff: 0, Sum: 0, Workers: 4
[4588.259s][debug][gc,phases      ] GC(272)     Total                          Min: 0, Avg: 251.5, Max: 767, Diff: 767, Sum: 1006, Workers: 4
[4588.259s][debug][gc,phases      ] GC(272)   ObjectSynchronizer Weak        Min:  0.0, Avg:  0.0, Max:  0.0, Diff:  0.0, Sum:  0.0, Workers: 4
[4588.259s][debug][gc,phases      ] GC(272)     Dead                           Min: 0, Avg:  0.0, Max: 0, Diff: 0, Sum: 0, Workers: 4
[4588.259s][debug][gc,phases      ] GC(272)     Total                          Min: 0, Avg:  1.5, Max: 6, Diff: 6, Sum: 6, Workers: 4
[4588.259s][debug][gc,phases      ] GC(272)   JVMTI Tag Weak OopStorage      Min:  0.0, Avg:  0.0, Max:  0.0, Diff:  0.0, Sum:  0.0, Workers: 4
[4588.259s][debug][gc,phases      ] GC(272)     Dead                           Min: 0, Avg:  0.0, Max: 0, Diff: 0, Sum: 0, Workers: 4
[4588.259s][debug][gc,phases      ] GC(272)     Total                          Min: 0, Avg:  0.0, Max: 0, Diff: 0, Sum: 0, Workers: 4
[4588.259s][debug][gc,phases      ] GC(272)   StringTable Weak               Min:  0.0, Avg:  0.1, Max:  0.1, Diff:  0.1, Sum:  0.4, Workers: 4
[4588.259s][debug][gc,phases      ] GC(272)     Dead                           Min: 0, Avg:  0.0, Max: 0, Diff: 0, Sum: 0, Workers: 4
[4588.259s][debug][gc,phases      ] GC(272)     Total                          Min: 0, Avg: 11383.5, Max: 19456, Diff: 19456, Sum: 45534, Workers: 4
[4588.259s][debug][gc,phases      ] GC(272)   ResolvedMethodTable Weak       Min:  0.0, Avg:  0.0, Max:  0.0, Diff:  0.0, Sum:  0.1, Workers: 4
[4588.259s][debug][gc,phases      ] GC(272)     Dead                           Min: 0, Avg:  0.0, Max: 0, Diff: 0, Sum: 0, Workers: 4
[4588.259s][debug][gc,phases      ] GC(272)     Total                          Min: 0, Avg: 2947.2, Max: 4813, Diff: 4813, Sum: 11789, Workers: 4
[4588.259s][debug][gc,phases      ] GC(272)   JNI Weak                       Min:  0.0, Avg:  0.0, Max:  0.0, Diff:  0.0, Sum:  0.0, Workers: 4
[4588.259s][debug][gc,phases      ] GC(272)     Dead                           Min: 0, Avg:  0.0, Max: 0, Diff: 0, Sum: 0, Workers: 4
[4588.259s][debug][gc,phases      ] GC(272)     Total                          Min: 0, Avg: 12.0, Max: 48, Diff: 48, Sum: 48, Workers: 4
[4588.259s][debug][gc,phases      ] GC(272)   StringDedup Table Weak         Min:  0.0, Avg:  0.0, Max:  0.0, Diff:  0.0, Sum:  0.0, Workers: 4
[4588.259s][debug][gc,phases      ] GC(272)     Dead                           Min: 0, Avg:  0.0, Max: 0, Diff: 0, Sum: 0, Workers: 4
[4588.259s][debug][gc,phases      ] GC(272)     Total                          Min: 0, Avg:  0.0, Max: 0, Diff: 0, Sum: 0, Workers: 4
[4588.259s][debug][gc,phases      ] GC(272)   StringDedup Requests0 Weak     Min:  0.0, Avg:  0.0, Max:  0.0, Diff:  0.0, Sum:  0.0, Workers: 4
[4588.259s][debug][gc,phases      ] GC(272)     Dead                           Min: 0, Avg:  0.0, Max: 0, Diff: 0, Sum: 0, Workers: 4
[4588.259s][debug][gc,phases      ] GC(272)     Total                          Min: 0, Avg:  0.0, Max: 0, Diff: 0, Sum: 0, Workers: 4
[4588.259s][debug][gc,phases      ] GC(272)   StringDedup Requests1 Weak     Min:  0.0, Avg:  0.0, Max:  0.0, Diff:  0.0, Sum:  0.0, Workers: 4
[4588.259s][debug][gc,phases      ] GC(272)     Dead                           Min: 0, Avg:  0.0, Max: 0, Diff: 0, Sum: 0, Workers: 4
[4588.259s][debug][gc,phases      ] GC(272)     Total                          Min: 0, Avg:  0.0, Max: 0, Diff: 0, Sum: 0, Workers: 4
[4588.259s][debug][gc,phases      ] GC(272)   Weak JFR Old Object Samples    Min:  0.0, Avg:  0.0, Max:  0.0, Diff:  0.0, Sum:  0.0, Workers: 4
[4588.259s][debug][gc,phases      ] GC(272)     Dead                           Min: 0, Avg:  0.0, Max: 0, Diff: 0, Sum: 0, Workers: 4
[4588.259s][debug][gc,phases      ] GC(272)     Total                          Min: 0, Avg:  0.0, Max: 0, Diff: 0, Sum: 0, Workers: 4
[4588.259s][debug][gc,phases      ] GC(272) Weak Processing 0.345ms
[4588.259s][debug][gc,age         ] GC(272) Desired survivor size 41418752 bytes, new threshold 15 (max threshold 15)
[4588.259s][info ][gc,heap        ] GC(272) PSYoungGen: 2029520K(2052096K)->20624K(2056704K) Eden: 2008576K(2008576K)->0K(2014720K) From: 20944K(43520K)->20624K(41984K)
[4588.259s][info ][gc,heap        ] GC(272) ParOldGen: 588307K(608768K)->588487K(608768K)
[4588.259s][info ][gc,metaspace   ] GC(272) Metaspace: 92898K(94016K)->92898K(94016K) NonClass: 79670K(80256K)->79670K(80256K) Class: 13227K(13760K)->13227K(13760K)
[4588.259s][info ][gc             ] GC(272) Pause Young (Allocation Failure) 2556M->594M(2603M) 8.821ms
[4588.259s][info ][gc,cpu         ] GC(272) User=0.03s Sys=0.00s Real=0.01s
[4588.259s][info ][safepoint      ] Safepoint "ParallelGCFailedAllocation", Time since last: 10939624499 ns, Reaching safepoint: 80500 ns, Cleanup: 3700 ns, At safepoint: 8897855 ns, Total: 8982055 ns
[4598.260s][info ][safepoint      ] Safepoint "Cleanup", Time since last: 10000695975 ns, Reaching safepoint: 72800 ns, Cleanup: 8400 ns, At safepoint: 5700 ns, Total: 86900 ns
[4599.727s][info ][gc,start       ] GC(273) Pause Young (Allocation Failure)
[4599.738s][debug][gc,phases      ] GC(273) Scavenge 10.712ms
[4599.738s][debug][gc,ref         ] GC(273) Skipped phase 1 of Reference Processing: no references
[4599.738s][debug][gc,ref         ] GC(273) ReferenceProcessor::execute queues: 1, RefProcThreadModel::Single, marks_oops_alive: false
[4599.738s][debug][gc,ref         ] GC(273) Skipped phase 3 of Reference Processing: no references
[4599.738s][debug][gc,ref         ] GC(273) ReferenceProcessor::execute queues: 1, RefProcThreadModel::Single, marks_oops_alive: false
[4599.738s][debug][gc,phases      ] GC(273) Reference Processing 0.106ms
[4599.738s][debug][gc,phases      ] GC(273)   VM Weak                        Min:  0.0, Avg:  0.0, Max:  0.0, Diff:  0.0, Sum:  0.0, Workers: 4
[4599.738s][debug][gc,phases      ] GC(273)     Dead                           Min: 0, Avg:  0.0, Max: 0, Diff: 0, Sum: 0, Workers: 4
[4599.738s][debug][gc,phases      ] GC(273)     Total                          Min: 0, Avg: 251.5, Max: 575, Diff: 575, Sum: 1006, Workers: 4
[4599.738s][debug][gc,phases      ] GC(273)   ObjectSynchronizer Weak        Min:  0.0, Avg:  0.0, Max:  0.0, Diff:  0.0, Sum:  0.0, Workers: 4
[4599.738s][debug][gc,phases      ] GC(273)     Dead                           Min: 0, Avg:  0.0, Max: 0, Diff: 0, Sum: 0, Workers: 4
[4599.738s][debug][gc,phases      ] GC(273)     Total                          Min: 0, Avg:  1.5, Max: 6, Diff: 6, Sum: 6, Workers: 4
[4599.738s][debug][gc,phases      ] GC(273)   JVMTI Tag Weak OopStorage      Min:  0.0, Avg:  0.0, Max:  0.0, Diff:  0.0, Sum:  0.0, Workers: 4
[4599.738s][debug][gc,phases      ] GC(273)     Dead                           Min: 0, Avg:  0.0, Max: 0, Diff: 0, Sum: 0, Workers: 4
[4599.738s][debug][gc,phases      ] GC(273)     Total                          Min: 0, Avg:  0.0, Max: 0, Diff: 0, Sum: 0, Workers: 4
[4599.738s][debug][gc,phases      ] GC(273)   StringTable Weak               Min:  0.0, Avg:  0.1, Max:  0.1, Diff:  0.1, Sum:  0.4, Workers: 4
[4599.738s][debug][gc,phases      ] GC(273)     Dead                           Min: 0, Avg:  0.0, Max: 0, Diff: 0, Sum: 0, Workers: 4
[4599.738s][debug][gc,phases      ] GC(273)     Total                          Min: 0, Avg: 11383.5, Max: 19166, Diff: 19166, Sum: 45534, Workers: 4
[4599.738s][debug][gc,phases      ] GC(273)   ResolvedMethodTable Weak       Min:  0.0, Avg:  0.0, Max:  0.0, Diff:  0.0, Sum:  0.1, Workers: 4
[4599.738s][debug][gc,phases      ] GC(273)     Dead                           Min: 0, Avg:  0.0, Max: 0, Diff: 0, Sum: 0, Workers: 4
[4599.738s][debug][gc,phases      ] GC(273)     Total                          Min: 0, Avg: 2947.2, Max: 5325, Diff: 5325, Sum: 11789, Workers: 4
[4599.738s][debug][gc,phases      ] GC(273)   JNI Weak                       Min:  0.0, Avg:  0.0, Max:  0.0, Diff:  0.0, Sum:  0.0, Workers: 4
[4599.738s][debug][gc,phases      ] GC(273)     Dead                           Min: 0, Avg:  0.0, Max: 0, Diff: 0, Sum: 0, Workers: 4
[4599.738s][debug][gc,phases      ] GC(273)     Total                          Min: 0, Avg: 12.0, Max: 48, Diff: 48, Sum: 48, Workers: 4
[4599.738s][debug][gc,phases      ] GC(273)   StringDedup Table Weak         Min:  0.0, Avg:  0.0, Max:  0.0, Diff:  0.0, Sum:  0.0, Workers: 4
[4599.738s][debug][gc,phases      ] GC(273)     Dead                           Min: 0, Avg:  0.0, Max: 0, Diff: 0, Sum: 0, Workers: 4
[4599.738s][debug][gc,phases      ] GC(273)     Total                          Min: 0, Avg:  0.0, Max: 0, Diff: 0, Sum: 0, Workers: 4
[4599.738s][debug][gc,phases      ] GC(273)   StringDedup Requests0 Weak     Min:  0.0, Avg:  0.0, Max:  0.0, Diff:  0.0, Sum:  0.0, Workers: 4
[4599.738s][debug][gc,phases      ] GC(273)     Dead                           Min: 0, Avg:  0.0, Max: 0, Diff: 0, Sum: 0, Workers: 4
[4599.738s][debug][gc,phases      ] GC(273)     Total                          Min: 0, Avg:  0.0, Max: 0, Diff: 0, Sum: 0, Workers: 4
[4599.738s][debug][gc,phases      ] GC(273)   StringDedup Requests1 Weak     Min:  0.0, Avg:  0.0, Max:  0.0, Diff:  0.0, Sum:  0.0, Workers: 4
[4599.738s][debug][gc,phases      ] GC(273)     Dead                           Min: 0, Avg:  0.0, Max: 0, Diff: 0, Sum: 0, Workers: 4
[4599.738s][debug][gc,phases      ] GC(273)     Total                          Min: 0, Avg:  0.0, Max: 0, Diff: 0, Sum: 0, Workers: 4
[4599.738s][debug][gc,phases      ] GC(273)   Weak JFR Old Object Samples    Min:  0.0, Avg:  0.0, Max:  0.0, Diff:  0.0, Sum:  0.0, Workers: 4
[4599.738s][debug][gc,phases      ] GC(273)     Dead                           Min: 0, Avg:  0.0, Max: 0, Diff: 0, Sum: 0, Workers: 4
[4599.738s][debug][gc,phases      ] GC(273)     Total                          Min: 0, Avg:  0.0, Max: 0, Diff: 0, Sum: 0, Workers: 4
[4599.738s][debug][gc,phases      ] GC(273) Weak Processing 0.336ms
[4599.738s][debug][gc,age         ] GC(273) Desired survivor size 40370176 bytes, new threshold 15 (max threshold 15)
[4599.739s][info ][gc,heap        ] GC(273) PSYoungGen: 2035344K(2056704K)->20448K(2055168K) Eden: 2014720K(2014720K)->0K(2014720K) From: 20624K(41984K)->20448K(40448K)
[4599.739s][info ][gc,heap        ] GC(273) ParOldGen: 588487K(608768K)->588652K(608768K)
[4599.739s][info ][gc,metaspace   ] GC(273) Metaspace: 92898K(94016K)->92898K(94016K) NonClass: 79671K(80256K)->79671K(80256K) Class: 13227K(13760K)->13227K(13760K)
[4599.739s][info ][gc             ] GC(273) Pause Young (Allocation Failure) 2562M->594M(2601M) 11.256ms
[4599.739s][info ][gc,cpu         ] GC(273) User=0.03s Sys=0.00s Real=0.01s
[4599.739s][info ][safepoint      ] Safepoint "ParallelGCFailedAllocation", Time since last: 1467083422 ns, Reaching safepoint: 4899 ns, Cleanup: 3800 ns, At safepoint: 11320344 ns, Total: 11329043 ns
[4609.739s][info ][safepoint      ] Safepoint "Cleanup", Time since last: 10000619131 ns, Reaching safepoint: 6500 ns, Cleanup: 10600 ns, At safepoint: 19400 ns, Total: 36500 ns
[4610.739s][info ][safepoint      ] Safepoint "Cleanup", Time since last: 1000099574 ns, Reaching safepoint: 4300 ns, Cleanup: 8200 ns, At safepoint: 1900 ns, Total: 14400 ns
[4611.752s][info ][gc,start       ] GC(274) Pause Young (Allocation Failure)
[4611.760s][debug][gc,phases      ] GC(274) Scavenge 8.169ms
[4611.760s][debug][gc,ref         ] GC(274) Skipped phase 1 of Reference Processing: no references
[4611.760s][debug][gc,ref         ] GC(274) ReferenceProcessor::execute queues: 1, RefProcThreadModel::Single, marks_oops_alive: false
[4611.760s][debug][gc,ref         ] GC(274) Skipped phase 3 of Reference Processing: no references
[4611.760s][debug][gc,ref         ] GC(274) ReferenceProcessor::execute queues: 1, RefProcThreadModel::Single, marks_oops_alive: false
[4611.760s][debug][gc,phases      ] GC(274) Reference Processing 0.109ms
[4611.760s][debug][gc,phases      ] GC(274)   VM Weak                        Min:  0.0, Avg:  0.0, Max:  0.0, Diff:  0.0, Sum:  0.0, Workers: 4
[4611.760s][debug][gc,phases      ] GC(274)     Dead                           Min: 0, Avg:  0.0, Max: 0, Diff: 0, Sum: 0, Workers: 4
[4611.760s][debug][gc,phases      ] GC(274)     Total                          Min: 0, Avg: 251.5, Max: 959, Diff: 959, Sum: 1006, Workers: 4
[4611.760s][debug][gc,phases      ] GC(274)   ObjectSynchronizer Weak        Min:  0.0, Avg:  0.0, Max:  0.0, Diff:  0.0, Sum:  0.0, Workers: 4
[4611.760s][debug][gc,phases      ] GC(274)     Dead                           Min: 0, Avg:  0.0, Max: 0, Diff: 0, Sum: 0, Workers: 4
[4611.760s][debug][gc,phases      ] GC(274)     Total                          Min: 0, Avg:  1.5, Max: 6, Diff: 6, Sum: 6, Workers: 4
[4611.760s][debug][gc,phases      ] GC(274)   JVMTI Tag Weak OopStorage      Min:  0.0, Avg:  0.0, Max:  0.0, Diff:  0.0, Sum:  0.0, Workers: 4
[4611.760s][debug][gc,phases      ] GC(274)     Dead                           Min: 0, Avg:  0.0, Max: 0, Diff: 0, Sum: 0, Workers: 4
[4611.760s][debug][gc,phases      ] GC(274)     Total                          Min: 0, Avg:  0.0, Max: 0, Diff: 0, Sum: 0, Workers: 4
[4611.760s][debug][gc,phases      ] GC(274)   StringTable Weak               Min:  0.0, Avg:  0.1, Max:  0.1, Diff:  0.1, Sum:  0.4, Workers: 4
[4611.760s][debug][gc,phases      ] GC(274)     Dead                           Min: 0, Avg:  0.0, Max: 0, Diff: 0, Sum: 0, Workers: 4
[4611.760s][debug][gc,phases      ] GC(274)     Total                          Min: 0, Avg: 11383.5, Max: 18846, Diff: 18846, Sum: 45534, Workers: 4
[4611.760s][debug][gc,phases      ] GC(274)   ResolvedMethodTable Weak       Min:  0.0, Avg:  0.0, Max:  0.0, Diff:  0.0, Sum:  0.1, Workers: 4
[4611.760s][debug][gc,phases      ] GC(274)     Dead                           Min: 0, Avg:  0.0, Max: 0, Diff: 0, Sum: 0, Workers: 4
[4611.760s][debug][gc,phases      ] GC(274)     Total                          Min: 0, Avg: 2947.2, Max: 5056, Diff: 5056, Sum: 11789, Workers: 4
[4611.760s][debug][gc,phases      ] GC(274)   JNI Weak                       Min:  0.0, Avg:  0.0, Max:  0.0, Diff:  0.0, Sum:  0.0, Workers: 4
[4611.760s][debug][gc,phases      ] GC(274)     Dead                           Min: 0, Avg:  0.0, Max: 0, Diff: 0, Sum: 0, Workers: 4
[4611.760s][debug][gc,phases      ] GC(274)     Total                          Min: 0, Avg: 12.0, Max: 48, Diff: 48, Sum: 48, Workers: 4
[4611.760s][debug][gc,phases      ] GC(274)   StringDedup Table Weak         Min:  0.0, Avg:  0.0, Max:  0.0, Diff:  0.0, Sum:  0.0, Workers: 4
[4611.760s][debug][gc,phases      ] GC(274)     Dead                           Min: 0, Avg:  0.0, Max: 0, Diff: 0, Sum: 0, Workers: 4
[4611.760s][debug][gc,phases      ] GC(274)     Total                          Min: 0, Avg:  0.0, Max: 0, Diff: 0, Sum: 0, Workers: 4
[4611.760s][debug][gc,phases      ] GC(274)   StringDedup Requests0 Weak     Min:  0.0, Avg:  0.0, Max:  0.0, Diff:  0.0, Sum:  0.0, Workers: 4
[4611.760s][debug][gc,phases      ] GC(274)     Dead                           Min: 0, Avg:  0.0, Max: 0, Diff: 0, Sum: 0, Workers: 4
[4611.760s][debug][gc,phases      ] GC(274)     Total                          Min: 0, Avg:  0.0, Max: 0, Diff: 0, Sum: 0, Workers: 4
[4611.760s][debug][gc,phases      ] GC(274)   StringDedup Requests1 Weak     Min:  0.0, Avg:  0.0, Max:  0.0, Diff:  0.0, Sum:  0.0, Workers: 4
[4611.760s][debug][gc,phases      ] GC(274)     Dead                           Min: 0, Avg:  0.0, Max: 0, Diff: 0, Sum: 0, Workers: 4
[4611.760s][debug][gc,phases      ] GC(274)     Total                          Min: 0, Avg:  0.0, Max: 0, Diff: 0, Sum: 0, Workers: 4
[4611.760s][debug][gc,phases      ] GC(274)   Weak JFR Old Object Samples    Min:  0.0, Avg:  0.0, Max:  0.0, Diff:  0.0, Sum:  0.0, Workers: 4
[4611.760s][debug][gc,phases      ] GC(274)     Dead                           Min: 0, Avg:  0.0, Max: 0, Diff: 0, Sum: 0, Workers: 4
[4611.760s][debug][gc,phases      ] GC(274)     Total                          Min: 0, Avg:  0.0, Max: 0, Diff: 0, Sum: 0, Workers: 4
[4611.760s][debug][gc,phases      ] GC(274) Weak Processing 0.336ms
[4611.760s][debug][gc,age         ] GC(274) Desired survivor size 39321600 bytes, new threshold 15 (max threshold 15)
[4611.760s][info ][gc,heap        ] GC(274) PSYoungGen: 2035168K(2055168K)->20576K(2058752K) Eden: 2014720K(2014720K)->0K(2019328K) From: 20448K(40448K)->20576K(39424K)
[4611.760s][info ][gc,heap        ] GC(274) ParOldGen: 588652K(608768K)->588996K(608768K)
[4611.760s][info ][gc,metaspace   ] GC(274) Metaspace: 92902K(94016K)->92902K(94016K) NonClass: 79675K(80256K)->79675K(80256K) Class: 13227K(13760K)->13227K(13760K)
[4611.760s][info ][gc             ] GC(274) Pause Young (Allocation Failure) 2562M->595M(2605M) 8.736ms
[4611.760s][info ][gc,cpu         ] GC(274) User=0.04s Sys=0.00s Real=0.01s
[4611.760s][info ][safepoint      ] Safepoint "ParallelGCFailedAllocation", Time since last: 1012181631 ns, Reaching safepoint: 77999 ns, Cleanup: 3800 ns, At safepoint: 8810956 ns, Total: 8892755 ns
[4620.761s][info ][safepoint      ] Safepoint "Cleanup", Time since last: 9000593524 ns, Reaching safepoint: 74000 ns, Cleanup: 8500 ns, At safepoint: 5000 ns, Total: 87500 ns
[4625.501s][info ][gc,start       ] GC(275) Pause Young (Allocation Failure)
[4625.509s][debug][gc,phases      ] GC(275) Scavenge 8.392ms
[4625.509s][debug][gc,ref         ] GC(275) Skipped phase 1 of Reference Processing: no references
[4625.509s][debug][gc,ref         ] GC(275) ReferenceProcessor::execute queues: 1, RefProcThreadModel::Single, marks_oops_alive: false
[4625.509s][debug][gc,ref         ] GC(275) Skipped phase 3 of Reference Processing: no references
[4625.509s][debug][gc,ref         ] GC(275) ReferenceProcessor::execute queues: 1, RefProcThreadModel::Single, marks_oops_alive: false
[4625.509s][debug][gc,phases      ] GC(275) Reference Processing 0.108ms
[4625.510s][debug][gc,phases      ] GC(275)   VM Weak                        Min:  0.0, Avg:  0.0, Max:  0.0, Diff:  0.0, Sum:  0.0, Workers: 4
[4625.510s][debug][gc,phases      ] GC(275)     Dead                           Min: 0, Avg:  0.0, Max: 0, Diff: 0, Sum: 0, Workers: 4
[4625.510s][debug][gc,phases      ] GC(275)     Total                          Min: 0, Avg: 251.5, Max: 623, Diff: 623, Sum: 1006, Workers: 4
[4625.510s][debug][gc,phases      ] GC(275)   ObjectSynchronizer Weak        Min:  0.0, Avg:  0.0, Max:  0.0, Diff:  0.0, Sum:  0.0, Workers: 4
[4625.510s][debug][gc,phases      ] GC(275)     Dead                           Min: 0, Avg:  0.0, Max: 0, Diff: 0, Sum: 0, Workers: 4
[4625.510s][debug][gc,phases      ] GC(275)     Total                          Min: 0, Avg:  1.5, Max: 6, Diff: 6, Sum: 6, Workers: 4
[4625.510s][debug][gc,phases      ] GC(275)   JVMTI Tag Weak OopStorage      Min:  0.0, Avg:  0.0, Max:  0.0, Diff:  0.0, Sum:  0.0, Workers: 4
[4625.510s][debug][gc,phases      ] GC(275)     Dead                           Min: 0, Avg:  0.0, Max: 0, Diff: 0, Sum: 0, Workers: 4
[4625.510s][debug][gc,phases      ] GC(275)     Total                          Min: 0, Avg:  0.0, Max: 0, Diff: 0, Sum: 0, Workers: 4
[4625.510s][debug][gc,phases      ] GC(275)   StringTable Weak               Min:  0.0, Avg:  0.1, Max:  0.1, Diff:  0.1, Sum:  0.3, Workers: 4
[4625.510s][debug][gc,phases      ] GC(275)     Dead                           Min: 0, Avg:  0.0, Max: 0, Diff: 0, Sum: 0, Workers: 4
[4625.510s][debug][gc,phases      ] GC(275)     Total                          Min: 0, Avg: 11383.5, Max: 20382, Diff: 20382, Sum: 45534, Workers: 4
[4625.510s][debug][gc,phases      ] GC(275)   ResolvedMethodTable Weak       Min:  0.0, Avg:  0.0, Max:  0.0, Diff:  0.0, Sum:  0.1, Workers: 4
[4625.510s][debug][gc,phases      ] GC(275)     Dead                           Min: 0, Avg:  0.0, Max: 0, Diff: 0, Sum: 0, Workers: 4
[4625.510s][debug][gc,phases      ] GC(275)     Total                          Min: 0, Avg: 2947.2, Max: 4672, Diff: 4672, Sum: 11789, Workers: 4
[4625.510s][debug][gc,phases      ] GC(275)   JNI Weak                       Min:  0.0, Avg:  0.0, Max:  0.0, Diff:  0.0, Sum:  0.0, Workers: 4
[4625.510s][debug][gc,phases      ] GC(275)     Dead                           Min: 0, Avg:  0.0, Max: 0, Diff: 0, Sum: 0, Workers: 4
[4625.510s][debug][gc,phases      ] GC(275)     Total                          Min: 0, Avg: 12.0, Max: 48, Diff: 48, Sum: 48, Workers: 4
[4625.510s][debug][gc,phases      ] GC(275)   StringDedup Table Weak         Min:  0.0, Avg:  0.0, Max:  0.0, Diff:  0.0, Sum:  0.0, Workers: 4
[4625.510s][debug][gc,phases      ] GC(275)     Dead                           Min: 0, Avg:  0.0, Max: 0, Diff: 0, Sum: 0, Workers: 4
[4625.510s][debug][gc,phases      ] GC(275)     Total                          Min: 0, Avg:  0.0, Max: 0, Diff: 0, Sum: 0, Workers: 4
[4625.510s][debug][gc,phases      ] GC(275)   StringDedup Requests0 Weak     Min:  0.0, Avg:  0.0, Max:  0.0, Diff:  0.0, Sum:  0.0, Workers: 4
[4625.510s][debug][gc,phases      ] GC(275)     Dead                           Min: 0, Avg:  0.0, Max: 0, Diff: 0, Sum: 0, Workers: 4
[4625.510s][debug][gc,phases      ] GC(275)     Total                          Min: 0, Avg:  0.0, Max: 0, Diff: 0, Sum: 0, Workers: 4
[4625.510s][debug][gc,phases      ] GC(275)   StringDedup Requests1 Weak     Min:  0.0, Avg:  0.0, Max:  0.0, Diff:  0.0, Sum:  0.0, Workers: 4
[4625.510s][debug][gc,phases      ] GC(275)     Dead                           Min: 0, Avg:  0.0, Max: 0, Diff: 0, Sum: 0, Workers: 4
[4625.510s][debug][gc,phases      ] GC(275)     Total                          Min: 0, Avg:  0.0, Max: 0, Diff: 0, Sum: 0, Workers: 4
[4625.510s][debug][gc,phases      ] GC(275)   Weak JFR Old Object Samples    Min:  0.0, Avg:  0.0, Max:  0.0, Diff:  0.0, Sum:  0.0, Workers: 4
[4625.510s][debug][gc,phases      ] GC(275)     Dead                           Min: 0, Avg:  0.0, Max: 0, Diff: 0, Sum: 0, Workers: 4
[4625.510s][debug][gc,phases      ] GC(275)     Total                          Min: 0, Avg:  0.0, Max: 0, Diff: 0, Sum: 0, Workers: 4
[4625.510s][debug][gc,phases      ] GC(275) Weak Processing 0.316ms
[4625.510s][debug][gc,age         ] GC(275) Desired survivor size 38273024 bytes, new threshold 15 (max threshold 15)
[4625.510s][info ][gc,heap        ] GC(275) PSYoungGen: 2039904K(2058752K)->19920K(2057728K) Eden: 2019328K(2019328K)->0K(2019328K) From: 20576K(39424K)->19920K(38400K)
[4625.510s][info ][gc,heap        ] GC(275) ParOldGen: 588996K(608768K)->589816K(608768K)
[4625.510s][info ][gc,metaspace   ] GC(275) Metaspace: 92904K(94080K)->92904K(94080K) NonClass: 79677K(80320K)->79677K(80320K) Class: 13227K(13760K)->13227K(13760K)
[4625.510s][info ][gc             ] GC(275) Pause Young (Allocation Failure) 2567M->595M(2604M) 8.936ms
[4625.510s][info ][gc,cpu         ] GC(275) User=0.04s Sys=0.00s Real=0.01s
[4625.510s][info ][safepoint      ] Safepoint "ParallelGCFailedAllocation", Time since last: 4739694169 ns, Reaching safepoint: 74600 ns, Cleanup: 3400 ns, At safepoint: 9034754 ns, Total: 9112754 ns
[4636.511s][info ][safepoint      ] Safepoint "Cleanup", Time since last: 11000722065 ns, Reaching safepoint: 114900 ns, Cleanup: 9500 ns, At safepoint: 27600 ns, Total: 152000 ns
[4637.951s][info ][gc,start       ] GC(276) Pause Young (Allocation Failure)
[4637.959s][debug][gc,phases      ] GC(276) Scavenge 8.039ms
[4637.959s][debug][gc,ref         ] GC(276) Skipped phase 1 of Reference Processing: no references
[4637.959s][debug][gc,ref         ] GC(276) ReferenceProcessor::execute queues: 1, RefProcThreadModel::Single, marks_oops_alive: false
[4637.959s][debug][gc,ref         ] GC(276) Skipped phase 3 of Reference Processing: no references
[4637.959s][debug][gc,ref         ] GC(276) ReferenceProcessor::execute queues: 1, RefProcThreadModel::Single, marks_oops_alive: false
[4637.959s][debug][gc,phases      ] GC(276) Reference Processing 0.106ms
[4637.959s][debug][gc,phases      ] GC(276)   VM Weak                        Min:  0.0, Avg:  0.0, Max:  0.0, Diff:  0.0, Sum:  0.0, Workers: 4
[4637.959s][debug][gc,phases      ] GC(276)     Dead                           Min: 0, Avg:  0.0, Max: 0, Diff: 0, Sum: 0, Workers: 4
[4637.959s][debug][gc,phases      ] GC(276)     Total                          Min: 0, Avg: 251.5, Max: 447, Diff: 447, Sum: 1006, Workers: 4
[4637.959s][debug][gc,phases      ] GC(276)   ObjectSynchronizer Weak        Min:  0.0, Avg:  0.0, Max:  0.0, Diff:  0.0, Sum:  0.0, Workers: 4
[4637.959s][debug][gc,phases      ] GC(276)     Dead                           Min: 0, Avg:  0.0, Max: 0, Diff: 0, Sum: 0, Workers: 4
[4637.959s][debug][gc,phases      ] GC(276)     Total                          Min: 0, Avg:  1.5, Max: 6, Diff: 6, Sum: 6, Workers: 4
[4637.959s][debug][gc,phases      ] GC(276)   JVMTI Tag Weak OopStorage      Min:  0.0, Avg:  0.0, Max:  0.0, Diff:  0.0, Sum:  0.0, Workers: 4
[4637.959s][debug][gc,phases      ] GC(276)     Dead                           Min: 0, Avg:  0.0, Max: 0, Diff: 0, Sum: 0, Workers: 4
[4637.959s][debug][gc,phases      ] GC(276)     Total                          Min: 0, Avg:  0.0, Max: 0, Diff: 0, Sum: 0, Workers: 4
[4637.959s][debug][gc,phases      ] GC(276)   StringTable Weak               Min:  0.1, Avg:  0.1, Max:  0.1, Diff:  0.0, Sum:  0.4, Workers: 4
[4637.959s][debug][gc,phases      ] GC(276)     Dead                           Min: 0, Avg:  0.0, Max: 0, Diff: 0, Sum: 0, Workers: 4
[4637.959s][debug][gc,phases      ] GC(276)     Total                          Min: 9792, Avg: 11383.5, Max: 12032, Diff: 2240, Sum: 45534, Workers: 4
[4637.959s][debug][gc,phases      ] GC(276)   ResolvedMethodTable Weak       Min:  0.0, Avg:  0.0, Max:  0.0, Diff:  0.0, Sum:  0.1, Workers: 4
[4637.959s][debug][gc,phases      ] GC(276)     Dead                           Min: 0, Avg:  0.0, Max: 0, Diff: 0, Sum: 0, Workers: 4
[4637.960s][debug][gc,phases      ] GC(276)     Total                          Min: 2880, Avg: 2947.2, Max: 3085, Diff: 205, Sum: 11789, Workers: 4
[4637.960s][debug][gc,phases      ] GC(276)   JNI Weak                       Min:  0.0, Avg:  0.0, Max:  0.0, Diff:  0.0, Sum:  0.0, Workers: 4
[4637.960s][debug][gc,phases      ] GC(276)     Dead                           Min: 0, Avg:  0.0, Max: 0, Diff: 0, Sum: 0, Workers: 4
[4637.960s][debug][gc,phases      ] GC(276)     Total                          Min: 0, Avg: 12.0, Max: 48, Diff: 48, Sum: 48, Workers: 4
[4637.960s][debug][gc,phases      ] GC(276)   StringDedup Table Weak         Min:  0.0, Avg:  0.0, Max:  0.0, Diff:  0.0, Sum:  0.0, Workers: 4
[4637.960s][debug][gc,phases      ] GC(276)     Dead                           Min: 0, Avg:  0.0, Max: 0, Diff: 0, Sum: 0, Workers: 4
[4637.960s][debug][gc,phases      ] GC(276)     Total                          Min: 0, Avg:  0.0, Max: 0, Diff: 0, Sum: 0, Workers: 4
[4637.960s][debug][gc,phases      ] GC(276)   StringDedup Requests0 Weak     Min:  0.0, Avg:  0.0, Max:  0.0, Diff:  0.0, Sum:  0.0, Workers: 4
[4637.960s][debug][gc,phases      ] GC(276)     Dead                           Min: 0, Avg:  0.0, Max: 0, Diff: 0, Sum: 0, Workers: 4
[4637.960s][debug][gc,phases      ] GC(276)     Total                          Min: 0, Avg:  0.0, Max: 0, Diff: 0, Sum: 0, Workers: 4
[4637.960s][debug][gc,phases      ] GC(276)   StringDedup Requests1 Weak     Min:  0.0, Avg:  0.0, Max:  0.0, Diff:  0.0, Sum:  0.0, Workers: 4
[4637.960s][debug][gc,phases      ] GC(276)     Dead                           Min: 0, Avg:  0.0, Max: 0, Diff: 0, Sum: 0, Workers: 4
[4637.960s][debug][gc,phases      ] GC(276)     Total                          Min: 0, Avg:  0.0, Max: 0, Diff: 0, Sum: 0, Workers: 4
[4637.960s][debug][gc,phases      ] GC(276)   Weak JFR Old Object Samples    Min:  0.0, Avg:  0.0, Max:  0.0, Diff:  0.0, Sum:  0.0, Workers: 4
[4637.960s][debug][gc,phases      ] GC(276)     Dead                           Min: 0, Avg:  0.0, Max: 0, Diff: 0, Sum: 0, Workers: 4
[4637.960s][debug][gc,phases      ] GC(276)     Total                          Min: 0, Avg:  0.0, Max: 0, Diff: 0, Sum: 0, Workers: 4
[4637.960s][debug][gc,phases      ] GC(276) Weak Processing 0.337ms
[4637.960s][debug][gc,age         ] GC(276) Desired survivor size 37224448 bytes, new threshold 15 (max threshold 15)
[4637.960s][info ][gc,heap        ] GC(276) PSYoungGen: 2039248K(2057728K)->19920K(2060800K) Eden: 2019328K(2019328K)->0K(2023424K) From: 19920K(38400K)->19920K(37376K)
[4637.960s][info ][gc,heap        ] GC(276) ParOldGen: 589816K(608768K)->589904K(608768K)
[4637.960s][info ][gc,metaspace   ] GC(276) Metaspace: 92904K(94080K)->92904K(94080K) NonClass: 79677K(80320K)->79677K(80320K) Class: 13227K(13760K)->13227K(13760K)
[4637.960s][info ][gc             ] GC(276) Pause Young (Allocation Failure) 2567M->595M(2607M) 8.595ms
[4637.960s][info ][gc,cpu         ] GC(276) User=0.03s Sys=0.00s Real=0.01s
[4637.960s][info ][safepoint      ] Safepoint "ParallelGCFailedAllocation", Time since last: 1440153982 ns, Reaching safepoint: 78900 ns, Cleanup: 4200 ns, At safepoint: 8668457 ns, Total: 8751557 ns
[4639.960s][info ][safepoint      ] Safepoint "Cleanup", Time since last: 2000156376 ns, Reaching safepoint: 76699 ns, Cleanup: 11600 ns, At safepoint: 6400 ns, Total: 94699 ns
[4644.960s][info ][safepoint      ] Safepoint "Cleanup", Time since last: 5000380827 ns, Reaching safepoint: 75500 ns, Cleanup: 10700 ns, At safepoint: 6500 ns, Total: 92700 ns
[4648.129s][info ][safepoint      ] Safepoint "ParallelGCFailedAllocation", Time since last: 3168668198 ns, Reaching safepoint: 48100 ns, Cleanup: 5200 ns, At safepoint: 14500 ns, Total: 67800 ns
[4648.129s][info ][gc,start       ] GC(277) Pause Young (GCLocker Initiated GC)
[4648.139s][debug][gc,phases      ] GC(277) Scavenge 9.907ms
[4648.139s][debug][gc,ref         ] GC(277) Skipped phase 1 of Reference Processing: no references
[4648.139s][debug][gc,ref         ] GC(277) ReferenceProcessor::execute queues: 1, RefProcThreadModel::Single, marks_oops_alive: false
[4648.139s][debug][gc,ref         ] GC(277) Skipped phase 3 of Reference Processing: no references
[4648.139s][debug][gc,ref         ] GC(277) ReferenceProcessor::execute queues: 1, RefProcThreadModel::Single, marks_oops_alive: false
[4648.139s][debug][gc,phases      ] GC(277) Reference Processing 0.108ms
[4648.140s][debug][gc,phases      ] GC(277)   VM Weak                        Min:  0.0, Avg:  0.0, Max:  0.0, Diff:  0.0, Sum:  0.0, Workers: 4
[4648.140s][debug][gc,phases      ] GC(277)     Dead                           Min: 0, Avg:  0.0, Max: 0, Diff: 0, Sum: 0, Workers: 4
[4648.140s][debug][gc,phases      ] GC(277)     Total                          Min: 0, Avg: 251.5, Max: 703, Diff: 703, Sum: 1006, Workers: 4
[4648.140s][debug][gc,phases      ] GC(277)   ObjectSynchronizer Weak        Min:  0.0, Avg:  0.0, Max:  0.0, Diff:  0.0, Sum:  0.0, Workers: 4
[4648.140s][debug][gc,phases      ] GC(277)     Dead                           Min: 0, Avg:  0.0, Max: 0, Diff: 0, Sum: 0, Workers: 4
[4648.140s][debug][gc,phases      ] GC(277)     Total                          Min: 0, Avg:  1.5, Max: 6, Diff: 6, Sum: 6, Workers: 4
[4648.140s][debug][gc,phases      ] GC(277)   JVMTI Tag Weak OopStorage      Min:  0.0, Avg:  0.0, Max:  0.0, Diff:  0.0, Sum:  0.0, Workers: 4
[4648.140s][debug][gc,phases      ] GC(277)     Dead                           Min: 0, Avg:  0.0, Max: 0, Diff: 0, Sum: 0, Workers: 4
[4648.140s][debug][gc,phases      ] GC(277)     Total                          Min: 0, Avg:  0.0, Max: 0, Diff: 0, Sum: 0, Workers: 4
[4648.140s][debug][gc,phases      ] GC(277)   StringTable Weak               Min:  0.0, Avg:  0.1, Max:  0.1, Diff:  0.1, Sum:  0.4, Workers: 4
[4648.140s][debug][gc,phases      ] GC(277)     Dead                           Min: 0, Avg:  0.0, Max: 0, Diff: 0, Sum: 0, Workers: 4
[4648.140s][debug][gc,phases      ] GC(277)     Total                          Min: 0, Avg: 11384.5, Max: 19008, Diff: 19008, Sum: 45538, Workers: 4
[4648.140s][debug][gc,phases      ] GC(277)   ResolvedMethodTable Weak       Min:  0.0, Avg:  0.0, Max:  0.0, Diff:  0.0, Sum:  0.1, Workers: 4
[4648.140s][debug][gc,phases      ] GC(277)     Dead                           Min: 0, Avg:  0.0, Max: 0, Diff: 0, Sum: 0, Workers: 4
[4648.140s][debug][gc,phases      ] GC(277)     Total                          Min: 0, Avg: 2947.2, Max: 4992, Diff: 4992, Sum: 11789, Workers: 4
[4648.140s][debug][gc,phases      ] GC(277)   JNI Weak                       Min:  0.0, Avg:  0.0, Max:  0.0, Diff:  0.0, Sum:  0.0, Workers: 4
[4648.140s][debug][gc,phases      ] GC(277)     Dead                           Min: 0, Avg:  0.0, Max: 0, Diff: 0, Sum: 0, Workers: 4
[4648.140s][debug][gc,phases      ] GC(277)     Total                          Min: 0, Avg: 12.0, Max: 48, Diff: 48, Sum: 48, Workers: 4
[4648.140s][debug][gc,phases      ] GC(277)   StringDedup Table Weak         Min:  0.0, Avg:  0.0, Max:  0.0, Diff:  0.0, Sum:  0.0, Workers: 4
[4648.140s][debug][gc,phases      ] GC(277)     Dead                           Min: 0, Avg:  0.0, Max: 0, Diff: 0, Sum: 0, Workers: 4
[4648.140s][debug][gc,phases      ] GC(277)     Total                          Min: 0, Avg:  0.0, Max: 0, Diff: 0, Sum: 0, Workers: 4
[4648.140s][debug][gc,phases      ] GC(277)   StringDedup Requests0 Weak     Min:  0.0, Avg:  0.0, Max:  0.0, Diff:  0.0, Sum:  0.0, Workers: 4
[4648.140s][debug][gc,phases      ] GC(277)     Dead                           Min: 0, Avg:  0.0, Max: 0, Diff: 0, Sum: 0, Workers: 4
[4648.140s][debug][gc,phases      ] GC(277)     Total                          Min: 0, Avg:  0.0, Max: 0, Diff: 0, Sum: 0, Workers: 4
[4648.140s][debug][gc,phases      ] GC(277)   StringDedup Requests1 Weak     Min:  0.0, Avg:  0.0, Max:  0.0, Diff:  0.0, Sum:  0.0, Workers: 4
[4648.140s][debug][gc,phases      ] GC(277)     Dead                           Min: 0, Avg:  0.0, Max: 0, Diff: 0, Sum: 0, Workers: 4
[4648.140s][debug][gc,phases      ] GC(277)     Total                          Min: 0, Avg:  0.0, Max: 0, Diff: 0, Sum: 0, Workers: 4
[4648.140s][debug][gc,phases      ] GC(277)   Weak JFR Old Object Samples    Min:  0.0, Avg:  0.0, Max:  0.0, Diff:  0.0, Sum:  0.0, Workers: 4
[4648.140s][debug][gc,phases      ] GC(277)     Dead                           Min: 0, Avg:  0.0, Max: 0, Diff: 0, Sum: 0, Workers: 4
[4648.140s][debug][gc,phases      ] GC(277)     Total                          Min: 0, Avg:  0.0, Max: 0, Diff: 0, Sum: 0, Workers: 4
[4648.140s][debug][gc,phases      ] GC(277) Weak Processing 0.326ms
[4648.140s][debug][gc,age         ] GC(277) Desired survivor size 37748736 bytes, new threshold 15 (max threshold 15)
[4648.140s][info ][gc,heap        ] GC(277) PSYoungGen: 2043344K(2060800K)->10098K(2059776K) Eden: 2023424K(2023424K)->0K(2023424K) From: 19920K(37376K)->10098K(36352K)
[4648.140s][info ][gc,heap        ] GC(277) ParOldGen: 589958K(608768K)->601074K(608768K)
[4648.140s][info ][gc,metaspace   ] GC(277) Metaspace: 92905K(94080K)->92905K(94080K) NonClass: 79678K(80320K)->79678K(80320K) Class: 13227K(13760K)->13227K(13760K)
[4648.140s][info ][gc             ] GC(277) Pause Young (GCLocker Initiated GC) 2571M->596M(2606M) 10.433ms
[4648.140s][info ][gc,cpu         ] GC(277) User=0.04s Sys=0.00s Real=0.01s
[4648.140s][debug][gc,phases      ] GC(278) Pre Compact 0.008ms
[4648.140s][info ][gc,start       ] GC(278) Pause Full (Ergonomics)
[4648.140s][info ][gc,phases,start] GC(278) Marking Phase
[4648.269s][debug][gc,phases      ] GC(278) Par Mark 129.141ms
[4648.269s][debug][gc,ref         ] GC(278) ReferenceProcessor::execute queues: 4, RefProcThreadModel::Multi, marks_oops_alive: true
[4648.269s][debug][gc,ref         ] GC(278) ReferenceProcessor::execute queues: 4, RefProcThreadModel::Multi, marks_oops_alive: false
[4648.270s][debug][gc,ref         ] GC(278) ReferenceProcessor::execute queues: 4, RefProcThreadModel::Multi, marks_oops_alive: true
[4648.270s][debug][gc,ref         ] GC(278) ReferenceProcessor::execute queues: 1, RefProcThreadModel::Single, marks_oops_alive: false
[4648.270s][debug][gc,phases      ] GC(278) Reference Processing 0.695ms
[4648.270s][debug][gc,phases      ] GC(278)   VM Weak                        Min:  0.0, Avg:  0.0, Max:  0.0, Diff:  0.0, Sum:  0.0, Workers: 4
[4648.270s][debug][gc,phases      ] GC(278)     Dead                           Min: 0, Avg: 10.0, Max: 40, Diff: 40, Sum: 40, Workers: 4
[4648.270s][debug][gc,phases      ] GC(278)     Total                          Min: 47, Avg: 251.5, Max: 575, Diff: 528, Sum: 1006, Workers: 4
[4648.270s][debug][gc,phases      ] GC(278)   ObjectSynchronizer Weak        Min:  0.0, Avg:  0.0, Max:  0.0, Diff:  0.0, Sum:  0.0, Workers: 4
[4648.270s][debug][gc,phases      ] GC(278)     Dead                           Min: 0, Avg:  0.0, Max: 0, Diff: 0, Sum: 0, Workers: 4
[4648.270s][debug][gc,phases      ] GC(278)     Total                          Min: 0, Avg:  1.5, Max: 6, Diff: 6, Sum: 6, Workers: 4
[4648.270s][debug][gc,phases      ] GC(278)   JVMTI Tag Weak OopStorage      Min:  0.0, Avg:  0.0, Max:  0.0, Diff:  0.0, Sum:  0.0, Workers: 4
[4648.270s][debug][gc,phases      ] GC(278)     Dead                           Min: 0, Avg:  0.0, Max: 0, Diff: 0, Sum: 0, Workers: 4
[4648.270s][debug][gc,phases      ] GC(278)     Total                          Min: 0, Avg:  0.0, Max: 0, Diff: 0, Sum: 0, Workers: 4
[4648.270s][debug][gc,phases      ] GC(278)   StringTable Weak               Min:  0.1, Avg:  0.1, Max:  0.1, Diff:  0.0, Sum:  0.6, Workers: 4
[4648.270s][debug][gc,phases      ] GC(278)     Dead                           Min: 53, Avg: 123.2, Max: 227, Diff: 174, Sum: 493, Workers: 4
[4648.270s][debug][gc,phases      ] GC(278)     Total                          Min: 10530, Avg: 11384.5, Max: 11904, Diff: 1374, Sum: 45538, Workers: 4
[4648.270s][debug][gc,phases      ] GC(278)   ResolvedMethodTable Weak       Min:  0.0, Avg:  0.0, Max:  0.0, Diff:  0.0, Sum:  0.1, Workers: 4
[4648.270s][debug][gc,phases      ] GC(278)     Dead                           Min: 1, Avg: 10.2, Max: 27, Diff: 26, Sum: 41, Workers: 4
[4648.270s][debug][gc,phases      ] GC(278)     Total                          Min: 2752, Avg: 2947.2, Max: 3085, Diff: 333, Sum: 11789, Workers: 4
[4648.270s][debug][gc,phases      ] GC(278)   JNI Weak                       Min:  0.0, Avg:  0.0, Max:  0.0, Diff:  0.0, Sum:  0.0, Workers: 4
[4648.270s][debug][gc,phases      ] GC(278)     Dead                           Min: 0, Avg:  0.0, Max: 0, Diff: 0, Sum: 0, Workers: 4
[4648.270s][debug][gc,phases      ] GC(278)     Total                          Min: 0, Avg: 12.0, Max: 48, Diff: 48, Sum: 48, Workers: 4
[4648.270s][debug][gc,phases      ] GC(278)   StringDedup Table Weak         Min:  0.0, Avg:  0.0, Max:  0.0, Diff:  0.0, Sum:  0.0, Workers: 4
[4648.270s][debug][gc,phases      ] GC(278)     Dead                           Min: 0, Avg:  0.0, Max: 0, Diff: 0, Sum: 0, Workers: 4
[4648.270s][debug][gc,phases      ] GC(278)     Total                          Min: 0, Avg:  0.0, Max: 0, Diff: 0, Sum: 0, Workers: 4
[4648.270s][debug][gc,phases      ] GC(278)   StringDedup Requests0 Weak     Min:  0.0, Avg:  0.0, Max:  0.0, Diff:  0.0, Sum:  0.0, Workers: 4
[4648.270s][debug][gc,phases      ] GC(278)     Dead                           Min: 0, Avg:  0.0, Max: 0, Diff: 0, Sum: 0, Workers: 4
[4648.270s][debug][gc,phases      ] GC(278)     Total                          Min: 0, Avg:  0.0, Max: 0, Diff: 0, Sum: 0, Workers: 4
[4648.270s][debug][gc,phases      ] GC(278)   StringDedup Requests1 Weak     Min:  0.0, Avg:  0.0, Max:  0.0, Diff:  0.0, Sum:  0.0, Workers: 4
[4648.270s][debug][gc,phases      ] GC(278)     Dead                           Min: 0, Avg:  0.0, Max: 0, Diff: 0, Sum: 0, Workers: 4
[4648.270s][debug][gc,phases      ] GC(278)     Total                          Min: 0, Avg:  0.0, Max: 0, Diff: 0, Sum: 0, Workers: 4
[4648.270s][debug][gc,phases      ] GC(278)   Weak JFR Old Object Samples    Min:  0.0, Avg:  0.0, Max:  0.0, Diff:  0.0, Sum:  0.0, Workers: 4
[4648.270s][debug][gc,phases      ] GC(278)     Dead                           Min: 0, Avg:  0.0, Max: 0, Diff: 0, Sum: 0, Workers: 4
[4648.270s][debug][gc,phases      ] GC(278)     Total                          Min: 0, Avg:  0.0, Max: 0, Diff: 0, Sum: 0, Workers: 4
[4648.270s][debug][gc,phases      ] GC(278) Weak Processing 0.351ms
[4648.270s][debug][gc,phases      ] GC(278) ClassLoaderData 0.305ms
[4648.270s][debug][gc,phases      ] GC(278) Trigger cleanups 0.005ms
[4648.307s][debug][gc,phases      ] GC(278) Class Unloading 36.803ms
[4648.307s][debug][gc,phases      ] GC(278) Report Object Count 0.001ms
[4648.307s][info ][gc,phases      ] GC(278) Marking Phase 167.152ms
[4648.307s][info ][gc,phases,start] GC(278) Summary Phase
[4648.307s][info ][gc,phases      ] GC(278) Summary Phase 0.019ms
[4648.307s][info ][gc,phases,start] GC(278) Adjust Roots
[4648.326s][info ][gc,phases      ] GC(278) Adjust Roots 19.511ms
[4648.327s][info ][gc,phases,start] GC(278) Compaction Phase
[4648.509s][info ][gc,phases      ] GC(278) Compaction Phase 182.873ms
[4648.509s][info ][gc,phases,start] GC(278) Post Compact
[4648.512s][info ][gc,phases      ] GC(278) Post Compact 3.057ms
[4648.513s][info ][gc,heap        ] GC(278) PSYoungGen: 10098K(2059776K)->0K(2060288K) Eden: 0K(2023424K)->0K(2023424K) From: 10098K(36352K)->0K(36864K)
[4648.513s][info ][gc,heap        ] GC(278) ParOldGen: 601074K(608768K)->509448K(663552K)
[4648.513s][info ][gc,metaspace   ] GC(278) Metaspace: 92905K(94080K)->92819K(94080K) NonClass: 79678K(80320K)->79612K(80320K) Class: 13227K(13760K)->13207K(13760K)
[4648.513s][info ][gc             ] GC(278) Pause Full (Ergonomics) 596M->497M(2660M) 372.831ms
[4648.513s][info ][gc,cpu         ] GC(278) User=1.20s Sys=0.00s Real=0.37s
[4648.513s][info ][safepoint      ] Safepoint "ParallelGCSystemGC", Time since last: 79399 ns, Reaching safepoint: 74700 ns, Cleanup: 1400 ns, At safepoint: 383464676 ns, Total: 383540776 ns
[4651.513s][info ][safepoint      ] Safepoint "Cleanup", Time since last: 3000241240 ns, Reaching safepoint: 80499 ns, Cleanup: 10500 ns, At safepoint: 5700 ns, Total: 96699 ns
[4658.700s][info ][gc,start       ] GC(279) Pause Young (Allocation Failure)
[4658.704s][debug][gc,phases      ] GC(279) Scavenge 3.634ms
[4658.704s][debug][gc,ref         ] GC(279) Skipped phase 1 of Reference Processing: no references
[4658.704s][debug][gc,ref         ] GC(279) Skipped phase 2 of Reference Processing: no references
[4658.704s][debug][gc,ref         ] GC(279) Skipped phase 3 of Reference Processing: no references
[4658.704s][debug][gc,ref         ] GC(279) Skipped phase 4 of Reference Processing: no references
[4658.704s][debug][gc,phases      ] GC(279) Reference Processing 0.020ms
[4658.704s][debug][gc,phases      ] GC(279)   VM Weak                        Min:  0.0, Avg:  0.0, Max:  0.0, Diff:  0.0, Sum:  0.0, Workers: 4
[4658.704s][debug][gc,phases      ] GC(279)     Dead                           Min: 0, Avg:  0.0, Max: 0, Diff: 0, Sum: 0, Workers: 4
[4658.704s][debug][gc,phases      ] GC(279)     Total                          Min: 0, Avg: 241.5, Max: 792, Diff: 792, Sum: 966, Workers: 4
[4658.704s][debug][gc,phases      ] GC(279)   ObjectSynchronizer Weak        Min:  0.0, Avg:  0.0, Max:  0.0, Diff:  0.0, Sum:  0.0, Workers: 4
[4658.704s][debug][gc,phases      ] GC(279)     Dead                           Min: 0, Avg:  0.0, Max: 0, Diff: 0, Sum: 0, Workers: 4
[4658.704s][debug][gc,phases      ] GC(279)     Total                          Min: 0, Avg:  1.5, Max: 6, Diff: 6, Sum: 6, Workers: 4
[4658.704s][debug][gc,phases      ] GC(279)   JVMTI Tag Weak OopStorage      Min:  0.0, Avg:  0.0, Max:  0.0, Diff:  0.0, Sum:  0.0, Workers: 4
[4658.704s][debug][gc,phases      ] GC(279)     Dead                           Min: 0, Avg:  0.0, Max: 0, Diff: 0, Sum: 0, Workers: 4
[4658.704s][debug][gc,phases      ] GC(279)     Total                          Min: 0, Avg:  0.0, Max: 0, Diff: 0, Sum: 0, Workers: 4
[4658.704s][debug][gc,phases      ] GC(279)   StringTable Weak               Min:  0.0, Avg:  0.1, Max:  0.1, Diff:  0.1, Sum:  0.4, Workers: 4
[4658.704s][debug][gc,phases      ] GC(279)     Dead                           Min: 0, Avg:  0.0, Max: 0, Diff: 0, Sum: 0, Workers: 4
[4658.704s][debug][gc,phases      ] GC(279)     Total                          Min: 0, Avg: 11384.5, Max: 18496, Diff: 18496, Sum: 45538, Workers: 4
[4658.704s][debug][gc,phases      ] GC(279)   ResolvedMethodTable Weak       Min:  0.0, Avg:  0.0, Max:  0.0, Diff:  0.0, Sum:  0.1, Workers: 4
[4658.704s][debug][gc,phases      ] GC(279)     Dead                           Min: 0, Avg:  0.0, Max: 0, Diff: 0, Sum: 0, Workers: 4
[4658.704s][debug][gc,phases      ] GC(279)     Total                          Min: 0, Avg: 2947.2, Max: 5312, Diff: 5312, Sum: 11789, Workers: 4
[4658.704s][debug][gc,phases      ] GC(279)   JNI Weak                       Min:  0.0, Avg:  0.0, Max:  0.0, Diff:  0.0, Sum:  0.0, Workers: 4
[4658.704s][debug][gc,phases      ] GC(279)     Dead                           Min: 0, Avg:  0.0, Max: 0, Diff: 0, Sum: 0, Workers: 4
[4658.704s][debug][gc,phases      ] GC(279)     Total                          Min: 0, Avg: 12.0, Max: 48, Diff: 48, Sum: 48, Workers: 4
[4658.704s][debug][gc,phases      ] GC(279)   StringDedup Table Weak         Min:  0.0, Avg:  0.0, Max:  0.0, Diff:  0.0, Sum:  0.0, Workers: 4
[4658.704s][debug][gc,phases      ] GC(279)     Dead                           Min: 0, Avg:  0.0, Max: 0, Diff: 0, Sum: 0, Workers: 4
[4658.704s][debug][gc,phases      ] GC(279)     Total                          Min: 0, Avg:  0.0, Max: 0, Diff: 0, Sum: 0, Workers: 4
[4658.704s][debug][gc,phases      ] GC(279)   StringDedup Requests0 Weak     Min:  0.0, Avg:  0.0, Max:  0.0, Diff:  0.0, Sum:  0.0, Workers: 4
[4658.704s][debug][gc,phases      ] GC(279)     Dead                           Min: 0, Avg:  0.0, Max: 0, Diff: 0, Sum: 0, Workers: 4
[4658.704s][debug][gc,phases      ] GC(279)     Total                          Min: 0, Avg:  0.0, Max: 0, Diff: 0, Sum: 0, Workers: 4
[4658.704s][debug][gc,phases      ] GC(279)   StringDedup Requests1 Weak     Min:  0.0, Avg:  0.0, Max:  0.0, Diff:  0.0, Sum:  0.0, Workers: 4
[4658.704s][debug][gc,phases      ] GC(279)     Dead                           Min: 0, Avg:  0.0, Max: 0, Diff: 0, Sum: 0, Workers: 4
[4658.704s][debug][gc,phases      ] GC(279)     Total                          Min: 0, Avg:  0.0, Max: 0, Diff: 0, Sum: 0, Workers: 4
[4658.704s][debug][gc,phases      ] GC(279)   Weak JFR Old Object Samples    Min:  0.0, Avg:  0.0, Max:  0.0, Diff:  0.0, Sum:  0.0, Workers: 4
[4658.704s][debug][gc,phases      ] GC(279)     Dead                           Min: 0, Avg:  0.0, Max: 0, Diff: 0, Sum: 0, Workers: 4
[4658.704s][debug][gc,phases      ] GC(279)     Total                          Min: 0, Avg:  0.0, Max: 0, Diff: 0, Sum: 0, Workers: 4
[4658.704s][debug][gc,phases      ] GC(279) Weak Processing 0.343ms
[4658.704s][debug][gc,age         ] GC(279) Desired survivor size 39321600 bytes, new threshold 15 (max threshold 15)
[4658.704s][info ][gc,heap        ] GC(279) PSYoungGen: 2023424K(2060288K)->2688K(2026496K) Eden: 2023424K(2023424K)->0K(2023424K) From: 0K(36864K)->2688K(3072K)
[4658.704s][info ][gc,heap        ] GC(279) ParOldGen: 509450K(663552K)->509450K(663552K)
[4658.704s][info ][gc,metaspace   ] GC(279) Metaspace: 92823K(94080K)->92823K(94080K) NonClass: 79616K(80320K)->79616K(80320K) Class: 13207K(13760K)->13207K(13760K)
[4658.705s][info ][gc             ] GC(279) Pause Young (Allocation Failure) 2473M->500M(2627M) 4.090ms
[4658.705s][info ][gc,cpu         ] GC(279) User=0.02s Sys=0.00s Real=0.01s
[4658.705s][info ][safepoint      ] Safepoint "ParallelGCFailedAllocation", Time since last: 7187217082 ns, Reaching safepoint: 74499 ns, Cleanup: 3900 ns, At safepoint: 4160179 ns, Total: 4238578 ns
[4665.705s][info ][safepoint      ] Safepoint "Cleanup", Time since last: 7000480531 ns, Reaching safepoint: 73300 ns, Cleanup: 8400 ns, At safepoint: 5000 ns, Total: 86700 ns
[4669.801s][info ][gc,start       ] GC(280) Pause Young (Allocation Failure)
[4669.804s][debug][gc,phases      ] GC(280) Scavenge 3.930ms
[4669.805s][debug][gc,ref         ] GC(280) Skipped phase 1 of Reference Processing: no references
[4669.805s][debug][gc,ref         ] GC(280) Skipped phase 2 of Reference Processing: no references
[4669.805s][debug][gc,ref         ] GC(280) Skipped phase 3 of Reference Processing: no references
[4669.805s][debug][gc,ref         ] GC(280) Skipped phase 4 of Reference Processing: no references
[4669.805s][debug][gc,phases      ] GC(280) Reference Processing 0.022ms
[4669.805s][debug][gc,phases      ] GC(280)   VM Weak                        Min:  0.0, Avg:  0.0, Max:  0.0, Diff:  0.0, Sum:  0.0, Workers: 4
[4669.805s][debug][gc,phases      ] GC(280)     Dead                           Min: 0, Avg:  0.0, Max: 0, Diff: 0, Sum: 0, Workers: 4
[4669.805s][debug][gc,phases      ] GC(280)     Total                          Min: 0, Avg: 241.5, Max: 472, Diff: 472, Sum: 966, Workers: 4
[4669.805s][debug][gc,phases      ] GC(280)   ObjectSynchronizer Weak        Min:  0.0, Avg:  0.0, Max:  0.0, Diff:  0.0, Sum:  0.0, Workers: 4
[4669.805s][debug][gc,phases      ] GC(280)     Dead                           Min: 0, Avg:  0.0, Max: 0, Diff: 0, Sum: 0, Workers: 4
[4669.805s][debug][gc,phases      ] GC(280)     Total                          Min: 0, Avg:  1.5, Max: 6, Diff: 6, Sum: 6, Workers: 4
[4669.805s][debug][gc,phases      ] GC(280)   JVMTI Tag Weak OopStorage      Min:  0.0, Avg:  0.0, Max:  0.0, Diff:  0.0, Sum:  0.0, Workers: 4
[4669.805s][debug][gc,phases      ] GC(280)     Dead                           Min: 0, Avg:  0.0, Max: 0, Diff: 0, Sum: 0, Workers: 4
[4669.805s][debug][gc,phases      ] GC(280)     Total                          Min: 0, Avg:  0.0, Max: 0, Diff: 0, Sum: 0, Workers: 4
[4669.805s][debug][gc,phases      ] GC(280)   StringTable Weak               Min:  0.0, Avg:  0.1, Max:  0.1, Diff:  0.1, Sum:  0.3, Workers: 4
[4669.805s][debug][gc,phases      ] GC(280)     Dead                           Min: 0, Avg:  0.0, Max: 0, Diff: 0, Sum: 0, Workers: 4
[4669.805s][debug][gc,phases      ] GC(280)     Total                          Min: 0, Avg: 11384.5, Max: 19490, Diff: 19490, Sum: 45538, Workers: 4
[4669.805s][debug][gc,phases      ] GC(280)   ResolvedMethodTable Weak       Min:  0.0, Avg:  0.0, Max:  0.0, Diff:  0.0, Sum:  0.1, Workers: 4
[4669.805s][debug][gc,phases      ] GC(280)     Dead                           Min: 0, Avg:  0.0, Max: 0, Diff: 0, Sum: 0, Workers: 4
[4669.805s][debug][gc,phases      ] GC(280)     Total                          Min: 0, Avg: 2947.2, Max: 5056, Diff: 5056, Sum: 11789, Workers: 4
[4669.805s][debug][gc,phases      ] GC(280)   JNI Weak                       Min:  0.0, Avg:  0.0, Max:  0.0, Diff:  0.0, Sum:  0.0, Workers: 4
[4669.805s][debug][gc,phases      ] GC(280)     Dead                           Min: 0, Avg:  0.0, Max: 0, Diff: 0, Sum: 0, Workers: 4
[4669.805s][debug][gc,phases      ] GC(280)     Total                          Min: 0, Avg: 12.0, Max: 48, Diff: 48, Sum: 48, Workers: 4
[4669.805s][debug][gc,phases      ] GC(280)   StringDedup Table Weak         Min:  0.0, Avg:  0.0, Max:  0.0, Diff:  0.0, Sum:  0.0, Workers: 4
[4669.805s][debug][gc,phases      ] GC(280)     Dead                           Min: 0, Avg:  0.0, Max: 0, Diff: 0, Sum: 0, Workers: 4
[4669.805s][debug][gc,phases      ] GC(280)     Total                          Min: 0, Avg:  0.0, Max: 0, Diff: 0, Sum: 0, Workers: 4
[4669.805s][debug][gc,phases      ] GC(280)   StringDedup Requests0 Weak     Min:  0.0, Avg:  0.0, Max:  0.0, Diff:  0.0, Sum:  0.0, Workers: 4
[4669.805s][debug][gc,phases      ] GC(280)     Dead                           Min: 0, Avg:  0.0, Max: 0, Diff: 0, Sum: 0, Workers: 4
[4669.805s][debug][gc,phases      ] GC(280)     Total                          Min: 0, Avg:  0.0, Max: 0, Diff: 0, Sum: 0, Workers: 4
[4669.805s][debug][gc,phases      ] GC(280)   StringDedup Requests1 Weak     Min:  0.0, Avg:  0.0, Max:  0.0, Diff:  0.0, Sum:  0.0, Workers: 4
[4669.805s][debug][gc,phases      ] GC(280)     Dead                           Min: 0, Avg:  0.0, Max: 0, Diff: 0, Sum: 0, Workers: 4
[4669.805s][debug][gc,phases      ] GC(280)     Total                          Min: 0, Avg:  0.0, Max: 0, Diff: 0, Sum: 0, Workers: 4
[4669.805s][debug][gc,phases      ] GC(280)   Weak JFR Old Object Samples    Min:  0.0, Avg:  0.0, Max:  0.0, Diff:  0.0, Sum:  0.0, Workers: 4
[4669.805s][debug][gc,phases      ] GC(280)     Dead                           Min: 0, Avg:  0.0, Max: 0, Diff: 0, Sum: 0, Workers: 4
[4669.805s][debug][gc,phases      ] GC(280)     Total                          Min: 0, Avg:  0.0, Max: 0, Diff: 0, Sum: 0, Workers: 4
[4669.805s][debug][gc,phases      ] GC(280) Weak Processing 0.327ms
[4669.805s][debug][gc,age         ] GC(280) Desired survivor size 39845888 bytes, new threshold 15 (max threshold 15)
[4669.805s][info ][gc,heap        ] GC(280) PSYoungGen: 2026112K(2026496K)->4272K(2057728K) Eden: 2023424K(2023424K)->0K(2019328K) From: 2688K(3072K)->4272K(38400K)
[4669.805s][info ][gc,heap        ] GC(280) ParOldGen: 509450K(663552K)->509450K(663552K)
[4669.805s][info ][gc,metaspace   ] GC(280) Metaspace: 92823K(94080K)->92823K(94080K) NonClass: 79616K(80320K)->79616K(80320K) Class: 13207K(13760K)->13207K(13760K)
[4669.805s][info ][gc             ] GC(280) Pause Young (Allocation Failure) 2476M->501M(2657M) 4.383ms
[4669.805s][info ][gc,cpu         ] GC(280) User=0.01s Sys=0.00s Real=0.01s
[4669.805s][info ][safepoint      ] Safepoint "ParallelGCFailedAllocation", Time since last: 4095284601 ns, Reaching safepoint: 77499 ns, Cleanup: 3800 ns, At safepoint: 4453278 ns, Total: 4534577 ns
[4673.805s][info ][safepoint      ] Safepoint "Cleanup", Time since last: 4000287756 ns, Reaching safepoint: 74100 ns, Cleanup: 10300 ns, At safepoint: 6600 ns, Total: 91000 ns
[4683.016s][info ][gc,start       ] GC(281) Pause Young (Allocation Failure)
[4683.021s][debug][gc,phases      ] GC(281) Scavenge 4.509ms
[4683.021s][debug][gc,ref         ] GC(281) Skipped phase 1 of Reference Processing: no references
[4683.021s][debug][gc,ref         ] GC(281) Skipped phase 2 of Reference Processing: no references
[4683.021s][debug][gc,ref         ] GC(281) Skipped phase 3 of Reference Processing: no references
[4683.021s][debug][gc,ref         ] GC(281) Skipped phase 4 of Reference Processing: no references
[4683.021s][debug][gc,phases      ] GC(281) Reference Processing 0.022ms
[4683.021s][debug][gc,phases      ] GC(281)   VM Weak                        Min:  0.0, Avg:  0.0, Max:  0.0, Diff:  0.0, Sum:  0.0, Workers: 4
[4683.021s][debug][gc,phases      ] GC(281)     Dead                           Min: 0, Avg:  0.0, Max: 0, Diff: 0, Sum: 0, Workers: 4
[4683.021s][debug][gc,phases      ] GC(281)     Total                          Min: 0, Avg: 241.5, Max: 711, Diff: 711, Sum: 966, Workers: 4
[4683.021s][debug][gc,phases      ] GC(281)   ObjectSynchronizer Weak        Min:  0.0, Avg:  0.0, Max:  0.0, Diff:  0.0, Sum:  0.0, Workers: 4
[4683.021s][debug][gc,phases      ] GC(281)     Dead                           Min: 0, Avg:  0.0, Max: 0, Diff: 0, Sum: 0, Workers: 4
[4683.021s][debug][gc,phases      ] GC(281)     Total                          Min: 0, Avg:  1.2, Max: 5, Diff: 5, Sum: 5, Workers: 4
[4683.021s][debug][gc,phases      ] GC(281)   JVMTI Tag Weak OopStorage      Min:  0.0, Avg:  0.0, Max:  0.0, Diff:  0.0, Sum:  0.0, Workers: 4
[4683.021s][debug][gc,phases      ] GC(281)     Dead                           Min: 0, Avg:  0.0, Max: 0, Diff: 0, Sum: 0, Workers: 4
[4683.021s][debug][gc,phases      ] GC(281)     Total                          Min: 0, Avg:  0.0, Max: 0, Diff: 0, Sum: 0, Workers: 4
[4683.021s][debug][gc,phases      ] GC(281)   StringTable Weak               Min:  0.1, Avg:  0.1, Max:  0.1, Diff:  0.0, Sum:  0.4, Workers: 4
[4683.021s][debug][gc,phases      ] GC(281)     Dead                           Min: 0, Avg:  0.0, Max: 0, Diff: 0, Sum: 0, Workers: 4
[4683.021s][debug][gc,phases      ] GC(281)     Total                          Min: 10944, Avg: 11384.5, Max: 11776, Diff: 832, Sum: 45538, Workers: 4
[4683.021s][debug][gc,phases      ] GC(281)   ResolvedMethodTable Weak       Min:  0.0, Avg:  0.0, Max:  0.0, Diff:  0.0, Sum:  0.1, Workers: 4
[4683.021s][debug][gc,phases      ] GC(281)     Dead                           Min: 0, Avg:  0.0, Max: 0, Diff: 0, Sum: 0, Workers: 4
[4683.021s][debug][gc,phases      ] GC(281)     Total                          Min: 2816, Avg: 2947.2, Max: 3008, Diff: 192, Sum: 11789, Workers: 4
[4683.021s][debug][gc,phases      ] GC(281)   JNI Weak                       Min:  0.0, Avg:  0.0, Max:  0.0, Diff:  0.0, Sum:  0.0, Workers: 4
[4683.021s][debug][gc,phases      ] GC(281)     Dead                           Min: 0, Avg:  0.0, Max: 0, Diff: 0, Sum: 0, Workers: 4
[4683.021s][debug][gc,phases      ] GC(281)     Total                          Min: 0, Avg: 12.0, Max: 48, Diff: 48, Sum: 48, Workers: 4
[4683.021s][debug][gc,phases      ] GC(281)   StringDedup Table Weak         Min:  0.0, Avg:  0.0, Max:  0.0, Diff:  0.0, Sum:  0.0, Workers: 4
[4683.021s][debug][gc,phases      ] GC(281)     Dead                           Min: 0, Avg:  0.0, Max: 0, Diff: 0, Sum: 0, Workers: 4
[4683.021s][debug][gc,phases      ] GC(281)     Total                          Min: 0, Avg:  0.0, Max: 0, Diff: 0, Sum: 0, Workers: 4
[4683.021s][debug][gc,phases      ] GC(281)   StringDedup Requests0 Weak     Min:  0.0, Avg:  0.0, Max:  0.0, Diff:  0.0, Sum:  0.0, Workers: 4
[4683.021s][debug][gc,phases      ] GC(281)     Dead                           Min: 0, Avg:  0.0, Max: 0, Diff: 0, Sum: 0, Workers: 4
[4683.021s][debug][gc,phases      ] GC(281)     Total                          Min: 0, Avg:  0.0, Max: 0, Diff: 0, Sum: 0, Workers: 4
[4683.021s][debug][gc,phases      ] GC(281)   StringDedup Requests1 Weak     Min:  0.0, Avg:  0.0, Max:  0.0, Diff:  0.0, Sum:  0.0, Workers: 4
[4683.021s][debug][gc,phases      ] GC(281)     Dead                           Min: 0, Avg:  0.0, Max: 0, Diff: 0, Sum: 0, Workers: 4
[4683.021s][debug][gc,phases      ] GC(281)     Total                          Min: 0, Avg:  0.0, Max: 0, Diff: 0, Sum: 0, Workers: 4
[4683.021s][debug][gc,phases      ] GC(281)   Weak JFR Old Object Samples    Min:  0.0, Avg:  0.0, Max:  0.0, Diff:  0.0, Sum:  0.0, Workers: 4
[4683.021s][debug][gc,phases      ] GC(281)     Dead                           Min: 0, Avg:  0.0, Max: 0, Diff: 0, Sum: 0, Workers: 4
[4683.021s][debug][gc,phases      ] GC(281)     Total                          Min: 0, Avg:  0.0, Max: 0, Diff: 0, Sum: 0, Workers: 4
[4683.021s][debug][gc,phases      ] GC(281) Weak Processing 0.303ms
[4683.021s][debug][gc,age         ] GC(281) Desired survivor size 39845888 bytes, new threshold 15 (max threshold 15)
[4683.021s][info ][gc,heap        ] GC(281) PSYoungGen: 2023600K(2057728K)->5776K(2058240K) Eden: 2019328K(2019328K)->0K(2019328K) From: 4272K(38400K)->5776K(38912K)
[4683.021s][info ][gc,heap        ] GC(281) ParOldGen: 509450K(663552K)->509450K(663552K)
[4683.021s][info ][gc,metaspace   ] GC(281) Metaspace: 92823K(94080K)->92823K(94080K) NonClass: 79616K(80320K)->79616K(80320K) Class: 13207K(13760K)->13207K(13760K)
[4683.021s][info ][gc             ] GC(281) Pause Young (Allocation Failure) 2473M->503M(2658M) 4.946ms
[4683.021s][info ][gc,cpu         ] GC(281) User=0.02s Sys=0.00s Real=0.00s
[4683.021s][info ][safepoint      ] Safepoint "ParallelGCFailedAllocation", Time since last: 9210791974 ns, Reaching safepoint: 5800 ns, Cleanup: 3600 ns, At safepoint: 5012475 ns, Total: 5021875 ns
[4687.021s][info ][safepoint      ] Safepoint "Cleanup", Time since last: 4000273030 ns, Reaching safepoint: 4600 ns, Cleanup: 8500 ns, At safepoint: 2000 ns, Total: 15100 ns
[4697.051s][info ][gc,start       ] GC(282) Pause Young (Allocation Failure)
[4697.055s][debug][gc,phases      ] GC(282) Scavenge 3.896ms
[4697.055s][debug][gc,ref         ] GC(282) Skipped phase 1 of Reference Processing: no references
[4697.055s][debug][gc,ref         ] GC(282) Skipped phase 2 of Reference Processing: no references
[4697.055s][debug][gc,ref         ] GC(282) Skipped phase 3 of Reference Processing: no references
[4697.055s][debug][gc,ref         ] GC(282) Skipped phase 4 of Reference Processing: no references
[4697.055s][debug][gc,phases      ] GC(282) Reference Processing 0.021ms
[4697.055s][debug][gc,phases      ] GC(282)   VM Weak                        Min:  0.0, Avg:  0.0, Max:  0.0, Diff:  0.0, Sum:  0.0, Workers: 4
[4697.055s][debug][gc,phases      ] GC(282)     Dead                           Min: 0, Avg:  0.0, Max: 0, Diff: 0, Sum: 0, Workers: 4
[4697.055s][debug][gc,phases      ] GC(282)     Total                          Min: 0, Avg: 241.5, Max: 919, Diff: 919, Sum: 966, Workers: 4
[4697.055s][debug][gc,phases      ] GC(282)   ObjectSynchronizer Weak        Min:  0.0, Avg:  0.0, Max:  0.0, Diff:  0.0, Sum:  0.0, Workers: 4
[4697.055s][debug][gc,phases      ] GC(282)     Dead                           Min: 0, Avg:  0.0, Max: 0, Diff: 0, Sum: 0, Workers: 4
[4697.055s][debug][gc,phases      ] GC(282)     Total                          Min: 0, Avg:  1.2, Max: 5, Diff: 5, Sum: 5, Workers: 4
[4697.055s][debug][gc,phases      ] GC(282)   JVMTI Tag Weak OopStorage      Min:  0.0, Avg:  0.0, Max:  0.0, Diff:  0.0, Sum:  0.0, Workers: 4
[4697.055s][debug][gc,phases      ] GC(282)     Dead                           Min: 0, Avg:  0.0, Max: 0, Diff: 0, Sum: 0, Workers: 4
[4697.055s][debug][gc,phases      ] GC(282)     Total                          Min: 0, Avg:  0.0, Max: 0, Diff: 0, Sum: 0, Workers: 4
[4697.055s][debug][gc,phases      ] GC(282)   StringTable Weak               Min:  0.0, Avg:  0.1, Max:  0.1, Diff:  0.1, Sum:  0.4, Workers: 4
[4697.055s][debug][gc,phases      ] GC(282)     Dead                           Min: 0, Avg:  0.0, Max: 0, Diff: 0, Sum: 0, Workers: 4
[4697.055s][debug][gc,phases      ] GC(282)     Total                          Min: 0, Avg: 11384.5, Max: 19712, Diff: 19712, Sum: 45538, Workers: 4
[4697.055s][debug][gc,phases      ] GC(282)   ResolvedMethodTable Weak       Min:  0.0, Avg:  0.0, Max:  0.0, Diff:  0.0, Sum:  0.1, Workers: 4
[4697.055s][debug][gc,phases      ] GC(282)     Dead                           Min: 0, Avg:  0.0, Max: 0, Diff: 0, Sum: 0, Workers: 4
[4697.055s][debug][gc,phases      ] GC(282)     Total                          Min: 0, Avg: 2947.2, Max: 5261, Diff: 5261, Sum: 11789, Workers: 4
[4697.055s][debug][gc,phases      ] GC(282)   JNI Weak                       Min:  0.0, Avg:  0.0, Max:  0.0, Diff:  0.0, Sum:  0.0, Workers: 4
[4697.055s][debug][gc,phases      ] GC(282)     Dead                           Min: 0, Avg:  0.0, Max: 0, Diff: 0, Sum: 0, Workers: 4
[4697.055s][debug][gc,phases      ] GC(282)     Total                          Min: 0, Avg: 12.0, Max: 48, Diff: 48, Sum: 48, Workers: 4
[4697.055s][debug][gc,phases      ] GC(282)   StringDedup Table Weak         Min:  0.0, Avg:  0.0, Max:  0.0, Diff:  0.0, Sum:  0.0, Workers: 4
[4697.055s][debug][gc,phases      ] GC(282)     Dead                           Min: 0, Avg:  0.0, Max: 0, Diff: 0, Sum: 0, Workers: 4
[4697.055s][debug][gc,phases      ] GC(282)     Total                          Min: 0, Avg:  0.0, Max: 0, Diff: 0, Sum: 0, Workers: 4
[4697.055s][debug][gc,phases      ] GC(282)   StringDedup Requests0 Weak     Min:  0.0, Avg:  0.0, Max:  0.0, Diff:  0.0, Sum:  0.0, Workers: 4
[4697.055s][debug][gc,phases      ] GC(282)     Dead                           Min: 0, Avg:  0.0, Max: 0, Diff: 0, Sum: 0, Workers: 4
[4697.055s][debug][gc,phases      ] GC(282)     Total                          Min: 0, Avg:  0.0, Max: 0, Diff: 0, Sum: 0, Workers: 4
[4697.055s][debug][gc,phases      ] GC(282)   StringDedup Requests1 Weak     Min:  0.0, Avg:  0.0, Max:  0.0, Diff:  0.0, Sum:  0.0, Workers: 4
[4697.055s][debug][gc,phases      ] GC(282)     Dead                           Min: 0, Avg:  0.0, Max: 0, Diff: 0, Sum: 0, Workers: 4
[4697.055s][debug][gc,phases      ] GC(282)     Total                          Min: 0, Avg:  0.0, Max: 0, Diff: 0, Sum: 0, Workers: 4
[4697.055s][debug][gc,phases      ] GC(282)   Weak JFR Old Object Samples    Min:  0.0, Avg:  0.0, Max:  0.0, Diff:  0.0, Sum:  0.0, Workers: 4
[4697.055s][debug][gc,phases      ] GC(282)     Dead                           Min: 0, Avg:  0.0, Max: 0, Diff: 0, Sum: 0, Workers: 4
[4697.055s][debug][gc,phases      ] GC(282)     Total                          Min: 0, Avg:  0.0, Max: 0, Diff: 0, Sum: 0, Workers: 4
[4697.055s][debug][gc,phases      ] GC(282) Weak Processing 0.342ms
[4697.055s][debug][gc,age         ] GC(282) Desired survivor size 39321600 bytes, new threshold 15 (max threshold 15)
[4697.055s][info ][gc,heap        ] GC(282) PSYoungGen: 2025104K(2058240K)->6416K(2058752K) Eden: 2019328K(2019328K)->0K(2019840K) From: 5776K(38912K)->6416K(38912K)
[4697.055s][info ][gc,heap        ] GC(282) ParOldGen: 509450K(663552K)->509450K(663552K)
[4697.055s][info ][gc,metaspace   ] GC(282) Metaspace: 92823K(94080K)->92823K(94080K) NonClass: 79616K(80320K)->79616K(80320K) Class: 13207K(13760K)->13207K(13760K)
[4697.055s][info ][gc             ] GC(282) Pause Young (Allocation Failure) 2475M->503M(2658M) 4.361ms
[4697.055s][info ][gc,cpu         ] GC(282) User=0.01s Sys=0.00s Real=0.01s
[4697.055s][info ][safepoint      ] Safepoint "ParallelGCFailedAllocation", Time since last: 10029243147 ns, Reaching safepoint: 78000 ns, Cleanup: 3400 ns, At safepoint: 4432977 ns, Total: 4514377 ns
[4700.055s][info ][safepoint      ] Safepoint "Cleanup", Time since last: 3000231245 ns, Reaching safepoint: 72800 ns, Cleanup: 7600 ns, At safepoint: 13800 ns, Total: 94200 ns
[4701.056s][info ][safepoint      ] Safepoint "Cleanup", Time since last: 1000091291 ns, Reaching safepoint: 75399 ns, Cleanup: 9700 ns, At safepoint: 6700 ns, Total: 91799 ns
[4711.250s][info ][gc,start       ] GC(283) Pause Young (Allocation Failure)
[4711.255s][debug][gc,phases      ] GC(283) Scavenge 4.292ms
[4711.255s][debug][gc,ref         ] GC(283) Skipped phase 1 of Reference Processing: no references
[4711.255s][debug][gc,ref         ] GC(283) Skipped phase 2 of Reference Processing: no references
[4711.255s][debug][gc,ref         ] GC(283) Skipped phase 3 of Reference Processing: no references
[4711.255s][debug][gc,ref         ] GC(283) ReferenceProcessor::execute queues: 1, RefProcThreadModel::Single, marks_oops_alive: false
[4711.255s][debug][gc,phases      ] GC(283) Reference Processing 0.088ms
[4711.255s][debug][gc,phases      ] GC(283)   VM Weak                        Min:  0.0, Avg:  0.0, Max:  0.0, Diff:  0.0, Sum:  0.0, Workers: 4
[4711.255s][debug][gc,phases      ] GC(283)     Dead                           Min: 0, Avg:  0.0, Max: 0, Diff: 0, Sum: 0, Workers: 4
[4711.255s][debug][gc,phases      ] GC(283)     Total                          Min: 0, Avg: 241.5, Max: 391, Diff: 391, Sum: 966, Workers: 4
[4711.255s][debug][gc,phases      ] GC(283)   ObjectSynchronizer Weak        Min:  0.0, Avg:  0.0, Max:  0.0, Diff:  0.0, Sum:  0.0, Workers: 4
[4711.255s][debug][gc,phases      ] GC(283)     Dead                           Min: 0, Avg:  0.0, Max: 0, Diff: 0, Sum: 0, Workers: 4
[4711.255s][debug][gc,phases      ] GC(283)     Total                          Min: 0, Avg:  1.5, Max: 6, Diff: 6, Sum: 6, Workers: 4
[4711.255s][debug][gc,phases      ] GC(283)   JVMTI Tag Weak OopStorage      Min:  0.0, Avg:  0.0, Max:  0.0, Diff:  0.0, Sum:  0.0, Workers: 4
[4711.255s][debug][gc,phases      ] GC(283)     Dead                           Min: 0, Avg:  0.0, Max: 0, Diff: 0, Sum: 0, Workers: 4
[4711.255s][debug][gc,phases      ] GC(283)     Total                          Min: 0, Avg:  0.0, Max: 0, Diff: 0, Sum: 0, Workers: 4
[4711.255s][debug][gc,phases      ] GC(283)   StringTable Weak               Min:  0.0, Avg:  0.1, Max:  0.1, Diff:  0.1, Sum:  0.3, Workers: 4
[4711.255s][debug][gc,phases      ] GC(283)     Dead                           Min: 0, Avg:  0.0, Max: 0, Diff: 0, Sum: 0, Workers: 4
[4711.255s][debug][gc,phases      ] GC(283)     Total                          Min: 0, Avg: 11384.5, Max: 19746, Diff: 19746, Sum: 45538, Workers: 4
[4711.255s][debug][gc,phases      ] GC(283)   ResolvedMethodTable Weak       Min:  0.0, Avg:  0.0, Max:  0.0, Diff:  0.0, Sum:  0.1, Workers: 4
[4711.255s][debug][gc,phases      ] GC(283)     Dead                           Min: 0, Avg:  0.0, Max: 0, Diff: 0, Sum: 0, Workers: 4
[4711.255s][debug][gc,phases      ] GC(283)     Total                          Min: 0, Avg: 2947.2, Max: 5312, Diff: 5312, Sum: 11789, Workers: 4
[4711.255s][debug][gc,phases      ] GC(283)   JNI Weak                       Min:  0.0, Avg:  0.0, Max:  0.0, Diff:  0.0, Sum:  0.0, Workers: 4
[4711.255s][debug][gc,phases      ] GC(283)     Dead                           Min: 0, Avg:  0.0, Max: 0, Diff: 0, Sum: 0, Workers: 4
[4711.255s][debug][gc,phases      ] GC(283)     Total                          Min: 0, Avg: 12.0, Max: 48, Diff: 48, Sum: 48, Workers: 4
[4711.255s][debug][gc,phases      ] GC(283)   StringDedup Table Weak         Min:  0.0, Avg:  0.0, Max:  0.0, Diff:  0.0, Sum:  0.0, Workers: 4
[4711.255s][debug][gc,phases      ] GC(283)     Dead                           Min: 0, Avg:  0.0, Max: 0, Diff: 0, Sum: 0, Workers: 4
[4711.255s][debug][gc,phases      ] GC(283)     Total                          Min: 0, Avg:  0.0, Max: 0, Diff: 0, Sum: 0, Workers: 4
[4711.255s][debug][gc,phases      ] GC(283)   StringDedup Requests0 Weak     Min:  0.0, Avg:  0.0, Max:  0.0, Diff:  0.0, Sum:  0.0, Workers: 4
[4711.255s][debug][gc,phases      ] GC(283)     Dead                           Min: 0, Avg:  0.0, Max: 0, Diff: 0, Sum: 0, Workers: 4
[4711.255s][debug][gc,phases      ] GC(283)     Total                          Min: 0, Avg:  0.0, Max: 0, Diff: 0, Sum: 0, Workers: 4
[4711.255s][debug][gc,phases      ] GC(283)   StringDedup Requests1 Weak     Min:  0.0, Avg:  0.0, Max:  0.0, Diff:  0.0, Sum:  0.0, Workers: 4
[4711.255s][debug][gc,phases      ] GC(283)     Dead                           Min: 0, Avg:  0.0, Max: 0, Diff: 0, Sum: 0, Workers: 4
[4711.255s][debug][gc,phases      ] GC(283)     Total                          Min: 0, Avg:  0.0, Max: 0, Diff: 0, Sum: 0, Workers: 4
[4711.255s][debug][gc,phases      ] GC(283)   Weak JFR Old Object Samples    Min:  0.0, Avg:  0.0, Max:  0.0, Diff:  0.0, Sum:  0.0, Workers: 4
[4711.255s][debug][gc,phases      ] GC(283)     Dead                           Min: 0, Avg:  0.0, Max: 0, Diff: 0, Sum: 0, Workers: 4
[4711.255s][debug][gc,phases      ] GC(283)     Total                          Min: 0, Avg:  0.0, Max: 0, Diff: 0, Sum: 0, Workers: 4
[4711.255s][debug][gc,phases      ] GC(283) Weak Processing 0.337ms
[4711.255s][debug][gc,age         ] GC(283) Desired survivor size 38797312 bytes, new threshold 15 (max threshold 15)
[4711.255s][info ][gc,heap        ] GC(283) PSYoungGen: 2026256K(2058752K)->6496K(2058240K) Eden: 2019840K(2019840K)->0K(2019840K) From: 6416K(38912K)->6496K(38400K)
[4711.255s][info ][gc,heap        ] GC(283) ParOldGen: 509450K(663552K)->509450K(663552K)
[4711.255s][info ][gc,metaspace   ] GC(283) Metaspace: 92823K(94080K)->92823K(94080K) NonClass: 79616K(80320K)->79616K(80320K) Class: 13207K(13760K)->13207K(13760K)
[4711.255s][info ][gc             ] GC(283) Pause Young (Allocation Failure) 2476M->503M(2658M) 4.808ms
[4711.255s][info ][gc,cpu         ] GC(283) User=0.01s Sys=0.00s Real=0.01s
[4711.255s][info ][safepoint      ] Safepoint "ParallelGCFailedAllocation", Time since last: 10194524069 ns, Reaching safepoint: 78500 ns, Cleanup: 4000 ns, At safepoint: 4887676 ns, Total: 4970176 ns
[4712.255s][info ][safepoint      ] Safepoint "Cleanup", Time since last: 1000079521 ns, Reaching safepoint: 75200 ns, Cleanup: 8100 ns, At safepoint: 6100 ns, Total: 89400 ns
[4713.256s][info ][safepoint      ] Safepoint "Cleanup", Time since last: 1000107921 ns, Reaching safepoint: 74800 ns, Cleanup: 8900 ns, At safepoint: 6000 ns, Total: 89700 ns
[4716.256s][info ][safepoint      ] Safepoint "Cleanup", Time since last: 3000234439 ns, Reaching safepoint: 72300 ns, Cleanup: 13800 ns, At safepoint: 5500 ns, Total: 91600 ns
[4723.651s][info ][gc,start       ] GC(284) Pause Young (Allocation Failure)
[4723.658s][debug][gc,phases      ] GC(284) Scavenge 6.281ms
[4723.658s][debug][gc,ref         ] GC(284) Skipped phase 1 of Reference Processing: no references
[4723.658s][debug][gc,ref         ] GC(284) Skipped phase 2 of Reference Processing: no references
[4723.658s][debug][gc,ref         ] GC(284) Skipped phase 3 of Reference Processing: no references
[4723.658s][debug][gc,ref         ] GC(284) ReferenceProcessor::execute queues: 1, RefProcThreadModel::Single, marks_oops_alive: false
[4723.658s][debug][gc,phases      ] GC(284) Reference Processing 0.091ms
[4723.658s][debug][gc,phases      ] GC(284)   VM Weak                        Min:  0.0, Avg:  0.0, Max:  0.0, Diff:  0.0, Sum:  0.0, Workers: 4
[4723.658s][debug][gc,phases      ] GC(284)     Dead                           Min: 0, Avg:  0.0, Max: 0, Diff: 0, Sum: 0, Workers: 4
[4723.658s][debug][gc,phases      ] GC(284)     Total                          Min: 0, Avg: 241.5, Max: 663, Diff: 663, Sum: 966, Workers: 4
[4723.658s][debug][gc,phases      ] GC(284)   ObjectSynchronizer Weak        Min:  0.0, Avg:  0.0, Max:  0.0, Diff:  0.0, Sum:  0.0, Workers: 4
[4723.658s][debug][gc,phases      ] GC(284)     Dead                           Min: 0, Avg:  0.0, Max: 0, Diff: 0, Sum: 0, Workers: 4
[4723.658s][debug][gc,phases      ] GC(284)     Total                          Min: 0, Avg:  1.5, Max: 6, Diff: 6, Sum: 6, Workers: 4
[4723.658s][debug][gc,phases      ] GC(284)   JVMTI Tag Weak OopStorage      Min:  0.0, Avg:  0.0, Max:  0.0, Diff:  0.0, Sum:  0.0, Workers: 4
[4723.658s][debug][gc,phases      ] GC(284)     Dead                           Min: 0, Avg:  0.0, Max: 0, Diff: 0, Sum: 0, Workers: 4
[4723.658s][debug][gc,phases      ] GC(284)     Total                          Min: 0, Avg:  0.0, Max: 0, Diff: 0, Sum: 0, Workers: 4
[4723.658s][debug][gc,phases      ] GC(284)   StringTable Weak               Min:  0.0, Avg:  0.1, Max:  0.1, Diff:  0.1, Sum:  0.4, Workers: 4
[4723.658s][debug][gc,phases      ] GC(284)     Dead                           Min: 0, Avg:  0.0, Max: 0, Diff: 0, Sum: 0, Workers: 4
[4723.658s][debug][gc,phases      ] GC(284)     Total                          Min: 0, Avg: 11384.5, Max: 19456, Diff: 19456, Sum: 45538, Workers: 4
[4723.658s][debug][gc,phases      ] GC(284)   ResolvedMethodTable Weak       Min:  0.0, Avg:  0.0, Max:  0.0, Diff:  0.0, Sum:  0.1, Workers: 4
[4723.658s][debug][gc,phases      ] GC(284)     Dead                           Min: 0, Avg:  0.0, Max: 0, Diff: 0, Sum: 0, Workers: 4
[4723.658s][debug][gc,phases      ] GC(284)     Total                          Min: 0, Avg: 2947.2, Max: 5325, Diff: 5325, Sum: 11789, Workers: 4
[4723.658s][debug][gc,phases      ] GC(284)   JNI Weak                       Min:  0.0, Avg:  0.0, Max:  0.0, Diff:  0.0, Sum:  0.0, Workers: 4
[4723.658s][debug][gc,phases      ] GC(284)     Dead                           Min: 0, Avg:  0.0, Max: 0, Diff: 0, Sum: 0, Workers: 4
[4723.658s][debug][gc,phases      ] GC(284)     Total                          Min: 0, Avg: 12.0, Max: 48, Diff: 48, Sum: 48, Workers: 4
[4723.658s][debug][gc,phases      ] GC(284)   StringDedup Table Weak         Min:  0.0, Avg:  0.0, Max:  0.0, Diff:  0.0, Sum:  0.0, Workers: 4
[4723.658s][debug][gc,phases      ] GC(284)     Dead                           Min: 0, Avg:  0.0, Max: 0, Diff: 0, Sum: 0, Workers: 4
[4723.658s][debug][gc,phases      ] GC(284)     Total                          Min: 0, Avg:  0.0, Max: 0, Diff: 0, Sum: 0, Workers: 4
[4723.658s][debug][gc,phases      ] GC(284)   StringDedup Requests0 Weak     Min:  0.0, Avg:  0.0, Max:  0.0, Diff:  0.0, Sum:  0.0, Workers: 4
[4723.658s][debug][gc,phases      ] GC(284)     Dead                           Min: 0, Avg:  0.0, Max: 0, Diff: 0, Sum: 0, Workers: 4
[4723.658s][debug][gc,phases      ] GC(284)     Total                          Min: 0, Avg:  0.0, Max: 0, Diff: 0, Sum: 0, Workers: 4
[4723.658s][debug][gc,phases      ] GC(284)   StringDedup Requests1 Weak     Min:  0.0, Avg:  0.0, Max:  0.0, Diff:  0.0, Sum:  0.0, Workers: 4
[4723.658s][debug][gc,phases      ] GC(284)     Dead                           Min: 0, Avg:  0.0, Max: 0, Diff: 0, Sum: 0, Workers: 4
[4723.658s][debug][gc,phases      ] GC(284)     Total                          Min: 0, Avg:  0.0, Max: 0, Diff: 0, Sum: 0, Workers: 4
[4723.658s][debug][gc,phases      ] GC(284)   Weak JFR Old Object Samples    Min:  0.0, Avg:  0.0, Max:  0.0, Diff:  0.0, Sum:  0.0, Workers: 4
[4723.658s][debug][gc,phases      ] GC(284)     Dead                           Min: 0, Avg:  0.0, Max: 0, Diff: 0, Sum: 0, Workers: 4
[4723.658s][debug][gc,phases      ] GC(284)     Total                          Min: 0, Avg:  0.0, Max: 0, Diff: 0, Sum: 0, Workers: 4
[4723.658s][debug][gc,phases      ] GC(284) Weak Processing 0.325ms
[4723.658s][debug][gc,age         ] GC(284) Desired survivor size 37748736 bytes, new threshold 15 (max threshold 15)
[4723.658s][info ][gc,heap        ] GC(284) PSYoungGen: 2026336K(2058240K)->6800K(2060288K) Eden: 2019840K(2019840K)->0K(2022400K) From: 6496K(38400K)->6800K(37888K)
[4723.658s][info ][gc,heap        ] GC(284) ParOldGen: 509450K(663552K)->509450K(663552K)
[4723.658s][info ][gc,metaspace   ] GC(284) Metaspace: 92823K(94080K)->92823K(94080K) NonClass: 79616K(80320K)->79616K(80320K) Class: 13207K(13760K)->13207K(13760K)
[4723.658s][info ][gc             ] GC(284) Pause Young (Allocation Failure) 2476M->504M(2660M) 6.801ms
[4723.658s][info ][gc,cpu         ] GC(284) User=0.01s Sys=0.01s Real=0.01s
[4723.658s][info ][safepoint      ] Safepoint "ParallelGCFailedAllocation", Time since last: 7395303020 ns, Reaching safepoint: 75300 ns, Cleanup: 3800 ns, At safepoint: 6868265 ns, Total: 6947365 ns
[4725.658s][info ][safepoint      ] Safepoint "Cleanup", Time since last: 2000160383 ns, Reaching safepoint: 73600 ns, Cleanup: 6200 ns, At safepoint: 5700 ns, Total: 85500 ns
[4735.501s][info ][gc,start       ] GC(285) Pause Young (Allocation Failure)
[4735.506s][debug][gc,phases      ] GC(285) Scavenge 4.793ms
[4735.506s][debug][gc,ref         ] GC(285) Skipped phase 1 of Reference Processing: no references
[4735.506s][debug][gc,ref         ] GC(285) Skipped phase 2 of Reference Processing: no references
[4735.506s][debug][gc,ref         ] GC(285) Skipped phase 3 of Reference Processing: no references
[4735.506s][debug][gc,ref         ] GC(285) ReferenceProcessor::execute queues: 1, RefProcThreadModel::Single, marks_oops_alive: false
[4735.506s][debug][gc,phases      ] GC(285) Reference Processing 0.109ms
[4735.506s][debug][gc,phases      ] GC(285)   VM Weak                        Min:  0.0, Avg:  0.0, Max:  0.0, Diff:  0.0, Sum:  0.0, Workers: 4
[4735.506s][debug][gc,phases      ] GC(285)     Dead                           Min: 0, Avg:  0.0, Max: 0, Diff: 0, Sum: 0, Workers: 4
[4735.506s][debug][gc,phases      ] GC(285)     Total                          Min: 0, Avg: 241.5, Max: 536, Diff: 536, Sum: 966, Workers: 4
[4735.506s][debug][gc,phases      ] GC(285)   ObjectSynchronizer Weak        Min:  0.0, Avg:  0.0, Max:  0.0, Diff:  0.0, Sum:  0.0, Workers: 4
[4735.506s][debug][gc,phases      ] GC(285)     Dead                           Min: 0, Avg:  0.0, Max: 0, Diff: 0, Sum: 0, Workers: 4
[4735.506s][debug][gc,phases      ] GC(285)     Total                          Min: 0, Avg:  1.5, Max: 6, Diff: 6, Sum: 6, Workers: 4
[4735.506s][debug][gc,phases      ] GC(285)   JVMTI Tag Weak OopStorage      Min:  0.0, Avg:  0.0, Max:  0.0, Diff:  0.0, Sum:  0.0, Workers: 4
[4735.506s][debug][gc,phases      ] GC(285)     Dead                           Min: 0, Avg:  0.0, Max: 0, Diff: 0, Sum: 0, Workers: 4
[4735.506s][debug][gc,phases      ] GC(285)     Total                          Min: 0, Avg:  0.0, Max: 0, Diff: 0, Sum: 0, Workers: 4
[4735.506s][debug][gc,phases      ] GC(285)   StringTable Weak               Min:  0.0, Avg:  0.1, Max:  0.1, Diff:  0.1, Sum:  0.4, Workers: 4
[4735.506s][debug][gc,phases      ] GC(285)     Dead                           Min: 0, Avg:  0.0, Max: 0, Diff: 0, Sum: 0, Workers: 4
[4735.506s][debug][gc,phases      ] GC(285)     Total                          Min: 0, Avg: 11384.5, Max: 18850, Diff: 18850, Sum: 45538, Workers: 4
[4735.506s][debug][gc,phases      ] GC(285)   ResolvedMethodTable Weak       Min:  0.0, Avg:  0.0, Max:  0.0, Diff:  0.0, Sum:  0.1, Workers: 4
[4735.506s][debug][gc,phases      ] GC(285)     Dead                           Min: 0, Avg:  0.0, Max: 0, Diff: 0, Sum: 0, Workers: 4
[4735.506s][debug][gc,phases      ] GC(285)     Total                          Min: 0, Avg: 2947.2, Max: 5261, Diff: 5261, Sum: 11789, Workers: 4
[4735.506s][debug][gc,phases      ] GC(285)   JNI Weak                       Min:  0.0, Avg:  0.0, Max:  0.0, Diff:  0.0, Sum:  0.0, Workers: 4
[4735.506s][debug][gc,phases      ] GC(285)     Dead                           Min: 0, Avg:  0.0, Max: 0, Diff: 0, Sum: 0, Workers: 4
[4735.506s][debug][gc,phases      ] GC(285)     Total                          Min: 0, Avg: 12.0, Max: 48, Diff: 48, Sum: 48, Workers: 4
[4735.506s][debug][gc,phases      ] GC(285)   StringDedup Table Weak         Min:  0.0, Avg:  0.0, Max:  0.0, Diff:  0.0, Sum:  0.0, Workers: 4
[4735.506s][debug][gc,phases      ] GC(285)     Dead                           Min: 0, Avg:  0.0, Max: 0, Diff: 0, Sum: 0, Workers: 4
[4735.506s][debug][gc,phases      ] GC(285)     Total                          Min: 0, Avg:  0.0, Max: 0, Diff: 0, Sum: 0, Workers: 4
[4735.506s][debug][gc,phases      ] GC(285)   StringDedup Requests0 Weak     Min:  0.0, Avg:  0.0, Max:  0.0, Diff:  0.0, Sum:  0.0, Workers: 4
[4735.506s][debug][gc,phases      ] GC(285)     Dead                           Min: 0, Avg:  0.0, Max: 0, Diff: 0, Sum: 0, Workers: 4
[4735.506s][debug][gc,phases      ] GC(285)     Total                          Min: 0, Avg:  0.0, Max: 0, Diff: 0, Sum: 0, Workers: 4
[4735.506s][debug][gc,phases      ] GC(285)   StringDedup Requests1 Weak     Min:  0.0, Avg:  0.0, Max:  0.0, Diff:  0.0, Sum:  0.0, Workers: 4
[4735.506s][debug][gc,phases      ] GC(285)     Dead                           Min: 0, Avg:  0.0, Max: 0, Diff: 0, Sum: 0, Workers: 4
[4735.506s][debug][gc,phases      ] GC(285)     Total                          Min: 0, Avg:  0.0, Max: 0, Diff: 0, Sum: 0, Workers: 4
[4735.506s][debug][gc,phases      ] GC(285)   Weak JFR Old Object Samples    Min:  0.0, Avg:  0.0, Max:  0.0, Diff:  0.0, Sum:  0.0, Workers: 4
[4735.506s][debug][gc,phases      ] GC(285)     Dead                           Min: 0, Avg:  0.0, Max: 0, Diff: 0, Sum: 0, Workers: 4
[4735.506s][debug][gc,phases      ] GC(285)     Total                          Min: 0, Avg:  0.0, Max: 0, Diff: 0, Sum: 0, Workers: 4
[4735.506s][debug][gc,phases      ] GC(285) Weak Processing 0.348ms
[4735.506s][debug][gc,age         ] GC(285) Desired survivor size 36700160 bytes, new threshold 15 (max threshold 15)
[4735.506s][info ][gc,heap        ] GC(285) PSYoungGen: 2029200K(2060288K)->6704K(2059264K) Eden: 2022400K(2022400K)->0K(2022400K) From: 6800K(37888K)->6704K(36864K)
[4735.506s][info ][gc,heap        ] GC(285) ParOldGen: 509450K(663552K)->509450K(663552K)
[4735.506s][info ][gc,metaspace   ] GC(285) Metaspace: 92825K(94080K)->92825K(94080K) NonClass: 79618K(80320K)->79618K(80320K) Class: 13207K(13760K)->13207K(13760K)
[4735.506s][info ][gc             ] GC(285) Pause Young (Allocation Failure) 2479M->504M(2659M) 5.358ms
[4735.506s][info ][gc,cpu         ] GC(285) User=0.02s Sys=0.00s Real=0.01s
[4735.506s][info ][safepoint      ] Safepoint "ParallelGCFailedAllocation", Time since last: 9842360554 ns, Reaching safepoint: 78400 ns, Cleanup: 3800 ns, At safepoint: 5434373 ns, Total: 5516573 ns
[4744.371s][info ][safepoint      ] Safepoint "Cleanup", Time since last: 8864923861 ns, Reaching safepoint: 78800 ns, Cleanup: 11299 ns, At safepoint: 6500 ns, Total: 96599 ns
[4747.380s][info ][gc,start       ] GC(286) Pause Young (Allocation Failure)
[4747.386s][debug][gc,phases      ] GC(286) Scavenge 5.629ms
[4747.386s][debug][gc,ref         ] GC(286) Skipped phase 1 of Reference Processing: no references
[4747.386s][debug][gc,ref         ] GC(286) Skipped phase 2 of Reference Processing: no references
[4747.386s][debug][gc,ref         ] GC(286) Skipped phase 3 of Reference Processing: no references
[4747.386s][debug][gc,ref         ] GC(286) ReferenceProcessor::execute queues: 1, RefProcThreadModel::Single, marks_oops_alive: false
[4747.386s][debug][gc,phases      ] GC(286) Reference Processing 0.089ms
[4747.386s][debug][gc,phases      ] GC(286)   VM Weak                        Min:  0.0, Avg:  0.0, Max:  0.0, Diff:  0.0, Sum:  0.0, Workers: 4
[4747.386s][debug][gc,phases      ] GC(286)     Dead                           Min: 0, Avg:  0.0, Max: 0, Diff: 0, Sum: 0, Workers: 4
[4747.386s][debug][gc,phases      ] GC(286)     Total                          Min: 0, Avg: 241.5, Max: 647, Diff: 647, Sum: 966, Workers: 4
[4747.386s][debug][gc,phases      ] GC(286)   ObjectSynchronizer Weak        Min:  0.0, Avg:  0.0, Max:  0.0, Diff:  0.0, Sum:  0.0, Workers: 4
[4747.386s][debug][gc,phases      ] GC(286)     Dead                           Min: 0, Avg:  0.0, Max: 0, Diff: 0, Sum: 0, Workers: 4
[4747.386s][debug][gc,phases      ] GC(286)     Total                          Min: 0, Avg:  1.5, Max: 6, Diff: 6, Sum: 6, Workers: 4
[4747.386s][debug][gc,phases      ] GC(286)   JVMTI Tag Weak OopStorage      Min:  0.0, Avg:  0.0, Max:  0.0, Diff:  0.0, Sum:  0.0, Workers: 4
[4747.386s][debug][gc,phases      ] GC(286)     Dead                           Min: 0, Avg:  0.0, Max: 0, Diff: 0, Sum: 0, Workers: 4
[4747.386s][debug][gc,phases      ] GC(286)     Total                          Min: 0, Avg:  0.0, Max: 0, Diff: 0, Sum: 0, Workers: 4
[4747.386s][debug][gc,phases      ] GC(286)   StringTable Weak               Min:  0.0, Avg:  0.1, Max:  0.1, Diff:  0.1, Sum:  0.4, Workers: 4
[4747.386s][debug][gc,phases      ] GC(286)     Dead                           Min: 0, Avg:  0.0, Max: 0, Diff: 0, Sum: 0, Workers: 4
[4747.386s][debug][gc,phases      ] GC(286)     Total                          Min: 0, Avg: 11384.5, Max: 20096, Diff: 20096, Sum: 45538, Workers: 4
[4747.386s][debug][gc,phases      ] GC(286)   ResolvedMethodTable Weak       Min:  0.0, Avg:  0.0, Max:  0.0, Diff:  0.0, Sum:  0.1, Workers: 4
[4747.386s][debug][gc,phases      ] GC(286)     Dead                           Min: 0, Avg:  0.0, Max: 0, Diff: 0, Sum: 0, Workers: 4
[4747.386s][debug][gc,phases      ] GC(286)     Total                          Min: 0, Avg: 2947.2, Max: 5261, Diff: 5261, Sum: 11789, Workers: 4
[4747.387s][debug][gc,phases      ] GC(286)   JNI Weak                       Min:  0.0, Avg:  0.0, Max:  0.0, Diff:  0.0, Sum:  0.0, Workers: 4
[4747.387s][debug][gc,phases      ] GC(286)     Dead                           Min: 0, Avg:  0.0, Max: 0, Diff: 0, Sum: 0, Workers: 4
[4747.387s][debug][gc,phases      ] GC(286)     Total                          Min: 0, Avg: 12.0, Max: 48, Diff: 48, Sum: 48, Workers: 4
[4747.387s][debug][gc,phases      ] GC(286)   StringDedup Table Weak         Min:  0.0, Avg:  0.0, Max:  0.0, Diff:  0.0, Sum:  0.0, Workers: 4
[4747.387s][debug][gc,phases      ] GC(286)     Dead                           Min: 0, Avg:  0.0, Max: 0, Diff: 0, Sum: 0, Workers: 4
[4747.387s][debug][gc,phases      ] GC(286)     Total                          Min: 0, Avg:  0.0, Max: 0, Diff: 0, Sum: 0, Workers: 4
[4747.387s][debug][gc,phases      ] GC(286)   StringDedup Requests0 Weak     Min:  0.0, Avg:  0.0, Max:  0.0, Diff:  0.0, Sum:  0.0, Workers: 4
[4747.387s][debug][gc,phases      ] GC(286)     Dead                           Min: 0, Avg:  0.0, Max: 0, Diff: 0, Sum: 0, Workers: 4
[4747.387s][debug][gc,phases      ] GC(286)     Total                          Min: 0, Avg:  0.0, Max: 0, Diff: 0, Sum: 0, Workers: 4
[4747.387s][debug][gc,phases      ] GC(286)   StringDedup Requests1 Weak     Min:  0.0, Avg:  0.0, Max:  0.0, Diff:  0.0, Sum:  0.0, Workers: 4
[4747.387s][debug][gc,phases      ] GC(286)     Dead                           Min: 0, Avg:  0.0, Max: 0, Diff: 0, Sum: 0, Workers: 4
[4747.387s][debug][gc,phases      ] GC(286)     Total                          Min: 0, Avg:  0.0, Max: 0, Diff: 0, Sum: 0, Workers: 4
[4747.387s][debug][gc,phases      ] GC(286)   Weak JFR Old Object Samples    Min:  0.0, Avg:  0.0, Max:  0.0, Diff:  0.0, Sum:  0.0, Workers: 4
[4747.387s][debug][gc,phases      ] GC(286)     Dead                           Min: 0, Avg:  0.0, Max: 0, Diff: 0, Sum: 0, Workers: 4
[4747.387s][debug][gc,phases      ] GC(286)     Total                          Min: 0, Avg:  0.0, Max: 0, Diff: 0, Sum: 0, Workers: 4
[4747.387s][debug][gc,phases      ] GC(286) Weak Processing 0.337ms
[4747.387s][debug][gc,age         ] GC(286) Desired survivor size 35127296 bytes, new threshold 15 (max threshold 15)
[4747.387s][info ][gc,heap        ] GC(286) PSYoungGen: 2029104K(2059264K)->7264K(2062848K) Eden: 2022400K(2022400K)->0K(2027008K) From: 6704K(36864K)->7264K(35840K)
[4747.387s][info ][gc,heap        ] GC(286) ParOldGen: 509450K(663552K)->509450K(663552K)
[4747.387s][info ][gc,metaspace   ] GC(286) Metaspace: 92829K(94080K)->92829K(94080K) NonClass: 79622K(80320K)->79622K(80320K) Class: 13207K(13760K)->13207K(13760K)
[4747.387s][info ][gc             ] GC(286) Pause Young (Allocation Failure) 2479M->504M(2662M) 6.154ms
[4747.387s][info ][gc,cpu         ] GC(286) User=0.02s Sys=0.00s Real=0.01s
[4747.387s][info ][safepoint      ] Safepoint "ParallelGCFailedAllocation", Time since last: 3009150534 ns, Reaching safepoint: 4200 ns, Cleanup: 3900 ns, At safepoint: 6222469 ns, Total: 6230569 ns
[4758.950s][info ][gc,start       ] GC(287) Pause Young (Allocation Failure)
[4758.956s][debug][gc,phases      ] GC(287) Scavenge 5.978ms
[4758.956s][debug][gc,ref         ] GC(287) Skipped phase 1 of Reference Processing: no references
[4758.956s][debug][gc,ref         ] GC(287) Skipped phase 2 of Reference Processing: no references
[4758.956s][debug][gc,ref         ] GC(287) Skipped phase 3 of Reference Processing: no references
[4758.956s][debug][gc,ref         ] GC(287) ReferenceProcessor::execute queues: 1, RefProcThreadModel::Single, marks_oops_alive: false
[4758.956s][debug][gc,phases      ] GC(287) Reference Processing 0.082ms
[4758.957s][debug][gc,phases      ] GC(287)   VM Weak                        Min:  0.0, Avg:  0.0, Max:  0.0, Diff:  0.0, Sum:  0.0, Workers: 4
[4758.957s][debug][gc,phases      ] GC(287)     Dead                           Min: 0, Avg:  0.0, Max: 0, Diff: 0, Sum: 0, Workers: 4
[4758.957s][debug][gc,phases      ] GC(287)     Total                          Min: 0, Avg: 241.5, Max: 455, Diff: 455, Sum: 966, Workers: 4
[4758.957s][debug][gc,phases      ] GC(287)   ObjectSynchronizer Weak        Min:  0.0, Avg:  0.0, Max:  0.0, Diff:  0.0, Sum:  0.0, Workers: 4
[4758.957s][debug][gc,phases      ] GC(287)     Dead                           Min: 0, Avg:  0.2, Max: 1, Diff: 1, Sum: 1, Workers: 4
[4758.957s][debug][gc,phases      ] GC(287)     Total                          Min: 0, Avg:  1.8, Max: 7, Diff: 7, Sum: 7, Workers: 4
[4758.957s][debug][gc,phases      ] GC(287)   JVMTI Tag Weak OopStorage      Min:  0.0, Avg:  0.0, Max:  0.0, Diff:  0.0, Sum:  0.0, Workers: 4
[4758.957s][debug][gc,phases      ] GC(287)     Dead                           Min: 0, Avg:  0.0, Max: 0, Diff: 0, Sum: 0, Workers: 4
[4758.957s][debug][gc,phases      ] GC(287)     Total                          Min: 0, Avg:  0.0, Max: 0, Diff: 0, Sum: 0, Workers: 4
[4758.957s][debug][gc,phases      ] GC(287)   StringTable Weak               Min:  0.0, Avg:  0.1, Max:  0.1, Diff:  0.1, Sum:  0.3, Workers: 4
[4758.957s][debug][gc,phases      ] GC(287)     Dead                           Min: 0, Avg:  0.0, Max: 0, Diff: 0, Sum: 0, Workers: 4
[4758.957s][debug][gc,phases      ] GC(287)     Total                          Min: 0, Avg: 11384.5, Max: 20288, Diff: 20288, Sum: 45538, Workers: 4
[4758.957s][debug][gc,phases      ] GC(287)   ResolvedMethodTable Weak       Min:  0.0, Avg:  0.0, Max:  0.0, Diff:  0.0, Sum:  0.1, Workers: 4
[4758.957s][debug][gc,phases      ] GC(287)     Dead                           Min: 0, Avg:  0.0, Max: 0, Diff: 0, Sum: 0, Workers: 4
[4758.957s][debug][gc,phases      ] GC(287)     Total                          Min: 0, Avg: 2947.2, Max: 4813, Diff: 4813, Sum: 11789, Workers: 4
[4758.957s][debug][gc,phases      ] GC(287)   JNI Weak                       Min:  0.0, Avg:  0.0, Max:  0.0, Diff:  0.0, Sum:  0.0, Workers: 4
[4758.957s][debug][gc,phases      ] GC(287)     Dead                           Min: 0, Avg:  0.0, Max: 0, Diff: 0, Sum: 0, Workers: 4
[4758.957s][debug][gc,phases      ] GC(287)     Total                          Min: 0, Avg: 12.0, Max: 48, Diff: 48, Sum: 48, Workers: 4
[4758.957s][debug][gc,phases      ] GC(287)   StringDedup Table Weak         Min:  0.0, Avg:  0.0, Max:  0.0, Diff:  0.0, Sum:  0.0, Workers: 4
[4758.957s][debug][gc,phases      ] GC(287)     Dead                           Min: 0, Avg:  0.0, Max: 0, Diff: 0, Sum: 0, Workers: 4
[4758.957s][debug][gc,phases      ] GC(287)     Total                          Min: 0, Avg:  0.0, Max: 0, Diff: 0, Sum: 0, Workers: 4
[4758.957s][debug][gc,phases      ] GC(287)   StringDedup Requests0 Weak     Min:  0.0, Avg:  0.0, Max:  0.0, Diff:  0.0, Sum:  0.0, Workers: 4
[4758.957s][debug][gc,phases      ] GC(287)     Dead                           Min: 0, Avg:  0.0, Max: 0, Diff: 0, Sum: 0, Workers: 4
[4758.957s][debug][gc,phases      ] GC(287)     Total                          Min: 0, Avg:  0.0, Max: 0, Diff: 0, Sum: 0, Workers: 4
[4758.957s][debug][gc,phases      ] GC(287)   StringDedup Requests1 Weak     Min:  0.0, Avg:  0.0, Max:  0.0, Diff:  0.0, Sum:  0.0, Workers: 4
[4758.957s][debug][gc,phases      ] GC(287)     Dead                           Min: 0, Avg:  0.0, Max: 0, Diff: 0, Sum: 0, Workers: 4
[4758.957s][debug][gc,phases      ] GC(287)     Total                          Min: 0, Avg:  0.0, Max: 0, Diff: 0, Sum: 0, Workers: 4
[4758.957s][debug][gc,phases      ] GC(287)   Weak JFR Old Object Samples    Min:  0.0, Avg:  0.0, Max:  0.0, Diff:  0.0, Sum:  0.0, Workers: 4
[4758.957s][debug][gc,phases      ] GC(287)     Dead                           Min: 0, Avg:  0.0, Max: 0, Diff: 0, Sum: 0, Workers: 4
[4758.957s][debug][gc,phases      ] GC(287)     Total                          Min: 0, Avg:  0.0, Max: 0, Diff: 0, Sum: 0, Workers: 4
[4758.957s][debug][gc,phases      ] GC(287) Weak Processing 0.328ms
[4758.957s][debug][gc,age         ] GC(287) Desired survivor size 34078720 bytes, new threshold 15 (max threshold 15)
[4758.957s][info ][gc,heap        ] GC(287) PSYoungGen: 2034272K(2062848K)->7472K(2061312K) Eden: 2027008K(2027008K)->0K(2027008K) From: 7264K(35840K)->7472K(34304K)
[4758.957s][info ][gc,heap        ] GC(287) ParOldGen: 509450K(663552K)->509450K(663552K)
[4758.957s][info ][gc,metaspace   ] GC(287) Metaspace: 92829K(94080K)->92829K(94080K) NonClass: 79622K(80320K)->79622K(80320K) Class: 13207K(13760K)->13207K(13760K)
[4758.957s][info ][gc             ] GC(287) Pause Young (Allocation Failure) 2484M->504M(2661M) 6.485ms
[4758.957s][info ][gc,cpu         ] GC(287) User=0.01s Sys=0.00s Real=0.01s
[4758.957s][info ][safepoint      ] Safepoint "ParallelGCFailedAllocation", Time since last: 11563563489 ns, Reaching safepoint: 74300 ns, Cleanup: 3700 ns, At safepoint: 6581367 ns, Total: 6659367 ns
[4770.100s][info ][gc,start       ] GC(288) Pause Young (Allocation Failure)
[4770.105s][debug][gc,phases      ] GC(288) Scavenge 4.815ms
[4770.105s][debug][gc,ref         ] GC(288) Skipped phase 1 of Reference Processing: no references
[4770.105s][debug][gc,ref         ] GC(288) Skipped phase 2 of Reference Processing: no references
[4770.105s][debug][gc,ref         ] GC(288) Skipped phase 3 of Reference Processing: no references
[4770.105s][debug][gc,ref         ] GC(288) ReferenceProcessor::execute queues: 1, RefProcThreadModel::Single, marks_oops_alive: false
[4770.105s][debug][gc,phases      ] GC(288) Reference Processing 0.095ms
[4770.106s][debug][gc,phases      ] GC(288)   VM Weak                        Min:  0.0, Avg:  0.0, Max:  0.0, Diff:  0.0, Sum:  0.0, Workers: 4
[4770.106s][debug][gc,phases      ] GC(288)     Dead                           Min: 0, Avg:  0.0, Max: 0, Diff: 0, Sum: 0, Workers: 4
[4770.106s][debug][gc,phases      ] GC(288)     Total                          Min: 0, Avg: 241.5, Max: 663, Diff: 663, Sum: 966, Workers: 4
[4770.106s][debug][gc,phases      ] GC(288)   ObjectSynchronizer Weak        Min:  0.0, Avg:  0.0, Max:  0.0, Diff:  0.0, Sum:  0.0, Workers: 4
[4770.106s][debug][gc,phases      ] GC(288)     Dead                           Min: 0, Avg:  0.0, Max: 0, Diff: 0, Sum: 0, Workers: 4
[4770.106s][debug][gc,phases      ] GC(288)     Total                          Min: 0, Avg:  1.8, Max: 7, Diff: 7, Sum: 7, Workers: 4
[4770.106s][debug][gc,phases      ] GC(288)   JVMTI Tag Weak OopStorage      Min:  0.0, Avg:  0.0, Max:  0.0, Diff:  0.0, Sum:  0.0, Workers: 4
[4770.106s][debug][gc,phases      ] GC(288)     Dead                           Min: 0, Avg:  0.0, Max: 0, Diff: 0, Sum: 0, Workers: 4
[4770.106s][debug][gc,phases      ] GC(288)     Total                          Min: 0, Avg:  0.0, Max: 0, Diff: 0, Sum: 0, Workers: 4
[4770.106s][debug][gc,phases      ] GC(288)   StringTable Weak               Min:  0.0, Avg:  0.1, Max:  0.1, Diff:  0.1, Sum:  0.3, Workers: 4
[4770.106s][debug][gc,phases      ] GC(288)     Dead                           Min: 0, Avg:  0.0, Max: 0, Diff: 0, Sum: 0, Workers: 4
[4770.106s][debug][gc,phases      ] GC(288)     Total                          Min: 0, Avg: 11384.5, Max: 20578, Diff: 20578, Sum: 45538, Workers: 4
[4770.106s][debug][gc,phases      ] GC(288)   ResolvedMethodTable Weak       Min:  0.0, Avg:  0.0, Max:  0.0, Diff:  0.0, Sum:  0.1, Workers: 4
[4770.106s][debug][gc,phases      ] GC(288)     Dead                           Min: 0, Avg:  0.0, Max: 0, Diff: 0, Sum: 0, Workers: 4
[4770.106s][debug][gc,phases      ] GC(288)     Total                          Min: 0, Avg: 2947.2, Max: 4173, Diff: 4173, Sum: 11789, Workers: 4
[4770.106s][debug][gc,phases      ] GC(288)   JNI Weak                       Min:  0.0, Avg:  0.0, Max:  0.0, Diff:  0.0, Sum:  0.0, Workers: 4
[4770.106s][debug][gc,phases      ] GC(288)     Dead                           Min: 0, Avg:  0.0, Max: 0, Diff: 0, Sum: 0, Workers: 4
[4770.106s][debug][gc,phases      ] GC(288)     Total                          Min: 0, Avg: 12.0, Max: 48, Diff: 48, Sum: 48, Workers: 4
[4770.106s][debug][gc,phases      ] GC(288)   StringDedup Table Weak         Min:  0.0, Avg:  0.0, Max:  0.0, Diff:  0.0, Sum:  0.0, Workers: 4
[4770.106s][debug][gc,phases      ] GC(288)     Dead                           Min: 0, Avg:  0.0, Max: 0, Diff: 0, Sum: 0, Workers: 4
[4770.106s][debug][gc,phases      ] GC(288)     Total                          Min: 0, Avg:  0.0, Max: 0, Diff: 0, Sum: 0, Workers: 4
[4770.106s][debug][gc,phases      ] GC(288)   StringDedup Requests0 Weak     Min:  0.0, Avg:  0.0, Max:  0.0, Diff:  0.0, Sum:  0.0, Workers: 4
[4770.106s][debug][gc,phases      ] GC(288)     Dead                           Min: 0, Avg:  0.0, Max: 0, Diff: 0, Sum: 0, Workers: 4
[4770.106s][debug][gc,phases      ] GC(288)     Total                          Min: 0, Avg:  0.0, Max: 0, Diff: 0, Sum: 0, Workers: 4
[4770.106s][debug][gc,phases      ] GC(288)   StringDedup Requests1 Weak     Min:  0.0, Avg:  0.0, Max:  0.0, Diff:  0.0, Sum:  0.0, Workers: 4
[4770.106s][debug][gc,phases      ] GC(288)     Dead                           Min: 0, Avg:  0.0, Max: 0, Diff: 0, Sum: 0, Workers: 4
[4770.106s][debug][gc,phases      ] GC(288)     Total                          Min: 0, Avg:  0.0, Max: 0, Diff: 0, Sum: 0, Workers: 4
[4770.106s][debug][gc,phases      ] GC(288)   Weak JFR Old Object Samples    Min:  0.0, Avg:  0.0, Max:  0.0, Diff:  0.0, Sum:  0.0, Workers: 4
[4770.106s][debug][gc,phases      ] GC(288)     Dead                           Min: 0, Avg:  0.0, Max: 0, Diff: 0, Sum: 0, Workers: 4
[4770.106s][debug][gc,phases      ] GC(288)     Total                          Min: 0, Avg:  0.0, Max: 0, Diff: 0, Sum: 0, Workers: 4
[4770.106s][debug][gc,phases      ] GC(288) Weak Processing 0.337ms
[4770.106s][debug][gc,age         ] GC(288) Desired survivor size 32505856 bytes, new threshold 15 (max threshold 15)
[4770.106s][info ][gc,heap        ] GC(288) PSYoungGen: 2034480K(2061312K)->7552K(2065408K) Eden: 2027008K(2027008K)->0K(2032128K) From: 7472K(34304K)->7552K(33280K)
[4770.106s][info ][gc,heap        ] GC(288) ParOldGen: 509450K(663552K)->509450K(663552K)
[4770.106s][info ][gc,metaspace   ] GC(288) Metaspace: 92832K(94080K)->92832K(94080K) NonClass: 79625K(80320K)->79625K(80320K) Class: 13207K(13760K)->13207K(13760K)
[4770.106s][info ][gc             ] GC(288) Pause Young (Allocation Failure) 2484M->504M(2665M) 5.362ms
[4770.106s][info ][gc,cpu         ] GC(288) User=0.02s Sys=0.00s Real=0.01s
[4770.106s][info ][safepoint      ] Safepoint "ParallelGCFailedAllocation", Time since last: 11143379479 ns, Reaching safepoint: 76500 ns, Cleanup: 4200 ns, At safepoint: 5432873 ns, Total: 5513573 ns
[4781.506s][info ][gc,start       ] GC(289) Pause Young (Allocation Failure)
[4781.510s][debug][gc,phases      ] GC(289) Scavenge 4.793ms
[4781.510s][debug][gc,ref         ] GC(289) Skipped phase 1 of Reference Processing: no references
[4781.510s][debug][gc,ref         ] GC(289) Skipped phase 2 of Reference Processing: no references
[4781.510s][debug][gc,ref         ] GC(289) Skipped phase 3 of Reference Processing: no references
[4781.510s][debug][gc,ref         ] GC(289) Skipped phase 4 of Reference Processing: no references
[4781.510s][debug][gc,phases      ] GC(289) Reference Processing 0.036ms
[4781.511s][debug][gc,phases      ] GC(289)   VM Weak                        Min:  0.0, Avg:  0.0, Max:  0.0, Diff:  0.0, Sum:  0.0, Workers: 4
[4781.511s][debug][gc,phases      ] GC(289)     Dead                           Min: 0, Avg:  0.0, Max: 0, Diff: 0, Sum: 0, Workers: 4
[4781.511s][debug][gc,phases      ] GC(289)     Total                          Min: 0, Avg: 241.5, Max: 535, Diff: 535, Sum: 966, Workers: 4
[4781.511s][debug][gc,phases      ] GC(289)   ObjectSynchronizer Weak        Min:  0.0, Avg:  0.0, Max:  0.0, Diff:  0.0, Sum:  0.0, Workers: 4
[4781.511s][debug][gc,phases      ] GC(289)     Dead                           Min: 0, Avg:  0.0, Max: 0, Diff: 0, Sum: 0, Workers: 4
[4781.511s][debug][gc,phases      ] GC(289)     Total                          Min: 0, Avg:  1.8, Max: 7, Diff: 7, Sum: 7, Workers: 4
[4781.511s][debug][gc,phases      ] GC(289)   JVMTI Tag Weak OopStorage      Min:  0.0, Avg:  0.0, Max:  0.0, Diff:  0.0, Sum:  0.0, Workers: 4
[4781.511s][debug][gc,phases      ] GC(289)     Dead                           Min: 0, Avg:  0.0, Max: 0, Diff: 0, Sum: 0, Workers: 4
[4781.511s][debug][gc,phases      ] GC(289)     Total                          Min: 0, Avg:  0.0, Max: 0, Diff: 0, Sum: 0, Workers: 4
[4781.511s][debug][gc,phases      ] GC(289)   StringTable Weak               Min:  0.1, Avg:  0.1, Max:  0.1, Diff:  0.0, Sum:  0.4, Workers: 4
[4781.511s][debug][gc,phases      ] GC(289)     Dead                           Min: 0, Avg:  0.0, Max: 0, Diff: 0, Sum: 0, Workers: 4
[4781.511s][debug][gc,phases      ] GC(289)     Total                          Min: 11234, Avg: 11384.5, Max: 11456, Diff: 222, Sum: 45538, Workers: 4
[4781.511s][debug][gc,phases      ] GC(289)   ResolvedMethodTable Weak       Min:  0.0, Avg:  0.0, Max:  0.0, Diff:  0.0, Sum:  0.1, Workers: 4
[4781.511s][debug][gc,phases      ] GC(289)     Dead                           Min: 0, Avg:  0.0, Max: 0, Diff: 0, Sum: 0, Workers: 4
[4781.511s][debug][gc,phases      ] GC(289)     Total                          Min: 1920, Avg: 2947.2, Max: 3725, Diff: 1805, Sum: 11789, Workers: 4
[4781.511s][debug][gc,phases      ] GC(289)   JNI Weak                       Min:  0.0, Avg:  0.0, Max:  0.0, Diff:  0.0, Sum:  0.0, Workers: 4
[4781.511s][debug][gc,phases      ] GC(289)     Dead                           Min: 0, Avg:  0.0, Max: 0, Diff: 0, Sum: 0, Workers: 4
[4781.511s][debug][gc,phases      ] GC(289)     Total                          Min: 0, Avg: 12.0, Max: 48, Diff: 48, Sum: 48, Workers: 4
[4781.511s][debug][gc,phases      ] GC(289)   StringDedup Table Weak         Min:  0.0, Avg:  0.0, Max:  0.0, Diff:  0.0, Sum:  0.0, Workers: 4
[4781.511s][debug][gc,phases      ] GC(289)     Dead                           Min: 0, Avg:  0.0, Max: 0, Diff: 0, Sum: 0, Workers: 4
[4781.511s][debug][gc,phases      ] GC(289)     Total                          Min: 0, Avg:  0.0, Max: 0, Diff: 0, Sum: 0, Workers: 4
[4781.511s][debug][gc,phases      ] GC(289)   StringDedup Requests0 Weak     Min:  0.0, Avg:  0.0, Max:  0.0, Diff:  0.0, Sum:  0.0, Workers: 4
[4781.511s][debug][gc,phases      ] GC(289)     Dead                           Min: 0, Avg:  0.0, Max: 0, Diff: 0, Sum: 0, Workers: 4
[4781.511s][debug][gc,phases      ] GC(289)     Total                          Min: 0, Avg:  0.0, Max: 0, Diff: 0, Sum: 0, Workers: 4
[4781.511s][debug][gc,phases      ] GC(289)   StringDedup Requests1 Weak     Min:  0.0, Avg:  0.0, Max:  0.0, Diff:  0.0, Sum:  0.0, Workers: 4
[4781.511s][debug][gc,phases      ] GC(289)     Dead                           Min: 0, Avg:  0.0, Max: 0, Diff: 0, Sum: 0, Workers: 4
[4781.511s][debug][gc,phases      ] GC(289)     Total                          Min: 0, Avg:  0.0, Max: 0, Diff: 0, Sum: 0, Workers: 4
[4781.511s][debug][gc,phases      ] GC(289)   Weak JFR Old Object Samples    Min:  0.0, Avg:  0.0, Max:  0.0, Diff:  0.0, Sum:  0.0, Workers: 4
[4781.511s][debug][gc,phases      ] GC(289)     Dead                           Min: 0, Avg:  0.0, Max: 0, Diff: 0, Sum: 0, Workers: 4
[4781.511s][debug][gc,phases      ] GC(289)     Total                          Min: 0, Avg:  0.0, Max: 0, Diff: 0, Sum: 0, Workers: 4
[4781.511s][debug][gc,phases      ] GC(289) Weak Processing 0.293ms
[4781.511s][debug][gc,age         ] GC(289) Desired survivor size 31457280 bytes, new threshold 15 (max threshold 15)
[4781.511s][info ][gc,heap        ] GC(289) PSYoungGen: 2039680K(2065408K)->7792K(2063872K) Eden: 2032128K(2032128K)->0K(2032128K) From: 7552K(33280K)->7792K(31744K)
[4781.511s][info ][gc,heap        ] GC(289) ParOldGen: 509450K(663552K)->509450K(663552K)
[4781.511s][info ][gc,metaspace   ] GC(289) Metaspace: 92837K(94080K)->92837K(94080K) NonClass: 79630K(80320K)->79630K(80320K) Class: 13207K(13760K)->13207K(13760K)
[4781.511s][info ][gc             ] GC(289) Pause Young (Allocation Failure) 2489M->505M(2663M) 5.213ms
[4781.511s][info ][gc,cpu         ] GC(289) User=0.02s Sys=0.00s Real=0.00s
[4781.511s][info ][safepoint      ] Safepoint "ParallelGCFailedAllocation", Time since last: 11399770969 ns, Reaching safepoint: 4400 ns, Cleanup: 3400 ns, At safepoint: 5271373 ns, Total: 5279173 ns
[4789.511s][info ][safepoint      ] Safepoint "Cleanup", Time since last: 8000458712 ns, Reaching safepoint: 71399 ns, Cleanup: 9300 ns, At safepoint: 23500 ns, Total: 104199 ns
[4793.000s][info ][gc,start       ] GC(290) Pause Young (Allocation Failure)
[4793.005s][debug][gc,phases      ] GC(290) Scavenge 4.857ms
[4793.005s][debug][gc,ref         ] GC(290) Skipped phase 1 of Reference Processing: no references
[4793.005s][debug][gc,ref         ] GC(290) Skipped phase 2 of Reference Processing: no references
[4793.005s][debug][gc,ref         ] GC(290) Skipped phase 3 of Reference Processing: no references
[4793.005s][debug][gc,ref         ] GC(290) Skipped phase 4 of Reference Processing: no references
[4793.005s][debug][gc,phases      ] GC(290) Reference Processing 0.022ms
[4793.006s][debug][gc,phases      ] GC(290)   VM Weak                        Min:  0.0, Avg:  0.0, Max:  0.0, Diff:  0.0, Sum:  0.0, Workers: 4
[4793.006s][debug][gc,phases      ] GC(290)     Dead                           Min: 0, Avg:  0.0, Max: 0, Diff: 0, Sum: 0, Workers: 4
[4793.006s][debug][gc,phases      ] GC(290)     Total                          Min: 0, Avg: 241.5, Max: 727, Diff: 727, Sum: 966, Workers: 4
[4793.006s][debug][gc,phases      ] GC(290)   ObjectSynchronizer Weak        Min:  0.0, Avg:  0.0, Max:  0.0, Diff:  0.0, Sum:  0.0, Workers: 4
[4793.006s][debug][gc,phases      ] GC(290)     Dead                           Min: 0, Avg:  0.0, Max: 0, Diff: 0, Sum: 0, Workers: 4
[4793.006s][debug][gc,phases      ] GC(290)     Total                          Min: 0, Avg:  1.8, Max: 7, Diff: 7, Sum: 7, Workers: 4
[4793.006s][debug][gc,phases      ] GC(290)   JVMTI Tag Weak OopStorage      Min:  0.0, Avg:  0.0, Max:  0.0, Diff:  0.0, Sum:  0.0, Workers: 4
[4793.006s][debug][gc,phases      ] GC(290)     Dead                           Min: 0, Avg:  0.0, Max: 0, Diff: 0, Sum: 0, Workers: 4
[4793.006s][debug][gc,phases      ] GC(290)     Total                          Min: 0, Avg:  0.0, Max: 0, Diff: 0, Sum: 0, Workers: 4
[4793.006s][debug][gc,phases      ] GC(290)   StringTable Weak               Min:  0.0, Avg:  0.1, Max:  0.1, Diff:  0.1, Sum:  0.4, Workers: 4
[4793.006s][debug][gc,phases      ] GC(290)     Dead                           Min: 0, Avg:  0.0, Max: 0, Diff: 0, Sum: 0, Workers: 4
[4793.006s][debug][gc,phases      ] GC(290)     Total                          Min: 0, Avg: 11384.5, Max: 20160, Diff: 20160, Sum: 45538, Workers: 4
[4793.006s][debug][gc,phases      ] GC(290)   ResolvedMethodTable Weak       Min:  0.0, Avg:  0.0, Max:  0.0, Diff:  0.0, Sum:  0.1, Workers: 4
[4793.006s][debug][gc,phases      ] GC(290)     Dead                           Min: 0, Avg:  0.0, Max: 0, Diff: 0, Sum: 0, Workers: 4
[4793.006s][debug][gc,phases      ] GC(290)     Total                          Min: 0, Avg: 2947.2, Max: 4877, Diff: 4877, Sum: 11789, Workers: 4
[4793.006s][debug][gc,phases      ] GC(290)   JNI Weak                       Min:  0.0, Avg:  0.0, Max:  0.0, Diff:  0.0, Sum:  0.0, Workers: 4
[4793.006s][debug][gc,phases      ] GC(290)     Dead                           Min: 0, Avg:  0.0, Max: 0, Diff: 0, Sum: 0, Workers: 4
[4793.006s][debug][gc,phases      ] GC(290)     Total                          Min: 0, Avg: 12.0, Max: 48, Diff: 48, Sum: 48, Workers: 4
[4793.006s][debug][gc,phases      ] GC(290)   StringDedup Table Weak         Min:  0.0, Avg:  0.0, Max:  0.0, Diff:  0.0, Sum:  0.0, Workers: 4
[4793.006s][debug][gc,phases      ] GC(290)     Dead                           Min: 0, Avg:  0.0, Max: 0, Diff: 0, Sum: 0, Workers: 4
[4793.006s][debug][gc,phases      ] GC(290)     Total                          Min: 0, Avg:  0.0, Max: 0, Diff: 0, Sum: 0, Workers: 4
[4793.006s][debug][gc,phases      ] GC(290)   StringDedup Requests0 Weak     Min:  0.0, Avg:  0.0, Max:  0.0, Diff:  0.0, Sum:  0.0, Workers: 4
[4793.006s][debug][gc,phases      ] GC(290)     Dead                           Min: 0, Avg:  0.0, Max: 0, Diff: 0, Sum: 0, Workers: 4
[4793.006s][debug][gc,phases      ] GC(290)     Total                          Min: 0, Avg:  0.0, Max: 0, Diff: 0, Sum: 0, Workers: 4
[4793.006s][debug][gc,phases      ] GC(290)   StringDedup Requests1 Weak     Min:  0.0, Avg:  0.0, Max:  0.0, Diff:  0.0, Sum:  0.0, Workers: 4
[4793.006s][debug][gc,phases      ] GC(290)     Dead                           Min: 0, Avg:  0.0, Max: 0, Diff: 0, Sum: 0, Workers: 4
[4793.006s][debug][gc,phases      ] GC(290)     Total                          Min: 0, Avg:  0.0, Max: 0, Diff: 0, Sum: 0, Workers: 4
[4793.006s][debug][gc,phases      ] GC(290)   Weak JFR Old Object Samples    Min:  0.0, Avg:  0.0, Max:  0.0, Diff:  0.0, Sum:  0.0, Workers: 4
[4793.006s][debug][gc,phases      ] GC(290)     Dead                           Min: 0, Avg:  0.0, Max: 0, Diff: 0, Sum: 0, Workers: 4
[4793.006s][debug][gc,phases      ] GC(290)     Total                          Min: 0, Avg:  0.0, Max: 0, Diff: 0, Sum: 0, Workers: 4
[4793.006s][debug][gc,phases      ] GC(290) Weak Processing 0.328ms
[4793.006s][debug][gc,age         ] GC(290) Desired survivor size 29884416 bytes, new threshold 15 (max threshold 15)
[4793.006s][info ][gc,heap        ] GC(290) PSYoungGen: 2039920K(2063872K)->8144K(2067968K) Eden: 2032128K(2032128K)->0K(2037248K) From: 7792K(31744K)->8144K(30720K)
[4793.006s][info ][gc,heap        ] GC(290) ParOldGen: 509450K(663552K)->509450K(663552K)
[4793.006s][info ][gc,metaspace   ] GC(290) Metaspace: 92837K(94080K)->92837K(94080K) NonClass: 79630K(80320K)->79630K(80320K) Class: 13207K(13760K)->13207K(13760K)
[4793.006s][info ][gc             ] GC(290) Pause Young (Allocation Failure) 2489M->505M(2667M) 5.304ms
[4793.006s][info ][gc,cpu         ] GC(290) User=0.02s Sys=0.00s Real=0.01s
[4793.006s][info ][safepoint      ] Safepoint "ParallelGCFailedAllocation", Time since last: 3489061451 ns, Reaching safepoint: 6600 ns, Cleanup: 4400 ns, At safepoint: 5373173 ns, Total: 5384173 ns
[4794.006s][info ][safepoint      ] Safepoint "Cleanup", Time since last: 1000086398 ns, Reaching safepoint: 74900 ns, Cleanup: 9500 ns, At safepoint: 6200 ns, Total: 90600 ns
[4805.350s][info ][gc,start       ] GC(291) Pause Young (Allocation Failure)
[4805.355s][debug][gc,phases      ] GC(291) Scavenge 4.482ms
[4805.355s][debug][gc,ref         ] GC(291) Skipped phase 1 of Reference Processing: no references
[4805.355s][debug][gc,ref         ] GC(291) Skipped phase 2 of Reference Processing: no references
[4805.355s][debug][gc,ref         ] GC(291) Skipped phase 3 of Reference Processing: no references
[4805.355s][debug][gc,ref         ] GC(291) Skipped phase 4 of Reference Processing: no references
[4805.355s][debug][gc,phases      ] GC(291) Reference Processing 0.022ms
[4805.355s][debug][gc,phases      ] GC(291)   VM Weak                        Min:  0.0, Avg:  0.0, Max:  0.0, Diff:  0.0, Sum:  0.0, Workers: 4
[4805.355s][debug][gc,phases      ] GC(291)     Dead                           Min: 0, Avg:  0.0, Max: 0, Diff: 0, Sum: 0, Workers: 4
[4805.355s][debug][gc,phases      ] GC(291)     Total                          Min: 0, Avg: 241.5, Max: 558, Diff: 558, Sum: 966, Workers: 4
[4805.355s][debug][gc,phases      ] GC(291)   ObjectSynchronizer Weak        Min:  0.0, Avg:  0.0, Max:  0.0, Diff:  0.0, Sum:  0.0, Workers: 4
[4805.355s][debug][gc,phases      ] GC(291)     Dead                           Min: 0, Avg:  0.0, Max: 0, Diff: 0, Sum: 0, Workers: 4
[4805.355s][debug][gc,phases      ] GC(291)     Total                          Min: 0, Avg:  1.2, Max: 5, Diff: 5, Sum: 5, Workers: 4
[4805.355s][debug][gc,phases      ] GC(291)   JVMTI Tag Weak OopStorage      Min:  0.0, Avg:  0.0, Max:  0.0, Diff:  0.0, Sum:  0.0, Workers: 4
[4805.355s][debug][gc,phases      ] GC(291)     Dead                           Min: 0, Avg:  0.0, Max: 0, Diff: 0, Sum: 0, Workers: 4
[4805.355s][debug][gc,phases      ] GC(291)     Total                          Min: 0, Avg:  0.0, Max: 0, Diff: 0, Sum: 0, Workers: 4
[4805.355s][debug][gc,phases      ] GC(291)   StringTable Weak               Min:  0.0, Avg:  0.1, Max:  0.1, Diff:  0.1, Sum:  0.4, Workers: 4
[4805.355s][debug][gc,phases      ] GC(291)     Dead                           Min: 0, Avg:  0.0, Max: 0, Diff: 0, Sum: 0, Workers: 4
[4805.355s][debug][gc,phases      ] GC(291)     Total                          Min: 0, Avg: 11384.5, Max: 20352, Diff: 20352, Sum: 45538, Workers: 4
[4805.355s][debug][gc,phases      ] GC(291)   ResolvedMethodTable Weak       Min:  0.0, Avg:  0.0, Max:  0.0, Diff:  0.0, Sum:  0.1, Workers: 4
[4805.355s][debug][gc,phases      ] GC(291)     Dead                           Min: 0, Avg:  0.0, Max: 0, Diff: 0, Sum: 0, Workers: 4
[4805.355s][debug][gc,phases      ] GC(291)     Total                          Min: 0, Avg: 2947.2, Max: 5056, Diff: 5056, Sum: 11789, Workers: 4
[4805.355s][debug][gc,phases      ] GC(291)   JNI Weak                       Min:  0.0, Avg:  0.0, Max:  0.0, Diff:  0.0, Sum:  0.0, Workers: 4
[4805.355s][debug][gc,phases      ] GC(291)     Dead                           Min: 0, Avg:  0.0, Max: 0, Diff: 0, Sum: 0, Workers: 4
[4805.355s][debug][gc,phases      ] GC(291)     Total                          Min: 0, Avg: 12.0, Max: 48, Diff: 48, Sum: 48, Workers: 4
[4805.355s][debug][gc,phases      ] GC(291)   StringDedup Table Weak         Min:  0.0, Avg:  0.0, Max:  0.0, Diff:  0.0, Sum:  0.0, Workers: 4
[4805.355s][debug][gc,phases      ] GC(291)     Dead                           Min: 0, Avg:  0.0, Max: 0, Diff: 0, Sum: 0, Workers: 4
[4805.355s][debug][gc,phases      ] GC(291)     Total                          Min: 0, Avg:  0.0, Max: 0, Diff: 0, Sum: 0, Workers: 4
[4805.355s][debug][gc,phases      ] GC(291)   StringDedup Requests0 Weak     Min:  0.0, Avg:  0.0, Max:  0.0, Diff:  0.0, Sum:  0.0, Workers: 4
[4805.355s][debug][gc,phases      ] GC(291)     Dead                           Min: 0, Avg:  0.0, Max: 0, Diff: 0, Sum: 0, Workers: 4
[4805.355s][debug][gc,phases      ] GC(291)     Total                          Min: 0, Avg:  0.0, Max: 0, Diff: 0, Sum: 0, Workers: 4
[4805.355s][debug][gc,phases      ] GC(291)   StringDedup Requests1 Weak     Min:  0.0, Avg:  0.0, Max:  0.0, Diff:  0.0, Sum:  0.0, Workers: 4
[4805.355s][debug][gc,phases      ] GC(291)     Dead                           Min: 0, Avg:  0.0, Max: 0, Diff: 0, Sum: 0, Workers: 4
[4805.355s][debug][gc,phases      ] GC(291)     Total                          Min: 0, Avg:  0.0, Max: 0, Diff: 0, Sum: 0, Workers: 4
[4805.355s][debug][gc,phases      ] GC(291)   Weak JFR Old Object Samples    Min:  0.0, Avg:  0.0, Max:  0.0, Diff:  0.0, Sum:  0.0, Workers: 4
[4805.355s][debug][gc,phases      ] GC(291)     Dead                           Min: 0, Avg:  0.0, Max: 0, Diff: 0, Sum: 0, Workers: 4
[4805.355s][debug][gc,phases      ] GC(291)     Total                          Min: 0, Avg:  0.0, Max: 0, Diff: 0, Sum: 0, Workers: 4
[4805.355s][debug][gc,phases      ] GC(291) Weak Processing 0.347ms
[4805.355s][debug][gc,age         ] GC(291) Desired survivor size 28311552 bytes, new threshold 15 (max threshold 15)
[4805.355s][info ][gc,heap        ] GC(291) PSYoungGen: 2045392K(2067968K)->7856K(2066432K) Eden: 2037248K(2037248K)->0K(2037248K) From: 8144K(30720K)->7856K(29184K)
[4805.355s][info ][gc,heap        ] GC(291) ParOldGen: 509450K(663552K)->509450K(663552K)
[4805.355s][info ][gc,metaspace   ] GC(291) Metaspace: 92837K(94080K)->92837K(94080K) NonClass: 79630K(80320K)->79630K(80320K) Class: 13207K(13760K)->13207K(13760K)
[4805.355s][info ][gc             ] GC(291) Pause Young (Allocation Failure) 2494M->505M(2666M) 4.977ms
[4805.355s][info ][gc,cpu         ] GC(291) User=0.01s Sys=0.00s Real=0.01s
[4805.355s][info ][safepoint      ] Safepoint "ParallelGCFailedAllocation", Time since last: 11344059060 ns, Reaching safepoint: 76100 ns, Cleanup: 3800 ns, At safepoint: 5047875 ns, Total: 5127775 ns
[4807.355s][info ][safepoint      ] Safepoint "Cleanup", Time since last: 2000169793 ns, Reaching safepoint: 75000 ns, Cleanup: 9900 ns, At safepoint: 5300 ns, Total: 90200 ns
[4816.879s][info ][gc,start       ] GC(292) Pause Young (Allocation Failure)
[4816.886s][debug][gc,phases      ] GC(292) Scavenge 7.151ms
[4816.886s][debug][gc,ref         ] GC(292) Skipped phase 1 of Reference Processing: no references
[4816.886s][debug][gc,ref         ] GC(292) ReferenceProcessor::execute queues: 1, RefProcThreadModel::Single, marks_oops_alive: false
[4816.886s][debug][gc,ref         ] GC(292) Skipped phase 3 of Reference Processing: no references
[4816.886s][debug][gc,ref         ] GC(292) ReferenceProcessor::execute queues: 1, RefProcThreadModel::Single, marks_oops_alive: false
[4816.886s][debug][gc,phases      ] GC(292) Reference Processing 0.093ms
[4816.886s][debug][gc,phases      ] GC(292)   VM Weak                        Min:  0.0, Avg:  0.0, Max:  0.0, Diff:  0.0, Sum:  0.0, Workers: 4
[4816.886s][debug][gc,phases      ] GC(292)     Dead                           Min: 0, Avg:  0.0, Max: 0, Diff: 0, Sum: 0, Workers: 4
[4816.886s][debug][gc,phases      ] GC(292)     Total                          Min: 0, Avg: 241.5, Max: 966, Diff: 966, Sum: 966, Workers: 4
[4816.886s][debug][gc,phases      ] GC(292)   ObjectSynchronizer Weak        Min:  0.0, Avg:  0.0, Max:  0.0, Diff:  0.0, Sum:  0.0, Workers: 4
[4816.886s][debug][gc,phases      ] GC(292)     Dead                           Min: 0, Avg:  0.0, Max: 0, Diff: 0, Sum: 0, Workers: 4
[4816.886s][debug][gc,phases      ] GC(292)     Total                          Min: 0, Avg:  1.5, Max: 6, Diff: 6, Sum: 6, Workers: 4
[4816.886s][debug][gc,phases      ] GC(292)   JVMTI Tag Weak OopStorage      Min:  0.0, Avg:  0.0, Max:  0.0, Diff:  0.0, Sum:  0.0, Workers: 4
[4816.886s][debug][gc,phases      ] GC(292)     Dead                           Min: 0, Avg:  0.0, Max: 0, Diff: 0, Sum: 0, Workers: 4
[4816.886s][debug][gc,phases      ] GC(292)     Total                          Min: 0, Avg:  0.0, Max: 0, Diff: 0, Sum: 0, Workers: 4
[4816.886s][debug][gc,phases      ] GC(292)   StringTable Weak               Min:  0.0, Avg:  0.1, Max:  0.1, Diff:  0.1, Sum:  0.4, Workers: 4
[4816.886s][debug][gc,phases      ] GC(292)     Dead                           Min: 0, Avg:  0.0, Max: 0, Diff: 0, Sum: 0, Workers: 4
[4816.886s][debug][gc,phases      ] GC(292)     Total                          Min: 0, Avg: 11384.5, Max: 19362, Diff: 19362, Sum: 45538, Workers: 4
[4816.886s][debug][gc,phases      ] GC(292)   ResolvedMethodTable Weak       Min:  0.0, Avg:  0.0, Max:  0.0, Diff:  0.0, Sum:  0.1, Workers: 4
[4816.886s][debug][gc,phases      ] GC(292)     Dead                           Min: 0, Avg:  0.0, Max: 0, Diff: 0, Sum: 0, Workers: 4
[4816.886s][debug][gc,phases      ] GC(292)     Total                          Min: 0, Avg: 2947.2, Max: 5261, Diff: 5261, Sum: 11789, Workers: 4
[4816.886s][debug][gc,phases      ] GC(292)   JNI Weak                       Min:  0.0, Avg:  0.0, Max:  0.0, Diff:  0.0, Sum:  0.0, Workers: 4
[4816.886s][debug][gc,phases      ] GC(292)     Dead                           Min: 0, Avg:  0.0, Max: 0, Diff: 0, Sum: 0, Workers: 4
[4816.886s][debug][gc,phases      ] GC(292)     Total                          Min: 0, Avg: 12.0, Max: 48, Diff: 48, Sum: 48, Workers: 4
[4816.886s][debug][gc,phases      ] GC(292)   StringDedup Table Weak         Min:  0.0, Avg:  0.0, Max:  0.0, Diff:  0.0, Sum:  0.0, Workers: 4
[4816.886s][debug][gc,phases      ] GC(292)     Dead                           Min: 0, Avg:  0.0, Max: 0, Diff: 0, Sum: 0, Workers: 4
[4816.886s][debug][gc,phases      ] GC(292)     Total                          Min: 0, Avg:  0.0, Max: 0, Diff: 0, Sum: 0, Workers: 4
[4816.886s][debug][gc,phases      ] GC(292)   StringDedup Requests0 Weak     Min:  0.0, Avg:  0.0, Max:  0.0, Diff:  0.0, Sum:  0.0, Workers: 4
[4816.886s][debug][gc,phases      ] GC(292)     Dead                           Min: 0, Avg:  0.0, Max: 0, Diff: 0, Sum: 0, Workers: 4
[4816.886s][debug][gc,phases      ] GC(292)     Total                          Min: 0, Avg:  0.0, Max: 0, Diff: 0, Sum: 0, Workers: 4
[4816.886s][debug][gc,phases      ] GC(292)   StringDedup Requests1 Weak     Min:  0.0, Avg:  0.0, Max:  0.0, Diff:  0.0, Sum:  0.0, Workers: 4
[4816.886s][debug][gc,phases      ] GC(292)     Dead                           Min: 0, Avg:  0.0, Max: 0, Diff: 0, Sum: 0, Workers: 4
[4816.886s][debug][gc,phases      ] GC(292)     Total                          Min: 0, Avg:  0.0, Max: 0, Diff: 0, Sum: 0, Workers: 4
[4816.886s][debug][gc,phases      ] GC(292)   Weak JFR Old Object Samples    Min:  0.0, Avg:  0.0, Max:  0.0, Diff:  0.0, Sum:  0.0, Workers: 4
[4816.886s][debug][gc,phases      ] GC(292)     Dead                           Min: 0, Avg:  0.0, Max: 0, Diff: 0, Sum: 0, Workers: 4
[4816.886s][debug][gc,phases      ] GC(292)     Total                          Min: 0, Avg:  0.0, Max: 0, Diff: 0, Sum: 0, Workers: 4
[4816.886s][debug][gc,phases      ] GC(292) Weak Processing 0.325ms
[4816.886s][debug][gc,age         ] GC(292) Desired survivor size 26738688 bytes, new threshold 15 (max threshold 15)
[4816.886s][info ][gc,heap        ] GC(292) PSYoungGen: 2045104K(2066432K)->9392K(2071040K) Eden: 2037248K(2037248K)->0K(2043392K) From: 7856K(29184K)->9392K(27648K)
[4816.886s][info ][gc,heap        ] GC(292) ParOldGen: 509450K(663552K)->509450K(663552K)
[4816.886s][info ][gc,metaspace   ] GC(292) Metaspace: 92839K(94080K)->92839K(94080K) NonClass: 79632K(80320K)->79632K(80320K) Class: 13207K(13760K)->13207K(13760K)
[4816.886s][info ][gc             ] GC(292) Pause Young (Allocation Failure) 2494M->506M(2670M) 7.663ms
[4816.886s][info ][gc,cpu         ] GC(292) User=0.02s Sys=0.00s Real=0.01s
[4816.886s][info ][safepoint      ] Safepoint "ParallelGCFailedAllocation", Time since last: 9523233252 ns, Reaching safepoint: 82800 ns, Cleanup: 4000 ns, At safepoint: 7726861 ns, Total: 7813661 ns
[4827.916s][info ][gc,start       ] GC(293) Pause Young (Allocation Failure)
[4827.927s][debug][gc,phases      ] GC(293) Scavenge 11.263ms
[4827.927s][debug][gc,ref         ] GC(293) Skipped phase 1 of Reference Processing: no references
[4827.927s][debug][gc,ref         ] GC(293) ReferenceProcessor::execute queues: 1, RefProcThreadModel::Single, marks_oops_alive: false
[4827.927s][debug][gc,ref         ] GC(293) Skipped phase 3 of Reference Processing: no references
[4827.927s][debug][gc,ref         ] GC(293) ReferenceProcessor::execute queues: 1, RefProcThreadModel::Single, marks_oops_alive: false
[4827.927s][debug][gc,phases      ] GC(293) Reference Processing 0.109ms
[4827.927s][debug][gc,phases      ] GC(293)   VM Weak                        Min:  0.0, Avg:  0.0, Max:  0.0, Diff:  0.0, Sum:  0.0, Workers: 4
[4827.927s][debug][gc,phases      ] GC(293)     Dead                           Min: 0, Avg:  0.0, Max: 0, Diff: 0, Sum: 0, Workers: 4
[4827.927s][debug][gc,phases      ] GC(293)     Total                          Min: 0, Avg: 241.5, Max: 535, Diff: 535, Sum: 966, Workers: 4
[4827.927s][debug][gc,phases      ] GC(293)   ObjectSynchronizer Weak        Min:  0.0, Avg:  0.0, Max:  0.0, Diff:  0.0, Sum:  0.0, Workers: 4
[4827.927s][debug][gc,phases      ] GC(293)     Dead                           Min: 0, Avg:  0.0, Max: 0, Diff: 0, Sum: 0, Workers: 4
[4827.927s][debug][gc,phases      ] GC(293)     Total                          Min: 0, Avg:  1.5, Max: 6, Diff: 6, Sum: 6, Workers: 4
[4827.927s][debug][gc,phases      ] GC(293)   JVMTI Tag Weak OopStorage      Min:  0.0, Avg:  0.0, Max:  0.0, Diff:  0.0, Sum:  0.0, Workers: 4
[4827.927s][debug][gc,phases      ] GC(293)     Dead                           Min: 0, Avg:  0.0, Max: 0, Diff: 0, Sum: 0, Workers: 4
[4827.927s][debug][gc,phases      ] GC(293)     Total                          Min: 0, Avg:  0.0, Max: 0, Diff: 0, Sum: 0, Workers: 4
[4827.927s][debug][gc,phases      ] GC(293)   StringTable Weak               Min:  0.0, Avg:  0.1, Max:  0.1, Diff:  0.1, Sum:  0.4, Workers: 4
[4827.928s][debug][gc,phases      ] GC(293)     Dead                           Min: 0, Avg:  0.0, Max: 0, Diff: 0, Sum: 0, Workers: 4
[4827.928s][debug][gc,phases      ] GC(293)     Total                          Min: 0, Avg: 11384.5, Max: 20706, Diff: 20706, Sum: 45538, Workers: 4
[4827.928s][debug][gc,phases      ] GC(293)   ResolvedMethodTable Weak       Min:  0.0, Avg:  0.0, Max:  0.0, Diff:  0.0, Sum:  0.1, Workers: 4
[4827.928s][debug][gc,phases      ] GC(293)     Dead                           Min: 0, Avg:  0.0, Max: 0, Diff: 0, Sum: 0, Workers: 4
[4827.928s][debug][gc,phases      ] GC(293)     Total                          Min: 0, Avg: 2947.2, Max: 4608, Diff: 4608, Sum: 11789, Workers: 4
[4827.928s][debug][gc,phases      ] GC(293)   JNI Weak                       Min:  0.0, Avg:  0.0, Max:  0.0, Diff:  0.0, Sum:  0.0, Workers: 4
[4827.928s][debug][gc,phases      ] GC(293)     Dead                           Min: 0, Avg:  0.0, Max: 0, Diff: 0, Sum: 0, Workers: 4
[4827.928s][debug][gc,phases      ] GC(293)     Total                          Min: 0, Avg: 12.0, Max: 48, Diff: 48, Sum: 48, Workers: 4
[4827.928s][debug][gc,phases      ] GC(293)   StringDedup Table Weak         Min:  0.0, Avg:  0.0, Max:  0.0, Diff:  0.0, Sum:  0.0, Workers: 4
[4827.928s][debug][gc,phases      ] GC(293)     Dead                           Min: 0, Avg:  0.0, Max: 0, Diff: 0, Sum: 0, Workers: 4
[4827.928s][debug][gc,phases      ] GC(293)     Total                          Min: 0, Avg:  0.0, Max: 0, Diff: 0, Sum: 0, Workers: 4
[4827.928s][debug][gc,phases      ] GC(293)   StringDedup Requests0 Weak     Min:  0.0, Avg:  0.0, Max:  0.0, Diff:  0.0, Sum:  0.0, Workers: 4
[4827.928s][debug][gc,phases      ] GC(293)     Dead                           Min: 0, Avg:  0.0, Max: 0, Diff: 0, Sum: 0, Workers: 4
[4827.928s][debug][gc,phases      ] GC(293)     Total                          Min: 0, Avg:  0.0, Max: 0, Diff: 0, Sum: 0, Workers: 4
[4827.928s][debug][gc,phases      ] GC(293)   StringDedup Requests1 Weak     Min:  0.0, Avg:  0.0, Max:  0.0, Diff:  0.0, Sum:  0.0, Workers: 4
[4827.928s][debug][gc,phases      ] GC(293)     Dead                           Min: 0, Avg:  0.0, Max: 0, Diff: 0, Sum: 0, Workers: 4
[4827.928s][debug][gc,phases      ] GC(293)     Total                          Min: 0, Avg:  0.0, Max: 0, Diff: 0, Sum: 0, Workers: 4
[4827.928s][debug][gc,phases      ] GC(293)   Weak JFR Old Object Samples    Min:  0.0, Avg:  0.0, Max:  0.0, Diff:  0.0, Sum:  0.0, Workers: 4
[4827.928s][debug][gc,phases      ] GC(293)     Dead                           Min: 0, Avg:  0.0, Max: 0, Diff: 0, Sum: 0, Workers: 4
[4827.928s][debug][gc,phases      ] GC(293)     Total                          Min: 0, Avg:  0.0, Max: 0, Diff: 0, Sum: 0, Workers: 4
[4827.928s][debug][gc,phases      ] GC(293) Weak Processing 0.334ms
[4827.928s][debug][gc,age         ] GC(293) Desired survivor size 34078720 bytes, new threshold 14 (max threshold 15)
[4827.928s][info ][gc,heap        ] GC(293) PSYoungGen: 2052784K(2071040K)->26080K(2069504K) Eden: 2043392K(2043392K)->0K(2043392K) From: 9392K(27648K)->26080K(26112K)
[4827.928s][info ][gc,heap        ] GC(293) ParOldGen: 509450K(663552K)->516458K(663552K)
[4827.928s][info ][gc,metaspace   ] GC(293) Metaspace: 92851K(94080K)->92851K(94080K) NonClass: 79644K(80320K)->79644K(80320K) Class: 13207K(13760K)->13207K(13760K)
[4827.928s][info ][gc             ] GC(293) Pause Young (Allocation Failure) 2502M->529M(2669M) 11.823ms
[4827.928s][info ][gc,cpu         ] GC(293) User=0.04s Sys=0.01s Real=0.01s
[4827.928s][info ][safepoint      ] Safepoint "ParallelGCFailedAllocation", Time since last: 11029273925 ns, Reaching safepoint: 4300 ns, Cleanup: 3300 ns, At safepoint: 11895241 ns, Total: 11902841 ns
[4830.928s][info ][safepoint      ] Safepoint "Cleanup", Time since last: 3000198977 ns, Reaching safepoint: 5500 ns, Cleanup: 8900 ns, At safepoint: 1800 ns, Total: 16200 ns
[4831.928s][info ][safepoint      ] Safepoint "Cleanup", Time since last: 1000061759 ns, Reaching safepoint: 4400 ns, Cleanup: 7600 ns, At safepoint: 1900 ns, Total: 13900 ns
[4835.722s][info ][safepoint      ] Safepoint "Cleanup", Time since last: 3794124129 ns, Reaching safepoint: 5000 ns, Cleanup: 8500 ns, At safepoint: 2400 ns, Total: 15900 ns
[4837.722s][info ][safepoint      ] Safepoint "Cleanup", Time since last: 2000127422 ns, Reaching safepoint: 5000 ns, Cleanup: 9800 ns, At safepoint: 1900 ns, Total: 16700 ns
[4843.723s][info ][safepoint      ] Safepoint "Cleanup", Time since last: 6000418118 ns, Reaching safepoint: 5400 ns, Cleanup: 10200 ns, At safepoint: 2000 ns, Total: 17600 ns
[4844.719s][info ][safepoint      ] Safepoint "ParallelGCFailedAllocation", Time since last: 996557006 ns, Reaching safepoint: 5500 ns, Cleanup: 3300 ns, At safepoint: 6500 ns, Total: 15300 ns
[4844.720s][info ][gc,start       ] GC(294) Pause Young (GCLocker Initiated GC)
[4844.729s][debug][gc,phases      ] GC(294) Scavenge 9.559ms
[4844.729s][debug][gc,ref         ] GC(294) Skipped phase 1 of Reference Processing: no references
[4844.729s][debug][gc,ref         ] GC(294) ReferenceProcessor::execute queues: 1, RefProcThreadModel::Single, marks_oops_alive: false
[4844.729s][debug][gc,ref         ] GC(294) Skipped phase 3 of Reference Processing: no references
[4844.729s][debug][gc,ref         ] GC(294) ReferenceProcessor::execute queues: 1, RefProcThreadModel::Single, marks_oops_alive: false
[4844.729s][debug][gc,phases      ] GC(294) Reference Processing 0.093ms
[4844.730s][debug][gc,phases      ] GC(294)   VM Weak                        Min:  0.0, Avg:  0.0, Max:  0.0, Diff:  0.0, Sum:  0.0, Workers: 4
[4844.730s][debug][gc,phases      ] GC(294)     Dead                           Min: 0, Avg:  0.0, Max: 0, Diff: 0, Sum: 0, Workers: 4
[4844.730s][debug][gc,phases      ] GC(294)     Total                          Min: 0, Avg: 241.5, Max: 966, Diff: 966, Sum: 966, Workers: 4
[4844.730s][debug][gc,phases      ] GC(294)   ObjectSynchronizer Weak        Min:  0.0, Avg:  0.0, Max:  0.0, Diff:  0.0, Sum:  0.0, Workers: 4
[4844.730s][debug][gc,phases      ] GC(294)     Dead                           Min: 0, Avg:  0.0, Max: 0, Diff: 0, Sum: 0, Workers: 4
[4844.730s][debug][gc,phases      ] GC(294)     Total                          Min: 0, Avg:  1.5, Max: 6, Diff: 6, Sum: 6, Workers: 4
[4844.730s][debug][gc,phases      ] GC(294)   JVMTI Tag Weak OopStorage      Min:  0.0, Avg:  0.0, Max:  0.0, Diff:  0.0, Sum:  0.0, Workers: 4
[4844.730s][debug][gc,phases      ] GC(294)     Dead                           Min: 0, Avg:  0.0, Max: 0, Diff: 0, Sum: 0, Workers: 4
[4844.730s][debug][gc,phases      ] GC(294)     Total                          Min: 0, Avg:  0.0, Max: 0, Diff: 0, Sum: 0, Workers: 4
[4844.730s][debug][gc,phases      ] GC(294)   StringTable Weak               Min:  0.0, Avg:  0.1, Max:  0.1, Diff:  0.1, Sum:  0.3, Workers: 4
[4844.730s][debug][gc,phases      ] GC(294)     Dead                           Min: 0, Avg:  0.0, Max: 0, Diff: 0, Sum: 0, Workers: 4
[4844.730s][debug][gc,phases      ] GC(294)     Total                          Min: 0, Avg: 11384.5, Max: 25570, Diff: 25570, Sum: 45538, Workers: 4
[4844.730s][debug][gc,phases      ] GC(294)   ResolvedMethodTable Weak       Min:  0.0, Avg:  0.0, Max:  0.0, Diff:  0.0, Sum:  0.1, Workers: 4
[4844.730s][debug][gc,phases      ] GC(294)     Dead                           Min: 0, Avg:  0.0, Max: 0, Diff: 0, Sum: 0, Workers: 4
[4844.730s][debug][gc,phases      ] GC(294)     Total                          Min: 0, Avg: 2947.2, Max: 6029, Diff: 6029, Sum: 11789, Workers: 4
[4844.730s][debug][gc,phases      ] GC(294)   JNI Weak                       Min:  0.0, Avg:  0.0, Max:  0.0, Diff:  0.0, Sum:  0.0, Workers: 4
[4844.730s][debug][gc,phases      ] GC(294)     Dead                           Min: 0, Avg:  0.0, Max: 0, Diff: 0, Sum: 0, Workers: 4
[4844.730s][debug][gc,phases      ] GC(294)     Total                          Min: 0, Avg: 12.0, Max: 48, Diff: 48, Sum: 48, Workers: 4
[4844.730s][debug][gc,phases      ] GC(294)   StringDedup Table Weak         Min:  0.0, Avg:  0.0, Max:  0.0, Diff:  0.0, Sum:  0.0, Workers: 4
[4844.730s][debug][gc,phases      ] GC(294)     Dead                           Min: 0, Avg:  0.0, Max: 0, Diff: 0, Sum: 0, Workers: 4
[4844.730s][debug][gc,phases      ] GC(294)     Total                          Min: 0, Avg:  0.0, Max: 0, Diff: 0, Sum: 0, Workers: 4
[4844.730s][debug][gc,phases      ] GC(294)   StringDedup Requests0 Weak     Min:  0.0, Avg:  0.0, Max:  0.0, Diff:  0.0, Sum:  0.0, Workers: 4
[4844.730s][debug][gc,phases      ] GC(294)     Dead                           Min: 0, Avg:  0.0, Max: 0, Diff: 0, Sum: 0, Workers: 4
[4844.730s][debug][gc,phases      ] GC(294)     Total                          Min: 0, Avg:  0.0, Max: 0, Diff: 0, Sum: 0, Workers: 4
[4844.730s][debug][gc,phases      ] GC(294)   StringDedup Requests1 Weak     Min:  0.0, Avg:  0.0, Max:  0.0, Diff:  0.0, Sum:  0.0, Workers: 4
[4844.730s][debug][gc,phases      ] GC(294)     Dead                           Min: 0, Avg:  0.0, Max: 0, Diff: 0, Sum: 0, Workers: 4
[4844.730s][debug][gc,phases      ] GC(294)     Total                          Min: 0, Avg:  0.0, Max: 0, Diff: 0, Sum: 0, Workers: 4
[4844.730s][debug][gc,phases      ] GC(294)   Weak JFR Old Object Samples    Min:  0.0, Avg:  0.0, Max:  0.0, Diff:  0.0, Sum:  0.0, Workers: 4
[4844.730s][debug][gc,phases      ] GC(294)     Dead                           Min: 0, Avg:  0.0, Max: 0, Diff: 0, Sum: 0, Workers: 4
[4844.730s][debug][gc,phases      ] GC(294)     Total                          Min: 0, Avg:  0.0, Max: 0, Diff: 0, Sum: 0, Workers: 4
[4844.730s][debug][gc,phases      ] GC(294) Weak Processing 0.342ms
[4844.730s][debug][gc,age         ] GC(294) Desired survivor size 37224448 bytes, new threshold 15 (max threshold 15)
[4844.730s][info ][gc,heap        ] GC(294) PSYoungGen: 2069472K(2069504K)->26500K(2052096K) Eden: 2043392K(2043392K)->0K(2024448K) From: 26080K(26112K)->26500K(27648K)
[4844.730s][info ][gc,heap        ] GC(294) ParOldGen: 516488K(663552K)->516812K(663552K)
[4844.730s][info ][gc,metaspace   ] GC(294) Metaspace: 92854K(94080K)->92854K(94080K) NonClass: 79647K(80320K)->79647K(80320K) Class: 13207K(13760K)->13207K(13760K)
[4844.730s][info ][gc             ] GC(294) Pause Young (GCLocker Initiated GC) 2525M->530M(2652M) 10.100ms
[4844.730s][info ][gc,cpu         ] GC(294) User=0.03s Sys=0.00s Real=0.01s
[4844.730s][info ][safepoint      ] Safepoint "ParallelGCSystemGC", Time since last: 485298 ns, Reaching safepoint: 1600 ns, Cleanup: 1100 ns, At safepoint: 10173954 ns, Total: 10176654 ns
[4850.730s][info ][safepoint      ] Safepoint "Cleanup", Time since last: 6000397322 ns, Reaching safepoint: 4400 ns, Cleanup: 8300 ns, At safepoint: 1800 ns, Total: 14500 ns
[4867.704s][info ][gc,start       ] GC(295) Pause Young (Allocation Failure)
[4867.712s][debug][gc,phases      ] GC(295) Scavenge 8.090ms
[4867.712s][debug][gc,ref         ] GC(295) Skipped phase 1 of Reference Processing: no references
[4867.712s][debug][gc,ref         ] GC(295) ReferenceProcessor::execute queues: 1, RefProcThreadModel::Single, marks_oops_alive: false
[4867.712s][debug][gc,ref         ] GC(295) Skipped phase 3 of Reference Processing: no references
[4867.712s][debug][gc,ref         ] GC(295) ReferenceProcessor::execute queues: 1, RefProcThreadModel::Single, marks_oops_alive: false
[4867.712s][debug][gc,phases      ] GC(295) Reference Processing 0.096ms
[4867.713s][debug][gc,phases      ] GC(295)   VM Weak                        Min:  0.0, Avg:  0.0, Max:  0.0, Diff:  0.0, Sum:  0.0, Workers: 4
[4867.713s][debug][gc,phases      ] GC(295)     Dead                           Min: 0, Avg:  0.0, Max: 0, Diff: 0, Sum: 0, Workers: 4
[4867.713s][debug][gc,phases      ] GC(295)     Total                          Min: 0, Avg: 241.5, Max: 727, Diff: 727, Sum: 966, Workers: 4
[4867.713s][debug][gc,phases      ] GC(295)   ObjectSynchronizer Weak        Min:  0.0, Avg:  0.0, Max:  0.0, Diff:  0.0, Sum:  0.0, Workers: 4
[4867.713s][debug][gc,phases      ] GC(295)     Dead                           Min: 0, Avg:  0.0, Max: 0, Diff: 0, Sum: 0, Workers: 4
[4867.713s][debug][gc,phases      ] GC(295)     Total                          Min: 0, Avg:  1.5, Max: 6, Diff: 6, Sum: 6, Workers: 4
[4867.713s][debug][gc,phases      ] GC(295)   JVMTI Tag Weak OopStorage      Min:  0.0, Avg:  0.0, Max:  0.0, Diff:  0.0, Sum:  0.0, Workers: 4
[4867.713s][debug][gc,phases      ] GC(295)     Dead                           Min: 0, Avg:  0.0, Max: 0, Diff: 0, Sum: 0, Workers: 4
[4867.713s][debug][gc,phases      ] GC(295)     Total                          Min: 0, Avg:  0.0, Max: 0, Diff: 0, Sum: 0, Workers: 4
[4867.713s][debug][gc,phases      ] GC(295)   StringTable Weak               Min:  0.0, Avg:  0.1, Max:  0.1, Diff:  0.1, Sum:  0.4, Workers: 4
[4867.713s][debug][gc,phases      ] GC(295)     Dead                           Min: 0, Avg:  0.0, Max: 0, Diff: 0, Sum: 0, Workers: 4
[4867.713s][debug][gc,phases      ] GC(295)     Total                          Min: 0, Avg: 11384.5, Max: 19490, Diff: 19490, Sum: 45538, Workers: 4
[4867.713s][debug][gc,phases      ] GC(295)   ResolvedMethodTable Weak       Min:  0.0, Avg:  0.0, Max:  0.0, Diff:  0.0, Sum:  0.1, Workers: 4
[4867.713s][debug][gc,phases      ] GC(295)     Dead                           Min: 0, Avg:  0.0, Max: 0, Diff: 0, Sum: 0, Workers: 4
[4867.713s][debug][gc,phases      ] GC(295)     Total                          Min: 0, Avg: 2947.2, Max: 4429, Diff: 4429, Sum: 11789, Workers: 4
[4867.713s][debug][gc,phases      ] GC(295)   JNI Weak                       Min:  0.0, Avg:  0.0, Max:  0.0, Diff:  0.0, Sum:  0.0, Workers: 4
[4867.713s][debug][gc,phases      ] GC(295)     Dead                           Min: 0, Avg:  0.0, Max: 0, Diff: 0, Sum: 0, Workers: 4
[4867.713s][debug][gc,phases      ] GC(295)     Total                          Min: 0, Avg: 12.0, Max: 48, Diff: 48, Sum: 48, Workers: 4
[4867.713s][debug][gc,phases      ] GC(295)   StringDedup Table Weak         Min:  0.0, Avg:  0.0, Max:  0.0, Diff:  0.0, Sum:  0.0, Workers: 4
[4867.713s][debug][gc,phases      ] GC(295)     Dead                           Min: 0, Avg:  0.0, Max: 0, Diff: 0, Sum: 0, Workers: 4
[4867.713s][debug][gc,phases      ] GC(295)     Total                          Min: 0, Avg:  0.0, Max: 0, Diff: 0, Sum: 0, Workers: 4
[4867.713s][debug][gc,phases      ] GC(295)   StringDedup Requests0 Weak     Min:  0.0, Avg:  0.0, Max:  0.0, Diff:  0.0, Sum:  0.0, Workers: 4
[4867.713s][debug][gc,phases      ] GC(295)     Dead                           Min: 0, Avg:  0.0, Max: 0, Diff: 0, Sum: 0, Workers: 4
[4867.713s][debug][gc,phases      ] GC(295)     Total                          Min: 0, Avg:  0.0, Max: 0, Diff: 0, Sum: 0, Workers: 4
[4867.713s][debug][gc,phases      ] GC(295)   StringDedup Requests1 Weak     Min:  0.0, Avg:  0.0, Max:  0.0, Diff:  0.0, Sum:  0.0, Workers: 4
[4867.713s][debug][gc,phases      ] GC(295)     Dead                           Min: 0, Avg:  0.0, Max: 0, Diff: 0, Sum: 0, Workers: 4
[4867.713s][debug][gc,phases      ] GC(295)     Total                          Min: 0, Avg:  0.0, Max: 0, Diff: 0, Sum: 0, Workers: 4
[4867.713s][debug][gc,phases      ] GC(295)   Weak JFR Old Object Samples    Min:  0.0, Avg:  0.0, Max:  0.0, Diff:  0.0, Sum:  0.0, Workers: 4
[4867.713s][debug][gc,phases      ] GC(295)     Dead                           Min: 0, Avg:  0.0, Max: 0, Diff: 0, Sum: 0, Workers: 4
[4867.713s][debug][gc,phases      ] GC(295)     Total                          Min: 0, Avg:  0.0, Max: 0, Diff: 0, Sum: 0, Workers: 4
[4867.713s][debug][gc,phases      ] GC(295) Weak Processing 0.363ms
[4867.713s][debug][gc,age         ] GC(295) Desired survivor size 39845888 bytes, new threshold 15 (max threshold 15)
[4867.713s][info ][gc,heap        ] GC(295) PSYoungGen: 2050948K(2052096K)->27008K(2051584K) Eden: 2024448K(2024448K)->0K(2024448K) From: 26500K(27648K)->27008K(27136K)
[4867.713s][info ][gc,heap        ] GC(295) ParOldGen: 516814K(663552K)->516814K(663552K)
[4867.713s][info ][gc,metaspace   ] GC(295) Metaspace: 92856K(94080K)->92856K(94080K) NonClass: 79649K(80320K)->79649K(80320K) Class: 13207K(13760K)->13207K(13760K)
[4867.713s][info ][gc             ] GC(295) Pause Young (Allocation Failure) 2507M->531M(2651M) 8.674ms
[4867.713s][info ][gc,cpu         ] GC(295) User=0.03s Sys=0.00s Real=0.00s
[4867.713s][info ][safepoint      ] Safepoint "ParallelGCFailedAllocation", Time since last: 16973885575 ns, Reaching safepoint: 4700 ns, Cleanup: 3200 ns, At safepoint: 8748857 ns, Total: 8756757 ns
[4869.713s][info ][safepoint      ] Safepoint "Cleanup", Time since last: 2000142687 ns, Reaching safepoint: 73600 ns, Cleanup: 9000 ns, At safepoint: 5400 ns, Total: 88000 ns
[4878.714s][info ][safepoint      ] Safepoint "Cleanup", Time since last: 9000594178 ns, Reaching safepoint: 5900 ns, Cleanup: 8000 ns, At safepoint: 2200 ns, Total: 16100 ns
[4879.714s][info ][safepoint      ] Safepoint "Cleanup", Time since last: 1000100411 ns, Reaching safepoint: 4700 ns, Cleanup: 7500 ns, At safepoint: 15500 ns, Total: 27700 ns
[4883.714s][info ][safepoint      ] Safepoint "Cleanup", Time since last: 4000307039 ns, Reaching safepoint: 75900 ns, Cleanup: 11200 ns, At safepoint: 7500 ns, Total: 94600 ns
[4890.212s][info ][gc,start       ] GC(296) Pause Young (Allocation Failure)
[4890.222s][debug][gc,phases      ] GC(296) Scavenge 10.660ms
[4890.222s][debug][gc,ref         ] GC(296) Skipped phase 1 of Reference Processing: no references
[4890.223s][debug][gc,ref         ] GC(296) ReferenceProcessor::execute queues: 1, RefProcThreadModel::Single, marks_oops_alive: false
[4890.223s][debug][gc,ref         ] GC(296) Skipped phase 3 of Reference Processing: no references
[4890.223s][debug][gc,ref         ] GC(296) ReferenceProcessor::execute queues: 1, RefProcThreadModel::Single, marks_oops_alive: false
[4890.223s][debug][gc,phases      ] GC(296) Reference Processing 0.109ms
[4890.223s][debug][gc,phases      ] GC(296)   VM Weak                        Min:  0.0, Avg:  0.0, Max:  0.0, Diff:  0.0, Sum:  0.0, Workers: 4
[4890.223s][debug][gc,phases      ] GC(296)     Dead                           Min: 0, Avg:  0.0, Max: 0, Diff: 0, Sum: 0, Workers: 4
[4890.223s][debug][gc,phases      ] GC(296)     Total                          Min: 0, Avg: 241.5, Max: 903, Diff: 903, Sum: 966, Workers: 4
[4890.223s][debug][gc,phases      ] GC(296)   ObjectSynchronizer Weak        Min:  0.0, Avg:  0.0, Max:  0.0, Diff:  0.0, Sum:  0.0, Workers: 4
[4890.223s][debug][gc,phases      ] GC(296)     Dead                           Min: 0, Avg:  0.0, Max: 0, Diff: 0, Sum: 0, Workers: 4
[4890.223s][debug][gc,phases      ] GC(296)     Total                          Min: 0, Avg:  1.5, Max: 6, Diff: 6, Sum: 6, Workers: 4
[4890.223s][debug][gc,phases      ] GC(296)   JVMTI Tag Weak OopStorage      Min:  0.0, Avg:  0.0, Max:  0.0, Diff:  0.0, Sum:  0.0, Workers: 4
[4890.223s][debug][gc,phases      ] GC(296)     Dead                           Min: 0, Avg:  0.0, Max: 0, Diff: 0, Sum: 0, Workers: 4
[4890.223s][debug][gc,phases      ] GC(296)     Total                          Min: 0, Avg:  0.0, Max: 0, Diff: 0, Sum: 0, Workers: 4
[4890.223s][debug][gc,phases      ] GC(296)   StringTable Weak               Min:  0.0, Avg:  0.1, Max:  0.1, Diff:  0.1, Sum:  0.4, Workers: 4
[4890.223s][debug][gc,phases      ] GC(296)     Dead                           Min: 0, Avg:  0.0, Max: 0, Diff: 0, Sum: 0, Workers: 4
[4890.223s][debug][gc,phases      ] GC(296)     Total                          Min: 0, Avg: 11388.5, Max: 20146, Diff: 20146, Sum: 45554, Workers: 4
[4890.223s][debug][gc,phases      ] GC(296)   ResolvedMethodTable Weak       Min:  0.0, Avg:  0.0, Max:  0.0, Diff:  0.0, Sum:  0.1, Workers: 4
[4890.223s][debug][gc,phases      ] GC(296)     Dead                           Min: 0, Avg:  0.0, Max: 0, Diff: 0, Sum: 0, Workers: 4
[4890.223s][debug][gc,phases      ] GC(296)     Total                          Min: 0, Avg: 2947.2, Max: 5389, Diff: 5389, Sum: 11789, Workers: 4
[4890.223s][debug][gc,phases      ] GC(296)   JNI Weak                       Min:  0.0, Avg:  0.0, Max:  0.0, Diff:  0.0, Sum:  0.0, Workers: 4
[4890.223s][debug][gc,phases      ] GC(296)     Dead                           Min: 0, Avg:  0.0, Max: 0, Diff: 0, Sum: 0, Workers: 4
[4890.223s][debug][gc,phases      ] GC(296)     Total                          Min: 0, Avg: 12.0, Max: 48, Diff: 48, Sum: 48, Workers: 4
[4890.223s][debug][gc,phases      ] GC(296)   StringDedup Table Weak         Min:  0.0, Avg:  0.0, Max:  0.0, Diff:  0.0, Sum:  0.0, Workers: 4
[4890.223s][debug][gc,phases      ] GC(296)     Dead                           Min: 0, Avg:  0.0, Max: 0, Diff: 0, Sum: 0, Workers: 4
[4890.223s][debug][gc,phases      ] GC(296)     Total                          Min: 0, Avg:  0.0, Max: 0, Diff: 0, Sum: 0, Workers: 4
[4890.223s][debug][gc,phases      ] GC(296)   StringDedup Requests0 Weak     Min:  0.0, Avg:  0.0, Max:  0.0, Diff:  0.0, Sum:  0.0, Workers: 4
[4890.223s][debug][gc,phases      ] GC(296)     Dead                           Min: 0, Avg:  0.0, Max: 0, Diff: 0, Sum: 0, Workers: 4
[4890.223s][debug][gc,phases      ] GC(296)     Total                          Min: 0, Avg:  0.0, Max: 0, Diff: 0, Sum: 0, Workers: 4
[4890.223s][debug][gc,phases      ] GC(296)   StringDedup Requests1 Weak     Min:  0.0, Avg:  0.0, Max:  0.0, Diff:  0.0, Sum:  0.0, Workers: 4
[4890.223s][debug][gc,phases      ] GC(296)     Dead                           Min: 0, Avg:  0.0, Max: 0, Diff: 0, Sum: 0, Workers: 4
[4890.223s][debug][gc,phases      ] GC(296)     Total                          Min: 0, Avg:  0.0, Max: 0, Diff: 0, Sum: 0, Workers: 4
[4890.223s][debug][gc,phases      ] GC(296)   Weak JFR Old Object Samples    Min:  0.0, Avg:  0.0, Max:  0.0, Diff:  0.0, Sum:  0.0, Workers: 4
[4890.223s][debug][gc,phases      ] GC(296)     Dead                           Min: 0, Avg:  0.0, Max: 0, Diff: 0, Sum: 0, Workers: 4
[4890.223s][debug][gc,phases      ] GC(296)     Total                          Min: 0, Avg:  0.0, Max: 0, Diff: 0, Sum: 0, Workers: 4
[4890.223s][debug][gc,phases      ] GC(296) Weak Processing 0.329ms
[4890.223s][debug][gc,age         ] GC(296) Desired survivor size 41943040 bytes, new threshold 15 (max threshold 15)
[4890.223s][info ][gc,heap        ] GC(296) PSYoungGen: 2051456K(2051584K)->27136K(2054144K) Eden: 2024448K(2024448K)->0K(2015232K) From: 27008K(27136K)->27136K(38912K)
[4890.223s][info ][gc,heap        ] GC(296) ParOldGen: 516814K(663552K)->516854K(663552K)
[4890.223s][info ][gc,metaspace   ] GC(296) Metaspace: 92856K(94080K)->92856K(94080K) NonClass: 79649K(80320K)->79649K(80320K) Class: 13207K(13760K)->13207K(13760K)
[4890.223s][info ][gc             ] GC(296) Pause Young (Allocation Failure) 2508M->531M(2654M) 11.212ms
[4890.223s][info ][gc,cpu         ] GC(296) User=0.04s Sys=0.00s Real=0.01s
[4890.223s][info ][safepoint      ] Safepoint "ParallelGCFailedAllocation", Time since last: 6497332254 ns, Reaching safepoint: 4900 ns, Cleanup: 4000 ns, At safepoint: 11279844 ns, Total: 11288744 ns
[4895.223s][info ][safepoint      ] Safepoint "Cleanup", Time since last: 5000339670 ns, Reaching safepoint: 4700 ns, Cleanup: 8100 ns, At safepoint: 1800 ns, Total: 14600 ns
[4902.224s][info ][safepoint      ] Safepoint "Cleanup", Time since last: 7000461293 ns, Reaching safepoint: 5500 ns, Cleanup: 9500 ns, At safepoint: 2100 ns, Total: 17100 ns
[4909.224s][info ][safepoint      ] Safepoint "Cleanup", Time since last: 7000444404 ns, Reaching safepoint: 4200 ns, Cleanup: 7900 ns, At safepoint: 2000 ns, Total: 14100 ns
[4909.801s][info ][gc,start       ] GC(297) Pause Young (Allocation Failure)
[4909.810s][debug][gc,phases      ] GC(297) Scavenge 9.365ms
[4909.810s][debug][gc,ref         ] GC(297) Skipped phase 1 of Reference Processing: no references
[4909.810s][debug][gc,ref         ] GC(297) ReferenceProcessor::execute queues: 1, RefProcThreadModel::Single, marks_oops_alive: false
[4909.810s][debug][gc,ref         ] GC(297) Skipped phase 3 of Reference Processing: no references
[4909.810s][debug][gc,ref         ] GC(297) ReferenceProcessor::execute queues: 1, RefProcThreadModel::Single, marks_oops_alive: false
[4909.810s][debug][gc,phases      ] GC(297) Reference Processing 0.108ms
[4909.810s][debug][gc,phases      ] GC(297)   VM Weak                        Min:  0.0, Avg:  0.0, Max:  0.0, Diff:  0.0, Sum:  0.0, Workers: 4
[4909.810s][debug][gc,phases      ] GC(297)     Dead                           Min: 0, Avg:  0.0, Max: 0, Diff: 0, Sum: 0, Workers: 4
[4909.810s][debug][gc,phases      ] GC(297)     Total                          Min: 0, Avg: 241.5, Max: 711, Diff: 711, Sum: 966, Workers: 4
[4909.810s][debug][gc,phases      ] GC(297)   ObjectSynchronizer Weak        Min:  0.0, Avg:  0.0, Max:  0.0, Diff:  0.0, Sum:  0.0, Workers: 4
[4909.810s][debug][gc,phases      ] GC(297)     Dead                           Min: 0, Avg:  0.0, Max: 0, Diff: 0, Sum: 0, Workers: 4
[4909.810s][debug][gc,phases      ] GC(297)     Total                          Min: 0, Avg:  1.5, Max: 6, Diff: 6, Sum: 6, Workers: 4
[4909.810s][debug][gc,phases      ] GC(297)   JVMTI Tag Weak OopStorage      Min:  0.0, Avg:  0.0, Max:  0.0, Diff:  0.0, Sum:  0.0, Workers: 4
[4909.810s][debug][gc,phases      ] GC(297)     Dead                           Min: 0, Avg:  0.0, Max: 0, Diff: 0, Sum: 0, Workers: 4
[4909.810s][debug][gc,phases      ] GC(297)     Total                          Min: 0, Avg:  0.0, Max: 0, Diff: 0, Sum: 0, Workers: 4
[4909.810s][debug][gc,phases      ] GC(297)   StringTable Weak               Min:  0.1, Avg:  0.1, Max:  0.1, Diff:  0.1, Sum:  0.4, Workers: 4
[4909.810s][debug][gc,phases      ] GC(297)     Dead                           Min: 0, Avg:  0.0, Max: 0, Diff: 0, Sum: 0, Workers: 4
[4909.810s][debug][gc,phases      ] GC(297)     Total                          Min: 6528, Avg: 11389.8, Max: 14400, Diff: 7872, Sum: 45559, Workers: 4
[4909.810s][debug][gc,phases      ] GC(297)   ResolvedMethodTable Weak       Min:  0.0, Avg:  0.0, Max:  0.0, Diff:  0.0, Sum:  0.1, Workers: 4
[4909.810s][debug][gc,phases      ] GC(297)     Dead                           Min: 0, Avg:  0.0, Max: 0, Diff: 0, Sum: 0, Workers: 4
[4909.810s][debug][gc,phases      ] GC(297)     Total                          Min: 2880, Avg: 2947.2, Max: 3021, Diff: 141, Sum: 11789, Workers: 4
[4909.810s][debug][gc,phases      ] GC(297)   JNI Weak                       Min:  0.0, Avg:  0.0, Max:  0.0, Diff:  0.0, Sum:  0.0, Workers: 4
[4909.810s][debug][gc,phases      ] GC(297)     Dead                           Min: 0, Avg:  0.0, Max: 0, Diff: 0, Sum: 0, Workers: 4
[4909.810s][debug][gc,phases      ] GC(297)     Total                          Min: 0, Avg: 12.0, Max: 48, Diff: 48, Sum: 48, Workers: 4
[4909.810s][debug][gc,phases      ] GC(297)   StringDedup Table Weak         Min:  0.0, Avg:  0.0, Max:  0.0, Diff:  0.0, Sum:  0.0, Workers: 4
[4909.810s][debug][gc,phases      ] GC(297)     Dead                           Min: 0, Avg:  0.0, Max: 0, Diff: 0, Sum: 0, Workers: 4
[4909.810s][debug][gc,phases      ] GC(297)     Total                          Min: 0, Avg:  0.0, Max: 0, Diff: 0, Sum: 0, Workers: 4
[4909.810s][debug][gc,phases      ] GC(297)   StringDedup Requests0 Weak     Min:  0.0, Avg:  0.0, Max:  0.0, Diff:  0.0, Sum:  0.0, Workers: 4
[4909.810s][debug][gc,phases      ] GC(297)     Dead                           Min: 0, Avg:  0.0, Max: 0, Diff: 0, Sum: 0, Workers: 4
[4909.810s][debug][gc,phases      ] GC(297)     Total                          Min: 0, Avg:  0.0, Max: 0, Diff: 0, Sum: 0, Workers: 4
[4909.810s][debug][gc,phases      ] GC(297)   StringDedup Requests1 Weak     Min:  0.0, Avg:  0.0, Max:  0.0, Diff:  0.0, Sum:  0.0, Workers: 4
[4909.810s][debug][gc,phases      ] GC(297)     Dead                           Min: 0, Avg:  0.0, Max: 0, Diff: 0, Sum: 0, Workers: 4
[4909.810s][debug][gc,phases      ] GC(297)     Total                          Min: 0, Avg:  0.0, Max: 0, Diff: 0, Sum: 0, Workers: 4
[4909.810s][debug][gc,phases      ] GC(297)   Weak JFR Old Object Samples    Min:  0.0, Avg:  0.0, Max:  0.0, Diff:  0.0, Sum:  0.0, Workers: 4
[4909.810s][debug][gc,phases      ] GC(297)     Dead                           Min: 0, Avg:  0.0, Max: 0, Diff: 0, Sum: 0, Workers: 4
[4909.810s][debug][gc,phases      ] GC(297)     Total                          Min: 0, Avg:  0.0, Max: 0, Diff: 0, Sum: 0, Workers: 4
[4909.810s][debug][gc,phases      ] GC(297) Weak Processing 0.314ms
[4909.810s][debug][gc,age         ] GC(297) Desired survivor size 45088768 bytes, new threshold 15 (max threshold 15)
[4909.810s][info ][gc,heap        ] GC(297) PSYoungGen: 2042368K(2054144K)->31072K(2046464K) Eden: 2015232K(2015232K)->0K(2015232K) From: 27136K(38912K)->31072K(31232K)
[4909.810s][info ][gc,heap        ] GC(297) ParOldGen: 516854K(663552K)->516974K(663552K)
[4909.810s][info ][gc,metaspace   ] GC(297) Metaspace: 92858K(94080K)->92858K(94080K) NonClass: 79651K(80320K)->79651K(80320K) Class: 13207K(13760K)->13207K(13760K)
