[0.003s][info][gc] Using Parallel
[0.007s][info][gc,init] Version: 17.0.10+7-LTS (release)
[0.007s][info][gc,init] CPUs: 4 total, 4 available
[0.007s][info][gc,init] Memory: 15991M
[0.007s][info][gc,init] Large Page Support: Disabled
[0.007s][info][gc,init] NUMA Support: Disabled
[0.007s][info][gc,init] Compressed Oops: Enabled (Zero based)
[0.007s][info][gc,init] Alignments: Space 512K, Generation 512K, Heap 2M
[0.007s][info][gc,init] Heap Min Capacity: 2054M
[0.007s][info][gc,init] Heap Initial Capacity: 2054M
[0.007s][info][gc,init] Heap Max Capacity: 5G
[0.007s][info][gc,init] Pre-touch: Disabled
[0.007s][info][gc,init] Parallel Workers: 4
[0.016s][info][gc,metaspace] CDS archive(s) mapped at: [0x00007fd299000000-0x00007fd299bc6000-0x00007fd299bc6000), size 12345344, SharedBaseAddress: 0x00007fd299000000, ArchiveRelocationMode: 1.
[0.016s][info][gc,metaspace] Compressed class space mapped at: 0x00007fd29a000000-0x00007fd2da000000, reserved size: 1073741824
[0.016s][info][gc,metaspace] Narrow klass base: 0x00007fd299000000, Narrow klass shift: 0, Narrow klass range: 0x100000000
[0.454s][info][safepoint   ] Safepoint "ICBufferFull", Time since last: 431613986 ns, Reaching safepoint: 3400 ns, Cleanup: 126500 ns, At safepoint: 13200 ns, Total: 143100 ns
[0.509s][info][safepoint   ] Safepoint "RedefineClasses", Time since last: 50548358 ns, Reaching safepoint: 3100 ns, Cleanup: 38100 ns, At safepoint: 4632187 ns, Total: 4673387 ns
[0.694s][info][safepoint   ] Safepoint "ICBufferFull", Time since last: 184433681 ns, Reaching safepoint: 81800 ns, Cleanup: 146600 ns, At safepoint: 13800 ns, Total: 242200 ns
[0.730s][info][safepoint   ] Safepoint "JFRCheckpoint", Time since last: 36563597 ns, Reaching safepoint: 2900 ns, Cleanup: 25300 ns, At safepoint: 10800 ns, Total: 39000 ns
[1.278s][info][safepoint   ] Safepoint "ICBufferFull", Time since last: 547749460 ns, Reaching safepoint: 3400 ns, Cleanup: 318699 ns, At safepoint: 2600 ns, Total: 324699 ns
[1.652s][info][safepoint   ] Safepoint "ICBufferFull", Time since last: 373160951 ns, Reaching safepoint: 3000 ns, Cleanup: 137500 ns, At safepoint: 9700 ns, Total: 150200 ns
[2.010s][info][gc,start    ] GC(0) Pause Young (Metadata GC Threshold)
[2.029s][debug][gc,phases   ] GC(0) Scavenge 18.730ms
[2.029s][debug][gc,ref      ] GC(0) Skipped phase 1 of Reference Processing: no references
[2.030s][debug][gc,ref      ] GC(0) ReferenceProcessor::execute queues: 2, RefProcThreadModel::Multi, marks_oops_alive: false
[2.030s][debug][gc,ref      ] GC(0) Skipped phase 3 of Reference Processing: no references
[2.030s][debug][gc,ref      ] GC(0) ReferenceProcessor::execute queues: 1, RefProcThreadModel::Single, marks_oops_alive: false
[2.030s][debug][gc,phases   ] GC(0) Reference Processing 0.234ms
[2.030s][debug][gc,phases   ] GC(0)   VM Weak                        Min:  0.0, Avg:  0.0, Max:  0.0, Diff:  0.0, Sum:  0.0, Workers: 4
[2.030s][debug][gc,phases   ] GC(0)     Dead                           Min: 0, Avg:  0.0, Max: 0, Diff: 0, Sum: 0, Workers: 4
[2.030s][debug][gc,phases   ] GC(0)     Total                          Min: 0, Avg: 61.2, Max: 128, Diff: 128, Sum: 245, Workers: 4
[2.030s][debug][gc,phases   ] GC(0)   ObjectSynchronizer Weak        Min:  0.0, Avg:  0.0, Max:  0.0, Diff:  0.0, Sum:  0.0, Workers: 4
[2.030s][debug][gc,phases   ] GC(0)     Dead                           Min: 0, Avg:  0.8, Max: 3, Diff: 3, Sum: 3, Workers: 4
[2.030s][debug][gc,phases   ] GC(0)     Total                          Min: 0, Avg:  3.2, Max: 13, Diff: 13, Sum: 13, Workers: 4
[2.030s][debug][gc,phases   ] GC(0)   JVMTI Tag Weak OopStorage      Min:  0.0, Avg:  0.0, Max:  0.0, Diff:  0.0, Sum:  0.0, Workers: 4
[2.030s][debug][gc,phases   ] GC(0)     Dead                           Min: 0, Avg:  0.0, Max: 0, Diff: 0, Sum: 0, Workers: 4
[2.030s][debug][gc,phases   ] GC(0)     Total                          Min: 0, Avg:  0.0, Max: 0, Diff: 0, Sum: 0, Workers: 4
[2.030s][debug][gc,phases   ] GC(0)   StringTable Weak               Min:  0.0, Avg:  0.1, Max:  0.3, Diff:  0.3, Sum:  0.4, Workers: 4
[2.030s][debug][gc,phases   ] GC(0)     Dead                           Min: 0, Avg:  7.0, Max: 15, Diff: 15, Sum: 28, Workers: 4
[2.030s][debug][gc,phases   ] GC(0)     Total                          Min: 0, Avg: 2943.5, Max: 6016, Diff: 6016, Sum: 11774, Workers: 4
[2.030s][debug][gc,phases   ] GC(0)   ResolvedMethodTable Weak       Min:  0.0, Avg:  0.0, Max:  0.1, Diff:  0.1, Sum:  0.1, Workers: 4
[2.030s][debug][gc,phases   ] GC(0)     Dead                           Min: 0, Avg: 18.2, Max: 73, Diff: 73, Sum: 73, Workers: 4
[2.030s][debug][gc,phases   ] GC(0)     Total                          Min: 0, Avg: 326.2, Max: 1305, Diff: 1305, Sum: 1305, Workers: 4
[2.030s][debug][gc,phases   ] GC(0)   JNI Weak                       Min:  0.0, Avg:  0.0, Max:  0.0, Diff:  0.0, Sum:  0.0, Workers: 4
[2.030s][debug][gc,phases   ] GC(0)     Dead                           Min: 0, Avg:  0.0, Max: 0, Diff: 0, Sum: 0, Workers: 4
[2.030s][debug][gc,phases   ] GC(0)     Total                          Min: 0, Avg: 12.2, Max: 49, Diff: 49, Sum: 49, Workers: 4
[2.030s][debug][gc,phases   ] GC(0)   StringDedup Table Weak         Min:  0.0, Avg:  0.0, Max:  0.0, Diff:  0.0, Sum:  0.0, Workers: 4
[2.030s][debug][gc,phases   ] GC(0)     Dead                           Min: 0, Avg:  0.0, Max: 0, Diff: 0, Sum: 0, Workers: 4
[2.030s][debug][gc,phases   ] GC(0)     Total                          Min: 0, Avg:  0.0, Max: 0, Diff: 0, Sum: 0, Workers: 4
[2.030s][debug][gc,phases   ] GC(0)   StringDedup Requests0 Weak     Min:  0.0, Avg:  0.0, Max:  0.0, Diff:  0.0, Sum:  0.0, Workers: 4
[2.030s][debug][gc,phases   ] GC(0)     Dead                           Min: 0, Avg:  0.0, Max: 0, Diff: 0, Sum: 0, Workers: 4
[2.030s][debug][gc,phases   ] GC(0)     Total                          Min: 0, Avg:  0.0, Max: 0, Diff: 0, Sum: 0, Workers: 4
[2.030s][debug][gc,phases   ] GC(0)   StringDedup Requests1 Weak     Min:  0.0, Avg:  0.0, Max:  0.0, Diff:  0.0, Sum:  0.0, Workers: 4
[2.030s][debug][gc,phases   ] GC(0)     Dead                           Min: 0, Avg:  0.0, Max: 0, Diff: 0, Sum: 0, Workers: 4
[2.030s][debug][gc,phases   ] GC(0)     Total                          Min: 0, Avg:  0.0, Max: 0, Diff: 0, Sum: 0, Workers: 4
[2.030s][debug][gc,phases   ] GC(0)   Weak JFR Old Object Samples    Min:  0.0, Avg:  0.0, Max:  0.0, Diff:  0.0, Sum:  0.0, Workers: 4
[2.030s][debug][gc,phases   ] GC(0)     Dead                           Min: 0, Avg:  0.0, Max: 0, Diff: 0, Sum: 0, Workers: 4
[2.030s][debug][gc,phases   ] GC(0)     Total                          Min: 0, Avg:  0.0, Max: 0, Diff: 0, Sum: 0, Workers: 4
[2.030s][debug][gc,phases   ] GC(0) Weak Processing 0.413ms
[2.030s][debug][gc,age      ] GC(0) Desired survivor size 536870912 bytes, new threshold 7 (max threshold 15)
[2.030s][info ][gc,heap     ] GC(0) PSYoungGen: 282870K(1572864K)->34901K(1572864K) Eden: 282870K(1048576K)->0K(1048576K) From: 0K(524288K)->34901K(524288K)
[2.030s][info ][gc,heap     ] GC(0) ParOldGen: 0K(6144K)->104K(6144K)
[2.030s][info ][gc,metaspace] GC(0) Metaspace: 21126K(21504K)->21126K(21504K) NonClass: 18685K(18880K)->18685K(18880K) Class: 2440K(2624K)->2440K(2624K)
[2.030s][info ][gc          ] GC(0) Pause Young (Metadata GC Threshold) 276M->34M(1542M) 19.709ms
[2.030s][info ][gc,cpu      ] GC(0) User=0.03s Sys=0.01s Real=0.02s
[2.030s][debug][gc,phases   ] GC(1) Pre Compact 0.011ms
[2.030s][info ][gc,start    ] GC(1) Pause Full (Metadata GC Threshold)
[2.030s][info ][gc,phases,start] GC(1) Marking Phase
[2.042s][debug][gc,phases      ] GC(1) Par Mark 12.243ms
[2.042s][debug][gc,ref         ] GC(1) Skipped phase 1 of Reference Processing: no references
[2.042s][debug][gc,ref         ] GC(1) ReferenceProcessor::execute queues: 1, RefProcThreadModel::Single, marks_oops_alive: false
[2.042s][debug][gc,ref         ] GC(1) Skipped phase 3 of Reference Processing: no references
[2.042s][debug][gc,ref         ] GC(1) ReferenceProcessor::execute queues: 1, RefProcThreadModel::Single, marks_oops_alive: false
[2.043s][debug][gc,phases      ] GC(1) Reference Processing 0.033ms
[2.043s][debug][gc,phases      ] GC(1)   VM Weak                        Min:  0.0, Avg:  0.0, Max:  0.0, Diff:  0.0, Sum:  0.0, Workers: 4
[2.043s][debug][gc,phases      ] GC(1)     Dead                           Min: 0, Avg:  0.0, Max: 0, Diff: 0, Sum: 0, Workers: 4
[2.043s][debug][gc,phases      ] GC(1)     Total                          Min: 0, Avg: 61.2, Max: 245, Diff: 245, Sum: 245, Workers: 4
[2.043s][debug][gc,phases      ] GC(1)   ObjectSynchronizer Weak        Min:  0.0, Avg:  0.0, Max:  0.0, Diff:  0.0, Sum:  0.0, Workers: 4
[2.043s][debug][gc,phases      ] GC(1)     Dead                           Min: 0, Avg:  0.0, Max: 0, Diff: 0, Sum: 0, Workers: 4
[2.043s][debug][gc,phases      ] GC(1)     Total                          Min: 0, Avg:  3.2, Max: 13, Diff: 13, Sum: 13, Workers: 4
[2.043s][debug][gc,phases      ] GC(1)   JVMTI Tag Weak OopStorage      Min:  0.0, Avg:  0.0, Max:  0.0, Diff:  0.0, Sum:  0.0, Workers: 4
[2.043s][debug][gc,phases      ] GC(1)     Dead                           Min: 0, Avg:  0.0, Max: 0, Diff: 0, Sum: 0, Workers: 4
[2.043s][debug][gc,phases      ] GC(1)     Total                          Min: 0, Avg:  0.0, Max: 0, Diff: 0, Sum: 0, Workers: 4
[2.043s][debug][gc,phases      ] GC(1)   StringTable Weak               Min:  0.0, Avg:  0.0, Max:  0.1, Diff:  0.1, Sum:  0.1, Workers: 4
[2.043s][debug][gc,phases      ] GC(1)     Dead                           Min: 0, Avg:  0.0, Max: 0, Diff: 0, Sum: 0, Workers: 4
[2.043s][debug][gc,phases      ] GC(1)     Total                          Min: 0, Avg: 2943.5, Max: 6014, Diff: 6014, Sum: 11774, Workers: 4
[2.043s][debug][gc,phases      ] GC(1)   ResolvedMethodTable Weak       Min:  0.0, Avg:  0.0, Max:  0.0, Diff:  0.0, Sum:  0.0, Workers: 4
[2.043s][debug][gc,phases      ] GC(1)     Dead                           Min: 0, Avg:  0.0, Max: 0, Diff: 0, Sum: 0, Workers: 4
[2.043s][debug][gc,phases      ] GC(1)     Total                          Min: 0, Avg: 326.2, Max: 665, Diff: 665, Sum: 1305, Workers: 4
[2.043s][debug][gc,phases      ] GC(1)   JNI Weak                       Min:  0.0, Avg:  0.0, Max:  0.0, Diff:  0.0, Sum:  0.0, Workers: 4
[2.043s][debug][gc,phases      ] GC(1)     Dead                           Min: 0, Avg:  0.0, Max: 0, Diff: 0, Sum: 0, Workers: 4
[2.043s][debug][gc,phases      ] GC(1)     Total                          Min: 0, Avg: 12.2, Max: 49, Diff: 49, Sum: 49, Workers: 4
[2.043s][debug][gc,phases      ] GC(1)   StringDedup Table Weak         Min:  0.0, Avg:  0.0, Max:  0.0, Diff:  0.0, Sum:  0.0, Workers: 4
[2.043s][debug][gc,phases      ] GC(1)     Dead                           Min: 0, Avg:  0.0, Max: 0, Diff: 0, Sum: 0, Workers: 4
[2.043s][debug][gc,phases      ] GC(1)     Total                          Min: 0, Avg:  0.0, Max: 0, Diff: 0, Sum: 0, Workers: 4
[2.043s][debug][gc,phases      ] GC(1)   StringDedup Requests0 Weak     Min:  0.0, Avg:  0.0, Max:  0.0, Diff:  0.0, Sum:  0.0, Workers: 4
[2.043s][debug][gc,phases      ] GC(1)     Dead                           Min: 0, Avg:  0.0, Max: 0, Diff: 0, Sum: 0, Workers: 4
[2.043s][debug][gc,phases      ] GC(1)     Total                          Min: 0, Avg:  0.0, Max: 0, Diff: 0, Sum: 0, Workers: 4
[2.043s][debug][gc,phases      ] GC(1)   StringDedup Requests1 Weak     Min:  0.0, Avg:  0.0, Max:  0.0, Diff:  0.0, Sum:  0.0, Workers: 4
[2.043s][debug][gc,phases      ] GC(1)     Dead                           Min: 0, Avg:  0.0, Max: 0, Diff: 0, Sum: 0, Workers: 4
[2.043s][debug][gc,phases      ] GC(1)     Total                          Min: 0, Avg:  0.0, Max: 0, Diff: 0, Sum: 0, Workers: 4
[2.043s][debug][gc,phases      ] GC(1)   Weak JFR Old Object Samples    Min:  0.0, Avg:  0.0, Max:  0.0, Diff:  0.0, Sum:  0.0, Workers: 4
[2.043s][debug][gc,phases      ] GC(1)     Dead                           Min: 0, Avg:  0.0, Max: 0, Diff: 0, Sum: 0, Workers: 4
[2.043s][debug][gc,phases      ] GC(1)     Total                          Min: 0, Avg:  0.0, Max: 0, Diff: 0, Sum: 0, Workers: 4
[2.043s][debug][gc,phases      ] GC(1) Weak Processing 0.220ms
[2.043s][debug][gc,phases      ] GC(1) ClassLoaderData 0.008ms
[2.043s][debug][gc,phases      ] GC(1) Trigger cleanups 0.000ms
[2.046s][debug][gc,phases      ] GC(1) Class Unloading 3.415ms
[2.046s][debug][gc,phases      ] GC(1) Report Object Count 0.001ms
[2.046s][info ][gc,phases      ] GC(1) Marking Phase 15.974ms
[2.046s][info ][gc,phases,start] GC(1) Summary Phase
[2.046s][info ][gc,phases      ] GC(1) Summary Phase 0.006ms
[2.046s][info ][gc,phases,start] GC(1) Adjust Roots
[2.050s][info ][gc,phases      ] GC(1) Adjust Roots 4.247ms
[2.050s][info ][gc,phases,start] GC(1) Compaction Phase
[2.077s][info ][gc,phases      ] GC(1) Compaction Phase 26.188ms
[2.077s][info ][gc,phases,start] GC(1) Post Compact
[2.078s][info ][gc,phases      ] GC(1) Post Compact 1.105ms
[2.078s][info ][gc,heap        ] GC(1) PSYoungGen: 34901K(1572864K)->29044K(1572864K) Eden: 0K(1048576K)->0K(1048576K) From: 34901K(524288K)->29044K(524288K)
[2.078s][info ][gc,heap        ] GC(1) ParOldGen: 104K(6144K)->5754K(6144K)
[2.078s][info ][gc,metaspace   ] GC(1) Metaspace: 21126K(21504K)->21126K(21504K) NonClass: 18685K(18880K)->18685K(18880K) Class: 2440K(2624K)->2440K(2624K)
[2.078s][info ][gc             ] GC(1) Pause Full (Metadata GC Threshold) 34M->33M(1542M) 47.607ms
[2.078s][info ][gc,cpu         ] GC(1) User=0.10s Sys=0.01s Real=0.04s
[2.078s][info ][safepoint      ] Safepoint "CollectForMetadataAllocation", Time since last: 358640992 ns, Reaching safepoint: 4000 ns, Cleanup: 79599 ns, At safepoint: 67432411 ns, Total: 67516010 ns
[2.364s][info ][safepoint      ] Safepoint "ICBufferFull", Time since last: 285690997 ns, Reaching safepoint: 88599 ns, Cleanup: 163700 ns, At safepoint: 16400 ns, Total: 268699 ns
[2.489s][info ][safepoint      ] Safepoint "ICBufferFull", Time since last: 124610550 ns, Reaching safepoint: 3800 ns, Cleanup: 145299 ns, At safepoint: 6800 ns, Total: 155899 ns
[2.614s][info ][safepoint      ] Safepoint "ICBufferFull", Time since last: 125308948 ns, Reaching safepoint: 76400 ns, Cleanup: 140399 ns, At safepoint: 9200 ns, Total: 225999 ns
[2.757s][info ][safepoint      ] Safepoint "ICBufferFull", Time since last: 142375797 ns, Reaching safepoint: 3500 ns, Cleanup: 138699 ns, At safepoint: 1800 ns, Total: 143999 ns
[3.396s][info ][safepoint      ] Safepoint "ICBufferFull", Time since last: 638963165 ns, Reaching safepoint: 3700 ns, Cleanup: 148099 ns, At safepoint: 3300 ns, Total: 155099 ns
[3.623s][info ][safepoint      ] Safepoint "ICBufferFull", Time since last: 227357747 ns, Reaching safepoint: 4600 ns, Cleanup: 125900 ns, At safepoint: 1300 ns, Total: 131800 ns
[3.761s][info ][safepoint      ] Safepoint "ICBufferFull", Time since last: 137828504 ns, Reaching safepoint: 90299 ns, Cleanup: 157300 ns, At safepoint: 8600 ns, Total: 256199 ns
[4.011s][info ][safepoint      ] Safepoint "ICBufferFull", Time since last: 249997382 ns, Reaching safepoint: 3800 ns, Cleanup: 147099 ns, At safepoint: 1700 ns, Total: 152599 ns
[4.168s][info ][safepoint      ] Safepoint "ICBufferFull", Time since last: 156358151 ns, Reaching safepoint: 2800 ns, Cleanup: 148000 ns, At safepoint: 1900 ns, Total: 152700 ns
[4.235s][info ][gc,start       ] GC(2) Pause Young (Metadata GC Threshold)
[4.286s][debug][gc,phases      ] GC(2) Scavenge 50.970ms
[4.286s][debug][gc,ref         ] GC(2) Skipped phase 1 of Reference Processing: no references
[4.286s][debug][gc,ref         ] GC(2) ReferenceProcessor::execute queues: 4, RefProcThreadModel::Multi, marks_oops_alive: false
[4.286s][debug][gc,ref         ] GC(2) Skipped phase 3 of Reference Processing: no references
[4.286s][debug][gc,ref         ] GC(2) ReferenceProcessor::execute queues: 1, RefProcThreadModel::Single, marks_oops_alive: false
[4.286s][debug][gc,phases      ] GC(2) Reference Processing 0.561ms
[4.287s][debug][gc,phases      ] GC(2)   VM Weak                        Min:  0.0, Avg:  0.0, Max:  0.0, Diff:  0.0, Sum:  0.0, Workers: 4
[4.287s][debug][gc,phases      ] GC(2)     Dead                           Min: 0, Avg:  0.0, Max: 0, Diff: 0, Sum: 0, Workers: 4
[4.287s][debug][gc,phases      ] GC(2)     Total                          Min: 0, Avg: 78.5, Max: 314, Diff: 314, Sum: 314, Workers: 4
[4.287s][debug][gc,phases      ] GC(2)   ObjectSynchronizer Weak        Min:  0.0, Avg:  0.0, Max:  0.0, Diff:  0.0, Sum:  0.0, Workers: 4
[4.287s][debug][gc,phases      ] GC(2)     Dead                           Min: 0, Avg:  0.0, Max: 0, Diff: 0, Sum: 0, Workers: 4
[4.287s][debug][gc,phases      ] GC(2)     Total                          Min: 0, Avg:  3.5, Max: 14, Diff: 14, Sum: 14, Workers: 4
[4.287s][debug][gc,phases      ] GC(2)   JVMTI Tag Weak OopStorage      Min:  0.0, Avg:  0.0, Max:  0.0, Diff:  0.0, Sum:  0.0, Workers: 4
[4.287s][debug][gc,phases      ] GC(2)     Dead                           Min: 0, Avg:  0.0, Max: 0, Diff: 0, Sum: 0, Workers: 4
[4.287s][debug][gc,phases      ] GC(2)     Total                          Min: 0, Avg:  0.0, Max: 0, Diff: 0, Sum: 0, Workers: 4
[4.287s][debug][gc,phases      ] GC(2)   StringTable Weak               Min:  0.0, Avg:  0.1, Max:  0.3, Diff:  0.3, Sum:  0.5, Workers: 4
[4.287s][debug][gc,phases      ] GC(2)     Dead                           Min: 0, Avg:  2.2, Max: 5, Diff: 5, Sum: 9, Workers: 4
[4.287s][debug][gc,phases      ] GC(2)     Total                          Min: 0, Avg: 4352.0, Max: 10112, Diff: 10112, Sum: 17408, Workers: 4
[4.287s][debug][gc,phases      ] GC(2)   ResolvedMethodTable Weak       Min:  0.0, Avg:  0.0, Max:  0.1, Diff:  0.1, Sum:  0.1, Workers: 4
[4.287s][debug][gc,phases      ] GC(2)     Dead                           Min: 0, Avg: 12.2, Max: 46, Diff: 46, Sum: 49, Workers: 4
[4.287s][debug][gc,phases      ] GC(2)     Total                          Min: 0, Avg: 589.5, Max: 1911, Diff: 1911, Sum: 2358, Workers: 4
[4.287s][debug][gc,phases      ] GC(2)   JNI Weak                       Min:  0.0, Avg:  0.0, Max:  0.0, Diff:  0.0, Sum:  0.0, Workers: 4
[4.287s][debug][gc,phases      ] GC(2)     Dead                           Min: 0, Avg:  0.0, Max: 0, Diff: 0, Sum: 0, Workers: 4
[4.287s][debug][gc,phases      ] GC(2)     Total                          Min: 0, Avg: 12.0, Max: 48, Diff: 48, Sum: 48, Workers: 4
[4.287s][debug][gc,phases      ] GC(2)   StringDedup Table Weak         Min:  0.0, Avg:  0.0, Max:  0.0, Diff:  0.0, Sum:  0.0, Workers: 4
[4.287s][debug][gc,phases      ] GC(2)     Dead                           Min: 0, Avg:  0.0, Max: 0, Diff: 0, Sum: 0, Workers: 4
[4.287s][debug][gc,phases      ] GC(2)     Total                          Min: 0, Avg:  0.0, Max: 0, Diff: 0, Sum: 0, Workers: 4
[4.287s][debug][gc,phases      ] GC(2)   StringDedup Requests0 Weak     Min:  0.0, Avg:  0.0, Max:  0.0, Diff:  0.0, Sum:  0.0, Workers: 4
[4.287s][debug][gc,phases      ] GC(2)     Dead                           Min: 0, Avg:  0.0, Max: 0, Diff: 0, Sum: 0, Workers: 4
[4.287s][debug][gc,phases      ] GC(2)     Total                          Min: 0, Avg:  0.0, Max: 0, Diff: 0, Sum: 0, Workers: 4
[4.287s][debug][gc,phases      ] GC(2)   StringDedup Requests1 Weak     Min:  0.0, Avg:  0.0, Max:  0.0, Diff:  0.0, Sum:  0.0, Workers: 4
[4.287s][debug][gc,phases      ] GC(2)     Dead                           Min: 0, Avg:  0.0, Max: 0, Diff: 0, Sum: 0, Workers: 4
[4.287s][debug][gc,phases      ] GC(2)     Total                          Min: 0, Avg:  0.0, Max: 0, Diff: 0, Sum: 0, Workers: 4
[4.287s][debug][gc,phases      ] GC(2)   Weak JFR Old Object Samples    Min:  0.0, Avg:  0.0, Max:  0.0, Diff:  0.0, Sum:  0.0, Workers: 4
[4.287s][debug][gc,phases      ] GC(2)     Dead                           Min: 0, Avg:  0.0, Max: 0, Diff: 0, Sum: 0, Workers: 4
[4.287s][debug][gc,phases      ] GC(2)     Total                          Min: 0, Avg:  0.0, Max: 0, Diff: 0, Sum: 0, Workers: 4
[4.287s][debug][gc,phases      ] GC(2) Weak Processing 0.552ms
[4.287s][debug][gc,age         ] GC(2) Desired survivor size 536870912 bytes, new threshold 7 (max threshold 15)
[4.287s][info ][gc,heap        ] GC(2) PSYoungGen: 616248K(1572864K)->76852K(1572864K) Eden: 587204K(1048576K)->0K(1048576K) From: 29044K(524288K)->76852K(524288K)
[4.287s][info ][gc,heap        ] GC(2) ParOldGen: 5754K(6144K)->5762K(6144K)
[4.287s][info ][gc,metaspace   ] GC(2) Metaspace: 35351K(35840K)->35351K(35840K) NonClass: 30924K(31168K)->30924K(31168K) Class: 4426K(4672K)->4426K(4672K)
[4.287s][info ][gc             ] GC(2) Pause Young (Metadata GC Threshold) 607M->80M(1542M) 52.208ms
[4.287s][info ][gc,cpu         ] GC(2) User=0.12s Sys=0.06s Real=0.06s
[4.287s][debug][gc,phases      ] GC(3) Pre Compact 0.012ms
[4.287s][info ][gc,start       ] GC(3) Pause Full (Metadata GC Threshold)
[4.287s][info ][gc,phases,start] GC(3) Marking Phase
[4.327s][debug][gc,phases      ] GC(3) Par Mark 39.949ms
[4.327s][debug][gc,ref         ] GC(3) Skipped phase 1 of Reference Processing: no references
[4.327s][debug][gc,ref         ] GC(3) ReferenceProcessor::execute queues: 2, RefProcThreadModel::Multi, marks_oops_alive: false
[4.327s][debug][gc,ref         ] GC(3) Skipped phase 3 of Reference Processing: no references
[4.327s][debug][gc,ref         ] GC(3) ReferenceProcessor::execute queues: 1, RefProcThreadModel::Single, marks_oops_alive: false
[4.328s][debug][gc,phases      ] GC(3) Reference Processing 0.462ms
[4.328s][debug][gc,phases      ] GC(3)   VM Weak                        Min:  0.0, Avg:  0.0, Max:  0.0, Diff:  0.0, Sum:  0.0, Workers: 4
[4.328s][debug][gc,phases      ] GC(3)     Dead                           Min: 0, Avg:  0.0, Max: 0, Diff: 0, Sum: 0, Workers: 4
[4.328s][debug][gc,phases      ] GC(3)     Total                          Min: 0, Avg: 78.5, Max: 192, Diff: 192, Sum: 314, Workers: 4
[4.328s][debug][gc,phases      ] GC(3)   ObjectSynchronizer Weak        Min:  0.0, Avg:  0.0, Max:  0.0, Diff:  0.0, Sum:  0.0, Workers: 4
[4.328s][debug][gc,phases      ] GC(3)     Dead                           Min: 0, Avg:  0.0, Max: 0, Diff: 0, Sum: 0, Workers: 4
[4.328s][debug][gc,phases      ] GC(3)     Total                          Min: 0, Avg:  3.5, Max: 14, Diff: 14, Sum: 14, Workers: 4
[4.328s][debug][gc,phases      ] GC(3)   JVMTI Tag Weak OopStorage      Min:  0.0, Avg:  0.0, Max:  0.0, Diff:  0.0, Sum:  0.0, Workers: 4
[4.328s][debug][gc,phases      ] GC(3)     Dead                           Min: 0, Avg:  0.0, Max: 0, Diff: 0, Sum: 0, Workers: 4
[4.328s][debug][gc,phases      ] GC(3)     Total                          Min: 0, Avg:  0.0, Max: 0, Diff: 0, Sum: 0, Workers: 4
[4.328s][debug][gc,phases      ] GC(3)   StringTable Weak               Min:  0.0, Avg:  0.1, Max:  0.1, Diff:  0.1, Sum:  0.3, Workers: 4
[4.328s][debug][gc,phases      ] GC(3)     Dead                           Min: 0, Avg:  0.0, Max: 0, Diff: 0, Sum: 0, Workers: 4
[4.328s][debug][gc,phases      ] GC(3)     Total                          Min: 0, Avg: 4352.0, Max: 7168, Diff: 7168, Sum: 17408, Workers: 4
[4.328s][debug][gc,phases      ] GC(3)   ResolvedMethodTable Weak       Min:  0.0, Avg:  0.0, Max:  0.0, Diff:  0.0, Sum:  0.0, Workers: 4
[4.328s][debug][gc,phases      ] GC(3)     Dead                           Min: 0, Avg:  0.0, Max: 0, Diff: 0, Sum: 0, Workers: 4
[4.328s][debug][gc,phases      ] GC(3)     Total                          Min: 0, Avg: 589.5, Max: 1335, Diff: 1335, Sum: 2358, Workers: 4
[4.328s][debug][gc,phases      ] GC(3)   JNI Weak                       Min:  0.0, Avg:  0.0, Max:  0.0, Diff:  0.0, Sum:  0.0, Workers: 4
[4.328s][debug][gc,phases      ] GC(3)     Dead                           Min: 0, Avg:  0.0, Max: 0, Diff: 0, Sum: 0, Workers: 4
[4.328s][debug][gc,phases      ] GC(3)     Total                          Min: 0, Avg: 12.0, Max: 48, Diff: 48, Sum: 48, Workers: 4
[4.328s][debug][gc,phases      ] GC(3)   StringDedup Table Weak         Min:  0.0, Avg:  0.0, Max:  0.0, Diff:  0.0, Sum:  0.0, Workers: 4
[4.328s][debug][gc,phases      ] GC(3)     Dead                           Min: 0, Avg:  0.0, Max: 0, Diff: 0, Sum: 0, Workers: 4
[4.328s][debug][gc,phases      ] GC(3)     Total                          Min: 0, Avg:  0.0, Max: 0, Diff: 0, Sum: 0, Workers: 4
[4.328s][debug][gc,phases      ] GC(3)   StringDedup Requests0 Weak     Min:  0.0, Avg:  0.0, Max:  0.0, Diff:  0.0, Sum:  0.0, Workers: 4
[4.328s][debug][gc,phases      ] GC(3)     Dead                           Min: 0, Avg:  0.0, Max: 0, Diff: 0, Sum: 0, Workers: 4
[4.328s][debug][gc,phases      ] GC(3)     Total                          Min: 0, Avg:  0.0, Max: 0, Diff: 0, Sum: 0, Workers: 4
[4.328s][debug][gc,phases      ] GC(3)   StringDedup Requests1 Weak     Min:  0.0, Avg:  0.0, Max:  0.0, Diff:  0.0, Sum:  0.0, Workers: 4
[4.328s][debug][gc,phases      ] GC(3)     Dead                           Min: 0, Avg:  0.0, Max: 0, Diff: 0, Sum: 0, Workers: 4
[4.328s][debug][gc,phases      ] GC(3)     Total                          Min: 0, Avg:  0.0, Max: 0, Diff: 0, Sum: 0, Workers: 4
[4.328s][debug][gc,phases      ] GC(3)   Weak JFR Old Object Samples    Min:  0.0, Avg:  0.0, Max:  0.0, Diff:  0.0, Sum:  0.0, Workers: 4
[4.328s][debug][gc,phases      ] GC(3)     Dead                           Min: 0, Avg:  0.0, Max: 0, Diff: 0, Sum: 0, Workers: 4
[4.328s][debug][gc,phases      ] GC(3)     Total                          Min: 0, Avg:  0.0, Max: 0, Diff: 0, Sum: 0, Workers: 4
[4.328s][debug][gc,phases      ] GC(3) Weak Processing 0.373ms
[4.328s][debug][gc,phases      ] GC(3) ClassLoaderData 0.036ms
[4.328s][debug][gc,phases      ] GC(3) Trigger cleanups 0.000ms
[4.334s][debug][gc,phases      ] GC(3) Class Unloading 5.771ms
[4.334s][debug][gc,phases      ] GC(3) Report Object Count 0.001ms
[4.334s][info ][gc,phases      ] GC(3) Marking Phase 46.659ms
[4.334s][info ][gc,phases,start] GC(3) Summary Phase
[4.334s][info ][gc,phases      ] GC(3) Summary Phase 0.008ms
[4.334s][info ][gc,phases,start] GC(3) Adjust Roots
[4.338s][info ][gc,phases      ] GC(3) Adjust Roots 4.115ms
[4.338s][info ][gc,phases,start] GC(3) Compaction Phase
[4.737s][info ][gc,phases      ] GC(3) Compaction Phase 398.947ms
[4.737s][info ][gc,phases,start] GC(3) Post Compact
[4.740s][info ][gc,phases      ] GC(3) Post Compact 3.413ms
[4.740s][info ][gc,heap        ] GC(3) PSYoungGen: 76852K(1572864K)->76646K(1572864K) Eden: 0K(1048576K)->0K(1048576K) From: 76852K(524288K)->76646K(524288K)
[4.740s][info ][gc,heap        ] GC(3) ParOldGen: 5762K(6144K)->5713K(6144K)
[4.740s][info ][gc,metaspace   ] GC(3) Metaspace: 35351K(35840K)->35351K(35840K) NonClass: 30924K(31168K)->30924K(31168K) Class: 4426K(4672K)->4426K(4672K)
[4.740s][info ][gc             ] GC(3) Pause Full (Metadata GC Threshold) 80M->80M(1542M) 453.375ms
[4.740s][info ][gc,cpu         ] GC(3) User=0.87s Sys=0.01s Real=0.45s
[4.742s][info ][safepoint      ] Safepoint "CollectForMetadataAllocation", Time since last: 66717808 ns, Reaching safepoint: 3000 ns, Cleanup: 31400 ns, At safepoint: 507175543 ns, Total: 507209943 ns
[4.945s][info ][safepoint      ] Safepoint "ICBufferFull", Time since last: 202992117 ns, Reaching safepoint: 4500 ns, Cleanup: 136899 ns, At safepoint: 2000 ns, Total: 143399 ns
[5.158s][info ][safepoint      ] Safepoint "ICBufferFull", Time since last: 210902194 ns, Reaching safepoint: 1974195 ns, Cleanup: 122899 ns, At safepoint: 4200 ns, Total: 2101294 ns
[5.531s][info ][safepoint      ] Safepoint "ICBufferFull", Time since last: 373062628 ns, Reaching safepoint: 3400 ns, Cleanup: 176000 ns, At safepoint: 3500 ns, Total: 182900 ns
[5.975s][info ][safepoint      ] Safepoint "ICBufferFull", Time since last: 443351026 ns, Reaching safepoint: 3900 ns, Cleanup: 173400 ns, At safepoint: 1800 ns, Total: 179100 ns
[6.645s][info ][safepoint      ] Safepoint "ICBufferFull", Time since last: 670235674 ns, Reaching safepoint: 3200 ns, Cleanup: 150200 ns, At safepoint: 1300 ns, Total: 154700 ns
[6.988s][info ][safepoint      ] Safepoint "ICBufferFull", Time since last: 342276416 ns, Reaching safepoint: 188900 ns, Cleanup: 236899 ns, At safepoint: 3000 ns, Total: 428799 ns
[8.094s][info ][safepoint      ] Safepoint "Cleanup", Time since last: 1105747323 ns, Reaching safepoint: 2900 ns, Cleanup: 101200 ns, At safepoint: 5600 ns, Total: 109700 ns
[8.153s][info ][gc,start       ] GC(4) Pause Young (Metadata GC Threshold)
[8.227s][debug][gc,phases      ] GC(4) Scavenge 74.378ms
[8.227s][debug][gc,ref         ] GC(4) Skipped phase 1 of Reference Processing: no references
[8.227s][debug][gc,ref         ] GC(4) ReferenceProcessor::execute queues: 4, RefProcThreadModel::Multi, marks_oops_alive: false
[8.228s][debug][gc,ref         ] GC(4) Skipped phase 3 of Reference Processing: no references
[8.228s][debug][gc,ref         ] GC(4) ReferenceProcessor::execute queues: 4, RefProcThreadModel::Multi, marks_oops_alive: false
[8.228s][debug][gc,phases      ] GC(4) Reference Processing 0.593ms
[8.228s][debug][gc,phases      ] GC(4)   VM Weak                        Min:  0.0, Avg:  0.0, Max:  0.0, Diff:  0.0, Sum:  0.0, Workers: 4
[8.228s][debug][gc,phases      ] GC(4)     Dead                           Min: 0, Avg:  0.0, Max: 0, Diff: 0, Sum: 0, Workers: 4
[8.228s][debug][gc,phases      ] GC(4)     Total                          Min: 0, Avg: 129.5, Max: 320, Diff: 320, Sum: 518, Workers: 4
[8.228s][debug][gc,phases      ] GC(4)   ObjectSynchronizer Weak        Min:  0.0, Avg:  0.0, Max:  0.0, Diff:  0.0, Sum:  0.0, Workers: 4
[8.228s][debug][gc,phases      ] GC(4)     Dead                           Min: 0, Avg:  0.0, Max: 0, Diff: 0, Sum: 0, Workers: 4
[8.228s][debug][gc,phases      ] GC(4)     Total                          Min: 0, Avg:  3.5, Max: 14, Diff: 14, Sum: 14, Workers: 4
[8.228s][debug][gc,phases      ] GC(4)   JVMTI Tag Weak OopStorage      Min:  0.0, Avg:  0.0, Max:  0.0, Diff:  0.0, Sum:  0.0, Workers: 4
[8.228s][debug][gc,phases      ] GC(4)     Dead                           Min: 0, Avg:  0.0, Max: 0, Diff: 0, Sum: 0, Workers: 4
[8.228s][debug][gc,phases      ] GC(4)     Total                          Min: 0, Avg:  0.0, Max: 0, Diff: 0, Sum: 0, Workers: 4
[8.228s][debug][gc,phases      ] GC(4)   StringTable Weak               Min:  0.0, Avg:  0.2, Max:  0.3, Diff:  0.3, Sum:  0.9, Workers: 4
[8.228s][debug][gc,phases      ] GC(4)     Dead                           Min: 0, Avg:  4.0, Max: 6, Diff: 6, Sum: 16, Workers: 4
[8.228s][debug][gc,phases      ] GC(4)     Total                          Min: 0, Avg: 9059.2, Max: 12480, Diff: 12480, Sum: 36237, Workers: 4
[8.228s][debug][gc,phases      ] GC(4)   ResolvedMethodTable Weak       Min:  0.0, Avg:  0.1, Max:  0.1, Diff:  0.1, Sum:  0.2, Workers: 4
[8.228s][debug][gc,phases      ] GC(4)     Dead                           Min: 0, Avg: 40.2, Max: 77, Diff: 77, Sum: 161, Workers: 4
[8.228s][debug][gc,phases      ] GC(4)     Total                          Min: 0, Avg: 1499.8, Max: 2112, Diff: 2112, Sum: 5999, Workers: 4
[8.228s][debug][gc,phases      ] GC(4)   JNI Weak                       Min:  0.0, Avg:  0.0, Max:  0.0, Diff:  0.0, Sum:  0.0, Workers: 4
[8.228s][debug][gc,phases      ] GC(4)     Dead                           Min: 0, Avg:  0.0, Max: 0, Diff: 0, Sum: 0, Workers: 4
[8.228s][debug][gc,phases      ] GC(4)     Total                          Min: 0, Avg: 12.2, Max: 49, Diff: 49, Sum: 49, Workers: 4
[8.228s][debug][gc,phases      ] GC(4)   StringDedup Table Weak         Min:  0.0, Avg:  0.0, Max:  0.0, Diff:  0.0, Sum:  0.0, Workers: 4
[8.228s][debug][gc,phases      ] GC(4)     Dead                           Min: 0, Avg:  0.0, Max: 0, Diff: 0, Sum: 0, Workers: 4
[8.228s][debug][gc,phases      ] GC(4)     Total                          Min: 0, Avg:  0.0, Max: 0, Diff: 0, Sum: 0, Workers: 4
[8.228s][debug][gc,phases      ] GC(4)   StringDedup Requests0 Weak     Min:  0.0, Avg:  0.0, Max:  0.0, Diff:  0.0, Sum:  0.0, Workers: 4
[8.228s][debug][gc,phases      ] GC(4)     Dead                           Min: 0, Avg:  0.0, Max: 0, Diff: 0, Sum: 0, Workers: 4
[8.228s][debug][gc,phases      ] GC(4)     Total                          Min: 0, Avg:  0.0, Max: 0, Diff: 0, Sum: 0, Workers: 4
[8.228s][debug][gc,phases      ] GC(4)   StringDedup Requests1 Weak     Min:  0.0, Avg:  0.0, Max:  0.0, Diff:  0.0, Sum:  0.0, Workers: 4
[8.228s][debug][gc,phases      ] GC(4)     Dead                           Min: 0, Avg:  0.0, Max: 0, Diff: 0, Sum: 0, Workers: 4
[8.228s][debug][gc,phases      ] GC(4)     Total                          Min: 0, Avg:  0.0, Max: 0, Diff: 0, Sum: 0, Workers: 4
[8.228s][debug][gc,phases      ] GC(4)   Weak JFR Old Object Samples    Min:  0.0, Avg:  0.0, Max:  0.0, Diff:  0.0, Sum:  0.0, Workers: 4
[8.228s][debug][gc,phases      ] GC(4)     Dead                           Min: 0, Avg:  0.0, Max: 0, Diff: 0, Sum: 0, Workers: 4
[8.228s][debug][gc,phases      ] GC(4)     Total                          Min: 0, Avg:  0.0, Max: 0, Diff: 0, Sum: 0, Workers: 4
[8.228s][debug][gc,phases      ] GC(4) Weak Processing 0.535ms
[8.228s][debug][gc,age         ] GC(4) Desired survivor size 536870912 bytes, new threshold 7 (max threshold 15)
[8.228s][info ][gc,heap        ] GC(4) PSYoungGen: 427724K(1572864K)->114012K(1572864K) Eden: 351078K(1048576K)->0K(1048576K) From: 76646K(524288K)->114012K(524288K)
[8.228s][info ][gc,heap        ] GC(4) ParOldGen: 5713K(6144K)->5729K(6144K)
[8.228s][info ][gc,metaspace   ] GC(4) Metaspace: 59141K(59776K)->59141K(59776K) NonClass: 50310K(50624K)->50310K(50624K) Class: 8830K(9152K)->8830K(9152K)
[8.228s][info ][gc             ] GC(4) Pause Young (Metadata GC Threshold) 423M->116M(1542M) 75.599ms
[8.228s][info ][gc,cpu         ] GC(4) User=0.20s Sys=0.03s Real=0.08s
[8.228s][debug][gc,phases      ] GC(5) Pre Compact 0.008ms
[8.228s][info ][gc,start       ] GC(5) Pause Full (Metadata GC Threshold)
[8.228s][info ][gc,phases,start] GC(5) Marking Phase
[8.303s][debug][gc,phases      ] GC(5) Par Mark 74.901ms
[8.303s][debug][gc,ref         ] GC(5) Skipped phase 1 of Reference Processing: no references
[8.303s][debug][gc,ref         ] GC(5) ReferenceProcessor::execute queues: 4, RefProcThreadModel::Multi, marks_oops_alive: false
[8.304s][debug][gc,ref         ] GC(5) Skipped phase 3 of Reference Processing: no references
[8.304s][debug][gc,ref         ] GC(5) ReferenceProcessor::execute queues: 1, RefProcThreadModel::Single, marks_oops_alive: false
[8.304s][debug][gc,phases      ] GC(5) Reference Processing 0.315ms
[8.304s][debug][gc,phases      ] GC(5)   VM Weak                        Min:  0.0, Avg:  0.0, Max:  0.0, Diff:  0.0, Sum:  0.0, Workers: 4
[8.304s][debug][gc,phases      ] GC(5)     Dead                           Min: 0, Avg:  0.0, Max: 0, Diff: 0, Sum: 0, Workers: 4
[8.304s][debug][gc,phases      ] GC(5)     Total                          Min: 0, Avg: 129.5, Max: 198, Diff: 198, Sum: 518, Workers: 4
[8.304s][debug][gc,phases      ] GC(5)   ObjectSynchronizer Weak        Min:  0.0, Avg:  0.0, Max:  0.0, Diff:  0.0, Sum:  0.0, Workers: 4
[8.304s][debug][gc,phases      ] GC(5)     Dead                           Min: 0, Avg:  0.0, Max: 0, Diff: 0, Sum: 0, Workers: 4
[8.304s][debug][gc,phases      ] GC(5)     Total                          Min: 0, Avg:  3.5, Max: 14, Diff: 14, Sum: 14, Workers: 4
[8.304s][debug][gc,phases      ] GC(5)   JVMTI Tag Weak OopStorage      Min:  0.0, Avg:  0.0, Max:  0.0, Diff:  0.0, Sum:  0.0, Workers: 4
[8.304s][debug][gc,phases      ] GC(5)     Dead                           Min: 0, Avg:  0.0, Max: 0, Diff: 0, Sum: 0, Workers: 4
[8.304s][debug][gc,phases      ] GC(5)     Total                          Min: 0, Avg:  0.0, Max: 0, Diff: 0, Sum: 0, Workers: 4
[8.304s][debug][gc,phases      ] GC(5)   StringTable Weak               Min:  0.0, Avg:  0.1, Max:  0.2, Diff:  0.2, Sum:  0.6, Workers: 4
[8.304s][debug][gc,phases      ] GC(5)     Dead                           Min: 0, Avg:  0.0, Max: 0, Diff: 0, Sum: 0, Workers: 4
[8.304s][debug][gc,phases      ] GC(5)     Total                          Min: 4096, Avg: 9059.2, Max: 16013, Diff: 11917, Sum: 36237, Workers: 4
[8.304s][debug][gc,phases      ] GC(5)   ResolvedMethodTable Weak       Min:  0.0, Avg:  0.0, Max:  0.0, Diff:  0.0, Sum:  0.1, Workers: 4
[8.304s][debug][gc,phases      ] GC(5)     Dead                           Min: 0, Avg:  0.0, Max: 0, Diff: 0, Sum: 0, Workers: 4
[8.304s][debug][gc,phases      ] GC(5)     Total                          Min: 0, Avg: 1499.8, Max: 2176, Diff: 2176, Sum: 5999, Workers: 4
[8.304s][debug][gc,phases      ] GC(5)   JNI Weak                       Min:  0.0, Avg:  0.0, Max:  0.0, Diff:  0.0, Sum:  0.0, Workers: 4
[8.304s][debug][gc,phases      ] GC(5)     Dead                           Min: 0, Avg:  0.0, Max: 0, Diff: 0, Sum: 0, Workers: 4
[8.304s][debug][gc,phases      ] GC(5)     Total                          Min: 0, Avg: 12.2, Max: 49, Diff: 49, Sum: 49, Workers: 4
[8.304s][debug][gc,phases      ] GC(5)   StringDedup Table Weak         Min:  0.0, Avg:  0.0, Max:  0.0, Diff:  0.0, Sum:  0.0, Workers: 4
[8.304s][debug][gc,phases      ] GC(5)     Dead                           Min: 0, Avg:  0.0, Max: 0, Diff: 0, Sum: 0, Workers: 4
[8.304s][debug][gc,phases      ] GC(5)     Total                          Min: 0, Avg:  0.0, Max: 0, Diff: 0, Sum: 0, Workers: 4
[8.304s][debug][gc,phases      ] GC(5)   StringDedup Requests0 Weak     Min:  0.0, Avg:  0.0, Max:  0.0, Diff:  0.0, Sum:  0.0, Workers: 4
[8.304s][debug][gc,phases      ] GC(5)     Dead                           Min: 0, Avg:  0.0, Max: 0, Diff: 0, Sum: 0, Workers: 4
[8.304s][debug][gc,phases      ] GC(5)     Total                          Min: 0, Avg:  0.0, Max: 0, Diff: 0, Sum: 0, Workers: 4
[8.304s][debug][gc,phases      ] GC(5)   StringDedup Requests1 Weak     Min:  0.0, Avg:  0.0, Max:  0.0, Diff:  0.0, Sum:  0.0, Workers: 4
[8.304s][debug][gc,phases      ] GC(5)     Dead                           Min: 0, Avg:  0.0, Max: 0, Diff: 0, Sum: 0, Workers: 4
[8.304s][debug][gc,phases      ] GC(5)     Total                          Min: 0, Avg:  0.0, Max: 0, Diff: 0, Sum: 0, Workers: 4
[8.304s][debug][gc,phases      ] GC(5)   Weak JFR Old Object Samples    Min:  0.0, Avg:  0.0, Max:  0.0, Diff:  0.0, Sum:  0.0, Workers: 4
[8.304s][debug][gc,phases      ] GC(5)     Dead                           Min: 0, Avg:  0.0, Max: 0, Diff: 0, Sum: 0, Workers: 4
[8.304s][debug][gc,phases      ] GC(5)     Total                          Min: 0, Avg:  0.0, Max: 0, Diff: 0, Sum: 0, Workers: 4
[8.304s][debug][gc,phases      ] GC(5) Weak Processing 0.375ms
[8.304s][debug][gc,phases      ] GC(5) ClassLoaderData 0.059ms
[8.304s][debug][gc,phases      ] GC(5) Trigger cleanups 0.000ms
[8.309s][debug][gc,phases      ] GC(5) Class Unloading 5.340ms
[8.309s][debug][gc,phases      ] GC(5) Report Object Count 0.001ms
[8.309s][info ][gc,phases      ] GC(5) Marking Phase 81.049ms
[8.309s][info ][gc,phases,start] GC(5) Summary Phase
[8.309s][info ][gc,phases      ] GC(5) Summary Phase 0.009ms
[8.309s][info ][gc,phases,start] GC(5) Adjust Roots
[8.317s][info ][gc,phases      ] GC(5) Adjust Roots 8.051ms
[8.317s][info ][gc,phases,start] GC(5) Compaction Phase
[8.860s][info ][gc,phases      ] GC(5) Compaction Phase 542.736ms
[8.860s][info ][gc,phases,start] GC(5) Post Compact
[8.862s][info ][gc,phases      ] GC(5) Post Compact 2.076ms
[8.862s][info ][gc,heap        ] GC(5) PSYoungGen: 114012K(1572864K)->113751K(1572864K) Eden: 0K(1048576K)->0K(1048576K) From: 114012K(524288K)->113751K(524288K)
[8.862s][info ][gc,heap        ] GC(5) ParOldGen: 5729K(6144K)->5725K(6144K)
[8.862s][info ][gc,metaspace   ] GC(5) Metaspace: 59141K(59776K)->59141K(59776K) NonClass: 50310K(50624K)->50310K(50624K) Class: 8830K(9152K)->8830K(9152K)
[8.862s][info ][gc             ] GC(5) Pause Full (Metadata GC Threshold) 116M->116M(1542M) 634.026ms
[8.862s][info ][gc,cpu         ] GC(5) User=1.17s Sys=0.03s Real=0.63s
[8.862s][info ][safepoint      ] Safepoint "CollectForMetadataAllocation", Time since last: 58747531 ns, Reaching safepoint: 98900 ns, Cleanup: 29500 ns, At safepoint: 709740561 ns, Total: 709868961 ns
[9.002s][info ][safepoint      ] Safepoint "ICBufferFull", Time since last: 139535399 ns, Reaching safepoint: 3200 ns, Cleanup: 119800 ns, At safepoint: 1400 ns, Total: 124400 ns
[9.133s][info ][safepoint      ] Safepoint "ICBufferFull", Time since last: 130443325 ns, Reaching safepoint: 3700 ns, Cleanup: 142599 ns, At safepoint: 9600 ns, Total: 155899 ns
[9.385s][info ][safepoint      ] Safepoint "ICBufferFull", Time since last: 251780777 ns, Reaching safepoint: 3600 ns, Cleanup: 156699 ns, At safepoint: 2000 ns, Total: 162299 ns
[9.720s][info ][safepoint      ] Safepoint "ICBufferFull", Time since last: 335521737 ns, Reaching safepoint: 3200 ns, Cleanup: 104099 ns, At safepoint: 2100 ns, Total: 109399 ns
[10.132s][info ][safepoint      ] Safepoint "ICBufferFull", Time since last: 409881923 ns, Reaching safepoint: 1718095 ns, Cleanup: 158899 ns, At safepoint: 5700 ns, Total: 1882694 ns
[10.386s][info ][safepoint      ] Safepoint "ICBufferFull", Time since last: 254065370 ns, Reaching safepoint: 5300 ns, Cleanup: 167300 ns, At safepoint: 5800 ns, Total: 178400 ns
[10.606s][info ][safepoint      ] Safepoint "ICBufferFull", Time since last: 219434269 ns, Reaching safepoint: 79000 ns, Cleanup: 122200 ns, At safepoint: 7100 ns, Total: 208300 ns
[11.616s][info ][safepoint      ] Safepoint "ICBufferFull", Time since last: 1008494583 ns, Reaching safepoint: 1233996 ns, Cleanup: 138300 ns, At safepoint: 12200 ns, Total: 1384496 ns
[11.839s][info ][safepoint      ] Safepoint "ICBufferFull", Time since last: 223195603 ns, Reaching safepoint: 74200 ns, Cleanup: 123500 ns, At safepoint: 3700 ns, Total: 201400 ns
[12.874s][info ][safepoint      ] Safepoint "Cleanup", Time since last: 1034760234 ns, Reaching safepoint: 259199 ns, Cleanup: 114100 ns, At safepoint: 12200 ns, Total: 385499 ns
[14.882s][info ][safepoint      ] Safepoint "Cleanup", Time since last: 2007696033 ns, Reaching safepoint: 82799 ns, Cleanup: 10200 ns, At safepoint: 7100 ns, Total: 100099 ns
[16.145s][info ][gc,start       ] GC(6) Pause Young (Allocation Failure)
[16.399s][debug][gc,phases      ] GC(6) Scavenge 254.635ms
[16.399s][debug][gc,ref         ] GC(6) Skipped phase 1 of Reference Processing: no references
[16.399s][debug][gc,ref         ] GC(6) ReferenceProcessor::execute queues: 4, RefProcThreadModel::Multi, marks_oops_alive: false
[16.400s][debug][gc,ref         ] GC(6) ReferenceProcessor::execute queues: 4, RefProcThreadModel::Multi, marks_oops_alive: true
[16.402s][debug][gc,ref         ] GC(6) ReferenceProcessor::execute queues: 2, RefProcThreadModel::Multi, marks_oops_alive: false
[16.402s][debug][gc,phases      ] GC(6) Reference Processing 2.819ms
[16.403s][debug][gc,phases      ] GC(6)   VM Weak                        Min:  0.0, Avg:  0.0, Max:  0.0, Diff:  0.0, Sum:  0.0, Workers: 4
[16.403s][debug][gc,phases      ] GC(6)     Dead                           Min: 0, Avg:  0.0, Max: 0, Diff: 0, Sum: 0, Workers: 4
[16.403s][debug][gc,phases      ] GC(6)     Total                          Min: 0, Avg: 160.2, Max: 385, Diff: 385, Sum: 641, Workers: 4
[16.403s][debug][gc,phases      ] GC(6)   ObjectSynchronizer Weak        Min:  0.0, Avg:  0.0, Max:  0.0, Diff:  0.0, Sum:  0.0, Workers: 4
[16.403s][debug][gc,phases      ] GC(6)     Dead                           Min: 0, Avg:  0.2, Max: 1, Diff: 1, Sum: 1, Workers: 4
[16.403s][debug][gc,phases      ] GC(6)     Total                          Min: 0, Avg:  5.8, Max: 23, Diff: 23, Sum: 23, Workers: 4
[16.403s][debug][gc,phases      ] GC(6)   JVMTI Tag Weak OopStorage      Min:  0.0, Avg:  0.0, Max:  0.0, Diff:  0.0, Sum:  0.0, Workers: 4
[16.403s][debug][gc,phases      ] GC(6)     Dead                           Min: 0, Avg:  0.0, Max: 0, Diff: 0, Sum: 0, Workers: 4
[16.403s][debug][gc,phases      ] GC(6)     Total                          Min: 0, Avg:  0.0, Max: 0, Diff: 0, Sum: 0, Workers: 4
[16.403s][debug][gc,phases      ] GC(6)   StringTable Weak               Min:  0.0, Avg:  0.3, Max:  0.5, Diff:  0.5, Sum:  1.1, Workers: 4
[16.403s][debug][gc,phases      ] GC(6)     Dead                           Min: 0, Avg:  4.0, Max: 11, Diff: 11, Sum: 16, Workers: 4
[16.403s][debug][gc,phases      ] GC(6)     Total                          Min: 0, Avg: 10002.0, Max: 20296, Diff: 20296, Sum: 40008, Workers: 4
[16.403s][debug][gc,phases      ] GC(6)   ResolvedMethodTable Weak       Min:  0.0, Avg:  0.1, Max:  0.2, Diff:  0.2, Sum:  0.3, Workers: 4
[16.403s][debug][gc,phases      ] GC(6)     Dead                           Min: 0, Avg: 61.0, Max: 155, Diff: 155, Sum: 244, Workers: 4
[16.403s][debug][gc,phases      ] GC(6)     Total                          Min: 0, Avg: 2133.0, Max: 4352, Diff: 4352, Sum: 8532, Workers: 4
[16.403s][debug][gc,phases      ] GC(6)   JNI Weak                       Min:  0.0, Avg:  0.0, Max:  0.0, Diff:  0.0, Sum:  0.0, Workers: 4
[16.403s][debug][gc,phases      ] GC(6)     Dead                           Min: 0, Avg:  0.0, Max: 0, Diff: 0, Sum: 0, Workers: 4
[16.403s][debug][gc,phases      ] GC(6)     Total                          Min: 0, Avg: 15.8, Max: 48, Diff: 48, Sum: 63, Workers: 4
[16.403s][debug][gc,phases      ] GC(6)   StringDedup Table Weak         Min:  0.0, Avg:  0.0, Max:  0.0, Diff:  0.0, Sum:  0.0, Workers: 4
[16.403s][debug][gc,phases      ] GC(6)     Dead                           Min: 0, Avg:  0.0, Max: 0, Diff: 0, Sum: 0, Workers: 4
[16.403s][debug][gc,phases      ] GC(6)     Total                          Min: 0, Avg:  0.0, Max: 0, Diff: 0, Sum: 0, Workers: 4
[16.403s][debug][gc,phases      ] GC(6)   StringDedup Requests0 Weak     Min:  0.0, Avg:  0.0, Max:  0.0, Diff:  0.0, Sum:  0.0, Workers: 4
[16.403s][debug][gc,phases      ] GC(6)     Dead                           Min: 0, Avg:  0.0, Max: 0, Diff: 0, Sum: 0, Workers: 4
[16.403s][debug][gc,phases      ] GC(6)     Total                          Min: 0, Avg:  0.0, Max: 0, Diff: 0, Sum: 0, Workers: 4
[16.403s][debug][gc,phases      ] GC(6)   StringDedup Requests1 Weak     Min:  0.0, Avg:  0.0, Max:  0.0, Diff:  0.0, Sum:  0.0, Workers: 4
[16.403s][debug][gc,phases      ] GC(6)     Dead                           Min: 0, Avg:  0.0, Max: 0, Diff: 0, Sum: 0, Workers: 4
[16.403s][debug][gc,phases      ] GC(6)     Total                          Min: 0, Avg:  0.0, Max: 0, Diff: 0, Sum: 0, Workers: 4
[16.403s][debug][gc,phases      ] GC(6)   Weak JFR Old Object Samples    Min:  0.0, Avg:  0.0, Max:  0.0, Diff:  0.0, Sum:  0.0, Workers: 4
[16.403s][debug][gc,phases      ] GC(6)     Dead                           Min: 0, Avg:  0.0, Max: 0, Diff: 0, Sum: 0, Workers: 4
[16.403s][debug][gc,phases      ] GC(6)     Total                          Min: 0, Avg:  0.0, Max: 0, Diff: 0, Sum: 0, Workers: 4
[16.403s][debug][gc,phases      ] GC(6) Weak Processing 0.986ms
[16.403s][debug][gc,age         ] GC(6) Desired survivor size 536870912 bytes, new threshold 7 (max threshold 15)
[16.403s][info ][gc,heap        ] GC(6) PSYoungGen: 1162327K(1572864K)->264382K(1572864K) Eden: 1048576K(1048576K)->0K(1048576K) From: 113751K(524288K)->264382K(524288K)
[16.403s][info ][gc,heap        ] GC(6) ParOldGen: 5725K(6144K)->5766K(6144K)
[16.403s][info ][gc,metaspace   ] GC(6) Metaspace: 72372K(73216K)->72372K(73216K) NonClass: 61436K(61888K)->61436K(61888K) Class: 10935K(11328K)->10935K(11328K)
[16.403s][info ][gc             ] GC(6) Pause Young (Allocation Failure) 1140M->263M(1542M) 258.596ms
[16.403s][info ][gc,cpu         ] GC(6) User=0.49s Sys=0.13s Real=0.26s
[16.403s][info ][safepoint      ] Safepoint "ParallelGCFailedAllocation", Time since last: 1262297326 ns, Reaching safepoint: 4800 ns, Cleanup: 85800 ns, At safepoint: 258688708 ns, Total: 258779308 ns
[16.802s][info ][safepoint      ] Safepoint "ICBufferFull", Time since last: 398774834 ns, Reaching safepoint: 77700 ns, Cleanup: 124700 ns, At safepoint: 12200 ns, Total: 214600 ns
[17.126s][info ][safepoint      ] Safepoint "ICBufferFull", Time since last: 323743634 ns, Reaching safepoint: 4700 ns, Cleanup: 145400 ns, At safepoint: 6200 ns, Total: 156300 ns
[17.645s][info ][safepoint      ] Safepoint "ICBufferFull", Time since last: 518767213 ns, Reaching safepoint: 4300 ns, Cleanup: 130500 ns, At safepoint: 2099 ns, Total: 136899 ns
[18.167s][info ][safepoint      ] Safepoint "ICBufferFull", Time since last: 522170905 ns, Reaching safepoint: 4400 ns, Cleanup: 143099 ns, At safepoint: 1800 ns, Total: 149299 ns
[18.983s][info ][gc,start       ] GC(7) Pause Young (Allocation Failure)
[19.534s][debug][gc,phases      ] GC(7) Scavenge 550.610ms
[19.534s][debug][gc,ref         ] GC(7) Skipped phase 1 of Reference Processing: no references
[19.534s][debug][gc,ref         ] GC(7) ReferenceProcessor::execute queues: 4, RefProcThreadModel::Multi, marks_oops_alive: false
[19.535s][debug][gc,ref         ] GC(7) Skipped phase 3 of Reference Processing: no references
[19.535s][debug][gc,ref         ] GC(7) ReferenceProcessor::execute queues: 1, RefProcThreadModel::Single, marks_oops_alive: false
[19.535s][debug][gc,phases      ] GC(7) Reference Processing 1.062ms
[19.536s][debug][gc,phases      ] GC(7)   VM Weak                        Min:  0.0, Avg:  0.0, Max:  0.0, Diff:  0.0, Sum:  0.0, Workers: 4
[19.536s][debug][gc,phases      ] GC(7)     Dead                           Min: 0, Avg:  0.0, Max: 0, Diff: 0, Sum: 0, Workers: 4
[19.536s][debug][gc,phases      ] GC(7)     Total                          Min: 0, Avg: 164.2, Max: 657, Diff: 657, Sum: 657, Workers: 4
[19.536s][debug][gc,phases      ] GC(7)   ObjectSynchronizer Weak        Min:  0.0, Avg:  0.0, Max:  0.0, Diff:  0.0, Sum:  0.0, Workers: 4
[19.536s][debug][gc,phases      ] GC(7)     Dead                           Min: 0, Avg:  0.0, Max: 0, Diff: 0, Sum: 0, Workers: 4
[19.536s][debug][gc,phases      ] GC(7)     Total                          Min: 0, Avg:  5.8, Max: 23, Diff: 23, Sum: 23, Workers: 4
[19.536s][debug][gc,phases      ] GC(7)   JVMTI Tag Weak OopStorage      Min:  0.0, Avg:  0.0, Max:  0.0, Diff:  0.0, Sum:  0.0, Workers: 4
[19.536s][debug][gc,phases      ] GC(7)     Dead                           Min: 0, Avg:  0.0, Max: 0, Diff: 0, Sum: 0, Workers: 4
[19.536s][debug][gc,phases      ] GC(7)     Total                          Min: 0, Avg:  0.0, Max: 0, Diff: 0, Sum: 0, Workers: 4
[19.536s][debug][gc,phases      ] GC(7)   StringTable Weak               Min:  0.0, Avg:  0.2, Max:  1.0, Diff:  1.0, Sum:  1.0, Workers: 4
[19.536s][debug][gc,phases      ] GC(7)     Dead                           Min: 0, Avg:  1.5, Max: 6, Diff: 6, Sum: 6, Workers: 4
[19.536s][debug][gc,phases      ] GC(7)     Total                          Min: 0, Avg: 10098.2, Max: 40393, Diff: 40393, Sum: 40393, Workers: 4
[19.536s][debug][gc,phases      ] GC(7)   ResolvedMethodTable Weak       Min:  0.0, Avg:  0.1, Max:  0.3, Diff:  0.3, Sum:  0.3, Workers: 4
[19.536s][debug][gc,phases      ] GC(7)     Dead                           Min: 0, Avg: 11.8, Max: 47, Diff: 47, Sum: 47, Workers: 4
[19.536s][debug][gc,phases      ] GC(7)     Total                          Min: 0, Avg: 2131.5, Max: 8526, Diff: 8526, Sum: 8526, Workers: 4
[19.537s][debug][gc,phases      ] GC(7)   JNI Weak                       Min:  0.0, Avg:  0.0, Max:  0.0, Diff:  0.0, Sum:  0.0, Workers: 4
[19.537s][debug][gc,phases      ] GC(7)     Dead                           Min: 0, Avg:  0.0, Max: 0, Diff: 0, Sum: 0, Workers: 4
[19.537s][debug][gc,phases      ] GC(7)     Total                          Min: 0, Avg: 13.5, Max: 54, Diff: 54, Sum: 54, Workers: 4
[19.537s][debug][gc,phases      ] GC(7)   StringDedup Table Weak         Min:  0.0, Avg:  0.0, Max:  0.0, Diff:  0.0, Sum:  0.0, Workers: 4
[19.537s][debug][gc,phases      ] GC(7)     Dead                           Min: 0, Avg:  0.0, Max: 0, Diff: 0, Sum: 0, Workers: 4
[19.537s][debug][gc,phases      ] GC(7)     Total                          Min: 0, Avg:  0.0, Max: 0, Diff: 0, Sum: 0, Workers: 4
[19.537s][debug][gc,phases      ] GC(7)   StringDedup Requests0 Weak     Min:  0.0, Avg:  0.0, Max:  0.0, Diff:  0.0, Sum:  0.0, Workers: 4
[19.537s][debug][gc,phases      ] GC(7)     Dead                           Min: 0, Avg:  0.0, Max: 0, Diff: 0, Sum: 0, Workers: 4
[19.537s][debug][gc,phases      ] GC(7)     Total                          Min: 0, Avg:  0.0, Max: 0, Diff: 0, Sum: 0, Workers: 4
[19.537s][debug][gc,phases      ] GC(7)   StringDedup Requests1 Weak     Min:  0.0, Avg:  0.0, Max:  0.0, Diff:  0.0, Sum:  0.0, Workers: 4
[19.537s][debug][gc,phases      ] GC(7)     Dead                           Min: 0, Avg:  0.0, Max: 0, Diff: 0, Sum: 0, Workers: 4
[19.537s][debug][gc,phases      ] GC(7)     Total                          Min: 0, Avg:  0.0, Max: 0, Diff: 0, Sum: 0, Workers: 4
[19.537s][debug][gc,phases      ] GC(7)   Weak JFR Old Object Samples    Min:  0.0, Avg:  0.0, Max:  0.0, Diff:  0.0, Sum:  0.0, Workers: 4
[19.537s][debug][gc,phases      ] GC(7)     Dead                           Min: 0, Avg:  0.0, Max: 0, Diff: 0, Sum: 0, Workers: 4
[19.537s][debug][gc,phases      ] GC(7)     Total                          Min: 0, Avg:  0.0, Max: 0, Diff: 0, Sum: 0, Workers: 4
[19.537s][debug][gc,phases      ] GC(7) Weak Processing 1.521ms
[19.537s][debug][gc,age         ] GC(7) Desired survivor size 536870912 bytes, new threshold 6 (max threshold 15)
[19.537s][info ][gc,heap        ] GC(7) PSYoungGen: 1312958K(1572864K)->524272K(1572864K) Eden: 1048576K(1048576K)->0K(1048576K) From: 264382K(524288K)->524272K(524288K)
[19.537s][info ][gc,heap        ] GC(7) ParOldGen: 5766K(6144K)->80348K(80384K)
[19.537s][info ][gc,metaspace   ] GC(7) Metaspace: 73946K(74752K)->73946K(74752K) NonClass: 62852K(63296K)->62852K(63296K) Class: 11093K(11456K)->11093K(11456K)
[19.537s][info ][gc             ] GC(7) Pause Young (Allocation Failure) 1287M->590M(1614M) 553.333ms
[19.537s][info ][gc,cpu         ] GC(7) User=0.97s Sys=0.12s Real=0.55s
[19.537s][debug][gc,phases      ] GC(8) Pre Compact 0.015ms
[19.537s][info ][gc,start       ] GC(8) Pause Full (Ergonomics)
[19.537s][info ][gc,phases,start] GC(8) Marking Phase
[19.906s][debug][gc,phases      ] GC(8) Par Mark 369.111ms
[19.906s][debug][gc,ref         ] GC(8) Skipped phase 1 of Reference Processing: no references
[19.906s][debug][gc,ref         ] GC(8) ReferenceProcessor::execute queues: 2, RefProcThreadModel::Multi, marks_oops_alive: false
[19.907s][debug][gc,ref         ] GC(8) Skipped phase 3 of Reference Processing: no references
[19.908s][debug][gc,ref         ] GC(8) ReferenceProcessor::execute queues: 1, RefProcThreadModel::Single, marks_oops_alive: false
[19.908s][debug][gc,phases      ] GC(8) Reference Processing 1.562ms
[19.908s][debug][gc,phases      ] GC(8)   VM Weak                        Min:  0.0, Avg:  0.0, Max:  0.0, Diff:  0.0, Sum:  0.0, Workers: 4
[19.908s][debug][gc,phases      ] GC(8)     Dead                           Min: 0, Avg:  0.0, Max: 0, Diff: 0, Sum: 0, Workers: 4
[19.908s][debug][gc,phases      ] GC(8)     Total                          Min: 0, Avg: 164.2, Max: 465, Diff: 465, Sum: 657, Workers: 4
[19.908s][debug][gc,phases      ] GC(8)   ObjectSynchronizer Weak        Min:  0.0, Avg:  0.0, Max:  0.0, Diff:  0.0, Sum:  0.0, Workers: 4
[19.908s][debug][gc,phases      ] GC(8)     Dead                           Min: 0, Avg:  0.0, Max: 0, Diff: 0, Sum: 0, Workers: 4
[19.908s][debug][gc,phases      ] GC(8)     Total                          Min: 0, Avg:  5.8, Max: 23, Diff: 23, Sum: 23, Workers: 4
[19.908s][debug][gc,phases      ] GC(8)   JVMTI Tag Weak OopStorage      Min:  0.0, Avg:  0.0, Max:  0.0, Diff:  0.0, Sum:  0.0, Workers: 4
[19.908s][debug][gc,phases      ] GC(8)     Dead                           Min: 0, Avg:  0.0, Max: 0, Diff: 0, Sum: 0, Workers: 4
[19.908s][debug][gc,phases      ] GC(8)     Total                          Min: 0, Avg:  0.0, Max: 0, Diff: 0, Sum: 0, Workers: 4
[19.908s][debug][gc,phases      ] GC(8)   StringTable Weak               Min:  0.0, Avg:  0.2, Max:  0.3, Diff:  0.3, Sum:  0.6, Workers: 4
[19.908s][debug][gc,phases      ] GC(8)     Dead                           Min: 0, Avg:  0.0, Max: 0, Diff: 0, Sum: 0, Workers: 4
[19.908s][debug][gc,phases      ] GC(8)     Total                          Min: 0, Avg: 10098.2, Max: 20361, Diff: 20361, Sum: 40393, Workers: 4
[19.908s][debug][gc,phases      ] GC(8)   ResolvedMethodTable Weak       Min:  0.0, Avg:  0.0, Max:  0.1, Diff:  0.1, Sum:  0.1, Workers: 4
[19.908s][debug][gc,phases      ] GC(8)     Dead                           Min: 0, Avg:  0.0, Max: 0, Diff: 0, Sum: 0, Workers: 4
[19.908s][debug][gc,phases      ] GC(8)     Total                          Min: 0, Avg: 2131.5, Max: 4366, Diff: 4366, Sum: 8526, Workers: 4
[19.908s][debug][gc,phases      ] GC(8)   JNI Weak                       Min:  0.0, Avg:  0.0, Max:  0.0, Diff:  0.0, Sum:  0.0, Workers: 4
[19.908s][debug][gc,phases      ] GC(8)     Dead                           Min: 0, Avg:  0.0, Max: 0, Diff: 0, Sum: 0, Workers: 4
[19.908s][debug][gc,phases      ] GC(8)     Total                          Min: 0, Avg: 13.5, Max: 48, Diff: 48, Sum: 54, Workers: 4
[19.908s][debug][gc,phases      ] GC(8)   StringDedup Table Weak         Min:  0.0, Avg:  0.0, Max:  0.0, Diff:  0.0, Sum:  0.0, Workers: 4
[19.908s][debug][gc,phases      ] GC(8)     Dead                           Min: 0, Avg:  0.0, Max: 0, Diff: 0, Sum: 0, Workers: 4
[19.908s][debug][gc,phases      ] GC(8)     Total                          Min: 0, Avg:  0.0, Max: 0, Diff: 0, Sum: 0, Workers: 4
[19.908s][debug][gc,phases      ] GC(8)   StringDedup Requests0 Weak     Min:  0.0, Avg:  0.0, Max:  0.0, Diff:  0.0, Sum:  0.0, Workers: 4
[19.908s][debug][gc,phases      ] GC(8)     Dead                           Min: 0, Avg:  0.0, Max: 0, Diff: 0, Sum: 0, Workers: 4
[19.908s][debug][gc,phases      ] GC(8)     Total                          Min: 0, Avg:  0.0, Max: 0, Diff: 0, Sum: 0, Workers: 4
[19.908s][debug][gc,phases      ] GC(8)   StringDedup Requests1 Weak     Min:  0.0, Avg:  0.0, Max:  0.0, Diff:  0.0, Sum:  0.0, Workers: 4
[19.908s][debug][gc,phases      ] GC(8)     Dead                           Min: 0, Avg:  0.0, Max: 0, Diff: 0, Sum: 0, Workers: 4
[19.908s][debug][gc,phases      ] GC(8)     Total                          Min: 0, Avg:  0.0, Max: 0, Diff: 0, Sum: 0, Workers: 4
[19.908s][debug][gc,phases      ] GC(8)   Weak JFR Old Object Samples    Min:  0.0, Avg:  0.0, Max:  0.0, Diff:  0.0, Sum:  0.0, Workers: 4
[19.908s][debug][gc,phases      ] GC(8)     Dead                           Min: 0, Avg:  0.0, Max: 0, Diff: 0, Sum: 0, Workers: 4
[19.908s][debug][gc,phases      ] GC(8)     Total                          Min: 0, Avg:  0.0, Max: 0, Diff: 0, Sum: 0, Workers: 4
[19.908s][debug][gc,phases      ] GC(8) Weak Processing 0.617ms
[19.908s][debug][gc,phases      ] GC(8) ClassLoaderData 0.078ms
[19.908s][debug][gc,phases      ] GC(8) Trigger cleanups 0.000ms
[19.922s][debug][gc,phases      ] GC(8) Class Unloading 14.034ms
[19.922s][debug][gc,phases      ] GC(8) Report Object Count 0.002ms
[19.922s][info ][gc,phases      ] GC(8) Marking Phase 385.525ms
[19.922s][info ][gc,phases,start] GC(8) Summary Phase
[19.922s][info ][gc,phases      ] GC(8) Summary Phase 0.017ms
[19.922s][info ][gc,phases,start] GC(8) Adjust Roots
[19.943s][info ][gc,phases      ] GC(8) Adjust Roots 20.771ms
[19.943s][info ][gc,phases,start] GC(8) Compaction Phase
[21.203s][info ][gc,phases      ] GC(8) Compaction Phase 1259.413ms
[21.203s][info ][gc,phases,start] GC(8) Post Compact
[21.208s][info ][gc,phases      ] GC(8) Post Compact 4.998ms
[21.208s][info ][gc,heap        ] GC(8) PSYoungGen: 524272K(1572864K)->519735K(1572864K) Eden: 0K(1048576K)->0K(1048576K) From: 524272K(524288K)->519735K(524288K)
[21.208s][info ][gc,heap        ] GC(8) ParOldGen: 80348K(80384K)->79587K(141312K)
[21.208s][info ][gc,metaspace   ] GC(8) Metaspace: 73946K(74752K)->73946K(74752K) NonClass: 62852K(63296K)->62852K(63296K) Class: 11093K(11456K)->11093K(11456K)
[21.208s][info ][gc             ] GC(8) Pause Full (Ergonomics) 590M->585M(1674M) 1671.008ms
[21.208s][info ][gc,cpu         ] GC(8) User=3.94s Sys=0.03s Real=1.68s
[21.218s][info ][safepoint      ] Safepoint "ParallelGCFailedAllocation", Time since last: 814622969 ns, Reaching safepoint: 1283001 ns, Cleanup: 127900 ns, At safepoint: 2234353674 ns, Total: 2235764575 ns
[22.463s][info ][safepoint      ] Safepoint "Cleanup", Time since last: 1244239174 ns, Reaching safepoint: 506798 ns, Cleanup: 138400 ns, At safepoint: 14100 ns, Total: 659298 ns
[23.474s][info ][safepoint      ] Safepoint "ICBufferFull", Time since last: 1011362114 ns, Reaching safepoint: 6900 ns, Cleanup: 133499 ns, At safepoint: 2900 ns, Total: 143299 ns
[23.483s][info ][safepoint      ] Safepoint "ICBufferFull", Time since last: 7835378 ns, Reaching safepoint: 614898 ns, Cleanup: 6100 ns, At safepoint: 10400 ns, Total: 631398 ns
[24.281s][info ][safepoint      ] Safepoint "ICBufferFull", Time since last: 798304822 ns, Reaching safepoint: 3600 ns, Cleanup: 135300 ns, At safepoint: 1800 ns, Total: 140700 ns
[24.418s][info ][safepoint      ] Safepoint "ICBufferFull", Time since last: 136397510 ns, Reaching safepoint: 79000 ns, Cleanup: 169700 ns, At safepoint: 9200 ns, Total: 257900 ns
[24.664s][info ][safepoint      ] Safepoint "ICBufferFull", Time since last: 246657396 ns, Reaching safepoint: 5000 ns, Cleanup: 183599 ns, At safepoint: 2000 ns, Total: 190599 ns
[24.665s][info ][safepoint      ] Safepoint "ICBufferFull", Time since last: 162300 ns, Reaching safepoint: 46800 ns, Cleanup: 4800 ns, At safepoint: 5400 ns, Total: 57000 ns
[24.942s][info ][safepoint      ] Safepoint "ICBufferFull", Time since last: 277197609 ns, Reaching safepoint: 4900 ns, Cleanup: 158799 ns, At safepoint: 4100 ns, Total: 167799 ns
[25.448s][info ][safepoint      ] Safepoint "ICBufferFull", Time since last: 505734357 ns, Reaching safepoint: 4300 ns, Cleanup: 162100 ns, At safepoint: 5799 ns, Total: 172199 ns
[25.672s][info ][gc,start       ] GC(9) Pause Young (Allocation Failure)
[25.877s][debug][gc,phases      ] GC(9) Scavenge 204.422ms
[25.877s][debug][gc,ref         ] GC(9) Skipped phase 1 of Reference Processing: no references
[25.877s][debug][gc,ref         ] GC(9) ReferenceProcessor::execute queues: 4, RefProcThreadModel::Multi, marks_oops_alive: false
[25.878s][debug][gc,ref         ] GC(9) Skipped phase 3 of Reference Processing: no references
[25.878s][debug][gc,ref         ] GC(9) ReferenceProcessor::execute queues: 1, RefProcThreadModel::Single, marks_oops_alive: false
[25.878s][debug][gc,phases      ] GC(9) Reference Processing 1.086ms
[25.878s][debug][gc,phases      ] GC(9)   VM Weak                        Min:  0.0, Avg:  0.0, Max:  0.0, Diff:  0.0, Sum:  0.0, Workers: 4
[25.878s][debug][gc,phases      ] GC(9)     Dead                           Min: 0, Avg:  0.0, Max: 0, Diff: 0, Sum: 0, Workers: 4
[25.878s][debug][gc,phases      ] GC(9)     Total                          Min: 0, Avg: 169.0, Max: 676, Diff: 676, Sum: 676, Workers: 4
[25.878s][debug][gc,phases      ] GC(9)   ObjectSynchronizer Weak        Min:  0.0, Avg:  0.0, Max:  0.0, Diff:  0.0, Sum:  0.0, Workers: 4
[25.878s][debug][gc,phases      ] GC(9)     Dead                           Min: 0, Avg:  0.0, Max: 0, Diff: 0, Sum: 0, Workers: 4
[25.878s][debug][gc,phases      ] GC(9)     Total                          Min: 0, Avg:  5.8, Max: 23, Diff: 23, Sum: 23, Workers: 4
[25.878s][debug][gc,phases      ] GC(9)   JVMTI Tag Weak OopStorage      Min:  0.0, Avg:  0.0, Max:  0.0, Diff:  0.0, Sum:  0.0, Workers: 4
[25.878s][debug][gc,phases      ] GC(9)     Dead                           Min: 0, Avg:  0.0, Max: 0, Diff: 0, Sum: 0, Workers: 4
[25.878s][debug][gc,phases      ] GC(9)     Total                          Min: 0, Avg:  0.0, Max: 0, Diff: 0, Sum: 0, Workers: 4
[25.878s][debug][gc,phases      ] GC(9)   StringTable Weak               Min:  0.0, Avg:  0.3, Max:  0.5, Diff:  0.5, Sum:  1.0, Workers: 4
[25.878s][debug][gc,phases      ] GC(9)     Dead                           Min: 0, Avg:  1.8, Max: 4, Diff: 4, Sum: 7, Workers: 4
[25.878s][debug][gc,phases      ] GC(9)     Total                          Min: 0, Avg: 10294.8, Max: 19776, Diff: 19776, Sum: 41179, Workers: 4
[25.878s][debug][gc,phases      ] GC(9)   ResolvedMethodTable Weak       Min:  0.0, Avg:  0.1, Max:  0.1, Diff:  0.1, Sum:  0.3, Workers: 4
[25.878s][debug][gc,phases      ] GC(9)     Dead                           Min: 0, Avg: 15.5, Max: 34, Diff: 34, Sum: 62, Workers: 4
[25.878s][debug][gc,phases      ] GC(9)     Total                          Min: 0, Avg: 2229.0, Max: 3072, Diff: 3072, Sum: 8916, Workers: 4
[25.878s][debug][gc,phases      ] GC(9)   JNI Weak                       Min:  0.0, Avg:  0.0, Max:  0.0, Diff:  0.0, Sum:  0.0, Workers: 4
[25.878s][debug][gc,phases      ] GC(9)     Dead                           Min: 0, Avg:  0.0, Max: 0, Diff: 0, Sum: 0, Workers: 4
[25.878s][debug][gc,phases      ] GC(9)     Total                          Min: 0, Avg: 27.0, Max: 57, Diff: 57, Sum: 108, Workers: 4
[25.878s][debug][gc,phases      ] GC(9)   StringDedup Table Weak         Min:  0.0, Avg:  0.0, Max:  0.0, Diff:  0.0, Sum:  0.0, Workers: 4
[25.878s][debug][gc,phases      ] GC(9)     Dead                           Min: 0, Avg:  0.0, Max: 0, Diff: 0, Sum: 0, Workers: 4
[25.878s][debug][gc,phases      ] GC(9)     Total                          Min: 0, Avg:  0.0, Max: 0, Diff: 0, Sum: 0, Workers: 4
[25.878s][debug][gc,phases      ] GC(9)   StringDedup Requests0 Weak     Min:  0.0, Avg:  0.0, Max:  0.0, Diff:  0.0, Sum:  0.0, Workers: 4
[25.878s][debug][gc,phases      ] GC(9)     Dead                           Min: 0, Avg:  0.0, Max: 0, Diff: 0, Sum: 0, Workers: 4
[25.878s][debug][gc,phases      ] GC(9)     Total                          Min: 0, Avg:  0.0, Max: 0, Diff: 0, Sum: 0, Workers: 4
[25.878s][debug][gc,phases      ] GC(9)   StringDedup Requests1 Weak     Min:  0.0, Avg:  0.0, Max:  0.0, Diff:  0.0, Sum:  0.0, Workers: 4
[25.878s][debug][gc,phases      ] GC(9)     Dead                           Min: 0, Avg:  0.0, Max: 0, Diff: 0, Sum: 0, Workers: 4
[25.878s][debug][gc,phases      ] GC(9)     Total                          Min: 0, Avg:  0.0, Max: 0, Diff: 0, Sum: 0, Workers: 4
[25.878s][debug][gc,phases      ] GC(9)   Weak JFR Old Object Samples    Min:  0.0, Avg:  0.0, Max:  0.0, Diff:  0.0, Sum:  0.0, Workers: 4
[25.878s][debug][gc,phases      ] GC(9)     Dead                           Min: 0, Avg:  0.0, Max: 0, Diff: 0, Sum: 0, Workers: 4
[25.878s][debug][gc,phases      ] GC(9)     Total                          Min: 0, Avg:  0.0, Max: 0, Diff: 0, Sum: 0, Workers: 4
[25.878s][debug][gc,phases      ] GC(9) Weak Processing 0.829ms
[25.878s][debug][gc,age         ] GC(9) Desired survivor size 529530880 bytes, new threshold 7 (max threshold 15)
[25.879s][info ][gc,heap        ] GC(9) PSYoungGen: 1568311K(1572864K)->227422K(1580032K) Eden: 1048576K(1048576K)->0K(1055744K) From: 519735K(524288K)->227422K(524288K)
[25.879s][info ][gc,heap        ] GC(9) ParOldGen: 79587K(141312K)->79603K(141312K)
[25.879s][info ][gc,metaspace   ] GC(9) Metaspace: 76547K(77440K)->76547K(77440K) NonClass: 65162K(65664K)->65162K(65664K) Class: 11384K(11776K)->11384K(11776K)
[25.879s][info ][gc             ] GC(9) Pause Young (Allocation Failure) 1609M->299M(1681M) 206.463ms
[25.879s][info ][gc,cpu         ] GC(9) User=0.38s Sys=0.00s Real=0.21s
[25.879s][info ][safepoint      ] Safepoint "ParallelGCFailedAllocation", Time since last: 224003061 ns, Reaching safepoint: 4800 ns, Cleanup: 57900 ns, At safepoint: 206542311 ns, Total: 206605011 ns
[26.362s][info ][safepoint      ] Safepoint "ICBufferFull", Time since last: 482358323 ns, Reaching safepoint: 676598 ns, Cleanup: 158000 ns, At safepoint: 8800 ns, Total: 843398 ns
[26.762s][info ][safepoint      ] Safepoint "ICBufferFull", Time since last: 394473481 ns, Reaching safepoint: 5637685 ns, Cleanup: 168600 ns, At safepoint: 14900 ns, Total: 5821185 ns
[27.650s][info ][safepoint      ] Safepoint "ICBufferFull", Time since last: 887936986 ns, Reaching safepoint: 5700 ns, Cleanup: 168000 ns, At safepoint: 7700 ns, Total: 181400 ns
[28.652s][info ][safepoint      ] Safepoint "Cleanup", Time since last: 1000937892 ns, Reaching safepoint: 1087498 ns, Cleanup: 91299 ns, At safepoint: 6800 ns, Total: 1185597 ns
[29.098s][info ][safepoint      ] Safepoint "ICBufferFull", Time since last: 445097941 ns, Reaching safepoint: 75200 ns, Cleanup: 198999 ns, At safepoint: 8800 ns, Total: 282999 ns
[29.557s][info ][safepoint      ] Safepoint "ICBufferFull", Time since last: 458831705 ns, Reaching safepoint: 5200 ns, Cleanup: 165199 ns, At safepoint: 2000 ns, Total: 172399 ns
[29.938s][info ][safepoint      ] Safepoint "ICBufferFull", Time since last: 381374607 ns, Reaching safepoint: 5500 ns, Cleanup: 198799 ns, At safepoint: 3200 ns, Total: 207499 ns
[30.712s][info ][safepoint      ] Safepoint "ICBufferFull", Time since last: 769437896 ns, Reaching safepoint: 4348988 ns, Cleanup: 149800 ns, At safepoint: 7500 ns, Total: 4506288 ns
[31.390s][info ][gc,start       ] GC(10) Pause Young (Allocation Failure)
[31.654s][debug][gc,phases      ] GC(10) Scavenge 263.966ms
[31.654s][debug][gc,ref         ] GC(10) Skipped phase 1 of Reference Processing: no references
[31.654s][debug][gc,ref         ] GC(10) ReferenceProcessor::execute queues: 4, RefProcThreadModel::Multi, marks_oops_alive: false
[31.658s][debug][gc,ref         ] GC(10) Skipped phase 3 of Reference Processing: no references
[31.658s][debug][gc,ref         ] GC(10) ReferenceProcessor::execute queues: 1, RefProcThreadModel::Single, marks_oops_alive: false
[31.658s][debug][gc,phases      ] GC(10) Reference Processing 3.862ms
[31.662s][debug][gc,phases      ] GC(10)   VM Weak                        Min:  0.0, Avg:  0.0, Max:  0.0, Diff:  0.0, Sum:  0.0, Workers: 4
[31.662s][debug][gc,phases      ] GC(10)     Dead                           Min: 0, Avg:  0.0, Max: 0, Diff: 0, Sum: 0, Workers: 4
[31.662s][debug][gc,phases      ] GC(10)     Total                          Min: 0, Avg: 178.5, Max: 714, Diff: 714, Sum: 714, Workers: 4
[31.662s][debug][gc,phases      ] GC(10)   ObjectSynchronizer Weak        Min:  0.0, Avg:  0.0, Max:  0.0, Diff:  0.0, Sum:  0.0, Workers: 4
[31.662s][debug][gc,phases      ] GC(10)     Dead                           Min: 0, Avg:  0.2, Max: 1, Diff: 1, Sum: 1, Workers: 4
[31.662s][debug][gc,phases      ] GC(10)     Total                          Min: 0, Avg:  6.5, Max: 26, Diff: 26, Sum: 26, Workers: 4
[31.662s][debug][gc,phases      ] GC(10)   JVMTI Tag Weak OopStorage      Min:  0.0, Avg:  0.0, Max:  0.0, Diff:  0.0, Sum:  0.0, Workers: 4
[31.662s][debug][gc,phases      ] GC(10)     Dead                           Min: 0, Avg:  0.0, Max: 0, Diff: 0, Sum: 0, Workers: 4
[31.662s][debug][gc,phases      ] GC(10)     Total                          Min: 0, Avg:  0.0, Max: 0, Diff: 0, Sum: 0, Workers: 4
[31.662s][debug][gc,phases      ] GC(10)   StringTable Weak               Min:  0.0, Avg:  0.3, Max:  0.8, Diff:  0.8, Sum:  1.0, Workers: 4
[31.662s][debug][gc,phases      ] GC(10)     Dead                           Min: 0, Avg:  2.0, Max: 6, Diff: 6, Sum: 8, Workers: 4
[31.662s][debug][gc,phases      ] GC(10)     Total                          Min: 0, Avg: 10576.2, Max: 33473, Diff: 33473, Sum: 42305, Workers: 4
[31.662s][debug][gc,phases      ] GC(10)   ResolvedMethodTable Weak       Min:  0.0, Avg:  0.1, Max:  0.2, Diff:  0.2, Sum:  0.3, Workers: 4
[31.662s][debug][gc,phases      ] GC(10)     Dead                           Min: 0, Avg: 28.8, Max: 72, Diff: 72, Sum: 115, Workers: 4
[31.662s][debug][gc,phases      ] GC(10)     Total                          Min: 0, Avg: 2382.2, Max: 4800, Diff: 4800, Sum: 9529, Workers: 4
[31.662s][debug][gc,phases      ] GC(10)   JNI Weak                       Min:  0.0, Avg:  0.0, Max:  0.0, Diff:  0.0, Sum:  0.0, Workers: 4
[31.662s][debug][gc,phases      ] GC(10)     Dead                           Min: 0, Avg:  0.0, Max: 0, Diff: 0, Sum: 0, Workers: 4
[31.662s][debug][gc,phases      ] GC(10)     Total                          Min: 0, Avg: 14.8, Max: 59, Diff: 59, Sum: 59, Workers: 4
[31.662s][debug][gc,phases      ] GC(10)   StringDedup Table Weak         Min:  0.0, Avg:  0.0, Max:  0.0, Diff:  0.0, Sum:  0.0, Workers: 4
[31.662s][debug][gc,phases      ] GC(10)     Dead                           Min: 0, Avg:  0.0, Max: 0, Diff: 0, Sum: 0, Workers: 4
[31.662s][debug][gc,phases      ] GC(10)     Total                          Min: 0, Avg:  0.0, Max: 0, Diff: 0, Sum: 0, Workers: 4
[31.662s][debug][gc,phases      ] GC(10)   StringDedup Requests0 Weak     Min:  0.0, Avg:  0.0, Max:  0.0, Diff:  0.0, Sum:  0.0, Workers: 4
[31.662s][debug][gc,phases      ] GC(10)     Dead                           Min: 0, Avg:  0.0, Max: 0, Diff: 0, Sum: 0, Workers: 4
[31.662s][debug][gc,phases      ] GC(10)     Total                          Min: 0, Avg:  0.0, Max: 0, Diff: 0, Sum: 0, Workers: 4
[31.662s][debug][gc,phases      ] GC(10)   StringDedup Requests1 Weak     Min:  0.0, Avg:  0.0, Max:  0.0, Diff:  0.0, Sum:  0.0, Workers: 4
[31.662s][debug][gc,phases      ] GC(10)     Dead                           Min: 0, Avg:  0.0, Max: 0, Diff: 0, Sum: 0, Workers: 4
[31.662s][debug][gc,phases      ] GC(10)     Total                          Min: 0, Avg:  0.0, Max: 0, Diff: 0, Sum: 0, Workers: 4
[31.662s][debug][gc,phases      ] GC(10)   Weak JFR Old Object Samples    Min:  0.0, Avg:  0.0, Max:  0.0, Diff:  0.0, Sum:  0.0, Workers: 4
[31.662s][debug][gc,phases      ] GC(10)     Dead                           Min: 0, Avg:  0.0, Max: 0, Diff: 0, Sum: 0, Workers: 4
[31.662s][debug][gc,phases      ] GC(10)     Total                          Min: 0, Avg:  0.0, Max: 0, Diff: 0, Sum: 0, Workers: 4
[31.662s][debug][gc,phases      ] GC(10) Weak Processing 4.097ms
[31.662s][debug][gc,age         ] GC(10) Desired survivor size 536870912 bytes, new threshold 6 (max threshold 15)
[31.662s][info ][gc,heap        ] GC(10) PSYoungGen: 1283166K(1580032K)->333756K(1572864K) Eden: 1055744K(1055744K)->0K(1055744K) From: 227422K(524288K)->333756K(517120K)
[31.662s][info ][gc,heap        ] GC(10) ParOldGen: 79603K(141312K)->79619K(141312K)
[31.662s][info ][gc,metaspace   ] GC(10) Metaspace: 80676K(81600K)->80676K(81600K) NonClass: 68631K(69120K)->68631K(69120K) Class: 12045K(12480K)->12045K(12480K)
[31.662s][info ][gc             ] GC(10) Pause Young (Allocation Failure) 1330M->403M(1674M) 272.073ms
[31.662s][info ][gc,cpu         ] GC(10) User=0.46s Sys=0.00s Real=0.27s
[31.662s][info ][safepoint      ] Safepoint "ParallelGCFailedAllocation", Time since last: 664986568 ns, Reaching safepoint: 12675867 ns, Cleanup: 121899 ns, At safepoint: 272175191 ns, Total: 284972957 ns
[31.971s][info ][safepoint      ] Safepoint "ICBufferFull", Time since last: 308927095 ns, Reaching safepoint: 87800 ns, Cleanup: 175500 ns, At safepoint: 7800 ns, Total: 271100 ns
[32.206s][info ][safepoint      ] Safepoint "ICBufferFull", Time since last: 234158090 ns, Reaching safepoint: 152799 ns, Cleanup: 236400 ns, At safepoint: 6600 ns, Total: 395799 ns
[32.526s][info ][safepoint      ] Safepoint "ICBufferFull", Time since last: 319789167 ns, Reaching safepoint: 4000 ns, Cleanup: 185899 ns, At safepoint: 2600 ns, Total: 192499 ns
[32.690s][info ][safepoint      ] Safepoint "ICBufferFull", Time since last: 164258772 ns, Reaching safepoint: 5400 ns, Cleanup: 125300 ns, At safepoint: 3300 ns, Total: 134000 ns
[32.914s][info ][safepoint      ] Safepoint "ICBufferFull", Time since last: 223356418 ns, Reaching safepoint: 3500 ns, Cleanup: 133300 ns, At safepoint: 1400 ns, Total: 138200 ns
[33.121s][info ][safepoint      ] Safepoint "ICBufferFull", Time since last: 207326859 ns, Reaching safepoint: 5200 ns, Cleanup: 183700 ns, At safepoint: 6300 ns, Total: 195200 ns
[33.359s][info ][safepoint      ] Safepoint "ICBufferFull", Time since last: 236821083 ns, Reaching safepoint: 175900 ns, Cleanup: 179399 ns, At safepoint: 12500 ns, Total: 367799 ns
[33.765s][info ][safepoint      ] Safepoint "ICBufferFull", Time since last: 406475041 ns, Reaching safepoint: 5300 ns, Cleanup: 157500 ns, At safepoint: 2500 ns, Total: 165300 ns
[34.038s][info ][safepoint      ] Safepoint "ICBufferFull", Time since last: 272047991 ns, Reaching safepoint: 291099 ns, Cleanup: 182400 ns, At safepoint: 7300 ns, Total: 480799 ns
[34.582s][info ][safepoint      ] Safepoint "ICBufferFull", Time since last: 543807783 ns, Reaching safepoint: 5400 ns, Cleanup: 173800 ns, At safepoint: 10500 ns, Total: 189700 ns
[34.907s][info ][safepoint      ] Safepoint "ICBufferFull", Time since last: 325589666 ns, Reaching safepoint: 6400 ns, Cleanup: 166200 ns, At safepoint: 2500 ns, Total: 175100 ns
[35.540s][info ][safepoint      ] Safepoint "ICBufferFull", Time since last: 631943155 ns, Reaching safepoint: 79601 ns, Cleanup: 133800 ns, At safepoint: 5900 ns, Total: 219301 ns
[36.540s][info ][safepoint      ] Safepoint "Cleanup", Time since last: 1000131936 ns, Reaching safepoint: 436401 ns, Cleanup: 144400 ns, At safepoint: 8200 ns, Total: 589001 ns
[36.850s][info ][gc,start       ] GC(11) Pause Young (Allocation Failure)
[37.070s][debug][gc,phases      ] GC(11) Scavenge 220.440ms
[37.070s][debug][gc,ref         ] GC(11) Skipped phase 1 of Reference Processing: no references
[37.071s][debug][gc,ref         ] GC(11) ReferenceProcessor::execute queues: 4, RefProcThreadModel::Multi, marks_oops_alive: false
[37.071s][debug][gc,ref         ] GC(11) ReferenceProcessor::execute queues: 4, RefProcThreadModel::Multi, marks_oops_alive: true
[37.071s][debug][gc,ref         ] GC(11) ReferenceProcessor::execute queues: 1, RefProcThreadModel::Single, marks_oops_alive: false
[37.071s][debug][gc,phases      ] GC(11) Reference Processing 0.923ms
[37.072s][debug][gc,phases      ] GC(11)   VM Weak                        Min:  0.0, Avg:  0.0, Max:  0.0, Diff:  0.0, Sum:  0.0, Workers: 4
[37.072s][debug][gc,phases      ] GC(11)     Dead                           Min: 0, Avg:  0.0, Max: 0, Diff: 0, Sum: 0, Workers: 4
[37.072s][debug][gc,phases      ] GC(11)     Total                          Min: 0, Avg: 215.5, Max: 640, Diff: 640, Sum: 862, Workers: 4
[37.072s][debug][gc,phases      ] GC(11)   ObjectSynchronizer Weak        Min:  0.0, Avg:  0.0, Max:  0.0, Diff:  0.0, Sum:  0.0, Workers: 4
[37.072s][debug][gc,phases      ] GC(11)     Dead                           Min: 0, Avg:  0.0, Max: 0, Diff: 0, Sum: 0, Workers: 4
[37.072s][debug][gc,phases      ] GC(11)     Total                          Min: 0, Avg:  6.5, Max: 26, Diff: 26, Sum: 26, Workers: 4
[37.072s][debug][gc,phases      ] GC(11)   JVMTI Tag Weak OopStorage      Min:  0.0, Avg:  0.0, Max:  0.0, Diff:  0.0, Sum:  0.0, Workers: 4
[37.072s][debug][gc,phases      ] GC(11)     Dead                           Min: 0, Avg:  0.0, Max: 0, Diff: 0, Sum: 0, Workers: 4
[37.072s][debug][gc,phases      ] GC(11)     Total                          Min: 0, Avg:  0.0, Max: 0, Diff: 0, Sum: 0, Workers: 4
[37.072s][debug][gc,phases      ] GC(11)   StringTable Weak               Min:  0.0, Avg:  0.3, Max:  0.4, Diff:  0.4, Sum:  1.1, Workers: 4
[37.072s][debug][gc,phases      ] GC(11)     Dead                           Min: 0, Avg:  2.2, Max: 9, Diff: 9, Sum: 9, Workers: 4
[37.072s][debug][gc,phases      ] GC(11)     Total                          Min: 0, Avg: 10765.5, Max: 16832, Diff: 16832, Sum: 43062, Workers: 4
[37.072s][debug][gc,phases      ] GC(11)   ResolvedMethodTable Weak       Min:  0.0, Avg:  0.1, Max:  0.1, Diff:  0.1, Sum:  0.4, Workers: 4
[37.072s][debug][gc,phases      ] GC(11)     Dead                           Min: 0, Avg: 14.5, Max: 24, Diff: 24, Sum: 58, Workers: 4
[37.072s][debug][gc,phases      ] GC(11)     Total                          Min: 0, Avg: 2609.5, Max: 3846, Diff: 3846, Sum: 10438, Workers: 4
[37.072s][debug][gc,phases      ] GC(11)   JNI Weak                       Min:  0.0, Avg:  0.0, Max:  0.0, Diff:  0.0, Sum:  0.0, Workers: 4
[37.072s][debug][gc,phases      ] GC(11)     Dead                           Min: 0, Avg:  0.0, Max: 0, Diff: 0, Sum: 0, Workers: 4
[37.072s][debug][gc,phases      ] GC(11)     Total                          Min: 0, Avg: 18.5, Max: 48, Diff: 48, Sum: 74, Workers: 4
[37.072s][debug][gc,phases      ] GC(11)   StringDedup Table Weak         Min:  0.0, Avg:  0.0, Max:  0.0, Diff:  0.0, Sum:  0.0, Workers: 4
[37.072s][debug][gc,phases      ] GC(11)     Dead                           Min: 0, Avg:  0.0, Max: 0, Diff: 0, Sum: 0, Workers: 4
[37.072s][debug][gc,phases      ] GC(11)     Total                          Min: 0, Avg:  0.0, Max: 0, Diff: 0, Sum: 0, Workers: 4
[37.072s][debug][gc,phases      ] GC(11)   StringDedup Requests0 Weak     Min:  0.0, Avg:  0.0, Max:  0.0, Diff:  0.0, Sum:  0.0, Workers: 4
[37.072s][debug][gc,phases      ] GC(11)     Dead                           Min: 0, Avg:  0.0, Max: 0, Diff: 0, Sum: 0, Workers: 4
[37.072s][debug][gc,phases      ] GC(11)     Total                          Min: 0, Avg:  0.0, Max: 0, Diff: 0, Sum: 0, Workers: 4
[37.072s][debug][gc,phases      ] GC(11)   StringDedup Requests1 Weak     Min:  0.0, Avg:  0.0, Max:  0.0, Diff:  0.0, Sum:  0.0, Workers: 4
[37.072s][debug][gc,phases      ] GC(11)     Dead                           Min: 0, Avg:  0.0, Max: 0, Diff: 0, Sum: 0, Workers: 4
[37.072s][debug][gc,phases      ] GC(11)     Total                          Min: 0, Avg:  0.0, Max: 0, Diff: 0, Sum: 0, Workers: 4
[37.072s][debug][gc,phases      ] GC(11)   Weak JFR Old Object Samples    Min:  0.0, Avg:  0.0, Max:  0.0, Diff:  0.0, Sum:  0.0, Workers: 4
[37.072s][debug][gc,phases      ] GC(11)     Dead                           Min: 0, Avg:  0.0, Max: 0, Diff: 0, Sum: 0, Workers: 4
[37.072s][debug][gc,phases      ] GC(11)     Total                          Min: 0, Avg:  0.0, Max: 0, Diff: 0, Sum: 0, Workers: 4
[37.072s][debug][gc,phases      ] GC(11) Weak Processing 0.861ms
[37.072s][debug][gc,age         ] GC(11) Desired survivor size 533725184 bytes, new threshold 7 (max threshold 15)
[37.072s][info ][gc,heap        ] GC(11) PSYoungGen: 1389500K(1572864K)->290471K(1575936K) Eden: 1055744K(1055744K)->0K(1051648K) From: 333756K(517120K)->290471K(524288K)
[37.072s][info ][gc,heap        ] GC(11) ParOldGen: 79619K(141312K)->151604K(152064K)
[37.072s][info ][gc,metaspace   ] GC(11) Metaspace: 84229K(85248K)->84229K(85248K) NonClass: 71714K(72256K)->71714K(72256K) Class: 12514K(12992K)->12514K(12992K)
[37.072s][info ][gc             ] GC(11) Pause Young (Allocation Failure) 1434M->431M(1687M) 222.404ms
[37.072s][info ][gc,cpu         ] GC(11) User=0.45s Sys=0.03s Real=0.22s
[37.072s][debug][gc,phases      ] GC(12) Pre Compact 0.015ms
[37.072s][info ][gc,start       ] GC(12) Pause Full (Ergonomics)
[37.072s][info ][gc,phases,start] GC(12) Marking Phase
[37.225s][debug][gc,phases      ] GC(12) Par Mark 152.990ms
[37.225s][debug][gc,ref         ] GC(12) Skipped phase 1 of Reference Processing: no references
[37.226s][debug][gc,ref         ] GC(12) ReferenceProcessor::execute queues: 2, RefProcThreadModel::Multi, marks_oops_alive: false
[37.226s][debug][gc,ref         ] GC(12) Skipped phase 3 of Reference Processing: no references
[37.226s][debug][gc,ref         ] GC(12) ReferenceProcessor::execute queues: 1, RefProcThreadModel::Single, marks_oops_alive: false
[37.226s][debug][gc,phases      ] GC(12) Reference Processing 0.269ms
[37.226s][debug][gc,phases      ] GC(12)   VM Weak                        Min:  0.0, Avg:  0.0, Max:  0.0, Diff:  0.0, Sum:  0.0, Workers: 4
[37.226s][debug][gc,phases      ] GC(12)     Dead                           Min: 0, Avg:  0.0, Max: 0, Diff: 0, Sum: 0, Workers: 4
[37.226s][debug][gc,phases      ] GC(12)     Total                          Min: 0, Avg: 215.5, Max: 414, Diff: 414, Sum: 862, Workers: 4
[37.226s][debug][gc,phases      ] GC(12)   ObjectSynchronizer Weak        Min:  0.0, Avg:  0.0, Max:  0.0, Diff:  0.0, Sum:  0.0, Workers: 4
[37.226s][debug][gc,phases      ] GC(12)     Dead                           Min: 0, Avg:  0.0, Max: 0, Diff: 0, Sum: 0, Workers: 4
[37.226s][debug][gc,phases      ] GC(12)     Total                          Min: 0, Avg:  6.5, Max: 26, Diff: 26, Sum: 26, Workers: 4
[37.226s][debug][gc,phases      ] GC(12)   JVMTI Tag Weak OopStorage      Min:  0.0, Avg:  0.0, Max:  0.0, Diff:  0.0, Sum:  0.0, Workers: 4
[37.226s][debug][gc,phases      ] GC(12)     Dead                           Min: 0, Avg:  0.0, Max: 0, Diff: 0, Sum: 0, Workers: 4
[37.226s][debug][gc,phases      ] GC(12)     Total                          Min: 0, Avg:  0.0, Max: 0, Diff: 0, Sum: 0, Workers: 4
[37.226s][debug][gc,phases      ] GC(12)   StringTable Weak               Min:  0.0, Avg:  0.2, Max:  0.2, Diff:  0.2, Sum:  0.7, Workers: 4
[37.226s][debug][gc,phases      ] GC(12)     Dead                           Min: 0, Avg:  0.0, Max: 0, Diff: 0, Sum: 0, Workers: 4
[37.226s][debug][gc,phases      ] GC(12)     Total                          Min: 0, Avg: 10765.5, Max: 14976, Diff: 14976, Sum: 43062, Workers: 4
[37.226s][debug][gc,phases      ] GC(12)   ResolvedMethodTable Weak       Min:  0.0, Avg:  0.0, Max:  0.0, Diff:  0.0, Sum:  0.1, Workers: 4
[37.226s][debug][gc,phases      ] GC(12)     Dead                           Min: 0, Avg:  0.0, Max: 0, Diff: 0, Sum: 0, Workers: 4
[37.226s][debug][gc,phases      ] GC(12)     Total                          Min: 0, Avg: 2609.5, Max: 3520, Diff: 3520, Sum: 10438, Workers: 4
[37.226s][debug][gc,phases      ] GC(12)   JNI Weak                       Min:  0.0, Avg:  0.0, Max:  0.0, Diff:  0.0, Sum:  0.0, Workers: 4
[37.226s][debug][gc,phases      ] GC(12)     Dead                           Min: 0, Avg:  0.0, Max: 0, Diff: 0, Sum: 0, Workers: 4
[37.226s][debug][gc,phases      ] GC(12)     Total                          Min: 0, Avg: 18.5, Max: 48, Diff: 48, Sum: 74, Workers: 4
[37.226s][debug][gc,phases      ] GC(12)   StringDedup Table Weak         Min:  0.0, Avg:  0.0, Max:  0.0, Diff:  0.0, Sum:  0.0, Workers: 4
[37.226s][debug][gc,phases      ] GC(12)     Dead                           Min: 0, Avg:  0.0, Max: 0, Diff: 0, Sum: 0, Workers: 4
[37.226s][debug][gc,phases      ] GC(12)     Total                          Min: 0, Avg:  0.0, Max: 0, Diff: 0, Sum: 0, Workers: 4
[37.226s][debug][gc,phases      ] GC(12)   StringDedup Requests0 Weak     Min:  0.0, Avg:  0.0, Max:  0.0, Diff:  0.0, Sum:  0.0, Workers: 4
[37.226s][debug][gc,phases      ] GC(12)     Dead                           Min: 0, Avg:  0.0, Max: 0, Diff: 0, Sum: 0, Workers: 4
[37.226s][debug][gc,phases      ] GC(12)     Total                          Min: 0, Avg:  0.0, Max: 0, Diff: 0, Sum: 0, Workers: 4
[37.226s][debug][gc,phases      ] GC(12)   StringDedup Requests1 Weak     Min:  0.0, Avg:  0.0, Max:  0.0, Diff:  0.0, Sum:  0.0, Workers: 4
[37.226s][debug][gc,phases      ] GC(12)     Dead                           Min: 0, Avg:  0.0, Max: 0, Diff: 0, Sum: 0, Workers: 4
[37.226s][debug][gc,phases      ] GC(12)     Total                          Min: 0, Avg:  0.0, Max: 0, Diff: 0, Sum: 0, Workers: 4
[37.226s][debug][gc,phases      ] GC(12)   Weak JFR Old Object Samples    Min:  0.0, Avg:  0.0, Max:  0.0, Diff:  0.0, Sum:  0.0, Workers: 4
[37.226s][debug][gc,phases      ] GC(12)     Dead                           Min: 0, Avg:  0.0, Max: 0, Diff: 0, Sum: 0, Workers: 4
[37.226s][debug][gc,phases      ] GC(12)     Total                          Min: 0, Avg:  0.0, Max: 0, Diff: 0, Sum: 0, Workers: 4
[37.226s][debug][gc,phases      ] GC(12) Weak Processing 0.432ms
[37.226s][debug][gc,phases      ] GC(12) ClassLoaderData 0.096ms
[37.226s][debug][gc,phases      ] GC(12) Trigger cleanups 0.000ms
[37.240s][debug][gc,phases      ] GC(12) Class Unloading 14.202ms
[37.240s][debug][gc,phases      ] GC(12) Report Object Count 0.001ms
[37.240s][info ][gc,phases      ] GC(12) Marking Phase 168.067ms
[37.240s][info ][gc,phases,start] GC(12) Summary Phase
[37.240s][info ][gc,phases      ] GC(12) Summary Phase 0.009ms
[37.240s][info ][gc,phases,start] GC(12) Adjust Roots
[37.258s][info ][gc,phases      ] GC(12) Adjust Roots 17.307ms
[37.258s][info ][gc,phases,start] GC(12) Compaction Phase
[37.765s][info ][gc,phases      ] GC(12) Compaction Phase 507.680ms
[37.765s][info ][gc,phases,start] GC(12) Post Compact
[37.770s][info ][gc,phases      ] GC(12) Post Compact 4.336ms
[37.770s][info ][gc,heap        ] GC(12) PSYoungGen: 290471K(1575936K)->265162K(1575936K) Eden: 0K(1051648K)->0K(1051648K) From: 290471K(524288K)->265162K(524288K)
[37.770s][info ][gc,heap        ] GC(12) ParOldGen: 151604K(152064K)->151790K(238592K)
[37.770s][info ][gc,metaspace   ] GC(12) Metaspace: 84229K(85248K)->84229K(85248K) NonClass: 71714K(72256K)->71714K(72256K) Class: 12514K(12992K)->12514K(12992K)
[37.770s][info ][gc             ] GC(12) Pause Full (Ergonomics) 431M->407M(1772M) 697.680ms
[37.770s][info ][gc,cpu         ] GC(12) User=2.06s Sys=0.03s Real=0.70s
[37.770s][info ][safepoint      ] Safepoint "ParallelGCFailedAllocation", Time since last: 309300920 ns, Reaching safepoint: 87101 ns, Cleanup: 51800 ns, At safepoint: 920280553 ns, Total: 920419454 ns
[38.550s][info ][safepoint      ] Safepoint "ICBufferFull", Time since last: 779974409 ns, Reaching safepoint: 81100 ns, Cleanup: 177700 ns, At safepoint: 7500 ns, Total: 266300 ns
[39.127s][info ][safepoint      ] Safepoint "ICBufferFull", Time since last: 576948398 ns, Reaching safepoint: 5700 ns, Cleanup: 198600 ns, At safepoint: 2400 ns, Total: 206700 ns
[39.927s][info ][safepoint      ] Safepoint "ICBufferFull", Time since last: 798464770 ns, Reaching safepoint: 920197 ns, Cleanup: 161900 ns, At safepoint: 10800 ns, Total: 1092897 ns
[40.609s][info ][safepoint      ] Safepoint "ICBufferFull", Time since last: 681422631 ns, Reaching safepoint: 5200 ns, Cleanup: 171599 ns, At safepoint: 2900 ns, Total: 179699 ns
[41.534s][info ][safepoint      ] Safepoint "ICBufferFull", Time since last: 924753164 ns, Reaching safepoint: 7300 ns, Cleanup: 195400 ns, At safepoint: 6000 ns, Total: 208700 ns
[42.535s][info ][safepoint      ] Safepoint "Cleanup", Time since last: 1001014055 ns, Reaching safepoint: 79099 ns, Cleanup: 168800 ns, At safepoint: 7700 ns, Total: 255599 ns
[43.619s][info ][safepoint      ] Safepoint "ICBufferFull", Time since last: 1084025549 ns, Reaching safepoint: 4800 ns, Cleanup: 182600 ns, At safepoint: 7600 ns, Total: 195000 ns
[44.620s][info ][safepoint      ] Safepoint "Cleanup", Time since last: 1000117885 ns, Reaching safepoint: 138600 ns, Cleanup: 192300 ns, At safepoint: 8201 ns, Total: 339101 ns
[44.910s][info ][gc,start       ] GC(13) Pause Young (Allocation Failure)
[45.076s][debug][gc,phases      ] GC(13) Scavenge 166.259ms
[45.076s][debug][gc,ref         ] GC(13) Skipped phase 1 of Reference Processing: no references
[45.076s][debug][gc,ref         ] GC(13) ReferenceProcessor::execute queues: 4, RefProcThreadModel::Multi, marks_oops_alive: false
[45.077s][debug][gc,ref         ] GC(13) Skipped phase 3 of Reference Processing: no references
[45.077s][debug][gc,ref         ] GC(13) ReferenceProcessor::execute queues: 1, RefProcThreadModel::Single, marks_oops_alive: false
[45.077s][debug][gc,phases      ] GC(13) Reference Processing 0.985ms
[45.078s][debug][gc,phases      ] GC(13)   VM Weak                        Min:  0.0, Avg:  0.0, Max:  0.0, Diff:  0.0, Sum:  0.0, Workers: 4
[45.078s][debug][gc,phases      ] GC(13)     Dead                           Min: 0, Avg:  0.0, Max: 0, Diff: 0, Sum: 0, Workers: 4
[45.078s][debug][gc,phases      ] GC(13)     Total                          Min: 0, Avg: 218.0, Max: 872, Diff: 872, Sum: 872, Workers: 4
[45.078s][debug][gc,phases      ] GC(13)   ObjectSynchronizer Weak        Min:  0.0, Avg:  0.0, Max:  0.0, Diff:  0.0, Sum:  0.0, Workers: 4
[45.078s][debug][gc,phases      ] GC(13)     Dead                           Min: 0, Avg:  0.0, Max: 0, Diff: 0, Sum: 0, Workers: 4
[45.078s][debug][gc,phases      ] GC(13)     Total                          Min: 0, Avg:  6.5, Max: 26, Diff: 26, Sum: 26, Workers: 4
[45.078s][debug][gc,phases      ] GC(13)   JVMTI Tag Weak OopStorage      Min:  0.0, Avg:  0.0, Max:  0.0, Diff:  0.0, Sum:  0.0, Workers: 4
[45.078s][debug][gc,phases      ] GC(13)     Dead                           Min: 0, Avg:  0.0, Max: 0, Diff: 0, Sum: 0, Workers: 4
[45.078s][debug][gc,phases      ] GC(13)     Total                          Min: 0, Avg:  0.0, Max: 0, Diff: 0, Sum: 0, Workers: 4
[45.078s][debug][gc,phases      ] GC(13)   StringTable Weak               Min:  0.0, Avg:  0.2, Max:  0.7, Diff:  0.7, Sum:  0.7, Workers: 4
[45.078s][debug][gc,phases      ] GC(13)     Dead                           Min: 0, Avg:  0.8, Max: 3, Diff: 3, Sum: 3, Workers: 4
[45.078s][debug][gc,phases      ] GC(13)     Total                          Min: 0, Avg: 10827.2, Max: 43309, Diff: 43309, Sum: 43309, Workers: 4
[45.078s][debug][gc,phases      ] GC(13)   ResolvedMethodTable Weak       Min:  0.0, Avg:  0.1, Max:  0.3, Diff:  0.3, Sum:  0.3, Workers: 4
[45.078s][debug][gc,phases      ] GC(13)     Dead                           Min: 0, Avg:  4.2, Max: 17, Diff: 17, Sum: 17, Workers: 4
[45.078s][debug][gc,phases      ] GC(13)     Total                          Min: 0, Avg: 2632.8, Max: 10531, Diff: 10531, Sum: 10531, Workers: 4
[45.078s][debug][gc,phases      ] GC(13)   JNI Weak                       Min:  0.0, Avg:  0.0, Max:  0.0, Diff:  0.0, Sum:  0.0, Workers: 4
[45.078s][debug][gc,phases      ] GC(13)     Dead                           Min: 0, Avg:  0.0, Max: 0, Diff: 0, Sum: 0, Workers: 4
[45.078s][debug][gc,phases      ] GC(13)     Total                          Min: 0, Avg: 20.8, Max: 83, Diff: 83, Sum: 83, Workers: 4
[45.078s][debug][gc,phases      ] GC(13)   StringDedup Table Weak         Min:  0.0, Avg:  0.0, Max:  0.0, Diff:  0.0, Sum:  0.0, Workers: 4
[45.078s][debug][gc,phases      ] GC(13)     Dead                           Min: 0, Avg:  0.0, Max: 0, Diff: 0, Sum: 0, Workers: 4
[45.078s][debug][gc,phases      ] GC(13)     Total                          Min: 0, Avg:  0.0, Max: 0, Diff: 0, Sum: 0, Workers: 4
[45.078s][debug][gc,phases      ] GC(13)   StringDedup Requests0 Weak     Min:  0.0, Avg:  0.0, Max:  0.0, Diff:  0.0, Sum:  0.0, Workers: 4
[45.078s][debug][gc,phases      ] GC(13)     Dead                           Min: 0, Avg:  0.0, Max: 0, Diff: 0, Sum: 0, Workers: 4
[45.078s][debug][gc,phases      ] GC(13)     Total                          Min: 0, Avg:  0.0, Max: 0, Diff: 0, Sum: 0, Workers: 4
[45.078s][debug][gc,phases      ] GC(13)   StringDedup Requests1 Weak     Min:  0.0, Avg:  0.0, Max:  0.0, Diff:  0.0, Sum:  0.0, Workers: 4
[45.078s][debug][gc,phases      ] GC(13)     Dead                           Min: 0, Avg:  0.0, Max: 0, Diff: 0, Sum: 0, Workers: 4
[45.078s][debug][gc,phases      ] GC(13)     Total                          Min: 0, Avg:  0.0, Max: 0, Diff: 0, Sum: 0, Workers: 4
[45.078s][debug][gc,phases      ] GC(13)   Weak JFR Old Object Samples    Min:  0.0, Avg:  0.0, Max:  0.0, Diff:  0.0, Sum:  0.0, Workers: 4
[45.078s][debug][gc,phases      ] GC(13)     Dead                           Min: 0, Avg:  0.0, Max: 0, Diff: 0, Sum: 0, Workers: 4
[45.078s][debug][gc,phases      ] GC(13)     Total                          Min: 0, Avg:  0.0, Max: 0, Diff: 0, Sum: 0, Workers: 4
[45.078s][debug][gc,phases      ] GC(13) Weak Processing 1.292ms
[45.078s][debug][gc,age         ] GC(13) Desired survivor size 515899392 bytes, new threshold 8 (max threshold 15)
[45.078s][info ][gc,heap        ] GC(13) PSYoungGen: 1316682K(1575936K)->274649K(1572864K) Eden: 1051520K(1051648K)->0K(1051648K) From: 265162K(524288K)->274649K(521216K)
[45.078s][info ][gc,heap        ] GC(13) ParOldGen: 151790K(238592K)->151790K(238592K)
[45.078s][info ][gc,metaspace   ] GC(13) Metaspace: 85145K(86208K)->85145K(86208K) NonClass: 72572K(73152K)->72572K(73152K) Class: 12572K(13056K)->12572K(13056K)
[45.078s][info ][gc             ] GC(13) Pause Young (Allocation Failure) 1434M->416M(1769M) 168.683ms
[45.078s][info ][gc,cpu         ] GC(13) User=0.36s Sys=0.00s Real=0.17s
[45.078s][info ][safepoint      ] Safepoint "ParallelGCFailedAllocation", Time since last: 289826243 ns, Reaching safepoint: 81900 ns, Cleanup: 86500 ns, At safepoint: 168772200 ns, Total: 168940600 ns
[46.022s][info ][safepoint      ] Safepoint "ICBufferFull", Time since last: 942968317 ns, Reaching safepoint: 652401 ns, Cleanup: 166500 ns, At safepoint: 10800 ns, Total: 829701 ns
[46.832s][info ][safepoint      ] Safepoint "ICBufferFull", Time since last: 809299662 ns, Reaching safepoint: 6400 ns, Cleanup: 146899 ns, At safepoint: 1900 ns, Total: 155199 ns
[46.832s][info ][safepoint      ] Safepoint "ICBufferFull", Time since last: 60700 ns, Reaching safepoint: 1200 ns, Cleanup: 500 ns, At safepoint: 900 ns, Total: 2600 ns
[47.899s][info ][safepoint      ] Safepoint "ICBufferFull", Time since last: 1067671848 ns, Reaching safepoint: 5000 ns, Cleanup: 165600 ns, At safepoint: 2400 ns, Total: 173000 ns
[48.515s][info ][safepoint      ] Safepoint "ICBufferFull", Time since last: 615079887 ns, Reaching safepoint: 6000 ns, Cleanup: 212100 ns, At safepoint: 3500 ns, Total: 221600 ns
[49.515s][info ][safepoint      ] Safepoint "Cleanup", Time since last: 1000105303 ns, Reaching safepoint: 87100 ns, Cleanup: 173700 ns, At safepoint: 8400 ns, Total: 269200 ns
[50.516s][info ][safepoint      ] Safepoint "Cleanup", Time since last: 1000116703 ns, Reaching safepoint: 241800 ns, Cleanup: 53499 ns, At safepoint: 7600 ns, Total: 302899 ns
[51.617s][info ][safepoint      ] Safepoint "ICBufferFull", Time since last: 1100858668 ns, Reaching safepoint: 77699 ns, Cleanup: 166000 ns, At safepoint: 6700 ns, Total: 250399 ns
[52.622s][info ][safepoint      ] Safepoint "Cleanup", Time since last: 1000776480 ns, Reaching safepoint: 4464089 ns, Cleanup: 120600 ns, At safepoint: 13000 ns, Total: 4597689 ns
[52.906s][info ][gc,start       ] GC(14) Pause Young (Allocation Failure)
[53.029s][debug][gc,phases      ] GC(14) Scavenge 123.665ms
[53.029s][debug][gc,ref         ] GC(14) Skipped phase 1 of Reference Processing: no references
[53.030s][debug][gc,ref         ] GC(14) ReferenceProcessor::execute queues: 4, RefProcThreadModel::Multi, marks_oops_alive: false
[53.030s][debug][gc,ref         ] GC(14) Skipped phase 3 of Reference Processing: no references
[53.030s][debug][gc,ref         ] GC(14) ReferenceProcessor::execute queues: 1, RefProcThreadModel::Single, marks_oops_alive: false
[53.030s][debug][gc,phases      ] GC(14) Reference Processing 0.758ms
[53.031s][debug][gc,phases      ] GC(14)   VM Weak                        Min:  0.0, Avg:  0.0, Max:  0.0, Diff:  0.0, Sum:  0.0, Workers: 4
[53.031s][debug][gc,phases      ] GC(14)     Dead                           Min: 0, Avg:  0.0, Max: 0, Diff: 0, Sum: 0, Workers: 4
[53.031s][debug][gc,phases      ] GC(14)     Total                          Min: 0, Avg: 223.5, Max: 766, Diff: 766, Sum: 894, Workers: 4
[53.031s][debug][gc,phases      ] GC(14)   ObjectSynchronizer Weak        Min:  0.0, Avg:  0.0, Max:  0.0, Diff:  0.0, Sum:  0.0, Workers: 4
[53.031s][debug][gc,phases      ] GC(14)     Dead                           Min: 0, Avg:  0.0, Max: 0, Diff: 0, Sum: 0, Workers: 4
[53.031s][debug][gc,phases      ] GC(14)     Total                          Min: 0, Avg:  6.5, Max: 26, Diff: 26, Sum: 26, Workers: 4
[53.031s][debug][gc,phases      ] GC(14)   JVMTI Tag Weak OopStorage      Min:  0.0, Avg:  0.0, Max:  0.0, Diff:  0.0, Sum:  0.0, Workers: 4
[53.031s][debug][gc,phases      ] GC(14)     Dead                           Min: 0, Avg:  0.0, Max: 0, Diff: 0, Sum: 0, Workers: 4
[53.031s][debug][gc,phases      ] GC(14)     Total                          Min: 0, Avg:  0.0, Max: 0, Diff: 0, Sum: 0, Workers: 4
[53.031s][debug][gc,phases      ] GC(14)   StringTable Weak               Min:  0.0, Avg:  0.2, Max:  0.4, Diff:  0.4, Sum:  0.8, Workers: 4
[53.031s][debug][gc,phases      ] GC(14)     Dead                           Min: 0, Avg:  0.8, Max: 2, Diff: 2, Sum: 3, Workers: 4
[53.031s][debug][gc,phases      ] GC(14)     Total                          Min: 0, Avg: 10874.2, Max: 22761, Diff: 22761, Sum: 43497, Workers: 4
[53.031s][debug][gc,phases      ] GC(14)   ResolvedMethodTable Weak       Min:  0.0, Avg:  0.1, Max:  0.1, Diff:  0.1, Sum:  0.3, Workers: 4
[53.031s][debug][gc,phases      ] GC(14)     Dead                           Min: 0, Avg:  0.0, Max: 0, Diff: 0, Sum: 0, Workers: 4
[53.031s][debug][gc,phases      ] GC(14)     Total                          Min: 0, Avg: 2662.0, Max: 5376, Diff: 5376, Sum: 10648, Workers: 4
[53.031s][debug][gc,phases      ] GC(14)   JNI Weak                       Min:  0.0, Avg:  0.0, Max:  0.0, Diff:  0.0, Sum:  0.0, Workers: 4
[53.031s][debug][gc,phases      ] GC(14)     Dead                           Min: 0, Avg:  0.0, Max: 0, Diff: 0, Sum: 0, Workers: 4
[53.031s][debug][gc,phases      ] GC(14)     Total                          Min: 0, Avg: 16.0, Max: 64, Diff: 64, Sum: 64, Workers: 4
[53.031s][debug][gc,phases      ] GC(14)   StringDedup Table Weak         Min:  0.0, Avg:  0.0, Max:  0.0, Diff:  0.0, Sum:  0.0, Workers: 4
[53.031s][debug][gc,phases      ] GC(14)     Dead                           Min: 0, Avg:  0.0, Max: 0, Diff: 0, Sum: 0, Workers: 4
[53.031s][debug][gc,phases      ] GC(14)     Total                          Min: 0, Avg:  0.0, Max: 0, Diff: 0, Sum: 0, Workers: 4
[53.031s][debug][gc,phases      ] GC(14)   StringDedup Requests0 Weak     Min:  0.0, Avg:  0.0, Max:  0.0, Diff:  0.0, Sum:  0.0, Workers: 4
[53.031s][debug][gc,phases      ] GC(14)     Dead                           Min: 0, Avg:  0.0, Max: 0, Diff: 0, Sum: 0, Workers: 4
[53.031s][debug][gc,phases      ] GC(14)     Total                          Min: 0, Avg:  0.0, Max: 0, Diff: 0, Sum: 0, Workers: 4
[53.031s][debug][gc,phases      ] GC(14)   StringDedup Requests1 Weak     Min:  0.0, Avg:  0.0, Max:  0.0, Diff:  0.0, Sum:  0.0, Workers: 4
[53.031s][debug][gc,phases      ] GC(14)     Dead                           Min: 0, Avg:  0.0, Max: 0, Diff: 0, Sum: 0, Workers: 4
[53.031s][debug][gc,phases      ] GC(14)     Total                          Min: 0, Avg:  0.0, Max: 0, Diff: 0, Sum: 0, Workers: 4
[53.031s][debug][gc,phases      ] GC(14)   Weak JFR Old Object Samples    Min:  0.0, Avg:  0.0, Max:  0.0, Diff:  0.0, Sum:  0.0, Workers: 4
[53.031s][debug][gc,phases      ] GC(14)     Dead                           Min: 0, Avg:  0.0, Max: 0, Diff: 0, Sum: 0, Workers: 4
[53.031s][debug][gc,phases      ] GC(14)     Total                          Min: 0, Avg:  0.0, Max: 0, Diff: 0, Sum: 0, Workers: 4
[53.031s][debug][gc,phases      ] GC(14) Weak Processing 0.834ms
[53.031s][debug][gc,age         ] GC(14) Desired survivor size 509083648 bytes, new threshold 9 (max threshold 15)
[53.031s][info ][gc,heap        ] GC(14) PSYoungGen: 1326297K(1572864K)->296891K(1600000K) Eden: 1051648K(1051648K)->0K(1096192K) From: 274649K(521216K)->296891K(503808K)
[53.031s][info ][gc,heap        ] GC(14) ParOldGen: 151790K(238592K)->151790K(238592K)
[53.031s][info ][gc,metaspace   ] GC(14) Metaspace: 85660K(86784K)->85660K(86784K) NonClass: 73038K(73664K)->73038K(73664K) Class: 12621K(13120K)->12621K(13120K)
[53.031s][info ][gc             ] GC(14) Pause Young (Allocation Failure) 1443M->438M(1795M) 125.407ms
[53.031s][info ][gc,cpu         ] GC(14) User=0.28s Sys=0.01s Real=0.13s
[53.031s][info ][safepoint      ] Safepoint "ParallelGCFailedAllocation", Time since last: 283641814 ns, Reaching safepoint: 5300 ns, Cleanup: 19700 ns, At safepoint: 125499896 ns, Total: 125524896 ns
[54.031s][info ][safepoint      ] Safepoint "Cleanup", Time since last: 1000094382 ns, Reaching safepoint: 87500 ns, Cleanup: 74100 ns, At safepoint: 7200 ns, Total: 168800 ns
[55.037s][info ][safepoint      ] Safepoint "Cleanup", Time since last: 1000116281 ns, Reaching safepoint: 4902188 ns, Cleanup: 230400 ns, At safepoint: 12700 ns, Total: 5145288 ns
[56.058s][info ][safepoint      ] Safepoint "Cleanup", Time since last: 1020566132 ns, Reaching safepoint: 162899 ns, Cleanup: 220600 ns, At safepoint: 13800 ns, Total: 397299 ns
[57.058s][info ][safepoint      ] Safepoint "Cleanup", Time since last: 1000111881 ns, Reaching safepoint: 79700 ns, Cleanup: 94200 ns, At safepoint: 7800 ns, Total: 181700 ns
[58.058s][info ][safepoint      ] Safepoint "Cleanup", Time since last: 1000105682 ns, Reaching safepoint: 5800 ns, Cleanup: 151199 ns, At safepoint: 6400 ns, Total: 163399 ns
[59.064s][info ][safepoint      ] Safepoint "Cleanup", Time since last: 1003656053 ns, Reaching safepoint: 1998996 ns, Cleanup: 84200 ns, At safepoint: 5900 ns, Total: 2089096 ns
[59.694s][info ][gc,start       ] GC(15) Pause Young (Allocation Failure)
[59.775s][debug][gc,phases      ] GC(15) Scavenge 81.342ms
[59.775s][debug][gc,ref         ] GC(15) Skipped phase 1 of Reference Processing: no references
[59.775s][debug][gc,ref         ] GC(15) ReferenceProcessor::execute queues: 4, RefProcThreadModel::Multi, marks_oops_alive: false
[59.776s][debug][gc,ref         ] GC(15) Skipped phase 3 of Reference Processing: no references
[59.776s][debug][gc,ref         ] GC(15) ReferenceProcessor::execute queues: 1, RefProcThreadModel::Single, marks_oops_alive: false
[59.776s][debug][gc,phases      ] GC(15) Reference Processing 0.678ms
[59.776s][debug][gc,phases      ] GC(15)   VM Weak                        Min:  0.0, Avg:  0.0, Max:  0.0, Diff:  0.0, Sum:  0.0, Workers: 4
[59.776s][debug][gc,phases      ] GC(15)     Dead                           Min: 0, Avg:  0.0, Max: 0, Diff: 0, Sum: 0, Workers: 4
[59.776s][debug][gc,phases      ] GC(15)     Total                          Min: 0, Avg: 224.5, Max: 578, Diff: 578, Sum: 898, Workers: 4
[59.776s][debug][gc,phases      ] GC(15)   ObjectSynchronizer Weak        Min:  0.0, Avg:  0.0, Max:  0.0, Diff:  0.0, Sum:  0.0, Workers: 4
[59.776s][debug][gc,phases      ] GC(15)     Dead                           Min: 0, Avg:  0.0, Max: 0, Diff: 0, Sum: 0, Workers: 4
[59.776s][debug][gc,phases      ] GC(15)     Total                          Min: 0, Avg:  6.5, Max: 26, Diff: 26, Sum: 26, Workers: 4
[59.776s][debug][gc,phases      ] GC(15)   JVMTI Tag Weak OopStorage      Min:  0.0, Avg:  0.0, Max:  0.0, Diff:  0.0, Sum:  0.0, Workers: 4
[59.776s][debug][gc,phases      ] GC(15)     Dead                           Min: 0, Avg:  0.0, Max: 0, Diff: 0, Sum: 0, Workers: 4
[59.777s][debug][gc,phases      ] GC(15)     Total                          Min: 0, Avg:  0.0, Max: 0, Diff: 0, Sum: 0, Workers: 4
[59.777s][debug][gc,phases      ] GC(15)   StringTable Weak               Min:  0.0, Avg:  0.2, Max:  0.4, Diff:  0.4, Sum:  0.9, Workers: 4
[59.777s][debug][gc,phases      ] GC(15)     Dead                           Min: 0, Avg:  1.0, Max: 4, Diff: 4, Sum: 4, Workers: 4
[59.777s][debug][gc,phases      ] GC(15)     Total                          Min: 128, Avg: 10942.5, Max: 15296, Diff: 15168, Sum: 43770, Workers: 4
[59.777s][debug][gc,phases      ] GC(15)   ResolvedMethodTable Weak       Min:  0.0, Avg:  0.1, Max:  0.1, Diff:  0.1, Sum:  0.3, Workers: 4
[59.777s][debug][gc,phases      ] GC(15)     Dead                           Min: 0, Avg:  0.0, Max: 0, Diff: 0, Sum: 0, Workers: 4
[59.777s][debug][gc,phases      ] GC(15)     Total                          Min: 0, Avg: 2677.0, Max: 3733, Diff: 3733, Sum: 10708, Workers: 4
[59.777s][debug][gc,phases      ] GC(15)   JNI Weak                       Min:  0.0, Avg:  0.0, Max:  0.0, Diff:  0.0, Sum:  0.0, Workers: 4
[59.777s][debug][gc,phases      ] GC(15)     Dead                           Min: 0, Avg:  0.0, Max: 0, Diff: 0, Sum: 0, Workers: 4
[59.777s][debug][gc,phases      ] GC(15)     Total                          Min: 0, Avg: 12.0, Max: 48, Diff: 48, Sum: 48, Workers: 4
[59.777s][debug][gc,phases      ] GC(15)   StringDedup Table Weak         Min:  0.0, Avg:  0.0, Max:  0.0, Diff:  0.0, Sum:  0.0, Workers: 4
[59.777s][debug][gc,phases      ] GC(15)     Dead                           Min: 0, Avg:  0.0, Max: 0, Diff: 0, Sum: 0, Workers: 4
[59.777s][debug][gc,phases      ] GC(15)     Total                          Min: 0, Avg:  0.0, Max: 0, Diff: 0, Sum: 0, Workers: 4
[59.777s][debug][gc,phases      ] GC(15)   StringDedup Requests0 Weak     Min:  0.0, Avg:  0.0, Max:  0.0, Diff:  0.0, Sum:  0.0, Workers: 4
[59.777s][debug][gc,phases      ] GC(15)     Dead                           Min: 0, Avg:  0.0, Max: 0, Diff: 0, Sum: 0, Workers: 4
[59.777s][debug][gc,phases      ] GC(15)     Total                          Min: 0, Avg:  0.0, Max: 0, Diff: 0, Sum: 0, Workers: 4
[59.777s][debug][gc,phases      ] GC(15)   StringDedup Requests1 Weak     Min:  0.0, Avg:  0.0, Max:  0.0, Diff:  0.0, Sum:  0.0, Workers: 4
[59.777s][debug][gc,phases      ] GC(15)     Dead                           Min: 0, Avg:  0.0, Max: 0, Diff: 0, Sum: 0, Workers: 4
[59.777s][debug][gc,phases      ] GC(15)     Total                          Min: 0, Avg:  0.0, Max: 0, Diff: 0, Sum: 0, Workers: 4
[59.777s][debug][gc,phases      ] GC(15)   Weak JFR Old Object Samples    Min:  0.0, Avg:  0.0, Max:  0.0, Diff:  0.0, Sum:  0.0, Workers: 4
[59.777s][debug][gc,phases      ] GC(15)     Dead                           Min: 0, Avg:  0.0, Max: 0, Diff: 0, Sum: 0, Workers: 4
[59.777s][debug][gc,phases      ] GC(15)     Total                          Min: 0, Avg:  0.0, Max: 0, Diff: 0, Sum: 0, Workers: 4
[59.777s][debug][gc,phases      ] GC(15) Weak Processing 0.654ms
[59.777s][debug][gc,age         ] GC(15) Desired survivor size 497549312 bytes, new threshold 10 (max threshold 15)
[59.777s][info ][gc,heap        ] GC(15) PSYoungGen: 1393083K(1600000K)->287257K(1593344K) Eden: 1096192K(1096192K)->0K(1096192K) From: 296891K(503808K)->287257K(497152K)
[59.777s][info ][gc,heap        ] GC(15) ParOldGen: 151790K(238592K)->151790K(238592K)
[59.777s][info ][gc,metaspace   ] GC(15) Metaspace: 86032K(87104K)->86032K(87104K) NonClass: 73372K(73984K)->73372K(73984K) Class: 12660K(13120K)->12660K(13120K)
[59.777s][info ][gc             ] GC(15) Pause Young (Allocation Failure) 1508M->428M(1789M) 82.834ms
[59.777s][info ][gc,cpu         ] GC(15) User=0.23s Sys=0.00s Real=0.08s
[59.777s][info ][safepoint      ] Safepoint "ParallelGCFailedAllocation", Time since last: 629756947 ns, Reaching safepoint: 5900 ns, Cleanup: 89200 ns, At safepoint: 82922222 ns, Total: 83017322 ns
[60.736s][info ][safepoint      ] Safepoint "ICBufferFull", Time since last: 959244139 ns, Reaching safepoint: 3100 ns, Cleanup: 164800 ns, At safepoint: 7000 ns, Total: 174900 ns
[61.736s][info ][safepoint      ] Safepoint "Cleanup", Time since last: 1000110752 ns, Reaching safepoint: 79300 ns, Cleanup: 104199 ns, At safepoint: 10800 ns, Total: 194299 ns
[62.674s][info ][gc,start       ] GC(16) Pause Young (Allocation Failure)
[62.755s][debug][gc,phases      ] GC(16) Scavenge 80.836ms
[62.755s][debug][gc,ref         ] GC(16) Skipped phase 1 of Reference Processing: no references
[62.755s][debug][gc,ref         ] GC(16) ReferenceProcessor::execute queues: 4, RefProcThreadModel::Multi, marks_oops_alive: false
[62.755s][debug][gc,ref         ] GC(16) Skipped phase 3 of Reference Processing: no references
[62.755s][debug][gc,ref         ] GC(16) ReferenceProcessor::execute queues: 1, RefProcThreadModel::Single, marks_oops_alive: false
[62.755s][debug][gc,phases      ] GC(16) Reference Processing 0.499ms
[62.756s][debug][gc,phases      ] GC(16)   VM Weak                        Min:  0.0, Avg:  0.0, Max:  0.0, Diff:  0.0, Sum:  0.0, Workers: 4
[62.756s][debug][gc,phases      ] GC(16)     Dead                           Min: 0, Avg:  0.0, Max: 0, Diff: 0, Sum: 0, Workers: 4
[62.756s][debug][gc,phases      ] GC(16)     Total                          Min: 0, Avg: 224.5, Max: 448, Diff: 448, Sum: 898, Workers: 4
[62.756s][debug][gc,phases      ] GC(16)   ObjectSynchronizer Weak        Min:  0.0, Avg:  0.0, Max:  0.0, Diff:  0.0, Sum:  0.0, Workers: 4
[62.756s][debug][gc,phases      ] GC(16)     Dead                           Min: 0, Avg:  0.0, Max: 0, Diff: 0, Sum: 0, Workers: 4
[62.756s][debug][gc,phases      ] GC(16)     Total                          Min: 0, Avg:  1.5, Max: 6, Diff: 6, Sum: 6, Workers: 4
[62.756s][debug][gc,phases      ] GC(16)   JVMTI Tag Weak OopStorage      Min:  0.0, Avg:  0.0, Max:  0.0, Diff:  0.0, Sum:  0.0, Workers: 4
[62.756s][debug][gc,phases      ] GC(16)     Dead                           Min: 0, Avg:  0.0, Max: 0, Diff: 0, Sum: 0, Workers: 4
[62.756s][debug][gc,phases      ] GC(16)     Total                          Min: 0, Avg:  0.0, Max: 0, Diff: 0, Sum: 0, Workers: 4
[62.756s][debug][gc,phases      ] GC(16)   StringTable Weak               Min:  0.0, Avg:  0.2, Max:  0.3, Diff:  0.3, Sum:  0.9, Workers: 4
[62.756s][debug][gc,phases      ] GC(16)     Dead                           Min: 0, Avg:  0.2, Max: 1, Diff: 1, Sum: 1, Workers: 4
[62.756s][debug][gc,phases      ] GC(16)     Total                          Min: 0, Avg: 10953.8, Max: 15016, Diff: 15016, Sum: 43815, Workers: 4
[62.756s][debug][gc,phases      ] GC(16)   ResolvedMethodTable Weak       Min:  0.0, Avg:  0.1, Max:  0.1, Diff:  0.1, Sum:  0.3, Workers: 4
[62.756s][debug][gc,phases      ] GC(16)     Dead                           Min: 0, Avg:  0.0, Max: 0, Diff: 0, Sum: 0, Workers: 4
[62.756s][debug][gc,phases      ] GC(16)     Total                          Min: 0, Avg: 2679.0, Max: 3775, Diff: 3775, Sum: 10716, Workers: 4
[62.756s][debug][gc,phases      ] GC(16)   JNI Weak                       Min:  0.0, Avg:  0.0, Max:  0.0, Diff:  0.0, Sum:  0.0, Workers: 4
[62.756s][debug][gc,phases      ] GC(16)     Dead                           Min: 0, Avg:  0.0, Max: 0, Diff: 0, Sum: 0, Workers: 4
[62.756s][debug][gc,phases      ] GC(16)     Total                          Min: 0, Avg: 12.0, Max: 48, Diff: 48, Sum: 48, Workers: 4
[62.756s][debug][gc,phases      ] GC(16)   StringDedup Table Weak         Min:  0.0, Avg:  0.0, Max:  0.0, Diff:  0.0, Sum:  0.0, Workers: 4
[62.756s][debug][gc,phases      ] GC(16)     Dead                           Min: 0, Avg:  0.0, Max: 0, Diff: 0, Sum: 0, Workers: 4
[62.756s][debug][gc,phases      ] GC(16)     Total                          Min: 0, Avg:  0.0, Max: 0, Diff: 0, Sum: 0, Workers: 4
[62.756s][debug][gc,phases      ] GC(16)   StringDedup Requests0 Weak     Min:  0.0, Avg:  0.0, Max:  0.0, Diff:  0.0, Sum:  0.0, Workers: 4
[62.756s][debug][gc,phases      ] GC(16)     Dead                           Min: 0, Avg:  0.0, Max: 0, Diff: 0, Sum: 0, Workers: 4
[62.756s][debug][gc,phases      ] GC(16)     Total                          Min: 0, Avg:  0.0, Max: 0, Diff: 0, Sum: 0, Workers: 4
[62.756s][debug][gc,phases      ] GC(16)   StringDedup Requests1 Weak     Min:  0.0, Avg:  0.0, Max:  0.0, Diff:  0.0, Sum:  0.0, Workers: 4
[62.756s][debug][gc,phases      ] GC(16)     Dead                           Min: 0, Avg:  0.0, Max: 0, Diff: 0, Sum: 0, Workers: 4
[62.756s][debug][gc,phases      ] GC(16)     Total                          Min: 0, Avg:  0.0, Max: 0, Diff: 0, Sum: 0, Workers: 4
[62.756s][debug][gc,phases      ] GC(16)   Weak JFR Old Object Samples    Min:  0.0, Avg:  0.0, Max:  0.0, Diff:  0.0, Sum:  0.0, Workers: 4
[62.756s][debug][gc,phases      ] GC(16)     Dead                           Min: 0, Avg:  0.0, Max: 0, Diff: 0, Sum: 0, Workers: 4
[62.756s][debug][gc,phases      ] GC(16)     Total                          Min: 0, Avg:  0.0, Max: 0, Diff: 0, Sum: 0, Workers: 4
[62.756s][debug][gc,phases      ] GC(16) Weak Processing 0.570ms
[62.756s][debug][gc,age         ] GC(16) Desired survivor size 490733568 bytes, new threshold 11 (max threshold 15)
[62.756s][info ][gc,heap        ] GC(16) PSYoungGen: 1383449K(1593344K)->298345K(1617920K) Eden: 1096192K(1096192K)->0K(1132032K) From: 287257K(497152K)->298345K(485888K)
[62.756s][info ][gc,heap        ] GC(16) ParOldGen: 151790K(238592K)->151790K(238592K)
[62.756s][info ][gc,metaspace   ] GC(16) Metaspace: 86144K(87168K)->86144K(87168K) NonClass: 73479K(74048K)->73479K(74048K) Class: 12664K(13120K)->12664K(13120K)
[62.756s][info ][gc             ] GC(16) Pause Young (Allocation Failure) 1499M->439M(1813M) 82.025ms
[62.756s][info ][gc,cpu         ] GC(16) User=0.27s Sys=0.02s Real=0.08s
[62.756s][info ][safepoint      ] Safepoint "ParallelGCFailedAllocation", Time since last: 937408687 ns, Reaching safepoint: 74500 ns, Cleanup: 56100 ns, At safepoint: 82090823 ns, Total: 82221423 ns
[63.756s][info ][safepoint      ] Safepoint "Cleanup", Time since last: 1000084052 ns, Reaching safepoint: 74900 ns, Cleanup: 77200 ns, At safepoint: 8000 ns, Total: 160100 ns
[64.757s][info ][safepoint      ] Safepoint "Cleanup", Time since last: 1000102651 ns, Reaching safepoint: 78200 ns, Cleanup: 61100 ns, At safepoint: 8400 ns, Total: 147700 ns
[66.408s][info ][safepoint      ] Safepoint "Cleanup", Time since last: 1650967554 ns, Reaching safepoint: 74400 ns, Cleanup: 169999 ns, At safepoint: 4300 ns, Total: 248699 ns
[67.000s][info ][gc,start       ] GC(17) Pause Young (Allocation Failure)
[67.072s][debug][gc,phases      ] GC(17) Scavenge 71.266ms
[67.072s][debug][gc,ref         ] GC(17) Skipped phase 1 of Reference Processing: no references
[67.072s][debug][gc,ref         ] GC(17) ReferenceProcessor::execute queues: 4, RefProcThreadModel::Multi, marks_oops_alive: false
[67.072s][debug][gc,ref         ] GC(17) Skipped phase 3 of Reference Processing: no references
[67.072s][debug][gc,ref         ] GC(17) ReferenceProcessor::execute queues: 1, RefProcThreadModel::Single, marks_oops_alive: false
[67.072s][debug][gc,phases      ] GC(17) Reference Processing 0.456ms
[67.073s][debug][gc,phases      ] GC(17)   VM Weak                        Min:  0.0, Avg:  0.0, Max:  0.0, Diff:  0.0, Sum:  0.0, Workers: 4
[67.073s][debug][gc,phases      ] GC(17)     Dead                           Min: 0, Avg:  0.0, Max: 0, Diff: 0, Sum: 0, Workers: 4
[67.073s][debug][gc,phases      ] GC(17)     Total                          Min: 64, Avg: 224.5, Max: 450, Diff: 386, Sum: 898, Workers: 4
[67.073s][debug][gc,phases      ] GC(17)   ObjectSynchronizer Weak        Min:  0.0, Avg:  0.0, Max:  0.0, Diff:  0.0, Sum:  0.0, Workers: 4
[67.073s][debug][gc,phases      ] GC(17)     Dead                           Min: 0, Avg:  0.0, Max: 0, Diff: 0, Sum: 0, Workers: 4
[67.073s][debug][gc,phases      ] GC(17)     Total                          Min: 0, Avg:  1.5, Max: 6, Diff: 6, Sum: 6, Workers: 4
[67.073s][debug][gc,phases      ] GC(17)   JVMTI Tag Weak OopStorage      Min:  0.0, Avg:  0.0, Max:  0.0, Diff:  0.0, Sum:  0.0, Workers: 4
[67.073s][debug][gc,phases      ] GC(17)     Dead                           Min: 0, Avg:  0.0, Max: 0, Diff: 0, Sum: 0, Workers: 4
[67.073s][debug][gc,phases      ] GC(17)     Total                          Min: 0, Avg:  0.0, Max: 0, Diff: 0, Sum: 0, Workers: 4
[67.073s][debug][gc,phases      ] GC(17)   StringTable Weak               Min:  0.2, Avg:  0.2, Max:  0.2, Diff:  0.0, Sum:  0.8, Workers: 4
[67.073s][debug][gc,phases      ] GC(17)     Dead                           Min: 0, Avg:  0.0, Max: 0, Diff: 0, Sum: 0, Workers: 4
[67.073s][debug][gc,phases      ] GC(17)     Total                          Min: 9920, Avg: 10957.0, Max: 11456, Diff: 1536, Sum: 43828, Workers: 4
[67.073s][debug][gc,phases      ] GC(17)   ResolvedMethodTable Weak       Min:  0.1, Avg:  0.1, Max:  0.1, Diff:  0.0, Sum:  0.3, Workers: 4
[67.073s][debug][gc,phases      ] GC(17)     Dead                           Min: 0, Avg:  0.0, Max: 0, Diff: 0, Sum: 0, Workers: 4
[67.073s][debug][gc,phases      ] GC(17)     Total                          Min: 2559, Avg: 2680.5, Max: 2752, Diff: 193, Sum: 10722, Workers: 4
[67.073s][debug][gc,phases      ] GC(17)   JNI Weak                       Min:  0.0, Avg:  0.0, Max:  0.0, Diff:  0.0, Sum:  0.0, Workers: 4
[67.073s][debug][gc,phases      ] GC(17)     Dead                           Min: 0, Avg:  0.0, Max: 0, Diff: 0, Sum: 0, Workers: 4
[67.073s][debug][gc,phases      ] GC(17)     Total                          Min: 0, Avg: 12.0, Max: 48, Diff: 48, Sum: 48, Workers: 4
[67.073s][debug][gc,phases      ] GC(17)   StringDedup Table Weak         Min:  0.0, Avg:  0.0, Max:  0.0, Diff:  0.0, Sum:  0.0, Workers: 4
[67.073s][debug][gc,phases      ] GC(17)     Dead                           Min: 0, Avg:  0.0, Max: 0, Diff: 0, Sum: 0, Workers: 4
[67.073s][debug][gc,phases      ] GC(17)     Total                          Min: 0, Avg:  0.0, Max: 0, Diff: 0, Sum: 0, Workers: 4
[67.073s][debug][gc,phases      ] GC(17)   StringDedup Requests0 Weak     Min:  0.0, Avg:  0.0, Max:  0.0, Diff:  0.0, Sum:  0.0, Workers: 4
[67.073s][debug][gc,phases      ] GC(17)     Dead                           Min: 0, Avg:  0.0, Max: 0, Diff: 0, Sum: 0, Workers: 4
[67.073s][debug][gc,phases      ] GC(17)     Total                          Min: 0, Avg:  0.0, Max: 0, Diff: 0, Sum: 0, Workers: 4
[67.073s][debug][gc,phases      ] GC(17)   StringDedup Requests1 Weak     Min:  0.0, Avg:  0.0, Max:  0.0, Diff:  0.0, Sum:  0.0, Workers: 4
[67.073s][debug][gc,phases      ] GC(17)     Dead                           Min: 0, Avg:  0.0, Max: 0, Diff: 0, Sum: 0, Workers: 4
[67.073s][debug][gc,phases      ] GC(17)     Total                          Min: 0, Avg:  0.0, Max: 0, Diff: 0, Sum: 0, Workers: 4
[67.073s][debug][gc,phases      ] GC(17)   Weak JFR Old Object Samples    Min:  0.0, Avg:  0.0, Max:  0.0, Diff:  0.0, Sum:  0.0, Workers: 4
[67.073s][debug][gc,phases      ] GC(17)     Dead                           Min: 0, Avg:  0.0, Max: 0, Diff: 0, Sum: 0, Workers: 4
[67.073s][debug][gc,phases      ] GC(17)     Total                          Min: 0, Avg:  0.0, Max: 0, Diff: 0, Sum: 0, Workers: 4
[67.073s][debug][gc,phases      ] GC(17) Weak Processing 0.462ms
[67.073s][debug][gc,age         ] GC(17) Desired survivor size 483393536 bytes, new threshold 12 (max threshold 15)
[67.073s][info ][gc,heap        ] GC(17) PSYoungGen: 1430377K(1617920K)->298615K(1611264K) Eden: 1132032K(1132032K)->0K(1132032K) From: 298345K(485888K)->298615K(479232K)
[67.073s][info ][gc,heap        ] GC(17) ParOldGen: 151790K(238592K)->151798K(238592K)
[67.073s][info ][gc,metaspace   ] GC(17) Metaspace: 86225K(87232K)->86225K(87232K) NonClass: 73558K(74112K)->73558K(74112K) Class: 12667K(13120K)->12667K(13120K)
[67.073s][info ][gc             ] GC(17) Pause Young (Allocation Failure) 1545M->439M(1806M) 72.302ms
[67.073s][info ][gc,cpu         ] GC(17) User=0.25s Sys=0.00s Real=0.07s
[67.073s][info ][safepoint      ] Safepoint "ParallelGCFailedAllocation", Time since last: 592437314 ns, Reaching safepoint: 73600 ns, Cleanup: 92600 ns, At safepoint: 72378916 ns, Total: 72545116 ns
[69.051s][info ][safepoint      ] Safepoint "Cleanup", Time since last: 1978364420 ns, Reaching safepoint: 74900 ns, Cleanup: 116299 ns, At safepoint: 9500 ns, Total: 200699 ns
[70.052s][info ][safepoint      ] Safepoint "Cleanup", Time since last: 1000145702 ns, Reaching safepoint: 85200 ns, Cleanup: 27900 ns, At safepoint: 10200 ns, Total: 123300 ns
[71.052s][info ][safepoint      ] Safepoint "Cleanup", Time since last: 1000095202 ns, Reaching safepoint: 72900 ns, Cleanup: 23300 ns, At safepoint: 10700 ns, Total: 106900 ns
[72.052s][info ][safepoint      ] Safepoint "Cleanup", Time since last: 1000094367 ns, Reaching safepoint: 74500 ns, Cleanup: 13600 ns, At safepoint: 7300 ns, Total: 95400 ns
[73.052s][info ][safepoint      ] Safepoint "Cleanup", Time since last: 1000109008 ns, Reaching safepoint: 77500 ns, Cleanup: 20800 ns, At safepoint: 5900 ns, Total: 104200 ns
[74.052s][info ][safepoint      ] Safepoint "Cleanup", Time since last: 1000124108 ns, Reaching safepoint: 78400 ns, Cleanup: 20500 ns, At safepoint: 7200 ns, Total: 106100 ns
[74.475s][info ][gc,start       ] GC(18) Pause Young (Allocation Failure)
[74.553s][debug][gc,phases      ] GC(18) Scavenge 77.240ms
[74.553s][debug][gc,ref         ] GC(18) Skipped phase 1 of Reference Processing: no references
[74.553s][debug][gc,ref         ] GC(18) ReferenceProcessor::execute queues: 4, RefProcThreadModel::Multi, marks_oops_alive: false
[74.553s][debug][gc,ref         ] GC(18) Skipped phase 3 of Reference Processing: no references
[74.553s][debug][gc,ref         ] GC(18) ReferenceProcessor::execute queues: 1, RefProcThreadModel::Single, marks_oops_alive: false
[74.553s][debug][gc,phases      ] GC(18) Reference Processing 0.723ms
[74.554s][debug][gc,phases      ] GC(18)   VM Weak                        Min:  0.0, Avg:  0.0, Max:  0.0, Diff:  0.0, Sum:  0.0, Workers: 4
[74.554s][debug][gc,phases      ] GC(18)     Dead                           Min: 0, Avg:  0.0, Max: 0, Diff: 0, Sum: 0, Workers: 4
[74.554s][debug][gc,phases      ] GC(18)     Total                          Min: 0, Avg: 224.5, Max: 770, Diff: 770, Sum: 898, Workers: 4
[74.554s][debug][gc,phases      ] GC(18)   ObjectSynchronizer Weak        Min:  0.0, Avg:  0.0, Max:  0.0, Diff:  0.0, Sum:  0.0, Workers: 4
[74.554s][debug][gc,phases      ] GC(18)     Dead                           Min: 0, Avg:  0.0, Max: 0, Diff: 0, Sum: 0, Workers: 4
[74.554s][debug][gc,phases      ] GC(18)     Total                          Min: 0, Avg:  1.5, Max: 6, Diff: 6, Sum: 6, Workers: 4
[74.554s][debug][gc,phases      ] GC(18)   JVMTI Tag Weak OopStorage      Min:  0.0, Avg:  0.0, Max:  0.0, Diff:  0.0, Sum:  0.0, Workers: 4
[74.554s][debug][gc,phases      ] GC(18)     Dead                           Min: 0, Avg:  0.0, Max: 0, Diff: 0, Sum: 0, Workers: 4
[74.554s][debug][gc,phases      ] GC(18)     Total                          Min: 0, Avg:  0.0, Max: 0, Diff: 0, Sum: 0, Workers: 4
[74.554s][debug][gc,phases      ] GC(18)   StringTable Weak               Min:  0.0, Avg:  0.2, Max:  0.3, Diff:  0.3, Sum:  0.8, Workers: 4
[74.554s][debug][gc,phases      ] GC(18)     Dead                           Min: 0, Avg:  0.0, Max: 0, Diff: 0, Sum: 0, Workers: 4
[74.554s][debug][gc,phases      ] GC(18)     Total                          Min: 0, Avg: 10961.5, Max: 18630, Diff: 18630, Sum: 43846, Workers: 4
[74.554s][debug][gc,phases      ] GC(18)   ResolvedMethodTable Weak       Min:  0.0, Avg:  0.1, Max:  0.1, Diff:  0.1, Sum:  0.3, Workers: 4
[74.554s][debug][gc,phases      ] GC(18)     Dead                           Min: 0, Avg:  0.0, Max: 0, Diff: 0, Sum: 0, Workers: 4
[74.554s][debug][gc,phases      ] GC(18)     Total                          Min: 0, Avg: 2680.5, Max: 3775, Diff: 3775, Sum: 10722, Workers: 4
[74.554s][debug][gc,phases      ] GC(18)   JNI Weak                       Min:  0.0, Avg:  0.0, Max:  0.0, Diff:  0.0, Sum:  0.0, Workers: 4
[74.554s][debug][gc,phases      ] GC(18)     Dead                           Min: 0, Avg:  0.0, Max: 0, Diff: 0, Sum: 0, Workers: 4
[74.554s][debug][gc,phases      ] GC(18)     Total                          Min: 0, Avg: 12.0, Max: 48, Diff: 48, Sum: 48, Workers: 4
[74.554s][debug][gc,phases      ] GC(18)   StringDedup Table Weak         Min:  0.0, Avg:  0.0, Max:  0.0, Diff:  0.0, Sum:  0.0, Workers: 4
[74.554s][debug][gc,phases      ] GC(18)     Dead                           Min: 0, Avg:  0.0, Max: 0, Diff: 0, Sum: 0, Workers: 4
[74.554s][debug][gc,phases      ] GC(18)     Total                          Min: 0, Avg:  0.0, Max: 0, Diff: 0, Sum: 0, Workers: 4
[74.554s][debug][gc,phases      ] GC(18)   StringDedup Requests0 Weak     Min:  0.0, Avg:  0.0, Max:  0.0, Diff:  0.0, Sum:  0.0, Workers: 4
[74.554s][debug][gc,phases      ] GC(18)     Dead                           Min: 0, Avg:  0.0, Max: 0, Diff: 0, Sum: 0, Workers: 4
[74.554s][debug][gc,phases      ] GC(18)     Total                          Min: 0, Avg:  0.0, Max: 0, Diff: 0, Sum: 0, Workers: 4
[74.554s][debug][gc,phases      ] GC(18)   StringDedup Requests1 Weak     Min:  0.0, Avg:  0.0, Max:  0.0, Diff:  0.0, Sum:  0.0, Workers: 4
[74.554s][debug][gc,phases      ] GC(18)     Dead                           Min: 0, Avg:  0.0, Max: 0, Diff: 0, Sum: 0, Workers: 4
[74.554s][debug][gc,phases      ] GC(18)     Total                          Min: 0, Avg:  0.0, Max: 0, Diff: 0, Sum: 0, Workers: 4
[74.554s][debug][gc,phases      ] GC(18)   Weak JFR Old Object Samples    Min:  0.0, Avg:  0.0, Max:  0.0, Diff:  0.0, Sum:  0.0, Workers: 4
[74.554s][debug][gc,phases      ] GC(18)     Dead                           Min: 0, Avg:  0.0, Max: 0, Diff: 0, Sum: 0, Workers: 4
[74.554s][debug][gc,phases      ] GC(18)     Total                          Min: 0, Avg:  0.0, Max: 0, Diff: 0, Sum: 0, Workers: 4
[74.554s][debug][gc,phases      ] GC(18) Weak Processing 0.638ms
[74.554s][debug][gc,age         ] GC(18) Desired survivor size 475529216 bytes, new threshold 13 (max threshold 15)
[74.554s][info ][gc,heap        ] GC(18) PSYoungGen: 1430647K(1611264K)->298489K(1632768K) Eden: 1132032K(1132032K)->0K(1160704K) From: 298615K(479232K)->298489K(472064K)
[74.554s][info ][gc,heap        ] GC(18) ParOldGen: 151798K(238592K)->151806K(238592K)
[74.554s][info ][gc,metaspace   ] GC(18) Metaspace: 86306K(87296K)->86306K(87296K) NonClass: 73637K(74176K)->73637K(74176K) Class: 12669K(13120K)->12669K(13120K)
[74.554s][info ][gc             ] GC(18) Pause Young (Allocation Failure) 1545M->439M(1827M) 78.746ms
[74.554s][info ][gc,cpu         ] GC(18) User=0.26s Sys=0.01s Real=0.08s
[74.554s][info ][safepoint      ] Safepoint "ParallelGCFailedAllocation", Time since last: 422847889 ns, Reaching safepoint: 5500 ns, Cleanup: 3400 ns, At safepoint: 78810311 ns, Total: 78819211 ns
[75.554s][info ][safepoint      ] Safepoint "Cleanup", Time since last: 1000090409 ns, Reaching safepoint: 76099 ns, Cleanup: 32499 ns, At safepoint: 6800 ns, Total: 115398 ns
[77.174s][info ][safepoint      ] Safepoint "Cleanup", Time since last: 1619661102 ns, Reaching safepoint: 79600 ns, Cleanup: 56900 ns, At safepoint: 5700 ns, Total: 142200 ns
[78.174s][info ][safepoint      ] Safepoint "Cleanup", Time since last: 1000115222 ns, Reaching safepoint: 81500 ns, Cleanup: 11100 ns, At safepoint: 7900 ns, Total: 100500 ns
[79.174s][info ][safepoint      ] Safepoint "Cleanup", Time since last: 1000101623 ns, Reaching safepoint: 4100 ns, Cleanup: 10700 ns, At safepoint: 2100 ns, Total: 16900 ns
[80.175s][info ][safepoint      ] Safepoint "Cleanup", Time since last: 1000116322 ns, Reaching safepoint: 79400 ns, Cleanup: 37800 ns, At safepoint: 6200 ns, Total: 123400 ns
[81.175s][info ][safepoint      ] Safepoint "Cleanup", Time since last: 1000111923 ns, Reaching safepoint: 74399 ns, Cleanup: 12100 ns, At safepoint: 6000 ns, Total: 92499 ns
[82.175s][info ][safepoint      ] Safepoint "Cleanup", Time since last: 1000118823 ns, Reaching safepoint: 78400 ns, Cleanup: 14800 ns, At safepoint: 6500 ns, Total: 99700 ns
[82.600s][info ][gc,start       ] GC(19) Pause Young (Allocation Failure)
[82.670s][debug][gc,phases      ] GC(19) Scavenge 69.858ms
[82.670s][debug][gc,ref         ] GC(19) Skipped phase 1 of Reference Processing: no references
[82.670s][debug][gc,ref         ] GC(19) ReferenceProcessor::execute queues: 4, RefProcThreadModel::Multi, marks_oops_alive: false
[82.670s][debug][gc,ref         ] GC(19) Skipped phase 3 of Reference Processing: no references
[82.670s][debug][gc,ref         ] GC(19) ReferenceProcessor::execute queues: 1, RefProcThreadModel::Single, marks_oops_alive: false
[82.670s][debug][gc,phases      ] GC(19) Reference Processing 0.511ms
[82.671s][debug][gc,phases      ] GC(19)   VM Weak                        Min:  0.0, Avg:  0.0, Max:  0.0, Diff:  0.0, Sum:  0.0, Workers: 4
[82.671s][debug][gc,phases      ] GC(19)     Dead                           Min: 0, Avg:  0.0, Max: 0, Diff: 0, Sum: 0, Workers: 4
[82.671s][debug][gc,phases      ] GC(19)     Total                          Min: 0, Avg: 224.5, Max: 576, Diff: 576, Sum: 898, Workers: 4
[82.671s][debug][gc,phases      ] GC(19)   ObjectSynchronizer Weak        Min:  0.0, Avg:  0.0, Max:  0.0, Diff:  0.0, Sum:  0.0, Workers: 4
[82.671s][debug][gc,phases      ] GC(19)     Dead                           Min: 0, Avg:  0.0, Max: 0, Diff: 0, Sum: 0, Workers: 4
[82.671s][debug][gc,phases      ] GC(19)     Total                          Min: 0, Avg:  1.5, Max: 6, Diff: 6, Sum: 6, Workers: 4
[82.671s][debug][gc,phases      ] GC(19)   JVMTI Tag Weak OopStorage      Min:  0.0, Avg:  0.0, Max:  0.0, Diff:  0.0, Sum:  0.0, Workers: 4
[82.671s][debug][gc,phases      ] GC(19)     Dead                           Min: 0, Avg:  0.0, Max: 0, Diff: 0, Sum: 0, Workers: 4
[82.671s][debug][gc,phases      ] GC(19)     Total                          Min: 0, Avg:  0.0, Max: 0, Diff: 0, Sum: 0, Workers: 4
[82.671s][debug][gc,phases      ] GC(19)   StringTable Weak               Min:  0.2, Avg:  0.2, Max:  0.2, Diff:  0.0, Sum:  0.8, Workers: 4
[82.671s][debug][gc,phases      ] GC(19)     Dead                           Min: 0, Avg:  0.0, Max: 0, Diff: 0, Sum: 0, Workers: 4
[82.671s][debug][gc,phases      ] GC(19)     Total                          Min: 8704, Avg: 10964.5, Max: 12032, Diff: 3328, Sum: 43858, Workers: 4
[82.671s][debug][gc,phases      ] GC(19)   ResolvedMethodTable Weak       Min:  0.1, Avg:  0.1, Max:  0.1, Diff:  0.0, Sum:  0.3, Workers: 4
[82.671s][debug][gc,phases      ] GC(19)     Dead                           Min: 0, Avg:  0.0, Max: 0, Diff: 0, Sum: 0, Workers: 4
[82.671s][debug][gc,phases      ] GC(19)     Total                          Min: 2559, Avg: 2680.5, Max: 2752, Diff: 193, Sum: 10722, Workers: 4
[82.671s][debug][gc,phases      ] GC(19)   JNI Weak                       Min:  0.0, Avg:  0.0, Max:  0.0, Diff:  0.0, Sum:  0.0, Workers: 4
[82.671s][debug][gc,phases      ] GC(19)     Dead                           Min: 0, Avg:  0.0, Max: 0, Diff: 0, Sum: 0, Workers: 4
[82.671s][debug][gc,phases      ] GC(19)     Total                          Min: 0, Avg: 12.0, Max: 48, Diff: 48, Sum: 48, Workers: 4
[82.671s][debug][gc,phases      ] GC(19)   StringDedup Table Weak         Min:  0.0, Avg:  0.0, Max:  0.0, Diff:  0.0, Sum:  0.0, Workers: 4
[82.671s][debug][gc,phases      ] GC(19)     Dead                           Min: 0, Avg:  0.0, Max: 0, Diff: 0, Sum: 0, Workers: 4
[82.671s][debug][gc,phases      ] GC(19)     Total                          Min: 0, Avg:  0.0, Max: 0, Diff: 0, Sum: 0, Workers: 4
[82.671s][debug][gc,phases      ] GC(19)   StringDedup Requests0 Weak     Min:  0.0, Avg:  0.0, Max:  0.0, Diff:  0.0, Sum:  0.0, Workers: 4
[82.671s][debug][gc,phases      ] GC(19)     Dead                           Min: 0, Avg:  0.0, Max: 0, Diff: 0, Sum: 0, Workers: 4
[82.671s][debug][gc,phases      ] GC(19)     Total                          Min: 0, Avg:  0.0, Max: 0, Diff: 0, Sum: 0, Workers: 4
[82.671s][debug][gc,phases      ] GC(19)   StringDedup Requests1 Weak     Min:  0.0, Avg:  0.0, Max:  0.0, Diff:  0.0, Sum:  0.0, Workers: 4
[82.671s][debug][gc,phases      ] GC(19)     Dead                           Min: 0, Avg:  0.0, Max: 0, Diff: 0, Sum: 0, Workers: 4
[82.671s][debug][gc,phases      ] GC(19)     Total                          Min: 0, Avg:  0.0, Max: 0, Diff: 0, Sum: 0, Workers: 4
[82.671s][debug][gc,phases      ] GC(19)   Weak JFR Old Object Samples    Min:  0.0, Avg:  0.0, Max:  0.0, Diff:  0.0, Sum:  0.0, Workers: 4
[82.671s][debug][gc,phases      ] GC(19)     Dead                           Min: 0, Avg:  0.0, Max: 0, Diff: 0, Sum: 0, Workers: 4
[82.671s][debug][gc,phases      ] GC(19)     Total                          Min: 0, Avg:  0.0, Max: 0, Diff: 0, Sum: 0, Workers: 4
[82.671s][debug][gc,phases      ] GC(19) Weak Processing 0.462ms
[82.671s][debug][gc,age         ] GC(19) Desired survivor size 467140608 bytes, new threshold 14 (max threshold 15)
[82.671s][info ][gc,heap        ] GC(19) PSYoungGen: 1459193K(1632768K)->297401K(1625088K) Eden: 1160704K(1160704K)->0K(1160704K) From: 298489K(472064K)->297401K(464384K)
[82.671s][info ][gc,heap        ] GC(19) ParOldGen: 151806K(238592K)->151814K(238592K)
[82.671s][info ][gc,metaspace   ] GC(19) Metaspace: 86377K(87424K)->86377K(87424K) NonClass: 73706K(74304K)->73706K(74304K) Class: 12671K(13120K)->12671K(13120K)
[82.671s][info ][gc             ] GC(19) Pause Young (Allocation Failure) 1573M->438M(1820M) 70.949ms
[82.671s][info ][gc,cpu         ] GC(19) User=0.25s Sys=0.00s Real=0.07s
[82.671s][info ][safepoint      ] Safepoint "ParallelGCFailedAllocation", Time since last: 424607836 ns, Reaching safepoint: 71899 ns, Cleanup: 10500 ns, At safepoint: 71030989 ns, Total: 71113388 ns
[83.671s][info ][safepoint      ] Safepoint "Cleanup", Time since last: 1000084833 ns, Reaching safepoint: 78400 ns, Cleanup: 33599 ns, At safepoint: 5200 ns, Total: 117199 ns
[84.671s][info ][safepoint      ] Safepoint "Cleanup", Time since last: 1000110608 ns, Reaching safepoint: 77300 ns, Cleanup: 13400 ns, At safepoint: 5600 ns, Total: 96300 ns
[85.671s][info ][safepoint      ] Safepoint "Cleanup", Time since last: 1000109808 ns, Reaching safepoint: 75799 ns, Cleanup: 16800 ns, At safepoint: 4200 ns, Total: 96799 ns
[86.672s][info ][safepoint      ] Safepoint "Cleanup", Time since last: 1000101308 ns, Reaching safepoint: 72300 ns, Cleanup: 18700 ns, At safepoint: 5600 ns, Total: 96600 ns
[87.672s][info ][safepoint      ] Safepoint "Cleanup", Time since last: 1000122907 ns, Reaching safepoint: 77800 ns, Cleanup: 13000 ns, At safepoint: 5600 ns, Total: 96400 ns
[88.672s][info ][safepoint      ] Safepoint "Cleanup", Time since last: 1000107208 ns, Reaching safepoint: 75300 ns, Cleanup: 23600 ns, At safepoint: 5200 ns, Total: 104100 ns
[89.672s][info ][safepoint      ] Safepoint "Cleanup", Time since last: 1000096507 ns, Reaching safepoint: 73000 ns, Cleanup: 15700 ns, At safepoint: 5300 ns, Total: 94000 ns
[90.652s][info ][gc,start       ] GC(20) Pause Young (Allocation Failure)
[90.732s][debug][gc,phases      ] GC(20) Scavenge 80.531ms
[90.732s][debug][gc,ref         ] GC(20) Skipped phase 1 of Reference Processing: no references
[90.733s][debug][gc,ref         ] GC(20) ReferenceProcessor::execute queues: 4, RefProcThreadModel::Multi, marks_oops_alive: false
[90.733s][debug][gc,ref         ] GC(20) Skipped phase 3 of Reference Processing: no references
[90.733s][debug][gc,ref         ] GC(20) ReferenceProcessor::execute queues: 1, RefProcThreadModel::Single, marks_oops_alive: false
[90.733s][debug][gc,phases      ] GC(20) Reference Processing 0.472ms
[90.733s][debug][gc,phases      ] GC(20)   VM Weak                        Min:  0.0, Avg:  0.0, Max:  0.0, Diff:  0.0, Sum:  0.0, Workers: 4
[90.733s][debug][gc,phases      ] GC(20)     Dead                           Min: 0, Avg:  0.0, Max: 0, Diff: 0, Sum: 0, Workers: 4
[90.733s][debug][gc,phases      ] GC(20)     Total                          Min: 0, Avg: 224.5, Max: 576, Diff: 576, Sum: 898, Workers: 4
[90.733s][debug][gc,phases      ] GC(20)   ObjectSynchronizer Weak        Min:  0.0, Avg:  0.0, Max:  0.0, Diff:  0.0, Sum:  0.0, Workers: 4
[90.733s][debug][gc,phases      ] GC(20)     Dead                           Min: 0, Avg:  0.0, Max: 0, Diff: 0, Sum: 0, Workers: 4
[90.733s][debug][gc,phases      ] GC(20)     Total                          Min: 0, Avg:  1.5, Max: 6, Diff: 6, Sum: 6, Workers: 4
[90.733s][debug][gc,phases      ] GC(20)   JVMTI Tag Weak OopStorage      Min:  0.0, Avg:  0.0, Max:  0.0, Diff:  0.0, Sum:  0.0, Workers: 4
[90.733s][debug][gc,phases      ] GC(20)     Dead                           Min: 0, Avg:  0.0, Max: 0, Diff: 0, Sum: 0, Workers: 4
[90.733s][debug][gc,phases      ] GC(20)     Total                          Min: 0, Avg:  0.0, Max: 0, Diff: 0, Sum: 0, Workers: 4
[90.733s][debug][gc,phases      ] GC(20)   StringTable Weak               Min:  0.0, Avg:  0.2, Max:  0.2, Diff:  0.2, Sum:  0.7, Workers: 4
[90.733s][debug][gc,phases      ] GC(20)     Dead                           Min: 0, Avg:  0.0, Max: 0, Diff: 0, Sum: 0, Workers: 4
[90.733s][debug][gc,phases      ] GC(20)     Total                          Min: 0, Avg: 10969.8, Max: 17536, Diff: 17536, Sum: 43879, Workers: 4
[90.733s][debug][gc,phases      ] GC(20)   ResolvedMethodTable Weak       Min:  0.0, Avg:  0.1, Max:  0.1, Diff:  0.1, Sum:  0.2, Workers: 4
[90.733s][debug][gc,phases      ] GC(20)     Dead                           Min: 0, Avg:  0.2, Max: 1, Diff: 1, Sum: 1, Workers: 4
[90.733s][debug][gc,phases      ] GC(20)     Total                          Min: 0, Avg: 2682.8, Max: 4352, Diff: 4352, Sum: 10731, Workers: 4
[90.733s][debug][gc,phases      ] GC(20)   JNI Weak                       Min:  0.0, Avg:  0.0, Max:  0.0, Diff:  0.0, Sum:  0.0, Workers: 4
[90.733s][debug][gc,phases      ] GC(20)     Dead                           Min: 0, Avg:  0.0, Max: 0, Diff: 0, Sum: 0, Workers: 4
[90.733s][debug][gc,phases      ] GC(20)     Total                          Min: 0, Avg: 12.0, Max: 48, Diff: 48, Sum: 48, Workers: 4
[90.733s][debug][gc,phases      ] GC(20)   StringDedup Table Weak         Min:  0.0, Avg:  0.0, Max:  0.0, Diff:  0.0, Sum:  0.0, Workers: 4
[90.733s][debug][gc,phases      ] GC(20)     Dead                           Min: 0, Avg:  0.0, Max: 0, Diff: 0, Sum: 0, Workers: 4
[90.733s][debug][gc,phases      ] GC(20)     Total                          Min: 0, Avg:  0.0, Max: 0, Diff: 0, Sum: 0, Workers: 4
[90.733s][debug][gc,phases      ] GC(20)   StringDedup Requests0 Weak     Min:  0.0, Avg:  0.0, Max:  0.0, Diff:  0.0, Sum:  0.0, Workers: 4
[90.733s][debug][gc,phases      ] GC(20)     Dead                           Min: 0, Avg:  0.0, Max: 0, Diff: 0, Sum: 0, Workers: 4
[90.733s][debug][gc,phases      ] GC(20)     Total                          Min: 0, Avg:  0.0, Max: 0, Diff: 0, Sum: 0, Workers: 4
[90.733s][debug][gc,phases      ] GC(20)   StringDedup Requests1 Weak     Min:  0.0, Avg:  0.0, Max:  0.0, Diff:  0.0, Sum:  0.0, Workers: 4
[90.733s][debug][gc,phases      ] GC(20)     Dead                           Min: 0, Avg:  0.0, Max: 0, Diff: 0, Sum: 0, Workers: 4
[90.733s][debug][gc,phases      ] GC(20)     Total                          Min: 0, Avg:  0.0, Max: 0, Diff: 0, Sum: 0, Workers: 4
[90.733s][debug][gc,phases      ] GC(20)   Weak JFR Old Object Samples    Min:  0.0, Avg:  0.0, Max:  0.0, Diff:  0.0, Sum:  0.0, Workers: 4
[90.733s][debug][gc,phases      ] GC(20)     Dead                           Min: 0, Avg:  0.0, Max: 0, Diff: 0, Sum: 0, Workers: 4
[90.733s][debug][gc,phases      ] GC(20)     Total                          Min: 0, Avg:  0.0, Max: 0, Diff: 0, Sum: 0, Workers: 4
[90.733s][debug][gc,phases      ] GC(20) Weak Processing 0.502ms
[90.733s][debug][gc,age         ] GC(20) Desired survivor size 458752000 bytes, new threshold 15 (max threshold 15)
[90.733s][info ][gc,heap        ] GC(20) PSYoungGen: 1458105K(1625088K)->297633K(1649152K) Eden: 1160704K(1160704K)->0K(1192960K) From: 297401K(464384K)->297633K(456192K)
[90.733s][info ][gc,heap        ] GC(20) ParOldGen: 151814K(238592K)->151822K(238592K)
[90.733s][info ][gc,metaspace   ] GC(20) Metaspace: 86442K(87552K)->86442K(87552K) NonClass: 73766K(74368K)->73766K(74368K) Class: 12676K(13184K)->12676K(13184K)
[90.733s][info ][gc             ] GC(20) Pause Young (Allocation Failure) 1572M->438M(1843M) 81.628ms
[90.733s][info ][gc,cpu         ] GC(20) User=0.26s Sys=0.02s Real=0.08s
[90.734s][info ][safepoint      ] Safepoint "ParallelGCFailedAllocation", Time since last: 979424139 ns, Reaching safepoint: 80100 ns, Cleanup: 13700 ns, At safepoint: 81696852 ns, Total: 81790652 ns
[91.734s][info ][safepoint      ] Safepoint "Cleanup", Time since last: 1000099536 ns, Reaching safepoint: 3900 ns, Cleanup: 9300 ns, At safepoint: 1600 ns, Total: 14800 ns
[92.734s][info ][safepoint      ] Safepoint "Cleanup", Time since last: 1000088850 ns, Reaching safepoint: 4200 ns, Cleanup: 17000 ns, At safepoint: 1500 ns, Total: 22700 ns
[93.734s][info ][safepoint      ] Safepoint "Cleanup", Time since last: 1000096450 ns, Reaching safepoint: 4700 ns, Cleanup: 11300 ns, At safepoint: 1800 ns, Total: 17800 ns
[94.734s][info ][safepoint      ] Safepoint "Cleanup", Time since last: 1000103950 ns, Reaching safepoint: 4900 ns, Cleanup: 11500 ns, At safepoint: 1400 ns, Total: 17800 ns
[95.734s][info ][safepoint      ] Safepoint "Cleanup", Time since last: 1000092055 ns, Reaching safepoint: 5200 ns, Cleanup: 14900 ns, At safepoint: 1400 ns, Total: 21500 ns
[96.734s][info ][safepoint      ] Safepoint "Cleanup", Time since last: 1000119015 ns, Reaching safepoint: 4400 ns, Cleanup: 11700 ns, At safepoint: 1600 ns, Total: 17700 ns
[97.734s][info ][safepoint      ] Safepoint "Cleanup", Time since last: 1000101316 ns, Reaching safepoint: 4500 ns, Cleanup: 8800 ns, At safepoint: 2400 ns, Total: 15700 ns
[98.735s][info ][safepoint      ] Safepoint "Cleanup", Time since last: 1000098315 ns, Reaching safepoint: 13500 ns, Cleanup: 42600 ns, At safepoint: 9600 ns, Total: 65700 ns
[99.274s][info ][gc,start       ] GC(21) Pause Young (Allocation Failure)
[99.344s][debug][gc,phases      ] GC(21) Scavenge 69.977ms
[99.344s][debug][gc,ref         ] GC(21) Skipped phase 1 of Reference Processing: no references
[99.344s][debug][gc,ref         ] GC(21) ReferenceProcessor::execute queues: 4, RefProcThreadModel::Multi, marks_oops_alive: false
[99.345s][debug][gc,ref         ] GC(21) Skipped phase 3 of Reference Processing: no references
[99.345s][debug][gc,ref         ] GC(21) ReferenceProcessor::execute queues: 1, RefProcThreadModel::Single, marks_oops_alive: false
[99.345s][debug][gc,phases      ] GC(21) Reference Processing 0.759ms
[99.345s][debug][gc,phases      ] GC(21)   VM Weak                        Min:  0.0, Avg:  0.0, Max:  0.0, Diff:  0.0, Sum:  0.0, Workers: 4
[99.345s][debug][gc,phases      ] GC(21)     Dead                           Min: 0, Avg:  0.0, Max: 0, Diff: 0, Sum: 0, Workers: 4
[99.345s][debug][gc,phases      ] GC(21)     Total                          Min: 0, Avg: 224.5, Max: 512, Diff: 512, Sum: 898, Workers: 4
[99.345s][debug][gc,phases      ] GC(21)   ObjectSynchronizer Weak        Min:  0.0, Avg:  0.0, Max:  0.0, Diff:  0.0, Sum:  0.0, Workers: 4
[99.345s][debug][gc,phases      ] GC(21)     Dead                           Min: 0, Avg:  0.0, Max: 0, Diff: 0, Sum: 0, Workers: 4
[99.345s][debug][gc,phases      ] GC(21)     Total                          Min: 0, Avg:  1.5, Max: 6, Diff: 6, Sum: 6, Workers: 4
[99.345s][debug][gc,phases      ] GC(21)   JVMTI Tag Weak OopStorage      Min:  0.0, Avg:  0.0, Max:  0.0, Diff:  0.0, Sum:  0.0, Workers: 4
[99.345s][debug][gc,phases      ] GC(21)     Dead                           Min: 0, Avg:  0.0, Max: 0, Diff: 0, Sum: 0, Workers: 4
[99.345s][debug][gc,phases      ] GC(21)     Total                          Min: 0, Avg:  0.0, Max: 0, Diff: 0, Sum: 0, Workers: 4
[99.346s][debug][gc,phases      ] GC(21)   StringTable Weak               Min:  0.0, Avg:  0.2, Max:  0.3, Diff:  0.3, Sum:  0.8, Workers: 4
[99.346s][debug][gc,phases      ] GC(21)     Dead                           Min: 0, Avg:  0.0, Max: 0, Diff: 0, Sum: 0, Workers: 4
[99.346s][debug][gc,phases      ] GC(21)     Total                          Min: 0, Avg: 10971.8, Max: 15279, Diff: 15279, Sum: 43887, Workers: 4
[99.346s][debug][gc,phases      ] GC(21)   ResolvedMethodTable Weak       Min:  0.0, Avg:  0.1, Max:  0.1, Diff:  0.1, Sum:  0.3, Workers: 4
[99.346s][debug][gc,phases      ] GC(21)     Dead                           Min: 0, Avg:  0.0, Max: 0, Diff: 0, Sum: 0, Workers: 4
[99.346s][debug][gc,phases      ] GC(21)     Total                          Min: 0, Avg: 2682.8, Max: 3840, Diff: 3840, Sum: 10731, Workers: 4
[99.346s][debug][gc,phases      ] GC(21)   JNI Weak                       Min:  0.0, Avg:  0.0, Max:  0.0, Diff:  0.0, Sum:  0.0, Workers: 4
[99.346s][debug][gc,phases      ] GC(21)     Dead                           Min: 0, Avg:  0.0, Max: 0, Diff: 0, Sum: 0, Workers: 4
[99.346s][debug][gc,phases      ] GC(21)     Total                          Min: 0, Avg: 12.0, Max: 48, Diff: 48, Sum: 48, Workers: 4
[99.346s][debug][gc,phases      ] GC(21)   StringDedup Table Weak         Min:  0.0, Avg:  0.0, Max:  0.0, Diff:  0.0, Sum:  0.0, Workers: 4
[99.346s][debug][gc,phases      ] GC(21)     Dead                           Min: 0, Avg:  0.0, Max: 0, Diff: 0, Sum: 0, Workers: 4
[99.346s][debug][gc,phases      ] GC(21)     Total                          Min: 0, Avg:  0.0, Max: 0, Diff: 0, Sum: 0, Workers: 4
[99.346s][debug][gc,phases      ] GC(21)   StringDedup Requests0 Weak     Min:  0.0, Avg:  0.0, Max:  0.0, Diff:  0.0, Sum:  0.0, Workers: 4
[99.346s][debug][gc,phases      ] GC(21)     Dead                           Min: 0, Avg:  0.0, Max: 0, Diff: 0, Sum: 0, Workers: 4
[99.346s][debug][gc,phases      ] GC(21)     Total                          Min: 0, Avg:  0.0, Max: 0, Diff: 0, Sum: 0, Workers: 4
[99.346s][debug][gc,phases      ] GC(21)   StringDedup Requests1 Weak     Min:  0.0, Avg:  0.0, Max:  0.0, Diff:  0.0, Sum:  0.0, Workers: 4
[99.346s][debug][gc,phases      ] GC(21)     Dead                           Min: 0, Avg:  0.0, Max: 0, Diff: 0, Sum: 0, Workers: 4
[99.346s][debug][gc,phases      ] GC(21)     Total                          Min: 0, Avg:  0.0, Max: 0, Diff: 0, Sum: 0, Workers: 4
[99.346s][debug][gc,phases      ] GC(21)   Weak JFR Old Object Samples    Min:  0.0, Avg:  0.0, Max:  0.0, Diff:  0.0, Sum:  0.0, Workers: 4
[99.346s][debug][gc,phases      ] GC(21)     Dead                           Min: 0, Avg:  0.0, Max: 0, Diff: 0, Sum: 0, Workers: 4
[99.346s][debug][gc,phases      ] GC(21)     Total                          Min: 0, Avg:  0.0, Max: 0, Diff: 0, Sum: 0, Workers: 4
[99.346s][debug][gc,phases      ] GC(21) Weak Processing 0.659ms
[99.346s][debug][gc,age         ] GC(21) Desired survivor size 449839104 bytes, new threshold 15 (max threshold 15)
[99.346s][info ][gc,heap        ] GC(21) PSYoungGen: 1490593K(1649152K)->297315K(1640960K) Eden: 1192960K(1192960K)->0K(1192960K) From: 297633K(456192K)->297315K(448000K)
[99.346s][info ][gc,heap        ] GC(21) ParOldGen: 151822K(238592K)->151830K(238592K)
[99.346s][info ][gc,metaspace   ] GC(21) Metaspace: 86464K(87552K)->86464K(87552K) NonClass: 73787K(74368K)->73787K(74368K) Class: 12676K(13184K)->12676K(13184K)
[99.346s][info ][gc             ] GC(21) Pause Young (Allocation Failure) 1603M->438M(1835M) 71.537ms
[99.346s][info ][gc,cpu         ] GC(21) User=0.26s Sys=0.00s Real=0.07s
[99.346s][info ][safepoint      ] Safepoint "ParallelGCFailedAllocation", Time since last: 539608800 ns, Reaching safepoint: 4800 ns, Cleanup: 3900 ns, At safepoint: 71611074 ns, Total: 71619774 ns
[100.346s][info ][safepoint      ] Safepoint "Cleanup", Time since last: 1000086440 ns, Reaching safepoint: 6000 ns, Cleanup: 21100 ns, At safepoint: 2900 ns, Total: 30000 ns
[101.346s][info ][safepoint      ] Safepoint "Cleanup", Time since last: 1000129140 ns, Reaching safepoint: 5200 ns, Cleanup: 17200 ns, At safepoint: 2200 ns, Total: 24600 ns
[102.346s][info ][safepoint      ] Safepoint "Cleanup", Time since last: 1000102640 ns, Reaching safepoint: 4400 ns, Cleanup: 28700 ns, At safepoint: 6700 ns, Total: 39800 ns
[103.346s][info ][safepoint      ] Safepoint "Cleanup", Time since last: 1000102040 ns, Reaching safepoint: 4700 ns, Cleanup: 17200 ns, At safepoint: 1700 ns, Total: 23600 ns
[104.346s][info ][safepoint      ] Safepoint "Cleanup", Time since last: 1000098740 ns, Reaching safepoint: 4500 ns, Cleanup: 7700 ns, At safepoint: 1800 ns, Total: 14000 ns
[105.347s][info ][safepoint      ] Safepoint "Cleanup", Time since last: 1000114340 ns, Reaching safepoint: 5100 ns, Cleanup: 18200 ns, At safepoint: 6800 ns, Total: 30100 ns
[106.347s][info ][safepoint      ] Safepoint "Cleanup", Time since last: 1000133340 ns, Reaching safepoint: 76399 ns, Cleanup: 9700 ns, At safepoint: 6000 ns, Total: 92099 ns
[107.347s][info ][safepoint      ] Safepoint "Cleanup", Time since last: 1000116357 ns, Reaching safepoint: 74000 ns, Cleanup: 22100 ns, At safepoint: 6000 ns, Total: 102100 ns
[107.583s][info ][gc,start       ] GC(22) Pause Young (Allocation Failure)
[107.682s][debug][gc,phases      ] GC(22) Scavenge 98.632ms
[107.682s][debug][gc,ref         ] GC(22) Skipped phase 1 of Reference Processing: no references
[107.682s][debug][gc,ref         ] GC(22) ReferenceProcessor::execute queues: 4, RefProcThreadModel::Multi, marks_oops_alive: false
[107.682s][debug][gc,ref         ] GC(22) Skipped phase 3 of Reference Processing: no references
[107.682s][debug][gc,ref         ] GC(22) ReferenceProcessor::execute queues: 1, RefProcThreadModel::Single, marks_oops_alive: false
[107.682s][debug][gc,phases      ] GC(22) Reference Processing 0.372ms
[107.682s][debug][gc,phases      ] GC(22)   VM Weak                        Min:  0.0, Avg:  0.0, Max:  0.0, Diff:  0.0, Sum:  0.0, Workers: 4
[107.682s][debug][gc,phases      ] GC(22)     Dead                           Min: 0, Avg:  0.0, Max: 0, Diff: 0, Sum: 0, Workers: 4
[107.682s][debug][gc,phases      ] GC(22)     Total                          Min: 2, Avg: 224.5, Max: 576, Diff: 574, Sum: 898, Workers: 4
[107.682s][debug][gc,phases      ] GC(22)   ObjectSynchronizer Weak        Min:  0.0, Avg:  0.0, Max:  0.0, Diff:  0.0, Sum:  0.0, Workers: 4
[107.682s][debug][gc,phases      ] GC(22)     Dead                           Min: 0, Avg:  0.0, Max: 0, Diff: 0, Sum: 0, Workers: 4
[107.682s][debug][gc,phases      ] GC(22)     Total                          Min: 0, Avg:  1.5, Max: 6, Diff: 6, Sum: 6, Workers: 4
[107.682s][debug][gc,phases      ] GC(22)   JVMTI Tag Weak OopStorage      Min:  0.0, Avg:  0.0, Max:  0.0, Diff:  0.0, Sum:  0.0, Workers: 4
[107.682s][debug][gc,phases      ] GC(22)     Dead                           Min: 0, Avg:  0.0, Max: 0, Diff: 0, Sum: 0, Workers: 4
[107.682s][debug][gc,phases      ] GC(22)     Total                          Min: 0, Avg:  0.0, Max: 0, Diff: 0, Sum: 0, Workers: 4
[107.682s][debug][gc,phases      ] GC(22)   StringTable Weak               Min:  0.2, Avg:  0.2, Max:  0.2, Diff:  0.0, Sum:  1.0, Workers: 4
[107.682s][debug][gc,phases      ] GC(22)     Dead                           Min: 0, Avg:  0.0, Max: 0, Diff: 0, Sum: 0, Workers: 4
[107.682s][debug][gc,phases      ] GC(22)     Total                          Min: 9088, Avg: 10975.2, Max: 12224, Diff: 3136, Sum: 43901, Workers: 4
[107.682s][debug][gc,phases      ] GC(22)   ResolvedMethodTable Weak       Min:  0.1, Avg:  0.1, Max:  0.1, Diff:  0.0, Sum:  0.3, Workers: 4
[107.682s][debug][gc,phases      ] GC(22)     Dead                           Min: 0, Avg:  0.0, Max: 0, Diff: 0, Sum: 0, Workers: 4
[107.682s][debug][gc,phases      ] GC(22)     Total                          Min: 2093, Avg: 2683.2, Max: 2944, Diff: 851, Sum: 10733, Workers: 4
[107.682s][debug][gc,phases      ] GC(22)   JNI Weak                       Min:  0.0, Avg:  0.0, Max:  0.0, Diff:  0.0, Sum:  0.0, Workers: 4
[107.682s][debug][gc,phases      ] GC(22)     Dead                           Min: 0, Avg:  0.0, Max: 0, Diff: 0, Sum: 0, Workers: 4
[107.682s][debug][gc,phases      ] GC(22)     Total                          Min: 0, Avg: 12.0, Max: 48, Diff: 48, Sum: 48, Workers: 4
[107.682s][debug][gc,phases      ] GC(22)   StringDedup Table Weak         Min:  0.0, Avg:  0.0, Max:  0.0, Diff:  0.0, Sum:  0.0, Workers: 4
[107.682s][debug][gc,phases      ] GC(22)     Dead                           Min: 0, Avg:  0.0, Max: 0, Diff: 0, Sum: 0, Workers: 4
[107.682s][debug][gc,phases      ] GC(22)     Total                          Min: 0, Avg:  0.0, Max: 0, Diff: 0, Sum: 0, Workers: 4
[107.682s][debug][gc,phases      ] GC(22)   StringDedup Requests0 Weak     Min:  0.0, Avg:  0.0, Max:  0.0, Diff:  0.0, Sum:  0.0, Workers: 4
[107.682s][debug][gc,phases      ] GC(22)     Dead                           Min: 0, Avg:  0.0, Max: 0, Diff: 0, Sum: 0, Workers: 4
[107.682s][debug][gc,phases      ] GC(22)     Total                          Min: 0, Avg:  0.0, Max: 0, Diff: 0, Sum: 0, Workers: 4
[107.682s][debug][gc,phases      ] GC(22)   StringDedup Requests1 Weak     Min:  0.0, Avg:  0.0, Max:  0.0, Diff:  0.0, Sum:  0.0, Workers: 4
[107.682s][debug][gc,phases      ] GC(22)     Dead                           Min: 0, Avg:  0.0, Max: 0, Diff: 0, Sum: 0, Workers: 4
[107.682s][debug][gc,phases      ] GC(22)     Total                          Min: 0, Avg:  0.0, Max: 0, Diff: 0, Sum: 0, Workers: 4
[107.682s][debug][gc,phases      ] GC(22)   Weak JFR Old Object Samples    Min:  0.0, Avg:  0.0, Max:  0.0, Diff:  0.0, Sum:  0.0, Workers: 4
[107.682s][debug][gc,phases      ] GC(22)     Dead                           Min: 0, Avg:  0.0, Max: 0, Diff: 0, Sum: 0, Workers: 4
[107.682s][debug][gc,phases      ] GC(22)     Total                          Min: 0, Avg:  0.0, Max: 0, Diff: 0, Sum: 0, Workers: 4
[107.682s][debug][gc,phases      ] GC(22) Weak Processing 0.513ms
[107.682s][debug][gc,age         ] GC(22) Desired survivor size 434110464 bytes, new threshold 15 (max threshold 15)
[107.682s][info ][gc,heap        ] GC(22) PSYoungGen: 1490275K(1640960K)->276370K(1673216K) Eden: 1192960K(1192960K)->0K(1233920K) From: 297315K(448000K)->276370K(439296K)
[107.682s][info ][gc,heap        ] GC(22) ParOldGen: 151830K(238592K)->172951K(238592K)
[107.682s][info ][gc,metaspace   ] GC(22) Metaspace: 86522K(87616K)->86522K(87616K) NonClass: 73843K(74432K)->73843K(74432K) Class: 12678K(13184K)->12678K(13184K)
[107.682s][info ][gc             ] GC(22) Pause Young (Allocation Failure) 1603M->438M(1867M) 99.642ms
[107.682s][info ][gc,cpu         ] GC(22) User=0.26s Sys=0.03s Real=0.10s
[107.683s][info ][safepoint      ] Safepoint "ParallelGCFailedAllocation", Time since last: 235812949 ns, Reaching safepoint: 6300 ns, Cleanup: 4100 ns, At safepoint: 99708826 ns, Total: 99719226 ns
[108.683s][info ][safepoint      ] Safepoint "Cleanup", Time since last: 1000088943 ns, Reaching safepoint: 6300 ns, Cleanup: 15700 ns, At safepoint: 1600 ns, Total: 23600 ns
[110.188s][info ][safepoint      ] Safepoint "Cleanup", Time since last: 1505403950 ns, Reaching safepoint: 77500 ns, Cleanup: 65400 ns, At safepoint: 14299 ns, Total: 157199 ns
[111.188s][info ][safepoint      ] Safepoint "Cleanup", Time since last: 1000092644 ns, Reaching safepoint: 5200 ns, Cleanup: 29800 ns, At safepoint: 2000 ns, Total: 37000 ns
[112.700s][info ][safepoint      ] Safepoint "Cleanup", Time since last: 1511357033 ns, Reaching safepoint: 74800 ns, Cleanup: 29600 ns, At safepoint: 8900 ns, Total: 113300 ns
[113.700s][info ][safepoint      ] Safepoint "Cleanup", Time since last: 1000114243 ns, Reaching safepoint: 74200 ns, Cleanup: 36800 ns, At safepoint: 9200 ns, Total: 120200 ns
[114.700s][info ][safepoint      ] Safepoint "Cleanup", Time since last: 1000117143 ns, Reaching safepoint: 53800 ns, Cleanup: 21400 ns, At safepoint: 12400 ns, Total: 87600 ns
[115.209s][info ][gc,start       ] GC(23) Pause Young (Allocation Failure)
[115.275s][debug][gc,phases      ] GC(23) Scavenge 65.563ms
[115.275s][debug][gc,ref         ] GC(23) Skipped phase 1 of Reference Processing: no references
[115.275s][debug][gc,ref         ] GC(23) ReferenceProcessor::execute queues: 3, RefProcThreadModel::Multi, marks_oops_alive: false
[115.275s][debug][gc,ref         ] GC(23) Skipped phase 3 of Reference Processing: no references
[115.275s][debug][gc,ref         ] GC(23) ReferenceProcessor::execute queues: 1, RefProcThreadModel::Single, marks_oops_alive: false
[115.275s][debug][gc,phases      ] GC(23) Reference Processing 0.275ms
[115.275s][debug][gc,phases      ] GC(23)   VM Weak                        Min:  0.0, Avg:  0.0, Max:  0.0, Diff:  0.0, Sum:  0.0, Workers: 4
[115.275s][debug][gc,phases      ] GC(23)     Dead                           Min: 0, Avg:  0.0, Max: 0, Diff: 0, Sum: 0, Workers: 4
[115.275s][debug][gc,phases      ] GC(23)     Total                          Min: 0, Avg: 224.5, Max: 514, Diff: 514, Sum: 898, Workers: 4
[115.275s][debug][gc,phases      ] GC(23)   ObjectSynchronizer Weak        Min:  0.0, Avg:  0.0, Max:  0.0, Diff:  0.0, Sum:  0.0, Workers: 4
[115.275s][debug][gc,phases      ] GC(23)     Dead                           Min: 0, Avg:  0.0, Max: 0, Diff: 0, Sum: 0, Workers: 4
[115.275s][debug][gc,phases      ] GC(23)     Total                          Min: 0, Avg:  1.5, Max: 6, Diff: 6, Sum: 6, Workers: 4
[115.275s][debug][gc,phases      ] GC(23)   JVMTI Tag Weak OopStorage      Min:  0.0, Avg:  0.0, Max:  0.0, Diff:  0.0, Sum:  0.0, Workers: 4
[115.275s][debug][gc,phases      ] GC(23)     Dead                           Min: 0, Avg:  0.0, Max: 0, Diff: 0, Sum: 0, Workers: 4
[115.275s][debug][gc,phases      ] GC(23)     Total                          Min: 0, Avg:  0.0, Max: 0, Diff: 0, Sum: 0, Workers: 4
[115.275s][debug][gc,phases      ] GC(23)   StringTable Weak               Min:  0.0, Avg:  0.1, Max:  0.2, Diff:  0.2, Sum:  0.5, Workers: 4
[115.275s][debug][gc,phases      ] GC(23)     Dead                           Min: 0, Avg:  0.0, Max: 0, Diff: 0, Sum: 0, Workers: 4
[115.275s][debug][gc,phases      ] GC(23)     Total                          Min: 0, Avg: 10977.5, Max: 18694, Diff: 18694, Sum: 43910, Workers: 4
[115.275s][debug][gc,phases      ] GC(23)   ResolvedMethodTable Weak       Min:  0.0, Avg:  0.0, Max:  0.1, Diff:  0.1, Sum:  0.2, Workers: 4
[115.275s][debug][gc,phases      ] GC(23)     Dead                           Min: 0, Avg:  0.0, Max: 0, Diff: 0, Sum: 0, Workers: 4
[115.275s][debug][gc,phases      ] GC(23)     Total                          Min: 0, Avg: 2683.2, Max: 4525, Diff: 4525, Sum: 10733, Workers: 4
[115.275s][debug][gc,phases      ] GC(23)   JNI Weak                       Min:  0.0, Avg:  0.0, Max:  0.0, Diff:  0.0, Sum:  0.0, Workers: 4
[115.275s][debug][gc,phases      ] GC(23)     Dead                           Min: 0, Avg:  0.0, Max: 0, Diff: 0, Sum: 0, Workers: 4
[115.275s][debug][gc,phases      ] GC(23)     Total                          Min: 0, Avg: 12.0, Max: 48, Diff: 48, Sum: 48, Workers: 4
[115.275s][debug][gc,phases      ] GC(23)   StringDedup Table Weak         Min:  0.0, Avg:  0.0, Max:  0.0, Diff:  0.0, Sum:  0.0, Workers: 4
[115.275s][debug][gc,phases      ] GC(23)     Dead                           Min: 0, Avg:  0.0, Max: 0, Diff: 0, Sum: 0, Workers: 4
[115.275s][debug][gc,phases      ] GC(23)     Total                          Min: 0, Avg:  0.0, Max: 0, Diff: 0, Sum: 0, Workers: 4
[115.275s][debug][gc,phases      ] GC(23)   StringDedup Requests0 Weak     Min:  0.0, Avg:  0.0, Max:  0.0, Diff:  0.0, Sum:  0.0, Workers: 4
[115.275s][debug][gc,phases      ] GC(23)     Dead                           Min: 0, Avg:  0.0, Max: 0, Diff: 0, Sum: 0, Workers: 4
[115.275s][debug][gc,phases      ] GC(23)     Total                          Min: 0, Avg:  0.0, Max: 0, Diff: 0, Sum: 0, Workers: 4
[115.275s][debug][gc,phases      ] GC(23)   StringDedup Requests1 Weak     Min:  0.0, Avg:  0.0, Max:  0.0, Diff:  0.0, Sum:  0.0, Workers: 4
[115.275s][debug][gc,phases      ] GC(23)     Dead                           Min: 0, Avg:  0.0, Max: 0, Diff: 0, Sum: 0, Workers: 4
[115.275s][debug][gc,phases      ] GC(23)     Total                          Min: 0, Avg:  0.0, Max: 0, Diff: 0, Sum: 0, Workers: 4
[115.275s][debug][gc,phases      ] GC(23)   Weak JFR Old Object Samples    Min:  0.0, Avg:  0.0, Max:  0.0, Diff:  0.0, Sum:  0.0, Workers: 4
[115.275s][debug][gc,phases      ] GC(23)     Dead                           Min: 0, Avg:  0.0, Max: 0, Diff: 0, Sum: 0, Workers: 4
[115.275s][debug][gc,phases      ] GC(23)     Total                          Min: 0, Avg:  0.0, Max: 0, Diff: 0, Sum: 0, Workers: 4
[115.275s][debug][gc,phases      ] GC(23) Weak Processing 0.419ms
[115.275s][debug][gc,age         ] GC(23) Desired survivor size 423100416 bytes, new threshold 15 (max threshold 15)
[115.275s][info ][gc,heap        ] GC(23) PSYoungGen: 1510290K(1673216K)->249778K(1657856K) Eden: 1233920K(1233920K)->0K(1233920K) From: 276370K(439296K)->249778K(423936K)
[115.275s][info ][gc,heap        ] GC(23) ParOldGen: 172951K(238592K)->195605K(238592K)
[115.275s][info ][gc,metaspace   ] GC(23) Metaspace: 86585K(87680K)->86585K(87680K) NonClass: 73906K(74496K)->73906K(74496K) Class: 12678K(13184K)->12678K(13184K)
[115.276s][info ][gc             ] GC(23) Pause Young (Allocation Failure) 1643M->434M(1852M) 66.390ms
[115.276s][info ][gc,cpu         ] GC(23) User=0.24s Sys=0.00s Real=0.06s
[115.276s][debug][gc,phases      ] GC(24) Pre Compact 0.009ms
[115.276s][info ][gc,start       ] GC(24) Pause Full (Ergonomics)
[115.276s][info ][gc,phases,start] GC(24) Marking Phase
[115.397s][debug][gc,phases      ] GC(24) Par Mark 120.983ms
[115.397s][debug][gc,ref         ] GC(24) Skipped phase 1 of Reference Processing: no references
[115.397s][debug][gc,ref         ] GC(24) ReferenceProcessor::execute queues: 4, RefProcThreadModel::Multi, marks_oops_alive: false
[115.397s][debug][gc,ref         ] GC(24) ReferenceProcessor::execute queues: 4, RefProcThreadModel::Multi, marks_oops_alive: true
[115.398s][debug][gc,ref         ] GC(24) ReferenceProcessor::execute queues: 1, RefProcThreadModel::Single, marks_oops_alive: false
[115.398s][debug][gc,phases      ] GC(24) Reference Processing 1.051ms
[115.398s][debug][gc,phases      ] GC(24)   VM Weak                        Min:  0.0, Avg:  0.0, Max:  0.0, Diff:  0.0, Sum:  0.0, Workers: 4
[115.398s][debug][gc,phases      ] GC(24)     Dead                           Min: 0, Avg:  0.0, Max: 0, Diff: 0, Sum: 0, Workers: 4
[115.398s][debug][gc,phases      ] GC(24)     Total                          Min: 0, Avg: 224.5, Max: 448, Diff: 448, Sum: 898, Workers: 4
[115.398s][debug][gc,phases      ] GC(24)   ObjectSynchronizer Weak        Min:  0.0, Avg:  0.0, Max:  0.0, Diff:  0.0, Sum:  0.0, Workers: 4
[115.398s][debug][gc,phases      ] GC(24)     Dead                           Min: 0, Avg:  0.0, Max: 0, Diff: 0, Sum: 0, Workers: 4
[115.398s][debug][gc,phases      ] GC(24)     Total                          Min: 0, Avg:  1.5, Max: 6, Diff: 6, Sum: 6, Workers: 4
[115.398s][debug][gc,phases      ] GC(24)   JVMTI Tag Weak OopStorage      Min:  0.0, Avg:  0.0, Max:  0.0, Diff:  0.0, Sum:  0.0, Workers: 4
[115.398s][debug][gc,phases      ] GC(24)     Dead                           Min: 0, Avg:  0.0, Max: 0, Diff: 0, Sum: 0, Workers: 4
[115.398s][debug][gc,phases      ] GC(24)     Total                          Min: 0, Avg:  0.0, Max: 0, Diff: 0, Sum: 0, Workers: 4
[115.398s][debug][gc,phases      ] GC(24)   StringTable Weak               Min:  0.0, Avg:  0.2, Max:  0.2, Diff:  0.2, Sum:  0.7, Workers: 4
[115.398s][debug][gc,phases      ] GC(24)     Dead                           Min: 0, Avg:  0.0, Max: 0, Diff: 0, Sum: 0, Workers: 4
[115.398s][debug][gc,phases      ] GC(24)     Total                          Min: 0, Avg: 10977.5, Max: 15238, Diff: 15238, Sum: 43910, Workers: 4
[115.398s][debug][gc,phases      ] GC(24)   ResolvedMethodTable Weak       Min:  0.0, Avg:  0.0, Max:  0.1, Diff:  0.1, Sum:  0.2, Workers: 4
[115.398s][debug][gc,phases      ] GC(24)     Dead                           Min: 0, Avg:  0.0, Max: 0, Diff: 0, Sum: 0, Workers: 4
[115.398s][debug][gc,phases      ] GC(24)     Total                          Min: 0, Avg: 2683.2, Max: 4416, Diff: 4416, Sum: 10733, Workers: 4
[115.398s][debug][gc,phases      ] GC(24)   JNI Weak                       Min:  0.0, Avg:  0.0, Max:  0.0, Diff:  0.0, Sum:  0.0, Workers: 4
[115.398s][debug][gc,phases      ] GC(24)     Dead                           Min: 0, Avg:  0.0, Max: 0, Diff: 0, Sum: 0, Workers: 4
[115.398s][debug][gc,phases      ] GC(24)     Total                          Min: 0, Avg: 12.0, Max: 48, Diff: 48, Sum: 48, Workers: 4
[115.398s][debug][gc,phases      ] GC(24)   StringDedup Table Weak         Min:  0.0, Avg:  0.0, Max:  0.0, Diff:  0.0, Sum:  0.0, Workers: 4
[115.398s][debug][gc,phases      ] GC(24)     Dead                           Min: 0, Avg:  0.0, Max: 0, Diff: 0, Sum: 0, Workers: 4
[115.398s][debug][gc,phases      ] GC(24)     Total                          Min: 0, Avg:  0.0, Max: 0, Diff: 0, Sum: 0, Workers: 4
[115.398s][debug][gc,phases      ] GC(24)   StringDedup Requests0 Weak     Min:  0.0, Avg:  0.0, Max:  0.0, Diff:  0.0, Sum:  0.0, Workers: 4
[115.398s][debug][gc,phases      ] GC(24)     Dead                           Min: 0, Avg:  0.0, Max: 0, Diff: 0, Sum: 0, Workers: 4
[115.398s][debug][gc,phases      ] GC(24)     Total                          Min: 0, Avg:  0.0, Max: 0, Diff: 0, Sum: 0, Workers: 4
[115.398s][debug][gc,phases      ] GC(24)   StringDedup Requests1 Weak     Min:  0.0, Avg:  0.0, Max:  0.0, Diff:  0.0, Sum:  0.0, Workers: 4
[115.398s][debug][gc,phases      ] GC(24)     Dead                           Min: 0, Avg:  0.0, Max: 0, Diff: 0, Sum: 0, Workers: 4
[115.398s][debug][gc,phases      ] GC(24)     Total                          Min: 0, Avg:  0.0, Max: 0, Diff: 0, Sum: 0, Workers: 4
[115.398s][debug][gc,phases      ] GC(24)   Weak JFR Old Object Samples    Min:  0.0, Avg:  0.0, Max:  0.0, Diff:  0.0, Sum:  0.0, Workers: 4
[115.398s][debug][gc,phases      ] GC(24)     Dead                           Min: 0, Avg:  0.0, Max: 0, Diff: 0, Sum: 0, Workers: 4
[115.398s][debug][gc,phases      ] GC(24)     Total                          Min: 0, Avg:  0.0, Max: 0, Diff: 0, Sum: 0, Workers: 4
[115.398s][debug][gc,phases      ] GC(24) Weak Processing 0.555ms
[115.398s][debug][gc,phases      ] GC(24) ClassLoaderData 0.106ms
[115.398s][debug][gc,phases      ] GC(24) Trigger cleanups 0.000ms
[115.418s][debug][gc,phases      ] GC(24) Class Unloading 19.260ms
[115.418s][debug][gc,phases      ] GC(24) Report Object Count 0.001ms
[115.418s][info ][gc,phases      ] GC(24) Marking Phase 142.029ms
[115.418s][info ][gc,phases,start] GC(24) Summary Phase
[115.418s][info ][gc,phases      ] GC(24) Summary Phase 0.015ms
[115.418s][info ][gc,phases,start] GC(24) Adjust Roots
[115.432s][info ][gc,phases      ] GC(24) Adjust Roots 14.190ms
[115.432s][info ][gc,phases,start] GC(24) Compaction Phase
[115.655s][info ][gc,phases      ] GC(24) Compaction Phase 223.589ms
[115.655s][info ][gc,phases,start] GC(24) Post Compact
[115.659s][info ][gc,phases      ] GC(24) Post Compact 3.788ms
[115.659s][info ][gc,heap        ] GC(24) PSYoungGen: 249778K(1657856K)->200524K(1657856K) Eden: 0K(1233920K)->0K(1233920K) From: 249778K(423936K)->200524K(423936K)
[115.659s][info ][gc,heap        ] GC(24) ParOldGen: 195605K(238592K)->238512K(315904K)
[115.659s][info ][gc,metaspace   ] GC(24) Metaspace: 86585K(87680K)->86585K(87680K) NonClass: 73906K(74496K)->73906K(74496K) Class: 12678K(13184K)->12678K(13184K)
[115.659s][info ][gc             ] GC(24) Pause Full (Ergonomics) 434M->428M(1927M) 383.830ms
[115.659s][info ][gc,cpu         ] GC(24) User=1.23s Sys=0.02s Real=0.39s
[115.659s][info ][safepoint      ] Safepoint "ParallelGCFailedAllocation", Time since last: 508838660 ns, Reaching safepoint: 4400 ns, Cleanup: 7300 ns, At safepoint: 450332632 ns, Total: 450344332 ns
[116.660s][info ][safepoint      ] Safepoint "Cleanup", Time since last: 1000081605 ns, Reaching safepoint: 72799 ns, Cleanup: 71200 ns, At safepoint: 6300 ns, Total: 150299 ns
[117.660s][info ][safepoint      ] Safepoint "Cleanup", Time since last: 1000098205 ns, Reaching safepoint: 71600 ns, Cleanup: 17700 ns, At safepoint: 5300 ns, Total: 94600 ns
[118.660s][info ][safepoint      ] Safepoint "Cleanup", Time since last: 1000107605 ns, Reaching safepoint: 73100 ns, Cleanup: 25299 ns, At safepoint: 6100 ns, Total: 104499 ns
[119.660s][info ][safepoint      ] Safepoint "Cleanup", Time since last: 1000077705 ns, Reaching safepoint: 77700 ns, Cleanup: 8600 ns, At safepoint: 6700 ns, Total: 93000 ns
[121.079s][info ][safepoint      ] Safepoint "Cleanup", Time since last: 1418406920 ns, Reaching safepoint: 6000 ns, Cleanup: 50499 ns, At safepoint: 5200 ns, Total: 61699 ns
[122.079s][info ][safepoint      ] Safepoint "Cleanup", Time since last: 1000106005 ns, Reaching safepoint: 72400 ns, Cleanup: 10300 ns, At safepoint: 5600 ns, Total: 88300 ns
[123.079s][info ][safepoint      ] Safepoint "Cleanup", Time since last: 1000109966 ns, Reaching safepoint: 77900 ns, Cleanup: 15600 ns, At safepoint: 7300 ns, Total: 100800 ns
[123.354s][info ][gc,start       ] GC(25) Pause Young (Allocation Failure)
[123.429s][debug][gc,phases      ] GC(25) Scavenge 74.744ms
[123.429s][debug][gc,ref         ] GC(25) Skipped phase 1 of Reference Processing: no references
[123.429s][debug][gc,ref         ] GC(25) ReferenceProcessor::execute queues: 1, RefProcThreadModel::Single, marks_oops_alive: false
[123.429s][debug][gc,ref         ] GC(25) Skipped phase 3 of Reference Processing: no references
[123.429s][debug][gc,ref         ] GC(25) ReferenceProcessor::execute queues: 1, RefProcThreadModel::Single, marks_oops_alive: false
[123.429s][debug][gc,phases      ] GC(25) Reference Processing 0.117ms
[123.429s][debug][gc,phases      ] GC(25)   VM Weak                        Min:  0.0, Avg:  0.0, Max:  0.0, Diff:  0.0, Sum:  0.0, Workers: 4
[123.429s][debug][gc,phases      ] GC(25)     Dead                           Min: 0, Avg:  0.0, Max: 0, Diff: 0, Sum: 0, Workers: 4
[123.429s][debug][gc,phases      ] GC(25)     Total                          Min: 0, Avg: 224.5, Max: 448, Diff: 448, Sum: 898, Workers: 4
[123.429s][debug][gc,phases      ] GC(25)   ObjectSynchronizer Weak        Min:  0.0, Avg:  0.0, Max:  0.0, Diff:  0.0, Sum:  0.0, Workers: 4
[123.429s][debug][gc,phases      ] GC(25)     Dead                           Min: 0, Avg:  0.0, Max: 0, Diff: 0, Sum: 0, Workers: 4
[123.429s][debug][gc,phases      ] GC(25)     Total                          Min: 0, Avg:  1.5, Max: 6, Diff: 6, Sum: 6, Workers: 4
[123.429s][debug][gc,phases      ] GC(25)   JVMTI Tag Weak OopStorage      Min:  0.0, Avg:  0.0, Max:  0.0, Diff:  0.0, Sum:  0.0, Workers: 4
[123.429s][debug][gc,phases      ] GC(25)     Dead                           Min: 0, Avg:  0.0, Max: 0, Diff: 0, Sum: 0, Workers: 4
[123.429s][debug][gc,phases      ] GC(25)     Total                          Min: 0, Avg:  0.0, Max: 0, Diff: 0, Sum: 0, Workers: 4
[123.429s][debug][gc,phases      ] GC(25)   StringTable Weak               Min:  0.1, Avg:  0.1, Max:  0.2, Diff:  0.1, Sum:  0.5, Workers: 4
[123.429s][debug][gc,phases      ] GC(25)     Dead                           Min: 0, Avg:  0.0, Max: 0, Diff: 0, Sum: 0, Workers: 4
[123.429s][debug][gc,phases      ] GC(25)     Total                          Min: 4480, Avg: 10982.8, Max: 13440, Diff: 8960, Sum: 43931, Workers: 4
[123.429s][debug][gc,phases      ] GC(25)   ResolvedMethodTable Weak       Min:  0.0, Avg:  0.0, Max:  0.0, Diff:  0.0, Sum:  0.1, Workers: 4
[123.429s][debug][gc,phases      ] GC(25)     Dead                           Min: 0, Avg:  0.0, Max: 0, Diff: 0, Sum: 0, Workers: 4
[123.429s][debug][gc,phases      ] GC(25)     Total                          Min: 0, Avg: 2684.0, Max: 4480, Diff: 4480, Sum: 10736, Workers: 4
[123.429s][debug][gc,phases      ] GC(25)   JNI Weak                       Min:  0.0, Avg:  0.0, Max:  0.0, Diff:  0.0, Sum:  0.0, Workers: 4
[123.429s][debug][gc,phases      ] GC(25)     Dead                           Min: 0, Avg:  0.0, Max: 0, Diff: 0, Sum: 0, Workers: 4
[123.429s][debug][gc,phases      ] GC(25)     Total                          Min: 0, Avg: 12.0, Max: 48, Diff: 48, Sum: 48, Workers: 4
[123.429s][debug][gc,phases      ] GC(25)   StringDedup Table Weak         Min:  0.0, Avg:  0.0, Max:  0.0, Diff:  0.0, Sum:  0.0, Workers: 4
[123.429s][debug][gc,phases      ] GC(25)     Dead                           Min: 0, Avg:  0.0, Max: 0, Diff: 0, Sum: 0, Workers: 4
[123.429s][debug][gc,phases      ] GC(25)     Total                          Min: 0, Avg:  0.0, Max: 0, Diff: 0, Sum: 0, Workers: 4
[123.429s][debug][gc,phases      ] GC(25)   StringDedup Requests0 Weak     Min:  0.0, Avg:  0.0, Max:  0.0, Diff:  0.0, Sum:  0.0, Workers: 4
[123.429s][debug][gc,phases      ] GC(25)     Dead                           Min: 0, Avg:  0.0, Max: 0, Diff: 0, Sum: 0, Workers: 4
[123.429s][debug][gc,phases      ] GC(25)     Total                          Min: 0, Avg:  0.0, Max: 0, Diff: 0, Sum: 0, Workers: 4
[123.429s][debug][gc,phases      ] GC(25)   StringDedup Requests1 Weak     Min:  0.0, Avg:  0.0, Max:  0.0, Diff:  0.0, Sum:  0.0, Workers: 4
[123.429s][debug][gc,phases      ] GC(25)     Dead                           Min: 0, Avg:  0.0, Max: 0, Diff: 0, Sum: 0, Workers: 4
[123.429s][debug][gc,phases      ] GC(25)     Total                          Min: 0, Avg:  0.0, Max: 0, Diff: 0, Sum: 0, Workers: 4
[123.429s][debug][gc,phases      ] GC(25)   Weak JFR Old Object Samples    Min:  0.0, Avg:  0.0, Max:  0.0, Diff:  0.0, Sum:  0.0, Workers: 4
[123.429s][debug][gc,phases      ] GC(25)     Dead                           Min: 0, Avg:  0.0, Max: 0, Diff: 0, Sum: 0, Workers: 4
[123.429s][debug][gc,phases      ] GC(25)     Total                          Min: 0, Avg:  0.0, Max: 0, Diff: 0, Sum: 0, Workers: 4
[123.429s][debug][gc,phases      ] GC(25) Weak Processing 0.349ms
[123.429s][debug][gc,age         ] GC(25) Desired survivor size 424673280 bytes, new threshold 15 (max threshold 15)
[123.429s][info ][gc,heap        ] GC(25) PSYoungGen: 1434444K(1657856K)->180033K(1680896K) Eden: 1233920K(1233920K)->0K(1267712K) From: 200524K(423936K)->180033K(413184K)
[123.429s][info ][gc,heap        ] GC(25) ParOldGen: 238512K(315904K)->271336K(315904K)
[123.429s][info ][gc,metaspace   ] GC(25) Metaspace: 86635K(87744K)->86635K(87744K) NonClass: 73955K(74560K)->73955K(74560K) Class: 12679K(13184K)->12679K(13184K)
[123.429s][info ][gc             ] GC(25) Pause Young (Allocation Failure) 1633M->440M(1950M) 75.329ms
[123.429s][info ][gc,cpu         ] GC(25) User=0.25s Sys=0.01s Real=0.08s
[123.429s][debug][gc,phases      ] GC(26) Pre Compact 0.009ms
[123.429s][info ][gc,start       ] GC(26) Pause Full (Ergonomics)
[123.429s][info ][gc,phases,start] GC(26) Marking Phase
[123.573s][debug][gc,phases      ] GC(26) Par Mark 143.213ms
[123.573s][debug][gc,ref         ] GC(26) Skipped phase 1 of Reference Processing: no references
[123.573s][debug][gc,ref         ] GC(26) ReferenceProcessor::execute queues: 4, RefProcThreadModel::Multi, marks_oops_alive: false
[123.573s][debug][gc,ref         ] GC(26) Skipped phase 3 of Reference Processing: no references
[123.573s][debug][gc,ref         ] GC(26) ReferenceProcessor::execute queues: 1, RefProcThreadModel::Single, marks_oops_alive: false
[123.573s][debug][gc,phases      ] GC(26) Reference Processing 0.630ms
[123.573s][debug][gc,phases      ] GC(26)   VM Weak                        Min:  0.0, Avg:  0.0, Max:  0.0, Diff:  0.0, Sum:  0.0, Workers: 4
[123.574s][debug][gc,phases      ] GC(26)     Dead                           Min: 0, Avg:  0.0, Max: 0, Diff: 0, Sum: 0, Workers: 4
[123.574s][debug][gc,phases      ] GC(26)     Total                          Min: 66, Avg: 224.5, Max: 384, Diff: 318, Sum: 898, Workers: 4
[123.574s][debug][gc,phases      ] GC(26)   ObjectSynchronizer Weak        Min:  0.0, Avg:  0.0, Max:  0.0, Diff:  0.0, Sum:  0.0, Workers: 4
[123.574s][debug][gc,phases      ] GC(26)     Dead                           Min: 0, Avg:  0.0, Max: 0, Diff: 0, Sum: 0, Workers: 4
[123.574s][debug][gc,phases      ] GC(26)     Total                          Min: 0, Avg:  1.5, Max: 6, Diff: 6, Sum: 6, Workers: 4
[123.574s][debug][gc,phases      ] GC(26)   JVMTI Tag Weak OopStorage      Min:  0.0, Avg:  0.0, Max:  0.0, Diff:  0.0, Sum:  0.0, Workers: 4
[123.574s][debug][gc,phases      ] GC(26)     Dead                           Min: 0, Avg:  0.0, Max: 0, Diff: 0, Sum: 0, Workers: 4
[123.574s][debug][gc,phases      ] GC(26)     Total                          Min: 0, Avg:  0.0, Max: 0, Diff: 0, Sum: 0, Workers: 4
[123.574s][debug][gc,phases      ] GC(26)   StringTable Weak               Min:  0.2, Avg:  0.2, Max:  0.2, Diff:  0.0, Sum:  0.6, Workers: 4
[123.574s][debug][gc,phases      ] GC(26)     Dead                           Min: 0, Avg:  0.0, Max: 0, Diff: 0, Sum: 0, Workers: 4
[123.574s][debug][gc,phases      ] GC(26)     Total                          Min: 9984, Avg: 10982.8, Max: 11648, Diff: 1664, Sum: 43931, Workers: 4
[123.574s][debug][gc,phases      ] GC(26)   ResolvedMethodTable Weak       Min:  0.0, Avg:  0.0, Max:  0.0, Diff:  0.0, Sum:  0.2, Workers: 4
[123.574s][debug][gc,phases      ] GC(26)     Dead                           Min: 0, Avg:  0.0, Max: 0, Diff: 0, Sum: 0, Workers: 4
[123.574s][debug][gc,phases      ] GC(26)     Total                          Min: 1920, Avg: 2684.0, Max: 3200, Diff: 1280, Sum: 10736, Workers: 4
[123.574s][debug][gc,phases      ] GC(26)   JNI Weak                       Min:  0.0, Avg:  0.0, Max:  0.0, Diff:  0.0, Sum:  0.0, Workers: 4
[123.574s][debug][gc,phases      ] GC(26)     Dead                           Min: 0, Avg:  0.0, Max: 0, Diff: 0, Sum: 0, Workers: 4
[123.574s][debug][gc,phases      ] GC(26)     Total                          Min: 0, Avg: 12.0, Max: 48, Diff: 48, Sum: 48, Workers: 4
[123.574s][debug][gc,phases      ] GC(26)   StringDedup Table Weak         Min:  0.0, Avg:  0.0, Max:  0.0, Diff:  0.0, Sum:  0.0, Workers: 4
[123.574s][debug][gc,phases      ] GC(26)     Dead                           Min: 0, Avg:  0.0, Max: 0, Diff: 0, Sum: 0, Workers: 4
[123.574s][debug][gc,phases      ] GC(26)     Total                          Min: 0, Avg:  0.0, Max: 0, Diff: 0, Sum: 0, Workers: 4
[123.574s][debug][gc,phases      ] GC(26)   StringDedup Requests0 Weak     Min:  0.0, Avg:  0.0, Max:  0.0, Diff:  0.0, Sum:  0.0, Workers: 4
[123.574s][debug][gc,phases      ] GC(26)     Dead                           Min: 0, Avg:  0.0, Max: 0, Diff: 0, Sum: 0, Workers: 4
[123.574s][debug][gc,phases      ] GC(26)     Total                          Min: 0, Avg:  0.0, Max: 0, Diff: 0, Sum: 0, Workers: 4
[123.574s][debug][gc,phases      ] GC(26)   StringDedup Requests1 Weak     Min:  0.0, Avg:  0.0, Max:  0.0, Diff:  0.0, Sum:  0.0, Workers: 4
[123.574s][debug][gc,phases      ] GC(26)     Dead                           Min: 0, Avg:  0.0, Max: 0, Diff: 0, Sum: 0, Workers: 4
[123.574s][debug][gc,phases      ] GC(26)     Total                          Min: 0, Avg:  0.0, Max: 0, Diff: 0, Sum: 0, Workers: 4
[123.574s][debug][gc,phases      ] GC(26)   Weak JFR Old Object Samples    Min:  0.0, Avg:  0.0, Max:  0.0, Diff:  0.0, Sum:  0.0, Workers: 4
[123.574s][debug][gc,phases      ] GC(26)     Dead                           Min: 0, Avg:  0.0, Max: 0, Diff: 0, Sum: 0, Workers: 4
[123.574s][debug][gc,phases      ] GC(26)     Total                          Min: 0, Avg:  0.0, Max: 0, Diff: 0, Sum: 0, Workers: 4
[123.574s][debug][gc,phases      ] GC(26) Weak Processing 0.366ms
[123.574s][debug][gc,phases      ] GC(26) ClassLoaderData 0.116ms
[123.574s][debug][gc,phases      ] GC(26) Trigger cleanups 0.000ms
[123.593s][debug][gc,phases      ] GC(26) Class Unloading 18.923ms
[123.593s][debug][gc,phases      ] GC(26) Report Object Count 0.001ms
[123.593s][info ][gc,phases      ] GC(26) Marking Phase 163.437ms
[123.593s][info ][gc,phases,start] GC(26) Summary Phase
[123.593s][info ][gc,phases      ] GC(26) Summary Phase 0.022ms
[123.593s][info ][gc,phases,start] GC(26) Adjust Roots
[123.608s][info ][gc,phases      ] GC(26) Adjust Roots 15.405ms
[123.608s][info ][gc,phases,start] GC(26) Compaction Phase
[123.793s][info ][gc,phases      ] GC(26) Compaction Phase 184.856ms
[123.793s][info ][gc,phases,start] GC(26) Post Compact
[123.796s][info ][gc,phases      ] GC(26) Post Compact 2.952ms
[123.796s][info ][gc,heap        ] GC(26) PSYoungGen: 180033K(1680896K)->125480K(1680896K) Eden: 0K(1267712K)->0K(1267712K) From: 180033K(413184K)->125480K(413184K)
[123.796s][info ][gc,heap        ] GC(26) ParOldGen: 271336K(315904K)->315719K(411136K)
[123.796s][info ][gc,metaspace   ] GC(26) Metaspace: 86635K(87744K)->86635K(87744K) NonClass: 73955K(74560K)->73955K(74560K) Class: 12679K(13184K)->12679K(13184K)
[123.796s][info ][gc             ] GC(26) Pause Full (Ergonomics) 440M->430M(2043M) 366.949ms
[123.796s][info ][gc,cpu         ] GC(26) User=1.11s Sys=0.01s Real=0.36s
[123.796s][info ][safepoint      ] Safepoint "ParallelGCFailedAllocation", Time since last: 274603570 ns, Reaching safepoint: 15300 ns, Cleanup: 10700 ns, At safepoint: 442593407 ns, Total: 442619407 ns
[124.796s][info ][safepoint      ] Safepoint "Cleanup", Time since last: 1000104034 ns, Reaching safepoint: 5900 ns, Cleanup: 19300 ns, At safepoint: 7700 ns, Total: 32900 ns
[125.797s][info ][safepoint      ] Safepoint "Cleanup", Time since last: 1000130334 ns, Reaching safepoint: 4300 ns, Cleanup: 7300 ns, At safepoint: 1600 ns, Total: 13200 ns
[127.797s][info ][safepoint      ] Safepoint "Cleanup", Time since last: 2000171769 ns, Reaching safepoint: 71800 ns, Cleanup: 49000 ns, At safepoint: 5800 ns, Total: 126600 ns
[128.797s][info ][safepoint      ] Safepoint "Cleanup", Time since last: 1000133292 ns, Reaching safepoint: 80700 ns, Cleanup: 8300 ns, At safepoint: 8100 ns, Total: 97100 ns
[129.797s][info ][safepoint      ] Safepoint "Cleanup", Time since last: 1000118093 ns, Reaching safepoint: 74900 ns, Cleanup: 28600 ns, At safepoint: 5800 ns, Total: 109300 ns
[130.798s][info ][safepoint      ] Safepoint "Cleanup", Time since last: 1000117092 ns, Reaching safepoint: 83900 ns, Cleanup: 20200 ns, At safepoint: 8300 ns, Total: 112400 ns
[131.400s][info ][gc,start       ] GC(27) Pause Young (Allocation Failure)
[131.475s][debug][gc,phases      ] GC(27) Scavenge 74.433ms
[131.475s][debug][gc,ref         ] GC(27) Skipped phase 1 of Reference Processing: no references
[131.475s][debug][gc,ref         ] GC(27) ReferenceProcessor::execute queues: 1, RefProcThreadModel::Single, marks_oops_alive: false
[131.475s][debug][gc,ref         ] GC(27) Skipped phase 3 of Reference Processing: no references
[131.475s][debug][gc,ref         ] GC(27) ReferenceProcessor::execute queues: 1, RefProcThreadModel::Single, marks_oops_alive: false
[131.475s][debug][gc,phases      ] GC(27) Reference Processing 0.102ms
[131.475s][debug][gc,phases      ] GC(27)   VM Weak                        Min:  0.0, Avg:  0.0, Max:  0.0, Diff:  0.0, Sum:  0.0, Workers: 4
[131.475s][debug][gc,phases      ] GC(27)     Dead                           Min: 0, Avg:  0.0, Max: 0, Diff: 0, Sum: 0, Workers: 4
[131.475s][debug][gc,phases      ] GC(27)     Total                          Min: 0, Avg: 224.5, Max: 512, Diff: 512, Sum: 898, Workers: 4
[131.475s][debug][gc,phases      ] GC(27)   ObjectSynchronizer Weak        Min:  0.0, Avg:  0.0, Max:  0.0, Diff:  0.0, Sum:  0.0, Workers: 4
[131.475s][debug][gc,phases      ] GC(27)     Dead                           Min: 0, Avg:  0.0, Max: 0, Diff: 0, Sum: 0, Workers: 4
[131.475s][debug][gc,phases      ] GC(27)     Total                          Min: 0, Avg:  2.0, Max: 8, Diff: 8, Sum: 8, Workers: 4
[131.475s][debug][gc,phases      ] GC(27)   JVMTI Tag Weak OopStorage      Min:  0.0, Avg:  0.0, Max:  0.0, Diff:  0.0, Sum:  0.0, Workers: 4
[131.475s][debug][gc,phases      ] GC(27)     Dead                           Min: 0, Avg:  0.0, Max: 0, Diff: 0, Sum: 0, Workers: 4
[131.475s][debug][gc,phases      ] GC(27)     Total                          Min: 0, Avg:  0.0, Max: 0, Diff: 0, Sum: 0, Workers: 4
[131.475s][debug][gc,phases      ] GC(27)   StringTable Weak               Min:  0.1, Avg:  0.1, Max:  0.1, Diff:  0.0, Sum:  0.4, Workers: 4
[131.475s][debug][gc,phases      ] GC(27)     Dead                           Min: 0, Avg:  0.2, Max: 1, Diff: 1, Sum: 1, Workers: 4
[131.475s][debug][gc,phases      ] GC(27)     Total                          Min: 9984, Avg: 10986.2, Max: 11712, Diff: 1728, Sum: 43945, Workers: 4
[131.475s][debug][gc,phases      ] GC(27)   ResolvedMethodTable Weak       Min:  0.0, Avg:  0.0, Max:  0.0, Diff:  0.0, Sum:  0.1, Workers: 4
[131.475s][debug][gc,phases      ] GC(27)     Dead                           Min: 0, Avg:  4.5, Max: 13, Diff: 13, Sum: 18, Workers: 4
[131.475s][debug][gc,phases      ] GC(27)     Total                          Min: 2490, Avg: 2686.2, Max: 3008, Diff: 518, Sum: 10745, Workers: 4
[131.475s][debug][gc,phases      ] GC(27)   JNI Weak                       Min:  0.0, Avg:  0.0, Max:  0.0, Diff:  0.0, Sum:  0.0, Workers: 4
[131.475s][debug][gc,phases      ] GC(27)     Dead                           Min: 0, Avg:  0.0, Max: 0, Diff: 0, Sum: 0, Workers: 4
[131.475s][debug][gc,phases      ] GC(27)     Total                          Min: 0, Avg: 12.0, Max: 48, Diff: 48, Sum: 48, Workers: 4
[131.475s][debug][gc,phases      ] GC(27)   StringDedup Table Weak         Min:  0.0, Avg:  0.0, Max:  0.0, Diff:  0.0, Sum:  0.0, Workers: 4
[131.475s][debug][gc,phases      ] GC(27)     Dead                           Min: 0, Avg:  0.0, Max: 0, Diff: 0, Sum: 0, Workers: 4
[131.475s][debug][gc,phases      ] GC(27)     Total                          Min: 0, Avg:  0.0, Max: 0, Diff: 0, Sum: 0, Workers: 4
[131.475s][debug][gc,phases      ] GC(27)   StringDedup Requests0 Weak     Min:  0.0, Avg:  0.0, Max:  0.0, Diff:  0.0, Sum:  0.0, Workers: 4
[131.475s][debug][gc,phases      ] GC(27)     Dead                           Min: 0, Avg:  0.0, Max: 0, Diff: 0, Sum: 0, Workers: 4
[131.475s][debug][gc,phases      ] GC(27)     Total                          Min: 0, Avg:  0.0, Max: 0, Diff: 0, Sum: 0, Workers: 4
[131.475s][debug][gc,phases      ] GC(27)   StringDedup Requests1 Weak     Min:  0.0, Avg:  0.0, Max:  0.0, Diff:  0.0, Sum:  0.0, Workers: 4
[131.475s][debug][gc,phases      ] GC(27)     Dead                           Min: 0, Avg:  0.0, Max: 0, Diff: 0, Sum: 0, Workers: 4
[131.475s][debug][gc,phases      ] GC(27)     Total                          Min: 0, Avg:  0.0, Max: 0, Diff: 0, Sum: 0, Workers: 4
[131.475s][debug][gc,phases      ] GC(27)   Weak JFR Old Object Samples    Min:  0.0, Avg:  0.0, Max:  0.0, Diff:  0.0, Sum:  0.0, Workers: 4
[131.475s][debug][gc,phases      ] GC(27)     Dead                           Min: 0, Avg:  0.0, Max: 0, Diff: 0, Sum: 0, Workers: 4
[131.475s][debug][gc,phases      ] GC(27)     Total                          Min: 0, Avg:  0.0, Max: 0, Diff: 0, Sum: 0, Workers: 4
[131.475s][debug][gc,phases      ] GC(27) Weak Processing 0.311ms
[131.475s][debug][gc,age         ] GC(27) Desired survivor size 439877632 bytes, new threshold 15 (max threshold 15)
[131.475s][info ][gc,heap        ] GC(27) PSYoungGen: 1393192K(1680896K)->86065K(1354240K) Eden: 1267712K(1267712K)->0K(1267712K) From: 125480K(413184K)->86065K(86528K)
[131.475s][info ][gc,heap        ] GC(27) ParOldGen: 315719K(411136K)->356719K(411136K)
[131.475s][info ][gc,metaspace   ] GC(27) Metaspace: 86688K(87744K)->86688K(87744K) NonClass: 74006K(74560K)->74006K(74560K) Class: 12682K(13184K)->12682K(13184K)
[131.475s][info ][gc             ] GC(27) Pause Young (Allocation Failure) 1668M->432M(1724M) 74.967ms
[131.475s][info ][gc,cpu         ] GC(27) User=0.23s Sys=0.02s Real=0.07s
[131.475s][debug][gc,phases      ] GC(28) Pre Compact 0.008ms
[131.475s][info ][gc,start       ] GC(28) Pause Full (Ergonomics)
[131.475s][info ][gc,phases,start] GC(28) Marking Phase
[131.594s][debug][gc,phases      ] GC(28) Par Mark 118.443ms
[131.594s][debug][gc,ref         ] GC(28) Skipped phase 1 of Reference Processing: no references
[131.594s][debug][gc,ref         ] GC(28) ReferenceProcessor::execute queues: 4, RefProcThreadModel::Multi, marks_oops_alive: false
[131.595s][debug][gc,ref         ] GC(28) Skipped phase 3 of Reference Processing: no references
[131.595s][debug][gc,ref         ] GC(28) ReferenceProcessor::execute queues: 1, RefProcThreadModel::Single, marks_oops_alive: false
[131.595s][debug][gc,phases      ] GC(28) Reference Processing 0.868ms
[131.595s][debug][gc,phases      ] GC(28)   VM Weak                        Min:  0.0, Avg:  0.0, Max:  0.0, Diff:  0.0, Sum:  0.0, Workers: 4
[131.595s][debug][gc,phases      ] GC(28)     Dead                           Min: 0, Avg:  0.0, Max: 0, Diff: 0, Sum: 0, Workers: 4
[131.595s][debug][gc,phases      ] GC(28)     Total                          Min: 0, Avg: 224.5, Max: 448, Diff: 448, Sum: 898, Workers: 4
[131.595s][debug][gc,phases      ] GC(28)   ObjectSynchronizer Weak        Min:  0.0, Avg:  0.0, Max:  0.0, Diff:  0.0, Sum:  0.0, Workers: 4
[131.595s][debug][gc,phases      ] GC(28)     Dead                           Min: 0, Avg:  0.0, Max: 0, Diff: 0, Sum: 0, Workers: 4
[131.595s][debug][gc,phases      ] GC(28)     Total                          Min: 0, Avg:  2.0, Max: 8, Diff: 8, Sum: 8, Workers: 4
[131.595s][debug][gc,phases      ] GC(28)   JVMTI Tag Weak OopStorage      Min:  0.0, Avg:  0.0, Max:  0.0, Diff:  0.0, Sum:  0.0, Workers: 4
[131.595s][debug][gc,phases      ] GC(28)     Dead                           Min: 0, Avg:  0.0, Max: 0, Diff: 0, Sum: 0, Workers: 4
[131.595s][debug][gc,phases      ] GC(28)     Total                          Min: 0, Avg:  0.0, Max: 0, Diff: 0, Sum: 0, Workers: 4
[131.595s][debug][gc,phases      ] GC(28)   StringTable Weak               Min:  0.0, Avg:  0.2, Max:  0.2, Diff:  0.2, Sum:  0.6, Workers: 4
[131.595s][debug][gc,phases      ] GC(28)     Dead                           Min: 0, Avg:  0.0, Max: 0, Diff: 0, Sum: 0, Workers: 4
[131.595s][debug][gc,phases      ] GC(28)     Total                          Min: 0, Avg: 10986.2, Max: 15104, Diff: 15104, Sum: 43945, Workers: 4
[131.595s][debug][gc,phases      ] GC(28)   ResolvedMethodTable Weak       Min:  0.0, Avg:  0.0, Max:  0.0, Diff:  0.0, Sum:  0.1, Workers: 4
[131.595s][debug][gc,phases      ] GC(28)     Dead                           Min: 0, Avg:  0.0, Max: 0, Diff: 0, Sum: 0, Workers: 4
[131.595s][debug][gc,phases      ] GC(28)     Total                          Min: 0, Avg: 2686.2, Max: 3904, Diff: 3904, Sum: 10745, Workers: 4
[131.595s][debug][gc,phases      ] GC(28)   JNI Weak                       Min:  0.0, Avg:  0.0, Max:  0.0, Diff:  0.0, Sum:  0.0, Workers: 4
[131.595s][debug][gc,phases      ] GC(28)     Dead                           Min: 0, Avg:  0.0, Max: 0, Diff: 0, Sum: 0, Workers: 4
[131.595s][debug][gc,phases      ] GC(28)     Total                          Min: 0, Avg: 12.0, Max: 48, Diff: 48, Sum: 48, Workers: 4
[131.595s][debug][gc,phases      ] GC(28)   StringDedup Table Weak         Min:  0.0, Avg:  0.0, Max:  0.0, Diff:  0.0, Sum:  0.0, Workers: 4
[131.595s][debug][gc,phases      ] GC(28)     Dead                           Min: 0, Avg:  0.0, Max: 0, Diff: 0, Sum: 0, Workers: 4
[131.595s][debug][gc,phases      ] GC(28)     Total                          Min: 0, Avg:  0.0, Max: 0, Diff: 0, Sum: 0, Workers: 4
[131.595s][debug][gc,phases      ] GC(28)   StringDedup Requests0 Weak     Min:  0.0, Avg:  0.0, Max:  0.0, Diff:  0.0, Sum:  0.0, Workers: 4
[131.595s][debug][gc,phases      ] GC(28)     Dead                           Min: 0, Avg:  0.0, Max: 0, Diff: 0, Sum: 0, Workers: 4
[131.595s][debug][gc,phases      ] GC(28)     Total                          Min: 0, Avg:  0.0, Max: 0, Diff: 0, Sum: 0, Workers: 4
[131.595s][debug][gc,phases      ] GC(28)   StringDedup Requests1 Weak     Min:  0.0, Avg:  0.0, Max:  0.0, Diff:  0.0, Sum:  0.0, Workers: 4
[131.595s][debug][gc,phases      ] GC(28)     Dead                           Min: 0, Avg:  0.0, Max: 0, Diff: 0, Sum: 0, Workers: 4
[131.595s][debug][gc,phases      ] GC(28)     Total                          Min: 0, Avg:  0.0, Max: 0, Diff: 0, Sum: 0, Workers: 4
[131.595s][debug][gc,phases      ] GC(28)   Weak JFR Old Object Samples    Min:  0.0, Avg:  0.0, Max:  0.0, Diff:  0.0, Sum:  0.0, Workers: 4
[131.595s][debug][gc,phases      ] GC(28)     Dead                           Min: 0, Avg:  0.0, Max: 0, Diff: 0, Sum: 0, Workers: 4
[131.595s][debug][gc,phases      ] GC(28)     Total                          Min: 0, Avg:  0.0, Max: 0, Diff: 0, Sum: 0, Workers: 4
[131.595s][debug][gc,phases      ] GC(28) Weak Processing 0.425ms
[131.595s][debug][gc,phases      ] GC(28) ClassLoaderData 0.109ms
[131.595s][debug][gc,phases      ] GC(28) Trigger cleanups 0.000ms
[131.614s][debug][gc,phases      ] GC(28) Class Unloading 18.337ms
[131.614s][debug][gc,phases      ] GC(28) Report Object Count 0.001ms
[131.614s][info ][gc,phases      ] GC(28) Marking Phase 138.257ms
[131.614s][info ][gc,phases,start] GC(28) Summary Phase
[131.614s][info ][gc,phases      ] GC(28) Summary Phase 0.018ms
[131.614s][info ][gc,phases,start] GC(28) Adjust Roots
[131.625s][info ][gc,phases      ] GC(28) Adjust Roots 11.425ms
[131.625s][info ][gc,phases,start] GC(28) Compaction Phase
[131.788s][info ][gc,phases      ] GC(28) Compaction Phase 163.098ms
[131.788s][info ][gc,phases,start] GC(28) Post Compact
[131.793s][info ][gc,phases      ] GC(28) Post Compact 5.221ms
[131.794s][info ][gc,heap        ] GC(28) PSYoungGen: 86065K(1354240K)->27251K(1354240K) Eden: 0K(1267712K)->0K(1267712K) From: 86065K(86528K)->27251K(86528K)
[131.794s][info ][gc,heap        ] GC(28) ParOldGen: 356719K(411136K)->410678K(526336K)
[131.794s][info ][gc,metaspace   ] GC(28) Metaspace: 86688K(87744K)->86688K(87744K) NonClass: 74006K(74560K)->74006K(74560K) Class: 12682K(13184K)->12682K(13184K)
[131.794s][info ][gc             ] GC(28) Pause Full (Ergonomics) 432M->427M(1836M) 318.291ms
[131.794s][info ][gc,cpu         ] GC(28) User=1.04s Sys=0.02s Real=0.32s
[131.794s][info ][safepoint      ] Safepoint "ParallelGCFailedAllocation", Time since last: 602669580 ns, Reaching safepoint: 83999 ns, Cleanup: 8600 ns, At safepoint: 393379929 ns, Total: 393472528 ns
[132.794s][info ][safepoint      ] Safepoint "Cleanup", Time since last: 1000082860 ns, Reaching safepoint: 234499 ns, Cleanup: 27600 ns, At safepoint: 12500 ns, Total: 274599 ns
[133.794s][info ][safepoint      ] Safepoint "Cleanup", Time since last: 1000095959 ns, Reaching safepoint: 4500 ns, Cleanup: 8800 ns, At safepoint: 1800 ns, Total: 15100 ns
[134.794s][info ][safepoint      ] Safepoint "Cleanup", Time since last: 1000104960 ns, Reaching safepoint: 6700 ns, Cleanup: 27400 ns, At safepoint: 2500 ns, Total: 36600 ns
[135.794s][info ][safepoint      ] Safepoint "Cleanup", Time since last: 1000098360 ns, Reaching safepoint: 4800 ns, Cleanup: 19900 ns, At safepoint: 1800 ns, Total: 26500 ns
[136.795s][info ][safepoint      ] Safepoint "Cleanup", Time since last: 1000110789 ns, Reaching safepoint: 6500 ns, Cleanup: 30900 ns, At safepoint: 6000 ns, Total: 43400 ns
[137.795s][info ][safepoint      ] Safepoint "Cleanup", Time since last: 1000081510 ns, Reaching safepoint: 5600 ns, Cleanup: 11800 ns, At safepoint: 1800 ns, Total: 19200 ns
[138.795s][info ][safepoint      ] Safepoint "Cleanup", Time since last: 1000112110 ns, Reaching safepoint: 6000 ns, Cleanup: 10500 ns, At safepoint: 2700 ns, Total: 19200 ns
[139.049s][info ][gc,start       ] GC(29) Pause Young (Allocation Failure)
[139.104s][debug][gc,phases      ] GC(29) Scavenge 54.778ms
[139.104s][debug][gc,ref         ] GC(29) Skipped phase 1 of Reference Processing: no references
[139.104s][debug][gc,ref         ] GC(29) ReferenceProcessor::execute queues: 1, RefProcThreadModel::Single, marks_oops_alive: false
[139.104s][debug][gc,ref         ] GC(29) Skipped phase 3 of Reference Processing: no references
[139.104s][debug][gc,ref         ] GC(29) ReferenceProcessor::execute queues: 1, RefProcThreadModel::Single, marks_oops_alive: false
[139.104s][debug][gc,phases      ] GC(29) Reference Processing 0.097ms
[139.104s][debug][gc,phases      ] GC(29)   VM Weak                        Min:  0.0, Avg:  0.0, Max:  0.0, Diff:  0.0, Sum:  0.0, Workers: 4
[139.104s][debug][gc,phases      ] GC(29)     Dead                           Min: 0, Avg:  0.0, Max: 0, Diff: 0, Sum: 0, Workers: 4
[139.104s][debug][gc,phases      ] GC(29)     Total                          Min: 0, Avg: 225.5, Max: 896, Diff: 896, Sum: 902, Workers: 4
[139.104s][debug][gc,phases      ] GC(29)   ObjectSynchronizer Weak        Min:  0.0, Avg:  0.0, Max:  0.0, Diff:  0.0, Sum:  0.0, Workers: 4
[139.104s][debug][gc,phases      ] GC(29)     Dead                           Min: 0, Avg:  0.0, Max: 0, Diff: 0, Sum: 0, Workers: 4
[139.104s][debug][gc,phases      ] GC(29)     Total                          Min: 0, Avg:  2.0, Max: 8, Diff: 8, Sum: 8, Workers: 4
[139.104s][debug][gc,phases      ] GC(29)   JVMTI Tag Weak OopStorage      Min:  0.0, Avg:  0.0, Max:  0.0, Diff:  0.0, Sum:  0.0, Workers: 4
[139.104s][debug][gc,phases      ] GC(29)     Dead                           Min: 0, Avg:  0.0, Max: 0, Diff: 0, Sum: 0, Workers: 4
[139.104s][debug][gc,phases      ] GC(29)     Total                          Min: 0, Avg:  0.0, Max: 0, Diff: 0, Sum: 0, Workers: 4
[139.104s][debug][gc,phases      ] GC(29)   StringTable Weak               Min:  0.0, Avg:  0.1, Max:  0.1, Diff:  0.1, Sum:  0.4, Workers: 4
[139.104s][debug][gc,phases      ] GC(29)     Dead                           Min: 0, Avg:  0.0, Max: 0, Diff: 0, Sum: 0, Workers: 4
[139.104s][debug][gc,phases      ] GC(29)     Total                          Min: 0, Avg: 10989.8, Max: 19840, Diff: 19840, Sum: 43959, Workers: 4
[139.104s][debug][gc,phases      ] GC(29)   ResolvedMethodTable Weak       Min:  0.0, Avg:  0.0, Max:  0.0, Diff:  0.0, Sum:  0.1, Workers: 4
[139.104s][debug][gc,phases      ] GC(29)     Dead                           Min: 0, Avg:  0.0, Max: 0, Diff: 0, Sum: 0, Workers: 4
[139.104s][debug][gc,phases      ] GC(29)     Total                          Min: 0, Avg: 2690.2, Max: 3840, Diff: 3840, Sum: 10761, Workers: 4
[139.104s][debug][gc,phases      ] GC(29)   JNI Weak                       Min:  0.0, Avg:  0.0, Max:  0.0, Diff:  0.0, Sum:  0.0, Workers: 4
[139.104s][debug][gc,phases      ] GC(29)     Dead                           Min: 0, Avg:  0.0, Max: 0, Diff: 0, Sum: 0, Workers: 4
[139.104s][debug][gc,phases      ] GC(29)     Total                          Min: 0, Avg: 12.0, Max: 48, Diff: 48, Sum: 48, Workers: 4
[139.104s][debug][gc,phases      ] GC(29)   StringDedup Table Weak         Min:  0.0, Avg:  0.0, Max:  0.0, Diff:  0.0, Sum:  0.0, Workers: 4
[139.104s][debug][gc,phases      ] GC(29)     Dead                           Min: 0, Avg:  0.0, Max: 0, Diff: 0, Sum: 0, Workers: 4
[139.104s][debug][gc,phases      ] GC(29)     Total                          Min: 0, Avg:  0.0, Max: 0, Diff: 0, Sum: 0, Workers: 4
[139.104s][debug][gc,phases      ] GC(29)   StringDedup Requests0 Weak     Min:  0.0, Avg:  0.0, Max:  0.0, Diff:  0.0, Sum:  0.0, Workers: 4
[139.104s][debug][gc,phases      ] GC(29)     Dead                           Min: 0, Avg:  0.0, Max: 0, Diff: 0, Sum: 0, Workers: 4
[139.104s][debug][gc,phases      ] GC(29)     Total                          Min: 0, Avg:  0.0, Max: 0, Diff: 0, Sum: 0, Workers: 4
[139.104s][debug][gc,phases      ] GC(29)   StringDedup Requests1 Weak     Min:  0.0, Avg:  0.0, Max:  0.0, Diff:  0.0, Sum:  0.0, Workers: 4
[139.104s][debug][gc,phases      ] GC(29)     Dead                           Min: 0, Avg:  0.0, Max: 0, Diff: 0, Sum: 0, Workers: 4
[139.104s][debug][gc,phases      ] GC(29)     Total                          Min: 0, Avg:  0.0, Max: 0, Diff: 0, Sum: 0, Workers: 4
[139.104s][debug][gc,phases      ] GC(29)   Weak JFR Old Object Samples    Min:  0.0, Avg:  0.0, Max:  0.0, Diff:  0.0, Sum:  0.0, Workers: 4
[139.104s][debug][gc,phases      ] GC(29)     Dead                           Min: 0, Avg:  0.0, Max: 0, Diff: 0, Sum: 0, Workers: 4
[139.104s][debug][gc,phases      ] GC(29)     Total                          Min: 0, Avg:  0.0, Max: 0, Diff: 0, Sum: 0, Workers: 4
[139.104s][debug][gc,phases      ] GC(29) Weak Processing 0.338ms
[139.104s][debug][gc,age         ] GC(29) Desired survivor size 458752000 bytes, new threshold 15 (max threshold 15)
[139.104s][info ][gc,heap        ] GC(29) PSYoungGen: 1294963K(1354240K)->29696K(1630720K) Eden: 1267712K(1267712K)->0K(1201152K) From: 27251K(86528K)->29696K(429568K)
[139.104s][info ][gc,heap        ] GC(29) ParOldGen: 410678K(526336K)->424974K(526336K)
[139.104s][info ][gc,metaspace   ] GC(29) Metaspace: 86722K(87808K)->86722K(87808K) NonClass: 74035K(74624K)->74035K(74624K) Class: 12686K(13184K)->12686K(13184K)
[139.104s][info ][gc             ] GC(29) Pause Young (Allocation Failure) 1665M->444M(2106M) 55.343ms
[139.104s][info ][gc,cpu         ] GC(29) User=0.19s Sys=0.00s Real=0.05s
[139.104s][info ][safepoint      ] Safepoint "ParallelGCFailedAllocation", Time since last: 253939262 ns, Reaching safepoint: 75200 ns, Cleanup: 3700 ns, At safepoint: 55413739 ns, Total: 55492639 ns
[140.104s][info ][safepoint      ] Safepoint "Cleanup", Time since last: 1000075791 ns, Reaching safepoint: 72100 ns, Cleanup: 10000 ns, At safepoint: 5700 ns, Total: 87800 ns
[141.105s][info ][safepoint      ] Safepoint "Cleanup", Time since last: 1000112291 ns, Reaching safepoint: 85300 ns, Cleanup: 25700 ns, At safepoint: 9300 ns, Total: 120300 ns
[142.598s][info ][safepoint      ] Safepoint "Cleanup", Time since last: 1493363056 ns, Reaching safepoint: 80800 ns, Cleanup: 32200 ns, At safepoint: 8800 ns, Total: 121800 ns
[143.598s][info ][safepoint      ] Safepoint "Cleanup", Time since last: 1000126991 ns, Reaching safepoint: 75799 ns, Cleanup: 9500 ns, At safepoint: 9300 ns, Total: 94599 ns
[144.599s][info ][safepoint      ] Safepoint "Cleanup", Time since last: 1000126291 ns, Reaching safepoint: 84800 ns, Cleanup: 9200 ns, At safepoint: 9300 ns, Total: 103300 ns
[145.599s][info ][safepoint      ] Safepoint "Cleanup", Time since last: 1000112291 ns, Reaching safepoint: 74200 ns, Cleanup: 25100 ns, At safepoint: 5800 ns, Total: 105100 ns
[146.599s][info ][gc,start       ] GC(30) Pause Young (Allocation Failure)
[146.609s][debug][gc,phases      ] GC(30) Scavenge 9.713ms
[146.609s][debug][gc,ref         ] GC(30) Skipped phase 1 of Reference Processing: no references
[146.609s][debug][gc,ref         ] GC(30) ReferenceProcessor::execute queues: 1, RefProcThreadModel::Single, marks_oops_alive: false
[146.609s][debug][gc,ref         ] GC(30) Skipped phase 3 of Reference Processing: no references
[146.609s][debug][gc,ref         ] GC(30) ReferenceProcessor::execute queues: 1, RefProcThreadModel::Single, marks_oops_alive: false
[146.609s][debug][gc,phases      ] GC(30) Reference Processing 0.101ms
[146.609s][debug][gc,phases      ] GC(30)   VM Weak                        Min:  0.0, Avg:  0.0, Max:  0.0, Diff:  0.0, Sum:  0.0, Workers: 4
[146.609s][debug][gc,phases      ] GC(30)     Dead                           Min: 0, Avg:  0.0, Max: 0, Diff: 0, Sum: 0, Workers: 4
[146.609s][debug][gc,phases      ] GC(30)     Total                          Min: 0, Avg: 225.5, Max: 774, Diff: 774, Sum: 902, Workers: 4
[146.609s][debug][gc,phases      ] GC(30)   ObjectSynchronizer Weak        Min:  0.0, Avg:  0.0, Max:  0.0, Diff:  0.0, Sum:  0.0, Workers: 4
[146.609s][debug][gc,phases      ] GC(30)     Dead                           Min: 0, Avg:  0.0, Max: 0, Diff: 0, Sum: 0, Workers: 4
[146.609s][debug][gc,phases      ] GC(30)     Total                          Min: 0, Avg:  2.0, Max: 8, Diff: 8, Sum: 8, Workers: 4
[146.609s][debug][gc,phases      ] GC(30)   JVMTI Tag Weak OopStorage      Min:  0.0, Avg:  0.0, Max:  0.0, Diff:  0.0, Sum:  0.0, Workers: 4
[146.609s][debug][gc,phases      ] GC(30)     Dead                           Min: 0, Avg:  0.0, Max: 0, Diff: 0, Sum: 0, Workers: 4
[146.609s][debug][gc,phases      ] GC(30)     Total                          Min: 0, Avg:  0.0, Max: 0, Diff: 0, Sum: 0, Workers: 4
[146.609s][debug][gc,phases      ] GC(30)   StringTable Weak               Min:  0.0, Avg:  0.1, Max:  0.1, Diff:  0.1, Sum:  0.4, Workers: 4
[146.609s][debug][gc,phases      ] GC(30)     Dead                           Min: 0, Avg:  0.2, Max: 1, Diff: 1, Sum: 1, Workers: 4
[146.609s][debug][gc,phases      ] GC(30)     Total                          Min: 0, Avg: 10990.5, Max: 18427, Diff: 18427, Sum: 43962, Workers: 4
[146.609s][debug][gc,phases      ] GC(30)   ResolvedMethodTable Weak       Min:  0.0, Avg:  0.0, Max:  0.0, Diff:  0.0, Sum:  0.1, Workers: 4
[146.609s][debug][gc,phases      ] GC(30)     Dead                           Min: 0, Avg:  0.0, Max: 0, Diff: 0, Sum: 0, Workers: 4
[146.609s][debug][gc,phases      ] GC(30)     Total                          Min: 0, Avg: 2690.2, Max: 4608, Diff: 4608, Sum: 10761, Workers: 4
[146.609s][debug][gc,phases      ] GC(30)   JNI Weak                       Min:  0.0, Avg:  0.0, Max:  0.0, Diff:  0.0, Sum:  0.0, Workers: 4
[146.609s][debug][gc,phases      ] GC(30)     Dead                           Min: 0, Avg:  0.0, Max: 0, Diff: 0, Sum: 0, Workers: 4
[146.609s][debug][gc,phases      ] GC(30)     Total                          Min: 0, Avg: 12.0, Max: 48, Diff: 48, Sum: 48, Workers: 4
[146.609s][debug][gc,phases      ] GC(30)   StringDedup Table Weak         Min:  0.0, Avg:  0.0, Max:  0.0, Diff:  0.0, Sum:  0.0, Workers: 4
[146.609s][debug][gc,phases      ] GC(30)     Dead                           Min: 0, Avg:  0.0, Max: 0, Diff: 0, Sum: 0, Workers: 4
[146.609s][debug][gc,phases      ] GC(30)     Total                          Min: 0, Avg:  0.0, Max: 0, Diff: 0, Sum: 0, Workers: 4
[146.609s][debug][gc,phases      ] GC(30)   StringDedup Requests0 Weak     Min:  0.0, Avg:  0.0, Max:  0.0, Diff:  0.0, Sum:  0.0, Workers: 4
[146.609s][debug][gc,phases      ] GC(30)     Dead                           Min: 0, Avg:  0.0, Max: 0, Diff: 0, Sum: 0, Workers: 4
[146.609s][debug][gc,phases      ] GC(30)     Total                          Min: 0, Avg:  0.0, Max: 0, Diff: 0, Sum: 0, Workers: 4
[146.609s][debug][gc,phases      ] GC(30)   StringDedup Requests1 Weak     Min:  0.0, Avg:  0.0, Max:  0.0, Diff:  0.0, Sum:  0.0, Workers: 4
[146.609s][debug][gc,phases      ] GC(30)     Dead                           Min: 0, Avg:  0.0, Max: 0, Diff: 0, Sum: 0, Workers: 4
[146.609s][debug][gc,phases      ] GC(30)     Total                          Min: 0, Avg:  0.0, Max: 0, Diff: 0, Sum: 0, Workers: 4
[146.609s][debug][gc,phases      ] GC(30)   Weak JFR Old Object Samples    Min:  0.0, Avg:  0.0, Max:  0.0, Diff:  0.0, Sum:  0.0, Workers: 4
[146.609s][debug][gc,phases      ] GC(30)     Dead                           Min: 0, Avg:  0.0, Max: 0, Diff: 0, Sum: 0, Workers: 4
[146.609s][debug][gc,phases      ] GC(30)     Total                          Min: 0, Avg:  0.0, Max: 0, Diff: 0, Sum: 0, Workers: 4
[146.609s][debug][gc,phases      ] GC(30) Weak Processing 0.362ms
[146.609s][debug][gc,age         ] GC(30) Desired survivor size 470286336 bytes, new threshold 15 (max threshold 15)
[146.609s][info ][gc,heap        ] GC(30) PSYoungGen: 1230848K(1630720K)->25216K(1226752K) Eden: 1201152K(1201152K)->0K(1201152K) From: 29696K(429568K)->25216K(25600K)
[146.609s][info ][gc,heap        ] GC(30) ParOldGen: 424974K(526336K)->432274K(526336K)
[146.609s][info ][gc,metaspace   ] GC(30) Metaspace: 86745K(87808K)->86745K(87808K) NonClass: 74058K(74624K)->74058K(74624K) Class: 12686K(13184K)->12686K(13184K)
[146.609s][info ][gc             ] GC(30) Pause Young (Allocation Failure) 1617M->446M(1712M) 10.292ms
[146.609s][info ][gc,cpu         ] GC(30) User=0.04s Sys=0.00s Real=0.01s
[146.609s][info ][safepoint      ] Safepoint "ParallelGCFailedAllocation", Time since last: 1000062891 ns, Reaching safepoint: 73200 ns, Cleanup: 9300 ns, At safepoint: 10361870 ns, Total: 10444370 ns
[147.610s][info ][safepoint      ] Safepoint "Cleanup", Time since last: 1000089939 ns, Reaching safepoint: 72400 ns, Cleanup: 20599 ns, At safepoint: 6100 ns, Total: 99099 ns
[148.610s][info ][safepoint      ] Safepoint "Cleanup", Time since last: 1000101223 ns, Reaching safepoint: 45400 ns, Cleanup: 154000 ns, At safepoint: 8700 ns, Total: 208100 ns
[149.610s][info ][safepoint      ] Safepoint "Cleanup", Time since last: 1000096022 ns, Reaching safepoint: 73400 ns, Cleanup: 22200 ns, At safepoint: 5200 ns, Total: 100800 ns
[150.610s][info ][safepoint      ] Safepoint "Cleanup", Time since last: 1000091523 ns, Reaching safepoint: 75700 ns, Cleanup: 40399 ns, At safepoint: 4300 ns, Total: 120399 ns
[151.610s][info ][safepoint      ] Safepoint "Cleanup", Time since last: 1000091923 ns, Reaching safepoint: 71600 ns, Cleanup: 10100 ns, At safepoint: 4700 ns, Total: 86400 ns
[152.611s][info ][safepoint      ] Safepoint "Cleanup", Time since last: 1000099823 ns, Reaching safepoint: 75299 ns, Cleanup: 29400 ns, At safepoint: 6000 ns, Total: 110699 ns
[153.611s][info ][safepoint      ] Safepoint "Cleanup", Time since last: 1000127623 ns, Reaching safepoint: 78300 ns, Cleanup: 22300 ns, At safepoint: 6000 ns, Total: 106600 ns
[154.050s][info ][gc,start       ] GC(31) Pause Young (Allocation Failure)
[154.063s][debug][gc,phases      ] GC(31) Scavenge 12.396ms
[154.063s][debug][gc,ref         ] GC(31) Skipped phase 1 of Reference Processing: no references
[154.063s][debug][gc,ref         ] GC(31) ReferenceProcessor::execute queues: 1, RefProcThreadModel::Single, marks_oops_alive: false
[154.063s][debug][gc,ref         ] GC(31) Skipped phase 3 of Reference Processing: no references
[154.063s][debug][gc,ref         ] GC(31) ReferenceProcessor::execute queues: 1, RefProcThreadModel::Single, marks_oops_alive: false
[154.063s][debug][gc,phases      ] GC(31) Reference Processing 0.105ms
[154.063s][debug][gc,phases      ] GC(31)   VM Weak                        Min:  0.0, Avg:  0.0, Max:  0.0, Diff:  0.0, Sum:  0.0, Workers: 4
[154.063s][debug][gc,phases      ] GC(31)     Dead                           Min: 0, Avg:  0.0, Max: 0, Diff: 0, Sum: 0, Workers: 4
[154.063s][debug][gc,phases      ] GC(31)     Total                          Min: 0, Avg: 225.5, Max: 576, Diff: 576, Sum: 902, Workers: 4
[154.063s][debug][gc,phases      ] GC(31)   ObjectSynchronizer Weak        Min:  0.0, Avg:  0.0, Max:  0.0, Diff:  0.0, Sum:  0.0, Workers: 4
[154.063s][debug][gc,phases      ] GC(31)     Dead                           Min: 0, Avg:  0.0, Max: 0, Diff: 0, Sum: 0, Workers: 4
[154.063s][debug][gc,phases      ] GC(31)     Total                          Min: 0, Avg:  2.0, Max: 8, Diff: 8, Sum: 8, Workers: 4
[154.063s][debug][gc,phases      ] GC(31)   JVMTI Tag Weak OopStorage      Min:  0.0, Avg:  0.0, Max:  0.0, Diff:  0.0, Sum:  0.0, Workers: 4
[154.063s][debug][gc,phases      ] GC(31)     Dead                           Min: 0, Avg:  0.0, Max: 0, Diff: 0, Sum: 0, Workers: 4
[154.063s][debug][gc,phases      ] GC(31)     Total                          Min: 0, Avg:  0.0, Max: 0, Diff: 0, Sum: 0, Workers: 4
[154.063s][debug][gc,phases      ] GC(31)   StringTable Weak               Min:  0.1, Avg:  0.1, Max:  0.1, Diff:  0.0, Sum:  0.5, Workers: 4
[154.063s][debug][gc,phases      ] GC(31)     Dead                           Min: 0, Avg:  0.0, Max: 0, Diff: 0, Sum: 0, Workers: 4
[154.063s][debug][gc,phases      ] GC(31)     Total                          Min: 8320, Avg: 10995.8, Max: 12303, Diff: 3983, Sum: 43983, Workers: 4
[154.063s][debug][gc,phases      ] GC(31)   ResolvedMethodTable Weak       Min:  0.0, Avg:  0.0, Max:  0.0, Diff:  0.0, Sum:  0.1, Workers: 4
[154.063s][debug][gc,phases      ] GC(31)     Dead                           Min: 0, Avg:  0.0, Max: 0, Diff: 0, Sum: 0, Workers: 4
[154.063s][debug][gc,phases      ] GC(31)     Total                          Min: 2317, Avg: 2691.2, Max: 2944, Diff: 627, Sum: 10765, Workers: 4
[154.063s][debug][gc,phases      ] GC(31)   JNI Weak                       Min:  0.0, Avg:  0.0, Max:  0.0, Diff:  0.0, Sum:  0.0, Workers: 4
[154.063s][debug][gc,phases      ] GC(31)     Dead                           Min: 0, Avg:  0.0, Max: 0, Diff: 0, Sum: 0, Workers: 4
[154.063s][debug][gc,phases      ] GC(31)     Total                          Min: 0, Avg: 12.0, Max: 48, Diff: 48, Sum: 48, Workers: 4
[154.063s][debug][gc,phases      ] GC(31)   StringDedup Table Weak         Min:  0.0, Avg:  0.0, Max:  0.0, Diff:  0.0, Sum:  0.0, Workers: 4
[154.063s][debug][gc,phases      ] GC(31)     Dead                           Min: 0, Avg:  0.0, Max: 0, Diff: 0, Sum: 0, Workers: 4
[154.063s][debug][gc,phases      ] GC(31)     Total                          Min: 0, Avg:  0.0, Max: 0, Diff: 0, Sum: 0, Workers: 4
[154.063s][debug][gc,phases      ] GC(31)   StringDedup Requests0 Weak     Min:  0.0, Avg:  0.0, Max:  0.0, Diff:  0.0, Sum:  0.0, Workers: 4
[154.063s][debug][gc,phases      ] GC(31)     Dead                           Min: 0, Avg:  0.0, Max: 0, Diff: 0, Sum: 0, Workers: 4
[154.063s][debug][gc,phases      ] GC(31)     Total                          Min: 0, Avg:  0.0, Max: 0, Diff: 0, Sum: 0, Workers: 4
[154.063s][debug][gc,phases      ] GC(31)   StringDedup Requests1 Weak     Min:  0.0, Avg:  0.0, Max:  0.0, Diff:  0.0, Sum:  0.0, Workers: 4
[154.063s][debug][gc,phases      ] GC(31)     Dead                           Min: 0, Avg:  0.0, Max: 0, Diff: 0, Sum: 0, Workers: 4
[154.063s][debug][gc,phases      ] GC(31)     Total                          Min: 0, Avg:  0.0, Max: 0, Diff: 0, Sum: 0, Workers: 4
[154.063s][debug][gc,phases      ] GC(31)   Weak JFR Old Object Samples    Min:  0.0, Avg:  0.0, Max:  0.0, Diff:  0.0, Sum:  0.0, Workers: 4
[154.063s][debug][gc,phases      ] GC(31)     Dead                           Min: 0, Avg:  0.0, Max: 0, Diff: 0, Sum: 0, Workers: 4
[154.063s][debug][gc,phases      ] GC(31)     Total                          Min: 0, Avg:  0.0, Max: 0, Diff: 0, Sum: 0, Workers: 4
[154.063s][debug][gc,phases      ] GC(31) Weak Processing 0.325ms
[154.063s][debug][gc,age         ] GC(31) Desired survivor size 475004928 bytes, new threshold 15 (max threshold 15)
[154.063s][info ][gc,heap        ] GC(31) PSYoungGen: 1226368K(1226752K)->26400K(1628672K) Eden: 1201152K(1201152K)->0K(1169408K) From: 25216K(25600K)->26400K(459264K)
[154.063s][info ][gc,heap        ] GC(31) ParOldGen: 432274K(526336K)->432922K(526336K)
[154.063s][info ][gc,metaspace   ] GC(31) Metaspace: 86851K(87936K)->86851K(87936K) NonClass: 74160K(74752K)->74160K(74752K) Class: 12691K(13184K)->12691K(13184K)
[154.063s][info ][gc             ] GC(31) Pause Young (Allocation Failure) 1619M->448M(2104M) 12.961ms
[154.063s][info ][gc,cpu         ] GC(31) User=0.04s Sys=0.00s Real=0.01s
[154.063s][info ][safepoint      ] Safepoint "ParallelGCFailedAllocation", Time since last: 439093992 ns, Reaching safepoint: 81500 ns, Cleanup: 14100 ns, At safepoint: 13035261 ns, Total: 13130861 ns
[155.063s][info ][safepoint      ] Safepoint "Cleanup", Time since last: 1000094031 ns, Reaching safepoint: 75299 ns, Cleanup: 10400 ns, At safepoint: 20600 ns, Total: 106299 ns
[156.063s][info ][safepoint      ] Safepoint "Cleanup", Time since last: 1000098775 ns, Reaching safepoint: 75000 ns, Cleanup: 13200 ns, At safepoint: 4400 ns, Total: 92600 ns
[158.064s][info ][safepoint      ] Safepoint "Cleanup", Time since last: 2000194549 ns, Reaching safepoint: 73600 ns, Cleanup: 13800 ns, At safepoint: 5800 ns, Total: 93200 ns
[159.064s][info ][safepoint      ] Safepoint "Cleanup", Time since last: 1000109175 ns, Reaching safepoint: 77000 ns, Cleanup: 13900 ns, At safepoint: 5700 ns, Total: 96600 ns
[160.064s][info ][safepoint      ] Safepoint "Cleanup", Time since last: 1000061575 ns, Reaching safepoint: 76499 ns, Cleanup: 7300 ns, At safepoint: 5900 ns, Total: 89699 ns
[162.064s][info ][safepoint      ] Safepoint "Cleanup", Time since last: 2000180603 ns, Reaching safepoint: 74000 ns, Cleanup: 31400 ns, At safepoint: 4799 ns, Total: 110199 ns
[162.071s][info ][gc,start       ] GC(32) Pause Young (Allocation Failure)
[162.081s][debug][gc,phases      ] GC(32) Scavenge 9.825ms
[162.081s][debug][gc,ref         ] GC(32) Skipped phase 1 of Reference Processing: no references
[162.081s][debug][gc,ref         ] GC(32) ReferenceProcessor::execute queues: 1, RefProcThreadModel::Single, marks_oops_alive: false
[162.081s][debug][gc,ref         ] GC(32) Skipped phase 3 of Reference Processing: no references
[162.081s][debug][gc,ref         ] GC(32) Skipped phase 4 of Reference Processing: no references
[162.081s][debug][gc,phases      ] GC(32) Reference Processing 0.110ms
[162.081s][debug][gc,phases      ] GC(32)   VM Weak                        Min:  0.0, Avg:  0.0, Max:  0.0, Diff:  0.0, Sum:  0.0, Workers: 4
[162.081s][debug][gc,phases      ] GC(32)     Dead                           Min: 0, Avg:  0.0, Max: 0, Diff: 0, Sum: 0, Workers: 4
[162.081s][debug][gc,phases      ] GC(32)     Total                          Min: 0, Avg: 225.5, Max: 518, Diff: 518, Sum: 902, Workers: 4
[162.081s][debug][gc,phases      ] GC(32)   ObjectSynchronizer Weak        Min:  0.0, Avg:  0.0, Max:  0.0, Diff:  0.0, Sum:  0.0, Workers: 4
[162.081s][debug][gc,phases      ] GC(32)     Dead                           Min: 0, Avg:  0.0, Max: 0, Diff: 0, Sum: 0, Workers: 4
[162.081s][debug][gc,phases      ] GC(32)     Total                          Min: 0, Avg:  2.0, Max: 8, Diff: 8, Sum: 8, Workers: 4
[162.081s][debug][gc,phases      ] GC(32)   JVMTI Tag Weak OopStorage      Min:  0.0, Avg:  0.0, Max:  0.0, Diff:  0.0, Sum:  0.0, Workers: 4
[162.081s][debug][gc,phases      ] GC(32)     Dead                           Min: 0, Avg:  0.0, Max: 0, Diff: 0, Sum: 0, Workers: 4
[162.081s][debug][gc,phases      ] GC(32)     Total                          Min: 0, Avg:  0.0, Max: 0, Diff: 0, Sum: 0, Workers: 4
[162.081s][debug][gc,phases      ] GC(32)   StringTable Weak               Min:  0.0, Avg:  0.1, Max:  0.1, Diff:  0.1, Sum:  0.4, Workers: 4
[162.081s][debug][gc,phases      ] GC(32)     Dead                           Min: 0, Avg:  0.0, Max: 0, Diff: 0, Sum: 0, Workers: 4
[162.081s][debug][gc,phases      ] GC(32)     Total                          Min: 0, Avg: 10996.8, Max: 17984, Diff: 17984, Sum: 43987, Workers: 4
[162.081s][debug][gc,phases      ] GC(32)   ResolvedMethodTable Weak       Min:  0.0, Avg:  0.0, Max:  0.0, Diff:  0.0, Sum:  0.1, Workers: 4
[162.081s][debug][gc,phases      ] GC(32)     Dead                           Min: 0, Avg:  0.0, Max: 0, Diff: 0, Sum: 0, Workers: 4
[162.081s][debug][gc,phases      ] GC(32)     Total                          Min: 0, Avg: 2691.2, Max: 4416, Diff: 4416, Sum: 10765, Workers: 4
[162.081s][debug][gc,phases      ] GC(32)   JNI Weak                       Min:  0.0, Avg:  0.0, Max:  0.0, Diff:  0.0, Sum:  0.0, Workers: 4
[162.081s][debug][gc,phases      ] GC(32)     Dead                           Min: 0, Avg:  0.0, Max: 0, Diff: 0, Sum: 0, Workers: 4
[162.081s][debug][gc,phases      ] GC(32)     Total                          Min: 0, Avg: 12.0, Max: 48, Diff: 48, Sum: 48, Workers: 4
[162.081s][debug][gc,phases      ] GC(32)   StringDedup Table Weak         Min:  0.0, Avg:  0.0, Max:  0.0, Diff:  0.0, Sum:  0.0, Workers: 4
[162.081s][debug][gc,phases      ] GC(32)     Dead                           Min: 0, Avg:  0.0, Max: 0, Diff: 0, Sum: 0, Workers: 4
[162.081s][debug][gc,phases      ] GC(32)     Total                          Min: 0, Avg:  0.0, Max: 0, Diff: 0, Sum: 0, Workers: 4
[162.081s][debug][gc,phases      ] GC(32)   StringDedup Requests0 Weak     Min:  0.0, Avg:  0.0, Max:  0.0, Diff:  0.0, Sum:  0.0, Workers: 4
[162.081s][debug][gc,phases      ] GC(32)     Dead                           Min: 0, Avg:  0.0, Max: 0, Diff: 0, Sum: 0, Workers: 4
[162.081s][debug][gc,phases      ] GC(32)     Total                          Min: 0, Avg:  0.0, Max: 0, Diff: 0, Sum: 0, Workers: 4
[162.081s][debug][gc,phases      ] GC(32)   StringDedup Requests1 Weak     Min:  0.0, Avg:  0.0, Max:  0.0, Diff:  0.0, Sum:  0.0, Workers: 4
[162.081s][debug][gc,phases      ] GC(32)     Dead                           Min: 0, Avg:  0.0, Max: 0, Diff: 0, Sum: 0, Workers: 4
[162.081s][debug][gc,phases      ] GC(32)     Total                          Min: 0, Avg:  0.0, Max: 0, Diff: 0, Sum: 0, Workers: 4
[162.081s][debug][gc,phases      ] GC(32)   Weak JFR Old Object Samples    Min:  0.0, Avg:  0.0, Max:  0.0, Diff:  0.0, Sum:  0.0, Workers: 4
[162.081s][debug][gc,phases      ] GC(32)     Dead                           Min: 0, Avg:  0.0, Max: 0, Diff: 0, Sum: 0, Workers: 4
[162.081s][debug][gc,phases      ] GC(32)     Total                          Min: 0, Avg:  0.0, Max: 0, Diff: 0, Sum: 0, Workers: 4
[162.081s][debug][gc,phases      ] GC(32) Weak Processing 0.351ms
[162.081s][debug][gc,age         ] GC(32) Desired survivor size 475004928 bytes, new threshold 15 (max threshold 15)
[162.081s][info ][gc,heap        ] GC(32) PSYoungGen: 1195808K(1628672K)->25232K(1633280K) Eden: 1169408K(1169408K)->0K(1169408K) From: 26400K(459264K)->25232K(463872K)
[162.081s][info ][gc,heap        ] GC(32) ParOldGen: 432922K(526336K)->435050K(526336K)
[162.081s][info ][gc,metaspace   ] GC(32) Metaspace: 86873K(87936K)->86873K(87936K) NonClass: 74178K(74752K)->74178K(74752K) Class: 12694K(13184K)->12694K(13184K)
[162.081s][info ][gc             ] GC(32) Pause Young (Allocation Failure) 1590M->449M(2109M) 10.385ms
[162.081s][info ][gc,cpu         ] GC(32) User=0.04s Sys=0.00s Real=0.01s
[162.081s][info ][safepoint      ] Safepoint "ParallelGCFailedAllocation", Time since last: 6355682 ns, Reaching safepoint: 1200 ns, Cleanup: 1100 ns, At safepoint: 10454369 ns, Total: 10456669 ns
[163.081s][info ][safepoint      ] Safepoint "Cleanup", Time since last: 1000078137 ns, Reaching safepoint: 7100 ns, Cleanup: 18600 ns, At safepoint: 6400 ns, Total: 32100 ns
[164.081s][info ][safepoint      ] Safepoint "Cleanup", Time since last: 1000108550 ns, Reaching safepoint: 4500 ns, Cleanup: 33300 ns, At safepoint: 6500 ns, Total: 44300 ns
[165.114s][info ][safepoint      ] Safepoint "Cleanup", Time since last: 1032125956 ns, Reaching safepoint: 76900 ns, Cleanup: 45299 ns, At safepoint: 7600 ns, Total: 129799 ns
[166.114s][info ][safepoint      ] Safepoint "Cleanup", Time since last: 1000148450 ns, Reaching safepoint: 68500 ns, Cleanup: 10100 ns, At safepoint: 8700 ns, Total: 87300 ns
[167.114s][info ][safepoint      ] Safepoint "Cleanup", Time since last: 1000105150 ns, Reaching safepoint: 74100 ns, Cleanup: 10900 ns, At safepoint: 5800 ns, Total: 90800 ns
[168.114s][info ][safepoint      ] Safepoint "Cleanup", Time since last: 1000110250 ns, Reaching safepoint: 73000 ns, Cleanup: 8800 ns, At safepoint: 5600 ns, Total: 87400 ns
[169.201s][info ][safepoint      ] Safepoint "Cleanup", Time since last: 1086735395 ns, Reaching safepoint: 79200 ns, Cleanup: 15400 ns, At safepoint: 8399 ns, Total: 102999 ns
[170.500s][info ][gc,start       ] GC(33) Pause Young (Allocation Failure)
[170.509s][debug][gc,phases      ] GC(33) Scavenge 8.851ms
[170.509s][debug][gc,ref         ] GC(33) Skipped phase 1 of Reference Processing: no references
[170.509s][debug][gc,ref         ] GC(33) ReferenceProcessor::execute queues: 1, RefProcThreadModel::Single, marks_oops_alive: false
[170.509s][debug][gc,ref         ] GC(33) Skipped phase 3 of Reference Processing: no references
[170.509s][debug][gc,ref         ] GC(33) ReferenceProcessor::execute queues: 1, RefProcThreadModel::Single, marks_oops_alive: false
[170.509s][debug][gc,phases      ] GC(33) Reference Processing 0.117ms
[170.510s][debug][gc,phases      ] GC(33)   VM Weak                        Min:  0.0, Avg:  0.0, Max:  0.0, Diff:  0.0, Sum:  0.0, Workers: 4
[170.510s][debug][gc,phases      ] GC(33)     Dead                           Min: 0, Avg:  0.0, Max: 0, Diff: 0, Sum: 0, Workers: 4
[170.510s][debug][gc,phases      ] GC(33)     Total                          Min: 0, Avg: 225.5, Max: 576, Diff: 576, Sum: 902, Workers: 4
[170.510s][debug][gc,phases      ] GC(33)   ObjectSynchronizer Weak        Min:  0.0, Avg:  0.0, Max:  0.0, Diff:  0.0, Sum:  0.0, Workers: 4
[170.510s][debug][gc,phases      ] GC(33)     Dead                           Min: 0, Avg:  0.0, Max: 0, Diff: 0, Sum: 0, Workers: 4
[170.510s][debug][gc,phases      ] GC(33)     Total                          Min: 0, Avg:  2.0, Max: 8, Diff: 8, Sum: 8, Workers: 4
[170.510s][debug][gc,phases      ] GC(33)   JVMTI Tag Weak OopStorage      Min:  0.0, Avg:  0.0, Max:  0.0, Diff:  0.0, Sum:  0.0, Workers: 4
[170.510s][debug][gc,phases      ] GC(33)     Dead                           Min: 0, Avg:  0.0, Max: 0, Diff: 0, Sum: 0, Workers: 4
[170.510s][debug][gc,phases      ] GC(33)     Total                          Min: 0, Avg:  0.0, Max: 0, Diff: 0, Sum: 0, Workers: 4
[170.510s][debug][gc,phases      ] GC(33)   StringTable Weak               Min:  0.1, Avg:  0.1, Max:  0.1, Diff:  0.0, Sum:  0.5, Workers: 4
[170.510s][debug][gc,phases      ] GC(33)     Dead                           Min: 0, Avg:  0.0, Max: 0, Diff: 0, Sum: 0, Workers: 4
[170.510s][debug][gc,phases      ] GC(33)     Total                          Min: 9408, Avg: 11004.5, Max: 11648, Diff: 2240, Sum: 44018, Workers: 4
[170.510s][debug][gc,phases      ] GC(33)   ResolvedMethodTable Weak       Min:  0.0, Avg:  0.0, Max:  0.0, Diff:  0.0, Sum:  0.1, Workers: 4
[170.510s][debug][gc,phases      ] GC(33)     Dead                           Min: 0, Avg:  0.0, Max: 0, Diff: 0, Sum: 0, Workers: 4
[170.510s][debug][gc,phases      ] GC(33)     Total                          Min: 2515, Avg: 2692.5, Max: 3008, Diff: 493, Sum: 10770, Workers: 4
[170.510s][debug][gc,phases      ] GC(33)   JNI Weak                       Min:  0.0, Avg:  0.0, Max:  0.0, Diff:  0.0, Sum:  0.0, Workers: 4
[170.510s][debug][gc,phases      ] GC(33)     Dead                           Min: 0, Avg:  0.0, Max: 0, Diff: 0, Sum: 0, Workers: 4
[170.510s][debug][gc,phases      ] GC(33)     Total                          Min: 0, Avg: 12.0, Max: 48, Diff: 48, Sum: 48, Workers: 4
[170.510s][debug][gc,phases      ] GC(33)   StringDedup Table Weak         Min:  0.0, Avg:  0.0, Max:  0.0, Diff:  0.0, Sum:  0.0, Workers: 4
[170.510s][debug][gc,phases      ] GC(33)     Dead                           Min: 0, Avg:  0.0, Max: 0, Diff: 0, Sum: 0, Workers: 4
[170.510s][debug][gc,phases      ] GC(33)     Total                          Min: 0, Avg:  0.0, Max: 0, Diff: 0, Sum: 0, Workers: 4
[170.510s][debug][gc,phases      ] GC(33)   StringDedup Requests0 Weak     Min:  0.0, Avg:  0.0, Max:  0.0, Diff:  0.0, Sum:  0.0, Workers: 4
[170.510s][debug][gc,phases      ] GC(33)     Dead                           Min: 0, Avg:  0.0, Max: 0, Diff: 0, Sum: 0, Workers: 4
[170.510s][debug][gc,phases      ] GC(33)     Total                          Min: 0, Avg:  0.0, Max: 0, Diff: 0, Sum: 0, Workers: 4
[170.510s][debug][gc,phases      ] GC(33)   StringDedup Requests1 Weak     Min:  0.0, Avg:  0.0, Max:  0.0, Diff:  0.0, Sum:  0.0, Workers: 4
[170.510s][debug][gc,phases      ] GC(33)     Dead                           Min: 0, Avg:  0.0, Max: 0, Diff: 0, Sum: 0, Workers: 4
[170.510s][debug][gc,phases      ] GC(33)     Total                          Min: 0, Avg:  0.0, Max: 0, Diff: 0, Sum: 0, Workers: 4
[170.510s][debug][gc,phases      ] GC(33)   Weak JFR Old Object Samples    Min:  0.0, Avg:  0.0, Max:  0.0, Diff:  0.0, Sum:  0.0, Workers: 4
[170.510s][debug][gc,phases      ] GC(33)     Dead                           Min: 0, Avg:  0.0, Max: 0, Diff: 0, Sum: 0, Workers: 4
[170.510s][debug][gc,phases      ] GC(33)     Total                          Min: 0, Avg:  0.0, Max: 0, Diff: 0, Sum: 0, Workers: 4
[170.510s][debug][gc,phases      ] GC(33) Weak Processing 0.329ms
[170.510s][debug][gc,age         ] GC(33) Desired survivor size 469762048 bytes, new threshold 15 (max threshold 15)
[170.510s][info ][gc,heap        ] GC(33) PSYoungGen: 1194640K(1633280K)->25968K(1638400K) Eden: 1169408K(1169408K)->0K(1174528K) From: 25232K(463872K)->25968K(463872K)
[170.510s][info ][gc,heap        ] GC(33) ParOldGen: 435050K(526336K)->435274K(526336K)
[170.510s][info ][gc,metaspace   ] GC(33) Metaspace: 86918K(88000K)->86918K(88000K) NonClass: 74220K(74816K)->74220K(74816K) Class: 12698K(13184K)->12698K(13184K)
[170.510s][info ][gc             ] GC(33) Pause Young (Allocation Failure) 1591M->450M(2114M) 9.405ms
[170.510s][info ][gc,cpu         ] GC(33) User=0.04s Sys=0.00s Real=0.01s
[170.510s][info ][safepoint      ] Safepoint "ParallelGCFailedAllocation", Time since last: 1298969969 ns, Reaching safepoint: 74700 ns, Cleanup: 102300 ns, At safepoint: 9499472 ns, Total: 9676472 ns
[171.510s][info ][safepoint      ] Safepoint "Cleanup", Time since last: 1000107445 ns, Reaching safepoint: 72499 ns, Cleanup: 16300 ns, At safepoint: 5600 ns, Total: 94399 ns
[172.510s][info ][safepoint      ] Safepoint "Cleanup", Time since last: 1000096542 ns, Reaching safepoint: 72500 ns, Cleanup: 12300 ns, At safepoint: 5700 ns, Total: 90500 ns
[173.510s][info ][safepoint      ] Safepoint "Cleanup", Time since last: 1000078442 ns, Reaching safepoint: 78400 ns, Cleanup: 11900 ns, At safepoint: 6200 ns, Total: 96500 ns
[175.511s][info ][safepoint      ] Safepoint "Cleanup", Time since last: 2000168984 ns, Reaching safepoint: 72099 ns, Cleanup: 10500 ns, At safepoint: 5600 ns, Total: 88199 ns
[176.511s][info ][safepoint      ] Safepoint "Cleanup", Time since last: 1000099842 ns, Reaching safepoint: 72700 ns, Cleanup: 9900 ns, At safepoint: 4800 ns, Total: 87400 ns
[178.511s][info ][safepoint      ] Safepoint "Cleanup", Time since last: 2000162484 ns, Reaching safepoint: 73000 ns, Cleanup: 7800 ns, At safepoint: 6100 ns, Total: 86900 ns
[179.099s][info ][gc,start       ] GC(34) Pause Young (Allocation Failure)
[179.108s][debug][gc,phases      ] GC(34) Scavenge 8.383ms
[179.108s][debug][gc,ref         ] GC(34) Skipped phase 1 of Reference Processing: no references
[179.108s][debug][gc,ref         ] GC(34) ReferenceProcessor::execute queues: 1, RefProcThreadModel::Single, marks_oops_alive: false
[179.108s][debug][gc,ref         ] GC(34) Skipped phase 3 of Reference Processing: no references
[179.108s][debug][gc,ref         ] GC(34) Skipped phase 4 of Reference Processing: no references
[179.108s][debug][gc,phases      ] GC(34) Reference Processing 0.105ms
[179.108s][debug][gc,phases      ] GC(34)   VM Weak                        Min:  0.0, Avg:  0.0, Max:  0.0, Diff:  0.0, Sum:  0.0, Workers: 4
[179.108s][debug][gc,phases      ] GC(34)     Dead                           Min: 0, Avg:  0.0, Max: 0, Diff: 0, Sum: 0, Workers: 4
[179.108s][debug][gc,phases      ] GC(34)     Total                          Min: 0, Avg: 225.5, Max: 576, Diff: 576, Sum: 902, Workers: 4
[179.108s][debug][gc,phases      ] GC(34)   ObjectSynchronizer Weak        Min:  0.0, Avg:  0.0, Max:  0.0, Diff:  0.0, Sum:  0.0, Workers: 4
[179.108s][debug][gc,phases      ] GC(34)     Dead                           Min: 0, Avg:  0.0, Max: 0, Diff: 0, Sum: 0, Workers: 4
[179.108s][debug][gc,phases      ] GC(34)     Total                          Min: 0, Avg:  2.0, Max: 8, Diff: 8, Sum: 8, Workers: 4
[179.108s][debug][gc,phases      ] GC(34)   JVMTI Tag Weak OopStorage      Min:  0.0, Avg:  0.0, Max:  0.0, Diff:  0.0, Sum:  0.0, Workers: 4
[179.108s][debug][gc,phases      ] GC(34)     Dead                           Min: 0, Avg:  0.0, Max: 0, Diff: 0, Sum: 0, Workers: 4
[179.108s][debug][gc,phases      ] GC(34)     Total                          Min: 0, Avg:  0.0, Max: 0, Diff: 0, Sum: 0, Workers: 4
[179.108s][debug][gc,phases      ] GC(34)   StringTable Weak               Min:  0.0, Avg:  0.1, Max:  0.1, Diff:  0.1, Sum:  0.4, Workers: 4
[179.108s][debug][gc,phases      ] GC(34)     Dead                           Min: 0, Avg:  0.0, Max: 0, Diff: 0, Sum: 0, Workers: 4
[179.108s][debug][gc,phases      ] GC(34)     Total                          Min: 0, Avg: 11004.5, Max: 17344, Diff: 17344, Sum: 44018, Workers: 4
[179.108s][debug][gc,phases      ] GC(34)   ResolvedMethodTable Weak       Min:  0.0, Avg:  0.0, Max:  0.0, Diff:  0.0, Sum:  0.1, Workers: 4
[179.108s][debug][gc,phases      ] GC(34)     Dead                           Min: 0, Avg:  0.0, Max: 0, Diff: 0, Sum: 0, Workers: 4
[179.108s][debug][gc,phases      ] GC(34)     Total                          Min: 0, Avg: 2692.5, Max: 4800, Diff: 4800, Sum: 10770, Workers: 4
[179.108s][debug][gc,phases      ] GC(34)   JNI Weak                       Min:  0.0, Avg:  0.0, Max:  0.0, Diff:  0.0, Sum:  0.0, Workers: 4
[179.108s][debug][gc,phases      ] GC(34)     Dead                           Min: 0, Avg:  0.0, Max: 0, Diff: 0, Sum: 0, Workers: 4
[179.108s][debug][gc,phases      ] GC(34)     Total                          Min: 0, Avg: 12.0, Max: 48, Diff: 48, Sum: 48, Workers: 4
[179.108s][debug][gc,phases      ] GC(34)   StringDedup Table Weak         Min:  0.0, Avg:  0.0, Max:  0.0, Diff:  0.0, Sum:  0.0, Workers: 4
[179.108s][debug][gc,phases      ] GC(34)     Dead                           Min: 0, Avg:  0.0, Max: 0, Diff: 0, Sum: 0, Workers: 4
[179.108s][debug][gc,phases      ] GC(34)     Total                          Min: 0, Avg:  0.0, Max: 0, Diff: 0, Sum: 0, Workers: 4
[179.108s][debug][gc,phases      ] GC(34)   StringDedup Requests0 Weak     Min:  0.0, Avg:  0.0, Max:  0.0, Diff:  0.0, Sum:  0.0, Workers: 4
[179.108s][debug][gc,phases      ] GC(34)     Dead                           Min: 0, Avg:  0.0, Max: 0, Diff: 0, Sum: 0, Workers: 4
[179.108s][debug][gc,phases      ] GC(34)     Total                          Min: 0, Avg:  0.0, Max: 0, Diff: 0, Sum: 0, Workers: 4
[179.108s][debug][gc,phases      ] GC(34)   StringDedup Requests1 Weak     Min:  0.0, Avg:  0.0, Max:  0.0, Diff:  0.0, Sum:  0.0, Workers: 4
[179.108s][debug][gc,phases      ] GC(34)     Dead                           Min: 0, Avg:  0.0, Max: 0, Diff: 0, Sum: 0, Workers: 4
[179.108s][debug][gc,phases      ] GC(34)     Total                          Min: 0, Avg:  0.0, Max: 0, Diff: 0, Sum: 0, Workers: 4
[179.108s][debug][gc,phases      ] GC(34)   Weak JFR Old Object Samples    Min:  0.0, Avg:  0.0, Max:  0.0, Diff:  0.0, Sum:  0.0, Workers: 4
[179.108s][debug][gc,phases      ] GC(34)     Dead                           Min: 0, Avg:  0.0, Max: 0, Diff: 0, Sum: 0, Workers: 4
[179.108s][debug][gc,phases      ] GC(34)     Total                          Min: 0, Avg:  0.0, Max: 0, Diff: 0, Sum: 0, Workers: 4
[179.108s][debug][gc,phases      ] GC(34) Weak Processing 0.342ms
[179.108s][debug][gc,age         ] GC(34) Desired survivor size 461897728 bytes, new threshold 15 (max threshold 15)
[179.108s][info ][gc,heap        ] GC(34) PSYoungGen: 1200496K(1638400K)->22368K(1633280K) Eden: 1174528K(1174528K)->0K(1174528K) From: 25968K(463872K)->22368K(458752K)
[179.108s][info ][gc,heap        ] GC(34) ParOldGen: 435274K(526336K)->439570K(526336K)
[179.108s][info ][gc,metaspace   ] GC(34) Metaspace: 86924K(88000K)->86924K(88000K) NonClass: 74226K(74816K)->74226K(74816K) Class: 12698K(13184K)->12698K(13184K)
[179.108s][info ][gc             ] GC(34) Pause Young (Allocation Failure) 1597M->451M(2109M) 8.941ms
[179.108s][info ][gc,cpu         ] GC(34) User=0.03s Sys=0.01s Real=0.01s
[179.108s][info ][safepoint      ] Safepoint "ParallelGCFailedAllocation", Time since last: 588191058 ns, Reaching safepoint: 76100 ns, Cleanup: 4200 ns, At safepoint: 9009273 ns, Total: 9089573 ns
[181.094s][info ][safepoint      ] Safepoint "Cleanup", Time since last: 1985177607 ns, Reaching safepoint: 5700 ns, Cleanup: 11000 ns, At safepoint: 4300 ns, Total: 21000 ns
[182.094s][info ][safepoint      ] Safepoint "Cleanup", Time since last: 1000100632 ns, Reaching safepoint: 4800 ns, Cleanup: 7900 ns, At safepoint: 2200 ns, Total: 14900 ns
[183.094s][info ][safepoint      ] Safepoint "Cleanup", Time since last: 1000095631 ns, Reaching safepoint: 4400 ns, Cleanup: 9300 ns, At safepoint: 1900 ns, Total: 15600 ns
[184.094s][info ][safepoint      ] Safepoint "Cleanup", Time since last: 1000084932 ns, Reaching safepoint: 82899 ns, Cleanup: 10600 ns, At safepoint: 7600 ns, Total: 101099 ns
[185.094s][info ][safepoint      ] Safepoint "Cleanup", Time since last: 1000096932 ns, Reaching safepoint: 5100 ns, Cleanup: 13700 ns, At safepoint: 2300 ns, Total: 21100 ns
[186.094s][info ][safepoint      ] Safepoint "Cleanup", Time since last: 1000117831 ns, Reaching safepoint: 6000 ns, Cleanup: 32500 ns, At safepoint: 2900 ns, Total: 41400 ns
[187.094s][info ][safepoint      ] Safepoint "Cleanup", Time since last: 1000108433 ns, Reaching safepoint: 3600 ns, Cleanup: 16500 ns, At safepoint: 1700 ns, Total: 21800 ns
[187.622s][info ][gc,start       ] GC(35) Pause Young (Allocation Failure)
[187.631s][debug][gc,phases      ] GC(35) Scavenge 9.020ms
[187.631s][debug][gc,ref         ] GC(35) Skipped phase 1 of Reference Processing: no references
[187.631s][debug][gc,ref         ] GC(35) ReferenceProcessor::execute queues: 1, RefProcThreadModel::Single, marks_oops_alive: false
[187.631s][debug][gc,ref         ] GC(35) Skipped phase 3 of Reference Processing: no references
[187.631s][debug][gc,ref         ] GC(35) ReferenceProcessor::execute queues: 1, RefProcThreadModel::Single, marks_oops_alive: false
[187.631s][debug][gc,phases      ] GC(35) Reference Processing 0.098ms
[187.631s][debug][gc,phases      ] GC(35)   VM Weak                        Min:  0.0, Avg:  0.0, Max:  0.0, Diff:  0.0, Sum:  0.0, Workers: 4
[187.631s][debug][gc,phases      ] GC(35)     Dead                           Min: 0, Avg:  0.0, Max: 0, Diff: 0, Sum: 0, Workers: 4
[187.631s][debug][gc,phases      ] GC(35)     Total                          Min: 0, Avg: 225.8, Max: 647, Diff: 647, Sum: 903, Workers: 4
[187.631s][debug][gc,phases      ] GC(35)   ObjectSynchronizer Weak        Min:  0.0, Avg:  0.0, Max:  0.0, Diff:  0.0, Sum:  0.0, Workers: 4
[187.631s][debug][gc,phases      ] GC(35)     Dead                           Min: 0, Avg:  0.0, Max: 0, Diff: 0, Sum: 0, Workers: 4
[187.631s][debug][gc,phases      ] GC(35)     Total                          Min: 0, Avg:  1.5, Max: 6, Diff: 6, Sum: 6, Workers: 4
[187.631s][debug][gc,phases      ] GC(35)   JVMTI Tag Weak OopStorage      Min:  0.0, Avg:  0.0, Max:  0.0, Diff:  0.0, Sum:  0.0, Workers: 4
[187.631s][debug][gc,phases      ] GC(35)     Dead                           Min: 0, Avg:  0.0, Max: 0, Diff: 0, Sum: 0, Workers: 4
[187.631s][debug][gc,phases      ] GC(35)     Total                          Min: 0, Avg:  0.0, Max: 0, Diff: 0, Sum: 0, Workers: 4
[187.631s][debug][gc,phases      ] GC(35)   StringTable Weak               Min:  0.0, Avg:  0.1, Max:  0.1, Diff:  0.1, Sum:  0.4, Workers: 4
[187.631s][debug][gc,phases      ] GC(35)     Dead                           Min: 0, Avg:  0.2, Max: 1, Diff: 1, Sum: 1, Workers: 4
[187.631s][debug][gc,phases      ] GC(35)     Total                          Min: 0, Avg: 11008.5, Max: 19072, Diff: 19072, Sum: 44034, Workers: 4
[187.631s][debug][gc,phases      ] GC(35)   ResolvedMethodTable Weak       Min:  0.0, Avg:  0.0, Max:  0.0, Diff:  0.0, Sum:  0.1, Workers: 4
[187.631s][debug][gc,phases      ] GC(35)     Dead                           Min: 0, Avg:  0.0, Max: 0, Diff: 0, Sum: 0, Workers: 4
[187.631s][debug][gc,phases      ] GC(35)     Total                          Min: 0, Avg: 2694.8, Max: 3712, Diff: 3712, Sum: 10779, Workers: 4
[187.631s][debug][gc,phases      ] GC(35)   JNI Weak                       Min:  0.0, Avg:  0.0, Max:  0.0, Diff:  0.0, Sum:  0.0, Workers: 4
[187.631s][debug][gc,phases      ] GC(35)     Dead                           Min: 0, Avg:  0.0, Max: 0, Diff: 0, Sum: 0, Workers: 4
[187.631s][debug][gc,phases      ] GC(35)     Total                          Min: 0, Avg: 12.0, Max: 48, Diff: 48, Sum: 48, Workers: 4
[187.631s][debug][gc,phases      ] GC(35)   StringDedup Table Weak         Min:  0.0, Avg:  0.0, Max:  0.0, Diff:  0.0, Sum:  0.0, Workers: 4
[187.631s][debug][gc,phases      ] GC(35)     Dead                           Min: 0, Avg:  0.0, Max: 0, Diff: 0, Sum: 0, Workers: 4
[187.631s][debug][gc,phases      ] GC(35)     Total                          Min: 0, Avg:  0.0, Max: 0, Diff: 0, Sum: 0, Workers: 4
[187.631s][debug][gc,phases      ] GC(35)   StringDedup Requests0 Weak     Min:  0.0, Avg:  0.0, Max:  0.0, Diff:  0.0, Sum:  0.0, Workers: 4
[187.631s][debug][gc,phases      ] GC(35)     Dead                           Min: 0, Avg:  0.0, Max: 0, Diff: 0, Sum: 0, Workers: 4
[187.631s][debug][gc,phases      ] GC(35)     Total                          Min: 0, Avg:  0.0, Max: 0, Diff: 0, Sum: 0, Workers: 4
[187.631s][debug][gc,phases      ] GC(35)   StringDedup Requests1 Weak     Min:  0.0, Avg:  0.0, Max:  0.0, Diff:  0.0, Sum:  0.0, Workers: 4
[187.631s][debug][gc,phases      ] GC(35)     Dead                           Min: 0, Avg:  0.0, Max: 0, Diff: 0, Sum: 0, Workers: 4
[187.631s][debug][gc,phases      ] GC(35)     Total                          Min: 0, Avg:  0.0, Max: 0, Diff: 0, Sum: 0, Workers: 4
[187.631s][debug][gc,phases      ] GC(35)   Weak JFR Old Object Samples    Min:  0.0, Avg:  0.0, Max:  0.0, Diff:  0.0, Sum:  0.0, Workers: 4
[187.631s][debug][gc,phases      ] GC(35)     Dead                           Min: 0, Avg:  0.0, Max: 0, Diff: 0, Sum: 0, Workers: 4
[187.631s][debug][gc,phases      ] GC(35)     Total                          Min: 0, Avg:  0.0, Max: 0, Diff: 0, Sum: 0, Workers: 4
[187.631s][debug][gc,phases      ] GC(35) Weak Processing 0.376ms
[187.631s][debug][gc,age         ] GC(35) Desired survivor size 450887680 bytes, new threshold 15 (max threshold 15)
[187.631s][info ][gc,heap        ] GC(35) PSYoungGen: 1196896K(1633280K)->24192K(1656832K) Eden: 1174528K(1174528K)->0K(1205760K) From: 22368K(458752K)->24192K(451072K)
[187.631s][info ][gc,heap        ] GC(35) ParOldGen: 439570K(526336K)->439666K(526336K)
[187.631s][info ][gc,metaspace   ] GC(35) Metaspace: 86971K(88000K)->86971K(88000K) NonClass: 74265K(74816K)->74265K(74816K) Class: 12706K(13184K)->12706K(13184K)
[187.631s][info ][gc             ] GC(35) Pause Young (Allocation Failure) 1598M->452M(2132M) 9.603ms
[187.631s][info ][gc,cpu         ] GC(35) User=0.03s Sys=0.00s Real=0.01s
[187.631s][info ][safepoint      ] Safepoint "ParallelGCFailedAllocation", Time since last: 527396940 ns, Reaching safepoint: 5200 ns, Cleanup: 8400 ns, At safepoint: 9662171 ns, Total: 9675771 ns
[189.632s][info ][safepoint      ] Safepoint "Cleanup", Time since last: 2000152483 ns, Reaching safepoint: 4800 ns, Cleanup: 9100 ns, At safepoint: 1600 ns, Total: 15500 ns
[190.632s][info ][safepoint      ] Safepoint "Cleanup", Time since last: 1000099141 ns, Reaching safepoint: 4200 ns, Cleanup: 13800 ns, At safepoint: 2100 ns, Total: 20100 ns
[191.632s][info ][safepoint      ] Safepoint "Cleanup", Time since last: 1000131641 ns, Reaching safepoint: 5500 ns, Cleanup: 38600 ns, At safepoint: 2700 ns, Total: 46800 ns
[193.632s][info ][safepoint      ] Safepoint "Cleanup", Time since last: 2000173482 ns, Reaching safepoint: 76800 ns, Cleanup: 20800 ns, At safepoint: 12300 ns, Total: 109900 ns
[194.632s][info ][safepoint      ] Safepoint "Cleanup", Time since last: 1000111641 ns, Reaching safepoint: 4500 ns, Cleanup: 22400 ns, At safepoint: 1900 ns, Total: 28800 ns
[195.633s][info ][safepoint      ] Safepoint "Cleanup", Time since last: 1000097217 ns, Reaching safepoint: 5900 ns, Cleanup: 22400 ns, At safepoint: 1900 ns, Total: 30200 ns
[195.852s][info ][gc,start       ] GC(36) Pause Young (Allocation Failure)
[195.865s][debug][gc,phases      ] GC(36) Scavenge 13.840ms
[195.866s][debug][gc,ref         ] GC(36) Skipped phase 1 of Reference Processing: no references
[195.866s][debug][gc,ref         ] GC(36) ReferenceProcessor::execute queues: 1, RefProcThreadModel::Single, marks_oops_alive: false
[195.866s][debug][gc,ref         ] GC(36) Skipped phase 3 of Reference Processing: no references
[195.866s][debug][gc,ref         ] GC(36) Skipped phase 4 of Reference Processing: no references
[195.866s][debug][gc,phases      ] GC(36) Reference Processing 0.088ms
[195.866s][debug][gc,phases      ] GC(36)   VM Weak                        Min:  0.0, Avg:  0.0, Max:  0.0, Diff:  0.0, Sum:  0.0, Workers: 4
[195.866s][debug][gc,phases      ] GC(36)     Dead                           Min: 0, Avg:  0.0, Max: 0, Diff: 0, Sum: 0, Workers: 4
[195.866s][debug][gc,phases      ] GC(36)     Total                          Min: 0, Avg: 225.8, Max: 768, Diff: 768, Sum: 903, Workers: 4
[195.866s][debug][gc,phases      ] GC(36)   ObjectSynchronizer Weak        Min:  0.0, Avg:  0.0, Max:  0.0, Diff:  0.0, Sum:  0.0, Workers: 4
[195.866s][debug][gc,phases      ] GC(36)     Dead                           Min: 0, Avg:  0.0, Max: 0, Diff: 0, Sum: 0, Workers: 4
[195.866s][debug][gc,phases      ] GC(36)     Total                          Min: 0, Avg:  1.5, Max: 6, Diff: 6, Sum: 6, Workers: 4
[195.866s][debug][gc,phases      ] GC(36)   JVMTI Tag Weak OopStorage      Min:  0.0, Avg:  0.0, Max:  0.0, Diff:  0.0, Sum:  0.0, Workers: 4
[195.866s][debug][gc,phases      ] GC(36)     Dead                           Min: 0, Avg:  0.0, Max: 0, Diff: 0, Sum: 0, Workers: 4
[195.866s][debug][gc,phases      ] GC(36)     Total                          Min: 0, Avg:  0.0, Max: 0, Diff: 0, Sum: 0, Workers: 4
[195.866s][debug][gc,phases      ] GC(36)   StringTable Weak               Min:  0.0, Avg:  0.1, Max:  0.1, Diff:  0.1, Sum:  0.4, Workers: 4
[195.866s][debug][gc,phases      ] GC(36)     Dead                           Min: 0, Avg:  0.0, Max: 0, Diff: 0, Sum: 0, Workers: 4
[195.866s][debug][gc,phases      ] GC(36)     Total                          Min: 0, Avg: 11009.0, Max: 15684, Diff: 15684, Sum: 44036, Workers: 4
[195.866s][debug][gc,phases      ] GC(36)   ResolvedMethodTable Weak       Min:  0.0, Avg:  0.0, Max:  0.0, Diff:  0.0, Sum:  0.1, Workers: 4
[195.866s][debug][gc,phases      ] GC(36)     Dead                           Min: 0, Avg:  0.0, Max: 0, Diff: 0, Sum: 0, Workers: 4
[195.866s][debug][gc,phases      ] GC(36)     Total                          Min: 0, Avg: 2694.8, Max: 3776, Diff: 3776, Sum: 10779, Workers: 4
[195.866s][debug][gc,phases      ] GC(36)   JNI Weak                       Min:  0.0, Avg:  0.0, Max:  0.0, Diff:  0.0, Sum:  0.0, Workers: 4
[195.866s][debug][gc,phases      ] GC(36)     Dead                           Min: 0, Avg:  0.0, Max: 0, Diff: 0, Sum: 0, Workers: 4
[195.866s][debug][gc,phases      ] GC(36)     Total                          Min: 0, Avg: 12.0, Max: 48, Diff: 48, Sum: 48, Workers: 4
[195.866s][debug][gc,phases      ] GC(36)   StringDedup Table Weak         Min:  0.0, Avg:  0.0, Max:  0.0, Diff:  0.0, Sum:  0.0, Workers: 4
[195.866s][debug][gc,phases      ] GC(36)     Dead                           Min: 0, Avg:  0.0, Max: 0, Diff: 0, Sum: 0, Workers: 4
[195.866s][debug][gc,phases      ] GC(36)     Total                          Min: 0, Avg:  0.0, Max: 0, Diff: 0, Sum: 0, Workers: 4
[195.866s][debug][gc,phases      ] GC(36)   StringDedup Requests0 Weak     Min:  0.0, Avg:  0.0, Max:  0.0, Diff:  0.0, Sum:  0.0, Workers: 4
[195.866s][debug][gc,phases      ] GC(36)     Dead                           Min: 0, Avg:  0.0, Max: 0, Diff: 0, Sum: 0, Workers: 4
[195.866s][debug][gc,phases      ] GC(36)     Total                          Min: 0, Avg:  0.0, Max: 0, Diff: 0, Sum: 0, Workers: 4
[195.866s][debug][gc,phases      ] GC(36)   StringDedup Requests1 Weak     Min:  0.0, Avg:  0.0, Max:  0.0, Diff:  0.0, Sum:  0.0, Workers: 4
[195.866s][debug][gc,phases      ] GC(36)     Dead                           Min: 0, Avg:  0.0, Max: 0, Diff: 0, Sum: 0, Workers: 4
[195.866s][debug][gc,phases      ] GC(36)     Total                          Min: 0, Avg:  0.0, Max: 0, Diff: 0, Sum: 0, Workers: 4
[195.866s][debug][gc,phases      ] GC(36)   Weak JFR Old Object Samples    Min:  0.0, Avg:  0.0, Max:  0.0, Diff:  0.0, Sum:  0.0, Workers: 4
[195.866s][debug][gc,phases      ] GC(36)     Dead                           Min: 0, Avg:  0.0, Max: 0, Diff: 0, Sum: 0, Workers: 4
[195.866s][debug][gc,phases      ] GC(36)     Total                          Min: 0, Avg:  0.0, Max: 0, Diff: 0, Sum: 0, Workers: 4
[195.866s][debug][gc,phases      ] GC(36) Weak Processing 0.380ms
[195.866s][debug][gc,age         ] GC(36) Desired survivor size 437780480 bytes, new threshold 15 (max threshold 15)
[195.866s][info ][gc,heap        ] GC(36) PSYoungGen: 1229952K(1656832K)->24384K(1646080K) Eden: 1205760K(1205760K)->0K(1205760K) From: 24192K(451072K)->24384K(440320K)
[195.866s][info ][gc,heap        ] GC(36) ParOldGen: 439666K(526336K)->439698K(526336K)
[195.866s][info ][gc,metaspace   ] GC(36) Metaspace: 86991K(88000K)->86991K(88000K) NonClass: 74285K(74816K)->74285K(74816K) Class: 12706K(13184K)->12706K(13184K)
[195.866s][info ][gc             ] GC(36) Pause Young (Allocation Failure) 1630M->453M(2121M) 14.427ms
[195.866s][info ][gc,cpu         ] GC(36) User=0.03s Sys=0.01s Real=0.02s
[195.866s][info ][safepoint      ] Safepoint "ParallelGCFailedAllocation", Time since last: 219021745 ns, Reaching safepoint: 47300 ns, Cleanup: 11000 ns, At safepoint: 14491056 ns, Total: 14549356 ns
[196.866s][info ][safepoint      ] Safepoint "Cleanup", Time since last: 1000091209 ns, Reaching safepoint: 76899 ns, Cleanup: 8900 ns, At safepoint: 6300 ns, Total: 92099 ns
[197.866s][info ][safepoint      ] Safepoint "Cleanup", Time since last: 1000118509 ns, Reaching safepoint: 77800 ns, Cleanup: 8100 ns, At safepoint: 6100 ns, Total: 92000 ns
[198.867s][info ][safepoint      ] Safepoint "Cleanup", Time since last: 1000105708 ns, Reaching safepoint: 73300 ns, Cleanup: 15400 ns, At safepoint: 5500 ns, Total: 94200 ns
[199.867s][info ][safepoint      ] Safepoint "Cleanup", Time since last: 1000105908 ns, Reaching safepoint: 72300 ns, Cleanup: 10200 ns, At safepoint: 5200 ns, Total: 87700 ns
[200.867s][info ][safepoint      ] Safepoint "Cleanup", Time since last: 1000064409 ns, Reaching safepoint: 77299 ns, Cleanup: 10800 ns, At safepoint: 6400 ns, Total: 94499 ns
[202.867s][info ][safepoint      ] Safepoint "Cleanup", Time since last: 2000150418 ns, Reaching safepoint: 75499 ns, Cleanup: 9700 ns, At safepoint: 6600 ns, Total: 91799 ns
[204.124s][info ][gc,start       ] GC(37) Pause Young (Allocation Failure)
[204.132s][debug][gc,phases      ] GC(37) Scavenge 8.935ms
[204.132s][debug][gc,ref         ] GC(37) Skipped phase 1 of Reference Processing: no references
[204.133s][debug][gc,ref         ] GC(37) ReferenceProcessor::execute queues: 1, RefProcThreadModel::Single, marks_oops_alive: false
[204.133s][debug][gc,ref         ] GC(37) Skipped phase 3 of Reference Processing: no references
[204.133s][debug][gc,ref         ] GC(37) Skipped phase 4 of Reference Processing: no references
[204.133s][debug][gc,phases      ] GC(37) Reference Processing 0.086ms
[204.133s][debug][gc,phases      ] GC(37)   VM Weak                        Min:  0.0, Avg:  0.0, Max:  0.0, Diff:  0.0, Sum:  0.0, Workers: 4
[204.133s][debug][gc,phases      ] GC(37)     Dead                           Min: 0, Avg:  0.0, Max: 0, Diff: 0, Sum: 0, Workers: 4
[204.133s][debug][gc,phases      ] GC(37)     Total                          Min: 0, Avg: 225.8, Max: 704, Diff: 704, Sum: 903, Workers: 4
[204.133s][debug][gc,phases      ] GC(37)   ObjectSynchronizer Weak        Min:  0.0, Avg:  0.0, Max:  0.0, Diff:  0.0, Sum:  0.0, Workers: 4
[204.133s][debug][gc,phases      ] GC(37)     Dead                           Min: 0, Avg:  0.0, Max: 0, Diff: 0, Sum: 0, Workers: 4
[204.133s][debug][gc,phases      ] GC(37)     Total                          Min: 0, Avg:  1.5, Max: 6, Diff: 6, Sum: 6, Workers: 4
[204.133s][debug][gc,phases      ] GC(37)   JVMTI Tag Weak OopStorage      Min:  0.0, Avg:  0.0, Max:  0.0, Diff:  0.0, Sum:  0.0, Workers: 4
[204.133s][debug][gc,phases      ] GC(37)     Dead                           Min: 0, Avg:  0.0, Max: 0, Diff: 0, Sum: 0, Workers: 4
[204.133s][debug][gc,phases      ] GC(37)     Total                          Min: 0, Avg:  0.0, Max: 0, Diff: 0, Sum: 0, Workers: 4
[204.133s][debug][gc,phases      ] GC(37)   StringTable Weak               Min:  0.0, Avg:  0.1, Max:  0.1, Diff:  0.1, Sum:  0.4, Workers: 4
[204.133s][debug][gc,phases      ] GC(37)     Dead                           Min: 0, Avg:  0.0, Max: 0, Diff: 0, Sum: 0, Workers: 4
[204.133s][debug][gc,phases      ] GC(37)     Total                          Min: 0, Avg: 11009.0, Max: 18816, Diff: 18816, Sum: 44036, Workers: 4
[204.133s][debug][gc,phases      ] GC(37)   ResolvedMethodTable Weak       Min:  0.0, Avg:  0.0, Max:  0.0, Diff:  0.0, Sum:  0.1, Workers: 4
[204.133s][debug][gc,phases      ] GC(37)     Dead                           Min: 0, Avg:  0.0, Max: 0, Diff: 0, Sum: 0, Workers: 4
[204.133s][debug][gc,phases      ] GC(37)     Total                          Min: 0, Avg: 2694.8, Max: 4699, Diff: 4699, Sum: 10779, Workers: 4
[204.133s][debug][gc,phases      ] GC(37)   JNI Weak                       Min:  0.0, Avg:  0.0, Max:  0.0, Diff:  0.0, Sum:  0.0, Workers: 4
[204.133s][debug][gc,phases      ] GC(37)     Dead                           Min: 0, Avg:  0.0, Max: 0, Diff: 0, Sum: 0, Workers: 4
[204.133s][debug][gc,phases      ] GC(37)     Total                          Min: 0, Avg: 12.0, Max: 48, Diff: 48, Sum: 48, Workers: 4
[204.133s][debug][gc,phases      ] GC(37)   StringDedup Table Weak         Min:  0.0, Avg:  0.0, Max:  0.0, Diff:  0.0, Sum:  0.0, Workers: 4
[204.133s][debug][gc,phases      ] GC(37)     Dead                           Min: 0, Avg:  0.0, Max: 0, Diff: 0, Sum: 0, Workers: 4
[204.133s][debug][gc,phases      ] GC(37)     Total                          Min: 0, Avg:  0.0, Max: 0, Diff: 0, Sum: 0, Workers: 4
[204.133s][debug][gc,phases      ] GC(37)   StringDedup Requests0 Weak     Min:  0.0, Avg:  0.0, Max:  0.0, Diff:  0.0, Sum:  0.0, Workers: 4
[204.133s][debug][gc,phases      ] GC(37)     Dead                           Min: 0, Avg:  0.0, Max: 0, Diff: 0, Sum: 0, Workers: 4
[204.133s][debug][gc,phases      ] GC(37)     Total                          Min: 0, Avg:  0.0, Max: 0, Diff: 0, Sum: 0, Workers: 4
[204.133s][debug][gc,phases      ] GC(37)   StringDedup Requests1 Weak     Min:  0.0, Avg:  0.0, Max:  0.0, Diff:  0.0, Sum:  0.0, Workers: 4
[204.133s][debug][gc,phases      ] GC(37)     Dead                           Min: 0, Avg:  0.0, Max: 0, Diff: 0, Sum: 0, Workers: 4
[204.133s][debug][gc,phases      ] GC(37)     Total                          Min: 0, Avg:  0.0, Max: 0, Diff: 0, Sum: 0, Workers: 4
[204.133s][debug][gc,phases      ] GC(37)   Weak JFR Old Object Samples    Min:  0.0, Avg:  0.0, Max:  0.0, Diff:  0.0, Sum:  0.0, Workers: 4
[204.133s][debug][gc,phases      ] GC(37)     Dead                           Min: 0, Avg:  0.0, Max: 0, Diff: 0, Sum: 0, Workers: 4
[204.133s][debug][gc,phases      ] GC(37)     Total                          Min: 0, Avg:  0.0, Max: 0, Diff: 0, Sum: 0, Workers: 4
[204.133s][debug][gc,phases      ] GC(37) Weak Processing 0.324ms
[204.133s][debug][gc,age         ] GC(37) Desired survivor size 423100416 bytes, new threshold 15 (max threshold 15)
[204.133s][info ][gc,heap        ] GC(37) PSYoungGen: 1230144K(1646080K)->24480K(1683968K) Eden: 1205760K(1205760K)->0K(1256448K) From: 24384K(440320K)->24480K(427520K)
[204.133s][info ][gc,heap        ] GC(37) ParOldGen: 439698K(526336K)->439722K(526336K)
[204.133s][info ][gc,metaspace   ] GC(37) Metaspace: 87001K(88064K)->87001K(88064K) NonClass: 74295K(74880K)->74295K(74880K) Class: 12706K(13184K)->12706K(13184K)
[204.133s][info ][gc             ] GC(37) Pause Young (Allocation Failure) 1630M->453M(2158M) 9.449ms
[204.133s][info ][gc,cpu         ] GC(37) User=0.04s Sys=0.00s Real=0.01s
[204.133s][info ][safepoint      ] Safepoint "ParallelGCFailedAllocation", Time since last: 1256187044 ns, Reaching safepoint: 4400 ns, Cleanup: 9200 ns, At safepoint: 9506671 ns, Total: 9520271 ns
[206.133s][info ][safepoint      ] Safepoint "Cleanup", Time since last: 2000139419 ns, Reaching safepoint: 4400 ns, Cleanup: 7900 ns, At safepoint: 1700 ns, Total: 14000 ns
[207.133s][info ][safepoint      ] Safepoint "Cleanup", Time since last: 1000104609 ns, Reaching safepoint: 55100 ns, Cleanup: 10900 ns, At safepoint: 7500 ns, Total: 73500 ns
[208.133s][info ][safepoint      ] Safepoint "Cleanup", Time since last: 1000135009 ns, Reaching safepoint: 4600 ns, Cleanup: 6600 ns, At safepoint: 1900 ns, Total: 13100 ns
[212.134s][info ][safepoint      ] Safepoint "Cleanup", Time since last: 4000294905 ns, Reaching safepoint: 4800 ns, Cleanup: 15500 ns, At safepoint: 1900 ns, Total: 22200 ns
[212.827s][info ][gc,start       ] GC(38) Pause Young (Allocation Failure)
[212.837s][debug][gc,phases      ] GC(38) Scavenge 9.280ms
[212.837s][debug][gc,ref         ] GC(38) Skipped phase 1 of Reference Processing: no references
[212.837s][debug][gc,ref         ] GC(38) ReferenceProcessor::execute queues: 1, RefProcThreadModel::Single, marks_oops_alive: false
[212.837s][debug][gc,ref         ] GC(38) Skipped phase 3 of Reference Processing: no references
[212.837s][debug][gc,ref         ] GC(38) Skipped phase 4 of Reference Processing: no references
[212.837s][debug][gc,phases      ] GC(38) Reference Processing 0.115ms
[212.837s][debug][gc,phases      ] GC(38)   VM Weak                        Min:  0.0, Avg:  0.0, Max:  0.0, Diff:  0.0, Sum:  0.0, Workers: 4
[212.837s][debug][gc,phases      ] GC(38)     Dead                           Min: 0, Avg:  0.0, Max: 0, Diff: 0, Sum: 0, Workers: 4
[212.837s][debug][gc,phases      ] GC(38)     Total                          Min: 0, Avg: 225.8, Max: 512, Diff: 512, Sum: 903, Workers: 4
[212.837s][debug][gc,phases      ] GC(38)   ObjectSynchronizer Weak        Min:  0.0, Avg:  0.0, Max:  0.0, Diff:  0.0, Sum:  0.0, Workers: 4
[212.837s][debug][gc,phases      ] GC(38)     Dead                           Min: 0, Avg:  0.0, Max: 0, Diff: 0, Sum: 0, Workers: 4
[212.837s][debug][gc,phases      ] GC(38)     Total                          Min: 0, Avg:  1.8, Max: 7, Diff: 7, Sum: 7, Workers: 4
[212.837s][debug][gc,phases      ] GC(38)   JVMTI Tag Weak OopStorage      Min:  0.0, Avg:  0.0, Max:  0.0, Diff:  0.0, Sum:  0.0, Workers: 4
[212.837s][debug][gc,phases      ] GC(38)     Dead                           Min: 0, Avg:  0.0, Max: 0, Diff: 0, Sum: 0, Workers: 4
[212.837s][debug][gc,phases      ] GC(38)     Total                          Min: 0, Avg:  0.0, Max: 0, Diff: 0, Sum: 0, Workers: 4
[212.837s][debug][gc,phases      ] GC(38)   StringTable Weak               Min:  0.0, Avg:  0.1, Max:  0.1, Diff:  0.1, Sum:  0.4, Workers: 4
[212.837s][debug][gc,phases      ] GC(38)     Dead                           Min: 0, Avg:  0.0, Max: 0, Diff: 0, Sum: 0, Workers: 4
[212.837s][debug][gc,phases      ] GC(38)     Total                          Min: 0, Avg: 11009.5, Max: 17536, Diff: 17536, Sum: 44038, Workers: 4
[212.837s][debug][gc,phases      ] GC(38)   ResolvedMethodTable Weak       Min:  0.0, Avg:  0.0, Max:  0.0, Diff:  0.0, Sum:  0.1, Workers: 4
[212.837s][debug][gc,phases      ] GC(38)     Dead                           Min: 0, Avg:  0.0, Max: 0, Diff: 0, Sum: 0, Workers: 4
[212.837s][debug][gc,phases      ] GC(38)     Total                          Min: 0, Avg: 2694.8, Max: 4379, Diff: 4379, Sum: 10779, Workers: 4
[212.837s][debug][gc,phases      ] GC(38)   JNI Weak                       Min:  0.0, Avg:  0.0, Max:  0.0, Diff:  0.0, Sum:  0.0, Workers: 4
[212.837s][debug][gc,phases      ] GC(38)     Dead                           Min: 0, Avg:  0.0, Max: 0, Diff: 0, Sum: 0, Workers: 4
[212.837s][debug][gc,phases      ] GC(38)     Total                          Min: 0, Avg: 12.0, Max: 48, Diff: 48, Sum: 48, Workers: 4
[212.837s][debug][gc,phases      ] GC(38)   StringDedup Table Weak         Min:  0.0, Avg:  0.0, Max:  0.0, Diff:  0.0, Sum:  0.0, Workers: 4
[212.837s][debug][gc,phases      ] GC(38)     Dead                           Min: 0, Avg:  0.0, Max: 0, Diff: 0, Sum: 0, Workers: 4
[212.837s][debug][gc,phases      ] GC(38)     Total                          Min: 0, Avg:  0.0, Max: 0, Diff: 0, Sum: 0, Workers: 4
[212.837s][debug][gc,phases      ] GC(38)   StringDedup Requests0 Weak     Min:  0.0, Avg:  0.0, Max:  0.0, Diff:  0.0, Sum:  0.0, Workers: 4
[212.837s][debug][gc,phases      ] GC(38)     Dead                           Min: 0, Avg:  0.0, Max: 0, Diff: 0, Sum: 0, Workers: 4
[212.837s][debug][gc,phases      ] GC(38)     Total                          Min: 0, Avg:  0.0, Max: 0, Diff: 0, Sum: 0, Workers: 4
[212.837s][debug][gc,phases      ] GC(38)   StringDedup Requests1 Weak     Min:  0.0, Avg:  0.0, Max:  0.0, Diff:  0.0, Sum:  0.0, Workers: 4
[212.837s][debug][gc,phases      ] GC(38)     Dead                           Min: 0, Avg:  0.0, Max: 0, Diff: 0, Sum: 0, Workers: 4
[212.837s][debug][gc,phases      ] GC(38)     Total                          Min: 0, Avg:  0.0, Max: 0, Diff: 0, Sum: 0, Workers: 4
[212.837s][debug][gc,phases      ] GC(38)   Weak JFR Old Object Samples    Min:  0.0, Avg:  0.0, Max:  0.0, Diff:  0.0, Sum:  0.0, Workers: 4
[212.837s][debug][gc,phases      ] GC(38)     Dead                           Min: 0, Avg:  0.0, Max: 0, Diff: 0, Sum: 0, Workers: 4
[212.837s][debug][gc,phases      ] GC(38)     Total                          Min: 0, Avg:  0.0, Max: 0, Diff: 0, Sum: 0, Workers: 4
[212.837s][debug][gc,phases      ] GC(38) Weak Processing 0.354ms
[212.837s][debug][gc,age         ] GC(38) Desired survivor size 406847488 bytes, new threshold 15 (max threshold 15)
[212.837s][info ][gc,heap        ] GC(38) PSYoungGen: 1280928K(1683968K)->24624K(1669632K) Eden: 1256448K(1256448K)->0K(1256448K) From: 24480K(427520K)->24624K(413184K)
[212.837s][info ][gc,heap        ] GC(38) ParOldGen: 439722K(526336K)->439754K(526336K)
[212.837s][info ][gc,metaspace   ] GC(38) Metaspace: 87010K(88128K)->87010K(88128K) NonClass: 74304K(74944K)->74304K(74944K) Class: 12706K(13184K)->12706K(13184K)
[212.837s][info ][gc             ] GC(38) Pause Young (Allocation Failure) 1680M->453M(2144M) 9.856ms
[212.837s][info ][gc,cpu         ] GC(38) User=0.04s Sys=0.00s Real=0.00s
[212.837s][info ][safepoint      ] Safepoint "ParallelGCFailedAllocation", Time since last: 693677650 ns, Reaching safepoint: 4400 ns, Cleanup: 3400 ns, At safepoint: 9942670 ns, Total: 9950470 ns
[217.838s][info ][safepoint      ] Safepoint "Cleanup", Time since last: 5000333904 ns, Reaching safepoint: 4100 ns, Cleanup: 9300 ns, At safepoint: 1800 ns, Total: 15200 ns
[218.838s][info ][safepoint      ] Safepoint "Cleanup", Time since last: 1000091001 ns, Reaching safepoint: 3900 ns, Cleanup: 44500 ns, At safepoint: 2300 ns, Total: 50700 ns
[220.838s][info ][safepoint      ] Safepoint "Cleanup", Time since last: 2000126473 ns, Reaching safepoint: 5500 ns, Cleanup: 8100 ns, At safepoint: 2100 ns, Total: 15700 ns
[221.550s][info ][gc,start       ] GC(39) Pause Young (Allocation Failure)
[221.560s][debug][gc,phases      ] GC(39) Scavenge 9.862ms
[221.560s][debug][gc,ref         ] GC(39) Skipped phase 1 of Reference Processing: no references
[221.560s][debug][gc,ref         ] GC(39) ReferenceProcessor::execute queues: 1, RefProcThreadModel::Single, marks_oops_alive: false
[221.560s][debug][gc,ref         ] GC(39) Skipped phase 3 of Reference Processing: no references
[221.560s][debug][gc,ref         ] GC(39) Skipped phase 4 of Reference Processing: no references
[221.560s][debug][gc,phases      ] GC(39) Reference Processing 0.117ms
[221.560s][debug][gc,phases      ] GC(39)   VM Weak                        Min:  0.0, Avg:  0.0, Max:  0.0, Diff:  0.0, Sum:  0.0, Workers: 4
[221.560s][debug][gc,phases      ] GC(39)     Dead                           Min: 0, Avg:  0.0, Max: 0, Diff: 0, Sum: 0, Workers: 4
[221.560s][debug][gc,phases      ] GC(39)     Total                          Min: 0, Avg: 225.8, Max: 576, Diff: 576, Sum: 903, Workers: 4
[221.560s][debug][gc,phases      ] GC(39)   ObjectSynchronizer Weak        Min:  0.0, Avg:  0.0, Max:  0.0, Diff:  0.0, Sum:  0.0, Workers: 4
[221.560s][debug][gc,phases      ] GC(39)     Dead                           Min: 0, Avg:  0.0, Max: 0, Diff: 0, Sum: 0, Workers: 4
[221.560s][debug][gc,phases      ] GC(39)     Total                          Min: 0, Avg:  1.8, Max: 7, Diff: 7, Sum: 7, Workers: 4
[221.560s][debug][gc,phases      ] GC(39)   JVMTI Tag Weak OopStorage      Min:  0.0, Avg:  0.0, Max:  0.0, Diff:  0.0, Sum:  0.0, Workers: 4
[221.560s][debug][gc,phases      ] GC(39)     Dead                           Min: 0, Avg:  0.0, Max: 0, Diff: 0, Sum: 0, Workers: 4
[221.560s][debug][gc,phases      ] GC(39)     Total                          Min: 0, Avg:  0.0, Max: 0, Diff: 0, Sum: 0, Workers: 4
[221.560s][debug][gc,phases      ] GC(39)   StringTable Weak               Min:  0.0, Avg:  0.1, Max:  0.1, Diff:  0.1, Sum:  0.4, Workers: 4
[221.560s][debug][gc,phases      ] GC(39)     Dead                           Min: 0, Avg:  0.0, Max: 0, Diff: 0, Sum: 0, Workers: 4
[221.560s][debug][gc,phases      ] GC(39)     Total                          Min: 0, Avg: 11013.5, Max: 17878, Diff: 17878, Sum: 44054, Workers: 4
[221.560s][debug][gc,phases      ] GC(39)   ResolvedMethodTable Weak       Min:  0.0, Avg:  0.0, Max:  0.0, Diff:  0.0, Sum:  0.1, Workers: 4
[221.560s][debug][gc,phases      ] GC(39)     Dead                           Min: 0, Avg:  0.0, Max: 0, Diff: 0, Sum: 0, Workers: 4
[221.560s][debug][gc,phases      ] GC(39)     Total                          Min: 0, Avg: 2694.8, Max: 4736, Diff: 4736, Sum: 10779, Workers: 4
[221.560s][debug][gc,phases      ] GC(39)   JNI Weak                       Min:  0.0, Avg:  0.0, Max:  0.0, Diff:  0.0, Sum:  0.0, Workers: 4
[221.560s][debug][gc,phases      ] GC(39)     Dead                           Min: 0, Avg:  0.0, Max: 0, Diff: 0, Sum: 0, Workers: 4
[221.560s][debug][gc,phases      ] GC(39)     Total                          Min: 0, Avg: 12.0, Max: 48, Diff: 48, Sum: 48, Workers: 4
[221.560s][debug][gc,phases      ] GC(39)   StringDedup Table Weak         Min:  0.0, Avg:  0.0, Max:  0.0, Diff:  0.0, Sum:  0.0, Workers: 4
[221.560s][debug][gc,phases      ] GC(39)     Dead                           Min: 0, Avg:  0.0, Max: 0, Diff: 0, Sum: 0, Workers: 4
[221.560s][debug][gc,phases      ] GC(39)     Total                          Min: 0, Avg:  0.0, Max: 0, Diff: 0, Sum: 0, Workers: 4
[221.561s][debug][gc,phases      ] GC(39)   StringDedup Requests0 Weak     Min:  0.0, Avg:  0.0, Max:  0.0, Diff:  0.0, Sum:  0.0, Workers: 4
[221.561s][debug][gc,phases      ] GC(39)     Dead                           Min: 0, Avg:  0.0, Max: 0, Diff: 0, Sum: 0, Workers: 4
[221.561s][debug][gc,phases      ] GC(39)     Total                          Min: 0, Avg:  0.0, Max: 0, Diff: 0, Sum: 0, Workers: 4
[221.561s][debug][gc,phases      ] GC(39)   StringDedup Requests1 Weak     Min:  0.0, Avg:  0.0, Max:  0.0, Diff:  0.0, Sum:  0.0, Workers: 4
[221.561s][debug][gc,phases      ] GC(39)     Dead                           Min: 0, Avg:  0.0, Max: 0, Diff: 0, Sum: 0, Workers: 4
[221.561s][debug][gc,phases      ] GC(39)     Total                          Min: 0, Avg:  0.0, Max: 0, Diff: 0, Sum: 0, Workers: 4
[221.561s][debug][gc,phases      ] GC(39)   Weak JFR Old Object Samples    Min:  0.0, Avg:  0.0, Max:  0.0, Diff:  0.0, Sum:  0.0, Workers: 4
[221.561s][debug][gc,phases      ] GC(39)     Dead                           Min: 0, Avg:  0.0, Max: 0, Diff: 0, Sum: 0, Workers: 4
[221.561s][debug][gc,phases      ] GC(39)     Total                          Min: 0, Avg:  0.0, Max: 0, Diff: 0, Sum: 0, Workers: 4
[221.561s][debug][gc,phases      ] GC(39) Weak Processing 0.375ms
[221.561s][debug][gc,age         ] GC(39) Desired survivor size 390070272 bytes, new threshold 15 (max threshold 15)
[221.561s][info ][gc,heap        ] GC(39) PSYoungGen: 1281072K(1669632K)->24848K(1716224K) Eden: 1256448K(1256448K)->0K(1318912K) From: 24624K(413184K)->24848K(397312K)
[221.561s][info ][gc,heap        ] GC(39) ParOldGen: 439754K(526336K)->439770K(526336K)
[221.561s][info ][gc,metaspace   ] GC(39) Metaspace: 87021K(88128K)->87021K(88128K) NonClass: 74315K(74944K)->74315K(74944K) Class: 12706K(13184K)->12706K(13184K)
[221.561s][info ][gc             ] GC(39) Pause Young (Allocation Failure) 1680M->453M(2190M) 10.453ms
[221.561s][info ][gc,cpu         ] GC(39) User=0.04s Sys=0.00s Real=0.01s
[221.561s][info ][safepoint      ] Safepoint "ParallelGCFailedAllocation", Time since last: 711976795 ns, Reaching safepoint: 76400 ns, Cleanup: 6500 ns, At safepoint: 10516868 ns, Total: 10599768 ns
[222.561s][info ][safepoint      ] Safepoint "Cleanup", Time since last: 1000087943 ns, Reaching safepoint: 71800 ns, Cleanup: 8500 ns, At safepoint: 4300 ns, Total: 84600 ns
[223.561s][info ][safepoint      ] Safepoint "Cleanup", Time since last: 1000105742 ns, Reaching safepoint: 80100 ns, Cleanup: 12000 ns, At safepoint: 7600 ns, Total: 99700 ns
[228.561s][info ][safepoint      ] Safepoint "Cleanup", Time since last: 5000403517 ns, Reaching safepoint: 77100 ns, Cleanup: 8200 ns, At safepoint: 6700 ns, Total: 92000 ns
[229.562s][info ][safepoint      ] Safepoint "Cleanup", Time since last: 1000114946 ns, Reaching safepoint: 72600 ns, Cleanup: 30400 ns, At safepoint: 6400 ns, Total: 109400 ns
[230.725s][info ][gc,start       ] GC(40) Pause Young (Allocation Failure)
[230.734s][debug][gc,phases      ] GC(40) Scavenge 8.760ms
[230.734s][debug][gc,ref         ] GC(40) Skipped phase 1 of Reference Processing: no references
[230.734s][debug][gc,ref         ] GC(40) ReferenceProcessor::execute queues: 1, RefProcThreadModel::Single, marks_oops_alive: false
[230.734s][debug][gc,ref         ] GC(40) Skipped phase 3 of Reference Processing: no references
[230.734s][debug][gc,ref         ] GC(40) Skipped phase 4 of Reference Processing: no references
[230.734s][debug][gc,phases      ] GC(40) Reference Processing 0.110ms
[230.734s][debug][gc,phases      ] GC(40)   VM Weak                        Min:  0.0, Avg:  0.0, Max:  0.0, Diff:  0.0, Sum:  0.0, Workers: 4
[230.734s][debug][gc,phases      ] GC(40)     Dead                           Min: 0, Avg:  0.0, Max: 0, Diff: 0, Sum: 0, Workers: 4
[230.734s][debug][gc,phases      ] GC(40)     Total                          Min: 0, Avg: 225.8, Max: 704, Diff: 704, Sum: 903, Workers: 4
[230.734s][debug][gc,phases      ] GC(40)   ObjectSynchronizer Weak        Min:  0.0, Avg:  0.0, Max:  0.0, Diff:  0.0, Sum:  0.0, Workers: 4
[230.734s][debug][gc,phases      ] GC(40)     Dead                           Min: 0, Avg:  0.0, Max: 0, Diff: 0, Sum: 0, Workers: 4
[230.734s][debug][gc,phases      ] GC(40)     Total                          Min: 0, Avg:  1.8, Max: 7, Diff: 7, Sum: 7, Workers: 4
[230.734s][debug][gc,phases      ] GC(40)   JVMTI Tag Weak OopStorage      Min:  0.0, Avg:  0.0, Max:  0.0, Diff:  0.0, Sum:  0.0, Workers: 4
[230.734s][debug][gc,phases      ] GC(40)     Dead                           Min: 0, Avg:  0.0, Max: 0, Diff: 0, Sum: 0, Workers: 4
[230.734s][debug][gc,phases      ] GC(40)     Total                          Min: 0, Avg:  0.0, Max: 0, Diff: 0, Sum: 0, Workers: 4
[230.734s][debug][gc,phases      ] GC(40)   StringTable Weak               Min:  0.1, Avg:  0.1, Max:  0.1, Diff:  0.0, Sum:  0.5, Workers: 4
[230.734s][debug][gc,phases      ] GC(40)     Dead                           Min: 0, Avg:  0.0, Max: 0, Diff: 0, Sum: 0, Workers: 4
[230.734s][debug][gc,phases      ] GC(40)     Total                          Min: 9752, Avg: 11014.0, Max: 11904, Diff: 2152, Sum: 44056, Workers: 4
[230.734s][debug][gc,phases      ] GC(40)   ResolvedMethodTable Weak       Min:  0.0, Avg:  0.0, Max:  0.0, Diff:  0.0, Sum:  0.1, Workers: 4
[230.734s][debug][gc,phases      ] GC(40)     Dead                           Min: 0, Avg:  0.0, Max: 0, Diff: 0, Sum: 0, Workers: 4
[230.734s][debug][gc,phases      ] GC(40)     Total                          Min: 2524, Avg: 2694.8, Max: 3136, Diff: 612, Sum: 10779, Workers: 4
[230.734s][debug][gc,phases      ] GC(40)   JNI Weak                       Min:  0.0, Avg:  0.0, Max:  0.0, Diff:  0.0, Sum:  0.0, Workers: 4
[230.734s][debug][gc,phases      ] GC(40)     Dead                           Min: 0, Avg:  0.0, Max: 0, Diff: 0, Sum: 0, Workers: 4
[230.734s][debug][gc,phases      ] GC(40)     Total                          Min: 0, Avg: 12.0, Max: 48, Diff: 48, Sum: 48, Workers: 4
[230.734s][debug][gc,phases      ] GC(40)   StringDedup Table Weak         Min:  0.0, Avg:  0.0, Max:  0.0, Diff:  0.0, Sum:  0.0, Workers: 4
[230.734s][debug][gc,phases      ] GC(40)     Dead                           Min: 0, Avg:  0.0, Max: 0, Diff: 0, Sum: 0, Workers: 4
[230.734s][debug][gc,phases      ] GC(40)     Total                          Min: 0, Avg:  0.0, Max: 0, Diff: 0, Sum: 0, Workers: 4
[230.734s][debug][gc,phases      ] GC(40)   StringDedup Requests0 Weak     Min:  0.0, Avg:  0.0, Max:  0.0, Diff:  0.0, Sum:  0.0, Workers: 4
[230.734s][debug][gc,phases      ] GC(40)     Dead                           Min: 0, Avg:  0.0, Max: 0, Diff: 0, Sum: 0, Workers: 4
[230.734s][debug][gc,phases      ] GC(40)     Total                          Min: 0, Avg:  0.0, Max: 0, Diff: 0, Sum: 0, Workers: 4
[230.734s][debug][gc,phases      ] GC(40)   StringDedup Requests1 Weak     Min:  0.0, Avg:  0.0, Max:  0.0, Diff:  0.0, Sum:  0.0, Workers: 4
[230.734s][debug][gc,phases      ] GC(40)     Dead                           Min: 0, Avg:  0.0, Max: 0, Diff: 0, Sum: 0, Workers: 4
[230.734s][debug][gc,phases      ] GC(40)     Total                          Min: 0, Avg:  0.0, Max: 0, Diff: 0, Sum: 0, Workers: 4
[230.734s][debug][gc,phases      ] GC(40)   Weak JFR Old Object Samples    Min:  0.0, Avg:  0.0, Max:  0.0, Diff:  0.0, Sum:  0.0, Workers: 4
[230.734s][debug][gc,phases      ] GC(40)     Dead                           Min: 0, Avg:  0.0, Max: 0, Diff: 0, Sum: 0, Workers: 4
[230.734s][debug][gc,phases      ] GC(40)     Total                          Min: 0, Avg:  0.0, Max: 0, Diff: 0, Sum: 0, Workers: 4
[230.734s][debug][gc,phases      ] GC(40) Weak Processing 0.317ms
[230.734s][debug][gc,age         ] GC(40) Desired survivor size 372768768 bytes, new threshold 15 (max threshold 15)
[230.734s][info ][gc,heap        ] GC(40) PSYoungGen: 1343760K(1716224K)->24784K(1699840K) Eden: 1318912K(1318912K)->0K(1318912K) From: 24848K(397312K)->24784K(380928K)
[230.734s][info ][gc,heap        ] GC(40) ParOldGen: 439770K(526336K)->439802K(526336K)
[230.734s][info ][gc,metaspace   ] GC(40) Metaspace: 87034K(88128K)->87034K(88128K) NonClass: 74328K(74944K)->74328K(74944K) Class: 12706K(13184K)->12706K(13184K)
[230.734s][info ][gc             ] GC(40) Pause Young (Allocation Failure) 1741M->453M(2174M) 9.282ms
[230.734s][info ][gc,cpu         ] GC(40) User=0.04s Sys=0.00s Real=0.01s
[230.734s][info ][safepoint      ] Safepoint "ParallelGCFailedAllocation", Time since last: 1163178964 ns, Reaching safepoint: 3900 ns, Cleanup: 3500 ns, At safepoint: 9340672 ns, Total: 9348072 ns
[232.734s][info ][safepoint      ] Safepoint "Cleanup", Time since last: 2000137993 ns, Reaching safepoint: 4700 ns, Cleanup: 10000 ns, At safepoint: 1900 ns, Total: 16600 ns
[233.735s][info ][safepoint      ] Safepoint "Cleanup", Time since last: 1000105746 ns, Reaching safepoint: 4200 ns, Cleanup: 11500 ns, At safepoint: 1800 ns, Total: 17500 ns
[234.735s][info ][safepoint      ] Safepoint "Cleanup", Time since last: 1000093446 ns, Reaching safepoint: 4600 ns, Cleanup: 11100 ns, At safepoint: 1899 ns, Total: 17599 ns
[236.735s][info ][safepoint      ] Safepoint "Cleanup", Time since last: 2000173532 ns, Reaching safepoint: 3900 ns, Cleanup: 7100 ns, At safepoint: 1800 ns, Total: 12800 ns
[237.735s][info ][safepoint      ] Safepoint "Cleanup", Time since last: 1000062013 ns, Reaching safepoint: 4400 ns, Cleanup: 8900 ns, At safepoint: 1800 ns, Total: 15100 ns
[239.735s][info ][safepoint      ] Safepoint "Cleanup", Time since last: 2000168625 ns, Reaching safepoint: 4800 ns, Cleanup: 17700 ns, At safepoint: 2200 ns, Total: 24700 ns
[239.800s][info ][gc,start       ] GC(41) Pause Young (Allocation Failure)
[239.811s][debug][gc,phases      ] GC(41) Scavenge 11.369ms
[239.811s][debug][gc,ref         ] GC(41) Skipped phase 1 of Reference Processing: no references
[239.811s][debug][gc,ref         ] GC(41) ReferenceProcessor::execute queues: 1, RefProcThreadModel::Single, marks_oops_alive: false
[239.811s][debug][gc,ref         ] GC(41) Skipped phase 3 of Reference Processing: no references
[239.811s][debug][gc,ref         ] GC(41) Skipped phase 4 of Reference Processing: no references
[239.811s][debug][gc,phases      ] GC(41) Reference Processing 0.101ms
[239.811s][debug][gc,phases      ] GC(41)   VM Weak                        Min:  0.0, Avg:  0.0, Max:  0.0, Diff:  0.0, Sum:  0.0, Workers: 4
[239.811s][debug][gc,phases      ] GC(41)     Dead                           Min: 0, Avg:  0.0, Max: 0, Diff: 0, Sum: 0, Workers: 4
[239.811s][debug][gc,phases      ] GC(41)     Total                          Min: 0, Avg: 225.8, Max: 832, Diff: 832, Sum: 903, Workers: 4
[239.811s][debug][gc,phases      ] GC(41)   ObjectSynchronizer Weak        Min:  0.0, Avg:  0.0, Max:  0.0, Diff:  0.0, Sum:  0.0, Workers: 4
[239.811s][debug][gc,phases      ] GC(41)     Dead                           Min: 0, Avg:  0.0, Max: 0, Diff: 0, Sum: 0, Workers: 4
[239.811s][debug][gc,phases      ] GC(41)     Total                          Min: 0, Avg:  1.8, Max: 7, Diff: 7, Sum: 7, Workers: 4
[239.811s][debug][gc,phases      ] GC(41)   JVMTI Tag Weak OopStorage      Min:  0.0, Avg:  0.0, Max:  0.0, Diff:  0.0, Sum:  0.0, Workers: 4
[239.811s][debug][gc,phases      ] GC(41)     Dead                           Min: 0, Avg:  0.0, Max: 0, Diff: 0, Sum: 0, Workers: 4
[239.811s][debug][gc,phases      ] GC(41)     Total                          Min: 0, Avg:  0.0, Max: 0, Diff: 0, Sum: 0, Workers: 4
[239.811s][debug][gc,phases      ] GC(41)   StringTable Weak               Min:  0.0, Avg:  0.1, Max:  0.1, Diff:  0.1, Sum:  0.4, Workers: 4
[239.811s][debug][gc,phases      ] GC(41)     Dead                           Min: 0, Avg:  0.0, Max: 0, Diff: 0, Sum: 0, Workers: 4
[239.811s][debug][gc,phases      ] GC(41)     Total                          Min: 0, Avg: 11014.8, Max: 18523, Diff: 18523, Sum: 44059, Workers: 4
[239.811s][debug][gc,phases      ] GC(41)   ResolvedMethodTable Weak       Min:  0.0, Avg:  0.0, Max:  0.0, Diff:  0.0, Sum:  0.1, Workers: 4
[239.811s][debug][gc,phases      ] GC(41)     Dead                           Min: 0, Avg:  0.0, Max: 0, Diff: 0, Sum: 0, Workers: 4
[239.811s][debug][gc,phases      ] GC(41)     Total                          Min: 0, Avg: 2694.8, Max: 4480, Diff: 4480, Sum: 10779, Workers: 4
[239.811s][debug][gc,phases      ] GC(41)   JNI Weak                       Min:  0.0, Avg:  0.0, Max:  0.0, Diff:  0.0, Sum:  0.0, Workers: 4
[239.811s][debug][gc,phases      ] GC(41)     Dead                           Min: 0, Avg:  0.0, Max: 0, Diff: 0, Sum: 0, Workers: 4
[239.811s][debug][gc,phases      ] GC(41)     Total                          Min: 0, Avg: 12.0, Max: 48, Diff: 48, Sum: 48, Workers: 4
[239.811s][debug][gc,phases      ] GC(41)   StringDedup Table Weak         Min:  0.0, Avg:  0.0, Max:  0.0, Diff:  0.0, Sum:  0.0, Workers: 4
[239.811s][debug][gc,phases      ] GC(41)     Dead                           Min: 0, Avg:  0.0, Max: 0, Diff: 0, Sum: 0, Workers: 4
[239.811s][debug][gc,phases      ] GC(41)     Total                          Min: 0, Avg:  0.0, Max: 0, Diff: 0, Sum: 0, Workers: 4
[239.811s][debug][gc,phases      ] GC(41)   StringDedup Requests0 Weak     Min:  0.0, Avg:  0.0, Max:  0.0, Diff:  0.0, Sum:  0.0, Workers: 4
[239.811s][debug][gc,phases      ] GC(41)     Dead                           Min: 0, Avg:  0.0, Max: 0, Diff: 0, Sum: 0, Workers: 4
[239.811s][debug][gc,phases      ] GC(41)     Total                          Min: 0, Avg:  0.0, Max: 0, Diff: 0, Sum: 0, Workers: 4
[239.811s][debug][gc,phases      ] GC(41)   StringDedup Requests1 Weak     Min:  0.0, Avg:  0.0, Max:  0.0, Diff:  0.0, Sum:  0.0, Workers: 4
[239.811s][debug][gc,phases      ] GC(41)     Dead                           Min: 0, Avg:  0.0, Max: 0, Diff: 0, Sum: 0, Workers: 4
[239.811s][debug][gc,phases      ] GC(41)     Total                          Min: 0, Avg:  0.0, Max: 0, Diff: 0, Sum: 0, Workers: 4
[239.811s][debug][gc,phases      ] GC(41)   Weak JFR Old Object Samples    Min:  0.0, Avg:  0.0, Max:  0.0, Diff:  0.0, Sum:  0.0, Workers: 4
[239.811s][debug][gc,phases      ] GC(41)     Dead                           Min: 0, Avg:  0.0, Max: 0, Diff: 0, Sum: 0, Workers: 4
[239.811s][debug][gc,phases      ] GC(41)     Total                          Min: 0, Avg:  0.0, Max: 0, Diff: 0, Sum: 0, Workers: 4
[239.811s][debug][gc,phases      ] GC(41) Weak Processing 0.351ms
[239.811s][debug][gc,age         ] GC(41) Desired survivor size 355467264 bytes, new threshold 15 (max threshold 15)
[239.811s][info ][gc,heap        ] GC(41) PSYoungGen: 1343696K(1699840K)->24784K(1750016K) Eden: 1318912K(1318912K)->0K(1385984K) From: 24784K(380928K)->24784K(364032K)
[239.811s][info ][gc,heap        ] GC(41) ParOldGen: 439802K(526336K)->439842K(526336K)
[239.811s][info ][gc,metaspace   ] GC(41) Metaspace: 87042K(88128K)->87042K(88128K) NonClass: 74336K(74944K)->74336K(74944K) Class: 12706K(13184K)->12706K(13184K)
[239.811s][info ][gc             ] GC(41) Pause Young (Allocation Failure) 1741M->453M(2223M) 11.926ms
[239.811s][info ][gc,cpu         ] GC(41) User=0.03s Sys=0.00s Real=0.01s
[239.811s][info ][safepoint      ] Safepoint "ParallelGCFailedAllocation", Time since last: 64345507 ns, Reaching safepoint: 73000 ns, Cleanup: 3500 ns, At safepoint: 11992664 ns, Total: 12069164 ns
[241.110s][info ][safepoint      ] Safepoint "Cleanup", Time since last: 1298402322 ns, Reaching safepoint: 72799 ns, Cleanup: 17800 ns, At safepoint: 5400 ns, Total: 95999 ns
[242.110s][info ][safepoint      ] Safepoint "Cleanup", Time since last: 1000104713 ns, Reaching safepoint: 68600 ns, Cleanup: 10399 ns, At safepoint: 7200 ns, Total: 86199 ns
[245.893s][info ][safepoint      ] Safepoint "Cleanup", Time since last: 3782360705 ns, Reaching safepoint: 4600 ns, Cleanup: 27200 ns, At safepoint: 2200 ns, Total: 34000 ns
[246.893s][info ][safepoint      ] Safepoint "Cleanup", Time since last: 1000087314 ns, Reaching safepoint: 4800 ns, Cleanup: 9200 ns, At safepoint: 1500 ns, Total: 15500 ns
[248.893s][info ][safepoint      ] Safepoint "Cleanup", Time since last: 2000169927 ns, Reaching safepoint: 4100 ns, Cleanup: 9900 ns, At safepoint: 3200 ns, Total: 17200 ns
[249.448s][info ][gc,start       ] GC(42) Pause Young (Allocation Failure)
[249.458s][debug][gc,phases      ] GC(42) Scavenge 9.623ms
[249.458s][debug][gc,ref         ] GC(42) Skipped phase 1 of Reference Processing: no references
[249.458s][debug][gc,ref         ] GC(42) ReferenceProcessor::execute queues: 1, RefProcThreadModel::Single, marks_oops_alive: false
[249.458s][debug][gc,ref         ] GC(42) Skipped phase 3 of Reference Processing: no references
[249.458s][debug][gc,ref         ] GC(42) Skipped phase 4 of Reference Processing: no references
[249.458s][debug][gc,phases      ] GC(42) Reference Processing 0.093ms
[249.458s][debug][gc,phases      ] GC(42)   VM Weak                        Min:  0.0, Avg:  0.0, Max:  0.0, Diff:  0.0, Sum:  0.0, Workers: 4
[249.458s][debug][gc,phases      ] GC(42)     Dead                           Min: 0, Avg:  0.0, Max: 0, Diff: 0, Sum: 0, Workers: 4
[249.458s][debug][gc,phases      ] GC(42)     Total                          Min: 0, Avg: 225.8, Max: 448, Diff: 448, Sum: 903, Workers: 4
[249.458s][debug][gc,phases      ] GC(42)   ObjectSynchronizer Weak        Min:  0.0, Avg:  0.0, Max:  0.0, Diff:  0.0, Sum:  0.0, Workers: 4
[249.458s][debug][gc,phases      ] GC(42)     Dead                           Min: 0, Avg:  0.0, Max: 0, Diff: 0, Sum: 0, Workers: 4
[249.458s][debug][gc,phases      ] GC(42)     Total                          Min: 0, Avg:  1.2, Max: 5, Diff: 5, Sum: 5, Workers: 4
[249.458s][debug][gc,phases      ] GC(42)   JVMTI Tag Weak OopStorage      Min:  0.0, Avg:  0.0, Max:  0.0, Diff:  0.0, Sum:  0.0, Workers: 4
[249.458s][debug][gc,phases      ] GC(42)     Dead                           Min: 0, Avg:  0.0, Max: 0, Diff: 0, Sum: 0, Workers: 4
[249.458s][debug][gc,phases      ] GC(42)     Total                          Min: 0, Avg:  0.0, Max: 0, Diff: 0, Sum: 0, Workers: 4
[249.458s][debug][gc,phases      ] GC(42)   StringTable Weak               Min:  0.0, Avg:  0.1, Max:  0.1, Diff:  0.1, Sum:  0.4, Workers: 4
[249.458s][debug][gc,phases      ] GC(42)     Dead                           Min: 0, Avg:  0.0, Max: 0, Diff: 0, Sum: 0, Workers: 4
[249.458s][debug][gc,phases      ] GC(42)     Total                          Min: 0, Avg: 11025.8, Max: 19399, Diff: 19399, Sum: 44103, Workers: 4
[249.458s][debug][gc,phases      ] GC(42)   ResolvedMethodTable Weak       Min:  0.0, Avg:  0.0, Max:  0.0, Diff:  0.0, Sum:  0.1, Workers: 4
[249.458s][debug][gc,phases      ] GC(42)     Dead                           Min: 0, Avg:  0.0, Max: 0, Diff: 0, Sum: 0, Workers: 4
[249.458s][debug][gc,phases      ] GC(42)     Total                          Min: 0, Avg: 2694.8, Max: 4223, Diff: 4223, Sum: 10779, Workers: 4
[249.458s][debug][gc,phases      ] GC(42)   JNI Weak                       Min:  0.0, Avg:  0.0, Max:  0.0, Diff:  0.0, Sum:  0.0, Workers: 4
[249.458s][debug][gc,phases      ] GC(42)     Dead                           Min: 0, Avg:  0.0, Max: 0, Diff: 0, Sum: 0, Workers: 4
[249.458s][debug][gc,phases      ] GC(42)     Total                          Min: 0, Avg: 12.0, Max: 48, Diff: 48, Sum: 48, Workers: 4
[249.458s][debug][gc,phases      ] GC(42)   StringDedup Table Weak         Min:  0.0, Avg:  0.0, Max:  0.0, Diff:  0.0, Sum:  0.0, Workers: 4
[249.458s][debug][gc,phases      ] GC(42)     Dead                           Min: 0, Avg:  0.0, Max: 0, Diff: 0, Sum: 0, Workers: 4
[249.458s][debug][gc,phases      ] GC(42)     Total                          Min: 0, Avg:  0.0, Max: 0, Diff: 0, Sum: 0, Workers: 4
[249.458s][debug][gc,phases      ] GC(42)   StringDedup Requests0 Weak     Min:  0.0, Avg:  0.0, Max:  0.0, Diff:  0.0, Sum:  0.0, Workers: 4
[249.458s][debug][gc,phases      ] GC(42)     Dead                           Min: 0, Avg:  0.0, Max: 0, Diff: 0, Sum: 0, Workers: 4
[249.458s][debug][gc,phases      ] GC(42)     Total                          Min: 0, Avg:  0.0, Max: 0, Diff: 0, Sum: 0, Workers: 4
[249.458s][debug][gc,phases      ] GC(42)   StringDedup Requests1 Weak     Min:  0.0, Avg:  0.0, Max:  0.0, Diff:  0.0, Sum:  0.0, Workers: 4
[249.458s][debug][gc,phases      ] GC(42)     Dead                           Min: 0, Avg:  0.0, Max: 0, Diff: 0, Sum: 0, Workers: 4
[249.458s][debug][gc,phases      ] GC(42)     Total                          Min: 0, Avg:  0.0, Max: 0, Diff: 0, Sum: 0, Workers: 4
[249.458s][debug][gc,phases      ] GC(42)   Weak JFR Old Object Samples    Min:  0.0, Avg:  0.0, Max:  0.0, Diff:  0.0, Sum:  0.0, Workers: 4
[249.458s][debug][gc,phases      ] GC(42)     Dead                           Min: 0, Avg:  0.0, Max: 0, Diff: 0, Sum: 0, Workers: 4
[249.458s][debug][gc,phases      ] GC(42)     Total                          Min: 0, Avg:  0.0, Max: 0, Diff: 0, Sum: 0, Workers: 4
[249.458s][debug][gc,phases      ] GC(42) Weak Processing 0.377ms
[249.458s][debug][gc,age         ] GC(42) Desired survivor size 337641472 bytes, new threshold 15 (max threshold 15)
[249.458s][info ][gc,heap        ] GC(42) PSYoungGen: 1410768K(1750016K)->25168K(1733120K) Eden: 1385984K(1385984K)->0K(1385984K) From: 24784K(364032K)->25168K(347136K)
[249.458s][info ][gc,heap        ] GC(42) ParOldGen: 439842K(526336K)->439874K(526336K)
[249.458s][info ][gc,metaspace   ] GC(42) Metaspace: 87050K(88128K)->87050K(88128K) NonClass: 74344K(74944K)->74344K(74944K) Class: 12706K(13184K)->12706K(13184K)
[249.458s][info ][gc             ] GC(42) Pause Young (Allocation Failure) 1807M->454M(2206M) 10.195ms
[249.458s][info ][gc,cpu         ] GC(42) User=0.04s Sys=0.00s Real=0.01s
[249.458s][info ][safepoint      ] Safepoint "ParallelGCFailedAllocation", Time since last: 554943043 ns, Reaching safepoint: 4800 ns, Cleanup: 2800 ns, At safepoint: 10251070 ns, Total: 10258670 ns
[250.458s][info ][safepoint      ] Safepoint "Cleanup", Time since last: 1000092313 ns, Reaching safepoint: 77700 ns, Cleanup: 15900 ns, At safepoint: 6300 ns, Total: 99900 ns
[254.459s][info ][safepoint      ] Safepoint "Cleanup", Time since last: 4000307360 ns, Reaching safepoint: 73399 ns, Cleanup: 8400 ns, At safepoint: 7000 ns, Total: 88799 ns
[256.459s][info ][safepoint      ] Safepoint "Cleanup", Time since last: 2000175530 ns, Reaching safepoint: 76400 ns, Cleanup: 18800 ns, At safepoint: 5400 ns, Total: 100600 ns
[258.459s][info ][safepoint      ] Safepoint "Cleanup", Time since last: 2000158730 ns, Reaching safepoint: 76100 ns, Cleanup: 12000 ns, At safepoint: 5700 ns, Total: 93800 ns
[259.053s][info ][gc,start       ] GC(43) Pause Young (Allocation Failure)
[259.062s][debug][gc,phases      ] GC(43) Scavenge 9.616ms
[259.063s][debug][gc,ref         ] GC(43) Skipped phase 1 of Reference Processing: no references
[259.063s][debug][gc,ref         ] GC(43) ReferenceProcessor::execute queues: 1, RefProcThreadModel::Single, marks_oops_alive: false
[259.063s][debug][gc,ref         ] GC(43) Skipped phase 3 of Reference Processing: no references
[259.063s][debug][gc,ref         ] GC(43) ReferenceProcessor::execute queues: 1, RefProcThreadModel::Single, marks_oops_alive: false
[259.063s][debug][gc,phases      ] GC(43) Reference Processing 0.092ms
[259.063s][debug][gc,phases      ] GC(43)   VM Weak                        Min:  0.0, Avg:  0.0, Max:  0.0, Diff:  0.0, Sum:  0.0, Workers: 4
[259.063s][debug][gc,phases      ] GC(43)     Dead                           Min: 0, Avg:  0.0, Max: 0, Diff: 0, Sum: 0, Workers: 4
[259.063s][debug][gc,phases      ] GC(43)     Total                          Min: 0, Avg: 225.8, Max: 576, Diff: 576, Sum: 903, Workers: 4
[259.063s][debug][gc,phases      ] GC(43)   ObjectSynchronizer Weak        Min:  0.0, Avg:  0.0, Max:  0.0, Diff:  0.0, Sum:  0.0, Workers: 4
[259.063s][debug][gc,phases      ] GC(43)     Dead                           Min: 0, Avg:  0.0, Max: 0, Diff: 0, Sum: 0, Workers: 4
[259.063s][debug][gc,phases      ] GC(43)     Total                          Min: 0, Avg:  1.2, Max: 5, Diff: 5, Sum: 5, Workers: 4
[259.063s][debug][gc,phases      ] GC(43)   JVMTI Tag Weak OopStorage      Min:  0.0, Avg:  0.0, Max:  0.0, Diff:  0.0, Sum:  0.0, Workers: 4
[259.063s][debug][gc,phases      ] GC(43)     Dead                           Min: 0, Avg:  0.0, Max: 0, Diff: 0, Sum: 0, Workers: 4
[259.063s][debug][gc,phases      ] GC(43)     Total                          Min: 0, Avg:  0.0, Max: 0, Diff: 0, Sum: 0, Workers: 4
[259.063s][debug][gc,phases      ] GC(43)   StringTable Weak               Min:  0.0, Avg:  0.1, Max:  0.1, Diff:  0.1, Sum:  0.4, Workers: 4
[259.063s][debug][gc,phases      ] GC(43)     Dead                           Min: 0, Avg:  0.2, Max: 1, Diff: 1, Sum: 1, Workers: 4
[259.063s][debug][gc,phases      ] GC(43)     Total                          Min: 0, Avg: 11026.2, Max: 19072, Diff: 19072, Sum: 44105, Workers: 4
[259.063s][debug][gc,phases      ] GC(43)   ResolvedMethodTable Weak       Min:  0.0, Avg:  0.0, Max:  0.0, Diff:  0.0, Sum:  0.1, Workers: 4
[259.063s][debug][gc,phases      ] GC(43)     Dead                           Min: 0, Avg:  0.0, Max: 0, Diff: 0, Sum: 0, Workers: 4
[259.063s][debug][gc,phases      ] GC(43)     Total                          Min: 0, Avg: 2696.0, Max: 4640, Diff: 4640, Sum: 10784, Workers: 4
[259.063s][debug][gc,phases      ] GC(43)   JNI Weak                       Min:  0.0, Avg:  0.0, Max:  0.0, Diff:  0.0, Sum:  0.0, Workers: 4
[259.063s][debug][gc,phases      ] GC(43)     Dead                           Min: 0, Avg:  0.0, Max: 0, Diff: 0, Sum: 0, Workers: 4
[259.063s][debug][gc,phases      ] GC(43)     Total                          Min: 0, Avg: 12.0, Max: 48, Diff: 48, Sum: 48, Workers: 4
[259.063s][debug][gc,phases      ] GC(43)   StringDedup Table Weak         Min:  0.0, Avg:  0.0, Max:  0.0, Diff:  0.0, Sum:  0.0, Workers: 4
[259.063s][debug][gc,phases      ] GC(43)     Dead                           Min: 0, Avg:  0.0, Max: 0, Diff: 0, Sum: 0, Workers: 4
[259.063s][debug][gc,phases      ] GC(43)     Total                          Min: 0, Avg:  0.0, Max: 0, Diff: 0, Sum: 0, Workers: 4
[259.063s][debug][gc,phases      ] GC(43)   StringDedup Requests0 Weak     Min:  0.0, Avg:  0.0, Max:  0.0, Diff:  0.0, Sum:  0.0, Workers: 4
[259.063s][debug][gc,phases      ] GC(43)     Dead                           Min: 0, Avg:  0.0, Max: 0, Diff: 0, Sum: 0, Workers: 4
[259.063s][debug][gc,phases      ] GC(43)     Total                          Min: 0, Avg:  0.0, Max: 0, Diff: 0, Sum: 0, Workers: 4
[259.063s][debug][gc,phases      ] GC(43)   StringDedup Requests1 Weak     Min:  0.0, Avg:  0.0, Max:  0.0, Diff:  0.0, Sum:  0.0, Workers: 4
[259.063s][debug][gc,phases      ] GC(43)     Dead                           Min: 0, Avg:  0.0, Max: 0, Diff: 0, Sum: 0, Workers: 4
[259.063s][debug][gc,phases      ] GC(43)     Total                          Min: 0, Avg:  0.0, Max: 0, Diff: 0, Sum: 0, Workers: 4
[259.063s][debug][gc,phases      ] GC(43)   Weak JFR Old Object Samples    Min:  0.0, Avg:  0.0, Max:  0.0, Diff:  0.0, Sum:  0.0, Workers: 4
[259.063s][debug][gc,phases      ] GC(43)     Dead                           Min: 0, Avg:  0.0, Max: 0, Diff: 0, Sum: 0, Workers: 4
[259.063s][debug][gc,phases      ] GC(43)     Total                          Min: 0, Avg:  0.0, Max: 0, Diff: 0, Sum: 0, Workers: 4
[259.063s][debug][gc,phases      ] GC(43) Weak Processing 0.337ms
[259.063s][debug][gc,age         ] GC(43) Desired survivor size 320339968 bytes, new threshold 15 (max threshold 15)
[259.063s][info ][gc,heap        ] GC(43) PSYoungGen: 1411152K(1733120K)->24912K(1784320K) Eden: 1385984K(1385984K)->0K(1454592K) From: 25168K(347136K)->24912K(329728K)
[259.063s][info ][gc,heap        ] GC(43) ParOldGen: 439874K(526336K)->439994K(526336K)
[259.063s][info ][gc,metaspace   ] GC(43) Metaspace: 87065K(88128K)->87065K(88128K) NonClass: 74357K(74944K)->74357K(74944K) Class: 12707K(13184K)->12707K(13184K)
[259.063s][info ][gc             ] GC(43) Pause Young (Allocation Failure) 1807M->454M(2256M) 10.151ms
[259.063s][info ][gc,cpu         ] GC(43) User=0.03s Sys=0.00s Real=0.01s
[259.063s][info ][safepoint      ] Safepoint "ParallelGCFailedAllocation", Time since last: 593523128 ns, Reaching safepoint: 78200 ns, Cleanup: 4900 ns, At safepoint: 10218470 ns, Total: 10301570 ns
[260.063s][info ][safepoint      ] Safepoint "Cleanup", Time since last: 1000084215 ns, Reaching safepoint: 72300 ns, Cleanup: 11600 ns, At safepoint: 5000 ns, Total: 88900 ns
[265.064s][info ][safepoint      ] Safepoint "Cleanup", Time since last: 5000364975 ns, Reaching safepoint: 74500 ns, Cleanup: 11400 ns, At safepoint: 7200 ns, Total: 93100 ns
[268.064s][info ][safepoint      ] Safepoint "Cleanup", Time since last: 3000232546 ns, Reaching safepoint: 76600 ns, Cleanup: 11500 ns, At safepoint: 6200 ns, Total: 94300 ns
[268.840s][info ][gc,start       ] GC(44) Pause Young (Allocation Failure)
[268.851s][debug][gc,phases      ] GC(44) Scavenge 11.296ms
[268.851s][debug][gc,ref         ] GC(44) Skipped phase 1 of Reference Processing: no references
[268.851s][debug][gc,ref         ] GC(44) ReferenceProcessor::execute queues: 1, RefProcThreadModel::Single, marks_oops_alive: false
[268.851s][debug][gc,ref         ] GC(44) Skipped phase 3 of Reference Processing: no references
[268.851s][debug][gc,ref         ] GC(44) Skipped phase 4 of Reference Processing: no references
[268.851s][debug][gc,phases      ] GC(44) Reference Processing 0.095ms
[268.852s][debug][gc,phases      ] GC(44)   VM Weak                        Min:  0.0, Avg:  0.0, Max:  0.0, Diff:  0.0, Sum:  0.0, Workers: 4
[268.852s][debug][gc,phases      ] GC(44)     Dead                           Min: 0, Avg:  0.0, Max: 0, Diff: 0, Sum: 0, Workers: 4
[268.852s][debug][gc,phases      ] GC(44)     Total                          Min: 0, Avg: 225.8, Max: 455, Diff: 455, Sum: 903, Workers: 4
[268.852s][debug][gc,phases      ] GC(44)   ObjectSynchronizer Weak        Min:  0.0, Avg:  0.0, Max:  0.0, Diff:  0.0, Sum:  0.0, Workers: 4
[268.852s][debug][gc,phases      ] GC(44)     Dead                           Min: 0, Avg:  0.0, Max: 0, Diff: 0, Sum: 0, Workers: 4
[268.852s][debug][gc,phases      ] GC(44)     Total                          Min: 0, Avg:  1.2, Max: 5, Diff: 5, Sum: 5, Workers: 4
[268.852s][debug][gc,phases      ] GC(44)   JVMTI Tag Weak OopStorage      Min:  0.0, Avg:  0.0, Max:  0.0, Diff:  0.0, Sum:  0.0, Workers: 4
[268.852s][debug][gc,phases      ] GC(44)     Dead                           Min: 0, Avg:  0.0, Max: 0, Diff: 0, Sum: 0, Workers: 4
[268.852s][debug][gc,phases      ] GC(44)     Total                          Min: 0, Avg:  0.0, Max: 0, Diff: 0, Sum: 0, Workers: 4
[268.852s][debug][gc,phases      ] GC(44)   StringTable Weak               Min:  0.0, Avg:  0.1, Max:  0.2, Diff:  0.2, Sum:  0.3, Workers: 4
[268.852s][debug][gc,phases      ] GC(44)     Dead                           Min: 0, Avg:  0.0, Max: 0, Diff: 0, Sum: 0, Workers: 4
[268.852s][debug][gc,phases      ] GC(44)     Total                          Min: 0, Avg: 11026.2, Max: 27136, Diff: 27136, Sum: 44105, Workers: 4
[268.852s][debug][gc,phases      ] GC(44)   ResolvedMethodTable Weak       Min:  0.0, Avg:  0.0, Max:  0.0, Diff:  0.0, Sum:  0.1, Workers: 4
[268.852s][debug][gc,phases      ] GC(44)     Dead                           Min: 0, Avg:  0.0, Max: 0, Diff: 0, Sum: 0, Workers: 4
[268.852s][debug][gc,phases      ] GC(44)     Total                          Min: 0, Avg: 2696.0, Max: 6561, Diff: 6561, Sum: 10784, Workers: 4
[268.852s][debug][gc,phases      ] GC(44)   JNI Weak                       Min:  0.0, Avg:  0.0, Max:  0.0, Diff:  0.0, Sum:  0.0, Workers: 4
[268.852s][debug][gc,phases      ] GC(44)     Dead                           Min: 0, Avg:  0.0, Max: 0, Diff: 0, Sum: 0, Workers: 4
[268.852s][debug][gc,phases      ] GC(44)     Total                          Min: 0, Avg: 12.0, Max: 48, Diff: 48, Sum: 48, Workers: 4
[268.852s][debug][gc,phases      ] GC(44)   StringDedup Table Weak         Min:  0.0, Avg:  0.0, Max:  0.0, Diff:  0.0, Sum:  0.0, Workers: 4
[268.852s][debug][gc,phases      ] GC(44)     Dead                           Min: 0, Avg:  0.0, Max: 0, Diff: 0, Sum: 0, Workers: 4
[268.852s][debug][gc,phases      ] GC(44)     Total                          Min: 0, Avg:  0.0, Max: 0, Diff: 0, Sum: 0, Workers: 4
[268.852s][debug][gc,phases      ] GC(44)   StringDedup Requests0 Weak     Min:  0.0, Avg:  0.0, Max:  0.0, Diff:  0.0, Sum:  0.0, Workers: 4
[268.852s][debug][gc,phases      ] GC(44)     Dead                           Min: 0, Avg:  0.0, Max: 0, Diff: 0, Sum: 0, Workers: 4
[268.852s][debug][gc,phases      ] GC(44)     Total                          Min: 0, Avg:  0.0, Max: 0, Diff: 0, Sum: 0, Workers: 4
[268.852s][debug][gc,phases      ] GC(44)   StringDedup Requests1 Weak     Min:  0.0, Avg:  0.0, Max:  0.0, Diff:  0.0, Sum:  0.0, Workers: 4
[268.852s][debug][gc,phases      ] GC(44)     Dead                           Min: 0, Avg:  0.0, Max: 0, Diff: 0, Sum: 0, Workers: 4
[268.852s][debug][gc,phases      ] GC(44)     Total                          Min: 0, Avg:  0.0, Max: 0, Diff: 0, Sum: 0, Workers: 4
[268.852s][debug][gc,phases      ] GC(44)   Weak JFR Old Object Samples    Min:  0.0, Avg:  0.0, Max:  0.0, Diff:  0.0, Sum:  0.0, Workers: 4
[268.852s][debug][gc,phases      ] GC(44)     Dead                           Min: 0, Avg:  0.0, Max: 0, Diff: 0, Sum: 0, Workers: 4
[268.852s][debug][gc,phases      ] GC(44)     Total                          Min: 0, Avg:  0.0, Max: 0, Diff: 0, Sum: 0, Workers: 4
[268.852s][debug][gc,phases      ] GC(44) Weak Processing 0.378ms
[268.852s][debug][gc,age         ] GC(44) Desired survivor size 305659904 bytes, new threshold 15 (max threshold 15)
[268.852s][info ][gc,heap        ] GC(44) PSYoungGen: 1479504K(1784320K)->12528K(1767424K) Eden: 1454592K(1454592K)->0K(1454592K) From: 24912K(329728K)->12528K(312832K)
[268.852s][info ][gc,heap        ] GC(44) ParOldGen: 439994K(526336K)->452930K(526336K)
[268.852s][info ][gc,metaspace   ] GC(44) Metaspace: 87073K(88128K)->87073K(88128K) NonClass: 74365K(74944K)->74365K(74944K) Class: 12707K(13184K)->12707K(13184K)
[268.852s][info ][gc             ] GC(44) Pause Young (Allocation Failure) 1874M->454M(2240M) 11.884ms
[268.852s][info ][gc,cpu         ] GC(44) User=0.04s Sys=0.00s Real=0.01s
[268.852s][info ][safepoint      ] Safepoint "ParallelGCFailedAllocation", Time since last: 775813885 ns, Reaching safepoint: 3200 ns, Cleanup: 7400 ns, At safepoint: 11949464 ns, Total: 11960064 ns
[272.852s][info ][safepoint      ] Safepoint "Cleanup", Time since last: 4000310163 ns, Reaching safepoint: 75399 ns, Cleanup: 11200 ns, At safepoint: 5600 ns, Total: 92199 ns
[277.853s][info ][safepoint      ] Safepoint "Cleanup", Time since last: 5000402179 ns, Reaching safepoint: 75000 ns, Cleanup: 6299 ns, At safepoint: 6100 ns, Total: 87399 ns
[278.750s][info ][gc,start       ] GC(45) Pause Young (Allocation Failure)
[278.758s][debug][gc,phases      ] GC(45) Scavenge 7.136ms
[278.758s][debug][gc,ref         ] GC(45) Skipped phase 1 of Reference Processing: no references
[278.758s][debug][gc,ref         ] GC(45) ReferenceProcessor::execute queues: 1, RefProcThreadModel::Single, marks_oops_alive: false
[278.758s][debug][gc,ref         ] GC(45) Skipped phase 3 of Reference Processing: no references
[278.758s][debug][gc,ref         ] GC(45) Skipped phase 4 of Reference Processing: no references
[278.758s][debug][gc,phases      ] GC(45) Reference Processing 0.095ms
[278.758s][debug][gc,phases      ] GC(45)   VM Weak                        Min:  0.0, Avg:  0.0, Max:  0.0, Diff:  0.0, Sum:  0.0, Workers: 4
[278.758s][debug][gc,phases      ] GC(45)     Dead                           Min: 0, Avg:  0.0, Max: 0, Diff: 0, Sum: 0, Workers: 4
[278.758s][debug][gc,phases      ] GC(45)     Total                          Min: 0, Avg: 225.8, Max: 647, Diff: 647, Sum: 903, Workers: 4
[278.758s][debug][gc,phases      ] GC(45)   ObjectSynchronizer Weak        Min:  0.0, Avg:  0.0, Max:  0.0, Diff:  0.0, Sum:  0.0, Workers: 4
[278.758s][debug][gc,phases      ] GC(45)     Dead                           Min: 0, Avg:  0.0, Max: 0, Diff: 0, Sum: 0, Workers: 4
[278.758s][debug][gc,phases      ] GC(45)     Total                          Min: 0, Avg:  1.2, Max: 5, Diff: 5, Sum: 5, Workers: 4
[278.758s][debug][gc,phases      ] GC(45)   JVMTI Tag Weak OopStorage      Min:  0.0, Avg:  0.0, Max:  0.0, Diff:  0.0, Sum:  0.0, Workers: 4
[278.758s][debug][gc,phases      ] GC(45)     Dead                           Min: 0, Avg:  0.0, Max: 0, Diff: 0, Sum: 0, Workers: 4
[278.758s][debug][gc,phases      ] GC(45)     Total                          Min: 0, Avg:  0.0, Max: 0, Diff: 0, Sum: 0, Workers: 4
[278.758s][debug][gc,phases      ] GC(45)   StringTable Weak               Min:  0.1, Avg:  0.1, Max:  0.1, Diff:  0.0, Sum:  0.4, Workers: 4
[278.758s][debug][gc,phases      ] GC(45)     Dead                           Min: 0, Avg:  0.0, Max: 0, Diff: 0, Sum: 0, Workers: 4
[278.758s][debug][gc,phases      ] GC(45)     Total                          Min: 10048, Avg: 11026.8, Max: 11596, Diff: 1548, Sum: 44107, Workers: 4
[278.758s][debug][gc,phases      ] GC(45)   ResolvedMethodTable Weak       Min:  0.0, Avg:  0.0, Max:  0.0, Diff:  0.0, Sum:  0.2, Workers: 4
[278.758s][debug][gc,phases      ] GC(45)     Dead                           Min: 0, Avg:  0.0, Max: 0, Diff: 0, Sum: 0, Workers: 4
[278.758s][debug][gc,phases      ] GC(45)     Total                          Min: 2560, Avg: 2696.0, Max: 2816, Diff: 256, Sum: 10784, Workers: 4
[278.758s][debug][gc,phases      ] GC(45)   JNI Weak                       Min:  0.0, Avg:  0.0, Max:  0.0, Diff:  0.0, Sum:  0.0, Workers: 4
[278.758s][debug][gc,phases      ] GC(45)     Dead                           Min: 0, Avg:  0.0, Max: 0, Diff: 0, Sum: 0, Workers: 4
[278.758s][debug][gc,phases      ] GC(45)     Total                          Min: 0, Avg: 12.0, Max: 48, Diff: 48, Sum: 48, Workers: 4
[278.758s][debug][gc,phases      ] GC(45)   StringDedup Table Weak         Min:  0.0, Avg:  0.0, Max:  0.0, Diff:  0.0, Sum:  0.0, Workers: 4
[278.758s][debug][gc,phases      ] GC(45)     Dead                           Min: 0, Avg:  0.0, Max: 0, Diff: 0, Sum: 0, Workers: 4
[278.758s][debug][gc,phases      ] GC(45)     Total                          Min: 0, Avg:  0.0, Max: 0, Diff: 0, Sum: 0, Workers: 4
[278.758s][debug][gc,phases      ] GC(45)   StringDedup Requests0 Weak     Min:  0.0, Avg:  0.0, Max:  0.0, Diff:  0.0, Sum:  0.0, Workers: 4
[278.758s][debug][gc,phases      ] GC(45)     Dead                           Min: 0, Avg:  0.0, Max: 0, Diff: 0, Sum: 0, Workers: 4
[278.758s][debug][gc,phases      ] GC(45)     Total                          Min: 0, Avg:  0.0, Max: 0, Diff: 0, Sum: 0, Workers: 4
[278.758s][debug][gc,phases      ] GC(45)   StringDedup Requests1 Weak     Min:  0.0, Avg:  0.0, Max:  0.0, Diff:  0.0, Sum:  0.0, Workers: 4
[278.758s][debug][gc,phases      ] GC(45)     Dead                           Min: 0, Avg:  0.0, Max: 0, Diff: 0, Sum: 0, Workers: 4
[278.758s][debug][gc,phases      ] GC(45)     Total                          Min: 0, Avg:  0.0, Max: 0, Diff: 0, Sum: 0, Workers: 4
[278.758s][debug][gc,phases      ] GC(45)   Weak JFR Old Object Samples    Min:  0.0, Avg:  0.0, Max:  0.0, Diff:  0.0, Sum:  0.0, Workers: 4
[278.758s][debug][gc,phases      ] GC(45)     Dead                           Min: 0, Avg:  0.0, Max: 0, Diff: 0, Sum: 0, Workers: 4
[278.758s][debug][gc,phases      ] GC(45)     Total                          Min: 0, Avg:  0.0, Max: 0, Diff: 0, Sum: 0, Workers: 4
[278.758s][debug][gc,phases      ] GC(45) Weak Processing 0.348ms
[278.758s][debug][gc,age         ] GC(45) Desired survivor size 290979840 bytes, new threshold 15 (max threshold 15)
[278.758s][info ][gc,heap        ] GC(45) PSYoungGen: 1467120K(1767424K)->11504K(1812992K) Eden: 1454592K(1454592K)->0K(1514496K) From: 12528K(312832K)->11504K(298496K)
[278.758s][info ][gc,heap        ] GC(45) ParOldGen: 452930K(526336K)->454170K(526336K)
[278.758s][info ][gc,metaspace   ] GC(45) Metaspace: 87084K(88128K)->87084K(88128K) NonClass: 74376K(74944K)->74376K(74944K) Class: 12707K(13184K)->12707K(13184K)
[278.758s][info ][gc             ] GC(45) Pause Young (Allocation Failure) 1875M->454M(2284M) 7.691ms
[278.758s][info ][gc,cpu         ] GC(45) User=0.02s Sys=0.00s Real=0.01s
[278.758s][info ][safepoint      ] Safepoint "ParallelGCFailedAllocation", Time since last: 897619922 ns, Reaching safepoint: 72600 ns, Cleanup: 24500 ns, At safepoint: 7763976 ns, Total: 7861076 ns
[279.758s][info ][safepoint      ] Safepoint "Cleanup", Time since last: 1000084416 ns, Reaching safepoint: 74700 ns, Cleanup: 11500 ns, At safepoint: 6900 ns, Total: 93100 ns
[281.759s][info ][safepoint      ] Safepoint "Cleanup", Time since last: 2000165531 ns, Reaching safepoint: 71300 ns, Cleanup: 8600 ns, At safepoint: 5600 ns, Total: 85500 ns
[283.759s][info ][safepoint      ] Safepoint "Cleanup", Time since last: 2000180732 ns, Reaching safepoint: 75499 ns, Cleanup: 9100 ns, At safepoint: 6200 ns, Total: 90799 ns
[284.759s][info ][safepoint      ] Safepoint "Cleanup", Time since last: 1000121116 ns, Reaching safepoint: 75000 ns, Cleanup: 24500 ns, At safepoint: 5800 ns, Total: 105300 ns
[285.759s][info ][safepoint      ] Safepoint "Cleanup", Time since last: 1000118716 ns, Reaching safepoint: 73100 ns, Cleanup: 7100 ns, At safepoint: 4900 ns, Total: 85100 ns
[286.759s][info ][safepoint      ] Safepoint "Cleanup", Time since last: 1000103916 ns, Reaching safepoint: 72800 ns, Cleanup: 14800 ns, At safepoint: 5400 ns, Total: 93000 ns
[288.760s][info ][safepoint      ] Safepoint "Cleanup", Time since last: 2000190332 ns, Reaching safepoint: 75599 ns, Cleanup: 8300 ns, At safepoint: 5400 ns, Total: 89299 ns
[288.813s][info ][gc,start       ] GC(46) Pause Young (Allocation Failure)
[288.820s][debug][gc,phases      ] GC(46) Scavenge 7.139ms
[288.820s][debug][gc,ref         ] GC(46) Skipped phase 1 of Reference Processing: no references
[288.820s][debug][gc,ref         ] GC(46) ReferenceProcessor::execute queues: 1, RefProcThreadModel::Single, marks_oops_alive: false
[288.820s][debug][gc,ref         ] GC(46) Skipped phase 3 of Reference Processing: no references
[288.820s][debug][gc,ref         ] GC(46) Skipped phase 4 of Reference Processing: no references
[288.820s][debug][gc,phases      ] GC(46) Reference Processing 0.105ms
[288.820s][debug][gc,phases      ] GC(46)   VM Weak                        Min:  0.0, Avg:  0.0, Max:  0.0, Diff:  0.0, Sum:  0.0, Workers: 4
[288.820s][debug][gc,phases      ] GC(46)     Dead                           Min: 0, Avg:  0.0, Max: 0, Diff: 0, Sum: 0, Workers: 4
[288.820s][debug][gc,phases      ] GC(46)     Total                          Min: 0, Avg: 225.8, Max: 519, Diff: 519, Sum: 903, Workers: 4
[288.820s][debug][gc,phases      ] GC(46)   ObjectSynchronizer Weak        Min:  0.0, Avg:  0.0, Max:  0.0, Diff:  0.0, Sum:  0.0, Workers: 4
[288.820s][debug][gc,phases      ] GC(46)     Dead                           Min: 0, Avg:  0.0, Max: 0, Diff: 0, Sum: 0, Workers: 4
[288.820s][debug][gc,phases      ] GC(46)     Total                          Min: 0, Avg:  1.5, Max: 6, Diff: 6, Sum: 6, Workers: 4
[288.820s][debug][gc,phases      ] GC(46)   JVMTI Tag Weak OopStorage      Min:  0.0, Avg:  0.0, Max:  0.0, Diff:  0.0, Sum:  0.0, Workers: 4
[288.820s][debug][gc,phases      ] GC(46)     Dead                           Min: 0, Avg:  0.0, Max: 0, Diff: 0, Sum: 0, Workers: 4
[288.820s][debug][gc,phases      ] GC(46)     Total                          Min: 0, Avg:  0.0, Max: 0, Diff: 0, Sum: 0, Workers: 4
[288.820s][debug][gc,phases      ] GC(46)   StringTable Weak               Min:  0.1, Avg:  0.1, Max:  0.1, Diff:  0.0, Sum:  0.5, Workers: 4
[288.820s][debug][gc,phases      ] GC(46)     Dead                           Min: 0, Avg:  0.0, Max: 0, Diff: 0, Sum: 0, Workers: 4
[288.820s][debug][gc,phases      ] GC(46)     Total                          Min: 9536, Avg: 11027.5, Max: 11648, Diff: 2112, Sum: 44110, Workers: 4
[288.820s][debug][gc,phases      ] GC(46)   ResolvedMethodTable Weak       Min:  0.0, Avg:  0.0, Max:  0.0, Diff:  0.0, Sum:  0.1, Workers: 4
[288.820s][debug][gc,phases      ] GC(46)     Dead                           Min: 0, Avg:  0.0, Max: 0, Diff: 0, Sum: 0, Workers: 4
[288.820s][debug][gc,phases      ] GC(46)     Total                          Min: 2593, Avg: 2696.0, Max: 2880, Diff: 287, Sum: 10784, Workers: 4
[288.820s][debug][gc,phases      ] GC(46)   JNI Weak                       Min:  0.0, Avg:  0.0, Max:  0.0, Diff:  0.0, Sum:  0.0, Workers: 4
[288.820s][debug][gc,phases      ] GC(46)     Dead                           Min: 0, Avg:  0.0, Max: 0, Diff: 0, Sum: 0, Workers: 4
[288.820s][debug][gc,phases      ] GC(46)     Total                          Min: 0, Avg: 12.0, Max: 48, Diff: 48, Sum: 48, Workers: 4
[288.820s][debug][gc,phases      ] GC(46)   StringDedup Table Weak         Min:  0.0, Avg:  0.0, Max:  0.0, Diff:  0.0, Sum:  0.0, Workers: 4
[288.820s][debug][gc,phases      ] GC(46)     Dead                           Min: 0, Avg:  0.0, Max: 0, Diff: 0, Sum: 0, Workers: 4
[288.820s][debug][gc,phases      ] GC(46)     Total                          Min: 0, Avg:  0.0, Max: 0, Diff: 0, Sum: 0, Workers: 4
[288.820s][debug][gc,phases      ] GC(46)   StringDedup Requests0 Weak     Min:  0.0, Avg:  0.0, Max:  0.0, Diff:  0.0, Sum:  0.0, Workers: 4
[288.820s][debug][gc,phases      ] GC(46)     Dead                           Min: 0, Avg:  0.0, Max: 0, Diff: 0, Sum: 0, Workers: 4
[288.820s][debug][gc,phases      ] GC(46)     Total                          Min: 0, Avg:  0.0, Max: 0, Diff: 0, Sum: 0, Workers: 4
[288.820s][debug][gc,phases      ] GC(46)   StringDedup Requests1 Weak     Min:  0.0, Avg:  0.0, Max:  0.0, Diff:  0.0, Sum:  0.0, Workers: 4
[288.820s][debug][gc,phases      ] GC(46)     Dead                           Min: 0, Avg:  0.0, Max: 0, Diff: 0, Sum: 0, Workers: 4
[288.820s][debug][gc,phases      ] GC(46)     Total                          Min: 0, Avg:  0.0, Max: 0, Diff: 0, Sum: 0, Workers: 4
[288.820s][debug][gc,phases      ] GC(46)   Weak JFR Old Object Samples    Min:  0.0, Avg:  0.0, Max:  0.0, Diff:  0.0, Sum:  0.0, Workers: 4
[288.820s][debug][gc,phases      ] GC(46)     Dead                           Min: 0, Avg:  0.0, Max: 0, Diff: 0, Sum: 0, Workers: 4
[288.820s][debug][gc,phases      ] GC(46)     Total                          Min: 0, Avg:  0.0, Max: 0, Diff: 0, Sum: 0, Workers: 4
[288.820s][debug][gc,phases      ] GC(46) Weak Processing 0.323ms
[288.820s][debug][gc,age         ] GC(46) Desired survivor size 276824064 bytes, new threshold 15 (max threshold 15)
[288.820s][info ][gc,heap        ] GC(46) PSYoungGen: 1526000K(1812992K)->9392K(1798656K) Eden: 1514496K(1514496K)->0K(1514496K) From: 11504K(298496K)->9392K(284160K)
[288.820s][info ][gc,heap        ] GC(46) ParOldGen: 454170K(526336K)->456503K(526336K)
[288.820s][info ][gc,metaspace   ] GC(46) Metaspace: 87097K(88128K)->87097K(88128K) NonClass: 74389K(74944K)->74389K(74944K) Class: 12707K(13184K)->12707K(13184K)
[288.820s][info ][gc             ] GC(46) Pause Young (Allocation Failure) 1933M->454M(2270M) 7.677ms
[288.820s][info ][gc,cpu         ] GC(46) User=0.03s Sys=0.00s Real=0.01s
[288.820s][info ][safepoint      ] Safepoint "ParallelGCFailedAllocation", Time since last: 52886143 ns, Reaching safepoint: 3800 ns, Cleanup: 3399 ns, At safepoint: 7734977 ns, Total: 7742176 ns
[291.821s][info ][safepoint      ] Safepoint "Cleanup", Time since last: 3000235750 ns, Reaching safepoint: 76400 ns, Cleanup: 14200 ns, At safepoint: 5800 ns, Total: 96400 ns
[294.821s][info ][safepoint      ] Safepoint "Cleanup", Time since last: 3000243754 ns, Reaching safepoint: 31800 ns, Cleanup: 9700 ns, At safepoint: 6900 ns, Total: 48400 ns
[295.821s][info ][safepoint      ] Safepoint "Cleanup", Time since last: 1000112918 ns, Reaching safepoint: 75700 ns, Cleanup: 14000 ns, At safepoint: 4800 ns, Total: 94500 ns
[296.821s][info ][safepoint      ] Safepoint "Cleanup", Time since last: 1000104218 ns, Reaching safepoint: 73900 ns, Cleanup: 19299 ns, At safepoint: 6000 ns, Total: 99199 ns
[298.822s][info ][safepoint      ] Safepoint "Cleanup", Time since last: 2000175037 ns, Reaching safepoint: 80299 ns, Cleanup: 8800 ns, At safepoint: 5800 ns, Total: 94899 ns
[298.904s][info ][gc,start       ] GC(47) Pause Young (Allocation Failure)
[298.910s][debug][gc,phases      ] GC(47) Scavenge 6.724ms
[298.911s][debug][gc,ref         ] GC(47) Skipped phase 1 of Reference Processing: no references
[298.911s][debug][gc,ref         ] GC(47) ReferenceProcessor::execute queues: 1, RefProcThreadModel::Single, marks_oops_alive: false
[298.911s][debug][gc,ref         ] GC(47) Skipped phase 3 of Reference Processing: no references
[298.911s][debug][gc,ref         ] GC(47) Skipped phase 4 of Reference Processing: no references
[298.911s][debug][gc,phases      ] GC(47) Reference Processing 0.093ms
[298.911s][debug][gc,phases      ] GC(47)   VM Weak                        Min:  0.0, Avg:  0.0, Max:  0.0, Diff:  0.0, Sum:  0.0, Workers: 4
[298.911s][debug][gc,phases      ] GC(47)     Dead                           Min: 0, Avg:  0.0, Max: 0, Diff: 0, Sum: 0, Workers: 4
[298.911s][debug][gc,phases      ] GC(47)     Total                          Min: 0, Avg: 225.8, Max: 455, Diff: 455, Sum: 903, Workers: 4
[298.911s][debug][gc,phases      ] GC(47)   ObjectSynchronizer Weak        Min:  0.0, Avg:  0.0, Max:  0.0, Diff:  0.0, Sum:  0.0, Workers: 4
[298.911s][debug][gc,phases      ] GC(47)     Dead                           Min: 0, Avg:  0.0, Max: 0, Diff: 0, Sum: 0, Workers: 4
[298.911s][debug][gc,phases      ] GC(47)     Total                          Min: 0, Avg:  1.5, Max: 6, Diff: 6, Sum: 6, Workers: 4
[298.911s][debug][gc,phases      ] GC(47)   JVMTI Tag Weak OopStorage      Min:  0.0, Avg:  0.0, Max:  0.0, Diff:  0.0, Sum:  0.0, Workers: 4
[298.911s][debug][gc,phases      ] GC(47)     Dead                           Min: 0, Avg:  0.0, Max: 0, Diff: 0, Sum: 0, Workers: 4
[298.911s][debug][gc,phases      ] GC(47)     Total                          Min: 0, Avg:  0.0, Max: 0, Diff: 0, Sum: 0, Workers: 4
[298.911s][debug][gc,phases      ] GC(47)   StringTable Weak               Min:  0.1, Avg:  0.1, Max:  0.1, Diff:  0.0, Sum:  0.5, Workers: 4
[298.911s][debug][gc,phases      ] GC(47)     Dead                           Min: 0, Avg:  0.0, Max: 0, Diff: 0, Sum: 0, Workers: 4
[298.911s][debug][gc,phases      ] GC(47)     Total                          Min: 9728, Avg: 11029.0, Max: 11732, Diff: 2004, Sum: 44116, Workers: 4
[298.911s][debug][gc,phases      ] GC(47)   ResolvedMethodTable Weak       Min:  0.0, Avg:  0.0, Max:  0.0, Diff:  0.0, Sum:  0.1, Workers: 4
[298.911s][debug][gc,phases      ] GC(47)     Dead                           Min: 0, Avg:  0.0, Max: 0, Diff: 0, Sum: 0, Workers: 4
[298.911s][debug][gc,phases      ] GC(47)     Total                          Min: 2623, Avg: 2696.0, Max: 2880, Diff: 257, Sum: 10784, Workers: 4
[298.911s][debug][gc,phases      ] GC(47)   JNI Weak                       Min:  0.0, Avg:  0.0, Max:  0.0, Diff:  0.0, Sum:  0.0, Workers: 4
[298.911s][debug][gc,phases      ] GC(47)     Dead                           Min: 0, Avg:  0.0, Max: 0, Diff: 0, Sum: 0, Workers: 4
[298.911s][debug][gc,phases      ] GC(47)     Total                          Min: 0, Avg: 12.0, Max: 48, Diff: 48, Sum: 48, Workers: 4
[298.911s][debug][gc,phases      ] GC(47)   StringDedup Table Weak         Min:  0.0, Avg:  0.0, Max:  0.0, Diff:  0.0, Sum:  0.0, Workers: 4
[298.911s][debug][gc,phases      ] GC(47)     Dead                           Min: 0, Avg:  0.0, Max: 0, Diff: 0, Sum: 0, Workers: 4
[298.911s][debug][gc,phases      ] GC(47)     Total                          Min: 0, Avg:  0.0, Max: 0, Diff: 0, Sum: 0, Workers: 4
[298.911s][debug][gc,phases      ] GC(47)   StringDedup Requests0 Weak     Min:  0.0, Avg:  0.0, Max:  0.0, Diff:  0.0, Sum:  0.0, Workers: 4
[298.911s][debug][gc,phases      ] GC(47)     Dead                           Min: 0, Avg:  0.0, Max: 0, Diff: 0, Sum: 0, Workers: 4
[298.911s][debug][gc,phases      ] GC(47)     Total                          Min: 0, Avg:  0.0, Max: 0, Diff: 0, Sum: 0, Workers: 4
[298.911s][debug][gc,phases      ] GC(47)   StringDedup Requests1 Weak     Min:  0.0, Avg:  0.0, Max:  0.0, Diff:  0.0, Sum:  0.0, Workers: 4
[298.911s][debug][gc,phases      ] GC(47)     Dead                           Min: 0, Avg:  0.0, Max: 0, Diff: 0, Sum: 0, Workers: 4
[298.911s][debug][gc,phases      ] GC(47)     Total                          Min: 0, Avg:  0.0, Max: 0, Diff: 0, Sum: 0, Workers: 4
[298.911s][debug][gc,phases      ] GC(47)   Weak JFR Old Object Samples    Min:  0.0, Avg:  0.0, Max:  0.0, Diff:  0.0, Sum:  0.0, Workers: 4
[298.911s][debug][gc,phases      ] GC(47)     Dead                           Min: 0, Avg:  0.0, Max: 0, Diff: 0, Sum: 0, Workers: 4
[298.911s][debug][gc,phases      ] GC(47)     Total                          Min: 0, Avg:  0.0, Max: 0, Diff: 0, Sum: 0, Workers: 4
[298.911s][debug][gc,phases      ] GC(47) Weak Processing 0.310ms
[298.911s][debug][gc,age         ] GC(47) Desired survivor size 262668288 bytes, new threshold 15 (max threshold 15)
[298.911s][info ][gc,heap        ] GC(47) PSYoungGen: 1523888K(1798656K)->8304K(1840640K) Eden: 1514496K(1514496K)->0K(1570304K) From: 9392K(284160K)->8304K(270336K)
[298.911s][info ][gc,heap        ] GC(47) ParOldGen: 456503K(526336K)->457635K(526336K)
[298.911s][info ][gc,metaspace   ] GC(47) Metaspace: 87108K(88192K)->87108K(88192K) NonClass: 74401K(75008K)->74401K(75008K) Class: 12707K(13184K)->12707K(13184K)
[298.911s][info ][gc             ] GC(47) Pause Young (Allocation Failure) 1933M->455M(2311M) 7.224ms
[298.911s][info ][gc,cpu         ] GC(47) User=0.02s Sys=0.00s Real=0.01s
[298.911s][info ][safepoint      ] Safepoint "ParallelGCFailedAllocation", Time since last: 81964356 ns, Reaching safepoint: 76800 ns, Cleanup: 3700 ns, At safepoint: 7286978 ns, Total: 7367478 ns
[301.126s][info ][safepoint      ] Safepoint "Cleanup", Time since last: 2214987299 ns, Reaching safepoint: 3700 ns, Cleanup: 8499 ns, At safepoint: 1500 ns, Total: 13699 ns
[302.126s][info ][safepoint      ] Safepoint "Cleanup", Time since last: 1000103220 ns, Reaching safepoint: 4600 ns, Cleanup: 15400 ns, At safepoint: 2000 ns, Total: 22000 ns
[303.126s][info ][safepoint      ] Safepoint "Cleanup", Time since last: 1000100319 ns, Reaching safepoint: 74200 ns, Cleanup: 7900 ns, At safepoint: 5700 ns, Total: 87800 ns
[306.127s][info ][safepoint      ] Safepoint "Cleanup", Time since last: 3000245658 ns, Reaching safepoint: 80400 ns, Cleanup: 13500 ns, At safepoint: 5600 ns, Total: 99500 ns
[308.127s][info ][safepoint      ] Safepoint "Cleanup", Time since last: 2000170140 ns, Reaching safepoint: 4000 ns, Cleanup: 9300 ns, At safepoint: 1699 ns, Total: 14999 ns
[309.127s][info ][safepoint      ] Safepoint "Cleanup", Time since last: 1000101620 ns, Reaching safepoint: 75000 ns, Cleanup: 7100 ns, At safepoint: 5800 ns, Total: 87900 ns
[309.427s][info ][gc,start       ] GC(48) Pause Young (Allocation Failure)
[309.433s][debug][gc,phases      ] GC(48) Scavenge 5.662ms
[309.433s][debug][gc,ref         ] GC(48) Skipped phase 1 of Reference Processing: no references
[309.433s][debug][gc,ref         ] GC(48) ReferenceProcessor::execute queues: 1, RefProcThreadModel::Single, marks_oops_alive: false
[309.433s][debug][gc,ref         ] GC(48) Skipped phase 3 of Reference Processing: no references
[309.433s][debug][gc,ref         ] GC(48) ReferenceProcessor::execute queues: 1, RefProcThreadModel::Single, marks_oops_alive: false
[309.433s][debug][gc,phases      ] GC(48) Reference Processing 0.078ms
[309.433s][debug][gc,phases      ] GC(48)   VM Weak                        Min:  0.0, Avg:  0.0, Max:  0.0, Diff:  0.0, Sum:  0.0, Workers: 4
[309.433s][debug][gc,phases      ] GC(48)     Dead                           Min: 0, Avg:  0.0, Max: 0, Diff: 0, Sum: 0, Workers: 4
[309.433s][debug][gc,phases      ] GC(48)     Total                          Min: 0, Avg: 225.8, Max: 704, Diff: 704, Sum: 903, Workers: 4
[309.433s][debug][gc,phases      ] GC(48)   ObjectSynchronizer Weak        Min:  0.0, Avg:  0.0, Max:  0.0, Diff:  0.0, Sum:  0.0, Workers: 4
[309.433s][debug][gc,phases      ] GC(48)     Dead                           Min: 0, Avg:  0.0, Max: 0, Diff: 0, Sum: 0, Workers: 4
[309.433s][debug][gc,phases      ] GC(48)     Total                          Min: 0, Avg:  1.2, Max: 5, Diff: 5, Sum: 5, Workers: 4
[309.433s][debug][gc,phases      ] GC(48)   JVMTI Tag Weak OopStorage      Min:  0.0, Avg:  0.0, Max:  0.0, Diff:  0.0, Sum:  0.0, Workers: 4
[309.433s][debug][gc,phases      ] GC(48)     Dead                           Min: 0, Avg:  0.0, Max: 0, Diff: 0, Sum: 0, Workers: 4
[309.433s][debug][gc,phases      ] GC(48)     Total                          Min: 0, Avg:  0.0, Max: 0, Diff: 0, Sum: 0, Workers: 4
[309.433s][debug][gc,phases      ] GC(48)   StringTable Weak               Min:  0.0, Avg:  0.1, Max:  0.1, Diff:  0.1, Sum:  0.4, Workers: 4
[309.433s][debug][gc,phases      ] GC(48)     Dead                           Min: 0, Avg:  0.0, Max: 0, Diff: 0, Sum: 0, Workers: 4
[309.433s][debug][gc,phases      ] GC(48)     Total                          Min: 0, Avg: 11038.0, Max: 19192, Diff: 19192, Sum: 44152, Workers: 4
[309.433s][debug][gc,phases      ] GC(48)   ResolvedMethodTable Weak       Min:  0.0, Avg:  0.0, Max:  0.0, Diff:  0.0, Sum:  0.1, Workers: 4
[309.433s][debug][gc,phases      ] GC(48)     Dead                           Min: 0, Avg:  0.0, Max: 0, Diff: 0, Sum: 0, Workers: 4
[309.433s][debug][gc,phases      ] GC(48)     Total                          Min: 0, Avg: 2696.8, Max: 4387, Diff: 4387, Sum: 10787, Workers: 4
[309.433s][debug][gc,phases      ] GC(48)   JNI Weak                       Min:  0.0, Avg:  0.0, Max:  0.0, Diff:  0.0, Sum:  0.0, Workers: 4
[309.433s][debug][gc,phases      ] GC(48)     Dead                           Min: 0, Avg:  0.0, Max: 0, Diff: 0, Sum: 0, Workers: 4
[309.433s][debug][gc,phases      ] GC(48)     Total                          Min: 0, Avg: 12.0, Max: 48, Diff: 48, Sum: 48, Workers: 4
[309.433s][debug][gc,phases      ] GC(48)   StringDedup Table Weak         Min:  0.0, Avg:  0.0, Max:  0.0, Diff:  0.0, Sum:  0.0, Workers: 4
[309.433s][debug][gc,phases      ] GC(48)     Dead                           Min: 0, Avg:  0.0, Max: 0, Diff: 0, Sum: 0, Workers: 4
[309.433s][debug][gc,phases      ] GC(48)     Total                          Min: 0, Avg:  0.0, Max: 0, Diff: 0, Sum: 0, Workers: 4
[309.433s][debug][gc,phases      ] GC(48)   StringDedup Requests0 Weak     Min:  0.0, Avg:  0.0, Max:  0.0, Diff:  0.0, Sum:  0.0, Workers: 4
[309.433s][debug][gc,phases      ] GC(48)     Dead                           Min: 0, Avg:  0.0, Max: 0, Diff: 0, Sum: 0, Workers: 4
[309.433s][debug][gc,phases      ] GC(48)     Total                          Min: 0, Avg:  0.0, Max: 0, Diff: 0, Sum: 0, Workers: 4
[309.433s][debug][gc,phases      ] GC(48)   StringDedup Requests1 Weak     Min:  0.0, Avg:  0.0, Max:  0.0, Diff:  0.0, Sum:  0.0, Workers: 4
[309.433s][debug][gc,phases      ] GC(48)     Dead                           Min: 0, Avg:  0.0, Max: 0, Diff: 0, Sum: 0, Workers: 4
[309.433s][debug][gc,phases      ] GC(48)     Total                          Min: 0, Avg:  0.0, Max: 0, Diff: 0, Sum: 0, Workers: 4
[309.433s][debug][gc,phases      ] GC(48)   Weak JFR Old Object Samples    Min:  0.0, Avg:  0.0, Max:  0.0, Diff:  0.0, Sum:  0.0, Workers: 4
[309.433s][debug][gc,phases      ] GC(48)     Dead                           Min: 0, Avg:  0.0, Max: 0, Diff: 0, Sum: 0, Workers: 4
[309.433s][debug][gc,phases      ] GC(48)     Total                          Min: 0, Avg:  0.0, Max: 0, Diff: 0, Sum: 0, Workers: 4
[309.433s][debug][gc,phases      ] GC(48) Weak Processing 0.340ms
[309.433s][debug][gc,age         ] GC(48) Desired survivor size 249036800 bytes, new threshold 15 (max threshold 15)
[309.433s][info ][gc,heap        ] GC(48) PSYoungGen: 1578608K(1840640K)->7504K(1826816K) Eden: 1570304K(1570304K)->0K(1570304K) From: 8304K(270336K)->7504K(256512K)
[309.433s][info ][gc,heap        ] GC(48) ParOldGen: 457635K(526336K)->458655K(526336K)
[309.433s][info ][gc,metaspace   ] GC(48) Metaspace: 87117K(88192K)->87117K(88192K) NonClass: 74408K(75008K)->74408K(75008K) Class: 12708K(13184K)->12708K(13184K)
[309.433s][info ][gc             ] GC(48) Pause Young (Allocation Failure) 1988M->455M(2298M) 6.171ms
[309.433s][info ][gc,cpu         ] GC(48) User=0.02s Sys=0.00s Real=0.00s
[309.433s][info ][safepoint      ] Safepoint "ParallelGCFailedAllocation", Time since last: 300211005 ns, Reaching safepoint: 4600 ns, Cleanup: 3200 ns, At safepoint: 6225982 ns, Total: 6233782 ns
[310.434s][info ][safepoint      ] Safepoint "Cleanup", Time since last: 1000086320 ns, Reaching safepoint: 4500 ns, Cleanup: 9500 ns, At safepoint: 1800 ns, Total: 15800 ns
[314.434s][info ][safepoint      ] Safepoint "Cleanup", Time since last: 4000283379 ns, Reaching safepoint: 4500 ns, Cleanup: 11200 ns, At safepoint: 2200 ns, Total: 17900 ns
[319.921s][info ][gc,start       ] GC(49) Pause Young (Allocation Failure)
[319.927s][debug][gc,phases      ] GC(49) Scavenge 5.905ms
[319.927s][debug][gc,ref         ] GC(49) Skipped phase 1 of Reference Processing: no references
[319.927s][debug][gc,ref         ] GC(49) ReferenceProcessor::execute queues: 1, RefProcThreadModel::Single, marks_oops_alive: false
[319.927s][debug][gc,ref         ] GC(49) Skipped phase 3 of Reference Processing: no references
[319.927s][debug][gc,ref         ] GC(49) Skipped phase 4 of Reference Processing: no references
[319.927s][debug][gc,phases      ] GC(49) Reference Processing 0.108ms
[319.928s][debug][gc,phases      ] GC(49)   VM Weak                        Min:  0.0, Avg:  0.0, Max:  0.0, Diff:  0.0, Sum:  0.0, Workers: 4
[319.928s][debug][gc,phases      ] GC(49)     Dead                           Min: 0, Avg:  0.0, Max: 0, Diff: 0, Sum: 0, Workers: 4
[319.928s][debug][gc,phases      ] GC(49)     Total                          Min: 0, Avg: 225.8, Max: 647, Diff: 647, Sum: 903, Workers: 4
[319.928s][debug][gc,phases      ] GC(49)   ObjectSynchronizer Weak        Min:  0.0, Avg:  0.0, Max:  0.0, Diff:  0.0, Sum:  0.0, Workers: 4
[319.928s][debug][gc,phases      ] GC(49)     Dead                           Min: 0, Avg:  0.0, Max: 0, Diff: 0, Sum: 0, Workers: 4
[319.928s][debug][gc,phases      ] GC(49)     Total                          Min: 0, Avg:  1.5, Max: 6, Diff: 6, Sum: 6, Workers: 4
[319.928s][debug][gc,phases      ] GC(49)   JVMTI Tag Weak OopStorage      Min:  0.0, Avg:  0.0, Max:  0.0, Diff:  0.0, Sum:  0.0, Workers: 4
[319.928s][debug][gc,phases      ] GC(49)     Dead                           Min: 0, Avg:  0.0, Max: 0, Diff: 0, Sum: 0, Workers: 4
[319.928s][debug][gc,phases      ] GC(49)     Total                          Min: 0, Avg:  0.0, Max: 0, Diff: 0, Sum: 0, Workers: 4
[319.928s][debug][gc,phases      ] GC(49)   StringTable Weak               Min:  0.0, Avg:  0.1, Max:  0.1, Diff:  0.1, Sum:  0.4, Workers: 4
[319.928s][debug][gc,phases      ] GC(49)     Dead                           Min: 0, Avg:  0.0, Max: 0, Diff: 0, Sum: 0, Workers: 4
[319.928s][debug][gc,phases      ] GC(49)     Total                          Min: 0, Avg: 11038.0, Max: 19328, Diff: 19328, Sum: 44152, Workers: 4
[319.928s][debug][gc,phases      ] GC(49)   ResolvedMethodTable Weak       Min:  0.0, Avg:  0.0, Max:  0.0, Diff:  0.0, Sum:  0.1, Workers: 4
[319.928s][debug][gc,phases      ] GC(49)     Dead                           Min: 0, Avg:  0.0, Max: 0, Diff: 0, Sum: 0, Workers: 4
[319.928s][debug][gc,phases      ] GC(49)     Total                          Min: 0, Avg: 2696.8, Max: 4671, Diff: 4671, Sum: 10787, Workers: 4
[319.928s][debug][gc,phases      ] GC(49)   JNI Weak                       Min:  0.0, Avg:  0.0, Max:  0.0, Diff:  0.0, Sum:  0.0, Workers: 4
[319.928s][debug][gc,phases      ] GC(49)     Dead                           Min: 0, Avg:  0.0, Max: 0, Diff: 0, Sum: 0, Workers: 4
[319.928s][debug][gc,phases      ] GC(49)     Total                          Min: 0, Avg: 12.0, Max: 48, Diff: 48, Sum: 48, Workers: 4
[319.928s][debug][gc,phases      ] GC(49)   StringDedup Table Weak         Min:  0.0, Avg:  0.0, Max:  0.0, Diff:  0.0, Sum:  0.0, Workers: 4
[319.928s][debug][gc,phases      ] GC(49)     Dead                           Min: 0, Avg:  0.0, Max: 0, Diff: 0, Sum: 0, Workers: 4
[319.928s][debug][gc,phases      ] GC(49)     Total                          Min: 0, Avg:  0.0, Max: 0, Diff: 0, Sum: 0, Workers: 4
[319.928s][debug][gc,phases      ] GC(49)   StringDedup Requests0 Weak     Min:  0.0, Avg:  0.0, Max:  0.0, Diff:  0.0, Sum:  0.0, Workers: 4
[319.928s][debug][gc,phases      ] GC(49)     Dead                           Min: 0, Avg:  0.0, Max: 0, Diff: 0, Sum: 0, Workers: 4
[319.928s][debug][gc,phases      ] GC(49)     Total                          Min: 0, Avg:  0.0, Max: 0, Diff: 0, Sum: 0, Workers: 4
[319.928s][debug][gc,phases      ] GC(49)   StringDedup Requests1 Weak     Min:  0.0, Avg:  0.0, Max:  0.0, Diff:  0.0, Sum:  0.0, Workers: 4
[319.928s][debug][gc,phases      ] GC(49)     Dead                           Min: 0, Avg:  0.0, Max: 0, Diff: 0, Sum: 0, Workers: 4
[319.928s][debug][gc,phases      ] GC(49)     Total                          Min: 0, Avg:  0.0, Max: 0, Diff: 0, Sum: 0, Workers: 4
[319.928s][debug][gc,phases      ] GC(49)   Weak JFR Old Object Samples    Min:  0.0, Avg:  0.0, Max:  0.0, Diff:  0.0, Sum:  0.0, Workers: 4
[319.928s][debug][gc,phases      ] GC(49)     Dead                           Min: 0, Avg:  0.0, Max: 0, Diff: 0, Sum: 0, Workers: 4
[319.928s][debug][gc,phases      ] GC(49)     Total                          Min: 0, Avg:  0.0, Max: 0, Diff: 0, Sum: 0, Workers: 4
[319.928s][debug][gc,phases      ] GC(49) Weak Processing 0.336ms
[319.928s][debug][gc,age         ] GC(49) Desired survivor size 235405312 bytes, new threshold 15 (max threshold 15)
[319.928s][info ][gc,heap        ] GC(49) PSYoungGen: 1577808K(1826816K)->7280K(1867264K) Eden: 1570304K(1570304K)->0K(1624064K) From: 7504K(256512K)->7280K(243200K)
[319.928s][info ][gc,heap        ] GC(49) ParOldGen: 458655K(526336K)->458719K(526336K)
[319.928s][info ][gc,metaspace   ] GC(49) Metaspace: 87123K(88192K)->87123K(88192K) NonClass: 74414K(75008K)->74414K(75008K) Class: 12708K(13184K)->12708K(13184K)
[319.928s][info ][gc             ] GC(49) Pause Young (Allocation Failure) 1988M->455M(2337M) 6.454ms
[319.928s][info ][gc,cpu         ] GC(49) User=0.02s Sys=0.00s Real=0.01s
[319.928s][info ][safepoint      ] Safepoint "ParallelGCFailedAllocation", Time since last: 5487319957 ns, Reaching safepoint: 5600 ns, Cleanup: 8800 ns, At safepoint: 6513580 ns, Total: 6527980 ns
[321.928s][info ][safepoint      ] Safepoint "Cleanup", Time since last: 2000121221 ns, Reaching safepoint: 76300 ns, Cleanup: 9800 ns, At safepoint: 6000 ns, Total: 92100 ns
[323.928s][info ][safepoint      ] Safepoint "Cleanup", Time since last: 2000172658 ns, Reaching safepoint: 4400 ns, Cleanup: 10500 ns, At safepoint: 1900 ns, Total: 16800 ns
[324.928s][info ][safepoint      ] Safepoint "Cleanup", Time since last: 1000115101 ns, Reaching safepoint: 4500 ns, Cleanup: 22600 ns, At safepoint: 5700 ns, Total: 32800 ns
[325.929s][info ][safepoint      ] Safepoint "Cleanup", Time since last: 1000099501 ns, Reaching safepoint: 5600 ns, Cleanup: 123900 ns, At safepoint: 2600 ns, Total: 132100 ns
[328.929s][info ][safepoint      ] Safepoint "Cleanup", Time since last: 3000179903 ns, Reaching safepoint: 4600 ns, Cleanup: 7000 ns, At safepoint: 1700 ns, Total: 13300 ns
[330.929s][info ][safepoint      ] Safepoint "Cleanup", Time since last: 2000159002 ns, Reaching safepoint: 4400 ns, Cleanup: 11200 ns, At safepoint: 1800 ns, Total: 17400 ns
[333.413s][info ][safepoint      ] Safepoint "Cleanup", Time since last: 2483619873 ns, Reaching safepoint: 2200 ns, Cleanup: 9600 ns, At safepoint: 4400 ns, Total: 16200 ns
[334.413s][info ][safepoint      ] Safepoint "Cleanup", Time since last: 1000085810 ns, Reaching safepoint: 4900 ns, Cleanup: 41500 ns, At safepoint: 2300 ns, Total: 48700 ns
[394.143s][info ][safepoint      ] Safepoint "Cleanup", Time since last: 59729858250 ns, Reaching safepoint: 4500 ns, Cleanup: 9900 ns, At safepoint: 1600 ns, Total: 16000 ns
[446.073s][info ][safepoint      ] Safepoint "Cleanup", Time since last: 51930609034 ns, Reaching safepoint: 76800 ns, Cleanup: 40999 ns, At safepoint: 9000 ns, Total: 126799 ns
[446.110s][info ][safepoint      ] Safepoint "JFRCheckpoint", Time since last: 36993402 ns, Reaching safepoint: 77000 ns, Cleanup: 97400 ns, At safepoint: 29800 ns, Total: 204200 ns
[446.115s][info ][gc,heap,exit   ] Heap
[446.115s][info ][gc,heap,exit   ]  PSYoungGen      total 1867264K, used 1047320K [0x0000000780000000, 0x0000000800000000, 0x0000000800000000)
[446.115s][info ][gc,heap,exit   ]   eden space 1624064K, 64% used [0x0000000780000000,0x00000007bf7aa1a8,0x00000007e3200000)
[446.115s][info ][gc,heap,exit   ]   from space 243200K, 2% used [0x00000007f1280000,0x00000007f199c1b0,0x0000000800000000)
[446.115s][info ][gc,heap,exit   ]   to   space 229888K, 0% used [0x00000007e3200000,0x00000007e3200000,0x00000007f1280000)
[446.115s][info ][gc,heap,exit   ]  ParOldGen       total 526336K, used 458719K [0x00000006c0000000, 0x00000006e0200000, 0x0000000780000000)
[446.115s][info ][gc,heap,exit   ]   object space 526336K, 87% used [0x00000006c0000000,0x00000006dbff7c98,0x00000006e0200000)
[446.115s][info ][gc,heap,exit   ]  Metaspace       used 87573K, committed 88640K, reserved 1179648K
[446.115s][info ][gc,heap,exit   ]   class space    used 12765K, committed 13248K, reserved 1048576K
