[0.005s][info][gc] Using Parallel
[0.006s][info][gc,init] Version: 17.0.10+7-LTS (release)
[0.006s][info][gc,init] CPUs: 4 total, 4 available
[0.006s][info][gc,init] Memory: 15991M
[0.006s][info][gc,init] Large Page Support: Disabled
[0.006s][info][gc,init] NUMA Support: Disabled
[0.006s][info][gc,init] Compressed Oops: Enabled (Zero based)
[0.006s][info][gc,init] Alignments: Space 512K, Generation 512K, Heap 2M
[0.006s][info][gc,init] Heap Min Capacity: 2054M
[0.006s][info][gc,init] Heap Initial Capacity: 2054M
[0.006s][info][gc,init] Heap Max Capacity: 5G
[0.006s][info][gc,init] Pre-touch: Disabled
[0.006s][info][gc,init] Parallel Workers: 4
[0.020s][info][gc,metaspace] CDS archive(s) mapped at: [0x00007f6169000000-0x00007f6169bc6000-0x00007f6169bc6000), size 12345344, SharedBaseAddress: 0x00007f6169000000, ArchiveRelocationMode: 1.
[0.020s][info][gc,metaspace] Compressed class space mapped at: 0x00007f616a000000-0x00007f61aa000000, reserved size: 1073741824
[0.020s][info][gc,metaspace] Narrow klass base: 0x00007f6169000000, Narrow klass shift: 0, Narrow klass range: 0x100000000
[0.354s][info][safepoint   ] Safepoint "ICBufferFull", Time since last: 325930827 ns, Reaching safepoint: 420902 ns, Cleanup: 112801 ns, At safepoint: 13400 ns, Total: 547103 ns
[0.456s][info][safepoint   ] Safepoint "RedefineClasses", Time since last: 98466992 ns, Reaching safepoint: 79200 ns, Cleanup: 78300 ns, At safepoint: 4049521 ns, Total: 4207021 ns
[0.683s][info][safepoint   ] Safepoint "JFRCheckpoint", Time since last: 227025933 ns, Reaching safepoint: 3600 ns, Cleanup: 184101 ns, At safepoint: 15400 ns, Total: 203101 ns
[1.204s][info][safepoint   ] Safepoint "ICBufferFull", Time since last: 520300798 ns, Reaching safepoint: 2900 ns, Cleanup: 228201 ns, At safepoint: 15300 ns, Total: 246401 ns
[1.568s][info][safepoint   ] Safepoint "ICBufferFull", Time since last: 363950317 ns, Reaching safepoint: 78801 ns, Cleanup: 131601 ns, At safepoint: 5700 ns, Total: 216102 ns
[1.894s][info][gc,start    ] GC(0) Pause Young (Metadata GC Threshold)
[1.912s][debug][gc,phases   ] GC(0) Scavenge 18.158ms
[1.912s][debug][gc,ref      ] GC(0) Skipped phase 1 of Reference Processing: no references
[1.913s][debug][gc,ref      ] GC(0) ReferenceProcessor::execute queues: 2, RefProcThreadModel::Multi, marks_oops_alive: false
[1.913s][debug][gc,ref      ] GC(0) Skipped phase 3 of Reference Processing: no references
[1.913s][debug][gc,ref      ] GC(0) ReferenceProcessor::execute queues: 1, RefProcThreadModel::Single, marks_oops_alive: false
[1.913s][debug][gc,phases   ] GC(0) Reference Processing 0.236ms
[1.913s][debug][gc,phases   ] GC(0)   VM Weak                        Min:  0.0, Avg:  0.0, Max:  0.0, Diff:  0.0, Sum:  0.0, Workers: 4
[1.913s][debug][gc,phases   ] GC(0)     Dead                           Min: 0, Avg:  0.0, Max: 0, Diff: 0, Sum: 0, Workers: 4
[1.913s][debug][gc,phases   ] GC(0)     Total                          Min: 0, Avg: 61.2, Max: 128, Diff: 128, Sum: 245, Workers: 4
[1.913s][debug][gc,phases   ] GC(0)   ObjectSynchronizer Weak        Min:  0.0, Avg:  0.0, Max:  0.0, Diff:  0.0, Sum:  0.0, Workers: 4
[1.913s][debug][gc,phases   ] GC(0)     Dead                           Min: 0, Avg:  1.8, Max: 7, Diff: 7, Sum: 7, Workers: 4
[1.913s][debug][gc,phases   ] GC(0)     Total                          Min: 0, Avg:  4.0, Max: 16, Diff: 16, Sum: 16, Workers: 4
[1.913s][debug][gc,phases   ] GC(0)   JVMTI Tag Weak OopStorage      Min:  0.0, Avg:  0.0, Max:  0.0, Diff:  0.0, Sum:  0.0, Workers: 4
[1.913s][debug][gc,phases   ] GC(0)     Dead                           Min: 0, Avg:  0.0, Max: 0, Diff: 0, Sum: 0, Workers: 4
[1.913s][debug][gc,phases   ] GC(0)     Total                          Min: 0, Avg:  0.0, Max: 0, Diff: 0, Sum: 0, Workers: 4
[1.913s][debug][gc,phases   ] GC(0)   StringTable Weak               Min:  0.0, Avg:  0.1, Max:  0.1, Diff:  0.1, Sum:  0.3, Workers: 4
[1.913s][debug][gc,phases   ] GC(0)     Dead                           Min: 0, Avg:  7.0, Max: 20, Diff: 20, Sum: 28, Workers: 4
[1.913s][debug][gc,phases   ] GC(0)     Total                          Min: 0, Avg: 2952.2, Max: 4160, Diff: 4160, Sum: 11809, Workers: 4
[1.913s][debug][gc,phases   ] GC(0)   ResolvedMethodTable Weak       Min:  0.0, Avg:  0.0, Max:  0.0, Diff:  0.0, Sum:  0.1, Workers: 4
[1.913s][debug][gc,phases   ] GC(0)     Dead                           Min: 0, Avg: 18.2, Max: 35, Diff: 35, Sum: 73, Workers: 4
[1.913s][debug][gc,phases   ] GC(0)     Total                          Min: 0, Avg: 326.2, Max: 448, Diff: 448, Sum: 1305, Workers: 4
[1.913s][debug][gc,phases   ] GC(0)   JNI Weak                       Min:  0.0, Avg:  0.0, Max:  0.0, Diff:  0.0, Sum:  0.0, Workers: 4
[1.913s][debug][gc,phases   ] GC(0)     Dead                           Min: 0, Avg:  0.0, Max: 0, Diff: 0, Sum: 0, Workers: 4
[1.913s][debug][gc,phases   ] GC(0)     Total                          Min: 0, Avg: 12.0, Max: 48, Diff: 48, Sum: 48, Workers: 4
[1.913s][debug][gc,phases   ] GC(0)   StringDedup Table Weak         Min:  0.0, Avg:  0.0, Max:  0.0, Diff:  0.0, Sum:  0.0, Workers: 4
[1.913s][debug][gc,phases   ] GC(0)     Dead                           Min: 0, Avg:  0.0, Max: 0, Diff: 0, Sum: 0, Workers: 4
[1.913s][debug][gc,phases   ] GC(0)     Total                          Min: 0, Avg:  0.0, Max: 0, Diff: 0, Sum: 0, Workers: 4
[1.913s][debug][gc,phases   ] GC(0)   StringDedup Requests0 Weak     Min:  0.0, Avg:  0.0, Max:  0.0, Diff:  0.0, Sum:  0.0, Workers: 4
[1.913s][debug][gc,phases   ] GC(0)     Dead                           Min: 0, Avg:  0.0, Max: 0, Diff: 0, Sum: 0, Workers: 4
[1.913s][debug][gc,phases   ] GC(0)     Total                          Min: 0, Avg:  0.0, Max: 0, Diff: 0, Sum: 0, Workers: 4
[1.913s][debug][gc,phases   ] GC(0)   StringDedup Requests1 Weak     Min:  0.0, Avg:  0.0, Max:  0.0, Diff:  0.0, Sum:  0.0, Workers: 4
[1.913s][debug][gc,phases   ] GC(0)     Dead                           Min: 0, Avg:  0.0, Max: 0, Diff: 0, Sum: 0, Workers: 4
[1.913s][debug][gc,phases   ] GC(0)     Total                          Min: 0, Avg:  0.0, Max: 0, Diff: 0, Sum: 0, Workers: 4
[1.913s][debug][gc,phases   ] GC(0)   Weak JFR Old Object Samples    Min:  0.0, Avg:  0.0, Max:  0.0, Diff:  0.0, Sum:  0.0, Workers: 4
[1.913s][debug][gc,phases   ] GC(0)     Dead                           Min: 0, Avg:  0.0, Max: 0, Diff: 0, Sum: 0, Workers: 4
[1.913s][debug][gc,phases   ] GC(0)     Total                          Min: 0, Avg:  0.0, Max: 0, Diff: 0, Sum: 0, Workers: 4
[1.913s][debug][gc,phases   ] GC(0) Weak Processing 0.301ms
[1.913s][debug][gc,age      ] GC(0) Desired survivor size 536870912 bytes, new threshold 7 (max threshold 15)
[1.913s][info ][gc,heap     ] GC(0) PSYoungGen: 282875K(1572864K)->34910K(1572864K) Eden: 282875K(1048576K)->0K(1048576K) From: 0K(524288K)->34910K(524288K)
[1.913s][info ][gc,heap     ] GC(0) ParOldGen: 0K(6144K)->96K(6144K)
[1.913s][info ][gc,metaspace] GC(0) Metaspace: 21129K(21504K)->21129K(21504K) NonClass: 18688K(18880K)->18688K(18880K) Class: 2440K(2624K)->2440K(2624K)
[1.913s][info ][gc          ] GC(0) Pause Young (Metadata GC Threshold) 276M->34M(1542M) 19.088ms
[1.913s][info ][gc,cpu      ] GC(0) User=0.07s Sys=0.00s Real=0.02s
[1.913s][debug][gc,phases   ] GC(1) Pre Compact 0.015ms
[1.913s][info ][gc,start    ] GC(1) Pause Full (Metadata GC Threshold)
[1.913s][info ][gc,phases,start] GC(1) Marking Phase
[1.922s][debug][gc,phases      ] GC(1) Par Mark 9.377ms
[1.922s][debug][gc,ref         ] GC(1) Skipped phase 1 of Reference Processing: no references
[1.922s][debug][gc,ref         ] GC(1) ReferenceProcessor::execute queues: 1, RefProcThreadModel::Single, marks_oops_alive: false
[1.923s][debug][gc,ref         ] GC(1) Skipped phase 3 of Reference Processing: no references
[1.923s][debug][gc,ref         ] GC(1) ReferenceProcessor::execute queues: 1, RefProcThreadModel::Single, marks_oops_alive: false
[1.923s][debug][gc,phases      ] GC(1) Reference Processing 0.050ms
[1.923s][debug][gc,phases      ] GC(1)   VM Weak                        Min:  0.0, Avg:  0.0, Max:  0.0, Diff:  0.0, Sum:  0.0, Workers: 4
[1.923s][debug][gc,phases      ] GC(1)     Dead                           Min: 0, Avg:  0.0, Max: 0, Diff: 0, Sum: 0, Workers: 4
[1.923s][debug][gc,phases      ] GC(1)     Total                          Min: 0, Avg: 61.2, Max: 245, Diff: 245, Sum: 245, Workers: 4
[1.923s][debug][gc,phases      ] GC(1)   ObjectSynchronizer Weak        Min:  0.0, Avg:  0.0, Max:  0.0, Diff:  0.0, Sum:  0.0, Workers: 4
[1.923s][debug][gc,phases      ] GC(1)     Dead                           Min: 0, Avg:  0.0, Max: 0, Diff: 0, Sum: 0, Workers: 4
[1.923s][debug][gc,phases      ] GC(1)     Total                          Min: 0, Avg:  4.0, Max: 16, Diff: 16, Sum: 16, Workers: 4
[1.923s][debug][gc,phases      ] GC(1)   JVMTI Tag Weak OopStorage      Min:  0.0, Avg:  0.0, Max:  0.0, Diff:  0.0, Sum:  0.0, Workers: 4
[1.923s][debug][gc,phases      ] GC(1)     Dead                           Min: 0, Avg:  0.0, Max: 0, Diff: 0, Sum: 0, Workers: 4
[1.923s][debug][gc,phases      ] GC(1)     Total                          Min: 0, Avg:  0.0, Max: 0, Diff: 0, Sum: 0, Workers: 4
[1.923s][debug][gc,phases      ] GC(1)   StringTable Weak               Min:  0.0, Avg:  0.0, Max:  0.1, Diff:  0.1, Sum:  0.1, Workers: 4
[1.923s][debug][gc,phases      ] GC(1)     Dead                           Min: 0, Avg:  0.0, Max: 0, Diff: 0, Sum: 0, Workers: 4
[1.923s][debug][gc,phases      ] GC(1)     Total                          Min: 0, Avg: 2952.2, Max: 4928, Diff: 4928, Sum: 11809, Workers: 4
[1.923s][debug][gc,phases      ] GC(1)   ResolvedMethodTable Weak       Min:  0.0, Avg:  0.0, Max:  0.0, Diff:  0.0, Sum:  0.0, Workers: 4
[1.923s][debug][gc,phases      ] GC(1)     Dead                           Min: 0, Avg:  0.0, Max: 0, Diff: 0, Sum: 0, Workers: 4
[1.923s][debug][gc,phases      ] GC(1)     Total                          Min: 0, Avg: 326.2, Max: 512, Diff: 512, Sum: 1305, Workers: 4
[1.923s][debug][gc,phases      ] GC(1)   JNI Weak                       Min:  0.0, Avg:  0.0, Max:  0.0, Diff:  0.0, Sum:  0.0, Workers: 4
[1.923s][debug][gc,phases      ] GC(1)     Dead                           Min: 0, Avg:  0.0, Max: 0, Diff: 0, Sum: 0, Workers: 4
[1.923s][debug][gc,phases      ] GC(1)     Total                          Min: 0, Avg: 12.0, Max: 48, Diff: 48, Sum: 48, Workers: 4
[1.923s][debug][gc,phases      ] GC(1)   StringDedup Table Weak         Min:  0.0, Avg:  0.0, Max:  0.0, Diff:  0.0, Sum:  0.0, Workers: 4
[1.923s][debug][gc,phases      ] GC(1)     Dead                           Min: 0, Avg:  0.0, Max: 0, Diff: 0, Sum: 0, Workers: 4
[1.923s][debug][gc,phases      ] GC(1)     Total                          Min: 0, Avg:  0.0, Max: 0, Diff: 0, Sum: 0, Workers: 4
[1.923s][debug][gc,phases      ] GC(1)   StringDedup Requests0 Weak     Min:  0.0, Avg:  0.0, Max:  0.0, Diff:  0.0, Sum:  0.0, Workers: 4
[1.923s][debug][gc,phases      ] GC(1)     Dead                           Min: 0, Avg:  0.0, Max: 0, Diff: 0, Sum: 0, Workers: 4
[1.923s][debug][gc,phases      ] GC(1)     Total                          Min: 0, Avg:  0.0, Max: 0, Diff: 0, Sum: 0, Workers: 4
[1.923s][debug][gc,phases      ] GC(1)   StringDedup Requests1 Weak     Min:  0.0, Avg:  0.0, Max:  0.0, Diff:  0.0, Sum:  0.0, Workers: 4
[1.923s][debug][gc,phases      ] GC(1)     Dead                           Min: 0, Avg:  0.0, Max: 0, Diff: 0, Sum: 0, Workers: 4
[1.923s][debug][gc,phases      ] GC(1)     Total                          Min: 0, Avg:  0.0, Max: 0, Diff: 0, Sum: 0, Workers: 4
[1.923s][debug][gc,phases      ] GC(1)   Weak JFR Old Object Samples    Min:  0.0, Avg:  0.0, Max:  0.0, Diff:  0.0, Sum:  0.0, Workers: 4
[1.923s][debug][gc,phases      ] GC(1)     Dead                           Min: 0, Avg:  0.0, Max: 0, Diff: 0, Sum: 0, Workers: 4
[1.923s][debug][gc,phases      ] GC(1)     Total                          Min: 0, Avg:  0.0, Max: 0, Diff: 0, Sum: 0, Workers: 4
[1.923s][debug][gc,phases      ] GC(1) Weak Processing 0.209ms
[1.923s][debug][gc,phases      ] GC(1) ClassLoaderData 0.008ms
[1.923s][debug][gc,phases      ] GC(1) Trigger cleanups 0.000ms
[1.926s][debug][gc,phases      ] GC(1) Class Unloading 3.404ms
[1.926s][debug][gc,phases      ] GC(1) Report Object Count 0.001ms
[1.926s][info ][gc,phases      ] GC(1) Marking Phase 13.110ms
[1.926s][info ][gc,phases,start] GC(1) Summary Phase
[1.926s][info ][gc,phases      ] GC(1) Summary Phase 0.007ms
[1.926s][info ][gc,phases,start] GC(1) Adjust Roots
[1.930s][info ][gc,phases      ] GC(1) Adjust Roots 3.840ms
[1.930s][info ][gc,phases,start] GC(1) Compaction Phase
[1.954s][info ][gc,phases      ] GC(1) Compaction Phase 23.889ms
[1.954s][info ][gc,phases,start] GC(1) Post Compact
[1.955s][info ][gc,phases      ] GC(1) Post Compact 1.318ms
[1.955s][info ][gc,heap        ] GC(1) PSYoungGen: 34910K(1572864K)->29112K(1572864K) Eden: 0K(1048576K)->0K(1048576K) From: 34910K(524288K)->29112K(524288K)
[1.955s][info ][gc,heap        ] GC(1) ParOldGen: 96K(6144K)->5688K(6144K)
[1.955s][info ][gc,metaspace   ] GC(1) Metaspace: 21129K(21504K)->21129K(21504K) NonClass: 18688K(18880K)->18688K(18880K) Class: 2440K(2624K)->2440K(2624K)
[1.955s][info ][gc             ] GC(1) Pause Full (Metadata GC Threshold) 34M->33M(1542M) 42.257ms
[1.955s][info ][gc,cpu         ] GC(1) User=0.11s Sys=0.00s Real=0.04s
[1.955s][info ][safepoint      ] Safepoint "CollectForMetadataAllocation", Time since last: 325586525 ns, Reaching safepoint: 3600 ns, Cleanup: 101901 ns, At safepoint: 61496107 ns, Total: 61601608 ns
[2.230s][info ][safepoint      ] Safepoint "ICBufferFull", Time since last: 274576171 ns, Reaching safepoint: 3500 ns, Cleanup: 115800 ns, At safepoint: 6200 ns, Total: 125500 ns
[2.294s][info ][safepoint      ] Safepoint "ICBufferFull", Time since last: 63337017 ns, Reaching safepoint: 2900 ns, Cleanup: 122400 ns, At safepoint: 2600 ns, Total: 127900 ns
[2.393s][info ][safepoint      ] Safepoint "ICBufferFull", Time since last: 98950294 ns, Reaching safepoint: 73901 ns, Cleanup: 142900 ns, At safepoint: 5700 ns, Total: 222501 ns
[2.563s][info ][safepoint      ] Safepoint "ICBufferFull", Time since last: 169690248 ns, Reaching safepoint: 4600 ns, Cleanup: 175201 ns, At safepoint: 9700 ns, Total: 189501 ns
[2.778s][info ][safepoint      ] Safepoint "ICBufferFull", Time since last: 215419975 ns, Reaching safepoint: 3700 ns, Cleanup: 186801 ns, At safepoint: 11700 ns, Total: 202201 ns
[3.275s][info ][safepoint      ] Safepoint "ICBufferFull", Time since last: 496453703 ns, Reaching safepoint: 2300 ns, Cleanup: 156201 ns, At safepoint: 1700 ns, Total: 160201 ns
[3.409s][info ][safepoint      ] Safepoint "ICBufferFull", Time since last: 133935791 ns, Reaching safepoint: 4300 ns, Cleanup: 148501 ns, At safepoint: 6200 ns, Total: 159001 ns
[3.740s][info ][safepoint      ] Safepoint "ICBufferFull", Time since last: 331071301 ns, Reaching safepoint: 3500 ns, Cleanup: 133801 ns, At safepoint: 7800 ns, Total: 145101 ns
[3.920s][info ][gc,start       ] GC(2) Pause Young (Metadata GC Threshold)
[3.967s][debug][gc,phases      ] GC(2) Scavenge 46.646ms
[3.967s][debug][gc,ref         ] GC(2) Skipped phase 1 of Reference Processing: no references
[3.967s][debug][gc,ref         ] GC(2) ReferenceProcessor::execute queues: 4, RefProcThreadModel::Multi, marks_oops_alive: false
[3.967s][debug][gc,ref         ] GC(2) Skipped phase 3 of Reference Processing: no references
[3.967s][debug][gc,ref         ] GC(2) ReferenceProcessor::execute queues: 1, RefProcThreadModel::Single, marks_oops_alive: false
[3.967s][debug][gc,phases      ] GC(2) Reference Processing 0.591ms
[3.968s][debug][gc,phases      ] GC(2)   VM Weak                        Min:  0.0, Avg:  0.0, Max:  0.0, Diff:  0.0, Sum:  0.0, Workers: 4
[3.968s][debug][gc,phases      ] GC(2)     Dead                           Min: 0, Avg:  0.0, Max: 0, Diff: 0, Sum: 0, Workers: 4
[3.968s][debug][gc,phases      ] GC(2)     Total                          Min: 0, Avg: 78.5, Max: 314, Diff: 314, Sum: 314, Workers: 4
[3.968s][debug][gc,phases      ] GC(2)   ObjectSynchronizer Weak        Min:  0.0, Avg:  0.0, Max:  0.0, Diff:  0.0, Sum:  0.0, Workers: 4
[3.968s][debug][gc,phases      ] GC(2)     Dead                           Min: 0, Avg:  0.0, Max: 0, Diff: 0, Sum: 0, Workers: 4
[3.968s][debug][gc,phases      ] GC(2)     Total                          Min: 0, Avg:  4.2, Max: 17, Diff: 17, Sum: 17, Workers: 4
[3.968s][debug][gc,phases      ] GC(2)   JVMTI Tag Weak OopStorage      Min:  0.0, Avg:  0.0, Max:  0.0, Diff:  0.0, Sum:  0.0, Workers: 4
[3.968s][debug][gc,phases      ] GC(2)     Dead                           Min: 0, Avg:  0.0, Max: 0, Diff: 0, Sum: 0, Workers: 4
[3.968s][debug][gc,phases      ] GC(2)     Total                          Min: 0, Avg:  0.0, Max: 0, Diff: 0, Sum: 0, Workers: 4
[3.968s][debug][gc,phases      ] GC(2)   StringTable Weak               Min:  0.0, Avg:  0.1, Max:  0.1, Diff:  0.1, Sum:  0.4, Workers: 4
[3.968s][debug][gc,phases      ] GC(2)     Dead                           Min: 0, Avg:  2.2, Max: 4, Diff: 4, Sum: 9, Workers: 4
[3.968s][debug][gc,phases      ] GC(2)     Total                          Min: 0, Avg: 4354.2, Max: 6720, Diff: 6720, Sum: 17417, Workers: 4
[3.968s][debug][gc,phases      ] GC(2)   ResolvedMethodTable Weak       Min:  0.0, Avg:  0.0, Max:  0.0, Diff:  0.0, Sum:  0.1, Workers: 4
[3.968s][debug][gc,phases      ] GC(2)     Dead                           Min: 0, Avg: 12.2, Max: 20, Diff: 20, Sum: 49, Workers: 4
[3.968s][debug][gc,phases      ] GC(2)     Total                          Min: 0, Avg: 590.2, Max: 895, Diff: 895, Sum: 2361, Workers: 4
[3.968s][debug][gc,phases      ] GC(2)   JNI Weak                       Min:  0.0, Avg:  0.0, Max:  0.0, Diff:  0.0, Sum:  0.0, Workers: 4
[3.968s][debug][gc,phases      ] GC(2)     Dead                           Min: 0, Avg:  0.0, Max: 0, Diff: 0, Sum: 0, Workers: 4
[3.968s][debug][gc,phases      ] GC(2)     Total                          Min: 0, Avg: 19.5, Max: 48, Diff: 48, Sum: 78, Workers: 4
[3.968s][debug][gc,phases      ] GC(2)   StringDedup Table Weak         Min:  0.0, Avg:  0.0, Max:  0.0, Diff:  0.0, Sum:  0.0, Workers: 4
[3.968s][debug][gc,phases      ] GC(2)     Dead                           Min: 0, Avg:  0.0, Max: 0, Diff: 0, Sum: 0, Workers: 4
[3.968s][debug][gc,phases      ] GC(2)     Total                          Min: 0, Avg:  0.0, Max: 0, Diff: 0, Sum: 0, Workers: 4
[3.968s][debug][gc,phases      ] GC(2)   StringDedup Requests0 Weak     Min:  0.0, Avg:  0.0, Max:  0.0, Diff:  0.0, Sum:  0.0, Workers: 4
[3.968s][debug][gc,phases      ] GC(2)     Dead                           Min: 0, Avg:  0.0, Max: 0, Diff: 0, Sum: 0, Workers: 4
[3.968s][debug][gc,phases      ] GC(2)     Total                          Min: 0, Avg:  0.0, Max: 0, Diff: 0, Sum: 0, Workers: 4
[3.968s][debug][gc,phases      ] GC(2)   StringDedup Requests1 Weak     Min:  0.0, Avg:  0.0, Max:  0.0, Diff:  0.0, Sum:  0.0, Workers: 4
[3.968s][debug][gc,phases      ] GC(2)     Dead                           Min: 0, Avg:  0.0, Max: 0, Diff: 0, Sum: 0, Workers: 4
[3.968s][debug][gc,phases      ] GC(2)     Total                          Min: 0, Avg:  0.0, Max: 0, Diff: 0, Sum: 0, Workers: 4
[3.968s][debug][gc,phases      ] GC(2)   Weak JFR Old Object Samples    Min:  0.0, Avg:  0.0, Max:  0.0, Diff:  0.0, Sum:  0.0, Workers: 4
[3.968s][debug][gc,phases      ] GC(2)     Dead                           Min: 0, Avg:  0.0, Max: 0, Diff: 0, Sum: 0, Workers: 4
[3.968s][debug][gc,phases      ] GC(2)     Total                          Min: 0, Avg:  0.0, Max: 0, Diff: 0, Sum: 0, Workers: 4
[3.968s][debug][gc,phases      ] GC(2) Weak Processing 0.335ms
[3.968s][debug][gc,age         ] GC(2) Desired survivor size 536870912 bytes, new threshold 7 (max threshold 15)
[3.968s][info ][gc,heap        ] GC(2) PSYoungGen: 637439K(1572864K)->76888K(1572864K) Eden: 608327K(1048576K)->0K(1048576K) From: 29112K(524288K)->76888K(524288K)
[3.968s][info ][gc,heap        ] GC(2) ParOldGen: 5688K(6144K)->5696K(6144K)
[3.968s][info ][gc,metaspace   ] GC(2) Metaspace: 35362K(35840K)->35362K(35840K) NonClass: 30937K(31168K)->30937K(31168K) Class: 4425K(4672K)->4425K(4672K)
[3.968s][info ][gc             ] GC(2) Pause Young (Metadata GC Threshold) 628M->80M(1542M) 47.685ms
[3.968s][info ][gc,cpu         ] GC(2) User=0.12s Sys=0.03s Real=0.04s
[3.968s][debug][gc,phases      ] GC(3) Pre Compact 0.008ms
[3.968s][info ][gc,start       ] GC(3) Pause Full (Metadata GC Threshold)
[3.968s][info ][gc,phases,start] GC(3) Marking Phase
[4.002s][debug][gc,phases      ] GC(3) Par Mark 34.083ms
[4.002s][debug][gc,ref         ] GC(3) Skipped phase 1 of Reference Processing: no references
[4.002s][debug][gc,ref         ] GC(3) ReferenceProcessor::execute queues: 2, RefProcThreadModel::Multi, marks_oops_alive: false
[4.002s][debug][gc,ref         ] GC(3) Skipped phase 3 of Reference Processing: no references
[4.002s][debug][gc,ref         ] GC(3) ReferenceProcessor::execute queues: 1, RefProcThreadModel::Single, marks_oops_alive: false
[4.002s][debug][gc,phases      ] GC(3) Reference Processing 0.225ms
[4.002s][debug][gc,phases      ] GC(3)   VM Weak                        Min:  0.0, Avg:  0.0, Max:  0.0, Diff:  0.0, Sum:  0.0, Workers: 4
[4.002s][debug][gc,phases      ] GC(3)     Dead                           Min: 0, Avg:  0.0, Max: 0, Diff: 0, Sum: 0, Workers: 4
[4.002s][debug][gc,phases      ] GC(3)     Total                          Min: 0, Avg: 78.5, Max: 314, Diff: 314, Sum: 314, Workers: 4
[4.002s][debug][gc,phases      ] GC(3)   ObjectSynchronizer Weak        Min:  0.0, Avg:  0.0, Max:  0.0, Diff:  0.0, Sum:  0.0, Workers: 4
[4.002s][debug][gc,phases      ] GC(3)     Dead                           Min: 0, Avg:  0.0, Max: 0, Diff: 0, Sum: 0, Workers: 4
[4.002s][debug][gc,phases      ] GC(3)     Total                          Min: 0, Avg:  4.2, Max: 17, Diff: 17, Sum: 17, Workers: 4
[4.002s][debug][gc,phases      ] GC(3)   JVMTI Tag Weak OopStorage      Min:  0.0, Avg:  0.0, Max:  0.0, Diff:  0.0, Sum:  0.0, Workers: 4
[4.002s][debug][gc,phases      ] GC(3)     Dead                           Min: 0, Avg:  0.0, Max: 0, Diff: 0, Sum: 0, Workers: 4
[4.002s][debug][gc,phases      ] GC(3)     Total                          Min: 0, Avg:  0.0, Max: 0, Diff: 0, Sum: 0, Workers: 4
[4.002s][debug][gc,phases      ] GC(3)   StringTable Weak               Min:  0.0, Avg:  0.1, Max:  0.1, Diff:  0.1, Sum:  0.3, Workers: 4
[4.002s][debug][gc,phases      ] GC(3)     Dead                           Min: 0, Avg:  0.0, Max: 0, Diff: 0, Sum: 0, Workers: 4
[4.002s][debug][gc,phases      ] GC(3)     Total                          Min: 0, Avg: 4354.2, Max: 7177, Diff: 7177, Sum: 17417, Workers: 4
[4.002s][debug][gc,phases      ] GC(3)   ResolvedMethodTable Weak       Min:  0.0, Avg:  0.0, Max:  0.0, Diff:  0.0, Sum:  0.0, Workers: 4
[4.002s][debug][gc,phases      ] GC(3)     Dead                           Min: 0, Avg:  0.0, Max: 0, Diff: 0, Sum: 0, Workers: 4
[4.002s][debug][gc,phases      ] GC(3)     Total                          Min: 0, Avg: 590.2, Max: 1151, Diff: 1151, Sum: 2361, Workers: 4
[4.002s][debug][gc,phases      ] GC(3)   JNI Weak                       Min:  0.0, Avg:  0.0, Max:  0.0, Diff:  0.0, Sum:  0.0, Workers: 4
[4.002s][debug][gc,phases      ] GC(3)     Dead                           Min: 0, Avg:  0.0, Max: 0, Diff: 0, Sum: 0, Workers: 4
[4.002s][debug][gc,phases      ] GC(3)     Total                          Min: 0, Avg: 19.5, Max: 48, Diff: 48, Sum: 78, Workers: 4
[4.002s][debug][gc,phases      ] GC(3)   StringDedup Table Weak         Min:  0.0, Avg:  0.0, Max:  0.0, Diff:  0.0, Sum:  0.0, Workers: 4
[4.002s][debug][gc,phases      ] GC(3)     Dead                           Min: 0, Avg:  0.0, Max: 0, Diff: 0, Sum: 0, Workers: 4
[4.002s][debug][gc,phases      ] GC(3)     Total                          Min: 0, Avg:  0.0, Max: 0, Diff: 0, Sum: 0, Workers: 4
[4.002s][debug][gc,phases      ] GC(3)   StringDedup Requests0 Weak     Min:  0.0, Avg:  0.0, Max:  0.0, Diff:  0.0, Sum:  0.0, Workers: 4
[4.002s][debug][gc,phases      ] GC(3)     Dead                           Min: 0, Avg:  0.0, Max: 0, Diff: 0, Sum: 0, Workers: 4
[4.002s][debug][gc,phases      ] GC(3)     Total                          Min: 0, Avg:  0.0, Max: 0, Diff: 0, Sum: 0, Workers: 4
[4.002s][debug][gc,phases      ] GC(3)   StringDedup Requests1 Weak     Min:  0.0, Avg:  0.0, Max:  0.0, Diff:  0.0, Sum:  0.0, Workers: 4
[4.002s][debug][gc,phases      ] GC(3)     Dead                           Min: 0, Avg:  0.0, Max: 0, Diff: 0, Sum: 0, Workers: 4
[4.002s][debug][gc,phases      ] GC(3)     Total                          Min: 0, Avg:  0.0, Max: 0, Diff: 0, Sum: 0, Workers: 4
[4.002s][debug][gc,phases      ] GC(3)   Weak JFR Old Object Samples    Min:  0.0, Avg:  0.0, Max:  0.0, Diff:  0.0, Sum:  0.0, Workers: 4
[4.002s][debug][gc,phases      ] GC(3)     Dead                           Min: 0, Avg:  0.0, Max: 0, Diff: 0, Sum: 0, Workers: 4
[4.002s][debug][gc,phases      ] GC(3)     Total                          Min: 0, Avg:  0.0, Max: 0, Diff: 0, Sum: 0, Workers: 4
[4.002s][debug][gc,phases      ] GC(3) Weak Processing 0.271ms
[4.002s][debug][gc,phases      ] GC(3) ClassLoaderData 0.040ms
[4.002s][debug][gc,phases      ] GC(3) Trigger cleanups 0.000ms
[4.007s][debug][gc,phases      ] GC(3) Class Unloading 4.220ms
[4.007s][debug][gc,phases      ] GC(3) Report Object Count 0.001ms
[4.007s][info ][gc,phases      ] GC(3) Marking Phase 38.900ms
[4.007s][info ][gc,phases,start] GC(3) Summary Phase
[4.007s][info ][gc,phases      ] GC(3) Summary Phase 0.006ms
[4.007s][info ][gc,phases,start] GC(3) Adjust Roots
[4.013s][info ][gc,phases      ] GC(3) Adjust Roots 6.336ms
[4.013s][info ][gc,phases,start] GC(3) Compaction Phase
[4.372s][info ][gc,phases      ] GC(3) Compaction Phase 358.494ms
[4.372s][info ][gc,phases,start] GC(3) Post Compact
[4.374s][info ][gc,phases      ] GC(3) Post Compact 2.577ms
[4.374s][info ][gc,heap        ] GC(3) PSYoungGen: 76888K(1572864K)->76712K(1572864K) Eden: 0K(1048576K)->0K(1048576K) From: 76888K(524288K)->76712K(524288K)
[4.374s][info ][gc,heap        ] GC(3) ParOldGen: 5696K(6144K)->5647K(6144K)
[4.374s][info ][gc,metaspace   ] GC(3) Metaspace: 35362K(35840K)->35362K(35840K) NonClass: 30937K(31168K)->30937K(31168K) Class: 4425K(4672K)->4425K(4672K)
[4.374s][info ][gc             ] GC(3) Pause Full (Metadata GC Threshold) 80M->80M(1542M) 406.453ms
[4.374s][info ][gc,cpu         ] GC(3) User=0.84s Sys=0.00s Real=0.41s
[4.374s][info ][safepoint      ] Safepoint "CollectForMetadataAllocation", Time since last: 179821896 ns, Reaching safepoint: 2600 ns, Cleanup: 30700 ns, At safepoint: 454259621 ns, Total: 454292921 ns
[4.544s][info ][safepoint      ] Safepoint "ICBufferFull", Time since last: 169105625 ns, Reaching safepoint: 83500 ns, Cleanup: 158101 ns, At safepoint: 14600 ns, Total: 256201 ns
[4.703s][info ][safepoint      ] Safepoint "ICBufferFull", Time since last: 159530761 ns, Reaching safepoint: 77501 ns, Cleanup: 137001 ns, At safepoint: 6400 ns, Total: 220902 ns
[4.926s][info ][safepoint      ] Safepoint "ICBufferFull", Time since last: 222239478 ns, Reaching safepoint: 2500 ns, Cleanup: 132501 ns, At safepoint: 1700 ns, Total: 136701 ns
[5.107s][info ][safepoint      ] Safepoint "ICBufferFull", Time since last: 181136404 ns, Reaching safepoint: 4500 ns, Cleanup: 166601 ns, At safepoint: 6800 ns, Total: 177901 ns
[5.491s][info ][safepoint      ] Safepoint "ICBufferFull", Time since last: 383531051 ns, Reaching safepoint: 78000 ns, Cleanup: 148901 ns, At safepoint: 5100 ns, Total: 232001 ns
[6.042s][info ][safepoint      ] Safepoint "ICBufferFull", Time since last: 550815763 ns, Reaching safepoint: 2700 ns, Cleanup: 128401 ns, At safepoint: 1600 ns, Total: 132701 ns
[6.213s][info ][safepoint      ] Safepoint "ICBufferFull", Time since last: 171228339 ns, Reaching safepoint: 4000 ns, Cleanup: 156401 ns, At safepoint: 12200 ns, Total: 172601 ns
[6.331s][info ][gc,start       ] GC(4) Pause Young (Metadata GC Threshold)
[6.398s][debug][gc,phases      ] GC(4) Scavenge 67.133ms
[6.398s][debug][gc,ref         ] GC(4) Skipped phase 1 of Reference Processing: no references
[6.399s][debug][gc,ref         ] GC(4) ReferenceProcessor::execute queues: 4, RefProcThreadModel::Multi, marks_oops_alive: false
[6.399s][debug][gc,ref         ] GC(4) Skipped phase 3 of Reference Processing: no references
[6.399s][debug][gc,ref         ] GC(4) ReferenceProcessor::execute queues: 4, RefProcThreadModel::Multi, marks_oops_alive: false
[6.399s][debug][gc,phases      ] GC(4) Reference Processing 0.869ms
[6.399s][debug][gc,phases      ] GC(4)   VM Weak                        Min:  0.0, Avg:  0.0, Max:  0.0, Diff:  0.0, Sum:  0.0, Workers: 4
[6.400s][debug][gc,phases      ] GC(4)     Dead                           Min: 0, Avg:  0.0, Max: 0, Diff: 0, Sum: 0, Workers: 4
[6.400s][debug][gc,phases      ] GC(4)     Total                          Min: 0, Avg: 132.5, Max: 448, Diff: 448, Sum: 530, Workers: 4
[6.400s][debug][gc,phases      ] GC(4)   ObjectSynchronizer Weak        Min:  0.0, Avg:  0.0, Max:  0.0, Diff:  0.0, Sum:  0.0, Workers: 4
[6.400s][debug][gc,phases      ] GC(4)     Dead                           Min: 0, Avg:  0.0, Max: 0, Diff: 0, Sum: 0, Workers: 4
[6.400s][debug][gc,phases      ] GC(4)     Total                          Min: 0, Avg:  4.2, Max: 17, Diff: 17, Sum: 17, Workers: 4
[6.400s][debug][gc,phases      ] GC(4)   JVMTI Tag Weak OopStorage      Min:  0.0, Avg:  0.0, Max:  0.0, Diff:  0.0, Sum:  0.0, Workers: 4
[6.400s][debug][gc,phases      ] GC(4)     Dead                           Min: 0, Avg:  0.0, Max: 0, Diff: 0, Sum: 0, Workers: 4
[6.400s][debug][gc,phases      ] GC(4)     Total                          Min: 0, Avg:  0.0, Max: 0, Diff: 0, Sum: 0, Workers: 4
[6.400s][debug][gc,phases      ] GC(4)   StringTable Weak               Min:  0.2, Avg:  0.2, Max:  0.2, Diff:  0.0, Sum:  1.0, Workers: 4
[6.400s][debug][gc,phases      ] GC(4)     Dead                           Min: 0, Avg:  4.0, Max: 6, Diff: 6, Sum: 16, Workers: 4
[6.400s][debug][gc,phases      ] GC(4)     Total                          Min: 8320, Avg: 9021.0, Max: 9792, Diff: 1472, Sum: 36084, Workers: 4
[6.400s][debug][gc,phases      ] GC(4)   ResolvedMethodTable Weak       Min:  0.1, Avg:  0.1, Max:  0.1, Diff:  0.0, Sum:  0.2, Workers: 4
[6.400s][debug][gc,phases      ] GC(4)     Dead                           Min: 24, Avg: 45.5, Max: 77, Diff: 53, Sum: 182, Workers: 4
[6.400s][debug][gc,phases      ] GC(4)     Total                          Min: 1394, Avg: 1580.5, Max: 1792, Diff: 398, Sum: 6322, Workers: 4
[6.400s][debug][gc,phases      ] GC(4)   JNI Weak                       Min:  0.0, Avg:  0.0, Max:  0.0, Diff:  0.0, Sum:  0.0, Workers: 4
[6.400s][debug][gc,phases      ] GC(4)     Dead                           Min: 0, Avg:  0.0, Max: 0, Diff: 0, Sum: 0, Workers: 4
[6.400s][debug][gc,phases      ] GC(4)     Total                          Min: 0, Avg: 13.2, Max: 53, Diff: 53, Sum: 53, Workers: 4
[6.400s][debug][gc,phases      ] GC(4)   StringDedup Table Weak         Min:  0.0, Avg:  0.0, Max:  0.0, Diff:  0.0, Sum:  0.0, Workers: 4
[6.400s][debug][gc,phases      ] GC(4)     Dead                           Min: 0, Avg:  0.0, Max: 0, Diff: 0, Sum: 0, Workers: 4
[6.400s][debug][gc,phases      ] GC(4)     Total                          Min: 0, Avg:  0.0, Max: 0, Diff: 0, Sum: 0, Workers: 4
[6.400s][debug][gc,phases      ] GC(4)   StringDedup Requests0 Weak     Min:  0.0, Avg:  0.0, Max:  0.0, Diff:  0.0, Sum:  0.0, Workers: 4
[6.400s][debug][gc,phases      ] GC(4)     Dead                           Min: 0, Avg:  0.0, Max: 0, Diff: 0, Sum: 0, Workers: 4
[6.400s][debug][gc,phases      ] GC(4)     Total                          Min: 0, Avg:  0.0, Max: 0, Diff: 0, Sum: 0, Workers: 4
[6.400s][debug][gc,phases      ] GC(4)   StringDedup Requests1 Weak     Min:  0.0, Avg:  0.0, Max:  0.0, Diff:  0.0, Sum:  0.0, Workers: 4
[6.400s][debug][gc,phases      ] GC(4)     Dead                           Min: 0, Avg:  0.0, Max: 0, Diff: 0, Sum: 0, Workers: 4
[6.400s][debug][gc,phases      ] GC(4)     Total                          Min: 0, Avg:  0.0, Max: 0, Diff: 0, Sum: 0, Workers: 4
[6.400s][debug][gc,phases      ] GC(4)   Weak JFR Old Object Samples    Min:  0.0, Avg:  0.0, Max:  0.0, Diff:  0.0, Sum:  0.0, Workers: 4
[6.400s][debug][gc,phases      ] GC(4)     Dead                           Min: 0, Avg:  0.0, Max: 0, Diff: 0, Sum: 0, Workers: 4
[6.400s][debug][gc,phases      ] GC(4)     Total                          Min: 0, Avg:  0.0, Max: 0, Diff: 0, Sum: 0, Workers: 4
[6.400s][debug][gc,phases      ] GC(4) Weak Processing 0.467ms
[6.400s][debug][gc,age         ] GC(4) Desired survivor size 536870912 bytes, new threshold 7 (max threshold 15)
[6.400s][info ][gc,heap        ] GC(4) PSYoungGen: 393139K(1572864K)->114220K(1572864K) Eden: 316427K(1048576K)->0K(1048576K) From: 76712K(524288K)->114220K(524288K)
[6.400s][info ][gc,heap        ] GC(4) ParOldGen: 5647K(6144K)->5671K(6144K)
[6.400s][info ][gc,metaspace   ] GC(4) Metaspace: 59172K(59776K)->59172K(59776K) NonClass: 50243K(50560K)->50243K(50560K) Class: 8928K(9216K)->8928K(9216K)
[6.400s][info ][gc             ] GC(4) Pause Young (Metadata GC Threshold) 389M->117M(1542M) 68.620ms
[6.400s][info ][gc,cpu         ] GC(4) User=0.17s Sys=0.01s Real=0.07s
[6.400s][debug][gc,phases      ] GC(5) Pre Compact 0.008ms
[6.400s][info ][gc,start       ] GC(5) Pause Full (Metadata GC Threshold)
[6.400s][info ][gc,phases,start] GC(5) Marking Phase
[6.451s][debug][gc,phases      ] GC(5) Par Mark 51.468ms
[6.451s][debug][gc,ref         ] GC(5) Skipped phase 1 of Reference Processing: no references
[6.451s][debug][gc,ref         ] GC(5) ReferenceProcessor::execute queues: 4, RefProcThreadModel::Multi, marks_oops_alive: false
[6.452s][debug][gc,ref         ] GC(5) Skipped phase 3 of Reference Processing: no references
[6.452s][debug][gc,ref         ] GC(5) ReferenceProcessor::execute queues: 1, RefProcThreadModel::Single, marks_oops_alive: false
[6.452s][debug][gc,phases      ] GC(5) Reference Processing 0.327ms
[6.452s][debug][gc,phases      ] GC(5)   VM Weak                        Min:  0.0, Avg:  0.0, Max:  0.0, Diff:  0.0, Sum:  0.0, Workers: 4
[6.452s][debug][gc,phases      ] GC(5)     Dead                           Min: 0, Avg:  0.0, Max: 0, Diff: 0, Sum: 0, Workers: 4
[6.452s][debug][gc,phases      ] GC(5)     Total                          Min: 0, Avg: 132.5, Max: 466, Diff: 466, Sum: 530, Workers: 4
[6.452s][debug][gc,phases      ] GC(5)   ObjectSynchronizer Weak        Min:  0.0, Avg:  0.0, Max:  0.0, Diff:  0.0, Sum:  0.0, Workers: 4
[6.452s][debug][gc,phases      ] GC(5)     Dead                           Min: 0, Avg:  0.0, Max: 0, Diff: 0, Sum: 0, Workers: 4
[6.452s][debug][gc,phases      ] GC(5)     Total                          Min: 0, Avg:  4.2, Max: 17, Diff: 17, Sum: 17, Workers: 4
[6.452s][debug][gc,phases      ] GC(5)   JVMTI Tag Weak OopStorage      Min:  0.0, Avg:  0.0, Max:  0.0, Diff:  0.0, Sum:  0.0, Workers: 4
[6.452s][debug][gc,phases      ] GC(5)     Dead                           Min: 0, Avg:  0.0, Max: 0, Diff: 0, Sum: 0, Workers: 4
[6.452s][debug][gc,phases      ] GC(5)     Total                          Min: 0, Avg:  0.0, Max: 0, Diff: 0, Sum: 0, Workers: 4
[6.452s][debug][gc,phases      ] GC(5)   StringTable Weak               Min:  0.0, Avg:  0.1, Max:  0.1, Diff:  0.1, Sum:  0.4, Workers: 4
[6.452s][debug][gc,phases      ] GC(5)     Dead                           Min: 0, Avg:  0.0, Max: 0, Diff: 0, Sum: 0, Workers: 4
[6.452s][debug][gc,phases      ] GC(5)     Total                          Min: 0, Avg: 9021.0, Max: 12992, Diff: 12992, Sum: 36084, Workers: 4
[6.452s][debug][gc,phases      ] GC(5)   ResolvedMethodTable Weak       Min:  0.0, Avg:  0.0, Max:  0.0, Diff:  0.0, Sum:  0.1, Workers: 4
[6.452s][debug][gc,phases      ] GC(5)     Dead                           Min: 0, Avg:  0.0, Max: 0, Diff: 0, Sum: 0, Workers: 4
[6.452s][debug][gc,phases      ] GC(5)     Total                          Min: 0, Avg: 1580.5, Max: 2240, Diff: 2240, Sum: 6322, Workers: 4
[6.452s][debug][gc,phases      ] GC(5)   JNI Weak                       Min:  0.0, Avg:  0.0, Max:  0.0, Diff:  0.0, Sum:  0.0, Workers: 4
[6.452s][debug][gc,phases      ] GC(5)     Dead                           Min: 0, Avg:  0.0, Max: 0, Diff: 0, Sum: 0, Workers: 4
[6.452s][debug][gc,phases      ] GC(5)     Total                          Min: 0, Avg: 13.2, Max: 53, Diff: 53, Sum: 53, Workers: 4
[6.452s][debug][gc,phases      ] GC(5)   StringDedup Table Weak         Min:  0.0, Avg:  0.0, Max:  0.0, Diff:  0.0, Sum:  0.0, Workers: 4
[6.452s][debug][gc,phases      ] GC(5)     Dead                           Min: 0, Avg:  0.0, Max: 0, Diff: 0, Sum: 0, Workers: 4
[6.452s][debug][gc,phases      ] GC(5)     Total                          Min: 0, Avg:  0.0, Max: 0, Diff: 0, Sum: 0, Workers: 4
[6.452s][debug][gc,phases      ] GC(5)   StringDedup Requests0 Weak     Min:  0.0, Avg:  0.0, Max:  0.0, Diff:  0.0, Sum:  0.0, Workers: 4
[6.452s][debug][gc,phases      ] GC(5)     Dead                           Min: 0, Avg:  0.0, Max: 0, Diff: 0, Sum: 0, Workers: 4
[6.452s][debug][gc,phases      ] GC(5)     Total                          Min: 0, Avg:  0.0, Max: 0, Diff: 0, Sum: 0, Workers: 4
[6.452s][debug][gc,phases      ] GC(5)   StringDedup Requests1 Weak     Min:  0.0, Avg:  0.0, Max:  0.0, Diff:  0.0, Sum:  0.0, Workers: 4
[6.452s][debug][gc,phases      ] GC(5)     Dead                           Min: 0, Avg:  0.0, Max: 0, Diff: 0, Sum: 0, Workers: 4
[6.452s][debug][gc,phases      ] GC(5)     Total                          Min: 0, Avg:  0.0, Max: 0, Diff: 0, Sum: 0, Workers: 4
[6.452s][debug][gc,phases      ] GC(5)   Weak JFR Old Object Samples    Min:  0.0, Avg:  0.0, Max:  0.0, Diff:  0.0, Sum:  0.0, Workers: 4
[6.452s][debug][gc,phases      ] GC(5)     Dead                           Min: 0, Avg:  0.0, Max: 0, Diff: 0, Sum: 0, Workers: 4
[6.452s][debug][gc,phases      ] GC(5)     Total                          Min: 0, Avg:  0.0, Max: 0, Diff: 0, Sum: 0, Workers: 4
[6.452s][debug][gc,phases      ] GC(5) Weak Processing 0.348ms
[6.452s][debug][gc,phases      ] GC(5) ClassLoaderData 0.059ms
[6.452s][debug][gc,phases      ] GC(5) Trigger cleanups 0.000ms
[6.457s][debug][gc,phases      ] GC(5) Class Unloading 4.650ms
[6.457s][debug][gc,phases      ] GC(5) Report Object Count 0.001ms
[6.457s][info ][gc,phases      ] GC(5) Marking Phase 56.916ms
[6.457s][info ][gc,phases,start] GC(5) Summary Phase
[6.457s][info ][gc,phases      ] GC(5) Summary Phase 0.007ms
[6.457s][info ][gc,phases,start] GC(5) Adjust Roots
[6.465s][info ][gc,phases      ] GC(5) Adjust Roots 7.919ms
[6.465s][info ][gc,phases,start] GC(5) Compaction Phase
[6.983s][info ][gc,phases      ] GC(5) Compaction Phase 517.956ms
[6.983s][info ][gc,phases,start] GC(5) Post Compact
[6.985s][info ][gc,phases      ] GC(5) Post Compact 2.443ms
[6.985s][info ][gc,heap        ] GC(5) PSYoungGen: 114220K(1572864K)->113965K(1572864K) Eden: 0K(1048576K)->0K(1048576K) From: 114220K(524288K)->113965K(524288K)
[6.985s][info ][gc,heap        ] GC(5) ParOldGen: 5671K(6144K)->5665K(6144K)
[6.985s][info ][gc,metaspace   ] GC(5) Metaspace: 59172K(59776K)->59172K(59776K) NonClass: 50243K(50560K)->50243K(50560K) Class: 8928K(9216K)->8928K(9216K)
[6.985s][info ][gc             ] GC(5) Pause Full (Metadata GC Threshold) 117M->116M(1542M) 585.335ms
[6.985s][info ][gc,cpu         ] GC(5) User=1.22s Sys=0.00s Real=0.58s
[6.986s][info ][safepoint      ] Safepoint "CollectForMetadataAllocation", Time since last: 117584082 ns, Reaching safepoint: 147201 ns, Cleanup: 91800 ns, At safepoint: 654732254 ns, Total: 654971255 ns
[7.131s][info ][safepoint      ] Safepoint "ICBufferFull", Time since last: 144877864 ns, Reaching safepoint: 3300 ns, Cleanup: 125701 ns, At safepoint: 8100 ns, Total: 137101 ns
[7.221s][info ][safepoint      ] Safepoint "ICBufferFull", Time since last: 90136299 ns, Reaching safepoint: 3800 ns, Cleanup: 128901 ns, At safepoint: 10800 ns, Total: 143501 ns
[7.389s][info ][safepoint      ] Safepoint "ICBufferFull", Time since last: 167945117 ns, Reaching safepoint: 3900 ns, Cleanup: 147401 ns, At safepoint: 10100 ns, Total: 161401 ns
[7.542s][info ][safepoint      ] Safepoint "ICBufferFull", Time since last: 152945217 ns, Reaching safepoint: 3500 ns, Cleanup: 95601 ns, At safepoint: 5300 ns, Total: 104401 ns
[7.895s][info ][safepoint      ] Safepoint "ICBufferFull", Time since last: 352531144 ns, Reaching safepoint: 3400 ns, Cleanup: 135501 ns, At safepoint: 6600 ns, Total: 145501 ns
[7.946s][info ][safepoint      ] Safepoint "ICBufferFull", Time since last: 50663337 ns, Reaching safepoint: 3800 ns, Cleanup: 157601 ns, At safepoint: 6700 ns, Total: 168101 ns
[8.138s][info ][safepoint      ] Safepoint "ICBufferFull", Time since last: 192563581 ns, Reaching safepoint: 3400 ns, Cleanup: 123500 ns, At safepoint: 6400 ns, Total: 133300 ns
[8.316s][info ][safepoint      ] Safepoint "ICBufferFull", Time since last: 177327480 ns, Reaching safepoint: 3700 ns, Cleanup: 138101 ns, At safepoint: 6300 ns, Total: 148101 ns
[9.136s][info ][safepoint      ] Safepoint "ICBufferFull", Time since last: 819709365 ns, Reaching safepoint: 81800 ns, Cleanup: 143801 ns, At safepoint: 9700 ns, Total: 235301 ns
[9.384s][info ][safepoint      ] Safepoint "ICBufferFull", Time since last: 247613254 ns, Reaching safepoint: 78700 ns, Cleanup: 143901 ns, At safepoint: 9700 ns, Total: 232301 ns
[9.384s][info ][safepoint      ] Safepoint "ICBufferFull", Time since last: 76000 ns, Reaching safepoint: 71801 ns, Cleanup: 2800 ns, At safepoint: 8400 ns, Total: 83001 ns
[9.390s][info ][safepoint      ] Safepoint "ICBufferFull", Time since last: 6586933 ns, Reaching safepoint: 72400 ns, Cleanup: 3501 ns, At safepoint: 9500 ns, Total: 85401 ns
[10.391s][info ][safepoint      ] Safepoint "Cleanup", Time since last: 1000108463 ns, Reaching safepoint: 87000 ns, Cleanup: 51700 ns, At safepoint: 12800 ns, Total: 151500 ns
[12.359s][info ][safepoint      ] Safepoint "Cleanup", Time since last: 1968467559 ns, Reaching safepoint: 72101 ns, Cleanup: 55600 ns, At safepoint: 6000 ns, Total: 133701 ns
[12.459s][info ][safepoint      ] Safepoint "ICBufferFull", Time since last: 98876255 ns, Reaching safepoint: 223601 ns, Cleanup: 115701 ns, At safepoint: 17000 ns, Total: 356302 ns
[12.687s][info ][safepoint      ] Safepoint "ParallelGCFailedAllocation", Time since last: 227871178 ns, Reaching safepoint: 4500 ns, Cleanup: 50400 ns, At safepoint: 8600 ns, Total: 63500 ns
[12.687s][info ][gc,start       ] GC(6) Pause Young (GCLocker Initiated GC)
[12.855s][debug][gc,phases      ] GC(6) Scavenge 167.854ms
[12.855s][debug][gc,ref         ] GC(6) Skipped phase 1 of Reference Processing: no references
[12.855s][debug][gc,ref         ] GC(6) ReferenceProcessor::execute queues: 4, RefProcThreadModel::Multi, marks_oops_alive: false
[12.855s][debug][gc,ref         ] GC(6) Skipped phase 3 of Reference Processing: no references
[12.855s][debug][gc,ref         ] GC(6) ReferenceProcessor::execute queues: 2, RefProcThreadModel::Multi, marks_oops_alive: false
[12.855s][debug][gc,phases      ] GC(6) Reference Processing 0.577ms
[12.856s][debug][gc,phases      ] GC(6)   VM Weak                        Min:  0.0, Avg:  0.0, Max:  0.0, Diff:  0.0, Sum:  0.0, Workers: 4
[12.856s][debug][gc,phases      ] GC(6)     Dead                           Min: 0, Avg:  0.0, Max: 0, Diff: 0, Sum: 0, Workers: 4
[12.856s][debug][gc,phases      ] GC(6)     Total                          Min: 0, Avg: 160.8, Max: 320, Diff: 320, Sum: 643, Workers: 4
[12.856s][debug][gc,phases      ] GC(6)   ObjectSynchronizer Weak        Min:  0.0, Avg:  0.0, Max:  0.0, Diff:  0.0, Sum:  0.0, Workers: 4
[12.856s][debug][gc,phases      ] GC(6)     Dead                           Min: 0, Avg:  1.2, Max: 5, Diff: 5, Sum: 5, Workers: 4
[12.856s][debug][gc,phases      ] GC(6)     Total                          Min: 0, Avg:  9.5, Max: 38, Diff: 38, Sum: 38, Workers: 4
[12.856s][debug][gc,phases      ] GC(6)   JVMTI Tag Weak OopStorage      Min:  0.0, Avg:  0.0, Max:  0.0, Diff:  0.0, Sum:  0.0, Workers: 4
[12.856s][debug][gc,phases      ] GC(6)     Dead                           Min: 0, Avg:  0.0, Max: 0, Diff: 0, Sum: 0, Workers: 4
[12.856s][debug][gc,phases      ] GC(6)     Total                          Min: 0, Avg:  0.0, Max: 0, Diff: 0, Sum: 0, Workers: 4
[12.856s][debug][gc,phases      ] GC(6)   StringTable Weak               Min:  0.0, Avg:  0.2, Max:  0.3, Diff:  0.3, Sum:  0.9, Workers: 4
[12.856s][debug][gc,phases      ] GC(6)     Dead                           Min: 0, Avg:  4.2, Max: 10, Diff: 10, Sum: 17, Workers: 4
[12.856s][debug][gc,phases      ] GC(6)     Total                          Min: 0, Avg: 9988.8, Max: 16403, Diff: 16403, Sum: 39955, Workers: 4
[12.856s][debug][gc,phases      ] GC(6)   ResolvedMethodTable Weak       Min:  0.0, Avg:  0.1, Max:  0.1, Diff:  0.1, Sum:  0.3, Workers: 4
[12.856s][debug][gc,phases      ] GC(6)     Dead                           Min: 0, Avg: 60.5, Max: 187, Diff: 187, Sum: 242, Workers: 4
[12.856s][debug][gc,phases      ] GC(6)     Total                          Min: 0, Avg: 2133.0, Max: 3540, Diff: 3540, Sum: 8532, Workers: 4
[12.856s][debug][gc,phases      ] GC(6)   JNI Weak                       Min:  0.0, Avg:  0.0, Max:  0.0, Diff:  0.0, Sum:  0.0, Workers: 4
[12.856s][debug][gc,phases      ] GC(6)     Dead                           Min: 0, Avg:  0.0, Max: 0, Diff: 0, Sum: 0, Workers: 4
[12.856s][debug][gc,phases      ] GC(6)     Total                          Min: 0, Avg: 15.8, Max: 55, Diff: 55, Sum: 63, Workers: 4
[12.856s][debug][gc,phases      ] GC(6)   StringDedup Table Weak         Min:  0.0, Avg:  0.0, Max:  0.0, Diff:  0.0, Sum:  0.0, Workers: 4
[12.856s][debug][gc,phases      ] GC(6)     Dead                           Min: 0, Avg:  0.0, Max: 0, Diff: 0, Sum: 0, Workers: 4
[12.856s][debug][gc,phases      ] GC(6)     Total                          Min: 0, Avg:  0.0, Max: 0, Diff: 0, Sum: 0, Workers: 4
[12.856s][debug][gc,phases      ] GC(6)   StringDedup Requests0 Weak     Min:  0.0, Avg:  0.0, Max:  0.0, Diff:  0.0, Sum:  0.0, Workers: 4
[12.856s][debug][gc,phases      ] GC(6)     Dead                           Min: 0, Avg:  0.0, Max: 0, Diff: 0, Sum: 0, Workers: 4
[12.856s][debug][gc,phases      ] GC(6)     Total                          Min: 0, Avg:  0.0, Max: 0, Diff: 0, Sum: 0, Workers: 4
[12.856s][debug][gc,phases      ] GC(6)   StringDedup Requests1 Weak     Min:  0.0, Avg:  0.0, Max:  0.0, Diff:  0.0, Sum:  0.0, Workers: 4
[12.856s][debug][gc,phases      ] GC(6)     Dead                           Min: 0, Avg:  0.0, Max: 0, Diff: 0, Sum: 0, Workers: 4
[12.856s][debug][gc,phases      ] GC(6)     Total                          Min: 0, Avg:  0.0, Max: 0, Diff: 0, Sum: 0, Workers: 4
[12.856s][debug][gc,phases      ] GC(6)   Weak JFR Old Object Samples    Min:  0.0, Avg:  0.0, Max:  0.0, Diff:  0.0, Sum:  0.0, Workers: 4
[12.856s][debug][gc,phases      ] GC(6)     Dead                           Min: 0, Avg:  0.0, Max: 0, Diff: 0, Sum: 0, Workers: 4
[12.856s][debug][gc,phases      ] GC(6)     Total                          Min: 0, Avg:  0.0, Max: 0, Diff: 0, Sum: 0, Workers: 4
[12.856s][debug][gc,phases      ] GC(6) Weak Processing 0.607ms
[12.856s][debug][gc,age         ] GC(6) Desired survivor size 536870912 bytes, new threshold 7 (max threshold 15)
[12.856s][info ][gc,heap        ] GC(6) PSYoungGen: 1162541K(1572864K)->267277K(1572864K) Eden: 1048576K(1048576K)->0K(1048576K) From: 113965K(524288K)->267277K(524288K)
[12.856s][info ][gc,heap        ] GC(6) ParOldGen: 5666K(6144K)->5690K(6144K)
[12.856s][info ][gc,metaspace   ] GC(6) Metaspace: 72468K(73344K)->72468K(73344K) NonClass: 61515K(62016K)->61515K(62016K) Class: 10953K(11328K)->10953K(11328K)
[12.856s][info ][gc             ] GC(6) Pause Young (GCLocker Initiated GC) 1140M->266M(1542M) 169.146ms
[12.856s][info ][gc,cpu         ] GC(6) User=0.54s Sys=0.01s Real=0.17s
[12.856s][info ][safepoint      ] Safepoint "ParallelGCSystemGC", Time since last: 85500 ns, Reaching safepoint: 1500 ns, Cleanup: 1000 ns, At safepoint: 169221849 ns, Total: 169224349 ns
[13.367s][info ][safepoint      ] Safepoint "ICBufferFull", Time since last: 510566364 ns, Reaching safepoint: 4200 ns, Cleanup: 152901 ns, At safepoint: 2500 ns, Total: 159601 ns
[13.658s][info ][safepoint      ] Safepoint "ICBufferFull", Time since last: 290947031 ns, Reaching safepoint: 3900 ns, Cleanup: 131001 ns, At safepoint: 1800 ns, Total: 136701 ns
[14.156s][info ][safepoint      ] Safepoint "ICBufferFull", Time since last: 498269195 ns, Reaching safepoint: 4600 ns, Cleanup: 141100 ns, At safepoint: 6300 ns, Total: 152000 ns
[14.467s][info ][safepoint      ] Safepoint "ICBufferFull", Time since last: 311068445 ns, Reaching safepoint: 80700 ns, Cleanup: 152701 ns, At safepoint: 12700 ns, Total: 246101 ns
[14.629s][info ][gc,start       ] GC(7) Pause Young (Allocation Failure)
[15.021s][debug][gc,phases      ] GC(7) Scavenge 392.265ms
[15.021s][debug][gc,ref         ] GC(7) Skipped phase 1 of Reference Processing: no references
[15.021s][debug][gc,ref         ] GC(7) ReferenceProcessor::execute queues: 4, RefProcThreadModel::Multi, marks_oops_alive: false
[15.022s][debug][gc,ref         ] GC(7) Skipped phase 3 of Reference Processing: no references
[15.022s][debug][gc,ref         ] GC(7) ReferenceProcessor::execute queues: 1, RefProcThreadModel::Single, marks_oops_alive: false
[15.022s][debug][gc,phases      ] GC(7) Reference Processing 0.614ms
[15.022s][debug][gc,phases      ] GC(7)   VM Weak                        Min:  0.0, Avg:  0.0, Max:  0.0, Diff:  0.0, Sum:  0.0, Workers: 4
[15.022s][debug][gc,phases      ] GC(7)     Dead                           Min: 0, Avg:  0.0, Max: 0, Diff: 0, Sum: 0, Workers: 4
[15.022s][debug][gc,phases      ] GC(7)     Total                          Min: 0, Avg: 164.8, Max: 448, Diff: 448, Sum: 659, Workers: 4
[15.022s][debug][gc,phases      ] GC(7)   ObjectSynchronizer Weak        Min:  0.0, Avg:  0.0, Max:  0.0, Diff:  0.0, Sum:  0.0, Workers: 4
[15.022s][debug][gc,phases      ] GC(7)     Dead                           Min: 0, Avg:  0.0, Max: 0, Diff: 0, Sum: 0, Workers: 4
[15.022s][debug][gc,phases      ] GC(7)     Total                          Min: 0, Avg:  9.5, Max: 38, Diff: 38, Sum: 38, Workers: 4
[15.022s][debug][gc,phases      ] GC(7)   JVMTI Tag Weak OopStorage      Min:  0.0, Avg:  0.0, Max:  0.0, Diff:  0.0, Sum:  0.0, Workers: 4
[15.022s][debug][gc,phases      ] GC(7)     Dead                           Min: 0, Avg:  0.0, Max: 0, Diff: 0, Sum: 0, Workers: 4
[15.022s][debug][gc,phases      ] GC(7)     Total                          Min: 0, Avg:  0.0, Max: 0, Diff: 0, Sum: 0, Workers: 4
[15.022s][debug][gc,phases      ] GC(7)   StringTable Weak               Min:  0.0, Avg:  0.3, Max:  0.4, Diff:  0.4, Sum:  1.1, Workers: 4
[15.022s][debug][gc,phases      ] GC(7)     Dead                           Min: 0, Avg:  1.5, Max: 5, Diff: 5, Sum: 6, Workers: 4
[15.022s][debug][gc,phases      ] GC(7)     Total                          Min: 0, Avg: 10077.0, Max: 14527, Diff: 14527, Sum: 40308, Workers: 4
[15.022s][debug][gc,phases      ] GC(7)   ResolvedMethodTable Weak       Min:  0.0, Avg:  0.1, Max:  0.1, Diff:  0.1, Sum:  0.3, Workers: 4
[15.022s][debug][gc,phases      ] GC(7)     Dead                           Min: 0, Avg: 11.8, Max: 21, Diff: 21, Sum: 47, Workers: 4
[15.022s][debug][gc,phases      ] GC(7)     Total                          Min: 0, Avg: 2133.2, Max: 3072, Diff: 3072, Sum: 8533, Workers: 4
[15.022s][debug][gc,phases      ] GC(7)   JNI Weak                       Min:  0.0, Avg:  0.0, Max:  0.0, Diff:  0.0, Sum:  0.0, Workers: 4
[15.022s][debug][gc,phases      ] GC(7)     Dead                           Min: 0, Avg:  0.0, Max: 0, Diff: 0, Sum: 0, Workers: 4
[15.022s][debug][gc,phases      ] GC(7)     Total                          Min: 0, Avg: 12.8, Max: 48, Diff: 48, Sum: 51, Workers: 4
[15.022s][debug][gc,phases      ] GC(7)   StringDedup Table Weak         Min:  0.0, Avg:  0.0, Max:  0.0, Diff:  0.0, Sum:  0.0, Workers: 4
[15.022s][debug][gc,phases      ] GC(7)     Dead                           Min: 0, Avg:  0.0, Max: 0, Diff: 0, Sum: 0, Workers: 4
[15.022s][debug][gc,phases      ] GC(7)     Total                          Min: 0, Avg:  0.0, Max: 0, Diff: 0, Sum: 0, Workers: 4
[15.022s][debug][gc,phases      ] GC(7)   StringDedup Requests0 Weak     Min:  0.0, Avg:  0.0, Max:  0.0, Diff:  0.0, Sum:  0.0, Workers: 4
[15.022s][debug][gc,phases      ] GC(7)     Dead                           Min: 0, Avg:  0.0, Max: 0, Diff: 0, Sum: 0, Workers: 4
[15.022s][debug][gc,phases      ] GC(7)     Total                          Min: 0, Avg:  0.0, Max: 0, Diff: 0, Sum: 0, Workers: 4
[15.022s][debug][gc,phases      ] GC(7)   StringDedup Requests1 Weak     Min:  0.0, Avg:  0.0, Max:  0.0, Diff:  0.0, Sum:  0.0, Workers: 4
[15.022s][debug][gc,phases      ] GC(7)     Dead                           Min: 0, Avg:  0.0, Max: 0, Diff: 0, Sum: 0, Workers: 4
[15.022s][debug][gc,phases      ] GC(7)     Total                          Min: 0, Avg:  0.0, Max: 0, Diff: 0, Sum: 0, Workers: 4
[15.022s][debug][gc,phases      ] GC(7)   Weak JFR Old Object Samples    Min:  0.0, Avg:  0.0, Max:  0.0, Diff:  0.0, Sum:  0.0, Workers: 4
[15.022s][debug][gc,phases      ] GC(7)     Dead                           Min: 0, Avg:  0.0, Max: 0, Diff: 0, Sum: 0, Workers: 4
[15.022s][debug][gc,phases      ] GC(7)     Total                          Min: 0, Avg:  0.0, Max: 0, Diff: 0, Sum: 0, Workers: 4
[15.022s][debug][gc,phases      ] GC(7) Weak Processing 0.657ms
[15.022s][debug][gc,age         ] GC(7) Desired survivor size 536870912 bytes, new threshold 6 (max threshold 15)
[15.022s][info ][gc,heap        ] GC(7) PSYoungGen: 1315853K(1572864K)->524285K(1572864K) Eden: 1048576K(1048576K)->0K(1048576K) From: 267277K(524288K)->524285K(524288K)
[15.022s][info ][gc,heap        ] GC(7) ParOldGen: 5691K(6144K)->77540K(77824K)
[15.022s][info ][gc,metaspace   ] GC(7) Metaspace: 74047K(74944K)->74047K(74944K) NonClass: 62930K(63424K)->62930K(63424K) Class: 11117K(11520K)->11117K(11520K)
[15.022s][info ][gc             ] GC(7) Pause Young (Allocation Failure) 1290M->587M(1612M) 393.658ms
[15.022s][info ][gc,cpu         ] GC(7) User=1.09s Sys=0.13s Real=0.40s
[15.022s][debug][gc,phases      ] GC(8) Pre Compact 0.009ms
[15.022s][info ][gc,start       ] GC(8) Pause Full (Ergonomics)
[15.022s][info ][gc,phases,start] GC(8) Marking Phase
[15.318s][debug][gc,phases      ] GC(8) Par Mark 295.173ms
[15.318s][debug][gc,ref         ] GC(8) Skipped phase 1 of Reference Processing: no references
[15.318s][debug][gc,ref         ] GC(8) ReferenceProcessor::execute queues: 4, RefProcThreadModel::Multi, marks_oops_alive: false
[15.318s][debug][gc,ref         ] GC(8) Skipped phase 3 of Reference Processing: no references
[15.318s][debug][gc,ref         ] GC(8) ReferenceProcessor::execute queues: 1, RefProcThreadModel::Single, marks_oops_alive: false
[15.318s][debug][gc,phases      ] GC(8) Reference Processing 0.480ms
[15.319s][debug][gc,phases      ] GC(8)   VM Weak                        Min:  0.0, Avg:  0.0, Max:  0.0, Diff:  0.0, Sum:  0.0, Workers: 4
[15.319s][debug][gc,phases      ] GC(8)     Dead                           Min: 0, Avg:  0.5, Max: 2, Diff: 2, Sum: 2, Workers: 4
[15.319s][debug][gc,phases      ] GC(8)     Total                          Min: 0, Avg: 164.8, Max: 384, Diff: 384, Sum: 659, Workers: 4
[15.319s][debug][gc,phases      ] GC(8)   ObjectSynchronizer Weak        Min:  0.0, Avg:  0.0, Max:  0.0, Diff:  0.0, Sum:  0.0, Workers: 4
[15.319s][debug][gc,phases      ] GC(8)     Dead                           Min: 0, Avg:  0.0, Max: 0, Diff: 0, Sum: 0, Workers: 4
[15.319s][debug][gc,phases      ] GC(8)     Total                          Min: 0, Avg:  9.5, Max: 38, Diff: 38, Sum: 38, Workers: 4
[15.319s][debug][gc,phases      ] GC(8)   JVMTI Tag Weak OopStorage      Min:  0.0, Avg:  0.0, Max:  0.0, Diff:  0.0, Sum:  0.0, Workers: 4
[15.319s][debug][gc,phases      ] GC(8)     Dead                           Min: 0, Avg:  0.0, Max: 0, Diff: 0, Sum: 0, Workers: 4
[15.319s][debug][gc,phases      ] GC(8)     Total                          Min: 0, Avg:  0.0, Max: 0, Diff: 0, Sum: 0, Workers: 4
[15.319s][debug][gc,phases      ] GC(8)   StringTable Weak               Min:  0.0, Avg:  0.2, Max:  0.4, Diff:  0.4, Sum:  0.9, Workers: 4
[15.319s][debug][gc,phases      ] GC(8)     Dead                           Min: 0, Avg:  0.0, Max: 0, Diff: 0, Sum: 0, Workers: 4
[15.319s][debug][gc,phases      ] GC(8)     Total                          Min: 0, Avg: 10077.0, Max: 14965, Diff: 14965, Sum: 40308, Workers: 4
[15.319s][debug][gc,phases      ] GC(8)   ResolvedMethodTable Weak       Min:  0.0, Avg:  0.0, Max:  0.1, Diff:  0.1, Sum:  0.1, Workers: 4
[15.319s][debug][gc,phases      ] GC(8)     Dead                           Min: 0, Avg:  0.5, Max: 2, Diff: 2, Sum: 2, Workers: 4
[15.319s][debug][gc,phases      ] GC(8)     Total                          Min: 0, Avg: 2133.2, Max: 4800, Diff: 4800, Sum: 8533, Workers: 4
[15.319s][debug][gc,phases      ] GC(8)   JNI Weak                       Min:  0.0, Avg:  0.0, Max:  0.0, Diff:  0.0, Sum:  0.0, Workers: 4
[15.319s][debug][gc,phases      ] GC(8)     Dead                           Min: 0, Avg:  0.0, Max: 0, Diff: 0, Sum: 0, Workers: 4
[15.319s][debug][gc,phases      ] GC(8)     Total                          Min: 0, Avg: 12.8, Max: 48, Diff: 48, Sum: 51, Workers: 4
[15.319s][debug][gc,phases      ] GC(8)   StringDedup Table Weak         Min:  0.0, Avg:  0.0, Max:  0.0, Diff:  0.0, Sum:  0.0, Workers: 4
[15.319s][debug][gc,phases      ] GC(8)     Dead                           Min: 0, Avg:  0.0, Max: 0, Diff: 0, Sum: 0, Workers: 4
[15.319s][debug][gc,phases      ] GC(8)     Total                          Min: 0, Avg:  0.0, Max: 0, Diff: 0, Sum: 0, Workers: 4
[15.319s][debug][gc,phases      ] GC(8)   StringDedup Requests0 Weak     Min:  0.0, Avg:  0.0, Max:  0.0, Diff:  0.0, Sum:  0.0, Workers: 4
[15.319s][debug][gc,phases      ] GC(8)     Dead                           Min: 0, Avg:  0.0, Max: 0, Diff: 0, Sum: 0, Workers: 4
[15.319s][debug][gc,phases      ] GC(8)     Total                          Min: 0, Avg:  0.0, Max: 0, Diff: 0, Sum: 0, Workers: 4
[15.319s][debug][gc,phases      ] GC(8)   StringDedup Requests1 Weak     Min:  0.0, Avg:  0.0, Max:  0.0, Diff:  0.0, Sum:  0.0, Workers: 4
[15.319s][debug][gc,phases      ] GC(8)     Dead                           Min: 0, Avg:  0.0, Max: 0, Diff: 0, Sum: 0, Workers: 4
[15.319s][debug][gc,phases      ] GC(8)     Total                          Min: 0, Avg:  0.0, Max: 0, Diff: 0, Sum: 0, Workers: 4
[15.319s][debug][gc,phases      ] GC(8)   Weak JFR Old Object Samples    Min:  0.0, Avg:  0.0, Max:  0.0, Diff:  0.0, Sum:  0.0, Workers: 4
[15.319s][debug][gc,phases      ] GC(8)     Dead                           Min: 0, Avg:  0.0, Max: 0, Diff: 0, Sum: 0, Workers: 4
[15.319s][debug][gc,phases      ] GC(8)     Total                          Min: 0, Avg:  0.0, Max: 0, Diff: 0, Sum: 0, Workers: 4
[15.319s][debug][gc,phases      ] GC(8) Weak Processing 0.536ms
[15.319s][debug][gc,phases      ] GC(8) ClassLoaderData 0.168ms
[15.319s][debug][gc,phases      ] GC(8) Trigger cleanups 0.008ms
[15.334s][debug][gc,phases      ] GC(8) Class Unloading 15.121ms
[15.334s][debug][gc,phases      ] GC(8) Report Object Count 0.001ms
[15.334s][info ][gc,phases      ] GC(8) Marking Phase 311.465ms
[15.334s][info ][gc,phases,start] GC(8) Summary Phase
[15.334s][info ][gc,phases      ] GC(8) Summary Phase 0.013ms
[15.334s][info ][gc,phases,start] GC(8) Adjust Roots
[15.347s][info ][gc,phases      ] GC(8) Adjust Roots 13.496ms
[15.347s][info ][gc,phases,start] GC(8) Compaction Phase
[16.398s][info ][gc,phases      ] GC(8) Compaction Phase 1050.673ms
[16.398s][info ][gc,phases,start] GC(8) Post Compact
[16.403s][info ][gc,phases      ] GC(8) Post Compact 5.204ms
[16.403s][info ][gc,heap        ] GC(8) PSYoungGen: 524285K(1572864K)->519445K(1572864K) Eden: 0K(1048576K)->0K(1048576K) From: 524285K(524288K)->519445K(524288K)
[16.403s][info ][gc,heap        ] GC(8) ParOldGen: 77540K(77824K)->77306K(137216K)
[16.403s][info ][gc,metaspace   ] GC(8) Metaspace: 74047K(74944K)->74044K(74944K) NonClass: 62930K(63424K)->62927K(63424K) Class: 11117K(11520K)->11116K(11520K)
[16.403s][info ][gc             ] GC(8) Pause Full (Ergonomics) 587M->582M(1670M) 1381.116ms
[16.403s][info ][gc,cpu         ] GC(8) User=4.24s Sys=0.04s Real=1.38s
[16.403s][info ][safepoint      ] Safepoint "ParallelGCFailedAllocation", Time since last: 161059504 ns, Reaching safepoint: 3500 ns, Cleanup: 165900 ns, At safepoint: 1774888454 ns, Total: 1775057854 ns
[17.617s][info ][safepoint      ] Safepoint "ICBufferFull", Time since last: 1211028992 ns, Reaching safepoint: 2096112 ns, Cleanup: 120700 ns, At safepoint: 7100 ns, Total: 2223912 ns
[18.176s][info ][safepoint      ] Safepoint "ICBufferFull", Time since last: 558586033 ns, Reaching safepoint: 81001 ns, Cleanup: 143900 ns, At safepoint: 6600 ns, Total: 231501 ns
[18.490s][info ][safepoint      ] Safepoint "ICBufferFull", Time since last: 314161962 ns, Reaching safepoint: 77601 ns, Cleanup: 124300 ns, At safepoint: 7600 ns, Total: 209501 ns
[18.620s][info ][safepoint      ] Safepoint "ICBufferFull", Time since last: 130271631 ns, Reaching safepoint: 75800 ns, Cleanup: 162701 ns, At safepoint: 7600 ns, Total: 246101 ns
[18.752s][info ][safepoint      ] Safepoint "ICBufferFull", Time since last: 131497938 ns, Reaching safepoint: 32800 ns, Cleanup: 129901 ns, At safepoint: 5900 ns, Total: 168601 ns
[18.844s][info ][safepoint      ] Safepoint "ICBufferFull", Time since last: 91339912 ns, Reaching safepoint: 142401 ns, Cleanup: 161901 ns, At safepoint: 17200 ns, Total: 321502 ns
[19.134s][info ][safepoint      ] Safepoint "ICBufferFull", Time since last: 290432110 ns, Reaching safepoint: 5600 ns, Cleanup: 165001 ns, At safepoint: 11500 ns, Total: 182101 ns
[19.193s][info ][gc,start       ] GC(9) Pause Young (Allocation Failure)
[19.310s][debug][gc,phases      ] GC(9) Scavenge 116.898ms
[19.310s][debug][gc,ref         ] GC(9) Skipped phase 1 of Reference Processing: no references
[19.310s][debug][gc,ref         ] GC(9) ReferenceProcessor::execute queues: 3, RefProcThreadModel::Multi, marks_oops_alive: false
[19.310s][debug][gc,ref         ] GC(9) ReferenceProcessor::execute queues: 4, RefProcThreadModel::Multi, marks_oops_alive: true
[19.311s][debug][gc,ref         ] GC(9) ReferenceProcessor::execute queues: 1, RefProcThreadModel::Single, marks_oops_alive: false
[19.311s][debug][gc,phases      ] GC(9) Reference Processing 0.733ms
[19.312s][debug][gc,phases      ] GC(9)   VM Weak                        Min:  0.0, Avg:  0.0, Max:  0.0, Diff:  0.0, Sum:  0.0, Workers: 4
[19.312s][debug][gc,phases      ] GC(9)     Dead                           Min: 0, Avg:  0.0, Max: 0, Diff: 0, Sum: 0, Workers: 4
[19.312s][debug][gc,phases      ] GC(9)     Total                          Min: 0, Avg: 175.0, Max: 384, Diff: 384, Sum: 700, Workers: 4
[19.312s][debug][gc,phases      ] GC(9)   ObjectSynchronizer Weak        Min:  0.0, Avg:  0.0, Max:  0.0, Diff:  0.0, Sum:  0.0, Workers: 4
[19.312s][debug][gc,phases      ] GC(9)     Dead                           Min: 0, Avg:  0.0, Max: 0, Diff: 0, Sum: 0, Workers: 4
[19.312s][debug][gc,phases      ] GC(9)     Total                          Min: 0, Avg:  9.5, Max: 38, Diff: 38, Sum: 38, Workers: 4
[19.312s][debug][gc,phases      ] GC(9)   JVMTI Tag Weak OopStorage      Min:  0.0, Avg:  0.0, Max:  0.0, Diff:  0.0, Sum:  0.0, Workers: 4
[19.312s][debug][gc,phases      ] GC(9)     Dead                           Min: 0, Avg:  0.0, Max: 0, Diff: 0, Sum: 0, Workers: 4
[19.312s][debug][gc,phases      ] GC(9)     Total                          Min: 0, Avg:  0.0, Max: 0, Diff: 0, Sum: 0, Workers: 4
[19.312s][debug][gc,phases      ] GC(9)   StringTable Weak               Min:  0.0, Avg:  0.4, Max:  0.7, Diff:  0.7, Sum:  1.7, Workers: 4
[19.312s][debug][gc,phases      ] GC(9)     Dead                           Min: 0, Avg:  1.5, Max: 3, Diff: 3, Sum: 6, Workers: 4
[19.312s][debug][gc,phases      ] GC(9)     Total                          Min: 0, Avg: 10301.0, Max: 19712, Diff: 19712, Sum: 41204, Workers: 4
[19.312s][debug][gc,phases      ] GC(9)   ResolvedMethodTable Weak       Min:  0.0, Avg:  0.1, Max:  0.2, Diff:  0.2, Sum:  0.4, Workers: 4
[19.312s][debug][gc,phases      ] GC(9)     Dead                           Min: 0, Avg: 15.8, Max: 32, Diff: 32, Sum: 63, Workers: 4
[19.312s][debug][gc,phases      ] GC(9)     Total                          Min: 0, Avg: 2260.2, Max: 5376, Diff: 5376, Sum: 9041, Workers: 4
[19.312s][debug][gc,phases      ] GC(9)   JNI Weak                       Min:  0.0, Avg:  0.0, Max:  0.0, Diff:  0.0, Sum:  0.0, Workers: 4
[19.312s][debug][gc,phases      ] GC(9)     Dead                           Min: 0, Avg:  0.0, Max: 0, Diff: 0, Sum: 0, Workers: 4
[19.312s][debug][gc,phases      ] GC(9)     Total                          Min: 0, Avg: 16.5, Max: 66, Diff: 66, Sum: 66, Workers: 4
[19.312s][debug][gc,phases      ] GC(9)   StringDedup Table Weak         Min:  0.0, Avg:  0.0, Max:  0.0, Diff:  0.0, Sum:  0.0, Workers: 4
[19.312s][debug][gc,phases      ] GC(9)     Dead                           Min: 0, Avg:  0.0, Max: 0, Diff: 0, Sum: 0, Workers: 4
[19.312s][debug][gc,phases      ] GC(9)     Total                          Min: 0, Avg:  0.0, Max: 0, Diff: 0, Sum: 0, Workers: 4
[19.312s][debug][gc,phases      ] GC(9)   StringDedup Requests0 Weak     Min:  0.0, Avg:  0.0, Max:  0.0, Diff:  0.0, Sum:  0.0, Workers: 4
[19.312s][debug][gc,phases      ] GC(9)     Dead                           Min: 0, Avg:  0.0, Max: 0, Diff: 0, Sum: 0, Workers: 4
[19.312s][debug][gc,phases      ] GC(9)     Total                          Min: 0, Avg:  0.0, Max: 0, Diff: 0, Sum: 0, Workers: 4
[19.312s][debug][gc,phases      ] GC(9)   StringDedup Requests1 Weak     Min:  0.0, Avg:  0.0, Max:  0.0, Diff:  0.0, Sum:  0.0, Workers: 4
[19.312s][debug][gc,phases      ] GC(9)     Dead                           Min: 0, Avg:  0.0, Max: 0, Diff: 0, Sum: 0, Workers: 4
[19.312s][debug][gc,phases      ] GC(9)     Total                          Min: 0, Avg:  0.0, Max: 0, Diff: 0, Sum: 0, Workers: 4
[19.312s][debug][gc,phases      ] GC(9)   Weak JFR Old Object Samples    Min:  0.0, Avg:  0.0, Max:  0.0, Diff:  0.0, Sum:  0.0, Workers: 4
[19.312s][debug][gc,phases      ] GC(9)     Dead                           Min: 0, Avg:  0.0, Max: 0, Diff: 0, Sum: 0, Workers: 4
[19.312s][debug][gc,phases      ] GC(9)     Total                          Min: 0, Avg:  0.0, Max: 0, Diff: 0, Sum: 0, Workers: 4
[19.312s][debug][gc,phases      ] GC(9) Weak Processing 0.954ms
[19.312s][debug][gc,age         ] GC(9) Desired survivor size 523763712 bytes, new threshold 7 (max threshold 15)
[19.312s][info ][gc,heap        ] GC(9) PSYoungGen: 1568021K(1572864K)->217184K(1585664K) Eden: 1048576K(1048576K)->0K(1061376K) From: 519445K(524288K)->217184K(524288K)
[19.312s][info ][gc,heap        ] GC(9) ParOldGen: 77306K(137216K)->77306K(137216K)
[19.312s][info ][gc,metaspace   ] GC(9) Metaspace: 76698K(77568K)->76698K(77568K) NonClass: 65225K(65728K)->65225K(65728K) Class: 11473K(11840K)->11473K(11840K)
[19.312s][info ][gc             ] GC(9) Pause Young (Allocation Failure) 1606M->287M(1682M) 118.721ms
[19.312s][info ][gc,cpu         ] GC(9) User=0.39s Sys=0.00s Real=0.12s
[19.312s][info ][safepoint      ] Safepoint "ParallelGCFailedAllocation", Time since last: 58648099 ns, Reaching safepoint: 3800 ns, Cleanup: 11200 ns, At safepoint: 118803206 ns, Total: 118818206 ns
[19.621s][info ][safepoint      ] Safepoint "ICBufferFull", Time since last: 308758776 ns, Reaching safepoint: 82301 ns, Cleanup: 189101 ns, At safepoint: 22400 ns, Total: 293802 ns
[20.112s][info ][safepoint      ] Safepoint "ICBufferFull", Time since last: 490947406 ns, Reaching safepoint: 5000 ns, Cleanup: 162001 ns, At safepoint: 5600 ns, Total: 172601 ns
[20.981s][info ][safepoint      ] Safepoint "ICBufferFull", Time since last: 868251031 ns, Reaching safepoint: 5600 ns, Cleanup: 230902 ns, At safepoint: 2300 ns, Total: 238802 ns
[21.360s][info ][safepoint      ] Safepoint "ICBufferFull", Time since last: 379736638 ns, Reaching safepoint: 4500 ns, Cleanup: 184301 ns, At safepoint: 11000 ns, Total: 199801 ns
[22.233s][info ][safepoint      ] Safepoint "ICBufferFull", Time since last: 871858150 ns, Reaching safepoint: 6100 ns, Cleanup: 212401 ns, At safepoint: 17900 ns, Total: 236401 ns
[22.478s][info ][safepoint      ] Safepoint "ICBufferFull", Time since last: 244879450 ns, Reaching safepoint: 83401 ns, Cleanup: 169700 ns, At safepoint: 19001 ns, Total: 272102 ns
[22.604s][info ][safepoint      ] Safepoint "ICBufferFull", Time since last: 126455245 ns, Reaching safepoint: 74500 ns, Cleanup: 153301 ns, At safepoint: 11600 ns, Total: 239401 ns
[23.533s][info ][safepoint      ] Safepoint "ICBufferFull", Time since last: 925867626 ns, Reaching safepoint: 2247612 ns, Cleanup: 179600 ns, At safepoint: 22401 ns, Total: 2449613 ns
[23.695s][info ][safepoint      ] Safepoint "ICBufferFull", Time since last: 161725025 ns, Reaching safepoint: 83300 ns, Cleanup: 220802 ns, At safepoint: 9700 ns, Total: 313802 ns
[23.892s][info ][safepoint      ] Safepoint "ICBufferFull", Time since last: 196825904 ns, Reaching safepoint: 4500 ns, Cleanup: 167301 ns, At safepoint: 2300 ns, Total: 174101 ns
[24.082s][info ][safepoint      ] Safepoint "ICBufferFull", Time since last: 189847169 ns, Reaching safepoint: 4600 ns, Cleanup: 217601 ns, At safepoint: 2400 ns, Total: 224601 ns
[24.264s][info ][safepoint      ] Safepoint "ICBufferFull", Time since last: 181864029 ns, Reaching safepoint: 75200 ns, Cleanup: 196201 ns, At safepoint: 7800 ns, Total: 279201 ns
[24.497s][info ][safepoint      ] Safepoint "ICBufferFull", Time since last: 232698188 ns, Reaching safepoint: 78800 ns, Cleanup: 149201 ns, At safepoint: 10900 ns, Total: 238901 ns
[24.606s][info ][gc,start       ] GC(10) Pause Young (Allocation Failure)
[24.718s][debug][gc,phases      ] GC(10) Scavenge 112.140ms
[24.718s][debug][gc,ref         ] GC(10) Skipped phase 1 of Reference Processing: no references
[24.718s][debug][gc,ref         ] GC(10) ReferenceProcessor::execute queues: 4, RefProcThreadModel::Multi, marks_oops_alive: false
[24.719s][debug][gc,ref         ] GC(10) Skipped phase 3 of Reference Processing: no references
[24.719s][debug][gc,ref         ] GC(10) ReferenceProcessor::execute queues: 1, RefProcThreadModel::Single, marks_oops_alive: false
[24.719s][debug][gc,phases      ] GC(10) Reference Processing 0.912ms
[24.719s][debug][gc,phases      ] GC(10)   VM Weak                        Min:  0.0, Avg:  0.0, Max:  0.0, Diff:  0.0, Sum:  0.0, Workers: 4
[24.720s][debug][gc,phases      ] GC(10)     Dead                           Min: 0, Avg:  0.0, Max: 0, Diff: 0, Sum: 0, Workers: 4
[24.720s][debug][gc,phases      ] GC(10)     Total                          Min: 0, Avg: 213.0, Max: 704, Diff: 704, Sum: 852, Workers: 4
[24.720s][debug][gc,phases      ] GC(10)   ObjectSynchronizer Weak        Min:  0.0, Avg:  0.0, Max:  0.0, Diff:  0.0, Sum:  0.0, Workers: 4
[24.720s][debug][gc,phases      ] GC(10)     Dead                           Min: 0, Avg:  0.2, Max: 1, Diff: 1, Sum: 1, Workers: 4
[24.720s][debug][gc,phases      ] GC(10)     Total                          Min: 0, Avg: 10.2, Max: 41, Diff: 41, Sum: 41, Workers: 4
[24.720s][debug][gc,phases      ] GC(10)   JVMTI Tag Weak OopStorage      Min:  0.0, Avg:  0.0, Max:  0.0, Diff:  0.0, Sum:  0.0, Workers: 4
[24.720s][debug][gc,phases      ] GC(10)     Dead                           Min: 0, Avg:  0.0, Max: 0, Diff: 0, Sum: 0, Workers: 4
[24.720s][debug][gc,phases      ] GC(10)     Total                          Min: 0, Avg:  0.0, Max: 0, Diff: 0, Sum: 0, Workers: 4
[24.720s][debug][gc,phases      ] GC(10)   StringTable Weak               Min:  0.0, Avg:  0.3, Max:  0.6, Diff:  0.6, Sum:  1.2, Workers: 4
[24.720s][debug][gc,phases      ] GC(10)     Dead                           Min: 0, Avg:  3.2, Max: 7, Diff: 7, Sum: 13, Workers: 4
[24.720s][debug][gc,phases      ] GC(10)     Total                          Min: 0, Avg: 10731.8, Max: 22063, Diff: 22063, Sum: 42927, Workers: 4
[24.720s][debug][gc,phases      ] GC(10)   ResolvedMethodTable Weak       Min:  0.0, Avg:  0.1, Max:  0.2, Diff:  0.2, Sum:  0.4, Workers: 4
[24.720s][debug][gc,phases      ] GC(10)     Dead                           Min: 0, Avg: 37.2, Max: 91, Diff: 91, Sum: 149, Workers: 4
[24.720s][debug][gc,phases      ] GC(10)     Total                          Min: 0, Avg: 2602.8, Max: 5248, Diff: 5248, Sum: 10411, Workers: 4
[24.720s][debug][gc,phases      ] GC(10)   JNI Weak                       Min:  0.0, Avg:  0.0, Max:  0.0, Diff:  0.0, Sum:  0.0, Workers: 4
[24.720s][debug][gc,phases      ] GC(10)     Dead                           Min: 0, Avg:  0.0, Max: 0, Diff: 0, Sum: 0, Workers: 4
[24.720s][debug][gc,phases      ] GC(10)     Total                          Min: 0, Avg: 37.5, Max: 103, Diff: 103, Sum: 150, Workers: 4
[24.720s][debug][gc,phases      ] GC(10)   StringDedup Table Weak         Min:  0.0, Avg:  0.0, Max:  0.0, Diff:  0.0, Sum:  0.0, Workers: 4
[24.720s][debug][gc,phases      ] GC(10)     Dead                           Min: 0, Avg:  0.0, Max: 0, Diff: 0, Sum: 0, Workers: 4
[24.720s][debug][gc,phases      ] GC(10)     Total                          Min: 0, Avg:  0.0, Max: 0, Diff: 0, Sum: 0, Workers: 4
[24.720s][debug][gc,phases      ] GC(10)   StringDedup Requests0 Weak     Min:  0.0, Avg:  0.0, Max:  0.0, Diff:  0.0, Sum:  0.0, Workers: 4
[24.720s][debug][gc,phases      ] GC(10)     Dead                           Min: 0, Avg:  0.0, Max: 0, Diff: 0, Sum: 0, Workers: 4
[24.720s][debug][gc,phases      ] GC(10)     Total                          Min: 0, Avg:  0.0, Max: 0, Diff: 0, Sum: 0, Workers: 4
[24.720s][debug][gc,phases      ] GC(10)   StringDedup Requests1 Weak     Min:  0.0, Avg:  0.0, Max:  0.0, Diff:  0.0, Sum:  0.0, Workers: 4
[24.720s][debug][gc,phases      ] GC(10)     Dead                           Min: 0, Avg:  0.0, Max: 0, Diff: 0, Sum: 0, Workers: 4
[24.720s][debug][gc,phases      ] GC(10)     Total                          Min: 0, Avg:  0.0, Max: 0, Diff: 0, Sum: 0, Workers: 4
[24.720s][debug][gc,phases      ] GC(10)   Weak JFR Old Object Samples    Min:  0.0, Avg:  0.0, Max:  0.0, Diff:  0.0, Sum:  0.0, Workers: 4
[24.720s][debug][gc,phases      ] GC(10)     Dead                           Min: 0, Avg:  0.0, Max: 0, Diff: 0, Sum: 0, Workers: 4
[24.720s][debug][gc,phases      ] GC(10)     Total                          Min: 0, Avg:  0.0, Max: 0, Diff: 0, Sum: 0, Workers: 4
[24.720s][debug][gc,phases      ] GC(10) Weak Processing 1.050ms
[24.720s][debug][gc,age         ] GC(10) Desired survivor size 514850816 bytes, new threshold 8 (max threshold 15)
[24.720s][info ][gc,heap        ] GC(10) PSYoungGen: 1278560K(1585664K)->282524K(1572864K) Eden: 1061376K(1061376K)->0K(1061376K) From: 217184K(524288K)->282524K(511488K)
[24.720s][info ][gc,heap        ] GC(10) ParOldGen: 77306K(137216K)->77314K(137216K)
[24.720s][info ][gc,metaspace   ] GC(10) Metaspace: 83356K(84416K)->83356K(84416K) NonClass: 70849K(71424K)->70849K(71424K) Class: 12507K(12992K)->12507K(12992K)
[24.720s][info ][gc             ] GC(10) Pause Young (Allocation Failure) 1324M->351M(1670M) 114.256ms
[24.720s][info ][gc,cpu         ] GC(10) User=0.34s Sys=0.00s Real=0.12s
[24.720s][info ][safepoint      ] Safepoint "ParallelGCFailedAllocation", Time since last: 108335053 ns, Reaching safepoint: 80800 ns, Cleanup: 144501 ns, At safepoint: 114348284 ns, Total: 114573585 ns
[24.961s][info ][safepoint      ] Safepoint "ICBufferFull", Time since last: 241057930 ns, Reaching safepoint: 78501 ns, Cleanup: 152700 ns, At safepoint: 12300 ns, Total: 243501 ns
[25.372s][info ][safepoint      ] Safepoint "ICBufferFull", Time since last: 410509596 ns, Reaching safepoint: 5000 ns, Cleanup: 195701 ns, At safepoint: 12400 ns, Total: 213101 ns
[25.640s][info ][safepoint      ] Safepoint "ICBufferFull", Time since last: 268411170 ns, Reaching safepoint: 4500 ns, Cleanup: 137601 ns, At safepoint: 9100 ns, Total: 151201 ns
[25.955s][info ][safepoint      ] Safepoint "ICBufferFull", Time since last: 314200303 ns, Reaching safepoint: 4500 ns, Cleanup: 165301 ns, At safepoint: 2200 ns, Total: 172001 ns
[26.656s][info ][safepoint      ] Safepoint "ICBufferFull", Time since last: 700659277 ns, Reaching safepoint: 3900 ns, Cleanup: 130300 ns, At safepoint: 6900 ns, Total: 141100 ns
[27.458s][info ][safepoint      ] Safepoint "ICBufferFull", Time since last: 802251629 ns, Reaching safepoint: 78300 ns, Cleanup: 145401 ns, At safepoint: 10200 ns, Total: 233901 ns
[27.819s][info ][safepoint      ] Safepoint "ICBufferFull", Time since last: 360811874 ns, Reaching safepoint: 5900 ns, Cleanup: 169501 ns, At safepoint: 12700 ns, Total: 188101 ns
[28.498s][info ][safepoint      ] Safepoint "ICBufferFull", Time since last: 678655636 ns, Reaching safepoint: 6900 ns, Cleanup: 228102 ns, At safepoint: 3400 ns, Total: 238402 ns
[28.825s][info ][safepoint      ] Safepoint "ICBufferFull", Time since last: 326525205 ns, Reaching safepoint: 79100 ns, Cleanup: 162801 ns, At safepoint: 10600 ns, Total: 252501 ns
[29.740s][info ][safepoint      ] Safepoint "ICBufferFull", Time since last: 915332801 ns, Reaching safepoint: 5600 ns, Cleanup: 208501 ns, At safepoint: 2900 ns, Total: 217001 ns
[30.500s][info ][safepoint      ] Safepoint "ICBufferFull", Time since last: 759592234 ns, Reaching safepoint: 78501 ns, Cleanup: 136400 ns, At safepoint: 11101 ns, Total: 226002 ns
[31.490s][info ][safepoint      ] Safepoint "ICBufferFull", Time since last: 989676765 ns, Reaching safepoint: 79601 ns, Cleanup: 164801 ns, At safepoint: 4800 ns, Total: 249202 ns
[31.496s][info ][gc,start       ] GC(11) Pause Young (Allocation Failure)
[31.614s][debug][gc,phases      ] GC(11) Scavenge 118.160ms
[31.614s][debug][gc,ref         ] GC(11) Skipped phase 1 of Reference Processing: no references
[31.614s][debug][gc,ref         ] GC(11) ReferenceProcessor::execute queues: 4, RefProcThreadModel::Multi, marks_oops_alive: false
[31.615s][debug][gc,ref         ] GC(11) Skipped phase 3 of Reference Processing: no references
[31.615s][debug][gc,ref         ] GC(11) ReferenceProcessor::execute queues: 1, RefProcThreadModel::Single, marks_oops_alive: false
[31.615s][debug][gc,phases      ] GC(11) Reference Processing 0.551ms
[31.615s][debug][gc,phases      ] GC(11)   VM Weak                        Min:  0.0, Avg:  0.0, Max:  0.0, Diff:  0.0, Sum:  0.0, Workers: 4
[31.615s][debug][gc,phases      ] GC(11)     Dead                           Min: 0, Avg:  0.0, Max: 0, Diff: 0, Sum: 0, Workers: 4
[31.615s][debug][gc,phases      ] GC(11)     Total                          Min: 0, Avg: 220.8, Max: 576, Diff: 576, Sum: 883, Workers: 4
[31.615s][debug][gc,phases      ] GC(11)   ObjectSynchronizer Weak        Min:  0.0, Avg:  0.0, Max:  0.0, Diff:  0.0, Sum:  0.0, Workers: 4
[31.615s][debug][gc,phases      ] GC(11)     Dead                           Min: 0, Avg:  0.0, Max: 0, Diff: 0, Sum: 0, Workers: 4
[31.615s][debug][gc,phases      ] GC(11)     Total                          Min: 0, Avg: 10.2, Max: 41, Diff: 41, Sum: 41, Workers: 4
[31.615s][debug][gc,phases      ] GC(11)   JVMTI Tag Weak OopStorage      Min:  0.0, Avg:  0.0, Max:  0.0, Diff:  0.0, Sum:  0.0, Workers: 4
[31.615s][debug][gc,phases      ] GC(11)     Dead                           Min: 0, Avg:  0.0, Max: 0, Diff: 0, Sum: 0, Workers: 4
[31.615s][debug][gc,phases      ] GC(11)     Total                          Min: 0, Avg:  0.0, Max: 0, Diff: 0, Sum: 0, Workers: 4
[31.615s][debug][gc,phases      ] GC(11)   StringTable Weak               Min:  0.1, Avg:  0.4, Max:  0.5, Diff:  0.4, Sum:  1.4, Workers: 4
[31.615s][debug][gc,phases      ] GC(11)     Dead                           Min: 0, Avg:  1.2, Max: 4, Diff: 4, Sum: 5, Workers: 4
[31.615s][debug][gc,phases      ] GC(11)     Total                          Min: 3072, Avg: 10851.8, Max: 16128, Diff: 13056, Sum: 43407, Workers: 4
[31.615s][debug][gc,phases      ] GC(11)   ResolvedMethodTable Weak       Min:  0.0, Avg:  0.1, Max:  0.1, Diff:  0.1, Sum:  0.4, Workers: 4
[31.615s][debug][gc,phases      ] GC(11)     Dead                           Min: 0, Avg:  4.2, Max: 9, Diff: 9, Sum: 17, Workers: 4
[31.615s][debug][gc,phases      ] GC(11)     Total                          Min: 0, Avg: 2650.8, Max: 3712, Diff: 3712, Sum: 10603, Workers: 4
[31.615s][debug][gc,phases      ] GC(11)   JNI Weak                       Min:  0.0, Avg:  0.0, Max:  0.0, Diff:  0.0, Sum:  0.0, Workers: 4
[31.615s][debug][gc,phases      ] GC(11)     Dead                           Min: 0, Avg:  0.0, Max: 0, Diff: 0, Sum: 0, Workers: 4
[31.615s][debug][gc,phases      ] GC(11)     Total                          Min: 0, Avg: 20.8, Max: 48, Diff: 48, Sum: 83, Workers: 4
[31.615s][debug][gc,phases      ] GC(11)   StringDedup Table Weak         Min:  0.0, Avg:  0.0, Max:  0.0, Diff:  0.0, Sum:  0.0, Workers: 4
[31.615s][debug][gc,phases      ] GC(11)     Dead                           Min: 0, Avg:  0.0, Max: 0, Diff: 0, Sum: 0, Workers: 4
[31.615s][debug][gc,phases      ] GC(11)     Total                          Min: 0, Avg:  0.0, Max: 0, Diff: 0, Sum: 0, Workers: 4
[31.615s][debug][gc,phases      ] GC(11)   StringDedup Requests0 Weak     Min:  0.0, Avg:  0.0, Max:  0.0, Diff:  0.0, Sum:  0.0, Workers: 4
[31.615s][debug][gc,phases      ] GC(11)     Dead                           Min: 0, Avg:  0.0, Max: 0, Diff: 0, Sum: 0, Workers: 4
[31.615s][debug][gc,phases      ] GC(11)     Total                          Min: 0, Avg:  0.0, Max: 0, Diff: 0, Sum: 0, Workers: 4
[31.615s][debug][gc,phases      ] GC(11)   StringDedup Requests1 Weak     Min:  0.0, Avg:  0.0, Max:  0.0, Diff:  0.0, Sum:  0.0, Workers: 4
[31.616s][debug][gc,phases      ] GC(11)     Dead                           Min: 0, Avg:  0.0, Max: 0, Diff: 0, Sum: 0, Workers: 4
[31.616s][debug][gc,phases      ] GC(11)     Total                          Min: 0, Avg:  0.0, Max: 0, Diff: 0, Sum: 0, Workers: 4
[31.616s][debug][gc,phases      ] GC(11)   Weak JFR Old Object Samples    Min:  0.0, Avg:  0.0, Max:  0.0, Diff:  0.0, Sum:  0.0, Workers: 4
[31.616s][debug][gc,phases      ] GC(11)     Dead                           Min: 0, Avg:  0.0, Max: 0, Diff: 0, Sum: 0, Workers: 4
[31.616s][debug][gc,phases      ] GC(11)     Total                          Min: 0, Avg:  0.0, Max: 0, Diff: 0, Sum: 0, Workers: 4
[31.616s][debug][gc,phases      ] GC(11) Weak Processing 0.705ms
[31.616s][debug][gc,age         ] GC(11) Desired survivor size 519569408 bytes, new threshold 9 (max threshold 15)
[31.616s][info ][gc,heap        ] GC(11) PSYoungGen: 1343900K(1572864K)->312104K(1585152K) Eden: 1061376K(1061376K)->0K(1082368K) From: 282524K(511488K)->312104K(502784K)
[31.616s][info ][gc,heap        ] GC(11) ParOldGen: 77314K(137216K)->77322K(137216K)
[31.616s][info ][gc,metaspace   ] GC(11) Metaspace: 84834K(85952K)->84834K(85952K) NonClass: 72229K(72832K)->72229K(72832K) Class: 12604K(13120K)->12604K(13120K)
[31.616s][info ][gc             ] GC(11) Pause Young (Allocation Failure) 1387M->380M(1682M) 119.523ms
[31.616s][info ][gc,cpu         ] GC(11) User=0.39s Sys=0.00s Real=0.12s
[31.616s][info ][safepoint      ] Safepoint "ParallelGCFailedAllocation", Time since last: 5838928 ns, Reaching safepoint: 148201 ns, Cleanup: 4100 ns, At safepoint: 119596088 ns, Total: 119748389 ns
[32.449s][info ][safepoint      ] Safepoint "ICBufferFull", Time since last: 833352998 ns, Reaching safepoint: 74600 ns, Cleanup: 155101 ns, At safepoint: 9400 ns, Total: 239101 ns
[32.886s][info ][safepoint      ] Safepoint "ICBufferFull", Time since last: 436252945 ns, Reaching safepoint: 6600 ns, Cleanup: 219601 ns, At safepoint: 2400 ns, Total: 228601 ns
[33.886s][info ][safepoint      ] Safepoint "Cleanup", Time since last: 1000475619 ns, Reaching safepoint: 77200 ns, Cleanup: 138901 ns, At safepoint: 6900 ns, Total: 223001 ns
[34.799s][info ][gc,start       ] GC(12) Pause Young (Allocation Failure)
[34.921s][debug][gc,phases      ] GC(12) Scavenge 122.192ms
[34.921s][debug][gc,ref         ] GC(12) Skipped phase 1 of Reference Processing: no references
[34.922s][debug][gc,ref         ] GC(12) ReferenceProcessor::execute queues: 3, RefProcThreadModel::Multi, marks_oops_alive: false
[34.922s][debug][gc,ref         ] GC(12) ReferenceProcessor::execute queues: 4, RefProcThreadModel::Multi, marks_oops_alive: true
[34.922s][debug][gc,ref         ] GC(12) ReferenceProcessor::execute queues: 1, RefProcThreadModel::Single, marks_oops_alive: false
[34.922s][debug][gc,phases      ] GC(12) Reference Processing 0.521ms
[34.923s][debug][gc,phases      ] GC(12)   VM Weak                        Min:  0.0, Avg:  0.0, Max:  0.0, Diff:  0.0, Sum:  0.0, Workers: 4
[34.923s][debug][gc,phases      ] GC(12)     Dead                           Min: 0, Avg:  0.0, Max: 0, Diff: 0, Sum: 0, Workers: 4
[34.923s][debug][gc,phases      ] GC(12)     Total                          Min: 0, Avg: 220.8, Max: 435, Diff: 435, Sum: 883, Workers: 4
[34.923s][debug][gc,phases      ] GC(12)   ObjectSynchronizer Weak        Min:  0.0, Avg:  0.0, Max:  0.0, Diff:  0.0, Sum:  0.0, Workers: 4
[34.923s][debug][gc,phases      ] GC(12)     Dead                           Min: 0, Avg:  0.0, Max: 0, Diff: 0, Sum: 0, Workers: 4
[34.923s][debug][gc,phases      ] GC(12)     Total                          Min: 0, Avg: 10.2, Max: 41, Diff: 41, Sum: 41, Workers: 4
[34.923s][debug][gc,phases      ] GC(12)   JVMTI Tag Weak OopStorage      Min:  0.0, Avg:  0.0, Max:  0.0, Diff:  0.0, Sum:  0.0, Workers: 4
[34.923s][debug][gc,phases      ] GC(12)     Dead                           Min: 0, Avg:  0.0, Max: 0, Diff: 0, Sum: 0, Workers: 4
[34.923s][debug][gc,phases      ] GC(12)     Total                          Min: 0, Avg:  0.0, Max: 0, Diff: 0, Sum: 0, Workers: 4
[34.923s][debug][gc,phases      ] GC(12)   StringTable Weak               Min:  0.0, Avg:  0.3, Max:  0.4, Diff:  0.4, Sum:  1.2, Workers: 4
[34.923s][debug][gc,phases      ] GC(12)     Dead                           Min: 0, Avg:  0.5, Max: 1, Diff: 1, Sum: 2, Workers: 4
[34.923s][debug][gc,phases      ] GC(12)     Total                          Min: 0, Avg: 10866.8, Max: 14784, Diff: 14784, Sum: 43467, Workers: 4
[34.923s][debug][gc,phases      ] GC(12)   ResolvedMethodTable Weak       Min:  0.0, Avg:  0.1, Max:  0.1, Diff:  0.1, Sum:  0.4, Workers: 4
[34.923s][debug][gc,phases      ] GC(12)     Dead                           Min: 0, Avg:  3.5, Max: 13, Diff: 13, Sum: 14, Workers: 4
[34.923s][debug][gc,phases      ] GC(12)     Total                          Min: 0, Avg: 2655.2, Max: 3645, Diff: 3645, Sum: 10621, Workers: 4
[34.923s][debug][gc,phases      ] GC(12)   JNI Weak                       Min:  0.0, Avg:  0.0, Max:  0.0, Diff:  0.0, Sum:  0.0, Workers: 4
[34.923s][debug][gc,phases      ] GC(12)     Dead                           Min: 0, Avg:  0.0, Max: 0, Diff: 0, Sum: 0, Workers: 4
[34.923s][debug][gc,phases      ] GC(12)     Total                          Min: 0, Avg: 21.5, Max: 50, Diff: 50, Sum: 86, Workers: 4
[34.923s][debug][gc,phases      ] GC(12)   StringDedup Table Weak         Min:  0.0, Avg:  0.0, Max:  0.0, Diff:  0.0, Sum:  0.0, Workers: 4
[34.923s][debug][gc,phases      ] GC(12)     Dead                           Min: 0, Avg:  0.0, Max: 0, Diff: 0, Sum: 0, Workers: 4
[34.923s][debug][gc,phases      ] GC(12)     Total                          Min: 0, Avg:  0.0, Max: 0, Diff: 0, Sum: 0, Workers: 4
[34.923s][debug][gc,phases      ] GC(12)   StringDedup Requests0 Weak     Min:  0.0, Avg:  0.0, Max:  0.0, Diff:  0.0, Sum:  0.0, Workers: 4
[34.923s][debug][gc,phases      ] GC(12)     Dead                           Min: 0, Avg:  0.0, Max: 0, Diff: 0, Sum: 0, Workers: 4
[34.923s][debug][gc,phases      ] GC(12)     Total                          Min: 0, Avg:  0.0, Max: 0, Diff: 0, Sum: 0, Workers: 4
[34.923s][debug][gc,phases      ] GC(12)   StringDedup Requests1 Weak     Min:  0.0, Avg:  0.0, Max:  0.0, Diff:  0.0, Sum:  0.0, Workers: 4
[34.923s][debug][gc,phases      ] GC(12)     Dead                           Min: 0, Avg:  0.0, Max: 0, Diff: 0, Sum: 0, Workers: 4
[34.923s][debug][gc,phases      ] GC(12)     Total                          Min: 0, Avg:  0.0, Max: 0, Diff: 0, Sum: 0, Workers: 4
[34.923s][debug][gc,phases      ] GC(12)   Weak JFR Old Object Samples    Min:  0.0, Avg:  0.0, Max:  0.0, Diff:  0.0, Sum:  0.0, Workers: 4
[34.923s][debug][gc,phases      ] GC(12)     Dead                           Min: 0, Avg:  0.0, Max: 0, Diff: 0, Sum: 0, Workers: 4
[34.923s][debug][gc,phases      ] GC(12)     Total                          Min: 0, Avg:  0.0, Max: 0, Diff: 0, Sum: 0, Workers: 4
[34.923s][debug][gc,phases      ] GC(12) Weak Processing 0.691ms
[34.923s][debug][gc,age         ] GC(12) Desired survivor size 536870912 bytes, new threshold 8 (max threshold 15)
[34.923s][info ][gc,heap        ] GC(12) PSYoungGen: 1394472K(1585152K)->368261K(1451008K) Eden: 1082368K(1082368K)->0K(1082368K) From: 312104K(502784K)->368261K(368640K)
[34.923s][info ][gc,heap        ] GC(12) ParOldGen: 77322K(137216K)->77330K(137216K)
[34.923s][info ][gc,metaspace   ] GC(12) Metaspace: 85127K(86272K)->85127K(86272K) NonClass: 72512K(73152K)->72512K(73152K) Class: 12615K(13120K)->12615K(13120K)
[34.923s][info ][gc             ] GC(12) Pause Young (Allocation Failure) 1437M->435M(1551M) 123.544ms
[34.923s][info ][gc,cpu         ] GC(12) User=0.42s Sys=0.00s Real=0.12s
[34.923s][info ][safepoint      ] Safepoint "ParallelGCFailedAllocation", Time since last: 912510686 ns, Reaching safepoint: 79001 ns, Cleanup: 187601 ns, At safepoint: 123635008 ns, Total: 123901610 ns
[35.923s][info ][safepoint      ] Safepoint "Cleanup", Time since last: 1000102253 ns, Reaching safepoint: 78900 ns, Cleanup: 163501 ns, At safepoint: 13800 ns, Total: 256201 ns
[36.703s][info ][safepoint      ] Safepoint "ICBufferFull", Time since last: 779874357 ns, Reaching safepoint: 5800 ns, Cleanup: 197001 ns, At safepoint: 6200 ns, Total: 209001 ns
[37.487s][info ][safepoint      ] Safepoint "ICBufferFull", Time since last: 783862578 ns, Reaching safepoint: 109000 ns, Cleanup: 206901 ns, At safepoint: 6700 ns, Total: 322601 ns
[38.488s][info ][safepoint      ] Safepoint "Cleanup", Time since last: 1000113931 ns, Reaching safepoint: 79200 ns, Cleanup: 175101 ns, At safepoint: 5700 ns, Total: 260001 ns
[39.488s][info ][safepoint      ] Safepoint "Cleanup", Time since last: 1000175831 ns, Reaching safepoint: 85001 ns, Cleanup: 89800 ns, At safepoint: 6500 ns, Total: 181301 ns
[39.950s][info ][safepoint      ] Safepoint "ParallelGCFailedAllocation", Time since last: 461512560 ns, Reaching safepoint: 89500 ns, Cleanup: 85001 ns, At safepoint: 29500 ns, Total: 204001 ns
[39.950s][info ][gc,start       ] GC(13) Pause Young (GCLocker Initiated GC)
[40.110s][debug][gc,phases      ] GC(13) Scavenge 159.419ms
[40.110s][debug][gc,ref         ] GC(13) Skipped phase 1 of Reference Processing: no references
[40.110s][debug][gc,ref         ] GC(13) ReferenceProcessor::execute queues: 3, RefProcThreadModel::Multi, marks_oops_alive: false
[40.110s][debug][gc,ref         ] GC(13) Skipped phase 3 of Reference Processing: no references
[40.110s][debug][gc,ref         ] GC(13) ReferenceProcessor::execute queues: 1, RefProcThreadModel::Single, marks_oops_alive: false
[40.110s][debug][gc,phases      ] GC(13) Reference Processing 0.421ms
[40.111s][debug][gc,phases      ] GC(13)   VM Weak                        Min:  0.0, Avg:  0.0, Max:  0.0, Diff:  0.0, Sum:  0.0, Workers: 4
[40.111s][debug][gc,phases      ] GC(13)     Dead                           Min: 0, Avg:  0.0, Max: 0, Diff: 0, Sum: 0, Workers: 4
[40.111s][debug][gc,phases      ] GC(13)     Total                          Min: 0, Avg: 221.5, Max: 512, Diff: 512, Sum: 886, Workers: 4
[40.111s][debug][gc,phases      ] GC(13)   ObjectSynchronizer Weak        Min:  0.0, Avg:  0.0, Max:  0.0, Diff:  0.0, Sum:  0.0, Workers: 4
[40.111s][debug][gc,phases      ] GC(13)     Dead                           Min: 0, Avg:  0.0, Max: 0, Diff: 0, Sum: 0, Workers: 4
[40.111s][debug][gc,phases      ] GC(13)     Total                          Min: 0, Avg: 10.2, Max: 41, Diff: 41, Sum: 41, Workers: 4
[40.111s][debug][gc,phases      ] GC(13)   JVMTI Tag Weak OopStorage      Min:  0.0, Avg:  0.0, Max:  0.0, Diff:  0.0, Sum:  0.0, Workers: 4
[40.111s][debug][gc,phases      ] GC(13)     Dead                           Min: 0, Avg:  0.0, Max: 0, Diff: 0, Sum: 0, Workers: 4
[40.111s][debug][gc,phases      ] GC(13)     Total                          Min: 0, Avg:  0.0, Max: 0, Diff: 0, Sum: 0, Workers: 4
[40.111s][debug][gc,phases      ] GC(13)   StringTable Weak               Min:  0.0, Avg:  0.3, Max:  0.4, Diff:  0.4, Sum:  1.1, Workers: 4
[40.111s][debug][gc,phases      ] GC(13)     Dead                           Min: 0, Avg:  0.0, Max: 0, Diff: 0, Sum: 0, Workers: 4
[40.111s][debug][gc,phases      ] GC(13)     Total                          Min: 0, Avg: 10887.2, Max: 17565, Diff: 17565, Sum: 43549, Workers: 4
[40.111s][debug][gc,phases      ] GC(13)   ResolvedMethodTable Weak       Min:  0.0, Avg:  0.1, Max:  0.1, Diff:  0.1, Sum:  0.3, Workers: 4
[40.111s][debug][gc,phases      ] GC(13)     Dead                           Min: 0, Avg:  0.0, Max: 0, Diff: 0, Sum: 0, Workers: 4
[40.111s][debug][gc,phases      ] GC(13)     Total                          Min: 0, Avg: 2661.0, Max: 3648, Diff: 3648, Sum: 10644, Workers: 4
[40.111s][debug][gc,phases      ] GC(13)   JNI Weak                       Min:  0.0, Avg:  0.0, Max:  0.0, Diff:  0.0, Sum:  0.0, Workers: 4
[40.111s][debug][gc,phases      ] GC(13)     Dead                           Min: 0, Avg:  0.0, Max: 0, Diff: 0, Sum: 0, Workers: 4
[40.111s][debug][gc,phases      ] GC(13)     Total                          Min: 0, Avg: 14.8, Max: 48, Diff: 48, Sum: 59, Workers: 4
[40.111s][debug][gc,phases      ] GC(13)   StringDedup Table Weak         Min:  0.0, Avg:  0.0, Max:  0.0, Diff:  0.0, Sum:  0.0, Workers: 4
[40.111s][debug][gc,phases      ] GC(13)     Dead                           Min: 0, Avg:  0.0, Max: 0, Diff: 0, Sum: 0, Workers: 4
[40.111s][debug][gc,phases      ] GC(13)     Total                          Min: 0, Avg:  0.0, Max: 0, Diff: 0, Sum: 0, Workers: 4
[40.111s][debug][gc,phases      ] GC(13)   StringDedup Requests0 Weak     Min:  0.0, Avg:  0.0, Max:  0.0, Diff:  0.0, Sum:  0.0, Workers: 4
[40.111s][debug][gc,phases      ] GC(13)     Dead                           Min: 0, Avg:  0.0, Max: 0, Diff: 0, Sum: 0, Workers: 4
[40.111s][debug][gc,phases      ] GC(13)     Total                          Min: 0, Avg:  0.0, Max: 0, Diff: 0, Sum: 0, Workers: 4
[40.111s][debug][gc,phases      ] GC(13)   StringDedup Requests1 Weak     Min:  0.0, Avg:  0.0, Max:  0.0, Diff:  0.0, Sum:  0.0, Workers: 4
[40.111s][debug][gc,phases      ] GC(13)     Dead                           Min: 0, Avg:  0.0, Max: 0, Diff: 0, Sum: 0, Workers: 4
[40.111s][debug][gc,phases      ] GC(13)     Total                          Min: 0, Avg:  0.0, Max: 0, Diff: 0, Sum: 0, Workers: 4
[40.111s][debug][gc,phases      ] GC(13)   Weak JFR Old Object Samples    Min:  0.0, Avg:  0.0, Max:  0.0, Diff:  0.0, Sum:  0.0, Workers: 4
[40.111s][debug][gc,phases      ] GC(13)     Dead                           Min: 0, Avg:  0.0, Max: 0, Diff: 0, Sum: 0, Workers: 4
[40.111s][debug][gc,phases      ] GC(13)     Total                          Min: 0, Avg:  0.0, Max: 0, Diff: 0, Sum: 0, Workers: 4
[40.111s][debug][gc,phases      ] GC(13) Weak Processing 0.714ms
[40.111s][debug][gc,age         ] GC(13) Desired survivor size 529530880 bytes, new threshold 9 (max threshold 15)
[40.111s][info ][gc,heap        ] GC(13) PSYoungGen: 1450629K(1451008K)->290492K(1580032K) Eden: 1082368K(1082368K)->0K(1055744K) From: 368261K(368640K)->290492K(524288K)
[40.111s][info ][gc,heap        ] GC(13) ParOldGen: 77714K(137216K)->150332K(150528K)
[40.111s][info ][gc,metaspace   ] GC(13) Metaspace: 85498K(86592K)->85498K(86592K) NonClass: 72871K(73472K)->72871K(73472K) Class: 12627K(13120K)->12627K(13120K)
[40.111s][info ][gc             ] GC(13) Pause Young (GCLocker Initiated GC) 1492M->430M(1690M) 160.657ms
[40.111s][info ][gc,cpu         ] GC(13) User=0.49s Sys=0.01s Real=0.16s
[40.111s][debug][gc,phases      ] GC(14) Pre Compact 0.009ms
[40.111s][info ][gc,start       ] GC(14) Pause Full (Ergonomics)
[40.111s][info ][gc,phases,start] GC(14) Marking Phase
[40.245s][debug][gc,phases      ] GC(14) Par Mark 134.140ms
[40.245s][debug][gc,ref         ] GC(14) Skipped phase 1 of Reference Processing: no references
[40.245s][debug][gc,ref         ] GC(14) ReferenceProcessor::execute queues: 4, RefProcThreadModel::Multi, marks_oops_alive: false
[40.246s][debug][gc,ref         ] GC(14) Skipped phase 3 of Reference Processing: no references
[40.246s][debug][gc,ref         ] GC(14) ReferenceProcessor::execute queues: 1, RefProcThreadModel::Single, marks_oops_alive: false
[40.246s][debug][gc,phases      ] GC(14) Reference Processing 0.406ms
[40.246s][debug][gc,phases      ] GC(14)   VM Weak                        Min:  0.0, Avg:  0.0, Max:  0.0, Diff:  0.0, Sum:  0.0, Workers: 4
[40.246s][debug][gc,phases      ] GC(14)     Dead                           Min: 0, Avg:  0.0, Max: 0, Diff: 0, Sum: 0, Workers: 4
[40.246s][debug][gc,phases      ] GC(14)     Total                          Min: 64, Avg: 221.5, Max: 384, Diff: 320, Sum: 886, Workers: 4
[40.246s][debug][gc,phases      ] GC(14)   ObjectSynchronizer Weak        Min:  0.0, Avg:  0.0, Max:  0.0, Diff:  0.0, Sum:  0.0, Workers: 4
[40.246s][debug][gc,phases      ] GC(14)     Dead                           Min: 0, Avg:  0.0, Max: 0, Diff: 0, Sum: 0, Workers: 4
[40.246s][debug][gc,phases      ] GC(14)     Total                          Min: 0, Avg: 10.2, Max: 41, Diff: 41, Sum: 41, Workers: 4
[40.246s][debug][gc,phases      ] GC(14)   JVMTI Tag Weak OopStorage      Min:  0.0, Avg:  0.0, Max:  0.0, Diff:  0.0, Sum:  0.0, Workers: 4
[40.246s][debug][gc,phases      ] GC(14)     Dead                           Min: 0, Avg:  0.0, Max: 0, Diff: 0, Sum: 0, Workers: 4
[40.246s][debug][gc,phases      ] GC(14)     Total                          Min: 0, Avg:  0.0, Max: 0, Diff: 0, Sum: 0, Workers: 4
[40.246s][debug][gc,phases      ] GC(14)   StringTable Weak               Min:  0.2, Avg:  0.2, Max:  0.2, Diff:  0.0, Sum:  0.7, Workers: 4
[40.246s][debug][gc,phases      ] GC(14)     Dead                           Min: 0, Avg:  0.0, Max: 0, Diff: 0, Sum: 0, Workers: 4
[40.246s][debug][gc,phases      ] GC(14)     Total                          Min: 10333, Avg: 10887.2, Max: 11776, Diff: 1443, Sum: 43549, Workers: 4
[40.246s][debug][gc,phases      ] GC(14)   ResolvedMethodTable Weak       Min:  0.0, Avg:  0.0, Max:  0.0, Diff:  0.0, Sum:  0.2, Workers: 4
[40.246s][debug][gc,phases      ] GC(14)     Dead                           Min: 0, Avg:  0.0, Max: 0, Diff: 0, Sum: 0, Workers: 4
[40.246s][debug][gc,phases      ] GC(14)     Total                          Min: 2304, Avg: 2661.0, Max: 2964, Diff: 660, Sum: 10644, Workers: 4
[40.246s][debug][gc,phases      ] GC(14)   JNI Weak                       Min:  0.0, Avg:  0.0, Max:  0.0, Diff:  0.0, Sum:  0.0, Workers: 4
[40.246s][debug][gc,phases      ] GC(14)     Dead                           Min: 0, Avg:  0.0, Max: 0, Diff: 0, Sum: 0, Workers: 4
[40.246s][debug][gc,phases      ] GC(14)     Total                          Min: 0, Avg: 14.8, Max: 48, Diff: 48, Sum: 59, Workers: 4
[40.246s][debug][gc,phases      ] GC(14)   StringDedup Table Weak         Min:  0.0, Avg:  0.0, Max:  0.0, Diff:  0.0, Sum:  0.0, Workers: 4
[40.246s][debug][gc,phases      ] GC(14)     Dead                           Min: 0, Avg:  0.0, Max: 0, Diff: 0, Sum: 0, Workers: 4
[40.246s][debug][gc,phases      ] GC(14)     Total                          Min: 0, Avg:  0.0, Max: 0, Diff: 0, Sum: 0, Workers: 4
[40.246s][debug][gc,phases      ] GC(14)   StringDedup Requests0 Weak     Min:  0.0, Avg:  0.0, Max:  0.0, Diff:  0.0, Sum:  0.0, Workers: 4
[40.246s][debug][gc,phases      ] GC(14)     Dead                           Min: 0, Avg:  0.0, Max: 0, Diff: 0, Sum: 0, Workers: 4
[40.246s][debug][gc,phases      ] GC(14)     Total                          Min: 0, Avg:  0.0, Max: 0, Diff: 0, Sum: 0, Workers: 4
[40.246s][debug][gc,phases      ] GC(14)   StringDedup Requests1 Weak     Min:  0.0, Avg:  0.0, Max:  0.0, Diff:  0.0, Sum:  0.0, Workers: 4
[40.246s][debug][gc,phases      ] GC(14)     Dead                           Min: 0, Avg:  0.0, Max: 0, Diff: 0, Sum: 0, Workers: 4
[40.246s][debug][gc,phases      ] GC(14)     Total                          Min: 0, Avg:  0.0, Max: 0, Diff: 0, Sum: 0, Workers: 4
[40.246s][debug][gc,phases      ] GC(14)   Weak JFR Old Object Samples    Min:  0.0, Avg:  0.0, Max:  0.0, Diff:  0.0, Sum:  0.0, Workers: 4
[40.246s][debug][gc,phases      ] GC(14)     Dead                           Min: 0, Avg:  0.0, Max: 0, Diff: 0, Sum: 0, Workers: 4
[40.246s][debug][gc,phases      ] GC(14)     Total                          Min: 0, Avg:  0.0, Max: 0, Diff: 0, Sum: 0, Workers: 4
[40.246s][debug][gc,phases      ] GC(14) Weak Processing 0.399ms
[40.246s][debug][gc,phases      ] GC(14) ClassLoaderData 0.104ms
[40.246s][debug][gc,phases      ] GC(14) Trigger cleanups 0.000ms
[40.261s][debug][gc,phases      ] GC(14) Class Unloading 14.460ms
[40.261s][debug][gc,phases      ] GC(14) Report Object Count 0.001ms
[40.261s][info ][gc,phases      ] GC(14) Marking Phase 149.579ms
[40.261s][info ][gc,phases,start] GC(14) Summary Phase
[40.261s][info ][gc,phases      ] GC(14) Summary Phase 0.016ms
[40.261s][info ][gc,phases,start] GC(14) Adjust Roots
[40.279s][info ][gc,phases      ] GC(14) Adjust Roots 18.435ms
[40.279s][info ][gc,phases,start] GC(14) Compaction Phase
[40.746s][info ][gc,phases      ] GC(14) Compaction Phase 466.555ms
[40.746s][info ][gc,phases,start] GC(14) Post Compact
[40.751s][info ][gc,phases      ] GC(14) Post Compact 5.460ms
[40.751s][info ][gc,heap        ] GC(14) PSYoungGen: 290492K(1580032K)->266217K(1580032K) Eden: 0K(1055744K)->0K(1055744K) From: 290492K(524288K)->266217K(524288K)
[40.751s][info ][gc,heap        ] GC(14) ParOldGen: 150332K(150528K)->150022K(229888K)
[40.751s][info ][gc,metaspace   ] GC(14) Metaspace: 85498K(86592K)->85498K(86592K) NonClass: 72871K(73472K)->72871K(73472K) Class: 12627K(13120K)->12627K(13120K)
[40.751s][info ][gc             ] GC(14) Pause Full (Ergonomics) 430M->406M(1767M) 640.275ms
[40.751s][info ][gc,cpu         ] GC(14) User=2.02s Sys=0.03s Real=0.64s
[40.751s][info ][safepoint      ] Safepoint "ParallelGCSystemGC", Time since last: 394702 ns, Reaching safepoint: 3300 ns, Cleanup: 1200 ns, At safepoint: 801045270 ns, Total: 801049770 ns
[41.758s][info ][safepoint      ] Safepoint "Cleanup", Time since last: 1006071662 ns, Reaching safepoint: 93600 ns, Cleanup: 71901 ns, At safepoint: 8000 ns, Total: 173501 ns
[42.758s][info ][safepoint      ] Safepoint "Cleanup", Time since last: 1000099730 ns, Reaching safepoint: 85001 ns, Cleanup: 131100 ns, At safepoint: 12200 ns, Total: 228301 ns
[43.758s][info ][safepoint      ] Safepoint "Cleanup", Time since last: 1000117857 ns, Reaching safepoint: 77300 ns, Cleanup: 176201 ns, At safepoint: 13200 ns, Total: 266701 ns
[44.231s][info ][gc,start       ] GC(15) Pause Young (Allocation Failure)
[44.326s][debug][gc,phases      ] GC(15) Scavenge 95.048ms
[44.326s][debug][gc,ref         ] GC(15) Skipped phase 1 of Reference Processing: no references
[44.326s][debug][gc,ref         ] GC(15) ReferenceProcessor::execute queues: 4, RefProcThreadModel::Multi, marks_oops_alive: false
[44.326s][debug][gc,ref         ] GC(15) Skipped phase 3 of Reference Processing: no references
[44.326s][debug][gc,ref         ] GC(15) ReferenceProcessor::execute queues: 1, RefProcThreadModel::Single, marks_oops_alive: false
[44.326s][debug][gc,phases      ] GC(15) Reference Processing 0.506ms
[44.327s][debug][gc,phases      ] GC(15)   VM Weak                        Min:  0.0, Avg:  0.0, Max:  0.0, Diff:  0.0, Sum:  0.0, Workers: 4
[44.327s][debug][gc,phases      ] GC(15)     Dead                           Min: 0, Avg:  0.0, Max: 0, Diff: 0, Sum: 0, Workers: 4
[44.327s][debug][gc,phases      ] GC(15)     Total                          Min: 0, Avg: 221.5, Max: 576, Diff: 576, Sum: 886, Workers: 4
[44.327s][debug][gc,phases      ] GC(15)   ObjectSynchronizer Weak        Min:  0.0, Avg:  0.0, Max:  0.0, Diff:  0.0, Sum:  0.0, Workers: 4
[44.327s][debug][gc,phases      ] GC(15)     Dead                           Min: 0, Avg:  0.0, Max: 0, Diff: 0, Sum: 0, Workers: 4
[44.327s][debug][gc,phases      ] GC(15)     Total                          Min: 0, Avg: 10.2, Max: 41, Diff: 41, Sum: 41, Workers: 4
[44.327s][debug][gc,phases      ] GC(15)   JVMTI Tag Weak OopStorage      Min:  0.0, Avg:  0.0, Max:  0.0, Diff:  0.0, Sum:  0.0, Workers: 4
[44.327s][debug][gc,phases      ] GC(15)     Dead                           Min: 0, Avg:  0.0, Max: 0, Diff: 0, Sum: 0, Workers: 4
[44.327s][debug][gc,phases      ] GC(15)     Total                          Min: 0, Avg:  0.0, Max: 0, Diff: 0, Sum: 0, Workers: 4
[44.327s][debug][gc,phases      ] GC(15)   StringTable Weak               Min:  0.0, Avg:  0.3, Max:  0.5, Diff:  0.5, Sum:  1.1, Workers: 4
[44.327s][debug][gc,phases      ] GC(15)     Dead                           Min: 0, Avg:  0.2, Max: 1, Diff: 1, Sum: 1, Workers: 4
[44.327s][debug][gc,phases      ] GC(15)     Total                          Min: 0, Avg: 10906.8, Max: 15104, Diff: 15104, Sum: 43627, Workers: 4
[44.327s][debug][gc,phases      ] GC(15)   ResolvedMethodTable Weak       Min:  0.0, Avg:  0.1, Max:  0.2, Diff:  0.2, Sum:  0.3, Workers: 4
[44.327s][debug][gc,phases      ] GC(15)     Dead                           Min: 0, Avg:  0.0, Max: 0, Diff: 0, Sum: 0, Workers: 4
[44.327s][debug][gc,phases      ] GC(15)     Total                          Min: 0, Avg: 2666.2, Max: 5632, Diff: 5632, Sum: 10665, Workers: 4
[44.327s][debug][gc,phases      ] GC(15)   JNI Weak                       Min:  0.0, Avg:  0.0, Max:  0.0, Diff:  0.0, Sum:  0.0, Workers: 4
[44.327s][debug][gc,phases      ] GC(15)     Dead                           Min: 0, Avg:  0.0, Max: 0, Diff: 0, Sum: 0, Workers: 4
[44.327s][debug][gc,phases      ] GC(15)     Total                          Min: 0, Avg: 12.8, Max: 51, Diff: 51, Sum: 51, Workers: 4
[44.327s][debug][gc,phases      ] GC(15)   StringDedup Table Weak         Min:  0.0, Avg:  0.0, Max:  0.0, Diff:  0.0, Sum:  0.0, Workers: 4
[44.327s][debug][gc,phases      ] GC(15)     Dead                           Min: 0, Avg:  0.0, Max: 0, Diff: 0, Sum: 0, Workers: 4
[44.327s][debug][gc,phases      ] GC(15)     Total                          Min: 0, Avg:  0.0, Max: 0, Diff: 0, Sum: 0, Workers: 4
[44.327s][debug][gc,phases      ] GC(15)   StringDedup Requests0 Weak     Min:  0.0, Avg:  0.0, Max:  0.0, Diff:  0.0, Sum:  0.0, Workers: 4
[44.327s][debug][gc,phases      ] GC(15)     Dead                           Min: 0, Avg:  0.0, Max: 0, Diff: 0, Sum: 0, Workers: 4
[44.327s][debug][gc,phases      ] GC(15)     Total                          Min: 0, Avg:  0.0, Max: 0, Diff: 0, Sum: 0, Workers: 4
[44.327s][debug][gc,phases      ] GC(15)   StringDedup Requests1 Weak     Min:  0.0, Avg:  0.0, Max:  0.0, Diff:  0.0, Sum:  0.0, Workers: 4
[44.327s][debug][gc,phases      ] GC(15)     Dead                           Min: 0, Avg:  0.0, Max: 0, Diff: 0, Sum: 0, Workers: 4
[44.327s][debug][gc,phases      ] GC(15)     Total                          Min: 0, Avg:  0.0, Max: 0, Diff: 0, Sum: 0, Workers: 4
[44.327s][debug][gc,phases      ] GC(15)   Weak JFR Old Object Samples    Min:  0.0, Avg:  0.0, Max:  0.0, Diff:  0.0, Sum:  0.0, Workers: 4
[44.327s][debug][gc,phases      ] GC(15)     Dead                           Min: 0, Avg:  0.0, Max: 0, Diff: 0, Sum: 0, Workers: 4
[44.327s][debug][gc,phases      ] GC(15)     Total                          Min: 0, Avg:  0.0, Max: 0, Diff: 0, Sum: 0, Workers: 4
[44.327s][debug][gc,phases      ] GC(15) Weak Processing 0.675ms
[44.327s][debug][gc,age         ] GC(15) Desired survivor size 509083648 bytes, new threshold 10 (max threshold 15)
[44.327s][info ][gc,heap        ] GC(15) PSYoungGen: 1321961K(1580032K)->271657K(1572864K) Eden: 1055744K(1055744K)->0K(1055744K) From: 266217K(524288K)->271657K(517120K)
[44.327s][info ][gc,heap        ] GC(15) ParOldGen: 150032K(229888K)->150040K(229888K)
[44.327s][info ][gc,metaspace   ] GC(15) Metaspace: 85647K(86784K)->85647K(86784K) NonClass: 73009K(73600K)->73009K(73600K) Class: 12638K(13184K)->12638K(13184K)
[44.327s][info ][gc             ] GC(15) Pause Young (Allocation Failure) 1437M->411M(1760M) 96.361ms
[44.327s][info ][gc,cpu         ] GC(15) User=0.31s Sys=0.00s Real=0.09s
[44.327s][info ][safepoint      ] Safepoint "ParallelGCFailedAllocation", Time since last: 472115162 ns, Reaching safepoint: 84300 ns, Cleanup: 69401 ns, At safepoint: 96445703 ns, Total: 96599404 ns
[45.603s][info ][safepoint      ] Safepoint "ICBufferFull", Time since last: 1275766952 ns, Reaching safepoint: 78600 ns, Cleanup: 162401 ns, At safepoint: 4800 ns, Total: 245801 ns
[46.603s][info ][safepoint      ] Safepoint "Cleanup", Time since last: 1000117315 ns, Reaching safepoint: 6200 ns, Cleanup: 51100 ns, At safepoint: 5800 ns, Total: 63100 ns
[47.603s][info ][safepoint      ] Safepoint "Cleanup", Time since last: 1000115015 ns, Reaching safepoint: 5400 ns, Cleanup: 27601 ns, At safepoint: 2000 ns, Total: 35001 ns
[48.603s][info ][safepoint      ] Safepoint "Cleanup", Time since last: 1000059014 ns, Reaching safepoint: 6400 ns, Cleanup: 85101 ns, At safepoint: 4400 ns, Total: 95901 ns
[49.604s][info ][safepoint      ] Safepoint "Cleanup", Time since last: 1000120315 ns, Reaching safepoint: 7000 ns, Cleanup: 51400 ns, At safepoint: 9600 ns, Total: 68000 ns
[49.608s][info ][gc,start       ] GC(16) Pause Young (Allocation Failure)
[49.691s][debug][gc,phases      ] GC(16) Scavenge 82.758ms
[49.691s][debug][gc,ref         ] GC(16) Skipped phase 1 of Reference Processing: no references
[49.691s][debug][gc,ref         ] GC(16) ReferenceProcessor::execute queues: 4, RefProcThreadModel::Multi, marks_oops_alive: false
[49.691s][debug][gc,ref         ] GC(16) Skipped phase 3 of Reference Processing: no references
[49.691s][debug][gc,ref         ] GC(16) ReferenceProcessor::execute queues: 1, RefProcThreadModel::Single, marks_oops_alive: false
[49.691s][debug][gc,phases      ] GC(16) Reference Processing 0.525ms
[49.692s][debug][gc,phases      ] GC(16)   VM Weak                        Min:  0.0, Avg:  0.0, Max:  0.0, Diff:  0.0, Sum:  0.0, Workers: 4
[49.692s][debug][gc,phases      ] GC(16)     Dead                           Min: 0, Avg:  0.0, Max: 0, Diff: 0, Sum: 0, Workers: 4
[49.692s][debug][gc,phases      ] GC(16)     Total                          Min: 0, Avg: 222.8, Max: 448, Diff: 448, Sum: 891, Workers: 4
[49.692s][debug][gc,phases      ] GC(16)   ObjectSynchronizer Weak        Min:  0.0, Avg:  0.0, Max:  0.0, Diff:  0.0, Sum:  0.0, Workers: 4
[49.692s][debug][gc,phases      ] GC(16)     Dead                           Min: 0, Avg:  0.0, Max: 0, Diff: 0, Sum: 0, Workers: 4
[49.692s][debug][gc,phases      ] GC(16)     Total                          Min: 0, Avg: 10.2, Max: 41, Diff: 41, Sum: 41, Workers: 4
[49.692s][debug][gc,phases      ] GC(16)   JVMTI Tag Weak OopStorage      Min:  0.0, Avg:  0.0, Max:  0.0, Diff:  0.0, Sum:  0.0, Workers: 4
[49.692s][debug][gc,phases      ] GC(16)     Dead                           Min: 0, Avg:  0.0, Max: 0, Diff: 0, Sum: 0, Workers: 4
[49.692s][debug][gc,phases      ] GC(16)     Total                          Min: 0, Avg:  0.0, Max: 0, Diff: 0, Sum: 0, Workers: 4
[49.692s][debug][gc,phases      ] GC(16)   StringTable Weak               Min:  0.0, Avg:  0.2, Max:  0.3, Diff:  0.3, Sum:  0.8, Workers: 4
[49.692s][debug][gc,phases      ] GC(16)     Dead                           Min: 0, Avg:  0.2, Max: 1, Diff: 1, Sum: 1, Workers: 4
[49.692s][debug][gc,phases      ] GC(16)     Total                          Min: 0, Avg: 10923.8, Max: 14976, Diff: 14976, Sum: 43695, Workers: 4
[49.692s][debug][gc,phases      ] GC(16)   ResolvedMethodTable Weak       Min:  0.0, Avg:  0.1, Max:  0.1, Diff:  0.1, Sum:  0.3, Workers: 4
[49.692s][debug][gc,phases      ] GC(16)     Dead                           Min: 0, Avg:  0.0, Max: 0, Diff: 0, Sum: 0, Workers: 4
[49.692s][debug][gc,phases      ] GC(16)     Total                          Min: 0, Avg: 2676.0, Max: 3648, Diff: 3648, Sum: 10704, Workers: 4
[49.692s][debug][gc,phases      ] GC(16)   JNI Weak                       Min:  0.0, Avg:  0.0, Max:  0.0, Diff:  0.0, Sum:  0.0, Workers: 4
[49.692s][debug][gc,phases      ] GC(16)     Dead                           Min: 0, Avg:  0.0, Max: 0, Diff: 0, Sum: 0, Workers: 4
[49.692s][debug][gc,phases      ] GC(16)     Total                          Min: 0, Avg: 12.0, Max: 48, Diff: 48, Sum: 48, Workers: 4
[49.692s][debug][gc,phases      ] GC(16)   StringDedup Table Weak         Min:  0.0, Avg:  0.0, Max:  0.0, Diff:  0.0, Sum:  0.0, Workers: 4
[49.692s][debug][gc,phases      ] GC(16)     Dead                           Min: 0, Avg:  0.0, Max: 0, Diff: 0, Sum: 0, Workers: 4
[49.692s][debug][gc,phases      ] GC(16)     Total                          Min: 0, Avg:  0.0, Max: 0, Diff: 0, Sum: 0, Workers: 4
[49.692s][debug][gc,phases      ] GC(16)   StringDedup Requests0 Weak     Min:  0.0, Avg:  0.0, Max:  0.0, Diff:  0.0, Sum:  0.0, Workers: 4
[49.692s][debug][gc,phases      ] GC(16)     Dead                           Min: 0, Avg:  0.0, Max: 0, Diff: 0, Sum: 0, Workers: 4
[49.692s][debug][gc,phases      ] GC(16)     Total                          Min: 0, Avg:  0.0, Max: 0, Diff: 0, Sum: 0, Workers: 4
[49.692s][debug][gc,phases      ] GC(16)   StringDedup Requests1 Weak     Min:  0.0, Avg:  0.0, Max:  0.0, Diff:  0.0, Sum:  0.0, Workers: 4
[49.692s][debug][gc,phases      ] GC(16)     Dead                           Min: 0, Avg:  0.0, Max: 0, Diff: 0, Sum: 0, Workers: 4
[49.692s][debug][gc,phases      ] GC(16)     Total                          Min: 0, Avg:  0.0, Max: 0, Diff: 0, Sum: 0, Workers: 4
[49.692s][debug][gc,phases      ] GC(16)   Weak JFR Old Object Samples    Min:  0.0, Avg:  0.0, Max:  0.0, Diff:  0.0, Sum:  0.0, Workers: 4
[49.692s][debug][gc,phases      ] GC(16)     Dead                           Min: 0, Avg:  0.0, Max: 0, Diff: 0, Sum: 0, Workers: 4
[49.692s][debug][gc,phases      ] GC(16)     Total                          Min: 0, Avg:  0.0, Max: 0, Diff: 0, Sum: 0, Workers: 4
[49.692s][debug][gc,phases      ] GC(16) Weak Processing 0.685ms
[49.692s][debug][gc,age         ] GC(16) Desired survivor size 489684992 bytes, new threshold 11 (max threshold 15)
[49.692s][info ][gc,heap        ] GC(16) PSYoungGen: 1327401K(1572864K)->270713K(1618944K) Eden: 1055744K(1055744K)->0K(1121792K) From: 271657K(517120K)->270713K(497152K)
[49.692s][info ][gc,heap        ] GC(16) ParOldGen: 150040K(229888K)->150060K(229888K)
[49.692s][info ][gc,metaspace   ] GC(16) Metaspace: 85835K(86976K)->85835K(86976K) NonClass: 73176K(73792K)->73176K(73792K) Class: 12659K(13184K)->12659K(13184K)
[49.692s][info ][gc             ] GC(16) Pause Young (Allocation Failure) 1442M->410M(1805M) 84.118ms
[49.692s][info ][gc,cpu         ] GC(16) User=0.27s Sys=0.00s Real=0.09s
[49.692s][info ][safepoint      ] Safepoint "ParallelGCFailedAllocation", Time since last: 3980121 ns, Reaching safepoint: 42600 ns, Cleanup: 2800 ns, At safepoint: 84206539 ns, Total: 84251939 ns
[50.692s][info ][safepoint      ] Safepoint "Cleanup", Time since last: 1000087315 ns, Reaching safepoint: 74800 ns, Cleanup: 70200 ns, At safepoint: 12301 ns, Total: 157301 ns
[51.870s][info ][safepoint      ] Safepoint "Cleanup", Time since last: 1177468147 ns, Reaching safepoint: 73100 ns, Cleanup: 80301 ns, At safepoint: 7500 ns, Total: 160901 ns
[52.870s][info ][safepoint      ] Safepoint "Cleanup", Time since last: 1000110794 ns, Reaching safepoint: 73401 ns, Cleanup: 41500 ns, At safepoint: 6600 ns, Total: 121501 ns
[53.870s][info ][safepoint      ] Safepoint "Cleanup", Time since last: 1000116495 ns, Reaching safepoint: 77100 ns, Cleanup: 29600 ns, At safepoint: 6401 ns, Total: 113101 ns
[54.870s][info ][safepoint      ] Safepoint "Cleanup", Time since last: 1000106894 ns, Reaching safepoint: 72001 ns, Cleanup: 43900 ns, At safepoint: 6400 ns, Total: 122301 ns
[55.871s][info ][safepoint      ] Safepoint "Cleanup", Time since last: 1000111495 ns, Reaching safepoint: 7700 ns, Cleanup: 52000 ns, At safepoint: 11400 ns, Total: 71100 ns
[56.871s][info ][safepoint      ] Safepoint "Cleanup", Time since last: 1000120395 ns, Reaching safepoint: 79100 ns, Cleanup: 100701 ns, At safepoint: 9900 ns, Total: 189701 ns
[57.522s][info ][gc,start       ] GC(17) Pause Young (Allocation Failure)
[57.602s][debug][gc,phases      ] GC(17) Scavenge 80.107ms
[57.602s][debug][gc,ref         ] GC(17) Skipped phase 1 of Reference Processing: no references
[57.602s][debug][gc,ref         ] GC(17) ReferenceProcessor::execute queues: 4, RefProcThreadModel::Multi, marks_oops_alive: false
[57.602s][debug][gc,ref         ] GC(17) Skipped phase 3 of Reference Processing: no references
[57.602s][debug][gc,ref         ] GC(17) ReferenceProcessor::execute queues: 1, RefProcThreadModel::Single, marks_oops_alive: false
[57.602s][debug][gc,phases      ] GC(17) Reference Processing 0.415ms
[57.603s][debug][gc,phases      ] GC(17)   VM Weak                        Min:  0.0, Avg:  0.0, Max:  0.0, Diff:  0.0, Sum:  0.0, Workers: 4
[57.603s][debug][gc,phases      ] GC(17)     Dead                           Min: 0, Avg:  0.0, Max: 0, Diff: 0, Sum: 0, Workers: 4
[57.603s][debug][gc,phases      ] GC(17)     Total                          Min: 0, Avg: 223.2, Max: 573, Diff: 573, Sum: 893, Workers: 4
[57.603s][debug][gc,phases      ] GC(17)   ObjectSynchronizer Weak        Min:  0.0, Avg:  0.0, Max:  0.0, Diff:  0.0, Sum:  0.0, Workers: 4
[57.603s][debug][gc,phases      ] GC(17)     Dead                           Min: 0, Avg:  0.0, Max: 0, Diff: 0, Sum: 0, Workers: 4
[57.603s][debug][gc,phases      ] GC(17)     Total                          Min: 0, Avg: 10.2, Max: 41, Diff: 41, Sum: 41, Workers: 4
[57.603s][debug][gc,phases      ] GC(17)   JVMTI Tag Weak OopStorage      Min:  0.0, Avg:  0.0, Max:  0.0, Diff:  0.0, Sum:  0.0, Workers: 4
[57.603s][debug][gc,phases      ] GC(17)     Dead                           Min: 0, Avg:  0.0, Max: 0, Diff: 0, Sum: 0, Workers: 4
[57.603s][debug][gc,phases      ] GC(17)     Total                          Min: 0, Avg:  0.0, Max: 0, Diff: 0, Sum: 0, Workers: 4
[57.603s][debug][gc,phases      ] GC(17)   StringTable Weak               Min:  0.0, Avg:  0.2, Max:  0.3, Diff:  0.3, Sum:  0.8, Workers: 4
[57.603s][debug][gc,phases      ] GC(17)     Dead                           Min: 0, Avg:  0.0, Max: 0, Diff: 0, Sum: 0, Workers: 4
[57.603s][debug][gc,phases      ] GC(17)     Total                          Min: 0, Avg: 10935.8, Max: 14879, Diff: 14879, Sum: 43743, Workers: 4
[57.603s][debug][gc,phases      ] GC(17)   ResolvedMethodTable Weak       Min:  0.0, Avg:  0.1, Max:  0.1, Diff:  0.1, Sum:  0.3, Workers: 4
[57.603s][debug][gc,phases      ] GC(17)     Dead                           Min: 0, Avg:  0.0, Max: 0, Diff: 0, Sum: 0, Workers: 4
[57.603s][debug][gc,phases      ] GC(17)     Total                          Min: 0, Avg: 2680.2, Max: 3809, Diff: 3809, Sum: 10721, Workers: 4
[57.603s][debug][gc,phases      ] GC(17)   JNI Weak                       Min:  0.0, Avg:  0.0, Max:  0.0, Diff:  0.0, Sum:  0.0, Workers: 4
[57.603s][debug][gc,phases      ] GC(17)     Dead                           Min: 0, Avg:  0.0, Max: 0, Diff: 0, Sum: 0, Workers: 4
[57.603s][debug][gc,phases      ] GC(17)     Total                          Min: 0, Avg: 12.0, Max: 48, Diff: 48, Sum: 48, Workers: 4
[57.603s][debug][gc,phases      ] GC(17)   StringDedup Table Weak         Min:  0.0, Avg:  0.0, Max:  0.0, Diff:  0.0, Sum:  0.0, Workers: 4
[57.603s][debug][gc,phases      ] GC(17)     Dead                           Min: 0, Avg:  0.0, Max: 0, Diff: 0, Sum: 0, Workers: 4
[57.603s][debug][gc,phases      ] GC(17)     Total                          Min: 0, Avg:  0.0, Max: 0, Diff: 0, Sum: 0, Workers: 4
[57.603s][debug][gc,phases      ] GC(17)   StringDedup Requests0 Weak     Min:  0.0, Avg:  0.0, Max:  0.0, Diff:  0.0, Sum:  0.0, Workers: 4
[57.603s][debug][gc,phases      ] GC(17)     Dead                           Min: 0, Avg:  0.0, Max: 0, Diff: 0, Sum: 0, Workers: 4
[57.603s][debug][gc,phases      ] GC(17)     Total                          Min: 0, Avg:  0.0, Max: 0, Diff: 0, Sum: 0, Workers: 4
[57.603s][debug][gc,phases      ] GC(17)   StringDedup Requests1 Weak     Min:  0.0, Avg:  0.0, Max:  0.0, Diff:  0.0, Sum:  0.0, Workers: 4
[57.603s][debug][gc,phases      ] GC(17)     Dead                           Min: 0, Avg:  0.0, Max: 0, Diff: 0, Sum: 0, Workers: 4
[57.603s][debug][gc,phases      ] GC(17)     Total                          Min: 0, Avg:  0.0, Max: 0, Diff: 0, Sum: 0, Workers: 4
[57.603s][debug][gc,phases      ] GC(17)   Weak JFR Old Object Samples    Min:  0.0, Avg:  0.0, Max:  0.0, Diff:  0.0, Sum:  0.0, Workers: 4
[57.603s][debug][gc,phases      ] GC(17)     Dead                           Min: 0, Avg:  0.0, Max: 0, Diff: 0, Sum: 0, Workers: 4
[57.603s][debug][gc,phases      ] GC(17)     Total                          Min: 0, Avg:  0.0, Max: 0, Diff: 0, Sum: 0, Workers: 4
[57.603s][debug][gc,phases      ] GC(17) Weak Processing 0.556ms
[57.603s][debug][gc,age         ] GC(17) Desired survivor size 471859200 bytes, new threshold 12 (max threshold 15)
[57.603s][info ][gc,heap        ] GC(17) PSYoungGen: 1392505K(1618944K)->271597K(1600000K) Eden: 1121792K(1121792K)->0K(1121792K) From: 270713K(497152K)->271597K(478208K)
[57.603s][info ][gc,heap        ] GC(17) ParOldGen: 150060K(229888K)->150068K(229888K)
[57.603s][info ][gc,metaspace   ] GC(17) Metaspace: 86000K(87104K)->86000K(87104K) NonClass: 73324K(73920K)->73324K(73920K) Class: 12676K(13184K)->12676K(13184K)
[57.603s][info ][gc             ] GC(17) Pause Young (Allocation Failure) 1506M->411M(1787M) 81.199ms
[57.603s][info ][gc,cpu         ] GC(17) User=0.25s Sys=0.00s Real=0.08s
[57.603s][info ][safepoint      ] Safepoint "ParallelGCFailedAllocation", Time since last: 650784575 ns, Reaching safepoint: 5400 ns, Cleanup: 24001 ns, At safepoint: 81264246 ns, Total: 81293647 ns
[58.603s][info ][safepoint      ] Safepoint "Cleanup", Time since last: 1000101895 ns, Reaching safepoint: 6100 ns, Cleanup: 24600 ns, At safepoint: 2300 ns, Total: 33000 ns
[59.603s][info ][safepoint      ] Safepoint "Cleanup", Time since last: 1000104432 ns, Reaching safepoint: 4500 ns, Cleanup: 34600 ns, At safepoint: 2000 ns, Total: 41100 ns
[61.068s][info ][safepoint      ] Safepoint "Cleanup", Time since last: 1464551317 ns, Reaching safepoint: 78400 ns, Cleanup: 40501 ns, At safepoint: 5900 ns, Total: 124801 ns
[62.068s][info ][safepoint      ] Safepoint "Cleanup", Time since last: 1000120030 ns, Reaching safepoint: 79501 ns, Cleanup: 30800 ns, At safepoint: 9800 ns, Total: 120101 ns
[63.069s][info ][safepoint      ] Safepoint "Cleanup", Time since last: 1000122730 ns, Reaching safepoint: 80601 ns, Cleanup: 131201 ns, At safepoint: 16400 ns, Total: 228202 ns
[64.644s][info ][safepoint      ] Safepoint "Cleanup", Time since last: 1575302028 ns, Reaching safepoint: 5501 ns, Cleanup: 111000 ns, At safepoint: 2400 ns, Total: 118901 ns
[65.357s][info ][gc,start       ] GC(18) Pause Young (Allocation Failure)
[65.464s][debug][gc,phases      ] GC(18) Scavenge 107.820ms
[65.464s][debug][gc,ref         ] GC(18) Skipped phase 1 of Reference Processing: no references
[65.465s][debug][gc,ref         ] GC(18) ReferenceProcessor::execute queues: 4, RefProcThreadModel::Multi, marks_oops_alive: false
[65.465s][debug][gc,ref         ] GC(18) Skipped phase 3 of Reference Processing: no references
[65.465s][debug][gc,ref         ] GC(18) ReferenceProcessor::execute queues: 1, RefProcThreadModel::Single, marks_oops_alive: false
[65.465s][debug][gc,phases      ] GC(18) Reference Processing 0.245ms
[65.465s][debug][gc,phases      ] GC(18)   VM Weak                        Min:  0.0, Avg:  0.0, Max:  0.0, Diff:  0.0, Sum:  0.0, Workers: 4
[65.465s][debug][gc,phases      ] GC(18)     Dead                           Min: 0, Avg:  0.0, Max: 0, Diff: 0, Sum: 0, Workers: 4
[65.465s][debug][gc,phases      ] GC(18)     Total                          Min: 0, Avg: 224.2, Max: 512, Diff: 512, Sum: 897, Workers: 4
[65.465s][debug][gc,phases      ] GC(18)   ObjectSynchronizer Weak        Min:  0.0, Avg:  0.0, Max:  0.0, Diff:  0.0, Sum:  0.0, Workers: 4
[65.465s][debug][gc,phases      ] GC(18)     Dead                           Min: 0, Avg:  0.0, Max: 0, Diff: 0, Sum: 0, Workers: 4
[65.465s][debug][gc,phases      ] GC(18)     Total                          Min: 0, Avg:  1.5, Max: 6, Diff: 6, Sum: 6, Workers: 4
[65.465s][debug][gc,phases      ] GC(18)   JVMTI Tag Weak OopStorage      Min:  0.0, Avg:  0.0, Max:  0.0, Diff:  0.0, Sum:  0.0, Workers: 4
[65.465s][debug][gc,phases      ] GC(18)     Dead                           Min: 0, Avg:  0.0, Max: 0, Diff: 0, Sum: 0, Workers: 4
[65.465s][debug][gc,phases      ] GC(18)     Total                          Min: 0, Avg:  0.0, Max: 0, Diff: 0, Sum: 0, Workers: 4
[65.465s][debug][gc,phases      ] GC(18)   StringTable Weak               Min:  0.0, Avg:  0.2, Max:  0.3, Diff:  0.3, Sum:  0.9, Workers: 4
[65.465s][debug][gc,phases      ] GC(18)     Dead                           Min: 0, Avg:  0.2, Max: 1, Diff: 1, Sum: 1, Workers: 4
[65.465s][debug][gc,phases      ] GC(18)     Total                          Min: 0, Avg: 10947.0, Max: 15616, Diff: 15616, Sum: 43788, Workers: 4
[65.465s][debug][gc,phases      ] GC(18)   ResolvedMethodTable Weak       Min:  0.0, Avg:  0.1, Max:  0.1, Diff:  0.1, Sum:  0.3, Workers: 4
[65.465s][debug][gc,phases      ] GC(18)     Dead                           Min: 0, Avg:  4.0, Max: 12, Diff: 12, Sum: 16, Workers: 4
[65.465s][debug][gc,phases      ] GC(18)     Total                          Min: 0, Avg: 2688.5, Max: 4098, Diff: 4098, Sum: 10754, Workers: 4
[65.465s][debug][gc,phases      ] GC(18)   JNI Weak                       Min:  0.0, Avg:  0.0, Max:  0.0, Diff:  0.0, Sum:  0.0, Workers: 4
[65.465s][debug][gc,phases      ] GC(18)     Dead                           Min: 0, Avg:  0.0, Max: 0, Diff: 0, Sum: 0, Workers: 4
[65.465s][debug][gc,phases      ] GC(18)     Total                          Min: 0, Avg: 12.0, Max: 48, Diff: 48, Sum: 48, Workers: 4
[65.465s][debug][gc,phases      ] GC(18)   StringDedup Table Weak         Min:  0.0, Avg:  0.0, Max:  0.0, Diff:  0.0, Sum:  0.0, Workers: 4
[65.465s][debug][gc,phases      ] GC(18)     Dead                           Min: 0, Avg:  0.0, Max: 0, Diff: 0, Sum: 0, Workers: 4
[65.465s][debug][gc,phases      ] GC(18)     Total                          Min: 0, Avg:  0.0, Max: 0, Diff: 0, Sum: 0, Workers: 4
[65.465s][debug][gc,phases      ] GC(18)   StringDedup Requests0 Weak     Min:  0.0, Avg:  0.0, Max:  0.0, Diff:  0.0, Sum:  0.0, Workers: 4
[65.465s][debug][gc,phases      ] GC(18)     Dead                           Min: 0, Avg:  0.0, Max: 0, Diff: 0, Sum: 0, Workers: 4
[65.465s][debug][gc,phases      ] GC(18)     Total                          Min: 0, Avg:  0.0, Max: 0, Diff: 0, Sum: 0, Workers: 4
[65.465s][debug][gc,phases      ] GC(18)   StringDedup Requests1 Weak     Min:  0.0, Avg:  0.0, Max:  0.0, Diff:  0.0, Sum:  0.0, Workers: 4
[65.465s][debug][gc,phases      ] GC(18)     Dead                           Min: 0, Avg:  0.0, Max: 0, Diff: 0, Sum: 0, Workers: 4
[65.465s][debug][gc,phases      ] GC(18)     Total                          Min: 0, Avg:  0.0, Max: 0, Diff: 0, Sum: 0, Workers: 4
[65.465s][debug][gc,phases      ] GC(18)   Weak JFR Old Object Samples    Min:  0.0, Avg:  0.0, Max:  0.0, Diff:  0.0, Sum:  0.0, Workers: 4
[65.465s][debug][gc,phases      ] GC(18)     Dead                           Min: 0, Avg:  0.0, Max: 0, Diff: 0, Sum: 0, Workers: 4
[65.465s][debug][gc,phases      ] GC(18)     Total                          Min: 0, Avg:  0.0, Max: 0, Diff: 0, Sum: 0, Workers: 4
[65.465s][debug][gc,phases      ] GC(18) Weak Processing 0.584ms
[65.465s][debug][gc,age         ] GC(18) Desired survivor size 456654848 bytes, new threshold 13 (max threshold 15)
[65.465s][info ][gc,heap        ] GC(18) PSYoungGen: 1393389K(1600000K)->273785K(1651200K) Eden: 1121792K(1121792K)->0K(1190400K) From: 271597K(478208K)->273785K(460800K)
[65.465s][info ][gc,heap        ] GC(18) ParOldGen: 150068K(229888K)->150076K(229888K)
[65.465s][info ][gc,metaspace   ] GC(18) Metaspace: 86154K(87232K)->86154K(87232K) NonClass: 73466K(74048K)->73466K(74048K) Class: 12688K(13184K)->12688K(13184K)
[65.465s][info ][gc             ] GC(18) Pause Young (Allocation Failure) 1507M->413M(1837M) 108.790ms
[65.465s][info ][gc,cpu         ] GC(18) User=0.36s Sys=0.00s Real=0.11s
[65.465s][info ][safepoint      ] Safepoint "ParallelGCFailedAllocation", Time since last: 712373481 ns, Reaching safepoint: 85700 ns, Cleanup: 19400 ns, At safepoint: 108867100 ns, Total: 108972200 ns
[66.887s][info ][safepoint      ] Safepoint "Cleanup", Time since last: 1421013427 ns, Reaching safepoint: 4900 ns, Cleanup: 138200 ns, At safepoint: 6200 ns, Total: 149300 ns
[67.887s][info ][safepoint      ] Safepoint "Cleanup", Time since last: 1000124135 ns, Reaching safepoint: 6100 ns, Cleanup: 21100 ns, At safepoint: 2100 ns, Total: 29300 ns
[68.887s][info ][safepoint      ] Safepoint "Cleanup", Time since last: 1000123141 ns, Reaching safepoint: 80300 ns, Cleanup: 217401 ns, At safepoint: 11200 ns, Total: 308901 ns
[69.887s][info ][safepoint      ] Safepoint "Cleanup", Time since last: 1000113241 ns, Reaching safepoint: 5600 ns, Cleanup: 49000 ns, At safepoint: 2500 ns, Total: 57100 ns
[70.888s][info ][safepoint      ] Safepoint "Cleanup", Time since last: 1000103740 ns, Reaching safepoint: 75401 ns, Cleanup: 54400 ns, At safepoint: 9100 ns, Total: 138901 ns
[71.888s][info ][safepoint      ] Safepoint "Cleanup", Time since last: 1000108541 ns, Reaching safepoint: 77900 ns, Cleanup: 115601 ns, At safepoint: 7900 ns, Total: 201401 ns
[72.888s][info ][safepoint      ] Safepoint "Cleanup", Time since last: 1000127240 ns, Reaching safepoint: 78101 ns, Cleanup: 113000 ns, At safepoint: 8200 ns, Total: 199301 ns
[73.806s][info ][gc,start       ] GC(19) Pause Young (Allocation Failure)
[73.886s][debug][gc,phases      ] GC(19) Scavenge 79.814ms
[73.886s][debug][gc,ref         ] GC(19) Skipped phase 1 of Reference Processing: no references
[73.886s][debug][gc,ref         ] GC(19) ReferenceProcessor::execute queues: 4, RefProcThreadModel::Multi, marks_oops_alive: false
[73.887s][debug][gc,ref         ] GC(19) Skipped phase 3 of Reference Processing: no references
[73.887s][debug][gc,ref         ] GC(19) ReferenceProcessor::execute queues: 1, RefProcThreadModel::Single, marks_oops_alive: false
[73.887s][debug][gc,phases      ] GC(19) Reference Processing 0.518ms
[73.887s][debug][gc,phases      ] GC(19)   VM Weak                        Min:  0.0, Avg:  0.0, Max:  0.0, Diff:  0.0, Sum:  0.0, Workers: 4
[73.887s][debug][gc,phases      ] GC(19)     Dead                           Min: 0, Avg:  0.0, Max: 0, Diff: 0, Sum: 0, Workers: 4
[73.887s][debug][gc,phases      ] GC(19)     Total                          Min: 0, Avg: 225.2, Max: 581, Diff: 581, Sum: 901, Workers: 4
[73.887s][debug][gc,phases      ] GC(19)   ObjectSynchronizer Weak        Min:  0.0, Avg:  0.0, Max:  0.0, Diff:  0.0, Sum:  0.0, Workers: 4
[73.887s][debug][gc,phases      ] GC(19)     Dead                           Min: 0, Avg:  0.0, Max: 0, Diff: 0, Sum: 0, Workers: 4
[73.887s][debug][gc,phases      ] GC(19)     Total                          Min: 0, Avg:  1.5, Max: 6, Diff: 6, Sum: 6, Workers: 4
[73.887s][debug][gc,phases      ] GC(19)   JVMTI Tag Weak OopStorage      Min:  0.0, Avg:  0.0, Max:  0.0, Diff:  0.0, Sum:  0.0, Workers: 4
[73.887s][debug][gc,phases      ] GC(19)     Dead                           Min: 0, Avg:  0.0, Max: 0, Diff: 0, Sum: 0, Workers: 4
[73.887s][debug][gc,phases      ] GC(19)     Total                          Min: 0, Avg:  0.0, Max: 0, Diff: 0, Sum: 0, Workers: 4
[73.887s][debug][gc,phases      ] GC(19)   StringTable Weak               Min:  0.0, Avg:  0.2, Max:  0.4, Diff:  0.4, Sum:  0.8, Workers: 4
[73.887s][debug][gc,phases      ] GC(19)     Dead                           Min: 0, Avg:  0.2, Max: 1, Diff: 1, Sum: 1, Workers: 4
[73.887s][debug][gc,phases      ] GC(19)     Total                          Min: 0, Avg: 10964.0, Max: 22144, Diff: 22144, Sum: 43856, Workers: 4
[73.887s][debug][gc,phases      ] GC(19)   ResolvedMethodTable Weak       Min:  0.0, Avg:  0.1, Max:  0.2, Diff:  0.2, Sum:  0.3, Workers: 4
[73.887s][debug][gc,phases      ] GC(19)     Dead                           Min: 0, Avg:  0.0, Max: 0, Diff: 0, Sum: 0, Workers: 4
[73.888s][debug][gc,phases      ] GC(19)     Total                          Min: 0, Avg: 2693.8, Max: 5527, Diff: 5527, Sum: 10775, Workers: 4
[73.888s][debug][gc,phases      ] GC(19)   JNI Weak                       Min:  0.0, Avg:  0.0, Max:  0.0, Diff:  0.0, Sum:  0.0, Workers: 4
[73.888s][debug][gc,phases      ] GC(19)     Dead                           Min: 0, Avg:  0.0, Max: 0, Diff: 0, Sum: 0, Workers: 4
[73.888s][debug][gc,phases      ] GC(19)     Total                          Min: 0, Avg: 12.0, Max: 48, Diff: 48, Sum: 48, Workers: 4
[73.888s][debug][gc,phases      ] GC(19)   StringDedup Table Weak         Min:  0.0, Avg:  0.0, Max:  0.0, Diff:  0.0, Sum:  0.0, Workers: 4
[73.888s][debug][gc,phases      ] GC(19)     Dead                           Min: 0, Avg:  0.0, Max: 0, Diff: 0, Sum: 0, Workers: 4
[73.888s][debug][gc,phases      ] GC(19)     Total                          Min: 0, Avg:  0.0, Max: 0, Diff: 0, Sum: 0, Workers: 4
[73.888s][debug][gc,phases      ] GC(19)   StringDedup Requests0 Weak     Min:  0.0, Avg:  0.0, Max:  0.0, Diff:  0.0, Sum:  0.0, Workers: 4
[73.888s][debug][gc,phases      ] GC(19)     Dead                           Min: 0, Avg:  0.0, Max: 0, Diff: 0, Sum: 0, Workers: 4
[73.888s][debug][gc,phases      ] GC(19)     Total                          Min: 0, Avg:  0.0, Max: 0, Diff: 0, Sum: 0, Workers: 4
[73.888s][debug][gc,phases      ] GC(19)   StringDedup Requests1 Weak     Min:  0.0, Avg:  0.0, Max:  0.0, Diff:  0.0, Sum:  0.0, Workers: 4
[73.888s][debug][gc,phases      ] GC(19)     Dead                           Min: 0, Avg:  0.0, Max: 0, Diff: 0, Sum: 0, Workers: 4
[73.888s][debug][gc,phases      ] GC(19)     Total                          Min: 0, Avg:  0.0, Max: 0, Diff: 0, Sum: 0, Workers: 4
[73.888s][debug][gc,phases      ] GC(19)   Weak JFR Old Object Samples    Min:  0.0, Avg:  0.0, Max:  0.0, Diff:  0.0, Sum:  0.0, Workers: 4
[73.888s][debug][gc,phases      ] GC(19)     Dead                           Min: 0, Avg:  0.0, Max: 0, Diff: 0, Sum: 0, Workers: 4
[73.888s][debug][gc,phases      ] GC(19)     Total                          Min: 0, Avg:  0.0, Max: 0, Diff: 0, Sum: 0, Workers: 4
[73.888s][debug][gc,phases      ] GC(19) Weak Processing 0.867ms
[73.888s][debug][gc,age         ] GC(19) Desired survivor size 443023360 bytes, new threshold 14 (max threshold 15)
[73.888s][info ][gc,heap        ] GC(19) PSYoungGen: 1464185K(1651200K)->273993K(1636352K) Eden: 1190400K(1190400K)->0K(1190400K) From: 273785K(460800K)->273993K(445952K)
[73.888s][info ][gc,heap        ] GC(19) ParOldGen: 150076K(229888K)->150084K(229888K)
[73.888s][info ][gc,metaspace   ] GC(19) Metaspace: 86378K(87488K)->86378K(87488K) NonClass: 73675K(74240K)->73675K(74240K) Class: 12703K(13248K)->12703K(13248K)
[73.888s][info ][gc             ] GC(19) Pause Young (Allocation Failure) 1576M->414M(1822M) 81.374ms
[73.888s][info ][gc,cpu         ] GC(19) User=0.26s Sys=0.00s Real=0.08s
[73.888s][info ][safepoint      ] Safepoint "ParallelGCFailedAllocation", Time since last: 917981802 ns, Reaching safepoint: 79901 ns, Cleanup: 68300 ns, At safepoint: 81459535 ns, Total: 81607736 ns
[74.888s][info ][safepoint      ] Safepoint "Cleanup", Time since last: 1000087440 ns, Reaching safepoint: 4900 ns, Cleanup: 32000 ns, At safepoint: 1600 ns, Total: 38500 ns
[75.888s][info ][safepoint      ] Safepoint "Cleanup", Time since last: 1000102560 ns, Reaching safepoint: 5400 ns, Cleanup: 54801 ns, At safepoint: 1700 ns, Total: 61901 ns
[76.888s][info ][safepoint      ] Safepoint "Cleanup", Time since last: 1000097195 ns, Reaching safepoint: 5100 ns, Cleanup: 108501 ns, At safepoint: 7300 ns, Total: 120901 ns
[77.888s][info ][safepoint      ] Safepoint "Cleanup", Time since last: 1000102796 ns, Reaching safepoint: 6900 ns, Cleanup: 32000 ns, At safepoint: 2200 ns, Total: 41100 ns
[78.889s][info ][safepoint      ] Safepoint "Cleanup", Time since last: 1000100496 ns, Reaching safepoint: 4400 ns, Cleanup: 49000 ns, At safepoint: 8100 ns, Total: 61500 ns
[79.889s][info ][safepoint      ] Safepoint "Cleanup", Time since last: 1000119496 ns, Reaching safepoint: 77000 ns, Cleanup: 54900 ns, At safepoint: 14200 ns, Total: 146100 ns
[80.889s][info ][safepoint      ] Safepoint "Cleanup", Time since last: 1000107196 ns, Reaching safepoint: 5500 ns, Cleanup: 35700 ns, At safepoint: 1900 ns, Total: 43100 ns
[82.807s][info ][gc,start       ] GC(20) Pause Young (Allocation Failure)
[82.896s][debug][gc,phases      ] GC(20) Scavenge 89.356ms
[82.896s][debug][gc,ref         ] GC(20) Skipped phase 1 of Reference Processing: no references
[82.896s][debug][gc,ref         ] GC(20) ReferenceProcessor::execute queues: 4, RefProcThreadModel::Multi, marks_oops_alive: false
[82.897s][debug][gc,ref         ] GC(20) Skipped phase 3 of Reference Processing: no references
[82.897s][debug][gc,ref         ] GC(20) ReferenceProcessor::execute queues: 1, RefProcThreadModel::Single, marks_oops_alive: false
[82.897s][debug][gc,phases      ] GC(20) Reference Processing 0.478ms
[82.897s][debug][gc,phases      ] GC(20)   VM Weak                        Min:  0.0, Avg:  0.0, Max:  0.0, Diff:  0.0, Sum:  0.0, Workers: 4
[82.897s][debug][gc,phases      ] GC(20)     Dead                           Min: 0, Avg:  0.0, Max: 0, Diff: 0, Sum: 0, Workers: 4
[82.897s][debug][gc,phases      ] GC(20)     Total                          Min: 0, Avg: 225.2, Max: 517, Diff: 517, Sum: 901, Workers: 4
[82.897s][debug][gc,phases      ] GC(20)   ObjectSynchronizer Weak        Min:  0.0, Avg:  0.0, Max:  0.0, Diff:  0.0, Sum:  0.0, Workers: 4
[82.897s][debug][gc,phases      ] GC(20)     Dead                           Min: 0, Avg:  0.0, Max: 0, Diff: 0, Sum: 0, Workers: 4
[82.897s][debug][gc,phases      ] GC(20)     Total                          Min: 0, Avg:  1.5, Max: 6, Diff: 6, Sum: 6, Workers: 4
[82.897s][debug][gc,phases      ] GC(20)   JVMTI Tag Weak OopStorage      Min:  0.0, Avg:  0.0, Max:  0.0, Diff:  0.0, Sum:  0.0, Workers: 4
[82.897s][debug][gc,phases      ] GC(20)     Dead                           Min: 0, Avg:  0.0, Max: 0, Diff: 0, Sum: 0, Workers: 4
[82.897s][debug][gc,phases      ] GC(20)     Total                          Min: 0, Avg:  0.0, Max: 0, Diff: 0, Sum: 0, Workers: 4
[82.897s][debug][gc,phases      ] GC(20)   StringTable Weak               Min:  0.0, Avg:  0.2, Max:  0.3, Diff:  0.3, Sum:  0.8, Workers: 4
[82.897s][debug][gc,phases      ] GC(20)     Dead                           Min: 0, Avg:  0.2, Max: 1, Diff: 1, Sum: 1, Workers: 4
[82.897s][debug][gc,phases      ] GC(20)     Total                          Min: 0, Avg: 10965.8, Max: 15000, Diff: 15000, Sum: 43863, Workers: 4
[82.897s][debug][gc,phases      ] GC(20)   ResolvedMethodTable Weak       Min:  0.0, Avg:  0.1, Max:  0.1, Diff:  0.1, Sum:  0.3, Workers: 4
[82.897s][debug][gc,phases      ] GC(20)     Dead                           Min: 0, Avg:  0.0, Max: 0, Diff: 0, Sum: 0, Workers: 4
[82.897s][debug][gc,phases      ] GC(20)     Total                          Min: 0, Avg: 2694.5, Max: 3839, Diff: 3839, Sum: 10778, Workers: 4
[82.897s][debug][gc,phases      ] GC(20)   JNI Weak                       Min:  0.0, Avg:  0.0, Max:  0.0, Diff:  0.0, Sum:  0.0, Workers: 4
[82.897s][debug][gc,phases      ] GC(20)     Dead                           Min: 0, Avg:  0.0, Max: 0, Diff: 0, Sum: 0, Workers: 4
[82.897s][debug][gc,phases      ] GC(20)     Total                          Min: 0, Avg: 12.0, Max: 48, Diff: 48, Sum: 48, Workers: 4
[82.897s][debug][gc,phases      ] GC(20)   StringDedup Table Weak         Min:  0.0, Avg:  0.0, Max:  0.0, Diff:  0.0, Sum:  0.0, Workers: 4
[82.897s][debug][gc,phases      ] GC(20)     Dead                           Min: 0, Avg:  0.0, Max: 0, Diff: 0, Sum: 0, Workers: 4
[82.897s][debug][gc,phases      ] GC(20)     Total                          Min: 0, Avg:  0.0, Max: 0, Diff: 0, Sum: 0, Workers: 4
[82.897s][debug][gc,phases      ] GC(20)   StringDedup Requests0 Weak     Min:  0.0, Avg:  0.0, Max:  0.0, Diff:  0.0, Sum:  0.0, Workers: 4
[82.897s][debug][gc,phases      ] GC(20)     Dead                           Min: 0, Avg:  0.0, Max: 0, Diff: 0, Sum: 0, Workers: 4
[82.897s][debug][gc,phases      ] GC(20)     Total                          Min: 0, Avg:  0.0, Max: 0, Diff: 0, Sum: 0, Workers: 4
[82.897s][debug][gc,phases      ] GC(20)   StringDedup Requests1 Weak     Min:  0.0, Avg:  0.0, Max:  0.0, Diff:  0.0, Sum:  0.0, Workers: 4
[82.897s][debug][gc,phases      ] GC(20)     Dead                           Min: 0, Avg:  0.0, Max: 0, Diff: 0, Sum: 0, Workers: 4
[82.897s][debug][gc,phases      ] GC(20)     Total                          Min: 0, Avg:  0.0, Max: 0, Diff: 0, Sum: 0, Workers: 4
[82.897s][debug][gc,phases      ] GC(20)   Weak JFR Old Object Samples    Min:  0.0, Avg:  0.0, Max:  0.0, Diff:  0.0, Sum:  0.0, Workers: 4
[82.898s][debug][gc,phases      ] GC(20)     Dead                           Min: 0, Avg:  0.0, Max: 0, Diff: 0, Sum: 0, Workers: 4
[82.898s][debug][gc,phases      ] GC(20)     Total                          Min: 0, Avg:  0.0, Max: 0, Diff: 0, Sum: 0, Workers: 4
[82.898s][debug][gc,phases      ] GC(20) Weak Processing 0.697ms
[82.898s][debug][gc,age         ] GC(20) Desired survivor size 429916160 bytes, new threshold 15 (max threshold 15)
[82.898s][info ][gc,heap        ] GC(20) PSYoungGen: 1464393K(1636352K)->274371K(1677312K) Eden: 1190400K(1190400K)->0K(1244672K) From: 273993K(445952K)->274371K(432640K)
[82.898s][info ][gc,heap        ] GC(20) ParOldGen: 150084K(229888K)->150092K(229888K)
[82.898s][info ][gc,metaspace   ] GC(20) Metaspace: 86424K(87552K)->86424K(87552K) NonClass: 73719K(74304K)->73719K(74304K) Class: 12705K(13248K)->12705K(13248K)
[82.898s][info ][gc             ] GC(20) Pause Young (Allocation Failure) 1576M->414M(1862M) 90.686ms
[82.898s][info ][gc,cpu         ] GC(20) User=0.27s Sys=0.02s Real=0.10s
[82.898s][info ][safepoint      ] Safepoint "ParallelGCFailedAllocation", Time since last: 1917816372 ns, Reaching safepoint: 72800 ns, Cleanup: 11700 ns, At safepoint: 90778563 ns, Total: 90863063 ns
[83.898s][info ][safepoint      ] Safepoint "Cleanup", Time since last: 1000098353 ns, Reaching safepoint: 80600 ns, Cleanup: 65901 ns, At safepoint: 8000 ns, Total: 154501 ns
[84.898s][info ][safepoint      ] Safepoint "Cleanup", Time since last: 1000104508 ns, Reaching safepoint: 4700 ns, Cleanup: 50300 ns, At safepoint: 6400 ns, Total: 61400 ns
[85.898s][info ][safepoint      ] Safepoint "Cleanup", Time since last: 1000117708 ns, Reaching safepoint: 79301 ns, Cleanup: 22900 ns, At safepoint: 6200 ns, Total: 108401 ns
[86.898s][info ][safepoint      ] Safepoint "Cleanup", Time since last: 1000098408 ns, Reaching safepoint: 5000 ns, Cleanup: 20300 ns, At safepoint: 1700 ns, Total: 27000 ns
[87.899s][info ][safepoint      ] Safepoint "Cleanup", Time since last: 1000110408 ns, Reaching safepoint: 75001 ns, Cleanup: 12100 ns, At safepoint: 6400 ns, Total: 93501 ns
[88.899s][info ][safepoint      ] Safepoint "Cleanup", Time since last: 1000108108 ns, Reaching safepoint: 4400 ns, Cleanup: 55300 ns, At safepoint: 1700 ns, Total: 61400 ns
[89.899s][info ][safepoint      ] Safepoint "Cleanup", Time since last: 1000102108 ns, Reaching safepoint: 6200 ns, Cleanup: 12300 ns, At safepoint: 2101 ns, Total: 20601 ns
[90.899s][info ][safepoint      ] Safepoint "Cleanup", Time since last: 1000118108 ns, Reaching safepoint: 4900 ns, Cleanup: 14000 ns, At safepoint: 1700 ns, Total: 20600 ns
[91.899s][info ][safepoint      ] Safepoint "Cleanup", Time since last: 1000096218 ns, Reaching safepoint: 4300 ns, Cleanup: 31100 ns, At safepoint: 1700 ns, Total: 37100 ns
[92.360s][info ][gc,start       ] GC(21) Pause Young (Allocation Failure)
[92.442s][debug][gc,phases      ] GC(21) Scavenge 82.550ms
[92.442s][debug][gc,ref         ] GC(21) Skipped phase 1 of Reference Processing: no references
[92.443s][debug][gc,ref         ] GC(21) ReferenceProcessor::execute queues: 4, RefProcThreadModel::Multi, marks_oops_alive: false
[92.443s][debug][gc,ref         ] GC(21) Skipped phase 3 of Reference Processing: no references
[92.443s][debug][gc,ref         ] GC(21) ReferenceProcessor::execute queues: 1, RefProcThreadModel::Single, marks_oops_alive: false
[92.443s][debug][gc,phases      ] GC(21) Reference Processing 0.480ms
[92.443s][debug][gc,phases      ] GC(21)   VM Weak                        Min:  0.0, Avg:  0.0, Max:  0.0, Diff:  0.0, Sum:  0.0, Workers: 4
[92.443s][debug][gc,phases      ] GC(21)     Dead                           Min: 0, Avg:  0.0, Max: 0, Diff: 0, Sum: 0, Workers: 4
[92.443s][debug][gc,phases      ] GC(21)     Total                          Min: 0, Avg: 225.2, Max: 581, Diff: 581, Sum: 901, Workers: 4
[92.443s][debug][gc,phases      ] GC(21)   ObjectSynchronizer Weak        Min:  0.0, Avg:  0.0, Max:  0.0, Diff:  0.0, Sum:  0.0, Workers: 4
[92.443s][debug][gc,phases      ] GC(21)     Dead                           Min: 0, Avg:  0.0, Max: 0, Diff: 0, Sum: 0, Workers: 4
[92.443s][debug][gc,phases      ] GC(21)     Total                          Min: 0, Avg:  1.5, Max: 6, Diff: 6, Sum: 6, Workers: 4
[92.443s][debug][gc,phases      ] GC(21)   JVMTI Tag Weak OopStorage      Min:  0.0, Avg:  0.0, Max:  0.0, Diff:  0.0, Sum:  0.0, Workers: 4
[92.443s][debug][gc,phases      ] GC(21)     Dead                           Min: 0, Avg:  0.0, Max: 0, Diff: 0, Sum: 0, Workers: 4
[92.443s][debug][gc,phases      ] GC(21)     Total                          Min: 0, Avg:  0.0, Max: 0, Diff: 0, Sum: 0, Workers: 4
[92.443s][debug][gc,phases      ] GC(21)   StringTable Weak               Min:  0.0, Avg:  0.2, Max:  0.3, Diff:  0.3, Sum:  0.8, Workers: 4
[92.443s][debug][gc,phases      ] GC(21)     Dead                           Min: 0, Avg:  0.2, Max: 1, Diff: 1, Sum: 1, Workers: 4
[92.443s][debug][gc,phases      ] GC(21)     Total                          Min: 0, Avg: 10979.0, Max: 15808, Diff: 15808, Sum: 43916, Workers: 4
[92.443s][debug][gc,phases      ] GC(21)   ResolvedMethodTable Weak       Min:  0.0, Avg:  0.1, Max:  0.1, Diff:  0.1, Sum:  0.3, Workers: 4
[92.443s][debug][gc,phases      ] GC(21)     Dead                           Min: 0, Avg:  0.0, Max: 0, Diff: 0, Sum: 0, Workers: 4
[92.443s][debug][gc,phases      ] GC(21)     Total                          Min: 0, Avg: 2701.2, Max: 3894, Diff: 3894, Sum: 10805, Workers: 4
[92.443s][debug][gc,phases      ] GC(21)   JNI Weak                       Min:  0.0, Avg:  0.0, Max:  0.0, Diff:  0.0, Sum:  0.0, Workers: 4
[92.443s][debug][gc,phases      ] GC(21)     Dead                           Min: 0, Avg:  0.0, Max: 0, Diff: 0, Sum: 0, Workers: 4
[92.443s][debug][gc,phases      ] GC(21)     Total                          Min: 0, Avg: 12.0, Max: 48, Diff: 48, Sum: 48, Workers: 4
[92.443s][debug][gc,phases      ] GC(21)   StringDedup Table Weak         Min:  0.0, Avg:  0.0, Max:  0.0, Diff:  0.0, Sum:  0.0, Workers: 4
[92.443s][debug][gc,phases      ] GC(21)     Dead                           Min: 0, Avg:  0.0, Max: 0, Diff: 0, Sum: 0, Workers: 4
[92.443s][debug][gc,phases      ] GC(21)     Total                          Min: 0, Avg:  0.0, Max: 0, Diff: 0, Sum: 0, Workers: 4
[92.443s][debug][gc,phases      ] GC(21)   StringDedup Requests0 Weak     Min:  0.0, Avg:  0.0, Max:  0.0, Diff:  0.0, Sum:  0.0, Workers: 4
[92.443s][debug][gc,phases      ] GC(21)     Dead                           Min: 0, Avg:  0.0, Max: 0, Diff: 0, Sum: 0, Workers: 4
[92.443s][debug][gc,phases      ] GC(21)     Total                          Min: 0, Avg:  0.0, Max: 0, Diff: 0, Sum: 0, Workers: 4
[92.443s][debug][gc,phases      ] GC(21)   StringDedup Requests1 Weak     Min:  0.0, Avg:  0.0, Max:  0.0, Diff:  0.0, Sum:  0.0, Workers: 4
[92.443s][debug][gc,phases      ] GC(21)     Dead                           Min: 0, Avg:  0.0, Max: 0, Diff: 0, Sum: 0, Workers: 4
[92.443s][debug][gc,phases      ] GC(21)     Total                          Min: 0, Avg:  0.0, Max: 0, Diff: 0, Sum: 0, Workers: 4
[92.443s][debug][gc,phases      ] GC(21)   Weak JFR Old Object Samples    Min:  0.0, Avg:  0.0, Max:  0.0, Diff:  0.0, Sum:  0.0, Workers: 4
[92.443s][debug][gc,phases      ] GC(21)     Dead                           Min: 0, Avg:  0.0, Max: 0, Diff: 0, Sum: 0, Workers: 4
[92.443s][debug][gc,phases      ] GC(21)     Total                          Min: 0, Avg:  0.0, Max: 0, Diff: 0, Sum: 0, Workers: 4
[92.443s][debug][gc,phases      ] GC(21) Weak Processing 0.547ms
[92.443s][debug][gc,age         ] GC(21) Desired survivor size 418381824 bytes, new threshold 15 (max threshold 15)
[92.443s][info ][gc,heap        ] GC(21) PSYoungGen: 1519043K(1677312K)->274663K(1664512K) Eden: 1244672K(1244672K)->0K(1244672K) From: 274371K(432640K)->274663K(419840K)
[92.443s][info ][gc,heap        ] GC(21) ParOldGen: 150092K(229888K)->150100K(229888K)
[92.443s][info ][gc,metaspace   ] GC(21) Metaspace: 86660K(87808K)->86660K(87808K) NonClass: 73932K(74560K)->73932K(74560K) Class: 12728K(13248K)->12728K(13248K)
[92.443s][info ][gc             ] GC(21) Pause Young (Allocation Failure) 1630M->414M(1850M) 83.693ms
[92.443s][info ][gc,cpu         ] GC(21) User=0.26s Sys=0.00s Real=0.08s
[92.444s][info ][safepoint      ] Safepoint "ParallelGCFailedAllocation", Time since last: 460534725 ns, Reaching safepoint: 4600 ns, Cleanup: 12700 ns, At safepoint: 83776623 ns, Total: 83793923 ns
[93.444s][info ][safepoint      ] Safepoint "Cleanup", Time since last: 1000075449 ns, Reaching safepoint: 3800 ns, Cleanup: 10200 ns, At safepoint: 1600 ns, Total: 15600 ns
[95.428s][info ][safepoint      ] Safepoint "Cleanup", Time since last: 1984376918 ns, Reaching safepoint: 4300 ns, Cleanup: 53301 ns, At safepoint: 6000 ns, Total: 63601 ns
[96.428s][info ][safepoint      ] Safepoint "Cleanup", Time since last: 1000106549 ns, Reaching safepoint: 6000 ns, Cleanup: 16100 ns, At safepoint: 2300 ns, Total: 24400 ns
[97.428s][info ][safepoint      ] Safepoint "Cleanup", Time since last: 1000125549 ns, Reaching safepoint: 5500 ns, Cleanup: 11900 ns, At safepoint: 2300 ns, Total: 19700 ns
[98.428s][info ][safepoint      ] Safepoint "Cleanup", Time since last: 1000143849 ns, Reaching safepoint: 5900 ns, Cleanup: 17500 ns, At safepoint: 2500 ns, Total: 25900 ns
[99.429s][info ][safepoint      ] Safepoint "Cleanup", Time since last: 1000126491 ns, Reaching safepoint: 7200 ns, Cleanup: 18200 ns, At safepoint: 3000 ns, Total: 28400 ns
[100.429s][info ][safepoint      ] Safepoint "Cleanup", Time since last: 1000115713 ns, Reaching safepoint: 7000 ns, Cleanup: 33000 ns, At safepoint: 3000 ns, Total: 43000 ns
[101.291s][info ][gc,start       ] GC(22) Pause Young (Allocation Failure)
[101.386s][debug][gc,phases      ] GC(22) Scavenge 94.290ms
[101.386s][debug][gc,ref         ] GC(22) Skipped phase 1 of Reference Processing: no references
[101.386s][debug][gc,ref         ] GC(22) ReferenceProcessor::execute queues: 4, RefProcThreadModel::Multi, marks_oops_alive: false
[101.386s][debug][gc,ref         ] GC(22) Skipped phase 3 of Reference Processing: no references
[101.386s][debug][gc,ref         ] GC(22) ReferenceProcessor::execute queues: 1, RefProcThreadModel::Single, marks_oops_alive: false
[101.386s][debug][gc,phases      ] GC(22) Reference Processing 0.610ms
[101.387s][debug][gc,phases      ] GC(22)   VM Weak                        Min:  0.0, Avg:  0.0, Max:  0.0, Diff:  0.0, Sum:  0.0, Workers: 4
[101.387s][debug][gc,phases      ] GC(22)     Dead                           Min: 0, Avg:  0.0, Max: 0, Diff: 0, Sum: 0, Workers: 4
[101.387s][debug][gc,phases      ] GC(22)     Total                          Min: 0, Avg: 225.2, Max: 581, Diff: 581, Sum: 901, Workers: 4
[101.387s][debug][gc,phases      ] GC(22)   ObjectSynchronizer Weak        Min:  0.0, Avg:  0.0, Max:  0.0, Diff:  0.0, Sum:  0.0, Workers: 4
[101.387s][debug][gc,phases      ] GC(22)     Dead                           Min: 0, Avg:  0.0, Max: 0, Diff: 0, Sum: 0, Workers: 4
[101.387s][debug][gc,phases      ] GC(22)     Total                          Min: 0, Avg:  1.5, Max: 6, Diff: 6, Sum: 6, Workers: 4
[101.387s][debug][gc,phases      ] GC(22)   JVMTI Tag Weak OopStorage      Min:  0.0, Avg:  0.0, Max:  0.0, Diff:  0.0, Sum:  0.0, Workers: 4
[101.387s][debug][gc,phases      ] GC(22)     Dead                           Min: 0, Avg:  0.0, Max: 0, Diff: 0, Sum: 0, Workers: 4
[101.387s][debug][gc,phases      ] GC(22)     Total                          Min: 0, Avg:  0.0, Max: 0, Diff: 0, Sum: 0, Workers: 4
[101.387s][debug][gc,phases      ] GC(22)   StringTable Weak               Min:  0.0, Avg:  0.2, Max:  0.3, Diff:  0.3, Sum:  0.8, Workers: 4
[101.387s][debug][gc,phases      ] GC(22)     Dead                           Min: 0, Avg:  0.0, Max: 0, Diff: 0, Sum: 0, Workers: 4
[101.387s][debug][gc,phases      ] GC(22)     Total                          Min: 0, Avg: 10982.0, Max: 15000, Diff: 15000, Sum: 43928, Workers: 4
[101.387s][debug][gc,phases      ] GC(22)   ResolvedMethodTable Weak       Min:  0.0, Avg:  0.1, Max:  0.1, Diff:  0.1, Sum:  0.3, Workers: 4
[101.387s][debug][gc,phases      ] GC(22)     Dead                           Min: 0, Avg:  0.2, Max: 1, Diff: 1, Sum: 1, Workers: 4
[101.387s][debug][gc,phases      ] GC(22)     Total                          Min: 0, Avg: 2701.5, Max: 3840, Diff: 3840, Sum: 10806, Workers: 4
[101.387s][debug][gc,phases      ] GC(22)   JNI Weak                       Min:  0.0, Avg:  0.0, Max:  0.0, Diff:  0.0, Sum:  0.0, Workers: 4
[101.387s][debug][gc,phases      ] GC(22)     Dead                           Min: 0, Avg:  0.0, Max: 0, Diff: 0, Sum: 0, Workers: 4
[101.387s][debug][gc,phases      ] GC(22)     Total                          Min: 0, Avg: 13.5, Max: 48, Diff: 48, Sum: 54, Workers: 4
[101.387s][debug][gc,phases      ] GC(22)   StringDedup Table Weak         Min:  0.0, Avg:  0.0, Max:  0.0, Diff:  0.0, Sum:  0.0, Workers: 4
[101.387s][debug][gc,phases      ] GC(22)     Dead                           Min: 0, Avg:  0.0, Max: 0, Diff: 0, Sum: 0, Workers: 4
[101.387s][debug][gc,phases      ] GC(22)     Total                          Min: 0, Avg:  0.0, Max: 0, Diff: 0, Sum: 0, Workers: 4
[101.387s][debug][gc,phases      ] GC(22)   StringDedup Requests0 Weak     Min:  0.0, Avg:  0.0, Max:  0.0, Diff:  0.0, Sum:  0.0, Workers: 4
[101.387s][debug][gc,phases      ] GC(22)     Dead                           Min: 0, Avg:  0.0, Max: 0, Diff: 0, Sum: 0, Workers: 4
[101.387s][debug][gc,phases      ] GC(22)     Total                          Min: 0, Avg:  0.0, Max: 0, Diff: 0, Sum: 0, Workers: 4
[101.387s][debug][gc,phases      ] GC(22)   StringDedup Requests1 Weak     Min:  0.0, Avg:  0.0, Max:  0.0, Diff:  0.0, Sum:  0.0, Workers: 4
[101.387s][debug][gc,phases      ] GC(22)     Dead                           Min: 0, Avg:  0.0, Max: 0, Diff: 0, Sum: 0, Workers: 4
[101.387s][debug][gc,phases      ] GC(22)     Total                          Min: 0, Avg:  0.0, Max: 0, Diff: 0, Sum: 0, Workers: 4
[101.387s][debug][gc,phases      ] GC(22)   Weak JFR Old Object Samples    Min:  0.0, Avg:  0.0, Max:  0.0, Diff:  0.0, Sum:  0.0, Workers: 4
[101.387s][debug][gc,phases      ] GC(22)     Dead                           Min: 0, Avg:  0.0, Max: 0, Diff: 0, Sum: 0, Workers: 4
[101.387s][debug][gc,phases      ] GC(22)     Total                          Min: 0, Avg:  0.0, Max: 0, Diff: 0, Sum: 0, Workers: 4
[101.387s][debug][gc,phases      ] GC(22) Weak Processing 0.666ms
[101.387s][debug][gc,age         ] GC(22) Desired survivor size 404226048 bytes, new threshold 15 (max threshold 15)
[101.387s][info ][gc,heap        ] GC(22) PSYoungGen: 1519316K(1664512K)->266464K(1702400K) Eden: 1244652K(1244672K)->0K(1293824K) From: 274663K(419840K)->266464K(408576K)
[101.387s][info ][gc,heap        ] GC(22) ParOldGen: 150100K(229888K)->166299K(229888K)
[101.387s][info ][gc,metaspace   ] GC(22) Metaspace: 86695K(87808K)->86695K(87808K) NonClass: 73966K(74560K)->73966K(74560K) Class: 12728K(13248K)->12728K(13248K)
[101.387s][info ][gc             ] GC(22) Pause Young (Allocation Failure) 1630M->422M(1887M) 95.737ms
[101.387s][info ][gc,cpu         ] GC(22) User=0.31s Sys=0.00s Real=0.09s
[101.387s][info ][safepoint      ] Safepoint "ParallelGCFailedAllocation", Time since last: 862407296 ns, Reaching safepoint: 81300 ns, Cleanup: 55100 ns, At safepoint: 95842000 ns, Total: 95978400 ns
[102.387s][info ][safepoint      ] Safepoint "Cleanup", Time since last: 1000090213 ns, Reaching safepoint: 4400 ns, Cleanup: 46800 ns, At safepoint: 4600 ns, Total: 55800 ns
[104.378s][info ][safepoint      ] Safepoint "Cleanup", Time since last: 1990748377 ns, Reaching safepoint: 4300 ns, Cleanup: 54700 ns, At safepoint: 2300 ns, Total: 61300 ns
[105.378s][info ][safepoint      ] Safepoint "Cleanup", Time since last: 1000127814 ns, Reaching safepoint: 85300 ns, Cleanup: 14500 ns, At safepoint: 9000 ns, Total: 108800 ns
[106.379s][info ][safepoint      ] Safepoint "Cleanup", Time since last: 1000123713 ns, Reaching safepoint: 6600 ns, Cleanup: 37700 ns, At safepoint: 10300 ns, Total: 54600 ns
[107.379s][info ][safepoint      ] Safepoint "Cleanup", Time since last: 1000111602 ns, Reaching safepoint: 4800 ns, Cleanup: 15600 ns, At safepoint: 1900 ns, Total: 22300 ns
[108.379s][info ][safepoint      ] Safepoint "Cleanup", Time since last: 1000117954 ns, Reaching safepoint: 5400 ns, Cleanup: 9300 ns, At safepoint: 1900 ns, Total: 16600 ns
[109.379s][info ][safepoint      ] Safepoint "Cleanup", Time since last: 1000102154 ns, Reaching safepoint: 4200 ns, Cleanup: 10200 ns, At safepoint: 2000 ns, Total: 16400 ns
[110.379s][info ][safepoint      ] Safepoint "Cleanup", Time since last: 1000099753 ns, Reaching safepoint: 4201 ns, Cleanup: 10600 ns, At safepoint: 1700 ns, Total: 16501 ns
[111.050s][info ][gc,start       ] GC(23) Pause Young (Allocation Failure)
[111.127s][debug][gc,phases      ] GC(23) Scavenge 76.322ms
[111.127s][debug][gc,ref         ] GC(23) Skipped phase 1 of Reference Processing: no references
[111.127s][debug][gc,ref         ] GC(23) ReferenceProcessor::execute queues: 3, RefProcThreadModel::Multi, marks_oops_alive: false
[111.127s][debug][gc,ref         ] GC(23) Skipped phase 3 of Reference Processing: no references
[111.127s][debug][gc,ref         ] GC(23) ReferenceProcessor::execute queues: 1, RefProcThreadModel::Single, marks_oops_alive: false
[111.127s][debug][gc,phases      ] GC(23) Reference Processing 0.314ms
[111.127s][debug][gc,phases      ] GC(23)   VM Weak                        Min:  0.0, Avg:  0.0, Max:  0.0, Diff:  0.0, Sum:  0.0, Workers: 4
[111.127s][debug][gc,phases      ] GC(23)     Dead                           Min: 0, Avg:  0.0, Max: 0, Diff: 0, Sum: 0, Workers: 4
[111.127s][debug][gc,phases      ] GC(23)     Total                          Min: 0, Avg: 225.2, Max: 517, Diff: 517, Sum: 901, Workers: 4
[111.127s][debug][gc,phases      ] GC(23)   ObjectSynchronizer Weak        Min:  0.0, Avg:  0.0, Max:  0.0, Diff:  0.0, Sum:  0.0, Workers: 4
[111.127s][debug][gc,phases      ] GC(23)     Dead                           Min: 0, Avg:  0.0, Max: 0, Diff: 0, Sum: 0, Workers: 4
[111.127s][debug][gc,phases      ] GC(23)     Total                          Min: 0, Avg:  1.5, Max: 6, Diff: 6, Sum: 6, Workers: 4
[111.127s][debug][gc,phases      ] GC(23)   JVMTI Tag Weak OopStorage      Min:  0.0, Avg:  0.0, Max:  0.0, Diff:  0.0, Sum:  0.0, Workers: 4
[111.127s][debug][gc,phases      ] GC(23)     Dead                           Min: 0, Avg:  0.0, Max: 0, Diff: 0, Sum: 0, Workers: 4
[111.127s][debug][gc,phases      ] GC(23)     Total                          Min: 0, Avg:  0.0, Max: 0, Diff: 0, Sum: 0, Workers: 4
[111.127s][debug][gc,phases      ] GC(23)   StringTable Weak               Min:  0.0, Avg:  0.1, Max:  0.2, Diff:  0.2, Sum:  0.6, Workers: 4
[111.127s][debug][gc,phases      ] GC(23)     Dead                           Min: 0, Avg:  0.0, Max: 0, Diff: 0, Sum: 0, Workers: 4
[111.127s][debug][gc,phases      ] GC(23)     Total                          Min: 0, Avg: 10988.5, Max: 14912, Diff: 14912, Sum: 43954, Workers: 4
[111.127s][debug][gc,phases      ] GC(23)   ResolvedMethodTable Weak       Min:  0.0, Avg:  0.1, Max:  0.1, Diff:  0.1, Sum:  0.2, Workers: 4
[111.127s][debug][gc,phases      ] GC(23)     Dead                           Min: 0, Avg:  0.0, Max: 0, Diff: 0, Sum: 0, Workers: 4
[111.127s][debug][gc,phases      ] GC(23)     Total                          Min: 0, Avg: 2702.0, Max: 3832, Diff: 3832, Sum: 10808, Workers: 4
[111.127s][debug][gc,phases      ] GC(23)   JNI Weak                       Min:  0.0, Avg:  0.0, Max:  0.0, Diff:  0.0, Sum:  0.0, Workers: 4
[111.127s][debug][gc,phases      ] GC(23)     Dead                           Min: 0, Avg:  0.0, Max: 0, Diff: 0, Sum: 0, Workers: 4
[111.127s][debug][gc,phases      ] GC(23)     Total                          Min: 0, Avg: 12.0, Max: 48, Diff: 48, Sum: 48, Workers: 4
[111.127s][debug][gc,phases      ] GC(23)   StringDedup Table Weak         Min:  0.0, Avg:  0.0, Max:  0.0, Diff:  0.0, Sum:  0.0, Workers: 4
[111.127s][debug][gc,phases      ] GC(23)     Dead                           Min: 0, Avg:  0.0, Max: 0, Diff: 0, Sum: 0, Workers: 4
[111.127s][debug][gc,phases      ] GC(23)     Total                          Min: 0, Avg:  0.0, Max: 0, Diff: 0, Sum: 0, Workers: 4
[111.127s][debug][gc,phases      ] GC(23)   StringDedup Requests0 Weak     Min:  0.0, Avg:  0.0, Max:  0.0, Diff:  0.0, Sum:  0.0, Workers: 4
[111.127s][debug][gc,phases      ] GC(23)     Dead                           Min: 0, Avg:  0.0, Max: 0, Diff: 0, Sum: 0, Workers: 4
[111.127s][debug][gc,phases      ] GC(23)     Total                          Min: 0, Avg:  0.0, Max: 0, Diff: 0, Sum: 0, Workers: 4
[111.127s][debug][gc,phases      ] GC(23)   StringDedup Requests1 Weak     Min:  0.0, Avg:  0.0, Max:  0.0, Diff:  0.0, Sum:  0.0, Workers: 4
[111.127s][debug][gc,phases      ] GC(23)     Dead                           Min: 0, Avg:  0.0, Max: 0, Diff: 0, Sum: 0, Workers: 4
[111.127s][debug][gc,phases      ] GC(23)     Total                          Min: 0, Avg:  0.0, Max: 0, Diff: 0, Sum: 0, Workers: 4
[111.127s][debug][gc,phases      ] GC(23)   Weak JFR Old Object Samples    Min:  0.0, Avg:  0.0, Max:  0.0, Diff:  0.0, Sum:  0.0, Workers: 4
[111.127s][debug][gc,phases      ] GC(23)     Dead                           Min: 0, Avg:  0.0, Max: 0, Diff: 0, Sum: 0, Workers: 4
[111.127s][debug][gc,phases      ] GC(23)     Total                          Min: 0, Avg:  0.0, Max: 0, Diff: 0, Sum: 0, Workers: 4
[111.127s][debug][gc,phases      ] GC(23) Weak Processing 0.443ms
[111.127s][debug][gc,age         ] GC(23) Desired survivor size 395837440 bytes, new threshold 15 (max threshold 15)
[111.127s][info ][gc,heap        ] GC(23) PSYoungGen: 1560288K(1702400K)->237186K(1688576K) Eden: 1293824K(1293824K)->0K(1293824K) From: 266464K(408576K)->237186K(394752K)
[111.127s][info ][gc,heap        ] GC(23) ParOldGen: 166299K(229888K)->196624K(229888K)
[111.127s][info ][gc,metaspace   ] GC(23) Metaspace: 86750K(87872K)->86750K(87872K) NonClass: 74021K(74624K)->74021K(74624K) Class: 12729K(13248K)->12729K(13248K)
[111.127s][info ][gc             ] GC(23) Pause Young (Allocation Failure) 1686M->423M(1873M) 77.200ms
[111.127s][info ][gc,cpu         ] GC(23) User=0.25s Sys=0.00s Real=0.07s
[111.127s][debug][gc,phases      ] GC(24) Pre Compact 0.008ms
[111.127s][info ][gc,start       ] GC(24) Pause Full (Ergonomics)
[111.127s][info ][gc,phases,start] GC(24) Marking Phase
[111.256s][debug][gc,phases      ] GC(24) Par Mark 127.952ms
[111.256s][debug][gc,ref         ] GC(24) Skipped phase 1 of Reference Processing: no references
[111.256s][debug][gc,ref         ] GC(24) ReferenceProcessor::execute queues: 1, RefProcThreadModel::Single, marks_oops_alive: false
[111.256s][debug][gc,ref         ] GC(24) Skipped phase 3 of Reference Processing: no references
[111.256s][debug][gc,ref         ] GC(24) ReferenceProcessor::execute queues: 1, RefProcThreadModel::Single, marks_oops_alive: false
[111.256s][debug][gc,phases      ] GC(24) Reference Processing 0.147ms
[111.256s][debug][gc,phases      ] GC(24)   VM Weak                        Min:  0.0, Avg:  0.0, Max:  0.0, Diff:  0.0, Sum:  0.0, Workers: 4
[111.256s][debug][gc,phases      ] GC(24)     Dead                           Min: 0, Avg:  0.0, Max: 0, Diff: 0, Sum: 0, Workers: 4
[111.256s][debug][gc,phases      ] GC(24)     Total                          Min: 0, Avg: 225.2, Max: 517, Diff: 517, Sum: 901, Workers: 4
[111.256s][debug][gc,phases      ] GC(24)   ObjectSynchronizer Weak        Min:  0.0, Avg:  0.0, Max:  0.0, Diff:  0.0, Sum:  0.0, Workers: 4
[111.256s][debug][gc,phases      ] GC(24)     Dead                           Min: 0, Avg:  0.0, Max: 0, Diff: 0, Sum: 0, Workers: 4
[111.256s][debug][gc,phases      ] GC(24)     Total                          Min: 0, Avg:  1.5, Max: 6, Diff: 6, Sum: 6, Workers: 4
[111.256s][debug][gc,phases      ] GC(24)   JVMTI Tag Weak OopStorage      Min:  0.0, Avg:  0.0, Max:  0.0, Diff:  0.0, Sum:  0.0, Workers: 4
[111.256s][debug][gc,phases      ] GC(24)     Dead                           Min: 0, Avg:  0.0, Max: 0, Diff: 0, Sum: 0, Workers: 4
[111.256s][debug][gc,phases      ] GC(24)     Total                          Min: 0, Avg:  0.0, Max: 0, Diff: 0, Sum: 0, Workers: 4
[111.256s][debug][gc,phases      ] GC(24)   StringTable Weak               Min:  0.0, Avg:  0.2, Max:  0.2, Diff:  0.2, Sum:  0.7, Workers: 4
[111.256s][debug][gc,phases      ] GC(24)     Dead                           Min: 0, Avg:  0.0, Max: 0, Diff: 0, Sum: 0, Workers: 4
[111.256s][debug][gc,phases      ] GC(24)     Total                          Min: 0, Avg: 10988.5, Max: 17984, Diff: 17984, Sum: 43954, Workers: 4
[111.256s][debug][gc,phases      ] GC(24)   ResolvedMethodTable Weak       Min:  0.0, Avg:  0.0, Max:  0.1, Diff:  0.1, Sum:  0.2, Workers: 4
[111.256s][debug][gc,phases      ] GC(24)     Dead                           Min: 0, Avg:  0.0, Max: 0, Diff: 0, Sum: 0, Workers: 4
[111.256s][debug][gc,phases      ] GC(24)     Total                          Min: 0, Avg: 2702.0, Max: 3704, Diff: 3704, Sum: 10808, Workers: 4
[111.256s][debug][gc,phases      ] GC(24)   JNI Weak                       Min:  0.0, Avg:  0.0, Max:  0.0, Diff:  0.0, Sum:  0.0, Workers: 4
[111.256s][debug][gc,phases      ] GC(24)     Dead                           Min: 0, Avg:  0.0, Max: 0, Diff: 0, Sum: 0, Workers: 4
[111.256s][debug][gc,phases      ] GC(24)     Total                          Min: 0, Avg: 12.0, Max: 48, Diff: 48, Sum: 48, Workers: 4
[111.256s][debug][gc,phases      ] GC(24)   StringDedup Table Weak         Min:  0.0, Avg:  0.0, Max:  0.0, Diff:  0.0, Sum:  0.0, Workers: 4
[111.256s][debug][gc,phases      ] GC(24)     Dead                           Min: 0, Avg:  0.0, Max: 0, Diff: 0, Sum: 0, Workers: 4
[111.256s][debug][gc,phases      ] GC(24)     Total                          Min: 0, Avg:  0.0, Max: 0, Diff: 0, Sum: 0, Workers: 4
[111.256s][debug][gc,phases      ] GC(24)   StringDedup Requests0 Weak     Min:  0.0, Avg:  0.0, Max:  0.0, Diff:  0.0, Sum:  0.0, Workers: 4
[111.256s][debug][gc,phases      ] GC(24)     Dead                           Min: 0, Avg:  0.0, Max: 0, Diff: 0, Sum: 0, Workers: 4
[111.256s][debug][gc,phases      ] GC(24)     Total                          Min: 0, Avg:  0.0, Max: 0, Diff: 0, Sum: 0, Workers: 4
[111.256s][debug][gc,phases      ] GC(24)   StringDedup Requests1 Weak     Min:  0.0, Avg:  0.0, Max:  0.0, Diff:  0.0, Sum:  0.0, Workers: 4
[111.256s][debug][gc,phases      ] GC(24)     Dead                           Min: 0, Avg:  0.0, Max: 0, Diff: 0, Sum: 0, Workers: 4
[111.256s][debug][gc,phases      ] GC(24)     Total                          Min: 0, Avg:  0.0, Max: 0, Diff: 0, Sum: 0, Workers: 4
[111.256s][debug][gc,phases      ] GC(24)   Weak JFR Old Object Samples    Min:  0.0, Avg:  0.0, Max:  0.0, Diff:  0.0, Sum:  0.0, Workers: 4
[111.256s][debug][gc,phases      ] GC(24)     Dead                           Min: 0, Avg:  0.0, Max: 0, Diff: 0, Sum: 0, Workers: 4
[111.256s][debug][gc,phases      ] GC(24)     Total                          Min: 0, Avg:  0.0, Max: 0, Diff: 0, Sum: 0, Workers: 4
[111.256s][debug][gc,phases      ] GC(24) Weak Processing 0.478ms
[111.256s][debug][gc,phases      ] GC(24) ClassLoaderData 0.107ms
[111.256s][debug][gc,phases      ] GC(24) Trigger cleanups 0.000ms
[111.272s][debug][gc,phases      ] GC(24) Class Unloading 15.956ms
[111.272s][debug][gc,phases      ] GC(24) Report Object Count 0.001ms
[111.272s][info ][gc,phases      ] GC(24) Marking Phase 144.714ms
[111.272s][info ][gc,phases,start] GC(24) Summary Phase
[111.272s][info ][gc,phases      ] GC(24) Summary Phase 0.019ms
[111.272s][info ][gc,phases,start] GC(24) Adjust Roots
[111.288s][info ][gc,phases      ] GC(24) Adjust Roots 15.470ms
[111.288s][info ][gc,phases,start] GC(24) Compaction Phase
[111.561s][info ][gc,phases      ] GC(24) Compaction Phase 273.197ms
[111.561s][info ][gc,phases,start] GC(24) Post Compact
[111.565s][info ][gc,phases      ] GC(24) Post Compact 3.741ms
[111.565s][info ][gc,heap        ] GC(24) PSYoungGen: 237186K(1688576K)->197334K(1688576K) Eden: 0K(1293824K)->0K(1293824K) From: 237186K(394752K)->197334K(394752K)
[111.565s][info ][gc,heap        ] GC(24) ParOldGen: 196624K(229888K)->229670K(306176K)
[111.565s][info ][gc,metaspace   ] GC(24) Metaspace: 86750K(87872K)->86750K(87872K) NonClass: 74021K(74624K)->74021K(74624K) Class: 12729K(13248K)->12729K(13248K)
[111.565s][info ][gc             ] GC(24) Pause Full (Ergonomics) 423M->416M(1948M) 437.357ms
[111.565s][info ][gc,cpu         ] GC(24) User=1.35s Sys=0.01s Real=0.44s
[111.565s][info ][safepoint      ] Safepoint "ParallelGCFailedAllocation", Time since last: 671087058 ns, Reaching safepoint: 5500 ns, Cleanup: 13200 ns, At safepoint: 515106454 ns, Total: 515125154 ns
[112.566s][info ][safepoint      ] Safepoint "Cleanup", Time since last: 1000128654 ns, Reaching safepoint: 76601 ns, Cleanup: 19900 ns, At safepoint: 5700 ns, Total: 102201 ns
[113.566s][info ][safepoint      ] Safepoint "Cleanup", Time since last: 1000134054 ns, Reaching safepoint: 94400 ns, Cleanup: 17000 ns, At safepoint: 6400 ns, Total: 117800 ns
[114.566s][info ][safepoint      ] Safepoint "Cleanup", Time since last: 1000126254 ns, Reaching safepoint: 76900 ns, Cleanup: 9300 ns, At safepoint: 6101 ns, Total: 92301 ns
[115.566s][info ][safepoint      ] Safepoint "Cleanup", Time since last: 1000118700 ns, Reaching safepoint: 83500 ns, Cleanup: 26200 ns, At safepoint: 10400 ns, Total: 120100 ns
[116.566s][info ][safepoint      ] Safepoint "Cleanup", Time since last: 1000144112 ns, Reaching safepoint: 83000 ns, Cleanup: 15300 ns, At safepoint: 9800 ns, Total: 108100 ns
[117.567s][info ][safepoint      ] Safepoint "Cleanup", Time since last: 1000125512 ns, Reaching safepoint: 76800 ns, Cleanup: 12500 ns, At safepoint: 6200 ns, Total: 95500 ns
[118.567s][info ][safepoint      ] Safepoint "Cleanup", Time since last: 1000125211 ns, Reaching safepoint: 74901 ns, Cleanup: 6400 ns, At safepoint: 5600 ns, Total: 86901 ns
[119.567s][info ][safepoint      ] Safepoint "Cleanup", Time since last: 1000113411 ns, Reaching safepoint: 77100 ns, Cleanup: 13601 ns, At safepoint: 9000 ns, Total: 99701 ns
[120.397s][info ][gc,start       ] GC(25) Pause Young (Allocation Failure)
[120.477s][debug][gc,phases      ] GC(25) Scavenge 79.774ms
[120.477s][debug][gc,ref         ] GC(25) Skipped phase 1 of Reference Processing: no references
[120.477s][debug][gc,ref         ] GC(25) ReferenceProcessor::execute queues: 1, RefProcThreadModel::Single, marks_oops_alive: false
[120.477s][debug][gc,ref         ] GC(25) Skipped phase 3 of Reference Processing: no references
[120.477s][debug][gc,ref         ] GC(25) ReferenceProcessor::execute queues: 1, RefProcThreadModel::Single, marks_oops_alive: false
[120.477s][debug][gc,phases      ] GC(25) Reference Processing 0.144ms
[120.478s][debug][gc,phases      ] GC(25)   VM Weak                        Min:  0.0, Avg:  0.0, Max:  0.0, Diff:  0.0, Sum:  0.0, Workers: 4
[120.478s][debug][gc,phases      ] GC(25)     Dead                           Min: 0, Avg:  0.0, Max: 0, Diff: 0, Sum: 0, Workers: 4
[120.478s][debug][gc,phases      ] GC(25)     Total                          Min: 0, Avg: 225.2, Max: 709, Diff: 709, Sum: 901, Workers: 4
[120.478s][debug][gc,phases      ] GC(25)   ObjectSynchronizer Weak        Min:  0.0, Avg:  0.0, Max:  0.0, Diff:  0.0, Sum:  0.0, Workers: 4
[120.478s][debug][gc,phases      ] GC(25)     Dead                           Min: 0, Avg:  0.0, Max: 0, Diff: 0, Sum: 0, Workers: 4
[120.478s][debug][gc,phases      ] GC(25)     Total                          Min: 0, Avg:  1.2, Max: 5, Diff: 5, Sum: 5, Workers: 4
[120.478s][debug][gc,phases      ] GC(25)   JVMTI Tag Weak OopStorage      Min:  0.0, Avg:  0.0, Max:  0.0, Diff:  0.0, Sum:  0.0, Workers: 4
[120.478s][debug][gc,phases      ] GC(25)     Dead                           Min: 0, Avg:  0.0, Max: 0, Diff: 0, Sum: 0, Workers: 4
[120.478s][debug][gc,phases      ] GC(25)     Total                          Min: 0, Avg:  0.0, Max: 0, Diff: 0, Sum: 0, Workers: 4
[120.478s][debug][gc,phases      ] GC(25)   StringTable Weak               Min:  0.0, Avg:  0.2, Max:  0.3, Diff:  0.3, Sum:  0.8, Workers: 4
[120.478s][debug][gc,phases      ] GC(25)     Dead                           Min: 0, Avg:  0.2, Max: 1, Diff: 1, Sum: 1, Workers: 4
[120.478s][debug][gc,phases      ] GC(25)     Total                          Min: 0, Avg: 10990.5, Max: 18874, Diff: 18874, Sum: 43962, Workers: 4
[120.478s][debug][gc,phases      ] GC(25)   ResolvedMethodTable Weak       Min:  0.0, Avg:  0.0, Max:  0.1, Diff:  0.1, Sum:  0.2, Workers: 4
[120.478s][debug][gc,phases      ] GC(25)     Dead                           Min: 0, Avg:  0.0, Max: 0, Diff: 0, Sum: 0, Workers: 4
[120.478s][debug][gc,phases      ] GC(25)     Total                          Min: 0, Avg: 2703.8, Max: 4607, Diff: 4607, Sum: 10815, Workers: 4
[120.478s][debug][gc,phases      ] GC(25)   JNI Weak                       Min:  0.0, Avg:  0.0, Max:  0.0, Diff:  0.0, Sum:  0.0, Workers: 4
[120.478s][debug][gc,phases      ] GC(25)     Dead                           Min: 0, Avg:  0.0, Max: 0, Diff: 0, Sum: 0, Workers: 4
[120.478s][debug][gc,phases      ] GC(25)     Total                          Min: 0, Avg: 12.0, Max: 48, Diff: 48, Sum: 48, Workers: 4
[120.478s][debug][gc,phases      ] GC(25)   StringDedup Table Weak         Min:  0.0, Avg:  0.0, Max:  0.0, Diff:  0.0, Sum:  0.0, Workers: 4
[120.478s][debug][gc,phases      ] GC(25)     Dead                           Min: 0, Avg:  0.0, Max: 0, Diff: 0, Sum: 0, Workers: 4
[120.478s][debug][gc,phases      ] GC(25)     Total                          Min: 0, Avg:  0.0, Max: 0, Diff: 0, Sum: 0, Workers: 4
[120.478s][debug][gc,phases      ] GC(25)   StringDedup Requests0 Weak     Min:  0.0, Avg:  0.0, Max:  0.0, Diff:  0.0, Sum:  0.0, Workers: 4
[120.478s][debug][gc,phases      ] GC(25)     Dead                           Min: 0, Avg:  0.0, Max: 0, Diff: 0, Sum: 0, Workers: 4
[120.478s][debug][gc,phases      ] GC(25)     Total                          Min: 0, Avg:  0.0, Max: 0, Diff: 0, Sum: 0, Workers: 4
[120.478s][debug][gc,phases      ] GC(25)   StringDedup Requests1 Weak     Min:  0.0, Avg:  0.0, Max:  0.0, Diff:  0.0, Sum:  0.0, Workers: 4
[120.478s][debug][gc,phases      ] GC(25)     Dead                           Min: 0, Avg:  0.0, Max: 0, Diff: 0, Sum: 0, Workers: 4
[120.478s][debug][gc,phases      ] GC(25)     Total                          Min: 0, Avg:  0.0, Max: 0, Diff: 0, Sum: 0, Workers: 4
[120.478s][debug][gc,phases      ] GC(25)   Weak JFR Old Object Samples    Min:  0.0, Avg:  0.0, Max:  0.0, Diff:  0.0, Sum:  0.0, Workers: 4
[120.478s][debug][gc,phases      ] GC(25)     Dead                           Min: 0, Avg:  0.0, Max: 0, Diff: 0, Sum: 0, Workers: 4
[120.478s][debug][gc,phases      ] GC(25)     Total                          Min: 0, Avg:  0.0, Max: 0, Diff: 0, Sum: 0, Workers: 4
[120.478s][debug][gc,phases      ] GC(25) Weak Processing 0.769ms
[120.478s][debug][gc,age         ] GC(25) Desired survivor size 396886016 bytes, new threshold 15 (max threshold 15)
[120.478s][info ][gc,heap        ] GC(25) PSYoungGen: 1491158K(1688576K)->183045K(1708544K) Eden: 1293824K(1293824K)->0K(1321984K) From: 197334K(394752K)->183045K(386560K)
[120.478s][info ][gc,heap        ] GC(25) ParOldGen: 229670K(306176K)->251950K(306176K)
[120.478s][info ][gc,metaspace   ] GC(25) Metaspace: 86787K(87872K)->86787K(87872K) NonClass: 74055K(74624K)->74055K(74624K) Class: 12731K(13248K)->12731K(13248K)
[120.478s][info ][gc             ] GC(25) Pause Young (Allocation Failure) 1680M->424M(1967M) 80.889ms
[120.478s][info ][gc,cpu         ] GC(25) User=0.26s Sys=0.01s Real=0.09s
[120.478s][info ][safepoint      ] Safepoint "ParallelGCFailedAllocation", Time since last: 830042359 ns, Reaching safepoint: 4400 ns, Cleanup: 21700 ns, At safepoint: 81012406 ns, Total: 81038506 ns
[121.479s][info ][safepoint      ] Safepoint "Cleanup", Time since last: 1000117711 ns, Reaching safepoint: 85100 ns, Cleanup: 115601 ns, At safepoint: 11000 ns, Total: 211701 ns
[122.479s][info ][safepoint      ] Safepoint "Cleanup", Time since last: 1000102111 ns, Reaching safepoint: 4200 ns, Cleanup: 19100 ns, At safepoint: 6700 ns, Total: 30000 ns
[123.479s][info ][safepoint      ] Safepoint "Cleanup", Time since last: 1000116759 ns, Reaching safepoint: 4600 ns, Cleanup: 78900 ns, At safepoint: 1900 ns, Total: 85400 ns
[124.479s][info ][safepoint      ] Safepoint "Cleanup", Time since last: 1000112612 ns, Reaching safepoint: 4800 ns, Cleanup: 28300 ns, At safepoint: 1900 ns, Total: 35000 ns
[125.479s][info ][safepoint      ] Safepoint "Cleanup", Time since last: 1000118413 ns, Reaching safepoint: 4000 ns, Cleanup: 7800 ns, At safepoint: 2000 ns, Total: 13800 ns
[126.479s][info ][safepoint      ] Safepoint "Cleanup", Time since last: 1000125312 ns, Reaching safepoint: 83700 ns, Cleanup: 21000 ns, At safepoint: 9201 ns, Total: 113901 ns
[127.480s][info ][safepoint      ] Safepoint "Cleanup", Time since last: 1000127912 ns, Reaching safepoint: 81800 ns, Cleanup: 25100 ns, At safepoint: 10000 ns, Total: 116900 ns
[128.480s][info ][safepoint      ] Safepoint "Cleanup", Time since last: 1000113334 ns, Reaching safepoint: 3900 ns, Cleanup: 11400 ns, At safepoint: 2000 ns, Total: 17300 ns
[130.480s][info ][safepoint      ] Safepoint "Cleanup", Time since last: 2000172505 ns, Reaching safepoint: 3900 ns, Cleanup: 9500 ns, At safepoint: 1900 ns, Total: 15300 ns
[130.556s][info ][gc,start       ] GC(26) Pause Young (Allocation Failure)
[130.617s][debug][gc,phases      ] GC(26) Scavenge 61.136ms
[130.618s][debug][gc,ref         ] GC(26) Skipped phase 1 of Reference Processing: no references
[130.618s][debug][gc,ref         ] GC(26) ReferenceProcessor::execute queues: 1, RefProcThreadModel::Single, marks_oops_alive: false
[130.618s][debug][gc,ref         ] GC(26) Skipped phase 3 of Reference Processing: no references
[130.618s][debug][gc,ref         ] GC(26) ReferenceProcessor::execute queues: 1, RefProcThreadModel::Single, marks_oops_alive: false
[130.618s][debug][gc,phases      ] GC(26) Reference Processing 0.110ms
[130.618s][debug][gc,phases      ] GC(26)   VM Weak                        Min:  0.0, Avg:  0.0, Max:  0.0, Diff:  0.0, Sum:  0.0, Workers: 4
[130.618s][debug][gc,phases      ] GC(26)     Dead                           Min: 0, Avg:  0.0, Max: 0, Diff: 0, Sum: 0, Workers: 4
[130.618s][debug][gc,phases      ] GC(26)     Total                          Min: 0, Avg: 225.2, Max: 453, Diff: 453, Sum: 901, Workers: 4
[130.618s][debug][gc,phases      ] GC(26)   ObjectSynchronizer Weak        Min:  0.0, Avg:  0.0, Max:  0.0, Diff:  0.0, Sum:  0.0, Workers: 4
[130.618s][debug][gc,phases      ] GC(26)     Dead                           Min: 0, Avg:  0.0, Max: 0, Diff: 0, Sum: 0, Workers: 4
[130.618s][debug][gc,phases      ] GC(26)     Total                          Min: 0, Avg:  1.5, Max: 6, Diff: 6, Sum: 6, Workers: 4
[130.618s][debug][gc,phases      ] GC(26)   JVMTI Tag Weak OopStorage      Min:  0.0, Avg:  0.0, Max:  0.0, Diff:  0.0, Sum:  0.0, Workers: 4
[130.618s][debug][gc,phases      ] GC(26)     Dead                           Min: 0, Avg:  0.0, Max: 0, Diff: 0, Sum: 0, Workers: 4
[130.618s][debug][gc,phases      ] GC(26)     Total                          Min: 0, Avg:  0.0, Max: 0, Diff: 0, Sum: 0, Workers: 4
[130.618s][debug][gc,phases      ] GC(26)   StringTable Weak               Min:  0.0, Avg:  0.1, Max:  0.2, Diff:  0.2, Sum:  0.5, Workers: 4
[130.618s][debug][gc,phases      ] GC(26)     Dead                           Min: 0, Avg:  0.0, Max: 0, Diff: 0, Sum: 0, Workers: 4
[130.618s][debug][gc,phases      ] GC(26)     Total                          Min: 0, Avg: 10992.0, Max: 15296, Diff: 15296, Sum: 43968, Workers: 4
[130.618s][debug][gc,phases      ] GC(26)   ResolvedMethodTable Weak       Min:  0.0, Avg:  0.0, Max:  0.0, Diff:  0.0, Sum:  0.1, Workers: 4
[130.618s][debug][gc,phases      ] GC(26)     Dead                           Min: 0, Avg:  0.0, Max: 0, Diff: 0, Sum: 0, Workers: 4
[130.618s][debug][gc,phases      ] GC(26)     Total                          Min: 0, Avg: 2705.0, Max: 3780, Diff: 3780, Sum: 10820, Workers: 4
[130.618s][debug][gc,phases      ] GC(26)   JNI Weak                       Min:  0.0, Avg:  0.0, Max:  0.0, Diff:  0.0, Sum:  0.0, Workers: 4
[130.618s][debug][gc,phases      ] GC(26)     Dead                           Min: 0, Avg:  0.0, Max: 0, Diff: 0, Sum: 0, Workers: 4
[130.618s][debug][gc,phases      ] GC(26)     Total                          Min: 0, Avg: 12.0, Max: 48, Diff: 48, Sum: 48, Workers: 4
[130.618s][debug][gc,phases      ] GC(26)   StringDedup Table Weak         Min:  0.0, Avg:  0.0, Max:  0.0, Diff:  0.0, Sum:  0.0, Workers: 4
[130.618s][debug][gc,phases      ] GC(26)     Dead                           Min: 0, Avg:  0.0, Max: 0, Diff: 0, Sum: 0, Workers: 4
[130.618s][debug][gc,phases      ] GC(26)     Total                          Min: 0, Avg:  0.0, Max: 0, Diff: 0, Sum: 0, Workers: 4
[130.618s][debug][gc,phases      ] GC(26)   StringDedup Requests0 Weak     Min:  0.0, Avg:  0.0, Max:  0.0, Diff:  0.0, Sum:  0.0, Workers: 4
[130.618s][debug][gc,phases      ] GC(26)     Dead                           Min: 0, Avg:  0.0, Max: 0, Diff: 0, Sum: 0, Workers: 4
[130.618s][debug][gc,phases      ] GC(26)     Total                          Min: 0, Avg:  0.0, Max: 0, Diff: 0, Sum: 0, Workers: 4
[130.618s][debug][gc,phases      ] GC(26)   StringDedup Requests1 Weak     Min:  0.0, Avg:  0.0, Max:  0.0, Diff:  0.0, Sum:  0.0, Workers: 4
[130.618s][debug][gc,phases      ] GC(26)     Dead                           Min: 0, Avg:  0.0, Max: 0, Diff: 0, Sum: 0, Workers: 4
[130.618s][debug][gc,phases      ] GC(26)     Total                          Min: 0, Avg:  0.0, Max: 0, Diff: 0, Sum: 0, Workers: 4
[130.618s][debug][gc,phases      ] GC(26)   Weak JFR Old Object Samples    Min:  0.0, Avg:  0.0, Max:  0.0, Diff:  0.0, Sum:  0.0, Workers: 4
[130.618s][debug][gc,phases      ] GC(26)     Dead                           Min: 0, Avg:  0.0, Max: 0, Diff: 0, Sum: 0, Workers: 4
[130.618s][debug][gc,phases      ] GC(26)     Total                          Min: 0, Avg:  0.0, Max: 0, Diff: 0, Sum: 0, Workers: 4
[130.618s][debug][gc,phases      ] GC(26) Weak Processing 0.366ms
[130.618s][debug][gc,age         ] GC(26) Desired survivor size 404750336 bytes, new threshold 15 (max threshold 15)
[130.618s][info ][gc,heap        ] GC(26) PSYoungGen: 1505029K(1708544K)->130528K(1452544K) Eden: 1321984K(1321984K)->0K(1321984K) From: 183045K(386560K)->130528K(130560K)
[130.618s][info ][gc,heap        ] GC(26) ParOldGen: 251950K(306176K)->305152K(306176K)
[130.618s][info ][gc,metaspace   ] GC(26) Metaspace: 86853K(87936K)->86853K(87936K) NonClass: 74118K(74688K)->74118K(74688K) Class: 12734K(13248K)->12734K(13248K)
[130.618s][info ][gc             ] GC(26) Pause Young (Allocation Failure) 1715M->425M(1717M) 61.745ms
[130.618s][info ][gc,cpu         ] GC(26) User=0.20s Sys=0.00s Real=0.07s
[130.618s][debug][gc,phases      ] GC(27) Pre Compact 0.008ms
[130.618s][info ][gc,start       ] GC(27) Pause Full (Ergonomics)
[130.618s][info ][gc,phases,start] GC(27) Marking Phase
[130.757s][debug][gc,phases      ] GC(27) Par Mark 138.560ms
[130.757s][debug][gc,ref         ] GC(27) Skipped phase 1 of Reference Processing: no references
[130.757s][debug][gc,ref         ] GC(27) ReferenceProcessor::execute queues: 4, RefProcThreadModel::Multi, marks_oops_alive: false
[130.759s][debug][gc,ref         ] GC(27) Skipped phase 3 of Reference Processing: no references
[130.759s][debug][gc,ref         ] GC(27) ReferenceProcessor::execute queues: 1, RefProcThreadModel::Single, marks_oops_alive: false
[130.759s][debug][gc,phases      ] GC(27) Reference Processing 1.774ms
[130.759s][debug][gc,phases      ] GC(27)   VM Weak                        Min:  0.0, Avg:  0.0, Max:  0.0, Diff:  0.0, Sum:  0.0, Workers: 4
[130.759s][debug][gc,phases      ] GC(27)     Dead                           Min: 0, Avg:  0.0, Max: 0, Diff: 0, Sum: 0, Workers: 4
[130.759s][debug][gc,phases      ] GC(27)     Total                          Min: 0, Avg: 225.2, Max: 709, Diff: 709, Sum: 901, Workers: 4
[130.759s][debug][gc,phases      ] GC(27)   ObjectSynchronizer Weak        Min:  0.0, Avg:  0.0, Max:  0.0, Diff:  0.0, Sum:  0.0, Workers: 4
[130.759s][debug][gc,phases      ] GC(27)     Dead                           Min: 0, Avg:  0.0, Max: 0, Diff: 0, Sum: 0, Workers: 4
[130.759s][debug][gc,phases      ] GC(27)     Total                          Min: 0, Avg:  1.5, Max: 6, Diff: 6, Sum: 6, Workers: 4
[130.759s][debug][gc,phases      ] GC(27)   JVMTI Tag Weak OopStorage      Min:  0.0, Avg:  0.0, Max:  0.0, Diff:  0.0, Sum:  0.0, Workers: 4
[130.759s][debug][gc,phases      ] GC(27)     Dead                           Min: 0, Avg:  0.0, Max: 0, Diff: 0, Sum: 0, Workers: 4
[130.759s][debug][gc,phases      ] GC(27)     Total                          Min: 0, Avg:  0.0, Max: 0, Diff: 0, Sum: 0, Workers: 4
[130.759s][debug][gc,phases      ] GC(27)   StringTable Weak               Min:  0.0, Avg:  0.2, Max:  0.3, Diff:  0.3, Sum:  0.6, Workers: 4
[130.759s][debug][gc,phases      ] GC(27)     Dead                           Min: 0, Avg:  0.0, Max: 0, Diff: 0, Sum: 0, Workers: 4
[130.759s][debug][gc,phases      ] GC(27)     Total                          Min: 0, Avg: 10992.0, Max: 25472, Diff: 25472, Sum: 43968, Workers: 4
[130.759s][debug][gc,phases      ] GC(27)   ResolvedMethodTable Weak       Min:  0.0, Avg:  0.0, Max:  0.1, Diff:  0.1, Sum:  0.1, Workers: 4
[130.759s][debug][gc,phases      ] GC(27)     Dead                           Min: 0, Avg:  0.0, Max: 0, Diff: 0, Sum: 0, Workers: 4
[130.759s][debug][gc,phases      ] GC(27)     Total                          Min: 0, Avg: 2705.0, Max: 6400, Diff: 6400, Sum: 10820, Workers: 4
[130.759s][debug][gc,phases      ] GC(27)   JNI Weak                       Min:  0.0, Avg:  0.0, Max:  0.0, Diff:  0.0, Sum:  0.0, Workers: 4
[130.759s][debug][gc,phases      ] GC(27)     Dead                           Min: 0, Avg:  0.0, Max: 0, Diff: 0, Sum: 0, Workers: 4
[130.759s][debug][gc,phases      ] GC(27)     Total                          Min: 0, Avg: 12.0, Max: 48, Diff: 48, Sum: 48, Workers: 4
[130.759s][debug][gc,phases      ] GC(27)   StringDedup Table Weak         Min:  0.0, Avg:  0.0, Max:  0.0, Diff:  0.0, Sum:  0.0, Workers: 4
[130.759s][debug][gc,phases      ] GC(27)     Dead                           Min: 0, Avg:  0.0, Max: 0, Diff: 0, Sum: 0, Workers: 4
[130.759s][debug][gc,phases      ] GC(27)     Total                          Min: 0, Avg:  0.0, Max: 0, Diff: 0, Sum: 0, Workers: 4
[130.759s][debug][gc,phases      ] GC(27)   StringDedup Requests0 Weak     Min:  0.0, Avg:  0.0, Max:  0.0, Diff:  0.0, Sum:  0.0, Workers: 4
[130.759s][debug][gc,phases      ] GC(27)     Dead                           Min: 0, Avg:  0.0, Max: 0, Diff: 0, Sum: 0, Workers: 4
[130.759s][debug][gc,phases      ] GC(27)     Total                          Min: 0, Avg:  0.0, Max: 0, Diff: 0, Sum: 0, Workers: 4
[130.759s][debug][gc,phases      ] GC(27)   StringDedup Requests1 Weak     Min:  0.0, Avg:  0.0, Max:  0.0, Diff:  0.0, Sum:  0.0, Workers: 4
[130.759s][debug][gc,phases      ] GC(27)     Dead                           Min: 0, Avg:  0.0, Max: 0, Diff: 0, Sum: 0, Workers: 4
[130.759s][debug][gc,phases      ] GC(27)     Total                          Min: 0, Avg:  0.0, Max: 0, Diff: 0, Sum: 0, Workers: 4
[130.759s][debug][gc,phases      ] GC(27)   Weak JFR Old Object Samples    Min:  0.0, Avg:  0.0, Max:  0.0, Diff:  0.0, Sum:  0.0, Workers: 4
[130.759s][debug][gc,phases      ] GC(27)     Dead                           Min: 0, Avg:  0.0, Max: 0, Diff: 0, Sum: 0, Workers: 4
[130.759s][debug][gc,phases      ] GC(27)     Total                          Min: 0, Avg:  0.0, Max: 0, Diff: 0, Sum: 0, Workers: 4
[130.759s][debug][gc,phases      ] GC(27) Weak Processing 0.571ms
[130.759s][debug][gc,phases      ] GC(27) ClassLoaderData 0.108ms
[130.759s][debug][gc,phases      ] GC(27) Trigger cleanups 0.000ms
[130.782s][debug][gc,phases      ] GC(27) Class Unloading 23.014ms
[130.782s][debug][gc,phases      ] GC(27) Report Object Count 0.001ms
[130.782s][info ][gc,phases      ] GC(27) Marking Phase 164.128ms
[130.782s][info ][gc,phases,start] GC(27) Summary Phase
[130.782s][info ][gc,phases      ] GC(27) Summary Phase 0.013ms
[130.782s][info ][gc,phases,start] GC(27) Adjust Roots
[130.799s][info ][gc,phases      ] GC(27) Adjust Roots 16.581ms
[130.799s][info ][gc,phases,start] GC(27) Compaction Phase
[131.019s][info ][gc,phases      ] GC(27) Compaction Phase 220.559ms
[131.019s][info ][gc,phases,start] GC(27) Post Compact
[131.023s][info ][gc,phases      ] GC(27) Post Compact 3.339ms
[131.023s][info ][gc,heap        ] GC(27) PSYoungGen: 130528K(1452544K)->116828K(1452544K) Eden: 0K(1321984K)->0K(1321984K) From: 130528K(130560K)->116828K(130560K)
[131.023s][info ][gc,heap        ] GC(27) ParOldGen: 305152K(306176K)->305718K(409088K)
[131.023s][info ][gc,metaspace   ] GC(27) Metaspace: 86853K(87936K)->86853K(87936K) NonClass: 74118K(74688K)->74118K(74688K) Class: 12734K(13248K)->12734K(13248K)
[131.023s][info ][gc             ] GC(27) Pause Full (Ergonomics) 425M->412M(1818M) 404.984ms
[131.023s][info ][gc,cpu         ] GC(27) User=1.11s Sys=0.02s Real=0.40s
[131.023s][info ][safepoint      ] Safepoint "ParallelGCFailedAllocation", Time since last: 76244093 ns, Reaching safepoint: 76400 ns, Cleanup: 5400 ns, At safepoint: 466972206 ns, Total: 467054006 ns
[132.024s][info ][safepoint      ] Safepoint "Cleanup", Time since last: 1000112922 ns, Reaching safepoint: 83700 ns, Cleanup: 37301 ns, At safepoint: 35800 ns, Total: 156801 ns
[133.024s][info ][safepoint      ] Safepoint "Cleanup", Time since last: 1000124015 ns, Reaching safepoint: 82500 ns, Cleanup: 13100 ns, At safepoint: 9600 ns, Total: 105200 ns
[134.024s][info ][safepoint      ] Safepoint "Cleanup", Time since last: 1000140315 ns, Reaching safepoint: 76100 ns, Cleanup: 15000 ns, At safepoint: 6900 ns, Total: 98000 ns
[135.024s][info ][safepoint      ] Safepoint "Cleanup", Time since last: 1000127915 ns, Reaching safepoint: 77500 ns, Cleanup: 30401 ns, At safepoint: 8200 ns, Total: 116101 ns
[136.349s][info ][safepoint      ] Safepoint "Cleanup", Time since last: 1325038676 ns, Reaching safepoint: 4100 ns, Cleanup: 24200 ns, At safepoint: 1800 ns, Total: 30100 ns
[137.350s][info ][safepoint      ] Safepoint "Cleanup", Time since last: 1000104515 ns, Reaching safepoint: 4100 ns, Cleanup: 85700 ns, At safepoint: 15400 ns, Total: 105200 ns
[138.350s][info ][safepoint      ] Safepoint "Cleanup", Time since last: 1000123815 ns, Reaching safepoint: 75600 ns, Cleanup: 28501 ns, At safepoint: 8500 ns, Total: 112601 ns
[139.350s][info ][safepoint      ] Safepoint "Cleanup", Time since last: 1000111219 ns, Reaching safepoint: 73601 ns, Cleanup: 15900 ns, At safepoint: 5100 ns, Total: 94601 ns
[140.350s][info ][safepoint      ] Safepoint "Cleanup", Time since last: 1000103050 ns, Reaching safepoint: 5100 ns, Cleanup: 25401 ns, At safepoint: 2100 ns, Total: 32601 ns
[140.760s][info ][gc,start       ] GC(28) Pause Young (Allocation Failure)
[140.836s][debug][gc,phases      ] GC(28) Scavenge 75.695ms
[140.836s][debug][gc,ref         ] GC(28) Skipped phase 1 of Reference Processing: no references
[140.836s][debug][gc,ref         ] GC(28) ReferenceProcessor::execute queues: 1, RefProcThreadModel::Single, marks_oops_alive: false
[140.836s][debug][gc,ref         ] GC(28) Skipped phase 3 of Reference Processing: no references
[140.836s][debug][gc,ref         ] GC(28) Skipped phase 4 of Reference Processing: no references
[140.836s][debug][gc,phases      ] GC(28) Reference Processing 0.096ms
[140.837s][debug][gc,phases      ] GC(28)   VM Weak                        Min:  0.0, Avg:  0.0, Max:  0.0, Diff:  0.0, Sum:  0.0, Workers: 4
[140.837s][debug][gc,phases      ] GC(28)     Dead                           Min: 0, Avg:  0.0, Max: 0, Diff: 0, Sum: 0, Workers: 4
[140.837s][debug][gc,phases      ] GC(28)     Total                          Min: 0, Avg: 225.2, Max: 901, Diff: 901, Sum: 901, Workers: 4
[140.837s][debug][gc,phases      ] GC(28)   ObjectSynchronizer Weak        Min:  0.0, Avg:  0.0, Max:  0.0, Diff:  0.0, Sum:  0.0, Workers: 4
[140.837s][debug][gc,phases      ] GC(28)     Dead                           Min: 0, Avg:  0.0, Max: 0, Diff: 0, Sum: 0, Workers: 4
[140.837s][debug][gc,phases      ] GC(28)     Total                          Min: 0, Avg:  1.5, Max: 6, Diff: 6, Sum: 6, Workers: 4
[140.837s][debug][gc,phases      ] GC(28)   JVMTI Tag Weak OopStorage      Min:  0.0, Avg:  0.0, Max:  0.0, Diff:  0.0, Sum:  0.0, Workers: 4
[140.837s][debug][gc,phases      ] GC(28)     Dead                           Min: 0, Avg:  0.0, Max: 0, Diff: 0, Sum: 0, Workers: 4
[140.837s][debug][gc,phases      ] GC(28)     Total                          Min: 0, Avg:  0.0, Max: 0, Diff: 0, Sum: 0, Workers: 4
[140.837s][debug][gc,phases      ] GC(28)   StringTable Weak               Min:  0.0, Avg:  0.1, Max:  0.2, Diff:  0.2, Sum:  0.4, Workers: 4
[140.837s][debug][gc,phases      ] GC(28)     Dead                           Min: 0, Avg:  0.0, Max: 0, Diff: 0, Sum: 0, Workers: 4
[140.837s][debug][gc,phases      ] GC(28)     Total                          Min: 0, Avg: 10993.0, Max: 26692, Diff: 26692, Sum: 43972, Workers: 4
[140.837s][debug][gc,phases      ] GC(28)   ResolvedMethodTable Weak       Min:  0.0, Avg:  0.0, Max:  0.1, Diff:  0.1, Sum:  0.1, Workers: 4
[140.837s][debug][gc,phases      ] GC(28)     Dead                           Min: 0, Avg:  0.0, Max: 0, Diff: 0, Sum: 0, Workers: 4
[140.837s][debug][gc,phases      ] GC(28)     Total                          Min: 0, Avg: 2705.0, Max: 6596, Diff: 6596, Sum: 10820, Workers: 4
[140.837s][debug][gc,phases      ] GC(28)   JNI Weak                       Min:  0.0, Avg:  0.0, Max:  0.0, Diff:  0.0, Sum:  0.0, Workers: 4
[140.837s][debug][gc,phases      ] GC(28)     Dead                           Min: 0, Avg:  0.0, Max: 0, Diff: 0, Sum: 0, Workers: 4
[140.837s][debug][gc,phases      ] GC(28)     Total                          Min: 0, Avg: 12.0, Max: 48, Diff: 48, Sum: 48, Workers: 4
[140.837s][debug][gc,phases      ] GC(28)   StringDedup Table Weak         Min:  0.0, Avg:  0.0, Max:  0.0, Diff:  0.0, Sum:  0.0, Workers: 4
[140.837s][debug][gc,phases      ] GC(28)     Dead                           Min: 0, Avg:  0.0, Max: 0, Diff: 0, Sum: 0, Workers: 4
[140.837s][debug][gc,phases      ] GC(28)     Total                          Min: 0, Avg:  0.0, Max: 0, Diff: 0, Sum: 0, Workers: 4
[140.837s][debug][gc,phases      ] GC(28)   StringDedup Requests0 Weak     Min:  0.0, Avg:  0.0, Max:  0.0, Diff:  0.0, Sum:  0.0, Workers: 4
[140.837s][debug][gc,phases      ] GC(28)     Dead                           Min: 0, Avg:  0.0, Max: 0, Diff: 0, Sum: 0, Workers: 4
[140.837s][debug][gc,phases      ] GC(28)     Total                          Min: 0, Avg:  0.0, Max: 0, Diff: 0, Sum: 0, Workers: 4
[140.837s][debug][gc,phases      ] GC(28)   StringDedup Requests1 Weak     Min:  0.0, Avg:  0.0, Max:  0.0, Diff:  0.0, Sum:  0.0, Workers: 4
[140.837s][debug][gc,phases      ] GC(28)     Dead                           Min: 0, Avg:  0.0, Max: 0, Diff: 0, Sum: 0, Workers: 4
[140.837s][debug][gc,phases      ] GC(28)     Total                          Min: 0, Avg:  0.0, Max: 0, Diff: 0, Sum: 0, Workers: 4
[140.837s][debug][gc,phases      ] GC(28)   Weak JFR Old Object Samples    Min:  0.0, Avg:  0.0, Max:  0.0, Diff:  0.0, Sum:  0.0, Workers: 4
[140.837s][debug][gc,phases      ] GC(28)     Dead                           Min: 0, Avg:  0.0, Max: 0, Diff: 0, Sum: 0, Workers: 4
[140.837s][debug][gc,phases      ] GC(28)     Total                          Min: 0, Avg:  0.0, Max: 0, Diff: 0, Sum: 0, Workers: 4
[140.837s][debug][gc,phases      ] GC(28) Weak Processing 0.423ms
[140.837s][debug][gc,age         ] GC(28) Desired survivor size 416808960 bytes, new threshold 15 (max threshold 15)
[140.837s][info ][gc,heap        ] GC(28) PSYoungGen: 1438812K(1452544K)->80656K(1678336K) Eden: 1321984K(1321984K)->0K(1283072K) From: 116828K(130560K)->80656K(395264K)
[140.837s][info ][gc,heap        ] GC(28) ParOldGen: 305718K(409088K)->349490K(409088K)
[140.837s][info ][gc,metaspace   ] GC(28) Metaspace: 86895K(88000K)->86895K(88000K) NonClass: 74160K(74752K)->74160K(74752K) Class: 12734K(13248K)->12734K(13248K)
[140.837s][info ][gc             ] GC(28) Pause Young (Allocation Failure) 1703M->420M(2038M) 76.325ms
[140.837s][info ][gc,cpu         ] GC(28) User=0.23s Sys=0.02s Real=0.07s
[140.837s][debug][gc,phases      ] GC(29) Pre Compact 0.008ms
[140.837s][info ][gc,start       ] GC(29) Pause Full (Ergonomics)
[140.837s][info ][gc,phases,start] GC(29) Marking Phase
[140.967s][debug][gc,phases      ] GC(29) Par Mark 130.500ms
[140.967s][debug][gc,ref         ] GC(29) Skipped phase 1 of Reference Processing: no references
[140.968s][debug][gc,ref         ] GC(29) ReferenceProcessor::execute queues: 4, RefProcThreadModel::Multi, marks_oops_alive: false
[140.968s][debug][gc,ref         ] GC(29) Skipped phase 3 of Reference Processing: no references
[140.968s][debug][gc,ref         ] GC(29) ReferenceProcessor::execute queues: 1, RefProcThreadModel::Single, marks_oops_alive: false
[140.968s][debug][gc,phases      ] GC(29) Reference Processing 0.794ms
[140.969s][debug][gc,phases      ] GC(29)   VM Weak                        Min:  0.0, Avg:  0.0, Max:  0.0, Diff:  0.0, Sum:  0.0, Workers: 4
[140.969s][debug][gc,phases      ] GC(29)     Dead                           Min: 0, Avg:  0.0, Max: 0, Diff: 0, Sum: 0, Workers: 4
[140.969s][debug][gc,phases      ] GC(29)     Total                          Min: 0, Avg: 225.2, Max: 453, Diff: 453, Sum: 901, Workers: 4
[140.969s][debug][gc,phases      ] GC(29)   ObjectSynchronizer Weak        Min:  0.0, Avg:  0.0, Max:  0.0, Diff:  0.0, Sum:  0.0, Workers: 4
[140.969s][debug][gc,phases      ] GC(29)     Dead                           Min: 0, Avg:  0.0, Max: 0, Diff: 0, Sum: 0, Workers: 4
[140.969s][debug][gc,phases      ] GC(29)     Total                          Min: 0, Avg:  1.5, Max: 6, Diff: 6, Sum: 6, Workers: 4
[140.969s][debug][gc,phases      ] GC(29)   JVMTI Tag Weak OopStorage      Min:  0.0, Avg:  0.0, Max:  0.0, Diff:  0.0, Sum:  0.0, Workers: 4
[140.969s][debug][gc,phases      ] GC(29)     Dead                           Min: 0, Avg:  0.0, Max: 0, Diff: 0, Sum: 0, Workers: 4
[140.969s][debug][gc,phases      ] GC(29)     Total                          Min: 0, Avg:  0.0, Max: 0, Diff: 0, Sum: 0, Workers: 4
[140.969s][debug][gc,phases      ] GC(29)   StringTable Weak               Min:  0.0, Avg:  0.2, Max:  0.2, Diff:  0.2, Sum:  0.7, Workers: 4
[140.969s][debug][gc,phases      ] GC(29)     Dead                           Min: 0, Avg:  0.0, Max: 0, Diff: 0, Sum: 0, Workers: 4
[140.969s][debug][gc,phases      ] GC(29)     Total                          Min: 0, Avg: 10993.0, Max: 15360, Diff: 15360, Sum: 43972, Workers: 4
[140.969s][debug][gc,phases      ] GC(29)   ResolvedMethodTable Weak       Min:  0.0, Avg:  0.0, Max:  0.0, Diff:  0.0, Sum:  0.1, Workers: 4
[140.969s][debug][gc,phases      ] GC(29)     Dead                           Min: 0, Avg:  0.0, Max: 0, Diff: 0, Sum: 0, Workers: 4
[140.969s][debug][gc,phases      ] GC(29)     Total                          Min: 0, Avg: 2705.0, Max: 4160, Diff: 4160, Sum: 10820, Workers: 4
[140.969s][debug][gc,phases      ] GC(29)   JNI Weak                       Min:  0.0, Avg:  0.0, Max:  0.0, Diff:  0.0, Sum:  0.0, Workers: 4
[140.969s][debug][gc,phases      ] GC(29)     Dead                           Min: 0, Avg:  0.0, Max: 0, Diff: 0, Sum: 0, Workers: 4
[140.969s][debug][gc,phases      ] GC(29)     Total                          Min: 0, Avg: 12.0, Max: 48, Diff: 48, Sum: 48, Workers: 4
[140.969s][debug][gc,phases      ] GC(29)   StringDedup Table Weak         Min:  0.0, Avg:  0.0, Max:  0.0, Diff:  0.0, Sum:  0.0, Workers: 4
[140.969s][debug][gc,phases      ] GC(29)     Dead                           Min: 0, Avg:  0.0, Max: 0, Diff: 0, Sum: 0, Workers: 4
[140.969s][debug][gc,phases      ] GC(29)     Total                          Min: 0, Avg:  0.0, Max: 0, Diff: 0, Sum: 0, Workers: 4
[140.969s][debug][gc,phases      ] GC(29)   StringDedup Requests0 Weak     Min:  0.0, Avg:  0.0, Max:  0.0, Diff:  0.0, Sum:  0.0, Workers: 4
[140.969s][debug][gc,phases      ] GC(29)     Dead                           Min: 0, Avg:  0.0, Max: 0, Diff: 0, Sum: 0, Workers: 4
[140.969s][debug][gc,phases      ] GC(29)     Total                          Min: 0, Avg:  0.0, Max: 0, Diff: 0, Sum: 0, Workers: 4
[140.969s][debug][gc,phases      ] GC(29)   StringDedup Requests1 Weak     Min:  0.0, Avg:  0.0, Max:  0.0, Diff:  0.0, Sum:  0.0, Workers: 4
[140.969s][debug][gc,phases      ] GC(29)     Dead                           Min: 0, Avg:  0.0, Max: 0, Diff: 0, Sum: 0, Workers: 4
[140.969s][debug][gc,phases      ] GC(29)     Total                          Min: 0, Avg:  0.0, Max: 0, Diff: 0, Sum: 0, Workers: 4
[140.969s][debug][gc,phases      ] GC(29)   Weak JFR Old Object Samples    Min:  0.0, Avg:  0.0, Max:  0.0, Diff:  0.0, Sum:  0.0, Workers: 4
[140.969s][debug][gc,phases      ] GC(29)     Dead                           Min: 0, Avg:  0.0, Max: 0, Diff: 0, Sum: 0, Workers: 4
[140.969s][debug][gc,phases      ] GC(29)     Total                          Min: 0, Avg:  0.0, Max: 0, Diff: 0, Sum: 0, Workers: 4
[140.969s][debug][gc,phases      ] GC(29) Weak Processing 0.460ms
[140.969s][debug][gc,phases      ] GC(29) ClassLoaderData 0.105ms
[140.969s][debug][gc,phases      ] GC(29) Trigger cleanups 0.000ms
[140.986s][debug][gc,phases      ] GC(29) Class Unloading 17.436ms
[140.986s][debug][gc,phases      ] GC(29) Report Object Count 0.001ms
[140.986s][info ][gc,phases      ] GC(29) Marking Phase 149.383ms
[140.986s][info ][gc,phases,start] GC(29) Summary Phase
[140.986s][info ][gc,phases      ] GC(29) Summary Phase 0.023ms
[140.986s][info ][gc,phases,start] GC(29) Adjust Roots
[140.999s][info ][gc,phases      ] GC(29) Adjust Roots 12.501ms
[140.999s][info ][gc,phases,start] GC(29) Compaction Phase
[141.154s][info ][gc,phases      ] GC(29) Compaction Phase 155.398ms
[141.154s][info ][gc,phases,start] GC(29) Post Compact
[141.157s][info ][gc,phases      ] GC(29) Post Compact 3.177ms
[141.158s][info ][gc,heap        ] GC(29) PSYoungGen: 80656K(1678336K)->15911K(1678336K) Eden: 0K(1283072K)->0K(1283072K) From: 80656K(395264K)->15911K(395264K)
[141.158s][info ][gc,heap        ] GC(29) ParOldGen: 349490K(409088K)->408747K(532992K)
[141.158s][info ][gc,metaspace   ] GC(29) Metaspace: 86895K(88000K)->86895K(88000K) NonClass: 74160K(74752K)->74160K(74752K) Class: 12734K(13248K)->12734K(13248K)
[141.158s][info ][gc             ] GC(29) Pause Full (Ergonomics) 420M->414M(2159M) 320.781ms
[141.158s][info ][gc,cpu         ] GC(29) User=0.97s Sys=0.01s Real=0.33s
[141.158s][info ][safepoint      ] Safepoint "ParallelGCFailedAllocation", Time since last: 410226612 ns, Reaching safepoint: 36500 ns, Cleanup: 17301 ns, At safepoint: 397326546 ns, Total: 397380347 ns
[142.158s][info ][safepoint      ] Safepoint "Cleanup", Time since last: 1000099351 ns, Reaching safepoint: 74600 ns, Cleanup: 25600 ns, At safepoint: 6100 ns, Total: 106300 ns
[143.158s][info ][safepoint      ] Safepoint "Cleanup", Time since last: 1000126051 ns, Reaching safepoint: 86400 ns, Cleanup: 19100 ns, At safepoint: 11800 ns, Total: 117300 ns
[144.158s][info ][safepoint      ] Safepoint "Cleanup", Time since last: 1000124951 ns, Reaching safepoint: 76601 ns, Cleanup: 16200 ns, At safepoint: 6300 ns, Total: 99101 ns
[145.159s][info ][safepoint      ] Safepoint "Cleanup", Time since last: 1000129251 ns, Reaching safepoint: 103500 ns, Cleanup: 25000 ns, At safepoint: 14500 ns, Total: 143000 ns
[146.159s][info ][safepoint      ] Safepoint "Cleanup", Time since last: 1000110451 ns, Reaching safepoint: 60500 ns, Cleanup: 26601 ns, At safepoint: 11900 ns, Total: 99001 ns
[148.159s][info ][safepoint      ] Safepoint "Cleanup", Time since last: 2000207681 ns, Reaching safepoint: 75500 ns, Cleanup: 14800 ns, At safepoint: 7900 ns, Total: 98200 ns
[149.159s][info ][safepoint      ] Safepoint "Cleanup", Time since last: 1000108629 ns, Reaching safepoint: 77801 ns, Cleanup: 17000 ns, At safepoint: 7900 ns, Total: 102701 ns
[150.160s][info ][safepoint      ] Safepoint "Cleanup", Time since last: 1000115029 ns, Reaching safepoint: 76500 ns, Cleanup: 9800 ns, At safepoint: 5400 ns, Total: 91700 ns
[150.788s][info ][gc,start       ] GC(30) Pause Young (Allocation Failure)
[150.845s][debug][gc,phases      ] GC(30) Scavenge 57.151ms
[150.845s][debug][gc,ref         ] GC(30) Skipped phase 1 of Reference Processing: no references
[150.846s][debug][gc,ref         ] GC(30) ReferenceProcessor::execute queues: 1, RefProcThreadModel::Single, marks_oops_alive: false
[150.846s][debug][gc,ref         ] GC(30) Skipped phase 3 of Reference Processing: no references
[150.846s][debug][gc,ref         ] GC(30) ReferenceProcessor::execute queues: 1, RefProcThreadModel::Single, marks_oops_alive: false
[150.846s][debug][gc,phases      ] GC(30) Reference Processing 0.101ms
[150.846s][debug][gc,phases      ] GC(30)   VM Weak                        Min:  0.0, Avg:  0.0, Max:  0.0, Diff:  0.0, Sum:  0.0, Workers: 4
[150.846s][debug][gc,phases      ] GC(30)     Dead                           Min: 0, Avg:  0.0, Max: 0, Diff: 0, Sum: 0, Workers: 4
[150.846s][debug][gc,phases      ] GC(30)     Total                          Min: 0, Avg: 227.2, Max: 832, Diff: 832, Sum: 909, Workers: 4
[150.846s][debug][gc,phases      ] GC(30)   ObjectSynchronizer Weak        Min:  0.0, Avg:  0.0, Max:  0.0, Diff:  0.0, Sum:  0.0, Workers: 4
[150.846s][debug][gc,phases      ] GC(30)     Dead                           Min: 0, Avg:  0.0, Max: 0, Diff: 0, Sum: 0, Workers: 4
[150.846s][debug][gc,phases      ] GC(30)     Total                          Min: 0, Avg:  1.5, Max: 6, Diff: 6, Sum: 6, Workers: 4
[150.846s][debug][gc,phases      ] GC(30)   JVMTI Tag Weak OopStorage      Min:  0.0, Avg:  0.0, Max:  0.0, Diff:  0.0, Sum:  0.0, Workers: 4
[150.846s][debug][gc,phases      ] GC(30)     Dead                           Min: 0, Avg:  0.0, Max: 0, Diff: 0, Sum: 0, Workers: 4
[150.846s][debug][gc,phases      ] GC(30)     Total                          Min: 0, Avg:  0.0, Max: 0, Diff: 0, Sum: 0, Workers: 4
[150.846s][debug][gc,phases      ] GC(30)   StringTable Weak               Min:  0.1, Avg:  0.1, Max:  0.1, Diff:  0.0, Sum:  0.5, Workers: 4
[150.846s][debug][gc,phases      ] GC(30)     Dead                           Min: 0, Avg:  0.2, Max: 1, Diff: 1, Sum: 1, Workers: 4
[150.846s][debug][gc,phases      ] GC(30)     Total                          Min: 8082, Avg: 10996.2, Max: 12288, Diff: 4206, Sum: 43985, Workers: 4
[150.846s][debug][gc,phases      ] GC(30)   ResolvedMethodTable Weak       Min:  0.0, Avg:  0.0, Max:  0.0, Diff:  0.0, Sum:  0.1, Workers: 4
[150.846s][debug][gc,phases      ] GC(30)     Dead                           Min: 0, Avg:  0.0, Max: 0, Diff: 0, Sum: 0, Workers: 4
[150.846s][debug][gc,phases      ] GC(30)     Total                          Min: 2560, Avg: 2711.2, Max: 2944, Diff: 384, Sum: 10845, Workers: 4
[150.846s][debug][gc,phases      ] GC(30)   JNI Weak                       Min:  0.0, Avg:  0.0, Max:  0.0, Diff:  0.0, Sum:  0.0, Workers: 4
[150.846s][debug][gc,phases      ] GC(30)     Dead                           Min: 0, Avg:  0.0, Max: 0, Diff: 0, Sum: 0, Workers: 4
[150.846s][debug][gc,phases      ] GC(30)     Total                          Min: 0, Avg: 12.0, Max: 48, Diff: 48, Sum: 48, Workers: 4
[150.846s][debug][gc,phases      ] GC(30)   StringDedup Table Weak         Min:  0.0, Avg:  0.0, Max:  0.0, Diff:  0.0, Sum:  0.0, Workers: 4
[150.846s][debug][gc,phases      ] GC(30)     Dead                           Min: 0, Avg:  0.0, Max: 0, Diff: 0, Sum: 0, Workers: 4
[150.846s][debug][gc,phases      ] GC(30)     Total                          Min: 0, Avg:  0.0, Max: 0, Diff: 0, Sum: 0, Workers: 4
[150.846s][debug][gc,phases      ] GC(30)   StringDedup Requests0 Weak     Min:  0.0, Avg:  0.0, Max:  0.0, Diff:  0.0, Sum:  0.0, Workers: 4
[150.846s][debug][gc,phases      ] GC(30)     Dead                           Min: 0, Avg:  0.0, Max: 0, Diff: 0, Sum: 0, Workers: 4
[150.846s][debug][gc,phases      ] GC(30)     Total                          Min: 0, Avg:  0.0, Max: 0, Diff: 0, Sum: 0, Workers: 4
[150.846s][debug][gc,phases      ] GC(30)   StringDedup Requests1 Weak     Min:  0.0, Avg:  0.0, Max:  0.0, Diff:  0.0, Sum:  0.0, Workers: 4
[150.846s][debug][gc,phases      ] GC(30)     Dead                           Min: 0, Avg:  0.0, Max: 0, Diff: 0, Sum: 0, Workers: 4
[150.846s][debug][gc,phases      ] GC(30)     Total                          Min: 0, Avg:  0.0, Max: 0, Diff: 0, Sum: 0, Workers: 4
[150.846s][debug][gc,phases      ] GC(30)   Weak JFR Old Object Samples    Min:  0.0, Avg:  0.0, Max:  0.0, Diff:  0.0, Sum:  0.0, Workers: 4
[150.846s][debug][gc,phases      ] GC(30)     Dead                           Min: 0, Avg:  0.0, Max: 0, Diff: 0, Sum: 0, Workers: 4
[150.846s][debug][gc,phases      ] GC(30)     Total                          Min: 0, Avg:  0.0, Max: 0, Diff: 0, Sum: 0, Workers: 4
[150.846s][debug][gc,phases      ] GC(30) Weak Processing 0.343ms
[150.846s][debug][gc,age         ] GC(30) Desired survivor size 435159040 bytes, new threshold 15 (max threshold 15)
[150.846s][info ][gc,heap        ] GC(30) PSYoungGen: 1298983K(1678336K)->13888K(1297408K) Eden: 1283072K(1283072K)->0K(1283072K) From: 15911K(395264K)->13888K(14336K)
[150.846s][info ][gc,heap        ] GC(30) ParOldGen: 408747K(532992K)->413059K(532992K)
[150.846s][info ][gc,metaspace   ] GC(30) Metaspace: 86939K(88000K)->86939K(88000K) NonClass: 74196K(74752K)->74196K(74752K) Class: 12742K(13248K)->12742K(13248K)
[150.846s][info ][gc             ] GC(30) Pause Young (Allocation Failure) 1667M->416M(1787M) 57.712ms
[150.846s][info ][gc,cpu         ] GC(30) User=0.17s Sys=0.00s Real=0.06s
[150.846s][info ][safepoint      ] Safepoint "ParallelGCFailedAllocation", Time since last: 628618924 ns, Reaching safepoint: 4800 ns, Cleanup: 26901 ns, At safepoint: 57781796 ns, Total: 57813497 ns
[151.846s][info ][safepoint      ] Safepoint "Cleanup", Time since last: 1000085029 ns, Reaching safepoint: 7700 ns, Cleanup: 15900 ns, At safepoint: 2400 ns, Total: 26000 ns
[152.846s][info ][safepoint      ] Safepoint "Cleanup", Time since last: 1000125629 ns, Reaching safepoint: 77001 ns, Cleanup: 22200 ns, At safepoint: 9600 ns, Total: 108801 ns
[153.847s][info ][safepoint      ] Safepoint "Cleanup", Time since last: 1000115729 ns, Reaching safepoint: 5900 ns, Cleanup: 31300 ns, At safepoint: 7400 ns, Total: 44600 ns
[154.847s][info ][safepoint      ] Safepoint "Cleanup", Time since last: 1000109129 ns, Reaching safepoint: 5800 ns, Cleanup: 15400 ns, At safepoint: 2500 ns, Total: 23700 ns
[155.847s][info ][safepoint      ] Safepoint "Cleanup", Time since last: 1000104974 ns, Reaching safepoint: 5600 ns, Cleanup: 17100 ns, At safepoint: 1700 ns, Total: 24400 ns
[156.847s][info ][safepoint      ] Safepoint "Cleanup", Time since last: 1000101938 ns, Reaching safepoint: 4200 ns, Cleanup: 13501 ns, At safepoint: 1900 ns, Total: 19601 ns
[158.847s][info ][safepoint      ] Safepoint "Cleanup", Time since last: 2000153177 ns, Reaching safepoint: 4200 ns, Cleanup: 24100 ns, At safepoint: 1500 ns, Total: 29800 ns
[159.847s][info ][safepoint      ] Safepoint "Cleanup", Time since last: 1000078838 ns, Reaching safepoint: 4800 ns, Cleanup: 34000 ns, At safepoint: 2500 ns, Total: 41300 ns
[160.706s][info ][gc,start       ] GC(31) Pause Young (Allocation Failure)
[160.718s][debug][gc,phases      ] GC(31) Scavenge 11.536ms
[160.718s][debug][gc,ref         ] GC(31) Skipped phase 1 of Reference Processing: no references
[160.718s][debug][gc,ref         ] GC(31) ReferenceProcessor::execute queues: 1, RefProcThreadModel::Single, marks_oops_alive: false
[160.718s][debug][gc,ref         ] GC(31) Skipped phase 3 of Reference Processing: no references
[160.718s][debug][gc,ref         ] GC(31) ReferenceProcessor::execute queues: 1, RefProcThreadModel::Single, marks_oops_alive: false
[160.718s][debug][gc,phases      ] GC(31) Reference Processing 0.125ms
[160.718s][debug][gc,phases      ] GC(31)   VM Weak                        Min:  0.0, Avg:  0.0, Max:  0.0, Diff:  0.0, Sum:  0.0, Workers: 4
[160.718s][debug][gc,phases      ] GC(31)     Dead                           Min: 0, Avg:  0.0, Max: 0, Diff: 0, Sum: 0, Workers: 4
[160.718s][debug][gc,phases      ] GC(31)     Total                          Min: 0, Avg: 228.2, Max: 721, Diff: 721, Sum: 913, Workers: 4
[160.718s][debug][gc,phases      ] GC(31)   ObjectSynchronizer Weak        Min:  0.0, Avg:  0.0, Max:  0.0, Diff:  0.0, Sum:  0.0, Workers: 4
[160.718s][debug][gc,phases      ] GC(31)     Dead                           Min: 0, Avg:  0.0, Max: 0, Diff: 0, Sum: 0, Workers: 4
[160.718s][debug][gc,phases      ] GC(31)     Total                          Min: 0, Avg:  1.5, Max: 6, Diff: 6, Sum: 6, Workers: 4
[160.718s][debug][gc,phases      ] GC(31)   JVMTI Tag Weak OopStorage      Min:  0.0, Avg:  0.0, Max:  0.0, Diff:  0.0, Sum:  0.0, Workers: 4
[160.718s][debug][gc,phases      ] GC(31)     Dead                           Min: 0, Avg:  0.0, Max: 0, Diff: 0, Sum: 0, Workers: 4
[160.718s][debug][gc,phases      ] GC(31)     Total                          Min: 0, Avg:  0.0, Max: 0, Diff: 0, Sum: 0, Workers: 4
[160.718s][debug][gc,phases      ] GC(31)   StringTable Weak               Min:  0.0, Avg:  0.1, Max:  0.1, Diff:  0.1, Sum:  0.4, Workers: 4
[160.718s][debug][gc,phases      ] GC(31)     Dead                           Min: 0, Avg:  0.0, Max: 0, Diff: 0, Sum: 0, Workers: 4
[160.718s][debug][gc,phases      ] GC(31)     Total                          Min: 0, Avg: 10999.0, Max: 15167, Diff: 15167, Sum: 43996, Workers: 4
[160.718s][debug][gc,phases      ] GC(31)   ResolvedMethodTable Weak       Min:  0.0, Avg:  0.0, Max:  0.0, Diff:  0.0, Sum:  0.1, Workers: 4
[160.718s][debug][gc,phases      ] GC(31)     Dead                           Min: 0, Avg:  0.0, Max: 0, Diff: 0, Sum: 0, Workers: 4
[160.718s][debug][gc,phases      ] GC(31)     Total                          Min: 0, Avg: 2714.2, Max: 3968, Diff: 3968, Sum: 10857, Workers: 4
[160.718s][debug][gc,phases      ] GC(31)   JNI Weak                       Min:  0.0, Avg:  0.0, Max:  0.0, Diff:  0.0, Sum:  0.0, Workers: 4
[160.718s][debug][gc,phases      ] GC(31)     Dead                           Min: 0, Avg:  0.0, Max: 0, Diff: 0, Sum: 0, Workers: 4
[160.718s][debug][gc,phases      ] GC(31)     Total                          Min: 0, Avg: 12.0, Max: 48, Diff: 48, Sum: 48, Workers: 4
[160.718s][debug][gc,phases      ] GC(31)   StringDedup Table Weak         Min:  0.0, Avg:  0.0, Max:  0.0, Diff:  0.0, Sum:  0.0, Workers: 4
[160.718s][debug][gc,phases      ] GC(31)     Dead                           Min: 0, Avg:  0.0, Max: 0, Diff: 0, Sum: 0, Workers: 4
[160.718s][debug][gc,phases      ] GC(31)     Total                          Min: 0, Avg:  0.0, Max: 0, Diff: 0, Sum: 0, Workers: 4
[160.718s][debug][gc,phases      ] GC(31)   StringDedup Requests0 Weak     Min:  0.0, Avg:  0.0, Max:  0.0, Diff:  0.0, Sum:  0.0, Workers: 4
[160.718s][debug][gc,phases      ] GC(31)     Dead                           Min: 0, Avg:  0.0, Max: 0, Diff: 0, Sum: 0, Workers: 4
[160.718s][debug][gc,phases      ] GC(31)     Total                          Min: 0, Avg:  0.0, Max: 0, Diff: 0, Sum: 0, Workers: 4
[160.718s][debug][gc,phases      ] GC(31)   StringDedup Requests1 Weak     Min:  0.0, Avg:  0.0, Max:  0.0, Diff:  0.0, Sum:  0.0, Workers: 4
[160.718s][debug][gc,phases      ] GC(31)     Dead                           Min: 0, Avg:  0.0, Max: 0, Diff: 0, Sum: 0, Workers: 4
[160.718s][debug][gc,phases      ] GC(31)     Total                          Min: 0, Avg:  0.0, Max: 0, Diff: 0, Sum: 0, Workers: 4
[160.718s][debug][gc,phases      ] GC(31)   Weak JFR Old Object Samples    Min:  0.0, Avg:  0.0, Max:  0.0, Diff:  0.0, Sum:  0.0, Workers: 4
[160.718s][debug][gc,phases      ] GC(31)     Dead                           Min: 0, Avg:  0.0, Max: 0, Diff: 0, Sum: 0, Workers: 4
[160.718s][debug][gc,phases      ] GC(31)     Total                          Min: 0, Avg:  0.0, Max: 0, Diff: 0, Sum: 0, Workers: 4
[160.718s][debug][gc,phases      ] GC(31) Weak Processing 0.405ms
[160.718s][debug][gc,age         ] GC(31) Desired survivor size 447217664 bytes, new threshold 15 (max threshold 15)
[160.718s][info ][gc,heap        ] GC(31) PSYoungGen: 1296960K(1297408K)->6112K(1648640K) Eden: 1283072K(1283072K)->0K(1223680K) From: 13888K(14336K)->6112K(424960K)
[160.718s][info ][gc,heap        ] GC(31) ParOldGen: 413059K(532992K)->421939K(532992K)
[160.718s][info ][gc,metaspace   ] GC(31) Metaspace: 86987K(88128K)->86987K(88128K) NonClass: 74240K(74816K)->74240K(74816K) Class: 12746K(13312K)->12746K(13312K)
[160.718s][info ][gc             ] GC(31) Pause Young (Allocation Failure) 1669M->418M(2130M) 12.197ms
[160.718s][info ][gc,cpu         ] GC(31) User=0.01s Sys=0.03s Real=0.02s
[160.718s][info ][safepoint      ] Safepoint "ParallelGCFailedAllocation", Time since last: 858751627 ns, Reaching safepoint: 77200 ns, Cleanup: 18600 ns, At safepoint: 12268762 ns, Total: 12364562 ns
[161.719s][info ][safepoint      ] Safepoint "Cleanup", Time since last: 1000162839 ns, Reaching safepoint: 86100 ns, Cleanup: 23401 ns, At safepoint: 8800 ns, Total: 118301 ns
[162.719s][info ][safepoint      ] Safepoint "Cleanup", Time since last: 1000109638 ns, Reaching safepoint: 72701 ns, Cleanup: 11100 ns, At safepoint: 6700 ns, Total: 90501 ns
[163.719s][info ][safepoint      ] Safepoint "Cleanup", Time since last: 1000120066 ns, Reaching safepoint: 77800 ns, Cleanup: 19600 ns, At safepoint: 7000 ns, Total: 104400 ns
[165.204s][info ][safepoint      ] Safepoint "Cleanup", Time since last: 1484450564 ns, Reaching safepoint: 5700 ns, Cleanup: 100901 ns, At safepoint: 2600 ns, Total: 109201 ns
[167.204s][info ][safepoint      ] Safepoint "Cleanup", Time since last: 2000180991 ns, Reaching safepoint: 5500 ns, Cleanup: 37100 ns, At safepoint: 2100 ns, Total: 44700 ns
[168.204s][info ][safepoint      ] Safepoint "Cleanup", Time since last: 1000112196 ns, Reaching safepoint: 4400 ns, Cleanup: 22300 ns, At safepoint: 2300 ns, Total: 29000 ns
[169.204s][info ][safepoint      ] Safepoint "Cleanup", Time since last: 1000110796 ns, Reaching safepoint: 5900 ns, Cleanup: 20600 ns, At safepoint: 2300 ns, Total: 28800 ns
[169.557s][info ][gc,start       ] GC(32) Pause Young (Allocation Failure)
[169.563s][debug][gc,phases      ] GC(32) Scavenge 6.469ms
[169.563s][debug][gc,ref         ] GC(32) Skipped phase 1 of Reference Processing: no references
[169.563s][debug][gc,ref         ] GC(32) ReferenceProcessor::execute queues: 1, RefProcThreadModel::Single, marks_oops_alive: false
[169.563s][debug][gc,ref         ] GC(32) Skipped phase 3 of Reference Processing: no references
[169.563s][debug][gc,ref         ] GC(32) ReferenceProcessor::execute queues: 1, RefProcThreadModel::Single, marks_oops_alive: false
[169.563s][debug][gc,phases      ] GC(32) Reference Processing 0.100ms
[169.564s][debug][gc,phases      ] GC(32)   VM Weak                        Min:  0.0, Avg:  0.0, Max:  0.0, Diff:  0.0, Sum:  0.0, Workers: 4
[169.564s][debug][gc,phases      ] GC(32)     Dead                           Min: 0, Avg:  0.0, Max: 0, Diff: 0, Sum: 0, Workers: 4
[169.564s][debug][gc,phases      ] GC(32)     Total                          Min: 0, Avg: 228.2, Max: 913, Diff: 913, Sum: 913, Workers: 4
[169.564s][debug][gc,phases      ] GC(32)   ObjectSynchronizer Weak        Min:  0.0, Avg:  0.0, Max:  0.0, Diff:  0.0, Sum:  0.0, Workers: 4
[169.564s][debug][gc,phases      ] GC(32)     Dead                           Min: 0, Avg:  0.0, Max: 0, Diff: 0, Sum: 0, Workers: 4
[169.564s][debug][gc,phases      ] GC(32)     Total                          Min: 0, Avg:  1.5, Max: 6, Diff: 6, Sum: 6, Workers: 4
[169.564s][debug][gc,phases      ] GC(32)   JVMTI Tag Weak OopStorage      Min:  0.0, Avg:  0.0, Max:  0.0, Diff:  0.0, Sum:  0.0, Workers: 4
[169.564s][debug][gc,phases      ] GC(32)     Dead                           Min: 0, Avg:  0.0, Max: 0, Diff: 0, Sum: 0, Workers: 4
[169.564s][debug][gc,phases      ] GC(32)     Total                          Min: 0, Avg:  0.0, Max: 0, Diff: 0, Sum: 0, Workers: 4
[169.564s][debug][gc,phases      ] GC(32)   StringTable Weak               Min:  0.0, Avg:  0.1, Max:  0.2, Diff:  0.2, Sum:  0.3, Workers: 4
[169.564s][debug][gc,phases      ] GC(32)     Dead                           Min: 0, Avg:  0.0, Max: 0, Diff: 0, Sum: 0, Workers: 4
[169.564s][debug][gc,phases      ] GC(32)     Total                          Min: 0, Avg: 11000.8, Max: 26979, Diff: 26979, Sum: 44003, Workers: 4
[169.564s][debug][gc,phases      ] GC(32)   ResolvedMethodTable Weak       Min:  0.0, Avg:  0.0, Max:  0.0, Diff:  0.0, Sum:  0.1, Workers: 4
[169.564s][debug][gc,phases      ] GC(32)     Dead                           Min: 0, Avg:  0.0, Max: 0, Diff: 0, Sum: 0, Workers: 4
[169.564s][debug][gc,phases      ] GC(32)     Total                          Min: 0, Avg: 2714.8, Max: 6464, Diff: 6464, Sum: 10859, Workers: 4
[169.564s][debug][gc,phases      ] GC(32)   JNI Weak                       Min:  0.0, Avg:  0.0, Max:  0.0, Diff:  0.0, Sum:  0.0, Workers: 4
[169.564s][debug][gc,phases      ] GC(32)     Dead                           Min: 0, Avg:  0.0, Max: 0, Diff: 0, Sum: 0, Workers: 4
[169.564s][debug][gc,phases      ] GC(32)     Total                          Min: 0, Avg: 12.0, Max: 48, Diff: 48, Sum: 48, Workers: 4
[169.564s][debug][gc,phases      ] GC(32)   StringDedup Table Weak         Min:  0.0, Avg:  0.0, Max:  0.0, Diff:  0.0, Sum:  0.0, Workers: 4
[169.564s][debug][gc,phases      ] GC(32)     Dead                           Min: 0, Avg:  0.0, Max: 0, Diff: 0, Sum: 0, Workers: 4
[169.564s][debug][gc,phases      ] GC(32)     Total                          Min: 0, Avg:  0.0, Max: 0, Diff: 0, Sum: 0, Workers: 4
[169.564s][debug][gc,phases      ] GC(32)   StringDedup Requests0 Weak     Min:  0.0, Avg:  0.0, Max:  0.0, Diff:  0.0, Sum:  0.0, Workers: 4
[169.564s][debug][gc,phases      ] GC(32)     Dead                           Min: 0, Avg:  0.0, Max: 0, Diff: 0, Sum: 0, Workers: 4
[169.564s][debug][gc,phases      ] GC(32)     Total                          Min: 0, Avg:  0.0, Max: 0, Diff: 0, Sum: 0, Workers: 4
[169.564s][debug][gc,phases      ] GC(32)   StringDedup Requests1 Weak     Min:  0.0, Avg:  0.0, Max:  0.0, Diff:  0.0, Sum:  0.0, Workers: 4
[169.564s][debug][gc,phases      ] GC(32)     Dead                           Min: 0, Avg:  0.0, Max: 0, Diff: 0, Sum: 0, Workers: 4
[169.564s][debug][gc,phases      ] GC(32)     Total                          Min: 0, Avg:  0.0, Max: 0, Diff: 0, Sum: 0, Workers: 4
[169.564s][debug][gc,phases      ] GC(32)   Weak JFR Old Object Samples    Min:  0.0, Avg:  0.0, Max:  0.0, Diff:  0.0, Sum:  0.0, Workers: 4
[169.564s][debug][gc,phases      ] GC(32)     Dead                           Min: 0, Avg:  0.0, Max: 0, Diff: 0, Sum: 0, Workers: 4
[169.564s][debug][gc,phases      ] GC(32)     Total                          Min: 0, Avg:  0.0, Max: 0, Diff: 0, Sum: 0, Workers: 4
[169.564s][debug][gc,phases      ] GC(32) Weak Processing 0.413ms
[169.564s][debug][gc,age         ] GC(32) Desired survivor size 451936256 bytes, new threshold 15 (max threshold 15)
[169.564s][info ][gc,heap        ] GC(32) PSYoungGen: 1229792K(1648640K)->9984K(1233920K) Eden: 1223680K(1223680K)->0K(1223680K) From: 6112K(424960K)->9984K(10240K)
[169.564s][info ][gc,heap        ] GC(32) ParOldGen: 421939K(532992K)->423355K(532992K)
[169.564s][info ][gc,metaspace   ] GC(32) Metaspace: 87038K(88256K)->87038K(88256K) NonClass: 74290K(74944K)->74290K(74944K) Class: 12747K(13312K)->12747K(13312K)
[169.564s][info ][gc             ] GC(32) Pause Young (Allocation Failure) 1613M->423M(1725M) 7.108ms
[169.564s][info ][gc,cpu         ] GC(32) User=0.02s Sys=0.00s Real=0.01s
[169.564s][info ][safepoint      ] Safepoint "ParallelGCFailedAllocation", Time since last: 352531497 ns, Reaching safepoint: 75300 ns, Cleanup: 4900 ns, At safepoint: 7179037 ns, Total: 7259237 ns
[170.564s][info ][safepoint      ] Safepoint "Cleanup", Time since last: 1000098195 ns, Reaching safepoint: 76201 ns, Cleanup: 8000 ns, At safepoint: 6100 ns, Total: 90301 ns
[172.564s][info ][safepoint      ] Safepoint "Cleanup", Time since last: 2000204178 ns, Reaching safepoint: 78400 ns, Cleanup: 9100 ns, At safepoint: 6800 ns, Total: 94300 ns
[174.235s][info ][safepoint      ] Safepoint "Cleanup", Time since last: 1670437188 ns, Reaching safepoint: 139401 ns, Cleanup: 36000 ns, At safepoint: 12000 ns, Total: 187401 ns
[175.235s][info ][safepoint      ] Safepoint "Cleanup", Time since last: 1000104083 ns, Reaching safepoint: 5000 ns, Cleanup: 10700 ns, At safepoint: 1600 ns, Total: 17300 ns
[176.235s][info ][safepoint      ] Safepoint "Cleanup", Time since last: 1000099382 ns, Reaching safepoint: 4800 ns, Cleanup: 17800 ns, At safepoint: 2500 ns, Total: 25100 ns
[177.235s][info ][safepoint      ] Safepoint "Cleanup", Time since last: 1000121783 ns, Reaching safepoint: 5900 ns, Cleanup: 17300 ns, At safepoint: 2400 ns, Total: 25600 ns
[178.236s][info ][safepoint      ] Safepoint "Cleanup", Time since last: 1000140383 ns, Reaching safepoint: 7700 ns, Cleanup: 14700 ns, At safepoint: 11300 ns, Total: 33700 ns
[178.806s][info ][gc,start       ] GC(33) Pause Young (Allocation Failure)
[178.813s][debug][gc,phases      ] GC(33) Scavenge 7.174ms
[178.813s][debug][gc,ref         ] GC(33) Skipped phase 1 of Reference Processing: no references
[178.813s][debug][gc,ref         ] GC(33) ReferenceProcessor::execute queues: 1, RefProcThreadModel::Single, marks_oops_alive: false
[178.813s][debug][gc,ref         ] GC(33) Skipped phase 3 of Reference Processing: no references
[178.813s][debug][gc,ref         ] GC(33) ReferenceProcessor::execute queues: 1, RefProcThreadModel::Single, marks_oops_alive: false
[178.813s][debug][gc,phases      ] GC(33) Reference Processing 0.149ms
[178.814s][debug][gc,phases      ] GC(33)   VM Weak                        Min:  0.0, Avg:  0.0, Max:  0.0, Diff:  0.0, Sum:  0.0, Workers: 4
[178.814s][debug][gc,phases      ] GC(33)     Dead                           Min: 0, Avg:  0.0, Max: 0, Diff: 0, Sum: 0, Workers: 4
[178.814s][debug][gc,phases      ] GC(33)     Total                          Min: 0, Avg: 228.5, Max: 576, Diff: 576, Sum: 914, Workers: 4
[178.814s][debug][gc,phases      ] GC(33)   ObjectSynchronizer Weak        Min:  0.0, Avg:  0.0, Max:  0.0, Diff:  0.0, Sum:  0.0, Workers: 4
[178.814s][debug][gc,phases      ] GC(33)     Dead                           Min: 0, Avg:  0.0, Max: 0, Diff: 0, Sum: 0, Workers: 4
[178.814s][debug][gc,phases      ] GC(33)     Total                          Min: 0, Avg:  1.5, Max: 6, Diff: 6, Sum: 6, Workers: 4
[178.814s][debug][gc,phases      ] GC(33)   JVMTI Tag Weak OopStorage      Min:  0.0, Avg:  0.0, Max:  0.0, Diff:  0.0, Sum:  0.0, Workers: 4
[178.814s][debug][gc,phases      ] GC(33)     Dead                           Min: 0, Avg:  0.0, Max: 0, Diff: 0, Sum: 0, Workers: 4
[178.814s][debug][gc,phases      ] GC(33)     Total                          Min: 0, Avg:  0.0, Max: 0, Diff: 0, Sum: 0, Workers: 4
[178.814s][debug][gc,phases      ] GC(33)   StringTable Weak               Min:  0.0, Avg:  0.1, Max:  0.1, Diff:  0.1, Sum:  0.4, Workers: 4
[178.814s][debug][gc,phases      ] GC(33)     Dead                           Min: 0, Avg:  0.5, Max: 2, Diff: 2, Sum: 2, Workers: 4
[178.814s][debug][gc,phases      ] GC(33)     Total                          Min: 0, Avg: 11005.5, Max: 15223, Diff: 15223, Sum: 44022, Workers: 4
[178.814s][debug][gc,phases      ] GC(33)   ResolvedMethodTable Weak       Min:  0.0, Avg:  0.0, Max:  0.0, Diff:  0.0, Sum:  0.1, Workers: 4
[178.814s][debug][gc,phases      ] GC(33)     Dead                           Min: 0, Avg:  0.0, Max: 0, Diff: 0, Sum: 0, Workers: 4
[178.814s][debug][gc,phases      ] GC(33)     Total                          Min: 0, Avg: 2717.8, Max: 3840, Diff: 3840, Sum: 10871, Workers: 4
[178.814s][debug][gc,phases      ] GC(33)   JNI Weak                       Min:  0.0, Avg:  0.0, Max:  0.0, Diff:  0.0, Sum:  0.0, Workers: 4
[178.814s][debug][gc,phases      ] GC(33)     Dead                           Min: 0, Avg:  0.0, Max: 0, Diff: 0, Sum: 0, Workers: 4
[178.814s][debug][gc,phases      ] GC(33)     Total                          Min: 0, Avg: 12.0, Max: 48, Diff: 48, Sum: 48, Workers: 4
[178.814s][debug][gc,phases      ] GC(33)   StringDedup Table Weak         Min:  0.0, Avg:  0.0, Max:  0.0, Diff:  0.0, Sum:  0.0, Workers: 4
[178.814s][debug][gc,phases      ] GC(33)     Dead                           Min: 0, Avg:  0.0, Max: 0, Diff: 0, Sum: 0, Workers: 4
[178.814s][debug][gc,phases      ] GC(33)     Total                          Min: 0, Avg:  0.0, Max: 0, Diff: 0, Sum: 0, Workers: 4
[178.814s][debug][gc,phases      ] GC(33)   StringDedup Requests0 Weak     Min:  0.0, Avg:  0.0, Max:  0.0, Diff:  0.0, Sum:  0.0, Workers: 4
[178.814s][debug][gc,phases      ] GC(33)     Dead                           Min: 0, Avg:  0.0, Max: 0, Diff: 0, Sum: 0, Workers: 4
[178.814s][debug][gc,phases      ] GC(33)     Total                          Min: 0, Avg:  0.0, Max: 0, Diff: 0, Sum: 0, Workers: 4
[178.814s][debug][gc,phases      ] GC(33)   StringDedup Requests1 Weak     Min:  0.0, Avg:  0.0, Max:  0.0, Diff:  0.0, Sum:  0.0, Workers: 4
[178.814s][debug][gc,phases      ] GC(33)     Dead                           Min: 0, Avg:  0.0, Max: 0, Diff: 0, Sum: 0, Workers: 4
[178.814s][debug][gc,phases      ] GC(33)     Total                          Min: 0, Avg:  0.0, Max: 0, Diff: 0, Sum: 0, Workers: 4
[178.814s][debug][gc,phases      ] GC(33)   Weak JFR Old Object Samples    Min:  0.0, Avg:  0.0, Max:  0.0, Diff:  0.0, Sum:  0.0, Workers: 4
[178.814s][debug][gc,phases      ] GC(33)     Dead                           Min: 0, Avg:  0.0, Max: 0, Diff: 0, Sum: 0, Workers: 4
[178.814s][debug][gc,phases      ] GC(33)     Total                          Min: 0, Avg:  0.0, Max: 0, Diff: 0, Sum: 0, Workers: 4
[178.814s][debug][gc,phases      ] GC(33) Weak Processing 0.413ms
[178.814s][debug][gc,age         ] GC(33) Desired survivor size 450887680 bytes, new threshold 15 (max threshold 15)
[178.814s][info ][gc,heap        ] GC(33) PSYoungGen: 1233664K(1233920K)->11024K(1656832K) Eden: 1223680K(1223680K)->0K(1215488K) From: 9984K(10240K)->11024K(441344K)
[178.814s][info ][gc,heap        ] GC(33) ParOldGen: 423355K(532992K)->423387K(532992K)
[178.814s][info ][gc,metaspace   ] GC(33) Metaspace: 87087K(88256K)->87087K(88256K) NonClass: 74331K(74944K)->74331K(74944K) Class: 12755K(13312K)->12755K(13312K)
[178.814s][info ][gc             ] GC(33) Pause Young (Allocation Failure) 1618M->424M(2138M) 7.850ms
[178.814s][info ][gc,cpu         ] GC(33) User=0.02s Sys=0.01s Real=0.01s
[178.814s][info ][safepoint      ] Safepoint "ParallelGCFailedAllocation", Time since last: 570435828 ns, Reaching safepoint: 76400 ns, Cleanup: 4500 ns, At safepoint: 7931038 ns, Total: 8011938 ns
[179.814s][info ][safepoint      ] Safepoint "Cleanup", Time since last: 1000111742 ns, Reaching safepoint: 78801 ns, Cleanup: 22000 ns, At safepoint: 7000 ns, Total: 107801 ns
[181.103s][info ][safepoint      ] Safepoint "Cleanup", Time since last: 1288516955 ns, Reaching safepoint: 74400 ns, Cleanup: 19600 ns, At safepoint: 6300 ns, Total: 100300 ns
[184.103s][info ][safepoint      ] Safepoint "Cleanup", Time since last: 3000235096 ns, Reaching safepoint: 5500 ns, Cleanup: 11800 ns, At safepoint: 5300 ns, Total: 22600 ns
[185.103s][info ][safepoint      ] Safepoint "Cleanup", Time since last: 1000113865 ns, Reaching safepoint: 4900 ns, Cleanup: 20100 ns, At safepoint: 1700 ns, Total: 26700 ns
[186.358s][info ][safepoint      ] Safepoint "Cleanup", Time since last: 1254957782 ns, Reaching safepoint: 2300 ns, Cleanup: 6900 ns, At safepoint: 1100 ns, Total: 10300 ns
[187.358s][info ][safepoint      ] Safepoint "Cleanup", Time since last: 1000096061 ns, Reaching safepoint: 72001 ns, Cleanup: 33000 ns, At safepoint: 6400 ns, Total: 111401 ns
[187.749s][info ][gc,start       ] GC(34) Pause Young (Allocation Failure)
[187.756s][debug][gc,phases      ] GC(34) Scavenge 6.960ms
[187.756s][debug][gc,ref         ] GC(34) Skipped phase 1 of Reference Processing: no references
[187.756s][debug][gc,ref         ] GC(34) ReferenceProcessor::execute queues: 1, RefProcThreadModel::Single, marks_oops_alive: false
[187.756s][debug][gc,ref         ] GC(34) Skipped phase 3 of Reference Processing: no references
[187.756s][debug][gc,ref         ] GC(34) ReferenceProcessor::execute queues: 1, RefProcThreadModel::Single, marks_oops_alive: false
[187.756s][debug][gc,phases      ] GC(34) Reference Processing 0.115ms
[187.756s][debug][gc,phases      ] GC(34)   VM Weak                        Min:  0.0, Avg:  0.0, Max:  0.0, Diff:  0.0, Sum:  0.0, Workers: 4
[187.756s][debug][gc,phases      ] GC(34)     Dead                           Min: 0, Avg:  0.0, Max: 0, Diff: 0, Sum: 0, Workers: 4
[187.756s][debug][gc,phases      ] GC(34)     Total                          Min: 0, Avg: 228.5, Max: 466, Diff: 466, Sum: 914, Workers: 4
[187.756s][debug][gc,phases      ] GC(34)   ObjectSynchronizer Weak        Min:  0.0, Avg:  0.0, Max:  0.0, Diff:  0.0, Sum:  0.0, Workers: 4
[187.756s][debug][gc,phases      ] GC(34)     Dead                           Min: 0, Avg:  0.0, Max: 0, Diff: 0, Sum: 0, Workers: 4
[187.756s][debug][gc,phases      ] GC(34)     Total                          Min: 0, Avg:  1.5, Max: 6, Diff: 6, Sum: 6, Workers: 4
[187.756s][debug][gc,phases      ] GC(34)   JVMTI Tag Weak OopStorage      Min:  0.0, Avg:  0.0, Max:  0.0, Diff:  0.0, Sum:  0.0, Workers: 4
[187.756s][debug][gc,phases      ] GC(34)     Dead                           Min: 0, Avg:  0.0, Max: 0, Diff: 0, Sum: 0, Workers: 4
[187.756s][debug][gc,phases      ] GC(34)     Total                          Min: 0, Avg:  0.0, Max: 0, Diff: 0, Sum: 0, Workers: 4
[187.756s][debug][gc,phases      ] GC(34)   StringTable Weak               Min:  0.0, Avg:  0.1, Max:  0.1, Diff:  0.1, Sum:  0.4, Workers: 4
[187.756s][debug][gc,phases      ] GC(34)     Dead                           Min: 0, Avg:  0.2, Max: 1, Diff: 1, Sum: 1, Workers: 4
[187.756s][debug][gc,phases      ] GC(34)     Total                          Min: 0, Avg: 11010.5, Max: 18635, Diff: 18635, Sum: 44042, Workers: 4
[187.756s][debug][gc,phases      ] GC(34)   ResolvedMethodTable Weak       Min:  0.0, Avg:  0.0, Max:  0.0, Diff:  0.0, Sum:  0.1, Workers: 4
[187.756s][debug][gc,phases      ] GC(34)     Dead                           Min: 0, Avg:  4.0, Max: 8, Diff: 8, Sum: 16, Workers: 4
[187.756s][debug][gc,phases      ] GC(34)     Total                          Min: 0, Avg: 2721.8, Max: 3719, Diff: 3719, Sum: 10887, Workers: 4
[187.756s][debug][gc,phases      ] GC(34)   JNI Weak                       Min:  0.0, Avg:  0.0, Max:  0.0, Diff:  0.0, Sum:  0.0, Workers: 4
[187.756s][debug][gc,phases      ] GC(34)     Dead                           Min: 0, Avg:  0.0, Max: 0, Diff: 0, Sum: 0, Workers: 4
[187.756s][debug][gc,phases      ] GC(34)     Total                          Min: 0, Avg: 12.0, Max: 48, Diff: 48, Sum: 48, Workers: 4
[187.756s][debug][gc,phases      ] GC(34)   StringDedup Table Weak         Min:  0.0, Avg:  0.0, Max:  0.0, Diff:  0.0, Sum:  0.0, Workers: 4
[187.756s][debug][gc,phases      ] GC(34)     Dead                           Min: 0, Avg:  0.0, Max: 0, Diff: 0, Sum: 0, Workers: 4
[187.756s][debug][gc,phases      ] GC(34)     Total                          Min: 0, Avg:  0.0, Max: 0, Diff: 0, Sum: 0, Workers: 4
[187.756s][debug][gc,phases      ] GC(34)   StringDedup Requests0 Weak     Min:  0.0, Avg:  0.0, Max:  0.0, Diff:  0.0, Sum:  0.0, Workers: 4
[187.756s][debug][gc,phases      ] GC(34)     Dead                           Min: 0, Avg:  0.0, Max: 0, Diff: 0, Sum: 0, Workers: 4
[187.756s][debug][gc,phases      ] GC(34)     Total                          Min: 0, Avg:  0.0, Max: 0, Diff: 0, Sum: 0, Workers: 4
[187.756s][debug][gc,phases      ] GC(34)   StringDedup Requests1 Weak     Min:  0.0, Avg:  0.0, Max:  0.0, Diff:  0.0, Sum:  0.0, Workers: 4
[187.756s][debug][gc,phases      ] GC(34)     Dead                           Min: 0, Avg:  0.0, Max: 0, Diff: 0, Sum: 0, Workers: 4
[187.756s][debug][gc,phases      ] GC(34)     Total                          Min: 0, Avg:  0.0, Max: 0, Diff: 0, Sum: 0, Workers: 4
[187.756s][debug][gc,phases      ] GC(34)   Weak JFR Old Object Samples    Min:  0.0, Avg:  0.0, Max:  0.0, Diff:  0.0, Sum:  0.0, Workers: 4
[187.756s][debug][gc,phases      ] GC(34)     Dead                           Min: 0, Avg:  0.0, Max: 0, Diff: 0, Sum: 0, Workers: 4
[187.756s][debug][gc,phases      ] GC(34)     Total                          Min: 0, Avg:  0.0, Max: 0, Diff: 0, Sum: 0, Workers: 4
[187.756s][debug][gc,phases      ] GC(34) Weak Processing 0.377ms
[187.756s][debug][gc,age         ] GC(34) Desired survivor size 446169088 bytes, new threshold 15 (max threshold 15)
[187.756s][info ][gc,heap        ] GC(34) PSYoungGen: 1226512K(1656832K)->11264K(1655808K) Eden: 1215488K(1215488K)->0K(1215488K) From: 11024K(441344K)->11264K(440320K)
[187.756s][info ][gc,heap        ] GC(34) ParOldGen: 423387K(532992K)->423419K(532992K)
[187.756s][info ][gc,metaspace   ] GC(34) Metaspace: 87255K(88448K)->87255K(88448K) NonClass: 74489K(75136K)->74489K(75136K) Class: 12765K(13312K)->12765K(13312K)
[187.756s][info ][gc             ] GC(34) Pause Young (Allocation Failure) 1611M->424M(2137M) 7.554ms
[187.756s][info ][gc,cpu         ] GC(34) User=0.03s Sys=0.00s Real=0.01s
[187.756s][info ][safepoint      ] Safepoint "ParallelGCFailedAllocation", Time since last: 390363801 ns, Reaching safepoint: 5600 ns, Cleanup: 28101 ns, At safepoint: 7616439 ns, Total: 7650140 ns
[188.757s][info ][safepoint      ] Safepoint "Cleanup", Time since last: 1000094627 ns, Reaching safepoint: 75201 ns, Cleanup: 25500 ns, At safepoint: 10600 ns, Total: 111301 ns
[191.757s][info ][safepoint      ] Safepoint "Cleanup", Time since last: 3000263683 ns, Reaching safepoint: 81300 ns, Cleanup: 8901 ns, At safepoint: 9000 ns, Total: 99201 ns
[192.757s][info ][safepoint      ] Safepoint "Cleanup", Time since last: 1000130427 ns, Reaching safepoint: 76701 ns, Cleanup: 9600 ns, At safepoint: 8200 ns, Total: 94501 ns
[193.757s][info ][safepoint      ] Safepoint "Cleanup", Time since last: 1000113328 ns, Reaching safepoint: 77100 ns, Cleanup: 15900 ns, At safepoint: 8700 ns, Total: 101700 ns
[195.758s][info ][safepoint      ] Safepoint "Cleanup", Time since last: 2000171540 ns, Reaching safepoint: 75001 ns, Cleanup: 11400 ns, At safepoint: 14900 ns, Total: 101301 ns
[196.758s][info ][safepoint      ] Safepoint "Cleanup", Time since last: 1000122196 ns, Reaching safepoint: 75501 ns, Cleanup: 9900 ns, At safepoint: 6100 ns, Total: 91501 ns
[196.884s][info ][gc,start       ] GC(35) Pause Young (Allocation Failure)
[196.894s][debug][gc,phases      ] GC(35) Scavenge 10.184ms
[196.894s][debug][gc,ref         ] GC(35) Skipped phase 1 of Reference Processing: no references
[196.894s][debug][gc,ref         ] GC(35) ReferenceProcessor::execute queues: 1, RefProcThreadModel::Single, marks_oops_alive: false
[196.894s][debug][gc,ref         ] GC(35) Skipped phase 3 of Reference Processing: no references
[196.894s][debug][gc,ref         ] GC(35) Skipped phase 4 of Reference Processing: no references
[196.894s][debug][gc,phases      ] GC(35) Reference Processing 0.127ms
[196.894s][debug][gc,phases      ] GC(35)   VM Weak                        Min:  0.0, Avg:  0.0, Max:  0.0, Diff:  0.0, Sum:  0.0, Workers: 4
[196.894s][debug][gc,phases      ] GC(35)     Dead                           Min: 0, Avg:  0.0, Max: 0, Diff: 0, Sum: 0, Workers: 4
[196.894s][debug][gc,phases      ] GC(35)     Total                          Min: 0, Avg: 228.5, Max: 768, Diff: 768, Sum: 914, Workers: 4
[196.894s][debug][gc,phases      ] GC(35)   ObjectSynchronizer Weak        Min:  0.0, Avg:  0.0, Max:  0.0, Diff:  0.0, Sum:  0.0, Workers: 4
[196.894s][debug][gc,phases      ] GC(35)     Dead                           Min: 0, Avg:  0.0, Max: 0, Diff: 0, Sum: 0, Workers: 4
[196.894s][debug][gc,phases      ] GC(35)     Total                          Min: 0, Avg:  1.5, Max: 6, Diff: 6, Sum: 6, Workers: 4
[196.894s][debug][gc,phases      ] GC(35)   JVMTI Tag Weak OopStorage      Min:  0.0, Avg:  0.0, Max:  0.0, Diff:  0.0, Sum:  0.0, Workers: 4
[196.894s][debug][gc,phases      ] GC(35)     Dead                           Min: 0, Avg:  0.0, Max: 0, Diff: 0, Sum: 0, Workers: 4
[196.894s][debug][gc,phases      ] GC(35)     Total                          Min: 0, Avg:  0.0, Max: 0, Diff: 0, Sum: 0, Workers: 4
[196.894s][debug][gc,phases      ] GC(35)   StringTable Weak               Min:  0.0, Avg:  0.1, Max:  0.1, Diff:  0.1, Sum:  0.4, Workers: 4
[196.894s][debug][gc,phases      ] GC(35)     Dead                           Min: 0, Avg:  0.0, Max: 0, Diff: 0, Sum: 0, Workers: 4
[196.894s][debug][gc,phases      ] GC(35)     Total                          Min: 0, Avg: 11019.2, Max: 18477, Diff: 18477, Sum: 44077, Workers: 4
[196.894s][debug][gc,phases      ] GC(35)   ResolvedMethodTable Weak       Min:  0.0, Avg:  0.0, Max:  0.0, Diff:  0.0, Sum:  0.1, Workers: 4
[196.894s][debug][gc,phases      ] GC(35)     Dead                           Min: 0, Avg:  0.0, Max: 0, Diff: 0, Sum: 0, Workers: 4
[196.894s][debug][gc,phases      ] GC(35)     Total                          Min: 0, Avg: 2721.8, Max: 3783, Diff: 3783, Sum: 10887, Workers: 4
[196.894s][debug][gc,phases      ] GC(35)   JNI Weak                       Min:  0.0, Avg:  0.0, Max:  0.0, Diff:  0.0, Sum:  0.0, Workers: 4
[196.894s][debug][gc,phases      ] GC(35)     Dead                           Min: 0, Avg:  0.0, Max: 0, Diff: 0, Sum: 0, Workers: 4
[196.894s][debug][gc,phases      ] GC(35)     Total                          Min: 0, Avg: 12.0, Max: 48, Diff: 48, Sum: 48, Workers: 4
[196.894s][debug][gc,phases      ] GC(35)   StringDedup Table Weak         Min:  0.0, Avg:  0.0, Max:  0.0, Diff:  0.0, Sum:  0.0, Workers: 4
[196.894s][debug][gc,phases      ] GC(35)     Dead                           Min: 0, Avg:  0.0, Max: 0, Diff: 0, Sum: 0, Workers: 4
[196.894s][debug][gc,phases      ] GC(35)     Total                          Min: 0, Avg:  0.0, Max: 0, Diff: 0, Sum: 0, Workers: 4
[196.894s][debug][gc,phases      ] GC(35)   StringDedup Requests0 Weak     Min:  0.0, Avg:  0.0, Max:  0.0, Diff:  0.0, Sum:  0.0, Workers: 4
[196.894s][debug][gc,phases      ] GC(35)     Dead                           Min: 0, Avg:  0.0, Max: 0, Diff: 0, Sum: 0, Workers: 4
[196.894s][debug][gc,phases      ] GC(35)     Total                          Min: 0, Avg:  0.0, Max: 0, Diff: 0, Sum: 0, Workers: 4
[196.894s][debug][gc,phases      ] GC(35)   StringDedup Requests1 Weak     Min:  0.0, Avg:  0.0, Max:  0.0, Diff:  0.0, Sum:  0.0, Workers: 4
[196.894s][debug][gc,phases      ] GC(35)     Dead                           Min: 0, Avg:  0.0, Max: 0, Diff: 0, Sum: 0, Workers: 4
[196.894s][debug][gc,phases      ] GC(35)     Total                          Min: 0, Avg:  0.0, Max: 0, Diff: 0, Sum: 0, Workers: 4
[196.894s][debug][gc,phases      ] GC(35)   Weak JFR Old Object Samples    Min:  0.0, Avg:  0.0, Max:  0.0, Diff:  0.0, Sum:  0.0, Workers: 4
[196.894s][debug][gc,phases      ] GC(35)     Dead                           Min: 0, Avg:  0.0, Max: 0, Diff: 0, Sum: 0, Workers: 4
[196.894s][debug][gc,phases      ] GC(35)     Total                          Min: 0, Avg:  0.0, Max: 0, Diff: 0, Sum: 0, Workers: 4
[196.894s][debug][gc,phases      ] GC(35) Weak Processing 0.363ms
[196.894s][debug][gc,age         ] GC(35) Desired survivor size 437256192 bytes, new threshold 15 (max threshold 15)
[196.894s][info ][gc,heap        ] GC(35) PSYoungGen: 1226752K(1655808K)->11456K(1670144K) Eden: 1215488K(1215488K)->0K(1234432K) From: 11264K(440320K)->11456K(435712K)
[196.894s][info ][gc,heap        ] GC(35) ParOldGen: 423419K(532992K)->423467K(532992K)
[196.894s][info ][gc,metaspace   ] GC(35) Metaspace: 87284K(88448K)->87284K(88448K) NonClass: 74518K(75136K)->74518K(75136K) Class: 12765K(13312K)->12765K(13312K)
[196.894s][info ][gc             ] GC(35) Pause Young (Allocation Failure) 1611M->424M(2151M) 10.797ms
[196.894s][info ][gc,cpu         ] GC(35) User=0.03s Sys=0.00s Real=0.01s
[196.894s][info ][safepoint      ] Safepoint "ParallelGCFailedAllocation", Time since last: 125605240 ns, Reaching safepoint: 4800 ns, Cleanup: 4300 ns, At safepoint: 10869455 ns, Total: 10878555 ns
[197.894s][info ][safepoint      ] Safepoint "Cleanup", Time since last: 1000060897 ns, Reaching safepoint: 4300 ns, Cleanup: 13800 ns, At safepoint: 1700 ns, Total: 19800 ns
[198.895s][info ][safepoint      ] Safepoint "Cleanup", Time since last: 1000097496 ns, Reaching safepoint: 7200 ns, Cleanup: 14400 ns, At safepoint: 2200 ns, Total: 23800 ns
[199.895s][info ][safepoint      ] Safepoint "Cleanup", Time since last: 1000094496 ns, Reaching safepoint: 3701 ns, Cleanup: 11800 ns, At safepoint: 1900 ns, Total: 17401 ns
[200.895s][info ][safepoint      ] Safepoint "Cleanup", Time since last: 1000095096 ns, Reaching safepoint: 4900 ns, Cleanup: 8100 ns, At safepoint: 1900 ns, Total: 14900 ns
[202.895s][info ][safepoint      ] Safepoint "Cleanup", Time since last: 2000160793 ns, Reaching safepoint: 4600 ns, Cleanup: 13700 ns, At safepoint: 2300 ns, Total: 20600 ns
[203.895s][info ][safepoint      ] Safepoint "Cleanup", Time since last: 1000106945 ns, Reaching safepoint: 6100 ns, Cleanup: 18300 ns, At safepoint: 2400 ns, Total: 26800 ns
[204.895s][info ][safepoint      ] Safepoint "Cleanup", Time since last: 1000099438 ns, Reaching safepoint: 5300 ns, Cleanup: 13300 ns, At safepoint: 1900 ns, Total: 20500 ns
[205.895s][info ][safepoint      ] Safepoint "Cleanup", Time since last: 1000097138 ns, Reaching safepoint: 5000 ns, Cleanup: 10500 ns, At safepoint: 2100 ns, Total: 17600 ns
[205.957s][info ][gc,start       ] GC(36) Pause Young (Allocation Failure)
[205.965s][debug][gc,phases      ] GC(36) Scavenge 7.609ms
[205.965s][debug][gc,ref         ] GC(36) Skipped phase 1 of Reference Processing: no references
[205.965s][debug][gc,ref         ] GC(36) ReferenceProcessor::execute queues: 1, RefProcThreadModel::Single, marks_oops_alive: false
[205.965s][debug][gc,ref         ] GC(36) Skipped phase 3 of Reference Processing: no references
[205.965s][debug][gc,ref         ] GC(36) Skipped phase 4 of Reference Processing: no references
[205.965s][debug][gc,phases      ] GC(36) Reference Processing 0.108ms
[205.965s][debug][gc,phases      ] GC(36)   VM Weak                        Min:  0.0, Avg:  0.0, Max:  0.0, Diff:  0.0, Sum:  0.0, Workers: 4
[205.965s][debug][gc,phases      ] GC(36)     Dead                           Min: 0, Avg:  0.0, Max: 0, Diff: 0, Sum: 0, Workers: 4
[205.965s][debug][gc,phases      ] GC(36)     Total                          Min: 0, Avg: 228.5, Max: 768, Diff: 768, Sum: 914, Workers: 4
[205.965s][debug][gc,phases      ] GC(36)   ObjectSynchronizer Weak        Min:  0.0, Avg:  0.0, Max:  0.0, Diff:  0.0, Sum:  0.0, Workers: 4
[205.965s][debug][gc,phases      ] GC(36)     Dead                           Min: 0, Avg:  0.0, Max: 0, Diff: 0, Sum: 0, Workers: 4
[205.965s][debug][gc,phases      ] GC(36)     Total                          Min: 0, Avg:  1.5, Max: 6, Diff: 6, Sum: 6, Workers: 4
[205.965s][debug][gc,phases      ] GC(36)   JVMTI Tag Weak OopStorage      Min:  0.0, Avg:  0.0, Max:  0.0, Diff:  0.0, Sum:  0.0, Workers: 4
[205.965s][debug][gc,phases      ] GC(36)     Dead                           Min: 0, Avg:  0.0, Max: 0, Diff: 0, Sum: 0, Workers: 4
[205.965s][debug][gc,phases      ] GC(36)     Total                          Min: 0, Avg:  0.0, Max: 0, Diff: 0, Sum: 0, Workers: 4
[205.965s][debug][gc,phases      ] GC(36)   StringTable Weak               Min:  0.0, Avg:  0.1, Max:  0.2, Diff:  0.2, Sum:  0.5, Workers: 4
[205.965s][debug][gc,phases      ] GC(36)     Dead                           Min: 0, Avg:  0.0, Max: 0, Diff: 0, Sum: 0, Workers: 4
[205.965s][debug][gc,phases      ] GC(36)     Total                          Min: 0, Avg: 11019.2, Max: 15423, Diff: 15423, Sum: 44077, Workers: 4
[205.965s][debug][gc,phases      ] GC(36)   ResolvedMethodTable Weak       Min:  0.0, Avg:  0.0, Max:  0.0, Diff:  0.0, Sum:  0.1, Workers: 4
[205.965s][debug][gc,phases      ] GC(36)     Dead                           Min: 0, Avg:  0.0, Max: 0, Diff: 0, Sum: 0, Workers: 4
[205.965s][debug][gc,phases      ] GC(36)     Total                          Min: 0, Avg: 2721.8, Max: 3911, Diff: 3911, Sum: 10887, Workers: 4
[205.965s][debug][gc,phases      ] GC(36)   JNI Weak                       Min:  0.0, Avg:  0.0, Max:  0.0, Diff:  0.0, Sum:  0.0, Workers: 4
[205.965s][debug][gc,phases      ] GC(36)     Dead                           Min: 0, Avg:  0.0, Max: 0, Diff: 0, Sum: 0, Workers: 4
[205.965s][debug][gc,phases      ] GC(36)     Total                          Min: 0, Avg: 12.0, Max: 48, Diff: 48, Sum: 48, Workers: 4
[205.965s][debug][gc,phases      ] GC(36)   StringDedup Table Weak         Min:  0.0, Avg:  0.0, Max:  0.0, Diff:  0.0, Sum:  0.0, Workers: 4
[205.965s][debug][gc,phases      ] GC(36)     Dead                           Min: 0, Avg:  0.0, Max: 0, Diff: 0, Sum: 0, Workers: 4
[205.965s][debug][gc,phases      ] GC(36)     Total                          Min: 0, Avg:  0.0, Max: 0, Diff: 0, Sum: 0, Workers: 4
[205.965s][debug][gc,phases      ] GC(36)   StringDedup Requests0 Weak     Min:  0.0, Avg:  0.0, Max:  0.0, Diff:  0.0, Sum:  0.0, Workers: 4
[205.965s][debug][gc,phases      ] GC(36)     Dead                           Min: 0, Avg:  0.0, Max: 0, Diff: 0, Sum: 0, Workers: 4
[205.965s][debug][gc,phases      ] GC(36)     Total                          Min: 0, Avg:  0.0, Max: 0, Diff: 0, Sum: 0, Workers: 4
[205.965s][debug][gc,phases      ] GC(36)   StringDedup Requests1 Weak     Min:  0.0, Avg:  0.0, Max:  0.0, Diff:  0.0, Sum:  0.0, Workers: 4
[205.965s][debug][gc,phases      ] GC(36)     Dead                           Min: 0, Avg:  0.0, Max: 0, Diff: 0, Sum: 0, Workers: 4
[205.965s][debug][gc,phases      ] GC(36)     Total                          Min: 0, Avg:  0.0, Max: 0, Diff: 0, Sum: 0, Workers: 4
[205.965s][debug][gc,phases      ] GC(36)   Weak JFR Old Object Samples    Min:  0.0, Avg:  0.0, Max:  0.0, Diff:  0.0, Sum:  0.0, Workers: 4
[205.965s][debug][gc,phases      ] GC(36)     Dead                           Min: 0, Avg:  0.0, Max: 0, Diff: 0, Sum: 0, Workers: 4
[205.965s][debug][gc,phases      ] GC(36)     Total                          Min: 0, Avg:  0.0, Max: 0, Diff: 0, Sum: 0, Workers: 4
[205.965s][debug][gc,phases      ] GC(36) Weak Processing 0.360ms
[205.965s][debug][gc,age         ] GC(36) Desired survivor size 426246144 bytes, new threshold 15 (max threshold 15)
[205.965s][info ][gc,heap        ] GC(36) PSYoungGen: 1245888K(1670144K)->12160K(1661440K) Eden: 1234432K(1234432K)->0K(1234432K) From: 11456K(435712K)->12160K(427008K)
[205.965s][info ][gc,heap        ] GC(36) ParOldGen: 423467K(532992K)->423499K(532992K)
[205.965s][info ][gc,metaspace   ] GC(36) Metaspace: 87315K(88448K)->87315K(88448K) NonClass: 74549K(75136K)->74549K(75136K) Class: 12765K(13312K)->12765K(13312K)
[205.965s][info ][gc             ] GC(36) Pause Young (Allocation Failure) 1630M->425M(2143M) 8.226ms
[205.965s][info ][gc,cpu         ] GC(36) User=0.03s Sys=0.00s Real=0.01s
[205.965s][info ][safepoint      ] Safepoint "ParallelGCFailedAllocation", Time since last: 61698929 ns, Reaching safepoint: 80900 ns, Cleanup: 4900 ns, At safepoint: 8296945 ns, Total: 8382745 ns
[206.966s][info ][safepoint      ] Safepoint "Cleanup", Time since last: 1000100337 ns, Reaching safepoint: 76801 ns, Cleanup: 14000 ns, At safepoint: 6600 ns, Total: 97401 ns
[207.966s][info ][safepoint      ] Safepoint "Cleanup", Time since last: 1000117137 ns, Reaching safepoint: 75701 ns, Cleanup: 12400 ns, At safepoint: 6400 ns, Total: 94501 ns
[208.966s][info ][safepoint      ] Safepoint "Cleanup", Time since last: 1000136438 ns, Reaching safepoint: 80800 ns, Cleanup: 24600 ns, At safepoint: 6100 ns, Total: 111500 ns
[209.966s][info ][safepoint      ] Safepoint "Cleanup", Time since last: 1000130738 ns, Reaching safepoint: 83500 ns, Cleanup: 17800 ns, At safepoint: 10700 ns, Total: 112000 ns
[210.967s][info ][safepoint      ] Safepoint "Cleanup", Time since last: 1000127238 ns, Reaching safepoint: 75901 ns, Cleanup: 11200 ns, At safepoint: 6800 ns, Total: 93901 ns
[212.967s][info ][safepoint      ] Safepoint "Cleanup", Time since last: 2000190913 ns, Reaching safepoint: 73400 ns, Cleanup: 7700 ns, At safepoint: 6900 ns, Total: 88000 ns
[214.268s][info ][safepoint      ] Safepoint "Cleanup", Time since last: 1300433861 ns, Reaching safepoint: 82300 ns, Cleanup: 186401 ns, At safepoint: 10800 ns, Total: 279501 ns
[215.268s][info ][safepoint      ] Safepoint "Cleanup", Time since last: 1000104123 ns, Reaching safepoint: 74600 ns, Cleanup: 43200 ns, At safepoint: 7000 ns, Total: 124800 ns
[215.358s][info ][gc,start       ] GC(37) Pause Young (Allocation Failure)
[215.365s][debug][gc,phases      ] GC(37) Scavenge 7.196ms
[215.365s][debug][gc,ref         ] GC(37) Skipped phase 1 of Reference Processing: no references
[215.365s][debug][gc,ref         ] GC(37) ReferenceProcessor::execute queues: 1, RefProcThreadModel::Single, marks_oops_alive: false
[215.365s][debug][gc,ref         ] GC(37) Skipped phase 3 of Reference Processing: no references
[215.365s][debug][gc,ref         ] GC(37) ReferenceProcessor::execute queues: 1, RefProcThreadModel::Single, marks_oops_alive: false
[215.365s][debug][gc,phases      ] GC(37) Reference Processing 0.143ms
[215.366s][debug][gc,phases      ] GC(37)   VM Weak                        Min:  0.0, Avg:  0.0, Max:  0.0, Diff:  0.0, Sum:  0.0, Workers: 4
[215.366s][debug][gc,phases      ] GC(37)     Dead                           Min: 0, Avg:  0.0, Max: 0, Diff: 0, Sum: 0, Workers: 4
[215.366s][debug][gc,phases      ] GC(37)     Total                          Min: 0, Avg: 232.8, Max: 803, Diff: 803, Sum: 931, Workers: 4
[215.366s][debug][gc,phases      ] GC(37)   ObjectSynchronizer Weak        Min:  0.0, Avg:  0.0, Max:  0.0, Diff:  0.0, Sum:  0.0, Workers: 4
[215.366s][debug][gc,phases      ] GC(37)     Dead                           Min: 0, Avg:  0.0, Max: 0, Diff: 0, Sum: 0, Workers: 4
[215.366s][debug][gc,phases      ] GC(37)     Total                          Min: 0, Avg:  1.5, Max: 6, Diff: 6, Sum: 6, Workers: 4
[215.366s][debug][gc,phases      ] GC(37)   JVMTI Tag Weak OopStorage      Min:  0.0, Avg:  0.0, Max:  0.0, Diff:  0.0, Sum:  0.0, Workers: 4
[215.366s][debug][gc,phases      ] GC(37)     Dead                           Min: 0, Avg:  0.0, Max: 0, Diff: 0, Sum: 0, Workers: 4
[215.366s][debug][gc,phases      ] GC(37)     Total                          Min: 0, Avg:  0.0, Max: 0, Diff: 0, Sum: 0, Workers: 4
[215.366s][debug][gc,phases      ] GC(37)   StringTable Weak               Min:  0.0, Avg:  0.1, Max:  0.2, Diff:  0.2, Sum:  0.5, Workers: 4
[215.366s][debug][gc,phases      ] GC(37)     Dead                           Min: 0, Avg:  0.5, Max: 1, Diff: 1, Sum: 2, Workers: 4
[215.366s][debug][gc,phases      ] GC(37)     Total                          Min: 0, Avg: 11029.0, Max: 22292, Diff: 22292, Sum: 44116, Workers: 4
[215.366s][debug][gc,phases      ] GC(37)   ResolvedMethodTable Weak       Min:  0.0, Avg:  0.0, Max:  0.1, Diff:  0.1, Sum:  0.1, Workers: 4
[215.366s][debug][gc,phases      ] GC(37)     Dead                           Min: 0, Avg:  0.0, Max: 0, Diff: 0, Sum: 0, Workers: 4
[215.366s][debug][gc,phases      ] GC(37)     Total                          Min: 0, Avg: 2741.2, Max: 5653, Diff: 5653, Sum: 10965, Workers: 4
[215.366s][debug][gc,phases      ] GC(37)   JNI Weak                       Min:  0.0, Avg:  0.0, Max:  0.0, Diff:  0.0, Sum:  0.0, Workers: 4
[215.366s][debug][gc,phases      ] GC(37)     Dead                           Min: 0, Avg:  0.0, Max: 0, Diff: 0, Sum: 0, Workers: 4
[215.366s][debug][gc,phases      ] GC(37)     Total                          Min: 0, Avg: 12.0, Max: 48, Diff: 48, Sum: 48, Workers: 4
[215.366s][debug][gc,phases      ] GC(37)   StringDedup Table Weak         Min:  0.0, Avg:  0.0, Max:  0.0, Diff:  0.0, Sum:  0.0, Workers: 4
[215.366s][debug][gc,phases      ] GC(37)     Dead                           Min: 0, Avg:  0.0, Max: 0, Diff: 0, Sum: 0, Workers: 4
[215.366s][debug][gc,phases      ] GC(37)     Total                          Min: 0, Avg:  0.0, Max: 0, Diff: 0, Sum: 0, Workers: 4
[215.366s][debug][gc,phases      ] GC(37)   StringDedup Requests0 Weak     Min:  0.0, Avg:  0.0, Max:  0.0, Diff:  0.0, Sum:  0.0, Workers: 4
[215.366s][debug][gc,phases      ] GC(37)     Dead                           Min: 0, Avg:  0.0, Max: 0, Diff: 0, Sum: 0, Workers: 4
[215.366s][debug][gc,phases      ] GC(37)     Total                          Min: 0, Avg:  0.0, Max: 0, Diff: 0, Sum: 0, Workers: 4
[215.366s][debug][gc,phases      ] GC(37)   StringDedup Requests1 Weak     Min:  0.0, Avg:  0.0, Max:  0.0, Diff:  0.0, Sum:  0.0, Workers: 4
[215.366s][debug][gc,phases      ] GC(37)     Dead                           Min: 0, Avg:  0.0, Max: 0, Diff: 0, Sum: 0, Workers: 4
[215.366s][debug][gc,phases      ] GC(37)     Total                          Min: 0, Avg:  0.0, Max: 0, Diff: 0, Sum: 0, Workers: 4
[215.366s][debug][gc,phases      ] GC(37)   Weak JFR Old Object Samples    Min:  0.0, Avg:  0.0, Max:  0.0, Diff:  0.0, Sum:  0.0, Workers: 4
[215.366s][debug][gc,phases      ] GC(37)     Dead                           Min: 0, Avg:  0.0, Max: 0, Diff: 0, Sum: 0, Workers: 4
[215.366s][debug][gc,phases      ] GC(37)     Total                          Min: 0, Avg:  0.0, Max: 0, Diff: 0, Sum: 0, Workers: 4
[215.366s][debug][gc,phases      ] GC(37) Weak Processing 0.560ms
[215.366s][debug][gc,age         ] GC(37) Desired survivor size 412614656 bytes, new threshold 15 (max threshold 15)
[215.366s][info ][gc,heap        ] GC(37) PSYoungGen: 1246592K(1661440K)->12560K(1694208K) Eden: 1234432K(1234432K)->0K(1277952K) From: 12160K(427008K)->12560K(416256K)
[215.366s][info ][gc,heap        ] GC(37) ParOldGen: 423499K(532992K)->423531K(532992K)
[215.366s][info ][gc,metaspace   ] GC(37) Metaspace: 87457K(88576K)->87457K(88576K) NonClass: 74667K(75264K)->74667K(75264K) Class: 12790K(13312K)->12790K(13312K)
[215.366s][info ][gc             ] GC(37) Pause Young (Allocation Failure) 1630M->425M(2175M) 8.031ms
[215.366s][info ][gc,cpu         ] GC(37) User=0.03s Sys=0.00s Real=0.00s
[215.366s][info ][safepoint      ] Safepoint "ParallelGCFailedAllocation", Time since last: 89842561 ns, Reaching safepoint: 77700 ns, Cleanup: 15400 ns, At safepoint: 8116342 ns, Total: 8209442 ns
[217.366s][info ][safepoint      ] Safepoint "Cleanup", Time since last: 2000177644 ns, Reaching safepoint: 80301 ns, Cleanup: 24800 ns, At safepoint: 10500 ns, Total: 115601 ns
[218.366s][info ][safepoint      ] Safepoint "Cleanup", Time since last: 1000129022 ns, Reaching safepoint: 82101 ns, Cleanup: 20400 ns, At safepoint: 10500 ns, Total: 113001 ns
[219.367s][info ][safepoint      ] Safepoint "Cleanup", Time since last: 1000137626 ns, Reaching safepoint: 82600 ns, Cleanup: 12200 ns, At safepoint: 4700 ns, Total: 99500 ns
[220.367s][info ][safepoint      ] Safepoint "Cleanup", Time since last: 1000117663 ns, Reaching safepoint: 74901 ns, Cleanup: 17900 ns, At safepoint: 6400 ns, Total: 99201 ns
[221.367s][info ][safepoint      ] Safepoint "Cleanup", Time since last: 1000128263 ns, Reaching safepoint: 81401 ns, Cleanup: 16400 ns, At safepoint: 8300 ns, Total: 106101 ns
[222.367s][info ][safepoint      ] Safepoint "Cleanup", Time since last: 1000122063 ns, Reaching safepoint: 77301 ns, Cleanup: 12200 ns, At safepoint: 7000 ns, Total: 96501 ns
[223.368s][info ][safepoint      ] Safepoint "Cleanup", Time since last: 1000121063 ns, Reaching safepoint: 82101 ns, Cleanup: 30400 ns, At safepoint: 11000 ns, Total: 123501 ns
[224.926s][info ][gc,start       ] GC(38) Pause Young (Allocation Failure)
[224.936s][debug][gc,phases      ] GC(38) Scavenge 10.075ms
[224.936s][debug][gc,ref         ] GC(38) Skipped phase 1 of Reference Processing: no references
[224.936s][debug][gc,ref         ] GC(38) ReferenceProcessor::execute queues: 1, RefProcThreadModel::Single, marks_oops_alive: false
[224.936s][debug][gc,ref         ] GC(38) Skipped phase 3 of Reference Processing: no references
[224.936s][debug][gc,ref         ] GC(38) Skipped phase 4 of Reference Processing: no references
[224.936s][debug][gc,phases      ] GC(38) Reference Processing 0.093ms
[224.937s][debug][gc,phases      ] GC(38)   VM Weak                        Min:  0.0, Avg:  0.0, Max:  0.0, Diff:  0.0, Sum:  0.0, Workers: 4
[224.937s][debug][gc,phases      ] GC(38)     Dead                           Min: 0, Avg:  0.0, Max: 0, Diff: 0, Sum: 0, Workers: 4
[224.937s][debug][gc,phases      ] GC(38)     Total                          Min: 0, Avg: 232.8, Max: 803, Diff: 803, Sum: 931, Workers: 4
[224.937s][debug][gc,phases      ] GC(38)   ObjectSynchronizer Weak        Min:  0.0, Avg:  0.0, Max:  0.0, Diff:  0.0, Sum:  0.0, Workers: 4
[224.937s][debug][gc,phases      ] GC(38)     Dead                           Min: 0, Avg:  0.0, Max: 0, Diff: 0, Sum: 0, Workers: 4
[224.937s][debug][gc,phases      ] GC(38)     Total                          Min: 0, Avg:  1.5, Max: 6, Diff: 6, Sum: 6, Workers: 4
[224.937s][debug][gc,phases      ] GC(38)   JVMTI Tag Weak OopStorage      Min:  0.0, Avg:  0.0, Max:  0.0, Diff:  0.0, Sum:  0.0, Workers: 4
[224.937s][debug][gc,phases      ] GC(38)     Dead                           Min: 0, Avg:  0.0, Max: 0, Diff: 0, Sum: 0, Workers: 4
[224.937s][debug][gc,phases      ] GC(38)     Total                          Min: 0, Avg:  0.0, Max: 0, Diff: 0, Sum: 0, Workers: 4
[224.937s][debug][gc,phases      ] GC(38)   StringTable Weak               Min:  0.0, Avg:  0.1, Max:  0.2, Diff:  0.2, Sum:  0.4, Workers: 4
[224.937s][debug][gc,phases      ] GC(38)     Dead                           Min: 0, Avg:  0.0, Max: 0, Diff: 0, Sum: 0, Workers: 4
[224.937s][debug][gc,phases      ] GC(38)     Total                          Min: 0, Avg: 11037.0, Max: 15936, Diff: 15936, Sum: 44148, Workers: 4
[224.937s][debug][gc,phases      ] GC(38)   ResolvedMethodTable Weak       Min:  0.0, Avg:  0.0, Max:  0.0, Diff:  0.0, Sum:  0.1, Workers: 4
[224.937s][debug][gc,phases      ] GC(38)     Dead                           Min: 0, Avg:  0.0, Max: 0, Diff: 0, Sum: 0, Workers: 4
[224.937s][debug][gc,phases      ] GC(38)     Total                          Min: 0, Avg: 2741.2, Max: 3797, Diff: 3797, Sum: 10965, Workers: 4
[224.937s][debug][gc,phases      ] GC(38)   JNI Weak                       Min:  0.0, Avg:  0.0, Max:  0.0, Diff:  0.0, Sum:  0.0, Workers: 4
[224.937s][debug][gc,phases      ] GC(38)     Dead                           Min: 0, Avg:  0.0, Max: 0, Diff: 0, Sum: 0, Workers: 4
[224.937s][debug][gc,phases      ] GC(38)     Total                          Min: 0, Avg: 12.0, Max: 48, Diff: 48, Sum: 48, Workers: 4
[224.937s][debug][gc,phases      ] GC(38)   StringDedup Table Weak         Min:  0.0, Avg:  0.0, Max:  0.0, Diff:  0.0, Sum:  0.0, Workers: 4
[224.937s][debug][gc,phases      ] GC(38)     Dead                           Min: 0, Avg:  0.0, Max: 0, Diff: 0, Sum: 0, Workers: 4
[224.937s][debug][gc,phases      ] GC(38)     Total                          Min: 0, Avg:  0.0, Max: 0, Diff: 0, Sum: 0, Workers: 4
[224.937s][debug][gc,phases      ] GC(38)   StringDedup Requests0 Weak     Min:  0.0, Avg:  0.0, Max:  0.0, Diff:  0.0, Sum:  0.0, Workers: 4
[224.937s][debug][gc,phases      ] GC(38)     Dead                           Min: 0, Avg:  0.0, Max: 0, Diff: 0, Sum: 0, Workers: 4
[224.937s][debug][gc,phases      ] GC(38)     Total                          Min: 0, Avg:  0.0, Max: 0, Diff: 0, Sum: 0, Workers: 4
[224.937s][debug][gc,phases      ] GC(38)   StringDedup Requests1 Weak     Min:  0.0, Avg:  0.0, Max:  0.0, Diff:  0.0, Sum:  0.0, Workers: 4
[224.937s][debug][gc,phases      ] GC(38)     Dead                           Min: 0, Avg:  0.0, Max: 0, Diff: 0, Sum: 0, Workers: 4
[224.937s][debug][gc,phases      ] GC(38)     Total                          Min: 0, Avg:  0.0, Max: 0, Diff: 0, Sum: 0, Workers: 4
[224.937s][debug][gc,phases      ] GC(38)   Weak JFR Old Object Samples    Min:  0.0, Avg:  0.0, Max:  0.0, Diff:  0.0, Sum:  0.0, Workers: 4
[224.937s][debug][gc,phases      ] GC(38)     Dead                           Min: 0, Avg:  0.0, Max: 0, Diff: 0, Sum: 0, Workers: 4
[224.937s][debug][gc,phases      ] GC(38)     Total                          Min: 0, Avg:  0.0, Max: 0, Diff: 0, Sum: 0, Workers: 4
[224.937s][debug][gc,phases      ] GC(38) Weak Processing 0.370ms
[224.937s][debug][gc,age         ] GC(38) Desired survivor size 397934592 bytes, new threshold 15 (max threshold 15)
[224.937s][info ][gc,heap        ] GC(38) PSYoungGen: 1290512K(1694208K)->12480K(1680896K) Eden: 1277952K(1277952K)->0K(1277952K) From: 12560K(416256K)->12480K(402944K)
[224.937s][info ][gc,heap        ] GC(38) ParOldGen: 423531K(532992K)->423555K(532992K)
[224.937s][info ][gc,metaspace   ] GC(38) Metaspace: 87495K(88640K)->87495K(88640K) NonClass: 74704K(75328K)->74704K(75328K) Class: 12790K(13312K)->12790K(13312K)
[224.937s][info ][gc             ] GC(38) Pause Young (Allocation Failure) 1673M->425M(2162M) 10.650ms
[224.937s][info ][gc,cpu         ] GC(38) User=0.03s Sys=0.00s Real=0.01s
[224.937s][info ][safepoint      ] Safepoint "ParallelGCFailedAllocation", Time since last: 1558539146 ns, Reaching safepoint: 4000 ns, Cleanup: 2800 ns, At safepoint: 10710455 ns, Total: 10717255 ns
[225.937s][info ][safepoint      ] Safepoint "Cleanup", Time since last: 1000076464 ns, Reaching safepoint: 4100 ns, Cleanup: 7400 ns, At safepoint: 1800 ns, Total: 13300 ns
[226.937s][info ][safepoint      ] Safepoint "Cleanup", Time since last: 1000094063 ns, Reaching safepoint: 4600 ns, Cleanup: 8400 ns, At safepoint: 2400 ns, Total: 15400 ns
[227.937s][info ][safepoint      ] Safepoint "Cleanup", Time since last: 1000085625 ns, Reaching safepoint: 4700 ns, Cleanup: 11400 ns, At safepoint: 1700 ns, Total: 17800 ns
[228.937s][info ][safepoint      ] Safepoint "Cleanup", Time since last: 1000119488 ns, Reaching safepoint: 77501 ns, Cleanup: 15600 ns, At safepoint: 6500 ns, Total: 99601 ns
[229.937s][info ][safepoint      ] Safepoint "Cleanup", Time since last: 1000115688 ns, Reaching safepoint: 5500 ns, Cleanup: 41100 ns, At safepoint: 2200 ns, Total: 48800 ns
[231.938s][info ][safepoint      ] Safepoint "Cleanup", Time since last: 2000209975 ns, Reaching safepoint: 83801 ns, Cleanup: 18500 ns, At safepoint: 15500 ns, Total: 117801 ns
[232.938s][info ][safepoint      ] Safepoint "Cleanup", Time since last: 1000110988 ns, Reaching safepoint: 5100 ns, Cleanup: 28100 ns, At safepoint: 2100 ns, Total: 35300 ns
[234.572s][info ][gc,start       ] GC(39) Pause Young (Allocation Failure)
[234.582s][debug][gc,phases      ] GC(39) Scavenge 10.103ms
[234.582s][debug][gc,ref         ] GC(39) Skipped phase 1 of Reference Processing: no references
[234.582s][debug][gc,ref         ] GC(39) ReferenceProcessor::execute queues: 1, RefProcThreadModel::Single, marks_oops_alive: false
[234.582s][debug][gc,ref         ] GC(39) Skipped phase 3 of Reference Processing: no references
[234.582s][debug][gc,ref         ] GC(39) Skipped phase 4 of Reference Processing: no references
[234.582s][debug][gc,phases      ] GC(39) Reference Processing 0.114ms
[234.582s][debug][gc,phases      ] GC(39)   VM Weak                        Min:  0.0, Avg:  0.0, Max:  0.0, Diff:  0.0, Sum:  0.0, Workers: 4
[234.582s][debug][gc,phases      ] GC(39)     Dead                           Min: 0, Avg:  0.0, Max: 0, Diff: 0, Sum: 0, Workers: 4
[234.582s][debug][gc,phases      ] GC(39)     Total                          Min: 0, Avg: 232.8, Max: 547, Diff: 547, Sum: 931, Workers: 4
[234.582s][debug][gc,phases      ] GC(39)   ObjectSynchronizer Weak        Min:  0.0, Avg:  0.0, Max:  0.0, Diff:  0.0, Sum:  0.0, Workers: 4
[234.582s][debug][gc,phases      ] GC(39)     Dead                           Min: 0, Avg:  0.0, Max: 0, Diff: 0, Sum: 0, Workers: 4
[234.582s][debug][gc,phases      ] GC(39)     Total                          Min: 0, Avg:  1.5, Max: 6, Diff: 6, Sum: 6, Workers: 4
[234.582s][debug][gc,phases      ] GC(39)   JVMTI Tag Weak OopStorage      Min:  0.0, Avg:  0.0, Max:  0.0, Diff:  0.0, Sum:  0.0, Workers: 4
[234.582s][debug][gc,phases      ] GC(39)     Dead                           Min: 0, Avg:  0.0, Max: 0, Diff: 0, Sum: 0, Workers: 4
[234.582s][debug][gc,phases      ] GC(39)     Total                          Min: 0, Avg:  0.0, Max: 0, Diff: 0, Sum: 0, Workers: 4
[234.582s][debug][gc,phases      ] GC(39)   StringTable Weak               Min:  0.0, Avg:  0.1, Max:  0.2, Diff:  0.2, Sum:  0.4, Workers: 4
[234.582s][debug][gc,phases      ] GC(39)     Dead                           Min: 0, Avg:  0.0, Max: 0, Diff: 0, Sum: 0, Workers: 4
[234.582s][debug][gc,phases      ] GC(39)     Total                          Min: 0, Avg: 11037.0, Max: 27124, Diff: 27124, Sum: 44148, Workers: 4
[234.582s][debug][gc,phases      ] GC(39)   ResolvedMethodTable Weak       Min:  0.0, Avg:  0.0, Max:  0.0, Diff:  0.0, Sum:  0.1, Workers: 4
[234.582s][debug][gc,phases      ] GC(39)     Dead                           Min: 0, Avg:  0.0, Max: 0, Diff: 0, Sum: 0, Workers: 4
[234.582s][debug][gc,phases      ] GC(39)     Total                          Min: 0, Avg: 2741.2, Max: 6549, Diff: 6549, Sum: 10965, Workers: 4
[234.582s][debug][gc,phases      ] GC(39)   JNI Weak                       Min:  0.0, Avg:  0.0, Max:  0.0, Diff:  0.0, Sum:  0.0, Workers: 4
[234.582s][debug][gc,phases      ] GC(39)     Dead                           Min: 0, Avg:  0.0, Max: 0, Diff: 0, Sum: 0, Workers: 4
[234.582s][debug][gc,phases      ] GC(39)     Total                          Min: 0, Avg: 12.0, Max: 48, Diff: 48, Sum: 48, Workers: 4
[234.582s][debug][gc,phases      ] GC(39)   StringDedup Table Weak         Min:  0.0, Avg:  0.0, Max:  0.0, Diff:  0.0, Sum:  0.0, Workers: 4
[234.582s][debug][gc,phases      ] GC(39)     Dead                           Min: 0, Avg:  0.0, Max: 0, Diff: 0, Sum: 0, Workers: 4
[234.582s][debug][gc,phases      ] GC(39)     Total                          Min: 0, Avg:  0.0, Max: 0, Diff: 0, Sum: 0, Workers: 4
[234.582s][debug][gc,phases      ] GC(39)   StringDedup Requests0 Weak     Min:  0.0, Avg:  0.0, Max:  0.0, Diff:  0.0, Sum:  0.0, Workers: 4
[234.582s][debug][gc,phases      ] GC(39)     Dead                           Min: 0, Avg:  0.0, Max: 0, Diff: 0, Sum: 0, Workers: 4
[234.582s][debug][gc,phases      ] GC(39)     Total                          Min: 0, Avg:  0.0, Max: 0, Diff: 0, Sum: 0, Workers: 4
[234.582s][debug][gc,phases      ] GC(39)   StringDedup Requests1 Weak     Min:  0.0, Avg:  0.0, Max:  0.0, Diff:  0.0, Sum:  0.0, Workers: 4
[234.582s][debug][gc,phases      ] GC(39)     Dead                           Min: 0, Avg:  0.0, Max: 0, Diff: 0, Sum: 0, Workers: 4
[234.582s][debug][gc,phases      ] GC(39)     Total                          Min: 0, Avg:  0.0, Max: 0, Diff: 0, Sum: 0, Workers: 4
[234.582s][debug][gc,phases      ] GC(39)   Weak JFR Old Object Samples    Min:  0.0, Avg:  0.0, Max:  0.0, Diff:  0.0, Sum:  0.0, Workers: 4
[234.582s][debug][gc,phases      ] GC(39)     Dead                           Min: 0, Avg:  0.0, Max: 0, Diff: 0, Sum: 0, Workers: 4
[234.582s][debug][gc,phases      ] GC(39)     Total                          Min: 0, Avg:  0.0, Max: 0, Diff: 0, Sum: 0, Workers: 4
[234.582s][debug][gc,phases      ] GC(39) Weak Processing 0.402ms
[234.582s][debug][gc,age         ] GC(39) Desired survivor size 382205952 bytes, new threshold 15 (max threshold 15)
[234.582s][info ][gc,heap        ] GC(39) PSYoungGen: 1290432K(1680896K)->12336K(1723904K) Eden: 1277952K(1277952K)->0K(1335296K) From: 12480K(402944K)->12336K(388608K)
[234.582s][info ][gc,heap        ] GC(39) ParOldGen: 423555K(532992K)->423675K(532992K)
[234.582s][info ][gc,metaspace   ] GC(39) Metaspace: 87533K(88640K)->87533K(88640K) NonClass: 74743K(75328K)->74743K(75328K) Class: 12790K(13312K)->12790K(13312K)
[234.582s][info ][gc             ] GC(39) Pause Young (Allocation Failure) 1673M->425M(2204M) 10.737ms
[234.582s][info ][gc,cpu         ] GC(39) User=0.03s Sys=0.00s Real=0.01s
[234.582s][info ][safepoint      ] Safepoint "ParallelGCFailedAllocation", Time since last: 1633690918 ns, Reaching safepoint: 4900 ns, Cleanup: 14400 ns, At safepoint: 10807064 ns, Total: 10826364 ns
[236.583s][info ][safepoint      ] Safepoint "Cleanup", Time since last: 2000163522 ns, Reaching safepoint: 75707 ns, Cleanup: 13102 ns, At safepoint: 8900 ns, Total: 97709 ns
[237.583s][info ][safepoint      ] Safepoint "Cleanup", Time since last: 1000125080 ns, Reaching safepoint: 76001 ns, Cleanup: 10200 ns, At safepoint: 7000 ns, Total: 93201 ns
[240.120s][info ][safepoint      ] Safepoint "Cleanup", Time since last: 2537298305 ns, Reaching safepoint: 77900 ns, Cleanup: 51701 ns, At safepoint: 13500 ns, Total: 143101 ns
[241.121s][info ][safepoint      ] Safepoint "Cleanup", Time since last: 1000142365 ns, Reaching safepoint: 76901 ns, Cleanup: 15100 ns, At safepoint: 6600 ns, Total: 98601 ns
[242.121s][info ][safepoint      ] Safepoint "Cleanup", Time since last: 1000123465 ns, Reaching safepoint: 82201 ns, Cleanup: 37400 ns, At safepoint: 11300 ns, Total: 130901 ns
[244.180s][info ][gc,start       ] GC(40) Pause Young (Allocation Failure)
[244.190s][debug][gc,phases      ] GC(40) Scavenge 9.840ms
[244.190s][debug][gc,ref         ] GC(40) Skipped phase 1 of Reference Processing: no references
[244.190s][debug][gc,ref         ] GC(40) ReferenceProcessor::execute queues: 1, RefProcThreadModel::Single, marks_oops_alive: false
[244.190s][debug][gc,ref         ] GC(40) Skipped phase 3 of Reference Processing: no references
[244.190s][debug][gc,ref         ] GC(40) Skipped phase 4 of Reference Processing: no references
[244.190s][debug][gc,phases      ] GC(40) Reference Processing 0.099ms
[244.190s][debug][gc,phases      ] GC(40)   VM Weak                        Min:  0.0, Avg:  0.0, Max:  0.0, Diff:  0.0, Sum:  0.0, Workers: 4
[244.190s][debug][gc,phases      ] GC(40)     Dead                           Min: 0, Avg:  0.0, Max: 0, Diff: 0, Sum: 0, Workers: 4
[244.190s][debug][gc,phases      ] GC(40)     Total                          Min: 0, Avg: 232.8, Max: 832, Diff: 832, Sum: 931, Workers: 4
[244.190s][debug][gc,phases      ] GC(40)   ObjectSynchronizer Weak        Min:  0.0, Avg:  0.0, Max:  0.0, Diff:  0.0, Sum:  0.0, Workers: 4
[244.190s][debug][gc,phases      ] GC(40)     Dead                           Min: 0, Avg:  0.0, Max: 0, Diff: 0, Sum: 0, Workers: 4
[244.190s][debug][gc,phases      ] GC(40)     Total                          Min: 0, Avg:  1.5, Max: 6, Diff: 6, Sum: 6, Workers: 4
[244.190s][debug][gc,phases      ] GC(40)   JVMTI Tag Weak OopStorage      Min:  0.0, Avg:  0.0, Max:  0.0, Diff:  0.0, Sum:  0.0, Workers: 4
[244.190s][debug][gc,phases      ] GC(40)     Dead                           Min: 0, Avg:  0.0, Max: 0, Diff: 0, Sum: 0, Workers: 4
[244.190s][debug][gc,phases      ] GC(40)     Total                          Min: 0, Avg:  0.0, Max: 0, Diff: 0, Sum: 0, Workers: 4
[244.190s][debug][gc,phases      ] GC(40)   StringTable Weak               Min:  0.1, Avg:  0.1, Max:  0.1, Diff:  0.0, Sum:  0.5, Workers: 4
[244.190s][debug][gc,phases      ] GC(40)     Dead                           Min: 0, Avg:  0.0, Max: 0, Diff: 0, Sum: 0, Workers: 4
[244.190s][debug][gc,phases      ] GC(40)     Total                          Min: 9856, Avg: 11037.2, Max: 11520, Diff: 1664, Sum: 44149, Workers: 4
[244.190s][debug][gc,phases      ] GC(40)   ResolvedMethodTable Weak       Min:  0.0, Avg:  0.0, Max:  0.0, Diff:  0.0, Sum:  0.1, Workers: 4
[244.190s][debug][gc,phases      ] GC(40)     Dead                           Min: 0, Avg:  0.0, Max: 0, Diff: 0, Sum: 0, Workers: 4
[244.190s][debug][gc,phases      ] GC(40)     Total                          Min: 2624, Avg: 2741.2, Max: 2944, Diff: 320, Sum: 10965, Workers: 4
[244.190s][debug][gc,phases      ] GC(40)   JNI Weak                       Min:  0.0, Avg:  0.0, Max:  0.0, Diff:  0.0, Sum:  0.0, Workers: 4
[244.190s][debug][gc,phases      ] GC(40)     Dead                           Min: 0, Avg:  0.0, Max: 0, Diff: 0, Sum: 0, Workers: 4
[244.190s][debug][gc,phases      ] GC(40)     Total                          Min: 0, Avg: 12.0, Max: 48, Diff: 48, Sum: 48, Workers: 4
[244.190s][debug][gc,phases      ] GC(40)   StringDedup Table Weak         Min:  0.0, Avg:  0.0, Max:  0.0, Diff:  0.0, Sum:  0.0, Workers: 4
[244.190s][debug][gc,phases      ] GC(40)     Dead                           Min: 0, Avg:  0.0, Max: 0, Diff: 0, Sum: 0, Workers: 4
[244.190s][debug][gc,phases      ] GC(40)     Total                          Min: 0, Avg:  0.0, Max: 0, Diff: 0, Sum: 0, Workers: 4
[244.190s][debug][gc,phases      ] GC(40)   StringDedup Requests0 Weak     Min:  0.0, Avg:  0.0, Max:  0.0, Diff:  0.0, Sum:  0.0, Workers: 4
[244.190s][debug][gc,phases      ] GC(40)     Dead                           Min: 0, Avg:  0.0, Max: 0, Diff: 0, Sum: 0, Workers: 4
[244.190s][debug][gc,phases      ] GC(40)     Total                          Min: 0, Avg:  0.0, Max: 0, Diff: 0, Sum: 0, Workers: 4
[244.190s][debug][gc,phases      ] GC(40)   StringDedup Requests1 Weak     Min:  0.0, Avg:  0.0, Max:  0.0, Diff:  0.0, Sum:  0.0, Workers: 4
[244.190s][debug][gc,phases      ] GC(40)     Dead                           Min: 0, Avg:  0.0, Max: 0, Diff: 0, Sum: 0, Workers: 4
[244.190s][debug][gc,phases      ] GC(40)     Total                          Min: 0, Avg:  0.0, Max: 0, Diff: 0, Sum: 0, Workers: 4
[244.190s][debug][gc,phases      ] GC(40)   Weak JFR Old Object Samples    Min:  0.0, Avg:  0.0, Max:  0.0, Diff:  0.0, Sum:  0.0, Workers: 4
[244.190s][debug][gc,phases      ] GC(40)     Dead                           Min: 0, Avg:  0.0, Max: 0, Diff: 0, Sum: 0, Workers: 4
[244.190s][debug][gc,phases      ] GC(40)     Total                          Min: 0, Avg:  0.0, Max: 0, Diff: 0, Sum: 0, Workers: 4
[244.190s][debug][gc,phases      ] GC(40) Weak Processing 0.346ms
[244.190s][debug][gc,age         ] GC(40) Desired survivor size 365428736 bytes, new threshold 15 (max threshold 15)
[244.190s][info ][gc,heap        ] GC(40) PSYoungGen: 1347632K(1723904K)->13876K(1708544K) Eden: 1335296K(1335296K)->0K(1335296K) From: 12336K(388608K)->13876K(373248K)
[244.190s][info ][gc,heap        ] GC(40) ParOldGen: 423675K(532992K)->425139K(532992K)
[244.190s][info ][gc,metaspace   ] GC(40) Metaspace: 87624K(88704K)->87624K(88704K) NonClass: 74833K(75392K)->74833K(75392K) Class: 12790K(13312K)->12790K(13312K)
[244.190s][info ][gc             ] GC(40) Pause Young (Allocation Failure) 1729M->428M(2189M) 10.401ms
[244.190s][info ][gc,cpu         ] GC(40) User=0.04s Sys=0.00s Real=0.01s
[244.190s][info ][safepoint      ] Safepoint "ParallelGCFailedAllocation", Time since last: 2058693124 ns, Reaching safepoint: 7501 ns, Cleanup: 5600 ns, At safepoint: 10489289 ns, Total: 10502390 ns
[245.190s][info ][safepoint      ] Safepoint "Cleanup", Time since last: 1000089690 ns, Reaching safepoint: 5800 ns, Cleanup: 13200 ns, At safepoint: 2101 ns, Total: 21101 ns
[248.190s][info ][safepoint      ] Safepoint "Cleanup", Time since last: 3000231664 ns, Reaching safepoint: 5100 ns, Cleanup: 21100 ns, At safepoint: 7200 ns, Total: 33400 ns
[249.191s][info ][safepoint      ] Safepoint "Cleanup", Time since last: 1000129689 ns, Reaching safepoint: 5200 ns, Cleanup: 20300 ns, At safepoint: 2100 ns, Total: 27600 ns
[251.191s][info ][safepoint      ] Safepoint "Cleanup", Time since last: 2000186077 ns, Reaching safepoint: 5800 ns, Cleanup: 19300 ns, At safepoint: 7500 ns, Total: 32600 ns
[252.191s][info ][safepoint      ] Safepoint "Cleanup", Time since last: 1000069909 ns, Reaching safepoint: 3800 ns, Cleanup: 9400 ns, At safepoint: 2101 ns, Total: 15301 ns
[253.191s][info ][safepoint      ] Safepoint "Cleanup", Time since last: 1000101123 ns, Reaching safepoint: 4500 ns, Cleanup: 10300 ns, At safepoint: 1700 ns, Total: 16500 ns
[254.191s][info ][safepoint      ] Safepoint "Cleanup", Time since last: 1000105075 ns, Reaching safepoint: 4500 ns, Cleanup: 20000 ns, At safepoint: 1400 ns, Total: 25900 ns
[254.193s][info ][gc,start       ] GC(41) Pause Young (Allocation Failure)
[254.201s][debug][gc,phases      ] GC(41) Scavenge 7.963ms
[254.201s][debug][gc,ref         ] GC(41) Skipped phase 1 of Reference Processing: no references
[254.201s][debug][gc,ref         ] GC(41) ReferenceProcessor::execute queues: 1, RefProcThreadModel::Single, marks_oops_alive: false
[254.201s][debug][gc,ref         ] GC(41) Skipped phase 3 of Reference Processing: no references
[254.201s][debug][gc,ref         ] GC(41) Skipped phase 4 of Reference Processing: no references
[254.201s][debug][gc,phases      ] GC(41) Reference Processing 0.094ms
[254.201s][debug][gc,phases      ] GC(41)   VM Weak                        Min:  0.0, Avg:  0.0, Max:  0.0, Diff:  0.0, Sum:  0.0, Workers: 4
[254.201s][debug][gc,phases      ] GC(41)     Dead                           Min: 0, Avg:  0.0, Max: 0, Diff: 0, Sum: 0, Workers: 4
[254.201s][debug][gc,phases      ] GC(41)     Total                          Min: 0, Avg: 232.8, Max: 867, Diff: 867, Sum: 931, Workers: 4
[254.201s][debug][gc,phases      ] GC(41)   ObjectSynchronizer Weak        Min:  0.0, Avg:  0.0, Max:  0.0, Diff:  0.0, Sum:  0.0, Workers: 4
[254.201s][debug][gc,phases      ] GC(41)     Dead                           Min: 0, Avg:  0.0, Max: 0, Diff: 0, Sum: 0, Workers: 4
[254.201s][debug][gc,phases      ] GC(41)     Total                          Min: 0, Avg:  1.5, Max: 6, Diff: 6, Sum: 6, Workers: 4
[254.201s][debug][gc,phases      ] GC(41)   JVMTI Tag Weak OopStorage      Min:  0.0, Avg:  0.0, Max:  0.0, Diff:  0.0, Sum:  0.0, Workers: 4
[254.201s][debug][gc,phases      ] GC(41)     Dead                           Min: 0, Avg:  0.0, Max: 0, Diff: 0, Sum: 0, Workers: 4
[254.201s][debug][gc,phases      ] GC(41)     Total                          Min: 0, Avg:  0.0, Max: 0, Diff: 0, Sum: 0, Workers: 4
[254.201s][debug][gc,phases      ] GC(41)   StringTable Weak               Min:  0.0, Avg:  0.1, Max:  0.1, Diff:  0.1, Sum:  0.4, Workers: 4
[254.201s][debug][gc,phases      ] GC(41)     Dead                           Min: 0, Avg:  0.0, Max: 0, Diff: 0, Sum: 0, Workers: 4
[254.201s][debug][gc,phases      ] GC(41)     Total                          Min: 0, Avg: 11037.2, Max: 17472, Diff: 17472, Sum: 44149, Workers: 4
[254.201s][debug][gc,phases      ] GC(41)   ResolvedMethodTable Weak       Min:  0.0, Avg:  0.0, Max:  0.0, Diff:  0.0, Sum:  0.1, Workers: 4
[254.201s][debug][gc,phases      ] GC(41)     Dead                           Min: 0, Avg:  0.0, Max: 0, Diff: 0, Sum: 0, Workers: 4
[254.201s][debug][gc,phases      ] GC(41)     Total                          Min: 0, Avg: 2741.2, Max: 4565, Diff: 4565, Sum: 10965, Workers: 4
[254.201s][debug][gc,phases      ] GC(41)   JNI Weak                       Min:  0.0, Avg:  0.0, Max:  0.0, Diff:  0.0, Sum:  0.0, Workers: 4
[254.201s][debug][gc,phases      ] GC(41)     Dead                           Min: 0, Avg:  0.0, Max: 0, Diff: 0, Sum: 0, Workers: 4
[254.201s][debug][gc,phases      ] GC(41)     Total                          Min: 0, Avg: 12.0, Max: 48, Diff: 48, Sum: 48, Workers: 4
[254.201s][debug][gc,phases      ] GC(41)   StringDedup Table Weak         Min:  0.0, Avg:  0.0, Max:  0.0, Diff:  0.0, Sum:  0.0, Workers: 4
[254.201s][debug][gc,phases      ] GC(41)     Dead                           Min: 0, Avg:  0.0, Max: 0, Diff: 0, Sum: 0, Workers: 4
[254.201s][debug][gc,phases      ] GC(41)     Total                          Min: 0, Avg:  0.0, Max: 0, Diff: 0, Sum: 0, Workers: 4
[254.201s][debug][gc,phases      ] GC(41)   StringDedup Requests0 Weak     Min:  0.0, Avg:  0.0, Max:  0.0, Diff:  0.0, Sum:  0.0, Workers: 4
[254.201s][debug][gc,phases      ] GC(41)     Dead                           Min: 0, Avg:  0.0, Max: 0, Diff: 0, Sum: 0, Workers: 4
[254.201s][debug][gc,phases      ] GC(41)     Total                          Min: 0, Avg:  0.0, Max: 0, Diff: 0, Sum: 0, Workers: 4
[254.201s][debug][gc,phases      ] GC(41)   StringDedup Requests1 Weak     Min:  0.0, Avg:  0.0, Max:  0.0, Diff:  0.0, Sum:  0.0, Workers: 4
[254.201s][debug][gc,phases      ] GC(41)     Dead                           Min: 0, Avg:  0.0, Max: 0, Diff: 0, Sum: 0, Workers: 4
[254.201s][debug][gc,phases      ] GC(41)     Total                          Min: 0, Avg:  0.0, Max: 0, Diff: 0, Sum: 0, Workers: 4
[254.201s][debug][gc,phases      ] GC(41)   Weak JFR Old Object Samples    Min:  0.0, Avg:  0.0, Max:  0.0, Diff:  0.0, Sum:  0.0, Workers: 4
[254.201s][debug][gc,phases      ] GC(41)     Dead                           Min: 0, Avg:  0.0, Max: 0, Diff: 0, Sum: 0, Workers: 4
[254.201s][debug][gc,phases      ] GC(41)     Total                          Min: 0, Avg:  0.0, Max: 0, Diff: 0, Sum: 0, Workers: 4
[254.201s][debug][gc,phases      ] GC(41) Weak Processing 0.356ms
[254.201s][debug][gc,age         ] GC(41) Desired survivor size 348127232 bytes, new threshold 15 (max threshold 15)
[254.201s][info ][gc,heap        ] GC(41) PSYoungGen: 1349172K(1708544K)->13808K(1757184K) Eden: 1335296K(1335296K)->0K(1400320K) From: 13876K(373248K)->13808K(356864K)
[254.201s][info ][gc,heap        ] GC(41) ParOldGen: 425139K(532992K)->425171K(532992K)
[254.201s][info ][gc,metaspace   ] GC(41) Metaspace: 87633K(88704K)->87633K(88704K) NonClass: 74842K(75392K)->74842K(75392K) Class: 12790K(13312K)->12790K(13312K)
[254.201s][info ][gc             ] GC(41) Pause Young (Allocation Failure) 1732M->428M(2236M) 8.508ms
[254.201s][info ][gc,cpu         ] GC(41) User=0.03s Sys=0.00s Real=0.01s
[254.201s][info ][safepoint      ] Safepoint "ParallelGCFailedAllocation", Time since last: 1367612 ns, Reaching safepoint: 1000 ns, Cleanup: 900 ns, At safepoint: 8569675 ns, Total: 8571575 ns
[255.201s][info ][safepoint      ] Safepoint "Cleanup", Time since last: 1000084279 ns, Reaching safepoint: 5500 ns, Cleanup: 7900 ns, At safepoint: 2100 ns, Total: 15500 ns
[257.201s][info ][safepoint      ] Safepoint "Cleanup", Time since last: 2000163458 ns, Reaching safepoint: 4900 ns, Cleanup: 27800 ns, At safepoint: 2000 ns, Total: 34700 ns
[258.202s][info ][safepoint      ] Safepoint "Cleanup", Time since last: 1000103779 ns, Reaching safepoint: 5000 ns, Cleanup: 8600 ns, At safepoint: 1600 ns, Total: 15200 ns
[259.202s][info ][safepoint      ] Safepoint "Cleanup", Time since last: 1000083779 ns, Reaching safepoint: 5300 ns, Cleanup: 21000 ns, At safepoint: 2000 ns, Total: 28300 ns
[260.202s][info ][safepoint      ] Safepoint "Cleanup", Time since last: 1000104456 ns, Reaching safepoint: 4500 ns, Cleanup: 15300 ns, At safepoint: 2100 ns, Total: 21900 ns
[261.202s][info ][safepoint      ] Safepoint "Cleanup", Time since last: 1000091792 ns, Reaching safepoint: 4800 ns, Cleanup: 10100 ns, At safepoint: 1900 ns, Total: 16800 ns
[262.202s][info ][safepoint      ] Safepoint "Cleanup", Time since last: 1000097092 ns, Reaching safepoint: 4601 ns, Cleanup: 13800 ns, At safepoint: 7400 ns, Total: 25801 ns
[264.158s][info ][safepoint      ] Safepoint "Cleanup", Time since last: 1955771674 ns, Reaching safepoint: 78400 ns, Cleanup: 43401 ns, At safepoint: 6100 ns, Total: 127901 ns
[265.158s][info ][safepoint      ] Safepoint "Cleanup", Time since last: 1000118717 ns, Reaching safepoint: 80700 ns, Cleanup: 10900 ns, At safepoint: 8100 ns, Total: 99700 ns
[265.409s][info ][gc,start       ] GC(42) Pause Young (Allocation Failure)
[265.417s][debug][gc,phases      ] GC(42) Scavenge 7.931ms
[265.417s][debug][gc,ref         ] GC(42) Skipped phase 1 of Reference Processing: no references
[265.417s][debug][gc,ref         ] GC(42) ReferenceProcessor::execute queues: 1, RefProcThreadModel::Single, marks_oops_alive: false
[265.417s][debug][gc,ref         ] GC(42) Skipped phase 3 of Reference Processing: no references
[265.417s][debug][gc,ref         ] GC(42) Skipped phase 4 of Reference Processing: no references
[265.417s][debug][gc,phases      ] GC(42) Reference Processing 0.138ms
[265.418s][debug][gc,phases      ] GC(42)   VM Weak                        Min:  0.0, Avg:  0.0, Max:  0.0, Diff:  0.0, Sum:  0.0, Workers: 4
[265.418s][debug][gc,phases      ] GC(42)     Dead                           Min: 0, Avg:  0.0, Max: 0, Diff: 0, Sum: 0, Workers: 4
[265.418s][debug][gc,phases      ] GC(42)     Total                          Min: 0, Avg: 232.8, Max: 931, Diff: 931, Sum: 931, Workers: 4
[265.418s][debug][gc,phases      ] GC(42)   ObjectSynchronizer Weak        Min:  0.0, Avg:  0.0, Max:  0.0, Diff:  0.0, Sum:  0.0, Workers: 4
[265.418s][debug][gc,phases      ] GC(42)     Dead                           Min: 0, Avg:  0.0, Max: 0, Diff: 0, Sum: 0, Workers: 4
[265.418s][debug][gc,phases      ] GC(42)     Total                          Min: 0, Avg:  1.5, Max: 6, Diff: 6, Sum: 6, Workers: 4
[265.418s][debug][gc,phases      ] GC(42)   JVMTI Tag Weak OopStorage      Min:  0.0, Avg:  0.0, Max:  0.0, Diff:  0.0, Sum:  0.0, Workers: 4
[265.418s][debug][gc,phases      ] GC(42)     Dead                           Min: 0, Avg:  0.0, Max: 0, Diff: 0, Sum: 0, Workers: 4
[265.418s][debug][gc,phases      ] GC(42)     Total                          Min: 0, Avg:  0.0, Max: 0, Diff: 0, Sum: 0, Workers: 4
[265.418s][debug][gc,phases      ] GC(42)   StringTable Weak               Min:  0.0, Avg:  0.1, Max:  0.2, Diff:  0.2, Sum:  0.4, Workers: 4
[265.418s][debug][gc,phases      ] GC(42)     Dead                           Min: 0, Avg:  0.0, Max: 0, Diff: 0, Sum: 0, Workers: 4
[265.418s][debug][gc,phases      ] GC(42)     Total                          Min: 0, Avg: 11039.0, Max: 26876, Diff: 26876, Sum: 44156, Workers: 4
[265.418s][debug][gc,phases      ] GC(42)   ResolvedMethodTable Weak       Min:  0.0, Avg:  0.0, Max:  0.1, Diff:  0.1, Sum:  0.1, Workers: 4
[265.418s][debug][gc,phases      ] GC(42)     Dead                           Min: 0, Avg:  0.0, Max: 0, Diff: 0, Sum: 0, Workers: 4
[265.418s][debug][gc,phases      ] GC(42)     Total                          Min: 0, Avg: 2741.2, Max: 6677, Diff: 6677, Sum: 10965, Workers: 4
[265.418s][debug][gc,phases      ] GC(42)   JNI Weak                       Min:  0.0, Avg:  0.0, Max:  0.0, Diff:  0.0, Sum:  0.0, Workers: 4
[265.418s][debug][gc,phases      ] GC(42)     Dead                           Min: 0, Avg:  0.0, Max: 0, Diff: 0, Sum: 0, Workers: 4
[265.418s][debug][gc,phases      ] GC(42)     Total                          Min: 0, Avg: 12.0, Max: 48, Diff: 48, Sum: 48, Workers: 4
[265.418s][debug][gc,phases      ] GC(42)   StringDedup Table Weak         Min:  0.0, Avg:  0.0, Max:  0.0, Diff:  0.0, Sum:  0.0, Workers: 4
[265.418s][debug][gc,phases      ] GC(42)     Dead                           Min: 0, Avg:  0.0, Max: 0, Diff: 0, Sum: 0, Workers: 4
[265.418s][debug][gc,phases      ] GC(42)     Total                          Min: 0, Avg:  0.0, Max: 0, Diff: 0, Sum: 0, Workers: 4
[265.418s][debug][gc,phases      ] GC(42)   StringDedup Requests0 Weak     Min:  0.0, Avg:  0.0, Max:  0.0, Diff:  0.0, Sum:  0.0, Workers: 4
[265.418s][debug][gc,phases      ] GC(42)     Dead                           Min: 0, Avg:  0.0, Max: 0, Diff: 0, Sum: 0, Workers: 4
[265.418s][debug][gc,phases      ] GC(42)     Total                          Min: 0, Avg:  0.0, Max: 0, Diff: 0, Sum: 0, Workers: 4
[265.418s][debug][gc,phases      ] GC(42)   StringDedup Requests1 Weak     Min:  0.0, Avg:  0.0, Max:  0.0, Diff:  0.0, Sum:  0.0, Workers: 4
[265.418s][debug][gc,phases      ] GC(42)     Dead                           Min: 0, Avg:  0.0, Max: 0, Diff: 0, Sum: 0, Workers: 4
[265.418s][debug][gc,phases      ] GC(42)     Total                          Min: 0, Avg:  0.0, Max: 0, Diff: 0, Sum: 0, Workers: 4
[265.418s][debug][gc,phases      ] GC(42)   Weak JFR Old Object Samples    Min:  0.0, Avg:  0.0, Max:  0.0, Diff:  0.0, Sum:  0.0, Workers: 4
[265.418s][debug][gc,phases      ] GC(42)     Dead                           Min: 0, Avg:  0.0, Max: 0, Diff: 0, Sum: 0, Workers: 4
[265.418s][debug][gc,phases      ] GC(42)     Total                          Min: 0, Avg:  0.0, Max: 0, Diff: 0, Sum: 0, Workers: 4
[265.418s][debug][gc,phases      ] GC(42) Weak Processing 0.451ms
[265.418s][debug][gc,age         ] GC(42) Desired survivor size 331350016 bytes, new threshold 15 (max threshold 15)
[265.418s][info ][gc,heap        ] GC(42) PSYoungGen: 1414128K(1757184K)->13936K(1740288K) Eden: 1400320K(1400320K)->0K(1400320K) From: 13808K(356864K)->13936K(339968K)
[265.418s][info ][gc,heap        ] GC(42) ParOldGen: 425171K(532992K)->425219K(532992K)
[265.418s][info ][gc,metaspace   ] GC(42) Metaspace: 87654K(88768K)->87654K(88768K) NonClass: 74864K(75456K)->74864K(75456K) Class: 12790K(13312K)->12790K(13312K)
[265.418s][info ][gc             ] GC(42) Pause Young (Allocation Failure) 1796M->428M(2220M) 8.627ms
[265.418s][info ][gc,cpu         ] GC(42) User=0.03s Sys=0.00s Real=0.02s
[265.418s][info ][safepoint      ] Safepoint "ParallelGCFailedAllocation", Time since last: 251127240 ns, Reaching safepoint: 5300 ns, Cleanup: 4100 ns, At safepoint: 8692481 ns, Total: 8701881 ns
[266.418s][info ][safepoint      ] Safepoint "Cleanup", Time since last: 1000093216 ns, Reaching safepoint: 76001 ns, Cleanup: 22900 ns, At safepoint: 6500 ns, Total: 105401 ns
[267.418s][info ][safepoint      ] Safepoint "Cleanup", Time since last: 1000132517 ns, Reaching safepoint: 78601 ns, Cleanup: 17900 ns, At safepoint: 5700 ns, Total: 102201 ns
[268.419s][info ][safepoint      ] Safepoint "Cleanup", Time since last: 1000126116 ns, Reaching safepoint: 82901 ns, Cleanup: 13500 ns, At safepoint: 10300 ns, Total: 106701 ns
[270.419s][info ][safepoint      ] Safepoint "Cleanup", Time since last: 2000204032 ns, Reaching safepoint: 7000 ns, Cleanup: 147202 ns, At safepoint: 10400 ns, Total: 164602 ns
[280.420s][info ][safepoint      ] Safepoint "Cleanup", Time since last: 10000731311 ns, Reaching safepoint: 6000 ns, Cleanup: 11900 ns, At safepoint: 2100 ns, Total: 20000 ns
[308.139s][info ][safepoint      ] Safepoint "Cleanup", Time since last: 27719604968 ns, Reaching safepoint: 5201 ns, Cleanup: 12600 ns, At safepoint: 2600 ns, Total: 20401 ns
[320.369s][info ][safepoint      ] Safepoint "Cleanup", Time since last: 12229318422 ns, Reaching safepoint: 75701 ns, Cleanup: 22200 ns, At safepoint: 16900 ns, Total: 114801 ns
[321.559s][info ][safepoint      ] Safepoint "Cleanup", Time since last: 1190272897 ns, Reaching safepoint: 5600 ns, Cleanup: 66601 ns, At safepoint: 17900 ns, Total: 90101 ns
[325.559s][info ][safepoint      ] Safepoint "Cleanup", Time since last: 4000232851 ns, Reaching safepoint: 4801 ns, Cleanup: 8700 ns, At safepoint: 2300 ns, Total: 15801 ns
[337.560s][info ][safepoint      ] Safepoint "Cleanup", Time since last: 12000727698 ns, Reaching safepoint: 7600 ns, Cleanup: 13100 ns, At safepoint: 2700 ns, Total: 23400 ns
[375.563s][info ][safepoint      ] Safepoint "Cleanup", Time since last: 38002559182 ns, Reaching safepoint: 6300 ns, Cleanup: 10400 ns, At safepoint: 2400 ns, Total: 19100 ns
[380.563s][info ][safepoint      ] Safepoint "Cleanup", Time since last: 5000397805 ns, Reaching safepoint: 3500 ns, Cleanup: 8401 ns, At safepoint: 2000 ns, Total: 13901 ns
[391.187s][info ][safepoint      ] Safepoint "JFRCheckpoint", Time since last: 10623966045 ns, Reaching safepoint: 237201 ns, Cleanup: 114701 ns, At safepoint: 34400 ns, Total: 386302 ns
[391.192s][info ][gc,heap,exit   ] Heap
[391.192s][info ][gc,heap,exit   ]  PSYoungGen      total 1740288K, used 1143938K [0x0000000780000000, 0x0000000800000000, 0x0000000800000000)
[391.192s][info ][gc,heap,exit   ]   eden space 1400320K, 80% used [0x0000000780000000,0x00000007c4f84968,0x00000007d5780000)
[391.192s][info ][gc,heap,exit   ]   from space 339968K, 4% used [0x00000007d5780000,0x00000007d651c1f8,0x00000007ea380000)
[391.192s][info ][gc,heap,exit   ]   to   space 323584K, 0% used [0x00000007ec400000,0x00000007ec400000,0x0000000800000000)
[391.192s][info ][gc,heap,exit   ]  ParOldGen       total 532992K, used 425219K [0x00000006c0000000, 0x00000006e0880000, 0x0000000780000000)
[391.192s][info ][gc,heap,exit   ]   object space 532992K, 79% used [0x00000006c0000000,0x00000006d9f40f20,0x00000006e0880000)
[391.192s][info ][gc,heap,exit   ]  Metaspace       used 88108K, committed 89216K, reserved 1179648K
[391.192s][info ][gc,heap,exit   ]   class space    used 12851K, committed 13376K, reserved 1048576K
